    Alloc    Copied     Live     GC     GC      TOT      TOT  Page Flts
    bytes     bytes     bytes   user   elap     user     elap
   739880    176256    226992  0.003  0.000    0.253    0.005    0    0  (Gen:  0)
   991048    174248    319624  0.200  0.020    0.454    0.026    0    0  (Gen:  1)
   772384     56848    337496  0.002  0.000    0.463    0.027    0    0  (Gen:  0)
   723424     20024    360488  0.001  0.000    0.466    0.027    0    0  (Gen:  0)
   815816     23528    391784  0.001  0.000    0.469    0.027    0    0  (Gen:  0)
   727552     16560    399304  0.001  0.000    0.472    0.028    0    0  (Gen:  0)
   729752     17176    420184  0.001  0.000    0.474    0.028    0    0  (Gen:  0)
   838744     26200    437416  0.001  0.000    0.477    0.029    0    0  (Gen:  0)
   801216     35448    479760  0.001  0.000    0.481    0.029    0    0  (Gen:  0)
   727288     17048    491304  0.001  0.000    0.483    0.030    0    0  (Gen:  0)
   729888     18056    516624  0.001  0.000    0.485    0.030    0    0  (Gen:  0)
   727824     16264    515120  0.001  0.000    0.488    0.030    0    0  (Gen:  0)
   732720     16768    535496  0.001  0.000    0.490    0.031    0    0  (Gen:  0)
   828208     29960    556216  0.212  0.021    0.704    0.052    0    0  (Gen:  0)
   882592     40768    579960  0.001  0.000    0.709    0.053    0    0  (Gen:  0)
   855512     49208    635152  0.002  0.000    0.713    0.053    0    0  (Gen:  0)
   730200     39904    645768  0.002  0.000    0.716    0.054    0    0  (Gen:  0)
   729752     17144    662536  0.001  0.000    0.719    0.054    0    0  (Gen:  0)
   728480     17392    683216  0.001  0.000    0.722    0.054    0    0  (Gen:  0)
   733312     16688    690504  0.001  0.000    0.724    0.055    0    0  (Gen:  0)
   727016     16952    715072  0.001  0.000    0.727    0.055    0    0  (Gen:  0)
   729592     17280    727560  0.001  0.000    0.729    0.055    0    0  (Gen:  0)
   729072     16536    735128  0.001  0.000    0.731    0.056    0    0  (Gen:  0)
   732560     17312    759984  0.001  0.000    0.733    0.056    0    0  (Gen:  0)
   728944     17104    771944  0.001  0.000    0.735    0.056    0    0  (Gen:  0)
   792984     28616    782928  0.001  0.000    0.737    0.056    0    0  (Gen:  0)
   886656     43944    811984  0.002  0.000    0.740    0.057    0    0  (Gen:  0)
   889368     54160    843296  0.002  0.000    0.743    0.057    0    0  (Gen:  0)
   890952     73848    889040  0.002  0.000    0.746    0.058    0    0  (Gen:  0)
   890408     58320    916336  0.002  0.000    0.749    0.058    0    0  (Gen:  0)
   807256     58160    973848  0.002  0.000    0.753    0.059    0    0  (Gen:  0)
   731368     17584    993520  0.001  0.000    0.756    0.059    0    0  (Gen:  0)
   729888     18040   1014904  0.001  0.000    0.759    0.059    0    0  (Gen:  0)
   727824     16264   1013400  0.001  0.000    0.762    0.060    0    0  (Gen:  0)
   728640     16792   1033776  0.001  0.000    0.765    0.060    0    0  (Gen:  0)
   734216    558064    797360  0.006  0.001    0.771    0.061    0    0  (Gen:  1)
   728096     15856    811728  0.001  0.000    0.774    0.061    0    0  (Gen:  0)
   726856     17144    831976  0.001  0.000    0.776    0.061    0    0  (Gen:  0)
   729016     16480    830864  0.001  0.000    0.778    0.062    0    0  (Gen:  0)
   732800     16712    855176  0.001  0.000    0.780    0.062    0    0  (Gen:  0)
   727864     18376    889352  0.001  0.000    0.782    0.062    0    0  (Gen:  0)
   729232     17168    896584  0.001  0.000    0.784    0.062    0    0  (Gen:  0)
   731976     17712    909464  0.001  0.000    0.809    0.065    0    0  (Gen:  0)
   734896     17120    925288  0.001  0.000    0.811    0.065    0    0  (Gen:  0)
   729912     16280    932248  0.001  0.000    0.813    0.065    0    0  (Gen:  0)
   731096     17832    961720  0.001  0.000    0.817    0.066    0    0  (Gen:  0)
   731200     17144    973464  0.001  0.000    0.819    0.066    0    0  (Gen:  0)
   735304     16736    985224  0.001  0.000    0.821    0.066    0    0  (Gen:  0)
   731040     16792    997160  0.001  0.000    0.823    0.067    0    0  (Gen:  0)
   730440     16064   1004224  0.001  0.000    0.825    0.067    0    0  (Gen:  0)
   891656     44168   1047312  0.002  0.000    0.828    0.067    0    0  (Gen:  0)
   898640     64448   1084112  0.002  0.000    0.831    0.068    0    0  (Gen:  0)
   892152     86960   1138280  0.002  0.000    0.834    0.068    0    0  (Gen:  0)
   893744     75032   1193472  0.002  0.000    0.837    0.069    0    0  (Gen:  0)
   896032     70848   1238808  0.002  0.000    0.841    0.069    0    0  (Gen:  0)
   900152     71408   1285928  0.002  0.000    0.844    0.070    0    0  (Gen:  0)
   895216     89664   1340456  0.002  0.000    0.849    0.070    0    0  (Gen:  0)
   901072     85432   1391184  0.003  0.000    0.853    0.071    0    0  (Gen:  0)
   904360     68520   1432064  0.002  0.000    0.874    0.073    0    0  (Gen:  0)
   860344     74720   1505272  0.003  0.000    0.879    0.074    0    0  (Gen:  0)
   730520     47528   1512272  0.002  0.000    0.882    0.074    0    0  (Gen:  0)
   731200    863688   1164272  0.009  0.001    0.891    0.075    0    0  (Gen:  1)
   731040     16896   1176312  0.001  0.000    0.893    0.075    0    0  (Gen:  0)
   735224     16568   1187824  0.001  0.000    0.895    0.075    0    0  (Gen:  0)
   732632     18280   1209448  0.001  0.000    0.897    0.076    0    0  (Gen:  0)
   730816     17472   1225240  0.001  0.000    0.899    0.076    0    0  (Gen:  0)
   729912     16352   1232120  0.001  0.000    0.902    0.076    0    0  (Gen:  0)
   735120     17336   1252816  0.001  0.000    0.904    0.076    0    0  (Gen:  0)
   731280     16880   1268480  0.001  0.000    0.906    0.077    0    0  (Gen:  0)
   731016     18192   1289888  0.001  0.000    0.908    0.077    0    0  (Gen:  0)
   731200     17520   1305648  0.001  0.000    0.910    0.077    0    0  (Gen:  0)
   736400     16304   1304608  0.001  0.000    0.913    0.077    0    0  (Gen:  0)
   729864     16872   1329312  0.001  0.000    0.915    0.078    0    0  (Gen:  0)
   731120     17032   1349736  0.001  0.000    0.917    0.078    0    0  (Gen:  0)
   735120     17720   1370464  0.001  0.000    0.919    0.078    0    0  (Gen:  0)
   731280     17208   1386128  0.001  0.000    0.922    0.079    0    0  (Gen:  0)
   731200     17144   1398296  0.001  0.000    0.924    0.079    0    0  (Gen:  0)
   731592     16736   1405720  0.001  0.000    0.926    0.079    0    0  (Gen:  0)
   733968     16528   1429928  0.001  0.000    0.928    0.079    0    0  (Gen:  0)
   731144     19128   1473008  0.001  0.000    0.930    0.080    0    0  (Gen:  0)
   731856     17048   1467496  0.001  0.000    0.933    0.080    0    0  (Gen:  0)
   731016     17480   1492648  0.001  0.000    0.935    0.080    0    0  (Gen:  0)
   736320     16208   1491280  0.001  0.000    0.937    0.080    0    0  (Gen:  0)
   728792     16344   1515464  0.001  0.000    0.939    0.081    0    0  (Gen:  0)
   732328     18136   1545264  0.001  0.000    0.942    0.081    0    0  (Gen:  0)
   729832     16720   1548272  0.001  0.000    0.944    0.081    0    0  (Gen:  0)
   736512     17432   1568960  0.001  0.000    0.946    0.081    0    0  (Gen:  0)
   730048     16504   1580296  0.001  0.000    0.948    0.082    0    0  (Gen:  0)
   731592     16352   1587752  0.001  0.000    0.951    0.082    0    0  (Gen:  0)
   730728     17432   1617040  0.002  0.000    0.956    0.083    0    0  (Gen:  0)
   736112     17544   1633672  0.002  0.000    0.960    0.083    0    0  (Gen:  0)
   731120     17336   1650112  0.002  0.000    0.963    0.083    0    0  (Gen:  0)
   729888     16832   1661624  0.002  0.000    0.967    0.084    0    0  (Gen:  0)
   733560     18776   1687528  0.002  0.000    0.971    0.084    0    0  (Gen:  0)
   732760     16752   1698144  0.002  0.000    0.974    0.085    0    0  (Gen:  0)
   732984     17024   1706224  0.002  0.000    0.978    0.085    0    0  (Gen:  0)
   731504     17288   1726776  0.002  0.000    0.981    0.086    0    0  (Gen:  0)
   730736     16976   1738520  0.002  0.000    0.985    0.086    0    0  (Gen:  0)
   761024     24584   1753792  0.002  0.000    0.989    0.086    0    0  (Gen:  0)
   898200     56096   1800448  0.002  0.000    0.992    0.087    0    0  (Gen:  0)
   899312     91672   1852304  0.003  0.000    0.997    0.088    0    0  (Gen:  0)
   899640     89880   1904320  0.002  0.000    1.001    0.088    0    0  (Gen:  0)
   903408     73016   1948560  0.002  0.000    1.006    0.089    0    0  (Gen:  0)
   901232     89640   1997320  0.002  0.000    1.010    0.089    0    0  (Gen:  0)
   904472     76680   2043672  0.002  0.000    1.014    0.090    0    0  (Gen:  0)
   899792    106000   2108208  0.002  0.000    1.019    0.091    0    0  (Gen:  0)
   904936     76864   2168512  0.002  0.000    1.023    0.091    0    0  (Gen:  0)
   901976     76896   2208928  0.002  0.000    1.028    0.092    0    0  (Gen:  0)
   901296     95520   2260808  0.002  0.000    1.032    0.093    0    0  (Gen:  0)
   907104   1401416   1730096  0.010  0.001    1.044    0.094    0    0  (Gen:  1)
   900048    106120   1792928  0.002  0.000    1.049    0.095    0    0  (Gen:  0)
   902856     81120   1848960  0.002  0.000    1.053    0.095    0    0  (Gen:  0)
   900992     85424   1892128  0.002  0.000    1.057    0.096    0    0  (Gen:  0)
   909032     98424   1949392  0.002  0.000    1.061    0.096    0    0  (Gen:  0)
   906744     87424   1995040  0.002  0.000    1.065    0.097    0    0  (Gen:  0)
   903256    102368   2052384  0.002  0.000    1.068    0.097    0    0  (Gen:  0)
   902288     73976   2120664  0.002  0.000    1.072    0.098    0    0  (Gen:  0)
   907880    102080   2182840  0.002  0.000    1.076    0.098    0    0  (Gen:  0)
   794904     75400   2253464  0.002  0.000    1.079    0.099    0    0  (Gen:  0)
   731280     28472   2265080  0.001  0.000    1.082    0.099    0    0  (Gen:  0)
   731200     17072   2281360  0.001  0.000    1.084    0.100    0    0  (Gen:  0)
   731592     16616   2288816  0.001  0.000    1.087    0.100    0    0  (Gen:  0)
   736352     17216   2309696  0.002  0.000    1.089    0.100    0    0  (Gen:  0)
   729336     17560   2338640  0.001  0.000    1.091    0.100    0    0  (Gen:  0)
   731752     16952   2341888  0.001  0.000    1.093    0.101    0    0  (Gen:  0)
   735120     17168   2362528  0.001  0.000    1.094    0.101    0    0  (Gen:  0)
   730568     17272   2383112  0.001  0.000    1.095    0.101    0    0  (Gen:  0)
   730704     15720   2381576  0.001  0.000    1.096    0.101    0    0  (Gen:  0)
   733320     18504   2412168  0.001  0.000    1.097    0.101    0    0  (Gen:  0)
   735504     17616   2428248  0.001  0.000    1.098    0.101    0    0  (Gen:  0)
   730736     17432   2444624  0.001  0.000    1.099    0.102    0    0  (Gen:  0)
   730048     16760   2456008  0.001  0.000    1.100    0.102    0    0  (Gen:  0)
   729832     16136   2463032  0.001  0.000    1.102    0.102    0    0  (Gen:  0)
   736488     17936   2496784  0.001  0.000    1.103    0.102    0    0  (Gen:  0)
   731224     16552   2499896  0.001  0.000    1.104    0.102    0    0  (Gen:  0)
   730960     17096   2516496  0.001  0.000    1.105    0.102    0    0  (Gen:  0)
   730208     16168   2527624  0.001  0.000    1.106    0.103    0    0  (Gen:  0)
   736744     19568   2571424  0.001  0.000    1.108    0.103    0    0  (Gen:  0)
   730464     17112   2569920  0.001  0.000    1.109    0.103    0    0  (Gen:  0)
   731200     16816   2590280  0.001  0.000    1.110    0.103    0    0  (Gen:  0)
   732576     17768   2607272  0.001  0.000    1.111    0.103    0    0  (Gen:  0)
   733664     16840   2626816  0.001  0.000    1.113    0.103    0    0  (Gen:  0)
   730568     17984   2647816  0.001  0.000    1.114    0.104    0    0  (Gen:  0)
   731616     16888   2646608  0.001  0.000    1.115    0.104    0    0  (Gen:  0)
   731280     16704   2666840  0.001  0.000    1.116    0.104    0    0  (Gen:  0)
   735280     16920   2687232  0.001  0.000    1.118    0.104    0    0  (Gen:  0)
   729808     16472   2702920  0.001  0.000    1.133    0.106    0    0  (Gen:  0)
   733784     18912   2725176  0.001  0.000    1.134    0.106    0    0  (Gen:  0)
   730816     17728   2740904  0.001  0.000    1.136    0.106    0    0  (Gen:  0)
   733992     16280   2751944  0.001  0.000    1.137    0.106    0    0  (Gen:  0)
   731040     17304   2768592  0.001  0.000    1.138    0.106    0    0  (Gen:  0)
   731280     16840   2784320  0.001  0.000    1.139    0.106    0    0  (Gen:  0)
   731200     17288   2796728  0.001  0.000    1.140    0.107    0    0  (Gen:  0)
   735040     17192   2816888  0.001  0.000    1.142    0.107    0    0  (Gen:  0)
   732296     16752   2820464  0.001  0.000    1.143    0.107    0    0  (Gen:  0)
   728792     16616   2844648  0.001  0.000    1.144    0.107    0    0  (Gen:  0)
   733208     17152   2857064  0.001  0.000    1.145    0.107    0    0  (Gen:  0)
   735472     19208   2895728  0.001  0.000    1.147    0.107    0    0  (Gen:  0)
   731424     18400   2907664  0.001  0.000    1.149    0.108    0    0  (Gen:  0)
   729112     17200   2931952  0.001  0.000    1.151    0.108    0    0  (Gen:  0)
   731672     16760   2939520  0.001  0.000    1.153    0.108    0    0  (Gen:  0)
   735064     16776   2951472  0.001  0.000    1.155    0.108    0    0  (Gen:  0)
   730624     18152   2989232  0.001  0.000    1.156    0.109    0    0  (Gen:  0)
   731856     16608   2983688  0.001  0.000    1.158    0.109    0    0  (Gen:  0)
   731016     17464   3008824  0.001  0.000    1.159    0.109    0    0  (Gen:  0)
   736320     16184   3007456  0.001  0.000    1.160    0.109    0    0  (Gen:  0)
   728792     16328   3031672  0.001  0.000    1.161    0.109    0    0  (Gen:  0)
   733480     18784   3062088  0.001  0.000    1.163    0.109    0    0  (Gen:  0)
   729832     17048   3065016  0.001  0.000    1.164    0.110    0    0  (Gen:  0)
   735336     17512   3093944  0.001  0.000    1.165    0.110    0    0  (Gen:  0)
   731224     16560   3097056  0.001  0.000    1.166    0.110    0    0  (Gen:  0)
   731592     16392   3104544  0.001  0.000    1.167    0.110    0    0  (Gen:  0)
   733656     16888   3137312  0.001  0.000    1.169    0.110    0    0  (Gen:  0)
   732032     17352   3149832  0.001  0.000    1.170    0.110    0    0  (Gen:  0)
   731120     17336   3166240  0.001  0.000    1.171    0.111    0    0  (Gen:  0)
   729968     16720   3177656  0.001  0.000    1.172    0.111    0    0  (Gen:  0)
   737688   2119504   2509736  0.009  0.001    1.182    0.112    0    0  (Gen:  1)
   729840     16344   2541536  0.001  0.000    1.183    0.112    0    0  (Gen:  0)
   731120     16904   2557736  0.001  0.000    1.185    0.112    0    0  (Gen:  0)
   730984     17128   2565704  0.001  0.000    1.186    0.112    0    0  (Gen:  0)
   735360     16840   2585544  0.001  0.000    1.187    0.112    0    0  (Gen:  0)
   731096     17880   2606712  0.001  0.000    1.188    0.112    0    0  (Gen:  0)
   729992     16456   2613512  0.001  0.000    1.189    0.113    0    0  (Gen:  0)
   733208     16816   2625896  0.001  0.000    1.195    0.113    0    0  (Gen:  0)
   734184     17352   2654944  0.001  0.000    1.196    0.113    0    0  (Gen:  0)
   729968     16728   2670440  0.001  0.000    1.198    0.114    0    0  (Gen:  0)
   732248     18536   2692176  0.001  0.000    1.199    0.114    0    0  (Gen:  0)
   732352     18000   2708544  0.001  0.000    1.200    0.114    0    0  (Gen:  0)
   732760     16160   2719288  0.001  0.000    1.201    0.114    0    0  (Gen:  0)
   731280     17056   2735648  0.001  0.000    1.202    0.114    0    0  (Gen:  0)
   733208     16960   2743528  0.001  0.000    1.204    0.114    0    0  (Gen:  0)
   730104     17776   2764592  0.001  0.000    1.205    0.115    0    0  (Gen:  0)
   735200     17448   2784528  0.001  0.000    1.207    0.115    0    0  (Gen:  0)
   730520     16304   2791496  0.001  0.000    1.209    0.115    0    0  (Gen:  0)
   730568     17392   2816544  0.001  0.000    1.211    0.115    0    0  (Gen:  0)
   732824     17224   2824448  0.001  0.000    1.213    0.116    0    0  (Gen:  0)
   821736     39272   2850280  0.002  0.000    1.216    0.116    0    0  (Gen:  0)
   903608     73872   2898456  0.002  0.000    1.219    0.116    0    0  (Gen:  0)
   907432    112000   2965608  0.002  0.000    1.223    0.117    0    0  (Gen:  0)
   903080     58712   3019176  0.002  0.000    1.226    0.117    0    0  (Gen:  0)
   909728    101640   3080048  0.002  0.000    1.230    0.118    0    0  (Gen:  0)
   907240     99560   3138528  0.002  0.000    1.234    0.119    0    0  (Gen:  0)
   906200     80192   3185232  0.002  0.000    1.238    0.119    0    0  (Gen:  0)
   908336     97432   3236640  0.002  0.000    1.242    0.120    0    0  (Gen:  0)
   909792     87912   3293488  0.002  0.000    1.246    0.120    0    0  (Gen:  0)
   907112    108816   3355912  0.002  0.000    1.250    0.121    0    0  (Gen:  0)
   909048    107024   3417256  0.002  0.000    1.253    0.121    0    0  (Gen:  0)
   908040     87480   3462472  0.002  0.000    1.257    0.122    0    0  (Gen:  0)
   912408    115880   3536776  0.003  0.000    1.265    0.123    0    0  (Gen:  0)
   906008     82840   3605496  0.002  0.000    1.268    0.123    0    0  (Gen:  0)
   907008     93192   3661768  0.002  0.000    1.272    0.124    0    0  (Gen:  0)
   912752    108992   3727464  0.002  0.000    1.276    0.124    0    0  (Gen:  0)
   909560     93104   3776984  0.002  0.000    1.281    0.125    0    0  (Gen:  0)
   908120    106472   3834448  0.002  0.000    1.284    0.125    0    0  (Gen:  0)
   908568     85704   3886304  0.002  0.000    1.288    0.126    0    0  (Gen:  0)
   909856     96520   3937376  0.002  0.000    1.292    0.126    0    0  (Gen:  0)
   912064    115856   4005192  0.002  0.000    1.296    0.127    0    0  (Gen:  0)
   906992     98440   4052216  0.003  0.000    1.300    0.127    0    0  (Gen:  0)
   909856    119592   4124336  0.003  0.000    1.304    0.128    0    0  (Gen:  0)
   915672     96600   4200560  0.002  0.000    1.308    0.129    0    0  (Gen:  0)
   911936     87928   4259384  0.002  0.000    1.312    0.129    0    0  (Gen:  0)
   910304     97864   4317512  0.002  0.000    1.316    0.130    0    0  (Gen:  0)
   911192    119480   4387840  0.003  0.000    1.321    0.130    0    0  (Gen:  0)
   916008    115840   4464584  0.002  0.000    1.325    0.131    0    0  (Gen:  0)
   908992     95120   4514584  0.002  0.000    1.329    0.131    0    0  (Gen:  0)
   915080    111400   4573736  0.002  0.000    1.333    0.132    0    0  (Gen:  0)
   909432     92424   4630520  0.002  0.000    1.337    0.133    0    0  (Gen:  0)
   914704    117392   4702056  0.002  0.000    1.341    0.133    0    0  (Gen:  0)
   911656    113432   4764744  0.002  0.000    1.346    0.134    0    0  (Gen:  0)
   909440     92552   4815624  0.003  0.000    1.350    0.134    0    0  (Gen:  0)
   912640    110032   4873760  0.002  0.000    1.354    0.135    0    0  (Gen:  0)
   915560     97984   4934144  0.002  0.000    1.358    0.135    0    0  (Gen:  0)
   909616    123040   5005680  0.002  0.000    1.361    0.136    0    0  (Gen:  0)
   911208   2857272   3422408  0.015  0.001    1.378    0.137    0    0  (Gen:  1)
   911448    104000   3475048  0.003  0.000    1.382    0.138    0    0  (Gen:  0)
   836136    109320   3582856  0.002  0.000    1.385    0.138    0    0  (Gen:  0)
   731120     27912   3594896  0.001  0.000    1.388    0.139    0    0  (Gen:  0)
   731616     16384   3593752  0.001  0.000    1.390    0.139    0    0  (Gen:  0)
   730568     17464   3622880  0.001  0.000    1.391    0.139    0    0  (Gen:  0)
   733968     16800   3638560  0.001  0.000    1.394    0.139    0    0  (Gen:  0)
   731280     17384   3654952  0.001  0.000    1.395    0.140    0    0  (Gen:  0)
   733208     17224   3658752  0.001  0.000    1.397    0.140    0    0  (Gen:  0)
   730184     17416   3683624  0.001  0.000    1.398    0.140    0    0  (Gen:  0)
   735752     16920   3695064  0.001  0.000    1.400    0.140    0    0  (Gen:  0)
   729888     16768   3711080  0.001  0.000    1.401    0.140    0    0  (Gen:  0)
   731776     18784   3749440  0.001  0.000    1.402    0.141    0    0  (Gen:  0)
   729832     17240   3752416  0.001  0.000    1.404    0.141    0    0  (Gen:  0)
   735360     17232   3772648  0.001  0.000    1.405    0.141    0    0  (Gen:  0)
   732016     15720   3766880  0.001  0.000    1.407    0.141    0    0  (Gen:  0)
   730776     16696   3791848  0.001  0.000    1.408    0.141    0    0  (Gen:  0)
   732576     17944   3813112  0.001  0.000    1.409    0.142    0    0  (Gen:  0)
   733664     16896   3828544  0.001  0.000    1.411    0.142    0    0  (Gen:  0)
   730568     17560   3853480  0.001  0.000    1.412    0.142    0    0  (Gen:  0)
   732824     17488   3857216  0.001  0.000    1.413    0.142    0    0  (Gen:  0)
   729992     16304   3864080  0.001  0.000    1.415    0.142    0    0  (Gen:  0)
   734624     18552   3902400  0.001  0.000    1.416    0.142    0    0  (Gen:  0)
   732272     18168   3918760  0.001  0.000    1.417    0.143    0    0  (Gen:  0)
   729888     17232   3930760  0.001  0.000    1.418    0.143    0    0  (Gen:  0)
   732984     17176   3938384  0.001  0.000    1.420    0.143    0    0  (Gen:  0)
   733400     15536   3944848  0.001  0.000    1.421    0.143    0    0  (Gen:  0)
   732920     17728   3970824  0.001  0.000    1.422    0.143    0    0  (Gen:  0)
   731120     17176   3986776  0.001  0.000    1.423    0.143    0    0  (Gen:  0)
   729888     17080   3998776  0.001  0.000    1.425    0.144    0    0  (Gen:  0)
   735280     16968   4018680  0.001  0.000    1.426    0.144    0    0  (Gen:  0)
   731640     18568   4040408  0.001  0.000    1.427    0.144    0    0  (Gen:  0)
   730600     17000   4047216  0.001  0.000    1.428    0.144    0    0  (Gen:  0)
   731304     16104   4058816  0.001  0.000    1.430    0.144    0    0  (Gen:  0)
   736168     17728   4088584  0.001  0.000    1.431    0.144    0    0  (Gen:  0)
   729968     16784   4104112  0.001  0.000    1.432    0.145    0    0  (Gen:  0)
   732192     18112   4117104  0.001  0.000    1.433    0.145    0    0  (Gen:  0)
   731504     17640   4133120  0.001  0.000    1.435    0.145    0    0  (Gen:  0)
   733608     16336   4144096  0.001  0.000    1.436    0.145    0    0  (Gen:  0)
   731280     17096   4160456  0.001  0.000    1.438    0.145    0    0  (Gen:  0)
   729808     16600   4172064  0.001  0.000    1.439    0.145    0    0  (Gen:  0)
   732984     19880   4215656  0.001  0.000    1.440    0.146    0    0  (Gen:  0)
   735144     18088   4222976  0.001  0.000    1.442    0.146    0    0  (Gen:  0)
   730600     16168   4229880  0.001  0.000    1.443    0.146    0    0  (Gen:  0)
   731040     17064   4250608  0.001  0.000    1.444    0.146    0    0  (Gen:  0)
   736432     17168   4266912  0.001  0.000    1.446    0.146    0    0  (Gen:  0)
   731424     17760   4283656  0.001  0.000    1.447    0.147    0    0  (Gen:  0)
   730736     17368   4295400  0.001  0.000    1.448    0.147    0    0  (Gen:  0)
   731584     17472   4311776  0.001  0.000    1.450    0.147    0    0  (Gen:  0)
   733584     16776   4331352  0.001  0.000    1.451    0.147    0    0  (Gen:  0)
   731224     16552   4338968  0.001  0.000    1.452    0.147    0    0  (Gen:  0)
   731016     17992   4368568  0.001  0.000    1.454    0.147    0    0  (Gen:  0)
   732352     17760   4380768  0.001  0.000    1.455    0.148    0    0  (Gen:  0)
   735504     17560   4401416  0.001  0.000    1.456    0.148    0    0  (Gen:  0)
   729608     16296   4408184  0.001  0.000    1.458    0.148    0    0  (Gen:  0)
   731176     17168   4433096  0.001  0.000    1.459    0.148    0    0  (Gen:  0)
   732192     18088   4454312  0.001  0.000    1.460    0.148    0    0  (Gen:  0)
   734152     16528   4461112  0.001  0.000    1.462    0.148    0    0  (Gen:  0)
   731280     16760   4477328  0.001  0.000    1.463    0.149    0    0  (Gen:  0)
   730936     17256   4502104  0.001  0.000    1.465    0.149    0    0  (Gen:  0)
   729832     16336   4509160  0.001  0.000    1.466    0.149    0    0  (Gen:  0)
   735856     18968   4547872  0.001  0.000    1.468    0.149    0    0  (Gen:  0)
   732016     16696   4546232  0.001  0.000    1.469    0.149    0    0  (Gen:  0)
   732008     17656   4567872  0.001  0.000    1.471    0.150    0    0  (Gen:  0)
   731120     17200   4583880  0.001  0.000    1.472    0.150    0    0  (Gen:  0)
   732840     15864   4594464  0.001  0.000    1.473    0.150    0    0  (Gen:  0)
   733480     18376   4620576  0.001  0.000    1.475    0.150    0    0  (Gen:  0)
   729888     17088   4636200  0.001  0.000    1.476    0.150    0    0  (Gen:  0)
   731224     16880   4639768  0.001  0.000    1.477    0.151    0    0  (Gen:  0)
   734208     16144   4659152  0.001  0.000    1.479    0.151    0    0  (Gen:  0)
   732608     19056   4690160  0.001  0.000    1.480    0.151    0    0  (Gen:  0)
   730704     16640   4688208  0.001  0.000    1.481    0.151    0    0  (Gen:  0)
   730960     16768   4708856  0.001  0.000    1.483    0.151    0    0  (Gen:  0)
   736408     17992   4738352  0.001  0.000    1.484    0.151    0    0  (Gen:  0)
   729832     16736   4745408  0.001  0.000    1.486    0.152    0    0  (Gen:  0)
   731256     17896   4766384  0.001  0.000    1.487    0.152    0    0  (Gen:  0)
   729832     16664   4773440  0.001  0.000    1.489    0.152    0    0  (Gen:  0)
   735360     16664   4797752  0.001  0.000    1.491    0.152    0    0  (Gen:  0)
   731200     16880   4814064  0.001  0.000    1.493    0.153    0    0  (Gen:  0)
   732744     16912   4817896  0.001  0.000    1.496    0.153    0    0  (Gen:  0)
   730760     19736   4861440  0.001  0.000    1.498    0.153    0    0  (Gen:  0)
   735336     18632   4885952  0.001  0.000    1.500    0.153    0    0  (Gen:  0)
   730464     16128   4884416  0.001  0.000    1.503    0.154    0    0  (Gen:  0)
   732352     17448   4905376  0.001  0.000    1.505    0.154    0    0  (Gen:  0)
   731424     17152   4917376  0.001  0.000    1.507    0.154    0    0  (Gen:  0)
   733112     17544   4946112  0.001  0.000    1.509    0.154    0    0  (Gen:  0)
   731120     17392   4957920  0.001  0.000    1.512    0.155    0    0  (Gen:  0)
   731616     16328   4956744  0.001  0.000    1.514    0.155    0    0  (Gen:  0)
   731256     17368   4985832  0.001  0.000    1.516    0.155    0    0  (Gen:  0)
   735304     16344   4993080  0.001  0.000    1.518    0.156    0    0  (Gen:  0)
   732168     18272   5018992  0.001  0.000    1.521    0.156    0    0  (Gen:  0)
   731424     17680   5030992  0.001  0.000    1.523    0.156    0    0  (Gen:  0)
   729112     17208   5055344  0.001  0.000    1.525    0.156    0    0  (Gen:  0)
   735752     16848   5066816  0.001  0.000    1.527    0.157    0    0  (Gen:  0)
   730984     16784   5074704  0.001  0.000    1.529    0.157    0    0  (Gen:  0)
   730624     18104   5112448  0.001  0.000    1.532    0.157    0    0  (Gen:  0)
   735936     16560   5111016  0.001  0.000    1.534    0.157    0    0  (Gen:  0)
   731016     17464   5132072  0.001  0.000    1.536    0.158    0    0  (Gen:  0)
   732240     16200   5130704  0.001  0.000    1.539    0.158    0    0  (Gen:  0)
   728872     16216   5154824  0.001  0.000    1.541    0.158    0    0  (Gen:  0)
   735616     18968   5193808  0.001  0.000    1.543    0.158    0    0  (Gen:  0)
   731832     17352   5201024  0.001  0.000    1.545    0.159    0    0  (Gen:  0)
   732576     17736   5213904  0.001  0.000    1.548    0.159    0    0  (Gen:  0)
   730816     17168   5229696  0.001  0.000    1.550    0.159    0    0  (Gen:  0)
   733992     16288   5240736  0.001  0.000    1.552    0.160    0    0  (Gen:  0)
   731096     17888   5266112  0.001  0.000    1.554    0.160    0    0  (Gen:  0)
   731200     17240   5281936  0.001  0.000    1.556    0.160    0    0  (Gen:  0)
   731224     16752   5285504  0.001  0.000    1.559    0.160    0    0  (Gen:  0)
   735040     16904   5305696  0.001  0.000    1.561    0.161    0    0  (Gen:  0)
   732456     16912   5309432  0.001  0.000    1.563    0.161    0    0  (Gen:  0)
   729840     17608   5342800  0.001  0.000    1.565    0.161    0    0  (Gen:  0)
   731120     16960   5358960  0.001  0.000    1.568    0.161    0    0  (Gen:  0)
   735064     17136   5370976  0.001  0.000    1.570    0.162    0    0  (Gen:  0)
   731280     16840   5386704  0.001  0.000    1.572    0.162    0    0  (Gen:  0)
   731096     17864   5407872  0.001  0.000    1.574    0.162    0    0  (Gen:  0)
   729992     16464   5414704  0.001  0.000    1.577    0.163    0    0  (Gen:  0)
   737288     16800   5431168  0.001  0.000    1.579    0.163    0    0  (Gen:  0)
   730104     17352   5456136  0.001  0.000    1.581    0.163    0    0  (Gen:  0)
   732056     16912   5459512  0.001  0.000    1.583    0.163    0    0  (Gen:  0)
   729464     18976   5502120  0.001  0.000    1.586    0.164    0    0  (Gen:  0)
   736096     16976   5500400  0.001  0.000    1.588    0.164    0    0  (Gen:  0)
   730776     16672   5525368  0.001  0.000    1.590    0.164    0    0  (Gen:  0)
   732272     17592   5546344  0.001  0.000    1.592    0.164    0    0  (Gen:  0)
   729832     16520   5549320  0.001  0.000    1.595    0.165    0    0  (Gen:  0)
   734704     18096   5587048  0.001  0.000    1.597    0.165    0    0  (Gen:  0)
   731752     17168   5590264  0.001  0.000    1.599    0.165    0    0  (Gen:  0)
   729992     15912   5597096  0.001  0.000    1.601    0.165    0    0  (Gen:  0)
   731280     16592   5617504  0.001  0.000    1.604    0.166    0    0  (Gen:  0)
   736112     17064   5634136  0.001  0.000    1.606    0.166    0    0  (Gen:  0)
   732328     18512   5659888  0.001  0.000    1.608    0.166    0    0  (Gen:  0)
   729888     17416   5671400  0.001  0.000    1.610    0.167    0    0  (Gen:  0)
   732656     17960   5688296  0.001  0.000    1.613    0.167    0    0  (Gen:  0)
   733608     16624   5699240  0.001  0.000    1.615    0.167    0    0  (Gen:  0)
   730128     16472   5715000  0.001  0.000    1.617    0.167    0    0  (Gen:  0)
   731360     16872   5735392  0.001  0.000    1.619    0.168    0    0  (Gen:  0)
   731952     17352   5747976  0.001  0.000    1.621    0.168    0    0  (Gen:  0)
   735256     17704   5772952  0.001  0.000    1.624    0.168    0    0  (Gen:  0)
   731616     16672   5771776  0.001  0.000    1.626    0.168    0    0  (Gen:  0)
   731504     17040   5792264  0.001  0.000    1.628    0.169    0    0  (Gen:  0)
   731168     18864   5826640  0.001  0.000    1.631    0.169    0    0  (Gen:  0)
   734048     17456   5846296  0.001  0.000    1.633    0.169    0    0  (Gen:  0)
   731040     17472   5858688  0.001  0.000    1.635    0.169    0    0  (Gen:  0)
   732352     17624   5874968  0.001  0.000    1.637    0.170    0    0  (Gen:  0)
   732760     16176   5885680  0.001  0.000    1.640    0.170    0    0  (Gen:  0)
   732432     17680   5902640  0.001  0.000    1.642    0.170    0    0  (Gen:  0)
   732136     16720   5910000  0.001  0.000    1.644    0.171    0    0  (Gen:  0)
   730024     17304   5930952  0.001  0.000    1.646    0.171    0    0  (Gen:  0)
   734208     16496   5950336  0.001  0.000    1.649    0.171    0    0  (Gen:  0)
   731592     16336   5957824  0.001  0.000    1.651    0.171    0    0  (Gen:  0)
   730504     17408   5982984  0.001  0.000    1.653    0.172    0    0  (Gen:  0)
   732032     17632   5999584  0.001  0.000    1.655    0.172    0    0  (Gen:  0)
   735200     17336   6015992  0.001  0.000    1.658    0.172    0    0  (Gen:  0)
   729888     16824   6031584  0.001  0.000    1.660    0.172    0    0  (Gen:  0)
   733336     18696   6053392  0.001  0.000    1.662    0.173    0    0  (Gen:  0)
   728680     16744   6059992  0.001  0.000    1.664    0.173    0    0  (Gen:  0)
   737064     17024   6072152  0.001  0.000    1.666    0.173    0    0  (Gen:  0)
   731280     17232   6092656  0.001  0.000    1.669    0.174    0    0  (Gen:  0)
   730512     16936   6104408  0.001  0.000    1.671    0.174    0    0  (Gen:  0)
   751864     24056   6115104  0.001  0.000    1.673    0.174    0    0  (Gen:  0)
   914144     67624   6178208  0.002  0.000    1.677    0.175    0    0  (Gen:  0)
   909656    119152   6247488  0.003  0.000    1.681    0.175    0    0  (Gen:  0)
   912736    116688   6319264  0.002  0.000    1.684    0.176    0    0  (Gen:  0)
   908424     93040   6369776  0.002  0.000    1.688    0.176    0    0  (Gen:  0)
   917160   4552016   5157864  0.020  0.002    1.709    0.178    0    0  (Gen:  1)
   914752    106184   5206744  0.002  0.000    1.713    0.179    0    0  (Gen:  0)
   908448    100352   5254520  0.002  0.000    1.715    0.179    0    0  (Gen:  0)
   912968    113880   5320216  0.002  0.000    1.718    0.180    0    0  (Gen:  0)
   912352    101144   5374152  0.002  0.000    1.720    0.180    0    0  (Gen:  0)
   913864    111728   5434920  0.002  0.000    1.724    0.181    0    0  (Gen:  0)
   910808    105496   5489384  0.002  0.000    1.727    0.181    0    0  (Gen:  0)
   911776    127440   5564664  0.002  0.000    1.731    0.182    0    0  (Gen:  0)
   921616     99616   5640640  0.002  0.000    1.735    0.182    0    0  (Gen:  0)
   912528    102936   5691152  0.002  0.000    1.739    0.183    0    0  (Gen:  0)
   912392    119840   5756944  0.002  0.000    1.743    0.183    0    0  (Gen:  0)
   911744     94472   5812816  0.002  0.000    1.747    0.184    0    0  (Gen:  0)
   919264    109080   5871600  0.002  0.000    1.751    0.185    0    0  (Gen:  0)
   910424    118080   5933568  0.002  0.000    1.754    0.185    0    0  (Gen:  0)
   912496    117832   5998168  0.002  0.000    1.758    0.186    0    0  (Gen:  0)
   914656    117104   6065784  0.002  0.000    1.762    0.186    0    0  (Gen:  0)
   919088     98312   6126512  0.002  0.000    1.766    0.187    0    0  (Gen:  0)
   912264    133016   6205224  0.002  0.000    1.770    0.187    0    0  (Gen:  0)
   914952     85544   6283312  0.001  0.000    1.773    0.188    0    0  (Gen:  0)
   912944    117832   6350528  0.002  0.000    1.777    0.188    0    0  (Gen:  0)
   918224    121576   6423784  0.002  0.000    1.781    0.189    0    0  (Gen:  0)
   909032    100992   6474888  0.002  0.000    1.784    0.189    0    0  (Gen:  0)
   915232    114504   6535592  0.002  0.000    1.788    0.190    0    0  (Gen:  0)
   919400    102640   6597992  0.002  0.000    1.791    0.190    0    0  (Gen:  0)
   910680    104584   6647592  0.002  0.000    1.795    0.191    0    0  (Gen:  0)
   916624    121600   6716168  0.002  0.000    1.798    0.192    0    0  (Gen:  0)
   911200    104904   6769272  0.002  0.000    1.802    0.192    0    0  (Gen:  0)
   919128    126952   6848784  0.003  0.000    1.806    0.193    0    0  (Gen:  0)
   916032    100696   6928224  0.002  0.000    1.809    0.193    0    0  (Gen:  0)
   910944    102256   6986560  0.002  0.000    1.812    0.194    0    0  (Gen:  0)
   916216    120472   7055512  0.002  0.000    1.816    0.194    0    0  (Gen:  0)
   918104    105920   7113096  0.002  0.000    1.822    0.195    0    0  (Gen:  0)
   915472    119248   7176448  0.002  0.000    1.828    0.196    0    0  (Gen:  0)
   917256     91584   7231376  0.002  0.000    1.832    0.196    0    0  (Gen:  0)
   916488    112672   7290256  0.003  0.000    1.835    0.197    0    0  (Gen:  0)
   914792    118976   7358496  0.002  0.000    1.839    0.197    0    0  (Gen:  0)
   913464    127104   7431544  0.002  0.000    1.842    0.198    0    0  (Gen:  0)
   918920    115240   7498032  0.002  0.000    1.845    0.198    0    0  (Gen:  0)
   912056    102080   7555056  0.002  0.000    1.850    0.199    0    0  (Gen:  0)
   921432    116192   7620136  0.002  0.000    1.855    0.199    0    0  (Gen:  0)
   913440    104896   7678904  0.002  0.000    1.859    0.200    0    0  (Gen:  0)
   916400    121600   7747040  0.009  0.001    1.869    0.201    0    0  (Gen:  0)
   915624    120920   7814816  0.002  0.000    1.872    0.201    0    0  (Gen:  0)
   920504    102664   7876432  0.003  0.000    1.876    0.202    0    0  (Gen:  0)
   918256    121928   7940608  0.002  0.000    1.879    0.202    0    0  (Gen:  0)
   916440    101168   8002048  0.002  0.000    1.883    0.203    0    0  (Gen:  0)
   916208    137616   8083240  0.002  0.000    1.886    0.203    0    0  (Gen:  0)
   921592    101216   8161352  0.002  0.000    1.889    0.204    0    0  (Gen:  0)
   918392    108200   8214872  0.003  0.000    1.893    0.204    0    0  (Gen:  0)
   916152    122528   8279208  0.002  0.000    1.897    0.205    0    0  (Gen:  0)
   919072    101480   8340184  0.002  0.000    1.900    0.205    0    0  (Gen:  0)
   916952    113984   8398904  0.003  0.000    1.904    0.206    0    0  (Gen:  0)
   918648    127520   8471480  0.002  0.000    1.915    0.207    0    0  (Gen:  0)
   918984    110952   8526824  0.003  0.000    1.919    0.208    0    0  (Gen:  0)
   918152    128352   8595752  0.002  0.000    1.943    0.210    0    0  (Gen:  0)
   923448     99784   8659064  0.002  0.000    1.947    0.211    0    0  (Gen:  0)
   917512    130200   8732056  0.002  0.000    1.950    0.211    0    0  (Gen:  0)
   912992     83416   8810032  0.002  0.000    1.954    0.212    0    0  (Gen:  0)
   914024    103240   8877584  0.002  0.000    1.957    0.212    0    0  (Gen:  0)
   923792    120040   8952896  0.002  0.000    1.960    0.213    0    0  (Gen:  0)
   914256    104464   9012512  0.003  0.000    1.964    0.213    0    0  (Gen:  0)
   917552    119264   9072624  0.002  0.000    1.968    0.214    0    0  (Gen:  0)
   920256     94848   9133776  0.002  0.000    1.971    0.214    0    0  (Gen:  0)
   918376    112208   9193856  0.003  0.000    1.976    0.215    0    0  (Gen:  0)
   919552    124712   9263472  0.003  0.000    1.979    0.215    0    0  (Gen:  0)
   917216    105336   9320928  0.003  0.000    1.984    0.216    0    0  (Gen:  0)
   917832    135512   9398720  0.003  0.000    1.988    0.217    0    0  (Gen:  0)
   919736    101904   9484232  0.003  0.000    1.992    0.217    0    0  (Gen:  0)
   916136     99688   9548840  0.002  0.000    1.995    0.218    0    0  (Gen:  0)
   918992    129392   9620968  0.002  0.000    1.999    0.218    0    0  (Gen:  0)
   919928    109928   9677544  0.003  0.000    2.004    0.219    0    0  (Gen:  0)
   919280    124776   9747312  0.003  0.000    2.008    0.219    0    0  (Gen:  0)
   916304     96064   9807776  0.003  0.000    2.012    0.220    0    0  (Gen:  0)
   940176    123352   9876920  0.003  0.000    2.016    0.221    0    0  (Gen:  0)
   956680     83776   9899016  0.002  0.000    2.020    0.221    0    0  (Gen:  0)
   521136     47064   9916920  0.001  0.000    2.023    0.222    0    0  (Gen:  0)
   521040     79032   9965216  0.002  0.000    2.026    0.222    0    0  (Gen:  0)
   520944     56136   9998416  0.002  0.000    2.029    0.223    0    0  (Gen:  0)
   520864     89504  10044024  0.002  0.000    2.032    0.223    0    0  (Gen:  0)
   520336     88752  10088248  0.002  0.000    2.035    0.224    0    0  (Gen:  0)
   520992     74696  10125192  0.002  0.000    2.038    0.224    0    0  (Gen:  0)
   521432   4148256   5125744  0.015  0.001    2.054    0.226    0    0  (Gen:  1)
   520472    113728   5183192  0.002  0.000    2.058    0.226    0    0  (Gen:  0)
   520848     91960   5220384  0.002  0.000    2.062    0.227    0    0  (Gen:  0)
   521072    104928   5260840  0.002  0.000    2.065    0.228    0    0  (Gen:  0)
   521304     78344   5316432  0.002  0.000    2.068    0.228    0    0  (Gen:  0)
   520416     83472   5395656  0.002  0.000    2.071    0.229    0    0  (Gen:  0)
   520968    115320   5455584  0.002  0.000    2.074    0.229    0    0  (Gen:  0)
   520840     91416   5506024  0.002  0.000    2.078    0.230    0    0  (Gen:  0)
   520632    132664   5571216  0.002  0.000    2.081    0.230    0    0  (Gen:  0)
   520704    130000   5635744  0.002  0.000    2.085    0.231    0    0  (Gen:  0)
   520776    105808   5685168  0.003  0.000    2.088    0.232    0    0  (Gen:  0)
   520280    112976   5726136  0.003  0.000    2.093    0.232    0    0  (Gen:  0)
   521320    141032   5796200  0.002  0.000    2.096    0.233    0    0  (Gen:  0)
   521184    115616   5846280  0.003  0.000    2.100    0.233    0    0  (Gen:  0)
   518616    126528   5899136  0.003  0.000    2.104    0.234    0    0  (Gen:  0)
   718240     84632   5924608  0.002  0.000    2.108    0.235    0    0  (Gen:  0)
   520784     44200   5943840  0.002  0.000    2.110    0.235    0    0  (Gen:  0)
   520768     79272   5990056  0.001  0.000    2.113    0.236    0    0  (Gen:  0)
   521120     66992   6020688  0.002  0.000    2.116    0.236    0    0  (Gen:  0)
   520656     70304   6045304  0.002  0.000    2.119    0.237    0    0  (Gen:  0)
   520352     97664   6092528  0.002  0.000    2.122    0.237    0    0  (Gen:  0)
   521296     80512   6125080  0.002  0.000    2.126    0.238    0    0  (Gen:  0)
   521776    120256   6191328  0.004  0.000    2.131    0.239    0    0  (Gen:  0)
   521248     59336   6246096  0.002  0.000    2.134    0.239    0    0  (Gen:  0)
   521272    116088   6303448  0.002  0.000    2.137    0.240    0    0  (Gen:  0)
   525432    107056   6360048  0.002  0.000    2.140    0.241    0    0  (Gen:  0)
   520736     81344   6405928  0.002  0.000    2.144    0.241    0    0  (Gen:  0)
   520720    126800   6471968  0.002  0.000    2.147    0.242    0    0  (Gen:  0)
   521040    122872   6532472  0.002  0.000    2.150    0.243    0    0  (Gen:  0)
   520760    100792   6581168  0.003  0.000    2.154    0.243    0    0  (Gen:  0)
   520840    110088   6623360  0.003  0.000    2.158    0.244    0    0  (Gen:  0)
   525544    140048   6693056  0.002  0.000    2.162    0.245    0    0  (Gen:  0)
   520864    112992   6741056  0.003  0.000    2.166    0.245    0    0  (Gen:  0)
   525336    118792   6787736  0.002  0.000    2.169    0.246    0    0  (Gen:  0)
   520816    107104   6851216  0.002  0.000    2.173    0.247    0    0  (Gen:  0)
   524960    156832   6941080  0.002  0.000    2.176    0.247    0    0  (Gen:  0)
   768280    119552   6991320  0.003  0.000    2.181    0.248    0    0  (Gen:  0)
   520928     32440   7010368  0.002  0.000    2.184    0.249    0    0  (Gen:  0)
   520960     62752   7047568  0.001  0.000    2.186    0.249    0    0  (Gen:  0)
   520312     70456   7084768  0.001  0.000    2.189    0.250    0    0  (Gen:  0)
   521192     59600   7112040  0.002  0.000    2.192    0.250    0    0  (Gen:  0)
   520744     71584   7135984  0.002  0.000    2.195    0.251    0    0  (Gen:  0)
   521016    101440   7190080  0.002  0.000    2.198    0.251    0    0  (Gen:  0)
   520472     82656   7220176  0.002  0.000    2.202    0.252    0    0  (Gen:  0)
   520736    100984   7265008  0.002  0.000    2.205    0.253    0    0  (Gen:  0)
   520928     90984   7311656  0.002  0.000    2.209    0.253    0    0  (Gen:  0)
   520624    120400   7370952  0.002  0.000    2.212    0.254    0    0  (Gen:  0)
   521464    117376   7429216  0.002  0.000    2.215    0.255    0    0  (Gen:  0)
   521568     90032   7469080  0.002  0.000    2.219    0.255    0    0  (Gen:  0)
   520640    139832   7547376  0.002  0.000    2.222    0.256    0    0  (Gen:  0)
   521008    120288   7615456  0.002  0.000    2.225    0.256    0    0  (Gen:  0)
   520840    105544   7661080  0.003  0.000    2.230    0.257    0    0  (Gen:  0)
   520976    116920   7707560  0.002  0.000    2.233    0.258    0    0  (Gen:  0)
   520064     96896   7768952  0.002  0.000    2.237    0.258    0    0  (Gen:  0)
   520920    150568   7851312  0.002  0.000    2.240    0.259    0    0  (Gen:  0)
   520680    120456   7915992  0.002  0.000    2.243    0.260    0    0  (Gen:  0)
   520624    105752   7973640  0.017  0.002    2.280    0.264    0    0  (Gen:  0)
   520872    144824   8045160  0.002  0.000    2.286    0.265    0    0  (Gen:  0)
   948480    116936   8097672  0.003  0.000    2.291    0.266    0    0  (Gen:  0)
   520160     37184   8117808  0.002  0.000    2.294    0.266    0    0  (Gen:  0)
   521000     65384   8158048  0.001  0.000    2.298    0.267    0    0  (Gen:  0)
   520624     70280   8195216  0.001  0.000    2.301    0.267    0    0  (Gen:  0)
   521096     60280   8221160  0.002  0.000    2.304    0.268    0    0  (Gen:  0)
   520672     72168   8248168  0.002  0.000    2.308    0.269    0    0  (Gen:  0)
   520600    102640   8302248  0.003  0.000    2.322    0.270    0    0  (Gen:  0)
   521088     83296   8333040  0.002  0.000    2.327    0.271    0    0  (Gen:  0)
   520824     99000   8376296  0.002  0.000    2.330    0.272    0    0  (Gen:  0)
   521400     77584   8422264  0.002  0.000    2.333    0.272    0    0  (Gen:  0)
   521016    117144   8478736  0.002  0.000    2.337    0.273    0    0  (Gen:  0)
   520712    112368   8535848  0.002  0.000    2.341    0.273    0    0  (Gen:  0)
   520840     89136   8580768  0.002  0.000    2.345    0.274    0    0  (Gen:  0)
   520232    142464   8660312  0.002  0.000    2.349    0.275    0    0  (Gen:  0)
   520840    122288   8727128  0.002  0.000    2.353    0.275    0    0  (Gen:  0)
   520824    108296   8772792  0.003  0.000    2.357    0.276    0    0  (Gen:  0)
   520328    111824   8812504  0.003  0.000    2.361    0.277    0    0  (Gen:  0)
   520720     68224   8876832  0.002  0.000    2.365    0.277    0    0  (Gen:  0)
   521080    128448   8937520  0.002  0.000    2.369    0.278    0    0  (Gen:  0)
   520864    132648   9014384  0.002  0.000    2.373    0.279    0    0  (Gen:  0)
   521008     95144   9070776  0.002  0.000    2.377    0.279    0    0  (Gen:  0)
   521160    137296   9137360  0.002  0.000    2.381    0.280    0    0  (Gen:  0)
   525264    135240   9207568  0.002  0.000    2.384    0.281    0    0  (Gen:  0)
   520576    103312   9260640  0.003  0.000    2.389    0.281    0    0  (Gen:  0)
   520872    165944   9354808  0.002  0.000    2.393    0.282    0    0  (Gen:  0)
   520608    127616   9429232  0.002  0.000    2.396    0.283    0    0  (Gen:  0)
   520632    113768   9482768  0.003  0.000    2.401    0.283    0    0  (Gen:  0)
   520632    125328   9533328  0.003  0.000    2.406    0.284    0    0  (Gen:  0)
   520736    153728   9609632  0.002  0.000    2.410    0.285    0    0  (Gen:  0)
   521472    122136   9661872  0.003  0.000    2.415    0.286    0    0  (Gen:  0)
   521288    135688   9719392  0.002  0.000    2.419    0.286    0    0  (Gen:  0)
   520664    107432   9791576  0.002  0.000    2.423    0.287    0    0  (Gen:  0)
   521168    154704   9866176  0.002  0.000    2.427    0.288    0    0  (Gen:  0)
   524856    149592   9951936  0.003  0.000    2.431    0.288    0    0  (Gen:  0)
   521176     95656  10016784  0.002  0.000    2.435    0.289    0    0  (Gen:  0)
   521488    155336  10093176  0.002  0.000    2.439    0.290    0    0  (Gen:  0)
   520608   4654544   5636184  0.015  0.001    2.457    0.292    0    0  (Gen:  1)
   520968    133320   5691824  0.003  0.000    2.462    0.292    0    0  (Gen:  0)
   521128     86952   5774320  0.002  0.000    2.466    0.293    0    0  (Gen:  0)
   524992    135816   5861408  0.002  0.000    2.469    0.294    0    0  (Gen:  0)
   520336    120040   5923616  0.003  0.000    2.474    0.294    0    0  (Gen:  0)
   520968    137792   5978152  0.004  0.000    2.479    0.295    0    0  (Gen:  0)
   524496    168712   6066280  0.003  0.000    2.483    0.296    0    0  (Gen:  0)
   525640    126288   6124760  0.003  0.000    2.487    0.297    0    0  (Gen:  0)
   533160    140544   6180600  0.004  0.000    2.492    0.297    0    0  (Gen:  0)
   771112    117648   6220496  0.002  0.000    2.496    0.298    0    0  (Gen:  0)
   520912     43760   6239688  0.002  0.000    2.500    0.299    0    0  (Gen:  0)
   520704     79880   6288856  0.002  0.000    2.503    0.299    0    0  (Gen:  0)
   520840     62344   6322400  0.002  0.000    2.507    0.300    0    0  (Gen:  0)
   521304     90864   6369232  0.002  0.000    2.510    0.301    0    0  (Gen:  0)
   520992     91968   6414592  0.002  0.000    2.514    0.301    0    0  (Gen:  0)
   521352     77576   6451032  0.003  0.000    2.518    0.302    0    0  (Gen:  0)
   521000     85936   6481376  0.002  0.000    2.523    0.303    0    0  (Gen:  0)
   521152    115080   6539720  0.002  0.000    2.527    0.304    0    0  (Gen:  0)
   520912     92152   6574472  0.002  0.000    2.531    0.305    0    0  (Gen:  0)
   521200    108336   6619480  0.002  0.000    2.535    0.305    0    0  (Gen:  0)
   520552     86800   6671640  0.002  0.000    2.539    0.306    0    0  (Gen:  0)
   520888    137872   6746488  0.002  0.000    2.543    0.307    0    0  (Gen:  0)
   521256    120696   6807184  0.002  0.000    2.546    0.308    0    0  (Gen:  0)
   520544     99032   6857176  0.003  0.000    2.551    0.308    0    0  (Gen:  0)
   520928    108976   6897792  0.003  0.000    2.557    0.309    0    0  (Gen:  0)
   520784    142872   6973288  0.002  0.000    2.561    0.310    0    0  (Gen:  0)
   520616    105944   7020216  0.003  0.000    2.567    0.311    0    0  (Gen:  0)
   520576    113224   7062088  0.003  0.000    2.572    0.312    0    0  (Gen:  0)
   521240    141648   7133176  0.002  0.000    2.577    0.313    0    0  (Gen:  0)
   520368    115352   7181224  0.003  0.000    2.583    0.314    0    0  (Gen:  0)
   520960    128088   7237024  0.002  0.000    2.587    0.315    0    0  (Gen:  0)
   520920    113968   7300672  0.003  0.000    2.593    0.316    0    0  (Gen:  0)
   520336    158768   7386760  0.002  0.000    2.597    0.317    0    0  (Gen:  0)
   521448    129608   7454768  0.002  0.000    2.601    0.319    0    0  (Gen:  0)
   521040    106816   7513728  0.003  0.000    2.606    0.320    0    0  (Gen:  0)
   521176    150592   7589072  0.002  0.000    2.610    0.321    0    0  (Gen:  0)
   520336    141680   7657280  0.002  0.000    2.615    0.322    0    0  (Gen:  0)
   521064    115904   7711712  0.003  0.000    2.620    0.323    0    0  (Gen:  0)
   520328    129792   7764312  0.003  0.000    2.625    0.324    0    0  (Gen:  0)
   521008    160992   7850216  0.002  0.000    2.629    0.325    0    0  (Gen:  0)
   520824    124816   7906032  0.003  0.000    2.635    0.326    0    0  (Gen:  0)
   520544    131480   7958936  0.003  0.000    2.640    0.327    0    0  (Gen:  0)
   521224    161944   8040728  0.002  0.000    2.644    0.328    0    0  (Gen:  0)
   520728    131568   8095496  0.003  0.000    2.649    0.329    0    0  (Gen:  0)
   520120    171784   8186984  0.003  0.000    2.655    0.330    0    0  (Gen:  0)
   520264     98136   8262656  0.002  0.000    2.659    0.331    0    0  (Gen:  0)
   520896    161000   8338752  0.019  0.002    2.680    0.334    0    0  (Gen:  0)
   521000    142256   8414672  0.018  0.002    2.700    0.337    0    0  (Gen:  0)
   520976    103024   8513528  0.002  0.000    2.704    0.338    0    0  (Gen:  0)
   520568    139688   8594968  0.002  0.000    2.709    0.339    0    0  (Gen:  0)
   521168    146336   8668776  0.002  0.000    2.712    0.340    0    0  (Gen:  0)
   520584    128120   8732848  0.002  0.000    2.717    0.341    0    0  (Gen:  0)
   520672    163920   8814112  0.002  0.000    2.721    0.341    0    0  (Gen:  0)
   726640    131552   8866968  0.003  0.000    2.725    0.342    0    0  (Gen:  0)
   520488     38184   8886248  0.001  0.000    2.728    0.343    0    0  (Gen:  0)
   520960     76952   8934296  0.001  0.000    2.732    0.344    0    0  (Gen:  0)
   520552     73424   8976720  0.001  0.000    2.735    0.344    0    0  (Gen:  0)
   520696     65320   9001776  0.002  0.000    2.738    0.345    0    0  (Gen:  0)
   520880     85144   9039144  0.002  0.000    2.741    0.346    0    0  (Gen:  0)
   520624     70288   9080792  0.002  0.000    2.745    0.346    0    0  (Gen:  0)
   521008    107656   9134448  0.002  0.000    2.748    0.347    0    0  (Gen:  0)
   520560    102648   9185896  0.001  0.000    2.751    0.348    0    0  (Gen:  0)
   521064     82664   9226560  0.002  0.000    2.756    0.349    0    0  (Gen:  0)
   520192     93264   9259696  0.003  0.000    2.761    0.350    0    0  (Gen:  0)
   520480    129256   9330296  0.002  0.000    2.765    0.350    0    0  (Gen:  0)
   520568    100368   9370504  0.002  0.000    2.769    0.351    0    0  (Gen:  0)
   520984    142800   9449440  0.003  0.000    2.776    0.353    0    0  (Gen:  0)
   521160    118504   9514560  0.002  0.000    2.780    0.354    0    0  (Gen:  0)
   520960    107592   9556168  0.003  0.000    2.785    0.355    0    0  (Gen:  0)
   520536    143400   9630904  0.003  0.000    2.790    0.356    0    0  (Gen:  0)
   520720     88568   9685648  0.002  0.000    2.795    0.357    0    0  (Gen:  0)
   521784    143008   9760240  0.002  0.000    2.799    0.358    0    0  (Gen:  0)
   520688    125376   9822184  0.002  0.000    2.803    0.359    0    0  (Gen:  0)
   521352    102728   9876104  0.002  0.000    2.808    0.359    0    0  (Gen:  0)
   521112    116024   9919264  0.003  0.000    2.813    0.360    0    0  (Gen:  0)
   525384    150264   9999088  0.002  0.000    2.817    0.361    0    0  (Gen:  0)
   521448    113608  10048368  0.002  0.000    2.821    0.362    0    0  (Gen:  0)
   521216    161856  10137872  0.002  0.000    2.825    0.363    0    0  (Gen:  0)
   520584    139184  10210488  0.002  0.000    2.828    0.364    0    0  (Gen:  0)
   520736    118816  10262200  0.003  0.000    2.833    0.365    0    0  (Gen:  0)
   520768    129008  10316080  0.003  0.000    2.855    0.368    0    0  (Gen:  0)
   520832     81392  10385712  0.003  0.000    2.861    0.369    0    0  (Gen:  0)
   520944    162896  10473248  0.002  0.000    2.865    0.370    0    0  (Gen:  0)
   520976    131608  10540032  0.002  0.000    2.869    0.371    0    0  (Gen:  0)
   521488    109008  10606864  0.002  0.000    2.873    0.372    0    0  (Gen:  0)
   521312    156712  10683216  0.002  0.000    2.877    0.373    0    0  (Gen:  0)
   525136    143776  10756064  0.002  0.000    2.881    0.373    0    0  (Gen:  0)
   521280    118464  10817960  0.002  0.000    2.885    0.374    0    0  (Gen:  0)
   520968    158008  10896848  0.002  0.000    2.889    0.375    0    0  (Gen:  0)
   521472    153920  10973112  0.002  0.000    2.893    0.376    0    0  (Gen:  0)
   520672    121176  11032496  0.005  0.001    2.900    0.377    0    0  (Gen:  0)
   520912    131640  11084488  0.004  0.000    2.907    0.379    0    0  (Gen:  0)
   524848   5504480   6494352  0.018  0.002    2.928    0.381    0    0  (Gen:  1)
   520712    135136   6550136  0.025  0.003    2.956    0.385    0    0  (Gen:  0)
   520680    176096   6645144  0.003  0.000    2.962    0.386    0    0  (Gen:  0)
   525192    146464   6726864  0.003  0.000    2.967    0.387    0    0  (Gen:  0)
   524888    134136   6782312  0.004  0.000    2.973    0.388    0    0  (Gen:  0)
   557928    139432   6839920  0.004  0.000    2.978    0.389    0    0  (Gen:  0)
   689208     41624   6877384  0.001  0.000    2.982    0.389    0    0  (Gen:  0)
   520288     46176   6896432  0.002  0.000    2.985    0.390    0    0  (Gen:  0)
   520872     83808   6948368  0.002  0.000    2.989    0.391    0    0  (Gen:  0)
   520712     67136   6976072  0.002  0.000    2.993    0.391    0    0  (Gen:  0)
   520360     87752   7019768  0.002  0.000    2.997    0.392    0    0  (Gen:  0)
   521144     95632   7068688  0.002  0.000    3.001    0.393    0    0  (Gen:  0)
   521216     78952   7102904  0.002  0.000    3.005    0.394    0    0  (Gen:  0)
   521048     85608   7134240  0.003  0.000    3.010    0.394    0    0  (Gen:  0)
   521224    113680   7191672  0.002  0.000    3.014    0.395    0    0  (Gen:  0)
   521016     92560   7224752  0.003  0.000    3.019    0.396    0    0  (Gen:  0)
   520904    134112   7297168  0.002  0.000    3.023    0.397    0    0  (Gen:  0)
   520536     89968   7345392  0.003  0.000    3.027    0.397    0    0  (Gen:  0)
   520840     76736   7418088  0.002  0.000    3.031    0.398    0    0  (Gen:  0)
   521312    122456   7478888  0.002  0.000    3.034    0.399    0    0  (Gen:  0)
   520248    100184   7527376  0.002  0.000    3.038    0.400    0    0  (Gen:  0)
   521408    108920   7568592  0.003  0.000    3.042    0.401    0    0  (Gen:  0)
   520808    137368   7636152  0.003  0.000    3.047    0.401    0    0  (Gen:  0)
   520392    112120   7682176  0.003  0.000    3.051    0.402    0    0  (Gen:  0)
   520888    117968   7728400  0.003  0.000    3.055    0.403    0    0  (Gen:  0)
   520784     97560   7792944  0.003  0.000    3.059    0.404    0    0  (Gen:  0)
   520480    140848   7861992  0.003  0.000    3.063    0.404    0    0  (Gen:  0)
   524912    129504   7927408  0.003  0.000    3.067    0.405    0    0  (Gen:  0)
   521552    123776   7986720  0.003  0.000    3.072    0.406    0    0  (Gen:  0)
   520664    153424   8068128  0.003  0.000    3.076    0.407    0    0  (Gen:  0)
   521368    135936   8137760  0.003  0.000    3.080    0.408    0    0  (Gen:  0)
   521184    111160   8195824  0.003  0.000    3.085    0.408    0    0  (Gen:  0)
   521192    125368   8243304  0.004  0.000    3.090    0.409    0    0  (Gen:  0)
   520184    147496   8312904  0.003  0.000    3.094    0.410    0    0  (Gen:  0)
   521048    114840   8365528  0.003  0.000    3.099    0.411    0    0  (Gen:  0)
   520592    129512   8418136  0.004  0.000    3.104    0.412    0    0  (Gen:  0)
   520808    156600   8501736  0.003  0.000    3.108    0.413    0    0  (Gen:  0)
   520944    126808   8556912  0.004  0.000    3.114    0.413    0    0  (Gen:  0)
   524392    155240   8634456  0.002  0.000    3.118    0.414    0    0  (Gen:  0)
   520832    108408   8708064  0.004  0.000    3.148    0.418    0    0  (Gen:  0)
   521192    168432   8796888  0.003  0.000    3.154    0.420    0    0  (Gen:  0)
   520448    128360   8866864  0.003  0.000    3.159    0.421    0    0  (Gen:  0)
   520560    120560   8938424  0.003  0.000    3.164    0.422    0    0  (Gen:  0)
   520832    172312   9028688  0.003  0.000    3.170    0.423    0    0  (Gen:  0)
   524784    161744   9116360  0.002  0.000    3.175    0.424    0    0  (Gen:  0)
   521200    111688   9182400  0.003  0.000    3.181    0.425    0    0  (Gen:  0)
   521408    163008   9263416  0.003  0.000    3.186    0.426    0    0  (Gen:  0)
   525616    155664   9339584  0.003  0.000    3.190    0.427    0    0  (Gen:  0)
   525040    129504   9402264  0.003  0.000    3.195    0.428    0    0  (Gen:  0)
   529664    140600   9458504  0.004  0.000    3.201    0.428    0    0  (Gen:  0)
   163512   3979880   4965776  0.012  0.001    3.214    0.430    0    0  (Gen:  1)
   516528     30032   4992176  0.001  0.000    3.217    0.430    0    0  (Gen:  0)
   520392     48848   5010928  0.002  0.000    3.221    0.431    0    0  (Gen:  0)
   520480     86648   5065104  0.003  0.000    3.225    0.431    0    0  (Gen:  0)
   520888     86208   5127232  0.003  0.000    3.230    0.432    0    0  (Gen:  0)
   520816     76344   5190968  0.002  0.000    3.235    0.433    0    0  (Gen:  0)
   521072     68448   5255392  0.002  0.000    3.239    0.433    0    0  (Gen:  0)
   520800    112848   5324384  0.003  0.000    3.244    0.434    0    0  (Gen:  0)
   520656    104160   5397136  0.003  0.000    3.249    0.435    0    0  (Gen:  0)
   520528     91232   5475720  0.003  0.000    3.253    0.436    0    0  (Gen:  0)
   520928    106496   5548688  0.003  0.000    3.258    0.436    0    0  (Gen:  0)
   520576    137040   5635072  0.004  0.000    3.264    0.437    0    0  (Gen:  0)
   520760    110960   5713576  0.003  0.000    3.269    0.438    0    0  (Gen:  0)
   520696     93160   5800936  0.003  0.000    3.273    0.438    0    0  (Gen:  0)
   520856     86920   5883744  0.002  0.000    3.278    0.439    0    0  (Gen:  0)
   520840    125480   5961824  0.003  0.000    3.283    0.440    0    0  (Gen:  0)
   520816    103624   6038208  0.003  0.000    3.288    0.440    0    0  (Gen:  0)
   520672    122912   6114840  0.003  0.000    3.293    0.441    0    0  (Gen:  0)
   520544    147584   6198328  0.004  0.000    3.299    0.442    0    0  (Gen:  0)
   520944    125832   6282816  0.003  0.000    3.304    0.443    0    0  (Gen:  0)
   521120    100024   6364536  0.003  0.000    3.309    0.444    0    0  (Gen:  0)
   520328    123464   6447000  0.003  0.000    3.314    0.444    0    0  (Gen:  0)
   521192    155984   6543136  0.004  0.000    3.320    0.445    0    0  (Gen:  0)
   521032    119632   6629376  0.003  0.000    3.325    0.446    0    0  (Gen:  0)
   520640    124216   6698960  0.003  0.000    3.330    0.447    0    0  (Gen:  0)
   520776    154664   6782856  0.004  0.000    3.336    0.447    0    0  (Gen:  0)
   521864    130488   6864112  0.003  0.000    3.342    0.448    0    0  (Gen:  0)
   520808    114384   6956712  0.003  0.000    3.347    0.449    0    0  (Gen:  0)
   520720    129520   7041888  0.003  0.000    3.352    0.450    0    0  (Gen:  0)
   520656    156816   7138120  0.004  0.000    3.358    0.450    0    0  (Gen:  0)
   520976    126120   7227032  0.003  0.000    3.363    0.451    0    0  (Gen:  0)
   520208     79312   7301640  0.002  0.000    3.367    0.452    0    0  (Gen:  0)
   521512    167632   7392704  0.004  0.000    3.373    0.453    0    0  (Gen:  0)
   521032    144584   7485480  0.004  0.000    3.379    0.454    0    0  (Gen:  0)
   520552    107168   7573168  0.003  0.000    3.384    0.454    0    0  (Gen:  0)
   520592    127672   7659072  0.003  0.000    3.389    0.455    0    0  (Gen:  0)
   520792    163496   7760288  0.004  0.000    3.395    0.456    0    0  (Gen:  0)
   521040    117888   7842048  0.002  0.000    3.400    0.457    0    0  (Gen:  0)
   521496    141616   7926640  0.002  0.000    3.404    0.458    0    0  (Gen:  0)
   521112    171456   8022752  0.003  0.000    3.409    0.459    0    0  (Gen:  0)
   520688    142296   8118424  0.002  0.000    3.413    0.460    0    0  (Gen:  0)
   520832    112536   8217816  0.002  0.000    3.417    0.460    0    0  (Gen:  0)
   521000    133408   8311768  0.003  0.000    3.421    0.461    0    0  (Gen:  0)
   521152    153232   8404520  0.002  0.000    3.425    0.462    0    0  (Gen:  0)
   520624    120976   8497504  0.002  0.000    3.428    0.462    0    0  (Gen:  0)
   686008    141224   8587328  0.002  0.000    3.432    0.463    0    0  (Gen:  0)
   520880    137176   8661552  0.002  0.000    3.435    0.464    0    0  (Gen:  0)
   520800    123576   8755992  0.002  0.000    3.439    0.464    0    0  (Gen:  0)
   520968    140136   8842696  0.002  0.000    3.443    0.465    0    0  (Gen:  0)
   521112    161336   8931520  0.002  0.000    3.447    0.466    0    0  (Gen:  0)
   520496    140464   9026816  0.002  0.000    3.450    0.467    0    0  (Gen:  0)
   520088    110568   9130960  0.002  0.000    3.454    0.467    0    0  (Gen:  0)
   520704    130336   9228768  0.002  0.000    3.457    0.468    0    0  (Gen:  0)
   521136    159336   9331120  0.002  0.000    3.461    0.468    0    0  (Gen:  0)
   520512    106200   9433216  0.002  0.000    3.464    0.469    0    0  (Gen:  0)
   521040    142568   9530168  0.002  0.000    3.467    0.470    0    0  (Gen:  0)
   520800    174912   9638536  0.002  0.000    3.471    0.470    0    0  (Gen:  0)
   521112    129760   9734680  0.002  0.000    3.475    0.471    0    0  (Gen:  0)
   520792    147360   9825832  0.002  0.000    3.478    0.472    0    0  (Gen:  0)
   521088    173456   9921752  0.002  0.000    3.482    0.472    0    0  (Gen:  0)
   521680   5062112   6047968  0.015  0.001    3.498    0.474    0    0  (Gen:  1)
   520688    148256   6108888  0.004  0.000    3.504    0.475    0    0  (Gen:  0)
   520520    182872   6207096  0.002  0.000    3.508    0.476    0    0  (Gen:  0)
   520320    128264   6272528  0.003  0.000    3.513    0.477    0    0  (Gen:  0)
   521864    179576   6364024  0.002  0.000    3.517    0.477    0    0  (Gen:  0)
   520936    153616   6451160  0.002  0.000    3.521    0.478    0    0  (Gen:  0)
   521384    134928   6515976  0.003  0.000    3.526    0.479    0    0  (Gen:  0)
   520872    180808   6609608  0.002  0.000    3.530    0.479    0    0  (Gen:  0)
   525160    149992   6701032  0.003  0.000    3.534    0.480    0    0  (Gen:  0)
   520784    142768   6763472  0.004  0.000    3.539    0.481    0    0  (Gen:  0)
   520688    174160   6848544  0.002  0.000    3.543    0.482    0    0  (Gen:  0)
   520976    154456   6934184  0.003  0.000    3.548    0.482    0    0  (Gen:  0)
   520640    151584   6998472  0.004  0.000    3.553    0.483    0    0  (Gen:  0)
   521048    186936   7097568  0.002  0.000    3.557    0.484    0    0  (Gen:  0)
   520992    109080   7178448  0.003  0.000    3.562    0.484    0    0  (Gen:  0)
   521024    195208   7284984  0.002  0.000    3.566    0.485    0    0  (Gen:  0)
   521096    148248   7362784  0.002  0.000    3.569    0.486    0    0  (Gen:  0)
   521432    111744   7443552  0.003  0.000    3.574    0.486    0    0  (Gen:  0)
   521184    181832   7531392  0.003  0.000    3.578    0.487    0    0  (Gen:  0)
   525232    160152   7615488  0.002  0.000    3.582    0.488    0    0  (Gen:  0)
   520664    119264   7691272  0.003  0.000    3.587    0.489    0    0  (Gen:  0)
   520432    180088   7778552  0.003  0.000    3.591    0.489    0    0  (Gen:  0)
   520776    167704   7865520  0.002  0.000    3.595    0.490    0    0  (Gen:  0)
   520888    126872   7938536  0.003  0.000    3.600    0.491    0    0  (Gen:  0)
   521048    177096   8024768  0.002  0.000    3.604    0.491    0    0  (Gen:  0)
   524912    174296   8111376  0.002  0.000    3.608    0.492    0    0  (Gen:  0)
   520920    149048   8184104  0.002  0.000    3.612    0.493    0    0  (Gen:  0)
   520936    158584   8249640  0.002  0.000    3.616    0.493    0    0  (Gen:  0)
   523776    178008   8336752  0.002  0.000    3.620    0.494    0    0  (Gen:  0)
   525120    153584   8408560  0.002  0.000    3.624    0.495    0    0  (Gen:  0)
   529776    160072   8474752  0.002  0.000    3.628    0.495    0    0  (Gen:  0)
   985768    135624   8522480  0.003  0.000    3.632    0.496    0    0  (Gen:  0)
   521072     42304   8542272  0.001  0.000    3.635    0.497    0    0  (Gen:  0)
   520904     76600   8590232  0.002  0.000    3.639    0.497    0    0  (Gen:  0)
   521048     76848   8633088  0.002  0.000    3.642    0.498    0    0  (Gen:  0)
   521152     66072   8658352  0.002  0.000    3.647    0.499    0    0  (Gen:  0)
   520176     86456   8694720  0.002  0.000    3.652    0.499    0    0  (Gen:  0)
   521120     82240   8735984  0.001  0.000    3.656    0.500    0    0  (Gen:  0)
   521232     69264   8801096  0.001  0.000    3.659    0.501    0    0  (Gen:  0)
   520688    105872   8853952  0.002  0.000    3.662    0.501    0    0  (Gen:  0)
   520488     89112   8894888  0.002  0.000    3.666    0.502    0    0  (Gen:  0)
   521032     97256   8931176  0.002  0.000    3.669    0.502    0    0  (Gen:  0)
   521464    122432   8993120  0.002  0.000    3.673    0.503    0    0  (Gen:  0)
   520720    100104   9031440  0.002  0.000    3.676    0.504    0    0  (Gen:  0)
   520856    140624   9107656  0.003  0.000    3.681    0.504    0    0  (Gen:  0)
   520672     75368   9166680  0.001  0.000    3.684    0.505    0    0  (Gen:  0)
   520792    145200   9245496  0.002  0.000    3.688    0.505    0    0  (Gen:  0)
   520920    120416   9307440  0.002  0.000    3.692    0.506    0    0  (Gen:  0)
   520344    106920   9361064  0.002  0.000    3.695    0.507    0    0  (Gen:  0)
   520848    140160   9433488  0.002  0.000    3.699    0.507    0    0  (Gen:  0)
   520672    133384   9499552  0.002  0.000    3.702    0.508    0    0  (Gen:  0)
   521328    114448   9552112  0.002  0.000    3.706    0.509    0    0  (Gen:  0)
   521040    118720   9596704  0.002  0.000    3.710    0.509    0    0  (Gen:  0)
   718208    116904   9641176  0.003  0.000    3.714    0.510    0    0  (Gen:  0)
   520712     42784   9661976  0.001  0.000    3.717    0.511    0    0  (Gen:  0)
   520280     81296   9711872  0.002  0.000    3.721    0.511    0    0  (Gen:  0)
   520808     70560   9746432  0.001  0.000    3.724    0.512    0    0  (Gen:  0)
   520360    102824   9806968  0.002  0.000    3.727    0.512    0    0  (Gen:  0)
   519944     92744   9850832  0.002  0.000    3.731    0.513    0    0  (Gen:  0)
   520664     79168   9885904  0.002  0.000    3.735    0.514    0    0  (Gen:  0)
   521480     87048   9917536  0.002  0.000    3.738    0.515    0    0  (Gen:  0)
   521352    118864   9981608  0.002  0.000    3.742    0.515    0    0  (Gen:  0)
   521240     91760  10018624  0.002  0.000    3.746    0.516    0    0  (Gen:  0)
   525552    102232  10061832  0.002  0.000    3.750    0.517    0    0  (Gen:  0)
   521144     76248  10117576  0.001  0.000    3.753    0.517    0    0  (Gen:  0)
   520360    138736  10194344  0.003  0.000    3.757    0.518    0    0  (Gen:  0)
   521024    111056  10251064  0.002  0.000    3.761    0.519    0    0  (Gen:  0)
   520928    100808  10303952  0.002  0.000    3.765    0.519    0    0  (Gen:  0)
   520656    135664  10373688  0.002  0.000    3.768    0.520    0    0  (Gen:  0)
   525456    135984  10440800  0.002  0.000    3.772    0.521    0    0  (Gen:  0)
   521008    114928  10492344  0.002  0.000    3.776    0.522    0    0  (Gen:  0)
   521368    157416  10578400  0.002  0.000    3.780    0.522    0    0  (Gen:  0)
   524904    140048  10650136  0.002  0.000    3.784    0.523    0    0  (Gen:  0)
   525112    114968  10696424  0.002  0.000    3.787    0.524    0    0  (Gen:  0)
   575720    123248  10773000  0.002  0.000    3.791    0.524    0    0  (Gen:  0)
   710280     82968  10773120  0.002  0.000    3.795    0.525    0    0  (Gen:  0)
   520528     45328  10793064  0.001  0.000    3.798    0.526    0    0  (Gen:  0)
   520544     90264  10850368  0.002  0.000    3.802    0.526    0    0  (Gen:  0)
   520936     70224  10880024  0.001  0.000    3.805    0.527    0    0  (Gen:  0)
   520776     71128  10904176  0.002  0.000    3.808    0.528    0    0  (Gen:  0)
   520664     99400  10954528  0.002  0.000    3.812    0.528    0    0  (Gen:  0)
   520888     82312  10986712  0.002  0.000    3.815    0.529    0    0  (Gen:  0)
   521640     91512  11023616  0.002  0.000    3.819    0.530    0    0  (Gen:  0)
   520784     80272  11075576  0.001  0.000    3.822    0.530    0    0  (Gen:  0)
   521296    118632  11134064  0.002  0.000    3.826    0.531    0    0  (Gen:  0)
   520776    111656  11187104  0.002  0.000    3.830    0.532    0    0  (Gen:  0)
   520968     93216  11233096  0.002  0.000    3.833    0.532    0    0  (Gen:  0)
   521120    127176  11299824  0.002  0.000    3.837    0.533    0    0  (Gen:  0)
   520712    126712  11361336  0.002  0.000    3.841    0.534    0    0  (Gen:  0)
   520912    103384  11409032  0.002  0.000    3.844    0.534    0    0  (Gen:  0)
   520552    110248  11450544  0.002  0.000    3.848    0.535    0    0  (Gen:  0)
   521144    137840  11517976  0.002  0.000    3.852    0.536    0    0  (Gen:  0)
   520272    113816  11564072  0.002  0.000    3.855    0.536    0    0  (Gen:  0)
   521032    121600  11613496  0.003  0.000    3.860    0.537    0    0  (Gen:  0)
   520984     90408  11675840  0.002  0.000    3.863    0.538    0    0  (Gen:  0)
   520944    141744  11745496  0.002  0.000    3.867    0.539    0    0  (Gen:  0)
   817032    115144  11808808  0.003  0.000    3.872    0.539    0    0  (Gen:  0)
   644352   4012440   5010568  0.014  0.001    3.888    0.541    0    0  (Gen:  1)
   520568     46000   5030568  0.002  0.000    3.892    0.542    0    0  (Gen:  0)
   520904     92552   5090920  0.002  0.000    3.896    0.542    0    0  (Gen:  0)
   521352     60104   5120640  0.002  0.000    3.899    0.543    0    0  (Gen:  0)
   520880     71448   5146048  0.002  0.000    3.903    0.543    0    0  (Gen:  0)
   520632    108680   5205440  0.002  0.000    3.906    0.544    0    0  (Gen:  0)
   520848     79744   5238384  0.002  0.000    3.910    0.545    0    0  (Gen:  0)
   521224    110800   5294976  0.002  0.000    3.914    0.545    0    0  (Gen:  0)
   521104     76568   5347864  0.002  0.000    3.918    0.546    0    0  (Gen:  0)
   521112    116176   5403552  0.002  0.000    3.922    0.546    0    0  (Gen:  0)
   520504    105808   5457496  0.002  0.000    3.925    0.547    0    0  (Gen:  0)
   521336     81848   5505488  0.002  0.000    3.929    0.548    0    0  (Gen:  0)
   519824    127912   5569632  0.002  0.000    3.933    0.548    0    0  (Gen:  0)
   521104    123808   5631056  0.002  0.000    3.937    0.549    0    0  (Gen:  0)
   521000    102144   5678784  0.003  0.000    3.941    0.550    0    0  (Gen:  0)
   520072    108008   5717792  0.003  0.000    3.946    0.550    0    0  (Gen:  0)
   520680    134000   5785264  0.002  0.000    3.949    0.551    0    0  (Gen:  0)
   521232    106224   5830992  0.003  0.000    3.954    0.552    0    0  (Gen:  0)
   520600    117288   5875256  0.003  0.000    3.958    0.552    0    0  (Gen:  0)
   521056     78616   5938456  0.002  0.000    3.962    0.553    0    0  (Gen:  0)
   521056    136152   6002760  0.002  0.000    3.966    0.554    0    0  (Gen:  0)
   525456    140856   6084504  0.002  0.000    3.969    0.554    0    0  (Gen:  0)
   520464    115560   6143744  0.002  0.000    3.973    0.555    0    0  (Gen:  0)
   520856    153128   6225208  0.002  0.000    3.977    0.556    0    0  (Gen:  0)
   520848    140200   6292736  0.002  0.000    3.981    0.556    0    0  (Gen:  0)
   520456    108312   6348672  0.003  0.000    3.985    0.557    0    0  (Gen:  0)
   520672    126352   6398560  0.003  0.000    3.990    0.558    0    0  (Gen:  0)
   520600    163872   6484264  0.002  0.000    3.994    0.558    0    0  (Gen:  0)
   521328    124960   6538896  0.003  0.000    3.999    0.559    0    0  (Gen:  0)
   521480    130312   6590856  0.003  0.000    4.004    0.560    0    0  (Gen:  0)
   520704    158248   6673064  0.002  0.000    4.008    0.560    0    0  (Gen:  0)
   520960    130336   6729720  0.003  0.000    4.013    0.561    0    0  (Gen:  0)
   525152    137384   6788256  0.002  0.000    4.017    0.562    0    0  (Gen:  0)
   521192    113184   6860344  0.002  0.000    4.021    0.563    0    0  (Gen:  0)
   521344    169112   6951784  0.003  0.000    4.025    0.563    0    0  (Gen:  0)
   520696    144408   7035176  0.003  0.000    4.031    0.564    0    0  (Gen:  0)
   520936    104840   7102768  0.003  0.000    4.035    0.565    0    0  (Gen:  0)
   520960    157688   7179288  0.003  0.000    4.040    0.566    0    0  (Gen:  0)
   525320    144816   7252608  0.002  0.000    4.045    0.567    0    0  (Gen:  0)
   520640    117248   7316136  0.003  0.000    4.050    0.567    0    0  (Gen:  0)
   520472    161568   7397960  0.003  0.000    4.055    0.568    0    0  (Gen:  0)
   524736    155880   7474136  0.002  0.000    4.059    0.569    0    0  (Gen:  0)
   525560    130104   7541488  0.002  0.000    4.064    0.570    0    0  (Gen:  0)
   529080    123880   7613176  0.003  0.000    4.069    0.571    0    0  (Gen:  0)
   775032    122440   7656992  0.003  0.000    4.074    0.571    0    0  (Gen:  0)
   521016     40848   7676808  0.002  0.000    4.078    0.572    0    0  (Gen:  0)
   520720     74440   7722304  0.003  0.000    4.083    0.573    0    0  (Gen:  0)
   520952     42864   7760552  0.002  0.000    4.087    0.574    0    0  (Gen:  0)
   521208    102376   7821904  0.002  0.000    4.091    0.575    0    0  (Gen:  0)
   521248     91160   7865976  0.002  0.000    4.096    0.575    0    0  (Gen:  0)
   521136     74904   7904864  0.002  0.000    4.100    0.576    0    0  (Gen:  0)
   521112     85480   7934368  0.003  0.000    4.105    0.577    0    0  (Gen:  0)
   521288    121088   7999496  0.002  0.000    4.110    0.578    0    0  (Gen:  0)
   520592     90712   8037592  0.003  0.000    4.115    0.579    0    0  (Gen:  0)
   521120     97112   8071664  0.003  0.000    4.120    0.580    0    0  (Gen:  0)
   520848    125464   8138392  0.002  0.000    4.124    0.580    0    0  (Gen:  0)
   520544    100776   8175168  0.003  0.000    4.129    0.581    0    0  (Gen:  0)
   521496    139888   8249872  0.002  0.000    4.132    0.582    0    0  (Gen:  0)
   520744    104728   8300664  0.002  0.000    4.136    0.583    0    0  (Gen:  0)
   520480    130792   8365304  0.002  0.000    4.139    0.583    0    0  (Gen:  0)
   521336    127736   8430256  0.002  0.000    4.143    0.584    0    0  (Gen:  0)
   520472     99064   8480712  0.003  0.000    4.146    0.585    0    0  (Gen:  0)
   520528    113240   8523272  0.003  0.000    4.151    0.585    0    0  (Gen:  0)
   520832    147256   8598904  0.002  0.000    4.155    0.586    0    0  (Gen:  0)
   520632    114328   8650232  0.003  0.000    4.160    0.587    0    0  (Gen:  0)
   520832    117632   8693048  0.003  0.000    4.165    0.588    0    0  (Gen:  0)
   521280    149064   8769688  0.002  0.000    4.170    0.589    0    0  (Gen:  0)
   520416    118544   8815696  0.003  0.000    4.182    0.590    0    0  (Gen:  0)
   521208    158480   8901816  0.002  0.000    4.187    0.591    0    0  (Gen:  0)
   520912    122888   8964200  0.002  0.000    4.191    0.592    0    0  (Gen:  0)
   521112    147912   9037128  0.002  0.000    4.196    0.593    0    0  (Gen:  0)
   520768    137176   9105248  0.002  0.000    4.200    0.594    0    0  (Gen:  0)
   520728    104592   9160560  0.003  0.000    4.205    0.595    0    0  (Gen:  0)
   520440    150024   9236072  0.003  0.000    4.210    0.595    0    0  (Gen:  0)
   520800    145144   9307376  0.002  0.000    4.214    0.596    0    0  (Gen:  0)
   520936    126952   9375840  0.002  0.000    4.218    0.597    0    0  (Gen:  0)
   520840    136648   9455888  0.002  0.000    4.222    0.598    0    0  (Gen:  0)
   520872    145640   9537192  0.002  0.000    4.226    0.599    0    0  (Gen:  0)
   520864    128344   9593280  0.003  0.000    4.232    0.599    0    0  (Gen:  0)
   520264    168928   9682728  0.002  0.000    4.236    0.600    0    0  (Gen:  0)
   520168    150640   9765432  0.002  0.000    4.241    0.601    0    0  (Gen:  0)
   520848    138104   9823632  0.003  0.000    4.246    0.602    0    0  (Gen:  0)
   520752    145496   9886112  0.002  0.000    4.251    0.603    0    0  (Gen:  0)
   521440    114568   9960656  0.002  0.000    4.256    0.604    0    0  (Gen:  0)
   520328   5528288   6526328  0.015  0.001    4.273    0.606    0    0  (Gen:  1)
   521160    150024   6593432  0.002  0.000    4.278    0.607    0    0  (Gen:  0)
   520392    123648   6662688  0.003  0.000    4.283    0.608    0    0  (Gen:  0)
   520832    162472   6742728  0.003  0.000    4.287    0.608    0    0  (Gen:  0)
   726504    129624   6797880  0.003  0.000    4.292    0.609    0    0  (Gen:  0)
   520624     34352   6815696  0.001  0.000    4.295    0.610    0    0  (Gen:  0)
   521192     45696   6857392  0.001  0.000    4.298    0.610    0    0  (Gen:  0)
   520400     65952   6898976  0.002  0.000    4.302    0.611    0    0  (Gen:  0)
   520840     62952   6924504  0.002  0.000    4.306    0.612    0    0  (Gen:  0)
   520960     77992   6955240  0.002  0.000    4.309    0.612    0    0  (Gen:  0)
   520368     67640   7002696  0.002  0.000    4.313    0.613    0    0  (Gen:  0)
   521224    124536   7073872  0.002  0.000    4.316    0.614    0    0  (Gen:  0)
   520504    101576   7122776  0.002  0.000    4.320    0.614    0    0  (Gen:  0)
   521064     82336   7164480  0.002  0.000    4.324    0.615    0    0  (Gen:  0)
   520360    114672   7220880  0.002  0.000    4.328    0.616    0    0  (Gen:  0)
   520312    118256   7280352  0.002  0.000    4.332    0.617    0    0  (Gen:  0)
   520768     98760   7322280  0.003  0.000    4.336    0.617    0    0  (Gen:  0)
   520768    141920   7400944  0.003  0.000    4.340    0.618    0    0  (Gen:  0)
   521224    117120   7466512  0.002  0.000    4.344    0.619    0    0  (Gen:  0)
   521072    105032   7511488  0.003  0.000    4.349    0.620    0    0  (Gen:  0)
   520408    115968   7557248  0.003  0.000    4.353    0.620    0    0  (Gen:  0)
   520528     78080   7616848  0.002  0.000    4.357    0.621    0    0  (Gen:  0)
   521688    150536   7699440  0.002  0.000    4.361    0.622    0    0  (Gen:  0)
   520808    127832   7758304  0.002  0.000    4.365    0.622    0    0  (Gen:  0)
   521296     98728   7813992  0.003  0.000    4.370    0.623    0    0  (Gen:  0)
   521200    139688   7882752  0.003  0.000    4.374    0.624    0    0  (Gen:  0)
   525368    137288   7951552  0.002  0.000    4.378    0.625    0    0  (Gen:  0)
   521576    105416   8003688  0.003  0.000    4.383    0.625    0    0  (Gen:  0)
   520952    162952   8095400  0.002  0.000    4.387    0.626    0    0  (Gen:  0)
   520792    130616   8170104  0.002  0.000    4.391    0.627    0    0  (Gen:  0)
   520512    115024   8221808  0.003  0.000    4.396    0.628    0    0  (Gen:  0)
   520920    124120   8272384  0.003  0.000    4.401    0.629    0    0  (Gen:  0)
   520936    154120   8349384  0.003  0.000    4.405    0.629    0    0  (Gen:  0)
   520968    124464   8400864  0.003  0.000    4.410    0.630    0    0  (Gen:  0)
   521200    138624   8460336  0.002  0.000    4.415    0.631    0    0  (Gen:  0)
   521184    113936   8530344  0.002  0.000    4.419    0.632    0    0  (Gen:  0)
   521176    154184   8604864  0.002  0.000    4.423    0.633    0    0  (Gen:  0)
   525360    152264   8691792  0.003  0.000    4.428    0.633    0    0  (Gen:  0)
   521320    108240   8756896  0.003  0.000    4.432    0.634    0    0  (Gen:  0)
   520760    163680   8841552  0.003  0.000    4.437    0.635    0    0  (Gen:  0)
   521440    145720   8915792  0.002  0.000    4.441    0.636    0    0  (Gen:  0)
   520896    123368   8979920  0.003  0.000    4.446    0.637    0    0  (Gen:  0)
   520840    131176   9029976  0.003  0.000    4.451    0.637    0    0  (Gen:  0)
   524728    167192   9118304  0.003  0.000    4.455    0.638    0    0  (Gen:  0)
   520712    119528   9179320  0.003  0.000    4.460    0.639    0    0  (Gen:  0)
   520800    155648   9252960  0.003  0.000    4.465    0.640    0    0  (Gen:  0)
   525016    141840   9334816  0.003  0.000    4.469    0.641    0    0  (Gen:  0)
   525032    129872   9392576  0.003  0.000    4.474    0.641    0    0  (Gen:  0)
   533344    140120   9448544  0.003  0.000    4.480    0.642    0    0  (Gen:  0)
   713960    122184   9493656  0.003  0.000    4.484    0.643    0    0  (Gen:  0)
   520416     43096   9511952  0.002  0.000    4.487    0.644    0    0  (Gen:  0)
   520544     76544   9557384  0.002  0.000    4.491    0.644    0    0  (Gen:  0)
   520800     54616   9588600  0.002  0.000    4.495    0.645    0    0  (Gen:  0)
   520600     97496   9642824  0.002  0.000    4.498    0.646    0    0  (Gen:  0)
   520856     93928   9688272  0.002  0.000    4.502    0.646    0    0  (Gen:  0)
   521304     76688   9724416  0.002  0.000    4.506    0.647    0    0  (Gen:  0)
   521080     85488   9755904  0.002  0.000    4.510    0.648    0    0  (Gen:  0)
   521112    119080   9819264  0.002  0.000    4.514    0.649    0    0  (Gen:  0)
   520984     92328   9854912  0.003  0.000    4.519    0.649    0    0  (Gen:  0)
   521184    108728   9899248  0.002  0.000    4.523    0.650    0    0  (Gen:  0)
   520576     90680   9951408  0.002  0.000    4.527    0.651    0    0  (Gen:  0)
   520744     78704  10026224  0.002  0.000    4.531    0.652    0    0  (Gen:  0)
   521400    116192  10086864  0.002  0.000    4.535    0.652    0    0  (Gen:  0)
   520472     95672  10137904  0.002  0.000    4.538    0.653    0    0  (Gen:  0)
   520960    105736  10197968  0.002  0.000    4.542    0.654    0    0  (Gen:  0)
   520768    134576  10264392  0.002  0.000    4.546    0.654    0    0  (Gen:  0)
   520608    105072  10311064  0.003  0.000    4.549    0.655    0    0  (Gen:  0)
   520600    114288  10353680  0.003  0.000    4.554    0.656    0    0  (Gen:  0)
   521160    140864  10424272  0.003  0.000    4.557    0.656    0    0  (Gen:  0)
   520464    117504  10473120  0.003  0.000    4.561    0.657    0    0  (Gen:  0)
   524800    128512  10529304  0.003  0.000    4.565    0.658    0    0  (Gen:  0)
   521416     91400  10592536  0.003  0.000    4.568    0.659    0    0  (Gen:  0)
   520640    157656  10677624  0.003  0.000    4.572    0.659    0    0  (Gen:  0)
   521520    128872  10745928  0.003  0.000    4.575    0.660    0    0  (Gen:  0)
   521080    102280  10804696  0.003  0.000    4.579    0.661    0    0  (Gen:  0)
   521088    150272  10880664  0.003  0.000    4.582    0.661    0    0  (Gen:  0)
   520296    143008  10949120  0.003  0.000    4.586    0.662    0    0  (Gen:  0)
   521072    115672  11002736  0.003  0.000    4.590    0.663    0    0  (Gen:  0)
   520432    130984  11056240  0.003  0.000    4.595    0.664    0    0  (Gen:  0)
   520888    163440  11145552  0.003  0.000    4.599    0.664    0    0  (Gen:  0)
   520936    121976  11200768  0.003  0.000    4.603    0.665    0    0  (Gen:  0)
   520464    148168  11271624  0.003  0.000    4.607    0.666    0    0  (Gen:  0)
   524832    144640  11353592  0.003  0.000    4.611    0.667    0    0  (Gen:  0)
   521232    131416  11407784  0.004  0.000    4.615    0.667    0    0  (Gen:  0)
   520560    164160  11491984  0.003  0.000    4.619    0.668    0    0  (Gen:  0)
   520488    127200  11564984  0.003  0.000    4.623    0.669    0    0  (Gen:  0)
   520888    160504  11642000  0.003  0.000    4.627    0.669    0    0  (Gen:  0)
   524808    144448  11717968  0.003  0.000    4.631    0.670    0    0  (Gen:  0)
   521168    112360  11786024  0.003  0.000    4.635    0.671    0    0  (Gen:  0)
   521240    170384  11874736  0.003  0.000    4.639    0.672    0    0  (Gen:  0)
   525608    147376  11948664  0.003  0.000    4.642    0.672    0    0  (Gen:  0)
   524984    125824  12014040  0.003  0.000    4.647    0.673    0    0  (Gen:  0)
   525576    140464  12069448  0.004  0.000    4.651    0.674    0    0  (Gen:  0)
   537808    139272  12125344  0.004  0.000    4.656    0.675    0    0  (Gen:  0)
   520440     41760  12145240  0.002  0.000    4.658    0.675    0    0  (Gen:  0)
   521080     78216  12193960  0.003  0.000    4.662    0.676    0    0  (Gen:  0)
   521008     44696  12229928  0.002  0.000    4.664    0.676    0    0  (Gen:  0)
   520960     87704  12274208  0.002  0.000    4.667    0.677    0    0  (Gen:  0)
   521560     89528  12319016  0.002  0.000    4.669    0.677    0    0  (Gen:  0)
   521152     73888  12356216  0.002  0.000    4.672    0.677    0    0  (Gen:  0)
   520768     84512  12385648  0.003  0.000    4.675    0.678    0    0  (Gen:  0)
   520304    121008  12451696  0.002  0.000    4.678    0.678    0    0  (Gen:  0)
   520768     92176  12490216  0.003  0.000    4.682    0.679    0    0  (Gen:  0)
   520416    100200  12526680  0.002  0.000    4.685    0.679    0    0  (Gen:  0)
   520792     83640  12585800  0.002  0.000    4.688    0.680    0    0  (Gen:  0)
   520600    137400  12661792  0.003  0.000    4.691    0.680    0    0  (Gen:  0)
   521248    109840  12720312  0.002  0.000    4.694    0.681    0    0  (Gen:  0)
   520576     87296  12769672  0.002  0.000    4.697    0.681    0    0  (Gen:  0)
   520952    131312  12835728  0.002  0.000    4.700    0.682    0    0  (Gen:  0)
   520464   4296256   5282048  0.017  0.001    4.718    0.684    0    0  (Gen:  1)
   520784    141032   5353384  0.002  0.000    4.721    0.684    0    0  (Gen:  0)
   520824    103112   5411912  0.002  0.000    4.724    0.685    0    0  (Gen:  0)
   520928    138472   5479912  0.002  0.000    4.727    0.685    0    0  (Gen:  0)
   520800    114208   5531552  0.003  0.000    4.731    0.686    0    0  (Gen:  0)
   520792    120480   5578536  0.003  0.000    4.735    0.687    0    0  (Gen:  0)
   521200     73824   5648288  0.002  0.000    4.738    0.687    0    0  (Gen:  0)
   520960    119200   5694760  0.003  0.000    4.742    0.688    0    0  (Gen:  0)
   520568    155392   5776688  0.003  0.000    4.746    0.688    0    0  (Gen:  0)
   521320    120336   5837256  0.002  0.000    4.749    0.689    0    0  (Gen:  0)
   521256    149544   5911376  0.002  0.000    4.752    0.689    0    0  (Gen:  0)
   520952    136720   5979416  0.002  0.000    4.756    0.690    0    0  (Gen:  0)
   520456    102216   6035216  0.030  0.003    4.786    0.693    0    0  (Gen:  0)
   520944    144688   6102688  0.002  0.000    4.790    0.694    0    0  (Gen:  0)
   520344    136288   6187896  0.002  0.000    4.794    0.694    0    0  (Gen:  0)
   521376    124808   6248656  0.003  0.000    4.799    0.695    0    0  (Gen:  0)
   520832    129424   6299576  0.003  0.000    4.804    0.696    0    0  (Gen:  0)
   521136    167696   6388352  0.002  0.000    4.808    0.697    0    0  (Gen:  0)
   520528    128592   6444680  0.003  0.000    4.813    0.697    0    0  (Gen:  0)
   520792    136976   6499928  0.003  0.000    4.818    0.698    0    0  (Gen:  0)
   520816    163416   6582968  0.003  0.000    4.823    0.699    0    0  (Gen:  0)
   521096    139392   6641424  0.003  0.000    4.828    0.699    0    0  (Gen:  0)
   521552    168128   6726248  0.003  0.000    4.833    0.700    0    0  (Gen:  0)
   520800    103792   6798360  0.003  0.000    4.837    0.701    0    0  (Gen:  0)
   520816    174928   6891488  0.002  0.000    4.841    0.702    0    0  (Gen:  0)
   520712    142520   6965168  0.002  0.000    4.845    0.702    0    0  (Gen:  0)
   521192    112896   7031576  0.003  0.000    4.850    0.703    0    0  (Gen:  0)
   520704    163032   7112432  0.002  0.000    4.854    0.704    0    0  (Gen:  0)
   685632    149304   7186136  0.002  0.000    4.858    0.704    0    0  (Gen:  0)
   521160    125448   7254920  0.003  0.000    4.862    0.705    0    0  (Gen:  0)
   521176    168136   7339064  0.002  0.000    4.866    0.706    0    0  (Gen:  0)
   520824    153384   7415744  0.002  0.000    4.870    0.706    0    0  (Gen:  0)
   520784    126512   7483368  0.002  0.000    4.874    0.707    0    0  (Gen:  0)
   520856    144688   7569360  0.002  0.000    4.878    0.707    0    0  (Gen:  0)
   519976    150216   7651272  0.002  0.000    4.882    0.708    0    0  (Gen:  0)
   520704    132856   7716360  0.003  0.000    4.887    0.709    0    0  (Gen:  0)
   521120    143288   7775016  0.004  0.000    4.892    0.710    0    0  (Gen:  0)
   520712    180144   7870832  0.002  0.000    4.896    0.710    0    0  (Gen:  0)
   520416    139952   7933480  0.003  0.000    4.901    0.711    0    0  (Gen:  0)
   521128    145664   7991608  0.004  0.000    4.907    0.712    0    0  (Gen:  0)
   521088    172608   8079376  0.003  0.000    4.911    0.712    0    0  (Gen:  0)
   521128    143608   8138688  0.004  0.000    4.917    0.713    0    0  (Gen:  0)
   520664    186936   8239640  0.003  0.000    4.922    0.714    0    0  (Gen:  0)
   521480    109720   8318136  0.002  0.000    4.926    0.715    0    0  (Gen:  0)
   520992    168536   8399192  0.003  0.000    4.931    0.715    0    0  (Gen:  0)
   520800    170896   8492136  0.003  0.000    4.935    0.716    0    0  (Gen:  0)
   520152    126384   8565096  0.003  0.000    4.940    0.717    0    0  (Gen:  0)
   521480    180488   8659000  0.002  0.000    4.944    0.718    0    0  (Gen:  0)
   521288    156328   8736800  0.002  0.000    4.948    0.718    0    0  (Gen:  0)
   520912    126232   8807424  0.003  0.000    4.953    0.719    0    0  (Gen:  0)
   521344    170520   8891520  0.003  0.000    4.957    0.720    0    0  (Gen:  0)
   525144    166240   8976192  0.002  0.000    4.961    0.720    0    0  (Gen:  0)
   520616    138752   9045864  0.003  0.000    4.966    0.721    0    0  (Gen:  0)
   520688    197088   9154600  0.002  0.000    4.970    0.722    0    0  (Gen:  0)
   520664    165216   9244176  0.002  0.000    4.974    0.722    0    0  (Gen:  0)
   520968    138256   9313104  0.003  0.000    4.979    0.723    0    0  (Gen:  0)
   521184    153432   9376592  0.004  0.000    4.985    0.724    0    0  (Gen:  0)
   521160    185424   9472696  0.003  0.000    4.989    0.725    0    0  (Gen:  0)
   520864    146648   9541848  0.003  0.000    4.995    0.725    0    0  (Gen:  0)
   520952    154832   9605600  0.004  0.000    5.000    0.726    0    0  (Gen:  0)
   521448    185336   9704000  0.003  0.000    5.004    0.727    0    0  (Gen:  0)
   521112    157304   9774392  0.004  0.000    5.010    0.728    0    0  (Gen:  0)
   521520    157368   9838632  0.004  0.000    5.016    0.729    0    0  (Gen:  0)
   524608    187048   9933880  0.002  0.000    5.020    0.729    0    0  (Gen:  0)
   520672    156816  10002600  0.004  0.000    5.026    0.730    0    0  (Gen:  0)
   520488    192976  10104512  0.004  0.000    5.032    0.731    0    0  (Gen:  0)
   520880    108696  10192136  0.003  0.000    5.036    0.732    0    0  (Gen:  0)
   521008    178944  10275848  0.002  0.000    5.040    0.732    0    0  (Gen:  0)
   524928    166168  10368880  0.002  0.000    5.044    0.733    0    0  (Gen:  0)
   521104   5505736   6491552  0.015  0.001    5.061    0.735    0    0  (Gen:  1)
   520584    176928   6576680  0.002  0.000    5.065    0.736    0    0  (Gen:  0)
   524184    160368   6658232  0.002  0.000    5.069    0.736    0    0  (Gen:  0)
   520496    142768   6734720  0.002  0.000    5.073    0.737    0    0  (Gen:  0)
   529944    181112   6824128  0.002  0.000    5.077    0.738    0    0  (Gen:  0)
   908240    145368   6907592  0.003  0.000    5.081    0.738    0    0  (Gen:  0)
   599480     34800   6910392  0.001  0.000    5.084    0.739    0    0  (Gen:  0)
   521312     47488   6930088  0.001  0.000    5.087    0.739    0    0  (Gen:  0)
   520952     64696   6990096  0.001  0.000    5.090    0.740    0    0  (Gen:  0)
   520920     59144   7017960  0.002  0.000    5.093    0.740    0    0  (Gen:  0)
   520640     71232   7042504  0.002  0.000    5.096    0.741    0    0  (Gen:  0)
   520520    106872   7101584  0.002  0.000    5.100    0.741    0    0  (Gen:  0)
   520864     82000   7132952  0.001  0.000    5.102    0.742    0    0  (Gen:  0)
   520344    123120   7203024  0.003  0.000    5.106    0.742    0    0  (Gen:  0)
   520656     74280   7253352  0.002  0.000    5.110    0.743    0    0  (Gen:  0)
   520728    119752   7311880  0.002  0.000    5.113    0.744    0    0  (Gen:  0)
   521512    115408   7367240  0.002  0.000    5.117    0.744    0    0  (Gen:  0)
   521192     95792   7411848  0.002  0.000    5.120    0.745    0    0  (Gen:  0)
   520344    148776   7498952  0.002  0.000    5.124    0.745    0    0  (Gen:  0)
   520872    116904   7566352  0.002  0.000    5.128    0.746    0    0  (Gen:  0)
   520808    105784   7613528  0.002  0.000    5.131    0.746    0    0  (Gen:  0)
   520752    109392   7653784  0.002  0.000    5.135    0.747    0    0  (Gen:  0)
   520760    139624   7724552  0.002  0.000    5.138    0.748    0    0  (Gen:  0)
   520920    113104   7767776  0.002  0.000    5.142    0.748    0    0  (Gen:  0)
   520168    125072   7821848  0.002  0.000    5.145    0.749    0    0  (Gen:  0)
   521288    102864   7882792  0.002  0.000    5.149    0.749    0    0  (Gen:  0)
   521248    143120   7952296  0.002  0.000    5.152    0.750    0    0  (Gen:  0)
   718048    116120   8006144  0.003  0.000    5.156    0.751    0    0  (Gen:  0)
   521248     34536   8025456  0.001  0.000    5.159    0.751    0    0  (Gen:  0)
   520032     41240   8062808  0.001  0.000    5.162    0.752    0    0  (Gen:  0)
   520664     72648   8100336  0.002  0.000    5.165    0.752    0    0  (Gen:  0)
   520624     62856   8127288  0.002  0.000    5.167    0.753    0    0  (Gen:  0)
   520248     76768   8156048  0.002  0.000    5.170    0.753    0    0  (Gen:  0)
   519992     75192   8201648  0.002  0.000    5.173    0.754    0    0  (Gen:  0)
   521056    118416   8268536  0.002  0.000    5.176    0.755    0    0  (Gen:  0)
   521824     95112   8316776  0.002  0.000    5.179    0.755    0    0  (Gen:  0)
   521304     80696   8362016  0.002  0.000    5.182    0.756    0    0  (Gen:  0)
   521232     94704   8395120  0.003  0.000    5.185    0.756    0    0  (Gen:  0)
   525376    130984   8464848  0.002  0.000    5.189    0.757    0    0  (Gen:  0)
   520536     94280   8506144  0.002  0.000    5.192    0.758    0    0  (Gen:  0)
   520816     81768   8583736  0.002  0.000    5.195    0.758    0    0  (Gen:  0)
   520944    113520   8651360  0.002  0.000    5.198    0.759    0    0  (Gen:  0)
   520952    106208   8693616  0.003  0.000    5.202    0.760    0    0  (Gen:  0)
   525144    143136   8769192  0.003  0.000    5.206    0.760    0    0  (Gen:  0)
   521408     88168   8827176  0.002  0.000    5.209    0.761    0    0  (Gen:  0)
   520880    146064   8904368  0.003  0.000    5.212    0.761    0    0  (Gen:  0)
   525256    120240   8965208  0.002  0.000    5.215    0.762    0    0  (Gen:  0)
   525016    105104   9021352  0.003  0.000    5.219    0.763    0    0  (Gen:  0)
   529176    117632   9065568  0.003  0.000    5.223    0.763    0    0  (Gen:  0)
   759168    122224   9114992  0.003  0.000    5.227    0.764    0    0  (Gen:  0)
   521232     40840   9134720  0.002  0.000    5.229    0.765    0    0  (Gen:  0)
   520544     76528   9181512  0.002  0.000    5.232    0.765    0    0  (Gen:  0)
   520584     73904   9224144  0.001  0.000    5.234    0.766    0    0  (Gen:  0)
   521192     67632   9250312  0.002  0.000    5.237    0.766    0    0  (Gen:  0)
   520456    104672   9305152  0.002  0.000    5.240    0.767    0    0  (Gen:  0)
   521152     71896   9343064  0.002  0.000    5.243    0.767    0    0  (Gen:  0)
   520336     84232   9373440  0.003  0.000    5.247    0.768    0    0  (Gen:  0)
   520960    110376   9429400  0.002  0.000    5.250    0.769    0    0  (Gen:  0)
   520760     90800   9469776  0.003  0.000    5.253    0.769    0    0  (Gen:  0)
   521040     97152   9504768  0.003  0.000    5.257    0.770    0    0  (Gen:  0)
   521504    126080   9571192  0.002  0.000    5.261    0.771    0    0  (Gen:  0)
   521040     99704   9609072  0.003  0.000    5.264    0.771    0    0  (Gen:  0)
   520472    144120   9688752  0.002  0.000    5.268    0.772    0    0  (Gen:  0)
   521112    113472   9740400  0.003  0.000    5.271    0.772    0    0  (Gen:  0)
   520952    136048   9810224  0.002  0.000    5.274    0.773    0    0  (Gen:  0)
   521088    125888   9874736  0.002  0.000    5.277    0.774    0    0  (Gen:  0)
   520040     98824   9925792  0.003  0.000    5.281    0.774    0    0  (Gen:  0)
   520728    112392   9967608  0.003  0.000    5.285    0.775    0    0  (Gen:  0)
   520768    151632  10048704  0.002  0.000    5.288    0.776    0    0  (Gen:  0)
   520848    125192  10114096  0.002  0.000    5.291    0.776    0    0  (Gen:  0)
   520776    105352  10170544  0.003  0.000    5.295    0.777    0    0  (Gen:  0)
   944496    106688  10209208  0.003  0.000    5.298    0.777    0    0  (Gen:  0)
   520928     45304  10228480  0.002  0.000    5.301    0.778    0    0  (Gen:  0)
   520592     74112  10272456  0.002  0.000    5.303    0.778    0    0  (Gen:  0)
   520816     73880  10312800  0.002  0.000    5.306    0.779    0    0  (Gen:  0)
   520536     68512  10338496  0.002  0.000    5.308    0.779    0    0  (Gen:  0)
   520800    123096  10414496  0.003  0.000    5.312    0.780    0    0  (Gen:  0)
   520880     71016  10453000  0.002  0.000    5.315    0.780    0    0  (Gen:  0)
   520752    112880  10510832  0.002  0.000    5.318    0.781    0    0  (Gen:  0)
   521096     96936  10571808  0.002  0.000    5.320    0.781    0    0  (Gen:  0)
   520816     85376  10607792  0.003  0.000    5.323    0.782    0    0  (Gen:  0)
   520896     94784  10642160  0.003  0.000    5.327    0.782    0    0  (Gen:  0)
   520440    129024  10711120  0.002  0.000    5.330    0.783    0    0  (Gen:  0)
   520480    101416  10748104  0.003  0.000    5.334    0.783    0    0  (Gen:  0)
   520752    149440  10832192  0.003  0.000    5.338    0.784    0    0  (Gen:  0)
   521056     92560  10883160  0.002  0.000    5.341    0.785    0    0  (Gen:  0)
   520184    130528  10947432  0.002  0.000    5.344    0.785    0    0  (Gen:  0)
   521000    121048  11009880  0.002  0.000    5.346    0.786    0    0  (Gen:  0)
   520704     98664  11060288  0.003  0.000    5.350    0.786    0    0  (Gen:  0)
   520720    111024  11100656  0.003  0.000    5.353    0.787    0    0  (Gen:  0)
   521272    153536  11185912  0.002  0.000    5.357    0.787    0    0  (Gen:  0)
   520808    112000  11236424  0.003  0.000    5.360    0.788    0    0  (Gen:  0)
   520840    116872  11280712  0.003  0.000    5.364    0.789    0    0  (Gen:  0)
   525104    153040  11363128  0.002  0.000    5.367    0.789    0    0  (Gen:  0)
   521136    117680  11409568  0.003  0.000    5.371    0.790    0    0  (Gen:  0)
   520632    160320  11496528  0.004  0.000    5.376    0.790    0    0  (Gen:  0)
   520816     89328  11561064  0.002  0.000    5.379    0.791    0    0  (Gen:  0)
   520152    146600  11632168  0.003  0.000    5.382    0.792    0    0  (Gen:  0)
   520672    137136  11702928  0.003  0.000    5.386    0.792    0    0  (Gen:  0)
   521280    103744  11763672  0.003  0.000    5.389    0.793    0    0  (Gen:  0)
   521248    157760  11845648  0.003  0.000    5.392    0.793    0    0  (Gen:  0)
   521048    143088  11916224  0.004  0.000    5.397    0.794    0    0  (Gen:  0)
   520808    119368  11977880  0.003  0.000    5.402    0.795    0    0  (Gen:  0)
   521136    133120  12031720  0.004  0.000    5.406    0.795    0    0  (Gen:  0)
   525400    170648  12122768  0.003  0.000    5.410    0.796    0    0  (Gen:  0)
   521208    131624  12182016  0.003  0.000    5.414    0.797    0    0  (Gen:  0)
   520736     96832  12274600  0.002  0.000    5.417    0.797    0    0  (Gen:  0)
   520784    135320  12356208  0.002  0.000    5.420    0.798    0    0  (Gen:  0)
   521200    145144  12427424  0.002  0.000    5.423    0.798    0    0  (Gen:  0)
   525184    121984  12492304  0.004  0.000    5.428    0.799    0    0  (Gen:  0)
   520720     80680  12566480  0.002  0.000    5.431    0.800    0    0  (Gen:  0)
   520496    153488  12640240  0.003  0.000    5.434    0.800    0    0  (Gen:  0)
   524920    150880  12726448  0.004  0.000    5.438    0.801    0    0  (Gen:  0)
   520888   4763640   5757456  0.016  0.001    5.455    0.802    0    0  (Gen:  1)
   529456    159848   5835840  0.003  0.000    5.459    0.803    0    0  (Gen:  0)
   779504    127144   5896496  0.003  0.000    5.463    0.804    0    0  (Gen:  0)
   520472     32856   5915440  0.002  0.000    5.465    0.804    0    0  (Gen:  0)
   520792     60264   5949776  0.002  0.000    5.468    0.805    0    0  (Gen:  0)
   521032     71752   5986536  0.002  0.000    5.470    0.805    0    0  (Gen:  0)
   520952     63808   6013392  0.002  0.000    5.473    0.806    0    0  (Gen:  0)
   521496     71296   6036912  0.003  0.000    5.477    0.807    0    0  (Gen:  0)
   520952     99720   6089120  0.002  0.000    5.481    0.807    0    0  (Gen:  0)
   521280     83144   6119032  0.003  0.000    5.484    0.808    0    0  (Gen:  0)
   521048    124032   6187496  0.003  0.000    5.488    0.809    0    0  (Gen:  0)
   521240     91920   6232520  0.002  0.000    5.491    0.809    0    0  (Gen:  0)
   521000    120224   6293552  0.002  0.000    5.494    0.810    0    0  (Gen:  0)
   520440    119696   6352416  0.002  0.000    5.497    0.811    0    0  (Gen:  0)
   520520     92816   6392552  0.003  0.000    5.501    0.811    0    0  (Gen:  0)
   521392    142336   6472432  0.003  0.000    5.505    0.812    0    0  (Gen:  0)
   521144    124256   6539560  0.002  0.000    5.508    0.812    0    0  (Gen:  0)
   520104    105592   6582776  0.004  0.000    5.512    0.813    0    0  (Gen:  0)
   521568    137856   6652152  0.003  0.000    5.516    0.814    0    0  (Gen:  0)
   520864     94216   6711192  0.002  0.000    5.519    0.815    0    0  (Gen:  0)
   520200    142728   6785824  0.002  0.000    5.523    0.815    0    0  (Gen:  0)
   520632    124160   6850552  0.002  0.000    5.526    0.816    0    0  (Gen:  0)
   521000    106440   6906024  0.003  0.000    5.529    0.817    0    0  (Gen:  0)
   520528    146096   6979928  0.003  0.000    5.533    0.817    0    0  (Gen:  0)
   521288    142320   7049560  0.003  0.000    5.537    0.818    0    0  (Gen:  0)
   520432    109000   7101208  0.003  0.000    5.540    0.819    0    0  (Gen:  0)
   521072    157416   7184184  0.003  0.000    5.544    0.819    0    0  (Gen:  0)
   520992    125296   7259480  0.002  0.000    5.547    0.820    0    0  (Gen:  0)
   521264    116552   7310520  0.003  0.000    5.552    0.821    0    0  (Gen:  0)
   520992    123152   7358904  0.003  0.000    5.557    0.822    0    0  (Gen:  0)
   520272    147952   7430400  0.003  0.000    5.562    0.822    0    0  (Gen:  0)
   520664    125176   7482160  0.003  0.000    5.567    0.823    0    0  (Gen:  0)
   520864    159928   7564112  0.003  0.000    5.572    0.824    0    0  (Gen:  0)
   520824    111440   7632480  0.003  0.000    5.576    0.825    0    0  (Gen:  0)
   521008    166152   7719928  0.003  0.000    5.581    0.826    0    0  (Gen:  0)
   520496    143720   7794800  0.003  0.000    5.586    0.827    0    0  (Gen:  0)
   521032    111800   7856584  0.003  0.000    5.591    0.828    0    0  (Gen:  0)
   520496    159048   7938144  0.003  0.000    5.596    0.829    0    0  (Gen:  0)
   520240    154440   8013888  0.003  0.000    5.600    0.830    0    0  (Gen:  0)
   520600    125944   8084048  0.002  0.000    5.605    0.830    0    0  (Gen:  0)
   520576    123008   8155896  0.003  0.000    5.609    0.831    0    0  (Gen:  0)
   521576    163560   8236664  0.003  0.000    5.614    0.832    0    0  (Gen:  0)
   520584    130896   8298456  0.003  0.000    5.619    0.833    0    0  (Gen:  0)
   520816    139992   8352872  0.004  0.000    5.624    0.834    0    0  (Gen:  0)
   520680    169448   8440704  0.003  0.000    5.629    0.835    0    0  (Gen:  0)
   520848    137216   8497400  0.003  0.000    5.634    0.836    0    0  (Gen:  0)
   521368    146856   8565880  0.003  0.000    5.639    0.837    0    0  (Gen:  0)
   721952     48184   8586680  0.001  0.000    5.643    0.837    0    0  (Gen:  0)
   520600     43608   8605664  0.002  0.000    5.646    0.838    0    0  (Gen:  0)
   520480     79456   8653744  0.002  0.000    5.649    0.838    0    0  (Gen:  0)
   520840     62464   8681536  0.002  0.000    5.653    0.839    0    0  (Gen:  0)
   521152     89032   8726792  0.002  0.000    5.657    0.840    0    0  (Gen:  0)
   520104     97528   8776832  0.002  0.000    5.661    0.841    0    0  (Gen:  0)
   521272     77656   8810976  0.002  0.000    5.665    0.841    0    0  (Gen:  0)
   520664     82656   8840520  0.002  0.000    5.669    0.842    0    0  (Gen:  0)
   521088    115520   8900864  0.002  0.000    5.673    0.843    0    0  (Gen:  0)
   520624     89472   8931640  0.003  0.000    5.678    0.844    0    0  (Gen:  0)
   520280    131368   9003632  0.003  0.000    5.683    0.844    0    0  (Gen:  0)
   520408     81344   9056344  0.002  0.000    5.687    0.845    0    0  (Gen:  0)
   520800    137856   9129040  0.002  0.000    5.691    0.846    0    0  (Gen:  0)
   521072    123536   9191168  0.002  0.000    5.695    0.847    0    0  (Gen:  0)
   521168     92208   9238288  0.003  0.000    5.700    0.848    0    0  (Gen:  0)
   520448    109592   9280120  0.003  0.000    5.705    0.848    0    0  (Gen:  0)
   520728    145712   9359272  0.002  0.000    5.709    0.849    0    0  (Gen:  0)
   521104    111936   9407016  0.003  0.000    5.714    0.850    0    0  (Gen:  0)
   521408    111096   9446832  0.003  0.000    5.719    0.851    0    0  (Gen:  0)
   520968    141592   9520696  0.002  0.000    5.723    0.852    0    0  (Gen:  0)
   521432    116688   9568752  0.003  0.000    5.728    0.852    0    0  (Gen:  0)
   525016    149320   9646832  0.003  0.000    5.733    0.853    0    0  (Gen:  0)
   521496     92168   9709120  0.002  0.000    5.738    0.854    0    0  (Gen:  0)
   520824    158720   9796320  0.003  0.000    5.742    0.855    0    0  (Gen:  0)
   521360    132312   9861768  0.002  0.000    5.746    0.856    0    0  (Gen:  0)
   520752    108136   9920432  0.003  0.000    5.751    0.857    0    0  (Gen:  0)
   520224    151576   9996792  0.002  0.000    5.755    0.857    0    0  (Gen:  0)
   521136    143184  10066592  0.002  0.000    5.759    0.858    0    0  (Gen:  0)
   521240    116008  10124016  0.003  0.000    5.764    0.859    0    0  (Gen:  0)
   520808    130384  10176136  0.003  0.000    5.770    0.860    0    0  (Gen:  0)
   521256    158576  10258488  0.002  0.000    5.774    0.861    0    0  (Gen:  0)
   521296    128104  10317968  0.003  0.000    5.779    0.861    0    0  (Gen:  0)
   521152    131376  10370664  0.003  0.000    5.785    0.862    0    0  (Gen:  0)
   525328    162856  10454408  0.003  0.000    5.789    0.863    0    0  (Gen:  0)
   521048    129856  10511504  0.003  0.000    5.795    0.864    0    0  (Gen:  0)
   521296    171728  10602928  0.004  0.000    5.800    0.865    0    0  (Gen:  0)
   521320     95736  10678064  0.002  0.000    5.805    0.866    0    0  (Gen:  0)
   520512    155832  10751328  0.002  0.000    5.809    0.867    0    0  (Gen:  0)
   524744    130608  10821888  0.003  0.000    5.814    0.868    0    0  (Gen:  0)
   521112    103264  10888736  0.003  0.000    5.818    0.868    0    0  (Gen:  0)
   520736    167744  10975040  0.003  0.000    5.823    0.869    0    0  (Gen:  0)
   524544    146872  11048760  0.003  0.000    5.828    0.870    0    0  (Gen:  0)
   521016    114144  11113960  0.003  0.000    5.833    0.871    0    0  (Gen:  0)
   529432    161840  11193848  0.003  0.000    5.838    0.872    0    0  (Gen:  0)
   722080    129248  11244856  0.003  0.000    5.842    0.873    0    0  (Gen:  0)
   520536   4818136   5811944  0.013  0.001    5.857    0.874    0    0  (Gen:  1)
   520552     68368   5851592  0.001  0.000    5.861    0.875    0    0  (Gen:  0)
   520840     72064   5893168  0.001  0.000    5.864    0.876    0    0  (Gen:  0)
   520800     65792   5918128  0.002  0.000    5.867    0.876    0    0  (Gen:  0)
   520720     84128   5953440  0.002  0.000    5.871    0.877    0    0  (Gen:  0)
   521120     75376   5995848  0.001  0.000    5.874    0.878    0    0  (Gen:  0)
   521184    116920   6059208  0.002  0.000    5.877    0.878    0    0  (Gen:  0)
   521048    108256   6111688  0.002  0.000    5.881    0.879    0    0  (Gen:  0)
   520936     96216   6155216  0.002  0.000    5.884    0.880    0    0  (Gen:  0)
   520840     96568   6190240  0.002  0.000    5.888    0.880    0    0  (Gen:  0)
   520992    131672   6261088  0.002  0.000    5.892    0.881    0    0  (Gen:  0)
   520456     99328   6299744  0.002  0.000    5.895    0.882    0    0  (Gen:  0)
   521352    145968   6382032  0.003  0.000    5.900    0.883    0    0  (Gen:  0)
   520864     77864   6442128  0.001  0.000    5.903    0.883    0    0  (Gen:  0)
   520576    127656   6502768  0.002  0.000    5.907    0.884    0    0  (Gen:  0)
   521400    120456   6564336  0.002  0.000    5.911    0.885    0    0  (Gen:  0)
   520672    102824   6618096  0.002  0.000    5.914    0.885    0    0  (Gen:  0)
   520232    136200   6685896  0.002  0.000    5.918    0.886    0    0  (Gen:  0)
   520704    133376   6752520  0.002  0.000    5.922    0.887    0    0  (Gen:  0)
   520824    117240   6805448  0.002  0.000    5.925    0.887    0    0  (Gen:  0)
   520872    119160   6849664  0.002  0.000    5.929    0.888    0    0  (Gen:  0)
   524952    154200   6930320  0.002  0.000    5.933    0.889    0    0  (Gen:  0)
   521416    116912   6977520  0.002  0.000    5.937    0.890    0    0  (Gen:  0)
   521040    150624   7055040  0.002  0.000    5.941    0.890    0    0  (Gen:  0)
   520968    136904   7130592  0.002  0.000    5.945    0.891    0    0  (Gen:  0)
   521280    122776   7179016  0.002  0.000    5.948    0.892    0    0  (Gen:  0)
   520952    135992   7239192  0.002  0.000    5.952    0.892    0    0  (Gen:  0)
   520272    114160   7300424  0.002  0.000    5.956    0.893    0    0  (Gen:  0)
   520528    160704   7387048  0.003  0.000    5.960    0.894    0    0  (Gen:  0)
   520904    135024   7455328  0.002  0.000    5.964    0.895    0    0  (Gen:  0)
   520776    120856   7519928  0.002  0.000    5.968    0.895    0    0  (Gen:  0)
   521048    155336   7597016  0.002  0.000    5.971    0.896    0    0  (Gen:  0)
   524240    155152   7675160  0.002  0.000    5.975    0.897    0    0  (Gen:  0)
   521208    127832   7733120  0.002  0.000    5.979    0.897    0    0  (Gen:  0)
   520872    101136   7829880  0.002  0.000    5.983    0.898    0    0  (Gen:  0)
   520488    131224   7911560  0.002  0.000    5.987    0.899    0    0  (Gen:  0)
   520624    132160   7973624  0.002  0.000    5.991    0.900    0    0  (Gen:  0)
   520536    138312   8029424  0.002  0.000    5.995    0.900    0    0  (Gen:  0)
   525432    165304   8110064  0.002  0.000    5.998    0.901    0    0  (Gen:  0)
   521264    140128   8170608  0.003  0.000    6.003    0.902    0    0  (Gen:  0)
   525464    143128   8228800  0.003  0.000    6.008    0.903    0    0  (Gen:  0)
   521120     94192   8304184  0.002  0.000    6.011    0.904    0    0  (Gen:  0)
   525512    160120   8381248  0.002  0.000    6.015    0.904    0    0  (Gen:  0)
   545704    133192   8442424  0.003  0.000    6.020    0.905    0    0  (Gen:  0)
   520776     34400   8461424  0.001  0.000    6.023    0.906    0    0  (Gen:  0)
   520544     42960   8500264  0.001  0.000    6.026    0.906    0    0  (Gen:  0)
   520408     72248   8537224  0.001  0.000    6.029    0.907    0    0  (Gen:  0)
   520984     65896   8564464  0.002  0.000    6.033    0.907    0    0  (Gen:  0)
   520792     76000   8592184  0.002  0.000    6.037    0.908    0    0  (Gen:  0)
   521328     57840   8640744  0.001  0.000    6.040    0.908    0    0  (Gen:  0)
   520592    124392   8712640  0.002  0.000    6.044    0.909    0    0  (Gen:  0)
   520368    100968   8762536  0.002  0.000    6.048    0.909    0    0  (Gen:  0)
   520848     84848   8806864  0.001  0.000    6.051    0.910    0    0  (Gen:  0)
   520504     95456   8841872  0.002  0.000    6.054    0.910    0    0  (Gen:  0)
   520992    121168   8902096  0.002  0.000    6.058    0.911    0    0  (Gen:  0)
   520464     98472   8941520  0.002  0.000    6.061    0.912    0    0  (Gen:  0)
   521048    137936   9016624  0.002  0.000    6.065    0.912    0    0  (Gen:  0)
   520944    127496   9083816  0.002  0.000    6.068    0.913    0    0  (Gen:  0)
   520576    110936   9127928  0.002  0.000    6.072    0.913    0    0  (Gen:  0)
   520768    121400   9178832  0.002  0.000    6.076    0.914    0    0  (Gen:  0)
   520808     90656   9236648  0.002  0.000    6.079    0.915    0    0  (Gen:  0)
   520816    147648   9315840  0.002  0.000    6.083    0.915    0    0  (Gen:  0)
   520728    133256   9380976  0.002  0.000    6.086    0.916    0    0  (Gen:  0)
   521112    113472   9436384  0.002  0.000    6.090    0.916    0    0  (Gen:  0)
   520416    119016   9481088  0.002  0.000    6.094    0.917    0    0  (Gen:  0)
   521088    158320   9567496  0.002  0.000    6.098    0.918    0    0  (Gen:  0)
   520840    113168   9619064  0.002  0.000    6.101    0.918    0    0  (Gen:  0)
   520632    158440   9703352  0.002  0.000    6.105    0.919    0    0  (Gen:  0)
   521072    138192   9777448  0.002  0.000    6.109    0.919    0    0  (Gen:  0)
   521680    118696   9827776  0.002  0.000    6.112    0.920    0    0  (Gen:  0)
   520912    127104   9880184  0.003  0.000    6.117    0.921    0    0  (Gen:  0)
   520704     75072   9947632  0.002  0.000    6.120    0.921    0    0  (Gen:  0)
   520392    159600  10033816  0.002  0.000    6.123    0.922    0    0  (Gen:  0)
   520808    143576  10099704  0.002  0.000    6.127    0.922    0    0  (Gen:  0)
   520920    130512  10166688  0.002  0.000    6.131    0.923    0    0  (Gen:  0)
   521400    155936  10243496  0.002  0.000    6.134    0.924    0    0  (Gen:  0)
   520792    148664  10318568  0.002  0.000    6.138    0.924    0    0  (Gen:  0)
   520248    118424  10377984  0.002  0.000    6.141    0.925    0    0  (Gen:  0)
   521080    154744  10454008  0.002  0.000    6.145    0.925    0    0  (Gen:  0)
   520736    173056  10548672  0.002  0.000    6.149    0.926    0    0  (Gen:  0)
   520904    143472  10612792  0.002  0.000    6.153    0.927    0    0  (Gen:  0)
   521832    138744  10668184  0.002  0.000    6.157    0.927    0    0  (Gen:  0)
   520824    173264  10757144  0.002  0.000    6.161    0.928    0    0  (Gen:  0)
   520688    136552  10817256  0.002  0.000    6.164    0.929    0    0  (Gen:  0)
   521104    139960  10872152  0.002  0.000    6.168    0.929    0    0  (Gen:  0)
   520696    163448  10954144  0.002  0.000    6.172    0.930    0    0  (Gen:  0)
   521040    136800  11010296  0.002  0.000    6.176    0.930    0    0  (Gen:  0)
   619976    142752  11079696  0.002  0.000    6.180    0.931    0    0  (Gen:  0)
   582704    149168  11150968  0.002  0.000    6.184    0.932    0    0  (Gen:  0)
   521008    139536  11211568  0.002  0.000    6.188    0.932    0    0  (Gen:  0)
   521032    176456  11306544  0.003  0.000    6.192    0.933    0    0  (Gen:  0)
   520568    124952  11378352  0.002  0.000    6.195    0.934    0    0  (Gen:  0)
   520976    160968  11457264  0.002  0.000    6.199    0.934    0    0  (Gen:  0)
   520464    145472  11531488  0.002  0.000    6.203    0.935    0    0  (Gen:  0)
   520344   4909040   5894864  0.013  0.001    6.218    0.937    0    0  (Gen:  1)
   520576    169456   5977680  0.002  0.000    6.222    0.937    0    0  (Gen:  0)
   521184    161400   6057528  0.002  0.000    6.226    0.938    0    0  (Gen:  0)
   520488    129984   6127528  0.002  0.000    6.230    0.939    0    0  (Gen:  0)
   521120    171384   6212592  0.002  0.000    6.233    0.939    0    0  (Gen:  0)
   520768    165168   6294064  0.002  0.000    6.237    0.940    0    0  (Gen:  0)
   521160    132968   6358896  0.002  0.000    6.240    0.940    0    0  (Gen:  0)
   520936    186032   6461936  0.002  0.000    6.244    0.941    0    0  (Gen:  0)
   521152    154944   6549640  0.002  0.000    6.248    0.942    0    0  (Gen:  0)
   521568    137816   6613776  0.002  0.000    6.251    0.942    0    0  (Gen:  0)
   520560    149144   6675560  0.002  0.000    6.255    0.943    0    0  (Gen:  0)
   520496    173008   6762552  0.002  0.000    6.259    0.944    0    0  (Gen:  0)
   520600    146952   6824576  0.002  0.000    6.262    0.944    0    0  (Gen:  0)
   521608    147912   6881848  0.002  0.000    6.266    0.945    0    0  (Gen:  0)
   520800    174920   6970528  0.002  0.000    6.269    0.945    0    0  (Gen:  0)
   521432    150472   7033632  0.002  0.000    6.273    0.946    0    0  (Gen:  0)
   525264    156080   7102192  0.003  0.000    6.278    0.947    0    0  (Gen:  0)
   520720    119568   7183208  0.002  0.000    6.281    0.947    0    0  (Gen:  0)
   520912    181112   7274944  0.002  0.000    6.285    0.948    0    0  (Gen:  0)
   520680    160184   7354192  0.002  0.000    6.289    0.948    0    0  (Gen:  0)
   520728    146416   7429408  0.002  0.000    6.292    0.949    0    0  (Gen:  0)
   521144    176056   7516176  0.002  0.000    6.296    0.950    0    0  (Gen:  0)
   520952    162832   7598256  0.002  0.000    6.300    0.950    0    0  (Gen:  0)
   520832    149160   7673064  0.002  0.000    6.303    0.951    0    0  (Gen:  0)
   521048    182408   7766528  0.002  0.000    6.307    0.951    0    0  (Gen:  0)
   521352    166744   7847888  0.002  0.000    6.311    0.952    0    0  (Gen:  0)
   521136    144200   7923672  0.002  0.000    6.314    0.953    0    0  (Gen:  0)
   521336    180680   8011224  0.002  0.000    6.318    0.953    0    0  (Gen:  0)
   525088    176376   8097792  0.002  0.000    6.322    0.954    0    0  (Gen:  0)
   520440    147712   8171416  0.002  0.000    6.325    0.955    0    0  (Gen:  0)
   520760    202272   8280664  0.002  0.000    6.329    0.955    0    0  (Gen:  0)
   520616    179816   8374544  0.002  0.000    6.333    0.956    0    0  (Gen:  0)
   520744    154000   8444408  0.002  0.000    6.337    0.956    0    0  (Gen:  0)
   521160    156016   8509416  0.002  0.000    6.341    0.957    0    0  (Gen:  0)
   525304    181184   8599056  0.002  0.000    6.344    0.958    0    0  (Gen:  0)
   520704    152544   8669376  0.002  0.000    6.348    0.958    0    0  (Gen:  0)
   520528    159120   8735272  0.002  0.000    6.352    0.959    0    0  (Gen:  0)
   523840    181896   8826008  0.002  0.000    6.356    0.960    0    0  (Gen:  0)
   525712    155976   8894664  0.002  0.000    6.359    0.960    0    0  (Gen:  0)
   537920    158200   8958544  0.002  0.000    6.363    0.961    0    0  (Gen:  0)
   977328    125288   8998440  0.003  0.000    6.367    0.962    0    0  (Gen:  0)
   521152     47176   9018456  0.001  0.000    6.370    0.962    0    0  (Gen:  0)
   521024     84816   9073456  0.002  0.000    6.374    0.963    0    0  (Gen:  0)
   520896     48800   9107704  0.001  0.000    6.377    0.963    0    0  (Gen:  0)
   521000     88768   9153776  0.001  0.000    6.380    0.964    0    0  (Gen:  0)
   520384     91104   9197528  0.002  0.000    6.383    0.964    0    0  (Gen:  0)
   520992     78584   9235320  0.001  0.000    6.386    0.965    0    0  (Gen:  0)
   521232     84160   9264168  0.002  0.000    6.390    0.965    0    0  (Gen:  0)
   520696    120864   9329672  0.002  0.000    6.393    0.966    0    0  (Gen:  0)
   520664     92904   9368432  0.002  0.000    6.396    0.966    0    0  (Gen:  0)
   521152    100416   9404936  0.002  0.000    6.400    0.967    0    0  (Gen:  0)
   521256     71288   9463392  0.001  0.000    6.403    0.967    0    0  (Gen:  0)
   520528    137584   9539024  0.002  0.000    6.406    0.968    0    0  (Gen:  0)
   520904    123456   9597520  0.002  0.000    6.410    0.969    0    0  (Gen:  0)
   520848    102616   9647792  0.002  0.000    6.413    0.969    0    0  (Gen:  0)
   520712    131632   9713016  0.002  0.000    6.416    0.970    0    0  (Gen:  0)
   520656    128472   9777712  0.002  0.000    6.419    0.970    0    0  (Gen:  0)
   520608    103496   9826224  0.002  0.000    6.423    0.971    0    0  (Gen:  0)
   520520    112944   9869728  0.002  0.000    6.426    0.972    0    0  (Gen:  0)
   521240    147544   9946392  0.002  0.000    6.430    0.972    0    0  (Gen:  0)
   521152    117336   9997264  0.002  0.000    6.433    0.973    0    0  (Gen:  0)
   520888    119960  10043544  0.003  0.000    6.438    0.973    0    0  (Gen:  0)
   718472     38472  10076400  0.001  0.000    6.441    0.974    0    0  (Gen:  0)
   520376     46904  10095936  0.001  0.000    6.444    0.974    0    0  (Gen:  0)
   520056     82888  10146392  0.002  0.000    6.447    0.975    0    0  (Gen:  0)
   521184     54920  10174736  0.001  0.000    6.450    0.976    0    0  (Gen:  0)
   520152     90376  10220880  0.001  0.000    6.453    0.976    0    0  (Gen:  0)
   520136     96696  10268440  0.001  0.000    6.457    0.977    0    0  (Gen:  0)
   520608     80232  10300800  0.002  0.000    6.460    0.978    0    0  (Gen:  0)
   521816     86256  10331376  0.002  0.000    6.463    0.978    0    0  (Gen:  0)
   521280    114296  10392520  0.002  0.000    6.467    0.979    0    0  (Gen:  0)
   521216     94648  10428120  0.002  0.000    6.470    0.979    0    0  (Gen:  0)
   525616    114024  10481088  0.002  0.000    6.474    0.980    0    0  (Gen:  0)
   520584     84024  10526400  0.001  0.000    6.477    0.981    0    0  (Gen:  0)
   520688    123824  10589760  0.002  0.000    6.480    0.981    0    0  (Gen:  0)
   521016    121056  10649144  0.002  0.000    6.484    0.982    0    0  (Gen:  0)
   520912    104072  10697472  0.002  0.000    6.487    0.983    0    0  (Gen:  0)
   520848    110696  10740600  0.002  0.000    6.491    0.983    0    0  (Gen:  0)
   525464    146560  10816960  0.002  0.000    6.495    0.984    0    0  (Gen:  0)
   520832    114016  10864584  0.002  0.000    6.498    0.985    0    0  (Gen:  0)
   525424    155304  10949264  0.003  0.000    6.503    0.985    0    0  (Gen:  0)
   520808     94296  11013368  0.001  0.000    6.506    0.986    0    0  (Gen:  0)
   524848    152552  11094824  0.002  0.000    6.510    0.987    0    0  (Gen:  0)
   768024    118896  11150808  0.003  0.000    6.514    0.988    0    0  (Gen:  0)
   520752     32312  11170224  0.001  0.000    6.517    0.988    0    0  (Gen:  0)
   520960     62608  11207424  0.001  0.000    6.520    0.989    0    0  (Gen:  0)
   520312     70392  11244648  0.001  0.000    6.523    0.989    0    0  (Gen:  0)
   521192     62696  11271920  0.001  0.000    6.527    0.990    0    0  (Gen:  0)
   520744     71432  11295848  0.001  0.000    6.530    0.990    0    0  (Gen:  0)
   521016    101336  11349976  0.002  0.000    6.533    0.991    0    0  (Gen:  0)
   520472     83128  11380072  0.002  0.000    6.537    0.992    0    0  (Gen:  0)
   520736    100952  11424904  0.002  0.000    6.540    0.992    0    0  (Gen:  0)
   520928     92848  11471552  0.001  0.000    6.543    0.993    0    0  (Gen:  0)
   520624    120328  11530848  0.002  0.000    6.547    0.994    0    0  (Gen:  0)
   521464    118296  11589160  0.002  0.000    6.550    0.994    0    0  (Gen:  0)
   521568   4620936   5614792  0.011  0.001    6.563    0.996    0    0  (Gen:  1)
   520640    131432   5684112  0.001  0.000    6.567    0.996    0    0  (Gen:  0)
   521008    118632   5752192  0.001  0.000    6.570    0.997    0    0  (Gen:  0)
   520840    107016   5797816  0.002  0.000    6.573    0.998    0    0  (Gen:  0)
   520976    116808   5844344  0.002  0.000    6.577    0.998    0    0  (Gen:  0)
   520064     97680   5905688  0.001  0.000    6.580    0.999    0    0  (Gen:  0)
   520920    150784   5988048  0.002  0.000    6.584    1.000    0    0  (Gen:  0)
   520680    129328   6052728  0.002  0.000    6.588    1.000    0    0  (Gen:  0)
   520624    109520   6110376  0.002  0.000    6.591    1.001    0    0  (Gen:  0)
   520872     82624   6189016  0.002  0.000    6.595    1.002    0    0  (Gen:  0)
   944424    112480   6237560  0.003  0.000    6.600    1.002    0    0  (Gen:  0)
   520696     37392   6256624  0.002  0.000    6.603    1.003    0    0  (Gen:  0)
   520896     63192   6294352  0.002  0.000    6.606    1.003    0    0  (Gen:  0)
   521064     71776   6332496  0.002  0.000    6.609    1.004    0    0  (Gen:  0)
   520472     63232   6358992  0.002  0.000    6.612    1.004    0    0  (Gen:  0)
   520640     73008   6385640  0.002  0.000    6.616    1.005    0    0  (Gen:  0)
   520840    103320   6440040  0.002  0.000    6.619    1.006    0    0  (Gen:  0)
   520904     83952   6470856  0.002  0.000    6.623    1.006    0    0  (Gen:  0)
   520984    100624   6514432  0.002  0.000    6.627    1.007    0    0  (Gen:  0)
   521048     77944   6559608  0.002  0.000    6.631    1.007    0    0  (Gen:  0)
   520352    117384   6616624  0.002  0.000    6.634    1.008    0    0  (Gen:  0)
   520712    117096   6675560  0.002  0.000    6.637    1.009    0    0  (Gen:  0)
   520880     98672   6718776  0.002  0.000    6.641    1.009    0    0  (Gen:  0)
   520392    140368   6795120  0.002  0.000    6.645    1.010    0    0  (Gen:  0)
   520840    124568   6861776  0.002  0.000    6.648    1.010    0    0  (Gen:  0)
   520656    107560   6906048  0.002  0.000    6.652    1.011    0    0  (Gen:  0)
   520424    115336   6950296  0.003  0.000    6.657    1.012    0    0  (Gen:  0)
   520712     78816   7011504  0.002  0.000    6.661    1.012    0    0  (Gen:  0)
   521088     86440   7093928  0.001  0.000    6.664    1.013    0    0  (Gen:  0)
   520920    115760   7153776  0.002  0.000    6.668    1.014    0    0  (Gen:  0)
   520856     95960   7209256  0.003  0.000    6.672    1.014    0    0  (Gen:  0)
   521248    145488   7284696  0.003  0.000    6.677    1.015    0    0  (Gen:  0)
   525184    137800   7354632  0.002  0.000    6.681    1.016    0    0  (Gen:  0)
   520704    103368   7406104  0.003  0.000    6.685    1.016    0    0  (Gen:  0)
   520800    164376   7499536  0.003  0.000    6.690    1.017    0    0  (Gen:  0)
   520736    123144   7573688  0.002  0.000    6.694    1.018    0    0  (Gen:  0)
   520352    113608   7626568  0.003  0.000    6.699    1.018    0    0  (Gen:  0)
   520752    123448   7676488  0.003  0.000    6.704    1.019    0    0  (Gen:  0)
   520856    154560   7754328  0.003  0.000    6.708    1.020    0    0  (Gen:  0)
   521344    123592   7805432  0.003  0.000    6.713    1.021    0    0  (Gen:  0)
   521248    167736   7895624  0.003  0.000    6.718    1.021    0    0  (Gen:  0)
   520712    110304   7966352  0.003  0.000    6.722    1.022    0    0  (Gen:  0)
   521112    153784   8039416  0.003  0.000    6.727    1.023    0    0  (Gen:  0)
   524976    138152   8111512  0.003  0.000    6.731    1.024    0    0  (Gen:  0)
   521280    102704   8177072  0.003  0.000    6.736    1.024    0    0  (Gen:  0)
   521312     89960   8263104  0.002  0.000    6.740    1.025    0    0  (Gen:  0)
   520592    147232   8339184  0.003  0.000    6.744    1.026    0    0  (Gen:  0)
   520928    125728   8404232  0.003  0.000    6.749    1.026    0    0  (Gen:  0)
   521288    133064   8475072  0.003  0.000    6.753    1.027    0    0  (Gen:  0)
   524960    156192   8552552  0.003  0.000    6.757    1.028    0    0  (Gen:  0)
   520416    125560   8613776  0.003  0.000    6.762    1.028    0    0  (Gen:  0)
   520856    137576   8668032  0.003  0.000    6.767    1.029    0    0  (Gen:  0)
   524576    168416   8755952  0.003  0.000    6.772    1.030    0    0  (Gen:  0)
   525568    141464   8826624  0.002  0.000    6.776    1.031    0    0  (Gen:  0)
   537128    116552   8892016  0.003  0.000    6.781    1.031    0    0  (Gen:  0)
   767232    113392   8928960  0.002  0.000    6.785    1.032    0    0  (Gen:  0)
   521064     45464   8949016  0.002  0.000    6.789    1.033    0    0  (Gen:  0)
   520568     82048   8999568  0.002  0.000    6.792    1.034    0    0  (Gen:  0)
   520864     68712   9030696  0.002  0.000    6.796    1.034    0    0  (Gen:  0)
   521280     96400   9083016  0.002  0.000    6.800    1.035    0    0  (Gen:  0)
   521096     95216   9129872  0.002  0.000    6.804    1.036    0    0  (Gen:  0)
   521248     77288   9165088  0.002  0.000    6.808    1.036    0    0  (Gen:  0)
   521160     85184   9196336  0.003  0.000    6.813    1.037    0    0  (Gen:  0)
   521024    119920   9261504  0.002  0.000    6.817    1.038    0    0  (Gen:  0)
   520992     92744   9296784  0.003  0.000    6.821    1.039    0    0  (Gen:  0)
   520968    110752   9344072  0.002  0.000    6.826    1.040    0    0  (Gen:  0)
   520728     80408   9393720  0.002  0.000    6.830    1.040    0    0  (Gen:  0)
   520664    134784   9465728  0.002  0.000    6.834    1.041    0    0  (Gen:  0)
   521504    121344   9527328  0.002  0.000    6.837    1.042    0    0  (Gen:  0)
   520280     96560   9575544  0.003  0.000    6.842    1.043    0    0  (Gen:  0)
   521240    109432   9616936  0.003  0.000    6.847    1.043    0    0  (Gen:  0)
   520800    143896   9692424  0.002  0.000    6.851    1.044    0    0  (Gen:  0)
   520432    106352   9738768  0.003  0.000    6.856    1.045    0    0  (Gen:  0)
   520808    134320   9801952  0.002  0.000    6.860    1.046    0    0  (Gen:  0)
   520832    129080   9874248  0.002  0.000    6.864    1.047    0    0  (Gen:  0)
   520552    117760   9921976  0.003  0.000    6.869    1.047    0    0  (Gen:  0)
   521136    151816  10002400  0.002  0.000    6.874    1.048    0    0  (Gen:  0)
   520904    119016  10062952  0.003  0.000    6.878    1.049    0    0  (Gen:  0)
   520248    152744  10143576  0.002  0.000    6.881    1.050    0    0  (Gen:  0)
   521456    136528  10212432  0.003  0.000    6.885    1.050    0    0  (Gen:  0)
   521088    105872  10270056  0.003  0.000    6.889    1.051    0    0  (Gen:  0)
   521160    124336  10318000  0.003  0.000    6.893    1.052    0    0  (Gen:  0)
   520296    161856  10403792  0.003  0.000    6.897    1.053    0    0  (Gen:  0)
   520960    124784  10457872  0.003  0.000    6.901    1.053    0    0  (Gen:  0)
   520568    130712  10510568  0.003  0.000    6.906    1.054    0    0  (Gen:  0)
   520880    160512  10597768  0.003  0.000    6.909    1.055    0    0  (Gen:  0)
   520848    130552  10653376  0.003  0.000    6.914    1.056    0    0  (Gen:  0)
   520488    131176  10706632  0.004  0.000    6.919    1.057    0    0  (Gen:  0)
   521160     88096  10790832  0.003  0.000    6.922    1.057    0    0  (Gen:  0)
   520896    166048  10880240  0.005  0.000    6.928    1.058    0    0  (Gen:  0)
   520200    140280  10971480  0.004  0.000    6.933    1.059    0    0  (Gen:  0)
   520104    113848  11067488  0.003  0.000    6.937    1.060    0    0  (Gen:  0)
   520952   5479992   6478016  0.017  0.001    6.955    1.062    0    0  (Gen:  1)
   520968    154656   6551384  0.002  0.000    6.959    1.063    0    0  (Gen:  0)
   520928    116792   6617912  0.003  0.000    6.962    1.063    0    0  (Gen:  0)
   520608    169304   6704872  0.002  0.000    6.965    1.064    0    0  (Gen:  0)
   521256    152232   6779208  0.002  0.000    6.969    1.065    0    0  (Gen:  0)
   520592    118320   6842888  0.003  0.000    6.972    1.065    0    0  (Gen:  0)
   520528    139960   6898632  0.003  0.000    6.976    1.066    0    0  (Gen:  0)
   726400    138296   6952440  0.003  0.000    6.980    1.067    0    0  (Gen:  0)
   520912     40008   6971224  0.002  0.000    6.983    1.067    0    0  (Gen:  0)
   520792     78608   7020160  0.002  0.000    6.985    1.068    0    0  (Gen:  0)
   520696     78600   7062680  0.002  0.000    6.988    1.068    0    0  (Gen:  0)
   520664     65576   7086216  0.003  0.000    6.991    1.069    0    0  (Gen:  0)
   520848    108272   7147280  0.002  0.000    6.994    1.070    0    0  (Gen:  0)
   520832     87152   7187280  0.003  0.000    6.998    1.070    0    0  (Gen:  0)
   520864    113888   7247328  0.002  0.000    7.001    1.071    0    0  (Gen:  0)
   520584    108408   7301336  0.002  0.000    7.004    1.071    0    0  (Gen:  0)
   521160     83752   7339832  0.003  0.000    7.008    1.072    0    0  (Gen:  0)
   520288     93960   7373712  0.003  0.000    7.012    1.073    0    0  (Gen:  0)
   520288    128336   7443352  0.003  0.000    7.015    1.073    0    0  (Gen:  0)
   520512     97424   7481456  0.003  0.000    7.019    1.074    0    0  (Gen:  0)
   521024    145712   7563040  0.003  0.000    7.023    1.075    0    0  (Gen:  0)
   521296    120112   7621632  0.003  0.000    7.026    1.076    0    0  (Gen:  0)
   520792     84744   7702264  0.002  0.000    7.030    1.076    0    0  (Gen:  0)
   520512    113104   7761784  0.002  0.000    7.033    1.077    0    0  (Gen:  0)
   520992     96040   7813240  0.003  0.000    7.036    1.078    0    0  (Gen:  0)
   521496    139168   7884272  0.003  0.000    7.040    1.078    0    0  (Gen:  0)
   520752    129256   7947784  0.003  0.000    7.043    1.079    0    0  (Gen:  0)
   521344    103080   7999160  0.003  0.000    7.047    1.080    0    0  (Gen:  0)
   521168    116800   8043304  0.004  0.000    7.052    1.080    0    0  (Gen:  0)
   525360    152080   8124776  0.003  0.000    7.055    1.081    0    0  (Gen:  0)
   521472    112096   8171464  0.003  0.000    7.059    1.082    0    0  (Gen:  0)
   521200    142976   8241480  0.003  0.000    7.063    1.083    0    0  (Gen:  0)
   520336    133320   8314616  0.003  0.000    7.066    1.083    0    0  (Gen:  0)
   520824    121656   8364800  0.004  0.000    7.071    1.084    0    0  (Gen:  0)
   520800    153752   8443320  0.003  0.000    7.074    1.085    0    0  (Gen:  0)
   520832    111288   8508656  0.003  0.000    7.078    1.085    0    0  (Gen:  0)
   521160    159032   8591360  0.003  0.000    7.082    1.086    0    0  (Gen:  0)
   521016    142064   8659496  0.003  0.000    7.085    1.087    0    0  (Gen:  0)
   521320    109352   8724192  0.003  0.000    7.089    1.088    0    0  (Gen:  0)
   521312    157616   8801624  0.003  0.000    7.093    1.088    0    0  (Gen:  0)
   525216    149320   8875584  0.003  0.000    7.096    1.089    0    0  (Gen:  0)
   521080    113592   8937096  0.003  0.000    7.100    1.090    0    0  (Gen:  0)
   521408    179216   9036304  0.003  0.000    7.104    1.091    0    0  (Gen:  0)
   521024    132560   9116272  0.003  0.000    7.108    1.091    0    0  (Gen:  0)
   520672    125488   9174328  0.004  0.000    7.112    1.092    0    0  (Gen:  0)
   520880    131936   9227344  0.004  0.000    7.117    1.093    0    0  (Gen:  0)
   525048    164336   9311136  0.003  0.000    7.121    1.094    0    0  (Gen:  0)
   520664    130872   9369632  0.004  0.000    7.125    1.094    0    0  (Gen:  0)
   520616    157776   9444384  0.003  0.000    7.129    1.095    0    0  (Gen:  0)
   525296    149528   9526872  0.003  0.000    7.133    1.096    0    0  (Gen:  0)
   524800    135312   9581408  0.004  0.000    7.138    1.097    0    0  (Gen:  0)
   661008    161760   9673896  0.004  0.000    7.143    1.098    0    0  (Gen:  0)
   582368     28968   9687616  0.002  0.000    7.145    1.098    0    0  (Gen:  0)
   520040     46856   9707304  0.002  0.000    7.149    1.099    0    0  (Gen:  0)
   520984     92912   9767536  0.003  0.000    7.152    1.099    0    0  (Gen:  0)
   520848     61960   9802216  0.002  0.000    7.155    1.100    0    0  (Gen:  0)
   520392     60352   9839880  0.002  0.000    7.158    1.101    0    0  (Gen:  0)
   521032     99128   9891032  0.002  0.000    7.161    1.101    0    0  (Gen:  0)
   521280     79808   9923096  0.003  0.000    7.165    1.102    0    0  (Gen:  0)
   520824     94360   9962496  0.002  0.000    7.168    1.103    0    0  (Gen:  0)
   521440     85792  10012912  0.003  0.000    7.171    1.103    0    0  (Gen:  0)
   521072    130728  10083504  0.002  0.000    7.175    1.104    0    0  (Gen:  0)
   520688    112720  10138848  0.003  0.000    7.179    1.105    0    0  (Gen:  0)
   520544     90616  10181976  0.003  0.000    7.182    1.105    0    0  (Gen:  0)
   520944    115800  10236208  0.003  0.000    7.186    1.106    0    0  (Gen:  0)
   521408    114496  10311024  0.003  0.000    7.189    1.107    0    0  (Gen:  0)
   520176    102624  10358352  0.003  0.000    7.193    1.108    0    0  (Gen:  0)
   521304    109520  10399048  0.004  0.000    7.198    1.108    0    0  (Gen:  0)
   520840    142816  10473056  0.003  0.000    7.201    1.109    0    0  (Gen:  0)
   520520    110840  10517400  0.003  0.000    7.206    1.110    0    0  (Gen:  0)
   520728    124504  10570704  0.003  0.000    7.210    1.111    0    0  (Gen:  0)
   520856     89776  10632248  0.003  0.000    7.214    1.111    0    0  (Gen:  0)
   520472    142944  10701480  0.003  0.000    7.217    1.112    0    0  (Gen:  0)
   524888    130600  10768120  0.003  0.000    7.221    1.113    0    0  (Gen:  0)
   521624    104312  10824800  0.003  0.000    7.225    1.113    0    0  (Gen:  0)
   520680    146664  10900128  0.002  0.000    7.229    1.114    0    0  (Gen:  0)
   521328    142328  10970816  0.003  0.000    7.232    1.115    0    0  (Gen:  0)
   521400    116304  11026224  0.003  0.000    7.237    1.116    0    0  (Gen:  0)
   520920    124704  11074832  0.004  0.000    7.241    1.116    0    0  (Gen:  0)
   520144    147696  11146744  0.003  0.000    7.245    1.117    0    0  (Gen:  0)
   521016    119352  11199280  0.004  0.000    7.250    1.118    0    0  (Gen:  0)
   520664    130064  11251176  0.004  0.000    7.255    1.119    0    0  (Gen:  0)
   520592    153328  11330736  0.003  0.000    7.258    1.120    0    0  (Gen:  0)
   521336    131304  11384368  0.004  0.000    7.263    1.121    0    0  (Gen:  0)
   524072    159888  11466976  0.003  0.000    7.268    1.121    0    0  (Gen:  0)
   521064    102568  11535872  0.003  0.000    7.272    1.122    0    0  (Gen:  0)
   521168    167792  11624568  0.003  0.000    7.275    1.123    0    0  (Gen:  0)
   520424    138576  11696712  0.003  0.000    7.279    1.124    0    0  (Gen:  0)
   520648    116224  11765008  0.003  0.000    7.283    1.124    0    0  (Gen:  0)
   520704    161232  11844568  0.003  0.000    7.287    1.125    0    0  (Gen:  0)
   524936    153152  11922680  0.002  0.000    7.291    1.126    0    0  (Gen:  0)
   521168    126240  11988696  0.004  0.000    7.295    1.127    0    0  (Gen:  0)
   521304    139376  12043112  0.004  0.000    7.300    1.127    0    0  (Gen:  0)
   525600    167808  12129008  0.003  0.000    7.304    1.128    0    0  (Gen:  0)
   525160    125640  12189768  0.004  0.000    7.308    1.129    0    0  (Gen:  0)
   527504    139800  12246056  0.004  0.000    7.313    1.130    0    0  (Gen:  0)
   536968    117880  12279640  0.003  0.000    7.316    1.130    0    0  (Gen:  0)
   520568     46280  12298592  0.002  0.000    7.319    1.131    0    0  (Gen:  0)
   520696     84480  12351976  0.002  0.000    7.322    1.131    0    0  (Gen:  0)
   520672     57960  12381032  0.002  0.000    7.324    1.132    0    0  (Gen:  0)
   521064     91280  12428352  0.002  0.000    7.327    1.132    0    0  (Gen:  0)
   521480     94160  12475552  0.002  0.000    7.329    1.133    0    0  (Gen:  0)
   521400     76200  12509600  0.002  0.000    7.332    1.133    0    0  (Gen:  0)
   520944     85456  12541704  0.003  0.000    7.336    1.134    0    0  (Gen:  0)
   520680    117936  12603816  0.002  0.000    7.338    1.134    0    0  (Gen:  0)
   520376     93568  12638376  0.002  0.000    7.342    1.135    0    0  (Gen:  0)
   520872    134328  12710040  0.002  0.000    7.345    1.135    0    0  (Gen:  0)
   520744   4208592   5194392  0.014  0.001    7.360    1.137    0    0  (Gen:  1)
   520440    131936   5264696  0.002  0.000    7.363    1.137    0    0  (Gen:  0)
   520656    122944   5325600  0.002  0.000    7.366    1.138    0    0  (Gen:  0)
   520680     98016   5373312  0.002  0.000    7.369    1.138    0    0  (Gen:  0)
   520928    109384   5414904  0.003  0.000    7.372    1.139    0    0  (Gen:  0)
   520312    144208   5490208  0.002  0.000    7.375    1.139    0    0  (Gen:  0)
   520312    111872   5536936  0.003  0.000    7.378    1.140    0    0  (Gen:  0)
   521032    115432   5580144  0.003  0.000    7.382    1.140    0    0  (Gen:  0)
   520704     70896   5647112  0.002  0.000    7.385    1.141    0    0  (Gen:  0)
   520736    138896   5715528  0.002  0.000    7.388    1.141    0    0  (Gen:  0)
   521304    124896   5781096  0.001  0.000    7.390    1.142    0    0  (Gen:  0)
   520816    107256   5840784  0.002  0.000    7.393    1.142    0    0  (Gen:  0)
   520968    143256   5911080  0.002  0.000    7.396    1.143    0    0  (Gen:  0)
   521424    136344   5979800  0.002  0.000    7.399    1.143    0    0  (Gen:  0)
   521064    110984   6038304  0.003  0.000    7.402    1.144    0    0  (Gen:  0)
   520328    122912   6084552  0.003  0.000    7.406    1.144    0    0  (Gen:  0)
   520520    146976   6155104  0.002  0.000    7.409    1.145    0    0  (Gen:  0)
   520928    114984   6208552  0.003  0.000    7.412    1.145    0    0  (Gen:  0)
   521120    131736   6262200  0.003  0.000    7.416    1.146    0    0  (Gen:  0)
   520504    151792   6339672  0.002  0.000    7.419    1.146    0    0  (Gen:  0)
   520872    127488   6395536  0.003  0.000    7.423    1.147    0    0  (Gen:  0)
   520384    134664   6452176  0.003  0.000    7.427    1.148    0    0  (Gen:  0)
   520784     89800   6526728  0.002  0.000    7.430    1.148    0    0  (Gen:  0)
   520544    165264   6614152  0.002  0.000    7.433    1.149    0    0  (Gen:  0)
   520952    146360   6684728  0.002  0.000    7.436    1.149    0    0  (Gen:  0)
   520856    121936   6755416  0.002  0.000    7.438    1.150    0    0  (Gen:  0)
   521344    160320   6833680  0.002  0.000    7.441    1.150    0    0  (Gen:  0)
   521352    149728   6910816  0.003  0.000    7.444    1.151    0    0  (Gen:  0)
   520840    117120   6978064  0.003  0.000    7.448    1.151    0    0  (Gen:  0)
   520688    166264   7062088  0.002  0.000    7.451    1.152    0    0  (Gen:  0)
   520920    152320   7137368  0.002  0.000    7.454    1.152    0    0  (Gen:  0)
   521088    127184   7201312  0.003  0.000    7.457    1.153    0    0  (Gen:  0)
   520568    140424   7257512  0.004  0.000    7.462    1.154    0    0  (Gen:  0)
   685952    161104   7333472  0.002  0.000    7.465    1.154    0    0  (Gen:  0)
   521040    135704   7398936  0.003  0.000    7.469    1.155    0    0  (Gen:  0)
   520840    180384   7494104  0.002  0.000    7.472    1.155    0    0  (Gen:  0)
   521080    147536   7576656  0.002  0.000    7.475    1.156    0    0  (Gen:  0)
   521032    135728   7638608  0.003  0.000    7.479    1.156    0    0  (Gen:  0)
   520456    139912   7696384  0.003  0.000    7.483    1.157    0    0  (Gen:  0)
   520320    165032   7779816  0.003  0.000    7.486    1.158    0    0  (Gen:  0)
   520456    141504   7840032  0.003  0.000    7.490    1.158    0    0  (Gen:  0)
   521136    178168   7934976  0.003  0.000    7.494    1.159    0    0  (Gen:  0)
   520504    129944   8015640  0.002  0.000    7.497    1.159    0    0  (Gen:  0)
   520792    168240   8097144  0.002  0.000    7.500    1.160    0    0  (Gen:  0)
   521112    145800   8170672  0.002  0.000    7.503    1.160    0    0  (Gen:  0)
   521120    142376   8246848  0.003  0.000    7.506    1.161    0    0  (Gen:  0)
   520912    177680   8337192  0.002  0.000    7.510    1.162    0    0  (Gen:  0)
   521032    151496   8415856  0.002  0.000    7.513    1.162    0    0  (Gen:  0)
   521320    120208   8484896  0.003  0.000    7.516    1.163    0    0  (Gen:  0)
   520792    169464   8568808  0.002  0.000    7.519    1.163    0    0  (Gen:  0)
   520664    160384   8650032  0.003  0.000    7.523    1.164    0    0  (Gen:  0)
   520472    124328   8718456  0.003  0.000    7.526    1.164    0    0  (Gen:  0)
   521504    108256   8822328  0.002  0.000    7.529    1.165    0    0  (Gen:  0)
   521008    143888   8907992  0.002  0.000    7.531    1.165    0    0  (Gen:  0)
   521232    136816   8976160  0.003  0.000    7.535    1.166    0    0  (Gen:  0)
   521400    150088   9037744  0.004  0.000    7.540    1.167    0    0  (Gen:  0)
   524864    181424   9133168  0.002  0.000    7.543    1.167    0    0  (Gen:  0)
   520784    139592   9198864  0.003  0.000    7.547    1.168    0    0  (Gen:  0)
   520576    191224   9301824  0.003  0.000    7.551    1.169    0    0  (Gen:  0)
   521048    152448   9389528  0.002  0.000    7.554    1.169    0    0  (Gen:  0)
   520704    144408   9456984  0.003  0.000    7.558    1.170    0    0  (Gen:  0)
   520896    153160   9520968  0.004  0.000    7.562    1.170    0    0  (Gen:  0)
   521256    180816   9611928  0.003  0.000    7.566    1.171    0    0  (Gen:  0)
   520968    153064   9678272  0.004  0.000    7.570    1.172    0    0  (Gen:  0)
   520960    161368   9746344  0.003  0.000    7.574    1.172    0    0  (Gen:  0)
   521408    115712   9831424  0.002  0.000    7.578    1.173    0    0  (Gen:  0)
   521280    179248   9917632  0.003  0.000    7.581    1.174    0    0  (Gen:  0)
   525496    155256   9998752  0.003  0.000    7.585    1.174    0    0  (Gen:  0)
   520336    119312  10077512  0.003  0.000    7.588    1.175    0    0  (Gen:  0)
   520672    191032  10178904  0.003  0.000    7.591    1.175    0    0  (Gen:  0)
   520760    167048  10273968  0.003  0.000    7.595    1.176    0    0  (Gen:  0)
   520648   5457512   6443296  0.017  0.001    7.613    1.178    0    0  (Gen:  1)
   521040    185304   6535744  0.195  0.018    7.809    1.196    0    0  (Gen:  0)
   524984    165904   6620072  0.027  0.002    7.868    1.202    0    0  (Gen:  0)
   521120    127112   6696280  0.008  0.001    7.881    1.203    0    0  (Gen:  0)
   520640     99496   6791840  0.002  0.000    7.884    1.204    0    0  (Gen:  0)
   523760    167920   6877056  0.003  0.000    7.887    1.205    0    0  (Gen:  0)
   525264    141392   6949952  0.003  0.000    7.892    1.205    0    0  (Gen:  0)
   525464    160528   7016920  0.004  0.000    7.896    1.206    0    0  (Gen:  0)
   990192    157600   7087144  0.004  0.000    7.901    1.207    0    0  (Gen:  0)
   520944     38616   7107056  0.002  0.000    7.904    1.207    0    0  (Gen:  0)
   520720     60064   7140856  0.002  0.000    7.906    1.208    0    0  (Gen:  0)
   521192     73936   7180648  0.002  0.000    7.909    1.208    0    0  (Gen:  0)
   521120     64000   7206432  0.002  0.000    7.912    1.209    0    0  (Gen:  0)
   520400     77080   7234920  0.002  0.000    7.915    1.209    0    0  (Gen:  0)
   520952     55168   7282200  0.002  0.000    7.917    1.209    0    0  (Gen:  0)
   521264    114440   7342848  0.002  0.000    7.920    1.210    0    0  (Gen:  0)
   520744    102504   7392856  0.002  0.000    7.923    1.211    0    0  (Gen:  0)
   520568     80656   7437112  0.002  0.000    7.926    1.211    0    0  (Gen:  0)
   520816     95848   7472304  0.003  0.000    7.929    1.212    0    0  (Gen:  0)
   521424    134624   7545760  0.002  0.000    7.932    1.212    0    0  (Gen:  0)
   521224     93464   7585264  0.002  0.000    7.935    1.213    0    0  (Gen:  0)
   520312    139392   7661984  0.002  0.000    7.939    1.213    0    0  (Gen:  0)
   520696    129336   7729016  0.002  0.000    7.942    1.214    0    0  (Gen:  0)
   520840    106920   7772464  0.003  0.000    7.946    1.214    0    0  (Gen:  0)
   521080    120344   7822920  0.003  0.000    7.949    1.215    0    0  (Gen:  0)
   520448     89864   7881256  0.002  0.000    7.952    1.215    0    0  (Gen:  0)
   520720    147688   7961296  0.002  0.000    7.956    1.216    0    0  (Gen:  0)
   520584    127440   8026096  0.002  0.000    7.959    1.217    0    0  (Gen:  0)
   521208    100168   8081192  0.003  0.000    7.962    1.217    0    0  (Gen:  0)
   521136    119952   8127344  0.003  0.000    7.966    1.218    0    0  (Gen:  0)
   718440    125672   8185064  0.003  0.000    7.970    1.218    0    0  (Gen:  0)
   520792     39360   8205072  0.002  0.000    7.972    1.219    0    0  (Gen:  0)
   519976     73296   8248640  0.002  0.000    7.974    1.219    0    0  (Gen:  0)
   520800     74504   8291408  0.002  0.000    7.977    1.220    0    0  (Gen:  0)
   520712     66136   8316048  0.002  0.000    7.980    1.220    0    0  (Gen:  0)
   519904     88120   8354696  0.002  0.000    7.983    1.221    0    0  (Gen:  0)
   520472     79960   8392552  0.004  0.000    7.987    1.222    0    0  (Gen:  0)
   521280    111128   8450736  0.002  0.000    7.990    1.222    0    0  (Gen:  0)
   521400    105488   8502256  0.002  0.000    7.993    1.223    0    0  (Gen:  0)
   521352     86816   8543432  0.002  0.000    7.996    1.224    0    0  (Gen:  0)
   521448     95200   8578928  0.003  0.000    8.000    1.224    0    0  (Gen:  0)
   525360    126576   8642872  0.002  0.000    8.003    1.225    0    0  (Gen:  0)
   520280    100624   8682216  0.003  0.000    8.007    1.225    0    0  (Gen:  0)
   520920    143312   8760160  0.003  0.000    8.011    1.226    0    0  (Gen:  0)
   521136     96368   8816832  0.002  0.000    8.014    1.227    0    0  (Gen:  0)
   520552     81328   8894192  0.002  0.000    8.016    1.227    0    0  (Gen:  0)
   525376    125064   8960352  0.002  0.000    8.020    1.228    0    0  (Gen:  0)
   521168    105184   9015240  0.003  0.000    8.023    1.229    0    0  (Gen:  0)
   521080    113448   9056400  0.003  0.000    8.027    1.229    0    0  (Gen:  0)
   525128    135856   9122728  0.002  0.000    8.030    1.230    0    0  (Gen:  0)
   525040    108984   9173144  0.003  0.000    8.034    1.231    0    0  (Gen:  0)
   533432    117536   9217712  0.003  0.000    8.038    1.231    0    0  (Gen:  0)
   755168    107400   9252672  0.003  0.000    8.042    1.232    0    0  (Gen:  0)
   520856     45072   9271816  0.002  0.000    8.044    1.232    0    0  (Gen:  0)
   520424     85056   9325976  0.002  0.000    8.047    1.233    0    0  (Gen:  0)
   521064     55432   9357560  0.002  0.000    8.050    1.233    0    0  (Gen:  0)
   521048     97480   9411312  0.002  0.000    8.052    1.234    0    0  (Gen:  0)
   520456     94432   9457824  0.002  0.000    8.055    1.235    0    0  (Gen:  0)
   520896     77920   9493064  0.002  0.000    8.058    1.235    0    0  (Gen:  0)
   520536     85216   9524216  0.002  0.000    8.062    1.236    0    0  (Gen:  0)
   520792    114352   9582696  0.002  0.000    8.065    1.236    0    0  (Gen:  0)
   520864     93160   9618592  0.003  0.000    8.068    1.237    0    0  (Gen:  0)
   521160    108464   9663264  0.002  0.000    8.071    1.238    0    0  (Gen:  0)
   521600     87136   9714288  0.002  0.000    8.074    1.238    0    0  (Gen:  0)
   520704    134472   9786208  0.002  0.000    8.077    1.239    0    0  (Gen:  0)
   520864    118064   9846608  0.002  0.000    8.080    1.239    0    0  (Gen:  0)
   521168     95032   9895760  0.002  0.000    8.083    1.240    0    0  (Gen:  0)
   520720    109640   9937520  0.003  0.000    8.087    1.241    0    0  (Gen:  0)
   520824    135208  10004048  0.002  0.000    8.091    1.241    0    0  (Gen:  0)
   520312    108904  10051504  0.003  0.000    8.094    1.242    0    0  (Gen:  0)
   520840    155192  10135976  0.003  0.000    8.098    1.243    0    0  (Gen:  0)
   520392    130680  10207216  0.002  0.000    8.101    1.243    0    0  (Gen:  0)
   521088    116512  10255840  0.003  0.000    8.105    1.244    0    0  (Gen:  0)
   685392    140696  10332480  0.002  0.000    8.109    1.245    0    0  (Gen:  0)
   775824     76408  10352480  0.002  0.000    8.111    1.245    0    0  (Gen:  0)
   520816     48144  10371848  0.002  0.000    8.114    1.245    0    0  (Gen:  0)
   520848     83720  10424344  0.002  0.000    8.116    1.246    0    0  (Gen:  0)
   520800     69032  10456680  0.002  0.000    8.119    1.246    0    0  (Gen:  0)
   520280     96888  10509824  0.002  0.000    8.122    1.247    0    0  (Gen:  0)
   521176     96344  10558480  0.002  0.000    8.124    1.247    0    0  (Gen:  0)
   520752     79192  10594328  0.002  0.000    8.127    1.248    0    0  (Gen:  0)
   520960     84312  10623704  0.002  0.000    8.130    1.248    0    0  (Gen:  0)
   520824    115672  10682824  0.002  0.000    8.133    1.249    0    0  (Gen:  0)
   520712     88992  10715424  0.002  0.000    8.136    1.249    0    0  (Gen:  0)
   520704    129184  10784168  0.003  0.000    8.140    1.250    0    0  (Gen:  0)
   520800     77808  10838176  0.002  0.000    8.143    1.251    0    0  (Gen:  0)
   520240     77624  10911800  0.002  0.000    8.146    1.251    0    0  (Gen:  0)
   521152    116056  10972280  0.002  0.000    8.149    1.252    0    0  (Gen:  0)
   520760     97640  11021416  0.002  0.000    8.152    1.252    0    0  (Gen:  0)
   520048    109192  11061728  0.003  0.000    8.156    1.253    0    0  (Gen:  0)
   520768    131320  11126456  0.002  0.000    8.159    1.253    0    0  (Gen:  0)
   521216    103608  11174048  0.003  0.000    8.162    1.254    0    0  (Gen:  0)
   520528    110912  11213624  0.003  0.000    8.166    1.254    0    0  (Gen:  0)
   521120    144680  11290232  0.002  0.000    8.169    1.255    0    0  (Gen:  0)
   521080    116112  11337784  0.003  0.000    8.173    1.256    0    0  (Gen:  0)
   525152    127928  11394584  0.003  0.000    8.177    1.256    0    0  (Gen:  0)
   520864     99968  11457328  0.002  0.000    8.180    1.257    0    0  (Gen:  0)
   520848    156840  11542392  0.003  0.000    8.183    1.257    0    0  (Gen:  0)
   520632    128992  11608984  0.003  0.000    8.187    1.258    0    0  (Gen:  0)
   520872    102032  11668136  0.003  0.000    8.190    1.258    0    0  (Gen:  0)
   520384    152304  11744360  0.003  0.000    8.193    1.259    0    0  (Gen:  0)
   520520    144280  11814200  0.003  0.000    8.197    1.260    0    0  (Gen:  0)
   521480    109960  11870928  0.003  0.000    8.200    1.260    0    0  (Gen:  0)
   521192    130200  11923200  0.003  0.000    8.204    1.261    0    0  (Gen:  0)
   520952    166448  12014168  0.003  0.000    8.208    1.261    0    0  (Gen:  0)
   520736    123760  12072008  0.003  0.000    8.212    1.262    0    0  (Gen:  0)
   521096    131608  12125896  0.003  0.000    8.216    1.263    0    0  (Gen:  0)
   525488    158232  12204536  0.003  0.000    8.220    1.263    0    0  (Gen:  0)
   521224    131880  12261944  0.003  0.000    8.224    1.264    0    0  (Gen:  0)
   520600    171808  12353720  0.004  0.000    8.229    1.265    0    0  (Gen:  0)
   521080    105504  12428456  0.003  0.000    8.232    1.265    0    0  (Gen:  0)
   521088    170240  12516336  0.003  0.000    8.236    1.266    0    0  (Gen:  0)
   525120    139096  12588824  0.003  0.000    8.240    1.267    0    0  (Gen:  0)
   520912    128784  12654792  0.003  0.000    8.243    1.267    0    0  (Gen:  0)
   520272   4733376   5727240  0.016  0.001    8.260    1.269    0    0  (Gen:  1)
   524544    153144   5799632  0.003  0.000    8.264    1.270    0    0  (Gen:  0)
   521488    124664   5863520  0.003  0.000    8.268    1.270    0    0  (Gen:  0)
   529072    163544   5944872  0.002  0.000    8.271    1.271    0    0  (Gen:  0)
   779392    126928   5996528  0.003  0.000    8.275    1.271    0    0  (Gen:  0)
   520984     38720   6016368  0.002  0.000    8.277    1.272    0    0  (Gen:  0)
   520608     79496   6067608  0.002  0.000    8.280    1.272    0    0  (Gen:  0)
   520936     71184   6109184  0.002  0.000    8.282    1.273    0    0  (Gen:  0)
   521312     65048   6134328  0.002  0.000    8.285    1.274    0    0  (Gen:  0)
   521256     86552   6171800  0.002  0.000    8.288    1.274    0    0  (Gen:  0)
   521120     74352   6212888  0.002  0.000    8.290    1.275    0    0  (Gen:  0)
   521256    117608   6276456  0.002  0.000    8.293    1.275    0    0  (Gen:  0)
   521064    105392   6329336  0.002  0.000    8.296    1.276    0    0  (Gen:  0)
   520720     88744   6371896  0.002  0.000    8.299    1.276    0    0  (Gen:  0)
   521048     97168   6406640  0.003  0.000    8.302    1.277    0    0  (Gen:  0)
   520928    122200   6468648  0.002  0.000    8.305    1.278    0    0  (Gen:  0)
   520568     96488   6507032  0.003  0.000    8.309    1.278    0    0  (Gen:  0)
   521392    145104   6587904  0.003  0.000    8.313    1.279    0    0  (Gen:  0)
   520736     94672   6645952  0.002  0.000    8.315    1.280    0    0  (Gen:  0)
   520568    146816   6726952  0.002  0.000    8.318    1.280    0    0  (Gen:  0)
   521512    119456   6789512  0.002  0.000    8.321    1.281    0    0  (Gen:  0)
   520424     95336   6841792  0.003  0.000    8.324    1.282    0    0  (Gen:  0)
   520304    138488   6912352  0.002  0.000    8.328    1.282    0    0  (Gen:  0)
   520752    133808   6978784  0.002  0.000    8.331    1.283    0    0  (Gen:  0)
   520832    107384   7032488  0.113  0.010    8.529    1.302    0    0  (Gen:  0)
   520848    118512   7076208  0.003  0.000    8.534    1.303    0    0  (Gen:  0)
   521176    156944   7161408  0.003  0.000    8.538    1.304    0    0  (Gen:  0)
   520592    114976   7208424  0.011  0.001    8.553    1.305    0    0  (Gen:  0)
   520944     93656   7297896  0.003  0.000    8.561    1.307    0    0  (Gen:  0)
   520984     75512   7367408  0.003  0.000    8.570    1.308    0    0  (Gen:  0)
   521280    160752   7454272  0.003  0.000    8.575    1.309    0    0  (Gen:  0)
   520808    126088   7519760  0.003  0.000    8.584    1.310    0    0  (Gen:  0)
   520464    114680   7578888  0.003  0.000    8.589    1.311    0    0  (Gen:  0)
   520456    158544   7663208  0.003  0.000    8.595    1.312    0    0  (Gen:  0)
   520888    139368   7732416  0.002  0.000    8.599    1.313    0    0  (Gen:  0)
   520744    122824   7795688  0.002  0.000    8.603    1.314    0    0  (Gen:  0)
   521040    130264   7845640  0.003  0.000    8.608    1.315    0    0  (Gen:  0)
   520640    167392   7936336  0.003  0.000    8.612    1.316    0    0  (Gen:  0)
   520944    121672   7994032  0.004  0.000    8.618    1.317    0    0  (Gen:  0)
   520576    163600   8078408  0.003  0.000    8.623    1.318    0    0  (Gen:  0)
   520040    146344   8160488  0.044  0.004    8.668    1.323    0    0  (Gen:  0)
   520648    130608   8220800  0.004  0.000    8.675    1.325    0    0  (Gen:  0)
   520592    139336   8277640  0.004  0.000    8.681    1.326    0    0  (Gen:  0)
   521848    169672   8362872  0.006  0.001    8.723    1.330    0    0  (Gen:  0)
   520376    138024   8421896  0.005  0.000    8.731    1.332    0    0  (Gen:  0)
   521024     98864   8516728  0.003  0.000    8.737    1.334    0    0  (Gen:  0)
   520472    111416   8591088  0.006  0.001    8.746    1.335    0    0  (Gen:  0)
   520744    160496   8668832  0.005  0.000    8.754    1.336    0    0  (Gen:  0)
   726448    142336   8749400  0.004  0.000    8.759    1.337    0    0  (Gen:  0)
   520624     31232   8767760  0.002  0.000    8.763    1.338    0    0  (Gen:  0)
   521408     58056   8800752  0.002  0.000    8.767    1.339    0    0  (Gen:  0)
   520016     69728   8837920  0.002  0.000    8.771    1.340    0    0  (Gen:  0)
   521016     68856   8874456  0.002  0.000    8.775    1.340    0    0  (Gen:  0)
   521016     67592   8910456  0.003  0.000    8.779    1.341    0    0  (Gen:  0)
   520280    103104   8963976  0.002  0.000    8.783    1.342    0    0  (Gen:  0)
   521448     81880   8994456  0.003  0.000    8.788    1.343    0    0  (Gen:  0)
   520384     96576   9035424  0.003  0.000    8.792    1.343    0    0  (Gen:  0)
   520992     74288   9081360  0.003  0.000    8.796    1.344    0    0  (Gen:  0)
   520528    115816   9138192  0.003  0.000    8.801    1.345    0    0  (Gen:  0)
   520256    109416   9193984  0.003  0.000    8.805    1.346    0    0  (Gen:  0)
   520688     92600   9240624  0.003  0.000    8.810    1.346    0    0  (Gen:  0)
   520688    146096   9323216  0.003  0.000    8.823    1.348    0    0  (Gen:  0)
   521152    126184   9390336  0.002  0.000    8.827    1.349    0    0  (Gen:  0)
   521232    101416   9436744  0.003  0.000    8.832    1.350    0    0  (Gen:  0)
   520488    109368   9476952  0.004  0.000    8.837    1.351    0    0  (Gen:  0)
   520464    136048   9545544  0.003  0.000    8.842    1.351    0    0  (Gen:  0)
   521568    110544   9589056  0.004  0.000    8.847    1.352    0    0  (Gen:  0)
   520896    120984   9638400  0.003  0.000    8.851    1.353    0    0  (Gen:  0)
   521224     88200   9698440  0.003  0.000    8.856    1.354    0    0  (Gen:  0)
   521352    150832   9779040  0.003  0.000    8.860    1.355    0    0  (Gen:  0)
   525112    127120   9844328  0.002  0.000    8.865    1.356    0    0  (Gen:  0)
   521656    100304   9901776  0.003  0.000    8.870    1.356    0    0  (Gen:  0)
   520856     80256   9978192  0.003  0.000    8.874    1.357    0    0  (Gen:  0)
   521072    139632  10046960  0.003  0.000    8.878    1.358    0    0  (Gen:  0)
   520608    110600  10102096  0.004  0.000    8.883    1.359    0    0  (Gen:  0)
   520488    125216  10150720  0.004  0.000    8.888    1.360    0    0  (Gen:  0)
   521088    159720  10233640  0.003  0.000    8.892    1.361    0    0  (Gen:  0)
   521056    119192  10286688  0.004  0.000    8.897    1.361    0    0  (Gen:  0)
   521192    130624  10338696  0.004  0.000    8.903    1.362    0    0  (Gen:  0)
   521224    154928  10416968  0.003  0.000    8.907    1.363    0    0  (Gen:  0)
   521040    130168  10471352  0.004  0.000    8.912    1.364    0    0  (Gen:  0)
   525424    160136  10554216  0.004  0.000    8.921    1.365    0    0  (Gen:  0)
   521312     92624  10624904  0.003  0.000    8.925    1.366    0    0  (Gen:  0)
   520672    172752  10718600  0.003  0.000    8.930    1.367    0    0  (Gen:  0)
   521512    142584  10789088  0.003  0.000    8.934    1.368    0    0  (Gen:  0)
   521112    114496  10857064  0.003  0.000    8.939    1.369    0    0  (Gen:  0)
   520936    156320  10932760  0.002  0.000    8.942    1.369    0    0  (Gen:  0)
   524680    143256  11006480  0.002  0.000    8.947    1.370    0    0  (Gen:  0)
   520760    120192  11069408  0.003  0.000    8.951    1.371    0    0  (Gen:  0)
   520688    137664  11125072  0.004  0.000    8.957    1.372    0    0  (Gen:  0)
   524752    173232  11220040  0.003  0.000    8.962    1.373    0    0  (Gen:  0)
   525184    134680  11281736  0.003  0.000    8.966    1.374    0    0  (Gen:  0)
   529112   5586456   6584400  0.023  0.002    8.990    1.376    0    0  (Gen:  1)
   718224    141144   6644128  0.003  0.000    8.994    1.377    0    0  (Gen:  0)
   520456     40584   6663448  0.002  0.000    8.996    1.377    0    0  (Gen:  0)
   520592     67192   6700312  0.002  0.000    8.999    1.378    0    0  (Gen:  0)
   520856     50256   6737168  0.002  0.000    9.001    1.379    0    0  (Gen:  0)
   520632    100632   6795960  0.002  0.000    9.004    1.379    0    0  (Gen:  0)
   520768     87024   6839640  0.002  0.000    9.006    1.380    0    0  (Gen:  0)
   521160     75632   6877496  0.002  0.000    9.009    1.380    0    0  (Gen:  0)
   521160     85240   6908064  0.002  0.000    9.012    1.381    0    0  (Gen:  0)
   521312    120272   6971984  0.002  0.000    9.015    1.381    0    0  (Gen:  0)
   520528     93920   7011816  0.002  0.000    9.018    1.382    0    0  (Gen:  0)
   521192     96248   7043896  0.002  0.000    9.021    1.383    0    0  (Gen:  0)
   520808    122656   7106632  0.002  0.000    9.024    1.383    0    0  (Gen:  0)
   520608    101336   7144040  0.003  0.000    9.027    1.384    0    0  (Gen:  0)
   521464    144024   7223776  0.003  0.000    9.031    1.385    0    0  (Gen:  0)
   520704     87984   7274448  0.002  0.000    9.034    1.385    0    0  (Gen:  0)
   520552    130664   7339208  0.002  0.000    9.037    1.386    0    0  (Gen:  0)
   521208    127112   7403232  0.002  0.000    9.040    1.386    0    0  (Gen:  0)
   520456    104448   7453544  0.002  0.000    9.044    1.387    0    0  (Gen:  0)
   520616    155352   7540080  0.002  0.000    9.048    1.388    0    0  (Gen:  0)
   520888    124992   7617848  0.002  0.000    9.052    1.389    0    0  (Gen:  0)
   520504    114528   7668936  0.003  0.000    9.056    1.389    0    0  (Gen:  0)
   519688    117464   7712208  0.003  0.000    9.060    1.390    0    0  (Gen:  0)
   524792     82400   7790728  0.002  0.000    9.064    1.391    0    0  (Gen:  0)
   520784    118824   7836000  0.003  0.000    9.069    1.392    0    0  (Gen:  0)
   520920    159680   7922752  0.003  0.000    9.073    1.392    0    0  (Gen:  0)
   520704     93880   7983920  0.002  0.000    9.077    1.393    0    0  (Gen:  0)
   520408    148968   8057688  0.002  0.000    9.081    1.394    0    0  (Gen:  0)
   520576    136872   8125672  0.002  0.000    9.085    1.395    0    0  (Gen:  0)
   520736    103832   8180848  0.002  0.000    9.089    1.396    0    0  (Gen:  0)
   520752    150656   8256576  0.002  0.000    9.093    1.396    0    0  (Gen:  0)
   520960    146792   8328864  0.002  0.000    9.097    1.397    0    0  (Gen:  0)
   521432    118368   8388808  0.003  0.000    9.102    1.398    0    0  (Gen:  0)
   520984    130456   8440912  0.003  0.000    9.107    1.399    0    0  (Gen:  0)
   525080    169680   8532056  0.002  0.000    9.111    1.399    0    0  (Gen:  0)
   520704    123192   8586632  0.003  0.000    9.116    1.400    0    0  (Gen:  0)
   521000    156128   8662008  0.002  0.000    9.120    1.401    0    0  (Gen:  0)
   520504    144712   8744800  0.002  0.000    9.125    1.402    0    0  (Gen:  0)
   520688    137928   8802248  0.003  0.000    9.130    1.403    0    0  (Gen:  0)
   524856    164248   8884024  0.003  0.000    9.135    1.404    0    0  (Gen:  0)
   521216    114832   8958632  0.002  0.000    9.140    1.405    0    0  (Gen:  0)
   521112    101488   9055768  0.002  0.000    9.144    1.405    0    0  (Gen:  0)
   524984    138024   9127192  0.002  0.000    9.148    1.406    0    0  (Gen:  0)
   520576    107816   9196352  0.002  0.000    9.153    1.407    0    0  (Gen:  0)
   529064    163080   9276920  0.002  0.000    9.158    1.408    0    0  (Gen:  0)
   541048    127376   9327192  0.003  0.000    9.163    1.409    0    0  (Gen:  0)
   520568     38696   9346160  0.002  0.000    9.166    1.409    0    0  (Gen:  0)
   520808     74880   9392248  0.002  0.000    9.170    1.410    0    0  (Gen:  0)
   520216     70360   9433848  0.002  0.000    9.173    1.410    0    0  (Gen:  0)
   520840     65384   9458464  0.002  0.000    9.177    1.411    0    0  (Gen:  0)
   521176     87528   9497136  0.001  0.000    9.180    1.411    0    0  (Gen:  0)
   521080     75240   9537304  0.002  0.000    9.184    1.412    0    0  (Gen:  0)
   520776    114576   9597672  0.002  0.000    9.188    1.412    0    0  (Gen:  0)
   520384    106936   9651312  0.002  0.000    9.191    1.413    0    0  (Gen:  0)
   520752     87832   9693304  0.002  0.000    9.195    1.413    0    0  (Gen:  0)
   520448     97704   9729080  0.003  0.000    9.200    1.414    0    0  (Gen:  0)
   520840    122816   9791344  0.002  0.000    9.203    1.415    0    0  (Gen:  0)
   520592     97696   9829432  0.002  0.000    9.208    1.415    0    0  (Gen:  0)
   521320    143488   9908344  0.002  0.000    9.212    1.416    0    0  (Gen:  0)
   520552    112800   9964024  0.002  0.000    9.215    1.417    0    0  (Gen:  0)
   520856    140632  10038968  0.002  0.000    9.219    1.417    0    0  (Gen:  0)
   520648    121608  10102288  0.002  0.000    9.223    1.418    0    0  (Gen:  0)
   520576    101592  10152056  0.002  0.000    9.227    1.418    0    0  (Gen:  0)
   520776    133568  10218128  0.002  0.000    9.231    1.419    0    0  (Gen:  0)
   520864    149904  10300608  0.002  0.000    9.235    1.420    0    0  (Gen:  0)
   521112    117456  10353624  0.003  0.000    9.240    1.420    0    0  (Gen:  0)
   520464    118648  10398000  0.003  0.000    9.244    1.421    0    0  (Gen:  0)
   521392    147392  10472120  0.002  0.000    9.249    1.422    0    0  (Gen:  0)
   520728    118000  10519624  0.003  0.000    9.254    1.422    0    0  (Gen:  0)
   520816    160576  10606552  0.002  0.000    9.258    1.423    0    0  (Gen:  0)
   521064    132320  10673216  0.002  0.000    9.262    1.424    0    0  (Gen:  0)
   521464    153968  10752848  0.002  0.000    9.267    1.424    0    0  (Gen:  0)
   521000    132152  10818488  0.002  0.000    9.271    1.425    0    0  (Gen:  0)
   520496    100312  10878352  0.003  0.000    9.297    1.428    0    0  (Gen:  0)
   520616    161232  10964368  0.015  0.001    9.316    1.430    0    0  (Gen:  0)
   520720    139872  11034184  0.003  0.000    9.326    1.432    0    0  (Gen:  0)
   520984    121240  11097552  0.003  0.000    9.329    1.432    0    0  (Gen:  0)
   521352    128568  11146344  0.003  0.000    9.334    1.433    0    0  (Gen:  0)
   520880    157712  11225736  0.001  0.000    9.337    1.434    0    0  (Gen:  0)
   520208    121680  11283688  0.056  0.005    9.393    1.439    0    0  (Gen:  0)
   521024    172784  11378632  0.002  0.000    9.398    1.440    0    0  (Gen:  0)
   520888    145544  11461048  0.002  0.000    9.402    1.441    0    0  (Gen:  0)
   520968    135560  11521480  0.004  0.000    9.414    1.442    0    0  (Gen:  0)
   521552    138648  11576392  0.004  0.000    9.423    1.444    0    0  (Gen:  0)
   520592    167512  11659736  0.003  0.000    9.427    1.444    0    0  (Gen:  0)
   521088    140920  11719936  0.003  0.000    9.433    1.445    0    0  (Gen:  0)
   520848    145584  11780736  0.002  0.000    9.437    1.446    0    0  (Gen:  0)
   520984    116936  11854136  0.002  0.000    9.442    1.447    0    0  (Gen:  0)
   520888    162968  11933728  0.002  0.000    9.446    1.447    0    0  (Gen:  0)
   685544    141288  12008016  0.002  0.000    9.451    1.448    0    0  (Gen:  0)
   521048    107648  12079640  0.003  0.000    9.455    1.449    0    0  (Gen:  0)
   521264    177144  12174760  0.002  0.000    9.460    1.450    0    0  (Gen:  0)
   520832    148576  12248496  0.002  0.000    9.464    1.450    0    0  (Gen:  0)
   520768    117472  12314224  0.003  0.000    9.469    1.451    0    0  (Gen:  0)
   521056    163816  12396256  0.002  0.000    9.473    1.452    0    0  (Gen:  0)
   520256    155328  12473104  0.002  0.000    9.477    1.452    0    0  (Gen:  0)
   520288    127128  12541304  0.003  0.000    9.482    1.453    0    0  (Gen:  0)
   520952    111872  12648544  0.002  0.000    9.486    1.454    0    0  (Gen:  0)
   520968    148368  12737224  0.002  0.000    9.490    1.455    0    0  (Gen:  0)
   520392    133832  12803424  0.003  0.000    9.496    1.455    0    0  (Gen:  0)
   521152    147608  12863392  0.004  0.000    9.501    1.456    0    0  (Gen:  0)
   520824    170336  12949176  0.002  0.000    9.506    1.457    0    0  (Gen:  0)
   521360   5017216   6002944  0.014  0.001    9.522    1.459    0    0  (Gen:  1)
   520816    181080   6099808  0.002  0.000    9.526    1.459    0    0  (Gen:  0)
   521128    161664   6185984  0.002  0.000    9.530    1.460    0    0  (Gen:  0)
   521320    144544   6248648  0.002  0.000    9.534    1.461    0    0  (Gen:  0)
   520536    155056   6314392  0.003  0.000    9.539    1.462    0    0  (Gen:  0)
   520592    103360   6394312  0.002  0.000    9.543    1.462    0    0  (Gen:  0)
   520792    182888   6490712  0.002  0.000    9.547    1.463    0    0  (Gen:  0)
   521536    152600   6566400  0.002  0.000    9.551    1.464    0    0  (Gen:  0)
   521008    131488   6642080  0.002  0.000    9.555    1.464    0    0  (Gen:  0)
   521232    102080   6740152  0.001  0.000    9.558    1.465    0    0  (Gen:  0)
   525288    151832   6821736  0.002  0.000    9.562    1.465    0    0  (Gen:  0)
   520544    133064   6896192  0.002  0.000    9.566    1.466    0    0  (Gen:  0)
   520680    182400   6990976  0.003  0.000    9.571    1.467    0    0  (Gen:  0)
   520864    166032   7073184  0.002  0.000    9.575    1.468    0    0  (Gen:  0)
   520728    133736   7143888  0.002  0.000    9.579    1.468    0    0  (Gen:  0)
   521344    155560   7208472  0.002  0.000    9.584    1.469    0    0  (Gen:  0)
   520928    174360   7292000  0.002  0.000    9.588    1.470    0    0  (Gen:  0)
   520920    150200   7363416  0.002  0.000    9.595    1.471    0    0  (Gen:  0)
   520856    199512   7472960  0.003  0.000    9.600    1.471    0    0  (Gen:  0)
   521728    154432   7562712  0.002  0.000    9.604    1.472    0    0  (Gen:  0)
   520808    151000   7635432  0.003  0.000    9.608    1.473    0    0  (Gen:  0)
   521560    156520   7699288  0.002  0.000    9.613    1.473    0    0  (Gen:  0)
   524968    182320   7789072  0.002  0.000    9.617    1.474    0    0  (Gen:  0)
   520416    150664   7858976  0.002  0.000    9.622    1.475    0    0  (Gen:  0)
   520560    105472   7960256  0.001  0.000    9.625    1.475    0    0  (Gen:  0)
   520704    164504   8054496  0.002  0.000    9.629    1.476    0    0  (Gen:  0)
   520904    152144   8120912  0.002  0.000    9.634    1.477    0    0  (Gen:  0)
   521016    156024   8186472  0.002  0.000    9.638    1.478    0    0  (Gen:  0)
   525424    183680   8279728  0.002  0.000    9.643    1.478    0    0  (Gen:  0)
   520472    157776   8347544  0.002  0.000    9.647    1.479    0    0  (Gen:  0)
   524592    163280   8419112  0.003  0.000    9.653    1.480    0    0  (Gen:  0)
   519776    113888   8502712  0.002  0.000    9.656    1.480    0    0  (Gen:  0)
   525880    177368   8587392  0.002  0.000    9.660    1.481    0    0  (Gen:  0)
   753800    150752   8657120  0.002  0.000    9.664    1.482    0    0  (Gen:  0)
   759752     85984   8684736  0.002  0.000    9.668    1.482    0    0  (Gen:  0)
   520992     48176   8704096  0.001  0.000    9.672    1.483    0    0  (Gen:  0)
   520840     84200   8756688  0.002  0.000    9.675    1.483    0    0  (Gen:  0)
   520528     62416   8786144  0.001  0.000    9.679    1.484    0    0  (Gen:  0)
   521104     91536   8833352  0.002  0.000    9.683    1.485    0    0  (Gen:  0)
   520688     96160   8881144  0.002  0.000    9.686    1.485    0    0  (Gen:  0)
   520536     82712   8915424  0.002  0.000    9.690    1.486    0    0  (Gen:  0)
   520992     85640   8947080  0.002  0.000    9.694    1.486    0    0  (Gen:  0)
   520920    117032   9007448  0.002  0.000    9.697    1.487    0    0  (Gen:  0)
   520296     93432   9041352  0.002  0.000    9.701    1.488    0    0  (Gen:  0)
   521200    112568   9089896  0.002  0.000    9.705    1.488    0    0  (Gen:  0)
   520776     96504   9137624  0.002  0.000    9.709    1.489    0    0  (Gen:  0)
   521440    132488   9207928  0.002  0.000    9.713    1.490    0    0  (Gen:  0)
   520664    123344   9268560  0.002  0.000    9.717    1.490    0    0  (Gen:  0)
   520480    102232   9316576  0.002  0.000    9.721    1.491    0    0  (Gen:  0)
   521208    109448   9357912  0.002  0.000    9.724    1.491    0    0  (Gen:  0)
   521088    136120   9425080  0.002  0.000    9.728    1.492    0    0  (Gen:  0)
   520648    111208   9471672  0.002  0.000    9.732    1.493    0    0  (Gen:  0)
   521248    114664   9513696  0.002  0.000    9.736    1.493    0    0  (Gen:  0)
   521216    139224   9582296  0.002  0.000    9.740    1.494    0    0  (Gen:  0)
   521024    118728   9630072  0.002  0.000    9.744    1.495    0    0  (Gen:  0)
   719000    122208   9681040  0.003  0.000    9.749    1.495    0    0  (Gen:  0)
   520184     31608   9700208  0.001  0.000    9.752    1.496    0    0  (Gen:  0)
   520472     66656   9741928  0.001  0.000    9.756    1.497    0    0  (Gen:  0)
   520792     69776   9776992  0.002  0.000    9.759    1.497    0    0  (Gen:  0)
   521120     62520   9805440  0.001  0.000    9.763    1.498    0    0  (Gen:  0)
   520664     70952   9828960  0.002  0.000    9.767    1.499    0    0  (Gen:  0)
   520496    106080   9885688  0.002  0.000    9.771    1.499    0    0  (Gen:  0)
   520552     82648   9917296  0.002  0.000    9.775    1.500    0    0  (Gen:  0)
   521896     75832   9988560  0.001  0.000    9.778    1.501    0    0  (Gen:  0)
   521232     90736  10037248  0.002  0.000    9.781    1.501    0    0  (Gen:  0)
   521208     74688  10107776  0.001  0.000    9.785    1.502    0    0  (Gen:  0)
   525216    116128  10167480  0.002  0.000    9.788    1.503    0    0  (Gen:  0)
   520856     98896  10210136  0.002  0.000    9.792    1.503    0    0  (Gen:  0)
   520624    140400  10288920  0.002  0.000    9.796    1.504    0    0  (Gen:  0)
   521456    114184  10355320  0.002  0.000    9.800    1.505    0    0  (Gen:  0)
   520664    107328  10400768  0.002  0.000    9.804    1.506    0    0  (Gen:  0)
   525032    115328  10448344  0.001  0.000    9.807    1.506    0    0  (Gen:  0)
   521400    116208  10512584  0.002  0.000    9.812    1.507    0    0  (Gen:  0)
   520816    148296  10592184  0.002  0.000    9.816    1.508    0    0  (Gen:  0)
   525392    115608  10652856  0.002  0.000    9.820    1.509    0    0  (Gen:  0)
   520824    105232  10709584  0.003  0.000    9.825    1.510    0    0  (Gen:  0)
   529112     83432  10788992  0.002  0.000    9.829    1.510    0    0  (Gen:  0)
   763376    111152  10836496  0.003  0.000    9.834    1.511    0    0  (Gen:  0)
   521184     38016  10856736  0.002  0.000    9.838    1.512    0    0  (Gen:  0)
   520656     79160  10908080  0.002  0.000    9.842    1.512    0    0  (Gen:  0)
   520536     73672  10954608  0.002  0.000    9.846    1.513    0    0  (Gen:  0)
   521080     65128  10981680  0.002  0.000    9.850    1.514    0    0  (Gen:  0)
   520592    105456  11038248  0.002  0.000    9.854    1.515    0    0  (Gen:  0)
   521128     68992  11080072  0.002  0.000    9.859    1.515    0    0  (Gen:  0)
   520432    112256  11138520  0.002  0.000    9.863    1.516    0    0  (Gen:  0)
   520824    103904  11190552  0.002  0.000    9.867    1.517    0    0  (Gen:  0)
   520992     92848  11241072  0.002  0.000    9.871    1.517    0    0  (Gen:  0)
   520728     93520  11289352  0.002  0.000    9.876    1.518    0    0  (Gen:  0)
   521584    121096  11350896  0.002  0.000    9.880    1.519    0    0  (Gen:  0)
   521128     96248  11389200  0.003  0.000    9.885    1.520    0    0  (Gen:  0)
   520536    144624  11470968  0.003  0.000    9.890    1.521    0    0  (Gen:  0)
   521144     70672  11530520  0.002  0.000    9.894    1.521    0    0  (Gen:  0)
   520952    127848  11591184  0.002  0.000    9.899    1.522    0    0  (Gen:  0)
   521120    113872  11652432  0.002  0.000    9.904    1.523    0    0  (Gen:  0)
   519712     92944  11705232  0.002  0.000    9.908    1.524    0    0  (Gen:  0)
   520776    136008  11773736  0.002  0.000    9.913    1.524    0    0  (Gen:  0)
   521032   4751560   5745400  0.014  0.001    9.929    1.526    0    0  (Gen:  1)
   520640    148080   5821856  0.002  0.000    9.934    1.527    0    0  (Gen:  0)
   520760    106288   5883320  0.002  0.000    9.938    1.528    0    0  (Gen:  0)
   944616    111280   5925560  0.003  0.000    9.942    1.529    0    0  (Gen:  0)
   520752     41984   5944552  0.001  0.000    9.946    1.529    0    0  (Gen:  0)
   520632     77848   5993744  0.002  0.000    9.950    1.530    0    0  (Gen:  0)
   521120     75064   6035856  0.001  0.000    9.953    1.530    0    0  (Gen:  0)
   520480     67520   6060896  0.002  0.000    9.957    1.531    0    0  (Gen:  0)
   520736     86936   6099008  0.002  0.000    9.961    1.531    0    0  (Gen:  0)
   520768     81184   6141024  0.002  0.000    9.964    1.532    0    0  (Gen:  0)
   520864    120144   6206400  0.002  0.000    9.969    1.533    0    0  (Gen:  0)
   521080    104720   6257704  0.002  0.000    9.972    1.533    0    0  (Gen:  0)
   520928     91744   6298112  0.002  0.000    9.977    1.534    0    0  (Gen:  0)
   520648     93480   6331720  0.002  0.000    9.980    1.535    0    0  (Gen:  0)
   520752    129568   6402336  0.002  0.000    9.985    1.535    0    0  (Gen:  0)
   520456    100296   6442232  0.002  0.000    9.989    1.536    0    0  (Gen:  0)
   520648    144080   6522464  0.003  0.000    9.994    1.537    0    0  (Gen:  0)
   520728     67576   6582672  0.001  0.000    9.998    1.537    0    0  (Gen:  0)
   520536    128952   6644456  0.002  0.000   10.002    1.538    0    0  (Gen:  0)
   520872    117352   6702680  0.002  0.000   10.006    1.539    0    0  (Gen:  0)
   520672     96752   6755648  0.002  0.000   10.010    1.539    0    0  (Gen:  0)
   520704     78912   6830568  0.001  0.000   10.014    1.540    0    0  (Gen:  0)
   521216    126664   6892280  0.002  0.000   10.018    1.540    0    0  (Gen:  0)
   520832    113120   6944560  0.002  0.000   10.022    1.541    0    0  (Gen:  0)
   521048    116184   6989376  0.002  0.000   10.026    1.542    0    0  (Gen:  0)
   525216    144872   7063808  0.002  0.000   10.030    1.543    0    0  (Gen:  0)
   520936    114704   7110672  0.002  0.000   10.034    1.543    0    0  (Gen:  0)
   520520     90176   7196584  0.001  0.000   10.038    1.544    0    0  (Gen:  0)
   520736    136208   7269840  0.002  0.000   10.042    1.544    0    0  (Gen:  0)
   520408    121560   7320704  0.002  0.000   10.046    1.545    0    0  (Gen:  0)
   520512    135264   7380368  0.003  0.000   10.051    1.546    0    0  (Gen:  0)
   521208    106096   7446472  0.002  0.000   10.055    1.547    0    0  (Gen:  0)
   521360    167080   7537312  0.002  0.000   10.060    1.547    0    0  (Gen:  0)
   521216    136136   7605336  0.003  0.000   10.064    1.548    0    0  (Gen:  0)
   520520    112208   7670440  0.002  0.000   10.068    1.549    0    0  (Gen:  0)
   521328    157424   7747792  0.002  0.000   10.072    1.549    0    0  (Gen:  0)
   525184    152472   7822848  0.002  0.000   10.077    1.550    0    0  (Gen:  0)
   521080    120800   7883536  0.002  0.000   10.081    1.551    0    0  (Gen:  0)
   521168    172088   7974664  0.002  0.000   10.085    1.552    0    0  (Gen:  0)
   520672    154120   8055664  0.002  0.000   10.090    1.552    0    0  (Gen:  0)
   521144    134928   8113984  0.002  0.000   10.094    1.553    0    0  (Gen:  0)
   521144    132024   8165808  0.002  0.000   10.098    1.554    0    0  (Gen:  0)
   524808    164856   8251016  0.002  0.000   10.102    1.554    0    0  (Gen:  0)
   520552    135696   8309320  0.003  0.000   10.107    1.555    0    0  (Gen:  0)
   524824    139232   8365480  0.002  0.000   10.111    1.556    0    0  (Gen:  0)
   520680    154856   8442864  0.002  0.000   10.115    1.556    0    0  (Gen:  0)
   525464    174016   8536488  0.002  0.000   10.120    1.557    0    0  (Gen:  0)
   739312    129696   8598784  0.002  0.000   10.123    1.558    0    0  (Gen:  0)
   561792     91224   8625600  0.002  0.000   10.128    1.558    0    0  (Gen:  0)
   520432     69008   8670856  0.002  0.000   10.131    1.559    0    0  (Gen:  0)
   520472     68424   8706360  0.001  0.000   10.135    1.560    0    0  (Gen:  0)
   520960     63832   8734704  0.002  0.000   10.139    1.560    0    0  (Gen:  0)
   521272     71336   8758928  0.002  0.000   10.143    1.561    0    0  (Gen:  0)
   521040     98632   8809824  0.002  0.000   10.147    1.562    0    0  (Gen:  0)
   521192     82328   8841864  0.002  0.000   10.150    1.563    0    0  (Gen:  0)
   520920    125304   8913784  0.002  0.000   10.154    1.563    0    0  (Gen:  0)
   521432    105440   8963320  0.002  0.000   10.158    1.564    0    0  (Gen:  0)
   521016    131000   9034304  0.002  0.000   10.163    1.565    0    0  (Gen:  0)
   520640    113936   9090496  0.002  0.000   10.167    1.566    0    0  (Gen:  0)
   520512     95000   9134296  0.002  0.000   10.171    1.566    0    0  (Gen:  0)
   521088    144800   9217176  0.002  0.000   10.176    1.567    0    0  (Gen:  0)
   521352    132640   9284840  0.002  0.000   10.180    1.568    0    0  (Gen:  0)
   520040    108016   9331112  0.002  0.000   10.184    1.569    0    0  (Gen:  0)
   521432    108976   9372120  0.002  0.000   10.188    1.569    0    0  (Gen:  0)
   520848    138032   9441720  0.002  0.000   10.193    1.570    0    0  (Gen:  0)
   520440    113168   9486344  0.002  0.000   10.197    1.571    0    0  (Gen:  0)
   520712    127336   9543424  0.002  0.000   10.201    1.572    0    0  (Gen:  0)
   520920    108400   9603280  0.002  0.000   10.205    1.572    0    0  (Gen:  0)
   520448    144048   9673248  0.002  0.000   10.209    1.573    0    0  (Gen:  0)
   521224    134256   9740376  0.002  0.000   10.214    1.574    0    0  (Gen:  0)
   520640    106128   9795232  0.002  0.000   10.218    1.575    0    0  (Gen:  0)
   520712     93432   9884024  0.002  0.000   10.222    1.576    0    0  (Gen:  0)
   521288    138272   9960064  0.002  0.000   10.227    1.576    0    0  (Gen:  0)
   521320    125864  10015160  0.002  0.000   10.231    1.577    0    0  (Gen:  0)
   520960    124080  10063168  0.002  0.000   10.235    1.578    0    0  (Gen:  0)
   520080    149032  10136096  0.002  0.000   10.240    1.579    0    0  (Gen:  0)
   521136    121544  10188736  0.002  0.000   10.244    1.580    0    0  (Gen:  0)
   520680    132160  10242792  0.003  0.000   10.250    1.581    0    0  (Gen:  0)
   520592     79752  10316648  0.002  0.000   10.254    1.581    0    0  (Gen:  0)
   521304    154560  10392008  0.003  0.000   10.258    1.582    0    0  (Gen:  0)
   520144    130680  10462488  0.003  0.000   10.262    1.583    0    0  (Gen:  0)
   521376     97912  10529464  0.003  0.000   10.266    1.584    0    0  (Gen:  0)
   520432    165864  10616776  0.003  0.000   10.271    1.584    0    0  (Gen:  0)
   520400    146696  10691608  0.003  0.000   10.275    1.585    0    0  (Gen:  0)
   520240    114840  10758576  0.004  0.000   10.280    1.586    0    0  (Gen:  0)
   520600    161680  10839480  0.003  0.000   10.284    1.587    0    0  (Gen:  0)
   521408    156640  10917208  0.003  0.000   10.288    1.588    0    0  (Gen:  0)
   520680    122024  10982576  0.003  0.000   10.293    1.588    0    0  (Gen:  0)
   520680    140328  11038528  0.004  0.000   10.298    1.589    0    0  (Gen:  0)
   521024    168992  11125512  0.003  0.000   10.304    1.590    0    0  (Gen:  0)
   520920    125760  11185240  0.004  0.000   10.310    1.591    0    0  (Gen:  0)
   520408    140568  11242408  0.004  0.000   10.316    1.592    0    0  (Gen:  0)
   726080    125936  11284832  0.003  0.000   10.321    1.593    0    0  (Gen:  0)
   521320   4826304   5820168  0.022  0.002   10.346    1.596    0    0  (Gen:  1)
   520376     80352   5869832  0.017  0.002   10.369    1.599    0    0  (Gen:  0)
   520944     52568   5902088  0.003  0.000   10.373    1.600    0    0  (Gen:  0)
   520960     90144   5949376  0.003  0.000   10.378    1.600    0    0  (Gen:  0)
   520384     94264   5996864  0.003  0.000   10.382    1.601    0    0  (Gen:  0)
   521064     77640   6032808  0.002  0.000   10.386    1.602    0    0  (Gen:  0)
   520936     84032   6061392  0.003  0.000   10.390    1.603    0    0  (Gen:  0)
   520936    121632   6128448  0.003  0.000   10.395    1.603    0    0  (Gen:  0)
   520376    104912   6178360  0.003  0.000   10.399    1.604    0    0  (Gen:  0)
   520552    110512   6243848  0.003  0.000   10.403    1.605    0    0  (Gen:  0)
   520520     89912   6301792  0.003  0.000   10.408    1.606    0    0  (Gen:  0)
   520496    141976   6380048  0.003  0.000   10.412    1.606    0    0  (Gen:  0)
   521144    112096   6440168  0.002  0.000   10.417    1.607    0    0  (Gen:  0)
   521192     90432   6490200  0.003  0.000   10.422    1.608    0    0  (Gen:  0)
   520600    131232   6554184  0.002  0.000   10.427    1.609    0    0  (Gen:  0)
   520760    124832   6617336  0.002  0.000   10.431    1.609    0    0  (Gen:  0)
   520784     98048   6665832  0.007  0.001   10.441    1.611    0    0  (Gen:  0)
   521624    111416   6706592  0.003  0.000   10.446    1.612    0    0  (Gen:  0)
   520896    146288   6783416  0.003  0.000   10.451    1.612    0    0  (Gen:  0)
   521256    138640   6856864  0.003  0.000   10.456    1.613    0    0  (Gen:  0)
   521152     95512   6911072  0.003  0.000   10.461    1.614    0    0  (Gen:  0)
   525416    147600   6987584  0.003  0.000   10.466    1.615    0    0  (Gen:  0)
   521296    118912   7033640  0.003  0.000   10.472    1.616    0    0  (Gen:  0)
   521040    158512   7118856  0.003  0.000   10.477    1.617    0    0  (Gen:  0)
   520736     99776   7182264  0.003  0.000   10.482    1.618    0    0  (Gen:  0)
   520504    148368   7255224  0.003  0.000   10.487    1.618    0    0  (Gen:  0)
   520976    134408   7323536  0.002  0.000   10.492    1.619    0    0  (Gen:  0)
   521016    105840   7383600  0.003  0.000   10.497    1.620    0    0  (Gen:  0)
   520864    150808   7459656  0.003  0.000   10.502    1.621    0    0  (Gen:  0)
   521128    145792   7531112  0.003  0.000   10.507    1.622    0    0  (Gen:  0)
   521504    121896   7592384  0.003  0.000   10.512    1.622    0    0  (Gen:  0)
   521016    131608   7645112  0.004  0.000   10.518    1.623    0    0  (Gen:  0)
   525280    164760   7731136  0.003  0.000   10.523    1.624    0    0  (Gen:  0)
   521288    127976   7790464  0.003  0.000   10.529    1.625    0    0  (Gen:  0)
   521176    169984   7881528  0.003  0.000   10.534    1.626    0    0  (Gen:  0)
   521232    138200   7962064  0.003  0.000   10.539    1.627    0    0  (Gen:  0)
   520488    130384   8017408  0.004  0.000   10.545    1.628    0    0  (Gen:  0)
   524920    156536   8095488  0.003  0.000   10.549    1.629    0    0  (Gen:  0)
   520952    130880   8168192  0.003  0.000   10.554    1.630    0    0  (Gen:  0)
   520856    167992   8257176  0.003  0.000   10.559    1.630    0    0  (Gen:  0)
   524608    142288   8329168  0.003  0.000   10.563    1.631    0    0  (Gen:  0)
   521008    116296   8397336  0.003  0.000   10.567    1.632    0    0  (Gen:  0)
   529424    158800   8475888  0.003  0.000   10.572    1.633    0    0  (Gen:  0)
   722312    125152   8536152  0.004  0.000   10.576    1.634    0    0  (Gen:  0)
   520464     33032   8556040  0.002  0.000   10.580    1.634    0    0  (Gen:  0)
   520264     62400   8592592  0.002  0.000   10.583    1.635    0    0  (Gen:  0)
   520816     71576   8630224  0.002  0.000   10.587    1.636    0    0  (Gen:  0)
   520840     60544   8655640  0.003  0.000   10.590    1.636    0    0  (Gen:  0)
   520760     91056   8700264  0.001  0.000   10.594    1.637    0    0  (Gen:  0)
   520968     94560   8752168  0.003  0.000   10.597    1.638    0    0  (Gen:  0)
   521288     81648   8780312  0.003  0.000   10.600    1.638    0    0  (Gen:  0)
   521064    102344   8827608  0.002  0.000   10.604    1.639    0    0  (Gen:  0)
   521168     85256   8873384  0.002  0.000   10.607    1.640    0    0  (Gen:  0)
   521048    119712   8933488  0.002  0.000   10.610    1.640    0    0  (Gen:  0)
   520440    118872   8992480  0.002  0.000   10.613    1.641    0    0  (Gen:  0)
   520528     90472   9033520  0.003  0.000   10.617    1.642    0    0  (Gen:  0)
   521328    142856   9114368  0.002  0.000   10.620    1.642    0    0  (Gen:  0)
   521192    130368   9181960  0.002  0.000   10.624    1.643    0    0  (Gen:  0)
   520136    104496   9225048  0.002  0.000   10.628    1.644    0    0  (Gen:  0)
   521568    150024   9307640  0.004  0.000   10.633    1.644    0    0  (Gen:  0)
   520864     83000   9367408  0.002  0.000   10.636    1.645    0    0  (Gen:  0)
   520160    145040   9444480  0.003  0.000   10.639    1.646    0    0  (Gen:  0)
   520672    124088   9510576  0.003  0.000   10.643    1.647    0    0  (Gen:  0)
   520992     96680   9564120  0.003  0.000   10.647    1.647    0    0  (Gen:  0)
   520520    142032   9633744  0.003  0.000   10.650    1.648    0    0  (Gen:  0)
   524976    142304   9703536  0.003  0.000   10.654    1.649    0    0  (Gen:  0)
   521480    113816   9756592  0.003  0.000   10.658    1.649    0    0  (Gen:  0)
   521024    163504   9845904  0.003  0.000   10.662    1.650    0    0  (Gen:  0)
   521000    122616   9920800  0.003  0.000   10.666    1.651    0    0  (Gen:  0)
   521288    131760   9987784  0.002  0.000   10.669    1.652    0    0  (Gen:  0)
   520968    128808  10064008  0.002  0.000   10.672    1.652    0    0  (Gen:  0)
   520272    130608  10133600  0.003  0.000   10.676    1.653    0    0  (Gen:  0)
   520656    125120  10185336  0.003  0.000   10.681    1.654    0    0  (Gen:  0)
   520840    162056  10269792  0.004  0.000   10.685    1.655    0    0  (Gen:  0)
   520872    100744  10337264  0.003  0.000   10.689    1.655    0    0  (Gen:  0)
   521024    156656  10413976  0.003  0.000   10.693    1.656    0    0  (Gen:  0)
   524088    143928  10488272  0.003  0.000   10.697    1.657    0    0  (Gen:  0)
   521120    105440  10549304  0.003  0.000   10.701    1.657    0    0  (Gen:  0)
   521184     86152  10631560  0.002  0.000   10.704    1.658    0    0  (Gen:  0)
   520288    164984  10719704  0.003  0.000   10.708    1.659    0    0  (Gen:  0)
   520872    133592  10784024  0.003  0.000   10.712    1.660    0    0  (Gen:  0)
   520536    138768  10839704  0.004  0.000   10.717    1.660    0    0  (Gen:  0)
   525296    174944  10932632  0.003  0.000   10.720    1.661    0    0  (Gen:  0)
   521024    133136  10995864  0.003  0.000   10.726    1.662    0    0  (Gen:  0)
   521448    176728  11089080  0.003  0.000   10.730    1.663    0    0  (Gen:  0)
   525408    143848  11171368  0.003  0.000   10.734    1.664    0    0  (Gen:  0)
   525304    134584  11227320  0.004  0.000   10.738    1.664    0    0  (Gen:  0)
   545752    162928  11309640  0.004  0.000   10.744    1.665    0    0  (Gen:  0)
   520840     31424  11329952  0.001  0.000   10.745    1.666    0    0  (Gen:  0)
   520456     67824  11373168  0.002  0.000   10.748    1.666    0    0  (Gen:  0)
   520592     69336  11409288  0.002  0.000   10.750    1.666    0    0  (Gen:  0)
   520928     58880  11436816  0.002  0.000   10.753    1.667    0    0  (Gen:  0)
   520744     71144  11461208  0.002  0.000   10.756    1.667    0    0  (Gen:  0)
   521192    105008  11519520  0.002  0.000   10.759    1.668    0    0  (Gen:  0)
   520808   4122064   5107864  0.014  0.001   10.774    1.669    0    0  (Gen:  1)
   520496    118248   5171248  0.001  0.000   10.776    1.670    0    0  (Gen:  0)
   520624     84544   5219480  0.002  0.000   10.779    1.670    0    0  (Gen:  0)
   520976    129968   5289072  0.002  0.000   10.782    1.671    0    0  (Gen:  0)
   520584    114040   5346216  0.002  0.000   10.784    1.671    0    0  (Gen:  0)
   520704     92520   5388864  0.002  0.000   10.787    1.672    0    0  (Gen:  0)
   520584    144256   5472080  0.002  0.000   10.790    1.672    0    0  (Gen:  0)
   521000    122016   5541488  0.002  0.000   10.792    1.673    0    0  (Gen:  0)
   520776    102160   5587568  0.003  0.000   10.796    1.673    0    0  (Gen:  0)
   520728    108648   5626176  0.002  0.000   10.799    1.674    0    0  (Gen:  0)
   520912    136368   5694792  0.002  0.000   10.802    1.674    0    0  (Gen:  0)
   520456    112592   5738048  0.003  0.000   10.805    1.675    0    0  (Gen:  0)
   520896    128360   5796616  0.002  0.000   10.808    1.675    0    0  (Gen:  0)
   521120    100928   5855064  0.002  0.000   10.811    1.676    0    0  (Gen:  0)
   520448    144208   5925736  0.002  0.000   10.814    1.676    0    0  (Gen:  0)
   521048    135712   5994208  0.002  0.000   10.817    1.677    0    0  (Gen:  0)
   520976    103736   6049136  0.003  0.000   10.820    1.677    0    0  (Gen:  0)
   520712    164832   6141528  0.003  0.000   10.824    1.678    0    0  (Gen:  0)
   520752    118096   6215056  0.002  0.000   10.827    1.678    0    0  (Gen:  0)
   521816    113568   6270600  0.003  0.000   10.830    1.679    0    0  (Gen:  0)
   520976    124152   6319360  0.003  0.000   10.834    1.680    0    0  (Gen:  0)
   520680    149560   6393320  0.002  0.000   10.838    1.680    0    0  (Gen:  0)
   520544    123744   6446776  0.003  0.000   10.841    1.681    0    0  (Gen:  0)
   520976    135504   6503848  0.003  0.000   10.845    1.681    0    0  (Gen:  0)
   520408     95280   6574952  0.002  0.000   10.848    1.682    0    0  (Gen:  0)
   521456    156160   6651160  0.002  0.000   10.852    1.682    0    0  (Gen:  0)
   520992    140368   6722448  0.002  0.000   10.855    1.683    0    0  (Gen:  0)
   520328    127832   6787776  0.002  0.000   10.858    1.683    0    0  (Gen:  0)
   520928    166168   6875624  0.002  0.000   10.861    1.684    0    0  (Gen:  0)
   520624    145464   6950384  0.002  0.000   10.864    1.684    0    0  (Gen:  0)
   521008    123776   7016992  0.003  0.000   10.867    1.685    0    0  (Gen:  0)
   521672    137984   7072184  0.004  0.000   10.872    1.686    0    0  (Gen:  0)
   520944    170328   7161616  0.002  0.000   10.875    1.686    0    0  (Gen:  0)
   520656    128696   7225768  0.003  0.000   10.879    1.687    0    0  (Gen:  0)
   521032    180040   7322408  0.002  0.000   10.882    1.687    0    0  (Gen:  0)
   520752    156720   7406120  0.002  0.000   10.885    1.688    0    0  (Gen:  0)
   521328    129488   7464144  0.003  0.000   10.889    1.688    0    0  (Gen:  0)
   520656    140776   7522168  0.004  0.000   10.893    1.689    0    0  (Gen:  0)
   685856    163864   7602776  0.002  0.000   10.896    1.690    0    0  (Gen:  0)
   520856    133528   7664696  0.003  0.000   10.900    1.690    0    0  (Gen:  0)
   521024    174480   7755160  0.002  0.000   10.903    1.691    0    0  (Gen:  0)
   520744    156616   7837216  0.002  0.000   10.906    1.691    0    0  (Gen:  0)
   521224    137776   7896144  0.003  0.000   10.910    1.692    0    0  (Gen:  0)
   520528    149616   7962520  0.003  0.000   10.914    1.693    0    0  (Gen:  0)
   520024    105048   8037360  0.002  0.000   10.917    1.693    0    0  (Gen:  0)
   520536    104168   8137440  0.002  0.000   10.921    1.694    0    0  (Gen:  0)
   521264    149856   8214592  0.003  0.000   10.924    1.694    0    0  (Gen:  0)
   520712    122896   8288024  0.003  0.000   10.927    1.695    0    0  (Gen:  0)
   520904    170400   8369848  0.003  0.000   10.931    1.695    0    0  (Gen:  0)
   520688    158328   8449680  0.003  0.000   10.934    1.696    0    0  (Gen:  0)
   521168    121344   8517272  0.003  0.000   10.938    1.697    0    0  (Gen:  0)
   520808    172888   8605832  0.002  0.000   10.941    1.697    0    0  (Gen:  0)
   521240    165688   8687168  0.002  0.000   10.944    1.698    0    0  (Gen:  0)
   521592    132392   8753984  0.003  0.000   10.948    1.698    0    0  (Gen:  0)
   520672    147768   8814824  0.004  0.000   10.953    1.699    0    0  (Gen:  0)
   520576    169992   8898824  0.002  0.000   10.956    1.700    0    0  (Gen:  0)
   520368    134824   8963008  0.003  0.000   10.960    1.700    0    0  (Gen:  0)
   521704    146712   9021496  0.004  0.000   10.965    1.701    0    0  (Gen:  0)
   520984    172976   9107720  0.003  0.000   10.968    1.702    0    0  (Gen:  0)
   521440    143792   9171776  0.004  0.000   10.973    1.702    0    0  (Gen:  0)
   520880    147352   9230880  0.004  0.000   10.978    1.703    0    0  (Gen:  0)
   525072    177800   9322792  0.002  0.000   10.981    1.704    0    0  (Gen:  0)
   520736    148688   9385728  0.004  0.000   10.985    1.704    0    0  (Gen:  0)
   520552    191568   9487328  0.002  0.000   10.989    1.705    0    0  (Gen:  0)
   521112    164192   9567040  0.003  0.000   10.992    1.705    0    0  (Gen:  0)
   520784    185976   9665456  0.002  0.000   10.996    1.706    0    0  (Gen:  0)
   520920    168400   9760648  0.002  0.000   11.000    1.707    0    0  (Gen:  0)
   520960    142864   9838096  0.003  0.000   11.004    1.707    0    0  (Gen:  0)
   521112    188832   9937392  0.002  0.000   11.009    1.708    0    0  (Gen:  0)
   521216    161824  10016960  0.002  0.000   11.013    1.709    0    0  (Gen:  0)
   521168    130512  10096024  0.003  0.000   11.018    1.710    0    0  (Gen:  0)
   521456   5375592   6361416  0.013  0.001   11.033    1.711    0    0  (Gen:  1)
   525064    175528   6445192  0.002  0.000   11.037    1.712    0    0  (Gen:  0)
   520680    140544   6518888  0.002  0.000   11.041    1.713    0    0  (Gen:  0)
   520440     97232   6612232  0.002  0.000   11.044    1.713    0    0  (Gen:  0)
   520816    172128   6700632  0.002  0.000   11.048    1.714    0    0  (Gen:  0)
   520856    147608   6773944  0.002  0.000   11.052    1.715    0    0  (Gen:  0)
   521000    155088   6837264  0.002  0.000   11.055    1.715    0    0  (Gen:  0)
   525032    187472   6933832  0.003  0.000   11.059    1.716    0    0  (Gen:  0)
   520848    153128   7005904  0.002  0.000   11.063    1.717    0    0  (Gen:  0)
   520912    198560   7112184  0.003  0.000   11.068    1.717    0    0  (Gen:  0)
   523616    166152   7202664  0.002  0.000   11.071    1.718    0    0  (Gen:  0)
   525424    154920   7274080  0.002  0.000   11.075    1.719    0    0  (Gen:  0)
   529720    159912   7339664  0.002  0.000   11.079    1.719    0    0  (Gen:  0)
   985672    132200   7384112  0.003  0.000   11.083    1.720    0    0  (Gen:  0)
   521072     44432   7404496  0.001  0.000   11.086    1.720    0    0  (Gen:  0)
   520920     79480   7454616  0.002  0.000   11.090    1.721    0    0  (Gen:  0)
   521040     76552   7496520  0.002  0.000   11.093    1.721    0    0  (Gen:  0)
   521168     67088   7521344  0.001  0.000   11.096    1.722    0    0  (Gen:  0)
   520240     88256   7560032  0.002  0.000   11.099    1.722    0    0  (Gen:  0)
   521000     74352   7600400  0.001  0.000   11.102    1.723    0    0  (Gen:  0)
   521296    115424   7661616  0.002  0.000   11.105    1.724    0    0  (Gen:  0)
   520688    108576   7714232  0.002  0.000   11.108    1.724    0    0  (Gen:  0)
   520512     93176   7756712  0.002  0.000   11.111    1.725    0    0  (Gen:  0)
   521104     96752   7791560  0.002  0.000   11.115    1.725    0    0  (Gen:  0)
   521400    123576   7855192  0.002  0.000   11.118    1.726    0    0  (Gen:  0)
   520776     99048   7892816  0.002  0.000   11.121    1.726    0    0  (Gen:  0)
   520656    144704   7973440  0.002  0.000   11.125    1.727    0    0  (Gen:  0)
   520856    116000   8029608  0.002  0.000   11.129    1.728    0    0  (Gen:  0)
   520680    129304   8091784  0.002  0.000   11.133    1.728    0    0  (Gen:  0)
   520848    124776   8155376  0.002  0.000   11.136    1.729    0    0  (Gen:  0)
   520488     97728   8205952  0.003  0.000   11.141    1.729    0    0  (Gen:  0)
   520680    112544   8249416  0.003  0.000   11.145    1.730    0    0  (Gen:  0)
   520904    148104   8328816  0.003  0.000   11.149    1.731    0    0  (Gen:  0)
   521328    118368   8392944  0.002  0.000   11.153    1.731    0    0  (Gen:  0)
   520824     96384   8451232  0.002  0.000   11.157    1.732    0    0  (Gen:  0)
   718424    109288   8491960  0.002  0.000   11.161    1.733    0    0  (Gen:  0)
   520592     43408   8510552  0.002  0.000   11.165    1.733    0    0  (Gen:  0)
   520152     54456   8560936  0.002  0.000   11.168    1.734    0    0  (Gen:  0)
   520896     48120   8593080  0.002  0.000   11.172    1.735    0    0  (Gen:  0)
   520344     96280   8646344  0.002  0.000   11.175    1.735    0    0  (Gen:  0)
   520008     90672   8690656  0.002  0.000   11.179    1.736    0    0  (Gen:  0)
   520640     75120   8723976  0.002  0.000   11.183    1.737    0    0  (Gen:  0)
   521616     85872   8756072  0.002  0.000   11.187    1.737    0    0  (Gen:  0)
   521256    110096   8813528  0.002  0.000   11.191    1.738    0    0  (Gen:  0)
   521208     91968   8849992  0.003  0.000   11.196    1.739    0    0  (Gen:  0)
   525704    106408   8896760  0.002  0.000   11.200    1.739    0    0  (Gen:  0)
   520872     86248   8949600  0.002  0.000   11.204    1.740    0    0  (Gen:  0)
   520648     79696   9025336  0.002  0.000   11.207    1.741    0    0  (Gen:  0)
   520880    109640   9083048  0.002  0.000   11.211    1.741    0    0  (Gen:  0)
   521032     96720   9135704  0.003  0.000   11.215    1.742    0    0  (Gen:  0)
   520616    108832   9176336  0.003  0.000   11.220    1.743    0    0  (Gen:  0)
   525384    137032   9245168  0.003  0.000   11.224    1.744    0    0  (Gen:  0)
   521152    107440   9294432  0.003  0.000   11.229    1.745    0    0  (Gen:  0)
   521144    114296   9336704  0.003  0.000   11.234    1.745    0    0  (Gen:  0)
   525064    143536   9411312  0.002  0.000   11.238    1.746    0    0  (Gen:  0)
   525008    112328   9455680  0.003  0.000   11.243    1.747    0    0  (Gen:  0)
   673816    120232   9530928  0.002  0.000   11.247    1.748    0    0  (Gen:  0)
   611168     48368   9529512  0.001  0.000   11.250    1.748    0    0  (Gen:  0)
   521176     46464   9548200  0.002  0.000   11.254    1.749    0    0  (Gen:  0)
   520568     87184   9602632  0.002  0.000   11.258    1.749    0    0  (Gen:  0)
   520720     64768   9637000  0.002  0.000   11.261    1.750    0    0  (Gen:  0)
   520352     73456   9674232  0.002  0.000   11.265    1.751    0    0  (Gen:  0)
   520776     99224   9725344  0.002  0.000   11.269    1.751    0    0  (Gen:  0)
   520576     80664   9756480  0.003  0.000   11.274    1.752    0    0  (Gen:  0)
   520816     94992   9797288  0.002  0.000   11.278    1.753    0    0  (Gen:  0)
   520688     74936   9847704  0.002  0.000   11.282    1.754    0    0  (Gen:  0)
   520912    118736   9904984  0.002  0.000   11.286    1.754    0    0  (Gen:  0)
   521232    113016   9960952  0.002  0.000   11.290    1.755    0    0  (Gen:  0)
   521656     94016  10005456  0.002  0.000   11.294    1.756    0    0  (Gen:  0)
   520648     93760  10094352  0.002  0.000   11.298    1.756    0    0  (Gen:  0)
   520864    115680  10162608  0.002  0.000   11.302    1.757    0    0  (Gen:  0)
   521048    101792  10210240  0.003  0.000   11.306    1.758    0    0  (Gen:  0)
   520808    108800  10249280  0.003  0.000   11.311    1.759    0    0  (Gen:  0)
   520344    138752  10319792  0.003  0.000   11.315    1.759    0    0  (Gen:  0)
   520576    111464  10363928  0.003  0.000   11.320    1.760    0    0  (Gen:  0)
   520952    124952  10416840  0.002  0.000   11.324    1.761    0    0  (Gen:  0)
   520352     97744  10478048  0.002  0.000   11.329    1.762    0    0  (Gen:  0)
   520976    142520  10547344  0.002  0.000   11.333    1.762    0    0  (Gen:  0)
   920152    109688  10607544  0.003  0.000   11.338    1.763    0    0  (Gen:  0)
   541640     35056  10621832  0.002  0.000   11.341    1.763    0    0  (Gen:  0)
   520736     46712  10640520  0.002  0.000   11.344    1.764    0    0  (Gen:  0)
   520792     90464  10698168  0.002  0.000   11.348    1.765    0    0  (Gen:  0)
   520912     67360  10726592  0.002  0.000   11.352    1.765    0    0  (Gen:  0)
   521160     71888  10751776  0.002  0.000   11.355    1.766    0    0  (Gen:  0)
   520400    109392  10812416  0.002  0.000   11.359    1.766    0    0  (Gen:  0)
   520296     81944  10844664  0.002  0.000   11.363    1.767    0    0  (Gen:  0)
   520936     92608  10883112  0.002  0.000   11.367    1.768    0    0  (Gen:  0)
   520904     84400  10933920  0.002  0.000   11.371    1.768    0    0  (Gen:  0)
   520480    115680  10989000  0.002  0.000   11.374    1.769    0    0  (Gen:  0)
   520544    108952  11044440  0.002  0.000   11.378    1.769    0    0  (Gen:  0)
   521104     86240  11091784  0.003  0.000   11.383    1.770    0    0  (Gen:  0)
   520104    139904  11166632  0.002  0.000   11.387    1.771    0    0  (Gen:  0)
   520960    111960  11234016  0.002  0.000   11.391    1.771    0    0  (Gen:  0)
   520912     99144  11280576  0.003  0.000   11.395    1.772    0    0  (Gen:  0)
   520112    109480  11319848  0.003  0.000   11.400    1.773    0    0  (Gen:  0)
   520736    141104  11394768  0.002  0.000   11.404    1.773    0    0  (Gen:  0)
   521320    107288  11437840  0.003  0.000   11.409    1.774    0    0  (Gen:  0)
   520560    139776  11506048  0.003  0.000   11.413    1.775    0    0  (Gen:  0)
   521000     85376  11565872  0.002  0.000   11.417    1.775    0    0  (Gen:  0)
   521216    137848  11632664  0.002  0.000   11.422    1.776    0    0  (Gen:  0)
   525312    125592  11699144  0.002  0.000   11.426    1.777    0    0  (Gen:  0)
   520584     98944  11755824  0.003  0.000   11.430    1.777    0    0  (Gen:  0)
   520776    149376  11833832  0.002  0.000   11.434    1.778    0    0  (Gen:  0)
   520688    140072  11902528  0.002  0.000   11.438    1.779    0    0  (Gen:  0)
   520584    116296  11963856  0.002  0.000   11.442    1.779    0    0  (Gen:  0)
   520584    119440  12030000  0.003  0.000   11.447    1.780    0    0  (Gen:  0)
   520784    152568  12104776  0.002  0.000   11.451    1.781    0    0  (Gen:  0)
   521304    115304  12157608  0.003  0.000   11.456    1.782    0    0  (Gen:  0)
   521472    130728  12209904  0.004  0.000   11.461    1.782    0    0  (Gen:  0)
   520736    159624  12293176  0.003  0.000   11.466    1.783    0    0  (Gen:  0)
   521032    132976  12348320  0.003  0.000   11.471    1.784    0    0  (Gen:  0)
   525064    141384  12409848  0.003  0.000   11.475    1.784    0    0  (Gen:  0)
   521104   4614072   5607848  0.013  0.001   11.490    1.786    0    0  (Gen:  1)
   521272    167624   5696600  0.002  0.000   11.494    1.787    0    0  (Gen:  0)
   520720    140696   5768320  0.003  0.000   11.498    1.787    0    0  (Gen:  0)
   521040    109544   5835024  0.003  0.000   11.501    1.788    0    0  (Gen:  0)
   520936    157664   5911560  0.003  0.000   11.505    1.789    0    0  (Gen:  0)
   525264    148840   5985728  0.003  0.000   11.509    1.789    0    0  (Gen:  0)
   520616    125544   6049328  0.002  0.000   11.512    1.790    0    0  (Gen:  0)
   520504    136952   6103408  0.003  0.000   11.516    1.790    0    0  (Gen:  0)
   524672    171592   6195560  0.003  0.000   11.520    1.791    0    0  (Gen:  0)
   525664    136296   6258064  0.003  0.000   11.524    1.792    0    0  (Gen:  0)
   529000    138456   6311944  0.004  0.000   11.528    1.792    0    0  (Gen:  0)
   775152    130128   6364856  0.003  0.000   11.532    1.793    0    0  (Gen:  0)
   521064     42280   6384416  0.002  0.000   11.534    1.793    0    0  (Gen:  0)
   520664     81136   6435480  0.003  0.000   11.538    1.794    0    0  (Gen:  0)
   521056     46776   6470544  0.002  0.000   11.540    1.794    0    0  (Gen:  0)
   521168     88808   6515464  0.002  0.000   11.543    1.795    0    0  (Gen:  0)
   521216     87624   6559736  0.175  0.016   11.962    1.834    0    0  (Gen:  0)
   521112     73808   6597464  0.123  0.012   12.212    1.858    0    0  (Gen:  0)
   521104     84952   6626928  0.111  0.010   12.364    1.872    0    0  (Gen:  0)
   521312    119992   6691240  0.002  0.000   12.368    1.873    0    0  (Gen:  0)
   520552     91920   6729968  0.002  0.000   12.371    1.874    0    0  (Gen:  0)
   521208    101840   6768496  0.003  0.000   12.376    1.874    0    0  (Gen:  0)
   520768     65840   6825848  0.002  0.000   12.379    1.875    0    0  (Gen:  0)
   520648    136120   6898512  0.003  0.000   12.383    1.876    0    0  (Gen:  0)
   521352    116480   6959064  0.003  0.000   12.386    1.877    0    0  (Gen:  0)
   520616     89456   7009256  0.003  0.000   12.390    1.877    0    0  (Gen:  0)
   520784    131328   7073864  0.002  0.000   12.394    1.878    0    0  (Gen:  0)
   521104    140368   7151256  0.002  0.000   12.398    1.879    0    0  (Gen:  0)
   520424    112112   7200512  0.003  0.000   12.402    1.879    0    0  (Gen:  0)
   520656    113736   7242336  0.003  0.000   12.406    1.880    0    0  (Gen:  0)
   520992    150256   7322552  0.003  0.000   12.410    1.881    0    0  (Gen:  0)
   520456    112616   7371424  0.003  0.000   12.415    1.882    0    0  (Gen:  0)
   520896    152816   7452552  0.004  0.000   12.420    1.882    0    0  (Gen:  0)
   521216     75840   7520848  0.002  0.000   12.423    1.883    0    0  (Gen:  0)
   520328    156712   7605088  0.003  0.000   12.427    1.884    0    0  (Gen:  0)
   521328    124728   7671320  0.003  0.000   12.431    1.884    0    0  (Gen:  0)
   520896    102952   7732000  0.003  0.000   12.435    1.885    0    0  (Gen:  0)
   521160    149328   7806000  0.003  0.000   12.439    1.886    0    0  (Gen:  0)
   520768    137176   7873696  0.003  0.000   12.443    1.887    0    0  (Gen:  0)
   520760    110296   7931016  0.003  0.000   12.447    1.887    0    0  (Gen:  0)
   520392    174464   8029416  0.003  0.000   12.452    1.888    0    0  (Gen:  0)
   520856    134944   8116456  0.002  0.000   12.457    1.889    0    0  (Gen:  0)
   520736    122976   8175528  0.007  0.001   12.466    1.890    0    0  (Gen:  0)
   520832    130064   8226872  0.022  0.002   12.524    1.896    0    0  (Gen:  0)
   521080    160720   8308024  0.018  0.002   12.546    1.899    0    0  (Gen:  0)
   520856    126648   8363680  0.004  0.000   12.552    1.900    0    0  (Gen:  0)
   520128    171736   8455384  0.003  0.000   12.556    1.901    0    0  (Gen:  0)
   520248    147464   8536736  0.003  0.000   12.560    1.901    0    0  (Gen:  0)
   520744    139256   8593568  0.004  0.000   12.565    1.902    0    0  (Gen:  0)
   520984    169232   8680224  0.003  0.000   12.570    1.903    0    0  (Gen:  0)
   521264    125712   8751016  0.002  0.000   12.575    1.904    0    0  (Gen:  0)
   520432    169056   8838688  0.003  0.000   12.579    1.905    0    0  (Gen:  0)
   521128    145344   8910960  0.003  0.000   12.583    1.905    0    0  (Gen:  0)
   520560    112512   8977264  0.003  0.000   12.588    1.906    0    0  (Gen:  0)
   520488    163368   9059240  0.003  0.000   12.592    1.907    0    0  (Gen:  0)
   726696    128088   9109232  0.003  0.000   12.596    1.908    0    0  (Gen:  0)
   520720     37440   9130224  0.002  0.000   12.599    1.908    0    0  (Gen:  0)
   521008     81200   9183224  0.002  0.000   12.602    1.909    0    0  (Gen:  0)
   520448     76416   9224728  0.002  0.000   12.606    1.909    0    0  (Gen:  0)
   520864     64224   9249112  0.002  0.000   12.609    1.910    0    0  (Gen:  0)
   520720     82360   9284408  0.002  0.000   12.612    1.911    0    0  (Gen:  0)
   520544     72816   9328792  0.002  0.000   12.615    1.911    0    0  (Gen:  0)
   521232    119248   9393736  0.002  0.000   12.619    1.912    0    0  (Gen:  0)
   520544     99864   9444312  0.003  0.000   12.623    1.913    0    0  (Gen:  0)
   521008     79296   9486816  0.002  0.000   12.626    1.913    0    0  (Gen:  0)
   520352     93944   9519480  0.003  0.000   12.630    1.914    0    0  (Gen:  0)
   520272    128600   9588504  0.002  0.000   12.634    1.915    0    0  (Gen:  0)
   520824     95880   9629144  0.003  0.000   12.638    1.916    0    0  (Gen:  0)
   520800    137584   9702512  0.002  0.000   12.642    1.916    0    0  (Gen:  0)
   521224    125064   9769552  0.002  0.000   12.645    1.917    0    0  (Gen:  0)
   521024    107768   9812680  0.003  0.000   12.649    1.918    0    0  (Gen:  0)
   520488    119768   9861888  0.003  0.000   12.653    1.918    0    0  (Gen:  0)
   520504     94512   9918624  0.002  0.000   12.656    1.919    0    0  (Gen:  0)
   521824    147544   9998128  0.003  0.000   12.662    1.920    0    0  (Gen:  0)
   520768    126584  10060152  0.003  0.000   12.666    1.921    0    0  (Gen:  0)
   521304     99816  10112320  0.005  0.000   12.672    1.922    0    0  (Gen:  0)
   521096    136848  10177944  0.003  0.000   12.676    1.923    0    0  (Gen:  0)
   525456    140440  10250056  0.003  0.000   12.680    1.923    0    0  (Gen:  0)
   521440    112448  10300416  0.003  0.000   12.684    1.924    0    0  (Gen:  0)
   521120     97152  10393160  0.002  0.000   12.688    1.925    0    0  (Gen:  0)
   520712    125688  10465256  0.003  0.000   12.692    1.926    0    0  (Gen:  0)
   520664    130096  10532424  0.002  0.000   12.695    1.926    0    0  (Gen:  0)
   520760    141600  10622496  0.002  0.000   12.699    1.927    0    0  (Gen:  0)
   520856    145536  10701024  0.002  0.000   12.704    1.928    0    0  (Gen:  0)
   521048    128016  10754144  0.003  0.000   12.708    1.929    0    0  (Gen:  0)
   521104    159208  10834200  0.003  0.000   12.713    1.929    0    0  (Gen:  0)
   521216    125848  10903496  0.003  0.000   12.716    1.930    0    0  (Gen:  0)
   521296    156296  10979248  0.003  0.000   12.720    1.931    0    0  (Gen:  0)
   525280   5397784   6391608  0.018  0.001   12.740    1.933    0    0  (Gen:  1)
   521224    132088   6444120  0.003  0.000   12.745    1.934    0    0  (Gen:  0)
   520904    155656   6520504  0.002  0.000   12.749    1.935    0    0  (Gen:  0)
   521384    148848   6595744  0.002  0.000   12.752    1.935    0    0  (Gen:  0)
   520776    119544   6656792  0.003  0.000   12.756    1.936    0    0  (Gen:  0)
   520960    131904   6709408  0.003  0.000   12.760    1.937    0    0  (Gen:  0)
   524816    163456   6792872  0.002  0.000   12.764    1.937    0    0  (Gen:  0)
   520680    129280   6854280  0.003  0.000   12.768    1.938    0    0  (Gen:  0)
   520776    137928   6908336  0.008  0.001   12.777    1.939    0    0  (Gen:  0)
   525120    170352   7002992  0.002  0.000   12.781    1.940    0    0  (Gen:  0)
   525040    133048   7060864  0.003  0.000   12.785    1.941    0    0  (Gen:  0)
   537352    139456   7116584  0.004  0.000   12.790    1.942    0    0  (Gen:  0)
   709768    115232   7150928  0.002  0.000   12.794    1.942    0    0  (Gen:  0)
   520392     45384   7169752  0.002  0.000   12.796    1.943    0    0  (Gen:  0)
   520696     84128   7222384  0.002  0.000   12.800    1.943    0    0  (Gen:  0)
   520824     64328   7253152  0.002  0.000   12.802    1.944    0    0  (Gen:  0)
   520496     94192   7303632  0.001  0.000   12.806    1.945    0    0  (Gen:  0)
   521000     95240   7351344  0.002  0.000   12.809    1.945    0    0  (Gen:  0)
   521192     80144   7386584  0.002  0.000   12.812    1.946    0    0  (Gen:  0)
   521152    122424   7455800  0.002  0.000   12.815    1.947    0    0  (Gen:  0)
   521072    114480   7516040  0.002  0.000   12.818    1.947    0    0  (Gen:  0)
   521000     91312   7548816  0.003  0.000   12.822    1.948    0    0  (Gen:  0)
   520952    111768   7598016  0.002  0.000   12.826    1.948    0    0  (Gen:  0)
   520640     82224   7646896  0.002  0.000   12.829    1.949    0    0  (Gen:  0)
   520736    134752   7719360  0.002  0.000   12.832    1.950    0    0  (Gen:  0)
   521512    121960   7781368  0.002  0.000   12.835    1.950    0    0  (Gen:  0)
   520200     94760   7828848  0.002  0.000   12.839    1.951    0    0  (Gen:  0)
   521336    108928   7870000  0.003  0.000   12.843    1.952    0    0  (Gen:  0)
   520728    135400   7936952  0.002  0.000   12.847    1.953    0    0  (Gen:  0)
   520512    109168   7984368  0.003  0.000   12.851    1.953    0    0  (Gen:  0)
   520792    113352   8025520  0.003  0.000   12.856    1.954    0    0  (Gen:  0)
   520800    139584   8094800  0.002  0.000   12.859    1.955    0    0  (Gen:  0)
   520616    118360   8141976  0.003  0.000   12.863    1.955    0    0  (Gen:  0)
   524808    131704   8201840  0.002  0.000   12.866    1.956    0    0  (Gen:  0)
   521520    105920   8262112  0.002  0.000   12.870    1.957    0    0  (Gen:  0)
   520648    155408   8344968  0.003  0.000   12.874    1.958    0    0  (Gen:  0)
   521416    139496   8414064  0.002  0.000   12.877    1.958    0    0  (Gen:  0)
   521112    107360   8472608  0.002  0.000   12.881    1.959    0    0  (Gen:  0)
   521208    124104   8519504  0.003  0.000   12.885    1.960    0    0  (Gen:  0)
   520224    160496   8602664  0.002  0.000   12.889    1.960    0    0  (Gen:  0)
   521024    118168   8656960  0.003  0.000   12.893    1.961    0    0  (Gen:  0)
   520544    129376   8709008  0.003  0.000   12.898    1.962    0    0  (Gen:  0)
   520840    151336   8786856  0.002  0.000   12.901    1.963    0    0  (Gen:  0)
   520912    126688   8842552  0.003  0.000   12.906    1.964    0    0  (Gen:  0)
   524560    132360   8896856  0.003  0.000   12.910    1.964    0    0  (Gen:  0)
   520752    145944   8974320  0.002  0.000   12.913    1.965    0    0  (Gen:  0)
   521264    134536   9029232  0.003  0.000   12.918    1.966    0    0  (Gen:  0)
   520496    174864   9123488  0.003  0.000   12.922    1.966    0    0  (Gen:  0)
   520424    138368   9195072  0.003  0.000   12.926    1.967    0    0  (Gen:  0)
   520856    160560   9272072  0.002  0.000   12.929    1.968    0    0  (Gen:  0)
   524736    149504   9349784  0.002  0.000   12.944    1.970    0    0  (Gen:  0)
   521264    118440   9415872  0.003  0.000   12.948    1.970    0    0  (Gen:  0)
   521368    163384   9497128  0.002  0.000   12.952    1.971    0    0  (Gen:  0)
   525584    153216   9571936  0.002  0.000   12.955    1.972    0    0  (Gen:  0)
   524976    127776   9635584  0.003  0.000   12.959    1.973    0    0  (Gen:  0)
   529688    140824   9692032  0.004  0.000   12.965    1.974    0    0  (Gen:  0)
   536944    124480   9731088  0.003  0.000   12.969    1.974    0    0  (Gen:  0)
   520456     43072   9749656  0.002  0.000   12.971    1.975    0    0  (Gen:  0)
   521048     78872   9797760  0.002  0.000   12.974    1.975    0    0  (Gen:  0)
   520984     64960   9830840  0.002  0.000   12.977    1.975    0    0  (Gen:  0)
   521104     89072   9876232  0.002  0.000   12.979    1.976    0    0  (Gen:  0)
   521472     90728   9920560  0.002  0.000   12.982    1.976    0    0  (Gen:  0)
   520968     78904   9957448  0.002  0.000   12.985    1.977    0    0  (Gen:  0)
   520944    124504  10028384  0.002  0.000   12.988    1.977    0    0  (Gen:  0)
   520120    102352  10087944  0.002  0.000   12.991    1.978    0    0  (Gen:  0)
   520920     93112  10125840  0.003  0.000   12.995    1.978    0    0  (Gen:  0)
   520528    105192  10167088  0.003  0.000   12.998    1.979    0    0  (Gen:  0)
   520624     74600  10221736  0.002  0.000   13.001    1.979    0    0  (Gen:  0)
   520656    139704  10298448  0.002  0.000   13.004    1.980    0    0  (Gen:  0)
   521248    121304  10358840  0.002  0.000   13.007    1.980    0    0  (Gen:  0)
   520584     98064  10407336  0.002  0.000   13.011    1.981    0    0  (Gen:  0)
   520880    132776  10474560  0.002  0.000   13.014    1.981    0    0  (Gen:  0)
   520528    131088  10539512  0.002  0.000   13.017    1.982    0    0  (Gen:  0)
   520832    107480  10588632  0.003  0.000   13.020    1.983    0    0  (Gen:  0)
   520776    155208  10673208  0.002  0.000   13.024    1.983    0    0  (Gen:  0)
   521032    122344  10743104  0.002  0.000   13.027    1.984    0    0  (Gen:  0)
   520560    117984  10792600  0.003  0.000   13.031    1.984    0    0  (Gen:  0)
   521000    125728  10845528  0.003  0.000   13.035    1.985    0    0  (Gen:  0)
   521208     81704  10911984  0.002  0.000   13.038    1.985    0    0  (Gen:  0)
   520816     93768  11001272  0.002  0.000   13.041    1.986    0    0  (Gen:  0)
   520616    128984  11068160  0.002  0.000   13.045    1.986    0    0  (Gen:  0)
   521336    113432  11128200  0.002  0.000   13.048    1.987    0    0  (Gen:  0)
   521128    157408  11211256  0.002  0.000   13.051    1.988    0    0  (Gen:  0)
   520968    140400  11278960  0.002  0.000   13.055    1.988    0    0  (Gen:  0)
   520432    105288  11334600  0.003  0.000   13.058    1.989    0    0  (Gen:  0)
   521168    172288  11429728  0.002  0.000   13.062    1.989    0    0  (Gen:  0)
   520280    152760  11508696  0.002  0.000   13.065    1.990    0    0  (Gen:  0)
   521288    124960  11567152  0.003  0.000   13.069    1.990    0    0  (Gen:  0)
   520824    131272  11619072  0.003  0.000   13.074    1.991    0    0  (Gen:  0)
   521072    161328  11699832  0.002  0.000   13.078    1.992    0    0  (Gen:  0)
   520488    130728  11755392  0.003  0.000   13.082    1.992    0    0  (Gen:  0)
   520968    175336  11851232  0.004  0.000   13.087    1.993    0    0  (Gen:  0)
   520776     97008  11928040  0.003  0.000   13.091    1.994    0    0  (Gen:  0)
   521232    174384  12019200  0.003  0.000   13.094    1.994    0    0  (Gen:  0)
   521488    148808  12094272  0.003  0.000   13.098    1.995    0    0  (Gen:  0)
   520800    115760  12163416  0.002  0.000   13.101    1.995    0    0  (Gen:  0)
   520664    169864  12251368  0.002  0.000   13.104    1.996    0    0  (Gen:  0)
   520832    146640  12324712  0.002  0.000   13.107    1.996    0    0  (Gen:  0)
   521224    124488  12389456  0.003  0.000   13.111    1.997    0    0  (Gen:  0)
   520664    164840  12473248  0.003  0.000   13.115    1.998    0    0  (Gen:  0)
   685640    155312  12550816  0.002  0.000   13.119    1.998    0    0  (Gen:  0)
   521056   4811128   5796904  0.018  0.001   13.137    2.000    0    0  (Gen:  1)
   521208    165792   5879112  0.003  0.000   13.141    2.001    0    0  (Gen:  0)
   520816    157648   5956704  0.002  0.000   13.145    2.001    0    0  (Gen:  0)
   520912    125664   6019840  0.003  0.000   13.149    2.002    0    0  (Gen:  0)
   520576    142056   6077880  0.003  0.000   13.154    2.003    0    0  (Gen:  0)
   520320    170272   6165680  0.003  0.000   13.158    2.003    0    0  (Gen:  0)
   520640    139120   6229168  0.003  0.000   13.162    2.004    0    0  (Gen:  0)
   521104    142320   6288904  0.003  0.000   13.166    2.004    0    0  (Gen:  0)
   520576    172768   6375928  0.003  0.000   13.170    2.005    0    0  (Gen:  0)
   520608    142048   6436016  0.003  0.000   13.175    2.006    0    0  (Gen:  0)
   521120    170728   6520160  0.004  0.000   13.180    2.006    0    0  (Gen:  0)
   520920     87784   6602936  0.002  0.000   13.183    2.007    0    0  (Gen:  0)
   521216    180480   6697608  0.003  0.000   13.187    2.008    0    0  (Gen:  0)
   520768    150880   6772344  0.002  0.000   13.191    2.008    0    0  (Gen:  0)
   521400    144160   6845392  0.003  0.000   13.194    2.009    0    0  (Gen:  0)
   520912    176408   6937408  0.003  0.000   13.198    2.009    0    0  (Gen:  0)
   520680    155992   7015160  0.002  0.000   13.202    2.010    0    0  (Gen:  0)
   520248    131048   7086896  0.003  0.000   13.206    2.011    0    0  (Gen:  0)
   521600    180880   7181048  0.003  0.000   13.209    2.011    0    0  (Gen:  0)
   521088    158736   7260528  0.002  0.000   13.213    2.012    0    0  (Gen:  0)
   520992    128568   7329040  0.003  0.000   13.217    2.012    0    0  (Gen:  0)
   521464    170224   7411352  0.003  0.000   13.221    2.013    0    0  (Gen:  0)
   524984    169408   7496016  0.003  0.000   13.225    2.014    0    0  (Gen:  0)
   520656    141144   7564448  0.003  0.000   13.230    2.014    0    0  (Gen:  0)
   520832    194792   7672008  0.003  0.000   13.233    2.015    0    0  (Gen:  0)
   520672    172760   7760216  0.003  0.000   13.237    2.016    0    0  (Gen:  0)
   520920    143576   7830016  0.003  0.000   13.242    2.016    0    0  (Gen:  0)
   521024    152840   7893320  0.004  0.000   13.247    2.017    0    0  (Gen:  0)
   521336    187480   7991952  0.003  0.000   13.251    2.018    0    0  (Gen:  0)
   520904    143416   8059168  0.004  0.000   13.256    2.018    0    0  (Gen:  0)
   520912    154968   8122160  0.004  0.000   13.261    2.019    0    0  (Gen:  0)
   521368    177984   8212360  0.003  0.000   13.265    2.020    0    0  (Gen:  0)
   521248    169248   8297832  0.003  0.000   13.269    2.020    0    0  (Gen:  0)
   521336    156776   8390288  0.002  0.000   13.272    2.021    0    0  (Gen:  0)
   524544    158496   8475528  0.003  0.000   13.277    2.022    0    0  (Gen:  0)
   520800    158704   8545640  0.004  0.000   13.282    2.022    0    0  (Gen:  0)
   520592    163968   8615800  0.003  0.000   13.286    2.023    0    0  (Gen:  0)
   520904    126880   8700672  0.003  0.000   13.290    2.024    0    0  (Gen:  0)
   520912    178848   8784456  0.003  0.000   13.294    2.024    0    0  (Gen:  0)
   524984    153416   8867008  0.003  0.000   13.298    2.025    0    0  (Gen:  0)
   521120    123984   8945184  0.003  0.000   13.302    2.025    0    0  (Gen:  0)
   520432    191000   9045368  0.003  0.000   13.306    2.026    0    0  (Gen:  0)
   524048    163024   9128080  0.003  0.000   13.310    2.027    0    0  (Gen:  0)
   520824    129552   9203496  0.003  0.000   13.314    2.027    0    0  (Gen:  0)
   529840    181888   9293536  0.003  0.000   13.318    2.028    0    0  (Gen:  0)
   970184    144680   9355544  0.036  0.003   13.355    2.032    0    0  (Gen:  0)
   537568     35464   9375784  0.002  0.000   13.358    2.032    0    0  (Gen:  0)
   521248     62936   9414752  0.002  0.000   13.360    2.033    0    0  (Gen:  0)
   520928     68600   9452008  0.002  0.000   13.363    2.033    0    0  (Gen:  0)
   520992     60808   9479448  0.002  0.000   13.367    2.034    0    0  (Gen:  0)
   520728     70728   9502880  0.002  0.000   13.370    2.034    0    0  (Gen:  0)
   520296    105272   9561752  0.002  0.000   13.373    2.035    0    0  (Gen:  0)
   520920     81264   9593248  0.002  0.000   13.376    2.035    0    0  (Gen:  0)
   520504     98352   9636000  0.002  0.000   13.380    2.036    0    0  (Gen:  0)
   520672     76384   9684360  0.002  0.000   13.383    2.036    0    0  (Gen:  0)
   520656    118968   9741904  0.002  0.000   13.386    2.037    0    0  (Gen:  0)
   521432    127792   9813768  0.002  0.000   13.390    2.037    0    0  (Gen:  0)
   521256     89104   9856248  0.003  0.000   13.394    2.038    0    0  (Gen:  0)
   520400    145800   9941096  0.003  0.000   13.398    2.039    0    0  (Gen:  0)
   520664    118288  10009800  0.002  0.000   13.401    2.039    0    0  (Gen:  0)
   520640    104304  10055968  0.003  0.000   13.405    2.040    0    0  (Gen:  0)
   521096    109440  10095672  0.003  0.000   13.409    2.040    0    0  (Gen:  0)
   520784    139920  10167744  0.002  0.000   13.412    2.041    0    0  (Gen:  0)
   520856    111640  10209976  0.003  0.000   13.417    2.042    0    0  (Gen:  0)
   520136    144504  10285560  0.003  0.000   13.421    2.042    0    0  (Gen:  0)
   521424     99168  10345184  0.003  0.000   13.424    2.043    0    0  (Gen:  0)
   521032    154544  10427224  0.003  0.000   13.428    2.043    0    0  (Gen:  0)
   718288    114096  10474176  0.003  0.000   13.432    2.044    0    0  (Gen:  0)
   520912     36416  10494208  0.002  0.000   13.435    2.045    0    0  (Gen:  0)
   520200     77336  10543488  0.002  0.000   13.438    2.045    0    0  (Gen:  0)
   520736     71448  10583192  0.001  0.000   13.441    2.046    0    0  (Gen:  0)
   520584     64120  10609456  0.002  0.000   13.444    2.046    0    0  (Gen:  0)
   520288     82224  10643640  0.002  0.000   13.447    2.047    0    0  (Gen:  0)
   519960     71608  10685944  0.002  0.000   13.450    2.047    0    0  (Gen:  0)
   521144    118488  10752176  0.002  0.000   13.454    2.048    0    0  (Gen:  0)
   521744     98320  10801904  0.002  0.000   13.457    2.049    0    0  (Gen:  0)
   521272     88648  10844952  0.002  0.000   13.460    2.049    0    0  (Gen:  0)
   521336     94624  10878696  0.003  0.000   13.464    2.050    0    0  (Gen:  0)
   525384    138992  10956856  0.002  0.000   13.468    2.051    0    0  (Gen:  0)
   520328     95056  10997088  0.003  0.000   13.472    2.051    0    0  (Gen:  0)
   520968    144480  11077560  0.004  0.000   13.477    2.052    0    0  (Gen:  0)
   520968     70224  11140760  0.002  0.000   13.480    2.053    0    0  (Gen:  0)
   520672    128032  11202264  0.002  0.000   13.484    2.053    0    0  (Gen:  0)
   525320    119168  11267696  0.003  0.000   13.487    2.054    0    0  (Gen:  0)
   521360     92008  11323384  0.003  0.000   13.491    2.055    0    0  (Gen:  0)
   521000    144112  11397192  0.002  0.000   13.495    2.055    0    0  (Gen:  0)
   525208   4750248   5740064  0.015  0.001   13.512    2.057    0    0  (Gen:  1)
   525080    119672   5788280  0.003  0.000   13.517    2.058    0    0  (Gen:  0)
   529136    147768   5862096  0.002  0.000   13.521    2.059    0    0  (Gen:  0)
   759296     94064   5907040  0.002  0.000   13.524    2.059    0    0  (Gen:  0)
   521096     41712   5927528  0.002  0.000   13.527    2.060    0    0  (Gen:  0)
   520440     81960   5979544  0.002  0.000   13.530    2.060    0    0  (Gen:  0)
   520736     55800   6014752  0.002  0.000   13.533    2.061    0    0  (Gen:  0)
   521192    101072   6074192  0.001  0.000   13.535    2.062    0    0  (Gen:  0)
   520384     87776   6119560  0.002  0.000   13.538    2.062    0    0  (Gen:  0)
   521088     73424   6156528  0.003  0.000   13.542    2.063    0    0  (Gen:  0)
   520392     84936   6186416  0.002  0.000   13.545    2.063    0    0  (Gen:  0)
   520960    119904   6250984  0.002  0.000   13.548    2.064    0    0  (Gen:  0)
   520768     92736   6290024  0.003  0.000   13.552    2.065    0    0  (Gen:  0)
   521072     98776   6325400  0.002  0.000   13.555    2.065    0    0  (Gen:  0)
   521520    106352   6384600  0.002  0.000   13.559    2.066    0    0  (Gen:  0)
   521128     99824   6421432  0.003  0.000   13.563    2.067    0    0  (Gen:  0)
   520440    140248   6497616  0.002  0.000   13.566    2.067    0    0  (Gen:  0)
   521096    105360   6546920  0.002  0.000   13.569    2.068    0    0  (Gen:  0)
   520800    136376   6618104  0.002  0.000   13.573    2.069    0    0  (Gen:  0)
   520976    126240   6681504  0.002  0.000   13.576    2.069    0    0  (Gen:  0)
   520184    111584   6732056  0.003  0.000   13.580    2.070    0    0  (Gen:  0)
   520872    112744   6775008  0.003  0.000   13.585    2.071    0    0  (Gen:  0)
   520600    150512   6855344  0.002  0.000   13.588    2.071    0    0  (Gen:  0)
   520944    113712   6907808  0.003  0.000   13.592    2.072    0    0  (Gen:  0)
   520576    117400   6950032  0.003  0.000   13.597    2.073    0    0  (Gen:  0)
   944624    106456   6988600  0.002  0.000   13.600    2.073    0    0  (Gen:  0)
   520912     47352   7009072  0.002  0.000   13.603    2.074    0    0  (Gen:  0)
   520752     84704   7063592  0.002  0.000   13.607    2.074    0    0  (Gen:  0)
   520760     52776   7098808  0.002  0.000   13.610    2.075    0    0  (Gen:  0)
   520616    100576   7156672  0.002  0.000   13.612    2.075    0    0  (Gen:  0)
   520848     94152   7203208  0.002  0.000   13.615    2.076    0    0  (Gen:  0)
   520728     80768   7240424  0.002  0.000   13.618    2.076    0    0  (Gen:  0)
   520808     84712   7268856  0.002  0.000   13.622    2.077    0    0  (Gen:  0)
   521048    125440   7340168  0.002  0.000   13.625    2.077    0    0  (Gen:  0)
   520744     90744   7375480  0.002  0.000   13.628    2.078    0    0  (Gen:  0)
   520952     95896   7410720  0.002  0.000   13.631    2.079    0    0  (Gen:  0)
   520504    110304   7472064  0.002  0.000   13.634    2.079    0    0  (Gen:  0)
   520320    101488   7508536  0.003  0.000   13.638    2.080    0    0  (Gen:  0)
   520888    119288   7560824  0.002  0.000   13.642    2.080    0    0  (Gen:  0)
   520936     94120   7612160  0.002  0.000   13.645    2.081    0    0  (Gen:  0)
   520088    130536   7675544  0.002  0.000   13.648    2.081    0    0  (Gen:  0)
   521000    137496   7750896  0.002  0.000   13.652    2.082    0    0  (Gen:  0)
   520912     98584   7800672  0.002  0.000   13.655    2.082    0    0  (Gen:  0)
   520624    111224   7840664  0.003  0.000   13.659    2.083    0    0  (Gen:  0)
   521272    144856   7915712  0.002  0.000   13.663    2.084    0    0  (Gen:  0)
   520984    114352   7964800  0.003  0.000   13.667    2.084    0    0  (Gen:  0)
   520792    116616   8010016  0.003  0.000   13.671    2.085    0    0  (Gen:  0)
   524992    149400   8088504  0.002  0.000   13.674    2.085    0    0  (Gen:  0)
   521080    118400   8134744  0.003  0.000   13.679    2.086    0    0  (Gen:  0)
   520584    163240   8224264  0.003  0.000   13.682    2.087    0    0  (Gen:  0)
   520928    104464   8287688  0.002  0.000   13.686    2.087    0    0  (Gen:  0)
   520160    162120   8375160  0.002  0.000   13.689    2.088    0    0  (Gen:  0)
   520736    141432   8444056  0.002  0.000   13.692    2.089    0    0  (Gen:  0)
   521232    110176   8503320  0.003  0.000   13.696    2.089    0    0  (Gen:  0)
   521408    150744   8579816  0.003  0.000   13.700    2.090    0    0  (Gen:  0)
   520856    146800   8651776  0.002  0.000   13.704    2.090    0    0  (Gen:  0)
   520752    118760   8713096  0.004  0.000   13.709    2.091    0    0  (Gen:  0)
   521208    131160   8765856  0.003  0.000   13.713    2.092    0    0  (Gen:  0)
   525368    157344   8843976  0.002  0.000   13.717    2.092    0    0  (Gen:  0)
   521304    127320   8901624  0.003  0.000   13.721    2.093    0    0  (Gen:  0)
   520560    169312   8991224  0.002  0.000   13.724    2.094    0    0  (Gen:  0)
   520976    152008   9073176  0.002  0.000   13.728    2.094    0    0  (Gen:  0)
   521176    131240   9126920  0.003  0.000   13.732    2.095    0    0  (Gen:  0)
   525040    141416   9188680  0.003  0.000   13.736    2.096    0    0  (Gen:  0)
   520848    106920   9260632  0.002  0.000   13.740    2.096    0    0  (Gen:  0)
   520544    173880   9354328  0.002  0.000   13.743    2.097    0    0  (Gen:  0)
   524704    146536   9426272  0.002  0.000   13.747    2.097    0    0  (Gen:  0)
   521208    118200   9492984  0.003  0.000   13.750    2.098    0    0  (Gen:  0)
   529184    160632   9572328  0.002  0.000   13.754    2.099    0    0  (Gen:  0)
   779448    129136   9629416  0.003  0.000   13.759    2.099    0    0  (Gen:  0)
   520624     34464   9648968  0.002  0.000   13.761    2.100    0    0  (Gen:  0)
   520736     61784   9684536  0.002  0.000   13.764    2.100    0    0  (Gen:  0)
   521008     74024   9723288  0.001  0.000   13.766    2.101    0    0  (Gen:  0)
   521072     62816   9749792  0.002  0.000   13.770    2.102    0    0  (Gen:  0)
   521312     78168   9779128  0.002  0.000   13.773    2.102    0    0  (Gen:  0)
   521128     65040   9825760  0.002  0.000   13.776    2.103    0    0  (Gen:  0)
   521400    119280   9891896  0.002  0.000   13.779    2.103    0    0  (Gen:  0)
   521032     99224   9942568  0.002  0.000   13.782    2.104    0    0  (Gen:  0)
   520960     82736   9988024  0.002  0.000   13.785    2.105    0    0  (Gen:  0)
   521024     95616  10021680  0.003  0.000   13.789    2.105    0    0  (Gen:  0)
   520624    121680  10082312  0.002  0.000   13.792    2.106    0    0  (Gen:  0)
   520488     92392  10121472  0.003  0.000   13.796    2.107    0    0  (Gen:  0)
   521320    139528  10198832  0.002  0.000   13.800    2.107    0    0  (Gen:  0)
   521072    116768  10265952  0.002  0.000   13.803    2.108    0    0  (Gen:  0)
   520296    106280  10308368  0.003  0.000   13.807    2.109    0    0  (Gen:  0)
   521432    141320  10381264  0.003  0.000   13.811    2.109    0    0  (Gen:  0)
   520960     89264  10438640  0.002  0.000   13.815    2.110    0    0  (Gen:  0)
   520056    143080  10514352  0.002  0.000   13.818    2.111    0    0  (Gen:  0)
   520736    130224  10579728  0.002  0.000   13.822    2.111    0    0  (Gen:  0)
   521008    105800  10634792  0.002  0.000   13.825    2.112    0    0  (Gen:  0)
   520552    118672  10679344  0.003  0.000   13.830    2.113    0    0  (Gen:  0)
   521296    143904  10750432  0.002  0.000   13.833    2.114    0    0  (Gen:  0)
   520408    111176  10801624  0.003  0.000   13.837    2.114    0    0  (Gen:  0)
   521056    159544  10887120  0.002  0.000   13.841    2.115    0    0  (Gen:  0)
   520992    142304  10962104  0.002  0.000   13.845    2.116    0    0  (Gen:  0)
   521384    118080  11012056  0.003  0.000   13.850    2.117    0    0  (Gen:  0)
   520880    129112  11065832  0.002  0.000   13.855    2.117    0    0  (Gen:  0)
   520280    103488  11131360  0.002  0.000   13.860    2.118    0    0  (Gen:  0)
   520568    145176  11203136  0.002  0.000   13.864    2.119    0    0  (Gen:  0)
   520896    149960  11287352  0.003  0.000   13.868    2.120    0    0  (Gen:  0)
   520848   5364816   6362864  0.017  0.001   13.886    2.122    0    0  (Gen:  1)
   521096    155560   6438704  0.002  0.000   13.890    2.123    0    0  (Gen:  0)
   520416    148280   6514832  0.002  0.000   13.894    2.123    0    0  (Gen:  0)
   521136    110728   6575448  0.003  0.000   13.897    2.124    0    0  (Gen:  0)
   520360    176872   6673928  0.003  0.000   13.901    2.125    0    0  (Gen:  0)
   520144    131696   6754232  0.002  0.000   13.904    2.125    0    0  (Gen:  0)
   520680    126216   6818968  0.003  0.000   13.908    2.126    0    0  (Gen:  0)
   520560    138864   6873776  0.003  0.000   13.913    2.127    0    0  (Gen:  0)
   521728    171736   6961744  0.002  0.000   13.916    2.127    0    0  (Gen:  0)
   520472    138632   7022400  0.003  0.000   13.920    2.128    0    0  (Gen:  0)
   520904     96688   7114976  0.002  0.000   13.923    2.129    0    0  (Gen:  0)
   520544    145824   7196544  0.002  0.000   13.927    2.129    0    0  (Gen:  0)
   520904    134736   7252440  0.003  0.000   13.931    2.130    0    0  (Gen:  0)
   619432    143912   7324144  0.002  0.000   13.935    2.131    0    0  (Gen:  0)
   623312     77104   7337672  0.002  0.000   13.938    2.131    0    0  (Gen:  0)
   521392     46552   7357848  0.002  0.000   13.940    2.132    0    0  (Gen:  0)
   520216     93944   7419704  0.002  0.000   13.943    2.132    0    0  (Gen:  0)
   520968     58584   7448864  0.002  0.000   13.946    2.133    0    0  (Gen:  0)
   521064     71296   7474320  0.001  0.000   13.949    2.134    0    0  (Gen:  0)
   520328     99896   7524856  0.002  0.000   13.952    2.134    0    0  (Gen:  0)
   521224     80696   7558152  0.002  0.000   13.955    2.135    0    0  (Gen:  0)
   520536     86536   7590568  0.002  0.000   13.958    2.135    0    0  (Gen:  0)
   521032     67512   7644304  0.002  0.000   13.961    2.136    0    0  (Gen:  0)
   520584    114904   7699472  0.002  0.000   13.964    2.137    0    0  (Gen:  0)
   520312    102216   7752104  0.002  0.000   13.967    2.137    0    0  (Gen:  0)
   520544     83000   7801440  0.002  0.000   13.970    2.138    0    0  (Gen:  0)
   520680    126872   7864400  0.002  0.000   13.973    2.138    0    0  (Gen:  0)
   521184    122104   7925688  0.002  0.000   13.976    2.139    0    0  (Gen:  0)
   521128     96344   7973104  0.002  0.000   13.980    2.140    0    0  (Gen:  0)
   520488    109552   8014128  0.003  0.000   13.984    2.140    0    0  (Gen:  0)
   520584    133704   8080256  0.002  0.000   13.987    2.141    0    0  (Gen:  0)
   521256    104968   8125824  0.003  0.000   13.991    2.142    0    0  (Gen:  0)
   521312    112488   8165680  0.002  0.000   13.994    2.142    0    0  (Gen:  0)
   520944    116072   8231672  0.002  0.000   13.997    2.143    0    0  (Gen:  0)
   521392    116368   8278480  0.003  0.000   14.001    2.144    0    0  (Gen:  0)
   525048    152000   8360416  0.002  0.000   14.004    2.144    0    0  (Gen:  0)
   521584    127816   8420064  0.002  0.000   14.008    2.145    0    0  (Gen:  0)
   520816    153168   8501800  0.002  0.000   14.011    2.146    0    0  (Gen:  0)
   521304    138448   8568688  0.002  0.000   14.014    2.146    0    0  (Gen:  0)
   520672    106816   8624392  0.002  0.000   14.018    2.147    0    0  (Gen:  0)
   520464    149680   8698688  0.002  0.000   14.021    2.147    0    0  (Gen:  0)
   520944    147248   8768888  0.002  0.000   14.025    2.148    0    0  (Gen:  0)
   521312    120032   8824000  0.003  0.000   14.029    2.149    0    0  (Gen:  0)
   520840    130368   8877752  0.003  0.000   14.034    2.150    0    0  (Gen:  0)
   521264    160480   8962872  0.002  0.000   14.037    2.150    0    0  (Gen:  0)
   521160    124784   9020176  0.003  0.000   14.041    2.151    0    0  (Gen:  0)
   521328    131336   9072512  0.003  0.000   14.045    2.152    0    0  (Gen:  0)
   525352    162096   9157872  0.002  0.000   14.049    2.153    0    0  (Gen:  0)
   520944    130968   9212704  0.003  0.000   14.053    2.153    0    0  (Gen:  0)
   521192    160416   9292896  0.003  0.000   14.058    2.154    0    0  (Gen:  0)
   521384    106528   9366136  0.002  0.000   14.061    2.155    0    0  (Gen:  0)
   520720    171776   9455816  0.002  0.000   14.065    2.155    0    0  (Gen:  0)
   524632    143536   9529072  0.002  0.000   14.068    2.156    0    0  (Gen:  0)
   521128    120752   9595424  0.003  0.000   14.072    2.157    0    0  (Gen:  0)
   520736    168944   9683112  0.002  0.000   14.075    2.158    0    0  (Gen:  0)
   524512    147720   9758704  0.002  0.000   14.079    2.158    0    0  (Gen:  0)
   520976    116256   9821144  0.003  0.000   14.083    2.159    0    0  (Gen:  0)
   529360     87656   9905024  0.002  0.000   14.086    2.160    0    0  (Gen:  0)
   722136    126888   9955872  0.003  0.000   14.091    2.160    0    0  (Gen:  0)
   520456     38000   9975360  0.002  0.000   14.093    2.161    0    0  (Gen:  0)
   520632     78152  10025208  0.002  0.000   14.096    2.162    0    0  (Gen:  0)
   520864     70200  10066072  0.001  0.000   14.099    2.162    0    0  (Gen:  0)
   520832     64848  10091928  0.002  0.000   14.102    2.163    0    0  (Gen:  0)
   520640     86112  10128896  0.002  0.000   14.105    2.163    0    0  (Gen:  0)
   521040     78848  10170568  0.002  0.000   14.108    2.164    0    0  (Gen:  0)
   521176    116744  10233368  0.002  0.000   14.111    2.164    0    0  (Gen:  0)
   521200    104536  10285304  0.002  0.000   14.114    2.165    0    0  (Gen:  0)
   520712     85680  10328360  0.002  0.000   14.116    2.166    0    0  (Gen:  0)
   521024     96920  10363608  0.002  0.000   14.120    2.166    0    0  (Gen:  0)
   520968    123120  10426904  0.002  0.000   14.123    2.167    0    0  (Gen:  0)
   520592     97616  10464832  0.003  0.000   14.127    2.168    0    0  (Gen:  0)
   521296    146544  10547720  0.003  0.000   14.132    2.168    0    0  (Gen:  0)
   520664     78000  10604112  0.002  0.000   14.135    2.169    0    0  (Gen:  0)
   520672    128200  10665568  0.001  0.000   14.137    2.170    0    0  (Gen:  0)
   521560    119864  10728392  0.002  0.000   14.140    2.170    0    0  (Gen:  0)
   520448     96400  10781040  0.002  0.000   14.144    2.171    0    0  (Gen:  0)
   520312    136488  10850256  0.002  0.000   14.147    2.172    0    0  (Gen:  0)
   520680    134464  10916896  0.002  0.000   14.150    2.172    0    0  (Gen:  0)
   520832    109640  10970056  0.003  0.000   14.154    2.173    0    0  (Gen:  0)
   520888    118024  11013512  0.003  0.000   14.158    2.174    0    0  (Gen:  0)
   525112    147888  11088504  0.002  0.000   14.162    2.174    0    0  (Gen:  0)
   521352    112832  11134800  0.003  0.000   14.166    2.175    0    0  (Gen:  0)
   521000    160136  11222760  0.004  0.000   14.171    2.176    0    0  (Gen:  0)
   520936     76024  11291144  0.002  0.000   14.174    2.177    0    0  (Gen:  0)
   521280    146368  11361952  0.002  0.000   14.178    2.177    0    0  (Gen:  0)
   520784    126640  11426872  0.002  0.000   14.181    2.178    0    0  (Gen:  0)
   520432     95032  11485888  0.002  0.000   14.185    2.179    0    0  (Gen:  0)
   520568    148968  11559792  0.002  0.000   14.188    2.179    0    0  (Gen:  0)
   520864    139856  11628744  0.002  0.000   14.192    2.180    0    0  (Gen:  0)
   520688    124616  11693088  0.003  0.000   14.195    2.181    0    0  (Gen:  0)
   521048    130448  11742760  0.003  0.000   14.200    2.182    0    0  (Gen:  0)
   524352    168464  11833296  0.002  0.000   14.204    2.182    0    0  (Gen:  0)
   521208    122088  11892320  0.003  0.000   14.208    2.183    0    0  (Gen:  0)
   520872    174464  11988072  0.003  0.000   14.212    2.184    0    0  (Gen:  0)
   520536    139176  12069792  0.002  0.000   14.215    2.184    0    0  (Gen:  0)
   520632    132656  12130056  0.003  0.000   14.219    2.185    0    0  (Gen:  0)
   520608    139016  12186376  0.003  0.000   14.224    2.186    0    0  (Gen:  0)
   525312    167568  12271016  0.002  0.000   14.227    2.187    0    0  (Gen:  0)
   521288    137032  12330784  0.003  0.000   14.232    2.187    0    0  (Gen:  0)
   525456    145928  12392312  0.002  0.000   14.235    2.188    0    0  (Gen:  0)
   521040    124480  12465136  0.002  0.000   14.239    2.189    0    0  (Gen:  0)
   525544    177928  12562072  0.002  0.000   14.242    2.190    0    0  (Gen:  0)
   545648   3992920   4978808  0.014  0.001   14.257    2.191    0    0  (Gen:  1)
   520792     35440   4998368  0.002  0.000   14.261    2.192    0    0  (Gen:  0)
   520680     77888   5048928  0.002  0.000   14.263    2.192    0    0  (Gen:  0)
   520256     73120   5089736  0.001  0.000   14.266    2.192    0    0  (Gen:  0)
   521000     64560   5116008  0.002  0.000   14.269    2.193    0    0  (Gen:  0)
   520864     80288   5147296  0.002  0.000   14.271    2.193    0    0  (Gen:  0)
   521248     69864   5192048  0.002  0.000   14.274    2.194    0    0  (Gen:  0)
   520680    114408   5253120  0.002  0.000   14.277    2.194    0    0  (Gen:  0)
   520360    101832   5304576  0.002  0.000   14.279    2.195    0    0  (Gen:  0)
   520848     83680   5349312  0.002  0.000   14.282    2.195    0    0  (Gen:  0)
   520552     96840   5384976  0.003  0.000   14.286    2.196    0    0  (Gen:  0)
   520960    121224   5444848  0.002  0.000   14.289    2.196    0    0  (Gen:  0)
   520296     93856   5484424  0.002  0.000   14.292    2.197    0    0  (Gen:  0)
   521208    137752   5559480  0.002  0.000   14.296    2.197    0    0  (Gen:  0)
   520896    128408   5626880  0.002  0.000   14.299    2.198    0    0  (Gen:  0)
   520624    107800   5668160  0.003  0.000   14.302    2.198    0    0  (Gen:  0)
   520768    142488   5742728  0.002  0.000   14.305    2.199    0    0  (Gen:  0)
   520680    111440   5798288  0.002  0.000   14.309    2.200    0    0  (Gen:  0)
   520704    143552   5873288  0.002  0.000   14.312    2.200    0    0  (Gen:  0)
   520944    128576   5939432  0.002  0.000   14.315    2.201    0    0  (Gen:  0)
   521080    102384   5994176  0.002  0.000   14.318    2.201    0    0  (Gen:  0)
   520400    120168   6039432  0.002  0.000   14.322    2.202    0    0  (Gen:  0)
   521080    152480   6118288  0.002  0.000   14.326    2.202    0    0  (Gen:  0)
   520936    107784   6168424  0.003  0.000   14.329    2.203    0    0  (Gen:  0)
   520632    141992   6236488  0.003  0.000   14.334    2.203    0    0  (Gen:  0)
   521008    133896   6309736  0.032  0.003   14.368    2.207    0    0  (Gen:  0)
   521752    119048   6360184  0.003  0.000   14.374    2.208    0    0  (Gen:  0)
   520848    130736   6415600  0.003  0.000   14.378    2.209    0    0  (Gen:  0)
   520728     90872   6481096  0.002  0.000   14.382    2.209    0    0  (Gen:  0)
   520408    164688   6571904  0.002  0.000   14.386    2.210    0    0  (Gen:  0)
   520800    133248   6639320  0.002  0.000   14.390    2.211    0    0  (Gen:  0)
   520888    111520   6705736  0.003  0.000   14.394    2.211    0    0  (Gen:  0)
   521504    156008   6782056  0.002  0.000   14.399    2.212    0    0  (Gen:  0)
   520744    149472   6858024  0.002  0.000   14.402    2.213    0    0  (Gen:  0)
   520168    114560   6917928  0.003  0.000   14.407    2.213    0    0  (Gen:  0)
   521096    103896   7017400  0.002  0.000   14.410    2.214    0    0  (Gen:  0)
   520776    138072   7099504  0.002  0.000   14.414    2.215    0    0  (Gen:  0)
   520856    128536   7162864  0.003  0.000   14.419    2.215    0    0  (Gen:  0)
   521696    137160   7216016  0.004  0.000   14.424    2.216    0    0  (Gen:  0)
   520912    165352   7298456  0.002  0.000   14.428    2.217    0    0  (Gen:  0)
   520888    132376   7359232  0.003  0.000   14.434    2.217    0    0  (Gen:  0)
   520808    138528   7412296  0.003  0.000   14.439    2.218    0    0  (Gen:  0)
   520832    164080   7495960  0.003  0.000   14.443    2.219    0    0  (Gen:  0)
   521128    137352   7552416  0.003  0.000   14.448    2.220    0    0  (Gen:  0)
   685448    142456   7613024  0.003  0.000   14.453    2.220    0    0  (Gen:  0)
   521224    141240   7690736  0.002  0.000   14.457    2.221    0    0  (Gen:  0)
   520968    177328   7787728  0.002  0.000   14.461    2.222    0    0  (Gen:  0)
   521128    139192   7859024  0.002  0.000   14.464    2.222    0    0  (Gen:  0)
   520648    119432   7929616  0.003  0.000   14.469    2.223    0    0  (Gen:  0)
   520872    174080   8022840  0.003  0.000   14.473    2.224    0    0  (Gen:  0)
   520320    157728   8097560  0.003  0.000   14.477    2.224    0    0  (Gen:  0)
   520520    116504   8167872  0.003  0.000   14.482    2.225    0    0  (Gen:  0)
   520656    170600   8253304  0.002  0.000   14.486    2.226    0    0  (Gen:  0)
   521016    161576   8332816  0.002  0.000   14.490    2.226    0    0  (Gen:  0)
   520400    130192   8403072  0.003  0.000   14.495    2.227    0    0  (Gen:  0)
   521448    146544   8460568  0.004  0.000   14.500    2.228    0    0  (Gen:  0)
   520600    167856   8544232  0.002  0.000   14.504    2.228    0    0  (Gen:  0)
   521152    131592   8607424  0.003  0.000   14.509    2.229    0    0  (Gen:  0)
   520856    185688   8709032  0.003  0.000   14.513    2.230    0    0  (Gen:  0)
   521248    145576   8796808  0.002  0.000   14.517    2.230    0    0  (Gen:  0)
   521488    136248   8860696  0.004  0.000   14.522    2.231    0    0  (Gen:  0)
   520576    148968   8920392  0.004  0.000   14.527    2.232    0    0  (Gen:  0)
   520320    173248   9007736  0.002  0.000   14.530    2.233    0    0  (Gen:  0)
   520744    144464   9069584  0.004  0.000   14.534    2.233    0    0  (Gen:  0)
   521736    151520   9131976  0.004  0.000   14.539    2.234    0    0  (Gen:  0)
   520776     94056   9211536  0.003  0.000   14.542    2.235    0    0  (Gen:  0)
   521488    169216   9293160  0.002  0.000   14.545    2.235    0    0  (Gen:  0)
   525216    146208   9371384  0.003  0.000   14.549    2.236    0    0  (Gen:  0)
   520616    109904   9448248  0.003  0.000   14.553    2.236    0    0  (Gen:  0)
   520800    181096   9541584  0.002  0.000   14.556    2.237    0    0  (Gen:  0)
   520648    155440   9622328  0.003  0.000   14.559    2.238    0    0  (Gen:  0)
   520968    121776   9696016  0.003  0.000   14.563    2.238    0    0  (Gen:  0)
   521256    177848   9784080  0.003  0.000   14.566    2.239    0    0  (Gen:  0)
   520760    168024   9866920  0.003  0.000   14.570    2.239    0    0  (Gen:  0)
   520792   5310640   6296424  0.016  0.001   14.587    2.241    0    0  (Gen:  1)
   521016    178440   6385448  0.003  0.000   14.591    2.242    0    0  (Gen:  0)
   521528    169648   6467440  0.002  0.000   14.595    2.243    0    0  (Gen:  0)
   521080    146280   6544200  0.003  0.000   14.599    2.243    0    0  (Gen:  0)
   521392    155512   6605776  0.004  0.000   14.603    2.244    0    0  (Gen:  0)
   524984    180400   6695008  0.002  0.000   14.607    2.245    0    0  (Gen:  0)
   520440    142832   6767264  0.003  0.000   14.610    2.245    0    0  (Gen:  0)
   520648    197824   6873328  0.003  0.000   14.614    2.246    0    0  (Gen:  0)
   520632    169408   6966928  0.002  0.000   14.617    2.246    0    0  (Gen:  0)
   520880    150464   7036392  0.004  0.000   14.621    2.247    0    0  (Gen:  0)
   521192    155592   7102024  0.004  0.000   14.626    2.248    0    0  (Gen:  0)
   525336    185464   7196632  0.002  0.000   14.629    2.248    0    0  (Gen:  0)
   520592    151176   7266784  0.003  0.000   14.633    2.249    0    0  (Gen:  0)
   520520    157920   7331112  0.004  0.000   14.638    2.250    0    0  (Gen:  0)
   523888    182440   7422456  0.002  0.000   14.642    2.250    0    0  (Gen:  0)
   525528    155224   7489800  0.004  0.000   14.646    2.251    0    0  (Gen:  0)
   549056    164352   7560544  0.003  0.000   14.650    2.251    0    0  (Gen:  0)
   964944     97600   7587792  0.002  0.000   14.652    2.252    0    0  (Gen:  0)
   520664     48048   7607256  0.002  0.000   14.654    2.252    0    0  (Gen:  0)
   521160     83040   7659376  0.002  0.000   14.657    2.253    0    0  (Gen:  0)
   520216     67864   7691888  0.001  0.000   14.659    2.253    0    0  (Gen:  0)
   521240     88728   7737040  0.002  0.000   14.661    2.254    0    0  (Gen:  0)
   520664     90296   7782368  0.002  0.000   14.663    2.254    0    0  (Gen:  0)
   520560     78392   7819640  0.002  0.000   14.666    2.255    0    0  (Gen:  0)
   521072     78040   7893040  0.002  0.000   14.669    2.255    0    0  (Gen:  0)
   520680    105696   7952400  0.002  0.000   14.671    2.255    0    0  (Gen:  0)
   520448     91624   7989344  0.002  0.000   14.674    2.256    0    0  (Gen:  0)
   521256    105808   8030784  0.002  0.000   14.677    2.256    0    0  (Gen:  0)
   520768     72520   8085360  0.002  0.000   14.680    2.257    0    0  (Gen:  0)
   521168    140288   8162480  0.002  0.000   14.683    2.257    0    0  (Gen:  0)
   520904    114648   8222704  0.002  0.000   14.685    2.258    0    0  (Gen:  0)
   520472     99568   8272128  0.002  0.000   14.688    2.258    0    0  (Gen:  0)
   521072    132600   8338608  0.002  0.000   14.691    2.259    0    0  (Gen:  0)
   521224    130480   8404128  0.002  0.000   14.693    2.259    0    0  (Gen:  0)
   520760    104472   8452624  0.003  0.000   14.697    2.260    0    0  (Gen:  0)
   520960     91288   8539664  0.001  0.000   14.699    2.260    0    0  (Gen:  0)
   521320    117144   8609912  0.002  0.000   14.702    2.261    0    0  (Gen:  0)
   520912    116080   8659696  0.003  0.000   14.706    2.262    0    0  (Gen:  0)
   588800    123912   8718448  0.003  0.000   14.710    2.262    0    0  (Gen:  0)
   648952     28232   8735520  0.001  0.000   14.712    2.263    0    0  (Gen:  0)
   520984     46008   8755704  0.002  0.000   14.715    2.263    0    0  (Gen:  0)
   520352     92224   8814544  0.002  0.000   14.718    2.264    0    0  (Gen:  0)
   520752     55816   8844432  0.002  0.000   14.720    2.264    0    0  (Gen:  0)
   520944     70744   8868568  0.002  0.000   14.723    2.265    0    0  (Gen:  0)
   520480    107448   8925840  0.002  0.000   14.726    2.265    0    0  (Gen:  0)
   520736     79864   8957800  0.002  0.000   14.729    2.266    0    0  (Gen:  0)
   520912     90880   8992960  0.002  0.000   14.732    2.267    0    0  (Gen:  0)
   520176     69256   9046088  0.002  0.000   14.734    2.267    0    0  (Gen:  0)
   520680    119128   9104448  0.002  0.000   14.737    2.268    0    0  (Gen:  0)
   525384    107440   9160328  0.002  0.000   14.739    2.268    0    0  (Gen:  0)
   520600     92872   9205616  0.002  0.000   14.742    2.269    0    0  (Gen:  0)
   520872    124424   9269184  0.002  0.000   14.745    2.269    0    0  (Gen:  0)
   520968    123264   9329616  0.002  0.000   14.748    2.270    0    0  (Gen:  0)
   520776    101064   9377504  0.003  0.000   14.751    2.271    0    0  (Gen:  0)
   520912    111384   9420944  0.003  0.000   14.755    2.271    0    0  (Gen:  0)
   525592    139640   9489904  0.002  0.000   14.758    2.272    0    0  (Gen:  0)
   520728    111320   9537888  0.003  0.000   14.762    2.272    0    0  (Gen:  0)
   525432    120296   9586568  0.002  0.000   14.765    2.273    0    0  (Gen:  0)
   520808     92648   9648624  0.002  0.000   14.767    2.274    0    0  (Gen:  0)
   528992    142192   9718072  0.002  0.000   14.770    2.274    0    0  (Gen:  0)
   763896    113232   9767224  0.003  0.000   14.774    2.275    0    0  (Gen:  0)
   520840     34000   9786320  0.001  0.000   14.776    2.275    0    0  (Gen:  0)
   520912     42448   9824720  0.001  0.000   14.778    2.276    0    0  (Gen:  0)
   520248     71800   9861600  0.002  0.000   14.781    2.276    0    0  (Gen:  0)
   521120     64392   9889288  0.002  0.000   14.784    2.277    0    0  (Gen:  0)
   520712     75496   9916144  0.002  0.000   14.787    2.277    0    0  (Gen:  0)
   521080     59208   9964736  0.002  0.000   14.790    2.278    0    0  (Gen:  0)
   520488    121200  10033360  0.002  0.000   14.792    2.279    0    0  (Gen:  0)
   520776    100336  10083168  0.002  0.000   14.795    2.279    0    0  (Gen:  0)
   520984     81400  10127632  0.002  0.000   14.798    2.280    0    0  (Gen:  0)
   520592    116632  10184632  0.002  0.000   14.801    2.280    0    0  (Gen:  0)
   521568    120576  10244904  0.002  0.000   14.803    2.281    0    0  (Gen:  0)
   521400     93448  10283000  0.002  0.000   14.807    2.281    0    0  (Gen:  0)
   520416    135104  10356312  0.002  0.000   14.809    2.282    0    0  (Gen:  0)
   521352    129336  10423712  0.002  0.000   14.813    2.283    0    0  (Gen:  0)
   520872    105304  10466440  0.003  0.000   14.818    2.283    0    0  (Gen:  0)
   521000    120048  10517040  0.002  0.000   14.821    2.284    0    0  (Gen:  0)
   519776     92680  10576392  0.002  0.000   14.825    2.285    0    0  (Gen:  0)
   520936    149512  10657712  0.002  0.000   14.829    2.286    0    0  (Gen:  0)
   520864    127784  10723456  0.002  0.000   14.833    2.286    0    0  (Gen:  0)
   520584    107568  10776688  0.002  0.000   14.837    2.287    0    0  (Gen:  0)
   520760    142040  10845936  0.002  0.000   14.841    2.288    0    0  (Gen:  0)
   944544    114272  10893224  0.002  0.000   14.845    2.288    0    0  (Gen:  0)
   520600     39432  10912664  0.002  0.000   14.848    2.289    0    0  (Gen:  0)
   520904     62912  10949288  0.001  0.000   14.851    2.289    0    0  (Gen:  0)
   521104     74248  10989192  0.001  0.000   14.854    2.290    0    0  (Gen:  0)
   520416     63448  11014808  0.002  0.000   14.858    2.290    0    0  (Gen:  0)
   520728     77256  11044544  0.002  0.000   14.862    2.291    0    0  (Gen:  0)
   520808     59336  11092632  0.002  0.000   14.865    2.292    0    0  (Gen:  0)
   520952    124160  11163896  0.002  0.000   14.869    2.292    0    0  (Gen:  0)
   520920     96048  11212768  0.002  0.000   14.872    2.293    0    0  (Gen:  0)
   521128     83920  11255024  0.002  0.000   14.876    2.293    0    0  (Gen:  0)
   520424    113840  11310720  0.002  0.000   14.879    2.294    0    0  (Gen:  0)
   520632    119056  11371688  0.002  0.000   14.883    2.294    0    0  (Gen:  0)
   520592     97504  11413280  0.002  0.000   14.887    2.295    0    0  (Gen:  0)
   520720    143864  11493584  0.002  0.000   14.891    2.296    0    0  (Gen:  0)
   520752    120672  11559696  0.002  0.000   14.894    2.296    0    0  (Gen:  0)
   520576    105992  11603624  0.003  0.000   14.898    2.297    0    0  (Gen:  0)
   520584    119080  11651512  0.002  0.000   14.902    2.298    0    0  (Gen:  0)
   520600     92216  11708896  0.002  0.000   14.906    2.298    0    0  (Gen:  0)
   521096    142552  11783504  0.002  0.000   14.909    2.299    0    0  (Gen:  0)
   520968    125968  11844168  0.002  0.000   14.913    2.299    0    0  (Gen:  0)
   521008    100792  11898160  0.002  0.000   14.917    2.300    0    0  (Gen:  0)
   521072    140264  11968264  0.002  0.000   14.920    2.301    0    0  (Gen:  0)
   525280    139752  12039032  0.002  0.000   14.924    2.301    0    0  (Gen:  0)
   520688    111776  12089440  0.003  0.000   14.928    2.302    0    0  (Gen:  0)
   520808    152512  12168464  0.002  0.000   14.932    2.303    0    0  (Gen:  0)
   520624    130008  12240328  0.003  0.000   14.935    2.303    0    0  (Gen:  0)
   520264    118608  12294392  0.003  0.000   14.940    2.304    0    0  (Gen:  0)
   520888   4493160   5486976  0.011  0.001   14.953    2.305    0    0  (Gen:  1)
   520752    154552   5565224  0.002  0.000   14.957    2.306    0    0  (Gen:  0)
   521400    127296   5617400  0.002  0.000   14.961    2.307    0    0  (Gen:  0)
   521336    140168   5678712  0.002  0.000   14.965    2.307    0    0  (Gen:  0)
   520408    123568   5748768  0.002  0.000   14.968    2.308    0    0  (Gen:  0)
   521240    170184   5839040  0.002  0.000   14.971    2.308    0    0  (Gen:  0)
   525144    146248   5910392  0.002  0.000   14.975    2.309    0    0  (Gen:  0)
   521112    120920   5974352  0.002  0.000   14.978    2.310    0    0  (Gen:  0)
   521352    160208   6055320  0.002  0.000   14.982    2.310    0    0  (Gen:  0)
   520768    151976   6131312  0.002  0.000   14.985    2.311    0    0  (Gen:  0)
   520944    128120   6192112  0.002  0.000   14.989    2.312    0    0  (Gen:  0)
   521168    131736   6244224  0.002  0.000   14.993    2.312    0    0  (Gen:  0)
   524968    163392   6328000  0.002  0.000   14.997    2.313    0    0  (Gen:  0)
   520464    130272   6391576  0.002  0.000   15.000    2.313    0    0  (Gen:  0)
   520744    180640   6489360  0.002  0.000   15.004    2.314    0    0  (Gen:  0)
   524792    162824   6571064  0.002  0.000   15.007    2.315    0    0  (Gen:  0)
   525408    137976   6626912  0.002  0.000   15.011    2.315    0    0  (Gen:  0)
   553616    139648   6683672  0.003  0.000   15.015    2.316    0    0  (Gen:  0)
   750680    110128   6716048  0.002  0.000   15.019    2.317    0    0  (Gen:  0)
   521136     44392   6735352  0.001  0.000   15.022    2.317    0    0  (Gen:  0)
   520512     83616   6787080  0.002  0.000   15.025    2.318    0    0  (Gen:  0)
   520936     60840   6815184  0.001  0.000   15.028    2.318    0    0  (Gen:  0)
   521272     89096   6859912  0.001  0.000   15.031    2.319    0    0  (Gen:  0)
   521168     95448   6907752  0.001  0.000   15.034    2.320    0    0  (Gen:  0)
   521216     81128   6941720  0.001  0.000   15.037    2.320    0    0  (Gen:  0)
   521072    104904   6993944  0.002  0.000   15.040    2.321    0    0  (Gen:  0)
   521232    108632   7051608  0.002  0.000   15.044    2.321    0    0  (Gen:  0)
   521016     93464   7085296  0.003  0.000   15.048    2.322    0    0  (Gen:  0)
   520904    135264   7158352  0.002  0.000   15.052    2.323    0    0  (Gen:  0)
   520512     91680   7204552  0.002  0.000   15.056    2.324    0    0  (Gen:  0)
   520856    125336   7268608  0.002  0.000   15.061    2.324    0    0  (Gen:  0)
   521304    123552   7329360  0.002  0.000   15.065    2.325    0    0  (Gen:  0)
   520248    105800   7384136  0.002  0.000   15.068    2.326    0    0  (Gen:  0)
   521424     98984   7439568  0.002  0.000   15.072    2.327    0    0  (Gen:  0)
   520816    136872   7507592  0.002  0.000   15.076    2.327    0    0  (Gen:  0)
   520384    108776   7553688  0.003  0.000   15.081    2.328    0    0  (Gen:  0)
   520880    119008   7600640  0.003  0.000   15.085    2.329    0    0  (Gen:  0)
   520800     87912   7664912  0.002  0.000   15.089    2.329    0    0  (Gen:  0)
   520456    141104   7733952  0.002  0.000   15.093    2.330    0    0  (Gen:  0)
   521088    140728   7815216  0.003  0.000   15.098    2.331    0    0  (Gen:  0)
   521064    100984   7873376  0.002  0.000   15.102    2.332    0    0  (Gen:  0)
   520280    149032   7950352  0.002  0.000   15.106    2.333    0    0  (Gen:  0)
   521360    138416   8019920  0.002  0.000   15.111    2.333    0    0  (Gen:  0)
   521192    114832   8081800  0.002  0.000   15.115    2.334    0    0  (Gen:  0)
   521192    110744   8149848  0.002  0.000   15.119    2.335    0    0  (Gen:  0)
   520160    147784   8219896  0.002  0.000   15.123    2.336    0    0  (Gen:  0)
   521032    114048   8271208  0.003  0.000   15.128    2.336    0    0  (Gen:  0)
   520600    130440   8325008  0.003  0.000   15.133    2.337    0    0  (Gen:  0)
   520824    155408   8406952  0.002  0.000   15.137    2.338    0    0  (Gen:  0)
   520960    127856   8462624  0.003  0.000   15.142    2.339    0    0  (Gen:  0)
   520312    157016   8542184  0.004  0.000   15.148    2.340    0    0  (Gen:  0)
   521200     85064   8614520  0.002  0.000   15.152    2.341    0    0  (Gen:  0)
   520640    152192   8686768  0.003  0.000   15.156    2.341    0    0  (Gen:  0)
   520376    149656   8771128  0.003  0.000   15.161    2.342    0    0  (Gen:  0)
   520160    102416   8842216  0.002  0.000   15.165    2.343    0    0  (Gen:  0)
   520768    161752   8920848  0.003  0.000   15.169    2.344    0    0  (Gen:  0)
   521128    149488   8998080  0.003  0.000   15.173    2.344    0    0  (Gen:  0)
   520888    115728   9064328  0.003  0.000   15.177    2.345    0    0  (Gen:  0)
   520728    166288   9148144  0.002  0.000   15.180    2.346    0    0  (Gen:  0)
   521112    156296   9224480  0.003  0.000   15.184    2.346    0    0  (Gen:  0)
   520656    127928   9286008  0.003  0.000   15.188    2.347    0    0  (Gen:  0)
   520712    140600   9342736  0.004  0.000   15.192    2.348    0    0  (Gen:  0)
   726232    141128   9400872  0.003  0.000   15.197    2.349    0    0  (Gen:  0)
   520904     41136   9419904  0.002  0.000   15.199    2.349    0    0  (Gen:  0)
   520688     75040   9464768  0.002  0.000   15.202    2.350    0    0  (Gen:  0)
   520752     65736   9503952  0.002  0.000   15.204    2.350    0    0  (Gen:  0)
   520824     68864   9529848  0.002  0.000   15.207    2.351    0    0  (Gen:  0)
   520800    104856   9585512  0.002  0.000   15.211    2.352    0    0  (Gen:  0)
   520664     70200   9623256  0.002  0.000   15.214    2.352    0    0  (Gen:  0)
   520936    106128   9675288  0.002  0.000   15.217    2.353    0    0  (Gen:  0)
   520776    122520   9744096  0.002  0.000   15.220    2.353    0    0  (Gen:  0)
   520760    100888   9792984  0.002  0.000   15.223    2.354    0    0  (Gen:  0)
   520648     86936   9836824  0.002  0.000   15.226    2.355    0    0  (Gen:  0)
   520256    125184   9902624  0.002  0.000   15.229    2.355    0    0  (Gen:  0)
   520384     99952   9939544  0.003  0.000   15.232    2.356    0    0  (Gen:  0)
   521104    148792  10023680  0.003  0.000   15.236    2.357    0    0  (Gen:  0)
   521416     93536  10077112  0.002  0.000   15.239    2.357    0    0  (Gen:  0)
   520416    129840  10140248  0.003  0.000   15.243    2.358    0    0  (Gen:  0)
   520688    121632  10202768  0.002  0.000   15.246    2.358    0    0  (Gen:  0)
   520912     94440  10251632  0.002  0.000   15.249    2.359    0    0  (Gen:  0)
   521672    111688  10293760  0.003  0.000   15.253    2.360    0    0  (Gen:  0)
   520832    146672  10373168  0.003  0.000   15.257    2.360    0    0  (Gen:  0)
   521248    104576  10424152  0.003  0.000   15.260    2.361    0    0  (Gen:  0)
   521200    116800  10467960  0.003  0.000   15.264    2.362    0    0  (Gen:  0)
   525360    145296  10541928  0.002  0.000   15.267    2.363    0    0  (Gen:  0)
   521448    113504  10588864  0.003  0.000   15.271    2.363    0    0  (Gen:  0)
   521104    161872  10679040  0.004  0.000   15.276    2.364    0    0  (Gen:  0)
   520400   5259816   6253624  0.016  0.001   15.293    2.366    0    0  (Gen:  1)
   520792    157376   6338200  0.002  0.000   15.297    2.367    0    0  (Gen:  0)
   520792    128192   6406688  0.002  0.000   15.300    2.367    0    0  (Gen:  0)
   520856    117696   6468928  0.002  0.000   15.303    2.368    0    0  (Gen:  0)
   521208    160320   6553360  0.002  0.000   15.306    2.369    0    0  (Gen:  0)
   521080    140344   6622952  0.002  0.000   15.309    2.369    0    0  (Gen:  0)
   521304    108968   6684096  0.003  0.000   15.313    2.370    0    0  (Gen:  0)
   521184    155256   6760248  0.002  0.000   15.316    2.371    0    0  (Gen:  0)
   525256    153232   6835488  0.002  0.000   15.319    2.371    0    0  (Gen:  0)
   521224    124792   6896304  0.003  0.000   15.323    2.372    0    0  (Gen:  0)
   521288    176408   6992048  0.002  0.000   15.326    2.373    0    0  (Gen:  0)
   521048    147752   7072912  0.002  0.000   15.329    2.373    0    0  (Gen:  0)
   520680    127536   7129256  0.003  0.000   15.333    2.374    0    0  (Gen:  0)
   520736    131728   7181320  0.003  0.000   15.337    2.375    0    0  (Gen:  0)
   525128    159816   7261928  0.002  0.000   15.340    2.375    0    0  (Gen:  0)
   520744    133448   7320952  0.003  0.000   15.344    2.376    0    0  (Gen:  0)
   524616    140768   7378632  0.003  0.000   15.349    2.377    0    0  (Gen:  0)
   521288     93008   7454640  0.002  0.000   15.352    2.377    0    0  (Gen:  0)
   524840    157232   7528560  0.002  0.000   15.355    2.378    0    0  (Gen:  0)
   726776    145360   7611224  0.004  0.000   15.360    2.379    0    0  (Gen:  0)
   520656     30720   7632752  0.001  0.000   15.362    2.379    0    0  (Gen:  0)
   519952     49096   7677816  0.001  0.000   15.364    2.380    0    0  (Gen:  0)
   520976     66400   7712440  0.001  0.000   15.366    2.380    0    0  (Gen:  0)
   520792     61416   7741424  0.002  0.000   15.369    2.381    0    0  (Gen:  0)
   520592     71584   7765752  0.002  0.000   15.372    2.381    0    0  (Gen:  0)
   520944     99792   7818008  0.002  0.000   15.374    2.382    0    0  (Gen:  0)
   521248     80712   7849912  0.002  0.000   15.377    2.383    0    0  (Gen:  0)
   520976     96768   7891336  0.002  0.000   15.380    2.383    0    0  (Gen:  0)
   521368     88088   7939776  0.002  0.000   15.383    2.384    0    0  (Gen:  0)
   521096    119024   7998528  0.002  0.000   15.385    2.384    0    0  (Gen:  0)
   520608    113176   8055488  0.002  0.000   15.388    2.385    0    0  (Gen:  0)
   520464     90160   8096904  0.002  0.000   15.391    2.386    0    0  (Gen:  0)
   521136    139456   8175560  0.002  0.000   15.394    2.386    0    0  (Gen:  0)
   521232    114992   8244680  0.002  0.000   15.397    2.387    0    0  (Gen:  0)
   520120    102912   8289152  0.003  0.000   15.400    2.387    0    0  (Gen:  0)
   521400    109656   8329648  0.003  0.000   15.404    2.388    0    0  (Gen:  0)
   520968    139560   8402024  0.001  0.000   15.408    2.389    0    0  (Gen:  0)
   520376    111560   8444624  0.003  0.000   15.412    2.390    0    0  (Gen:  0)
   520496    127536   8503232  0.002  0.000   15.415    2.390    0    0  (Gen:  0)
   521120     99280   8563064  0.002  0.000   15.418    2.391    0    0  (Gen:  0)
   520496    155272   8645976  0.002  0.000   15.421    2.391    0    0  (Gen:  0)
   524936    133768   8713128  0.002  0.000   15.424    2.392    0    0  (Gen:  0)
   521632     99728   8768568  0.003  0.000   15.427    2.393    0    0  (Gen:  0)
   520664    164872   8860624  0.002  0.000   15.430    2.393    0    0  (Gen:  0)
   521280    143624   8936528  0.002  0.000   15.433    2.394    0    0  (Gen:  0)
   521280    115392   8990376  0.003  0.000   15.438    2.395    0    0  (Gen:  0)
   520936    124136   9040056  0.003  0.000   15.443    2.396    0    0  (Gen:  0)
   520168    149816   9113560  0.002  0.000   15.447    2.397    0    0  (Gen:  0)
   521112    120832   9166472  0.003  0.000   15.454    2.398    0    0  (Gen:  0)
   520744    167592   9257264  0.004  0.000   15.460    2.399    0    0  (Gen:  0)
   520640     91448   9329056  0.002  0.000   15.464    2.400    0    0  (Gen:  0)
   521192    156016   9405688  0.002  0.000   15.468    2.401    0    0  (Gen:  0)
   523944    136456   9476288  0.005  0.000   15.484    2.403    0    0  (Gen:  0)
   521200     96176   9541448  0.002  0.000   15.488    2.404    0    0  (Gen:  0)
   521176    155080   9617608  0.002  0.000   15.493    2.405    0    0  (Gen:  0)
   520432    147032   9691272  0.002  0.000   15.497    2.405    0    0  (Gen:  0)
   520624    119648   9756856  0.003  0.000   15.501    2.406    0    0  (Gen:  0)
   520544    159544   9835704  0.002  0.000   15.506    2.407    0    0  (Gen:  0)
   525096    160128   9915152  0.002  0.000   15.510    2.408    0    0  (Gen:  0)
   521264    127024   9978672  0.003  0.000   15.516    2.409    0    0  (Gen:  0)
   521160    102520  10076840  0.002  0.000   15.519    2.410    0    0  (Gen:  0)
   525432    131912  10160552  0.002  0.000   15.523    2.411    0    0  (Gen:  0)
   525376    129304  10218656  0.003  0.000   15.538    2.412    0    0  (Gen:  0)
   533696    140592  10276840  0.003  0.000   15.544    2.413    0    0  (Gen:  0)
   532872    112736  10306560  0.002  0.000   15.548    2.414    0    0  (Gen:  0)
   520840     46056  10324272  0.002  0.000   15.551    2.415    0    0  (Gen:  0)
   520448     66256  10358168  0.001  0.000   15.554    2.415    0    0  (Gen:  0)
   520720     61008  10387776  0.002  0.000   15.558    2.416    0    0  (Gen:  0)
   520840     71104  10411856  0.002  0.000   15.562    2.416    0    0  (Gen:  0)
   521112     98416  10461600  0.002  0.000   15.565    2.417    0    0  (Gen:  0)
   520800     77824  10493744  0.002  0.000   15.569    2.417    0    0  (Gen:  0)
   520824     90496  10530248  0.002  0.000   15.573    2.418    0    0  (Gen:  0)
   520312     64728  10583512  0.002  0.000   15.576    2.419    0    0  (Gen:  0)
   521008    118472  10640872  0.002  0.000   15.580    2.419    0    0  (Gen:  0)
   520664    109736  10695160  0.002  0.000   15.583    2.420    0    0  (Gen:  0)
   520752     86960  10741152  0.002  0.000   15.587    2.420    0    0  (Gen:  0)
   520632    126096  10806168  0.002  0.000   15.591    2.421    0    0  (Gen:  0)
   520888    125736  10867296  0.002  0.000   15.594    2.422    0    0  (Gen:  0)
   520688     99264  10914720  0.003  0.000   15.598    2.422    0    0  (Gen:  0)
   520896    110112  10956768  0.003  0.000   15.602    2.423    0    0  (Gen:  0)
   520704    138536  11024400  0.003  0.000   15.606    2.423    0    0  (Gen:  0)
   520512    109696  11070560  0.003  0.000   15.611    2.424    0    0  (Gen:  0)
   520904    121448  11119472  0.002  0.000   15.614    2.425    0    0  (Gen:  0)
   521064     98384  11182712  0.002  0.000   15.618    2.425    0    0  (Gen:  0)
   520600     90328  11268896  0.002  0.000   15.622    2.426    0    0  (Gen:  0)
   520888    124312  11335536  0.002  0.000   15.625    2.427    0    0  (Gen:  0)
   521256    105728  11393304  0.002  0.000   15.629    2.427    0    0  (Gen:  0)
   520632    143032  11463904  0.002  0.000   15.633    2.428    0    0  (Gen:  0)
   520808    139128  11533816  0.002  0.000   15.637    2.428    0    0  (Gen:  0)
   521712    117424  11591800  0.003  0.000   15.641    2.429    0    0  (Gen:  0)
   520848    124768  11639808  0.003  0.000   15.646    2.430    0    0  (Gen:  0)
   520736    148496  11710624  0.002  0.000   15.650    2.430    0    0  (Gen:  0)
   520752    118072  11763200  0.005  0.000   15.656    2.431    0    0  (Gen:  0)
   520752    161520  11848392  0.002  0.000   15.660    2.432    0    0  (Gen:  0)
   520504    146712  11928104  0.002  0.000   15.664    2.433    0    0  (Gen:  0)
   521360    130920  11981464  0.003  0.000   15.669    2.433    0    0  (Gen:  0)
   520824    140088  12043488  0.003  0.000   15.673    2.434    0    0  (Gen:  0)
   520896     96368  12115120  0.002  0.000   15.677    2.435    0    0  (Gen:  0)
   520464    171808  12207640  0.003  0.000   15.682    2.435    0    0  (Gen:  0)
   520848     95792  12299176  0.002  0.000   15.686    2.436    0    0  (Gen:  0)
   520832   4659152   5644952  0.013  0.001   15.700    2.438    0    0  (Gen:  1)
   521560    165200   5728552  0.002  0.000   15.704    2.438    0    0  (Gen:  0)
   521120    153736   5807216  0.002  0.000   15.708    2.439    0    0  (Gen:  0)
   520840    132232   5872904  0.002  0.000   15.712    2.440    0    0  (Gen:  0)
   520840    176472   5965280  0.002  0.000   15.716    2.440    0    0  (Gen:  0)
   521008    158016   6047936  0.002  0.000   15.719    2.441    0    0  (Gen:  0)
   521048    133480   6109096  0.002  0.000   15.723    2.441    0    0  (Gen:  0)
   520632    141400   6166496  0.003  0.000   15.727    2.442    0    0  (Gen:  0)
   685936    162592   6244272  0.002  0.000   15.731    2.443    0    0  (Gen:  0)
   520856    135336   6307880  0.002  0.000   15.734    2.443    0    0  (Gen:  0)
   521048    181640   6405920  0.002  0.000   15.739    2.444    0    0  (Gen:  0)
   520848    154336   6487360  0.002  0.000   15.743    2.445    0    0  (Gen:  0)
   520984    132984   6548408  0.002  0.000   15.747    2.445    0    0  (Gen:  0)
   520536    140304   6605720  0.002  0.000   15.751    2.446    0    0  (Gen:  0)
   520232    166896   6690840  0.002  0.000   15.755    2.447    0    0  (Gen:  0)
   520528    140424   6749928  0.002  0.000   15.759    2.447    0    0  (Gen:  0)
   521128    152744   6817504  0.002  0.000   15.763    2.448    0    0  (Gen:  0)
   520640    127872   6894096  0.002  0.000   15.767    2.449    0    0  (Gen:  0)
   520928    169440   6977008  0.002  0.000   15.770    2.449    0    0  (Gen:  0)
   520840    154848   7053200  0.002  0.000   15.774    2.450    0    0  (Gen:  0)
   521192    139024   7125632  0.002  0.000   15.777    2.450    0    0  (Gen:  0)
   520768    169288   7207552  0.002  0.000   15.781    2.451    0    0  (Gen:  0)
   521032    161256   7288216  0.002  0.000   15.785    2.452    0    0  (Gen:  0)
   521640    134920   7355144  0.002  0.000   15.789    2.452    0    0  (Gen:  0)
   520664    170376   7440392  0.002  0.000   15.792    2.453    0    0  (Gen:  0)
   520736    166832   7521944  0.002  0.000   15.796    2.454    0    0  (Gen:  0)
   520216    140632   7589536  0.002  0.000   15.800    2.454    0    0  (Gen:  0)
   521744    186904   7688336  0.003  0.000   15.805    2.455    0    0  (Gen:  0)
   520936    153176   7781192  0.002  0.000   15.809    2.456    0    0  (Gen:  0)
   521392    147176   7848352  0.002  0.000   15.812    2.456    0    0  (Gen:  0)
   521072    148264   7907976  0.002  0.000   15.816    2.457    0    0  (Gen:  0)
   524984    174880   7997352  0.002  0.000   15.820    2.457    0    0  (Gen:  0)
   520856    144256   8060536  0.002  0.000   15.824    2.458    0    0  (Gen:  0)
   520624    186992   8159648  0.002  0.000   15.828    2.459    0    0  (Gen:  0)
   521064    160024   8247704  0.002  0.000   15.832    2.459    0    0  (Gen:  0)
   520656    148112   8312472  0.002  0.000   15.836    2.460    0    0  (Gen:  0)
   521008    157704   8381352  0.004  0.000   15.842    2.461    0    0  (Gen:  0)
   521080     90576   8464928  0.002  0.000   15.845    2.462    0    0  (Gen:  0)
   520936    190656   8567432  0.003  0.000   15.849    2.462    0    0  (Gen:  0)
   521136    166488   8661104  0.002  0.000   15.853    2.463    0    0  (Gen:  0)
   521288    161672   8743960  0.002  0.000   15.858    2.464    0    0  (Gen:  0)
   521184    108592   8848480  0.002  0.000   15.861    2.464    0    0  (Gen:  0)
   525448    169544   8950704  0.003  0.000   15.865    2.465    0    0  (Gen:  0)
   520568    136688   9028112  0.002  0.000   15.869    2.466    0    0  (Gen:  0)
   520496    189912   9126864  0.002  0.000   15.873    2.466    0    0  (Gen:  0)
   520728    174184   9211552  0.003  0.000   15.878    2.467    0    0  (Gen:  0)
   520728    144096   9287936  0.002  0.000   15.881    2.468    0    0  (Gen:  0)
   521192    179216   9375736  0.002  0.000   15.885    2.468    0    0  (Gen:  0)
   525000    172808   9461200  0.002  0.000   15.889    2.469    0    0  (Gen:  0)
   520856    144952   9534016  0.002  0.000   15.893    2.470    0    0  (Gen:  0)
   520896    178096   9619936  0.002  0.000   15.897    2.470    0    0  (Gen:  0)
   523696    173768   9705240  0.003  0.000   15.901    2.471    0    0  (Gen:  0)
   525264    154976   9778056  0.002  0.000   15.905    2.472    0    0  (Gen:  0)
   529576    160456   9845368  0.003  0.000   15.909    2.472    0    0  (Gen:  0)
   986064    139648   9896856  0.003  0.000   15.914    2.473    0    0  (Gen:  0)
   520976     41704   9917696  0.001  0.000   15.917    2.473    0    0  (Gen:  0)
   520696     81664   9971904  0.002  0.000   15.920    2.474    0    0  (Gen:  0)
   521096     71744  10014576  0.002  0.000   15.923    2.475    0    0  (Gen:  0)
   521176     66304  10040288  0.002  0.000   15.926    2.475    0    0  (Gen:  0)
   520512     82032  10072800  0.002  0.000   15.930    2.476    0    0  (Gen:  0)
   520896     81168  10116912  0.002  0.000   15.933    2.476    0    0  (Gen:  0)
   521224    119384  10183008  0.002  0.000   15.936    2.477    0    0  (Gen:  0)
   520624    107480  10235112  0.002  0.000   15.939    2.477    0    0  (Gen:  0)
   520656     93104  10278128  0.002  0.000   15.943    2.478    0    0  (Gen:  0)
   520816     95896  10313552  0.002  0.000   15.946    2.478    0    0  (Gen:  0)
   521472    132512  10385768  0.002  0.000   15.950    2.479    0    0  (Gen:  0)
   520984     95064  10423080  0.002  0.000   15.954    2.480    0    0  (Gen:  0)
   520592    124664  10484056  0.002  0.000   15.957    2.480    0    0  (Gen:  0)
   520728    125920  10552352  0.002  0.000   15.960    2.481    0    0  (Gen:  0)
   520680    108720  10593912  0.002  0.000   15.964    2.482    0    0  (Gen:  0)
   521104    124000  10649080  0.002  0.000   15.968    2.482    0    0  (Gen:  0)
   520424    109664  10705424  0.002  0.000   15.971    2.483    0    0  (Gen:  0)
   520656    147064  10783664  0.002  0.000   15.975    2.483    0    0  (Gen:  0)
   520648    133416  10849608  0.002  0.000   15.978    2.484    0    0  (Gen:  0)
   521400    108232  10904208  0.002  0.000   15.982    2.485    0    0  (Gen:  0)
   521056    119864  10949128  0.002  0.000   15.986    2.485    0    0  (Gen:  0)
   718136    120888  10997744  0.003  0.000   15.990    2.486    0    0  (Gen:  0)
   520856     41272  11017376  0.002  0.000   15.993    2.486    0    0  (Gen:  0)
   520136     73832  11061360  0.002  0.000   15.997    2.487    0    0  (Gen:  0)
   520864   4461544   5455408  0.012  0.001   16.010    2.489    0    0  (Gen:  1)
   520552     95240   5507560  0.001  0.000   16.014    2.489    0    0  (Gen:  0)
   519920     89136   5551648  0.002  0.000   16.017    2.490    0    0  (Gen:  0)
   520536     79816   5588224  0.001  0.000   16.021    2.491    0    0  (Gen:  0)
   521368    130176   5664248  0.002  0.000   16.025    2.491    0    0  (Gen:  0)
   521264    103840   5721840  0.002  0.000   16.028    2.492    0    0  (Gen:  0)
   521368     91640   5760392  0.002  0.000   16.032    2.493    0    0  (Gen:  0)
   521464     95552   5797312  0.002  0.000   16.035    2.493    0    0  (Gen:  0)
   525352    128032   5862576  0.002  0.000   16.039    2.494    0    0  (Gen:  0)
   520344    103032   5902264  0.002  0.000   16.043    2.495    0    0  (Gen:  0)
   520920    143184   5980344  0.003  0.000   16.047    2.495    0    0  (Gen:  0)
   521088     90944   6034816  0.002  0.000   16.051    2.496    0    0  (Gen:  0)
   520552    138344   6106504  0.002  0.000   16.054    2.497    0    0  (Gen:  0)
   525488    131840   6172688  0.002  0.000   16.058    2.497    0    0  (Gen:  0)
   520928    108320   6225888  0.002  0.000   16.062    2.498    0    0  (Gen:  0)
   521320    114080   6268120  0.002  0.000   16.065    2.499    0    0  (Gen:  0)
   525024    138456   6336536  0.002  0.000   16.069    2.499    0    0  (Gen:  0)
   525152    116856   6385232  0.002  0.000   16.072    2.500    0    0  (Gen:  0)
   541632    115880   6428888  0.002  0.000   16.076    2.501    0    0  (Gen:  0)
   746872    104192   6467336  0.002  0.000   16.080    2.501    0    0  (Gen:  0)
   520928     46208   6486288  0.001  0.000   16.083    2.502    0    0  (Gen:  0)
   520424     84232   6539080  0.002  0.000   16.087    2.503    0    0  (Gen:  0)
   520984     59792   6568616  0.001  0.000   16.090    2.503    0    0  (Gen:  0)
   521064     92672   6617304  0.001  0.000   16.093    2.504    0    0  (Gen:  0)
   520544     97032   6665440  0.002  0.000   16.097    2.505    0    0  (Gen:  0)
   520936     82448   6699712  0.002  0.000   16.100    2.505    0    0  (Gen:  0)
   520520     85400   6730992  0.002  0.000   16.104    2.506    0    0  (Gen:  0)
   520648    116368   6791968  0.002  0.000   16.108    2.507    0    0  (Gen:  0)
   520896     93328   6826024  0.002  0.000   16.111    2.507    0    0  (Gen:  0)
   521160    111408   6874352  0.002  0.000   16.115    2.508    0    0  (Gen:  0)
   521656     96784   6922984  0.002  0.000   16.118    2.509    0    0  (Gen:  0)
   520656    134192   6994976  0.002  0.000   16.122    2.509    0    0  (Gen:  0)
   520824    124696   7055344  0.002  0.000   16.126    2.510    0    0  (Gen:  0)
   521304    105504   7104456  0.002  0.000   16.129    2.511    0    0  (Gen:  0)
   520600    108272   7145040  0.002  0.000   16.133    2.511    0    0  (Gen:  0)
   520800    145336   7221904  0.002  0.000   16.137    2.512    0    0  (Gen:  0)
   520480    115784   7268360  0.002  0.000   16.141    2.513    0    0  (Gen:  0)
   520760    115384   7311736  0.002  0.000   16.144    2.513    0    0  (Gen:  0)
   520416    131400   7378472  0.002  0.000   16.148    2.514    0    0  (Gen:  0)
   521088    118784   7426952  0.002  0.000   16.152    2.515    0    0  (Gen:  0)
   750976    118808   7474560  0.003  0.000   16.156    2.516    0    0  (Gen:  0)
   714296     31832   7500952  0.001  0.000   16.159    2.516    0    0  (Gen:  0)
   520832     48440   7520008  0.001  0.000   16.162    2.517    0    0  (Gen:  0)
   520744     82680   7571536  0.002  0.000   16.166    2.517    0    0  (Gen:  0)
   520840     56288   7599968  0.001  0.000   16.169    2.518    0    0  (Gen:  0)
   520384     89040   7644840  0.002  0.000   16.172    2.518    0    0  (Gen:  0)
   520888     97960   7695008  0.002  0.000   16.176    2.519    0    0  (Gen:  0)
   520976     82680   7729104  0.002  0.000   16.179    2.519    0    0  (Gen:  0)
   520976    118768   7795504  0.002  0.000   16.182    2.520    0    0  (Gen:  0)
   520816    112944   7855848  0.002  0.000   16.185    2.520    0    0  (Gen:  0)
   520640     91448   7888376  0.002  0.000   16.189    2.521    0    0  (Gen:  0)
   520648    108896   7936216  0.002  0.000   16.192    2.522    0    0  (Gen:  0)
   520960    102032   7988000  0.002  0.000   16.196    2.522    0    0  (Gen:  0)
   519960     75568   8059624  0.001  0.000   16.199    2.523    0    0  (Gen:  0)
   521248    122912   8120512  0.002  0.000   16.203    2.523    0    0  (Gen:  0)
   520792    103904   8168664  0.002  0.000   16.206    2.524    0    0  (Gen:  0)
   520088    109408   8209680  0.002  0.000   16.209    2.525    0    0  (Gen:  0)
   520760    133288   8275712  0.002  0.000   16.213    2.525    0    0  (Gen:  0)
   521312    109232   8321784  0.002  0.000   16.216    2.526    0    0  (Gen:  0)
   520520    150976   8402016  0.002  0.000   16.220    2.526    0    0  (Gen:  0)
   521024    131016   8470568  0.002  0.000   16.223    2.527    0    0  (Gen:  0)
   521144    116624   8516840  0.002  0.000   16.227    2.528    0    0  (Gen:  0)
   525256    150280   8596608  0.003  0.000   16.232    2.528    0    0  (Gen:  0)
   520672     91328   8656288  0.002  0.000   16.235    2.529    0    0  (Gen:  0)
   520936    153168   8737952  0.002  0.000   16.239    2.530    0    0  (Gen:  0)
   520696    136032   8805496  0.002  0.000   16.243    2.530    0    0  (Gen:  0)
   520640    108168   8862320  0.002  0.000   16.246    2.531    0    0  (Gen:  0)
   520584    126432   8911672  0.002  0.000   16.250    2.531    0    0  (Gen:  0)
   520488    160640   8994920  0.002  0.000   16.254    2.532    0    0  (Gen:  0)
   521528    117296   9051088  0.002  0.000   16.258    2.533    0    0  (Gen:  0)
   521256    130264   9102832  0.002  0.000   16.261    2.533    0    0  (Gen:  0)
   520784    153304   9179296  0.002  0.000   16.265    2.534    0    0  (Gen:  0)
   520800    129952   9236952  0.002  0.000   16.269    2.535    0    0  (Gen:  0)
   521048    130992   9288488  0.002  0.000   16.273    2.535    0    0  (Gen:  0)
   525456    159632   9370344  0.002  0.000   16.277    2.536    0    0  (Gen:  0)
   521344    135232   9426976  0.002  0.000   16.281    2.537    0    0  (Gen:  0)
   520624    172048   9518184  0.003  0.000   16.285    2.537    0    0  (Gen:  0)
   520888    128488   9589728  0.002  0.000   16.288    2.538    0    0  (Gen:  0)
   521056    170840   9679144  0.002  0.000   16.292    2.539    0    0  (Gen:  0)
   525216    143232   9753456  0.002  0.000   16.297    2.539    0    0  (Gen:  0)
   520792    116536   9817808  0.002  0.000   16.300    2.540    0    0  (Gen:  0)
   520360    159000   9895696  0.002  0.000   16.304    2.541    0    0  (Gen:  0)
   524664    152480   9971128  0.002  0.000   16.308    2.541    0    0  (Gen:  0)
   525584    130360  10034504  0.002  0.000   16.312    2.542    0    0  (Gen:  0)
   522792    139760  10089960  0.002  0.000   16.316    2.543    0    0  (Gen:  0)
   780096    126248  10133104  0.003  0.000   16.320    2.543    0    0  (Gen:  0)
   520928     40008  10153000  0.001  0.000   16.323    2.544    0    0  (Gen:  0)
   520760     77328  10200880  0.002  0.000   16.327    2.545    0    0  (Gen:  0)
   520376     74880  10242720  0.001  0.000   16.330    2.545    0    0  (Gen:  0)
   520768     66504  10268216  0.001  0.000   16.334    2.546    0    0  (Gen:  0)
   521064     90040  10308064  0.002  0.000   16.337    2.547    0    0  (Gen:  0)
   520776     81480  10346256  0.001  0.000   16.340    2.547    0    0  (Gen:  0)
   520568    108136  10399904  0.002  0.000   16.344    2.548    0    0  (Gen:  0)
   521208    109048  10454312  0.002  0.000   16.347    2.549    0    0  (Gen:  0)
   520064     94984  10496368  0.002  0.000   16.351    2.549    0    0  (Gen:  0)
   521152     96952  10530272  0.002  0.000   16.355    2.550    0    0  (Gen:  0)
   520872    130040  10601672  0.002  0.000   16.358    2.551    0    0  (Gen:  0)
   520608     99680  10639352  0.002  0.000   16.362    2.551    0    0  (Gen:  0)
   521424    143696  10718944  0.003  0.000   16.367    2.552    0    0  (Gen:  0)
   520624   5064224   6057912  0.015  0.001   16.383    2.554    0    0  (Gen:  1)
   520496    141104   6132880  0.003  0.000   16.387    2.555    0    0  (Gen:  0)
   521536    128408   6197168  0.003  0.000   16.391    2.556    0    0  (Gen:  0)
   520472     98584   6248632  0.003  0.000   16.394    2.556    0    0  (Gen:  0)
   520400    113232   6291352  0.003  0.000   16.398    2.557    0    0  (Gen:  0)
   520728    145984   6366176  0.003  0.000   16.402    2.558    0    0  (Gen:  0)
   520784    114416   6419016  0.003  0.000   16.406    2.558    0    0  (Gen:  0)
   520824    118144   6462696  0.003  0.000   16.410    2.559    0    0  (Gen:  0)
   521208    147744   6537512  0.003  0.000   16.414    2.560    0    0  (Gen:  0)
   520664    117480   6583888  0.003  0.000   16.418    2.560    0    0  (Gen:  0)
   520952    162224   6672560  0.003  0.000   16.422    2.561    0    0  (Gen:  0)
   520976    103624   6737616  0.002  0.000   16.425    2.562    0    0  (Gen:  0)
   521208    147144   6809192  0.002  0.000   16.428    2.562    0    0  (Gen:  0)
   520712    131032   6876304  0.003  0.000   16.432    2.563    0    0  (Gen:  0)
   520616     96872   6933880  0.003  0.000   16.436    2.564    0    0  (Gen:  0)
   520448    156632   7015784  0.003  0.000   16.439    2.564    0    0  (Gen:  0)
   520856    141576   7085624  0.003  0.000   16.443    2.565    0    0  (Gen:  0)
   520864    126688   7148432  0.003  0.000   16.447    2.566    0    0  (Gen:  0)
   520968    131080   7199496  0.003  0.000   16.452    2.567    0    0  (Gen:  0)
   520664    165432   7286080  0.003  0.000   16.456    2.567    0    0  (Gen:  0)
   520984    124032   7342720  0.003  0.000   16.460    2.568    0    0  (Gen:  0)
   520416    165448   7429520  0.003  0.000   16.464    2.569    0    0  (Gen:  0)
   520080    140904   7512264  0.003  0.000   16.467    2.569    0    0  (Gen:  0)
   520688    134312   7571224  0.004  0.000   16.472    2.570    0    0  (Gen:  0)
   520728    140992   7629456  0.004  0.000   16.477    2.571    0    0  (Gen:  0)
   521624     82264   7707224  0.002  0.000   16.480    2.572    0    0  (Gen:  0)
   520232    157048   7782968  0.003  0.000   16.484    2.572    0    0  (Gen:  0)
   521168    131784   7853104  0.003  0.000   16.487    2.573    0    0  (Gen:  0)
   520392    111184   7924936  0.003  0.000   16.491    2.574    0    0  (Gen:  0)
   520880    162264   8005152  0.003  0.000   16.495    2.574    0    0  (Gen:  0)
   726472    130640   8066000  0.003  0.000   16.499    2.575    0    0  (Gen:  0)
   520632     32992   8085448  0.002  0.000   16.502    2.576    0    0  (Gen:  0)
   521296     59400   8119160  0.002  0.000   16.504    2.576    0    0  (Gen:  0)
   520144     71408   8156584  0.002  0.000   16.507    2.577    0    0  (Gen:  0)
   520840     61192   8182680  0.002  0.000   16.510    2.577    0    0  (Gen:  0)
   521080     71960   8209120  0.002  0.000   16.513    2.578    0    0  (Gen:  0)
   520384    103528   8264632  0.008  0.001   16.521    2.579    0    0  (Gen:  0)
   521272     83800   8294744  0.003  0.000   16.525    2.580    0    0  (Gen:  0)
   520520    100176   8338440  0.002  0.000   16.528    2.580    0    0  (Gen:  0)
   521000     84416   8383408  0.002  0.000   16.531    2.581    0    0  (Gen:  0)
   520376    117080   8440456  0.002  0.000   16.534    2.582    0    0  (Gen:  0)
   520336    114112   8498288  0.002  0.000   16.537    2.582    0    0  (Gen:  0)
   520824     90280   8542264  0.003  0.000   16.541    2.583    0    0  (Gen:  0)
   520632     86384   8624384  0.002  0.000   16.543    2.584    0    0  (Gen:  0)
   521240    111576   8690584  0.002  0.000   16.546    2.584    0    0  (Gen:  0)
   521040    102688   8736720  0.003  0.000   16.550    2.585    0    0  (Gen:  0)
   520632    111296   8776848  0.003  0.000   16.554    2.586    0    0  (Gen:  0)
   520448     74600   8840936  0.002  0.000   16.557    2.586    0    0  (Gen:  0)
   521488    110440   8883424  0.003  0.000   16.561    2.587    0    0  (Gen:  0)
   520824    148936   8963424  0.003  0.000   16.565    2.588    0    0  (Gen:  0)
   521392    119704   9020304  0.003  0.000   16.569    2.588    0    0  (Gen:  0)
   521216    145712   9095880  0.002  0.000   16.572    2.589    0    0  (Gen:  0)
   525296    131272   9164200  0.003  0.000   16.576    2.590    0    0  (Gen:  0)
   521568    100120   9218768  0.003  0.000   16.579    2.591    0    0  (Gen:  0)
   520960    165936   9313240  0.003  0.000   16.583    2.591    0    0  (Gen:  0)
   521040    131248   9388256  0.003  0.000   16.586    2.592    0    0  (Gen:  0)
   520336    116440   9441752  0.003  0.000   16.591    2.593    0    0  (Gen:  0)
   520784    124632   9491400  0.004  0.000   16.595    2.594    0    0  (Gen:  0)
   521064    153600   9567880  0.002  0.000   16.599    2.594    0    0  (Gen:  0)
   520920    120872   9620672  0.003  0.000   16.603    2.595    0    0  (Gen:  0)
   521232    132448   9674968  0.003  0.000   16.607    2.596    0    0  (Gen:  0)
   521200     87344   9748888  0.002  0.000   16.610    2.596    0    0  (Gen:  0)
   521040    152352   9822752  0.003  0.000   16.614    2.597    0    0  (Gen:  0)
   525592    129856   9890992  0.003  0.000   16.618    2.598    0    0  (Gen:  0)
   521216    102456   9959144  0.003  0.000   16.621    2.599    0    0  (Gen:  0)
   520608    167784  10047768  0.003  0.000   16.625    2.599    0    0  (Gen:  0)
   521536    140208  10118800  0.003  0.000   16.629    2.600    0    0  (Gen:  0)
   520968    112608  10185160  0.003  0.000   16.633    2.601    0    0  (Gen:  0)
   521000    157504  10263032  0.003  0.000   16.637    2.602    0    0  (Gen:  0)
   524648    150224  10336888  0.003  0.000   16.640    2.602    0    0  (Gen:  0)
   520736    119464  10399016  0.003  0.000   16.644    2.603    0    0  (Gen:  0)
   520624    138016  10454640  0.002  0.000   16.648    2.604    0    0  (Gen:  0)
   524968    158504  10531712  0.002  0.000   16.652    2.605    0    0  (Gen:  0)
   525080    133512  10591992  0.002  0.000   16.656    2.605    0    0  (Gen:  0)
   529256    138728  10647288  0.002  0.000   16.660    2.606    0    0  (Gen:  0)
   718168    120200  10685784  0.003  0.000   16.664    2.607    0    0  (Gen:  0)
   520392     42240  10704312  0.002  0.000   16.667    2.607    0    0  (Gen:  0)
   520616     79624  10752792  0.002  0.000   16.670    2.608    0    0  (Gen:  0)
   520736     70680  10785920  0.002  0.000   16.673    2.609    0    0  (Gen:  0)
   520560     99968  10843360  0.002  0.000   16.677    2.609    0    0  (Gen:  0)
   521072     91280  10888120  0.002  0.000   16.681    2.610    0    0  (Gen:  0)
   521152     77792  10925472  0.002  0.000   16.684    2.611    0    0  (Gen:  0)
   520904     84504  10954544  0.002  0.000   16.687    2.611    0    0  (Gen:  0)
   521504    121968  11021912  0.002  0.000   16.691    2.612    0    0  (Gen:  0)
   520600     92776  11060008  0.002  0.000   16.695    2.613    0    0  (Gen:  0)
   521272    105288  11101032  0.002  0.000   16.698    2.613    0    0  (Gen:  0)
   520640     95720  11156512  0.002  0.000   16.702    2.614    0    0  (Gen:  0)
   520720    141576  11234872  0.002  0.000   16.706    2.615    0    0  (Gen:  0)
   521328    125984  11295240  0.002  0.000   16.709    2.616    0    0  (Gen:  0)
   520576    100880  11343912  0.002  0.000   16.713    2.616    0    0  (Gen:  0)
   520856    131816  11410472  0.002  0.000   16.717    2.617    0    0  (Gen:  0)
   520840    131064  11475496  0.002  0.000   16.720    2.618    0    0  (Gen:  0)
   520656    106552  11524136  0.002  0.000   16.724    2.618    0    0  (Gen:  0)
   520632    114304  11566432  0.002  0.000   16.728    2.619    0    0  (Gen:  0)
   521064    141504  11636168  0.002  0.000   16.731    2.620    0    0  (Gen:  0)
   520416    117592  11685200  0.002  0.000   16.735    2.621    0    0  (Gen:  0)
   524904    125144  11737584  0.003  0.000   16.739    2.621    0    0  (Gen:  0)
   521296     97032  11803904  0.002  0.000   16.743    2.622    0    0  (Gen:  0)
   520856    158760  11889600  0.002  0.000   16.747    2.623    0    0  (Gen:  0)
   521336    137688  11974528  0.003  0.000   16.751    2.624    0    0  (Gen:  0)
   521000   5263096   6256880  0.014  0.001   16.767    2.625    0    0  (Gen:  1)
   521168    156384   6338688  0.002  0.000   16.771    2.626    0    0  (Gen:  0)
   520560    140520   6406624  0.002  0.000   16.775    2.627    0    0  (Gen:  0)
   520816    120904   6461656  0.002  0.000   16.778    2.628    0    0  (Gen:  0)
   520392    130784   6514624  0.002  0.000   16.782    2.628    0    0  (Gen:  0)
   520952    150416   6588368  0.002  0.000   16.786    2.629    0    0  (Gen:  0)
   520816    127304   6647000  0.003  0.000   16.790    2.630    0    0  (Gen:  0)
   520720    131064   6699488  0.004  0.000   16.795    2.631    0    0  (Gen:  0)
   524664    160832   6780800  0.003  0.000   16.799    2.631    0    0  (Gen:  0)
   521224    130336   6836048  0.003  0.000   16.804    2.632    0    0  (Gen:  0)
   520624    168088   6923872  0.004  0.000   16.809    2.633    0    0  (Gen:  0)
   520528     84576   7001144  0.003  0.000   16.813    2.634    0    0  (Gen:  0)
   520736    159000   7076024  0.003  0.000   16.818    2.635    0    0  (Gen:  0)
   524904    152000   7163600  0.003  0.000   16.822    2.635    0    0  (Gen:  0)
   521152    107896   7234432  0.003  0.000   16.826    2.636    0    0  (Gen:  0)
   521184    172752   7326000  0.003  0.000   16.830    2.637    0    0  (Gen:  0)
   525640    140360   7398992  0.003  0.000   16.835    2.638    0    0  (Gen:  0)
   520896    126200   7465440  0.003  0.000   16.839    2.638    0    0  (Gen:  0)
   529672    168160   7553016  0.003  0.000   16.844    2.639    0    0  (Gen:  0)
   541384    124072   7601176  0.003  0.000   16.848    2.640    0    0  (Gen:  0)
   520680     40832   7621808  0.002  0.000   16.851    2.640    0    0  (Gen:  0)
   520640     78728   7671120  0.002  0.000   16.855    2.641    0    0  (Gen:  0)
   520456     77592   7712912  0.002  0.000   16.858    2.641    0    0  (Gen:  0)
   520824     65520   7736704  0.002  0.000   16.861    2.642    0    0  (Gen:  0)
   521112     90904   7778848  0.002  0.000   16.865    2.642    0    0  (Gen:  0)
   521096     74104   7815056  0.002  0.000   16.868    2.643    0    0  (Gen:  0)
   520864    104696   7866232  0.002  0.000   16.872    2.644    0    0  (Gen:  0)
   520328    109448   7921488  0.002  0.000   16.875    2.644    0    0  (Gen:  0)
   520712     90208   7962768  0.003  0.000   16.879    2.645    0    0  (Gen:  0)
   520392     96552   7996552  0.003  0.000   16.883    2.645    0    0  (Gen:  0)
   520944    128064   8066024  0.002  0.000   16.887    2.646    0    0  (Gen:  0)
   520488    100464   8103456  0.003  0.000   16.891    2.647    0    0  (Gen:  0)
   521328    146456   8185480  0.002  0.000   16.895    2.647    0    0  (Gen:  0)
   520472    110312   8236696  0.002  0.000   16.899    2.648    0    0  (Gen:  0)
   520968    136080   8307144  0.003  0.000   16.903    2.648    0    0  (Gen:  0)
   520528    124544   8371080  0.003  0.000   16.907    2.649    0    0  (Gen:  0)
   520768     97520   8422224  0.003  0.000   16.911    2.650    0    0  (Gen:  0)
   520784    113160   8464888  0.003  0.000   16.916    2.650    0    0  (Gen:  0)
   520792    145168   8538776  0.003  0.000   16.920    2.651    0    0  (Gen:  0)
   521056    115248   8591512  0.003  0.000   16.924    2.652    0    0  (Gen:  0)
   520640    117608   8635288  0.003  0.000   16.929    2.652    0    0  (Gen:  0)
   521320    149856   8712856  0.003  0.000   16.933    2.653    0    0  (Gen:  0)
   520912    119504   8760664  0.003  0.000   16.938    2.654    0    0  (Gen:  0)
   520560    157664   8844728  0.003  0.000   16.942    2.654    0    0  (Gen:  0)
   521120    106984   8908568  0.003  0.000   16.946    2.655    0    0  (Gen:  0)
   521544    159328   8993848  0.003  0.000   16.950    2.655    0    0  (Gen:  0)
   520776    134960   9061440  0.002  0.000   16.954    2.656    0    0  (Gen:  0)
   520496    108072   9118440  0.003  0.000   16.958    2.657    0    0  (Gen:  0)
   520832    154192   9197032  0.003  0.000   16.962    2.657    0    0  (Gen:  0)
   520560    143408   9268376  0.003  0.000   16.966    2.658    0    0  (Gen:  0)
   521224    117760   9329704  0.003  0.000   16.970    2.659    0    0  (Gen:  0)
   521080    146216   9397424  0.003  0.000   16.974    2.659    0    0  (Gen:  0)
   521000    139040   9478808  0.002  0.000   16.978    2.660    0    0  (Gen:  0)
   520320    124136   9535264  0.004  0.000   16.982    2.660    0    0  (Gen:  0)
   520888    169496   9627160  0.003  0.000   16.987    2.661    0    0  (Gen:  0)
   520936    141792   9709736  0.003  0.000   16.991    2.662    0    0  (Gen:  0)
   520952    136616   9768520  0.004  0.000   16.996    2.663    0    0  (Gen:  0)
   521608    143184   9828768  0.003  0.000   17.001    2.663    0    0  (Gen:  0)
   520688     86592   9904088  0.003  0.000   17.006    2.664    0    0  (Gen:  0)
   520896    174272   9996096  0.003  0.000   17.010    2.665    0    0  (Gen:  0)
   520712    141472  10067472  0.002  0.000   17.014    2.665    0    0  (Gen:  0)
   521248    126672  10136672  0.003  0.000   17.019    2.666    0    0  (Gen:  0)
   520712    163800  10217520  0.003  0.000   17.023    2.667    0    0  (Gen:  0)
   685624    145512  10289528  0.003  0.000   17.028    2.667    0    0  (Gen:  0)
   521056    125960  10359584  0.003  0.000   17.033    2.668    0    0  (Gen:  0)
   521272    174672  10451496  0.003  0.000   17.037    2.669    0    0  (Gen:  0)
   520728    148496  10527768  0.002  0.000   17.041    2.669    0    0  (Gen:  0)
   520856    121432  10591376  0.003  0.000   17.046    2.670    0    0  (Gen:  0)
   520984    143176  10652304  0.004  0.000   17.052    2.671    0    0  (Gen:  0)
   520000    173792  10743304  0.003  0.000   17.056    2.672    0    0  (Gen:  0)
   520696    127320  10810144  0.003  0.000   17.061    2.672    0    0  (Gen:  0)
   520904    143016  10868328  0.004  0.000   17.067    2.673    0    0  (Gen:  0)
   520944    178624  10961432  0.004  0.000   17.072    2.674    0    0  (Gen:  0)
   520176    138944  11024728  0.005  0.000   17.079    2.675    0    0  (Gen:  0)
   521448    146952  11085088  0.006  0.000   17.086    2.676    0    0  (Gen:  0)
   520808    176704  11176456  0.003  0.000   17.091    2.677    0    0  (Gen:  0)
   521184    140576  11236024  0.005  0.000   17.098    2.678    0    0  (Gen:  0)
   520776    187648  11338728  0.004  0.000   17.104    2.678    0    0  (Gen:  0)
   521280    108096  11419896  0.003  0.000   17.108    2.679    0    0  (Gen:  0)
   521248    166680  11501272  0.003  0.000   17.114    2.680    0    0  (Gen:  0)
   520640    147264  11576000  0.003  0.000   17.118    2.681    0    0  (Gen:  0)
   520520    113448  11651432  0.004  0.000   17.124    2.681    0    0  (Gen:  0)
   521000    183744  11749920  0.004  0.000   17.129    2.682    0    0  (Gen:  0)
   521288    157560  11827512  0.003  0.000   17.134    2.683    0    0  (Gen:  0)
   521032    120624  11899960  0.004  0.000   17.140    2.684    0    0  (Gen:  0)
   521320    170752  11982584  0.004  0.000   17.145    2.685    0    0  (Gen:  0)
   525304    162280  12066192  0.003  0.000   17.150    2.685    0    0  (Gen:  0)
   520464    130664  12136432  0.004  0.000   17.156    2.686    0    0  (Gen:  0)
   520592    175944  12225336  0.004  0.000   17.162    2.687    0    0  (Gen:  0)
   520872    169216  12306336  0.003  0.000   17.167    2.688    0    0  (Gen:  0)
   520776   5263048   6248792  0.021  0.002   17.190    2.690    0    0  (Gen:  1)
   521320    190136   6348992  0.002  0.000   17.195    2.691    0    0  (Gen:  0)
   521120    167120   6440280  0.002  0.000   17.199    2.692    0    0  (Gen:  0)
   520888    145664   6510416  0.002  0.000   17.202    2.692    0    0  (Gen:  0)
   520808    156824   6575056  0.002  0.000   17.206    2.693    0    0  (Gen:  0)
   521576    184936   6670712  0.002  0.000   17.210    2.694    0    0  (Gen:  0)
   521072    156192   6740600  0.002  0.000   17.214    2.694    0    0  (Gen:  0)
   521456    157664   6806400  0.002  0.000   17.218    2.695    0    0  (Gen:  0)
   524944    183096   6897136  0.002  0.000   17.222    2.696    0    0  (Gen:  0)
   520408    155480   6965904  0.002  0.000   17.226    2.696    0    0  (Gen:  0)
   520680    189680   7063576  0.002  0.000   17.230    2.697    0    0  (Gen:  0)
   520704    179256   7159192  0.002  0.000   17.234    2.698    0    0  (Gen:  0)
   520968    158088   7223768  0.002  0.000   17.238    2.698    0    0  (Gen:  0)
   524920    163056   7296544  0.003  0.000   17.243    2.699    0    0  (Gen:  0)
   521304    113536   7379040  0.002  0.000   17.246    2.700    0    0  (Gen:  0)
   520352    188824   7477208  0.002  0.000   17.250    2.700    0    0  (Gen:  0)
   524488    168640   7556640  0.003  0.000   17.255    2.701    0    0  (Gen:  0)
   520152    136968   7637272  0.002  0.000   17.258    2.702    0    0  (Gen:  0)
   525856    178888   7724128  0.002  0.000   17.262    2.702    0    0  (Gen:  0)
   795376    145520   7792624  0.004  0.000   17.267    2.703    0    0  (Gen:  0)
   718280     32952   7814928  0.001  0.000   17.270    2.704    0    0  (Gen:  0)
   520832     46576   7835552  0.001  0.000   17.273    2.704    0    0  (Gen:  0)
   520776     68696   7899496  0.002  0.000   17.276    2.705    0    0  (Gen:  0)
   520664     57960   7928664  0.001  0.000   17.280    2.705    0    0  (Gen:  0)
   520992     71232   7953024  0.002  0.000   17.283    2.706    0    0  (Gen:  0)
   520648    106760   8011192  0.002  0.000   17.287    2.706    0    0  (Gen:  0)
   520528     81136   8043384  0.002  0.000   17.290    2.707    0    0  (Gen:  0)
   521024     91856   8080872  0.002  0.000   17.294    2.708    0    0  (Gen:  0)
   521032     67632   8132936  0.001  0.000   17.297    2.708    0    0  (Gen:  0)
   520168    119200   8191400  0.002  0.000   17.300    2.709    0    0  (Gen:  0)
   520944    112688   8244840  0.002  0.000   17.304    2.709    0    0  (Gen:  0)
   520984     99440   8290936  0.002  0.000   17.307    2.710    0    0  (Gen:  0)
   521536    129040   8358968  0.002  0.000   17.311    2.710    0    0  (Gen:  0)
   520704    126064   8419680  0.002  0.000   17.314    2.711    0    0  (Gen:  0)
   520360    106088   8468768  0.002  0.000   17.318    2.712    0    0  (Gen:  0)
   521328    109200   8509304  0.002  0.000   17.321    2.712    0    0  (Gen:  0)
   521016    138408   8577536  0.002  0.000   17.325    2.713    0    0  (Gen:  0)
   520704    112024   8622480  0.002  0.000   17.328    2.713    0    0  (Gen:  0)
   521144    121880   8672304  0.003  0.000   17.333    2.714    0    0  (Gen:  0)
   521432     86816   8736480  0.001  0.000   17.336    2.715    0    0  (Gen:  0)
   520848    142200   8805088  0.002  0.000   17.340    2.715    0    0  (Gen:  0)
   718992    118528   8861624  0.003  0.000   17.344    2.716    0    0  (Gen:  0)
   520312     33208   8881176  0.001  0.000   17.347    2.717    0    0  (Gen:  0)
   520432     44632   8921808  0.001  0.000   17.350    2.717    0    0  (Gen:  0)
   520784     70400   8957112  0.001  0.000   17.353    2.718    0    0  (Gen:  0)
   521144     64112   8985384  0.001  0.000   17.356    2.718    0    0  (Gen:  0)
   520528     71408   9009656  0.002  0.000   17.359    2.719    0    0  (Gen:  0)
   520328    102848   9063272  0.002  0.000   17.363    2.720    0    0  (Gen:  0)
   520816     82888   9094488  0.003  0.000   17.367    2.720    0    0  (Gen:  0)
   521880    121240   9159360  0.002  0.000   17.371    2.721    0    0  (Gen:  0)
   521264     93208   9205656  0.002  0.000   17.375    2.722    0    0  (Gen:  0)
   521288    120208   9266544  0.003  0.000   17.379    2.722    0    0  (Gen:  0)
   525216    119760   9327008  0.002  0.000   17.383    2.723    0    0  (Gen:  0)
   520656     93224   9368600  0.003  0.000   17.388    2.724    0    0  (Gen:  0)
   520800    138600   9444992  0.002  0.000   17.392    2.725    0    0  (Gen:  0)
   521112    116224   9511944  0.002  0.000   17.396    2.725    0    0  (Gen:  0)
   520872    106992   9555864  0.003  0.000   17.401    2.726    0    0  (Gen:  0)
   525184    120832   9609168  0.003  0.000   17.406    2.727    0    0  (Gen:  0)
   521304     80512   9669112  0.002  0.000   17.410    2.728    0    0  (Gen:  0)
   520840     85072   9750240  0.002  0.000   17.414    2.728    0    0  (Gen:  0)
   525384    117528   9811768  0.002  0.000   17.418    2.729    0    0  (Gen:  0)
   520968    102192   9867200  0.003  0.000   17.422    2.730    0    0  (Gen:  0)
   528968    144088   9941080  0.003  0.000   17.427    2.731    0    0  (Gen:  0)
   763384    112192   9981712  0.003  0.000   17.431    2.731    0    0  (Gen:  0)
   521088     39008  10001192  0.002  0.000   17.435    2.732    0    0  (Gen:  0)
   520696     75488  10047512  0.002  0.000   17.438    2.733    0    0  (Gen:  0)
   520464     73224  10089368  0.002  0.000   17.442    2.733    0    0  (Gen:  0)
   521248     66584  10114608  0.002  0.000   17.446    2.734    0    0  (Gen:  0)
   520520    107632  10172688  0.002  0.000   17.450    2.735    0    0  (Gen:  0)
   521080     69976  10211848  0.002  0.000   17.454    2.735    0    0  (Gen:  0)
   520472    113312  10270704  0.002  0.000   17.458    2.736    0    0  (Gen:  0)
   520864    106240  10324008  0.002  0.000   17.462    2.737    0    0  (Gen:  0)
   520816     89616  10366256  0.003  0.000   17.467    2.737    0    0  (Gen:  0)
   520904     96528  10401336  0.003  0.000   17.471    2.738    0    0  (Gen:  0)
   521520    128416  10470456  0.002  0.000   17.475    2.739    0    0  (Gen:  0)
   521136     96720  10506760  0.003  0.000   17.480    2.740    0    0  (Gen:  0)
   520552    135160  10577784  0.003  0.000   17.485    2.740    0    0  (Gen:  0)
   521088     89056  10632552  0.002  0.000   17.489    2.741    0    0  (Gen:  0)
   520912    128856  10695088  0.002  0.000   17.493    2.742    0    0  (Gen:  0)
   520896    122688  10758736  0.002  0.000   17.498    2.743    0    0  (Gen:  0)
   520088     94136  10809280  0.003  0.000   17.502    2.743    0    0  (Gen:  0)
   520784    112544  10852952  0.003  0.000   17.507    2.744    0    0  (Gen:  0)
   520768    151368  10936168  0.003  0.000   17.512    2.745    0    0  (Gen:  0)
   520800    108344  10988800  0.003  0.000   17.516    2.746    0    0  (Gen:  0)
   520784    153088  11067968  0.002  0.000   17.521    2.746    0    0  (Gen:  0)
   944544     95832  11108856  0.002  0.000   17.525    2.747    0    0  (Gen:  0)
   520896     44968  11129816  0.002  0.000   17.528    2.748    0    0  (Gen:  0)
   520720     81152  11181376  0.002  0.000   17.532    2.748    0    0  (Gen:  0)
   520824     78792  11223920  0.002  0.000   17.535    2.749    0    0  (Gen:  0)
   520520     65984  11247904  0.002  0.000   17.539    2.749    0    0  (Gen:  0)
   520736    106048  11306080  0.002  0.000   17.543    2.750    0    0  (Gen:  0)
   520808     69984  11346360  0.003  0.000   17.547    2.751    0    0  (Gen:  0)
   520944    114848  11406992  0.003  0.000   17.550    2.751    0    0  (Gen:  0)
   520960    109304  11460624  0.002  0.000   17.554    2.752    0    0  (Gen:  0)
   520992     85584  11499016  0.003  0.000   17.557    2.752    0    0  (Gen:  0)
   520752     93736  11532320  0.003  0.000   17.561    2.753    0    0  (Gen:  0)
   520496    129392  11603208  0.002  0.000   17.564    2.753    0    0  (Gen:  0)
   520440    100440  11640960  0.003  0.000   17.568    2.754    0    0  (Gen:  0)
   520816    146744  11723448  0.003  0.000   17.572    2.755    0    0  (Gen:  0)
   520928     82696  11779136  0.002  0.000   17.575    2.755    0    0  (Gen:  0)
   520400    130504  11841704  0.002  0.000   17.578    2.756    0    0  (Gen:  0)
   520864    119896  11903168  0.002  0.000   17.581    2.756    0    0  (Gen:  0)
   520560    101032  11953024  0.003  0.000   17.585    2.757    0    0  (Gen:  0)
   520824    136664  12021992  0.002  0.000   17.588    2.757    0    0  (Gen:  0)
   521248    132296  12086112  0.002  0.000   17.591    2.758    0    0  (Gen:  0)
   520760    108528  12137328  0.003  0.000   17.595    2.759    0    0  (Gen:  0)
   520920    116496  12181840  0.003  0.000   17.599    2.759    0    0  (Gen:  0)
   525272    150040  12261184  0.003  0.000   17.602    2.760    0    0  (Gen:  0)
   520968   4427496   5421240  0.014  0.001   17.617    2.761    0    0  (Gen:  1)
   520640    160936   5510488  0.003  0.000   17.621    2.762    0    0  (Gen:  0)
   520824     75296   5578376  0.002  0.000   17.624    2.763    0    0  (Gen:  0)
   520376    144864   5648456  0.002  0.000   17.627    2.763    0    0  (Gen:  0)
   520504    130560   5717776  0.003  0.000   17.630    2.764    0    0  (Gen:  0)
   521136     98520   5778408  0.002  0.000   17.633    2.764    0    0  (Gen:  0)
   521432    150832   5853304  0.002  0.000   17.636    2.765    0    0  (Gen:  0)
   520984    140944   5923272  0.002  0.000   17.640    2.765    0    0  (Gen:  0)
   520696    113760   5986880  0.003  0.000   17.643    2.766    0    0  (Gen:  0)
   521288    134248   6039680  0.003  0.000   17.647    2.767    0    0  (Gen:  0)
   525272    169496   6130488  0.002  0.000   17.650    2.767    0    0  (Gen:  0)
   521128    122760   6190360  0.003  0.000   17.654    2.768    0    0  (Gen:  0)
   520912    168800   6278640  0.002  0.000   17.657    2.768    0    0  (Gen:  0)
   520824    146224   6360040  0.002  0.000   17.660    2.769    0    0  (Gen:  0)
   521112    127360   6416576  0.003  0.000   17.664    2.769    0    0  (Gen:  0)
   521168    133568   6469696  0.003  0.000   17.668    2.770    0    0  (Gen:  0)
   524728    161712   6550464  0.002  0.000   17.671    2.771    0    0  (Gen:  0)
   520408    136240   6607944  0.003  0.000   17.675    2.771    0    0  (Gen:  0)
   525040    144928   6670224  0.002  0.000   17.678    2.772    0    0  (Gen:  0)
   520832    116344   6742864  0.002  0.000   17.682    2.772    0    0  (Gen:  0)
   525400    177208   6839392  0.002  0.000   17.685    2.773    0    0  (Gen:  0)
   783520    135312   6903520  0.004  0.000   17.689    2.774    0    0  (Gen:  0)
   520504     31896   6922632  0.002  0.000   17.691    2.774    0    0  (Gen:  0)
   520912     62784   6960152  0.001  0.000   17.694    2.775    0    0  (Gen:  0)
   520936     70584   6997512  0.001  0.000   17.696    2.775    0    0  (Gen:  0)
   521000     62128   7023224  0.002  0.000   17.699    2.776    0    0  (Gen:  0)
   521416     71496   7048568  0.002  0.000   17.702    2.776    0    0  (Gen:  0)
   520984    100224   7101848  0.002  0.000   17.705    2.777    0    0  (Gen:  0)
   521224     81144   7131744  0.002  0.000   17.708    2.778    0    0  (Gen:  0)
   520952    118632   7195112  0.002  0.000   17.711    2.778    0    0  (Gen:  0)
   521384     92048   7241864  0.002  0.000   17.714    2.779    0    0  (Gen:  0)
   520928    120056   7301144  0.002  0.000   17.717    2.779    0    0  (Gen:  0)
   520648    118104   7358056  0.002  0.000   17.720    2.780    0    0  (Gen:  0)
   520568     88944   7399064  0.002  0.000   17.723    2.781    0    0  (Gen:  0)
   521184    141568   7479864  0.003  0.000   17.726    2.781    0    0  (Gen:  0)
   521128    116040   7552608  0.002  0.000   17.729    2.782    0    0  (Gen:  0)
   520152    102024   7596408  0.003  0.000   17.732    2.783    0    0  (Gen:  0)
   521568    134560   7662280  0.004  0.000   17.737    2.783    0    0  (Gen:  0)
   520784     76104   7724608  0.002  0.000   17.740    2.784    0    0  (Gen:  0)
   520392    145560   7801296  0.002  0.000   17.743    2.785    0    0  (Gen:  0)
   520552    118456   7865496  0.002  0.000   17.746    2.785    0    0  (Gen:  0)
   521048     99968   7922912  0.002  0.000   17.749    2.786    0    0  (Gen:  0)
   520600    144680   7994968  0.002  0.000   17.753    2.787    0    0  (Gen:  0)
   521160    138496   8063720  0.002  0.000   17.756    2.787    0    0  (Gen:  0)
   520488    112304   8117064  0.003  0.000   17.759    2.788    0    0  (Gen:  0)
   520896    161824   8205048  0.002  0.000   17.763    2.789    0    0  (Gen:  0)
   521048    138192   8281400  0.002  0.000   17.766    2.789    0    0  (Gen:  0)
   521328    119808   8333152  0.003  0.000   17.770    2.790    0    0  (Gen:  0)
   520992    124328   8382640  0.003  0.000   17.774    2.791    0    0  (Gen:  0)
   520208    150856   8457856  0.002  0.000   17.777    2.792    0    0  (Gen:  0)
   520944    122456   8508200  0.003  0.000   17.781    2.792    0    0  (Gen:  0)
   520824    137560   8568504  0.003  0.000   17.785    2.793    0    0  (Gen:  0)
   520720    100792   8638168  0.002  0.000   17.788    2.794    0    0  (Gen:  0)
   521080    156184   8714624  0.002  0.000   17.791    2.794    0    0  (Gen:  0)
   520352    140080   8788096  0.002  0.000   17.794    2.795    0    0  (Gen:  0)
   521008    107640   8850984  0.003  0.000   17.798    2.796    0    0  (Gen:  0)
   520400    162968   8936352  0.002  0.000   17.801    2.796    0    0  (Gen:  0)
   520560    149832   9011408  0.002  0.000   17.804    2.797    0    0  (Gen:  0)
   520424    124800   9077384  0.002  0.000   17.807    2.798    0    0  (Gen:  0)
   520512    137104   9130888  0.003  0.000   17.812    2.799    0    0  (Gen:  0)
   521504    162264   9211600  0.002  0.000   17.815    2.799    0    0  (Gen:  0)
   520744    126688   9274208  0.003  0.000   17.819    2.800    0    0  (Gen:  0)
   520600    138384   9328344  0.003  0.000   17.823    2.801    0    0  (Gen:  0)
   520800    169928   9416904  0.002  0.000   17.827    2.801    0    0  (Gen:  0)
   521008    131768   9475296  0.003  0.000   17.831    2.802    0    0  (Gen:  0)
   520512    157920   9550888  0.002  0.000   17.834    2.803    0    0  (Gen:  0)
   726080     99480   9585408  0.002  0.000   17.837    2.803    0    0  (Gen:  0)
   521296     46320   9604656  0.003  0.000   17.841    2.804    0    0  (Gen:  0)
   520392     57712   9657816  0.001  0.000   17.845    2.805    0    0  (Gen:  0)
   520888     57416   9689072  0.002  0.000   17.848    2.805    0    0  (Gen:  0)
   521056     92088   9737056  0.002  0.000   17.851    2.806    0    0  (Gen:  0)
   520248     95792   9784656  0.002  0.000   17.855    2.807    0    0  (Gen:  0)
   521280     78336   9819968  0.002  0.000   17.859    2.808    0    0  (Gen:  0)
   520656    124712   9891952  0.002  0.000   17.862    2.808    0    0  (Gen:  0)
   521120    111912   9950864  0.002  0.000   17.864    2.809    0    0  (Gen:  0)
   520512     88888   9983488  0.002  0.000   17.868    2.810    0    0  (Gen:  0)
   520328    105664  10028376  0.002  0.000   17.871    2.810    0    0  (Gen:  0)
   520568     88872  10082304  0.002  0.000   17.874    2.811    0    0  (Gen:  0)
   520648    135552  10152592  0.002  0.000   17.877    2.812    0    0  (Gen:  0)
   521104    120984  10213104  0.002  0.000   17.880    2.812    0    0  (Gen:  0)
   521024     94544  10261800  0.002  0.000   17.883    2.813    0    0  (Gen:  0)
   520560    107896  10300896  0.003  0.000   17.887    2.814    0    0  (Gen:  0)
   520672    130696  10366064  0.002  0.000   17.890    2.814    0    0  (Gen:  0)
   521040    105200  10413360  0.003  0.000   17.894    2.815    0    0  (Gen:  0)
   521488    111312  10453600  0.002  0.000   17.899    2.816    0    0  (Gen:  0)
   521040    136456  10521000  0.002  0.000   17.902    2.817    0    0  (Gen:  0)
   521312    129240  10583832  0.002  0.000   17.905    2.817    0    0  (Gen:  0)
   525120   5194976   6188832  0.017  0.001   17.923    2.819    0    0  (Gen:  1)
   521440    122832   6235600  0.003  0.000   17.927    2.820    0    0  (Gen:  0)
   520984    150288   6312496  0.002  0.000   17.931    2.821    0    0  (Gen:  0)
   521216    131112   6378296  0.002  0.000   17.933    2.821    0    0  (Gen:  0)
   520664    109520   6437216  0.002  0.000   17.937    2.822    0    0  (Gen:  0)
   520384    150040   6512232  0.002  0.000   17.940    2.823    0    0  (Gen:  0)
   521096    142024   6583224  0.002  0.000   17.943    2.823    0    0  (Gen:  0)
   521176    115496   6640288  0.003  0.000   17.946    2.824    0    0  (Gen:  0)
   520856    128856   6691704  0.003  0.000   17.950    2.825    0    0  (Gen:  0)
   521208    149416   6766336  0.002  0.000   17.953    2.825    0    0  (Gen:  0)
   521328    132000   6836056  0.001  0.000   17.955    2.826    0    0  (Gen:  0)
   521096    113560   6900888  0.002  0.000   17.958    2.826    0    0  (Gen:  0)
   525288    157472   6979832  0.002  0.000   17.961    2.827    0    0  (Gen:  0)
   521112    127544   7036280  0.003  0.000   17.965    2.828    0    0  (Gen:  0)
   521288    165384   7121904  0.002  0.000   17.968    2.828    0    0  (Gen:  0)
   521256    148744   7202112  0.002  0.000   17.971    2.829    0    0  (Gen:  0)
   520576    133360   7254224  0.003  0.000   17.976    2.830    0    0  (Gen:  0)
   524856    162048   7337992  0.003  0.000   17.979    2.830    0    0  (Gen:  0)
   520944    112648   7406824  0.002  0.000   17.983    2.831    0    0  (Gen:  0)
   520992    172424   7499176  0.004  0.000   17.987    2.832    0    0  (Gen:  0)
   524488    148808   7572888  0.002  0.000   17.990    2.832    0    0  (Gen:  0)
   520904    121904   7638376  0.003  0.000   17.993    2.833    0    0  (Gen:  0)
   529552    171200   7728488  0.002  0.000   17.997    2.834    0    0  (Gen:  0)
   721984    130848   7785056  0.003  0.000   18.001    2.834    0    0  (Gen:  0)
   520656     36480   7805432  0.002  0.000   18.003    2.835    0    0  (Gen:  0)
   520312     82648   7860296  0.002  0.000   18.006    2.835    0    0  (Gen:  0)
   520952     70968   7900840  0.001  0.000   18.008    2.836    0    0  (Gen:  0)
   520712     63528   7927336  0.002  0.000   18.011    2.836    0    0  (Gen:  0)
   520704     80536   7959488  0.002  0.000   18.013    2.837    0    0  (Gen:  0)
   521112     75192   8004712  0.002  0.000   18.016    2.838    0    0  (Gen:  0)
   521280    120152   8071720  0.002  0.000   18.018    2.838    0    0  (Gen:  0)
   521104    103016   8122384  0.002  0.000   18.021    2.839    0    0  (Gen:  0)
   520880     84280   8167040  0.002  0.000   18.024    2.839    0    0  (Gen:  0)
   520992     96264   8202576  0.003  0.000   18.028    2.840    0    0  (Gen:  0)
   520768    121968   8263056  0.002  0.000   18.031    2.841    0    0  (Gen:  0)
   520408     93416   8302056  0.003  0.000   18.034    2.841    0    0  (Gen:  0)
   521408     80880   8378768  0.002  0.000   18.037    2.842    0    0  (Gen:  0)
   520992    124840   8446576  0.002  0.000   18.040    2.842    0    0  (Gen:  0)
   520384    107424   8488120  0.003  0.000   18.043    2.843    0    0  (Gen:  0)
   521416    123560   8542928  0.002  0.000   18.046    2.844    0    0  (Gen:  0)
   520872     98536   8599624  0.002  0.000   18.049    2.844    0    0  (Gen:  0)
   520144    142680   8673864  0.002  0.000   18.052    2.845    0    0  (Gen:  0)
   520664    127728   8740832  0.002  0.000   18.055    2.846    0    0  (Gen:  0)
   520920    102680   8795888  0.003  0.000   18.059    2.846    0    0  (Gen:  0)
   520688    119480   8840800  0.003  0.000   18.062    2.847    0    0  (Gen:  0)
   525016    143648   8911512  0.002  0.000   18.066    2.848    0    0  (Gen:  0)
   521336    113024   8961432  0.003  0.000   18.069    2.848    0    0  (Gen:  0)
   521160    157088   9045968  0.002  0.000   18.072    2.849    0    0  (Gen:  0)
   520952    134200   9120120  0.002  0.000   18.075    2.850    0    0  (Gen:  0)
   521440    119736   9169760  0.003  0.000   18.079    2.850    0    0  (Gen:  0)
   520800    132712   9227056  0.003  0.000   18.083    2.851    0    0  (Gen:  0)
   520368     95600   9290600  0.002  0.000   18.086    2.852    0    0  (Gen:  0)
   520544    161008   9378000  0.002  0.000   18.089    2.852    0    0  (Gen:  0)
   520936    128656   9445440  0.003  0.000   18.093    2.853    0    0  (Gen:  0)
   520728    107016   9511672  0.003  0.000   18.096    2.854    0    0  (Gen:  0)
   520920    156568   9588288  0.002  0.000   18.099    2.854    0    0  (Gen:  0)
   524232    150008   9664400  0.002  0.000   18.103    2.855    0    0  (Gen:  0)
   521192    123864   9723736  0.003  0.000   18.108    2.856    0    0  (Gen:  0)
   521104    175016   9820016  0.002  0.000   18.112    2.857    0    0  (Gen:  0)
   520344    141928   9901224  0.002  0.000   18.116    2.857    0    0  (Gen:  0)
   520592    129592   9965024  0.003  0.000   18.121    2.858    0    0  (Gen:  0)
   520608    137672  10018264  0.004  0.000   18.126    2.859    0    0  (Gen:  0)
   525432    165432  10100152  0.002  0.000   18.130    2.860    0    0  (Gen:  0)
   521088    136640  10160160  0.004  0.000   18.135    2.861    0    0  (Gen:  0)
   521488    138528  10213632  0.003  0.000   18.140    2.862    0    0  (Gen:  0)
   525344    164368  10297256  0.002  0.000   18.144    2.862    0    0  (Gen:  0)
   525400    136824  10353144  0.003  0.000   18.150    2.863    0    0  (Gen:  0)
   545256    140912  10413368  0.004  0.000   18.155    2.864    0    0  (Gen:  0)
   520600     33520  10433240  0.001  0.000   18.158    2.865    0    0  (Gen:  0)
   520528     65488  10473176  0.001  0.000   18.160    2.865    0    0  (Gen:  0)
   521152     70920  10510376  0.001  0.000   18.162    2.865    0    0  (Gen:  0)
   521072     60632  10536896  0.002  0.000   18.165    2.866    0    0  (Gen:  0)
   521168     72560  10562192  0.002  0.000   18.168    2.866    0    0  (Gen:  0)
   521560    100768  10615416  0.002  0.000   18.170    2.867    0    0  (Gen:  0)
   520640     81968  10645424  0.002  0.000   18.173    2.867    0    0  (Gen:  0)
   520408    124200  10714816  0.002  0.000   18.176    2.868    0    0  (Gen:  0)
   520856     87264  10760640  0.002  0.000   18.179    2.868    0    0  (Gen:  0)
   520648    123960  10824824  0.002  0.000   18.182    2.869    0    0  (Gen:  0)
   520808    119776  10883880  0.002  0.000   18.184    2.869    0    0  (Gen:  0)
   520640     90864  10924384  0.002  0.000   18.187    2.870    0    0  (Gen:  0)
   520784    143016  11006136  0.002  0.000   18.191    2.870    0    0  (Gen:  0)
   520848    116528  11073456  0.002  0.000   18.193    2.871    0    0  (Gen:  0)
   520784    105808  11117200  0.003  0.000   18.197    2.871    0    0  (Gen:  0)
   520856    117352  11165760  0.002  0.000   18.200    2.872    0    0  (Gen:  0)
   520664    100704  11227000  0.002  0.000   18.202    2.872    0    0  (Gen:  0)
   520712    151504  11310104  0.002  0.000   18.205    2.873    0    0  (Gen:  0)
   520888    123336  11372912  0.002  0.000   18.208    2.873    0    0  (Gen:  0)
   521080    108472  11429496  0.002  0.000   18.211    2.874    0    0  (Gen:  0)
   520400    144696  11501640  0.002  0.000   18.214    2.874    0    0  (Gen:  0)
   521056    140664  11571824  0.002  0.000   18.217    2.875    0    0  (Gen:  0)
   520840    113304  11623616  0.003  0.000   18.220    2.876    0    0  (Gen:  0)
   520696    161552  11710800  0.002  0.000   18.224    2.876    0    0  (Gen:  0)
   521064    142688  11785456  0.002  0.000   18.226    2.877    0    0  (Gen:  0)
   521808    117720  11838464  0.003  0.000   18.230    2.877    0    0  (Gen:  0)
   520856    123824  11886720  0.003  0.000   18.234    2.878    0    0  (Gen:  0)
   520696    151728  11962248  0.002  0.000   18.237    2.878    0    0  (Gen:  0)
   520288    125856  12015096  0.003  0.000   18.241    2.879    0    0  (Gen:  0)
   520880    139168  12076232  0.002  0.000   18.244    2.879    0    0  (Gen:  0)
   520832    109920  12145216  0.002  0.000   18.247    2.880    0    0  (Gen:  0)
   521472    156056  12220888  0.002  0.000   18.250    2.880    0    0  (Gen:  0)
   520832   4593376   5579144  0.016  0.001   18.266    2.882    0    0  (Gen:  1)
   520120    131920   5630832  0.003  0.000   18.271    2.883    0    0  (Gen:  0)
   521112    159688   5713648  0.002  0.000   18.274    2.883    0    0  (Gen:  0)
   520776    152128   5788984  0.002  0.000   18.277    2.884    0    0  (Gen:  0)
   520928    125608   5854800  0.003  0.000   18.280    2.885    0    0  (Gen:  0)
   521800    137944   5909344  0.003  0.000   18.285    2.885    0    0  (Gen:  0)
   520808    171944   5998960  0.002  0.000   18.288    2.886    0    0  (Gen:  0)
   520624    130280   6060088  0.003  0.000   18.292    2.886    0    0  (Gen:  0)
   521144    139800   6115688  0.003  0.000   18.296    2.887    0    0  (Gen:  0)
   520792    163792   6197824  0.002  0.000   18.299    2.888    0    0  (Gen:  0)
   520976    134040   6254760  0.003  0.000   18.304    2.888    0    0  (Gen:  0)
   517008    143584   6316032  0.003  0.000   18.307    2.889    0    0  (Gen:  0)
   685704    144864   6390560  0.002  0.000   18.311    2.889    0    0  (Gen:  0)
   520880    136128   6450728  0.003  0.000   18.315    2.890    0    0  (Gen:  0)
   520976    175664   6544072  0.002  0.000   18.318    2.891    0    0  (Gen:  0)
   520720    127424   6618416  0.002  0.000   18.322    2.891    0    0  (Gen:  0)
   520960    174816   6712040  0.002  0.000   18.325    2.892    0    0  (Gen:  0)
   520696    151096   6785776  0.002  0.000   18.328    2.892    0    0  (Gen:  0)
   520144    134512   6858104  0.003  0.000   18.331    2.893    0    0  (Gen:  0)
   520520    177392   6949392  0.003  0.000   18.335    2.894    0    0  (Gen:  0)
   521192    156024   7027952  0.003  0.000   18.338    2.894    0    0  (Gen:  0)
   520568    124200   7099680  0.005  0.000   18.348    2.895    0    0  (Gen:  0)
   521024    170136   7182464  0.003  0.000   18.351    2.896    0    0  (Gen:  0)
   520912    160272   7263176  0.002  0.000   18.354    2.896    0    0  (Gen:  0)
   521000    137760   7330136  0.003  0.000   18.358    2.897    0    0  (Gen:  0)
   520968    191432   7437280  0.003  0.000   18.362    2.898    0    0  (Gen:  0)
   521152    151592   7532688  0.002  0.000   18.365    2.898    0    0  (Gen:  0)
   521600    139224   7598216  0.003  0.000   18.369    2.899    0    0  (Gen:  0)
   520672    148168   7658504  0.004  0.000   18.374    2.900    0    0  (Gen:  0)
   520568    180544   7752968  0.002  0.000   18.377    2.900    0    0  (Gen:  0)
   520432    141632   7814712  0.003  0.000   18.381    2.901    0    0  (Gen:  0)
   521632    147624   7873480  0.004  0.000   18.386    2.902    0    0  (Gen:  0)
   520808    174000   7960632  0.002  0.000   18.389    2.902    0    0  (Gen:  0)
   521432    148000   8023832  0.004  0.000   18.393    2.903    0    0  (Gen:  0)
   525248    153488   8089264  0.003  0.000   18.398    2.903    0    0  (Gen:  0)
   520872    112856   8171704  0.003  0.000   18.401    2.904    0    0  (Gen:  0)
   520632    186232   8270296  0.003  0.000   18.404    2.905    0    0  (Gen:  0)
   520792    157928   8347368  0.003  0.000   18.408    2.905    0    0  (Gen:  0)
   520784    118920   8424024  0.003  0.000   18.411    2.906    0    0  (Gen:  0)
   521056    174104   8509904  0.002  0.000   18.415    2.907    0    0  (Gen:  0)
   520928    162096   8593072  0.003  0.000   18.419    2.907    0    0  (Gen:  0)
   520856    122200   8668272  0.003  0.000   18.422    2.908    0    0  (Gen:  0)
   521088    187064   8765512  0.002  0.000   18.425    2.908    0    0  (Gen:  0)
   521344    162480   8846096  0.002  0.000   18.429    2.909    0    0  (Gen:  0)
   521032    144304   8923304  0.003  0.000   18.433    2.910    0    0  (Gen:  0)
   521440     99560   9018976  0.002  0.000   18.436    2.910    0    0  (Gen:  0)
   525168    172808   9105824  0.002  0.000   18.439    2.911    0    0  (Gen:  0)
   520384    143296   9179824  0.003  0.000   18.443    2.911    0    0  (Gen:  0)
   520696    203200   9290768  0.002  0.000   18.447    2.912    0    0  (Gen:  0)
   520680    170152   9383816  0.002  0.000   18.450    2.913    0    0  (Gen:  0)
   520704    142616   9455416  0.003  0.000   18.454    2.913    0    0  (Gen:  0)
   521232    155336   9519472  0.004  0.000   18.459    2.914    0    0  (Gen:  0)
   525176    178520   9611568  0.002  0.000   18.462    2.915    0    0  (Gen:  0)
   520640    146224   9683400  0.003  0.000   18.466    2.915    0    0  (Gen:  0)
   520808    198824   9790032  0.002  0.000   18.469    2.916    0    0  (Gen:  0)
   523736    177744   9881848  0.002  0.000   18.473    2.916    0    0  (Gen:  0)
   525712    148800   9950944  0.004  0.000   18.477    2.917    0    0  (Gen:  0)
   533664    159456  10016144  0.004  0.000   18.482    2.918    0    0  (Gen:  0)
   981576    127848  10057480  0.003  0.000   18.486    2.919    0    0  (Gen:  0)
   521096     44872  10076448  0.002  0.000   18.488    2.919    0    0  (Gen:  0)
   520888     72744  10119600  0.001  0.000   18.490    2.919    0    0  (Gen:  0)
   521000     74488  10160192  0.002  0.000   18.493    2.920    0    0  (Gen:  0)
   521096     67696  10185104  0.002  0.000   18.496    2.920    0    0  (Gen:  0)
   520328    105552  10240008  0.002  0.000   18.498    2.921    0    0  (Gen:  0)
   521072     84064  10278296  0.002  0.000   18.501    2.921    0    0  (Gen:  0)
   521184     85392  10308896  0.002  0.000   18.505    2.922    0    0  (Gen:  0)
   520656    118160  10370872  0.002  0.000   18.507    2.922    0    0  (Gen:  0)
   520640     89072  10411152  0.002  0.000   18.510    2.923    0    0  (Gen:  0)
   521120     96376  10445312  0.003  0.000   18.514    2.923    0    0  (Gen:  0)
   521280    125160  10511416  0.002  0.000   18.517    2.924    0    0  (Gen:  0)
   520656    100232  10548432  0.003  0.000   18.520    2.925    0    0  (Gen:  0)
   520792    144792  10629592  0.003  0.000   18.524    2.925    0    0  (Gen:  0)
   520928     94800  10682656  0.002  0.000   18.526    2.926    0    0  (Gen:  0)
   520704    131376  10746608  0.002  0.000   18.529    2.926    0    0  (Gen:  0)
   520792    126240  10810720  0.002  0.000   18.531    2.927    0    0  (Gen:  0)
   520384    100672  10860624  0.003  0.000   18.535    2.927    0    0  (Gen:  0)
   520744    112600  10903904  0.003  0.000   18.539    2.928    0    0  (Gen:  0)
   521000    146704  10978984  0.002  0.000   18.541    2.928    0    0  (Gen:  0)
   521176   4374568   5368496  0.014  0.001   18.557    2.930    0    0  (Gen:  1)
   520984    138896   5432672  0.002  0.000   18.560    2.930    0    0  (Gen:  0)
   718384     92520   5466648  0.002  0.000   18.563    2.931    0    0  (Gen:  0)
   520504     45752   5486600  0.002  0.000   18.565    2.932    0    0  (Gen:  0)
   519896     83232   5537864  0.002  0.000   18.568    2.932    0    0  (Gen:  0)
   521152     58416   5568328  0.002  0.000   18.570    2.933    0    0  (Gen:  0)
   520432     93152   5617248  0.002  0.000   18.573    2.933    0    0  (Gen:  0)
   519896     94424   5662704  0.002  0.000   18.575    2.934    0    0  (Gen:  0)
   520656     75104   5695824  0.002  0.000   18.578    2.934    0    0  (Gen:  0)
   521776     86856   5726976  0.002  0.000   18.581    2.935    0    0  (Gen:  0)
   521232    111024   5784304  0.002  0.000   18.584    2.936    0    0  (Gen:  0)
   521200     93488   5820936  0.003  0.000   18.588    2.936    0    0  (Gen:  0)
   525664    111224   5871672  0.002  0.000   18.590    2.937    0    0  (Gen:  0)
   520664     90928   5921264  0.002  0.000   18.593    2.937    0    0  (Gen:  0)
   520624     78256   5995256  0.002  0.000   18.596    2.938    0    0  (Gen:  0)
   521000    119192   6054520  0.002  0.000   18.599    2.939    0    0  (Gen:  0)
   521072    101008   6105384  0.002  0.000   18.602    2.939    0    0  (Gen:  0)
   520736    109688   6147144  0.003  0.000   18.606    2.940    0    0  (Gen:  0)
   525440    147040   6224232  0.002  0.000   18.609    2.941    0    0  (Gen:  0)
   520992    113720   6271808  0.003  0.000   18.613    2.941    0    0  (Gen:  0)
   521112    148944   6349744  0.002  0.000   18.616    2.942    0    0  (Gen:  0)
   525016    134272   6423120  0.002  0.000   18.619    2.943    0    0  (Gen:  0)
   524904    115224   6467800  0.003  0.000   18.623    2.943    0    0  (Gen:  0)
   762128    122048   6522544  0.002  0.000   18.626    2.944    0    0  (Gen:  0)
   524736     58224   6541656  0.001  0.000   18.628    2.944    0    0  (Gen:  0)
   520608     46472   6584104  0.001  0.000   18.630    2.945    0    0  (Gen:  0)
   520776     68904   6620376  0.001  0.000   18.632    2.945    0    0  (Gen:  0)
   520912     59752   6647544  0.002  0.000   18.635    2.946    0    0  (Gen:  0)
   520992     71688   6671952  0.002  0.000   18.638    2.946    0    0  (Gen:  0)
   521448    100248   6724408  0.002  0.000   18.641    2.947    0    0  (Gen:  0)
   520304     80688   6755184  0.003  0.000   18.645    2.948    0    0  (Gen:  0)
   521176     98392   6798584  0.002  0.000   18.647    2.948    0    0  (Gen:  0)
   520488     82040   6846320  0.002  0.000   18.650    2.949    0    0  (Gen:  0)
   521328    120576   6905480  0.002  0.000   18.655    2.950    0    0  (Gen:  0)
   521056    114560   6962360  0.002  0.000   18.658    2.950    0    0  (Gen:  0)
   520624     89560   7003280  0.002  0.000   18.661    2.951    0    0  (Gen:  0)
   520520    143760   7086752  0.002  0.000   18.664    2.951    0    0  (Gen:  0)
   520808    126408   7154624  0.002  0.000   18.667    2.952    0    0  (Gen:  0)
   520896    104064   7199840  0.003  0.000   18.671    2.953    0    0  (Gen:  0)
   520456    109592   7239064  0.003  0.000   18.675    2.953    0    0  (Gen:  0)
   521128    135096   7306224  0.002  0.000   18.678    2.954    0    0  (Gen:  0)
   520384    112944   7350176  0.003  0.000   18.682    2.955    0    0  (Gen:  0)
   521024    127920   7408656  0.002  0.000   18.685    2.955    0    0  (Gen:  0)
   521104    102944   7467520  0.002  0.000   18.688    2.956    0    0  (Gen:  0)
   520760    154744   7549880  0.002  0.000   18.691    2.957    0    0  (Gen:  0)
   944288    115928   7600472  0.003  0.000   18.695    2.957    0    0  (Gen:  0)
   519592     36728   7620632  0.002  0.000   18.697    2.958    0    0  (Gen:  0)
   520440     66968   7662920  0.001  0.000   18.700    2.958    0    0  (Gen:  0)
   520608     69128   7698664  0.001  0.000   18.702    2.959    0    0  (Gen:  0)
   520888     61792   7726344  0.002  0.000   18.704    2.959    0    0  (Gen:  0)
   521048     72488   7752960  0.002  0.000   18.707    2.960    0    0  (Gen:  0)
   520528    102448   7806000  0.002  0.000   18.710    2.960    0    0  (Gen:  0)
   520208     81936   7836712  0.002  0.000   18.713    2.961    0    0  (Gen:  0)
   520936     97696   7879032  0.002  0.000   18.716    2.961    0    0  (Gen:  0)
   521104     82488   7925864  0.002  0.000   18.719    2.962    0    0  (Gen:  0)
   520392     72400   7994320  0.002  0.000   18.721    2.962    0    0  (Gen:  0)
   520656    110648   8051800  0.002  0.000   18.723    2.963    0    0  (Gen:  0)
   520952     95680   8097528  0.002  0.000   18.727    2.963    0    0  (Gen:  0)
   520224     89576   8182776  0.002  0.000   18.729    2.964    0    0  (Gen:  0)
   520808    111912   8249752  0.002  0.000   18.731    2.964    0    0  (Gen:  0)
   520824    102952   8295832  0.003  0.000   18.735    2.965    0    0  (Gen:  0)
   520256    109816   8334520  0.003  0.000   18.739    2.965    0    0  (Gen:  0)
   520848    137104   8405648  0.002  0.000   18.742    2.966    0    0  (Gen:  0)
   521064    111408   8447776  0.003  0.000   18.745    2.966    0    0  (Gen:  0)
   520808    124280   8501848  0.002  0.000   18.749    2.967    0    0  (Gen:  0)
   520968     97560   8558912  0.002  0.000   18.752    2.968    0    0  (Gen:  0)
   521208    137328   8625368  0.002  0.000   18.755    2.968    0    0  (Gen:  0)
   525304    133384   8694760  0.002  0.000   18.758    2.969    0    0  (Gen:  0)
   520592     98024   8748680  0.003  0.000   18.761    2.969    0    0  (Gen:  0)
   520784    163800   8841568  0.003  0.000   18.765    2.970    0    0  (Gen:  0)
   520680    127208   8916968  0.002  0.000   18.768    2.970    0    0  (Gen:  0)
   520680    115896   8971448  0.003  0.000   18.771    2.971    0    0  (Gen:  0)
   520504    125632   9021600  0.003  0.000   18.775    2.972    0    0  (Gen:  0)
   520720    154200   9097992  0.002  0.000   18.778    2.972    0    0  (Gen:  0)
   521496    121736   9150256  0.003  0.000   18.782    2.973    0    0  (Gen:  0)
   521280    134176   9206160  0.004  0.000   18.787    2.974    0    0  (Gen:  0)
   520656     81104   9280024  0.002  0.000   18.790    2.974    0    0  (Gen:  0)
   521144    154432   9353800  0.002  0.000   18.793    2.975    0    0  (Gen:  0)
   524952    134992   9423448  0.002  0.000   18.796    2.975    0    0  (Gen:  0)
   521168    115728   9489512  0.002  0.000   18.799    2.976    0    0  (Gen:  0)
   521400    164080   9574888  0.002  0.000   18.802    2.976    0    0  (Gen:  0)
   520608    143984   9648576  0.002  0.000   18.805    2.977    0    0  (Gen:  0)
   521032    118504   9712608  0.003  0.000   18.808    2.978    0    0  (Gen:  0)
   521144    158872   9791928  0.002  0.000   18.812    2.978    0    0  (Gen:  0)
   524984    153720   9867152  0.002  0.000   18.815    2.979    0    0  (Gen:  0)
   520504    123984   9929488  0.003  0.000   18.818    2.979    0    0  (Gen:  0)
   520744    180440  10028144  0.002  0.000   18.822    2.980    0    0  (Gen:  0)
   524648    150528  10109520  0.002  0.000   18.824    2.980    0    0  (Gen:  0)
   525584    129536  10169216  0.003  0.000   18.828    2.981    0    0  (Gen:  0)
   533096    138664  10224856  0.003  0.000   18.832    2.982    0    0  (Gen:  0)
   771200    123352  10266312  0.005  0.000   18.838    2.983    0    0  (Gen:  0)
   521032     44528  10285312  0.002  0.000   18.842    2.983    0    0  (Gen:  0)
   520688     81840  10335880  0.002  0.000   18.846    2.984    0    0  (Gen:  0)
   520808     58120  10368192  0.002  0.000   18.849    2.985    0    0  (Gen:  0)
   521320     98008  10423408  0.002  0.000   18.853    2.985    0    0  (Gen:  0)
   520984     92568  10469832  0.002  0.000   18.856    2.986    0    0  (Gen:  0)
   521360     77304  10506272  0.002  0.000   18.860    2.987    0    0  (Gen:  0)
   521016   4940936   5934696  0.013  0.001   18.874    2.989    0    0  (Gen:  1)
   521144    115736   5993600  0.002  0.000   18.878    2.989    0    0  (Gen:  0)
   520912     92488   6028240  0.002  0.000   18.882    2.990    0    0  (Gen:  0)
   521184    108088   6072536  0.002  0.000   18.886    2.991    0    0  (Gen:  0)
   520592     91064   6125560  0.001  0.000   18.889    2.991    0    0  (Gen:  0)
   520784     81432   6202536  0.002  0.000   18.893    2.992    0    0  (Gen:  0)
   521352    121264   6263328  0.002  0.000   18.896    2.993    0    0  (Gen:  0)
   520544    100016   6312552  0.002  0.000   18.900    2.993    0    0  (Gen:  0)
   520936    109792   6353984  0.002  0.000   18.903    2.994    0    0  (Gen:  0)
   520776    134688   6420128  0.002  0.000   18.907    2.995    0    0  (Gen:  0)
   520624    111072   6467352  0.002  0.000   18.910    2.995    0    0  (Gen:  0)
   520544    113920   6509168  0.002  0.000   18.914    2.996    0    0  (Gen:  0)
   521256    142432   6580632  0.002  0.000   18.918    2.997    0    0  (Gen:  0)
   520360    117760   6629032  0.002  0.000   18.921    2.997    0    0  (Gen:  0)
   520960    128088   6684528  0.003  0.000   18.926    2.998    0    0  (Gen:  0)
   520944     92656   6747440  0.002  0.000   18.929    2.999    0    0  (Gen:  0)
   520256    152304   6826048  0.002  0.000   18.933    2.999    0    0  (Gen:  0)
   521488    134136   6892288  0.002  0.000   18.937    3.000    0    0  (Gen:  0)
   521080    109072   6952568  0.002  0.000   18.941    3.001    0    0  (Gen:  0)
   521168    153392   7031088  0.002  0.000   18.945    3.002    0    0  (Gen:  0)
   520320    143624   7099640  0.002  0.000   18.948    3.002    0    0  (Gen:  0)
   521072    115600   7152776  0.002  0.000   18.952    3.003    0    0  (Gen:  0)
   520320    130992   7206824  0.002  0.000   18.956    3.004    0    0  (Gen:  0)
   521008    152336   7283016  0.002  0.000   18.959    3.004    0    0  (Gen:  0)
   520840    127592   7339352  0.002  0.000   18.963    3.005    0    0  (Gen:  0)
   520496    131280   7391984  0.002  0.000   18.967    3.006    0    0  (Gen:  0)
   521184    162360   7473752  0.002  0.000   18.971    3.006    0    0  (Gen:  0)
   520808    134936   7528432  0.003  0.000   18.975    3.007    0    0  (Gen:  0)
   520112    172568   7620304  0.002  0.000   18.979    3.008    0    0  (Gen:  0)
   520256    151504   7695728  0.002  0.000   18.982    3.009    0    0  (Gen:  0)
   520880    175968   7788728  0.002  0.000   18.987    3.009    0    0  (Gen:  0)
   521048    157864   7865376  0.002  0.000   18.991    3.010    0    0  (Gen:  0)
   520952    129712   7933176  0.002  0.000   18.994    3.011    0    0  (Gen:  0)
   520592    169584   8020912  0.002  0.000   18.998    3.011    0    0  (Gen:  0)
   521160    149168   8094848  0.002  0.000   19.003    3.012    0    0  (Gen:  0)
   520584    121528   8159720  0.002  0.000   19.006    3.013    0    0  (Gen:  0)
   520608    140208   8216176  0.002  0.000   19.010    3.014    0    0  (Gen:  0)
   726528    129424   8266440  0.003  0.000   19.015    3.014    0    0  (Gen:  0)
   520792     37608   8284672  0.001  0.000   19.018    3.015    0    0  (Gen:  0)
   520880     71432   8327192  0.002  0.000   19.022    3.016    0    0  (Gen:  0)
   520624     76344   8368752  0.002  0.000   19.025    3.016    0    0  (Gen:  0)
   520672     66176   8394088  0.002  0.000   19.028    3.017    0    0  (Gen:  0)
   520792     86760   8432016  0.002  0.000   19.032    3.018    0    0  (Gen:  0)
   520824     75144   8473952  0.001  0.000   19.035    3.018    0    0  (Gen:  0)
   520944     70264   8540168  0.001  0.000   19.038    3.019    0    0  (Gen:  0)
   520472    103416   8590720  0.002  0.000   19.042    3.020    0    0  (Gen:  0)
   521088     91632   8630504  0.002  0.000   19.045    3.020    0    0  (Gen:  0)
   520344     93256   8664632  0.002  0.000   19.049    3.021    0    0  (Gen:  0)
   520352    122520   8727792  0.002  0.000   19.053    3.022    0    0  (Gen:  0)
   520536    100472   8766824  0.002  0.000   19.056    3.022    0    0  (Gen:  0)
   521048     86600   8849232  0.002  0.000   19.060    3.023    0    0  (Gen:  0)
   521208     95408   8910280  0.002  0.000   19.064    3.024    0    0  (Gen:  0)
   520824    127768   8971352  0.002  0.000   19.068    3.024    0    0  (Gen:  0)
   520584    112800   9028544  0.002  0.000   19.071    3.025    0    0  (Gen:  0)
   520832    104056   9083176  0.002  0.000   19.075    3.026    0    0  (Gen:  0)
   521624    143688   9158480  0.002  0.000   19.079    3.027    0    0  (Gen:  0)
   520752    129800   9221056  0.002  0.000   19.082    3.027    0    0  (Gen:  0)
   521376    106432   9273680  0.002  0.000   19.086    3.028    0    0  (Gen:  0)
   521088    115800   9317808  0.002  0.000   19.090    3.029    0    0  (Gen:  0)
   525360    142080   9390816  0.003  0.000   19.094    3.029    0    0  (Gen:  0)
   521520    114256   9439424  0.002  0.000   19.097    3.030    0    0  (Gen:  0)
   521240    157568   9524784  0.003  0.000   19.102    3.031    0    0  (Gen:  0)
   520496    138256   9597448  0.002  0.000   19.123    3.033    0    0  (Gen:  0)
   520792    119504   9648024  0.002  0.000   19.127    3.034    0    0  (Gen:  0)
   520608    131656   9705344  0.002  0.000   19.131    3.035    0    0  (Gen:  0)
   520864    103936   9773272  0.002  0.000   19.135    3.036    0    0  (Gen:  0)
   521088    161768   9858496  0.002  0.000   19.139    3.037    0    0  (Gen:  0)
   520968    142960   9926040  0.003  0.000   19.143    3.037    0    0  (Gen:  0)
   521408    131304   9993056  0.002  0.000   19.147    3.038    0    0  (Gen:  0)
   521320    166152  10079480  0.002  0.000   19.151    3.039    0    0  (Gen:  0)
   525224    147200  10153168  0.002  0.000   19.155    3.040    0    0  (Gen:  0)
   521176    116312  10214160  0.002  0.000   19.159    3.040    0    0  (Gen:  0)
   521128    131464  10265096  0.002  0.000   19.163    3.041    0    0  (Gen:  0)
   521368     98456  10359392  0.002  0.000   19.166    3.042    0    0  (Gen:  0)
   520648    121920  10418432  0.002  0.000   19.170    3.043    0    0  (Gen:  0)
   520960    132080  10470952  0.002  0.000   19.175    3.044    0    0  (Gen:  0)
   524800    158504  10549760  0.002  0.000   19.178    3.044    0    0  (Gen:  0)
   520720    132264  10608680  0.002  0.000   19.182    3.045    0    0  (Gen:  0)
   520752    138368  10663736  0.002  0.000   19.186    3.046    0    0  (Gen:  0)
   525136    161904  10744552  0.002  0.000   19.190    3.047    0    0  (Gen:  0)
   524904    136968  10801200  0.002  0.000   19.194    3.047    0    0  (Gen:  0)
   556480    144848  10863488  0.002  0.000   19.198    3.048    0    0  (Gen:  0)
   689056     87608  10885336  0.002  0.000   19.202    3.049    0    0  (Gen:  0)
   520992     45216  10902856  0.001  0.000   19.205    3.049    0    0  (Gen:  0)
   520760     66640  10937304  0.002  0.000   19.208    3.050    0    0  (Gen:  0)
   521016     57368  10966368  0.001  0.000   19.212    3.051    0    0  (Gen:  0)
   521272     71344  10990864  0.002  0.000   19.215    3.051    0    0  (Gen:  0)
   520984     98704  11040544  0.002  0.000   19.219    3.052    0    0  (Gen:  0)
   521344     81696  11073560  0.002  0.000   19.222    3.053    0    0  (Gen:  0)
   520912    125008  11145256  0.003  0.000   19.227    3.053    0    0  (Gen:  0)
   521296     78688  11198768  0.001  0.000   19.230    3.054    0    0  (Gen:  0)
   521160    135416  11274304  0.003  0.000   19.234    3.055    0    0  (Gen:  0)
   520768    116768  11342184  0.003  0.000   19.237    3.055    0    0  (Gen:  0)
   520464    100856  11387344  0.002  0.000   19.241    3.056    0    0  (Gen:  0)
   520920    125872  11452416  0.002  0.000   19.244    3.057    0    0  (Gen:  0)
   521360    125976  11513640  0.002  0.000   19.248    3.057    0    0  (Gen:  0)
   520168    103288  11561168  0.002  0.000   19.252    3.058    0    0  (Gen:  0)
   521368    109760  11602808  0.003  0.000   19.255    3.059    0    0  (Gen:  0)
   520776    137848  11670560  0.003  0.000   19.260    3.060    0    0  (Gen:  0)
   520560   5124160   6118032  0.013  0.001   19.275    3.061    0    0  (Gen:  1)
   520856    122224   6168536  0.002  0.000   19.280    3.062    0    0  (Gen:  0)
   520768    103760   6231448  0.002  0.000   19.282    3.063    0    0  (Gen:  0)
   520440    142360   6301280  0.002  0.000   19.286    3.064    0    0  (Gen:  0)
   524952    133512   6367240  0.002  0.000   19.290    3.064    0    0  (Gen:  0)
   521648    114136   6424760  0.002  0.000   19.293    3.065    0    0  (Gen:  0)
   520520    142912   6494928  0.002  0.000   19.297    3.066    0    0  (Gen:  0)
   521488    140720   6565688  0.002  0.000   19.301    3.066    0    0  (Gen:  0)
   521256    117968   6623256  0.002  0.000   19.305    3.067    0    0  (Gen:  0)
   521000    124728   6671280  0.002  0.000   19.308    3.068    0    0  (Gen:  0)
   520168    147752   6741632  0.002  0.000   19.312    3.068    0    0  (Gen:  0)
   520960    120512   6793576  0.002  0.000   19.316    3.069    0    0  (Gen:  0)
   520728    161720   6879360  0.002  0.000   19.320    3.070    0    0  (Gen:  0)
   520648    143216   6958664  0.002  0.000   19.324    3.071    0    0  (Gen:  0)
   521272    131272   7012328  0.002  0.000   19.328    3.071    0    0  (Gen:  0)
   524128    140184   7074144  0.002  0.000   19.332    3.072    0    0  (Gen:  0)
   520984    112784   7146368  0.002  0.000   19.335    3.073    0    0  (Gen:  0)
   521160     98256   7240376  0.002  0.000   19.339    3.073    0    0  (Gen:  0)
   520544    147240   7329672  0.002  0.000   19.342    3.074    0    0  (Gen:  0)
   520504    148760   7400376  0.002  0.000   19.346    3.075    0    0  (Gen:  0)
   520784     94024   7490176  0.002  0.000   19.350    3.075    0    0  (Gen:  0)
   524792    153768   7568672  0.002  0.000   19.354    3.076    0    0  (Gen:  0)
   521160    123176   7634152  0.002  0.000   19.357    3.077    0    0  (Gen:  0)
   521376    139416   7689808  0.002  0.000   19.361    3.078    0    0  (Gen:  0)
   525736    171656   7781648  0.003  0.000   19.365    3.078    0    0  (Gen:  0)
   525016    130464   7842800  0.002  0.000   19.369    3.079    0    0  (Gen:  0)
   529712    140768   7900128  0.002  0.000   19.373    3.080    0    0  (Gen:  0)
   536928    119192   7939440  0.003  0.000   19.377    3.080    0    0  (Gen:  0)
   520792     45528   7958896  0.001  0.000   19.380    3.081    0    0  (Gen:  0)
   520496     84712   8012696  0.002  0.000   19.383    3.081    0    0  (Gen:  0)
   520656     47880   8043912  0.002  0.000   19.385    3.082    0    0  (Gen:  0)
   520784     89912   8089560  0.002  0.000   19.388    3.082    0    0  (Gen:  0)
   521264     94096   8136328  0.002  0.000   19.391    3.083    0    0  (Gen:  0)
   520888     78000   8171432  0.001  0.000   19.394    3.083    0    0  (Gen:  0)
   520800     76736   8243864  0.001  0.000   19.398    3.084    0    0  (Gen:  0)
   520224    103320   8303768  0.001  0.000   19.401    3.084    0    0  (Gen:  0)
   521048     94176   8338960  0.002  0.000   19.404    3.085    0    0  (Gen:  0)
   520496    109024   8383776  0.002  0.000   19.408    3.085    0    0  (Gen:  0)
   520672     88744   8435544  0.001  0.000   19.411    3.086    0    0  (Gen:  0)
   520600    135768   8508448  0.002  0.000   19.414    3.087    0    0  (Gen:  0)
   521256    123736   8570160  0.002  0.000   19.418    3.087    0    0  (Gen:  0)
   520456    102744   8617992  0.002  0.000   19.421    3.088    0    0  (Gen:  0)
   520904    108832   8659256  0.002  0.000   19.424    3.088    0    0  (Gen:  0)
   520696    134600   8725576  0.002  0.000   19.428    3.089    0    0  (Gen:  0)
   520736    113672   8772776  0.002  0.000   19.431    3.089    0    0  (Gen:  0)
   520736    113576   8815824  0.002  0.000   19.435    3.090    0    0  (Gen:  0)
   521056    140208   8886200  0.002  0.000   19.438    3.090    0    0  (Gen:  0)
   520544    117464   8934112  0.002  0.000   19.442    3.091    0    0  (Gen:  0)
   521024    129712   8992256  0.002  0.000   19.445    3.092    0    0  (Gen:  0)
   521104    116056   9054248  0.002  0.000   19.449    3.092    0    0  (Gen:  0)
   520784    156512   9138296  0.002  0.000   19.452    3.093    0    0  (Gen:  0)
   520664    140984   9207128  0.002  0.000   19.456    3.093    0    0  (Gen:  0)
   521576    119224   9264592  0.002  0.000   19.459    3.094    0    0  (Gen:  0)
   521136    152688   9343176  0.002  0.000   19.463    3.094    0    0  (Gen:  0)
   520640    145336   9411184  0.002  0.000   19.466    3.095    0    0  (Gen:  0)
   520584    122576   9464904  0.002  0.000   19.470    3.096    0    0  (Gen:  0)
   521056     95600   9556592  0.001  0.000   19.473    3.096    0    0  (Gen:  0)
   520424    129872   9643632  0.002  0.000   19.476    3.097    0    0  (Gen:  0)
   521200    129088   9700104  0.002  0.000   19.480    3.097    0    0  (Gen:  0)
   520944    131336   9752072  0.002  0.000   19.483    3.098    0    0  (Gen:  0)
   520904    162280   9834136  0.002  0.000   19.487    3.098    0    0  (Gen:  0)
   520560    134216   9888912  0.002  0.000   19.490    3.099    0    0  (Gen:  0)
   520824    175328   9984208  0.003  0.000   19.495    3.100    0    0  (Gen:  0)
   520968    120368  10057720  0.002  0.000   19.498    3.100    0    0  (Gen:  0)
   521224    174608  10149784  0.003  0.000   19.503    3.101    0    0  (Gen:  0)
   521352    108720  10253568  0.002  0.000   19.506    3.102    0    0  (Gen:  0)
   520896    142304  10321152  0.002  0.000   19.509    3.102    0    0  (Gen:  0)
   520648    169184  10408192  0.003  0.000   19.513    3.103    0    0  (Gen:  0)
   520880    151184  10484000  0.002  0.000   19.517    3.103    0    0  (Gen:  0)
   521104    125136  10548640  0.002  0.000   19.520    3.104    0    0  (Gen:  0)
   520680    140776  10604472  0.002  0.000   19.525    3.105    0    0  (Gen:  0)
   685800    160256  10679392  0.002  0.000   19.529    3.105    0    0  (Gen:  0)
   521032    136840  10745944  0.002  0.000   19.533    3.106    0    0  (Gen:  0)
   520992    185376  10847568  0.002  0.000   19.538    3.107    0    0  (Gen:  0)
   521032    127456  10935968  0.002  0.000   19.542    3.107    0    0  (Gen:  0)
   520848    130800  10998872  0.002  0.000   19.546    3.108    0    0  (Gen:  0)
   520640    140880  11056408  0.002  0.000   19.550    3.109    0    0  (Gen:  0)
   520296    165184  11139112  0.002  0.000   19.555    3.110    0    0  (Gen:  0)
   520424    140344  11200536  0.002  0.000   19.559    3.110    0    0  (Gen:  0)
   521224    182512  11300336  0.002  0.000   19.564    3.111    0    0  (Gen:  0)
   520488    150528  11387944  0.002  0.000   19.568    3.112    0    0  (Gen:  0)
   520720    146816  11448968  0.002  0.000   19.572    3.112    0    0  (Gen:  0)
   521192    156808  11516688  0.002  0.000   19.576    3.113    0    0  (Gen:  0)
   521032    143960  11594320  0.002  0.000   19.580    3.114    0    0  (Gen:  0)
   521000    186664  11694328  0.002  0.000   19.584    3.115    0    0  (Gen:  0)
   520880    159960  11791296  0.002  0.000   19.589    3.115    0    0  (Gen:  0)
   521432    141240  11861696  0.002  0.000   19.593    3.116    0    0  (Gen:  0)
   520848    176592  11953688  0.002  0.000   19.597    3.117    0    0  (Gen:  0)
   520632    178632  12059712  0.003  0.000   19.602    3.117    0    0  (Gen:  0)
   520416   5110392   6096184  0.017  0.002   19.621    3.120    0    0  (Gen:  1)
   521504    172440   6182104  0.003  0.000   19.626    3.121    0    0  (Gen:  0)
   521024    176000   6275160  0.003  0.000   19.630    3.121    0    0  (Gen:  0)
   521136    141288   6345088  0.003  0.000   19.635    3.122    0    0  (Gen:  0)
   521504    150552   6406344  0.004  0.000   19.641    3.123    0    0  (Gen:  0)
   524856    181456   6502944  0.003  0.000   19.645    3.123    0    0  (Gen:  0)
   520840    144560   6569336  0.003  0.000   19.650    3.124    0    0  (Gen:  0)
   520608    193016   6672824  0.003  0.000   19.655    3.125    0    0  (Gen:  0)
   520856    158544   6760808  0.003  0.000   19.659    3.126    0    0  (Gen:  0)
   520760    144608   6828040  0.003  0.000   19.664    3.126    0    0  (Gen:  0)
   520840    153296   6892976  0.004  0.000   19.669    3.127    0    0  (Gen:  0)
   521360    185720   6989544  0.003  0.000   19.674    3.128    0    0  (Gen:  0)
   520872    148824   7056264  0.004  0.000   19.679    3.129    0    0  (Gen:  0)
   521120    157376   7122024  0.004  0.000   19.684    3.129    0    0  (Gen:  0)
   521328    173960   7209384  0.003  0.000   19.688    3.130    0    0  (Gen:  0)
   521352    158920   7277264  0.004  0.000   19.694    3.131    0    0  (Gen:  0)
   525488    185648   7371720  0.004  0.000   19.699    3.132    0    0  (Gen:  0)
   520288    115600   7453208  0.003  0.000   19.704    3.132    0    0  (Gen:  0)
   520768    185080   7547736  0.003  0.000   19.708    3.133    0    0  (Gen:  0)
   520712    160056   7629448  0.003  0.000   19.713    3.134    0    0  (Gen:  0)
   520616    130632   7709584  0.003  0.000   19.717    3.134    0    0  (Gen:  0)
   521160    178072   7794656  0.003  0.000   19.722    3.135    0    0  (Gen:  0)
   524848    163568   7880440  0.003  0.000   19.726    3.136    0    0  (Gen:  0)
   521128    130040   7955544  0.003  0.000   19.730    3.136    0    0  (Gen:  0)
   520640    184520   8048336  0.003  0.000   19.735    3.137    0    0  (Gen:  0)
   523952    169832   8132648  0.003  0.000   19.739    3.138    0    0  (Gen:  0)
   520904    133480   8207000  0.003  0.000   19.744    3.139    0    0  (Gen:  0)
   529872    185040   8299952  0.003  0.000   19.748    3.139    0    0  (Gen:  0)
   990096    143424   8358424  0.003  0.000   19.753    3.140    0    0  (Gen:  0)
   520832     38072   8378008  0.002  0.000   19.756    3.141    0    0  (Gen:  0)
   520696     64808   8417096  0.002  0.000   19.760    3.141    0    0  (Gen:  0)
   521312     72280   8454352  0.002  0.000   19.763    3.142    0    0  (Gen:  0)
   521040     63336   8480616  0.002  0.000   19.766    3.142    0    0  (Gen:  0)
   520336     72336   8505264  0.002  0.000   19.770    3.143    0    0  (Gen:  0)
   521128    102552   8560504  0.002  0.000   19.774    3.143    0    0  (Gen:  0)
   521024     82256   8589712  0.002  0.000   19.778    3.144    0    0  (Gen:  0)
   520896    101856   8635760  0.002  0.000   19.781    3.144    0    0  (Gen:  0)
   520552     87856   8680792  0.002  0.000   19.785    3.145    0    0  (Gen:  0)
   520680    120000   8741616  0.002  0.000   19.789    3.146    0    0  (Gen:  0)
   521440    118480   8800272  0.002  0.000   19.792    3.146    0    0  (Gen:  0)
   521336     92704   8840664  0.002  0.000   19.797    3.147    0    0  (Gen:  0)
   520232    143304   8922448  0.002  0.000   19.800    3.148    0    0  (Gen:  0)
   520768    121064   8990000  0.003  0.000   19.804    3.148    0    0  (Gen:  0)
   520752    106376   9033896  0.003  0.000   19.809    3.149    0    0  (Gen:  0)
   521096    116904   9081880  0.002  0.000   19.812    3.149    0    0  (Gen:  0)
   520472     99520   9143280  0.002  0.000   19.816    3.150    0    0  (Gen:  0)
   520952    151048   9225680  0.002  0.000   19.820    3.151    0    0  (Gen:  0)
   520376    124112   9288592  0.002  0.000   19.824    3.151    0    0  (Gen:  0)
   521232    109104   9346048  0.003  0.000   19.828    3.152    0    0  (Gen:  0)
   521128    144128   9416736  0.003  0.000   19.833    3.153    0    0  (Gen:  0)
   718392    114400   9464944  0.003  0.000   19.837    3.153    0    0  (Gen:  0)
   520768     38576   9484872  0.002  0.000   19.840    3.154    0    0  (Gen:  0)
   520120     53752   9534192  0.001  0.000   19.843    3.155    0    0  (Gen:  0)
   520848     69800   9573584  0.002  0.000   19.847    3.155    0    0  (Gen:  0)
   520536     65704   9600200  0.002  0.000   19.851    3.156    0    0  (Gen:  0)
   519976     86232   9636808  0.002  0.000   19.854    3.156    0    0  (Gen:  0)
   520344     76128   9676328  0.002  0.000   19.858    3.157    0    0  (Gen:  0)
   521288    113976   9737136  0.003  0.000   19.862    3.158    0    0  (Gen:  0)
   521504    103976   9789096  0.002  0.000   19.865    3.158    0    0  (Gen:  0)
   521384     84688   9830696  0.003  0.000   19.869    3.159    0    0  (Gen:  0)
   521352     94840   9865280  0.003  0.000   19.874    3.160    0    0  (Gen:  0)
   525368    126296   9929152  0.002  0.000   19.878    3.161    0    0  (Gen:  0)
   520336     97688   9968256  0.003  0.000   19.882    3.161    0    0  (Gen:  0)
   520872    142184  10045984  0.003  0.000   19.888    3.162    0    0  (Gen:  0)
   521040     86232  10103312  0.002  0.000   19.892    3.163    0    0  (Gen:  0)
   520608    145680  10182208  0.002  0.000   19.896    3.164    0    0  (Gen:  0)
   525384    131544  10248200  0.002  0.000   19.900    3.164    0    0  (Gen:  0)
   521272    100944  10303288  0.003  0.000   19.904    3.165    0    0  (Gen:  0)
   521120    139840  10374392  0.002  0.000   19.908    3.166    0    0  (Gen:  0)
   524992    131640  10437944  0.002  0.000   19.913    3.167    0    0  (Gen:  0)
   525040    118368  10498848  0.002  0.000   19.917    3.167    0    0  (Gen:  0)
   533432    107288  10558176  0.002  0.000   19.921    3.168    0    0  (Gen:  0)
   755184    108304  10594176  0.002  0.000   19.925    3.169    0    0  (Gen:  0)
   521016     43672  10613192  0.002  0.000   19.928    3.169    0    0  (Gen:  0)
   520424     82104  10664536  0.002  0.000   19.932    3.170    0    0  (Gen:  0)
   520896     53888  10697976  0.002  0.000   19.936    3.171    0    0  (Gen:  0)
   521056    100984  10755392  0.002  0.000   19.939    3.171    0    0  (Gen:  0)
   520480     94104  10801016  0.002  0.000   19.943    3.172    0    0  (Gen:  0)
   520856     78688  10836672  0.002  0.000   19.947    3.173    0    0  (Gen:  0)
   520584    120904  10903944  0.002  0.000   19.951    3.173    0    0  (Gen:  0)
   520888    110448  10962944  0.002  0.000   19.955    3.174    0    0  (Gen:  0)
   520808     91128  10999472  0.003  0.000   19.959    3.175    0    0  (Gen:  0)
   521128    107632  11043408  0.002  0.000   19.963    3.175    0    0  (Gen:  0)
   521560     91864  11095424  0.002  0.000   19.967    3.176    0    0  (Gen:  0)
   521016    136656  11169440  0.002  0.000   19.971    3.177    0    0  (Gen:  0)
   520456    117040  11230600  0.002  0.000   19.975    3.178    0    0  (Gen:  0)
   521272     97016  11278256  0.002  0.000   19.979    3.178    0    0  (Gen:  0)
   520792    109320  11320168  0.003  0.000   19.983    3.179    0    0  (Gen:  0)
   520792    132744  11386248  0.002  0.000   19.987    3.180    0    0  (Gen:  0)
   520368    106080  11433944  0.003  0.000   19.992    3.180    0    0  (Gen:  0)
   520768    114048  11475832  0.003  0.000   19.997    3.181    0    0  (Gen:  0)
   520552    145904  11550168  0.003  0.000   20.001    3.182    0    0  (Gen:  0)
   521008    115752  11600360  0.003  0.000   20.005    3.183    0    0  (Gen:  0)
   611184    122880  11692024  0.003  0.000   20.010    3.184    0    0  (Gen:  0)
   849976     32648  11676016  0.001  0.000   20.013    3.184    0    0  (Gen:  0)
   520896     47608  11695960  0.002  0.000   20.016    3.185    0    0  (Gen:  0)
   520712     83192  11748720  0.002  0.000   20.020    3.185    0    0  (Gen:  0)
   520768     50816  11781992  0.002  0.000   20.024    3.186    0    0  (Gen:  0)
   520472    100936  11839808  0.002  0.000   20.027    3.186    0    0  (Gen:  0)
   521032     96872  11887192  0.002  0.000   20.031    3.187    0    0  (Gen:  0)
   520808     77008  11922976  0.002  0.000   20.035    3.187    0    0  (Gen:  0)
   520784   4140576   5134456  0.011  0.001   20.047    3.189    0    0  (Gen:  1)
   520992    115192   5194656  0.002  0.000   20.051    3.189    0    0  (Gen:  0)
   520616     88904   5227728  0.002  0.000   20.054    3.190    0    0  (Gen:  0)
   520968    103888   5271200  0.002  0.000   20.057    3.191    0    0  (Gen:  0)
   520592     99936   5326944  0.002  0.000   20.060    3.191    0    0  (Gen:  0)
   520280    141928   5404008  0.002  0.000   20.064    3.192    0    0  (Gen:  0)
   520992    123296   5464752  0.002  0.000   20.067    3.192    0    0  (Gen:  0)
   520864    103168   5513216  0.002  0.000   20.071    3.193    0    0  (Gen:  0)
   520168    132016   5578840  0.002  0.000   20.074    3.193    0    0  (Gen:  0)
   520760    129192   5643288  0.002  0.000   20.077    3.194    0    0  (Gen:  0)
   521000    107800   5691288  0.002  0.000   20.081    3.195    0    0  (Gen:  0)
   520608    150496   5771624  0.003  0.000   20.085    3.195    0    0  (Gen:  0)
   521240    124112   5841448  0.002  0.000   20.089    3.196    0    0  (Gen:  0)
   521040    114280   5889992  0.002  0.000   20.092    3.196    0    0  (Gen:  0)
   525064    123992   5942576  0.003  0.000   20.097    3.197    0    0  (Gen:  0)
   520848     88448   6008240  0.001  0.000   20.100    3.198    0    0  (Gen:  0)
   521096    150512   6085680  0.002  0.000   20.103    3.198    0    0  (Gen:  0)
   520416    134024   6151216  0.002  0.000   20.107    3.199    0    0  (Gen:  0)
   520848    121000   6210816  0.002  0.000   20.110    3.199    0    0  (Gen:  0)
   520408    150328   6286400  0.002  0.000   20.113    3.200    0    0  (Gen:  0)
   520544    145096   6357712  0.002  0.000   20.117    3.201    0    0  (Gen:  0)
   521448    111536   6414776  0.002  0.000   20.121    3.201    0    0  (Gen:  0)
   521248    129896   6466776  0.002  0.000   20.125    3.202    0    0  (Gen:  0)
   520848    149976   6540416  0.002  0.000   20.128    3.203    0    0  (Gen:  0)
   520712    128016   6600208  0.002  0.000   20.132    3.203    0    0  (Gen:  0)
   521192    132512   6653928  0.002  0.000   20.136    3.204    0    0  (Gen:  0)
   525608    158600   6732744  0.002  0.000   20.139    3.204    0    0  (Gen:  0)
   521192    131968   6789488  0.002  0.000   20.143    3.205    0    0  (Gen:  0)
   520480    170256   6879368  0.003  0.000   20.147    3.206    0    0  (Gen:  0)
   521088    150712   6956040  0.002  0.000   20.150    3.206    0    0  (Gen:  0)
   521224    168552   7043648  0.002  0.000   20.154    3.207    0    0  (Gen:  0)
   525048    139368   7130032  0.003  0.000   20.158    3.208    0    0  (Gen:  0)
   520864    104032   7198048  0.002  0.000   20.161    3.208    0    0  (Gen:  0)
   520456    170784   7288520  0.002  0.000   20.165    3.209    0    0  (Gen:  0)
   524424    150136   7361680  0.002  0.000   20.169    3.209    0    0  (Gen:  0)
   521424    119600   7427640  0.002  0.000   20.172    3.210    0    0  (Gen:  0)
   529152    167512   7513664  0.002  0.000   20.176    3.211    0    0  (Gen:  0)
   779408    129968   7567024  0.003  0.000   20.181    3.211    0    0  (Gen:  0)
   520760     37496   7587360  0.001  0.000   20.183    3.212    0    0  (Gen:  0)
   520800     81424   7640672  0.002  0.000   20.187    3.213    0    0  (Gen:  0)
   520840     78688   7681832  0.002  0.000   20.190    3.213    0    0  (Gen:  0)
   521248     67376   7707488  0.001  0.000   20.193    3.214    0    0  (Gen:  0)
   521368     83896   7742144  0.002  0.000   20.197    3.214    0    0  (Gen:  0)
   521112     75056   7784688  0.001  0.000   20.200    3.215    0    0  (Gen:  0)
   521184    116056   7847360  0.002  0.000   20.204    3.216    0    0  (Gen:  0)
   521048    104536   7899144  0.002  0.000   20.207    3.216    0    0  (Gen:  0)
   520960     86048   7942440  0.002  0.000   20.211    3.217    0    0  (Gen:  0)
   520912     96560   7978160  0.002  0.000   20.214    3.218    0    0  (Gen:  0)
   520896    131208   8048512  0.002  0.000   20.217    3.218    0    0  (Gen:  0)
   520472    100688   8087344  0.002  0.000   20.221    3.219    0    0  (Gen:  0)
   521344    143680   8167280  0.003  0.000   20.226    3.220    0    0  (Gen:  0)
   520960     67240   8227248  0.001  0.000   20.229    3.221    0    0  (Gen:  0)
   520472    126984   8287416  0.002  0.000   20.233    3.221    0    0  (Gen:  0)
   521400    119712   8349160  0.002  0.000   20.236    3.222    0    0  (Gen:  0)
   520704    113616   8403080  0.002  0.000   20.240    3.223    0    0  (Gen:  0)
   520208    142600   8477576  0.002  0.000   20.243    3.223    0    0  (Gen:  0)
   520696    133752   8544080  0.002  0.000   20.247    3.224    0    0  (Gen:  0)
   520912    116904   8597912  0.002  0.000   20.251    3.225    0    0  (Gen:  0)
   520792    118696   8641952  0.002  0.000   20.254    3.226    0    0  (Gen:  0)
   521152    154208   8722736  0.002  0.000   20.258    3.226    0    0  (Gen:  0)
   520504    118776   8769424  0.002  0.000   20.262    3.227    0    0  (Gen:  0)
   521048    143472   8840224  0.002  0.000   20.266    3.228    0    0  (Gen:  0)
   520944    138176   8914408  0.002  0.000   20.269    3.228    0    0  (Gen:  0)
   521296    121928   8963832  0.002  0.000   20.273    3.229    0    0  (Gen:  0)
   520936    134912   9023032  0.002  0.000   20.277    3.230    0    0  (Gen:  0)
   520280    119632   9085248  0.002  0.000   20.280    3.231    0    0  (Gen:  0)
   520576    163304   9174576  0.002  0.000   20.284    3.231    0    0  (Gen:  0)
   520856    135840   9241424  0.002  0.000   20.288    3.232    0    0  (Gen:  0)
   520872    117584   9306344  0.002  0.000   20.292    3.233    0    0  (Gen:  0)
   520952    155352   9383664  0.002  0.000   20.296    3.234    0    0  (Gen:  0)
   520656    152832   9461168  0.002  0.000   20.300    3.234    0    0  (Gen:  0)
   520864    122720   9519800  0.002  0.000   20.304    3.235    0    0  (Gen:  0)
   520648    173544   9615912  0.002  0.000   20.308    3.236    0    0  (Gen:  0)
   520056    159992   9697120  0.002  0.000   20.312    3.237    0    0  (Gen:  0)
   520496    139128   9759664  0.002  0.000   20.315    3.237    0    0  (Gen:  0)
   520520    137472   9814888  0.002  0.000   20.319    3.238    0    0  (Gen:  0)
   521904    170576   9902128  0.002  0.000   20.323    3.239    0    0  (Gen:  0)
   520560    136896   9962272  0.002  0.000   20.327    3.240    0    0  (Gen:  0)
   520928    175432  10054760  0.004  0.000   20.333    3.241    0    0  (Gen:  0)
   520448     92640  10131088  0.002  0.000   20.337    3.241    0    0  (Gen:  0)
   520904    159800  10207352  0.002  0.000   20.341    3.242    0    0  (Gen:  0)
   726248   4793584   5787520  0.011  0.001   20.353    3.244    0    0  (Gen:  1)
   520592     99304   5808112  0.002  0.000   20.357    3.244    0    0  (Gen:  0)
   521456     48000   5851648  0.001  0.000   20.360    3.245    0    0  (Gen:  0)
   520032     69608   5888032  0.002  0.000   20.363    3.246    0    0  (Gen:  0)
   520968     61272   5915816  0.001  0.000   20.366    3.246    0    0  (Gen:  0)
   521248     72272   5941600  0.002  0.000   20.370    3.247    0    0  (Gen:  0)
   520200    102032   5994280  0.002  0.000   20.373    3.247    0    0  (Gen:  0)
   521280     83904   6025488  0.001  0.000   20.376    3.248    0    0  (Gen:  0)
   520504    126296   6099096  0.003  0.000   20.381    3.249    0    0  (Gen:  0)
   521056     73704   6148056  0.001  0.000   20.384    3.249    0    0  (Gen:  0)
   520504    129752   6219320  0.002  0.000   20.387    3.250    0    0  (Gen:  0)
   520272    110400   6274336  0.002  0.000   20.391    3.251    0    0  (Gen:  0)
   520544     97088   6321968  0.001  0.000   20.394    3.251    0    0  (Gen:  0)
   520824    145192   6402168  0.002  0.000   20.398    3.252    0    0  (Gen:  0)
   521152    129192   6469888  0.002  0.000   20.402    3.253    0    0  (Gen:  0)
   521184    108408   6515976  0.002  0.000   20.405    3.253    0    0  (Gen:  0)
   520464    109280   6556048  0.002  0.000   20.409    3.254    0    0  (Gen:  0)
   520560    134664   6623600  0.002  0.000   20.412    3.255    0    0  (Gen:  0)
   521392    111928   6667424  0.002  0.000   20.416    3.256    0    0  (Gen:  0)
   521048    151408   6748792  0.002  0.000   20.420    3.256    0    0  (Gen:  0)
   521144    111688   6809296  0.002  0.000   20.423    3.257    0    0  (Gen:  0)
   521296    153176   6891816  0.002  0.000   20.426    3.258    0    0  (Gen:  0)
   525120    120560   6957288  0.002  0.000   20.430    3.258    0    0  (Gen:  0)
   521744    118536   7013768  0.002  0.000   20.433    3.259    0    0  (Gen:  0)
   520776    144312   7086472  0.002  0.000   20.437    3.260    0    0  (Gen:  0)
   521040    140864   7152912  0.002  0.000   20.440    3.260    0    0  (Gen:  0)
   520768    117744   7210072  0.002  0.000   20.444    3.261    0    0  (Gen:  0)
   520464    125712   7258272  0.002  0.000   20.448    3.262    0    0  (Gen:  0)
   520976    151192   7331480  0.002  0.000   20.451    3.262    0    0  (Gen:  0)
   521240    121184   7386392  0.002  0.000   20.455    3.263    0    0  (Gen:  0)
   521008    167872   7476720  0.002  0.000   20.458    3.264    0    0  (Gen:  0)
   521168    152952   7554680  0.002  0.000   20.463    3.265    0    0  (Gen:  0)
   521096    134536   7611032  0.002  0.000   20.467    3.265    0    0  (Gen:  0)
   525520    136944   7669336  0.002  0.000   20.470    3.266    0    0  (Gen:  0)
   521264    125128   7741520  0.002  0.000   20.474    3.267    0    0  (Gen:  0)
   520832    169152   7832368  0.002  0.000   20.478    3.267    0    0  (Gen:  0)
   521312    149296   7901728  0.002  0.000   20.481    3.268    0    0  (Gen:  0)
   521336    133496   7970824  0.002  0.000   20.485    3.269    0    0  (Gen:  0)
   520792    168656   8058960  0.002  0.000   20.489    3.270    0    0  (Gen:  0)
   524624    164304   8157520  0.002  0.000   20.493    3.270    0    0  (Gen:  0)
   520736    137840   8221496  0.002  0.000   20.496    3.271    0    0  (Gen:  0)
   520824    160752   8301152  0.002  0.000   20.500    3.272    0    0  (Gen:  0)
   524632    154880   8377064  0.002  0.000   20.504    3.272    0    0  (Gen:  0)
   525224    136888   8439136  0.002  0.000   20.507    3.273    0    0  (Gen:  0)
   529168    140632   8495896  0.002  0.000   20.511    3.274    0    0  (Gen:  0)
   718112    124280   8541912  0.003  0.000   20.516    3.275    0    0  (Gen:  0)
   520400     40280   8562168  0.001  0.000   20.519    3.275    0    0  (Gen:  0)
   520744     52904   8611000  0.001  0.000   20.522    3.276    0    0  (Gen:  0)
   520672     71200   8653384  0.001  0.000   20.525    3.277    0    0  (Gen:  0)
   520912     66080   8677608  0.001  0.000   20.528    3.277    0    0  (Gen:  0)
   520672     91208   8719744  0.002  0.000   20.531    3.278    0    0  (Gen:  0)
   521184     81128   8756416  0.001  0.000   20.534    3.278    0    0  (Gen:  0)
   521200    105504   8808000  0.001  0.000   20.537    3.279    0    0  (Gen:  0)
   521160    109304   8863320  0.002  0.000   20.540    3.280    0    0  (Gen:  0)
   520664     92232   8904496  0.002  0.000   20.543    3.280    0    0  (Gen:  0)
   521160     96984   8938368  0.002  0.000   20.547    3.281    0    0  (Gen:  0)
   520752    123456   9002312  0.002  0.000   20.550    3.282    0    0  (Gen:  0)
   520624    100352   9039624  0.002  0.000   20.554    3.282    0    0  (Gen:  0)
   521408    143792   9118952  0.002  0.000   20.558    3.283    0    0  (Gen:  0)
   520720    116576   9170920  0.002  0.000   20.561    3.284    0    0  (Gen:  0)
   520408    137824   9243112  0.002  0.000   20.565    3.284    0    0  (Gen:  0)
   521512    126384   9307920  0.002  0.000   20.568    3.285    0    0  (Gen:  0)
   520600    112104   9358320  0.002  0.000   20.572    3.286    0    0  (Gen:  0)
   520408    152800   9441328  0.002  0.000   20.576    3.287    0    0  (Gen:  0)
   520712    139568   9512320  0.002  0.000   20.580    3.287    0    0  (Gen:  0)
   520720    121608   9564104  0.002  0.000   20.583    3.288    0    0  (Gen:  0)
   520776    117632   9607480  0.002  0.000   20.587    3.289    0    0  (Gen:  0)
   525384    147720   9682592  0.002  0.000   20.590    3.289    0    0  (Gen:  0)
   521112    119712   9729304  0.002  0.000   20.594    3.290    0    0  (Gen:  0)
   521072    159968   9816488  0.003  0.000   20.599    3.291    0    0  (Gen:  0)
   520984    105056   9880320  0.002  0.000   20.602    3.292    0    0  (Gen:  0)
   521160     92336   9968648  0.002  0.000   20.606    3.292    0    0  (Gen:  0)
   520736    156240  10064840  0.002  0.000   20.610    3.293    0    0  (Gen:  0)
   520632    113760  10121680  0.002  0.000   20.614    3.294    0    0  (Gen:  0)
   520456    153280  10199384  0.002  0.000   20.618    3.295    0    0  (Gen:  0)
   520888    162752  10292896  0.002  0.000   20.622    3.295    0    0  (Gen:  0)
   520888    129992  10354080  0.002  0.000   20.625    3.296    0    0  (Gen:  0)
   520904    130088  10405608  0.002  0.000   20.629    3.297    0    0  (Gen:  0)
   524416    158600  10484112  0.002  0.000   20.633    3.298    0    0  (Gen:  0)
   521224    126616  10541272  0.002  0.000   20.637    3.298    0    0  (Gen:  0)
   520608    170480  10633408  0.002  0.000   20.640    3.299    0    0  (Gen:  0)
   520544    161408  10715848  0.002  0.000   20.644    3.300    0    0  (Gen:  0)
   520840    139840  10774728  0.002  0.000   20.648    3.301    0    0  (Gen:  0)
   524800    141952  10834352  0.003  0.000   20.653    3.301    0    0  (Gen:  0)
   521160    107368  10910352  0.002  0.000   20.656    3.302    0    0  (Gen:  0)
   521104    172968  11001488  0.002  0.000   20.660    3.303    0    0  (Gen:  0)
   525632    136496  11073128  0.002  0.000   20.665    3.304    0    0  (Gen:  0)
   520768    113984  11142624  0.002  0.000   20.668    3.304    0    0  (Gen:  0)
   529784    162808  11222832  0.002  0.000   20.672    3.305    0    0  (Gen:  0)
   541552    129640  11274872  0.003  0.000   20.677    3.306    0    0  (Gen:  0)
   520704     37280  11293784  0.001  0.000   20.679    3.306    0    0  (Gen:  0)
   520728     75472  11341040  0.002  0.000   20.683    3.307    0    0  (Gen:  0)
   520320   4053832   5039600  0.010  0.001   20.694    3.308    0    0  (Gen:  1)
   520744     97184   5094840  0.001  0.000   20.698    3.309    0    0  (Gen:  0)
   521128     79552   5134672  0.001  0.000   20.701    3.309    0    0  (Gen:  0)
   521112     83448   5175784  0.001  0.000   20.703    3.310    0    0  (Gen:  0)
   520800    117504   5239336  0.002  0.000   20.706    3.310    0    0  (Gen:  0)
   520400    108312   5292344  0.002  0.000   20.710    3.311    0    0  (Gen:  0)
   520640     89752   5334000  0.001  0.000   20.713    3.311    0    0  (Gen:  0)
   520512     97336   5369784  0.002  0.000   20.716    3.312    0    0  (Gen:  0)
   520880    122288   5431736  0.002  0.000   20.719    3.312    0    0  (Gen:  0)
   520528    100640   5470432  0.002  0.000   20.722    3.313    0    0  (Gen:  0)
   521328    146696   5552976  0.002  0.000   20.726    3.313    0    0  (Gen:  0)
   520792     75856   5610048  0.001  0.000   20.729    3.314    0    0  (Gen:  0)
   520592    129000   5672744  0.002  0.000   20.732    3.315    0    0  (Gen:  0)
   520760    124752   5734624  0.002  0.000   20.736    3.315    0    0  (Gen:  0)
   520576    106336   5787632  0.002  0.000   20.739    3.316    0    0  (Gen:  0)
   520736    140144   5860192  0.002  0.000   20.742    3.316    0    0  (Gen:  0)
   521000    144200   5939952  0.002  0.000   20.746    3.317    0    0  (Gen:  0)
   520976    115976   5993872  0.002  0.000   20.749    3.317    0    0  (Gen:  0)
   520504    118296   6037680  0.002  0.000   20.752    3.318    0    0  (Gen:  0)
   521312    146272   6110952  0.002  0.000   20.756    3.318    0    0  (Gen:  0)
   520816    118408   6158560  0.002  0.000   20.759    3.319    0    0  (Gen:  0)
   520760    157432   6244504  0.004  0.000   20.764    3.320    0    0  (Gen:  0)
   521048     74040   6314072  0.001  0.000   20.767    3.320    0    0  (Gen:  0)
   521600    143816   6384096  0.002  0.000   20.771    3.321    0    0  (Gen:  0)
   520904    133336   6450528  0.002  0.000   20.775    3.321    0    0  (Gen:  0)
   520504    119424   6510240  0.002  0.000   20.778    3.322    0    0  (Gen:  0)
   520632    158616   6593904  0.002  0.000   20.781    3.323    0    0  (Gen:  0)
   520816    140376   6662624  0.002  0.000   20.785    3.323    0    0  (Gen:  0)
   520872    118440   6725360  0.002  0.000   20.788    3.324    0    0  (Gen:  0)
   521512    154320   6800672  0.002  0.000   20.792    3.324    0    0  (Gen:  0)
   520672    155448   6877952  0.002  0.000   20.795    3.325    0    0  (Gen:  0)
   520208    125584   6935168  0.002  0.000   20.798    3.325    0    0  (Gen:  0)
   520968    163608   7021144  0.002  0.000   20.802    3.326    0    0  (Gen:  0)
   520872    155832   7102744  0.002  0.000   20.806    3.327    0    0  (Gen:  0)
   521008    138576   7164184  0.002  0.000   20.809    3.327    0    0  (Gen:  0)
   521544    139192   7220416  0.002  0.000   20.813    3.328    0    0  (Gen:  0)
   520832    166848   7302440  0.002  0.000   20.816    3.328    0    0  (Gen:  0)
   520968    139400   7361768  0.002  0.000   20.820    3.329    0    0  (Gen:  0)
   520872    144472   7422328  0.002  0.000   20.823    3.330    0    0  (Gen:  0)
   520960    133352   7496712  0.002  0.000   20.827    3.330    0    0  (Gen:  0)
   520864    161872   7574888  0.002  0.000   20.830    3.331    0    0  (Gen:  0)
   685504    142920   7644776  0.002  0.000   20.834    3.331    0    0  (Gen:  0)
   521104    119560   7717216  0.002  0.000   20.838    3.332    0    0  (Gen:  0)
   521240    176648   7812152  0.002  0.000   20.841    3.333    0    0  (Gen:  0)
   520928    152600   7885848  0.002  0.000   20.845    3.333    0    0  (Gen:  0)
   520608    130800   7952688  0.002  0.000   20.848    3.334    0    0  (Gen:  0)
   521072    170896   8041992  0.002  0.000   20.852    3.334    0    0  (Gen:  0)
   520280    155080   8118672  0.002  0.000   20.856    3.335    0    0  (Gen:  0)
   520280    126704   8187840  0.002  0.000   20.859    3.336    0    0  (Gen:  0)
   520872    143160   8244664  0.002  0.000   20.863    3.336    0    0  (Gen:  0)
   520968    168120   8326968  0.002  0.000   20.866    3.337    0    0  (Gen:  0)
   520408    142680   8393840  0.002  0.000   20.870    3.337    0    0  (Gen:  0)
   521248    147768   8454008  0.002  0.000   20.874    3.338    0    0  (Gen:  0)
   520760    169832   8538976  0.002  0.000   20.877    3.339    0    0  (Gen:  0)
   521320    138784   8599872  0.002  0.000   20.881    3.339    0    0  (Gen:  0)
   520864    182120   8698648  0.002  0.000   20.885    3.340    0    0  (Gen:  0)
   521152    170880   8785488  0.002  0.000   20.888    3.341    0    0  (Gen:  0)
   521384    144784   8848312  0.002  0.000   20.892    3.341    0    0  (Gen:  0)
   520528    152720   8910824  0.002  0.000   20.895    3.342    0    0  (Gen:  0)
   520504    164200   8993760  0.002  0.000   20.899    3.342    0    0  (Gen:  0)
   520744    104648   9094304  0.002  0.000   20.902    3.343    0    0  (Gen:  0)
   521568    138280   9168392  0.002  0.000   20.906    3.344    0    0  (Gen:  0)
   521000    123512   9244656  0.002  0.000   20.909    3.344    0    0  (Gen:  0)
   521256    170232   9326680  0.002  0.000   20.913    3.345    0    0  (Gen:  0)
   525264    157760   9407488  0.003  0.000   20.917    3.345    0    0  (Gen:  0)
   520632    122528   9483384  0.002  0.000   20.920    3.346    0    0  (Gen:  0)
   520776    186112   9581304  0.002  0.000   20.924    3.347    0    0  (Gen:  0)
   520784    171400   9676704  0.002  0.000   20.928    3.347    0    0  (Gen:  0)
   520840    141920   9747816  0.002  0.000   20.932    3.348    0    0  (Gen:  0)
   521344    182120   9840960  0.002  0.000   20.935    3.349    0    0  (Gen:  0)
   520904    175056   9924208  0.002  0.000   20.939    3.349    0    0  (Gen:  0)
   520752    140896   9996568  0.002  0.000   20.943    3.350    0    0  (Gen:  0)
   520872   5329912   6315760  0.013  0.001   20.958    3.352    0    0  (Gen:  1)
   521720    173704   6399752  0.002  0.000   20.962    3.352    0    0  (Gen:  0)
   520872    152576   6473040  0.002  0.000   20.966    3.353    0    0  (Gen:  0)
   521464    156504   6537656  0.002  0.000   20.970    3.354    0    0  (Gen:  0)
   525008    179896   6626256  0.002  0.000   20.973    3.354    0    0  (Gen:  0)
   520416    151232   6697544  0.002  0.000   20.977    3.355    0    0  (Gen:  0)
   520536    187768   6793368  0.002  0.000   20.981    3.356    0    0  (Gen:  0)
   520776    181464   6887880  0.002  0.000   20.985    3.356    0    0  (Gen:  0)
   520896    155344   6954648  0.002  0.000   20.988    3.357    0    0  (Gen:  0)
   521016    156672   7020256  0.002  0.000   20.992    3.357    0    0  (Gen:  0)
   525408    182248   7111040  0.002  0.000   20.995    3.358    0    0  (Gen:  0)
   520536    158680   7179784  0.002  0.000   20.999    3.359    0    0  (Gen:  0)
   524568    160664   7247976  0.004  0.000   21.004    3.359    0    0  (Gen:  0)
   519872     93608   7334264  0.002  0.000   21.008    3.360    0    0  (Gen:  0)
   525800    177456   7418392  0.002  0.000   21.011    3.361    0    0  (Gen:  0)
   698456    152688   7503128  0.002  0.000   21.015    3.361    0    0  (Gen:  0)
   812608    106480   7521320  0.002  0.000   21.018    3.362    0    0  (Gen:  0)
   521104     47696   7541328  0.001  0.000   21.021    3.362    0    0  (Gen:  0)
   521160     59152   7595656  0.001  0.000   21.024    3.363    0    0  (Gen:  0)
   520864     67992   7626552  0.001  0.000   21.026    3.363    0    0  (Gen:  0)
   520864     94504   7677104  0.002  0.000   21.029    3.364    0    0  (Gen:  0)
   520480     94576   7721960  0.001  0.000   21.032    3.364    0    0  (Gen:  0)
   520944     82800   7757392  0.001  0.000   21.035    3.365    0    0  (Gen:  0)
   521384    116696   7821376  0.002  0.000   21.038    3.365    0    0  (Gen:  0)
   520488    114680   7880872  0.002  0.000   21.042    3.366    0    0  (Gen:  0)
   520840     93952   7916136  0.002  0.000   21.045    3.366    0    0  (Gen:  0)
   521136    110160   7962264  0.003  0.000   21.048    3.367    0    0  (Gen:  0)
   521240     85072   8011840  0.001  0.000   21.052    3.368    0    0  (Gen:  0)
   520336    125136   8074384  0.002  0.000   21.055    3.368    0    0  (Gen:  0)
   521056    123768   8135760  0.002  0.000   21.058    3.369    0    0  (Gen:  0)
   520952    102488   8184144  0.002  0.000   21.062    3.369    0    0  (Gen:  0)
   520544    108504   8225144  0.002  0.000   21.065    3.370    0    0  (Gen:  0)
   520848    134520   8291480  0.002  0.000   21.068    3.370    0    0  (Gen:  0)
   520776    111528   8338360  0.002  0.000   21.072    3.371    0    0  (Gen:  0)
   520112    149400   8418272  0.002  0.000   21.076    3.372    0    0  (Gen:  0)
   521512    126616   8489440  0.002  0.000   21.079    3.372    0    0  (Gen:  0)
   520904    119104   8537088  0.002  0.000   21.082    3.373    0    0  (Gen:  0)
   718440    120920   8586472  0.003  0.000   21.087    3.374    0    0  (Gen:  0)
   521040     30760   8608648  0.001  0.000   21.090    3.374    0    0  (Gen:  0)
   520176     50024   8654312  0.001  0.000   21.093    3.375    0    0  (Gen:  0)
   520320     67832   8689056  0.001  0.000   21.096    3.375    0    0  (Gen:  0)
   520888     63856   8717400  0.001  0.000   21.098    3.376    0    0  (Gen:  0)
   520256     70664   8741584  0.001  0.000   21.101    3.376    0    0  (Gen:  0)
   520400     98024   8790704  0.001  0.000   21.105    3.377    0    0  (Gen:  0)
   520408     81824   8823176  0.001  0.000   21.108    3.378    0    0  (Gen:  0)
   521936     95984   8863952  0.002  0.000   21.111    3.378    0    0  (Gen:  0)
   521232     78528   8913576  0.001  0.000   21.115    3.379    0    0  (Gen:  0)
   521304    119136   8971864  0.002  0.000   21.118    3.380    0    0  (Gen:  0)
   525248    118216   9030824  0.002  0.000   21.122    3.380    0    0  (Gen:  0)
   520792     95304   9074296  0.002  0.000   21.125    3.381    0    0  (Gen:  0)
   520696    145912   9158336  0.002  0.000   21.129    3.382    0    0  (Gen:  0)
   521312    131912   9225408  0.002  0.000   21.132    3.382    0    0  (Gen:  0)
   520688    111720   9270736  0.002  0.000   21.136    3.383    0    0  (Gen:  0)
   520848    111696   9314952  0.002  0.000   21.139    3.384    0    0  (Gen:  0)
   525520    142360   9387360  0.002  0.000   21.143    3.384    0    0  (Gen:  0)
   520808    116384   9432304  0.002  0.000   21.146    3.385    0    0  (Gen:  0)
   525512    124584   9485992  0.002  0.000   21.150    3.386    0    0  (Gen:  0)
   520776    111976   9544584  0.002  0.000   21.153    3.386    0    0  (Gen:  0)
   529024    142200   9614440  0.002  0.000   21.157    3.387    0    0  (Gen:  0)
   763544    114936   9664152  0.003  0.000   21.161    3.388    0    0  (Gen:  0)
   521032     37096   9684720  0.001  0.000   21.164    3.388    0    0  (Gen:  0)
   520808     58880   9739312  0.001  0.000   21.167    3.389    0    0  (Gen:  0)
   520488     75624   9792584  0.002  0.000   21.170    3.389    0    0  (Gen:  0)
   521024     67768   9818504  0.001  0.000   21.174    3.390    0    0  (Gen:  0)
   520704     82976   9852192  0.002  0.000   21.177    3.391    0    0  (Gen:  0)
   521088     73400   9895248  0.001  0.000   21.180    3.391    0    0  (Gen:  0)
   520368    119096   9960848  0.002  0.000   21.184    3.392    0    0  (Gen:  0)
   520936    107176  10012432  0.002  0.000   21.187    3.393    0    0  (Gen:  0)
   520864     92488  10056608  0.001  0.000   21.190    3.393    0    0  (Gen:  0)
   520728     96240  10091672  0.002  0.000   21.194    3.394    0    0  (Gen:  0)
   521600    130752  10161776  0.002  0.000   21.198    3.395    0    0  (Gen:  0)
   521096     95896  10200056  0.002  0.000   21.201    3.395    0    0  (Gen:  0)
   520528    138640  10275288  0.002  0.000   21.205    3.396    0    0  (Gen:  0)
   521136    126200  10339576  0.002  0.000   21.208    3.396    0    0  (Gen:  0)
   521056    109248  10382680  0.002  0.000   21.212    3.397    0    0  (Gen:  0)
   521104    124176  10437640  0.002  0.000   21.215    3.398    0    0  (Gen:  0)
   519736    111416  10493384  0.002  0.000   21.219    3.399    0    0  (Gen:  0)
   520904     81472  10570752  0.001  0.000   21.222    3.399    0    0  (Gen:  0)
   520880    128976  10637600  0.002  0.000   21.226    3.400    0    0  (Gen:  0)
   520656    115784  10692696  0.002  0.000   21.229    3.401    0    0  (Gen:  0)
   520888    119440  10737496  0.002  0.000   21.233    3.401    0    0  (Gen:  0)
   944512    110952  10780352  0.003  0.000   21.238    3.402    0    0  (Gen:  0)
   520656     41824  10801456  0.001  0.000   21.241    3.403    0    0  (Gen:  0)
   520832     82040  10855384  0.002  0.000   21.244    3.403    0    0  (Gen:  0)
   521032     75072  10897096  0.002  0.000   21.247    3.404    0    0  (Gen:  0)
   520360     67344  10922696  0.002  0.000   21.251    3.404    0    0  (Gen:  0)
   520872     82640  10957536  0.002  0.000   21.255    3.405    0    0  (Gen:  0)
   520776     82416  11001720  0.002  0.000   21.259    3.405    0    0  (Gen:  0)
   520904    116720  11063984  0.002  0.000   21.263    3.406    0    0  (Gen:  0)
   520912    106640  11115144  0.002  0.000   21.267    3.407    0    0  (Gen:  0)
   521048     91216  11156800  0.002  0.000   21.270    3.407    0    0  (Gen:  0)
   520568     93752  11189840  0.002  0.000   21.274    3.408    0    0  (Gen:  0)
   520720    130040  11261144  0.002  0.000   21.277    3.409    0    0  (Gen:  0)
   520488    101000  11299832  0.002  0.000   21.280    3.409    0    0  (Gen:  0)
   520576    134728  11369944  0.002  0.000   21.284    3.410    0    0  (Gen:  0)
   520832    126952  11437768  0.002  0.000   21.288    3.411    0    0  (Gen:  0)
   520496    108904  11479744  0.002  0.000   21.291    3.411    0    0  (Gen:  0)
   520776    122392  11532384  0.002  0.000   21.295    3.412    0    0  (Gen:  0)
   520768    103896  11587240  0.002  0.000   21.298    3.412    0    0  (Gen:  0)
   520672     82848  11666104  0.002  0.000   21.302    3.413    0    0  (Gen:  0)
   521160    134944  11740744  0.002  0.000   21.306    3.414    0    0  (Gen:  0)
   520952    114816  11793984  0.002  0.000   21.309    3.414    0    0  (Gen:  0)
   521000    116600  11838392  0.002  0.000   21.313    3.415    0    0  (Gen:  0)
   525248    143008  11910384  0.002  0.000   21.316    3.415    0    0  (Gen:  0)
   520976    118520  11959976  0.002  0.000   21.319    3.416    0    0  (Gen:  0)
   520520    161448  12049040  0.002  0.000   21.323    3.417    0    0  (Gen:  0)
   520640    146752  12122304  0.002  0.000   21.327    3.417    0    0  (Gen:  0)
   520584    121736  12173088  0.002  0.000   21.330    3.418    0    0  (Gen:  0)
   520472    132480  12230656  0.003  0.000   21.334    3.419    0    0  (Gen:  0)
   521184     92816  12299600  0.002  0.000   21.338    3.419    0    0  (Gen:  0)
   521208     96944  12392288  0.001  0.000   21.341    3.420    0    0  (Gen:  0)
   521304   4548808   5546888  0.013  0.001   21.356    3.421    0    0  (Gen:  1)
   520432    131568   5600272  0.002  0.000   21.360    3.422    0    0  (Gen:  0)
   521448     89824   5686168  0.001  0.000   21.364    3.423    0    0  (Gen:  0)
   525080    147992   5760360  0.002  0.000   21.367    3.423    0    0  (Gen:  0)
   521064    121456   5822448  0.002  0.000   21.371    3.424    0    0  (Gen:  0)
   521208    178752   5921976  0.003  0.000   21.375    3.425    0    0  (Gen:  0)
   520704    138328   6002520  0.002  0.000   21.379    3.425    0    0  (Gen:  0)
   521112    132608   6060752  0.002  0.000   21.382    3.426    0    0  (Gen:  0)
   521224    132312   6113920  0.002  0.000   21.386    3.427    0    0  (Gen:  0)
   524728    160392   6193640  0.002  0.000   21.390    3.427    0    0  (Gen:  0)
   520584    134632   6252904  0.002  0.000   21.393    3.428    0    0  (Gen:  0)
   520680    136944   6306672  0.002  0.000   21.397    3.428    0    0  (Gen:  0)
   525056    163192   6389008  0.002  0.000   21.401    3.429    0    0  (Gen:  0)
   525312    137608   6443952  0.002  0.000   21.404    3.430    0    0  (Gen:  0)
   673200    142200   6537024  0.002  0.000   21.408    3.430    0    0  (Gen:  0)
   627872     92752   6526280  0.002  0.000   21.412    3.431    0    0  (Gen:  0)
   520384     47000   6545936  0.002  0.000   21.415    3.432    0    0  (Gen:  0)
   520472     93248   6606752  0.002  0.000   21.418    3.432    0    0  (Gen:  0)
   521024     80960   6663696  0.002  0.000   21.422    3.433    0    0  (Gen:  0)
   521160     67200   6701168  0.001  0.000   21.425    3.434    0    0  (Gen:  0)
   521032     99464   6752368  0.002  0.000   21.429    3.434    0    0  (Gen:  0)
   521280     81056   6784432  0.002  0.000   21.432    3.435    0    0  (Gen:  0)
   520824     94528   6823832  0.002  0.000   21.436    3.436    0    0  (Gen:  0)
   521440     86152   6874248  0.001  0.000   21.439    3.436    0    0  (Gen:  0)
   521072    130880   6944840  0.002  0.000   21.443    3.437    0    0  (Gen:  0)
   520688     93224   7032856  0.002  0.000   21.447    3.438    0    0  (Gen:  0)
   520544    102032   7075984  0.002  0.000   21.450    3.438    0    0  (Gen:  0)
   520944    116296   7130312  0.002  0.000   21.454    3.439    0    0  (Gen:  0)
   521408    124168   7198272  0.002  0.000   21.457    3.440    0    0  (Gen:  0)
   520176    109488   7245600  0.002  0.000   21.461    3.440    0    0  (Gen:  0)
   521304    109736   7286296  0.002  0.000   21.465    3.441    0    0  (Gen:  0)
   520840    138824   7355800  0.002  0.000   21.468    3.442    0    0  (Gen:  0)
   520520    114264   7400144  0.002  0.000   21.471    3.442    0    0  (Gen:  0)
   520728    124728   7453496  0.002  0.000   21.475    3.443    0    0  (Gen:  0)
   520856    117640   7515040  0.002  0.000   21.479    3.444    0    0  (Gen:  0)
   520472    156216   7598848  0.002  0.000   21.483    3.445    0    0  (Gen:  0)
   521216    154520   7694712  0.002  0.000   21.487    3.445    0    0  (Gen:  0)
   520576    119640   7751128  0.002  0.000   21.490    3.446    0    0  (Gen:  0)
   520680    146904   7826456  0.002  0.000   21.494    3.447    0    0  (Gen:  0)
   521328    143352   7897144  0.002  0.000   21.498    3.447    0    0  (Gen:  0)
   521400    119056   7952552  0.002  0.000   21.502    3.448    0    0  (Gen:  0)
   520920    124920   8001160  0.002  0.000   21.506    3.449    0    0  (Gen:  0)
   520144    148048   8073120  0.002  0.000   21.510    3.450    0    0  (Gen:  0)
   521016    122992   8125608  0.002  0.000   21.513    3.450    0    0  (Gen:  0)
   520664     95944   8217264  0.002  0.000   21.518    3.451    0    0  (Gen:  0)
   520592     85736   8298920  0.002  0.000   21.521    3.452    0    0  (Gen:  0)
   521336    131296   8352552  0.002  0.000   21.525    3.453    0    0  (Gen:  0)
   520168    142856   8417800  0.003  0.000   21.530    3.453    0    0  (Gen:  0)
   521384     95776   8486744  0.002  0.000   21.533    3.454    0    0  (Gen:  0)
   520424    170408   8577720  0.002  0.000   21.538    3.455    0    0  (Gen:  0)
   520336    144416   8649936  0.002  0.000   21.541    3.456    0    0  (Gen:  0)
   520344    137744   8718112  0.002  0.000   21.545    3.456    0    0  (Gen:  0)
   520704    161480   8797672  0.002  0.000   21.549    3.457    0    0  (Gen:  0)
   521232    155448   8875920  0.002  0.000   21.553    3.458    0    0  (Gen:  0)
   520784    130488   8941680  0.002  0.000   21.557    3.459    0    0  (Gen:  0)
   520672    106608   9043976  0.002  0.000   21.560    3.459    0    0  (Gen:  0)
   521032    126232   9133800  0.002  0.000   21.564    3.460    0    0  (Gen:  0)
   520744    134736   9194624  0.002  0.000   21.568    3.461    0    0  (Gen:  0)
   520592    139624   9250432  0.002  0.000   21.572    3.462    0    0  (Gen:  0)
   726152    123104   9293312  0.003  0.000   21.576    3.462    0    0  (Gen:  0)
   521144     43536   9312104  0.001  0.000   21.579    3.463    0    0  (Gen:  0)
   520528     84016   9366016  0.002  0.000   21.583    3.464    0    0  (Gen:  0)
   520840     47240   9399984  0.001  0.000   21.586    3.464    0    0  (Gen:  0)
   520912     89320   9446056  0.001  0.000   21.589    3.465    0    0  (Gen:  0)
   520608     94688   9492712  0.002  0.000   21.593    3.466    0    0  (Gen:  0)
   520888     83376   9529408  0.002  0.000   21.596    3.466    0    0  (Gen:  0)
   521000    124576   9599152  0.002  0.000   21.600    3.467    0    0  (Gen:  0)
   520744    108392   9659776  0.002  0.000   21.604    3.468    0    0  (Gen:  0)
   520576     90184   9693768  0.002  0.000   21.608    3.468    0    0  (Gen:  0)
   520528     95864   9729880  0.002  0.000   21.611    3.469    0    0  (Gen:  0)
   520504    116544   9790936  0.002  0.000   21.615    3.470    0    0  (Gen:  0)
   520368    140152   9868064  0.002  0.000   21.619    3.470    0    0  (Gen:  0)
   521144    113832   9926200  0.002  0.000   21.623    3.471    0    0  (Gen:  0)
   521312     98184   9976376  0.002  0.000   21.626    3.472    0    0  (Gen:  0)
   520480    130576  10040208  0.002  0.000   21.630    3.473    0    0  (Gen:  0)
   520832    123592  10102512  0.002  0.000   21.634    3.473    0    0  (Gen:  0)
   520768    104232  10152592  0.002  0.000   21.637    3.474    0    0  (Gen:  0)
   521600    155008  10237880  0.002  0.000   21.642    3.475    0    0  (Gen:  0)
   520944    132696  10307608  0.002  0.000   21.645    3.475    0    0  (Gen:  0)
   521200    117416  10356232  0.002  0.000   21.649    3.476    0    0  (Gen:  0)
   521160    116112  10401464  0.002  0.000   21.653    3.477    0    0  (Gen:  0)
   525520    146456  10476656  0.002  0.000   21.657    3.478    0    0  (Gen:  0)
   521336    116752  10521880  0.002  0.000   21.661    3.478    0    0  (Gen:  0)
   520872    152432  10600184  0.003  0.000   21.665    3.479    0    0  (Gen:  0)
   520768    108472  10663944  0.002  0.000   21.669    3.480    0    0  (Gen:  0)
   520512    147016  10735456  0.002  0.000   21.672    3.481    0    0  (Gen:  0)
   520992    138640  10805768  0.002  0.000   21.676    3.481    0    0  (Gen:  0)
   520912    120704  10865880  0.002  0.000   21.680    3.482    0    0  (Gen:  0)
   521032    157344  10947824  0.002  0.000   21.683    3.483    0    0  (Gen:  0)
   521144   5350528   6344520  0.017  0.001   21.701    3.485    0    0  (Gen:  1)
   521384    132104   6398408  0.003  0.000   21.706    3.486    0    0  (Gen:  0)
   521040    176048   6496760  0.002  0.000   21.709    3.486    0    0  (Gen:  0)
   525232    139840   6577008  0.002  0.000   21.712    3.487    0    0  (Gen:  0)
   521392    125280   6636536  0.003  0.000   21.715    3.488    0    0  (Gen:  0)
   521320    172792   6730224  0.002  0.000   21.719    3.488    0    0  (Gen:  0)
   521008    139088   6811304  0.002  0.000   21.721    3.489    0    0  (Gen:  0)
   520512    127704   6866520  0.003  0.000   21.725    3.489    0    0  (Gen:  0)
   524968    131936   6919160  0.003  0.000   21.730    3.490    0    0  (Gen:  0)
   520984    159136   6998304  0.002  0.000   21.733    3.491    0    0  (Gen:  0)
   520728    136104   7055144  0.003  0.000   21.737    3.492    0    0  (Gen:  0)
   524688    167280   7140424  0.002  0.000   21.740    3.492    0    0  (Gen:  0)
   521208    137224   7211328  0.002  0.000   21.744    3.493    0    0  (Gen:  0)
   522616    172464   7302928  0.003  0.000   21.747    3.494    0    0  (Gen:  0)
   726840    123024   7363072  0.003  0.000   21.751    3.494    0    0  (Gen:  0)
   520952     32824   7383264  0.001  0.000   21.753    3.495    0    0  (Gen:  0)
   520832     67312   7425016  0.001  0.000   21.755    3.495    0    0  (Gen:  0)
   520976     71288   7461896  0.002  0.000   21.758    3.496    0    0  (Gen:  0)
   520992     63064   7488264  0.002  0.000   21.760    3.496    0    0  (Gen:  0)
   521400     71944   7512640  0.002  0.000   21.763    3.497    0    0  (Gen:  0)
   521088    101080   7566240  0.002  0.000   21.766    3.497    0    0  (Gen:  0)
   521216     82888   7596656  0.002  0.000   21.769    3.498    0    0  (Gen:  0)
   520992    101048   7641312  0.002  0.000   21.772    3.499    0    0  (Gen:  0)
   521368     89896   7687832  0.002  0.000   21.775    3.499    0    0  (Gen:  0)
   520928    125560   7753648  0.002  0.000   21.778    3.500    0    0  (Gen:  0)
   520616    119840   7812080  0.002  0.000   21.780    3.500    0    0  (Gen:  0)
   520448     90192   7852536  0.002  0.000   21.783    3.501    0    0  (Gen:  0)
   521264    143472   7933776  0.002  0.000   21.786    3.502    0    0  (Gen:  0)
   521176    132480   8002352  0.002  0.000   21.789    3.502    0    0  (Gen:  0)
   520128    106160   8046600  0.003  0.000   21.793    3.503    0    0  (Gen:  0)
   521512    117400   8094056  0.002  0.000   21.795    3.503    0    0  (Gen:  0)
   520864     98080   8154920  0.002  0.000   21.799    3.504    0    0  (Gen:  0)
   520280    147064   8233384  0.002  0.000   21.802    3.505    0    0  (Gen:  0)
   520616    122704   8297200  0.002  0.000   21.804    3.505    0    0  (Gen:  0)
   521008    107080   8354792  0.002  0.000   21.807    3.506    0    0  (Gen:  0)
   520648    143232   8424920  0.002  0.000   21.810    3.507    0    0  (Gen:  0)
   524760    140880   8495816  0.002  0.000   21.813    3.507    0    0  (Gen:  0)
   521568    108832   8547344  0.003  0.000   21.817    3.508    0    0  (Gen:  0)
   520936    162624   8636008  0.002  0.000   21.820    3.509    0    0  (Gen:  0)
   521032    135360   8711728  0.002  0.000   21.823    3.509    0    0  (Gen:  0)
   521312    118752   8763088  0.003  0.000   21.827    3.510    0    0  (Gen:  0)
   521024    124072   8812488  0.003  0.000   21.831    3.511    0    0  (Gen:  0)
   520288    150112   8887072  0.002  0.000   21.834    3.511    0    0  (Gen:  0)
   520816    123400   8939120  0.003  0.000   21.838    3.512    0    0  (Gen:  0)
   520688    138872   8999616  0.002  0.000   21.841    3.513    0    0  (Gen:  0)
   520920    112440   9068976  0.002  0.000   21.844    3.513    0    0  (Gen:  0)
   521000    155912   9144376  0.002  0.000   21.847    3.514    0    0  (Gen:  0)
   523936    142640   9218360  0.003  0.000   21.851    3.515    0    0  (Gen:  0)
   521112    106592   9280816  0.003  0.000   21.854    3.515    0    0  (Gen:  0)
   521208    161304   9364688  0.002  0.000   21.857    3.516    0    0  (Gen:  0)
   520528    151912   9440144  0.002  0.000   21.860    3.517    0    0  (Gen:  0)
   520728    129576   9509224  0.003  0.000   21.864    3.517    0    0  (Gen:  0)
   520496    147840   9582808  0.002  0.000   21.867    3.518    0    0  (Gen:  0)
   525288    162912   9663088  0.002  0.000   21.870    3.519    0    0  (Gen:  0)
   521016    130560   9725304  0.003  0.000   21.874    3.519    0    0  (Gen:  0)
   521360    179032   9820904  0.002  0.000   21.877    3.520    0    0  (Gen:  0)
   525416    146368   9903640  0.002  0.000   21.880    3.521    0    0  (Gen:  0)
   525328    132336   9960160  0.003  0.000   21.885    3.522    0    0  (Gen:  0)
   545952    141352  10019472  0.004  0.000   21.889    3.522    0    0  (Gen:  0)
   520648     30408  10044456  0.001  0.000   21.891    3.523    0    0  (Gen:  0)
   520536     49032  10064024  0.002  0.000   21.894    3.523    0    0  (Gen:  0)
   520520     92176  10123224  0.002  0.000   21.896    3.524    0    0  (Gen:  0)
   520984     58512  10151584  0.002  0.000   21.899    3.524    0    0  (Gen:  0)
   520816     71256  10175792  0.002  0.000   21.902    3.524    0    0  (Gen:  0)
   521016     98592  10226776  0.002  0.000   21.904    3.525    0    0  (Gen:  0)
   520848     79376  10258168  0.002  0.000   21.907    3.525    0    0  (Gen:  0)
   520640     78448  10332056  0.001  0.000   21.909    3.526    0    0  (Gen:  0)
   520552     94832  10381024  0.002  0.000   21.912    3.526    0    0  (Gen:  0)
   520960    130504  10451360  0.002  0.000   21.914    3.527    0    0  (Gen:  0)
   520544    110136  10507368  0.002  0.000   21.917    3.527    0    0  (Gen:  0)
   520744     89648  10551728  0.002  0.000   21.920    3.528    0    0  (Gen:  0)
   520680    144512  10634312  0.002  0.000   21.922    3.528    0    0  (Gen:  0)
   520888    129328  10701680  0.002  0.000   21.925    3.529    0    0  (Gen:  0)
   520848    101968  10748640  0.003  0.000   21.928    3.529    0    0  (Gen:  0)
   520752    109520  10789440  0.003  0.000   21.932    3.530    0    0  (Gen:  0)
   520744    139008  10859864  0.002  0.000   21.935    3.530    0    0  (Gen:  0)
   520504    111248  10903352  0.003  0.000   21.938    3.531    0    0  (Gen:  0)
   520864    126848  10959408  0.002  0.000   21.941    3.531    0    0  (Gen:  0)
   521224    106408  11019504  0.002  0.000   21.943    3.532    0    0  (Gen:  0)
   520368     86136  11101448  0.002  0.000   21.946    3.532    0    0  (Gen:  0)
   521136    131344  11169216  0.002  0.000   21.949    3.533    0    0  (Gen:  0)
   521024    109704  11224648  0.002  0.000   21.952    3.533    0    0  (Gen:  0)
   520696    146720  11298464  0.002  0.000   21.955    3.534    0    0  (Gen:  0)
   520712    129952  11373992  0.002  0.000   21.958    3.534    0    0  (Gen:  0)
   521848    111848  11428928  0.003  0.000   21.961    3.535    0    0  (Gen:  0)
   520864    124560  11476864  0.003  0.000   21.965    3.535    0    0  (Gen:  0)
   520720    149848  11550480  0.002  0.000   21.968    3.536    0    0  (Gen:  0)
   520592    120640  11603552  0.003  0.000   21.971    3.536    0    0  (Gen:  0)
   520992    167008  11693848  0.004  0.000   21.976    3.537    0    0  (Gen:  0)
   520264     79856  11767592  0.002  0.000   21.979    3.537    0    0  (Gen:  0)
   521472    154520  11842648  0.002  0.000   21.983    3.538    0    0  (Gen:  0)
   521088    136928  11913128  0.003  0.000   21.986    3.539    0    0  (Gen:  0)
   520464     99128  11980064  0.002  0.000   21.989    3.539    0    0  (Gen:  0)
   520672    166608  12067712  0.002  0.000   21.993    3.540    0    0  (Gen:  0)
   520752    146544  12142392  0.002  0.000   21.996    3.540    0    0  (Gen:  0)
   520984    120504  12209512  0.003  0.000   21.999    3.541    0    0  (Gen:  0)
   521584    163912  12292320  0.002  0.000   22.002    3.541    0    0  (Gen:  0)
   521128    159776  12370904  0.002  0.000   22.005    3.542    0    0  (Gen:  0)
   520672    131984  12436184  0.003  0.000   22.009    3.542    0    0  (Gen:  0)
   520840    181864  12535048  0.002  0.000   22.012    3.543    0    0  (Gen:  0)
   520920   4746904   5732752  0.015  0.001   22.028    3.545    0    0  (Gen:  1)
   521176    152024   5801400  0.002  0.000   22.031    3.545    0    0  (Gen:  0)
   520632    141464   5884320  0.002  0.000   22.034    3.546    0    0  (Gen:  0)
   686000    152784   5965200  0.002  0.000   22.037    3.546    0    0  (Gen:  0)
   520896    132296   6026744  0.003  0.000   22.041    3.547    0    0  (Gen:  0)
   520824    172856   6116624  0.002  0.000   22.044    3.547    0    0  (Gen:  0)
   520896    148296   6198592  0.002  0.000   22.047    3.548    0    0  (Gen:  0)
   521144    135360   6256856  0.003  0.000   22.051    3.549    0    0  (Gen:  0)
   520512    146296   6320336  0.003  0.000   22.055    3.549    0    0  (Gen:  0)
   520088    102448   6397904  0.002  0.000   22.058    3.550    0    0  (Gen:  0)
   520656    180136   6494648  0.003  0.000   22.061    3.550    0    0  (Gen:  0)
   521176    155776   6570560  0.002  0.000   22.065    3.551    0    0  (Gen:  0)
   520528    124080   6644736  0.002  0.000   22.068    3.551    0    0  (Gen:  0)
   521040    169896   6726952  0.002  0.000   22.071    3.552    0    0  (Gen:  0)
   520776    150296   6805072  0.002  0.000   22.073    3.552    0    0  (Gen:  0)
   521040    131200   6874736  0.002  0.000   22.077    3.553    0    0  (Gen:  0)
   520912    170472   6958792  0.002  0.000   22.080    3.553    0    0  (Gen:  0)
   521096    162848   7039824  0.002  0.000   22.082    3.554    0    0  (Gen:  0)
   521648    129632   7106760  0.003  0.000   22.086    3.554    0    0  (Gen:  0)
   520680    146912   7166384  0.003  0.000   22.090    3.555    0    0  (Gen:  0)
   520552    168616   7250424  0.002  0.000   22.093    3.556    0    0  (Gen:  0)
   520304    140664   7316664  0.003  0.000   22.097    3.556    0    0  (Gen:  0)
   521864    189080   7417232  0.002  0.000   22.100    3.557    0    0  (Gen:  0)
   520928    158208   7503808  0.002  0.000   22.103    3.557    0    0  (Gen:  0)
   521360    141096   7568264  0.003  0.000   22.107    3.558    0    0  (Gen:  0)
   520904    148192   7629320  0.003  0.000   22.112    3.559    0    0  (Gen:  0)
   525112    176096   7719616  0.002  0.000   22.115    3.559    0    0  (Gen:  0)
   520776    147800   7782176  0.003  0.000   22.119    3.560    0    0  (Gen:  0)
   520736    184600   7878096  0.005  0.000   22.125    3.561    0    0  (Gen:  0)
   520888     87992   7961112  0.002  0.000   22.128    3.561    0    0  (Gen:  0)
   520712    183192   8057408  0.002  0.000   22.131    3.562    0    0  (Gen:  0)
   521064    153792   8136648  0.003  0.000   22.134    3.562    0    0  (Gen:  0)
   521000    120808   8216328  0.002  0.000   22.137    3.563    0    0  (Gen:  0)
   521024    193912   8321296  0.003  0.000   22.140    3.563    0    0  (Gen:  0)
   521104    150648   8399808  0.002  0.000   22.143    3.564    0    0  (Gen:  0)
   521328    128872   8479648  0.003  0.000   22.147    3.564    0    0  (Gen:  0)
   521296    190240   8577360  0.002  0.000   22.150    3.565    0    0  (Gen:  0)
   525176    161696   8661272  0.003  0.000   22.153    3.566    0    0  (Gen:  0)
   520696    128368   8737224  0.003  0.000   22.156    3.566    0    0  (Gen:  0)
   520464    183992   8829976  0.002  0.000   22.160    3.567    0    0  (Gen:  0)
   520768    166456   8916320  0.002  0.000   22.163    3.567    0    0  (Gen:  0)
   520848    136824   8991216  0.003  0.000   22.166    3.568    0    0  (Gen:  0)
   520896    156240   9055352  0.004  0.000   22.171    3.568    0    0  (Gen:  0)
   525104    185088   9150848  0.002  0.000   22.174    3.569    0    0  (Gen:  0)
   520904    155440   9223824  0.003  0.000   22.178    3.570    0    0  (Gen:  0)
   520904    158336   9290208  0.004  0.000   22.182    3.570    0    0  (Gen:  0)
   523648    186544   9385936  0.002  0.000   22.185    3.571    0    0  (Gen:  0)
   525264    149392   9458304  0.003  0.000   22.189    3.572    0    0  (Gen:  0)
   529736    160008   9523576  0.004  0.000   22.194    3.572    0    0  (Gen:  0)
   985728    147048   9583792  0.003  0.000   22.198    3.573    0    0  (Gen:  0)
   521064     42736   9603640  0.002  0.000   22.200    3.573    0    0  (Gen:  0)
   520984     77840   9653040  0.001  0.000   22.202    3.574    0    0  (Gen:  0)
   521040     72864   9695000  0.002  0.000   22.204    3.574    0    0  (Gen:  0)
   521144     65888   9720384  0.002  0.000   22.207    3.575    0    0  (Gen:  0)
   520168     86896   9757096  0.002  0.000   22.209    3.575    0    0  (Gen:  0)
   521096     72160   9796976  0.002  0.000   22.212    3.575    0    0  (Gen:  0)
   521280    113112   9856152  0.002  0.000   22.214    3.576    0    0  (Gen:  0)
   520688    104864   9909456  0.002  0.000   22.217    3.576    0    0  (Gen:  0)
   520496     88424   9952040  0.002  0.000   22.220    3.577    0    0  (Gen:  0)
   521000     96232   9986088  0.002  0.000   22.223    3.577    0    0  (Gen:  0)
   521504    122496  10049208  0.002  0.000   22.226    3.578    0    0  (Gen:  0)
   520712     97032  10087688  0.002  0.000   22.229    3.578    0    0  (Gen:  0)
   520736    144976  10168304  0.002  0.000   22.231    3.579    0    0  (Gen:  0)
   520808    118472  10226456  0.002  0.000   22.234    3.579    0    0  (Gen:  0)
   520760     84432  10306776  0.002  0.000   22.237    3.580    0    0  (Gen:  0)
   520840    115776  10368568  0.002  0.000   22.240    3.580    0    0  (Gen:  0)
   520392     93296  10421504  0.002  0.000   22.242    3.581    0    0  (Gen:  0)
   520872    140888  10494512  0.002  0.000   22.245    3.581    0    0  (Gen:  0)
   520680    134408  10560744  0.002  0.000   22.248    3.582    0    0  (Gen:  0)
   521312    112280  10614936  0.003  0.000   22.251    3.583    0    0  (Gen:  0)
   520968    118728  10658624  0.003  0.000   22.255    3.583    0    0  (Gen:  0)
   718320    117848  10703872  0.003  0.000   22.259    3.584    0    0  (Gen:  0)
   520600     43312  10723344  0.002  0.000   22.261    3.584    0    0  (Gen:  0)
   520312     82912  10775424  0.002  0.000   22.264    3.585    0    0  (Gen:  0)
   520896     46848  10807792  0.002  0.000   22.266    3.585    0    0  (Gen:  0)
   520296     90072  10855040  0.002  0.000   22.269    3.586    0    0  (Gen:  0)
   520000     90368  10899384  0.002  0.000   22.271    3.586    0    0  (Gen:  0)
   520656     74928  10934112  0.002  0.000   22.274    3.587    0    0  (Gen:  0)
   521504     87144  10965672  0.002  0.000   22.277    3.588    0    0  (Gen:  0)
   521272    119208  11030160  0.002  0.000   22.280    3.588    0    0  (Gen:  0)
   521216     94064  11068032  0.002  0.000   22.283    3.589    0    0  (Gen:  0)
   525632    103792  11111688  0.002  0.000   22.286    3.589    0    0  (Gen:  0)
   521008     78224  11166216  0.002  0.000   22.289    3.590    0    0  (Gen:  0)
   520480    136216  11239984  0.002  0.000   22.292    3.590    0    0  (Gen:  0)
   520936   4646664   5636472  0.015  0.001   22.307    3.592    0    0  (Gen:  1)
   521024    109344   5681272  0.003  0.000   22.311    3.593    0    0  (Gen:  0)
   520680    133392   5749344  0.002  0.000   22.315    3.593    0    0  (Gen:  0)
   525320    134424   5816344  0.002  0.000   22.318    3.594    0    0  (Gen:  0)
   521152    110840   5867064  0.003  0.000   22.321    3.595    0    0  (Gen:  0)
   521264    114728   5909952  0.003  0.000   22.325    3.595    0    0  (Gen:  0)
   524936    144872   5984928  0.002  0.000   22.328    3.596    0    0  (Gen:  0)
   525176    113192   6035016  0.003  0.000   22.331    3.597    0    0  (Gen:  0)
   588184    123000   6124296  0.003  0.000   22.335    3.597    0    0  (Gen:  0)
   698064     34248   6108184  0.001  0.000   22.337    3.598    0    0  (Gen:  0)
   520808     46032   6127880  0.002  0.000   22.339    3.598    0    0  (Gen:  0)
   521120     93248   6188744  0.002  0.000   22.342    3.599    0    0  (Gen:  0)
   520824     56936   6217696  0.002  0.000   22.345    3.599    0    0  (Gen:  0)
   520952     70808   6241656  0.002  0.000   22.348    3.600    0    0  (Gen:  0)
   521208    107768   6301536  0.002  0.000   22.350    3.600    0    0  (Gen:  0)
   520504     80080   6333904  0.002  0.000   22.353    3.601    0    0  (Gen:  0)
   520960     92672   6371656  0.002  0.000   22.356    3.601    0    0  (Gen:  0)
   520768     81504   6423192  0.002  0.000   22.358    3.602    0    0  (Gen:  0)
   521096    132872   6496424  0.002  0.000   22.361    3.602    0    0  (Gen:  0)
   521208    108272   6550144  0.002  0.000   22.364    3.603    0    0  (Gen:  0)
   520520     85368   6595304  0.002  0.000   22.367    3.604    0    0  (Gen:  0)
   520640    127464   6662528  0.002  0.000   22.369    3.604    0    0  (Gen:  0)
   520792    126976   6724736  0.002  0.000   22.372    3.605    0    0  (Gen:  0)
   520832     99616   6772296  0.002  0.000   22.375    3.605    0    0  (Gen:  0)
   520584    109392   6813216  0.003  0.000   22.379    3.606    0    0  (Gen:  0)
   521192    138544   6882208  0.002  0.000   22.382    3.607    0    0  (Gen:  0)
   520256    111128   6926864  0.003  0.000   22.385    3.607    0    0  (Gen:  0)
   521008    152432   7008888  0.003  0.000   22.390    3.608    0    0  (Gen:  0)
   520984     83816   7070912  0.002  0.000   22.393    3.609    0    0  (Gen:  0)
   520976    156288   7156232  0.002  0.000   22.396    3.609    0    0  (Gen:  0)
   841848    110168   7217904  0.002  0.000   22.399    3.610    0    0  (Gen:  0)
   619680     32432   7230480  0.001  0.000   22.401    3.610    0    0  (Gen:  0)
   521320     46776   7251776  0.002  0.000   22.403    3.611    0    0  (Gen:  0)
   520776     94216   7314208  0.002  0.000   22.406    3.611    0    0  (Gen:  0)
   520736     60016   7346248  0.002  0.000   22.409    3.611    0    0  (Gen:  0)
   520688     80984   7387376  0.002  0.000   22.411    3.612    0    0  (Gen:  0)
   520680    101168   7439096  0.002  0.000   22.413    3.612    0    0  (Gen:  0)
   520816     81112   7471472  0.002  0.000   22.416    3.613    0    0  (Gen:  0)
   521224     89896   7506832  0.002  0.000   22.419    3.613    0    0  (Gen:  0)
   521072     70240   7559072  0.002  0.000   22.423    3.614    0    0  (Gen:  0)
   521128    116344   7614736  0.002  0.000   22.425    3.614    0    0  (Gen:  0)
   520544    106312   7668744  0.002  0.000   22.428    3.615    0    0  (Gen:  0)
   521352     87672   7717160  0.002  0.000   22.431    3.615    0    0  (Gen:  0)
   519792    130360   7783904  0.002  0.000   22.434    3.616    0    0  (Gen:  0)
   521032    126032   7845800  0.002  0.000   22.436    3.616    0    0  (Gen:  0)
   520944    100768   7892576  0.002  0.000   22.440    3.617    0    0  (Gen:  0)
   520152    109928   7933464  0.003  0.000   22.443    3.618    0    0  (Gen:  0)
   520712    135744   8001272  0.002  0.000   22.446    3.618    0    0  (Gen:  0)
   521200    108776   8045648  0.003  0.000   22.449    3.619    0    0  (Gen:  0)
   520552    117832   8091312  0.002  0.000   22.453    3.619    0    0  (Gen:  0)
   521048     89040   8154096  0.002  0.000   22.455    3.620    0    0  (Gen:  0)
   521144    136656   8218728  0.002  0.000   22.458    3.620    0    0  (Gen:  0)
   525488    125624   8285928  0.003  0.000   22.461    3.621    0    0  (Gen:  0)
   520472     96752   8343744  0.002  0.000   22.464    3.621    0    0  (Gen:  0)
   520824    151648   8423344  0.002  0.000   22.467    3.622    0    0  (Gen:  0)
   520752    137104   8490936  0.002  0.000   22.470    3.622    0    0  (Gen:  0)
   520568    111480   8548008  0.003  0.000   22.474    3.623    0    0  (Gen:  0)
   520680    125984   8596200  0.003  0.000   22.478    3.624    0    0  (Gen:  0)
   520568    158704   8676816  0.002  0.000   22.481    3.624    0    0  (Gen:  0)
   521368    119640   8730760  0.003  0.000   22.484    3.625    0    0  (Gen:  0)
   521472    130712   8783160  0.003  0.000   22.488    3.625    0    0  (Gen:  0)
   520648    154824   8861336  0.002  0.000   22.491    3.626    0    0  (Gen:  0)
   521000    130112   8916616  0.003  0.000   22.495    3.627    0    0  (Gen:  0)
   525080    138320   8976056  0.002  0.000   22.498    3.627    0    0  (Gen:  0)
   521216    119368   9046808  0.002  0.000   22.501    3.628    0    0  (Gen:  0)
   521288    153136   9121368  0.002  0.000   22.504    3.628    0    0  (Gen:  0)
   520776    152264   9205056  0.002  0.000   22.507    3.629    0    0  (Gen:  0)
   520888    126808   9273280  0.002  0.000   22.511    3.629    0    0  (Gen:  0)
   521024    157200   9348712  0.002  0.000   22.514    3.630    0    0  (Gen:  0)
   525256    147344   9422544  0.002  0.000   22.517    3.630    0    0  (Gen:  0)
   520632    114896   9486024  0.003  0.000   22.520    3.631    0    0  (Gen:  0)
   520448    137816   9541968  0.003  0.000   22.524    3.632    0    0  (Gen:  0)
   524752    169296   9632504  0.002  0.000   22.528    3.632    0    0  (Gen:  0)
   525584    134152   9694032  0.003  0.000   22.531    3.633    0    0  (Gen:  0)
   529128    139136   9749440  0.004  0.000   22.536    3.634    0    0  (Gen:  0)
   775064    131488   9803280  0.003  0.000   22.539    3.634    0    0  (Gen:  0)
   521008     41864   9823256  0.002  0.000   22.542    3.635    0    0  (Gen:  0)
   520696     77000   9870888  0.002  0.000   22.545    3.635    0    0  (Gen:  0)
   520976     43656   9907792  0.002  0.000   22.547    3.636    0    0  (Gen:  0)
   521216     87712   9952952  0.002  0.000   22.550    3.636    0    0  (Gen:  0)
   521136     86312   9996608  0.001  0.000   22.552    3.637    0    0  (Gen:  0)
   521160     75744  10034464  0.002  0.000   22.555    3.638    0    0  (Gen:  0)
   521160    128248  10109072  0.002  0.000   22.558    3.638    0    0  (Gen:  0)
   521312    106608  10168632  0.002  0.000   22.561    3.639    0    0  (Gen:  0)
   520528     91848  10208464  0.002  0.000   22.564    3.639    0    0  (Gen:  0)
   521192     96224  10240544  0.003  0.000   22.568    3.640    0    0  (Gen:  0)
   520808    122640  10303280  0.002  0.000   22.570    3.641    0    0  (Gen:  0)
   520608    101432  10340688  0.003  0.000   22.574    3.641    0    0  (Gen:  0)
   521464    144176  10420424  0.002  0.000   22.577    3.642    0    0  (Gen:  0)
   520704    108712  10471144  0.002  0.000   22.580    3.643    0    0  (Gen:  0)
   520552    136120  10542064  0.002  0.000   22.583    3.643    0    0  (Gen:  0)
   521208    128608  10606088  0.002  0.000   22.586    3.644    0    0  (Gen:  0)
   520456     98968  10656400  0.002  0.000   22.589    3.644    0    0  (Gen:  0)
   520616    112784  10698720  0.003  0.000   22.593    3.645    0    0  (Gen:  0)
   520888    151992  10781040  0.002  0.000   22.596    3.646    0    0  (Gen:  0)
   520504    119040  10832128  0.003  0.000   22.600    3.647    0    0  (Gen:  0)
   520920    116712  10874648  0.003  0.000   22.604    3.647    0    0  (Gen:  0)
   521280    146928  10949184  0.002  0.000   22.607    3.648    0    0  (Gen:  0)
   520352    119256  10994912  0.003  0.000   22.611    3.649    0    0  (Gen:  0)
   521272    160096  11081800  0.002  0.000   22.614    3.649    0    0  (Gen:  0)
   520904   5264176   6262088  0.016  0.001   22.632    3.651    0    0  (Gen:  1)
   521128    158976   6346480  0.002  0.000   22.635    3.652    0    0  (Gen:  0)
   520736    132696   6413920  0.002  0.000   22.639    3.653    0    0  (Gen:  0)
   520768    108096   6469288  0.003  0.000   22.642    3.653    0    0  (Gen:  0)
   520392    151384   6545712  0.003  0.000   22.646    3.654    0    0  (Gen:  0)
   520768    147216   6617544  0.002  0.000   22.649    3.655    0    0  (Gen:  0)
   521016    126592   6677896  0.003  0.000   22.653    3.655    0    0  (Gen:  0)
   520832    129384   6728648  0.003  0.000   22.657    3.656    0    0  (Gen:  0)
   520832    167312   6818000  0.002  0.000   22.661    3.657    0    0  (Gen:  0)
   520896    125704   6873088  0.003  0.000   22.665    3.657    0    0  (Gen:  0)
   520280    156200   6947968  0.003  0.000   22.668    3.658    0    0  (Gen:  0)
   520168    150576   7031464  0.003  0.000   22.672    3.659    0    0  (Gen:  0)
   520768    137024   7088744  0.003  0.000   22.676    3.659    0    0  (Gen:  0)
   520856    166104   7172288  0.003  0.000   22.680    3.660    0    0  (Gen:  0)
   521384    141104   7246200  0.003  0.000   22.683    3.661    0    0  (Gen:  0)
   520336    177040   7341384  0.003  0.000   22.687    3.661    0    0  (Gen:  0)
   521184    145480   7413560  0.002  0.000   22.690    3.662    0    0  (Gen:  0)
   520408    125360   7481800  0.003  0.000   22.694    3.663    0    0  (Gen:  0)
   520720    162128   7562264  0.002  0.000   22.697    3.663    0    0  (Gen:  0)
   726608    128912   7616176  0.003  0.000   22.701    3.664    0    0  (Gen:  0)
   520632     36432   7635936  0.002  0.000   22.704    3.665    0    0  (Gen:  0)
   521128     60896   7692000  0.002  0.000   22.706    3.665    0    0  (Gen:  0)
   520400     69592   7733360  0.001  0.000   22.708    3.666    0    0  (Gen:  0)
   520856     63200   7758208  0.002  0.000   22.711    3.666    0    0  (Gen:  0)
   520880     79832   7791152  0.002  0.000   22.714    3.667    0    0  (Gen:  0)
   520400     73064   7837432  0.002  0.000   22.716    3.667    0    0  (Gen:  0)
   521248    121864   7905616  0.002  0.000   22.719    3.668    0    0  (Gen:  0)
   520568    101928   7956624  0.002  0.000   22.722    3.669    0    0  (Gen:  0)
   520984     82936   7998664  0.002  0.000   22.725    3.669    0    0  (Gen:  0)
   520408     93088   8031536  0.003  0.000   22.729    3.670    0    0  (Gen:  0)
   520328    119056   8091432  0.002  0.000   22.732    3.670    0    0  (Gen:  0)
   520800     94056   8132800  0.003  0.000   22.735    3.671    0    0  (Gen:  0)
   520664    136456   8205232  0.002  0.000   22.738    3.672    0    0  (Gen:  0)
   521256    122408   8271152  0.002  0.000   22.741    3.672    0    0  (Gen:  0)
   521096    104960   8314520  0.003  0.000   22.745    3.673    0    0  (Gen:  0)
   520392    118280   8362336  0.002  0.000   22.748    3.674    0    0  (Gen:  0)
   520544     93640   8420184  0.002  0.000   22.751    3.674    0    0  (Gen:  0)
   521704    148840   8501568  0.003  0.000   22.755    3.675    0    0  (Gen:  0)
   520816     95320   8592120  0.002  0.000   22.758    3.676    0    0  (Gen:  0)
   521304    109152   8646752  0.003  0.000   22.761    3.676    0    0  (Gen:  0)
   521112    138784   8715064  0.002  0.000   22.764    3.677    0    0  (Gen:  0)
   525424    137776   8786528  0.003  0.000   22.768    3.678    0    0  (Gen:  0)
   521456    110624   8837224  0.003  0.000   22.772    3.678    0    0  (Gen:  0)
   521096    164320   8929640  0.003  0.000   22.775    3.679    0    0  (Gen:  0)
   520784    136184   9003024  0.002  0.000   22.778    3.680    0    0  (Gen:  0)
   520536    116120   9054704  0.003  0.000   22.782    3.680    0    0  (Gen:  0)
   520888    124304   9104912  0.003  0.000   22.786    3.681    0    0  (Gen:  0)
   520912    153320   9181016  0.003  0.000   22.790    3.682    0    0  (Gen:  0)
   520920    124624   9232928  0.003  0.000   22.794    3.682    0    0  (Gen:  0)
   521280    139416   9293976  0.003  0.000   22.798    3.683    0    0  (Gen:  0)
   521136    107152   9363496  0.002  0.000   22.802    3.684    0    0  (Gen:  0)
   521248    155304   9438176  0.003  0.000   22.807    3.685    0    0  (Gen:  0)
   525344    140736   9509752  0.002  0.000   22.811    3.685    0    0  (Gen:  0)
   521224    113968   9574888  0.003  0.000   22.816    3.686    0    0  (Gen:  0)
   520832    164568   9660936  0.003  0.000   22.821    3.687    0    0  (Gen:  0)
   521408    163296   9756648  0.003  0.000   22.826    3.688    0    0  (Gen:  0)
   520856    123016   9819144  0.003  0.000   22.831    3.689    0    0  (Gen:  0)
   520824    131680   9869616  0.003  0.000   22.836    3.690    0    0  (Gen:  0)
   524864    168056   9958968  0.003  0.000   22.841    3.691    0    0  (Gen:  0)
   520680    121768  10021112  0.003  0.000   22.846    3.691    0    0  (Gen:  0)
   520760    137864  10075296  0.003  0.000   22.852    3.692    0    0  (Gen:  0)
   525080    159760  10154608  0.003  0.000   22.857    3.693    0    0  (Gen:  0)
   525032    129616  10212984  0.003  0.000   22.862    3.694    0    0  (Gen:  0)
   533264    140184  10269416  0.004  0.000   22.868    3.695    0    0  (Gen:  0)
   713976    115416  10307248  0.003  0.000   22.873    3.696    0    0  (Gen:  0)
   520432     45064  10327312  0.002  0.000   22.877    3.697    0    0  (Gen:  0)
   520472     85976  10382288  0.002  0.000   22.881    3.697    0    0  (Gen:  0)
   520848     55872  10413760  0.002  0.000   22.885    3.698    0    0  (Gen:  0)
   520672     90256  10459632  0.002  0.000   22.890    3.699    0    0  (Gen:  0)
   520840     91960  10505832  0.002  0.000   22.894    3.700    0    0  (Gen:  0)
   521248     75776  10541040  0.002  0.000   22.899    3.700    0    0  (Gen:  0)
   521160    104176  10591320  0.002  0.000   22.903    3.701    0    0  (Gen:  0)
   521096    106608  10651072  0.002  0.000   22.907    3.702    0    0  (Gen:  0)
   520968     93408  10686624  0.003  0.000   22.912    3.703    0    0  (Gen:  0)
   521144    108840  10731600  0.002  0.000   22.916    3.703    0    0  (Gen:  0)
   520648     90112  10783328  0.002  0.000   22.921    3.704    0    0  (Gen:  0)
   520640     77320  10856672  0.002  0.000   22.925    3.705    0    0  (Gen:  0)
   521456    119392  10918536  0.002  0.000   22.929    3.706    0    0  (Gen:  0)
   520424     93568  10969568  0.002  0.000   22.934    3.706    0    0  (Gen:  0)
   521040    101160  11028632  0.002  0.000   22.938    3.707    0    0  (Gen:  0)
   520768    133792  11094496  0.002  0.000   22.943    3.708    0    0  (Gen:  0)
   520544    106368  11142400  0.003  0.000   22.948    3.709    0    0  (Gen:  0)
   520672    113528  11185456  0.003  0.000   22.953    3.710    0    0  (Gen:  0)
   521000    140904  11255976  0.003  0.000   22.958    3.711    0    0  (Gen:  0)
   520592    117784  11303792  0.003  0.000   22.964    3.711    0    0  (Gen:  0)
   524832    150648  11383376  0.003  0.000   22.969    3.712    0    0  (Gen:  0)
   521368    107584  11445624  0.003  0.000   22.973    3.713    0    0  (Gen:  0)
   520640    157424  11530544  0.003  0.000   22.978    3.714    0    0  (Gen:  0)
   521512    131328  11599800  0.002  0.000   22.983    3.715    0    0  (Gen:  0)
   521040    103528  11657776  0.003  0.000   22.988    3.716    0    0  (Gen:  0)
   521168    152536  11735704  0.003  0.000   22.993    3.716    0    0  (Gen:  0)
   520320    144184  11803992  0.003  0.000   22.998    3.717    0    0  (Gen:  0)
   521048    116104  11857552  0.003  0.000   23.003    3.718    0    0  (Gen:  0)
   520456    167936  11949232  0.003  0.000   23.008    3.719    0    0  (Gen:  0)
   520880    135296  12028840  0.003  0.000   23.013    3.720    0    0  (Gen:  0)
   520896    125920  12085096  0.003  0.000   23.018    3.721    0    0  (Gen:  0)
   520488    131304  12137744  0.003  0.000   23.024    3.722    0    0  (Gen:  0)
   524776    161840  12219968  0.003  0.000   23.029    3.723    0    0  (Gen:  0)
   521272    133200  12275048  0.004  0.000   23.035    3.723    0    0  (Gen:  0)
   520592    173104  12367264  0.003  0.000   23.040    3.724    0    0  (Gen:  0)
   520464   5460200   6454168  0.015  0.001   23.057    3.726    0    0  (Gen:  1)
   520904    159824   6530240  0.003  0.000   23.061    3.727    0    0  (Gen:  0)
   524728    144216   6607528  0.003  0.000   23.065    3.728    0    0  (Gen:  0)
   521184    122672   6675096  0.003  0.000   23.070    3.729    0    0  (Gen:  0)
   521320    170824   6764880  0.003  0.000   23.074    3.729    0    0  (Gen:  0)
   525584    154096   6839712  0.003  0.000   23.079    3.730    0    0  (Gen:  0)
   524944    119656   6904928  0.003  0.000   23.083    3.731    0    0  (Gen:  0)
   525536    139712   6959968  0.004  0.000   23.089    3.732    0    0  (Gen:  0)
   541368    140064   7016456  0.003  0.000   23.094    3.733    0    0  (Gen:  0)
   520672     42560   7036312  0.002  0.000   23.098    3.733    0    0  (Gen:  0)
   520576     83352   7089808  0.002  0.000   23.102    3.734    0    0  (Gen:  0)
   520512     50664   7124872  0.002  0.000   23.106    3.734    0    0  (Gen:  0)
   520824     88568   7170040  0.002  0.000   23.110    3.735    0    0  (Gen:  0)
   521184     87808   7214368  0.002  0.000   23.114    3.735    0    0  (Gen:  0)
   521208     74176   7251752  0.002  0.000   23.118    3.736    0    0  (Gen:  0)
   520728     84368   7280672  0.003  0.000   23.123    3.737    0    0  (Gen:  0)
   520168    123392   7349656  0.002  0.000   23.127    3.737    0    0  (Gen:  0)
   520928     91888   7388952  0.003  0.000   23.131    3.738    0    0  (Gen:  0)
   520456    102112   7427408  0.003  0.000   23.136    3.739    0    0  (Gen:  0)
   520744     65680   7484816  0.002  0.000   23.140    3.739    0    0  (Gen:  0)
   520568     82272   7563128  0.002  0.000   23.144    3.740    0    0  (Gen:  0)
   521240    108872   7623024  0.002  0.000   23.149    3.741    0    0  (Gen:  0)
   520632     99304   7672904  0.003  0.000   23.153    3.741    0    0  (Gen:  0)
   520992    134584   7741840  0.003  0.000   23.158    3.742    0    0  (Gen:  0)
   520384    131520   7807688  0.002  0.000   23.163    3.743    0    0  (Gen:  0)
   520784    103984   7856224  0.003  0.000   23.168    3.743    0    0  (Gen:  0)
   520904    148016   7933536  0.002  0.000   23.172    3.744    0    0  (Gen:  0)
   520856    126840   8004280  0.002  0.000   23.176    3.745    0    0  (Gen:  0)
   520688    114672   8054712  0.003  0.000   23.182    3.745    0    0  (Gen:  0)
   520880    122376   8103800  0.003  0.000   23.187    3.746    0    0  (Gen:  0)
   521208     76528   8172248  0.002  0.000   23.191    3.747    0    0  (Gen:  0)
   520832    155136   8254816  0.003  0.000   23.195    3.747    0    0  (Gen:  0)
   520656    132008   8321048  0.003  0.000   23.200    3.748    0    0  (Gen:  0)
   521392     98280   8381768  0.003  0.000   23.205    3.749    0    0  (Gen:  0)
   521208    149504   8455352  0.003  0.000   23.210    3.750    0    0  (Gen:  0)
   521008    137264   8523264  0.003  0.000   23.214    3.750    0    0  (Gen:  0)
   520328    118072   8580928  0.003  0.000   23.219    3.751    0    0  (Gen:  0)
   521072    174640   8678992  0.003  0.000   23.224    3.752    0    0  (Gen:  0)
   520320    130536   8758584  0.002  0.000   23.229    3.752    0    0  (Gen:  0)
   521312    121824   8817800  0.003  0.000   23.234    3.753    0    0  (Gen:  0)
   520840    129688   8868752  0.003  0.000   23.239    3.754    0    0  (Gen:  0)
   521208    160216   8949400  0.003  0.000   23.243    3.755    0    0  (Gen:  0)
   520408    127440   9004712  0.003  0.000   23.249    3.755    0    0  (Gen:  0)
   520872    172608   9097384  0.003  0.000   23.253    3.756    0    0  (Gen:  0)
   520840    154768   9178488  0.003  0.000   23.258    3.757    0    0  (Gen:  0)
   521088    139296   9234952  0.004  0.000   23.264    3.758    0    0  (Gen:  0)
   521592    169648   9321744  0.003  0.000   23.269    3.758    0    0  (Gen:  0)
   520848    134560   9392352  0.003  0.000   23.274    3.759    0    0  (Gen:  0)
   520688    169384   9479664  0.003  0.000   23.279    3.760    0    0  (Gen:  0)
   520752    146088   9552784  0.003  0.000   23.283    3.760    0    0  (Gen:  0)
   521176    113568   9618040  0.003  0.000   23.288    3.761    0    0  (Gen:  0)
   520744    163864   9701040  0.003  0.000   23.292    3.762    0    0  (Gen:  0)
   685592    150928   9773464  0.003  0.000   23.297    3.763    0    0  (Gen:  0)
   521040    114472   9842552  0.003  0.000   23.302    3.763    0    0  (Gen:  0)
   521240    168896   9928184  0.003  0.000   23.307    3.764    0    0  (Gen:  0)
   520816    154240  10004152  0.002  0.000   23.312    3.765    0    0  (Gen:  0)
   520848    123968  10068744  0.003  0.000   23.317    3.766    0    0  (Gen:  0)
   520800    142888  10127320  0.004  0.000   23.323    3.766    0    0  (Gen:  0)
   520096    171000  10215104  0.003  0.000   23.328    3.767    0    0  (Gen:  0)
   520640    133040  10279560  0.003  0.000   23.333    3.768    0    0  (Gen:  0)
   521120    143264  10338840  0.004  0.000   23.339    3.769    0    0  (Gen:  0)
   520752    173648  10425976  0.003  0.000   23.344    3.769    0    0  (Gen:  0)
   520416    139840  10487512  0.004  0.000   23.350    3.770    0    0  (Gen:  0)
   521184    146784  10546384  0.004  0.000   23.356    3.771    0    0  (Gen:  0)
   521008    174360  10636256  0.003  0.000   23.361    3.772    0    0  (Gen:  0)
   521136    142872  10693792  0.004  0.000   23.367    3.773    0    0  (Gen:  0)
   520704    175824  10782280  0.003  0.000   23.372    3.774    0    0  (Gen:  0)
   521416    133896  10857928  0.003  0.000   23.377    3.774    0    0  (Gen:  0)
   520968    168864  10940336  0.003  0.000   23.382    3.775    0    0  (Gen:  0)
   520816    147536  11017128  0.003  0.000   23.387    3.776    0    0  (Gen:  0)
   520208    114280  11089056  0.003  0.000   23.391    3.776    0    0  (Gen:  0)
   521432    172360  11174280  0.002  0.000   23.396    3.777    0    0  (Gen:  0)
   521264    154176  11252824  0.003  0.000   23.400    3.778    0    0  (Gen:  0)
   520920    126552  11322768  0.003  0.000   23.404    3.779    0    0  (Gen:  0)
   521416     91248  11410064  0.003  0.000   23.408    3.779    0    0  (Gen:  0)
   525096    166728  11495456  0.003  0.000   23.412    3.780    0    0  (Gen:  0)
   520648    139472  11564272  0.003  0.000   23.417    3.781    0    0  (Gen:  0)
   520688    193464  11669560  0.003  0.000   23.421    3.781    0    0  (Gen:  0)
   520680    157960  11759304  0.003  0.000   23.425    3.782    0    0  (Gen:  0)
   520936    142168  11829680  0.004  0.000   23.430    3.783    0    0  (Gen:  0)
   521208    153200  11892320  0.004  0.000   23.436    3.783    0    0  (Gen:  0)
   521176    186192  11988360  0.003  0.000   23.440    3.784    0    0  (Gen:  0)
   520872    147744  12055984  0.004  0.000   23.445    3.785    0    0  (Gen:  0)
   520920    192048  12157224  0.003  0.000   23.450    3.786    0    0  (Gen:  0)
   521352    164872  12247992  0.003  0.000   23.454    3.786    0    0  (Gen:  0)
   521248    154024  12318944  0.004  0.000   23.459    3.787    0    0  (Gen:  0)
   521432    157080  12382768  0.004  0.000   23.464    3.788    0    0  (Gen:  0)
   524608    184552  12475616  0.003  0.000   23.469    3.788    0    0  (Gen:  0)
   520704    156608  12544800  0.004  0.000   23.474    3.789    0    0  (Gen:  0)
   520504    193560  12646920  0.005  0.000   23.480    3.790    0    0  (Gen:  0)
   520904   5454832   6440656  0.020  0.002   23.501    3.792    0    0  (Gen:  1)
   521048    191112   6537208  0.003  0.000   23.505    3.793    0    0  (Gen:  0)
   524888    158256   6618472  0.002  0.000   23.509    3.793    0    0  (Gen:  0)
   521120    147016   6696880  0.003  0.000   23.513    3.794    0    0  (Gen:  0)
   520536    185568   6790968  0.002  0.000   23.516    3.795    0    0  (Gen:  0)
   524040    156888   6872680  0.002  0.000   23.519    3.795    0    0  (Gen:  0)
   520704    134944   6949744  0.003  0.000   23.523    3.796    0    0  (Gen:  0)
   529920    181840   7039224  0.002  0.000   23.526    3.796    0    0  (Gen:  0)
   942384    137064   7100168  0.003  0.000   23.530    3.797    0    0  (Gen:  0)
   566160     34808   7123464  0.001  0.000   23.533    3.797    0    0  (Gen:  0)
   520344     62816   7162312  0.001  0.000   23.535    3.798    0    0  (Gen:  0)
   521000     67624   7198208  0.001  0.000   23.537    3.798    0    0  (Gen:  0)
   521024     58104   7225336  0.002  0.000   23.540    3.799    0    0  (Gen:  0)
   520632     70752   7249536  0.002  0.000   23.543    3.799    0    0  (Gen:  0)
   520344     99184   7302368  0.002  0.000   23.546    3.800    0    0  (Gen:  0)
   520992     78792   7332752  0.002  0.000   23.549    3.800    0    0  (Gen:  0)
   520392     96376   7375656  0.001  0.000   23.552    3.801    0    0  (Gen:  0)
   520672     87384   7424392  0.002  0.000   23.555    3.801    0    0  (Gen:  0)
   520640    128600   7493240  0.001  0.000   23.557    3.802    0    0  (Gen:  0)
   521616    113864   7548576  0.002  0.000   23.560    3.802    0    0  (Gen:  0)
   521184     89880   7593504  0.002  0.000   23.563    3.803    0    0  (Gen:  0)
   520296     91728   7680504  0.002  0.000   23.566    3.803    0    0  (Gen:  0)
   520760    118768   7748424  0.002  0.000   23.569    3.804    0    0  (Gen:  0)
   520784    101160   7795128  0.003  0.000   23.572    3.804    0    0  (Gen:  0)
   520872    109136   7835528  0.003  0.000   23.576    3.805    0    0  (Gen:  0)
   520752    139112   7905712  0.002  0.000   23.579    3.805    0    0  (Gen:  0)
   520920    112288   7948912  0.003  0.000   23.583    3.806    0    0  (Gen:  0)
   520208    127192   8005600  0.002  0.000   23.586    3.807    0    0  (Gen:  0)
   521304    104680   8065320  0.002  0.000   23.589    3.807    0    0  (Gen:  0)
   521176    143576   8135424  0.002  0.000   23.592    3.808    0    0  (Gen:  0)
   718136    113832   8187960  0.003  0.000   23.596    3.808    0    0  (Gen:  0)
   521088     33696   8206032  0.001  0.000   23.599    3.809    0    0  (Gen:  0)
   520128     47816   8226944  0.002  0.000   23.601    3.809    0    0  (Gen:  0)
   520680     86808   8279016  0.001  0.000   23.603    3.810    0    0  (Gen:  0)
   520624     66768   8306088  0.002  0.000   23.606    3.810    0    0  (Gen:  0)
   520208     78552   8336520  0.002  0.000   23.610    3.811    0    0  (Gen:  0)
   520032     57704   8380912  0.002  0.000   23.612    3.811    0    0  (Gen:  0)
   521080     72960   8449864  0.002  0.000   23.615    3.812    0    0  (Gen:  0)
   521848     96488   8499088  0.002  0.000   23.618    3.812    0    0  (Gen:  0)
   521264     89216   8543760  0.002  0.000   23.621    3.813    0    0  (Gen:  0)
   521248     95072   8577544  0.002  0.000   23.624    3.814    0    0  (Gen:  0)
   525384    123368   8638264  0.002  0.000   23.627    3.814    0    0  (Gen:  0)
   520464     97032   8679512  0.002  0.000   23.631    3.815    0    0  (Gen:  0)
   520920    136368   8752832  0.002  0.000   23.634    3.816    0    0  (Gen:  0)
   520888    129920   8820800  0.002  0.000   23.637    3.816    0    0  (Gen:  0)
   520872    108736   8862648  0.003  0.000   23.641    3.817    0    0  (Gen:  0)
   525192    125664   8919800  0.002  0.000   23.644    3.817    0    0  (Gen:  0)
   521360     97640   8976880  0.002  0.000   23.647    3.818    0    0  (Gen:  0)
   520952    138568   9044520  0.002  0.000   23.650    3.819    0    0  (Gen:  0)
   525240    127024   9106584  0.002  0.000   23.653    3.819    0    0  (Gen:  0)
   525088    102216   9161232  0.002  0.000   23.657    3.820    0    0  (Gen:  0)
   529040    118272   9206136  0.003  0.000   23.661    3.821    0    0  (Gen:  0)
   759288    120944   9257552  0.003  0.000   23.665    3.821    0    0  (Gen:  0)
   521208     40624   9277064  0.001  0.000   23.667    3.822    0    0  (Gen:  0)
   520520     74920   9322552  0.002  0.000   23.669    3.822    0    0  (Gen:  0)
   520584     72064   9363000  0.002  0.000   23.672    3.823    0    0  (Gen:  0)
   521216     67416   9387640  0.002  0.000   23.676    3.823    0    0  (Gen:  0)
   520472    120456   9458280  0.002  0.000   23.679    3.824    0    0  (Gen:  0)
   521056     88120   9496032  0.002  0.000   23.682    3.824    0    0  (Gen:  0)
   520408    127264   9569320  0.002  0.000   23.685    3.825    0    0  (Gen:  0)
   520976     94984   9628224  0.002  0.000   23.688    3.826    0    0  (Gen:  0)
   520712     89208   9668640  0.002  0.000   23.691    3.826    0    0  (Gen:  0)
   521032     96120   9702992  0.002  0.000   23.695    3.827    0    0  (Gen:  0)
   521584    124920   9768856  0.002  0.000   23.698    3.827    0    0  (Gen:  0)
   521024     98992   9804360  0.003  0.000   23.702    3.828    0    0  (Gen:  0)
   520472    137912   9878328  0.002  0.000   23.705    3.829    0    0  (Gen:  0)
   521088     97248   9930016  0.002  0.000   23.708    3.829    0    0  (Gen:  0)
   520912    138904  10003904  0.003  0.000   23.713    3.830    0    0  (Gen:  0)
   521152    126288  10070016  0.002  0.000   23.716    3.831    0    0  (Gen:  0)
   520016    100984  10119424  0.002  0.000   23.720    3.831    0    0  (Gen:  0)
   520744    112856  10163088  0.003  0.000   23.724    3.832    0    0  (Gen:  0)
   520736    146736  10238040  0.002  0.000   23.728    3.833    0    0  (Gen:  0)
   520864    118936  10290168  0.003  0.000   23.733    3.834    0    0  (Gen:  0)
   520712    117480  10333168  0.003  0.000   23.737    3.834    0    0  (Gen:  0)
   944568    106592  10371952  0.002  0.000   23.741    3.835    0    0  (Gen:  0)
   520960     45536  10390936  0.002  0.000   23.745    3.836    0    0  (Gen:  0)
   520568     76376  10437528  0.002  0.000   23.748    3.836    0    0  (Gen:  0)
   520824     63888  10476712  0.001  0.000   23.752    3.837    0    0  (Gen:  0)
   520552     87648  10521208  0.002  0.000   23.755    3.837    0    0  (Gen:  0)
   520800     89912  10567592  0.002  0.000   23.759    3.838    0    0  (Gen:  0)
   520848     75560  10606584  0.002  0.000   23.763    3.839    0    0  (Gen:  0)
   520752     85456  10635008  0.002  0.000   23.767    3.839    0    0  (Gen:  0)
   521104    117800  10696840  0.002  0.000   23.771    3.840    0    0  (Gen:  0)
   520816     88976  10733264  0.002  0.000   23.775    3.840    0    0  (Gen:  0)
   520904     93544  10767280  0.002  0.000   23.780    3.841    0    0  (Gen:  0)
   520448    126816  10834200  0.002  0.000   23.783    3.842    0    0  (Gen:  0)
   520464    100808  10870192  0.003  0.000   23.788    3.842    0    0  (Gen:  0)
   520752    147248  10952712  0.002  0.000   23.792    3.843    0    0  (Gen:  0)
   520896     87152  11004320  0.002  0.000   23.796    3.844    0    0  (Gen:  0)
   520280    131320  11068152  0.002  0.000   23.800    3.844    0    0  (Gen:  0)
   521000    126480  11131152  0.002  0.000   23.804    3.845    0    0  (Gen:  0)
   520752     97528  11180344  0.002  0.000   23.808    3.846    0    0  (Gen:  0)
   520648    111048  11220784  0.003  0.000   23.813    3.846    0    0  (Gen:  0)
   521344    135184  11286632  0.002  0.000   23.817    3.847    0    0  (Gen:  0)
   520864    112352  11337144  0.003  0.000   23.822    3.848    0    0  (Gen:  0)
   520784    115768  11382336  0.003  0.000   23.826    3.848    0    0  (Gen:  0)
   525040    146752  11457728  0.002  0.000   23.830    3.849    0    0  (Gen:  0)
   521160    115792  11503288  0.003  0.000   23.835    3.850    0    0  (Gen:  0)
   520680    152064  11581840  0.003  0.000   23.839    3.851    0    0  (Gen:  0)
   520800     94704  11645944  0.002  0.000   23.843    3.851    0    0  (Gen:  0)
   520176    147648  11718144  0.002  0.000   23.847    3.852    0    0  (Gen:  0)
   520712    136624  11788544  0.002  0.000   23.851    3.853    0    0  (Gen:  0)
   521240    101112  11847656  0.002  0.000   23.856    3.853    0    0  (Gen:  0)
   521288    151776  11923640  0.002  0.000   23.860    3.854    0    0  (Gen:  0)
   520968    144832  11994576  0.002  0.000   23.864    3.855    0    0  (Gen:  0)
   520880    123416  12057672  0.003  0.000   23.869    3.855    0    0  (Gen:  0)
   521128    131912  12109328  0.003  0.000   23.874    3.856    0    0  (Gen:  0)
   525408    170392  12200984  0.002  0.000   23.878    3.857    0    0  (Gen:  0)
   521176    125544  12259944  0.003  0.000   23.883    3.858    0    0  (Gen:  0)
   520688    168144  12348032  0.002  0.000   23.887    3.858    0    0  (Gen:  0)
   520832    155056  12429352  0.002  0.000   23.891    3.859    0    0  (Gen:  0)
   521216    130336  12484160  0.003  0.000   23.896    3.860    0    0  (Gen:  0)
   525104    156800  12562176  0.002  0.000   23.901    3.860    0    0  (Gen:  0)
   520816    122496  12635544  0.002  0.000   23.904    3.861    0    0  (Gen:  0)
   520504   4729168   5727224  0.013  0.001   23.920    3.863    0    0  (Gen:  1)
   524776    148032   5793488  0.002  0.000   23.924    3.863    0    0  (Gen:  0)
   521032    125960   5862480  0.002  0.000   23.928    3.864    0    0  (Gen:  0)
   529328    169184   5951024  0.002  0.000   23.932    3.865    0    0  (Gen:  0)
   779520    129616   6007184  0.003  0.000   23.937    3.866    0    0  (Gen:  0)
   520480     33912   6025712  0.001  0.000   23.940    3.866    0    0  (Gen:  0)
   520824     63536   6063096  0.001  0.000   23.944    3.867    0    0  (Gen:  0)
   521056     71640   6099224  0.001  0.000   23.947    3.867    0    0  (Gen:  0)
   520912     64272   6127112  0.001  0.000   23.951    3.868    0    0  (Gen:  0)
   521496     74392   6153384  0.002  0.000   23.955    3.869    0    0  (Gen:  0)
   520936     53864   6202088  0.001  0.000   23.958    3.869    0    0  (Gen:  0)
   521344    112184   6261512  0.002  0.000   23.962    3.870    0    0  (Gen:  0)
   521056    102720   6311544  0.002  0.000   23.966    3.871    0    0  (Gen:  0)
   521152     90400   6355664  0.002  0.000   23.970    3.872    0    0  (Gen:  0)
   521000    117232   6413904  0.002  0.000   23.973    3.872    0    0  (Gen:  0)
   520496    121616   6473760  0.002  0.000   23.977    3.873    0    0  (Gen:  0)
   520536     98056   6513168  0.002  0.000   23.981    3.874    0    0  (Gen:  0)
   521256    143168   6593880  0.002  0.000   23.985    3.874    0    0  (Gen:  0)
   521224    133984   6661336  0.002  0.000   23.989    3.875    0    0  (Gen:  0)
   520176    106928   6703904  0.002  0.000   23.993    3.876    0    0  (Gen:  0)
   521472    120352   6754856  0.002  0.000   23.997    3.877    0    0  (Gen:  0)
   520944    100496   6813704  0.002  0.000   24.001    3.877    0    0  (Gen:  0)
   520136    146416   6892128  0.002  0.000   24.005    3.878    0    0  (Gen:  0)
   520744    129928   6957368  0.002  0.000   24.008    3.879    0    0  (Gen:  0)
   520928    115328   7012136  0.002  0.000   24.012    3.879    0    0  (Gen:  0)
   520576    119472   7058120  0.002  0.000   24.016    3.880    0    0  (Gen:  0)
   521208    155184   7140432  0.002  0.000   24.020    3.881    0    0  (Gen:  0)
   520536    122496   7192272  0.002  0.000   24.025    3.882    0    0  (Gen:  0)
   520968    162464   7280136  0.002  0.000   24.029    3.882    0    0  (Gen:  0)
   521040    146984   7354992  0.002  0.000   24.033    3.883    0    0  (Gen:  0)
   521264    120432   7406056  0.002  0.000   24.037    3.884    0    0  (Gen:  0)
   521000    126792   7457504  0.003  0.000   24.042    3.885    0    0  (Gen:  0)
   520232     74144   7525656  0.001  0.000   24.046    3.885    0    0  (Gen:  0)
   520688    157304   7610504  0.002  0.000   24.050    3.886    0    0  (Gen:  0)
   520760    135736   7675976  0.002  0.000   24.054    3.887    0    0  (Gen:  0)
   520976    129176   7743576  0.002  0.000   24.058    3.888    0    0  (Gen:  0)
   520952    165120   7829536  0.002  0.000   24.062    3.888    0    0  (Gen:  0)
   520512    150352   7904712  0.002  0.000   24.066    3.889    0    0  (Gen:  0)
   521056    124544   7964600  0.002  0.000   24.070    3.890    0    0  (Gen:  0)
   520424    159032   8046088  0.002  0.000   24.074    3.891    0    0  (Gen:  0)
   520280    155680   8120968  0.002  0.000   24.078    3.892    0    0  (Gen:  0)
   520576    126472   8185256  0.002  0.000   24.083    3.892    0    0  (Gen:  0)
   520552    138080   8240032  0.002  0.000   24.087    3.893    0    0  (Gen:  0)
   521624    172232   8329208  0.002  0.000   24.091    3.894    0    0  (Gen:  0)
   520552    140936   8389576  0.002  0.000   24.095    3.895    0    0  (Gen:  0)
   520912    138760   8444800  0.002  0.000   24.100    3.895    0    0  (Gen:  0)
   520608    169872   8533880  0.002  0.000   24.104    3.896    0    0  (Gen:  0)
   520856    136544   8589976  0.002  0.000   24.108    3.897    0    0  (Gen:  0)
   558640    145568   8658600  0.002  0.000   24.112    3.898    0    0  (Gen:  0)
   685664     87600   8679968  0.002  0.000   24.115    3.898    0    0  (Gen:  0)
   520824     44184   8698600  0.001  0.000   24.119    3.899    0    0  (Gen:  0)
   520824     80448   8747720  0.002  0.000   24.123    3.900    0    0  (Gen:  0)
   520520     59992   8778328  0.001  0.000   24.126    3.900    0    0  (Gen:  0)
   520400     71792   8804480  0.001  0.000   24.130    3.901    0    0  (Gen:  0)
   521032     98944   8853008  0.001  0.000   24.133    3.902    0    0  (Gen:  0)
   520840     84008   8886976  0.002  0.000   24.137    3.902    0    0  (Gen:  0)
   520840    118264   8953832  0.002  0.000   24.141    3.903    0    0  (Gen:  0)
   521064    116376   9015056  0.002  0.000   24.145    3.904    0    0  (Gen:  0)
   520960     91040   9046912  0.002  0.000   24.148    3.905    0    0  (Gen:  0)
   521184    108112   9094032  0.002  0.000   24.152    3.905    0    0  (Gen:  0)
   520592    102688   9145760  0.002  0.000   24.156    3.906    0    0  (Gen:  0)
   520928    132464   9213984  0.002  0.000   24.160    3.907    0    0  (Gen:  0)
   520688    122024   9274928  0.002  0.000   24.164    3.907    0    0  (Gen:  0)
   520096    103248   9322952  0.002  0.000   24.167    3.908    0    0  (Gen:  0)
   520304    109712   9364568  0.002  0.000   24.171    3.909    0    0  (Gen:  0)
   519920    133176   9429632  0.002  0.000   24.176    3.910    0    0  (Gen:  0)
   520872    108248   9475168  0.002  0.000   24.179    3.910    0    0  (Gen:  0)
   521360    148808   9553472  0.002  0.000   24.184    3.911    0    0  (Gen:  0)
   520952    129312   9623368  0.002  0.000   24.188    3.912    0    0  (Gen:  0)
   521400    117168   9670392  0.002  0.000   24.192    3.913    0    0  (Gen:  0)
   525000    128808   9728168  0.002  0.000   24.196    3.913    0    0  (Gen:  0)
   521576    104280   9789632  0.002  0.000   24.200    3.914    0    0  (Gen:  0)
   520768    157000   9875568  0.002  0.000   24.204    3.915    0    0  (Gen:  0)
   521408    137600   9941608  0.002  0.000   24.208    3.916    0    0  (Gen:  0)
   520704    114520   9999512  0.002  0.000   24.212    3.916    0    0  (Gen:  0)
   520288    150848  10076384  0.002  0.000   24.216    3.917    0    0  (Gen:  0)
   521120    145344  10146152  0.002  0.000   24.220    3.918    0    0  (Gen:  0)
   521216    125576  10202984  0.002  0.000   24.224    3.919    0    0  (Gen:  0)
   520848    129544  10255368  0.002  0.000   24.228    3.919    0    0  (Gen:  0)
   521176    152080  10330752  0.002  0.000   24.232    3.920    0    0  (Gen:  0)
   521392    128112  10388296  0.002  0.000   24.236    3.921    0    0  (Gen:  0)
   521152    131560  10441208  0.002  0.000   24.240    3.922    0    0  (Gen:  0)
   525328    164792  10527928  0.002  0.000   24.244    3.922    0    0  (Gen:  0)
   521016    136752  10584344  0.002  0.000   24.249    3.923    0    0  (Gen:  0)
   521296    171512  10676232  0.002  0.000   24.253    3.924    0    0  (Gen:  0)
   521344    144816  10750328  0.002  0.000   24.257    3.925    0    0  (Gen:  0)
   520528    156168  10823664  0.002  0.000   24.261    3.926    0    0  (Gen:  0)
   524712    138624  10895176  0.002  0.000   24.265    3.926    0    0  (Gen:  0)
   521144    123432  10961536  0.002  0.000   24.269    3.927    0    0  (Gen:  0)
   520760    168528  11048696  0.002  0.000   24.273    3.928    0    0  (Gen:  0)
   524480    148608  11123056  0.002  0.000   24.278    3.929    0    0  (Gen:  0)
   521056    117632  11187232  0.002  0.000   24.282    3.929    0    0  (Gen:  0)
   529344    161280  11267240  0.002  0.000   24.286    3.930    0    0  (Gen:  0)
   722160   4799680   5793592  0.013  0.001   24.300    3.932    0    0  (Gen:  1)
   520432     85728   5813208  0.002  0.000   24.305    3.933    0    0  (Gen:  0)
   520640     79352   5864104  0.002  0.000   24.309    3.933    0    0  (Gen:  0)
   520864     78112   5904992  0.002  0.000   24.312    3.934    0    0  (Gen:  0)
   520784     66328   5931208  0.001  0.000   24.316    3.935    0    0  (Gen:  0)
   520696     85480   5967128  0.002  0.000   24.320    3.935    0    0  (Gen:  0)
   521048     74864   6009184  0.001  0.000   24.323    3.936    0    0  (Gen:  0)
   521256    119088   6074296  0.002  0.000   24.327    3.937    0    0  (Gen:  0)
   521056    104416   6125712  0.002  0.000   24.331    3.937    0    0  (Gen:  0)
   520768     92096   6168584  0.002  0.000   24.335    3.938    0    0  (Gen:  0)
   520984     97400   6204696  0.002  0.000   24.338    3.939    0    0  (Gen:  0)
   520976    122720   6266168  0.002  0.000   24.342    3.940    0    0  (Gen:  0)
   520520     98880   6303704  0.002  0.000   24.346    3.940    0    0  (Gen:  0)
   521368    140976   6380000  0.002  0.000   24.350    3.941    0    0  (Gen:  0)
   520776    115448   6438688  0.002  0.000   24.354    3.942    0    0  (Gen:  0)
   520648    127672   6498888  0.002  0.000   24.358    3.942    0    0  (Gen:  0)
   521392    121280   6561696  0.002  0.000   24.362    3.943    0    0  (Gen:  0)
   520600    103632   6615112  0.002  0.000   24.365    3.944    0    0  (Gen:  0)
   520192    139808   6687072  0.002  0.000   24.369    3.945    0    0  (Gen:  0)
   520800    135312   6753720  0.002  0.000   24.373    3.945    0    0  (Gen:  0)
   520816    112160   6806816  0.002  0.000   24.377    3.946    0    0  (Gen:  0)
   520840    118576   6850712  0.002  0.000   24.381    3.947    0    0  (Gen:  0)
   524992    146064   6924112  0.002  0.000   24.385    3.947    0    0  (Gen:  0)
   521424    117736   6971760  0.002  0.000   24.389    3.948    0    0  (Gen:  0)
   521024    158912   7057504  0.002  0.000   24.393    3.949    0    0  (Gen:  0)
   520944    141144   7129856  0.002  0.000   24.398    3.950    0    0  (Gen:  0)
   521312    122320   7178336  0.003  0.000   24.402    3.950    0    0  (Gen:  0)
   520856    159880   7262536  0.003  0.000   24.406    3.951    0    0  (Gen:  0)
   520360    112848   7322840  0.003  0.000   24.410    3.952    0    0  (Gen:  0)
   520544    156064   7405128  0.003  0.000   24.414    3.953    0    0  (Gen:  0)
   520800    135328   7474176  0.003  0.000   24.418    3.953    0    0  (Gen:  0)
   520808    126640   7538440  0.003  0.000   24.422    3.954    0    0  (Gen:  0)
   521032    158408   7618568  0.003  0.000   24.426    3.955    0    0  (Gen:  0)
   524256    155056   7696264  0.002  0.000   24.430    3.955    0    0  (Gen:  0)
   521272    119352   7754464  0.003  0.000   24.434    3.956    0    0  (Gen:  0)
   520896     99384   7849624  0.002  0.000   24.437    3.957    0    0  (Gen:  0)
   520504    130512   7931608  0.003  0.000   24.441    3.958    0    0  (Gen:  0)
   520544    131144   7992520  0.003  0.000   24.446    3.958    0    0  (Gen:  0)
   520600    139152   8048192  0.004  0.000   24.451    3.959    0    0  (Gen:  0)
   525432    170040   8134080  0.003  0.000   24.455    3.960    0    0  (Gen:  0)
   521232    135272   8194224  0.003  0.000   24.459    3.961    0    0  (Gen:  0)
   525464    143736   8254200  0.003  0.000   24.464    3.961    0    0  (Gen:  0)
   521120     95352   8327584  0.003  0.000   24.468    3.962    0    0  (Gen:  0)
   525488    160208   8405552  0.003  0.000   24.472    3.963    0    0  (Gen:  0)
   545072    124656   8465712  0.003  0.000   24.476    3.964    0    0  (Gen:  0)
   520848     34816   8484912  0.002  0.000   24.478    3.964    0    0  (Gen:  0)
   520544     61144   8519792  0.002  0.000   24.481    3.964    0    0  (Gen:  0)
   521184     74424   8559360  0.002  0.000   24.484    3.965    0    0  (Gen:  0)
   520896     62328   8585088  0.002  0.000   24.487    3.965    0    0  (Gen:  0)
   521256     78232   8614576  0.003  0.000   24.490    3.966    0    0  (Gen:  0)
   521544     56304   8661152  0.002  0.000   24.493    3.966    0    0  (Gen:  0)
   520632    119408   8727320  0.002  0.000   24.496    3.967    0    0  (Gen:  0)
   520392    100248   8778576  0.002  0.000   24.499    3.967    0    0  (Gen:  0)
   520784     87112   8824040  0.002  0.000   24.503    3.968    0    0  (Gen:  0)
   520568     95512   8856944  0.003  0.000   24.506    3.968    0    0  (Gen:  0)
   520904    131416   8927200  0.002  0.000   24.510    3.969    0    0  (Gen:  0)
   520584     92896   8966360  0.003  0.000   24.513    3.969    0    0  (Gen:  0)
   521040    139264   9043160  0.002  0.000   24.517    3.970    0    0  (Gen:  0)
   520904    122640   9110016  0.002  0.000   24.520    3.970    0    0  (Gen:  0)
   520568    107424   9153576  0.003  0.000   24.524    3.971    0    0  (Gen:  0)
   520736    121512   9205336  0.003  0.000   24.527    3.972    0    0  (Gen:  0)
   520808     90672   9263096  0.002  0.000   24.530    3.972    0    0  (Gen:  0)
   520752    146096   9341192  0.002  0.000   24.534    3.973    0    0  (Gen:  0)
   520824    126680   9406008  0.002  0.000   24.538    3.973    0    0  (Gen:  0)
   521144    101824   9461464  0.002  0.000   24.541    3.974    0    0  (Gen:  0)
   520408    118824   9505688  0.003  0.000   24.545    3.974    0    0  (Gen:  0)
   521040    144480   9577144  0.002  0.000   24.549    3.975    0    0  (Gen:  0)
   520872    114424   9628912  0.003  0.000   24.553    3.975    0    0  (Gen:  0)
   520640    160248   9714272  0.003  0.000   24.557    3.976    0    0  (Gen:  0)
   521032    141864   9788448  0.003  0.000   24.561    3.977    0    0  (Gen:  0)
   521744    118696   9838920  0.003  0.000   24.565    3.977    0    0  (Gen:  0)
   520888    129184   9892048  0.003  0.000   24.569    3.978    0    0  (Gen:  0)
   520688    101760   9957936  0.002  0.000   24.572    3.978    0    0  (Gen:  0)
   520448    146304  10030408  0.002  0.000   24.576    3.979    0    0  (Gen:  0)
   520728    145512  10114168  0.003  0.000   24.580    3.980    0    0  (Gen:  0)
   520944    102352  10181344  0.003  0.000   24.584    3.980    0    0  (Gen:  0)
   521432    156080  10257280  0.003  0.000   24.587    3.981    0    0  (Gen:  0)
   520704    148416  10333272  0.002  0.000   24.592    3.981    0    0  (Gen:  0)
   520272    117544  10393880  0.003  0.000   24.597    3.982    0    0  (Gen:  0)
   521168    176952  10492144  0.003  0.000   24.601    3.983    0    0  (Gen:  0)
   520728    145544  10580400  0.003  0.000   24.606    3.983    0    0  (Gen:  0)
   520752    128576  10645200  0.003  0.000   24.611    3.984    0    0  (Gen:  0)
   521808    138424  10698992  0.004  0.000   24.616    3.985    0    0  (Gen:  0)
   520944    173472  10789440  0.003  0.000   24.621    3.986    0    0  (Gen:  0)
   520760    132768  10849280  0.003  0.000   24.627    3.986    0    0  (Gen:  0)
   520960    139552  10904136  0.004  0.000   24.632    3.987    0    0  (Gen:  0)
   520672    162832  10985976  0.003  0.000   24.637    3.988    0    0  (Gen:  0)
   521112    136008  11042032  0.003  0.000   24.642    3.989    0    0  (Gen:  0)
   644472    141432  11119688  0.003  0.000   24.647    3.989    0    0  (Gen:  0)
   558296     81664  11183856  0.002  0.000   24.652    3.990    0    0  (Gen:  0)
   520928    140736  11243992  0.003  0.000   24.657    3.991    0    0  (Gen:  0)
   521080    177800  11340616  0.003  0.000   24.662    3.992    0    0  (Gen:  0)
   520544    112568  11411584  0.003  0.000   24.667    3.992    0    0  (Gen:  0)
   520976    160688  11490464  0.003  0.000   24.671    3.993    0    0  (Gen:  0)
   520520   4892576   5878368  0.012  0.001   24.686    3.995    0    0  (Gen:  1)
   520336    143168   5939056  0.002  0.000   24.691    3.995    0    0  (Gen:  0)
   520600    169168   6022552  0.002  0.000   24.694    3.996    0    0  (Gen:  0)
   521160    158736   6102120  0.002  0.000   24.698    3.997    0    0  (Gen:  0)
   520400    133848   6171992  0.002  0.000   24.702    3.997    0    0  (Gen:  0)
   521264    147968   6231624  0.002  0.000   24.706    3.998    0    0  (Gen:  0)
   520744    180192   6328664  0.003  0.000   24.711    3.999    0    0  (Gen:  0)
   521080    131600   6392600  0.002  0.000   24.715    3.999    0    0  (Gen:  0)
   520952    184720   6493800  0.003  0.000   24.720    4.000    0    0  (Gen:  0)
   521176    148272   6580112  0.002  0.000   24.724    4.001    0    0  (Gen:  0)
   521584    143600   6646040  0.002  0.000   24.728    4.001    0    0  (Gen:  0)
   520584    148696   6706608  0.002  0.000   24.732    4.002    0    0  (Gen:  0)
   520376    172744   6793368  0.002  0.000   24.736    4.003    0    0  (Gen:  0)
   520720    145296   6855304  0.002  0.000   24.740    4.003    0    0  (Gen:  0)
   521528    187680   6953752  0.002  0.000   24.745    4.004    0    0  (Gen:  0)
   520776    167656   7038920  0.003  0.000   24.750    4.005    0    0  (Gen:  0)
   521552    149776   7102448  0.004  0.000   24.756    4.006    0    0  (Gen:  0)
   525208    188800   7205208  0.003  0.000   24.761    4.007    0    0  (Gen:  0)
   520728    151408   7285048  0.003  0.000   24.766    4.007    0    0  (Gen:  0)
   520800    188936   7386376  0.003  0.000   24.771    4.008    0    0  (Gen:  0)
   520784    155072   7466032  0.003  0.000   24.776    4.009    0    0  (Gen:  0)
   520768    127832   7540536  0.003  0.000   24.781    4.010    0    0  (Gen:  0)
   521136    176224   7627680  0.003  0.000   24.786    4.011    0    0  (Gen:  0)
   520912    162128   7709784  0.003  0.000   24.791    4.011    0    0  (Gen:  0)
   520912    120680   7783912  0.003  0.000   24.796    4.012    0    0  (Gen:  0)
   520968    178264   7872544  0.003  0.000   24.802    4.013    0    0  (Gen:  0)
   521384    167304   7954480  0.003  0.000   24.806    4.014    0    0  (Gen:  0)
   521104    141976   8031128  0.003  0.000   24.812    4.014    0    0  (Gen:  0)
   521376    157440   8094168  0.004  0.000   24.818    4.015    0    0  (Gen:  0)
   525072    192080   8196184  0.003  0.000   24.823    4.016    0    0  (Gen:  0)
   520320    141536   8269264  0.003  0.000   24.828    4.017    0    0  (Gen:  0)
   520784    200944   8378064  0.003  0.000   24.834    4.018    0    0  (Gen:  0)
   520600    157576   8470760  0.003  0.000   24.838    4.018    0    0  (Gen:  0)
   520752    143648   8540200  0.004  0.000   24.844    4.019    0    0  (Gen:  0)
   521264    156392   8606304  0.004  0.000   24.850    4.020    0    0  (Gen:  0)
   525272    187448   8702024  0.003  0.000   24.855    4.021    0    0  (Gen:  0)
   520744    151128   8773184  0.004  0.000   24.861    4.022    0    0  (Gen:  0)
   520520    158976   8838440  0.004  0.000   24.868    4.023    0    0  (Gen:  0)
   523872    182104   8928712  0.003  0.000   24.873    4.023    0    0  (Gen:  0)
   525576    153832   8996576  0.004  0.000   24.879    4.024    0    0  (Gen:  0)
   541448    158344   9061560  0.004  0.000   24.885    4.025    0    0  (Gen:  0)
   973504    123728   9100024  0.003  0.000   24.889    4.026    0    0  (Gen:  0)
   520376     47216   9120184  0.002  0.000   24.893    4.026    0    0  (Gen:  0)
   520440     83408   9173432  0.002  0.000   24.898    4.027    0    0  (Gen:  0)
   520176     53608   9208128  0.002  0.000   24.902    4.028    0    0  (Gen:  0)
   521120     89304   9253552  0.002  0.000   24.906    4.028    0    0  (Gen:  0)
   520744     89568   9297784  0.002  0.000   24.910    4.029    0    0  (Gen:  0)
   520800     74128   9335120  0.002  0.000   24.914    4.030    0    0  (Gen:  0)
   520968     85176   9364720  0.002  0.000   24.918    4.030    0    0  (Gen:  0)
   520568    120720   9429648  0.002  0.000   24.923    4.031    0    0  (Gen:  0)
   520544     90024   9468880  0.003  0.000   24.927    4.032    0    0  (Gen:  0)
   521144    101736   9506720  0.003  0.000   24.932    4.032    0    0  (Gen:  0)
   520776     65200   9563952  0.002  0.000   24.936    4.033    0    0  (Gen:  0)
   521200    132504   9633208  0.002  0.000   24.941    4.034    0    0  (Gen:  0)
   520864    115312   9692328  0.002  0.000   24.945    4.034    0    0  (Gen:  0)
   520464     95592   9743384  0.002  0.000   24.949    4.035    0    0  (Gen:  0)
   521040    131744   9807656  0.002  0.000   24.953    4.036    0    0  (Gen:  0)
   521208    130072   9873200  0.002  0.000   24.958    4.036    0    0  (Gen:  0)
   520928    101800   9920696  0.003  0.000   24.962    4.037    0    0  (Gen:  0)
   520808    113432   9964320  0.003  0.000   24.968    4.038    0    0  (Gen:  0)
   521384    147840  10040816  0.003  0.000   24.972    4.039    0    0  (Gen:  0)
   520864    115392  10090672  0.003  0.000   24.977    4.039    0    0  (Gen:  0)
   521648    123504  10139808  0.002  0.000   24.981    4.040    0    0  (Gen:  0)
   717648     60592  10163752  0.001  0.000   24.985    4.041    0    0  (Gen:  0)
   520608     44328  10182864  0.002  0.000   24.989    4.041    0    0  (Gen:  0)
   520672     78952  10229184  0.002  0.000   24.993    4.042    0    0  (Gen:  0)
   521240     55304  10259784  0.002  0.000   24.997    4.043    0    0  (Gen:  0)
   520512     70040  10283920  0.002  0.000   25.001    4.043    0    0  (Gen:  0)
   520544    116656  10351760  0.002  0.000   25.005    4.044    0    0  (Gen:  0)
   520624     77008  10384152  0.002  0.000   25.010    4.045    0    0  (Gen:  0)
   521776    120368  10450400  0.003  0.000   25.015    4.046    0    0  (Gen:  0)
   521248     59448  10505168  0.002  0.000   25.019    4.046    0    0  (Gen:  0)
   521272    116272  10562552  0.002  0.000   25.024    4.047    0    0  (Gen:  0)
   525432    120256  10633520  0.002  0.000   25.028    4.048    0    0  (Gen:  0)
   520736     81240  10679400  0.002  0.000   25.033    4.049    0    0  (Gen:  0)
   520720    126856  10745440  0.002  0.000   25.037    4.049    0    0  (Gen:  0)
   521040    121704  10805960  0.002  0.000   25.041    4.050    0    0  (Gen:  0)
   520760    100312  10854656  0.003  0.000   25.046    4.051    0    0  (Gen:  0)
   520840    110200  10896848  0.003  0.000   25.051    4.052    0    0  (Gen:  0)
   525544    140168  10966544  0.002  0.000   25.056    4.053    0    0  (Gen:  0)
   520864    113608  11014544  0.003  0.000   25.061    4.053    0    0  (Gen:  0)
   525336    118824  11061224  0.003  0.000   25.066    4.054    0    0  (Gen:  0)
   520816     83896  11124704  0.002  0.000   25.070    4.055    0    0  (Gen:  0)
   524960    139008  11195504  0.002  0.000   25.075    4.056    0    0  (Gen:  0)
   763888    110312  11247232  0.003  0.000   25.080    4.057    0    0  (Gen:  0)
   520752     32840  11266640  0.002  0.000   25.084    4.057    0    0  (Gen:  0)
   520952     64408  11305552  0.002  0.000   25.087    4.058    0    0  (Gen:  0)
   520296     70488  11341696  0.002  0.000   25.091    4.059    0    0  (Gen:  0)
   521192     62152  11368536  0.002  0.000   25.095    4.059    0    0  (Gen:  0)
   520744     72328  11393264  0.002  0.000   25.100    4.060    0    0  (Gen:  0)
   521072    101144  11446824  0.002  0.000   25.104    4.061    0    0  (Gen:  0)
   520448     82040  11476840  0.003  0.000   25.109    4.062    0    0  (Gen:  0)
   520776    101344  11522400  0.002  0.000   25.113    4.062    0    0  (Gen:  0)
   520920   4566352   5560176  0.012  0.001   25.127    4.064    0    0  (Gen:  1)
   520568    119752   5619696  0.002  0.000   25.131    4.065    0    0  (Gen:  0)
   521536    118464   5677992  0.002  0.000   25.135    4.065    0    0  (Gen:  0)
   521512     96480   5718240  0.002  0.000   25.139    4.066    0    0  (Gen:  0)
   520640    141576   5798440  0.002  0.000   25.143    4.067    0    0  (Gen:  0)
   521064    132632   5866312  0.002  0.000   25.147    4.068    0    0  (Gen:  0)
   520832    106536   5910848  0.002  0.000   25.151    4.068    0    0  (Gen:  0)
   521000    117880   5958304  0.002  0.000   25.155    4.069    0    0  (Gen:  0)
   520024    105024   6018512  0.002  0.000   25.159    4.070    0    0  (Gen:  0)
   520872    147696   6097536  0.002  0.000   25.163    4.070    0    0  (Gen:  0)
   520704    128784   6161912  0.002  0.000   25.167    4.071    0    0  (Gen:  0)
   520624    115568   6219104  0.002  0.000   25.171    4.072    0    0  (Gen:  0)
   520800    148400   6294984  0.002  0.000   25.175    4.072    0    0  (Gen:  0)
   944568    115432   6343488  0.003  0.000   25.180    4.073    0    0  (Gen:  0)
   520616     38120   6362936  0.001  0.000   25.183    4.074    0    0  (Gen:  0)
   520928     64328   6401480  0.001  0.000   25.186    4.074    0    0  (Gen:  0)
   521064     72632   6439616  0.001  0.000   25.190    4.075    0    0  (Gen:  0)
   520328     63528   6465984  0.001  0.000   25.193    4.075    0    0  (Gen:  0)
   520760     72664   6492280  0.001  0.000   25.196    4.076    0    0  (Gen:  0)
   520816    105048   6548800  0.002  0.000   25.200    4.077    0    0  (Gen:  0)
   520968     84528   6578840  0.002  0.000   25.203    4.077    0    0  (Gen:  0)
   520936    101440   6623448  0.002  0.000   25.207    4.078    0    0  (Gen:  0)
   521080     87376   6668200  0.002  0.000   25.210    4.078    0    0  (Gen:  0)
   520400    122688   6731744  0.002  0.000   25.214    4.079    0    0  (Gen:  0)
   520664    116808   6790800  0.002  0.000   25.218    4.080    0    0  (Gen:  0)
   520824     97528   6835152  0.002  0.000   25.222    4.080    0    0  (Gen:  0)
   520480    146320   6917640  0.002  0.000   25.226    4.081    0    0  (Gen:  0)
   520776    123064   6984656  0.002  0.000   25.230    4.082    0    0  (Gen:  0)
   520712    105936   7029840  0.002  0.000   25.234    4.082    0    0  (Gen:  0)
   520432    116232   7074512  0.002  0.000   25.238    4.083    0    0  (Gen:  0)
   520728     86016   7135512  0.001  0.000   25.242    4.083    0    0  (Gen:  0)
   520968    151336   7218928  0.002  0.000   25.245    4.084    0    0  (Gen:  0)
   520976    126440   7279056  0.002  0.000   25.249    4.085    0    0  (Gen:  0)
   520912    109080   7335128  0.002  0.000   25.253    4.085    0    0  (Gen:  0)
   521208     79552   7410664  0.001  0.000   25.257    4.086    0    0  (Gen:  0)
   525208    137304   7480344  0.002  0.000   25.260    4.087    0    0  (Gen:  0)
   520712    119136   7531856  0.002  0.000   25.264    4.087    0    0  (Gen:  0)
   520816    163312   7623032  0.002  0.000   25.269    4.088    0    0  (Gen:  0)
   520720    149776   7698728  0.002  0.000   25.273    4.089    0    0  (Gen:  0)
   520288    121008   7750456  0.002  0.000   25.277    4.089    0    0  (Gen:  0)
   520720    125464   7801640  0.002  0.000   25.281    4.090    0    0  (Gen:  0)
   520936    154688   7878096  0.002  0.000   25.285    4.091    0    0  (Gen:  0)
   521352    127000   7929672  0.002  0.000   25.289    4.091    0    0  (Gen:  0)
   521152    140016   7990112  0.002  0.000   25.293    4.092    0    0  (Gen:  0)
   520640    119024   8060432  0.002  0.000   25.297    4.093    0    0  (Gen:  0)
   521136    170536   8150992  0.002  0.000   25.301    4.093    0    0  (Gen:  0)
   525024    148040   8222872  0.002  0.000   25.305    4.094    0    0  (Gen:  0)
   521360    131432   8287736  0.002  0.000   25.309    4.095    0    0  (Gen:  0)
   521320    163704   8371728  0.002  0.000   25.313    4.095    0    0  (Gen:  0)
   520600    152424   8448048  0.002  0.000   25.317    4.096    0    0  (Gen:  0)
   520944    124184   8510080  0.002  0.000   25.321    4.097    0    0  (Gen:  0)
   521184    132600   8561472  0.002  0.000   25.326    4.097    0    0  (Gen:  0)
   524968    157048   8638152  0.002  0.000   25.330    4.098    0    0  (Gen:  0)
   520504    130216   8699320  0.002  0.000   25.333    4.099    0    0  (Gen:  0)
   520736    137368   8753240  0.002  0.000   25.338    4.099    0    0  (Gen:  0)
   524664    160160   8833048  0.002  0.000   25.342    4.100    0    0  (Gen:  0)
   525568    137520   8892016  0.002  0.000   25.346    4.101    0    0  (Gen:  0)
   535904    138600   8946336  0.002  0.000   25.350    4.101    0    0  (Gen:  0)
   767024    114416   8983976  0.002  0.000   25.355    4.102    0    0  (Gen:  0)
   520840     45344   9002816  0.001  0.000   25.358    4.103    0    0  (Gen:  0)
   520656     82264   9053792  0.002  0.000   25.362    4.104    0    0  (Gen:  0)
   520520     63240   9084496  0.001  0.000   25.366    4.104    0    0  (Gen:  0)
   520880     96288   9136768  0.002  0.000   25.369    4.105    0    0  (Gen:  0)
   521016     96408   9183608  0.002  0.000   25.373    4.106    0    0  (Gen:  0)
   520856     78256   9218176  0.002  0.000   25.377    4.106    0    0  (Gen:  0)
   520536     85576   9250008  0.002  0.000   25.381    4.107    0    0  (Gen:  0)
   520816    115616   9309432  0.001  0.000   25.384    4.108    0    0  (Gen:  0)
   520544     94144   9343984  0.002  0.000   25.388    4.108    0    0  (Gen:  0)
   520960    111176   9391768  0.002  0.000   25.393    4.109    0    0  (Gen:  0)
   520728     85064   9441328  0.002  0.000   25.396    4.110    0    0  (Gen:  0)
   520680    136376   9515160  0.002  0.000   25.400    4.111    0    0  (Gen:  0)
   521512    123296   9577680  0.002  0.000   25.404    4.111    0    0  (Gen:  0)
   520256    104848   9625136  0.002  0.000   25.408    4.112    0    0  (Gen:  0)
   521256    108544   9665632  0.002  0.000   25.412    4.113    0    0  (Gen:  0)
   520808    144376   9742352  0.002  0.000   25.416    4.114    0    0  (Gen:  0)
   520424    114632   9788976  0.002  0.000   25.420    4.114    0    0  (Gen:  0)
   520800    151000   9868808  0.002  0.000   25.425    4.115    0    0  (Gen:  0)
   520800    132104   9941896  0.002  0.000   25.429    4.116    0    0  (Gen:  0)
   520600    118992   9988880  0.002  0.000   25.433    4.117    0    0  (Gen:  0)
   521128    151544  10068944  0.002  0.000   25.437    4.117    0    0  (Gen:  0)
   520888    119240  10128864  0.002  0.000   25.441    4.118    0    0  (Gen:  0)
   520256    153512  10209888  0.002  0.000   25.445    4.119    0    0  (Gen:  0)
   521400    141000  10278936  0.002  0.000   25.450    4.120    0    0  (Gen:  0)
   521136    115976  10337000  0.002  0.000   25.454    4.121    0    0  (Gen:  0)
   521184    123896  10384424  0.002  0.000   25.458    4.121    0    0  (Gen:  0)
   520224    160688  10467888  0.002  0.000   25.462    4.122    0    0  (Gen:  0)
   521024    129352  10521784  0.002  0.000   25.466    4.123    0    0  (Gen:  0)
   520576    167552  10612480  0.002  0.000   25.471    4.124    0    0  (Gen:  0)
   520856    146096  10691944  0.002  0.000   25.475    4.125    0    0  (Gen:  0)
   520864    131408  10748200  0.002  0.000   25.479    4.125    0    0  (Gen:  0)
   520480    131104  10800072  0.002  0.000   25.484    4.126    0    0  (Gen:  0)
   521168    160488  10879976  0.002  0.000   25.488    4.127    0    0  (Gen:  0)
   520864    134112  10933856  0.002  0.000   25.492    4.128    0    0  (Gen:  0)
   520192    172392  11025040  0.002  0.000   25.497    4.129    0    0  (Gen:  0)
   520096   5463728   6461712  0.015  0.001   25.513    4.131    0    0  (Gen:  1)
   520960    161176   6539024  0.002  0.000   25.518    4.131    0    0  (Gen:  0)
   520984    150872   6615688  0.002  0.000   25.523    4.132    0    0  (Gen:  0)
   520864    124632   6682864  0.002  0.000   25.527    4.133    0    0  (Gen:  0)
   520672    169192   6770040  0.002  0.000   25.532    4.134    0    0  (Gen:  0)
   521272    155240   6844688  0.002  0.000   25.536    4.135    0    0  (Gen:  0)
   520504    123280   6908480  0.002  0.000   25.540    4.135    0    0  (Gen:  0)
   520624    139944   6964536  0.002  0.000   25.545    4.136    0    0  (Gen:  0)
   726344    128808   7008512  0.003  0.000   25.550    4.137    0    0  (Gen:  0)
   520952     40184   7027800  0.001  0.000   25.553    4.138    0    0  (Gen:  0)
   520816     79112   7077216  0.002  0.000   25.557    4.138    0    0  (Gen:  0)
   520640     79576   7119752  0.001  0.000   25.561    4.139    0    0  (Gen:  0)
   520720     67592   7144200  0.002  0.000   25.565    4.140    0    0  (Gen:  0)
   520816     89760   7184760  0.002  0.000   25.568    4.140    0    0  (Gen:  0)
   520768     80992   7224592  0.002  0.000   25.572    4.141    0    0  (Gen:  0)
   520952    112864   7283280  0.002  0.000   25.575    4.142    0    0  (Gen:  0)
   520568    108104   7336832  0.002  0.000   25.579    4.142    0    0  (Gen:  0)
   521088     90904   7375680  0.002  0.000   25.583    4.143    0    0  (Gen:  0)
   520376     94248   7409296  0.002  0.000   25.587    4.144    0    0  (Gen:  0)
   520280    123952   7473328  0.002  0.000   25.591    4.145    0    0  (Gen:  0)
   520488     99048   7510608  0.002  0.000   25.595    4.145    0    0  (Gen:  0)
   521048    143208   7589088  0.003  0.000   25.600    4.146    0    0  (Gen:  0)
   521312     99160   7645560  0.002  0.000   25.604    4.147    0    0  (Gen:  0)
   520792    130864   7709120  0.002  0.000   25.608    4.148    0    0  (Gen:  0)
   520464    121408   7768096  0.002  0.000   25.612    4.148    0    0  (Gen:  0)
   520936    100632   7819344  0.002  0.000   25.616    4.149    0    0  (Gen:  0)
   521600    139544   7890688  0.002  0.000   25.620    4.150    0    0  (Gen:  0)
   520736    132288   7954552  0.002  0.000   25.624    4.151    0    0  (Gen:  0)
   521328    104752   8005056  0.002  0.000   25.628    4.151    0    0  (Gen:  0)
   521176    116960   8049944  0.002  0.000   25.632    4.152    0    0  (Gen:  0)
   525376    145056   8124072  0.002  0.000   25.636    4.153    0    0  (Gen:  0)
   521456    115736   8170936  0.002  0.000   25.641    4.154    0    0  (Gen:  0)
   521224    157280   8255096  0.002  0.000   25.645    4.154    0    0  (Gen:  0)
   520336    135472   8327376  0.002  0.000   25.649    4.155    0    0  (Gen:  0)
   520824    123936   8378424  0.002  0.000   25.654    4.156    0    0  (Gen:  0)
   520736    135864   8439016  0.002  0.000   25.658    4.157    0    0  (Gen:  0)
   520848    107008   8503368  0.002  0.000   25.662    4.157    0    0  (Gen:  0)
   521168    158824   8586128  0.002  0.000   25.666    4.158    0    0  (Gen:  0)
   521008    143824   8654488  0.002  0.000   25.671    4.159    0    0  (Gen:  0)
   521368    117024   8719296  0.002  0.000   25.675    4.160    0    0  (Gen:  0)
   521272    156752   8796304  0.002  0.000   25.679    4.161    0    0  (Gen:  0)
   525248    151648   8870928  0.002  0.000   25.684    4.161    0    0  (Gen:  0)
   521072    119856   8932080  0.002  0.000   25.688    4.162    0    0  (Gen:  0)
   521424    178848   9031624  0.003  0.000   25.694    4.163    0    0  (Gen:  0)
   521000    130416   9111904  0.002  0.000   25.698    4.164    0    0  (Gen:  0)
   520640    130816   9169960  0.002  0.000   25.702    4.165    0    0  (Gen:  0)
   520912    132544   9223048  0.002  0.000   25.706    4.165    0    0  (Gen:  0)
   525024    160856   9302792  0.002  0.000   25.711    4.166    0    0  (Gen:  0)
   520712    135312   9361632  0.002  0.000   25.715    4.167    0    0  (Gen:  0)
   520512    175544   9455112  0.002  0.000   25.720    4.168    0    0  (Gen:  0)
   525400    151720   9537968  0.002  0.000   25.724    4.169    0    0  (Gen:  0)
   524792    136680   9593144  0.002  0.000   25.728    4.169    0    0  (Gen:  0)
   660984    141832   9669264  0.004  0.000   25.734    4.170    0    0  (Gen:  0)
   582376     29544   9679448  0.001  0.000   25.737    4.171    0    0  (Gen:  0)
   520040     46648   9698376  0.001  0.000   25.741    4.171    0    0  (Gen:  0)
   521000     92768   9757704  0.002  0.000   25.745    4.172    0    0  (Gen:  0)
   520832     69976   9786360  0.001  0.000   25.748    4.173    0    0  (Gen:  0)
   520400     71264   9810568  0.002  0.000   25.752    4.174    0    0  (Gen:  0)
   521016     98992   9861528  0.002  0.000   25.756    4.174    0    0  (Gen:  0)
   521240     83600   9894136  0.002  0.000   25.760    4.175    0    0  (Gen:  0)
   520896    128256   9968896  0.002  0.000   25.764    4.176    0    0  (Gen:  0)
   521432    101056  10019520  0.002  0.000   25.768    4.176    0    0  (Gen:  0)
   521064    133360  10092360  0.002  0.000   25.772    4.177    0    0  (Gen:  0)
   520680    115520  10147464  0.002  0.000   25.776    4.178    0    0  (Gen:  0)
   520552     97904  10191360  0.002  0.000   25.780    4.179    0    0  (Gen:  0)
   520936    136616  10266504  0.002  0.000   25.784    4.179    0    0  (Gen:  0)
   521400    130184  10336144  0.002  0.000   25.788    4.180    0    0  (Gen:  0)
   520144    107264  10383040  0.002  0.000   25.792    4.181    0    0  (Gen:  0)
   521344    108928  10422672  0.002  0.000   25.797    4.182    0    0  (Gen:  0)
   520816    137560  10492160  0.002  0.000   25.801    4.182    0    0  (Gen:  0)
   520544    113744  10537832  0.002  0.000   25.805    4.183    0    0  (Gen:  0)
   520664    124504  10590336  0.002  0.000   25.809    4.184    0    0  (Gen:  0)
   520872    104920  10652280  0.002  0.000   25.813    4.185    0    0  (Gen:  0)
   520544    155280  10735344  0.002  0.000   25.818    4.185    0    0  (Gen:  0)
   524864    132224  10803024  0.002  0.000   25.822    4.186    0    0  (Gen:  0)
   521632    116432  10858992  0.002  0.000   25.826    4.187    0    0  (Gen:  0)
   520688    144752  10931752  0.002  0.000   25.830    4.188    0    0  (Gen:  0)
   521272    142048  11002008  0.002  0.000   25.834    4.188    0    0  (Gen:  0)
   521384    122216  11058496  0.002  0.000   25.839    4.189    0    0  (Gen:  0)
   520992    125144  11107304  0.002  0.000   25.843    4.190    0    0  (Gen:  0)
   520128    148032  11178560  0.002  0.000   25.847    4.191    0    0  (Gen:  0)
   521040    121720  11231704  0.002  0.000   25.851    4.192    0    0  (Gen:  0)
   520616    130224  11282952  0.002  0.000   25.856    4.192    0    0  (Gen:  0)
   520640    155016  11363880  0.002  0.000   25.860    4.193    0    0  (Gen:  0)
   521328    133416  11417816  0.002  0.000   25.864    4.194    0    0  (Gen:  0)
   524008    143264  11482072  0.002  0.000   25.869    4.195    0    0  (Gen:  0)
   521064    119112  11551192  0.002  0.000   25.873    4.196    0    0  (Gen:  0)
   521240    171360  11643688  0.002  0.000   25.877    4.196    0    0  (Gen:  0)
   520400    148656  11728312  0.002  0.000   25.882    4.197    0    0  (Gen:  0)
   520576    129880  11797000  0.002  0.000   25.886    4.198    0    0  (Gen:  0)
   520744    166072  11882160  0.002  0.000   25.890    4.199    0    0  (Gen:  0)
   524944    155888  11960416  0.002  0.000   25.894    4.200    0    0  (Gen:  0)
   521216    131688  12025928  0.002  0.000   25.899    4.200    0    0  (Gen:  0)
   521280    140024  12081000  0.002  0.000   25.903    4.201    0    0  (Gen:  0)
   525608    160552  12158904  0.002  0.000   25.907    4.202    0    0  (Gen:  0)
   525168    135120  12218640  0.002  0.000   25.912    4.203    0    0  (Gen:  0)
   533760    140480  12276208  0.002  0.000   25.916    4.204    0    0  (Gen:  0)
   532824    116392  12308056  0.002  0.000   25.921    4.204    0    0  (Gen:  0)
   520824     46184  12327656  0.001  0.000   25.924    4.205    0    0  (Gen:  0)
   520376     84296  12380152  0.002  0.000   25.928    4.205    0    0  (Gen:  0)
   520816     69824  12409336  0.001  0.000   25.931    4.206    0    0  (Gen:  0)
   520816     91168  12456592  0.001  0.000   25.935    4.206    0    0  (Gen:  0)
   521032     95888  12504416  0.002  0.000   25.938    4.207    0    0  (Gen:  0)
   520960     81504  12538488  0.002  0.000   25.942    4.208    0    0  (Gen:  0)
   520840    120968  12606640  0.002  0.000   25.946    4.208    0    0  (Gen:  0)
   520248    116048  12667584  0.002  0.000   25.950    4.209    0    0  (Gen:  0)
   521032   4173376   5159144  0.012  0.001   25.963    4.210    0    0  (Gen:  1)
   520640    134536   5230960  0.002  0.000   25.968    4.211    0    0  (Gen:  0)
   520576     95864   5279632  0.002  0.000   25.972    4.212    0    0  (Gen:  0)
   520656    135600   5352920  0.002  0.000   25.976    4.212    0    0  (Gen:  0)
   521056    127128   5413584  0.002  0.000   25.980    4.213    0    0  (Gen:  0)
   520528    103200   5461688  0.002  0.000   25.983    4.213    0    0  (Gen:  0)
   520912    108464   5503568  0.002  0.000   25.987    4.214    0    0  (Gen:  0)
   520728    136896   5570968  0.002  0.000   25.991    4.215    0    0  (Gen:  0)
   520568    111368   5617344  0.002  0.000   25.995    4.215    0    0  (Gen:  0)
   520880    152824   5699112  0.002  0.000   25.999    4.216    0    0  (Gen:  0)
   521008     89328   5783608  0.002  0.000   26.003    4.216    0    0  (Gen:  0)
   520672    130440   5856680  0.002  0.000   26.007    4.217    0    0  (Gen:  0)
   520872    128040   5922176  0.002  0.000   26.011    4.218    0    0  (Gen:  0)
   521216    122960   5982952  0.002  0.000   26.015    4.218    0    0  (Gen:  0)
   520672    155128   6065736  0.002  0.000   26.019    4.219    0    0  (Gen:  0)
   520888    137728   6134512  0.002  0.000   26.023    4.219    0    0  (Gen:  0)
   521568    118272   6192664  0.002  0.000   26.026    4.220    0    0  (Gen:  0)
   521016    124720   6240040  0.002  0.000   26.030    4.221    0    0  (Gen:  0)
   520680    147880   6310432  0.002  0.000   26.034    4.221    0    0  (Gen:  0)
   520680    121560   6363232  0.002  0.000   26.038    4.222    0    0  (Gen:  0)
   520800    130880   6417000  0.002  0.000   26.042    4.223    0    0  (Gen:  0)
   520664    152864   6495760  0.002  0.000   26.046    4.223    0    0  (Gen:  0)
   521088    128080   6550336  0.002  0.000   26.051    4.224    0    0  (Gen:  0)
   520968    135888   6608536  0.003  0.000   26.056    4.225    0    0  (Gen:  0)
   520808     90928   6682808  0.002  0.000   26.060    4.225    0    0  (Gen:  0)
   520536    168552   6772944  0.002  0.000   26.064    4.226    0    0  (Gen:  0)
   520960    141840   6860760  0.002  0.000   26.068    4.227    0    0  (Gen:  0)
   520784    148816   6932344  0.002  0.000   26.072    4.227    0    0  (Gen:  0)
   521368    173224   7022808  0.002  0.000   26.076    4.228    0    0  (Gen:  0)
   521368    157856   7100024  0.002  0.000   26.081    4.229    0    0  (Gen:  0)
   520816    128656   7167848  0.002  0.000   26.085    4.229    0    0  (Gen:  0)
   520688    167128   7253720  0.002  0.000   26.089    4.230    0    0  (Gen:  0)
   520976    157448   7329408  0.002  0.000   26.093    4.231    0    0  (Gen:  0)
   521088    133112   7392720  0.002  0.000   26.097    4.231    0    0  (Gen:  0)
   520576    140048   7449408  0.002  0.000   26.101    4.232    0    0  (Gen:  0)
   685928    161288   7525576  0.002  0.000   26.106    4.233    0    0  (Gen:  0)
   521056    129208   7591040  0.002  0.000   26.110    4.233    0    0  (Gen:  0)
   520856    184400   7690488  0.002  0.000   26.115    4.234    0    0  (Gen:  0)
   521000    163616   7773352  0.002  0.000   26.119    4.235    0    0  (Gen:  0)
   520984    137288   7834104  0.002  0.000   26.123    4.235    0    0  (Gen:  0)
   520560    141208   7892328  0.002  0.000   26.127    4.236    0    0  (Gen:  0)
   520224    164704   7975600  0.002  0.000   26.132    4.237    0    0  (Gen:  0)
   520496    141488   8035608  0.002  0.000   26.136    4.237    0    0  (Gen:  0)
   521160    147320   8099968  0.003  0.000   26.141    4.238    0    0  (Gen:  0)
   520560     96816   8179808  0.002  0.000   26.145    4.239    0    0  (Gen:  0)
   520800    168200   8261056  0.002  0.000   26.149    4.239    0    0  (Gen:  0)
   520960    146912   8335160  0.002  0.000   26.154    4.240    0    0  (Gen:  0)
   521216    135176   8411952  0.002  0.000   26.158    4.241    0    0  (Gen:  0)
   520944    186064   8510736  0.002  0.000   26.163    4.242    0    0  (Gen:  0)
   520856    161760   8589840  0.002  0.000   26.167    4.242    0    0  (Gen:  0)
   521520    134920   8657872  0.002  0.000   26.171    4.243    0    0  (Gen:  0)
   520720    169680   8742512  0.002  0.000   26.175    4.244    0    0  (Gen:  0)
   520696    163616   8823936  0.002  0.000   26.180    4.244    0    0  (Gen:  0)
   520464    135200   8892600  0.002  0.000   26.184    4.245    0    0  (Gen:  0)
   521528    148168   8952416  0.002  0.000   26.188    4.246    0    0  (Gen:  0)
   520976    168000   9032688  0.002  0.000   26.193    4.246    0    0  (Gen:  0)
   521256    136192   9100632  0.002  0.000   26.197    4.247    0    0  (Gen:  0)
   521320    149608   9161368  0.002  0.000   26.201    4.248    0    0  (Gen:  0)
   524928    173584   9249224  0.002  0.000   26.205    4.248    0    0  (Gen:  0)
   520752    143592   9315328  0.002  0.000   26.209    4.249    0    0  (Gen:  0)
   520648    186792   9413560  0.002  0.000   26.214    4.250    0    0  (Gen:  0)
   521048    174456   9502008  0.002  0.000   26.218    4.250    0    0  (Gen:  0)
   520688    150440   9568960  0.002  0.000   26.223    4.251    0    0  (Gen:  0)
   520880    153856   9632920  0.002  0.000   26.227    4.252    0    0  (Gen:  0)
   521224    180520   9723488  0.002  0.000   26.232    4.253    0    0  (Gen:  0)
   521032    153312   9790064  0.002  0.000   26.236    4.253    0    0  (Gen:  0)
   520936    193728   9892432  0.002  0.000   26.240    4.254    0    0  (Gen:  0)
   521424    172000   9977112  0.002  0.000   26.245    4.255    0    0  (Gen:  0)
   521296    106160  10079032  0.002  0.000   26.248    4.255    0    0  (Gen:  0)
   525400    159368  10160480  0.002  0.000   26.253    4.256    0    0  (Gen:  0)
   520384   5406888   6392704  0.015  0.001   26.270    4.258    0    0  (Gen:  1)
   520616    178464   6480272  0.002  0.000   26.274    4.259    0    0  (Gen:  0)
   520736    165856   6563496  0.002  0.000   26.278    4.259    0    0  (Gen:  0)
   520744    137792   6642608  0.002  0.000   26.282    4.260    0    0  (Gen:  0)
   521072    178944   6728936  0.002  0.000   26.286    4.261    0    0  (Gen:  0)
   524968    170328   6814464  0.002  0.000   26.290    4.261    0    0  (Gen:  0)
   521056    145424   6889048  0.002  0.000   26.294    4.262    0    0  (Gen:  0)
   520672    184184   6983000  0.002  0.000   26.298    4.263    0    0  (Gen:  0)
   523800    173592   7068968  0.002  0.000   26.302    4.263    0    0  (Gen:  0)
   525264    142688   7142192  0.002  0.000   26.306    4.264    0    0  (Gen:  0)
   525456    160544   7207848  0.002  0.000   26.310    4.264    0    0  (Gen:  0)
   990136    158752   7278384  0.003  0.000   26.315    4.265    0    0  (Gen:  0)
   521000     39472   7297960  0.001  0.000   26.318    4.266    0    0  (Gen:  0)
   520712     63120   7334984  0.001  0.000   26.321    4.266    0    0  (Gen:  0)
   521128     74936   7374024  0.001  0.000   26.324    4.267    0    0  (Gen:  0)
   521088     66592   7399808  0.001  0.000   26.327    4.267    0    0  (Gen:  0)
   520504     78472   7429608  0.002  0.000   26.331    4.268    0    0  (Gen:  0)
   520952     56976   7475872  0.001  0.000   26.334    4.268    0    0  (Gen:  0)
   521224     73000   7544456  0.001  0.000   26.337    4.269    0    0  (Gen:  0)
   520736    102488   7595728  0.002  0.000   26.341    4.270    0    0  (Gen:  0)
   520600     95272   7640936  0.002  0.000   26.344    4.270    0    0  (Gen:  0)
   520744     94984   7674136  0.002  0.000   26.348    4.271    0    0  (Gen:  0)
   521512    121904   7734904  0.002  0.000   26.352    4.271    0    0  (Gen:  0)
   521112     96032   7774688  0.002  0.000   26.355    4.272    0    0  (Gen:  0)
   520360    138944   7851280  0.002  0.000   26.359    4.273    0    0  (Gen:  0)
   520776    135024   7919536  0.002  0.000   26.363    4.273    0    0  (Gen:  0)
   520816    107984   7962280  0.002  0.000   26.366    4.274    0    0  (Gen:  0)
   521040    120760   8013400  0.002  0.000   26.370    4.274    0    0  (Gen:  0)
   520432     90880   8070896  0.001  0.000   26.374    4.275    0    0  (Gen:  0)
   520736    143936   8146536  0.002  0.000   26.378    4.276    0    0  (Gen:  0)
   520584    132976   8211576  0.002  0.000   26.382    4.276    0    0  (Gen:  0)
   521272    110480   8267536  0.002  0.000   26.385    4.277    0    0  (Gen:  0)
   521120    119816   8312392  0.002  0.000   26.389    4.278    0    0  (Gen:  0)
   718296    125520   8369104  0.003  0.000   26.394    4.278    0    0  (Gen:  0)
   520856     39384   8389280  0.001  0.000   26.397    4.279    0    0  (Gen:  0)
   519992     74712   8434560  0.001  0.000   26.400    4.279    0    0  (Gen:  0)
   520856     74864   8476168  0.001  0.000   26.404    4.280    0    0  (Gen:  0)
   520696     66264   8500752  0.001  0.000   26.407    4.281    0    0  (Gen:  0)
   519872     88256   8539784  0.001  0.000   26.411    4.281    0    0  (Gen:  0)
   520512     78800   8577032  0.001  0.000   26.414    4.282    0    0  (Gen:  0)
   521304    106912   8630800  0.002  0.000   26.418    4.283    0    0  (Gen:  0)
   521320    106888   8683320  0.002  0.000   26.421    4.283    0    0  (Gen:  0)
   521376     89944   8723952  0.002  0.000   26.425    4.284    0    0  (Gen:  0)
   521376     95160   8758864  0.002  0.000   26.429    4.285    0    0  (Gen:  0)
   525472    125896   8822632  0.002  0.000   26.432    4.285    0    0  (Gen:  0)
   520264    101240   8862496  0.002  0.000   26.436    4.286    0    0  (Gen:  0)
   520936    144144   8941184  0.002  0.000   26.440    4.287    0    0  (Gen:  0)
   521104    121792   8997896  0.002  0.000   26.444    4.287    0    0  (Gen:  0)
   520592    141136   9072368  0.002  0.000   26.448    4.288    0    0  (Gen:  0)
   525352    128088   9138552  0.002  0.000   26.452    4.289    0    0  (Gen:  0)
   521136    108440   9192624  0.002  0.000   26.456    4.290    0    0  (Gen:  0)
   521128    114696   9235936  0.002  0.000   26.460    4.290    0    0  (Gen:  0)
   525024    136088   9301056  0.002  0.000   26.464    4.291    0    0  (Gen:  0)
   525144    114552   9352024  0.002  0.000   26.467    4.292    0    0  (Gen:  0)
   533392    117448   9396352  0.002  0.000   26.471    4.292    0    0  (Gen:  0)
   755128    105712   9434296  0.002  0.000   26.476    4.293    0    0  (Gen:  0)
   520928     45152   9454176  0.001  0.000   26.478    4.294    0    0  (Gen:  0)
   520408     84440   9507888  0.002  0.000   26.482    4.294    0    0  (Gen:  0)
   521072     51648   9538448  0.001  0.000   26.486    4.295    0    0  (Gen:  0)
   521080     90192   9585400  0.001  0.000   26.489    4.296    0    0  (Gen:  0)
   520448     94272   9632560  0.002  0.000   26.493    4.296    0    0  (Gen:  0)
   520880     80784   9667360  0.001  0.000   26.496    4.297    0    0  (Gen:  0)
   520552    123000   9737592  0.002  0.000   26.500    4.298    0    0  (Gen:  0)
   520792    114880   9797064  0.002  0.000   26.504    4.298    0    0  (Gen:  0)
   520856     94680   9832336  0.002  0.000   26.507    4.299    0    0  (Gen:  0)
   521072    108824   9877000  0.002  0.000   26.511    4.300    0    0  (Gen:  0)
   521704     99024   9928112  0.002  0.000   26.515    4.300    0    0  (Gen:  0)
   520664    134200   9999576  0.002  0.000   26.519    4.301    0    0  (Gen:  0)
   520880    123768  10061256  0.002  0.000   26.523    4.302    0    0  (Gen:  0)
   521144    101232  10109608  0.002  0.000   26.526    4.302    0    0  (Gen:  0)
   520704    109936  10151552  0.002  0.000   26.530    4.303    0    0  (Gen:  0)
   520872    140984  10224160  0.002  0.000   26.534    4.304    0    0  (Gen:  0)
   520296    113032  10273008  0.002  0.000   26.538    4.304    0    0  (Gen:  0)
   520872    149704  10352024  0.002  0.000   26.542    4.305    0    0  (Gen:  0)
   520376    140072  10423496  0.002  0.000   26.546    4.306    0    0  (Gen:  0)
   521104    119192  10472216  0.002  0.000   26.550    4.307    0    0  (Gen:  0)
   703784    120448  10519792  0.002  0.000   26.554    4.307    0    0  (Gen:  0)
   758584     65840  10547056  0.001  0.000   26.557    4.308    0    0  (Gen:  0)
   520488     47960  10566328  0.001  0.000   26.560    4.308    0    0  (Gen:  0)
   520384     85320  10620288  0.002  0.000   26.564    4.309    0    0  (Gen:  0)
   520984     65424  10650936  0.001  0.000   26.567    4.310    0    0  (Gen:  0)
   521104     91288  10698592  0.001  0.000   26.571    4.310    0    0  (Gen:  0)
   520616     96024  10746512  0.001  0.000   26.574    4.311    0    0  (Gen:  0)
   519872     82416  10782112  0.001  0.000   26.578    4.311    0    0  (Gen:  0)
   520992     84136  10811376  0.002  0.000   26.581    4.312    0    0  (Gen:  0)
   520824    114984  10869848  0.002  0.000   26.584    4.312    0    0  (Gen:  0)
   520680     91016  10902824  0.002  0.000   26.588    4.313    0    0  (Gen:  0)
   520680    105712  10947856  0.002  0.000   26.592    4.314    0    0  (Gen:  0)
   520856     97496  11002288  0.002  0.000   26.595    4.314    0    0  (Gen:  0)
   520248    138592  11075992  0.002  0.000   26.599    4.315    0    0  (Gen:  0)
   521064    121640  11136672  0.002  0.000   26.603    4.315    0    0  (Gen:  0)
   520816    101056  11184952  0.002  0.000   26.606    4.316    0    0  (Gen:  0)
   520088    109912  11226680  0.002  0.000   26.610    4.317    0    0  (Gen:  0)
   520744    131600  11291056  0.002  0.000   26.614    4.317    0    0  (Gen:  0)
   521240    112040  11338312  0.002  0.000   26.617    4.318    0    0  (Gen:  0)
   520528    149648  11417784  0.002  0.000   26.621    4.319    0    0  (Gen:  0)
   521072    133096  11487920  0.002  0.000   26.625    4.319    0    0  (Gen:  0)
   521128    115688  11536048  0.002  0.000   26.629    4.320    0    0  (Gen:  0)
   525144    128384  11592360  0.002  0.000   26.633    4.320    0    0  (Gen:  0)
   520864    111872  11655248  0.002  0.000   26.636    4.321    0    0  (Gen:  0)
   520856    158296  11741304  0.002  0.000   26.641    4.322    0    0  (Gen:  0)
   520632    134904  11807088  0.002  0.000   26.645    4.322    0    0  (Gen:  0)
   520856    116792  11866008  0.002  0.000   26.648    4.323    0    0  (Gen:  0)
   520376    152648  11943032  0.002  0.000   26.652    4.324    0    0  (Gen:  0)
   520448    146464  12012280  0.002  0.000   26.656    4.324    0    0  (Gen:  0)
   521560    116632  12069424  0.002  0.000   26.659    4.325    0    0  (Gen:  0)
   521208    130264  12121472  0.002  0.000   26.664    4.326    0    0  (Gen:  0)
   520944    160848  12206032  0.002  0.000   26.667    4.326    0    0  (Gen:  0)
   520696    131008  12263704  0.002  0.000   26.671    4.327    0    0  (Gen:  0)
   521096    131880  12317184  0.002  0.000   26.675    4.327    0    0  (Gen:  0)
   525432    158504  12396688  0.002  0.000   26.679    4.328    0    0  (Gen:  0)
   521312    134200  12452784  0.002  0.000   26.683    4.329    0    0  (Gen:  0)
   520616   4646360   5644416  0.012  0.001   26.697    4.330    0    0  (Gen:  1)
   521072    132672   5696016  0.002  0.000   26.702    4.331    0    0  (Gen:  0)
   521064     98560   5790272  0.001  0.000   26.705    4.332    0    0  (Gen:  0)
   525152    138432   5862344  0.002  0.000   26.710    4.332    0    0  (Gen:  0)
   520896    106648   5928976  0.002  0.000   26.713    4.333    0    0  (Gen:  0)
   520264    168424   6015408  0.002  0.000   26.717    4.334    0    0  (Gen:  0)
   524568    148328   6090480  0.002  0.000   26.721    4.334    0    0  (Gen:  0)
   521488    119248   6154056  0.002  0.000   26.725    4.335    0    0  (Gen:  0)
   529048    164920   6236856  0.002  0.000   26.729    4.336    0    0  (Gen:  0)
   779368    127184   6283352  0.003  0.000   26.733    4.336    0    0  (Gen:  0)
   520984     38576   6303016  0.001  0.000   26.737    4.337    0    0  (Gen:  0)
   520616     78456   6352744  0.002  0.000   26.740    4.337    0    0  (Gen:  0)
   520912     76408   6393576  0.001  0.000   26.743    4.338    0    0  (Gen:  0)
   521272     66224   6419592  0.001  0.000   26.747    4.339    0    0  (Gen:  0)
   521328     86808   6456744  0.001  0.000   26.750    4.339    0    0  (Gen:  0)
   521040     84888   6498368  0.001  0.000   26.754    4.340    0    0  (Gen:  0)
   521176    117080   6561168  0.002  0.000   26.757    4.341    0    0  (Gen:  0)
   521200    106552   6613104  0.002  0.000   26.761    4.341    0    0  (Gen:  0)
   520712     90408   6656160  0.002  0.000   26.765    4.342    0    0  (Gen:  0)
   521024     97144   6691408  0.002  0.000   26.768    4.343    0    0  (Gen:  0)
   520968    123488   6754704  0.002  0.000   26.772    4.343    0    0  (Gen:  0)
   520592     98904   6792632  0.002  0.000   26.776    4.344    0    0  (Gen:  0)
   521296    146960   6875520  0.003  0.000   26.780    4.345    0    0  (Gen:  0)
   520664     89280   6931912  0.001  0.000   26.784    4.345    0    0  (Gen:  0)
   520672    128480   6993368  0.002  0.000   26.787    4.346    0    0  (Gen:  0)
   521560    121224   7056192  0.002  0.000   26.791    4.347    0    0  (Gen:  0)
   520448    101472   7108840  0.002  0.000   26.795    4.347    0    0  (Gen:  0)
   520312    136760   7178056  0.002  0.000   26.799    4.348    0    0  (Gen:  0)
   520680    135968   7244696  0.002  0.000   26.802    4.349    0    0  (Gen:  0)
   520832    117216   7297856  0.002  0.000   26.806    4.350    0    0  (Gen:  0)
   520888    118248   7341312  0.002  0.000   26.810    4.350    0    0  (Gen:  0)
   521136    148352   7416408  0.002  0.000   26.814    4.351    0    0  (Gen:  0)
   520608    117736   7462544  0.002  0.000   26.818    4.352    0    0  (Gen:  0)
   521000    160352   7550504  0.004  0.000   26.823    4.353    0    0  (Gen:  0)
   520936     76240   7618888  0.001  0.000   26.827    4.353    0    0  (Gen:  0)
   521280    146816   7689696  0.002  0.000   26.831    4.354    0    0  (Gen:  0)
   520784    135032   7754616  0.002  0.000   26.835    4.355    0    0  (Gen:  0)
   520432     99960   7813632  0.002  0.000   26.839    4.355    0    0  (Gen:  0)
   520568    149248   7887536  0.002  0.000   26.843    4.356    0    0  (Gen:  0)
   520864    141432   7956488  0.002  0.000   26.846    4.357    0    0  (Gen:  0)
   520688    129696   8020832  0.002  0.000   26.850    4.358    0    0  (Gen:  0)
   521048    130592   8070504  0.002  0.000   26.854    4.358    0    0  (Gen:  0)
   520704    166816   8158232  0.002  0.000   26.858    4.359    0    0  (Gen:  0)
   520920    130048   8217088  0.002  0.000   26.862    4.360    0    0  (Gen:  0)
   520544    174704   8312728  0.002  0.000   26.867    4.360    0    0  (Gen:  0)
   520080    149224   8394424  0.002  0.000   26.871    4.361    0    0  (Gen:  0)
   520632    134800   8454688  0.002  0.000   26.875    4.362    0    0  (Gen:  0)
   520608    139224   8511008  0.002  0.000   26.879    4.363    0    0  (Gen:  0)
   521816    165912   8593544  0.002  0.000   26.883    4.363    0    0  (Gen:  0)
   520392    138688   8652232  0.002  0.000   26.887    4.364    0    0  (Gen:  0)
   520864    145616   8714128  0.002  0.000   26.891    4.365    0    0  (Gen:  0)
   520584    130224   8786912  0.002  0.000   26.895    4.366    0    0  (Gen:  0)
   520824    178112   8883792  0.003  0.000   26.899    4.366    0    0  (Gen:  0)
   726424    131864   8948872  0.003  0.000   26.903    4.367    0    0  (Gen:  0)
   520632     32464   8968792  0.001  0.000   26.906    4.368    0    0  (Gen:  0)
   521400     65168   9008864  0.002  0.000   26.908    4.368    0    0  (Gen:  0)
   520024     70344   9045896  0.002  0.000   26.911    4.369    0    0  (Gen:  0)
   520952     68488   9082632  0.002  0.000   26.914    4.369    0    0  (Gen:  0)
   521008     65320   9118096  0.002  0.000   26.917    4.370    0    0  (Gen:  0)
   520336    102240   9171312  0.002  0.000   26.920    4.370    0    0  (Gen:  0)
   521424     83064   9201472  0.002  0.000   26.924    4.371    0    0  (Gen:  0)
   520328    117104   9264144  0.002  0.000   26.927    4.372    0    0  (Gen:  0)
   521024     79584   9310464  0.002  0.000   26.930    4.372    0    0  (Gen:  0)
   520536    116544   9366608  0.002  0.000   26.934    4.373    0    0  (Gen:  0)
   520256    110936   9423160  0.002  0.000   26.937    4.374    0    0  (Gen:  0)
   520736     89064   9469344  0.002  0.000   26.941    4.374    0    0  (Gen:  0)
   520648    147768   9554144  0.003  0.000   26.945    4.375    0    0  (Gen:  0)
   521168    119616   9621528  0.002  0.000   26.948    4.376    0    0  (Gen:  0)
   521200     99000   9666752  0.003  0.000   26.952    4.376    0    0  (Gen:  0)
   520496    109624   9706608  0.003  0.000   26.956    4.377    0    0  (Gen:  0)
   520472    139832   9779792  0.002  0.000   26.959    4.378    0    0  (Gen:  0)
   521640    109680   9823848  0.003  0.000   26.963    4.378    0    0  (Gen:  0)
   520848    140640   9892392  0.003  0.000   26.967    4.379    0    0  (Gen:  0)
   521184    102528   9951400  0.002  0.000   26.970    4.380    0    0  (Gen:  0)
   521328    136232  10016552  0.002  0.000   26.974    4.380    0    0  (Gen:  0)
   525184    132112  10084736  0.003  0.000   26.978    4.381    0    0  (Gen:  0)
   521688     98768  10139792  0.002  0.000   26.981    4.382    0    0  (Gen:  0)
   520816    145336  10214792  0.002  0.000   26.985    4.382    0    0  (Gen:  0)
   521080    140424  10281992  0.002  0.000   26.989    4.383    0    0  (Gen:  0)
   520544    119552  10344104  0.002  0.000   26.992    4.384    0    0  (Gen:  0)
   520592    124032  10409224  0.003  0.000   26.996    4.385    0    0  (Gen:  0)
   521024    152144  10483912  0.002  0.000   27.000    4.385    0    0  (Gen:  0)
   521056    116952  10536384  0.003  0.000   27.004    4.386    0    0  (Gen:  0)
   521208    130136  10589320  0.003  0.000   27.009    4.387    0    0  (Gen:  0)
   521264    155144  10667872  0.002  0.000   27.013    4.388    0    0  (Gen:  0)
   521000    130120  10723048  0.003  0.000   27.017    4.388    0    0  (Gen:  0)
   525464    161960  10806240  0.004  0.000   27.022    4.389    0    0  (Gen:  0)
   521280     92152  10875248  0.003  0.000   27.026    4.390    0    0  (Gen:  0)
   520704    166608  10963664  0.003  0.000   27.030    4.391    0    0  (Gen:  0)
   521440    143472  11035280  0.003  0.000   27.034    4.391    0    0  (Gen:  0)
   521128    111968  11101848  0.003  0.000   27.038    4.392    0    0  (Gen:  0)
   520896   5482168   6476144  0.018  0.001   27.057    4.394    0    0  (Gen:  1)
   524704    151608   6548600  0.002  0.000   27.060    4.395    0    0  (Gen:  0)
   520752    117936   6613176  0.003  0.000   27.064    4.396    0    0  (Gen:  0)
   520752    136760   6667136  0.003  0.000   27.069    4.396    0    0  (Gen:  0)
   524688    169688   6758056  0.002  0.000   27.072    4.397    0    0  (Gen:  0)
   525256    122120   6820160  0.002  0.000   27.075    4.398    0    0  (Gen:  0)
   529072    137928   6874896  0.003  0.000   27.081    4.399    0    0  (Gen:  0)
   718256    132104   6925384  0.003  0.000   27.085    4.399    0    0  (Gen:  0)
   520472     41016   6945512  0.002  0.000   27.088    4.400    0    0  (Gen:  0)
   520584     56928   6998336  0.002  0.000   27.091    4.400    0    0  (Gen:  0)
   520856     45512   7034216  0.002  0.000   27.093    4.401    0    0  (Gen:  0)
   520528     88272   7079192  0.002  0.000   27.096    4.402    0    0  (Gen:  0)
   520880     88216   7123120  0.002  0.000   27.099    4.402    0    0  (Gen:  0)
   521112     76296   7160576  0.002  0.000   27.102    4.403    0    0  (Gen:  0)
   521136     85312   7191192  0.002  0.000   27.106    4.403    0    0  (Gen:  0)
   521320    120616   7255560  0.002  0.000   27.109    4.404    0    0  (Gen:  0)
   520496     92928   7294304  0.002  0.000   27.112    4.405    0    0  (Gen:  0)
   521248     99952   7330432  0.002  0.000   27.115    4.405    0    0  (Gen:  0)
   520848     98056   7389768  0.002  0.000   27.118    4.406    0    0  (Gen:  0)
   520608    137152   7465520  0.002  0.000   27.122    4.407    0    0  (Gen:  0)
   521392    114384   7524288  0.002  0.000   27.125    4.407    0    0  (Gen:  0)
   520672     94680   7573544  0.002  0.000   27.128    4.408    0    0  (Gen:  0)
   520640    131664   7639624  0.002  0.000   27.132    4.409    0    0  (Gen:  0)
   521184    130080   7704328  0.002  0.000   27.135    4.409    0    0  (Gen:  0)
   520432    102320   7753344  0.003  0.000   27.138    4.410    0    0  (Gen:  0)
   520552    112992   7795784  0.004  0.000   27.143    4.411    0    0  (Gen:  0)
   521024    147976   7873376  0.002  0.000   27.147    4.411    0    0  (Gen:  0)
   520432    113640   7924256  0.003  0.000   27.151    4.412    0    0  (Gen:  0)
   525080    120032   7970664  0.002  0.000   27.155    4.413    0    0  (Gen:  0)
   521344    125384   8041008  0.002  0.000   27.158    4.413    0    0  (Gen:  0)
   520856    120048   8087032  0.003  0.000   27.162    4.414    0    0  (Gen:  0)
   521216    161312   8175520  0.003  0.000   27.167    4.415    0    0  (Gen:  0)
   520904     97464   8235976  0.002  0.000   27.170    4.416    0    0  (Gen:  0)
   521176    149296   8310248  0.003  0.000   27.174    4.416    0    0  (Gen:  0)
   520792    140392   8378312  0.002  0.000   27.177    4.417    0    0  (Gen:  0)
   520760    104672   8432672  0.003  0.000   27.181    4.418    0    0  (Gen:  0)
   520400    147288   8504256  0.002  0.000   27.185    4.418    0    0  (Gen:  0)
   520760    147224   8576888  0.002  0.000   27.188    4.419    0    0  (Gen:  0)
   520904    121096   8636712  0.003  0.000   27.192    4.420    0    0  (Gen:  0)
   520752    129912   8688160  0.003  0.000   27.196    4.421    0    0  (Gen:  0)
   524616    160088   8768352  0.002  0.000   27.200    4.421    0    0  (Gen:  0)
   521256    127712   8824488  0.003  0.000   27.204    4.422    0    0  (Gen:  0)
   520584    174456   8918256  0.002  0.000   27.208    4.423    0    0  (Gen:  0)
   520624    156616   9001768  0.002  0.000   27.211    4.423    0    0  (Gen:  0)
   520776    140016   9060200  0.004  0.000   27.216    4.424    0    0  (Gen:  0)
   524752    147328   9123480  0.002  0.000   27.220    4.425    0    0  (Gen:  0)
   521208    119984   9195848  0.003  0.000   27.224    4.426    0    0  (Gen:  0)
   521104    172920   9286696  0.002  0.000   27.227    4.426    0    0  (Gen:  0)
   525720    143144   9360744  0.002  0.000   27.230    4.427    0    0  (Gen:  0)
   520832    127360   9427752  0.003  0.000   27.234    4.428    0    0  (Gen:  0)
   529672    167864   9513968  0.002  0.000   27.238    4.428    0    0  (Gen:  0)
   541480    125272   9562560  0.003  0.000   27.242    4.429    0    0  (Gen:  0)
   520696     39552   9582688  0.002  0.000   27.245    4.429    0    0  (Gen:  0)
   520592     79128   9632584  0.002  0.000   27.247    4.430    0    0  (Gen:  0)
   520432     76928   9673688  0.002  0.000   27.250    4.430    0    0  (Gen:  0)
   520824     66800   9699232  0.002  0.000   27.253    4.431    0    0  (Gen:  0)
   521160     88416   9738256  0.002  0.000   27.255    4.431    0    0  (Gen:  0)
   521000     76568   9777736  0.002  0.000   27.258    4.432    0    0  (Gen:  0)
   520872    113560   9837184  0.002  0.000   27.261    4.432    0    0  (Gen:  0)
   520384    107096   9890816  0.002  0.000   27.264    4.433    0    0  (Gen:  0)
   520800     91128   9933328  0.002  0.000   27.267    4.433    0    0  (Gen:  0)
   520384     97120   9968496  0.002  0.000   27.270    4.434    0    0  (Gen:  0)
   520864    124160  10032288  0.002  0.000   27.274    4.434    0    0  (Gen:  0)
   520536     97944  10068912  0.003  0.000   27.277    4.435    0    0  (Gen:  0)
   521408    136008  10139880  0.002  0.000   27.280    4.435    0    0  (Gen:  0)
   520488    109832  10194384  0.002  0.000   27.283    4.436    0    0  (Gen:  0)
   520752    141536  10270464  0.002  0.000   27.286    4.436    0    0  (Gen:  0)
   520744    122320  10334288  0.002  0.000   27.289    4.437    0    0  (Gen:  0)
   520584    104224  10385504  0.002  0.000   27.292    4.437    0    0  (Gen:  0)
   520824    151256  10467648  0.002  0.000   27.296    4.438    0    0  (Gen:  0)
   520880    122552  10538008  0.002  0.000   27.298    4.438    0    0  (Gen:  0)
   521024    110968  10590656  0.003  0.000   27.302    4.439    0    0  (Gen:  0)
   520504    118152  10634752  0.003  0.000   27.306    4.440    0    0  (Gen:  0)
   521408    152856  10715224  0.002  0.000   27.310    4.440    0    0  (Gen:  0)
   520768    116544  10762912  0.003  0.000   27.314    4.441    0    0  (Gen:  0)
   520768    162224  10851344  0.003  0.000   27.318    4.441    0    0  (Gen:  0)
   521080     92848  10917400  0.002  0.000   27.321    4.442    0    0  (Gen:  0)
   521392    146328  10988912  0.002  0.000   27.325    4.442    0    0  (Gen:  0)
   520952    129336  11055208  0.002  0.000   27.328    4.443    0    0  (Gen:  0)
   520504    104000  11113800  0.003  0.000   27.331    4.444    0    0  (Gen:  0)
   520760    153840  11192728  0.002  0.000   27.335    4.444    0    0  (Gen:  0)
   520608    140456  11263816  0.002  0.000   27.338    4.445    0    0  (Gen:  0)
   521056    120032  11326808  0.003  0.000   27.342    4.445    0    0  (Gen:  0)
   521256    130224  11377544  0.003  0.000   27.346    4.446    0    0  (Gen:  0)
   521008    158192  11456016  0.002  0.000   27.350    4.446    0    0  (Gen:  0)
   520176    127128  11513152  0.003  0.000   27.354    4.447    0    0  (Gen:  0)
   521008    170544  11605432  0.002  0.000   27.357    4.448    0    0  (Gen:  0)
   520920    154864  11687872  0.002  0.000   27.361    4.448    0    0  (Gen:  0)
   520896    135480  11747608  0.003  0.000   27.365    4.449    0    0  (Gen:  0)
   521608    138544  11802248  0.003  0.000   27.370    4.449    0    0  (Gen:  0)
   520608    165112  11883048  0.002  0.000   27.373    4.450    0    0  (Gen:  0)
   520952    140024  11941848  0.003  0.000   27.377    4.451    0    0  (Gen:  0)
   520928    167928  12027672  0.003  0.000   27.382    4.451    0    0  (Gen:  0)
   521032    114848  12099128  0.002  0.000   27.385    4.452    0    0  (Gen:  0)
   520880    174888  12192360  0.002  0.000   27.388    4.452    0    0  (Gen:  0)
   685504    146064  12266032  0.002  0.000   27.392    4.453    0    0  (Gen:  0)
   521104    123816  12337616  0.003  0.000   27.395    4.454    0    0  (Gen:  0)
   521248    175328  12431392  0.003  0.000   27.399    4.454    0    0  (Gen:  0)
   520808    141456  12504792  0.002  0.000   27.402    4.455    0    0  (Gen:  0)
   520760    129960  12571664  0.003  0.000   27.406    4.455    0    0  (Gen:  0)
   521000    168096  12658904  0.002  0.000   27.409    4.456    0    0  (Gen:  0)
   520264    157376  12735928  0.002  0.000   27.412    4.456    0    0  (Gen:  0)
   520280   4914024   5899872  0.016  0.001   27.430    4.458    0    0  (Gen:  1)
   521000    143696   5957944  0.004  0.000   27.435    4.459    0    0  (Gen:  0)
   520952    176704   6049400  0.002  0.000   27.438    4.460    0    0  (Gen:  0)
   520432    138056   6115240  0.003  0.000   27.443    4.460    0    0  (Gen:  0)
   521160    165288   6192544  0.002  0.000   27.446    4.461    0    0  (Gen:  0)
   520784    148496   6281376  0.002  0.000   27.449    4.461    0    0  (Gen:  0)
   521352    137296   6340944  0.003  0.000   27.454    4.462    0    0  (Gen:  0)
   520824    166984   6422312  0.002  0.000   27.457    4.463    0    0  (Gen:  0)
   521112    156864   6508672  0.002  0.000   27.460    4.463    0    0  (Gen:  0)
   521328    144408   6570880  0.003  0.000   27.465    4.464    0    0  (Gen:  0)
   520432    156264   6638376  0.003  0.000   27.469    4.464    0    0  (Gen:  0)
   520736    115096   6716224  0.002  0.000   27.472    4.465    0    0  (Gen:  0)
   520824    168368   6798280  0.002  0.000   27.475    4.465    0    0  (Gen:  0)
   521472    158840   6888568  0.002  0.000   27.479    4.466    0    0  (Gen:  0)
   520968    126136   6963848  0.002  0.000   27.482    4.467    0    0  (Gen:  0)
   521272    170800   7045528  0.002  0.000   27.486    4.467    0    0  (Gen:  0)
   525312    154696   7127040  0.002  0.000   27.489    4.468    0    0  (Gen:  0)
   520472    135416   7200080  0.003  0.000   27.493    4.468    0    0  (Gen:  0)
   520792    181688   7294648  0.002  0.000   27.496    4.469    0    0  (Gen:  0)
   520840    167448   7376592  0.002  0.000   27.499    4.469    0    0  (Gen:  0)
   520768    137848   7447936  0.003  0.000   27.503    4.470    0    0  (Gen:  0)
   521304    154912   7510936  0.004  0.000   27.509    4.471    0    0  (Gen:  0)
   520832    189496   7609568  0.002  0.000   27.512    4.471    0    0  (Gen:  0)
   521072    144056   7680824  0.003  0.000   27.516    4.472    0    0  (Gen:  0)
   520824    194448   7784232  0.003  0.000   27.520    4.473    0    0  (Gen:  0)
   521640    149008   7874352  0.002  0.000   27.523    4.473    0    0  (Gen:  0)
   520896    142480   7946160  0.003  0.000   27.528    4.474    0    0  (Gen:  0)
   521496    156384   8010008  0.004  0.000   27.533    4.475    0    0  (Gen:  0)
   525008    192456   8111688  0.002  0.000   27.536    4.475    0    0  (Gen:  0)
   520344    153392   8180728  0.003  0.000   27.541    4.476    0    0  (Gen:  0)
   520664    188040   8277440  0.002  0.000   27.544    4.477    0    0  (Gen:  0)
   520696    174360   8371896  0.003  0.000   27.548    4.477    0    0  (Gen:  0)
   520904    155288   8438560  0.003  0.000   27.552    4.478    0    0  (Gen:  0)
   519424    158176   8505888  0.003  0.000   27.557    4.479    0    0  (Gen:  0)
   525064    168768   8591592  0.003  0.000   27.561    4.479    0    0  (Gen:  0)
   520952    158224   8660632  0.004  0.000   27.566    4.480    0    0  (Gen:  0)
   524840    163824   8732304  0.003  0.000   27.570    4.480    0    0  (Gen:  0)
   521016    117800   8815664  0.002  0.000   27.573    4.481    0    0  (Gen:  0)
   525888    177352   8900880  0.002  0.000   27.576    4.482    0    0  (Gen:  0)
   768424    139480   8973640  0.003  0.000   27.580    4.482    0    0  (Gen:  0)
   743432     61208   8996616  0.001  0.000   27.583    4.483    0    0  (Gen:  0)
   521184     48824   9016272  0.002  0.000   27.585    4.483    0    0  (Gen:  0)
   521120     83776   9068112  0.001  0.000   27.588    4.484    0    0  (Gen:  0)
   520984     67848   9095912  0.002  0.000   27.591    4.484    0    0  (Gen:  0)
   520736     88840   9140304  0.002  0.000   27.593    4.485    0    0  (Gen:  0)
   520704     96224   9189168  0.001  0.000   27.596    4.485    0    0  (Gen:  0)
   520616     78640   9223368  0.003  0.000   27.600    4.486    0    0  (Gen:  0)
   520608     85800   9255000  0.002  0.000   27.603    4.486    0    0  (Gen:  0)
   520528    117512   9316416  0.002  0.000   27.606    4.487    0    0  (Gen:  0)
   520680     93296   9350264  0.003  0.000   27.609    4.487    0    0  (Gen:  0)
   521344    112768   9399240  0.002  0.000   27.613    4.488    0    0  (Gen:  0)
   521176     87152   9447360  0.002  0.000   27.616    4.488    0    0  (Gen:  0)
   520392    133056   9518072  0.002  0.000   27.619    4.489    0    0  (Gen:  0)
   521040    123648   9578960  0.002  0.000   27.622    4.489    0    0  (Gen:  0)
   520944     98200   9627952  0.002  0.000   27.625    4.490    0    0  (Gen:  0)
   520560    108464   9668824  0.003  0.000   27.629    4.491    0    0  (Gen:  0)
   520728    144544   9744368  0.002  0.000   27.633    4.491    0    0  (Gen:  0)
   520936    108280   9790584  0.003  0.000   27.637    4.492    0    0  (Gen:  0)
   520184    153208   9872704  0.004  0.000   27.642    4.492    0    0  (Gen:  0)
   521344     72440   9939664  0.002  0.000   27.645    4.493    0    0  (Gen:  0)
   521032    149728  10017520  0.002  0.000   27.648    4.493    0    0  (Gen:  0)
   718296    117304  10073576  0.003  0.000   27.652    4.494    0    0  (Gen:  0)
   521104     30912  10091888  0.001  0.000   27.654    4.495    0    0  (Gen:  0)
   519832     59024  10125936  0.001  0.000   27.657    4.495    0    0  (Gen:  0)
   520752     68736  10160904  0.002  0.000   27.659    4.496    0    0  (Gen:  0)
   520736     60824  10189528  0.002  0.000   27.662    4.496    0    0  (Gen:  0)
   520248     71680  10213712  0.002  0.000   27.666    4.497    0    0  (Gen:  0)
   520216    101288  10265024  0.002  0.000   27.669    4.497    0    0  (Gen:  0)
   520720     82928  10296664  0.002  0.000   27.672    4.498    0    0  (Gen:  0)
   521864     99256  10338896  0.002  0.000   27.675    4.499    0    0  (Gen:  0)
   521256     89200  10386856  0.002  0.000   27.678    4.499    0    0  (Gen:  0)
   521224    127264  10454224  0.002  0.000   27.681    4.500    0    0  (Gen:  0)
   525192    116936  10513984  0.002  0.000   27.684    4.500    0    0  (Gen:  0)
   520856     91400  10556936  0.002  0.000   27.688    4.501    0    0  (Gen:  0)
   520656    140568  10636344  0.002  0.000   27.691    4.502    0    0  (Gen:  0)
   521384    125944  10702744  0.002  0.000   27.694    4.502    0    0  (Gen:  0)
   520680    106992  10747672  0.003  0.000   27.698    4.503    0    0  (Gen:  0)
   525072    116912  10796664  0.003  0.000   27.702    4.504    0    0  (Gen:  0)
   521416     78936  10860016  0.002  0.000   27.705    4.504    0    0  (Gen:  0)
   520784    142904  10932656  0.002  0.000   27.708    4.505    0    0  (Gen:  0)
   525432    118576  10993448  0.002  0.000   27.712    4.505    0    0  (Gen:  0)
   520816     98480  11049320  0.002  0.000   27.715    4.506    0    0  (Gen:  0)
   529064    142128  11120752  0.002  0.000   27.718    4.507    0    0  (Gen:  0)
   763360    111096  11167880  0.003  0.000   27.722    4.507    0    0  (Gen:  0)
   521160     37336  11187432  0.002  0.000   27.725    4.508    0    0  (Gen:  0)
   520712     75504  11234696  0.002  0.000   27.728    4.508    0    0  (Gen:  0)
   520560     72872  11277104  0.002  0.000   27.730    4.509    0    0  (Gen:  0)
   521056     65960  11302688  0.002  0.000   27.733    4.510    0    0  (Gen:  0)
   520584     86520  11338968  0.002  0.000   27.736    4.510    0    0  (Gen:  0)
   521136     76016  11379688  0.002  0.000   27.739    4.511    0    0  (Gen:  0)
   520424    117112  11442680  0.002  0.000   27.742    4.511    0    0  (Gen:  0)
   520792    105424  11494840  0.002  0.000   27.745    4.512    0    0  (Gen:  0)
   521032     86544  11536392  0.002  0.000   27.748    4.512    0    0  (Gen:  0)
   520728     96888  11573096  0.003  0.000   27.752    4.513    0    0  (Gen:  0)
   521496   4608152   5602072  0.014  0.001   27.767    4.515    0    0  (Gen:  1)
   521224     98992   5636720  0.003  0.000   27.771    4.516    0    0  (Gen:  0)
   520464    140600   5713120  0.002  0.000   27.775    4.516    0    0  (Gen:  0)
   521184    117104   5772280  0.002  0.000   27.778    4.517    0    0  (Gen:  0)
   520944    146768   5853032  0.002  0.000   27.781    4.517    0    0  (Gen:  0)
   521112    119144   5915456  0.002  0.000   27.784    4.518    0    0  (Gen:  0)
   519760     97976   5969040  0.002  0.000   27.788    4.519    0    0  (Gen:  0)
   520792    143096   6044752  0.002  0.000   27.791    4.519    0    0  (Gen:  0)
   520912    132904   6111200  0.002  0.000   27.794    4.520    0    0  (Gen:  0)
   520744    106440   6164304  0.003  0.000   27.798    4.520    0    0  (Gen:  0)
   520736    118616   6208352  0.003  0.000   27.802    4.521    0    0  (Gen:  0)
   944624    117464   6256944  0.002  0.000   27.806    4.522    0    0  (Gen:  0)
   520776     42480   6277144  0.002  0.000   27.808    4.522    0    0  (Gen:  0)
   520632     78560   6327312  0.002  0.000   27.811    4.523    0    0  (Gen:  0)
   520952     74368   6369472  0.001  0.000   27.813    4.523    0    0  (Gen:  0)
   520528     64752   6394080  0.002  0.000   27.816    4.524    0    0  (Gen:  0)
   520744     87056   6432976  0.002  0.000   27.819    4.524    0    0  (Gen:  0)
   520888     72904   6474192  0.002  0.000   27.822    4.525    0    0  (Gen:  0)
   520880    117976   6537696  0.002  0.000   27.825    4.525    0    0  (Gen:  0)
   521064    106968   6590472  0.002  0.000   27.828    4.526    0    0  (Gen:  0)
   520912     80520   6628024  0.002  0.000   27.831    4.526    0    0  (Gen:  0)
   520656     94120   6663576  0.003  0.000   27.834    4.527    0    0  (Gen:  0)
   520720    130704   6735144  0.002  0.000   27.838    4.527    0    0  (Gen:  0)
   520504     98248   6773872  0.003  0.000   27.841    4.528    0    0  (Gen:  0)
   520632     87480   6857016  0.002  0.000   27.844    4.528    0    0  (Gen:  0)
   520752     94008   6916912  0.002  0.000   27.847    4.529    0    0  (Gen:  0)
   520432    144912   6995072  0.002  0.000   27.850    4.529    0    0  (Gen:  0)
   520976    121432   7054408  0.002  0.000   27.854    4.530    0    0  (Gen:  0)
   520648     90480   7105744  0.002  0.000   27.857    4.530    0    0  (Gen:  0)
   520648    135416   7172968  0.002  0.000   27.860    4.531    0    0  (Gen:  0)
   521296    128256   7236472  0.002  0.000   27.863    4.531    0    0  (Gen:  0)
   520792    105192   7288184  0.003  0.000   27.866    4.532    0    0  (Gen:  0)
   521000    116928   7332600  0.003  0.000   27.870    4.533    0    0  (Gen:  0)
   525232    152744   7414096  0.002  0.000   27.874    4.533    0    0  (Gen:  0)
   521016    112136   7460360  0.003  0.000   27.877    4.534    0    0  (Gen:  0)
   520432    142728   7530128  0.002  0.000   27.881    4.534    0    0  (Gen:  0)
   520824    134080   7603440  0.002  0.000   27.884    4.535    0    0  (Gen:  0)
   520384    121056   7654032  0.003  0.000   27.888    4.536    0    0  (Gen:  0)
   520536    155696   7734136  0.002  0.000   27.892    4.536    0    0  (Gen:  0)
   521160    136160   7798848  0.002  0.000   27.895    4.537    0    0  (Gen:  0)
   521384     92984   7887912  0.002  0.000   27.898    4.537    0    0  (Gen:  0)
   521200    130920   7956568  0.002  0.000   27.901    4.538    0    0  (Gen:  0)
   520552    117856   8020920  0.002  0.000   27.905    4.539    0    0  (Gen:  0)
   521272    157304   8098048  0.002  0.000   27.908    4.539    0    0  (Gen:  0)
   525200    150352   8172864  0.002  0.000   27.911    4.540    0    0  (Gen:  0)
   521112    125568   8235072  0.003  0.000   27.915    4.540    0    0  (Gen:  0)
   521120    103808   8334376  0.002  0.000   27.918    4.541    0    0  (Gen:  0)
   520704    132384   8414056  0.002  0.000   27.921    4.541    0    0  (Gen:  0)
   521104    127168   8473024  0.003  0.000   27.925    4.542    0    0  (Gen:  0)
   521120    132152   8526200  0.003  0.000   27.930    4.543    0    0  (Gen:  0)
   524856    160704   8606416  0.002  0.000   27.933    4.543    0    0  (Gen:  0)
   520504    132752   8665448  0.003  0.000   27.937    4.544    0    0  (Gen:  0)
   524872    140352   8721624  0.004  0.000   27.942    4.545    0    0  (Gen:  0)
   520712     83736   8797864  0.002  0.000   27.945    4.545    0    0  (Gen:  0)
   525416    157152   8872632  0.002  0.000   27.949    4.546    0    0  (Gen:  0)
   749000    126192   8938360  0.003  0.000   27.952    4.546    0    0  (Gen:  0)
   553744     92112   8959760  0.002  0.000   27.956    4.547    0    0  (Gen:  0)
   521088     63200   8998768  0.001  0.000   27.958    4.548    0    0  (Gen:  0)
   520696     68208   9035008  0.002  0.000   27.961    4.548    0    0  (Gen:  0)
   520296     56744   9061960  0.002  0.000   27.964    4.549    0    0  (Gen:  0)
   521056     70848   9086704  0.002  0.000   27.967    4.549    0    0  (Gen:  0)
   520672     98360   9138496  0.002  0.000   27.970    4.550    0    0  (Gen:  0)
   521216     80688   9170392  0.002  0.000   27.974    4.551    0    0  (Gen:  0)
   520800     96512   9212832  0.003  0.000   27.978    4.551    0    0  (Gen:  0)
   520232     70464   9261504  0.002  0.000   27.981    4.552    0    0  (Gen:  0)
   521080    119368   9319976  0.002  0.000   27.983    4.553    0    0  (Gen:  0)
   520616    111520   9375976  0.002  0.000   27.986    4.553    0    0  (Gen:  0)
   520528     90144   9419440  0.002  0.000   27.990    4.554    0    0  (Gen:  0)
   521072     91072   9505920  0.002  0.000   27.993    4.554    0    0  (Gen:  0)
   521272    116352   9574424  0.002  0.000   27.996    4.555    0    0  (Gen:  0)
   520168    100616   9618448  0.003  0.000   28.000    4.556    0    0  (Gen:  0)
   521312    110032   9660560  0.003  0.000   28.004    4.556    0    0  (Gen:  0)
   520944    139384   9731264  0.002  0.000   28.007    4.557    0    0  (Gen:  0)
   520392    112008   9774600  0.003  0.000   28.011    4.558    0    0  (Gen:  0)
   520600    127544   9832296  0.002  0.000   28.015    4.559    0    0  (Gen:  0)
   521064     99792   9891288  0.002  0.000   28.018    4.559    0    0  (Gen:  0)
   520424    144336   9962224  0.002  0.000   28.021    4.560    0    0  (Gen:  0)
   521248    132760  10029568  0.003  0.000   28.025    4.561    0    0  (Gen:  0)
   520656    122832  10085584  0.003  0.000   28.029    4.561    0    0  (Gen:  0)
   520648    165432  10178472  0.003  0.000   28.033    4.562    0    0  (Gen:  0)
   521344    127872  10254432  0.002  0.000   28.036    4.563    0    0  (Gen:  0)
   521320    115944  10309240  0.003  0.000   28.040    4.563    0    0  (Gen:  0)
   520800    124736  10358128  0.003  0.000   28.044    4.564    0    0  (Gen:  0)
   520208    148552  10430136  0.002  0.000   28.048    4.565    0    0  (Gen:  0)
   521152    121472  10483160  0.003  0.000   28.052    4.566    0    0  (Gen:  0)
   520720    133360  10538760  0.002  0.000   28.056    4.566    0    0  (Gen:  0)
   520592    113648  10611408  0.002  0.000   28.059    4.567    0    0  (Gen:  0)
   521272    155800  10687328  0.002  0.000   28.063    4.568    0    0  (Gen:  0)
   520112    135192  10757960  0.002  0.000   28.066    4.568    0    0  (Gen:  0)
   521328    130728  10824384  0.002  0.000   28.070    4.569    0    0  (Gen:  0)
   520504    166016  10911792  0.002  0.000   28.073    4.570    0    0  (Gen:  0)
   520312    142160  10984896  0.002  0.000   28.077    4.571    0    0  (Gen:  0)
   520328    121208  11052048  0.003  0.000   28.081    4.571    0    0  (Gen:  0)
   520624    162424  11133072  0.002  0.000   28.084    4.572    0    0  (Gen:  0)
   521392   5502320   6500304  0.018  0.001   28.104    4.574    0    0  (Gen:  1)
   520712    139232   6557336  0.003  0.000   28.109    4.575    0    0  (Gen:  0)
   520640    155504   6628480  0.003  0.000   28.113    4.576    0    0  (Gen:  0)
   521032    135808   6710728  0.002  0.000   28.116    4.576    0    0  (Gen:  0)
   520848    126664   6770112  0.003  0.000   28.121    4.577    0    0  (Gen:  0)
   520448    139976   6828136  0.003  0.000   28.125    4.578    0    0  (Gen:  0)
   726144    120608   6864592  0.003  0.000   28.129    4.579    0    0  (Gen:  0)
   521288     44816   6883272  0.002  0.000   28.132    4.579    0    0  (Gen:  0)
   520352     81568   6934400  0.002  0.000   28.135    4.580    0    0  (Gen:  0)
   520984     51616   6968568  0.002  0.000   28.138    4.580    0    0  (Gen:  0)
   520944     90464   7014560  0.002  0.000   28.141    4.581    0    0  (Gen:  0)
   520408     92432   7061416  0.002  0.000   28.144    4.581    0    0  (Gen:  0)
   521056     77088   7097848  0.002  0.000   28.147    4.582    0    0  (Gen:  0)
   520936     83632   7127008  0.002  0.000   28.151    4.583    0    0  (Gen:  0)
   520920    120576   7191776  0.002  0.000   28.154    4.583    0    0  (Gen:  0)
   520376     87400   7224592  0.002  0.000   28.158    4.584    0    0  (Gen:  0)
   520584    101744   7266408  0.002  0.000   28.161    4.585    0    0  (Gen:  0)
   520496     83840   7322360  0.002  0.000   28.165    4.585    0    0  (Gen:  0)
   520496    139072   7397512  0.002  0.000   28.168    4.586    0    0  (Gen:  0)
   521120    114456   7456960  0.002  0.000   28.171    4.586    0    0  (Gen:  0)
   521128     92704   7506624  0.002  0.000   28.175    4.587    0    0  (Gen:  0)
   520648    131504   7570792  0.002  0.000   28.178    4.588    0    0  (Gen:  0)
   520704    125584   7633912  0.002  0.000   28.182    4.588    0    0  (Gen:  0)
   520840    102432   7682416  0.003  0.000   28.186    4.589    0    0  (Gen:  0)
   521672    154208   7767088  0.002  0.000   28.189    4.590    0    0  (Gen:  0)
   520896    128400   7835856  0.002  0.000   28.193    4.590    0    0  (Gen:  0)
   521272    112728   7884712  0.003  0.000   28.197    4.591    0    0  (Gen:  0)
   525176    115048   7928864  0.003  0.000   28.201    4.592    0    0  (Gen:  0)
   521320    143816   8001344  0.002  0.000   28.205    4.592    0    0  (Gen:  0)
   521288    118616   8047896  0.003  0.000   28.209    4.593    0    0  (Gen:  0)
   521120    161216   8135544  0.002  0.000   28.213    4.594    0    0  (Gen:  0)
   520640    106896   8196992  0.002  0.000   28.216    4.594    0    0  (Gen:  0)
   520592    148472   8270032  0.002  0.000   28.220    4.595    0    0  (Gen:  0)
   520936    137648   8339968  0.002  0.000   28.223    4.596    0    0  (Gen:  0)
   521048    116480   8398696  0.003  0.000   28.227    4.596    0    0  (Gen:  0)
   520888    152592   8476392  0.002  0.000   28.231    4.597    0    0  (Gen:  0)
   521088    147368   8548600  0.002  0.000   28.234    4.598    0    0  (Gen:  0)
   521488    122864   8609472  0.003  0.000   28.239    4.599    0    0  (Gen:  0)
   521048    130960   8661888  0.003  0.000   28.243    4.599    0    0  (Gen:  0)
   525224    165464   8748528  0.003  0.000   28.247    4.600    0    0  (Gen:  0)
   521304    125776   8805688  0.003  0.000   28.251    4.601    0    0  (Gen:  0)
   521192    164456   8890768  0.002  0.000   28.255    4.601    0    0  (Gen:  0)
   521240    147376   8973176  0.003  0.000   28.259    4.602    0    0  (Gen:  0)
   520480    131672   9026824  0.003  0.000   28.264    4.603    0    0  (Gen:  0)
   524920    139744   9087328  0.003  0.000   28.268    4.604    0    0  (Gen:  0)
   520928     99560   9158336  0.004  0.000   28.308    4.608    0    0  (Gen:  0)
   520896    155096   9233776  0.003  0.000   28.312    4.609    0    0  (Gen:  0)
   524616    151616   9320912  0.003  0.000   28.316    4.609    0    0  (Gen:  0)
   520928    114224   9387792  0.003  0.000   28.320    4.610    0    0  (Gen:  0)
   529496    160160   9466584  0.003  0.000   28.325    4.611    0    0  (Gen:  0)
   722304    127128   9526864  0.003  0.000   28.329    4.612    0    0  (Gen:  0)
   520464     33544   9545976  0.002  0.000   28.332    4.612    0    0  (Gen:  0)
   520272     63296   9583088  0.002  0.000   28.335    4.613    0    0  (Gen:  0)
   520824     71176   9619552  0.002  0.000   28.338    4.614    0    0  (Gen:  0)
   520816     63464   9647592  0.002  0.000   28.342    4.614    0    0  (Gen:  0)
   520752     74144   9673736  0.002  0.000   28.345    4.615    0    0  (Gen:  0)
   520936     53640   9722440  0.002  0.000   28.348    4.615    0    0  (Gen:  0)
   521344    111584   9781864  0.002  0.000   28.353    4.616    0    0  (Gen:  0)
   521056     95568   9831896  0.002  0.000   28.357    4.617    0    0  (Gen:  0)
   521152     82424   9876016  0.002  0.000   28.361    4.618    0    0  (Gen:  0)
   521000    116952   9934208  0.002  0.000   28.366    4.618    0    0  (Gen:  0)
   520496    120816   9994064  0.003  0.000   28.370    4.619    0    0  (Gen:  0)
   520536     91704  10033472  0.003  0.000   28.375    4.620    0    0  (Gen:  0)
   521256    142784  10114184  0.002  0.000   28.379    4.621    0    0  (Gen:  0)
   521224    128528  10181640  0.002  0.000   28.382    4.621    0    0  (Gen:  0)
   520176    104744  10224208  0.003  0.000   28.387    4.622    0    0  (Gen:  0)
   521472    119920  10275160  0.003  0.000   28.391    4.623    0    0  (Gen:  0)
   520944     89008  10334008  0.002  0.000   28.394    4.624    0    0  (Gen:  0)
   520136    146000  10412432  0.003  0.000   28.398    4.624    0    0  (Gen:  0)
   520744    125712  10477672  0.003  0.000   28.402    4.625    0    0  (Gen:  0)
   520928    101424  10532440  0.002  0.000   28.405    4.626    0    0  (Gen:  0)
   520576    119320  10578424  0.003  0.000   28.410    4.627    0    0  (Gen:  0)
   524968    156568  10663304  0.003  0.000   28.414    4.627    0    0  (Gen:  0)
   521496    106728  10715160  0.003  0.000   28.418    4.628    0    0  (Gen:  0)
   520968    162120  10803024  0.003  0.000   28.423    4.629    0    0  (Gen:  0)
   521040    133600  10877880  0.003  0.000   28.426    4.629    0    0  (Gen:  0)
   521264    117368  10928944  0.003  0.000   28.431    4.630    0    0  (Gen:  0)
   521000    126576  10980392  0.004  0.000   28.436    4.631    0    0  (Gen:  0)
   520232     73928  11048544  0.002  0.000   28.441    4.632    0    0  (Gen:  0)
   520688    156920  11133392  0.003  0.000   28.445    4.633    0    0  (Gen:  0)
   520760    129224  11198864  0.003  0.000   28.450    4.633    0    0  (Gen:  0)
   520976    105224  11266464  0.003  0.000   28.453    4.634    0    0  (Gen:  0)
   520952    156128  11342744  0.003  0.000   28.458    4.635    0    0  (Gen:  0)
   524072    145536  11417752  0.003  0.000   28.462    4.636    0    0  (Gen:  0)
   521176    108000  11478304  0.003  0.000   28.466    4.636    0    0  (Gen:  0)
   521160    159208  11560064  0.003  0.000   28.470    4.637    0    0  (Gen:  0)
   520320    154256  11635120  0.003  0.000   28.475    4.638    0    0  (Gen:  0)
   520840    127640  11699352  0.003  0.000   28.479    4.639    0    0  (Gen:  0)
   520552    137856  11754128  0.004  0.000   28.484    4.640    0    0  (Gen:  0)
   525184    171648  11843168  0.003  0.000   28.488    4.640    0    0  (Gen:  0)
   521136    132656  11904400  0.003  0.000   28.493    4.641    0    0  (Gen:  0)
   521488    177584  11999720  0.003  0.000   28.497    4.642    0    0  (Gen:  0)
   525328    148416  12081568  0.003  0.000   28.501    4.643    0    0  (Gen:  0)
   525384    135840  12138040  0.004  0.000   28.506    4.644    0    0  (Gen:  0)
   545656    144248  12201328  0.004  0.000   28.512    4.644    0    0  (Gen:  0)
   520840     31392  12220352  0.002  0.000   28.514    4.645    0    0  (Gen:  0)
   520520     65920  12261568  0.002  0.000   28.517    4.645    0    0  (Gen:  0)
   520568     68920  12298464  0.002  0.000   28.519    4.646    0    0  (Gen:  0)
   520968     59320  12325792  0.002  0.000   28.523    4.646    0    0  (Gen:  0)
   520656     70936  12349832  0.002  0.000   28.526    4.647    0    0  (Gen:  0)
   521288    100304  12402712  0.002  0.000   28.529    4.647    0    0  (Gen:  0)
   520728     80592  12433040  0.003  0.000   28.533    4.648    0    0  (Gen:  0)
   520480     98520  12476104  0.002  0.000   28.536    4.648    0    0  (Gen:  0)
   520664     79632  12524520  0.003  0.000   28.540    4.649    0    0  (Gen:  0)
   521008    120456  12583400  0.002  0.000   28.543    4.649    0    0  (Gen:  0)
   520592    117928  12640688  0.002  0.000   28.547    4.650    0    0  (Gen:  0)
   520600     88528  12682928  0.003  0.000   28.550    4.651    0    0  (Gen:  0)
   520704    145424  12767504  0.003  0.000   28.554    4.651    0    0  (Gen:  0)
   520928   4250592   5236448  0.015  0.001   28.570    4.653    0    0  (Gen:  1)
   520856    110160   5279248  0.003  0.000   28.575    4.653    0    0  (Gen:  0)
   520672    142600   5352592  0.004  0.000   28.580    4.654    0    0  (Gen:  0)
   520896     69744   5418376  0.002  0.000   28.583    4.655    0    0  (Gen:  0)
   520520    112680   5461832  0.003  0.000   28.587    4.655    0    0  (Gen:  0)
   520872    144696   5536912  0.002  0.000   28.591    4.656    0    0  (Gen:  0)
   521128    105600   5595432  0.002  0.000   28.594    4.656    0    0  (Gen:  0)
   520432    144016   5666512  0.002  0.000   28.597    4.657    0    0  (Gen:  0)
   521040    135912   5735248  0.002  0.000   28.601    4.657    0    0  (Gen:  0)
   520904    109856   5790048  0.003  0.000   28.604    4.658    0    0  (Gen:  0)
   520704     96856   5882496  0.002  0.000   28.607    4.658    0    0  (Gen:  0)
   520880    124624   5956384  0.002  0.000   28.610    4.659    0    0  (Gen:  0)
   521784    117360   6011136  0.003  0.000   28.615    4.660    0    0  (Gen:  0)
   520920    124376   6060000  0.003  0.000   28.619    4.660    0    0  (Gen:  0)
   520688    149848   6134144  0.002  0.000   28.623    4.661    0    0  (Gen:  0)
   520608    122992   6187056  0.003  0.000   28.627    4.661    0    0  (Gen:  0)
   520912    135344   6245296  0.003  0.000   28.631    4.662    0    0  (Gen:  0)
   520416     91424   6316184  0.002  0.000   28.634    4.663    0    0  (Gen:  0)
   521520    156128   6392192  0.002  0.000   28.637    4.663    0    0  (Gen:  0)
   520984    137232   6463720  0.003  0.000   28.641    4.664    0    0  (Gen:  0)
   520184    107640   6528672  0.003  0.000   28.645    4.664    0    0  (Gen:  0)
   521008    165168   6615608  0.002  0.000   28.648    4.665    0    0  (Gen:  0)
   520680    145888   6690776  0.002  0.000   28.651    4.665    0    0  (Gen:  0)
   521024    126424   6758424  0.003  0.000   28.655    4.666    0    0  (Gen:  0)
   521624    138736   6813112  0.003  0.000   28.660    4.667    0    0  (Gen:  0)
   520952    174040   6905464  0.002  0.000   28.664    4.667    0    0  (Gen:  0)
   520608    129664   6968096  0.003  0.000   28.668    4.668    0    0  (Gen:  0)
   521128    139528   7023576  0.003  0.000   28.673    4.669    0    0  (Gen:  0)
   520752    174344   7118608  0.002  0.000   28.676    4.669    0    0  (Gen:  0)
   521256    135224   7175520  0.003  0.000   28.681    4.670    0    0  (Gen:  0)
   520704    140232   7234288  0.003  0.000   28.685    4.670    0    0  (Gen:  0)
   685832    164216   7315648  0.002  0.000   28.688    4.671    0    0  (Gen:  0)
   520864    134536   7377208  0.003  0.000   28.693    4.672    0    0  (Gen:  0)
   521040    176040   7470632  0.002  0.000   28.696    4.672    0    0  (Gen:  0)
   520720    158408   7553824  0.003  0.000   28.700    4.673    0    0  (Gen:  0)
   521160    139352   7612352  0.004  0.000   28.705    4.674    0    0  (Gen:  0)
   520632    150392   7679080  0.003  0.000   28.709    4.674    0    0  (Gen:  0)
   520000    109528   7753600  0.003  0.000   28.713    4.675    0    0  (Gen:  0)
   520552    183848   7852744  0.003  0.000   28.717    4.675    0    0  (Gen:  0)
   521192    147976   7929960  0.002  0.000   28.720    4.676    0    0  (Gen:  0)
   520728    123000   8002000  0.003  0.000   28.723    4.676    0    0  (Gen:  0)
   520896    169320   8084480  0.002  0.000   28.727    4.677    0    0  (Gen:  0)
   520768    156224   8164152  0.003  0.000   28.730    4.678    0    0  (Gen:  0)
   521104    123928   8231560  0.003  0.000   28.734    4.678    0    0  (Gen:  0)
   520872    170824   8318328  0.002  0.000   28.738    4.679    0    0  (Gen:  0)
   521136    166784   8400512  0.002  0.000   28.741    4.679    0    0  (Gen:  0)
   521680    130968   8466040  0.003  0.000   28.746    4.680    0    0  (Gen:  0)
   520648    149008   8528016  0.004  0.000   28.751    4.681    0    0  (Gen:  0)
   520552    178632   8620032  0.002  0.000   28.754    4.681    0    0  (Gen:  0)
   520408    143048   8683984  0.003  0.000   28.759    4.682    0    0  (Gen:  0)
   521704    147880   8743312  0.004  0.000   28.764    4.683    0    0  (Gen:  0)
   520976    172848   8828424  0.003  0.000   28.767    4.683    0    0  (Gen:  0)
   521344    145072   8891960  0.004  0.000   28.773    4.684    0    0  (Gen:  0)
   521000    147912   8952240  0.004  0.000   28.778    4.685    0    0  (Gen:  0)
   524984    177888   9044328  0.003  0.000   28.782    4.685    0    0  (Gen:  0)
   520800    150064   9106640  0.004  0.000   28.787    4.686    0    0  (Gen:  0)
   520560    189376   9207216  0.003  0.000   28.791    4.687    0    0  (Gen:  0)
   520992    155560   9286256  0.003  0.000   28.794    4.687    0    0  (Gen:  0)
   520896    173248   9371480  0.002  0.000   28.798    4.688    0    0  (Gen:  0)
   520904    167768   9467312  0.003  0.000   28.802    4.689    0    0  (Gen:  0)
   520904    122248   9543840  0.003  0.000   28.806    4.689    0    0  (Gen:  0)
   521208    188776   9644448  0.003  0.000   28.811    4.690    0    0  (Gen:  0)
   521216    159184   9723032  0.003  0.000   28.815    4.691    0    0  (Gen:  0)
   521112    124064   9801848  0.003  0.000   28.819    4.692    0    0  (Gen:  0)
   521464    182688   9890640  0.002  0.000   28.823    4.692    0    0  (Gen:  0)
   525088    169016   9976272  0.003  0.000   28.827    4.693    0    0  (Gen:  0)
   520656    130024  10049592  0.003  0.000   28.831    4.694    0    0  (Gen:  0)
   520384    180056  10138920  0.002  0.000   28.834    4.694    0    0  (Gen:  0)
   520904    174080  10226760  0.002  0.000   28.838    4.695    0    0  (Gen:  0)
   520688    139560  10299632  0.003  0.000   28.842    4.695    0    0  (Gen:  0)
   521104   5478224   6464056  0.018  0.001   28.861    4.697    0    0  (Gen:  1)
   525112    177800   6552192  0.002  0.000   28.865    4.698    0    0  (Gen:  0)
   520664    143472   6624616  0.003  0.000   28.870    4.699    0    0  (Gen:  0)
   521040    158488   6689424  0.003  0.000   28.874    4.700    0    0  (Gen:  0)
   523584    178760   6777344  0.002  0.000   28.878    4.700    0    0  (Gen:  0)
   525520    149400   6848200  0.003  0.000   28.882    4.701    0    0  (Gen:  0)
   529264    160032   6913640  0.004  0.000   28.887    4.702    0    0  (Gen:  0)
   985528    132040   6957648  0.003  0.000   28.891    4.702    0    0  (Gen:  0)
   520720     44240   6977336  0.002  0.000   28.894    4.703    0    0  (Gen:  0)
   520568     77760   7025968  0.002  0.000   28.896    4.703    0    0  (Gen:  0)
   519968     73864   7068152  0.002  0.000   28.899    4.703    0    0  (Gen:  0)
   521016     65624   7092680  0.002  0.000   28.902    4.704    0    0  (Gen:  0)
   520792    108632   7153416  0.002  0.000   28.905    4.704    0    0  (Gen:  0)
   520776     72056   7193104  0.002  0.000   28.908    4.705    0    0  (Gen:  0)
   520872    113584   7252272  0.002  0.000   28.911    4.705    0    0  (Gen:  0)
   520608    107816   7306160  0.002  0.000   28.914    4.706    0    0  (Gen:  0)
   520672     88112   7347496  0.002  0.000   28.917    4.706    0    0  (Gen:  0)
   520800     97552   7382696  0.002  0.000   28.920    4.707    0    0  (Gen:  0)
   520912    132808   7456232  0.002  0.000   28.923    4.708    0    0  (Gen:  0)
   521232     97160   7493144  0.003  0.000   28.927    4.708    0    0  (Gen:  0)
   520928    135896   7564304  0.003  0.000   28.931    4.709    0    0  (Gen:  0)
   520392     87592   7619240  0.002  0.000   28.934    4.709    0    0  (Gen:  0)
   521200    129032   7681216  0.002  0.000   28.937    4.710    0    0  (Gen:  0)
   521224    123232   7745232  0.002  0.000   28.940    4.710    0    0  (Gen:  0)
   520792     95848   7796352  0.002  0.000   28.943    4.711    0    0  (Gen:  0)
   520896    112568   7839192  0.003  0.000   28.947    4.712    0    0  (Gen:  0)
   521256    149680   7919560  0.002  0.000   28.950    4.712    0    0  (Gen:  0)
   520816    118696   7973016  0.003  0.000   28.954    4.713    0    0  (Gen:  0)
   521720    118816   8017168  0.003  0.000   28.958    4.713    0    0  (Gen:  0)
   718136    112896   8061416  0.003  0.000   28.962    4.714    0    0  (Gen:  0)
   520264     44144   8081296  0.002  0.000   28.965    4.714    0    0  (Gen:  0)
   520800     79448   8128840  0.001  0.000   28.967    4.715    0    0  (Gen:  0)
   521008     66584   8162408  0.002  0.000   28.970    4.715    0    0  (Gen:  0)
   520480     90992   8209576  0.002  0.000   28.973    4.716    0    0  (Gen:  0)
   520560     92912   8255360  0.002  0.000   28.976    4.717    0    0  (Gen:  0)
   520688     74024   8288704  0.002  0.000   28.979    4.717    0    0  (Gen:  0)
   521648    125936   8360552  0.002  0.000   28.982    4.718    0    0  (Gen:  0)
   521224    106936   8418336  0.002  0.000   28.985    4.718    0    0  (Gen:  0)
   521240     90944   8454888  0.002  0.000   28.988    4.719    0    0  (Gen:  0)
   525688    106896   8502936  0.002  0.000   28.991    4.720    0    0  (Gen:  0)
   520824     90888   8555456  0.002  0.000   28.994    4.720    0    0  (Gen:  0)
   520656    134800   8628272  0.002  0.000   28.998    4.721    0    0  (Gen:  0)
   520864    112984   8686432  0.002  0.000   29.001    4.722    0    0  (Gen:  0)
   521072    101440   8738544  0.002  0.000   29.004    4.722    0    0  (Gen:  0)
   520632    110016   8780208  0.003  0.000   29.008    4.723    0    0  (Gen:  0)
   525392    144768   8855416  0.002  0.000   29.011    4.724    0    0  (Gen:  0)
   521136    109096   8904448  0.003  0.000   29.015    4.724    0    0  (Gen:  0)
   521176    151584   8985320  0.002  0.000   29.019    4.725    0    0  (Gen:  0)
   525048    126808   9056408  0.002  0.000   29.022    4.725    0    0  (Gen:  0)
   524976    112584   9102336  0.003  0.000   29.026    4.726    0    0  (Gen:  0)
   698592    118968   9162344  0.002  0.000   29.029    4.727    0    0  (Gen:  0)
   587112     59336   9174168  0.001  0.000   29.031    4.727    0    0  (Gen:  0)
   520488     47432   9193472  0.002  0.000   29.034    4.728    0    0  (Gen:  0)
   520544     90152   9250744  0.002  0.000   29.037    4.728    0    0  (Gen:  0)
   520752     59240   9279112  0.002  0.000   29.040    4.729    0    0  (Gen:  0)
   520304     71464   9303456  0.002  0.000   29.043    4.730    0    0  (Gen:  0)
   520768    107032   9362520  0.002  0.000   29.046    4.730    0    0  (Gen:  0)
   520584     81256   9393840  0.002  0.000   29.049    4.731    0    0  (Gen:  0)
   520720     95256   9434768  0.002  0.000   29.053    4.731    0    0  (Gen:  0)
   520752     73960   9483984  0.002  0.000   29.056    4.732    0    0  (Gen:  0)
   520920    119256   9542872  0.002  0.000   29.059    4.732    0    0  (Gen:  0)
   521296    111160   9598768  0.002  0.000   29.062    4.733    0    0  (Gen:  0)
   521568     92776   9642112  0.002  0.000   29.065    4.734    0    0  (Gen:  0)
   520728    148168   9729592  0.003  0.000   29.069    4.734    0    0  (Gen:  0)
   520864    108992   9796656  0.002  0.000   29.072    4.735    0    0  (Gen:  0)
   520960    102832   9843632  0.003  0.000   29.076    4.736    0    0  (Gen:  0)
   520864    110544   9884672  0.003  0.000   29.080    4.736    0    0  (Gen:  0)
   520368    139512   9955176  0.002  0.000   29.083    4.737    0    0  (Gen:  0)
   520600    112256   9998600  0.003  0.000   29.088    4.738    0    0  (Gen:  0)
   520912    125368  10052656  0.002  0.000   29.090    4.738    0    0  (Gen:  0)
   520352    108928  10112696  0.002  0.000   29.094    4.739    0    0  (Gen:  0)
   520992    142720  10182888  0.002  0.000   29.097    4.739    0    0  (Gen:  0)
   938000    107264  10232600  0.003  0.000   29.101    4.740    0    0  (Gen:  0)
   524352     35744  10256784  0.002  0.000   29.103    4.741    0    0  (Gen:  0)
   520240     67984  10300744  0.002  0.000   29.106    4.741    0    0  (Gen:  0)
   520752     67120  10336808  0.002  0.000   29.108    4.741    0    0  (Gen:  0)
   520872     58592  10364584  0.002  0.000   29.111    4.742    0    0  (Gen:  0)
   521168     72112  10390904  0.002  0.000   29.114    4.742    0    0  (Gen:  0)
   520416    108896  10450080  0.002  0.000   29.117    4.743    0    0  (Gen:  0)
   520232     80728  10481776  0.002  0.000   29.120    4.743    0    0  (Gen:  0)
   520944     93808  10520984  0.002  0.000   29.123    4.744    0    0  (Gen:  0)
   520976     81552  10570320  0.002  0.000   29.126    4.744    0    0  (Gen:  0)
   520472    116208  10626512  0.002  0.000   29.129    4.745    0    0  (Gen:  0)
   520544    109784  10681736  0.002  0.000   29.132    4.746    0    0  (Gen:  0)
   521040     93152  10730096  0.002  0.000   29.135    4.746    0    0  (Gen:  0)
   520160    152016  10817752  0.002  0.000   29.138    4.747    0    0  (Gen:  0)
   520944    123952  10885600  0.002  0.000   29.141    4.747    0    0  (Gen:  0)
   520960    105352  10932120  0.003  0.000   29.145    4.748    0    0  (Gen:  0)
   520008    110120  10971616  0.003  0.000   29.149    4.748    0    0  (Gen:  0)
   520816    135392  11039816  0.002  0.000   29.152    4.749    0    0  (Gen:  0)
   521280    109080  11083168  0.003  0.000   29.155    4.749    0    0  (Gen:  0)
   520616    121120  11132504  0.002  0.000   29.159    4.750    0    0  (Gen:  0)
   520912    105880  11192648  0.002  0.000   29.162    4.751    0    0  (Gen:  0)
   521272    153344  11275400  0.002  0.000   29.165    4.751    0    0  (Gen:  0)
   525320    133688  11341536  0.002  0.000   29.168    4.752    0    0  (Gen:  0)
   520576    103528  11398104  0.002  0.000   29.171    4.752    0    0  (Gen:  0)
   520736    144984  11471160  0.002  0.000   29.175    4.753    0    0  (Gen:  0)
   520752    141336  11540040  0.002  0.000   29.178    4.753    0    0  (Gen:  0)
   520592    114824  11595224  0.003  0.000   29.182    4.754    0    0  (Gen:  0)
   520560    125648  11643976  0.003  0.000   29.186    4.755    0    0  (Gen:  0)
   520744    159640  11725824  0.002  0.000   29.189    4.755    0    0  (Gen:  0)
   521344    118440  11778376  0.003  0.000   29.193    4.756    0    0  (Gen:  0)
   521488    130016  11830800  0.003  0.000   29.197    4.757    0    0  (Gen:  0)
   520752    155696  11910384  0.002  0.000   29.201    4.757    0    0  (Gen:  0)
   520992    132504  11965392  0.003  0.000   29.205    4.758    0    0  (Gen:  0)
   525024    162384  12047856  0.002  0.000   29.208    4.758    0    0  (Gen:  0)
   521144    123048  12117288  0.002  0.000   29.212    4.759    0    0  (Gen:  0)
   521240    169464  12207640  0.002  0.000   29.215    4.759    0    0  (Gen:  0)
   520760    139544  12279320  0.002  0.000   29.218    4.760    0    0  (Gen:  0)
   521048    111136  12344488  0.002  0.000   29.222    4.761    0    0  (Gen:  0)
   520936    156648  12422136  0.002  0.000   29.225    4.761    0    0  (Gen:  0)
   525248    150392  12496344  0.002  0.000   29.229    4.762    0    0  (Gen:  0)
   520544    121896  12560352  0.003  0.000   29.233    4.763    0    0  (Gen:  0)
   520584    136568  12613096  0.003  0.000   29.237    4.763    0    0  (Gen:  0)
   524656    158064  12691248  0.002  0.000   29.240    4.764    0    0  (Gen:  0)
   525664   4773696   5767400  0.017  0.001   29.258    4.766    0    0  (Gen:  1)
   529008    182168   5866920  0.002  0.000   29.262    4.766    0    0  (Gen:  0)
   775136    113504   5918560  0.002  0.000   29.265    4.767    0    0  (Gen:  0)
   521120     42864   5939232  0.001  0.000   29.268    4.767    0    0  (Gen:  0)
   520616     81480   5990400  0.002  0.000   29.271    4.768    0    0  (Gen:  0)
   521056     50688   6025056  0.002  0.000   29.273    4.768    0    0  (Gen:  0)
   521152     88784   6070344  0.002  0.000   29.276    4.769    0    0  (Gen:  0)
   521264     90960   6115352  0.001  0.000   29.278    4.770    0    0  (Gen:  0)
   521096     77720   6152760  0.002  0.000   29.281    4.770    0    0  (Gen:  0)
   520952     85536   6182688  0.002  0.000   29.285    4.771    0    0  (Gen:  0)
   521456    120936   6247288  0.002  0.000   29.288    4.771    0    0  (Gen:  0)
   520568     91544   6284520  0.002  0.000   29.291    4.772    0    0  (Gen:  0)
   521240    103672   6325000  0.002  0.000   29.294    4.773    0    0  (Gen:  0)
   520720     91344   6381664  0.002  0.000   29.297    4.773    0    0  (Gen:  0)
   520648    140576   6459032  0.002  0.000   29.300    4.774    0    0  (Gen:  0)
   521368    120104   6519720  0.002  0.000   29.303    4.774    0    0  (Gen:  0)
   520600     94504   6569024  0.002  0.000   29.306    4.775    0    0  (Gen:  0)
   520816    132424   6635088  0.002  0.000   29.310    4.776    0    0  (Gen:  0)
   521008    130624   6699416  0.002  0.000   29.313    4.776    0    0  (Gen:  0)
   520536    102816   6748560  0.003  0.000   29.316    4.777    0    0  (Gen:  0)
   520624    157776   6835312  0.002  0.000   29.320    4.778    0    0  (Gen:  0)
   521000    136656   6906200  0.002  0.000   29.323    4.778    0    0  (Gen:  0)
   520400    116456   6955984  0.003  0.000   29.327    4.779    0    0  (Gen:  0)
   520968    123552   7006608  0.003  0.000   29.331    4.780    0    0  (Gen:  0)
   521088     87192   7072792  0.002  0.000   29.334    4.780    0    0  (Gen:  0)
   520400    139384   7138736  0.002  0.000   29.337    4.781    0    0  (Gen:  0)
   521360    141232   7220144  0.002  0.000   29.340    4.781    0    0  (Gen:  0)
   520880    111048   7280672  0.002  0.000   29.344    4.782    0    0  (Gen:  0)
   521184    149904   7354600  0.002  0.000   29.347    4.783    0    0  (Gen:  0)
   520712    139512   7423096  0.002  0.000   29.351    4.783    0    0  (Gen:  0)
   520712    107864   7478776  0.003  0.000   29.354    4.784    0    0  (Gen:  0)
   520472    129176   7529864  0.003  0.000   29.359    4.785    0    0  (Gen:  0)
   520832    150832   7604456  0.002  0.000   29.362    4.786    0    0  (Gen:  0)
   520792    122920   7663248  0.003  0.000   29.366    4.786    0    0  (Gen:  0)
   520728    131616   7716048  0.003  0.000   29.370    4.787    0    0  (Gen:  0)
   521184    161120   7796576  0.002  0.000   29.374    4.788    0    0  (Gen:  0)
   520752    128592   7852008  0.003  0.000   29.378    4.788    0    0  (Gen:  0)
   520208    173872   7945640  0.004  0.000   29.384    4.789    0    0  (Gen:  0)
   520248     83416   8024360  0.002  0.000   29.387    4.790    0    0  (Gen:  0)
   520680    171248   8112824  0.002  0.000   29.390    4.791    0    0  (Gen:  0)
   521008    142472   8185824  0.002  0.000   29.394    4.791    0    0  (Gen:  0)
   521216    115952   8256888  0.002  0.000   29.397    4.792    0    0  (Gen:  0)
   520424    174392   8349840  0.002  0.000   29.401    4.793    0    0  (Gen:  0)
   521192    143432   8422168  0.002  0.000   29.404    4.793    0    0  (Gen:  0)
   520576    123400   8488632  0.003  0.000   29.408    4.794    0    0  (Gen:  0)
   520536     92928   8577536  0.002  0.000   29.411    4.795    0    0  (Gen:  0)
   726688    127568   8631624  0.003  0.000   29.415    4.795    0    0  (Gen:  0)
   520712     37712   8652000  0.402  0.037   29.819    4.832    0    0  (Gen:  0)
   520928     81736   8705696  0.203  0.018   30.223    4.870    0    0  (Gen:  0)
   520536     74632   8747440  0.001  0.000   30.251    4.873    0    0  (Gen:  0)
   520856     64096   8772696  0.002  0.000   30.254    4.873    0    0  (Gen:  0)
   520728     82280   8807376  0.002  0.000   30.258    4.874    0    0  (Gen:  0)
   520528     70496   8851792  0.002  0.000   30.261    4.875    0    0  (Gen:  0)
   521216    120496   8917968  0.002  0.000   30.264    4.875    0    0  (Gen:  0)
   520536    104600   8967352  0.002  0.000   30.267    4.876    0    0  (Gen:  0)
   521016     84096   9010112  0.003  0.000   30.271    4.877    0    0  (Gen:  0)
   520288     93480   9043200  0.003  0.000   30.275    4.877    0    0  (Gen:  0)
   520360    128424   9111952  0.002  0.000   30.278    4.878    0    0  (Gen:  0)
   520760     98776   9153224  0.003  0.000   30.282    4.879    0    0  (Gen:  0)
   520824    140928   9230112  0.002  0.000   30.285    4.879    0    0  (Gen:  0)
   521200    118712   9296448  0.002  0.000   30.288    4.880    0    0  (Gen:  0)
   521016    107552   9339720  0.003  0.000   30.292    4.881    0    0  (Gen:  0)
   520568    119976   9389192  0.003  0.000   30.297    4.882    0    0  (Gen:  0)
   520504     85976   9444896  0.003  0.000   30.302    4.882    0    0  (Gen:  0)
   521824    142480   9519264  0.003  0.000   30.306    4.883    0    0  (Gen:  0)
   520760    124368   9580984  0.002  0.000   30.310    4.884    0    0  (Gen:  0)
   521304     98592   9634328  0.003  0.000   30.314    4.885    0    0  (Gen:  0)
   521080    115992   9679088  0.004  0.000   30.319    4.886    0    0  (Gen:  0)
   525400    154416   9765088  0.003  0.000   30.323    4.886    0    0  (Gen:  0)
   521520    116920   9815880  0.003  0.000   30.327    4.887    0    0  (Gen:  0)
   521096    164552   9907960  0.003  0.000   30.332    4.888    0    0  (Gen:  0)
   520728    140184   9981016  0.003  0.000   30.336    4.889    0    0  (Gen:  0)
   520640    119088  10033504  0.004  0.000   30.340    4.889    0    0  (Gen:  0)
   520784    123624  10082144  0.003  0.000   30.346    4.890    0    0  (Gen:  0)
   520840    155088  10161896  0.003  0.000   30.350    4.891    0    0  (Gen:  0)
   521056    127632  10213776  0.004  0.000   30.355    4.892    0    0  (Gen:  0)
   521024    160832  10296384  0.004  0.000   30.360    4.893    0    0  (Gen:  0)
   521312    105192  10365872  0.003  0.000   30.364    4.894    0    0  (Gen:  0)
   521272    156872  10441824  0.003  0.000   30.368    4.894    0    0  (Gen:  0)
   525280    142488  10513016  0.003  0.000   30.372    4.895    0    0  (Gen:  0)
   521232    114304  10577024  0.003  0.000   30.377    4.896    0    0  (Gen:  0)
   520920    159040  10656712  0.003  0.000   30.381    4.897    0    0  (Gen:  0)
   521384    149168  10732240  0.002  0.000   30.388    4.898    0    0  (Gen:  0)
   520768    120120  10793680  0.004  0.000   30.392    4.899    0    0  (Gen:  0)
   520864    131752  10845360  0.004  0.000   30.398    4.900    0    0  (Gen:  0)
   524920    163576  10929312  0.003  0.000   30.402    4.900    0    0  (Gen:  0)
   520672    125872  10989632  0.004  0.000   30.407    4.901    0    0  (Gen:  0)
   520752    136600  11043912  0.004  0.000   30.412    4.902    0    0  (Gen:  0)
   525104    161200  11125032  0.003  0.000   30.416    4.903    0    0  (Gen:  0)
   524984    132584  11182464  0.004  0.000   30.422    4.904    0    0  (Gen:  0)
   535480    138320  11237496  0.004  0.000   30.427    4.905    0    0  (Gen:  0)
   709752    115072  11271632  0.003  0.000   30.431    4.906    0    0  (Gen:  0)
   521608   4826704   5820608  0.013  0.001   30.446    4.907    0    0  (Gen:  1)
   520304     64080   5852880  0.002  0.000   30.450    4.908    0    0  (Gen:  0)
   520984     54288   5881992  0.002  0.000   30.453    4.909    0    0  (Gen:  0)
   521256     91504   5929328  0.002  0.000   30.456    4.909    0    0  (Gen:  0)
   521192     95000   5976224  0.002  0.000   30.460    4.910    0    0  (Gen:  0)
   521208     83864   6010992  0.002  0.000   30.463    4.910    0    0  (Gen:  0)
   521112     85632   6042856  0.002  0.000   30.466    4.911    0    0  (Gen:  0)
   521160    116752   6103800  0.002  0.000   30.470    4.912    0    0  (Gen:  0)
   521000     94160   6137928  0.003  0.000   30.474    4.913    0    0  (Gen:  0)
   520936    134120   6209152  0.002  0.000   30.478    4.913    0    0  (Gen:  0)
   520632     97264   6257312  0.002  0.000   30.482    4.914    0    0  (Gen:  0)
   520744    132088   6327168  0.002  0.000   30.486    4.915    0    0  (Gen:  0)
   521392    121320   6386680  0.002  0.000   30.490    4.916    0    0  (Gen:  0)
   520248     99568   6440960  0.002  0.000   30.494    4.916    0    0  (Gen:  0)
   521368    110944   6497608  0.002  0.000   30.498    4.917    0    0  (Gen:  0)
   520768    136096   6565064  0.002  0.000   30.502    4.918    0    0  (Gen:  0)
   520456    109408   6612008  0.003  0.000   30.507    4.919    0    0  (Gen:  0)
   520840    115624   6655392  0.003  0.000   30.511    4.920    0    0  (Gen:  0)
   520784     71760   6722536  0.002  0.000   30.515    4.920    0    0  (Gen:  0)
   520632    149568   6800808  0.003  0.000   30.520    4.921    0    0  (Gen:  0)
   524784    127208   6866024  0.002  0.000   30.524    4.922    0    0  (Gen:  0)
   521496    111632   6925728  0.003  0.000   30.529    4.923    0    0  (Gen:  0)
   520656    143024   6995592  0.003  0.000   30.534    4.924    0    0  (Gen:  0)
   521440    136184   7064536  0.002  0.000   30.539    4.924    0    0  (Gen:  0)
   521128    116136   7123192  0.003  0.000   30.544    4.925    0    0  (Gen:  0)
   521200    122600   7169160  0.003  0.000   30.549    4.926    0    0  (Gen:  0)
   520232    146824   7239856  0.003  0.000   30.554    4.927    0    0  (Gen:  0)
   520984    114480   7292504  0.003  0.000   30.560    4.928    0    0  (Gen:  0)
   520608    131256   7345904  0.004  0.000   30.565    4.929    0    0  (Gen:  0)
   520792    151376   7423376  0.003  0.000   30.570    4.929    0    0  (Gen:  0)
   520952    126928   7479400  0.003  0.000   30.576    4.930    0    0  (Gen:  0)
   524376    135008   7535832  0.003  0.000   30.580    4.931    0    0  (Gen:  0)
   520928    108848   7611248  0.003  0.000   30.585    4.932    0    0  (Gen:  0)
   521192    169784   7703304  0.003  0.000   30.590    4.933    0    0  (Gen:  0)
   520448    139784   7773304  0.003  0.000   30.595    4.934    0    0  (Gen:  0)
   520568    128992   7845320  0.003  0.000   30.600    4.934    0    0  (Gen:  0)
   520704    159864   7922288  0.003  0.000   30.605    4.935    0    0  (Gen:  0)
   524864    149976   7999592  0.003  0.000   30.610    4.936    0    0  (Gen:  0)
   521208    115232   8067064  0.003  0.000   30.615    4.937    0    0  (Gen:  0)
   521424    167792   8152624  0.003  0.000   30.620    4.938    0    0  (Gen:  0)
   525552    153720   8228488  0.003  0.000   30.625    4.939    0    0  (Gen:  0)
   525000    123296   8291824  0.003  0.000   30.631    4.940    0    0  (Gen:  0)
   529712    140624   8348224  0.004  0.000   30.637    4.940    0    0  (Gen:  0)
   537088    130704   8394360  0.003  0.000   30.642    4.941    0    0  (Gen:  0)
   520632     43568   8413240  0.002  0.000   30.645    4.942    0    0  (Gen:  0)
   520656     82160   8464768  0.002  0.000   30.649    4.942    0    0  (Gen:  0)
   520576     50192   8497232  0.002  0.000   30.653    4.943    0    0  (Gen:  0)
   520768     88552   8542576  0.002  0.000   30.657    4.944    0    0  (Gen:  0)
   521256     89528   8588272  0.002  0.000   30.661    4.944    0    0  (Gen:  0)
   520944     72912   8624672  0.002  0.000   30.665    4.945    0    0  (Gen:  0)
   520936     83688   8653648  0.002  0.000   30.670    4.945    0    0  (Gen:  0)
   520104    114144   8712392  0.002  0.000   30.674    4.946    0    0  (Gen:  0)
   520992     93984   8749808  0.003  0.000   30.678    4.947    0    0  (Gen:  0)
   520528    106200   8791696  0.002  0.000   30.682    4.947    0    0  (Gen:  0)
   520600     87952   8845952  0.002  0.000   30.687    4.948    0    0  (Gen:  0)
   520656    140088   8923408  0.002  0.000   30.691    4.949    0    0  (Gen:  0)
   521232    123608   8985096  0.002  0.000   30.695    4.949    0    0  (Gen:  0)
   520520     94208   9031272  0.003  0.000   30.699    4.950    0    0  (Gen:  0)
   520952    130688   9095400  0.003  0.000   30.704    4.950    0    0  (Gen:  0)
   520552    132576   9161424  0.003  0.000   30.708    4.951    0    0  (Gen:  0)
   520816    109448   9209144  0.003  0.000   30.713    4.952    0    0  (Gen:  0)
   520792    155256   9293816  0.003  0.000   30.717    4.952    0    0  (Gen:  0)
   521008    128832   9363600  0.003  0.000   30.722    4.953    0    0  (Gen:  0)
   520584    117744   9413808  0.003  0.000   30.727    4.954    0    0  (Gen:  0)
   520928    126064   9467392  0.002  0.000   30.731    4.955    0    0  (Gen:  0)
   521288    108240   9532760  0.003  0.000   30.736    4.955    0    0  (Gen:  0)
   520792    159376   9619056  0.002  0.000   30.740    4.956    0    0  (Gen:  0)
   520616    132912   9686912  0.003  0.000   30.745    4.957    0    0  (Gen:  0)
   521336     99784   9745544  0.003  0.000   30.749    4.957    0    0  (Gen:  0)
   521144    150424   9820992  0.003  0.000   30.754    4.958    0    0  (Gen:  0)
   520872    142912   9889400  0.003  0.000   30.759    4.959    0    0  (Gen:  0)
   520464    105040   9943816  0.003  0.000   30.764    4.959    0    0  (Gen:  0)
   521192    132048   9997656  0.003  0.000   30.769    4.960    0    0  (Gen:  0)
   520288    158400  10079680  0.003  0.000   30.774    4.961    0    0  (Gen:  0)
   521264    123864  10137952  0.004  0.000   30.779    4.962    0    0  (Gen:  0)
   520880    163856  10224784  0.003  0.000   30.785    4.962    0    0  (Gen:  0)
   521000    137960  10305496  0.003  0.000   30.789    4.963    0    0  (Gen:  0)
   520536    129192  10361896  0.004  0.000   30.795    4.964    0    0  (Gen:  0)
   520904    173536  10455912  0.003  0.000   30.800    4.965    0    0  (Gen:  0)
   520808    117136  10530672  0.003  0.000   30.806    4.965    0    0  (Gen:  0)
   521272    159520  10607408  0.004  0.000   30.811    4.966    0    0  (Gen:  0)
   521408    141880  10683280  0.003  0.000   30.816    4.967    0    0  (Gen:  0)
   520784    114704  10751840  0.003  0.000   30.821    4.968    0    0  (Gen:  0)
   520760    170328  10840248  0.004  0.000   30.828    4.969    0    0  (Gen:  0)
   520768    147976  10914648  0.003  0.000   30.832    4.969    0    0  (Gen:  0)
   521240    117192  10979088  0.004  0.000   30.838    4.970    0    0  (Gen:  0)
   520696    168408  11065504  0.004  0.000   30.845    4.971    0    0  (Gen:  0)
   685640    156552  11143728  0.003  0.000   30.850    4.972    0    0  (Gen:  0)
   521056    126472  11209528  0.004  0.000   30.856    4.973    0    0  (Gen:  0)
   521152    162768  11288120  0.004  0.000   30.862    4.973    0    0  (Gen:  0)
   520792    173488  11381824  0.003  0.000   30.868    4.974    0    0  (Gen:  0)
   520952    134296  11453048  0.003  0.000   30.873    4.975    0    0  (Gen:  0)
   520624    126800  11524096  0.004  0.000   30.879    4.976    0    0  (Gen:  0)
   520296    163960  11604840  0.003  0.000   30.884    4.977    0    0  (Gen:  0)
   520592   4917528   5903344  0.020  0.002   30.906    4.979    0    0  (Gen:  1)
   521128    174888   5994800  0.002  0.000   30.911    4.980    0    0  (Gen:  0)
   520568    159456   6081632  0.002  0.000   30.915    4.980    0    0  (Gen:  0)
   520560    145648   6143776  0.002  0.000   30.919    4.981    0    0  (Gen:  0)
   521200    151240   6206776  0.003  0.000   30.925    4.982    0    0  (Gen:  0)
   520944    112840   6288688  0.002  0.000   30.928    4.983    0    0  (Gen:  0)
   521216    105464   6389936  0.002  0.000   30.932    4.983    0    0  (Gen:  0)
   520720    145496   6464120  0.002  0.000   30.936    4.984    0    0  (Gen:  0)
   521368    154016   6538416  0.002  0.000   30.940    4.985    0    0  (Gen:  0)
   520976    183736   6637712  0.002  0.000   30.944    4.985    0    0  (Gen:  0)
   520696    154032   6715600  0.003  0.000   30.949    4.986    0    0  (Gen:  0)
   520232    121680   6786464  0.002  0.000   30.953    4.987    0    0  (Gen:  0)
   521608    177336   6876672  0.002  0.000   30.957    4.987    0    0  (Gen:  0)
   521120    161536   6955896  0.002  0.000   30.962    4.988    0    0  (Gen:  0)
   520944    134032   7026048  0.002  0.000   30.966    4.989    0    0  (Gen:  0)
   521504    149840   7087304  0.002  0.000   30.970    4.989    0    0  (Gen:  0)
   524872    185264   7188272  0.002  0.000   30.974    4.990    0    0  (Gen:  0)
   520768    145544   7255840  0.002  0.000   30.979    4.991    0    0  (Gen:  0)
   520728    194512   7361808  0.002  0.000   30.983    4.991    0    0  (Gen:  0)
   520752    177856   7450128  0.002  0.000   30.988    4.992    0    0  (Gen:  0)
   520928    144968   7519432  0.002  0.000   30.992    4.993    0    0  (Gen:  0)
   521016    153304   7583392  0.002  0.000   30.996    4.994    0    0  (Gen:  0)
   521184    179288   7672808  0.002  0.000   31.000    4.994    0    0  (Gen:  0)
   521072    147648   7739488  0.002  0.000   31.005    4.995    0    0  (Gen:  0)
   520896    156312   7804296  0.002  0.000   31.009    4.996    0    0  (Gen:  0)
   521352    179544   7894784  0.002  0.000   31.013    4.996    0    0  (Gen:  0)
   521240    155960   7962928  0.003  0.000   31.017    4.997    0    0  (Gen:  0)
   525472    160464   8031736  0.002  0.000   31.021    4.998    0    0  (Gen:  0)
   520424    159536   8117384  0.002  0.000   31.025    4.998    0    0  (Gen:  0)
   520720    194560   8223792  0.003  0.000   31.030    4.999    0    0  (Gen:  0)
   520696    165008   8315472  0.002  0.000   31.035    5.000    0    0  (Gen:  0)
   520800    151904   8399352  0.002  0.000   31.039    5.001    0    0  (Gen:  0)
   520952    179032   8484392  0.002  0.000   31.043    5.001    0    0  (Gen:  0)
   525032    165056   8567160  0.002  0.000   31.047    5.002    0    0  (Gen:  0)
   521016    145768   8644440  0.002  0.000   31.051    5.003    0    0  (Gen:  0)
   520552    189152   8741616  0.002  0.000   31.056    5.003    0    0  (Gen:  0)
   524048    170048   8824208  0.003  0.000   31.061    5.004    0    0  (Gen:  0)
   520760    136792   8900608  0.002  0.000   31.065    5.005    0    0  (Gen:  0)
   529904    181024   8989536  0.002  0.000   31.069    5.006    0    0  (Gen:  0)
   982624    147272   9051896  0.003  0.000   31.075    5.006    0    0  (Gen:  0)
   525112     35848   9071304  0.001  0.000   31.078    5.007    0    0  (Gen:  0)
   521248     65712   9112240  0.002  0.000   31.082    5.007    0    0  (Gen:  0)
   520912     71280   9148080  0.001  0.000   31.085    5.008    0    0  (Gen:  0)
   520984     64112   9175360  0.001  0.000   31.088    5.008    0    0  (Gen:  0)
   520664     71680   9199600  0.001  0.000   31.092    5.009    0    0  (Gen:  0)
   520304     99712   9251696  0.002  0.000   31.095    5.010    0    0  (Gen:  0)
   520992     81728   9282896  0.002  0.000   31.099    5.010    0    0  (Gen:  0)
   520520     98488   9326328  0.002  0.000   31.104    5.011    0    0  (Gen:  0)
   520688     79416   9373784  0.002  0.000   31.107    5.011    0    0  (Gen:  0)
   520616    120400   9433216  0.002  0.000   31.111    5.012    0    0  (Gen:  0)
   521416    119656   9490648  0.002  0.000   31.115    5.013    0    0  (Gen:  0)
   521296     92520   9532016  0.002  0.000   31.118    5.013    0    0  (Gen:  0)
   520328    144608   9615408  0.002  0.000   31.122    5.014    0    0  (Gen:  0)
   520648    134928   9683896  0.002  0.000   31.127    5.015    0    0  (Gen:  0)
   520720    106688   9728768  0.002  0.000   31.130    5.015    0    0  (Gen:  0)
   521056    108920   9767600  0.002  0.000   31.134    5.016    0    0  (Gen:  0)
   520768    135504   9835264  0.002  0.000   31.138    5.016    0    0  (Gen:  0)
   520920    112888   9878488  0.003  0.000   31.143    5.017    0    0  (Gen:  0)
   520128    144288   9953584  0.003  0.000   31.148    5.018    0    0  (Gen:  0)
   521288    115408  10012864  0.003  0.000   31.152    5.019    0    0  (Gen:  0)
   521144    143136  10082248  0.003  0.000   31.157    5.019    0    0  (Gen:  0)
   718304    111280  10128264  0.003  0.000   31.162    5.020    0    0  (Gen:  0)
   520912     36952  10149880  0.002  0.000   31.166    5.021    0    0  (Gen:  0)
   520208     77872  10199928  0.002  0.000   31.170    5.021    0    0  (Gen:  0)
   520696     65608  10239832  0.002  0.000   31.174    5.022    0    0  (Gen:  0)
   520656     63000  10265968  0.002  0.000   31.178    5.023    0    0  (Gen:  0)
   520264    113848  10332760  0.003  0.000   31.183    5.024    0    0  (Gen:  0)
   519976     63584  10374880  0.002  0.000   31.187    5.024    0    0  (Gen:  0)
   521128    116368  10438304  0.002  0.000   31.191    5.025    0    0  (Gen:  0)
   521728    100200  10488208  0.002  0.000   31.195    5.026    0    0  (Gen:  0)
   521232     82192  10531600  0.002  0.000   31.200    5.027    0    0  (Gen:  0)
   521344     94816  10565672  0.003  0.000   31.205    5.027    0    0  (Gen:  0)
   525432    133544  10637248  0.002  0.000   31.209    5.028    0    0  (Gen:  0)
   520344     97472  10677056  0.003  0.000   31.214    5.029    0    0  (Gen:  0)
   520936     85984  10758832  0.002  0.000   31.219    5.030    0    0  (Gen:  0)
   520984     69704  10821312  0.002  0.000   31.223    5.030    0    0  (Gen:  0)
   520648    143872  10898856  0.003  0.000   31.228    5.031    0    0  (Gen:  0)
   525368    117392  10963584  0.002  0.000   31.233    5.032    0    0  (Gen:  0)
   521256    104840  11019680  0.003  0.000   31.237    5.033    0    0  (Gen:  0)
   521104    143608  11093304  0.002  0.000   31.242    5.034    0    0  (Gen:  0)
   525160    126776  11156096  0.002  0.000   31.247    5.034    0    0  (Gen:  0)
   525048    107200  11210248  0.003  0.000   31.252    5.035    0    0  (Gen:  0)
   529184    117272  11254408  0.003  0.000   31.257    5.036    0    0  (Gen:  0)
   759296    119328  11305736  0.003  0.000   31.262    5.037    0    0  (Gen:  0)
   521120     42224  11326104  0.002  0.000   31.266    5.037    0    0  (Gen:  0)
   520408     83944  11380104  0.002  0.000   31.270    5.038    0    0  (Gen:  0)
   520736     47824  11414248  0.002  0.000   31.274    5.039    0    0  (Gen:  0)
   521224     88904  11460488  0.002  0.000   31.278    5.039    0    0  (Gen:  0)
   520360     86112  11503896  0.002  0.000   31.282    5.040    0    0  (Gen:  0)
   521096     73480  11541752  0.002  0.000   31.287    5.041    0    0  (Gen:  0)
   520392   4537336   5531232  0.012  0.001   31.301    5.042    0    0  (Gen:  1)
   520864    112776   5588752  0.002  0.000   31.305    5.043    0    0  (Gen:  0)
   520840     91424   5627216  0.002  0.000   31.309    5.044    0    0  (Gen:  0)
   521024    100096   5663952  0.002  0.000   31.313    5.045    0    0  (Gen:  0)
   521568     81632   5722128  0.001  0.000   31.317    5.045    0    0  (Gen:  0)
   521120    136192   5796664  0.002  0.000   31.321    5.046    0    0  (Gen:  0)
   520400    130592   5871016  0.002  0.000   31.326    5.047    0    0  (Gen:  0)
   521192     98064   5919928  0.002  0.000   31.330    5.047    0    0  (Gen:  0)
   520752    131704   5985856  0.002  0.000   31.333    5.048    0    0  (Gen:  0)
   520976    130264   6050608  0.002  0.000   31.338    5.049    0    0  (Gen:  0)
   520176    102320   6099344  0.002  0.000   31.342    5.050    0    0  (Gen:  0)
   520928    113096   6142584  0.002  0.000   31.346    5.050    0    0  (Gen:  0)
   520576    147672   6219304  0.002  0.000   31.350    5.051    0    0  (Gen:  0)
   520928    120816   6270480  0.002  0.000   31.354    5.052    0    0  (Gen:  0)
   520560    118824   6315240  0.003  0.000   31.359    5.052    0    0  (Gen:  0)
   944624     36824   6351064  0.001  0.000   31.362    5.053    0    0  (Gen:  0)
   520904     46688   6372136  0.001  0.000   31.365    5.053    0    0  (Gen:  0)
   520776     81368   6423048  0.002  0.000   31.369    5.054    0    0  (Gen:  0)
   520776     63584   6458160  0.001  0.000   31.372    5.055    0    0  (Gen:  0)
   520528    102600   6518112  0.002  0.000   31.376    5.055    0    0  (Gen:  0)
   520944     93960   6564600  0.002  0.000   31.380    5.056    0    0  (Gen:  0)
   520720     77328   6601232  0.002  0.000   31.383    5.056    0    0  (Gen:  0)
   520808     83496   6629472  0.002  0.000   31.387    5.057    0    0  (Gen:  0)
   521056    119416   6694440  0.002  0.000   31.391    5.058    0    0  (Gen:  0)
   520712     92000   6728768  0.002  0.000   31.395    5.058    0    0  (Gen:  0)
   520880     97032   6765272  0.002  0.000   31.399    5.059    0    0  (Gen:  0)
   520592     96784   6825584  0.002  0.000   31.402    5.059    0    0  (Gen:  0)
   520320     82024   6903520  0.001  0.000   31.406    5.060    0    0  (Gen:  0)
   520864    110232   6961872  0.002  0.000   31.410    5.061    0    0  (Gen:  0)
   520936     93432   7012248  0.002  0.000   31.413    5.061    0    0  (Gen:  0)
   520096    131312   7075992  0.002  0.000   31.417    5.062    0    0  (Gen:  0)
   521016    126760   7138144  0.002  0.000   31.421    5.063    0    0  (Gen:  0)
   520880     99520   7188088  0.002  0.000   31.425    5.063    0    0  (Gen:  0)
   520680    111072   7228232  0.002  0.000   31.429    5.064    0    0  (Gen:  0)
   521176    144920   7303344  0.002  0.000   31.434    5.065    0    0  (Gen:  0)
   521016    116480   7352640  0.002  0.000   31.437    5.065    0    0  (Gen:  0)
   520784    116832   7397408  0.002  0.000   31.442    5.066    0    0  (Gen:  0)
   525032    148400   7474000  0.003  0.000   31.446    5.067    0    0  (Gen:  0)
   521104    118784   7520440  0.002  0.000   31.450    5.067    0    0  (Gen:  0)
   520576    162448   7609376  0.002  0.000   31.454    5.068    0    0  (Gen:  0)
   520792    137144   7671360  0.002  0.000   31.458    5.069    0    0  (Gen:  0)
   520304    158048   7755480  0.002  0.000   31.462    5.069    0    0  (Gen:  0)
   520656    146568   7826080  0.002  0.000   31.467    5.070    0    0  (Gen:  0)
   521312    112488   7884384  0.002  0.000   31.471    5.071    0    0  (Gen:  0)
   521344    154208   7963992  0.003  0.000   31.476    5.071    0    0  (Gen:  0)
   520888    146424   8035136  0.003  0.000   31.480    5.072    0    0  (Gen:  0)
   520768    122776   8097096  0.003  0.000   31.485    5.073    0    0  (Gen:  0)
   521208    131960   8150296  0.004  0.000   31.491    5.074    0    0  (Gen:  0)
   525392    165880   8236536  0.003  0.000   31.496    5.074    0    0  (Gen:  0)
   521304    127224   8294344  0.003  0.000   31.501    5.075    0    0  (Gen:  0)
   520536    167640   8381872  0.003  0.000   31.506    5.076    0    0  (Gen:  0)
   520968    143584   8463352  0.003  0.000   31.510    5.077    0    0  (Gen:  0)
   521184    149536   8534216  0.002  0.000   31.515    5.077    0    0  (Gen:  0)
   525024    124528   8602888  0.002  0.000   31.519    5.078    0    0  (Gen:  0)
   520856    114264   8673944  0.003  0.000   31.524    5.079    0    0  (Gen:  0)
   520544     98200   8768088  0.002  0.000   31.528    5.080    0    0  (Gen:  0)
   524672    131800   8839952  0.002  0.000   31.532    5.080    0    0  (Gen:  0)
   521104    123888   8907552  0.003  0.000   31.537    5.081    0    0  (Gen:  0)
   529256    161680   8986848  0.003  0.000   31.542    5.082    0    0  (Gen:  0)
   779496    125112   9043024  0.003  0.000   31.547    5.083    0    0  (Gen:  0)
   520632     33416   9061272  0.002  0.000   31.550    5.083    0    0  (Gen:  0)
   520768     59792   9094416  0.002  0.000   31.554    5.084    0    0  (Gen:  0)
   520912     90808   9150544  0.002  0.000   31.558    5.085    0    0  (Gen:  0)
   521176     64656   9176552  0.002  0.000   31.562    5.085    0    0  (Gen:  0)
   521280     79744   9207680  0.002  0.000   31.566    5.086    0    0  (Gen:  0)
   521160     65816   9253008  0.002  0.000   31.570    5.087    0    0  (Gen:  0)
   521328    120304   9319992  0.002  0.000   31.574    5.088    0    0  (Gen:  0)
   521072    105264   9371024  0.002  0.000   31.579    5.088    0    0  (Gen:  0)
   520960     84336   9415080  0.002  0.000   31.583    5.089    0    0  (Gen:  0)
   521016     96552   9450928  0.003  0.000   31.587    5.090    0    0  (Gen:  0)
   520648    130984   9520984  0.002  0.000   31.592    5.091    0    0  (Gen:  0)
   520480     91824   9560328  0.003  0.000   31.597    5.091    0    0  (Gen:  0)
   521320    137632   9635016  0.002  0.000   31.601    5.092    0    0  (Gen:  0)
   521056    123992   9701504  0.002  0.000   31.606    5.093    0    0  (Gen:  0)
   520328    107568   9744752  0.003  0.000   31.611    5.094    0    0  (Gen:  0)
   521392    140952   9816800  0.003  0.000   31.615    5.095    0    0  (Gen:  0)
   520952     91600   9872176  0.002  0.000   31.620    5.096    0    0  (Gen:  0)
   520096    134912   9939120  0.002  0.000   31.625    5.096    0    0  (Gen:  0)
   520672    125976  10005504  0.002  0.000   31.629    5.097    0    0  (Gen:  0)
   520976    105056  10060352  0.003  0.000   31.634    5.098    0    0  (Gen:  0)
   520616    119384  10105112  0.003  0.000   31.640    5.099    0    0  (Gen:  0)
   521336    152328  10184760  0.002  0.000   31.644    5.100    0    0  (Gen:  0)
   520376    111016  10234952  0.003  0.000   31.650    5.101    0    0  (Gen:  0)
   521032    152544  10314368  0.003  0.000   31.654    5.101    0    0  (Gen:  0)
   520992    136352  10388192  0.003  0.000   31.659    5.102    0    0  (Gen:  0)
   521432    119152  10437856  0.003  0.000   31.665    5.103    0    0  (Gen:  0)
   520824    159856  10524928  0.004  0.000   31.670    5.104    0    0  (Gen:  0)
   520304     82040  10590984  0.002  0.000   31.675    5.105    0    0  (Gen:  0)
   520592    163960  10681304  0.003  0.000   31.679    5.106    0    0  (Gen:  0)
   520928    145680  10765080  0.003  0.000   31.684    5.107    0    0  (Gen:  0)
   520760    112464  10831008  0.003  0.000   31.689    5.108    0    0  (Gen:  0)
   521064    155176  10907608  0.003  0.000   31.694    5.108    0    0  (Gen:  0)
   520480   5400896   6398968  0.014  0.001   31.711    5.110    0    0  (Gen:  1)
   521128    133008   6452144  0.002  0.000   31.716    5.111    0    0  (Gen:  0)
   520416    134976   6507848  0.002  0.000   31.720    5.112    0    0  (Gen:  0)
   520112    170816   6599424  0.002  0.000   31.724    5.113    0    0  (Gen:  0)
   520616    129768   6663992  0.002  0.000   31.728    5.114    0    0  (Gen:  0)
   520520    137528   6718360  0.002  0.000   31.733    5.115    0    0  (Gen:  0)
   521840    171664   6806288  0.002  0.000   31.737    5.115    0    0  (Gen:  0)
   520424    130640   6866328  0.002  0.000   31.741    5.116    0    0  (Gen:  0)
   520952    168568   6950712  0.002  0.000   31.745    5.117    0    0  (Gen:  0)
   520552    157224   7032608  0.002  0.000   31.750    5.118    0    0  (Gen:  0)
   520912    135328   7088176  0.004  0.000   31.755    5.119    0    0  (Gen:  0)
   644248    143096   7158808  0.004  0.000   31.760    5.119    0    0  (Gen:  0)
   598832     29160   7172328  0.002  0.000   31.763    5.120    0    0  (Gen:  0)
   521032     45640   7191424  0.002  0.000   31.766    5.120    0    0  (Gen:  0)
   520096     89880   7249648  0.002  0.000   31.769    5.121    0    0  (Gen:  0)
   521096     58448   7278592  0.001  0.000   31.772    5.122    0    0  (Gen:  0)
   521056     71360   7303784  0.002  0.000   31.775    5.122    0    0  (Gen:  0)
   520336    108512   7363416  0.002  0.000   31.779    5.123    0    0  (Gen:  0)
   521232     79744   7396576  0.003  0.000   31.782    5.124    0    0  (Gen:  0)
   520392     87792   7430040  0.003  0.000   31.786    5.124    0    0  (Gen:  0)
   521184     65832   7483920  0.002  0.000   31.789    5.125    0    0  (Gen:  0)
   520480    114584   7537480  0.002  0.000   31.793    5.126    0    0  (Gen:  0)
   520400    103304   7590952  0.003  0.000   31.797    5.126    0    0  (Gen:  0)
   520496     86408   7640568  0.003  0.000   31.800    5.127    0    0  (Gen:  0)
   520648    133856   7710448  0.003  0.000   31.804    5.128    0    0  (Gen:  0)
   521224    123808   7771624  0.002  0.000   31.808    5.128    0    0  (Gen:  0)
   521184    100880   7818376  0.003  0.000   31.812    5.129    0    0  (Gen:  0)
   520440    108576   7859056  0.002  0.000   31.816    5.130    0    0  (Gen:  0)
   520600    142264   7935264  0.002  0.000   31.820    5.130    0    0  (Gen:  0)
   521256    106744   7981168  0.003  0.000   31.824    5.131    0    0  (Gen:  0)
   521320    113648   8022416  0.003  0.000   31.828    5.132    0    0  (Gen:  0)
   520872     70600   8087592  0.002  0.000   31.832    5.133    0    0  (Gen:  0)
   521440    145888   8163376  0.003  0.000   31.835    5.133    0    0  (Gen:  0)
   525032    128360   8228952  0.003  0.000   31.840    5.134    0    0  (Gen:  0)
   521640     96664   8287504  0.003  0.000   31.843    5.135    0    0  (Gen:  0)
   520840    141288   8357232  0.003  0.000   31.847    5.135    0    0  (Gen:  0)
   521296    136080   8424904  0.003  0.000   31.851    5.136    0    0  (Gen:  0)
   520560    105176   8481888  0.003  0.000   31.855    5.137    0    0  (Gen:  0)
   520576    148936   8554160  0.003  0.000   31.859    5.138    0    0  (Gen:  0)
   520872    160192   8636936  0.003  0.000   31.863    5.138    0    0  (Gen:  0)
   521320    118368   8693392  0.003  0.000   31.868    5.139    0    0  (Gen:  0)
   520880    130448   8745424  0.003  0.000   31.872    5.140    0    0  (Gen:  0)
   521296    160024   8829096  0.003  0.000   31.876    5.141    0    0  (Gen:  0)
   521096    128368   8887088  0.003  0.000   31.881    5.141    0    0  (Gen:  0)
   521328    131784   8938584  0.004  0.000   31.886    5.142    0    0  (Gen:  0)
   525416    159888   9020184  0.003  0.000   31.890    5.143    0    0  (Gen:  0)
   520888    133928   9075312  0.004  0.000   31.895    5.144    0    0  (Gen:  0)
   521152    169152   9164160  0.004  0.000   31.901    5.145    0    0  (Gen:  0)
   521472     92600   9236760  0.003  0.000   31.905    5.145    0    0  (Gen:  0)
   520632    155752   9309408  0.003  0.000   31.909    5.146    0    0  (Gen:  0)
   524656    139368   9383352  0.003  0.000   31.913    5.147    0    0  (Gen:  0)
   521136    107896   9447656  0.003  0.000   31.917    5.148    0    0  (Gen:  0)
   520768    164640   9531432  0.003  0.000   31.921    5.148    0    0  (Gen:  0)
   524512    151992   9606960  0.003  0.000   31.926    5.149    0    0  (Gen:  0)
   525104    113056   9669000  0.003  0.000   31.930    5.150    0    0  (Gen:  0)
   525168    139656   9725832  0.004  0.000   31.935    5.151    0    0  (Gen:  0)
   722192    142696   9792200  0.003  0.000   31.940    5.152    0    0  (Gen:  0)
   520368     37512   9811208  0.002  0.000   31.942    5.152    0    0  (Gen:  0)
   520712     69720   9852224  0.002  0.000   31.945    5.153    0    0  (Gen:  0)
   520856     71744   9894200  0.002  0.000   31.948    5.153    0    0  (Gen:  0)
   520816     64112   9919192  0.002  0.000   31.952    5.154    0    0  (Gen:  0)
   520704    106960   9978288  0.003  0.000   31.956    5.155    0    0  (Gen:  0)
   521032     69616  10018784  0.002  0.000   31.959    5.155    0    0  (Gen:  0)
   521184    113992  10078680  0.002  0.000   31.963    5.156    0    0  (Gen:  0)
   521200    106216  10131688  0.002  0.000   31.966    5.157    0    0  (Gen:  0)
   520704     83800  10173816  0.003  0.000   31.970    5.157    0    0  (Gen:  0)
   520976    129584  10242632  0.003  0.000   31.974    5.158    0    0  (Gen:  0)
   520976    110992  10307112  0.002  0.000   31.977    5.159    0    0  (Gen:  0)
   520536     97904  10345696  0.003  0.000   31.981    5.159    0    0  (Gen:  0)
   521384    146560  10428144  0.003  0.000   31.986    5.160    0    0  (Gen:  0)
   520648     81944  10483784  0.002  0.000   31.989    5.161    0    0  (Gen:  0)
   520680    128712  10546120  0.003  0.000   31.993    5.162    0    0  (Gen:  0)
   521464    121464  10609536  0.002  0.000   31.997    5.162    0    0  (Gen:  0)
   520480    100440  10659656  0.003  0.000   32.001    5.163    0    0  (Gen:  0)
   520320    133896  10726056  0.003  0.000   32.005    5.164    0    0  (Gen:  0)
   520720    135232  10793064  0.002  0.000   32.009    5.164    0    0  (Gen:  0)
   520832    112952  10845888  0.003  0.000   32.013    5.165    0    0  (Gen:  0)
   520920    118048  10889856  0.003  0.000   32.018    5.166    0    0  (Gen:  0)
   525088    157360  10975696  0.003  0.000   32.022    5.167    0    0  (Gen:  0)
   521368    114992  11022888  0.003  0.000   32.026    5.168    0    0  (Gen:  0)
   520944    155608  11105296  0.004  0.000   32.031    5.168    0    0  (Gen:  0)
   520984     83592  11172112  0.002  0.000   32.035    5.169    0    0  (Gen:  0)
   521264    145984  11243624  0.003  0.000   32.039    5.170    0    0  (Gen:  0)
   520736    144840  11327504  0.003  0.000   32.044    5.171    0    0  (Gen:  0)
   520520     97712  11386904  0.003  0.000   32.048    5.171    0    0  (Gen:  0)
   520528     90520  11473416  0.002  0.000   32.052    5.172    0    0  (Gen:  0)
   520840    137760  11542080  0.002  0.000   32.055    5.173    0    0  (Gen:  0)
   520752    117840  11606352  0.003  0.000   32.060    5.174    0    0  (Gen:  0)
   521040    129728  11656304  0.004  0.000   32.065    5.174    0    0  (Gen:  0)
   524368    169456  11747568  0.003  0.000   32.069    5.175    0    0  (Gen:  0)
   521184    123488  11806776  0.003  0.000   32.073    5.176    0    0  (Gen:  0)
   520784    173328  11902128  0.003  0.000   32.078    5.177    0    0  (Gen:  0)
   520632    143704  11983472  0.003  0.000   32.082    5.178    0    0  (Gen:  0)
   520592    133648  12045072  0.004  0.000   32.086    5.178    0    0  (Gen:  0)
   520648    138264  12099760  0.004  0.000   32.091    5.179    0    0  (Gen:  0)
   525328    166856  12182736  0.003  0.000   32.096    5.180    0    0  (Gen:  0)
   521240    140448  12241528  0.004  0.000   32.101    5.181    0    0  (Gen:  0)
   525408    145760  12302984  0.003  0.000   32.105    5.182    0    0  (Gen:  0)
   521024    125000  12375664  0.003  0.000   32.109    5.182    0    0  (Gen:  0)
   521984    160600  12453688  0.003  0.000   32.113    5.183    0    0  (Gen:  0)
   545184    126120  12511792  0.003  0.000   32.118    5.184    0    0  (Gen:  0)
   520832   4014016   4999816  0.015  0.001   32.133    5.185    0    0  (Gen:  1)
   520664     66512   5037760  0.002  0.000   32.136    5.186    0    0  (Gen:  0)
   520256     67440   5079120  0.002  0.000   32.138    5.186    0    0  (Gen:  0)
   521000     64416   5105736  0.002  0.000   32.142    5.187    0    0  (Gen:  0)
   520872     80832   5137288  0.002  0.000   32.145    5.187    0    0  (Gen:  0)
   521248     74200   5182432  0.002  0.000   32.148    5.188    0    0  (Gen:  0)
   520680     72528   5250976  0.002  0.000   32.151    5.188    0    0  (Gen:  0)
   520368     97592   5301568  0.002  0.000   32.153    5.189    0    0  (Gen:  0)
   520816     86192   5346456  0.002  0.000   32.157    5.189    0    0  (Gen:  0)
   520552     96008   5381784  0.003  0.000   32.161    5.190    0    0  (Gen:  0)
   520960    131112   5451768  0.002  0.000   32.164    5.190    0    0  (Gen:  0)
   520320     95888   5490824  0.003  0.000   32.168    5.191    0    0  (Gen:  0)
   521144    138440   5566232  0.003  0.000   32.172    5.192    0    0  (Gen:  0)
   520920    118256   5634104  0.002  0.000   32.175    5.192    0    0  (Gen:  0)
   520600    107344   5675784  0.003  0.000   32.179    5.193    0    0  (Gen:  0)
   520824    144128   5752144  0.003  0.000   32.183    5.193    0    0  (Gen:  0)
   520600     89032   5808208  0.003  0.000   32.187    5.194    0    0  (Gen:  0)
   520704    146936   5886888  0.003  0.000   32.190    5.194    0    0  (Gen:  0)
   520936    130008   5952920  0.002  0.000   32.194    5.195    0    0  (Gen:  0)
   521184    104040   6007056  0.003  0.000   32.198    5.196    0    0  (Gen:  0)
   520384    119464   6051976  0.003  0.000   32.202    5.196    0    0  (Gen:  0)
   521088    158088   6138008  0.003  0.000   32.206    5.197    0    0  (Gen:  0)
   520944    110720   6188640  0.003  0.000   32.210    5.197    0    0  (Gen:  0)
   520608    158656   6274624  0.002  0.000   32.214    5.198    0    0  (Gen:  0)
   521008    136584   6348424  0.002  0.000   32.217    5.199    0    0  (Gen:  0)
   521768    121048   6398840  0.003  0.000   32.221    5.199    0    0  (Gen:  0)
   520856    132632   6455672  0.002  0.000   32.225    5.200    0    0  (Gen:  0)
   520728    106360   6519624  0.003  0.000   32.228    5.200    0    0  (Gen:  0)
   520392     94296   6609880  0.002  0.000   32.232    5.201    0    0  (Gen:  0)
   520816    132632   6677184  0.003  0.000   32.235    5.201    0    0  (Gen:  0)
   520840    109320   6743520  0.003  0.000   32.239    5.202    0    0  (Gen:  0)
   521552    156600   6820168  0.003  0.000   32.243    5.203    0    0  (Gen:  0)
   520672    151112   6895912  0.003  0.000   32.247    5.203    0    0  (Gen:  0)
   520184    115352   6955672  0.003  0.000   32.251    5.204    0    0  (Gen:  0)
   521128    175504   7052608  0.003  0.000   32.290    5.208    0    0  (Gen:  0)
   520800    129064   7133776  0.003  0.000   32.294    5.208    0    0  (Gen:  0)
   520856    131376   7197536  0.003  0.000   32.298    5.209    0    0  (Gen:  0)
   521656    137976   7251288  0.003  0.000   32.302    5.210    0    0  (Gen:  0)
   520944    166048   7333480  0.003  0.000   32.307    5.210    0    0  (Gen:  0)
   520864    135320   7392992  0.003  0.000   32.311    5.211    0    0  (Gen:  0)
   520808    138104   7446016  0.004  0.000   32.316    5.212    0    0  (Gen:  0)
   520840    161400   7527128  0.003  0.000   32.320    5.212    0    0  (Gen:  0)
   521128    155880   7601240  0.003  0.000   32.324    5.213    0    0  (Gen:  0)
   685448    143288   7681632  0.002  0.000   32.327    5.214    0    0  (Gen:  0)
   521240    131112   7758512  0.003  0.000   32.331    5.214    0    0  (Gen:  0)
   520960    172648   7849648  0.003  0.000   32.335    5.215    0    0  (Gen:  0)
   521056    138912   7921504  0.005  0.000   32.341    5.216    0    0  (Gen:  0)
   520728    121088   7991280  0.003  0.000   32.345    5.216    0    0  (Gen:  0)
   520864    161568   8070936  0.003  0.000   32.349    5.217    0    0  (Gen:  0)
   520296    148872   8146216  0.003  0.000   32.353    5.218    0    0  (Gen:  0)
   520536    124168   8217032  0.003  0.000   32.357    5.218    0    0  (Gen:  0)
   520632    175952   8307952  0.003  0.000   32.361    5.219    0    0  (Gen:  0)
   521056    162360   8387816  0.003  0.000   32.365    5.220    0    0  (Gen:  0)
   520408    132328   8456928  0.003  0.000   32.369    5.220    0    0  (Gen:  0)
   521416    161968   8531320  0.003  0.000   32.373    5.221    0    0  (Gen:  0)
   520568    151032   8620016  0.003  0.000   32.377    5.221    0    0  (Gen:  0)
   521192    136192   8683312  0.003  0.000   32.382    5.222    0    0  (Gen:  0)
   520864    187520   8787744  0.003  0.000   32.386    5.223    0    0  (Gen:  0)
   521264    151400   8875384  0.003  0.000   32.390    5.223    0    0  (Gen:  0)
   521464    137944   8938584  0.004  0.000   32.395    5.224    0    0  (Gen:  0)
   520504    168904   9018816  0.003  0.000   32.399    5.225    0    0  (Gen:  0)
   520416    153696   9107616  0.003  0.000   32.403    5.225    0    0  (Gen:  0)
   520648    143424   9168872  0.004  0.000   32.408    5.226    0    0  (Gen:  0)
   521768    152208   9231384  0.003  0.000   32.412    5.227    0    0  (Gen:  0)
   520832    123336   9311368  0.003  0.000   32.416    5.227    0    0  (Gen:  0)
   521456    168168   9391664  0.003  0.000   32.420    5.228    0    0  (Gen:  0)
   525184    163816   9486808  0.004  0.000   32.425    5.229    0    0  (Gen:  0)
   520664    107896   9564152  0.003  0.000   32.428    5.229    0    0  (Gen:  0)
   520800    182080   9657904  0.003  0.000   32.433    5.230    0    0  (Gen:  0)
   520648    152840   9738384  0.003  0.000   32.436    5.231    0    0  (Gen:  0)
   520984    138912   9811040  0.003  0.000   32.441    5.231    0    0  (Gen:  0)
   521240    178344   9900552  0.003  0.000   32.445    5.232    0    0  (Gen:  0)
   520776    162728   9982088  0.003  0.000   32.449    5.233    0    0  (Gen:  0)
   520776   5310504   6296288  0.017  0.001   32.467    5.235    0    0  (Gen:  1)
   520968    177968   6385192  0.002  0.000   32.471    5.235    0    0  (Gen:  0)
   521600    169296   6467704  0.002  0.000   32.474    5.236    0    0  (Gen:  0)
   520984    143648   6544464  0.003  0.000   32.479    5.237    0    0  (Gen:  0)
   521376    156792   6607144  0.004  0.000   32.484    5.237    0    0  (Gen:  0)
   525096    180728   6695448  0.003  0.000   32.487    5.238    0    0  (Gen:  0)
   520432    144728   6767176  0.003  0.000   32.492    5.239    0    0  (Gen:  0)
   520648    196936   6872512  0.003  0.000   32.496    5.239    0    0  (Gen:  0)
   520632    158392   6966120  0.002  0.000   32.500    5.240    0    0  (Gen:  0)
   520864    151648   7035184  0.003  0.000   32.504    5.241    0    0  (Gen:  0)
   521216    156280   7100824  0.004  0.000   32.509    5.241    0    0  (Gen:  0)
   525328    181376   7190816  0.002  0.000   32.513    5.242    0    0  (Gen:  0)
   520592    153000   7261112  0.004  0.000   32.518    5.243    0    0  (Gen:  0)
   520480    157992   7325112  0.004  0.000   32.523    5.243    0    0  (Gen:  0)
   523928    181920   7415856  0.002  0.000   32.527    5.244    0    0  (Gen:  0)
   525528    155032   7483920  0.004  0.000   32.532    5.245    0    0  (Gen:  0)
   555072    164016   7558768  0.002  0.000   32.535    5.245    0    0  (Gen:  0)
   956992     83568   7582088  0.002  0.000   32.538    5.246    0    0  (Gen:  0)
   521176     48288   7601288  0.002  0.000   32.541    5.246    0    0  (Gen:  0)
   520920     84096   7654216  0.002  0.000   32.544    5.247    0    0  (Gen:  0)
   521088     70904   7685920  0.002  0.000   32.546    5.247    0    0  (Gen:  0)
   520952     89576   7732272  0.002  0.000   32.549    5.248    0    0  (Gen:  0)
   520536     90904   7777200  0.002  0.000   32.552    5.248    0    0  (Gen:  0)
   520656     74184   7814128  0.002  0.000   32.555    5.249    0    0  (Gen:  0)
   520840     83808   7843008  0.002  0.000   32.558    5.249    0    0  (Gen:  0)
   520360    114088   7901552  0.002  0.000   32.561    5.250    0    0  (Gen:  0)
   520864    108856   7955432  0.002  0.000   32.564    5.250    0    0  (Gen:  0)
   521088     96904   8003464  0.002  0.000   32.568    5.251    0    0  (Gen:  0)
   521288     78360   8058448  0.002  0.000   32.571    5.251    0    0  (Gen:  0)
   520448    139896   8135440  0.002  0.000   32.574    5.252    0    0  (Gen:  0)
   520856    117280   8196688  0.002  0.000   32.577    5.253    0    0  (Gen:  0)
   520888     98968   8245808  0.002  0.000   32.580    5.253    0    0  (Gen:  0)
   520720    133296   8312824  0.002  0.000   32.583    5.254    0    0  (Gen:  0)
   520656    131616   8378120  0.002  0.000   32.586    5.254    0    0  (Gen:  0)
   520792    105720   8426480  0.002  0.000   32.590    5.255    0    0  (Gen:  0)
   520248    156528   8513264  0.003  0.000   32.593    5.255    0    0  (Gen:  0)
   521320    123392   8583600  0.002  0.000   32.596    5.256    0    0  (Gen:  0)
   521104    115728   8632768  0.003  0.000   32.600    5.257    0    0  (Gen:  0)
   587368    124152   8691800  0.003  0.000   32.604    5.257    0    0  (Gen:  0)
   648952     46840   8708920  0.001  0.000   32.607    5.258    0    0  (Gen:  0)
   520984     46008   8729104  0.002  0.000   32.610    5.258    0    0  (Gen:  0)
   520352     92760   8787944  0.002  0.000   32.613    5.259    0    0  (Gen:  0)
   520752     62072   8817816  0.002  0.000   32.616    5.259    0    0  (Gen:  0)
   520944     70744   8841952  0.002  0.000   32.619    5.260    0    0  (Gen:  0)
   520480    107456   8899224  0.002  0.000   32.622    5.261    0    0  (Gen:  0)
   520736     80096   8931184  0.002  0.000   32.626    5.261    0    0  (Gen:  0)
   520912     90888   8966344  0.002  0.000   32.629    5.262    0    0  (Gen:  0)
   520176     69488   9019472  0.002  0.000   32.632    5.263    0    0  (Gen:  0)
   520680    119168   9077832  0.002  0.000   32.635    5.263    0    0  (Gen:  0)
   525384    109376   9133712  0.002  0.000   32.639    5.264    0    0  (Gen:  0)
   520600     84200   9179000  0.002  0.000   32.642    5.264    0    0  (Gen:  0)
   520872    124416   9242568  0.002  0.000   32.645    5.265    0    0  (Gen:  0)
   520968    123088   9303000  0.002  0.000   32.649    5.266    0    0  (Gen:  0)
   520776    102928   9350888  0.003  0.000   32.652    5.266    0    0  (Gen:  0)
   520912    111384   9394328  0.003  0.000   32.657    5.267    0    0  (Gen:  0)
   525592    139696   9463288  0.002  0.000   32.660    5.268    0    0  (Gen:  0)
   520728    112880   9511272  0.003  0.000   32.664    5.269    0    0  (Gen:  0)
   525432    120288   9559952  0.003  0.000   32.668    5.269    0    0  (Gen:  0)
   520808     87104   9622008  0.002  0.000   32.672    5.270    0    0  (Gen:  0)
   528992    142160   9691456  0.002  0.000   32.675    5.271    0    0  (Gen:  0)
   763896    113248   9740608  0.003  0.000   32.679    5.271    0    0  (Gen:  0)
   520840     34000   9759704  0.002  0.000   32.682    5.272    0    0  (Gen:  0)
   520912     42432   9798104  0.002  0.000   32.685    5.272    0    0  (Gen:  0)
   520248     71744   9835000  0.002  0.000   32.687    5.273    0    0  (Gen:  0)
   521120     63560   9862688  0.002  0.000   32.691    5.274    0    0  (Gen:  0)
   520712     75496   9889544  0.002  0.000   32.693    5.274    0    0  (Gen:  0)
   521080     81168   9938136  0.002  0.000   32.697    5.275    0    0  (Gen:  0)
   520488    121072  10006760  0.002  0.000   32.700    5.275    0    0  (Gen:  0)
   520776     97816  10056568  0.002  0.000   32.703    5.276    0    0  (Gen:  0)
   520984     82368  10101032  0.002  0.000   32.706    5.277    0    0  (Gen:  0)
   520592    116632  10158032  0.002  0.000   32.709    5.277    0    0  (Gen:  0)
   521568    120568  10218320  0.002  0.000   32.713    5.278    0    0  (Gen:  0)
   521400     92720  10256416  0.002  0.000   32.716    5.279    0    0  (Gen:  0)
   520416    135136  10329728  0.002  0.000   32.720    5.279    0    0  (Gen:  0)
   521352    130064  10397128  0.002  0.000   32.723    5.280    0    0  (Gen:  0)
   520872    105288  10439840  0.003  0.000   32.727    5.281    0    0  (Gen:  0)
   521000    120072  10490440  0.002  0.000   32.730    5.281    0    0  (Gen:  0)
   519776    100880  10549792  0.002  0.000   32.733    5.282    0    0  (Gen:  0)
   520936    149480  10631112  0.002  0.000   32.737    5.283    0    0  (Gen:  0)
   520864    126664  10696856  0.002  0.000   32.740    5.283    0    0  (Gen:  0)
   520584    103040  10750088  0.002  0.000   32.743    5.284    0    0  (Gen:  0)
   520760    141968  10819264  0.002  0.000   32.747    5.285    0    0  (Gen:  0)
   944544    114464  10866552  0.003  0.000   32.751    5.285    0    0  (Gen:  0)
   520600     39432  10885992  0.001  0.000   32.754    5.286    0    0  (Gen:  0)
   520904     62928  10922616  0.002  0.000   32.756    5.286    0    0  (Gen:  0)
   521104     74408  10962520  0.002  0.000   32.759    5.287    0    0  (Gen:  0)
   520416     64176  10988136  0.002  0.000   32.762    5.287    0    0  (Gen:  0)
   520728     77256  11017872  0.002  0.000   32.765    5.288    0    0  (Gen:  0)
   520808     59336  11065960  0.002  0.000   32.768    5.288    0    0  (Gen:  0)
   520952    124256  11137224  0.002  0.000   32.771    5.289    0    0  (Gen:  0)
   520920     98104  11186096  0.001  0.000   32.773    5.289    0    0  (Gen:  0)
   521128     83656  11228352  0.002  0.000   32.776    5.290    0    0  (Gen:  0)
   520424    113848  11284048  0.002  0.000   32.779    5.290    0    0  (Gen:  0)
   520632    118992  11345016  0.002  0.000   32.782    5.291    0    0  (Gen:  0)
   520592     95488  11386608  0.003  0.000   32.786    5.291    0    0  (Gen:  0)
   520720    143928  11466912  0.002  0.000   32.789    5.292    0    0  (Gen:  0)
   520752    123232  11533024  0.002  0.000   32.792    5.292    0    0  (Gen:  0)
   520576    106960  11576952  0.003  0.000   32.796    5.293    0    0  (Gen:  0)
   520584    119136  11624840  0.002  0.000   32.799    5.294    0    0  (Gen:  0)
   520600     98136  11682224  0.002  0.000   32.802    5.294    0    0  (Gen:  0)
   521096    142456  11756784  0.002  0.000   32.805    5.295    0    0  (Gen:  0)
   520968    125080  11817448  0.002  0.000   32.809    5.295    0    0  (Gen:  0)
   521008     97296  11871440  0.002  0.000   32.812    5.296    0    0  (Gen:  0)
   521072    140256  11941544  0.002  0.000   32.816    5.296    0    0  (Gen:  0)
   525280    139640  12012312  0.002  0.000   32.819    5.297    0    0  (Gen:  0)
   520688    113856  12062720  0.003  0.000   32.823    5.298    0    0  (Gen:  0)
   520808    152584  12141696  0.002  0.000   32.826    5.298    0    0  (Gen:  0)
   520624    135888  12213560  0.002  0.000   32.829    5.299    0    0  (Gen:  0)
   520264    118064  12267624  0.003  0.000   32.833    5.299    0    0  (Gen:  0)
   520888    124608  12316576  0.003  0.000   32.838    5.300    0    0  (Gen:  0)
   520752    154536  12394824  0.002  0.000   32.841    5.301    0    0  (Gen:  0)
   521400   4529360   5523240  0.015  0.001   32.858    5.302    0    0  (Gen:  1)
   521336    140128   5584600  0.002  0.000   32.862    5.303    0    0  (Gen:  0)
   520408    115976   5654656  0.003  0.000   32.866    5.304    0    0  (Gen:  0)
   521240    157064   5730280  0.002  0.000   32.869    5.304    0    0  (Gen:  0)
   525144    144680   5801632  0.002  0.000   32.873    5.305    0    0  (Gen:  0)
   521112    119312   5865592  0.003  0.000   32.877    5.306    0    0  (Gen:  0)
   521352    160168   5946560  0.002  0.000   32.880    5.306    0    0  (Gen:  0)
   520768    161128   6032976  0.002  0.000   32.883    5.307    0    0  (Gen:  0)
   520944    125216   6093776  0.003  0.000   32.887    5.307    0    0  (Gen:  0)
   521168    131768   6145888  0.003  0.000   32.892    5.308    0    0  (Gen:  0)
   524968    168416   6235208  0.003  0.000   32.896    5.309    0    0  (Gen:  0)
   520464    135408   6298784  0.003  0.000   32.900    5.309    0    0  (Gen:  0)
   520744    180320   6396552  0.002  0.000   32.903    5.310    0    0  (Gen:  0)
   524792    153144   6478256  0.002  0.000   32.907    5.311    0    0  (Gen:  0)
   525408    134056   6534104  0.003  0.000   32.911    5.311    0    0  (Gen:  0)
   553616    139648   6590864  0.003  0.000   32.916    5.312    0    0  (Gen:  0)
   750688    110128   6623248  0.002  0.000   32.920    5.313    0    0  (Gen:  0)
   521136     44392   6642552  0.002  0.000   32.923    5.313    0    0  (Gen:  0)
   520512     83512   6694328  0.002  0.000   32.927    5.314    0    0  (Gen:  0)
   520936     56552   6722432  0.002  0.000   32.931    5.315    0    0  (Gen:  0)
   521272     89088   6767160  0.002  0.000   32.935    5.315    0    0  (Gen:  0)
   521168     95232   6815000  0.002  0.000   32.941    5.316    0    0  (Gen:  0)
   521216     77784   6848968  0.003  0.000   32.946    5.317    0    0  (Gen:  0)
   521072     85176   6881416  0.003  0.000   32.951    5.318    0    0  (Gen:  0)
   521232    113104   6938984  0.002  0.000   32.957    5.319    0    0  (Gen:  0)
   521016     93464   6972672  0.003  0.000   32.963    5.320    0    0  (Gen:  0)
   520904    135280   7045728  0.002  0.000   32.968    5.320    0    0  (Gen:  0)
   520512     85312   7091928  0.002  0.000   32.973    5.321    0    0  (Gen:  0)
   520856    125328   7155984  0.003  0.000   32.979    5.322    0    0  (Gen:  0)
   521304    123592   7216928  0.002  0.000   32.983    5.323    0    0  (Gen:  0)
   520248    103920   7271560  0.002  0.000   32.989    5.324    0    0  (Gen:  0)
   521424    103136   7326992  0.003  0.000   32.994    5.325    0    0  (Gen:  0)
   520816    136928   7395016  0.002  0.000   32.999    5.326    0    0  (Gen:  0)
   520384    112592   7441112  0.003  0.000   33.005    5.326    0    0  (Gen:  0)
   520880    118928   7488064  0.003  0.000   33.010    5.327    0    0  (Gen:  0)
   520800     74472   7552336  0.002  0.000   33.015    5.328    0    0  (Gen:  0)
   520456    141168   7621408  0.002  0.000   33.020    5.329    0    0  (Gen:  0)
   521088    125808   7687296  0.002  0.000   33.024    5.330    0    0  (Gen:  0)
   521064    102368   7745456  0.002  0.000   33.029    5.331    0    0  (Gen:  0)
   520280    148984   7822384  0.002  0.000   33.033    5.331    0    0  (Gen:  0)
   521360    138400   7892000  0.002  0.000   33.037    5.332    0    0  (Gen:  0)
   521192    111120   7950744  0.003  0.000   33.042    5.333    0    0  (Gen:  0)
   521192    125104   7998440  0.003  0.000   33.047    5.334    0    0  (Gen:  0)
   520160    157072   8077840  0.002  0.000   33.052    5.335    0    0  (Gen:  0)
   521032    116736   8129152  0.003  0.000   33.057    5.335    0    0  (Gen:  0)
   520600    161024   8214184  0.002  0.000   33.061    5.336    0    0  (Gen:  0)
   520824    140312   8292376  0.002  0.000   33.065    5.337    0    0  (Gen:  0)
   520960    128920   8348048  0.003  0.000   33.070    5.338    0    0  (Gen:  0)
   520312    137888   8407856  0.003  0.000   33.075    5.339    0    0  (Gen:  0)
   521200     94768   8480192  0.002  0.000   33.080    5.340    0    0  (Gen:  0)
   520640    152184   8552440  0.002  0.000   33.084    5.340    0    0  (Gen:  0)
   520376    133048   8622408  0.003  0.000   33.088    5.341    0    0  (Gen:  0)
   520160    111568   8693544  0.003  0.000   33.093    5.342    0    0  (Gen:  0)
   520768    161848   8772176  0.003  0.000   33.098    5.343    0    0  (Gen:  0)
   521128    153728   8849360  0.002  0.000   33.102    5.344    0    0  (Gen:  0)
   520888    119944   8915656  0.003  0.000   33.107    5.345    0    0  (Gen:  0)
   520728    166280   8999472  0.002  0.000   33.112    5.345    0    0  (Gen:  0)
   521112    155976   9075808  0.002  0.000   33.116    5.346    0    0  (Gen:  0)
   520656    124344   9137336  0.003  0.000   33.121    5.347    0    0  (Gen:  0)
   520712    140608   9194064  0.003  0.000   33.127    5.348    0    0  (Gen:  0)
   726232    141128   9252184  0.003  0.000   33.132    5.349    0    0  (Gen:  0)
   520904     41136   9271216  0.002  0.000   33.136    5.350    0    0  (Gen:  0)
   520688     74992   9316080  0.002  0.000   33.139    5.350    0    0  (Gen:  0)
   520752     73064   9355288  0.002  0.000   33.143    5.351    0    0  (Gen:  0)
   520824     68840   9381184  0.002  0.000   33.148    5.352    0    0  (Gen:  0)
   520800    104512   9436072  0.002  0.000   33.151    5.352    0    0  (Gen:  0)
   520664     76320   9473816  0.002  0.000   33.156    5.353    0    0  (Gen:  0)
   520936    106008   9525848  0.002  0.000   33.160    5.354    0    0  (Gen:  0)
   520776    109640   9580664  0.002  0.000   33.164    5.355    0    0  (Gen:  0)
   520760     87208   9617584  0.002  0.000   33.168    5.355    0    0  (Gen:  0)
   520648     93848   9650816  0.002  0.000   33.173    5.356    0    0  (Gen:  0)
   520256    125192   9716616  0.002  0.000   33.177    5.357    0    0  (Gen:  0)
   520384     99760   9753536  0.003  0.000   33.181    5.358    0    0  (Gen:  0)
   521104    148640   9837672  0.003  0.000   33.186    5.359    0    0  (Gen:  0)
   521416     85568   9891104  0.002  0.000   33.191    5.359    0    0  (Gen:  0)
   520416    129800   9954240  0.003  0.000   33.195    5.360    0    0  (Gen:  0)
   520688    121080  10016760  0.002  0.000   33.199    5.361    0    0  (Gen:  0)
   520912     99416  10065624  0.002  0.000   33.203    5.362    0    0  (Gen:  0)
   521672    126016  10122168  0.002  0.000   33.207    5.362    0    0  (Gen:  0)
   520832    125488  10199048  0.002  0.000   33.211    5.363    0    0  (Gen:  0)
   521248    105208  10250032  0.003  0.000   33.216    5.364    0    0  (Gen:  0)
   521200    116800  10293840  0.003  0.000   33.221    5.365    0    0  (Gen:  0)
   525360    145328  10367808  0.002  0.000   33.226    5.366    0    0  (Gen:  0)
   521448    115128  10414744  0.003  0.000   33.231    5.367    0    0  (Gen:  0)
   521104    161872  10504920  0.004  0.000   33.237    5.367    0    0  (Gen:  0)
   520400     74240  10572096  0.003  0.000   33.241    5.368    0    0  (Gen:  0)
   520792    157272  10656624  0.002  0.000   33.246    5.369    0    0  (Gen:  0)
   520792    126280  10724968  0.002  0.000   33.250    5.370    0    0  (Gen:  0)
   520856    100272  10787256  0.002  0.000   33.255    5.371    0    0  (Gen:  0)
   521208    160352  10871688  0.002  0.000   33.259    5.372    0    0  (Gen:  0)
   521080   5350064   6343960  0.014  0.001   33.275    5.373    0    0  (Gen:  1)
   521304    129432   6394736  0.002  0.000   33.280    5.374    0    0  (Gen:  0)
   521184    155248   6470888  0.002  0.000   33.284    5.375    0    0  (Gen:  0)
   525256    153200   6546128  0.002  0.000   33.288    5.376    0    0  (Gen:  0)
   521224    132400   6606944  0.002  0.000   33.292    5.377    0    0  (Gen:  0)
   521288    176528   6702688  0.002  0.000   33.296    5.377    0    0  (Gen:  0)
   521048    150384   6783552  0.002  0.000   33.300    5.378    0    0  (Gen:  0)
   520680    132840   6839896  0.002  0.000   33.304    5.379    0    0  (Gen:  0)
   520736    131728   6891960  0.002  0.000   33.308    5.379    0    0  (Gen:  0)
   525128    159896   6972568  0.002  0.000   33.312    5.380    0    0  (Gen:  0)
   520744    135208   7031592  0.002  0.000   33.316    5.381    0    0  (Gen:  0)
   524616    175616   7126152  0.004  0.000   33.321    5.382    0    0  (Gen:  0)
   521288     87024   7202160  0.002  0.000   33.325    5.383    0    0  (Gen:  0)
   524824    156512   7279632  0.002  0.000   33.330    5.383    0    0  (Gen:  0)
   726784    126160   7342424  0.003  0.000   33.335    5.384    0    0  (Gen:  0)
   520656     30728   7363952  0.001  0.000   33.337    5.385    0    0  (Gen:  0)
   519952     49240   7409016  0.001  0.000   33.341    5.385    0    0  (Gen:  0)
   520976     67440   7443640  0.001  0.000   33.344    5.386    0    0  (Gen:  0)
   520792     63704   7472624  0.001  0.000   33.347    5.387    0    0  (Gen:  0)
   520592     71592   7496952  0.001  0.000   33.351    5.387    0    0  (Gen:  0)
   520944     99880   7549208  0.001  0.000   33.355    5.388    0    0  (Gen:  0)
   521248     82016   7581112  0.002  0.000   33.358    5.389    0    0  (Gen:  0)
   520976    127888   7655336  0.002  0.000   33.362    5.389    0    0  (Gen:  0)
   521368     90968   7703776  0.001  0.000   33.366    5.390    0    0  (Gen:  0)
   521096    119120   7762528  0.002  0.000   33.369    5.391    0    0  (Gen:  0)
   520608    117040   7819488  0.002  0.000   33.373    5.391    0    0  (Gen:  0)
   520464     93336   7860904  0.002  0.000   33.377    5.392    0    0  (Gen:  0)
   521136    139872   7939560  0.003  0.000   33.381    5.393    0    0  (Gen:  0)
   521232    132264   8008680  0.002  0.000   33.385    5.394    0    0  (Gen:  0)
   520120    107800   8053152  0.002  0.000   33.389    5.394    0    0  (Gen:  0)
   521400    109664   8093648  0.002  0.000   33.393    5.395    0    0  (Gen:  0)
   520968    139616   8166024  0.002  0.000   33.397    5.396    0    0  (Gen:  0)
   520376    113152   8208624  0.002  0.000   33.401    5.396    0    0  (Gen:  0)
   520496    127728   8267232  0.002  0.000   33.405    5.397    0    0  (Gen:  0)
   521120    113192   8327064  0.002  0.000   33.408    5.398    0    0  (Gen:  0)
   520496    144152   8397544  0.002  0.000   33.412    5.399    0    0  (Gen:  0)
   524936    134416   8464696  0.002  0.000   33.417    5.399    0    0  (Gen:  0)
   521632    109472   8520136  0.002  0.000   33.420    5.400    0    0  (Gen:  0)
   520664    164696   8612208  0.003  0.000   33.425    5.401    0    0  (Gen:  0)
   521280    132168   8688112  0.002  0.000   33.429    5.402    0    0  (Gen:  0)
   521280    121056   8741960  0.002  0.000   33.434    5.402    0    0  (Gen:  0)
   520936    124144   8791624  0.002  0.000   33.438    5.403    0    0  (Gen:  0)
   520168    149856   8865128  0.002  0.000   33.442    5.404    0    0  (Gen:  0)
   521112    122104   8918040  0.002  0.000   33.447    5.405    0    0  (Gen:  0)
   520744    167496   9008784  0.004  0.000   33.453    5.406    0    0  (Gen:  0)
   520640     87984   9080576  0.002  0.000   33.457    5.407    0    0  (Gen:  0)
   521192    156120   9157208  0.002  0.000   33.461    5.407    0    0  (Gen:  0)
   523944    139064   9227808  0.002  0.000   33.465    5.408    0    0  (Gen:  0)
   521200    131088   9292968  0.002  0.000   33.469    5.409    0    0  (Gen:  0)
   521176    155160   9369176  0.002  0.000   33.474    5.410    0    0  (Gen:  0)
   520432    147384   9442888  0.002  0.000   33.478    5.411    0    0  (Gen:  0)
   520624    120456   9508424  0.002  0.000   33.483    5.411    0    0  (Gen:  0)
   520544    159560   9587272  0.002  0.000   33.487    5.412    0    0  (Gen:  0)
   525096    160760   9666816  0.002  0.000   33.491    5.413    0    0  (Gen:  0)
   521264    131072   9730336  0.002  0.000   33.496    5.414    0    0  (Gen:  0)
   521160    102904   9828504  0.002  0.000   33.499    5.414    0    0  (Gen:  0)
   525432    151560   9912264  0.002  0.000   33.504    5.415    0    0  (Gen:  0)
   525376    134264   9970368  0.002  0.000   33.508    5.416    0    0  (Gen:  0)
   533696    140600  10028552  0.002  0.000   33.513    5.417    0    0  (Gen:  0)
   533168    113024  10058544  0.002  0.000   33.517    5.417    0    0  (Gen:  0)
   520744     46408  10076352  0.001  0.000   33.521    5.418    0    0  (Gen:  0)
   521000     66344  10110232  0.001  0.000   33.524    5.419    0    0  (Gen:  0)
   520720     64648  10139840  0.001  0.000   33.527    5.419    0    0  (Gen:  0)
   520840     71112  10163920  0.002  0.000   33.531    5.420    0    0  (Gen:  0)
   521112     98728  10213712  0.002  0.000   33.534    5.420    0    0  (Gen:  0)
   520800     82432  10245856  0.002  0.000   33.538    5.421    0    0  (Gen:  0)
   520824    123904  10316832  0.002  0.000   33.542    5.421    0    0  (Gen:  0)
   520312     99352  10370096  0.002  0.000   33.546    5.422    0    0  (Gen:  0)
   521008    118648  10427456  0.002  0.000   33.550    5.422    0    0  (Gen:  0)
   520664    114024  10481744  0.002  0.000   33.554    5.423    0    0  (Gen:  0)
   520752     96088  10527736  0.002  0.000   33.557    5.424    0    0  (Gen:  0)
   520632    126136  10592768  0.002  0.000   33.561    5.424    0    0  (Gen:  0)
   520888    126768  10653896  0.002  0.000   33.565    5.425    0    0  (Gen:  0)
   520688    101792  10701320  0.002  0.000   33.569    5.425    0    0  (Gen:  0)
   520896    110120  10743368  0.002  0.000   33.573    5.426    0    0  (Gen:  0)
   520704    138648  10811000  0.002  0.000   33.577    5.427    0    0  (Gen:  0)
   520512    111416  10857160  0.002  0.000   33.580    5.427    0    0  (Gen:  0)
   520904    121464  10906072  0.002  0.000   33.585    5.428    0    0  (Gen:  0)
   521064     98408  10969312  0.002  0.000   33.588    5.429    0    0  (Gen:  0)
   520600     90320  11055496  0.002  0.000   33.592    5.429    0    0  (Gen:  0)
   520888    148424  11148528  0.002  0.000   33.596    5.430    0    0  (Gen:  0)
   521256    119048  11206296  0.002  0.000   33.600    5.430    0    0  (Gen:  0)
   520632    143064  11276896  0.002  0.000   33.604    5.431    0    0  (Gen:  0)
   520808    140304  11346792  0.002  0.000   33.608    5.432    0    0  (Gen:  0)
   521712    120768  11404776  0.002  0.000   33.612    5.432    0    0  (Gen:  0)
   520848    124776  11452784  0.002  0.000   33.616    5.433    0    0  (Gen:  0)
   520736    148616  11523600  0.002  0.000   33.620    5.433    0    0  (Gen:  0)
   520752    122480  11576176  0.002  0.000   33.624    5.434    0    0  (Gen:  0)
   520752    161520  11661368  0.002  0.000   33.628    5.435    0    0  (Gen:  0)
   520504    145784  11741128  0.002  0.000   33.632    5.435    0    0  (Gen:  0)
   521360    132104  11794488  0.002  0.000   33.636    5.436    0    0  (Gen:  0)
   520824    140216  11856512  0.002  0.000   33.641    5.437    0    0  (Gen:  0)
   520896    115432  11928144  0.002  0.000   33.645    5.437    0    0  (Gen:  0)
   520464    172224  12020664  0.002  0.000   33.649    5.438    0    0  (Gen:  0)
   520848    148536  12092360  0.002  0.000   33.654    5.439    0    0  (Gen:  0)
   520832    130880  12162656  0.002  0.000   33.658    5.439    0    0  (Gen:  0)
   521560    160688  12241072  0.002  0.000   33.662    5.440    0    0  (Gen:  0)
   521120    156176  12319736  0.002  0.000   33.667    5.441    0    0  (Gen:  0)
   520840    126656  12385448  0.002  0.000   33.671    5.441    0    0  (Gen:  0)
   520840    176608  12477824  0.002  0.000   33.675    5.442    0    0  (Gen:  0)
   521008   4747400   5733168  0.014  0.001   33.691    5.444    0    0  (Gen:  1)
   521048    171288   5820720  0.002  0.000   33.695    5.444    0    0  (Gen:  0)
   520632    152296   5893432  0.002  0.000   33.699    5.445    0    0  (Gen:  0)
   685936    161736   5970288  0.002  0.000   33.702    5.446    0    0  (Gen:  0)
   520848    137448   6034400  0.002  0.000   33.706    5.446    0    0  (Gen:  0)
   521032    180856   6131720  0.002  0.000   33.710    5.447    0    0  (Gen:  0)
   520888    159776   6212984  0.002  0.000   33.714    5.448    0    0  (Gen:  0)
   520952    138240   6275016  0.002  0.000   33.718    5.448    0    0  (Gen:  0)
   520536    140416   6332008  0.002  0.000   33.722    5.449    0    0  (Gen:  0)
   520304    166616   6416568  0.002  0.000   33.726    5.449    0    0  (Gen:  0)
   520488    143144   6475688  0.002  0.000   33.730    5.450    0    0  (Gen:  0)
   521184    152296   6544032  0.002  0.000   33.734    5.451    0    0  (Gen:  0)
   520576    121744   6621960  0.002  0.000   33.738    5.451    0    0  (Gen:  0)
   520920    169248   6704104  0.002  0.000   33.741    5.452    0    0  (Gen:  0)
   520840    155848   6780088  0.002  0.000   33.746    5.453    0    0  (Gen:  0)
   521200    134032   6852592  0.002  0.000   33.749    5.453    0    0  (Gen:  0)
   520744    178864   6945344  0.002  0.000   33.753    5.454    0    0  (Gen:  0)
   521072    160704   7026864  0.002  0.000   33.757    5.454    0    0  (Gen:  0)
   521600    130992   7094096  0.002  0.000   33.760    5.455    0    0  (Gen:  0)
   520696    170184   7178800  0.002  0.000   33.764    5.456    0    0  (Gen:  0)
   520696    165496   7260224  0.002  0.000   33.768    5.456    0    0  (Gen:  0)
   520280    140888   7327160  0.002  0.000   33.772    5.457    0    0  (Gen:  0)
   521712    149376   7388560  0.002  0.000   33.776    5.457    0    0  (Gen:  0)
   520912    169656   7469320  0.002  0.000   33.780    5.458    0    0  (Gen:  0)
   521384    140384   7536600  0.002  0.000   33.783    5.459    0    0  (Gen:  0)
   521104    149408   7596752  0.002  0.000   33.788    5.459    0    0  (Gen:  0)
   524976    175248   7686952  0.002  0.000   33.791    5.460    0    0  (Gen:  0)
   520832    147048   7749440  0.002  0.000   33.795    5.461    0    0  (Gen:  0)
   520624    186544   7847416  0.002  0.000   33.799    5.461    0    0  (Gen:  0)
   521088    175176   7935544  0.002  0.000   33.803    5.462    0    0  (Gen:  0)
   520640    150784   8000752  0.002  0.000   33.807    5.463    0    0  (Gen:  0)
   521000    156704   8069216  0.004  0.000   33.812    5.463    0    0  (Gen:  0)
   521128     90080   8153312  0.002  0.000   33.816    5.464    0    0  (Gen:  0)
   520928    190584   8255856  0.002  0.000   33.820    5.465    0    0  (Gen:  0)
   521136    162064   8331392  0.002  0.000   33.824    5.465    0    0  (Gen:  0)
   521256    167152   8414448  0.002  0.000   33.827    5.466    0    0  (Gen:  0)
   521176    107712   8518128  0.001  0.000   33.831    5.466    0    0  (Gen:  0)
   525464    153960   8601400  0.002  0.000   33.834    5.467    0    0  (Gen:  0)
   520568    153320   8678808  0.002  0.000   33.838    5.468    0    0  (Gen:  0)
   520496    189952   8777560  0.002  0.000   33.842    5.468    0    0  (Gen:  0)
   520728    174720   8862248  0.002  0.000   33.846    5.469    0    0  (Gen:  0)
   520728    142664   8938632  0.002  0.000   33.850    5.470    0    0  (Gen:  0)
   521192    179176   9026432  0.002  0.000   33.854    5.470    0    0  (Gen:  0)
   525000    170888   9111896  0.002  0.000   33.858    5.471    0    0  (Gen:  0)
   520856    146976   9184712  0.002  0.000   33.862    5.472    0    0  (Gen:  0)
   520896    178200   9270632  0.002  0.000   33.866    5.472    0    0  (Gen:  0)
   523696    190112   9373424  0.002  0.000   33.870    5.473    0    0  (Gen:  0)
   525264    152176   9446240  0.002  0.000   33.874    5.474    0    0  (Gen:  0)
   529576    160472   9513552  0.002  0.000   33.878    5.474    0    0  (Gen:  0)
   986064    139648   9565040  0.003  0.000   33.883    5.475    0    0  (Gen:  0)
   520976     41704   9585880  0.001  0.000   33.886    5.475    0    0  (Gen:  0)
   520696     81824   9640088  0.002  0.000   33.889    5.476    0    0  (Gen:  0)
   521096     73968   9682736  0.001  0.000   33.893    5.477    0    0  (Gen:  0)
   521176     66528   9708448  0.001  0.000   33.896    5.477    0    0  (Gen:  0)
   520512     82040   9740960  0.001  0.000   33.899    5.478    0    0  (Gen:  0)
   520896     81336   9785072  0.001  0.000   33.903    5.478    0    0  (Gen:  0)
   521224    119224   9851168  0.002  0.000   33.906    5.479    0    0  (Gen:  0)
   520624    104272   9903272  0.002  0.000   33.910    5.479    0    0  (Gen:  0)
   520656     91648   9946288  0.002  0.000   33.913    5.480    0    0  (Gen:  0)
   520816     95896   9981712  0.002  0.000   33.917    5.481    0    0  (Gen:  0)
   521472    137504  10059072  0.002  0.000   33.921    5.481    0    0  (Gen:  0)
   520984     95224  10096384  0.002  0.000   33.924    5.482    0    0  (Gen:  0)
   520592    124656  10157360  0.002  0.000   33.928    5.482    0    0  (Gen:  0)
   520728    130776  10225656  0.002  0.000   33.931    5.483    0    0  (Gen:  0)
   520680    108720  10267216  0.002  0.000   33.935    5.484    0    0  (Gen:  0)
   521104    124000  10322384  0.002  0.000   33.939    5.484    0    0  (Gen:  0)
   520424    105848  10378728  0.001  0.000   33.942    5.485    0    0  (Gen:  0)
   520656    147000  10456968  0.002  0.000   33.946    5.485    0    0  (Gen:  0)
   520648    132504  10522912  0.002  0.000   33.950    5.486    0    0  (Gen:  0)
   521400    108128  10577512  0.002  0.000   33.953    5.487    0    0  (Gen:  0)
   521056    119888  10622432  0.002  0.000   33.957    5.487    0    0  (Gen:  0)
   718136    126128  10676728  0.003  0.000   33.962    5.488    0    0  (Gen:  0)
   520856     41272  10696360  0.001  0.000   33.965    5.488    0    0  (Gen:  0)
   520136     73848  10740360  0.002  0.000   33.969    5.489    0    0  (Gen:  0)
   520864     43880  10780224  0.001  0.000   33.973    5.490    0    0  (Gen:  0)
   520552     86704  10823000  0.001  0.000   33.976    5.490    0    0  (Gen:  0)
   519920     89720  10867104  0.002  0.000   33.980    5.491    0    0  (Gen:  0)
   520536     77264  10903680  0.001  0.000   33.983    5.492    0    0  (Gen:  0)
   521368     86272  10934752  0.002  0.000   33.987    5.492    0    0  (Gen:  0)
   521264    109392  10988648  0.002  0.000   33.990    5.493    0    0  (Gen:  0)
   521368     90960  11027200  0.002  0.000   33.994    5.494    0    0  (Gen:  0)
   521464     95552  11064120  0.002  0.000   33.997    5.494    0    0  (Gen:  0)
   525352    128016  11129384  0.002  0.000   34.001    5.495    0    0  (Gen:  0)
   520344    102440  11169072  0.002  0.000   34.005    5.496    0    0  (Gen:  0)
   520920    143592  11247152  0.002  0.000   34.009    5.496    0    0  (Gen:  0)
   521088   4664368   5654168  0.011  0.001   34.022    5.498    0    0  (Gen:  1)
   520552    132880   5719848  0.002  0.000   34.027    5.499    0    0  (Gen:  0)
   525488    132096   5786056  0.002  0.000   34.031    5.500    0    0  (Gen:  0)
   520928    108472   5839232  0.002  0.000   34.035    5.500    0    0  (Gen:  0)
   521320    158288   5927432  0.002  0.000   34.039    5.501    0    0  (Gen:  0)
   525024    124048   5998920  0.002  0.000   34.043    5.502    0    0  (Gen:  0)
   525152    115592   6047616  0.002  0.000   34.047    5.502    0    0  (Gen:  0)
   541632    115880   6091272  0.002  0.000   34.051    5.503    0    0  (Gen:  0)
   746872    104176   6129720  0.002  0.000   34.055    5.504    0    0  (Gen:  0)
   520928     46208   6148672  0.001  0.000   34.058    5.504    0    0  (Gen:  0)
   520424     84384   6201464  0.002  0.000   34.062    5.505    0    0  (Gen:  0)
   520984     64016   6231000  0.001  0.000   34.065    5.506    0    0  (Gen:  0)
   521064     92720   6279736  0.001  0.000   34.069    5.506    0    0  (Gen:  0)
   520544     96120   6327808  0.002  0.000   34.072    5.507    0    0  (Gen:  0)
   520936     79304   6362128  0.001  0.000   34.076    5.507    0    0  (Gen:  0)
   520520     72512   6430104  0.001  0.000   34.079    5.508    0    0  (Gen:  0)
   520648    111312   6491224  0.002  0.000   34.083    5.509    0    0  (Gen:  0)
   520896     93688   6525280  0.002  0.000   34.086    5.509    0    0  (Gen:  0)
   521160    111544   6573608  0.002  0.000   34.090    5.510    0    0  (Gen:  0)
   521656     94976   6622264  0.002  0.000   34.094    5.511    0    0  (Gen:  0)
   520656    134216   6694240  0.002  0.000   34.097    5.511    0    0  (Gen:  0)
   520824    126024   6754608  0.002  0.000   34.101    5.512    0    0  (Gen:  0)
   521304    104536   6803720  0.002  0.000   34.105    5.513    0    0  (Gen:  0)
   520600    108264   6844304  0.002  0.000   34.109    5.513    0    0  (Gen:  0)
   520800    145256   6921184  0.002  0.000   34.112    5.514    0    0  (Gen:  0)
   520480    113440   6967640  0.002  0.000   34.116    5.515    0    0  (Gen:  0)
   520760    115384   7011016  0.002  0.000   34.119    5.515    0    0  (Gen:  0)
   520416    109064   7077752  0.002  0.000   34.123    5.516    0    0  (Gen:  0)
   521088    118896   7126264  0.002  0.000   34.127    5.517    0    0  (Gen:  0)
   750976    139504   7195464  0.003  0.000   34.131    5.518    0    0  (Gen:  0)
   714296     31832   7221856  0.001  0.000   34.134    5.518    0    0  (Gen:  0)
   520832     48440   7240912  0.002  0.000   34.137    5.518    0    0  (Gen:  0)
   520744     82688   7292440  0.002  0.000   34.141    5.519    0    0  (Gen:  0)
   520840     55704   7320872  0.001  0.000   34.144    5.520    0    0  (Gen:  0)
   520384     89024   7365744  0.001  0.000   34.147    5.520    0    0  (Gen:  0)
   520888     97944   7416008  0.002  0.000   34.150    5.521    0    0  (Gen:  0)
   520976     81272   7450008  0.002  0.000   34.153    5.521    0    0  (Gen:  0)
   520976     83224   7479968  0.002  0.000   34.156    5.522    0    0  (Gen:  0)
   520816    115840   7540312  0.002  0.000   34.159    5.522    0    0  (Gen:  0)
   520640     91400   7572840  0.002  0.000   34.162    5.523    0    0  (Gen:  0)
   520648    108848   7620680  0.002  0.000   34.166    5.523    0    0  (Gen:  0)
   520960     97064   7672464  0.001  0.000   34.169    5.524    0    0  (Gen:  0)
   519960     75520   7744088  0.001  0.000   34.172    5.524    0    0  (Gen:  0)
   521248    121480   7805024  0.002  0.000   34.175    5.525    0    0  (Gen:  0)
   520792    104160   7853176  0.002  0.000   34.179    5.526    0    0  (Gen:  0)
   520088    109408   7894192  0.002  0.000   34.182    5.526    0    0  (Gen:  0)
   520760    133264   7960224  0.002  0.000   34.186    5.527    0    0  (Gen:  0)
   521312    107112   8006296  0.002  0.000   34.189    5.527    0    0  (Gen:  0)
   520520    151064   8086528  0.002  0.000   34.193    5.528    0    0  (Gen:  0)
   521024    133960   8155080  0.002  0.000   34.196    5.529    0    0  (Gen:  0)
   521144    116640   8201352  0.002  0.000   34.200    5.529    0    0  (Gen:  0)
   525256    150664   8281136  0.002  0.000   34.204    5.530    0    0  (Gen:  0)
   520672    124624   8340816  0.002  0.000   34.207    5.530    0    0  (Gen:  0)
   520936    153384   8422480  0.002  0.000   34.211    5.531    0    0  (Gen:  0)
   520696    142352   8490024  0.002  0.000   34.214    5.532    0    0  (Gen:  0)
   520640    121728   8546848  0.002  0.000   34.218    5.532    0    0  (Gen:  0)
   520584    126424   8596200  0.002  0.000   34.221    5.533    0    0  (Gen:  0)
   520488    148384   8666976  0.002  0.000   34.225    5.533    0    0  (Gen:  0)
   521528    123200   8723192  0.002  0.000   34.228    5.534    0    0  (Gen:  0)
   521256    170696   8817544  0.003  0.000   34.233    5.535    0    0  (Gen:  0)
   520784     92728   8906208  0.001  0.000   34.236    5.535    0    0  (Gen:  0)
   520800    130240   8963816  0.002  0.000   34.239    5.536    0    0  (Gen:  0)
   521048    130992   9015352  0.002  0.000   34.243    5.536    0    0  (Gen:  0)
   525456    159672   9097256  0.002  0.000   34.247    5.537    0    0  (Gen:  0)
   521344    135040   9153888  0.002  0.000   34.250    5.538    0    0  (Gen:  0)
   520624    171704   9245096  0.003  0.000   34.255    5.539    0    0  (Gen:  0)
   520888    100568   9316640  0.002  0.000   34.259    5.539    0    0  (Gen:  0)
   521056    155952   9389776  0.002  0.000   34.262    5.540    0    0  (Gen:  0)
   525216    143208   9464088  0.002  0.000   34.266    5.540    0    0  (Gen:  0)
   520792    116256   9528392  0.002  0.000   34.270    5.541    0    0  (Gen:  0)
   520360    158968   9606280  0.002  0.000   34.273    5.542    0    0  (Gen:  0)
   524664    151560   9681712  0.002  0.000   34.277    5.542    0    0  (Gen:  0)
   525584    124776   9745088  0.002  0.000   34.281    5.543    0    0  (Gen:  0)
   522792    139752   9800544  0.002  0.000   34.285    5.544    0    0  (Gen:  0)
   780080    125168   9846816  0.003  0.000   34.289    5.544    0    0  (Gen:  0)
   521008     40248   9868072  0.002  0.000   34.292    5.545    0    0  (Gen:  0)
   520680     79656   9918656  0.002  0.000   34.296    5.546    0    0  (Gen:  0)
   520392     75704   9960232  0.001  0.000   34.299    5.546    0    0  (Gen:  0)
   520744     65520   9985136  0.002  0.000   34.302    5.547    0    0  (Gen:  0)
   521064     89304  10025360  0.002  0.000   34.306    5.547    0    0  (Gen:  0)
   520776     79720  10064128  0.001  0.000   34.309    5.548    0    0  (Gen:  0)
   520584    112432  10122672  0.002  0.000   34.312    5.549    0    0  (Gen:  0)
   521192    107608  10176472  0.002  0.000   34.316    5.549    0    0  (Gen:  0)
   520064     92696  10218104  0.002  0.000   34.319    5.550    0    0  (Gen:  0)
   521152     96384  10252600  0.002  0.000   34.323    5.551    0    0  (Gen:  0)
   520896    129232  10323656  0.002  0.000   34.326    5.551    0    0  (Gen:  0)
   520608    102904  10361800  0.002  0.000   34.330    5.552    0    0  (Gen:  0)
   521456    146192  10443896  0.003  0.000   34.334    5.553    0    0  (Gen:  0)
   520568     88112  10498240  0.002  0.000   34.338    5.554    0    0  (Gen:  0)
   520520    129536  10560712  0.002  0.000   34.341    5.554    0    0  (Gen:  0)
   521512    125032  10624904  0.002  0.000   34.345    5.555    0    0  (Gen:  0)
   520520    103272  10676456  0.002  0.000   34.348    5.556    0    0  (Gen:  0)
   520392    112312  10718800  0.002  0.000   34.352    5.556    0    0  (Gen:  0)
   520736    145296  10793432  0.002  0.000   34.356    5.557    0    0  (Gen:  0)
   520792    117576  10846168  0.002  0.000   34.359    5.558    0    0  (Gen:  0)
   520776    117720  10889368  0.002  0.000   34.363    5.558    0    0  (Gen:  0)
   521208    146864  10963600  0.002  0.000   34.367    5.559    0    0  (Gen:  0)
   520680    116608  11010440  0.002  0.000   34.371    5.560    0    0  (Gen:  0)
   520952    160912  11098096  0.002  0.000   34.374    5.561    0    0  (Gen:  0)
   520968   5262744   6260744  0.013  0.001   34.389    5.562    0    0  (Gen:  1)
   521256    159664   6346568  0.002  0.000   34.394    5.563    0    0  (Gen:  0)
   520648    131536   6413472  0.002  0.000   34.398    5.564    0    0  (Gen:  0)
   520624    101952   6471392  0.002  0.000   34.401    5.565    0    0  (Gen:  0)
   520448     87104   6554536  0.001  0.000   34.404    5.565    0    0  (Gen:  0)
   520952    140344   6624456  0.002  0.000   34.408    5.566    0    0  (Gen:  0)
   520792    130384   6687576  0.002  0.000   34.412    5.567    0    0  (Gen:  0)
   521000    130368   6738328  0.002  0.000   34.415    5.567    0    0  (Gen:  0)
   520656    158584   6816808  0.002  0.000   34.419    5.568    0    0  (Gen:  0)
   520952    129088   6874320  0.002  0.000   34.423    5.569    0    0  (Gen:  0)
   520440    170728   6966864  0.002  0.000   34.427    5.570    0    0  (Gen:  0)
   520056    158000   7049056  0.002  0.000   34.431    5.570    0    0  (Gen:  0)
   520712    139632   7108760  0.002  0.000   34.434    5.571    0    0  (Gen:  0)
   520696    138816   7165160  0.002  0.000   34.438    5.572    0    0  (Gen:  0)
   521632    122784   7244720  0.002  0.000   34.442    5.572    0    0  (Gen:  0)
   520264    140872   7303408  0.002  0.000   34.446    5.573    0    0  (Gen:  0)
   521112    146424   7366112  0.002  0.000   34.450    5.574    0    0  (Gen:  0)
   520416    133656   7438048  0.002  0.000   34.453    5.575    0    0  (Gen:  0)
   520880    162552   7517920  0.002  0.000   34.457    5.575    0    0  (Gen:  0)
   726472    131592   7575368  0.003  0.000   34.462    5.576    0    0  (Gen:  0)
   520632     33000   7594816  0.001  0.000   34.465    5.577    0    0  (Gen:  0)
   521296     59616   7628592  0.001  0.000   34.468    5.577    0    0  (Gen:  0)
   520144     72280   7666016  0.001  0.000   34.471    5.578    0    0  (Gen:  0)
   520840     61848   7692112  0.002  0.000   34.474    5.579    0    0  (Gen:  0)
   521080     71992   7718552  0.001  0.000   34.478    5.579    0    0  (Gen:  0)
   520384    103592   7774064  0.001  0.000   34.481    5.580    0    0  (Gen:  0)
   521272     84208   7804176  0.002  0.000   34.484    5.580    0    0  (Gen:  0)
   520520    100368   7847920  0.002  0.000   34.488    5.581    0    0  (Gen:  0)
   521000     92096   7892840  0.002  0.000   34.491    5.582    0    0  (Gen:  0)
   520376    117128   7949888  0.002  0.000   34.494    5.582    0    0  (Gen:  0)
   520336    116504   8007768  0.002  0.000   34.498    5.583    0    0  (Gen:  0)
   520824     95632   8051744  0.002  0.000   34.501    5.584    0    0  (Gen:  0)
   520632     86744   8133864  0.002  0.000   34.504    5.584    0    0  (Gen:  0)
   521240    120176   8200048  0.002  0.000   34.507    5.585    0    0  (Gen:  0)
   521040    108688   8246184  0.002  0.000   34.510    5.586    0    0  (Gen:  0)
   520632    111400   8286312  0.002  0.000   34.514    5.586    0    0  (Gen:  0)
   520448    124728   8350400  0.002  0.000   34.518    5.587    0    0  (Gen:  0)
   521488    110448   8392888  0.002  0.000   34.522    5.588    0    0  (Gen:  0)
   520824    145440   8469016  0.003  0.000   34.526    5.589    0    0  (Gen:  0)
   521392     99016   8525968  0.002  0.000   34.530    5.589    0    0  (Gen:  0)
   521216    145808   8601544  0.002  0.000   34.534    5.590    0    0  (Gen:  0)
   525296    133840   8669864  0.002  0.000   34.538    5.591    0    0  (Gen:  0)
   521568    111024   8724432  0.002  0.000   34.542    5.592    0    0  (Gen:  0)
   520960    165952   8818872  0.002  0.000   34.547    5.592    0    0  (Gen:  0)
   521040    133120   8893936  0.002  0.000   34.551    5.593    0    0  (Gen:  0)
   520336    120200   8947432  0.002  0.000   34.555    5.594    0    0  (Gen:  0)
   520784    124656   8997080  0.002  0.000   34.559    5.595    0    0  (Gen:  0)
   521064    153720   9073560  0.002  0.000   34.563    5.595    0    0  (Gen:  0)
   520920    124528   9126352  0.002  0.000   34.567    5.596    0    0  (Gen:  0)
   521232    132680   9180792  0.002  0.000   34.571    5.597    0    0  (Gen:  0)
   521200    116408   9254712  0.002  0.000   34.575    5.598    0    0  (Gen:  0)
   521040    152536   9328576  0.002  0.000   34.579    5.598    0    0  (Gen:  0)
   525592    138440   9396816  0.002  0.000   34.584    5.599    0    0  (Gen:  0)
   521216    118976   9464968  0.002  0.000   34.588    5.600    0    0  (Gen:  0)
   520608    167896   9553592  0.002  0.000   34.592    5.601    0    0  (Gen:  0)
   521536    142480   9624624  0.002  0.000   34.596    5.602    0    0  (Gen:  0)
   520968    122848   9690984  0.002  0.000   34.600    5.602    0    0  (Gen:  0)
   521000    161688   9773672  0.002  0.000   34.604    5.603    0    0  (Gen:  0)
   524648    153144   9847528  0.002  0.000   34.608    5.604    0    0  (Gen:  0)
   520736    127656   9909656  0.002  0.000   34.612    5.605    0    0  (Gen:  0)
   520624    176912  10004664  0.002  0.000   34.617    5.605    0    0  (Gen:  0)
   524968    147512  10085912  0.002  0.000   34.621    5.606    0    0  (Gen:  0)
   525080    136856  10146192  0.002  0.000   34.625    5.607    0    0  (Gen:  0)
   529256    138736  10201488  0.002  0.000   34.629    5.608    0    0  (Gen:  0)
   718160    120120  10244096  0.003  0.000   34.634    5.609    0    0  (Gen:  0)
   520400     42632  10263016  0.001  0.000   34.637    5.609    0    0  (Gen:  0)
   520600     85552  10317912  0.002  0.000   34.641    5.610    0    0  (Gen:  0)
   520744     68600  10350304  0.001  0.000   34.644    5.611    0    0  (Gen:  0)
   520616     97936  10405560  0.002  0.000   34.648    5.611    0    0  (Gen:  0)
   521000     93296  10449352  0.002  0.000   34.652    5.612    0    0  (Gen:  0)
   521184     81320  10486848  0.001  0.000   34.655    5.613    0    0  (Gen:  0)
   520896     84840  10517208  0.002  0.000   34.659    5.613    0    0  (Gen:  0)
   521512    113048  10574736  0.002  0.000   34.663    5.614    0    0  (Gen:  0)
   520568     92032  10612432  0.002  0.000   34.667    5.615    0    0  (Gen:  0)
   521272    104760  10652928  0.002  0.000   34.671    5.615    0    0  (Gen:  0)
   520656     80328  10708200  0.001  0.000   34.675    5.616    0    0  (Gen:  0)
   520696    139032  10784048  0.002  0.000   34.679    5.617    0    0  (Gen:  0)
   521344    119320  10843696  0.002  0.000   34.683    5.618    0    0  (Gen:  0)
   520584    102032  10892880  0.002  0.000   34.686    5.618    0    0  (Gen:  0)
   520840    132032  10959416  0.002  0.000   34.690    5.619    0    0  (Gen:  0)
   520928    130920  11024208  0.002  0.000   34.694    5.620    0    0  (Gen:  0)
   520616    109208  11072520  0.002  0.000   34.698    5.620    0    0  (Gen:  0)
   520600    154944  11156792  0.002  0.000   34.703    5.621    0    0  (Gen:  0)
   521048    128088  11227032  0.002  0.000   34.707    5.622    0    0  (Gen:  0)
   520408    116560  11276392  0.002  0.000   34.711    5.623    0    0  (Gen:  0)
   524920    124272  11327880  0.002  0.000   34.715    5.624    0    0  (Gen:  0)
   521280    101640  11394160  0.002  0.000   34.719    5.624    0    0  (Gen:  0)
   520904    151056  11471352  0.002  0.000   34.723    5.625    0    0  (Gen:  0)
   521344    136848  11538392  0.002  0.000   34.726    5.626    0    0  (Gen:  0)
   520952    124192  11598376  0.002  0.000   34.730    5.626    0    0  (Gen:  0)
   521160    157192  11681112  0.002  0.000   34.734    5.627    0    0  (Gen:  0)
   520608    145176  11749520  0.002  0.000   34.738    5.628    0    0  (Gen:  0)
   520776    119440  11805072  0.002  0.000   34.742    5.629    0    0  (Gen:  0)
   520432    130344  11857352  0.002  0.000   34.747    5.630    0    0  (Gen:  0)
   520912    151128  11931640  0.002  0.000   34.751    5.630    0    0  (Gen:  0)
   520808    128704  11989232  0.002  0.000   34.755    5.631    0    0  (Gen:  0)
   520728    130688  12042136  0.002  0.000   34.759    5.632    0    0  (Gen:  0)
   524688    160680  12123320  0.002  0.000   34.763    5.633    0    0  (Gen:  0)
   521224    129248  12177784  0.002  0.000   34.767    5.633    0    0  (Gen:  0)
   520600    166800  12265480  0.004  0.000   34.773    5.634    0    0  (Gen:  0)
   520536   5458464   6456448  0.015  0.001   34.790    5.636    0    0  (Gen:  1)
   520720    173912   6547600  0.002  0.000   34.795    5.637    0    0  (Gen:  0)
   524928    147968   6620768  0.002  0.000   34.799    5.638    0    0  (Gen:  0)
   521128    119584   6691488  0.002  0.000   34.803    5.639    0    0  (Gen:  0)
   521216    174120   6783392  0.002  0.000   34.807    5.640    0    0  (Gen:  0)
   525624    153240   6856552  0.002  0.000   34.811    5.640    0    0  (Gen:  0)
   520928    128616   6922200  0.002  0.000   34.815    5.641    0    0  (Gen:  0)
   529656    167808   7008752  0.002  0.000   34.818    5.642    0    0  (Gen:  0)
   541384    125992   7053816  0.003  0.000   34.823    5.642    0    0  (Gen:  0)
   520680     40888   7074448  0.001  0.000   34.826    5.643    0    0  (Gen:  0)
   520640     78640   7123760  0.002  0.000   34.829    5.643    0    0  (Gen:  0)
   520456     75136   7165552  0.002  0.000   34.832    5.644    0    0  (Gen:  0)
   520824     65888   7189344  0.002  0.000   34.835    5.644    0    0  (Gen:  0)
   521112     91088   7231488  0.002  0.000   34.839    5.645    0    0  (Gen:  0)
   521096     76120   7267696  0.001  0.000   34.842    5.645    0    0  (Gen:  0)
   520864    104768   7318872  0.001  0.000   34.845    5.646    0    0  (Gen:  0)
   520328    109688   7374112  0.002  0.000   34.848    5.646    0    0  (Gen:  0)
   520712     94368   7415392  0.002  0.000   34.851    5.647    0    0  (Gen:  0)
   520392     96584   7449176  0.002  0.000   34.855    5.647    0    0  (Gen:  0)
   520944    127056   7517128  0.002  0.000   34.858    5.648    0    0  (Gen:  0)
   520488    101088   7554536  0.002  0.000   34.862    5.649    0    0  (Gen:  0)
   521328    146512   7636560  0.002  0.000   34.866    5.649    0    0  (Gen:  0)
   520472    103360   7687776  0.001  0.000   34.869    5.650    0    0  (Gen:  0)
   520968    136232   7758272  0.002  0.000   34.873    5.650    0    0  (Gen:  0)
   520528    125320   7822208  0.002  0.000   34.876    5.651    0    0  (Gen:  0)
   520768    112568   7873352  0.002  0.000   34.880    5.651    0    0  (Gen:  0)
   520784    158632   7962768  0.003  0.000   34.884    5.652    0    0  (Gen:  0)
   520792    132096   8032728  0.002  0.000   34.888    5.653    0    0  (Gen:  0)
   521056    114968   8085464  0.002  0.000   34.891    5.653    0    0  (Gen:  0)
   520640    117664   8129240  0.002  0.000   34.895    5.654    0    0  (Gen:  0)
   521320    147408   8204112  0.002  0.000   34.899    5.654    0    0  (Gen:  0)
   520912    119416   8251920  0.002  0.000   34.903    5.655    0    0  (Gen:  0)
   520560    157944   8335984  0.002  0.000   34.907    5.656    0    0  (Gen:  0)
   521120    133952   8399776  0.002  0.000   34.911    5.656    0    0  (Gen:  0)
   521544    159456   8485056  0.002  0.000   34.914    5.657    0    0  (Gen:  0)
   520776    136232   8552648  0.002  0.000   34.918    5.658    0    0  (Gen:  0)
   520496    113464   8609648  0.002  0.000   34.922    5.658    0    0  (Gen:  0)
   520832    154344   8688256  0.002  0.000   34.926    5.659    0    0  (Gen:  0)
   520560    146744   8759648  0.002  0.000   34.930    5.659    0    0  (Gen:  0)
   521224    122504   8820928  0.002  0.000   34.933    5.660    0    0  (Gen:  0)
   521080    129824   8872064  0.002  0.000   34.937    5.661    0    0  (Gen:  0)
   521000    158696   8950760  0.002  0.000   34.941    5.661    0    0  (Gen:  0)
   520320    130864   9007216  0.002  0.000   34.944    5.662    0    0  (Gen:  0)
   520888    169744   9099112  0.002  0.000   34.948    5.662    0    0  (Gen:  0)
   520936    149296   9181688  0.002  0.000   34.952    5.663    0    0  (Gen:  0)
   520952    136720   9240472  0.002  0.000   34.956    5.664    0    0  (Gen:  0)
   521608    143264   9300720  0.003  0.000   34.961    5.664    0    0  (Gen:  0)
   520688     88912   9376040  0.002  0.000   34.965    5.665    0    0  (Gen:  0)
   520896    174208   9468048  0.002  0.000   34.969    5.666    0    0  (Gen:  0)
   520712    135632   9539424  0.002  0.000   34.972    5.666    0    0  (Gen:  0)
   521248    132520   9608624  0.002  0.000   34.976    5.667    0    0  (Gen:  0)
   520712    164008   9689424  0.002  0.000   34.980    5.667    0    0  (Gen:  0)
   685624    152688   9761432  0.002  0.000   34.984    5.668    0    0  (Gen:  0)
   521056    131656   9831488  0.002  0.000   34.988    5.669    0    0  (Gen:  0)
   521272    175016   9923416  0.002  0.000   34.992    5.669    0    0  (Gen:  0)
   520728    157904   9999688  0.002  0.000   34.996    5.670    0    0  (Gen:  0)
   520856    128792  10063296  0.002  0.000   35.000    5.671    0    0  (Gen:  0)
   520984    143168  10124224  0.003  0.000   35.004    5.671    0    0  (Gen:  0)
   520000    159728  10200088  0.002  0.000   35.008    5.672    0    0  (Gen:  0)
   520696    141712  10266928  0.002  0.000   35.012    5.673    0    0  (Gen:  0)
   520904    143072  10325112  0.002  0.000   35.016    5.673    0    0  (Gen:  0)
   520944    178328  10417408  0.002  0.000   35.020    5.674    0    0  (Gen:  0)
   520176    147648  10480704  0.002  0.000   35.024    5.675    0    0  (Gen:  0)
   521448    147000  10541064  0.002  0.000   35.029    5.675    0    0  (Gen:  0)
   520808    172072  10627496  0.002  0.000   35.033    5.676    0    0  (Gen:  0)
   521184    143008  10687064  0.002  0.000   35.037    5.677    0    0  (Gen:  0)
   520776    187976  10789768  0.002  0.000   35.041    5.677    0    0  (Gen:  0)
   521280    161728  10870936  0.002  0.000   35.045    5.678    0    0  (Gen:  0)
   521248    185992  10972696  0.002  0.000   35.049    5.679    0    0  (Gen:  0)
   520640    159808  11047424  0.003  0.000   35.053    5.679    0    0  (Gen:  0)
   520520    137176  11122856  0.002  0.000   35.057    5.680    0    0  (Gen:  0)
   521000    183952  11221344  0.002  0.000   35.061    5.681    0    0  (Gen:  0)
   521288    163488  11298888  0.003  0.000   35.066    5.681    0    0  (Gen:  0)
   521032    129816  11371336  0.002  0.000   35.069    5.682    0    0  (Gen:  0)
   521320    180640  11465296  0.002  0.000   35.073    5.683    0    0  (Gen:  0)
   525304    178744  11569920  0.002  0.000   35.078    5.683    0    0  (Gen:  0)
   520464    141176  11640112  0.002  0.000   35.082    5.684    0    0  (Gen:  0)
   520592    176008  11729016  0.002  0.000   35.086    5.685    0    0  (Gen:  0)
   520872    169616  11810016  0.002  0.000   35.090    5.686    0    0  (Gen:  0)
   520776    143464  11886136  0.002  0.000   35.094    5.686    0    0  (Gen:  0)
   521320    147336  11967200  0.002  0.000   35.098    5.687    0    0  (Gen:  0)
   521120    176872  12052968  0.002  0.000   35.102    5.687    0    0  (Gen:  0)
   520888    153240  12123104  0.002  0.000   35.106    5.688    0    0  (Gen:  0)
   520808    156912  12187744  0.002  0.000   35.110    5.689    0    0  (Gen:  0)
   521576    177248  12275584  0.003  0.000   35.115    5.690    0    0  (Gen:  0)
   521072    151104  12345472  0.002  0.000   35.119    5.690    0    0  (Gen:  0)
   521456    157760  12411272  0.002  0.000   35.123    5.691    0    0  (Gen:  0)
   524944    183192  12502008  0.002  0.000   35.127    5.692    0    0  (Gen:  0)
   520408    155400  12570776  0.003  0.000   35.131    5.692    0    0  (Gen:  0)
   520680    189768  12668448  0.002  0.000   35.135    5.693    0    0  (Gen:  0)
   520704   5453224   6439064  0.015  0.001   35.153    5.695    0    0  (Gen:  1)
   520968    159320   6503352  0.002  0.000   35.158    5.696    0    0  (Gen:  0)
   524920    180352   6593704  0.002  0.000   35.162    5.696    0    0  (Gen:  0)
   521304    168928   6676200  0.002  0.000   35.165    5.697    0    0  (Gen:  0)
   520352    188616   6774368  0.002  0.000   35.169    5.698    0    0  (Gen:  0)
   524488    153832   6853800  0.002  0.000   35.174    5.698    0    0  (Gen:  0)
   520152    135680   6934432  0.002  0.000   35.177    5.699    0    0  (Gen:  0)
   525856    178904   7021288  0.002  0.000   35.181    5.700    0    0  (Gen:  0)
   795376    146048   7089784  0.003  0.000   35.186    5.701    0    0  (Gen:  0)
   718280     32952   7112088  0.001  0.000   35.189    5.701    0    0  (Gen:  0)
   520832     46576   7132712  0.001  0.000   35.192    5.701    0    0  (Gen:  0)
   520776     68968   7196656  0.001  0.000   35.195    5.702    0    0  (Gen:  0)
   520664     63608   7225824  0.001  0.000   35.198    5.702    0    0  (Gen:  0)
   520992     71224   7250184  0.001  0.000   35.201    5.703    0    0  (Gen:  0)
   520648     98856   7300248  0.002  0.000   35.204    5.703    0    0  (Gen:  0)
   520528     81704   7332440  0.002  0.000   35.208    5.704    0    0  (Gen:  0)
   521024     91896   7369976  0.002  0.000   35.212    5.705    0    0  (Gen:  0)
   521032     66328   7422040  0.001  0.000   35.215    5.705    0    0  (Gen:  0)
   520168    132296   7494472  0.002  0.000   35.218    5.706    0    0  (Gen:  0)
   520944    107520   7547912  0.002  0.000   35.222    5.706    0    0  (Gen:  0)
   520984     99440   7594008  0.002  0.000   35.225    5.707    0    0  (Gen:  0)
   521536    129040   7662040  0.002  0.000   35.229    5.707    0    0  (Gen:  0)
   520704    126160   7722896  0.002  0.000   35.232    5.708    0    0  (Gen:  0)
   520360    104560   7771840  0.002  0.000   35.236    5.709    0    0  (Gen:  0)
   521328    109200   7812376  0.002  0.000   35.239    5.709    0    0  (Gen:  0)
   521016    138304   7880608  0.002  0.000   35.243    5.710    0    0  (Gen:  0)
   520704    109240   7925552  0.002  0.000   35.246    5.710    0    0  (Gen:  0)
   521144    121952   7975376  0.002  0.000   35.250    5.711    0    0  (Gen:  0)
   521432     97464   8039552  0.001  0.000   35.254    5.712    0    0  (Gen:  0)
   520848    142104   8108160  0.002  0.000   35.257    5.712    0    0  (Gen:  0)
   719000    116192   8164704  0.003  0.000   35.262    5.713    0    0  (Gen:  0)
   520312     33208   8184256  0.001  0.000   35.265    5.713    0    0  (Gen:  0)
   520432     44600   8224888  0.001  0.000   35.268    5.714    0    0  (Gen:  0)
   520784     69944   8260192  0.001  0.000   35.271    5.715    0    0  (Gen:  0)
   521144     64168   8288464  0.001  0.000   35.274    5.715    0    0  (Gen:  0)
   520528     71408   8312736  0.001  0.000   35.278    5.716    0    0  (Gen:  0)
   520328    102856   8366352  0.001  0.000   35.281    5.716    0    0  (Gen:  0)
   520816     82816   8397552  0.002  0.000   35.285    5.717    0    0  (Gen:  0)
   521880    118464   8458640  0.002  0.000   35.288    5.718    0    0  (Gen:  0)
   521264     97520   8504936  0.001  0.000   35.292    5.718    0    0  (Gen:  0)
   521288    120280   8565824  0.002  0.000   35.295    5.719    0    0  (Gen:  0)
   525216    120448   8626288  0.002  0.000   35.299    5.720    0    0  (Gen:  0)
   520656     97616   8667880  0.002  0.000   35.303    5.720    0    0  (Gen:  0)
   520800    138896   8744272  0.002  0.000   35.307    5.721    0    0  (Gen:  0)
   521112    125416   8811272  0.001  0.000   35.310    5.722    0    0  (Gen:  0)
   520872    108336   8855192  0.003  0.000   35.314    5.722    0    0  (Gen:  0)
   525184    120936   8908496  0.002  0.000   35.317    5.723    0    0  (Gen:  0)
   521304     96000   8968440  0.002  0.000   35.320    5.723    0    0  (Gen:  0)
   520840     85128   9049568  0.002  0.000   35.323    5.724    0    0  (Gen:  0)
   525384    120632   9111096  0.002  0.000   35.327    5.725    0    0  (Gen:  0)
   520968     96112   9166528  0.002  0.000   35.330    5.725    0    0  (Gen:  0)
   528968    144040   9240360  0.003  0.000   35.334    5.726    0    0  (Gen:  0)
   763384    112192   9280992  0.003  0.000   35.338    5.727    0    0  (Gen:  0)
   521088     39008   9300472  0.002  0.000   35.341    5.727    0    0  (Gen:  0)
   520696     75488   9346792  0.002  0.000   35.344    5.728    0    0  (Gen:  0)
   520464     72376   9388648  0.002  0.000   35.346    5.728    0    0  (Gen:  0)
   521248     66648   9413888  0.002  0.000   35.350    5.729    0    0  (Gen:  0)
   520520     88896   9453256  0.002  0.000   35.353    5.729    0    0  (Gen:  0)
   521080     77824   9492416  0.002  0.000   35.355    5.730    0    0  (Gen:  0)
   520472    113248   9551224  0.002  0.000   35.359    5.730    0    0  (Gen:  0)
   520864    106368   9604544  0.002  0.000   35.362    5.731    0    0  (Gen:  0)
   520816     87976   9646792  0.002  0.000   35.365    5.732    0    0  (Gen:  0)
   520904     96520   9681872  0.003  0.000   35.369    5.732    0    0  (Gen:  0)
   521520    122872   9745336  0.002  0.000   35.372    5.733    0    0  (Gen:  0)
   521136     95904   9781640  0.003  0.000   35.376    5.734    0    0  (Gen:  0)
   520552    134208   9851256  0.003  0.000   35.380    5.734    0    0  (Gen:  0)
   521088     97096   9906024  0.002  0.000   35.383    5.735    0    0  (Gen:  0)
   520912    140536   9981336  0.002  0.000   35.387    5.735    0    0  (Gen:  0)
   520896    119320  10044952  0.002  0.000   35.390    5.736    0    0  (Gen:  0)
   520088     99736  10095496  0.002  0.000   35.394    5.737    0    0  (Gen:  0)
   520784     70096  10161576  0.002  0.000   35.397    5.737    0    0  (Gen:  0)
   520768    151120  10244120  0.002  0.000   35.400    5.738    0    0  (Gen:  0)
   520800    114400  10296752  0.003  0.000   35.404    5.739    0    0  (Gen:  0)
   520784    117888  10339984  0.003  0.000   35.409    5.739    0    0  (Gen:  0)
   944536    115248  10388248  0.003  0.000   35.412    5.740    0    0  (Gen:  0)
   520896     44968  10409208  0.002  0.000   35.415    5.740    0    0  (Gen:  0)
   520720     80688  10460768  0.002  0.000   35.418    5.741    0    0  (Gen:  0)
   520824     73352  10503312  0.002  0.000   35.421    5.741    0    0  (Gen:  0)
   520520     66024  10527296  0.002  0.000   35.424    5.742    0    0  (Gen:  0)
   520736    107896  10588096  0.002  0.000   35.427    5.742    0    0  (Gen:  0)
   520808     74208  10628376  0.002  0.000   35.430    5.743    0    0  (Gen:  0)
   520944    114848  10689048  0.002  0.000   35.433    5.743    0    0  (Gen:  0)
   520960    108672  10742632  0.002  0.000   35.436    5.744    0    0  (Gen:  0)
   520992     84848  10781040  0.002  0.000   35.439    5.744    0    0  (Gen:  0)
   520752     93736  10814376  0.002  0.000   35.443    5.745    0    0  (Gen:  0)
   520496    128584  10884064  0.002  0.000   35.446    5.745    0    0  (Gen:  0)
   520440    100088  10921816  0.002  0.000   35.449    5.746    0    0  (Gen:  0)
   520816    146920  11004304  0.003  0.000   35.453    5.746    0    0  (Gen:  0)
   520928     98456  11059992  0.002  0.000   35.456    5.747    0    0  (Gen:  0)
   520400    130552  11122560  0.002  0.000   35.459    5.747    0    0  (Gen:  0)
   520864    119592  11183928  0.002  0.000   35.463    5.748    0    0  (Gen:  0)
   520560     91296  11233784  0.002  0.000   35.466    5.748    0    0  (Gen:  0)
   520824    136664  11302752  0.002  0.000   35.469    5.749    0    0  (Gen:  0)
   521248    131976  11366856  0.002  0.000   35.473    5.750    0    0  (Gen:  0)
   520760    108616  11418072  0.003  0.000   35.476    5.750    0    0  (Gen:  0)
   520920    116432  11462552  0.003  0.000   35.480    5.751    0    0  (Gen:  0)
   525272    145472  11536888  0.002  0.000   35.483    5.751    0    0  (Gen:  0)
   520968    113344  11583552  0.003  0.000   35.487    5.752    0    0  (Gen:  0)
   520640    160936  11672800  0.005  0.000   35.494    5.753    0    0  (Gen:  0)
   520824     75304  11740688  0.002  0.000   35.497    5.753    0    0  (Gen:  0)
   520376    155960  11822040  0.002  0.000   35.500    5.754    0    0  (Gen:  0)
   520504    128256  11891360  0.003  0.000   35.504    5.754    0    0  (Gen:  0)
   521136     97456  11951992  0.003  0.000   35.507    5.755    0    0  (Gen:  0)
   521432    150736  12026888  0.002  0.000   35.511    5.756    0    0  (Gen:  0)
   520984    137672  12096856  0.002  0.000   35.515    5.756    0    0  (Gen:  0)
   520696    121344  12160464  0.003  0.000   35.519    5.757    0    0  (Gen:  0)
   521288    134248  12213264  0.004  0.000   35.523    5.758    0    0  (Gen:  0)
   525272    169464  12304024  0.003  0.000   35.527    5.758    0    0  (Gen:  0)
   521128    125200  12363896  0.003  0.000   35.531    5.759    0    0  (Gen:  0)
   520912    168824  12452208  0.003  0.000   35.535    5.759    0    0  (Gen:  0)
   520824    146520  12533608  0.002  0.000   35.538    5.760    0    0  (Gen:  0)
   521112    128208  12590144  0.003  0.000   35.543    5.761    0    0  (Gen:  0)
   521168    133568  12643264  0.003  0.000   35.547    5.761    0    0  (Gen:  0)
   524728   4711136   5705000  0.015  0.001   35.563    5.763    0    0  (Gen:  1)
   520408    137160   5761352  0.003  0.000   35.569    5.764    0    0  (Gen:  0)
   525040    165216   5844024  0.003  0.000   35.573    5.764    0    0  (Gen:  0)
   520832    114400   5916664  0.002  0.000   35.576    5.765    0    0  (Gen:  0)
   525400    177208   6013240  0.002  0.000   35.579    5.766    0    0  (Gen:  0)
   783536    132800   6077384  0.003  0.000   35.584    5.766    0    0  (Gen:  0)
   520504     31896   6096496  0.001  0.000   35.586    5.767    0    0  (Gen:  0)
   520912     62768   6134016  0.001  0.000   35.588    5.767    0    0  (Gen:  0)
   520936     70352   6171376  0.001  0.000   35.591    5.768    0    0  (Gen:  0)
   521000     61304   6197088  0.002  0.000   35.594    5.768    0    0  (Gen:  0)
   521416     71496   6222432  0.002  0.000   35.597    5.769    0    0  (Gen:  0)
   520984    100256   6275712  0.001  0.000   35.600    5.770    0    0  (Gen:  0)
   521224     81512   6305608  0.002  0.000   35.603    5.770    0    0  (Gen:  0)
   520952    100312   6350600  0.002  0.000   35.606    5.771    0    0  (Gen:  0)
   521384     92208   6397352  0.002  0.000   35.609    5.771    0    0  (Gen:  0)
   520928    126448   6463872  0.002  0.000   35.612    5.772    0    0  (Gen:  0)
   520648    117224   6520784  0.002  0.000   35.615    5.773    0    0  (Gen:  0)
   520568     88656   6561792  0.002  0.000   35.619    5.773    0    0  (Gen:  0)
   521184    141768   6642496  0.002  0.000   35.622    5.774    0    0  (Gen:  0)
   521128    125488   6710232  0.002  0.000   35.625    5.775    0    0  (Gen:  0)
   520152    103856   6754032  0.003  0.000   35.629    5.775    0    0  (Gen:  0)
   521568    134536   6819904  0.003  0.000   35.633    5.776    0    0  (Gen:  0)
   520784     74496   6882232  0.002  0.000   35.636    5.777    0    0  (Gen:  0)
   520392    145632   6958920  0.002  0.000   35.639    5.777    0    0  (Gen:  0)
   520552    122032   7023120  0.002  0.000   35.643    5.778    0    0  (Gen:  0)
   521048    106448   7080536  0.002  0.000   35.646    5.779    0    0  (Gen:  0)
   520600    144632   7152544  0.002  0.000   35.649    5.779    0    0  (Gen:  0)
   521160    138472   7221296  0.002  0.000   35.653    5.780    0    0  (Gen:  0)
   520488    108176   7274640  0.003  0.000   35.656    5.781    0    0  (Gen:  0)
   520896    161440   7362624  0.003  0.000   35.660    5.781    0    0  (Gen:  0)
   521048    119752   7438976  0.002  0.000   35.663    5.782    0    0  (Gen:  0)
   521328    117688   7490728  0.003  0.000   35.667    5.783    0    0  (Gen:  0)
   520992    124328   7540216  0.003  0.000   35.672    5.783    0    0  (Gen:  0)
   520208    150856   7615432  0.002  0.000   35.675    5.784    0    0  (Gen:  0)
   520944    122632   7665776  0.003  0.000   35.679    5.785    0    0  (Gen:  0)
   520824    137664   7726080  0.002  0.000   35.683    5.785    0    0  (Gen:  0)
   520720    112800   7795744  0.002  0.000   35.686    5.786    0    0  (Gen:  0)
   521080    156192   7872152  0.002  0.000   35.690    5.787    0    0  (Gen:  0)
   520352    142736   7945672  0.002  0.000   35.694    5.788    0    0  (Gen:  0)
   521008    122440   8008560  0.003  0.000   35.697    5.788    0    0  (Gen:  0)
   520400    162992   8093928  0.002  0.000   35.701    5.789    0    0  (Gen:  0)
   520560    150256   8168984  0.002  0.000   35.704    5.790    0    0  (Gen:  0)
   520424    123952   8234960  0.003  0.000   35.708    5.790    0    0  (Gen:  0)
   520512    137072   8288448  0.003  0.000   35.713    5.791    0    0  (Gen:  0)
   521504    162232   8369192  0.002  0.000   35.716    5.792    0    0  (Gen:  0)
   520744    126384   8431800  0.003  0.000   35.721    5.793    0    0  (Gen:  0)
   520600    104144   8531472  0.002  0.000   35.724    5.793    0    0  (Gen:  0)
   520800    142448   8613704  0.002  0.000   35.727    5.794    0    0  (Gen:  0)
   521008    131096   8672096  0.003  0.000   35.732    5.795    0    0  (Gen:  0)
   520512    158120   8747832  0.002  0.000   35.735    5.795    0    0  (Gen:  0)
   726080    101640   8782352  0.002  0.000   35.738    5.796    0    0  (Gen:  0)
   521296     46320   8801600  0.002  0.000   35.741    5.796    0    0  (Gen:  0)
   520392     57680   8854600  0.001  0.000   35.744    5.797    0    0  (Gen:  0)
   520888     61704   8885904  0.001  0.000   35.746    5.798    0    0  (Gen:  0)
   521056     92128   8933888  0.002  0.000   35.749    5.798    0    0  (Gen:  0)
   520248     96464   8981488  0.002  0.000   35.752    5.799    0    0  (Gen:  0)
   521280     78368   9016800  0.002  0.000   35.755    5.799    0    0  (Gen:  0)
   520656     83672   9046368  0.002  0.000   35.758    5.800    0    0  (Gen:  0)
   521120    118944   9109056  0.002  0.000   35.761    5.801    0    0  (Gen:  0)
   520512     89712   9141680  0.002  0.000   35.765    5.801    0    0  (Gen:  0)
   520328    105688   9186520  0.002  0.000   35.768    5.802    0    0  (Gen:  0)
   520568     91936   9240208  0.002  0.000   35.771    5.803    0    0  (Gen:  0)
   520648    135632   9310736  0.002  0.000   35.774    5.803    0    0  (Gen:  0)
   521104    123136   9371296  0.002  0.000   35.778    5.804    0    0  (Gen:  0)
   521024     92800   9419992  0.003  0.000   35.782    5.805    0    0  (Gen:  0)
   520560    107888   9459088  0.004  0.000   35.787    5.806    0    0  (Gen:  0)
   520672    130592   9524256  0.003  0.000   35.791    5.806    0    0  (Gen:  0)
   521040    104520   9571552  0.004  0.000   35.796    5.807    0    0  (Gen:  0)
   521488    111320   9611792  0.003  0.000   35.801    5.808    0    0  (Gen:  0)
   521040    141536   9684512  0.002  0.000   35.805    5.809    0    0  (Gen:  0)
   521312    113464   9733840  0.003  0.000   35.810    5.810    0    0  (Gen:  0)
   525120    123896   9786752  0.003  0.000   35.815    5.811    0    0  (Gen:  0)
   521440     85672   9852360  0.002  0.000   35.819    5.812    0    0  (Gen:  0)
   520984    160536   9940872  0.002  0.000   35.824    5.812    0    0  (Gen:  0)
   521216    125592  10006672  0.002  0.000   35.828    5.813    0    0  (Gen:  0)
   520664    100112  10065592  0.002  0.000   35.833    5.814    0    0  (Gen:  0)
   520384    150056  10140656  0.002  0.000   35.837    5.815    0    0  (Gen:  0)
   521096    140984  10211616  0.002  0.000   35.842    5.816    0    0  (Gen:  0)
   521176    115920  10268680  0.003  0.000   35.846    5.817    0    0  (Gen:  0)
   520856    128856  10320096  0.003  0.000   35.852    5.818    0    0  (Gen:  0)
   521208    149384  10394712  0.002  0.000   35.856    5.818    0    0  (Gen:  0)
   521328    130328  10464432  0.002  0.000   35.860    5.819    0    0  (Gen:  0)
   521096    113760  10529264  0.002  0.000   35.865    5.820    0    0  (Gen:  0)
   525288    157480  10608208  0.002  0.000   35.869    5.821    0    0  (Gen:  0)
   521112    127872  10664656  0.003  0.000   35.875    5.822    0    0  (Gen:  0)
   521288    152184  10736264  0.002  0.000   35.880    5.823    0    0  (Gen:  0)
   521256    148496  10816472  0.002  0.000   35.884    5.823    0    0  (Gen:  0)
   520576    133384  10868584  0.003  0.000   35.890    5.824    0    0  (Gen:  0)
   524856    168200  10958552  0.002  0.000   35.894    5.825    0    0  (Gen:  0)
   520944    131776  11027312  0.002  0.000   35.899    5.826    0    0  (Gen:  0)
   520992    172432  11119664  0.003  0.000   35.904    5.827    0    0  (Gen:  0)
   524488    149480  11193376  0.002  0.000   35.909    5.828    0    0  (Gen:  0)
   520904   5564840   6558680  0.032  0.003   35.944    5.832    0    0  (Gen:  1)
   529552    161208   6637664  0.002  0.000   35.949    5.833    0    0  (Gen:  0)
   722008    126952   6694256  0.003  0.000   35.955    5.834    0    0  (Gen:  0)
   520656     36544   6714632  0.002  0.000   35.959    5.835    0    0  (Gen:  0)
   520312     82912   6769584  0.002  0.000   35.964    5.835    0    0  (Gen:  0)
   520952     70248   6810128  0.002  0.000   35.968    5.836    0    0  (Gen:  0)
   520712     66936   6836624  0.002  0.000   35.972    5.837    0    0  (Gen:  0)
   520704     80608   6868864  0.002  0.000   35.977    5.838    0    0  (Gen:  0)
   521112     67256   6914088  0.002  0.000   35.981    5.839    0    0  (Gen:  0)
   521280    120408   6981096  0.002  0.000   35.986    5.839    0    0  (Gen:  0)
   521104    106848   7031760  0.002  0.000   35.991    5.840    0    0  (Gen:  0)
   520880     92104   7076416  0.002  0.000   35.995    5.841    0    0  (Gen:  0)
   520992     96328   7111952  0.002  0.000   35.999    5.842    0    0  (Gen:  0)
   520768    122248   7172432  0.002  0.000   36.004    5.843    0    0  (Gen:  0)
   520408     97416   7211432  0.002  0.000   36.008    5.844    0    0  (Gen:  0)
   521408     81088   7288144  0.002  0.000   36.013    5.844    0    0  (Gen:  0)
   520992    128488   7356000  0.002  0.000   36.017    5.845    0    0  (Gen:  0)
   520384    109384   7397544  0.002  0.000   36.022    5.846    0    0  (Gen:  0)
   521416    123760   7452352  0.002  0.000   36.027    5.847    0    0  (Gen:  0)
   520872    104144   7509048  0.002  0.000   36.032    5.848    0    0  (Gen:  0)
   520144    142832   7583240  0.002  0.000   36.037    5.849    0    0  (Gen:  0)
   520664    130440   7650240  0.002  0.000   36.042    5.849    0    0  (Gen:  0)
   520920    111408   7705296  0.002  0.000   36.046    5.850    0    0  (Gen:  0)
   520688    119544   7750208  0.002  0.000   36.051    5.851    0    0  (Gen:  0)
   525016    143648   7820824  0.002  0.000   36.056    5.852    0    0  (Gen:  0)
   521336    113712   7870744  0.002  0.000   36.061    5.853    0    0  (Gen:  0)
   521160    157336   7955280  0.002  0.000   36.066    5.854    0    0  (Gen:  0)
   520952    141608   8029432  0.002  0.000   36.071    5.855    0    0  (Gen:  0)
   521440    119728   8079072  0.002  0.000   36.076    5.855    0    0  (Gen:  0)
   520800    132784   8136320  0.003  0.000   36.081    5.856    0    0  (Gen:  0)
   520368     94744   8199912  0.002  0.000   36.086    5.857    0    0  (Gen:  0)
   520544    161256   8287312  0.003  0.000   36.091    5.858    0    0  (Gen:  0)
   520936    134688   8354704  0.003  0.000   36.096    5.859    0    0  (Gen:  0)
   520728    119112   8420936  0.003  0.000   36.101    5.860    0    0  (Gen:  0)
   520920    156616   8497552  0.003  0.000   36.106    5.861    0    0  (Gen:  0)
   524232    149592   8573680  0.003  0.000   36.110    5.862    0    0  (Gen:  0)
   521192    114504   8633016  0.003  0.000   36.116    5.862    0    0  (Gen:  0)
   521104    174800   8729296  0.003  0.000   36.121    5.863    0    0  (Gen:  0)
   520344    126688   8810504  0.002  0.000   36.126    5.864    0    0  (Gen:  0)
   520592    129240   8874304  0.003  0.000   36.131    5.865    0    0  (Gen:  0)
   520608    137736   8927544  0.004  0.000   36.137    5.866    0    0  (Gen:  0)
   525432    165432   9009432  0.003  0.000   36.142    5.867    0    0  (Gen:  0)
   521088    134184   9069440  0.003  0.000   36.147    5.868    0    0  (Gen:  0)
   521488    138576   9122912  0.004  0.000   36.153    5.869    0    0  (Gen:  0)
   525344    164424   9206568  0.003  0.000   36.158    5.869    0    0  (Gen:  0)
   525400    136920   9262456  0.004  0.000   36.164    5.870    0    0  (Gen:  0)
   545616    157816   9339712  0.004  0.000   36.170    5.871    0    0  (Gen:  0)
   520776     33576   9359704  0.002  0.000   36.173    5.872    0    0  (Gen:  0)
   520600     66368   9400520  0.002  0.000   36.177    5.872    0    0  (Gen:  0)
   520576     70584   9437424  0.002  0.000   36.181    5.873    0    0  (Gen:  0)
   520904     62104   9464000  0.002  0.000   36.185    5.873    0    0  (Gen:  0)
   520736     72432   9489192  0.002  0.000   36.189    5.874    0    0  (Gen:  0)
   521288    100832   9542424  0.002  0.000   36.193    5.875    0    0  (Gen:  0)
   520640     81792   9572432  0.002  0.000   36.197    5.875    0    0  (Gen:  0)
   520408    101704   9617992  0.002  0.000   36.201    5.876    0    0  (Gen:  0)
   520856     77800   9663816  0.002  0.000   36.205    5.877    0    0  (Gen:  0)
   520648    120320   9723664  0.002  0.000   36.209    5.877    0    0  (Gen:  0)
   520808    118504   9782720  0.002  0.000   36.213    5.878    0    0  (Gen:  0)
   520640     90936   9823224  0.003  0.000   36.217    5.878    0    0  (Gen:  0)
   520784    143120   9904976  0.002  0.000   36.222    5.879    0    0  (Gen:  0)
   520848    116896   9972296  0.003  0.000   36.226    5.880    0    0  (Gen:  0)
   520784    105320  10016040  0.003  0.000   36.231    5.880    0    0  (Gen:  0)
   520856    117456  10064600  0.002  0.000   36.235    5.881    0    0  (Gen:  0)
   520664     96664  10125840  0.002  0.000   36.239    5.882    0    0  (Gen:  0)
   520712    151640  10208944  0.002  0.000   36.244    5.882    0    0  (Gen:  0)
   520888    124736  10271752  0.002  0.000   36.248    5.883    0    0  (Gen:  0)
   521080    107176  10328336  0.002  0.000   36.252    5.884    0    0  (Gen:  0)
   520400    144824  10400528  0.003  0.000   36.257    5.884    0    0  (Gen:  0)
   521056    141448  10470712  0.002  0.000   36.261    5.885    0    0  (Gen:  0)
   520840    105856  10522504  0.003  0.000   36.266    5.886    0    0  (Gen:  0)
   520696    161328  10609688  0.003  0.000   36.271    5.886    0    0  (Gen:  0)
   521064    132040  10689584  0.002  0.000   36.275    5.887    0    0  (Gen:  0)
   521808    118328  10742592  0.003  0.000   36.280    5.888    0    0  (Gen:  0)
   520856    123888  10790848  0.003  0.000   36.285    5.888    0    0  (Gen:  0)
   520696    151768  10866376  0.003  0.000   36.290    5.889    0    0  (Gen:  0)
   520288    124840  10919224  0.003  0.000   36.295    5.890    0    0  (Gen:  0)
   520880    139224  10980360  0.002  0.000   36.299    5.891    0    0  (Gen:  0)
   520832    119632  11049344  0.003  0.000   36.304    5.891    0    0  (Gen:  0)
   521472    156136  11125016  0.003  0.000   36.309    5.892    0    0  (Gen:  0)
   520832    142576  11198648  0.003  0.000   36.313    5.893    0    0  (Gen:  0)
   520120    103304  11260320  0.003  0.000   36.318    5.893    0    0  (Gen:  0)
   521112    159856  11343136  0.003  0.000   36.323    5.894    0    0  (Gen:  0)
   520776    152800  11418488  0.003  0.000   36.328    5.895    0    0  (Gen:  0)
   520928    132488  11484304  0.003  0.000   36.333    5.896    0    0  (Gen:  0)
   521800    138072  11538848  0.004  0.000   36.338    5.896    0    0  (Gen:  0)
   520808    164376  11620352  0.003  0.000   36.343    5.897    0    0  (Gen:  0)
   520624    132576  11681480  0.003  0.000   36.349    5.898    0    0  (Gen:  0)
   521144    139968  11737080  0.004  0.000   36.354    5.899    0    0  (Gen:  0)
   520792    168624  11824056  0.003  0.000   36.359    5.899    0    0  (Gen:  0)
   520976    134592  11880992  0.004  0.000   36.365    5.900    0    0  (Gen:  0)
   517008    143784  11942312  0.003  0.000   36.370    5.901    0    0  (Gen:  0)
   685704    144264  12016840  0.003  0.000   36.375    5.902    0    0  (Gen:  0)
   520880    136176  12077008  0.004  0.000   36.381    5.902    0    0  (Gen:  0)
   520976    163640  12156984  0.004  0.000   36.386    5.903    0    0  (Gen:  0)
   520720     95360  12231352  0.003  0.000   36.391    5.904    0    0  (Gen:  0)
   520960    161056  12310056  0.003  0.000   36.396    5.905    0    0  (Gen:  0)
   520696    141024  12383792  0.003  0.000   36.401    5.905    0    0  (Gen:  0)
   520144    111016  12456120  0.003  0.000   36.406    5.906    0    0  (Gen:  0)
   520520    177552  12547408  0.003  0.000   36.411    5.907    0    0  (Gen:  0)
   521192    157144  12625984  0.003  0.000   36.415    5.908    0    0  (Gen:  0)
   520568    131568  12697736  0.003  0.000   36.420    5.908    0    0  (Gen:  0)
   521024    170280  12780520  0.003  0.000   36.425    5.909    0    0  (Gen:  0)
   520912    160136  12861248  0.003  0.000   36.430    5.910    0    0  (Gen:  0)
   521000    129888  12928208  0.003  0.000   36.435    5.911    0    0  (Gen:  0)
   520968   5030232   6016080  0.014  0.001   36.451    5.912    0    0  (Gen:  1)
   521152    170360   6098536  0.002  0.000   36.456    5.913    0    0  (Gen:  0)
   521600    142096   6164064  0.002  0.000   36.460    5.914    0    0  (Gen:  0)
   520672    148080   6224280  0.002  0.000   36.464    5.915    0    0  (Gen:  0)
   520568    172480   6310544  0.002  0.000   36.468    5.915    0    0  (Gen:  0)
   520432    143480   6372288  0.002  0.000   36.471    5.916    0    0  (Gen:  0)
   521632    147624   6431056  0.002  0.000   36.475    5.916    0    0  (Gen:  0)
   520808    174032   6518208  0.002  0.000   36.479    5.917    0    0  (Gen:  0)
   521432    148528   6581408  0.002  0.000   36.483    5.918    0    0  (Gen:  0)
   525248    153520   6646840  0.002  0.000   36.487    5.918    0    0  (Gen:  0)
   520872    136368   6729280  0.002  0.000   36.491    5.919    0    0  (Gen:  0)
   520632    186152   6827872  0.002  0.000   36.495    5.920    0    0  (Gen:  0)
   520792    150280   6904944  0.002  0.000   36.498    5.920    0    0  (Gen:  0)
   520784    149032   6981600  0.002  0.000   36.502    5.921    0    0  (Gen:  0)
   521056    180976   7074680  0.002  0.000   36.506    5.921    0    0  (Gen:  0)
   520928    165008   7157848  0.002  0.000   36.510    5.922    0    0  (Gen:  0)
   520856    139240   7233064  0.002  0.000   36.514    5.923    0    0  (Gen:  0)
   521088    187072   7330304  0.002  0.000   36.518    5.923    0    0  (Gen:  0)
   521344    163152   7410936  0.002  0.000   36.522    5.924    0    0  (Gen:  0)
   521032    140208   7488096  0.002  0.000   36.526    5.925    0    0  (Gen:  0)
   521440    182760   7577480  0.002  0.000   36.530    5.925    0    0  (Gen:  0)
   525168    174928   7664328  0.002  0.000   36.533    5.926    0    0  (Gen:  0)
   520384    143376   7738328  0.002  0.000   36.537    5.926    0    0  (Gen:  0)
   520696    202512   7849272  0.002  0.000   36.541    5.927    0    0  (Gen:  0)
   520680    138840   7951848  0.002  0.000   36.545    5.928    0    0  (Gen:  0)
   520704    156632   8023400  0.002  0.000   36.549    5.928    0    0  (Gen:  0)
   521232    155336   8087456  0.002  0.000   36.553    5.929    0    0  (Gen:  0)
   525184    178632   8179560  0.002  0.000   36.557    5.930    0    0  (Gen:  0)
   520640    152200   8251392  0.002  0.000   36.561    5.930    0    0  (Gen:  0)
   520808    198912   8358344  0.003  0.000   36.566    5.931    0    0  (Gen:  0)
   523736    163168   8449840  0.002  0.000   36.571    5.932    0    0  (Gen:  0)
   525712    148800   8518936  0.003  0.000   36.575    5.933    0    0  (Gen:  0)
   533664    159456   8584136  0.002  0.000   36.579    5.933    0    0  (Gen:  0)
   981576    127848   8625472  0.003  0.000   36.584    5.934    0    0  (Gen:  0)
   521096     44872   8644440  0.001  0.000   36.587    5.935    0    0  (Gen:  0)
   520888     72776   8687592  0.001  0.000   36.590    5.935    0    0  (Gen:  0)
   521000     73504   8728184  0.002  0.000   36.594    5.936    0    0  (Gen:  0)
   521096     67696   8753096  0.002  0.000   36.597    5.936    0    0  (Gen:  0)
   520328    105536   8808000  0.002  0.000   36.601    5.937    0    0  (Gen:  0)
   521072     83576   8846288  0.002  0.000   36.604    5.938    0    0  (Gen:  0)
   521184     85384   8876888  0.002  0.000   36.608    5.938    0    0  (Gen:  0)
   520656    110960   8931424  0.002  0.000   36.611    5.939    0    0  (Gen:  0)
   520640     90912   8971704  0.003  0.000   36.616    5.940    0    0  (Gen:  0)
   521120     96376   9005864  0.002  0.000   36.620    5.940    0    0  (Gen:  0)
   521280    125256   9072008  0.002  0.000   36.624    5.941    0    0  (Gen:  0)
   520656    101240   9109024  0.002  0.000   36.627    5.942    0    0  (Gen:  0)
   520792    144944   9190184  0.002  0.000   36.631    5.942    0    0  (Gen:  0)
   520928    113552   9243312  0.002  0.000   36.634    5.943    0    0  (Gen:  0)
   520704    140728   9317872  0.002  0.000   36.638    5.943    0    0  (Gen:  0)
   520792    126360   9381984  0.002  0.000   36.642    5.944    0    0  (Gen:  0)
   520384    102536   9431888  0.002  0.000   36.646    5.945    0    0  (Gen:  0)
   520744    112592   9475168  0.002  0.000   36.649    5.945    0    0  (Gen:  0)
   521000    139496   9542864  0.002  0.000   36.653    5.946    0    0  (Gen:  0)
   521176    118920   9594704  0.002  0.000   36.657    5.947    0    0  (Gen:  0)
   520984    118640   9638656  0.002  0.000   36.660    5.947    0    0  (Gen:  0)
   718384    106432   9672392  0.002  0.000   36.664    5.948    0    0  (Gen:  0)
   520504     45752   9692344  0.001  0.000   36.668    5.949    0    0  (Gen:  0)
   519896     83400   9743584  0.002  0.000   36.671    5.949    0    0  (Gen:  0)
   521152     60952   9774072  0.001  0.000   36.675    5.950    0    0  (Gen:  0)
   520432     93168   9822944  0.001  0.000   36.678    5.951    0    0  (Gen:  0)
   519896     94992   9868400  0.002  0.000   36.682    5.951    0    0  (Gen:  0)
   520656     77496   9901520  0.001  0.000   36.685    5.952    0    0  (Gen:  0)
   521776    122152   9969208  0.002  0.000   36.689    5.953    0    0  (Gen:  0)
   521232    109552  10026968  0.002  0.000   36.692    5.953    0    0  (Gen:  0)
   521200     93496  10063600  0.002  0.000   36.696    5.954    0    0  (Gen:  0)
   525664    111208  10114336  0.002  0.000   36.700    5.955    0    0  (Gen:  0)
   520664     86424  10163928  0.001  0.000   36.703    5.956    0    0  (Gen:  0)
   520624     78328  10237920  0.001  0.000   36.707    5.956    0    0  (Gen:  0)
   521000    121104  10297184  0.002  0.000   36.710    5.957    0    0  (Gen:  0)
   521072    104528  10348048  0.002  0.000   36.714    5.958    0    0  (Gen:  0)
   520736    109664  10389808  0.002  0.000   36.718    5.958    0    0  (Gen:  0)
   525440    146584  10466168  0.002  0.000   36.722    5.959    0    0  (Gen:  0)
   520992    115456  10513744  0.002  0.000   36.725    5.960    0    0  (Gen:  0)
   521112    113144  10554880  0.002  0.000   36.729    5.961    0    0  (Gen:  0)
   525016    141256  10628224  0.002  0.000   36.733    5.961    0    0  (Gen:  0)
   524904    115392  10672904  0.002  0.000   36.737    5.962    0    0  (Gen:  0)
   762128    121944  10727648  0.003  0.000   36.742    5.963    0    0  (Gen:  0)
   524736     34088  10746760  0.001  0.000   36.745    5.963    0    0  (Gen:  0)
   520608     46448  10789208  0.001  0.000   36.748    5.964    0    0  (Gen:  0)
   520776     68816  10825440  0.001  0.000   36.751    5.965    0    0  (Gen:  0)
   520912     65072  10852632  0.001  0.000   36.754    5.965    0    0  (Gen:  0)
   520992     71688  10877040  0.001  0.000   36.758    5.966    0    0  (Gen:  0)
   521448    100424  10929496  0.001  0.000   36.761    5.967    0    0  (Gen:  0)
   520304     83224  10960272  0.002  0.000   36.764    5.967    0    0  (Gen:  0)
   521176    124192  11030288  0.002  0.000   36.768    5.968    0    0  (Gen:  0)
   520488    107256  11078072  0.002  0.000   36.772    5.969    0    0  (Gen:  0)
   521328    129456  11147184  0.002  0.000   36.775    5.969    0    0  (Gen:  0)
   521056    115752  11204064  0.002  0.000   36.779    5.970    0    0  (Gen:  0)
   520624     97200  11244984  0.002  0.000   36.782    5.971    0    0  (Gen:  0)
   520520    143624  11328408  0.002  0.000   36.787    5.972    0    0  (Gen:  0)
   520808    116760  11396328  0.002  0.000   36.790    5.972    0    0  (Gen:  0)
   520896    106600  11441544  0.002  0.000   36.794    5.973    0    0  (Gen:  0)
   520456    109592  11480768  0.002  0.000   36.798    5.974    0    0  (Gen:  0)
   521128    135096  11547928  0.002  0.000   36.802    5.974    0    0  (Gen:  0)
   520384    112944  11591880  0.002  0.000   36.806    5.975    0    0  (Gen:  0)
   521024    128000  11650360  0.002  0.000   36.809    5.976    0    0  (Gen:  0)
   521104    110280  11709224  0.002  0.000   36.813    5.977    0    0  (Gen:  0)
   520760    144024  11779528  0.002  0.000   36.817    5.977    0    0  (Gen:  0)
   944288   3997072   4995200  0.010  0.001   36.829    5.979    0    0  (Gen:  1)
   519592     36744   5015360  0.001  0.000   36.833    5.979    0    0  (Gen:  0)
   520440     67232   5057648  0.001  0.000   36.836    5.980    0    0  (Gen:  0)
   520608     70568   5093416  0.001  0.000   36.839    5.981    0    0  (Gen:  0)
   520888     64048   5121096  0.001  0.000   36.842    5.981    0    0  (Gen:  0)
   521048     72488   5147712  0.001  0.000   36.845    5.982    0    0  (Gen:  0)
   520528    102512   5200752  0.001  0.000   36.848    5.982    0    0  (Gen:  0)
   520208     82888   5231464  0.001  0.000   36.852    5.983    0    0  (Gen:  0)
   520936     97800   5273784  0.002  0.000   36.855    5.983    0    0  (Gen:  0)
   521104     82976   5320616  0.002  0.000   36.858    5.984    0    0  (Gen:  0)
   520392     72560   5389072  0.001  0.000   36.861    5.985    0    0  (Gen:  0)
   520656    114600   5446600  0.002  0.000   36.865    5.985    0    0  (Gen:  0)
   520952     91296   5492280  0.002  0.000   36.868    5.986    0    0  (Gen:  0)
   520224     89992   5577528  0.001  0.000   36.872    5.986    0    0  (Gen:  0)
   520808    124520   5644600  0.002  0.000   36.875    5.987    0    0  (Gen:  0)
   520824    108840   5690680  0.002  0.000   36.879    5.988    0    0  (Gen:  0)
   520256    109816   5729368  0.002  0.000   36.883    5.988    0    0  (Gen:  0)
   520848    137112   5800496  0.002  0.000   36.886    5.989    0    0  (Gen:  0)
   521064    111576   5842624  0.002  0.000   36.890    5.990    0    0  (Gen:  0)
   520808    124392   5896696  0.002  0.000   36.893    5.990    0    0  (Gen:  0)
   520968    106656   5953760  0.001  0.000   36.897    5.991    0    0  (Gen:  0)
   521208    137376   6020216  0.002  0.000   36.900    5.991    0    0  (Gen:  0)
   525304    135032   6089648  0.002  0.000   36.903    5.992    0    0  (Gen:  0)
   520592    113888   6143568  0.002  0.000   36.907    5.993    0    0  (Gen:  0)
   520784    164104   6236456  0.002  0.000   36.911    5.993    0    0  (Gen:  0)
   520680    135824   6311808  0.002  0.000   36.915    5.994    0    0  (Gen:  0)
   520680    120696   6366144  0.002  0.000   36.918    5.995    0    0  (Gen:  0)
   520504    125584   6416392  0.002  0.000   36.922    5.995    0    0  (Gen:  0)
   520720    154288   6492784  0.002  0.000   36.926    5.996    0    0  (Gen:  0)
   521496    123408   6545048  0.002  0.000   36.929    5.997    0    0  (Gen:  0)
   521280    134176   6600952  0.003  0.000   36.934    5.997    0    0  (Gen:  0)
   520656     81104   6674816  0.001  0.000   36.937    5.998    0    0  (Gen:  0)
   521144    154488   6748592  0.002  0.000   36.941    5.999    0    0  (Gen:  0)
   524952    137000   6818240  0.002  0.000   36.945    5.999    0    0  (Gen:  0)
   521168    118448   6884304  0.002  0.000   36.948    6.000    0    0  (Gen:  0)
   521400    164216   6969680  0.002  0.000   36.952    6.001    0    0  (Gen:  0)
   520608    150840   7043368  0.002  0.000   36.956    6.001    0    0  (Gen:  0)
   521032    123456   7107400  0.002  0.000   36.960    6.002    0    0  (Gen:  0)
   521144    158968   7186768  0.002  0.000   36.963    6.003    0    0  (Gen:  0)
   524984    153848   7262032  0.002  0.000   36.967    6.003    0    0  (Gen:  0)
   520504    124800   7324352  0.002  0.000   36.971    6.004    0    0  (Gen:  0)
   520744    137520   7378792  0.002  0.000   36.974    6.005    0    0  (Gen:  0)
   524648    158736   7457384  0.002  0.000   36.978    6.005    0    0  (Gen:  0)
   525584    136504   7517064  0.002  0.000   36.982    6.006    0    0  (Gen:  0)
   533096    138664   7572704  0.002  0.000   36.986    6.007    0    0  (Gen:  0)
   771200    117928   7608536  0.002  0.000   36.990    6.007    0    0  (Gen:  0)
   521032     44528   7627536  0.001  0.000   36.993    6.008    0    0  (Gen:  0)
   520688     82176   7678056  0.001  0.000   36.997    6.009    0    0  (Gen:  0)
   520808     71128   7710416  0.001  0.000   37.000    6.009    0    0  (Gen:  0)
   521320     98040   7765672  0.002  0.000   37.003    6.010    0    0  (Gen:  0)
   520984     92904   7812192  0.002  0.000   37.007    6.011    0    0  (Gen:  0)
   521360     79872   7848584  0.001  0.000   37.010    6.011    0    0  (Gen:  0)
   521016    128256   7922944  0.002  0.000   37.014    6.012    0    0  (Gen:  0)
   521144    110840   7982760  0.002  0.000   37.018    6.013    0    0  (Gen:  0)
   520912     93856   8017400  0.002  0.000   37.021    6.014    0    0  (Gen:  0)
   521184    108160   8061696  0.002  0.000   37.025    6.014    0    0  (Gen:  0)
   520592     94176   8114744  0.001  0.000   37.028    6.015    0    0  (Gen:  0)
   520784     81424   8191720  0.001  0.000   37.032    6.016    0    0  (Gen:  0)
   521352    121176   8252512  0.002  0.000   37.035    6.017    0    0  (Gen:  0)
   520544     99160   8301736  0.002  0.000   37.039    6.017    0    0  (Gen:  0)
   520936    109792   8343168  0.002  0.000   37.043    6.018    0    0  (Gen:  0)
   520776    134728   8409312  0.002  0.000   37.047    6.019    0    0  (Gen:  0)
   520624    108616   8456536  0.002  0.000   37.050    6.020    0    0  (Gen:  0)
   520544    113920   8498352  0.002  0.000   37.054    6.020    0    0  (Gen:  0)
   521256    142440   8569816  0.002  0.000   37.058    6.021    0    0  (Gen:  0)
   520360    117320   8618216  0.003  0.000   37.063    6.022    0    0  (Gen:  0)
   520960    128088   8673712  0.002  0.000   37.067    6.023    0    0  (Gen:  0)
   520944    107008   8736576  0.003  0.000   37.072    6.023    0    0  (Gen:  0)
   520256    152136   8815184  0.002  0.000   37.076    6.024    0    0  (Gen:  0)
   521488    129184   8881424  0.002  0.000   37.081    6.025    0    0  (Gen:  0)
   521080    102056   8941704  0.003  0.000   37.086    6.026    0    0  (Gen:  0)
   521168    150680   9017352  0.003  0.000   37.091    6.027    0    0  (Gen:  0)
   520320    142392   9085904  0.002  0.000   37.095    6.028    0    0  (Gen:  0)
   521072    109568   9139040  0.003  0.000   37.100    6.028    0    0  (Gen:  0)
   520320    130976   9193088  0.002  0.000   37.105    6.029    0    0  (Gen:  0)
   521008    152344   9269280  0.002  0.000   37.109    6.030    0    0  (Gen:  0)
   520840    127968   9325616  0.002  0.000   37.113    6.031    0    0  (Gen:  0)
   520496    131264   9378232  0.002  0.000   37.117    6.032    0    0  (Gen:  0)
   521184    162248   9460000  0.003  0.000   37.122    6.032    0    0  (Gen:  0)
   520808    131440   9514680  0.004  0.000   37.126    6.033    0    0  (Gen:  0)
   520112    172352   9606552  0.003  0.000   37.131    6.034    0    0  (Gen:  0)
   520256    134824   9681976  0.003  0.000   37.135    6.035    0    0  (Gen:  0)
   520880    160024   9758128  0.003  0.000   37.139    6.036    0    0  (Gen:  0)
   521048    143712   9834776  0.003  0.000   37.143    6.036    0    0  (Gen:  0)
   520952    112984   9902576  0.003  0.000   37.147    6.037    0    0  (Gen:  0)
   520592    169464   9990296  0.003  0.000   37.152    6.038    0    0  (Gen:  0)
   521160   5550232   6544016  0.018  0.001   37.171    6.040    0    0  (Gen:  1)
   520584    140192   6600872  0.003  0.000   37.176    6.041    0    0  (Gen:  0)
   520608    140272   6657328  0.003  0.000   37.180    6.042    0    0  (Gen:  0)
   726528    144144   6723064  0.002  0.000   37.184    6.042    0    0  (Gen:  0)
   520792     37608   6741296  0.002  0.000   37.186    6.043    0    0  (Gen:  0)
   520880     71128   6783816  0.001  0.000   37.189    6.043    0    0  (Gen:  0)
   520624     73416   6825376  0.002  0.000   37.191    6.044    0    0  (Gen:  0)
   520672     65160   6850712  0.002  0.000   37.195    6.044    0    0  (Gen:  0)
   520792     86672   6888640  0.002  0.000   37.197    6.045    0    0  (Gen:  0)
   520824     75288   6930576  0.002  0.000   37.200    6.046    0    0  (Gen:  0)
   520944     70208   6996792  0.002  0.000   37.203    6.046    0    0  (Gen:  0)
   520472    102864   7047344  0.002  0.000   37.206    6.047    0    0  (Gen:  0)
   521088     87432   7087128  0.002  0.000   37.209    6.047    0    0  (Gen:  0)
   520344     93264   7121256  0.002  0.000   37.213    6.048    0    0  (Gen:  0)
   520352    130344   7192520  0.002  0.000   37.216    6.049    0    0  (Gen:  0)
   520536     97624   7231552  0.003  0.000   37.220    6.049    0    0  (Gen:  0)
   521048     86584   7313960  0.002  0.000   37.223    6.050    0    0  (Gen:  0)
   521208     94848   7375008  0.002  0.000   37.226    6.050    0    0  (Gen:  0)
   520824    127840   7436208  0.002  0.000   37.229    6.051    0    0  (Gen:  0)
   520584    113096   7493320  0.002  0.000   37.232    6.052    0    0  (Gen:  0)
   520832     90416   7547904  0.002  0.000   37.235    6.052    0    0  (Gen:  0)
   521624    143528   7623208  0.002  0.000   37.238    6.053    0    0  (Gen:  0)
   520752    125904   7685784  0.002  0.000   37.242    6.054    0    0  (Gen:  0)
   521376    100624   7738408  0.002  0.000   37.245    6.054    0    0  (Gen:  0)
   521088    115864   7782568  0.003  0.000   37.249    6.055    0    0  (Gen:  0)
   525360    150088   7864088  0.002  0.000   37.252    6.055    0    0  (Gen:  0)
   521520    108224   7912696  0.003  0.000   37.256    6.056    0    0  (Gen:  0)
   521240    157344   7998056  0.002  0.000   37.260    6.057    0    0  (Gen:  0)
   520496    129728   8070720  0.002  0.000   37.263    6.057    0    0  (Gen:  0)
   520792    118456   8121296  0.003  0.000   37.267    6.058    0    0  (Gen:  0)
   520608    131560   8178664  0.003  0.000   37.271    6.059    0    0  (Gen:  0)
   520864     86104   8246592  0.002  0.000   37.274    6.060    0    0  (Gen:  0)
   521088    161376   8331816  0.002  0.000   37.278    6.060    0    0  (Gen:  0)
   520968    126888   8399360  0.002  0.000   37.281    6.061    0    0  (Gen:  0)
   521408    125072   8466376  0.003  0.000   37.285    6.062    0    0  (Gen:  0)
   521320    166096   8552800  0.002  0.000   37.288    6.062    0    0  (Gen:  0)
   525224    148208   8626488  0.002  0.000   37.292    6.063    0    0  (Gen:  0)
   521176    112720   8687480  0.003  0.000   37.295    6.064    0    0  (Gen:  0)
   521128    131464   8738416  0.003  0.000   37.300    6.064    0    0  (Gen:  0)
   521368     98320   8832712  0.002  0.000   37.303    6.065    0    0  (Gen:  0)
   520648    118696   8891752  0.002  0.000   37.307    6.066    0    0  (Gen:  0)
   520960    132080   8944272  0.003  0.000   37.311    6.067    0    0  (Gen:  0)
   524800    158408   9023080  0.002  0.000   37.315    6.067    0    0  (Gen:  0)
   520720    127808   9082000  0.003  0.000   37.319    6.068    0    0  (Gen:  0)
   520752    138368   9137056  0.003  0.000   37.324    6.069    0    0  (Gen:  0)
   525136    161856   9217872  0.002  0.000   37.327    6.069    0    0  (Gen:  0)
   524904    133680   9274520  0.003  0.000   37.332    6.070    0    0  (Gen:  0)
   556480    144848   9336808  0.003  0.000   37.336    6.071    0    0  (Gen:  0)
   689056     87608   9358656  0.002  0.000   37.339    6.072    0    0  (Gen:  0)
   520992     45216   9376176  0.002  0.000   37.342    6.072    0    0  (Gen:  0)
   520760     66544   9410624  0.003  0.000   37.367    6.075    0    0  (Gen:  0)
   521016     59552   9439688  0.002  0.000   37.370    6.075    0    0  (Gen:  0)
   521272     71352   9464184  0.002  0.000   37.373    6.076    0    0  (Gen:  0)
   520984    106056   9521584  0.002  0.000   37.376    6.077    0    0  (Gen:  0)
   521344     78520   9554600  0.003  0.000   37.380    6.077    0    0  (Gen:  0)
   520912    124928   9626296  0.003  0.000   37.384    6.078    0    0  (Gen:  0)
   521296     72408   9679760  0.002  0.000   37.387    6.079    0    0  (Gen:  0)
   521160    118424   9736808  0.002  0.000   37.390    6.079    0    0  (Gen:  0)
   520768    107048   9790920  0.002  0.000   37.393    6.080    0    0  (Gen:  0)
   520464     83792   9836080  0.002  0.000   37.397    6.081    0    0  (Gen:  0)
   520920    125872   9901176  0.002  0.000   37.400    6.081    0    0  (Gen:  0)
   521360    125056   9962424  0.002  0.000   37.403    6.082    0    0  (Gen:  0)
   520168    100136  10009952  0.003  0.000   37.407    6.083    0    0  (Gen:  0)
   521368    109744  10051576  0.003  0.000   37.411    6.083    0    0  (Gen:  0)
   520776    137784  10119328  0.002  0.000   37.415    6.084    0    0  (Gen:  0)
   520560    111760  10164648  0.003  0.000   37.419    6.085    0    0  (Gen:  0)
   520856    122152  10215152  0.002  0.000   37.422    6.085    0    0  (Gen:  0)
   520768     95056  10278016  0.002  0.000   37.426    6.086    0    0  (Gen:  0)
   520440    142240  10347848  0.002  0.000   37.429    6.087    0    0  (Gen:  0)
   524952    130304  10413808  0.002  0.000   37.432    6.087    0    0  (Gen:  0)
   521648    112232  10471344  0.002  0.000   37.436    6.088    0    0  (Gen:  0)
   520520    142848  10541512  0.002  0.000   37.440    6.089    0    0  (Gen:  0)
   521488    138808  10612272  0.002  0.000   37.443    6.090    0    0  (Gen:  0)
   521256    113224  10669840  0.003  0.000   37.447    6.090    0    0  (Gen:  0)
   521000    124728  10717864  0.003  0.000   37.451    6.091    0    0  (Gen:  0)
   520168    147648  10788216  0.002  0.000   37.455    6.092    0    0  (Gen:  0)
   520960    117680  10840184  0.003  0.000   37.459    6.092    0    0  (Gen:  0)
   520728    161560  10925968  0.002  0.000   37.463    6.093    0    0  (Gen:  0)
   520648    141496  11005272  0.002  0.000   37.466    6.094    0    0  (Gen:  0)
   521272    130760  11058952  0.003  0.000   37.471    6.095    0    0  (Gen:  0)
   524128    140104  11120768  0.003  0.000   37.475    6.095    0    0  (Gen:  0)
   520984    104184  11192992  0.002  0.000   37.479    6.096    0    0  (Gen:  0)
   521160     98136  11287000  0.002  0.000   37.482    6.097    0    0  (Gen:  0)
   520544    130048  11358056  0.002  0.000   37.485    6.098    0    0  (Gen:  0)
   520504    127776  11428760  0.003  0.000   37.489    6.098    0    0  (Gen:  0)
   520784     93936  11518560  0.002  0.000   37.493    6.099    0    0  (Gen:  0)
   524792    150608  11597056  0.002  0.000   37.496    6.100    0    0  (Gen:  0)
   521160    125592  11662536  0.003  0.000   37.500    6.100    0    0  (Gen:  0)
   521376    152576  11731464  0.002  0.000   37.504    6.101    0    0  (Gen:  0)
   525736    139568  11822400  0.002  0.000   37.507    6.102    0    0  (Gen:  0)
   525016    133552  11883552  0.003  0.000   37.512    6.103    0    0  (Gen:  0)
   529712    140768  11940880  0.003  0.000   37.517    6.104    0    0  (Gen:  0)
   536928    119192  11980192  0.003  0.000   37.521    6.104    0    0  (Gen:  0)
   520792     45528  11999648  0.002  0.000   37.524    6.105    0    0  (Gen:  0)
   520496     85264  12053448  0.002  0.000   37.527    6.105    0    0  (Gen:  0)
   520656     60056  12084616  0.002  0.000   37.529    6.105    0    0  (Gen:  0)
   520784     57872  12138576  0.002  0.000   37.532    6.106    0    0  (Gen:  0)
   521264     91824  12185320  0.002  0.000   37.535    6.106    0    0  (Gen:  0)
   520888     78160  12220424  0.002  0.000   37.538    6.107    0    0  (Gen:  0)
   520800     84832  12251320  0.002  0.000   37.541    6.107    0    0  (Gen:  0)
   520224    115392  12310744  0.002  0.000   37.544    6.108    0    0  (Gen:  0)
   521048     93312  12345952  0.003  0.000   37.547    6.108    0    0  (Gen:  0)
   520496    108904  12390720  0.002  0.000   37.551    6.109    0    0  (Gen:  0)
   520672     85192  12442536  0.002  0.000   37.554    6.109    0    0  (Gen:  0)
   520600    135624  12515488  0.002  0.000   37.557    6.110    0    0  (Gen:  0)
   521256    120048  12577152  0.002  0.000   37.560    6.110    0    0  (Gen:  0)
   520456     95760  12625384  0.002  0.000   37.563    6.111    0    0  (Gen:  0)
   520904    108888  12666296  0.003  0.000   37.567    6.112    0    0  (Gen:  0)
   520696    142976  12741200  0.002  0.000   37.570    6.112    0    0  (Gen:  0)
   520736    110584  12788400  0.003  0.000   37.574    6.113    0    0  (Gen:  0)
   520736    113624  12831448  0.003  0.000   37.578    6.113    0    0  (Gen:  0)
   521056   4353552   5339408  0.015  0.001   37.595    6.115    0    0  (Gen:  1)
   520544    119968   5386648  0.003  0.000   37.600    6.116    0    0  (Gen:  0)
   521024    155560   5471768  0.003  0.000   37.604    6.116    0    0  (Gen:  0)
   521104     86880   5533744  0.002  0.000   37.608    6.117    0    0  (Gen:  0)
   520784    156376   5617792  0.002  0.000   37.611    6.117    0    0  (Gen:  0)
   520664    137736   5686624  0.002  0.000   37.614    6.118    0    0  (Gen:  0)
   521576    113856   5744088  0.002  0.000   37.617    6.119    0    0  (Gen:  0)
   521136    152656   5822672  0.002  0.000   37.621    6.119    0    0  (Gen:  0)
   520640    145184   5890680  0.002  0.000   37.624    6.120    0    0  (Gen:  0)
   520584    117912   5944400  0.003  0.000   37.628    6.120    0    0  (Gen:  0)
   521056     95976   6036104  0.002  0.000   37.631    6.121    0    0  (Gen:  0)
   520424    138208   6116248  0.002  0.000   37.635    6.121    0    0  (Gen:  0)
   521200    126656   6172768  0.003  0.000   37.639    6.122    0    0  (Gen:  0)
   520944    131296   6224736  0.003  0.000   37.643    6.123    0    0  (Gen:  0)
   520904    163512   6308312  0.003  0.000   37.647    6.123    0    0  (Gen:  0)
   520560    133440   6363088  0.003  0.000   37.651    6.124    0    0  (Gen:  0)
   520824    175112   6458384  0.003  0.000   37.656    6.124    0    0  (Gen:  0)
   520968    118144   6531848  0.002  0.000   37.659    6.125    0    0  (Gen:  0)
   521224    174904   6623912  0.002  0.000   37.662    6.125    0    0  (Gen:  0)
   521352    152240   6701312  0.002  0.000   37.665    6.126    0    0  (Gen:  0)
   520896    119384   6768896  0.003  0.000   37.669    6.127    0    0  (Gen:  0)
   520648    169152   6855936  0.002  0.000   37.673    6.127    0    0  (Gen:  0)
   520880    151848   6931744  0.002  0.000   37.675    6.128    0    0  (Gen:  0)
   521104    122832   6996384  0.003  0.000   37.679    6.128    0    0  (Gen:  0)
   520680    140752   7052216  0.003  0.000   37.684    6.129    0    0  (Gen:  0)
   685800    173608   7140616  0.003  0.000   37.688    6.130    0    0  (Gen:  0)
   521032    141624   7207168  0.003  0.000   37.692    6.130    0    0  (Gen:  0)
   520992    186048   7308840  0.002  0.000   37.695    6.131    0    0  (Gen:  0)
   521032    154048   7390568  0.002  0.000   37.698    6.131    0    0  (Gen:  0)
   520848    132048   7453472  0.003  0.000   37.703    6.132    0    0  (Gen:  0)
   520640    140848   7511008  0.004  0.000   37.709    6.133    0    0  (Gen:  0)
   520296    165064   7593712  0.002  0.000   37.713    6.133    0    0  (Gen:  0)
   520424    137312   7655136  0.004  0.000   37.718    6.134    0    0  (Gen:  0)
   521224    143360   7713808  0.004  0.000   37.724    6.135    0    0  (Gen:  0)
   520488    173160   7801416  0.003  0.000   37.728    6.136    0    0  (Gen:  0)
   520720    145584   7862440  0.003  0.000   37.734    6.136    0    0  (Gen:  0)
   521192    156616   7930160  0.003  0.000   37.739    6.137    0    0  (Gen:  0)
   521032    104416   8007792  0.003  0.000   37.743    6.138    0    0  (Gen:  0)
   521000    186800   8107800  0.002  0.000   37.748    6.139    0    0  (Gen:  0)
   520880    151120   8185152  0.002  0.000   37.752    6.139    0    0  (Gen:  0)
   521432    119840   8255504  0.003  0.000   37.757    6.140    0    0  (Gen:  0)
   520848    170144   8340248  0.002  0.000   37.761    6.141    0    0  (Gen:  0)
   520632    159784   8420096  0.002  0.000   37.765    6.141    0    0  (Gen:  0)
   520416    128568   8488568  0.003  0.000   37.770    6.142    0    0  (Gen:  0)
   521504    174168   8576448  0.002  0.000   37.775    6.143    0    0  (Gen:  0)
   521024    165312   8655688  0.002  0.000   37.779    6.143    0    0  (Gen:  0)
   521136    139848   8725616  0.003  0.000   37.784    6.144    0    0  (Gen:  0)
   521504    150528   8786872  0.004  0.000   37.790    6.145    0    0  (Gen:  0)
   524856    180816   8882648  0.002  0.000   37.794    6.146    0    0  (Gen:  0)
   520840    140504   8949016  0.003  0.000   37.799    6.147    0    0  (Gen:  0)
   520608    192800   9052456  0.003  0.000   37.804    6.147    0    0  (Gen:  0)
   520856    147296   9140392  0.002  0.000   37.808    6.148    0    0  (Gen:  0)
   520760    141488   9207608  0.004  0.000   37.814    6.149    0    0  (Gen:  0)
   520840    153296   9272544  0.004  0.000   37.820    6.150    0    0  (Gen:  0)
   521360    185720   9369112  0.002  0.000   37.824    6.150    0    0  (Gen:  0)
   520872    148776   9435832  0.004  0.000   37.830    6.151    0    0  (Gen:  0)
   521120    157392   9501592  0.002  0.000   37.834    6.152    0    0  (Gen:  0)
   521328    127448   9588952  0.003  0.000   37.838    6.152    0    0  (Gen:  0)
   521352    158888   9656800  0.004  0.000   37.844    6.153    0    0  (Gen:  0)
   525488    185672   9751288  0.003  0.000   37.850    6.154    0    0  (Gen:  0)
   520288    116560   9832776  0.002  0.000   37.854    6.155    0    0  (Gen:  0)
   520768    185008   9927304  0.002  0.000   37.859    6.156    0    0  (Gen:  0)
   520712    156760  10009016  0.002  0.000   37.863    6.156    0    0  (Gen:  0)
   520616    132208  10089152  0.003  0.000   37.868    6.157    0    0  (Gen:  0)
   521160    178080  10174224  0.002  0.000   37.872    6.158    0    0  (Gen:  0)
   524848    163848  10260008  0.002  0.000   37.877    6.158    0    0  (Gen:  0)
   521128    134528  10335112  0.003  0.000   37.881    6.159    0    0  (Gen:  0)
   520640    184400  10427856  0.003  0.000   37.886    6.160    0    0  (Gen:  0)
   523952    167296  10512168  0.002  0.000   37.890    6.161    0    0  (Gen:  0)
   520904   5560640   6546376  0.015  0.001   37.907    6.162    0    0  (Gen:  1)
   529872    184976   6639312  0.003  0.000   37.912    6.163    0    0  (Gen:  0)
   990096    142376   6697800  0.003  0.000   37.916    6.164    0    0  (Gen:  0)
   520832     38072   6717384  0.002  0.000   37.919    6.164    0    0  (Gen:  0)
   520696     64792   6756472  0.002  0.000   37.922    6.165    0    0  (Gen:  0)
   521312     72224   6793728  0.002  0.000   37.925    6.165    0    0  (Gen:  0)
   521040     62720   6819992  0.002  0.000   37.928    6.166    0    0  (Gen:  0)
   520336     72336   6844640  0.002  0.000   37.931    6.166    0    0  (Gen:  0)
   521128    102552   6899880  0.002  0.000   37.934    6.167    0    0  (Gen:  0)
   521024     82304   6929088  0.003  0.000   37.938    6.167    0    0  (Gen:  0)
   520896    101848   6975136  0.002  0.000   37.941    6.168    0    0  (Gen:  0)
   520552     86856   7020168  0.002  0.000   37.945    6.168    0    0  (Gen:  0)
   520680    119936   7080896  0.002  0.000   37.948    6.169    0    0  (Gen:  0)
   521440    119152   7139600  0.002  0.000   37.952    6.170    0    0  (Gen:  0)
   521336     90560   7179944  0.003  0.000   37.955    6.170    0    0  (Gen:  0)
   520232    143296   7261728  0.002  0.000   37.959    6.171    0    0  (Gen:  0)
   520768    121152   7329280  0.002  0.000   37.962    6.171    0    0  (Gen:  0)
   520752    106080   7373160  0.003  0.000   37.966    6.172    0    0  (Gen:  0)
   521096    116792   7421096  0.003  0.000   37.970    6.173    0    0  (Gen:  0)
   520472     81856   7482496  0.002  0.000   37.973    6.173    0    0  (Gen:  0)
   520952    151288   7564896  0.002  0.000   37.977    6.174    0    0  (Gen:  0)
   520376    129736   7627808  0.002  0.000   37.980    6.174    0    0  (Gen:  0)
   521232    108784   7685264  0.003  0.000   37.984    6.175    0    0  (Gen:  0)
   521128    144120   7755952  0.003  0.000   37.988    6.176    0    0  (Gen:  0)
   718392    114040   7804160  0.003  0.000   37.992    6.176    0    0  (Gen:  0)
   520768     38576   7824088  0.002  0.000   37.995    6.177    0    0  (Gen:  0)
   520120     53480   7873408  0.001  0.000   37.997    6.177    0    0  (Gen:  0)
   520848     65360   7912800  0.002  0.000   38.000    6.178    0    0  (Gen:  0)
   520536     65352   7939416  0.002  0.000   38.004    6.178    0    0  (Gen:  0)
   519976     86160   7976024  0.002  0.000   38.007    6.179    0    0  (Gen:  0)
   520344     71904   8015544  0.002  0.000   38.010    6.180    0    0  (Gen:  0)
   521288    113992   8076352  0.002  0.000   38.014    6.180    0    0  (Gen:  0)
   521504    104872   8128312  0.002  0.000   38.017    6.181    0    0  (Gen:  0)
   521384     89080   8169912  0.003  0.000   38.021    6.181    0    0  (Gen:  0)
   521352     94840   8204496  0.003  0.000   38.025    6.182    0    0  (Gen:  0)
   525368    126304   8268368  0.002  0.000   38.029    6.183    0    0  (Gen:  0)
   520336     98272   8307472  0.003  0.000   38.032    6.184    0    0  (Gen:  0)
   520872    142136   8385168  0.003  0.000   38.037    6.184    0    0  (Gen:  0)
   521040     90456   8442496  0.002  0.000   38.040    6.185    0    0  (Gen:  0)
   520608    130896   8505424  0.002  0.000   38.044    6.185    0    0  (Gen:  0)
   525384    122912   8571416  0.003  0.000   38.047    6.186    0    0  (Gen:  0)
   521272     96432   8626504  0.003  0.000   38.051    6.187    0    0  (Gen:  0)
   521120    139880   8697608  0.002  0.000   38.055    6.188    0    0  (Gen:  0)
   524992    132984   8761192  0.003  0.000   38.059    6.188    0    0  (Gen:  0)
   525040    112496   8813056  0.003  0.000   38.063    6.189    0    0  (Gen:  0)
   533432    117480   8857696  0.003  0.000   38.068    6.190    0    0  (Gen:  0)
   755184    108304   8893696  0.003  0.000   38.072    6.190    0    0  (Gen:  0)
   521016     43672   8912712  0.002  0.000   38.074    6.191    0    0  (Gen:  0)
   520424     82184   8964056  0.002  0.000   38.078    6.191    0    0  (Gen:  0)
   520896     56384   8997496  0.002  0.000   38.081    6.192    0    0  (Gen:  0)
   521056     90432   9043208  0.002  0.000   38.084    6.193    0    0  (Gen:  0)
   520480     91968   9088856  0.002  0.000   38.087    6.193    0    0  (Gen:  0)
   520856     74040   9124512  0.002  0.000   38.090    6.194    0    0  (Gen:  0)
   520584     85312   9155544  0.003  0.000   38.094    6.194    0    0  (Gen:  0)
   520888    118368   9218232  0.002  0.000   38.097    6.195    0    0  (Gen:  0)
   520808     91616   9254760  0.003  0.000   38.101    6.196    0    0  (Gen:  0)
   521128    107648   9298696  0.002  0.000   38.105    6.196    0    0  (Gen:  0)
   521560     86200   9350712  0.002  0.000   38.108    6.197    0    0  (Gen:  0)
   521016    136728   9424728  0.003  0.000   38.112    6.198    0    0  (Gen:  0)
   520456    119600   9485984  0.003  0.000   38.115    6.198    0    0  (Gen:  0)
   521272     91008   9533640  0.003  0.000   38.119    6.199    0    0  (Gen:  0)
   520792    109328   9575552  0.003  0.000   38.123    6.200    0    0  (Gen:  0)
   520792    144144   9653192  0.003  0.000   38.127    6.200    0    0  (Gen:  0)
   520368    105048   9700936  0.003  0.000   38.131    6.201    0    0  (Gen:  0)
   520768    157096   9787480  0.003  0.000   38.135    6.202    0    0  (Gen:  0)
   520552    132480   9857144  0.003  0.000   38.139    6.202    0    0  (Gen:  0)
   521008    115712   9907336  0.003  0.000   38.143    6.203    0    0  (Gen:  0)
   611184    122840   9999000  0.003  0.000   38.148    6.204    0    0  (Gen:  0)
   849976     28904   9982992  0.002  0.000   38.150    6.204    0    0  (Gen:  0)
   520896     47608  10002936  0.002  0.000   38.153    6.205    0    0  (Gen:  0)
   520712     83328  10055696  0.002  0.000   38.157    6.205    0    0  (Gen:  0)
   520768     55024  10088968  0.002  0.000   38.160    6.206    0    0  (Gen:  0)
   520472    100664  10146768  0.002  0.000   38.162    6.206    0    0  (Gen:  0)
   521032     93136  10194152  0.002  0.000   38.165    6.207    0    0  (Gen:  0)
   520808     76736  10229936  0.002  0.000   38.169    6.207    0    0  (Gen:  0)
   520784     83384  10258272  0.002  0.000   38.172    6.208    0    0  (Gen:  0)
   520992    115160  10318472  0.002  0.000   38.176    6.208    0    0  (Gen:  0)
   520616     88464  10351544  0.003  0.000   38.179    6.209    0    0  (Gen:  0)
   520968    103712  10395016  0.003  0.000   38.183    6.209    0    0  (Gen:  0)
   520592     74424  10450760  0.002  0.000   38.187    6.210    0    0  (Gen:  0)
   520280    141648  10527776  0.003  0.000   38.190    6.211    0    0  (Gen:  0)
   520992    116504  10588520  0.002  0.000   38.194    6.211    0    0  (Gen:  0)
   520864     92256  10636984  0.003  0.000   38.197    6.212    0    0  (Gen:  0)
   520168    131976  10702608  0.002  0.000   38.201    6.212    0    0  (Gen:  0)
   520760    128680  10767032  0.002  0.000   38.204    6.213    0    0  (Gen:  0)
   521000     99648  10815032  0.003  0.000   38.208    6.213    0    0  (Gen:  0)
   520608    111480  10855240  0.003  0.000   38.212    6.214    0    0  (Gen:  0)
   521240    145976  10933448  0.002  0.000   38.216    6.215    0    0  (Gen:  0)
   521040    112184  10982040  0.003  0.000   38.220    6.215    0    0  (Gen:  0)
   525064    124008  11034664  0.003  0.000   38.224    6.216    0    0  (Gen:  0)
   520848     90496  11100328  0.002  0.000   38.228    6.217    0    0  (Gen:  0)
   521096    150256  11177768  0.003  0.000   38.231    6.217    0    0  (Gen:  0)
   520416    127152  11243304  0.002  0.000   38.235    6.218    0    0  (Gen:  0)
   520848    107856  11302904  0.003  0.000   38.238    6.218    0    0  (Gen:  0)
   520408    150320  11378488  0.003  0.000   38.242    6.219    0    0  (Gen:  0)
   520544    145248  11449832  0.003  0.000   38.246    6.220    0    0  (Gen:  0)
   521448    109096  11506896  0.003  0.000   38.250    6.220    0    0  (Gen:  0)
   521248    129912  11558896  0.003  0.000   38.254    6.221    0    0  (Gen:  0)
   520848    157656  11640448  0.003  0.000   38.258    6.221    0    0  (Gen:  0)
   520712    124496  11700240  0.003  0.000   38.263    6.222    0    0  (Gen:  0)
   521192    132520  11753960  0.003  0.000   38.267    6.223    0    0  (Gen:  0)
   525608    163488  11838000  0.003  0.000   38.271    6.223    0    0  (Gen:  0)
   521192    127744  11894744  0.003  0.000   38.276    6.224    0    0  (Gen:  0)
   520480    169912  11984640  0.004  0.000   38.281    6.225    0    0  (Gen:  0)
   521088     94064  12061312  0.003  0.000   38.285    6.225    0    0  (Gen:  0)
   521224    154672  12134072  0.003  0.000   38.289    6.226    0    0  (Gen:  0)
   525048    134536  12204936  0.003  0.000   38.293    6.227    0    0  (Gen:  0)
   520864    101904  12272904  0.003  0.000   38.297    6.227    0    0  (Gen:  0)
   520456    170624  12363376  0.003  0.000   38.301    6.228    0    0  (Gen:  0)
   524424    142296  12436536  0.003  0.000   38.305    6.229    0    0  (Gen:  0)
   521424    115360  12502496  0.003  0.000   38.308    6.229    0    0  (Gen:  0)
   529152    161976  12582328  0.003  0.000   38.313    6.230    0    0  (Gen:  0)
   779408    125576  12635704  0.003  0.000   38.317    6.231    0    0  (Gen:  0)
   520760     37496  12656040  0.002  0.000   38.320    6.231    0    0  (Gen:  0)
   520800     81128  12709352  0.002  0.000   38.323    6.232    0    0  (Gen:  0)
   520840     76024  12750472  0.002  0.000   38.326    6.232    0    0  (Gen:  0)
   521248     66056  12776128  0.002  0.000   38.329    6.233    0    0  (Gen:  0)
   521368     83896  12810784  0.002  0.000   38.332    6.234    0    0  (Gen:  0)
   521112   4914984   5908872  0.015  0.001   38.349    6.235    0    0  (Gen:  1)
   521184    114088   5968944  0.002  0.000   38.353    6.236    0    0  (Gen:  0)
   521048    101168   6020728  0.002  0.000   38.355    6.237    0    0  (Gen:  0)
   520960     89112   6064024  0.002  0.000   38.359    6.237    0    0  (Gen:  0)
   520912     96608   6099744  0.003  0.000   38.362    6.238    0    0  (Gen:  0)
   520896    131912   6171392  0.002  0.000   38.366    6.239    0    0  (Gen:  0)
   520472     98072   6210224  0.003  0.000   38.370    6.239    0    0  (Gen:  0)
   521344    143696   6290176  0.004  0.000   38.375    6.240    0    0  (Gen:  0)
   520960     67240   6350144  0.002  0.000   38.378    6.241    0    0  (Gen:  0)
   520472    126952   6410312  0.002  0.000   38.381    6.241    0    0  (Gen:  0)
   521400    117656   6472056  0.002  0.000   38.384    6.242    0    0  (Gen:  0)
   520704     92000   6525976  0.002  0.000   38.388    6.243    0    0  (Gen:  0)
   520208    142536   6600472  0.002  0.000   38.391    6.243    0    0  (Gen:  0)
   520696    131808   6666976  0.002  0.000   38.394    6.244    0    0  (Gen:  0)
   520912    114216   6720808  0.003  0.000   38.398    6.244    0    0  (Gen:  0)
   520792    118696   6764848  0.003  0.000   38.402    6.245    0    0  (Gen:  0)
   521152    154040   6845632  0.002  0.000   38.406    6.246    0    0  (Gen:  0)
   520504    110992   6892320  0.003  0.000   38.409    6.247    0    0  (Gen:  0)
   521048    143384   6963120  0.002  0.000   38.413    6.247    0    0  (Gen:  0)
   520944    136648   7037304  0.002  0.000   38.418    6.248    0    0  (Gen:  0)
   521296    121624   7086728  0.003  0.000   38.422    6.249    0    0  (Gen:  0)
   520936    156064   7167280  0.003  0.000   38.426    6.249    0    0  (Gen:  0)
   520280    110840   7229496  0.002  0.000   38.430    6.250    0    0  (Gen:  0)
   520576    163424   7318824  0.002  0.000   38.433    6.251    0    0  (Gen:  0)
   520856    142024   7385672  0.002  0.000   38.436    6.251    0    0  (Gen:  0)
   520872    120624   7450592  0.003  0.000   38.440    6.252    0    0  (Gen:  0)
   520952    155368   7527936  0.002  0.000   38.444    6.253    0    0  (Gen:  0)
   520656    152696   7605440  0.002  0.000   38.447    6.253    0    0  (Gen:  0)
   520864    122808   7664088  0.003  0.000   38.451    6.254    0    0  (Gen:  0)
   520648    173472   7760200  0.002  0.000   38.455    6.255    0    0  (Gen:  0)
   520056    157800   7841360  0.002  0.000   38.458    6.255    0    0  (Gen:  0)
   520496    133616   7903904  0.003  0.000   38.463    6.256    0    0  (Gen:  0)
   520520    137464   7959128  0.003  0.000   38.468    6.257    0    0  (Gen:  0)
   521904    170568   8046368  0.002  0.000   38.471    6.258    0    0  (Gen:  0)
   520560    137784   8106512  0.003  0.000   38.476    6.258    0    0  (Gen:  0)
   520928    141856   8163896  0.004  0.000   38.480    6.259    0    0  (Gen:  0)
   520448     90688   8240224  0.002  0.000   38.484    6.260    0    0  (Gen:  0)
   520904    159720   8316488  0.002  0.000   38.487    6.261    0    0  (Gen:  0)
   726248    131136   8380968  0.004  0.000   38.492    6.261    0    0  (Gen:  0)
   520592     31872   8401560  0.002  0.000   38.495    6.262    0    0  (Gen:  0)
   521456     47696   8445096  0.001  0.000   38.497    6.262    0    0  (Gen:  0)
   520032     67528   8481480  0.002  0.000   38.500    6.263    0    0  (Gen:  0)
   520968     57768   8509264  0.002  0.000   38.503    6.264    0    0  (Gen:  0)
   521248     72272   8535048  0.002  0.000   38.506    6.264    0    0  (Gen:  0)
   520200    102040   8587728  0.002  0.000   38.510    6.265    0    0  (Gen:  0)
   521280     84080   8618936  0.003  0.000   38.513    6.266    0    0  (Gen:  0)
   520504     93928   8658384  0.002  0.000   38.517    6.266    0    0  (Gen:  0)
   521056     72784   8707344  0.002  0.000   38.520    6.267    0    0  (Gen:  0)
   520504    115888   8763560  0.002  0.000   38.523    6.267    0    0  (Gen:  0)
   520272    108744   8818576  0.002  0.000   38.526    6.268    0    0  (Gen:  0)
   520544     91168   8866208  0.002  0.000   38.529    6.269    0    0  (Gen:  0)
   520824    144592   8946408  0.003  0.000   38.533    6.269    0    0  (Gen:  0)
   521152    109064   9014160  0.002  0.000   38.536    6.270    0    0  (Gen:  0)
   521184    100816   9060248  0.003  0.000   38.540    6.271    0    0  (Gen:  0)
   520464    109280   9100320  0.003  0.000   38.544    6.271    0    0  (Gen:  0)
   520560    134568   9167872  0.002  0.000   38.548    6.272    0    0  (Gen:  0)
   521392    109560   9211696  0.003  0.000   38.552    6.273    0    0  (Gen:  0)
   521048    119464   9260112  0.003  0.000   38.556    6.274    0    0  (Gen:  0)
   521144     91568   9320592  0.002  0.000   38.559    6.274    0    0  (Gen:  0)
   521296    138000   9386736  0.002  0.000   38.563    6.275    0    0  (Gen:  0)
   525120    125120   9452208  0.003  0.000   38.567    6.276    0    0  (Gen:  0)
   521744     94224   9508688  0.003  0.000   38.570    6.276    0    0  (Gen:  0)
   520776    144240   9581392  0.002  0.000   38.574    6.277    0    0  (Gen:  0)
   521040    137800   9647832  0.002  0.000   38.577    6.278    0    0  (Gen:  0)
   520768    111208   9704992  0.003  0.000   38.581    6.278    0    0  (Gen:  0)
   520464    125696   9753176  0.003  0.000   38.585    6.279    0    0  (Gen:  0)
   520976    151184   9826384  0.002  0.000   38.589    6.280    0    0  (Gen:  0)
   521240    120784   9881296  0.003  0.000   38.593    6.281    0    0  (Gen:  0)
   521008    130344   9932720  0.003  0.000   38.598    6.281    0    0  (Gen:  0)
   521168    158864  10015968  0.002  0.000   38.601    6.282    0    0  (Gen:  0)
   521096    130192  10072320  0.003  0.000   38.606    6.283    0    0  (Gen:  0)
   525520    156880  10150632  0.003  0.000   38.610    6.284    0    0  (Gen:  0)
   521264    116312  10222816  0.002  0.000   38.613    6.284    0    0  (Gen:  0)
   520832    168856  10313712  0.002  0.000   38.617    6.285    0    0  (Gen:  0)
   521312    134040  10383072  0.002  0.000   38.621    6.286    0    0  (Gen:  0)
   521336    114128  10452168  0.003  0.000   38.625    6.287    0    0  (Gen:  0)
   520792    157264  10527504  0.002  0.000   38.628    6.287    0    0  (Gen:  0)
   524624    143760  10600520  0.002  0.000   38.632    6.288    0    0  (Gen:  0)
   520736    119560  10664352  0.003  0.000   38.636    6.289    0    0  (Gen:  0)
   520824    160728  10744152  0.003  0.000   38.640    6.290    0    0  (Gen:  0)
   524632    154240  10820064  0.002  0.000   38.644    6.290    0    0  (Gen:  0)
   525224    117336  10882136  0.003  0.000   38.648    6.291    0    0  (Gen:  0)
   529168    140680  10938928  0.004  0.000   38.653    6.292    0    0  (Gen:  0)
   718112    133416  10994240  0.003  0.000   38.657    6.293    0    0  (Gen:  0)
   520400     40280  11014496  0.002  0.000   38.660    6.293    0    0  (Gen:  0)
   520744     53224  11063328  0.001  0.000   38.663    6.294    0    0  (Gen:  0)
   520672     74280  11105712  0.002  0.000   38.666    6.294    0    0  (Gen:  0)
   520912     65816  11129936  0.002  0.000   38.669    6.295    0    0  (Gen:  0)
   520672     90992  11172072  0.002  0.000   38.672    6.296    0    0  (Gen:  0)
   521184     70032  11208744  0.002  0.000   38.675    6.296    0    0  (Gen:  0)
   521200    105320  11260144  0.002  0.000   38.678    6.297    0    0  (Gen:  0)
   521160    109176  11315464  0.002  0.000   38.681    6.297    0    0  (Gen:  0)
   520664     88488  11356640  0.003  0.000   38.685    6.298    0    0  (Gen:  0)
   521160     96984  11390512  0.003  0.000   38.689    6.299    0    0  (Gen:  0)
   520752    123384  11454456  0.002  0.000   38.692    6.299    0    0  (Gen:  0)
   520624     98952  11491768  0.003  0.000   38.696    6.300    0    0  (Gen:  0)
   521408    143352  11571096  0.003  0.000   38.701    6.301    0    0  (Gen:  0)
   520720     83656  11623096  0.002  0.000   38.704    6.302    0    0  (Gen:  0)
   520408    137768  11695288  0.002  0.000   38.707    6.302    0    0  (Gen:  0)
   521512   5100256   6094256  0.016  0.001   38.725    6.304    0    0  (Gen:  1)
   520600    112408   6137072  0.003  0.000   38.730    6.305    0    0  (Gen:  0)
   520408    129136   6196176  0.002  0.000   38.734    6.306    0    0  (Gen:  0)
   520712    118792   6267120  0.002  0.000   38.737    6.306    0    0  (Gen:  0)
   520720    115296   6318904  0.003  0.000   38.741    6.307    0    0  (Gen:  0)
   520776    117664   6362280  0.003  0.000   38.745    6.308    0    0  (Gen:  0)
   525384    150992   6441352  0.002  0.000   38.749    6.308    0    0  (Gen:  0)
   521112    117200   6488096  0.003  0.000   38.753    6.309    0    0  (Gen:  0)
   521072    160016   6575280  0.002  0.000   38.757    6.310    0    0  (Gen:  0)
   520984    112928   6639112  0.002  0.000   38.760    6.310    0    0  (Gen:  0)
   521160    147720   6711240  0.003  0.000   38.764    6.311    0    0  (Gen:  0)
   520736    134472   6778688  0.003  0.000   38.768    6.312    0    0  (Gen:  0)
   520632    101312   6835528  0.003  0.000   38.772    6.312    0    0  (Gen:  0)
   520456    153144   6913184  0.002  0.000   38.775    6.313    0    0  (Gen:  0)
   520888    143136   6984648  0.002  0.000   38.779    6.314    0    0  (Gen:  0)
   520888    122080   7045832  0.003  0.000   38.783    6.314    0    0  (Gen:  0)
   520904    130096   7097344  0.003  0.000   38.787    6.315    0    0  (Gen:  0)
   524416    170232   7188240  0.003  0.000   38.791    6.316    0    0  (Gen:  0)
   521224    122360   7245400  0.003  0.000   38.795    6.316    0    0  (Gen:  0)
   520608    170176   7337552  0.002  0.000   38.799    6.317    0    0  (Gen:  0)
   520544    145960   7420008  0.002  0.000   38.802    6.318    0    0  (Gen:  0)
   520840    137864   7478888  0.003  0.000   38.807    6.318    0    0  (Gen:  0)
   524800    141984   7538512  0.003  0.000   38.811    6.319    0    0  (Gen:  0)
   521160    109264   7614512  0.003  0.000   38.815    6.320    0    0  (Gen:  0)
   521104    159488   7691120  0.002  0.000   38.818    6.321    0    0  (Gen:  0)
   525632    150624   7777632  0.003  0.000   38.823    6.321    0    0  (Gen:  0)
   520768    105728   7847144  0.003  0.000   38.827    6.322    0    0  (Gen:  0)
   529784    162640   7927352  0.003  0.000   38.830    6.323    0    0  (Gen:  0)
   541552    125440   7979424  0.003  0.000   38.835    6.323    0    0  (Gen:  0)
   520704     37280   7998336  0.002  0.000   38.837    6.324    0    0  (Gen:  0)
   520728     75192   8045568  0.002  0.000   38.840    6.324    0    0  (Gen:  0)
   520320     73112   8088320  0.002  0.000   38.843    6.325    0    0  (Gen:  0)
   520744     65824   8113904  0.002  0.000   38.847    6.325    0    0  (Gen:  0)
   521128     86016   8149560  0.002  0.000   38.850    6.326    0    0  (Gen:  0)
   521112     67568   8190672  0.002  0.000   38.853    6.326    0    0  (Gen:  0)
   520800    117512   8254224  0.003  0.000   38.857    6.327    0    0  (Gen:  0)
   520400    107720   8307336  0.002  0.000   38.860    6.327    0    0  (Gen:  0)
   520640     86344   8348992  0.003  0.000   38.864    6.328    0    0  (Gen:  0)
   520512     97512   8384776  0.003  0.000   38.868    6.328    0    0  (Gen:  0)
   520880    132720   8458032  0.002  0.000   38.871    6.329    0    0  (Gen:  0)
   520528     99576   8496728  0.003  0.000   38.875    6.330    0    0  (Gen:  0)
   521328    146792   8579272  0.004  0.000   38.879    6.330    0    0  (Gen:  0)
   520792     74880   8636344  0.002  0.000   38.882    6.331    0    0  (Gen:  0)
   520592    128880   8699040  0.002  0.000   38.887    6.331    0    0  (Gen:  0)
   520760    118696   8760968  0.003  0.000   38.890    6.332    0    0  (Gen:  0)
   520576     95016   8813928  0.002  0.000   38.895    6.332    0    0  (Gen:  0)
   520736    140176   8886440  0.003  0.000   38.898    6.333    0    0  (Gen:  0)
   521000    132392   8953232  0.002  0.000   38.902    6.334    0    0  (Gen:  0)
   520976    107792   9007136  0.003  0.000   38.906    6.334    0    0  (Gen:  0)
   520504    118424   9050944  0.003  0.000   38.911    6.335    0    0  (Gen:  0)
   521312    155240   9134088  0.003  0.000   38.915    6.336    0    0  (Gen:  0)
   520816    112040   9181696  0.003  0.000   38.919    6.336    0    0  (Gen:  0)
   520760    157528   9267640  0.004  0.000   38.924    6.337    0    0  (Gen:  0)
   521048     74208   9337208  0.002  0.000   38.927    6.337    0    0  (Gen:  0)
   521600    157376   9421800  0.003  0.000   38.931    6.338    0    0  (Gen:  0)
   520904    141592   9506112  0.003  0.000   38.936    6.339    0    0  (Gen:  0)
   520504     95272   9565824  0.003  0.000   38.939    6.339    0    0  (Gen:  0)
   520632    158656   9649488  0.003  0.000   38.943    6.340    0    0  (Gen:  0)
   520816    138408   9718160  0.002  0.000   38.947    6.340    0    0  (Gen:  0)
   520872    114960   9780944  0.003  0.000   38.951    6.341    0    0  (Gen:  0)
   521512    154432   9856256  0.003  0.000   38.955    6.342    0    0  (Gen:  0)
   520672    155264   9933536  0.002  0.000   38.959    6.342    0    0  (Gen:  0)
   520208    116096   9990752  0.003  0.000   38.963    6.343    0    0  (Gen:  0)
   520968    163520  10076632  0.002  0.000   38.967    6.343    0    0  (Gen:  0)
   520872    153008  10158232  0.003  0.000   38.971    6.344    0    0  (Gen:  0)
   521008    136232  10219672  0.004  0.000   38.975    6.345    0    0  (Gen:  0)
   521544    139304  10275904  0.004  0.000   38.980    6.345    0    0  (Gen:  0)
   520832    170176  10361640  0.003  0.000   38.985    6.346    0    0  (Gen:  0)
   520968    137632  10420968  0.004  0.000   38.990    6.347    0    0  (Gen:  0)
   520872    144400  10481528  0.004  0.000   38.995    6.347    0    0  (Gen:  0)
   520960     91264  10555912  0.003  0.000   38.998    6.348    0    0  (Gen:  0)
   520864    161840  10634120  0.003  0.000   39.002    6.349    0    0  (Gen:  0)
   685504    136408  10704128  0.004  0.000   39.007    6.349    0    0  (Gen:  0)
   521104     96288  10776520  0.003  0.000   39.011    6.350    0    0  (Gen:  0)
   521240    176616  10871456  0.003  0.000   39.015    6.351    0    0  (Gen:  0)
   520928    149216  10945152  0.003  0.000   39.019    6.351    0    0  (Gen:  0)
   520608    116312  11011992  0.003  0.000   39.024    6.352    0    0  (Gen:  0)
   521072    163384  11092896  0.003  0.000   39.028    6.353    0    0  (Gen:  0)
   520280    153248  11169528  0.003  0.000   39.032    6.353    0    0  (Gen:  0)
   520280    121928  11238696  0.003  0.000   39.037    6.354    0    0  (Gen:  0)
   520872    143320  11295520  0.004  0.000   39.042    6.355    0    0  (Gen:  0)
   520968    178616  11389216  0.003  0.000   39.046    6.355    0    0  (Gen:  0)
   520408    132440  11456088  0.004  0.000   39.051    6.356    0    0  (Gen:  0)
   521248    147920  11516272  0.004  0.000   39.056    6.357    0    0  (Gen:  0)
   520760    181232  11613288  0.004  0.000   39.061    6.358    0    0  (Gen:  0)
   521320    139624  11674184  0.004  0.000   39.065    6.358    0    0  (Gen:  0)
   520864    182144  11772960  0.003  0.000   39.070    6.359    0    0  (Gen:  0)
   521152    167840  11859816  0.003  0.000   39.074    6.360    0    0  (Gen:  0)
   521384    142936  11922640  0.004  0.000   39.079    6.360    0    0  (Gen:  0)
   520528    152704  11985152  0.004  0.000   39.084    6.361    0    0  (Gen:  0)
   520504   5104992   6090744  0.017  0.001   39.103    6.363    0    0  (Gen:  1)
   520744    184592   6189256  0.003  0.000   39.107    6.364    0    0  (Gen:  0)
   521568    151232   6263344  0.003  0.000   39.111    6.364    0    0  (Gen:  0)
   521000    106720   6339608  0.003  0.000   39.115    6.365    0    0  (Gen:  0)
   521256    170216   6421584  0.003  0.000   39.119    6.366    0    0  (Gen:  0)
   525264    159136   6502344  0.003  0.000   39.123    6.366    0    0  (Gen:  0)
   520632    120976   6578288  0.003  0.000   39.127    6.367    0    0  (Gen:  0)
   520776    186224   6676208  0.003  0.000   39.131    6.367    0    0  (Gen:  0)
   520784    163128   6758072  0.003  0.000   39.135    6.368    0    0  (Gen:  0)
   520840    127728   6829160  0.003  0.000   39.139    6.369    0    0  (Gen:  0)
   521344    179872   6919608  0.003  0.000   39.143    6.369    0    0  (Gen:  0)
   520904    172504   7002856  0.003  0.000   39.147    6.370    0    0  (Gen:  0)
   520752    134792   7075216  0.003  0.000   39.151    6.371    0    0  (Gen:  0)
   520872    156776   7140240  0.004  0.000   39.156    6.371    0    0  (Gen:  0)
   521720    185672   7236368  0.003  0.000   39.160    6.372    0    0  (Gen:  0)
   520872    154296   7309656  0.003  0.000   39.165    6.373    0    0  (Gen:  0)
   521464    156512   7374272  0.004  0.000   39.170    6.373    0    0  (Gen:  0)
   525008    188464   7471744  0.002  0.000   39.173    6.374    0    0  (Gen:  0)
   520416    147104   7543032  0.003  0.000   39.177    6.374    0    0  (Gen:  0)
   520536    187688   7638856  0.003  0.000   39.182    6.375    0    0  (Gen:  0)
   520776    177432   7733320  0.003  0.000   39.186    6.376    0    0  (Gen:  0)
   520896    151736   7800088  0.003  0.000   39.190    6.376    0    0  (Gen:  0)
   521016    156672   7865696  0.004  0.000   39.195    6.377    0    0  (Gen:  0)
   525408    182208   7956480  0.003  0.000   39.199    6.378    0    0  (Gen:  0)
   520536    157136   8025224  0.004  0.000   39.204    6.378    0    0  (Gen:  0)
   524568    160664   8093416  0.004  0.000   39.209    6.379    0    0  (Gen:  0)
   519872     93608   8179704  0.002  0.000   39.213    6.380    0    0  (Gen:  0)
   525800    177352   8263832  0.003  0.000   39.217    6.380    0    0  (Gen:  0)
   698456    162608   8364400  0.003  0.000   39.221    6.381    0    0  (Gen:  0)
   812608     97856   8382592  0.002  0.000   39.224    6.381    0    0  (Gen:  0)
   521104     47696   8402600  0.002  0.000   39.227    6.382    0    0  (Gen:  0)
   521160     58672   8456912  0.002  0.000   39.229    6.382    0    0  (Gen:  0)
   520864     53424   8487808  0.002  0.000   39.232    6.383    0    0  (Gen:  0)
   520864     91808   8535464  0.002  0.000   39.234    6.383    0    0  (Gen:  0)
   520480     92264   8580320  0.002  0.000   39.237    6.384    0    0  (Gen:  0)
   520944     77280   8615752  0.002  0.000   39.240    6.384    0    0  (Gen:  0)
   521384     84208   8646968  0.002  0.000   39.243    6.385    0    0  (Gen:  0)
   520488    115032   8706320  0.002  0.000   39.247    6.385    0    0  (Gen:  0)
   520840     91880   8741584  0.003  0.000   39.250    6.386    0    0  (Gen:  0)
   521136    110144   8787712  0.002  0.000   39.254    6.386    0    0  (Gen:  0)
   521240     87384   8837288  0.002  0.000   39.257    6.387    0    0  (Gen:  0)
   520336    125016   8899832  0.002  0.000   39.260    6.387    0    0  (Gen:  0)
   521056    121176   8961208  0.002  0.000   39.263    6.388    0    0  (Gen:  0)
   520952    101296   9009592  0.003  0.000   39.267    6.389    0    0  (Gen:  0)
   520544    108512   9050592  0.003  0.000   39.271    6.389    0    0  (Gen:  0)
   520848    142640   9125320  0.002  0.000   39.275    6.390    0    0  (Gen:  0)
   520776    107360   9172392  0.003  0.000   39.279    6.390    0    0  (Gen:  0)
   520112    132048   9233648  0.002  0.000   39.283    6.391    0    0  (Gen:  0)
   521512    130808   9304848  0.003  0.000   39.286    6.392    0    0  (Gen:  0)
   520904    119008   9352496  0.003  0.000   39.290    6.392    0    0  (Gen:  0)
   718440    120920   9401880  0.003  0.000   39.295    6.393    0    0  (Gen:  0)
   521040     30760   9424056  0.002  0.000   39.297    6.393    0    0  (Gen:  0)
   520176     49736   9469720  0.002  0.000   39.300    6.394    0    0  (Gen:  0)
   520320     65552   9504464  0.001  0.000   39.303    6.394    0    0  (Gen:  0)
   520888     59712   9532808  0.002  0.000   39.306    6.395    0    0  (Gen:  0)
   520256     70648   9556976  0.002  0.000   39.309    6.396    0    0  (Gen:  0)
   520400     97960   9606136  0.002  0.000   39.312    6.396    0    0  (Gen:  0)
   520408     78872   9638608  0.002  0.000   39.316    6.397    0    0  (Gen:  0)
   521936    114240   9697712  0.002  0.000   39.320    6.397    0    0  (Gen:  0)
   521232     85560   9747336  0.002  0.000   39.323    6.398    0    0  (Gen:  0)
   521304    118896   9805576  0.002  0.000   39.327    6.399    0    0  (Gen:  0)
   525248    115168   9864584  0.002  0.000   39.330    6.399    0    0  (Gen:  0)
   520792     88368   9908056  0.002  0.000   39.334    6.400    0    0  (Gen:  0)
   520696    145528   9992096  0.003  0.000   39.338    6.401    0    0  (Gen:  0)
   521312    119224  10059168  0.002  0.000   39.341    6.401    0    0  (Gen:  0)
   520688    102544  10104496  0.003  0.000   39.345    6.402    0    0  (Gen:  0)
   520848    111696  10148712  0.003  0.000   39.349    6.403    0    0  (Gen:  0)
   525520    142272  10221120  0.003  0.000   39.353    6.403    0    0  (Gen:  0)
   520808    113984  10266064  0.042  0.004   39.396    6.408    0    0  (Gen:  0)
   525512    149936  10346016  0.003  0.000   39.401    6.408    0    0  (Gen:  0)
   520776    115056  10404608  0.003  0.000   39.405    6.409    0    0  (Gen:  0)
   529024    142064  10474464  0.003  0.000   39.409    6.410    0    0  (Gen:  0)
   763544    111968  10524176  0.003  0.000   39.413    6.411    0    0  (Gen:  0)
   521032     37096  10544744  0.002  0.000   39.416    6.411    0    0  (Gen:  0)
   520808     59424  10599336  0.002  0.000   39.418    6.412    0    0  (Gen:  0)
   520488     70592  10640824  0.002  0.000   39.421    6.412    0    0  (Gen:  0)
   521024     65320  10666744  0.002  0.000   39.425    6.413    0    0  (Gen:  0)
   520704     82848  10700384  0.002  0.000   39.428    6.413    0    0  (Gen:  0)
   521088     69808  10743488  0.002  0.000   39.431    6.414    0    0  (Gen:  0)
   520368    118848  10809088  0.002  0.000   39.434    6.415    0    0  (Gen:  0)
   520936    101680  10860672  0.002  0.000   39.437    6.415    0    0  (Gen:  0)
   520864     83304  10904848  0.002  0.000   39.443    6.416    0    0  (Gen:  0)
   520728     96240  10939864  0.003  0.000   39.447    6.417    0    0  (Gen:  0)
   521600    137872  11018256  0.002  0.000   39.450    6.417    0    0  (Gen:  0)
   521096     95224  11056536  0.003  0.000   39.454    6.418    0    0  (Gen:  0)
   520528    138528  11131768  0.002  0.000   39.458    6.419    0    0  (Gen:  0)
   521136    124256  11196056  0.002  0.000   39.462    6.419    0    0  (Gen:  0)
   521056    108976  11239160  0.003  0.000   39.466    6.420    0    0  (Gen:  0)
   521104    143752  11314768  0.003  0.000   39.470    6.421    0    0  (Gen:  0)
   519736    107128  11370512  0.003  0.000   39.474    6.421    0    0  (Gen:  0)
   520904     81448  11447880  0.002  0.000   39.477    6.422    0    0  (Gen:  0)
   520880    128176  11514728  0.002  0.000   39.481    6.423    0    0  (Gen:  0)
   520656    106032  11569824  0.003  0.000   39.485    6.423    0    0  (Gen:  0)
   520888    119472  11614624  0.003  0.000   39.490    6.424    0    0  (Gen:  0)
   944512    119072  11666024  0.003  0.000   39.494    6.425    0    0  (Gen:  0)
   520656     41824  11687128  0.002  0.000   39.497    6.425    0    0  (Gen:  0)
   520832     81920  11741112  0.002  0.000   39.500    6.426    0    0  (Gen:  0)
   521032     72728  11782824  0.002  0.000   39.503    6.426    0    0  (Gen:  0)
   520360     64928  11808424  0.002  0.000   39.506    6.427    0    0  (Gen:  0)
   520872     82568  11843264  0.002  0.000   39.509    6.427    0    0  (Gen:  0)
   520776     76856  11887448  0.002  0.000   39.512    6.428    0    0  (Gen:  0)
   520904    116448  11949712  0.002  0.000   39.515    6.428    0    0  (Gen:  0)
   520912   4153512   5151592  0.013  0.001   39.530    6.430    0    0  (Gen:  1)
   521048     97288   5189184  0.002  0.000   39.534    6.431    0    0  (Gen:  0)
   520568     93608   5251344  0.002  0.000   39.537    6.431    0    0  (Gen:  0)
   520720    118216   5319152  0.004  0.000   39.542    6.432    0    0  (Gen:  0)
   520488     94448   5357840  0.002  0.000   39.545    6.432    0    0  (Gen:  0)
   520576    134648   5427952  0.002  0.000   39.548    6.433    0    0  (Gen:  0)
   520832    126936   5495776  0.002  0.000   39.552    6.433    0    0  (Gen:  0)
   520496    108024   5537656  0.003  0.000   39.556    6.434    0    0  (Gen:  0)
   520776    122128   5590392  0.002  0.000   39.559    6.435    0    0  (Gen:  0)
   520768     94720   5645248  0.002  0.000   39.563    6.435    0    0  (Gen:  0)
   520672     82816   5724112  0.002  0.000   39.566    6.436    0    0  (Gen:  0)
   521160    122248   5785984  0.002  0.000   39.570    6.436    0    0  (Gen:  0)
   520952    107016   5839224  0.003  0.000   39.574    6.437    0    0  (Gen:  0)
   521000    116600   5883632  0.003  0.000   39.578    6.438    0    0  (Gen:  0)
   525248    142848   5955624  0.003  0.000   39.582    6.438    0    0  (Gen:  0)
   520976    110480   6005216  0.003  0.000   39.586    6.439    0    0  (Gen:  0)
   520520    161048   6094280  0.003  0.000   39.590    6.439    0    0  (Gen:  0)
   520640    127824   6167544  0.003  0.000   39.594    6.440    0    0  (Gen:  0)
   520584    119152   6218328  0.003  0.000   39.598    6.441    0    0  (Gen:  0)
   520472    132456   6275896  0.003  0.000   39.602    6.441    0    0  (Gen:  0)
   521184     92384   6344840  0.002  0.000   39.606    6.442    0    0  (Gen:  0)
   521208     96752   6437528  0.002  0.000   39.609    6.442    0    0  (Gen:  0)
   521304    125744   6505960  0.002  0.000   39.613    6.443    0    0  (Gen:  0)
   520432    116872   6572064  0.003  0.000   39.617    6.444    0    0  (Gen:  0)
   521448    156400   6648656  0.003  0.000   39.621    6.444    0    0  (Gen:  0)
   525080    148152   6722848  0.003  0.000   39.625    6.445    0    0  (Gen:  0)
   521064    115080   6784936  0.003  0.000   39.629    6.446    0    0  (Gen:  0)
   521208    178856   6884464  0.003  0.000   39.633    6.446    0    0  (Gen:  0)
   520704    142072   6965008  0.002  0.000   39.636    6.447    0    0  (Gen:  0)
   521112    129152   7023240  0.003  0.000   39.641    6.447    0    0  (Gen:  0)
   521224    132312   7076408  0.004  0.000   39.645    6.448    0    0  (Gen:  0)
   524728    160320   7156128  0.003  0.000   39.649    6.449    0    0  (Gen:  0)
   520584    131664   7215392  0.004  0.000   39.654    6.450    0    0  (Gen:  0)
   520680    136944   7269160  0.003  0.000   39.659    6.450    0    0  (Gen:  0)
   525056    163168   7351496  0.003  0.000   39.663    6.451    0    0  (Gen:  0)
   525312    136288   7406440  0.004  0.000   39.668    6.452    0    0  (Gen:  0)
   673200    141976   7499512  0.004  0.000   39.673    6.452    0    0  (Gen:  0)
   627872     29632   7488768  0.001  0.000   39.675    6.453    0    0  (Gen:  0)
   520384     47000   7508424  0.002  0.000   39.678    6.453    0    0  (Gen:  0)
   520472     93768   7569312  0.002  0.000   39.682    6.454    0    0  (Gen:  0)
   521024     60960   7598912  0.002  0.000   39.685    6.455    0    0  (Gen:  0)
   521160     71488   7622416  0.002  0.000   39.688    6.455    0    0  (Gen:  0)
   521032    106720   7681192  0.002  0.000   39.691    6.456    0    0  (Gen:  0)
   521280     78968   7713256  0.002  0.000   39.695    6.456    0    0  (Gen:  0)
   520824     94440   7752656  0.002  0.000   39.699    6.457    0    0  (Gen:  0)
   521440     72712   7803072  0.002  0.000   39.702    6.458    0    0  (Gen:  0)
   521072    119736   7861616  0.002  0.000   39.706    6.458    0    0  (Gen:  0)
   520688    112480   7916960  0.002  0.000   39.709    6.459    0    0  (Gen:  0)
   520544     89240   7960088  0.002  0.000   39.713    6.460    0    0  (Gen:  0)
   520944    116128   8014320  0.002  0.000   39.717    6.460    0    0  (Gen:  0)
   521408    119584   8089136  0.002  0.000   39.720    6.461    0    0  (Gen:  0)
   520176    107080   8136464  0.003  0.000   39.725    6.462    0    0  (Gen:  0)
   521304    109736   8177160  0.003  0.000   39.729    6.463    0    0  (Gen:  0)
   520840    138680   8246664  0.003  0.000   39.733    6.463    0    0  (Gen:  0)
   520520    110208   8291008  0.003  0.000   39.737    6.464    0    0  (Gen:  0)
   520728    124800   8344312  0.003  0.000   39.741    6.465    0    0  (Gen:  0)
   520856     98328   8405856  0.002  0.000   39.745    6.465    0    0  (Gen:  0)
   520472    143152   8475088  0.003  0.000   39.749    6.466    0    0  (Gen:  0)
   521216    130976   8541936  0.003  0.000   39.753    6.467    0    0  (Gen:  0)
   520576    102072   8598352  0.003  0.000   39.757    6.468    0    0  (Gen:  0)
   520680    146888   8673680  0.003  0.000   39.761    6.468    0    0  (Gen:  0)
   521328    142472   8744368  0.003  0.000   39.764    6.469    0    0  (Gen:  0)
   521400    113184   8799792  0.003  0.000   39.768    6.470    0    0  (Gen:  0)
   520920    124920   8848400  0.003  0.000   39.773    6.471    0    0  (Gen:  0)
   520144    147888   8920296  0.003  0.000   39.777    6.471    0    0  (Gen:  0)
   521016    118760   8972832  0.003  0.000   39.782    6.472    0    0  (Gen:  0)
   520664     96168   9064440  0.002  0.000   39.786    6.473    0    0  (Gen:  0)
   520592    142544   9144048  0.003  0.000   39.790    6.474    0    0  (Gen:  0)
   521336    131512   9197680  0.004  0.000   39.795    6.474    0    0  (Gen:  0)
   520168    142952   9262928  0.003  0.000   39.799    6.475    0    0  (Gen:  0)
   521384    115304   9331872  0.003  0.000   39.803    6.476    0    0  (Gen:  0)
   520424    170344   9422848  0.003  0.000   39.807    6.477    0    0  (Gen:  0)
   520336    142336   9495016  0.003  0.000   39.812    6.477    0    0  (Gen:  0)
   520344    111952   9563192  0.003  0.000   39.816    6.478    0    0  (Gen:  0)
   520704    161480   9642752  0.003  0.000   39.820    6.479    0    0  (Gen:  0)
   521232    154656   9721000  0.003  0.000   39.824    6.480    0    0  (Gen:  0)
   520784    124136   9786760  0.003  0.000   39.829    6.480    0    0  (Gen:  0)
   520672    107240   9889056  0.002  0.000   39.832    6.481    0    0  (Gen:  0)
   521032    146552   9971632  0.003  0.000   39.837    6.482    0    0  (Gen:  0)
   520744    134504  10032440  0.003  0.000   39.841    6.483    0    0  (Gen:  0)
   520592    139624  10088248  0.004  0.000   39.847    6.484    0    0  (Gen:  0)
   726152    123088  10131128  0.003  0.000   39.851    6.484    0    0  (Gen:  0)
   521144   4826328   5820280  0.015  0.001   39.867    6.486    0    0  (Gen:  1)
   520528     71832   5860016  0.002  0.000   39.870    6.487    0    0  (Gen:  0)
   520840     64080   5893936  0.002  0.000   39.873    6.487    0    0  (Gen:  0)
   520912     89040   5939920  0.002  0.000   39.876    6.488    0    0  (Gen:  0)
   520608     91304   5986576  0.002  0.000   39.879    6.488    0    0  (Gen:  0)
   520888     76592   6023272  0.002  0.000   39.882    6.489    0    0  (Gen:  0)
   521000     83552   6051368  0.002  0.000   39.886    6.490    0    0  (Gen:  0)
   520744    112760   6109688  0.002  0.000   39.889    6.490    0    0  (Gen:  0)
   520576     86312   6143680  0.002  0.000   39.893    6.491    0    0  (Gen:  0)
   520528     95816   6179792  0.002  0.000   39.896    6.492    0    0  (Gen:  0)
   520504     96840   6240848  0.002  0.000   39.899    6.492    0    0  (Gen:  0)
   520368    139984   6317952  0.002  0.000   39.903    6.493    0    0  (Gen:  0)
   521144    110264   6375992  0.002  0.000   39.906    6.493    0    0  (Gen:  0)
   521312     84880   6426168  0.002  0.000   39.910    6.494    0    0  (Gen:  0)
   520480    135752   6495768  0.002  0.000   39.913    6.495    0    0  (Gen:  0)
   520832    123256   6558072  0.002  0.000   39.917    6.495    0    0  (Gen:  0)
   520768    100712   6608152  0.003  0.000   39.920    6.496    0    0  (Gen:  0)
   521600    154864   6693392  0.002  0.000   39.924    6.497    0    0  (Gen:  0)
   520944    131944   6763072  0.002  0.000   39.927    6.497    0    0  (Gen:  0)
   521200    108600   6811696  0.003  0.000   39.932    6.498    0    0  (Gen:  0)
   521160    116112   6856928  0.003  0.000   39.936    6.499    0    0  (Gen:  0)
   525520    146368   6932072  0.002  0.000   39.940    6.500    0    0  (Gen:  0)
   521336    116088   6977296  0.003  0.000   39.945    6.500    0    0  (Gen:  0)
   520872    152288   7055600  0.004  0.000   39.950    6.501    0    0  (Gen:  0)
   520768     86960   7119360  0.002  0.000   39.953    6.502    0    0  (Gen:  0)
   520512    161680   7206960  0.002  0.000   39.956    6.502    0    0  (Gen:  0)
   520992    138664   7277272  0.002  0.000   39.960    6.503    0    0  (Gen:  0)
   520912    108672   7337384  0.003  0.000   39.964    6.504    0    0  (Gen:  0)
   521032    157368   7419280  0.002  0.000   39.968    6.504    0    0  (Gen:  0)
   521144    145600   7489304  0.002  0.000   39.971    6.505    0    0  (Gen:  0)
   521384    121016   7551832  0.003  0.000   39.976    6.506    0    0  (Gen:  0)
   521040    132120   7604592  0.004  0.000   39.981    6.507    0    0  (Gen:  0)
   525232    156048   7680616  0.002  0.000   39.985    6.507    0    0  (Gen:  0)
   521392    127112   7740144  0.003  0.000   39.989    6.508    0    0  (Gen:  0)
   521320    172800   7833784  0.003  0.000   39.993    6.509    0    0  (Gen:  0)
   521008    139856   7914912  0.002  0.000   39.997    6.510    0    0  (Gen:  0)
   520512    128080   7970128  0.003  0.000   40.002    6.510    0    0  (Gen:  0)
   524968    131944   8022768  0.003  0.000   40.007    6.511    0    0  (Gen:  0)
   520984    159168   8101912  0.002  0.000   40.011    6.512    0    0  (Gen:  0)
   520728    136560   8158784  0.004  0.000   40.016    6.513    0    0  (Gen:  0)
   524688    166192   8242240  0.002  0.000   40.020    6.513    0    0  (Gen:  0)
   521208    132896   8313144  0.002  0.000   40.023    6.514    0    0  (Gen:  0)
   522616    157568   8388752  0.002  0.000   40.027    6.515    0    0  (Gen:  0)
   726840    126624   8448896  0.003  0.000   40.032    6.516    0    0  (Gen:  0)
   520952     32824   8469088  0.002  0.000   40.035    6.516    0    0  (Gen:  0)
   520832     67288   8510840  0.002  0.000   40.038    6.517    0    0  (Gen:  0)
   520976     71112   8547720  0.001  0.000   40.040    6.517    0    0  (Gen:  0)
   520992     60872   8574088  0.002  0.000   40.044    6.518    0    0  (Gen:  0)
   521400     71944   8598464  0.002  0.000   40.048    6.519    0    0  (Gen:  0)
   521088    101072   8652064  0.002  0.000   40.051    6.519    0    0  (Gen:  0)
   521216     82704   8682480  0.002  0.000   40.055    6.520    0    0  (Gen:  0)
   520992    101080   8727136  0.002  0.000   40.058    6.521    0    0  (Gen:  0)
   521368     87224   8773656  0.002  0.000   40.062    6.521    0    0  (Gen:  0)
   520928    125520   8839472  0.002  0.000   40.065    6.522    0    0  (Gen:  0)
   520616    118712   8897952  0.002  0.000   40.068    6.523    0    0  (Gen:  0)
   520448     92072   8938424  0.002  0.000   40.072    6.523    0    0  (Gen:  0)
   521264    143136   9019664  0.002  0.000   40.076    6.524    0    0  (Gen:  0)
   521176    121288   9088192  0.002  0.000   40.079    6.525    0    0  (Gen:  0)
   520128    105960   9132456  0.003  0.000   40.083    6.525    0    0  (Gen:  0)
   521512    117312   9179912  0.003  0.000   40.088    6.526    0    0  (Gen:  0)
   520864     79600   9240728  0.002  0.000   40.092    6.527    0    0  (Gen:  0)
   520280    147080   9319192  0.002  0.000   40.097    6.528    0    0  (Gen:  0)
   520616    123992   9383008  0.002  0.000   40.101    6.528    0    0  (Gen:  0)
   521008    107224   9440600  0.002  0.000   40.106    6.529    0    0  (Gen:  0)
   520648    148984   9517560  0.002  0.000   40.110    6.530    0    0  (Gen:  0)
   524760    140856   9588456  0.002  0.000   40.114    6.531    0    0  (Gen:  0)
   521568    109152   9639984  0.003  0.000   40.120    6.532    0    0  (Gen:  0)
   520936    162944   9728712  0.002  0.000   40.124    6.533    0    0  (Gen:  0)
   521032    142848   9804432  0.002  0.000   40.129    6.533    0    0  (Gen:  0)
   521312    118752   9855792  0.003  0.000   40.134    6.534    0    0  (Gen:  0)
   521024    124072   9905192  0.003  0.000   40.140    6.535    0    0  (Gen:  0)
   520288    150096   9979776  0.002  0.000   40.144    6.536    0    0  (Gen:  0)
   520816    122968  10031824  0.003  0.000   40.150    6.537    0    0  (Gen:  0)
   520688    138832  10092320  0.002  0.000   40.154    6.538    0    0  (Gen:  0)
   520920    121248  10161680  0.002  0.000   40.159    6.539    0    0  (Gen:  0)
   521000    168896  10251792  0.002  0.000   40.164    6.539    0    0  (Gen:  0)
   523936    142584  10325920  0.002  0.000   40.168    6.540    0    0  (Gen:  0)
   521112    110984  10388328  0.003  0.000   40.173    6.541    0    0  (Gen:  0)
   521208    161360  10472296  0.002  0.000   40.178    6.542    0    0  (Gen:  0)
   520528    150120  10547752  0.002  0.000   40.183    6.543    0    0  (Gen:  0)
   520728    128624  10616832  0.002  0.000   40.187    6.544    0    0  (Gen:  0)
   520496    111672  10690416  0.002  0.000   40.192    6.545    0    0  (Gen:  0)
   525288    162944  10770696  0.002  0.000   40.197    6.545    0    0  (Gen:  0)
   521016    131328  10832912  0.003  0.000   40.203    6.546    0    0  (Gen:  0)
   521360    179016  10928512  0.003  0.000   40.208    6.547    0    0  (Gen:  0)
   525416    142984  11011248  0.002  0.000   40.212    6.548    0    0  (Gen:  0)
   525328    132160  11067768  0.003  0.000   40.218    6.549    0    0  (Gen:  0)
   545952    141352  11127096  0.004  0.000   40.224    6.550    0    0  (Gen:  0)
   520648     30408  11152080  0.001  0.000   40.228    6.551    0    0  (Gen:  0)
   520536     49032  11171648  0.002  0.000   40.232    6.551    0    0  (Gen:  0)
   520520     92264  11230848  0.002  0.000   40.236    6.552    0    0  (Gen:  0)
   520984     60744  11259208  0.002  0.000   40.240    6.552    0    0  (Gen:  0)
   520816     71256  11283416  0.002  0.000   40.245    6.553    0    0  (Gen:  0)
   521016     98624  11334424  0.002  0.000   40.249    6.554    0    0  (Gen:  0)
   520848     79352  11365816  0.002  0.000   40.253    6.554    0    0  (Gen:  0)
   520640     96496  11407928  0.002  0.000   40.257    6.555    0    0  (Gen:  0)
   520552     81224  11456896  0.002  0.000   40.261    6.555    0    0  (Gen:  0)
   520960    119680  11515216  0.002  0.000   40.265    6.556    0    0  (Gen:  0)
   520544   4195312   5181176  0.011  0.001   40.279    6.558    0    0  (Gen:  1)
   520744    100496   5217520  0.002  0.000   40.283    6.558    0    0  (Gen:  0)
   520680    144192   5300104  0.003  0.000   40.288    6.559    0    0  (Gen:  0)
   520888    121416   5367472  0.002  0.000   40.291    6.559    0    0  (Gen:  0)
   520848    109496   5414432  0.002  0.000   40.295    6.560    0    0  (Gen:  0)
   520752    109296   5455232  0.002  0.000   40.299    6.561    0    0  (Gen:  0)
   520744    138848   5525656  0.002  0.000   40.303    6.561    0    0  (Gen:  0)
   520504    112808   5569144  0.002  0.000   40.307    6.562    0    0  (Gen:  0)
   520864    126688   5625200  0.002  0.000   40.311    6.562    0    0  (Gen:  0)
   521224    100384   5685296  0.002  0.000   40.315    6.563    0    0  (Gen:  0)
   520368    143344   5754904  0.002  0.000   40.319    6.564    0    0  (Gen:  0)
   521136    135560   5822672  0.002  0.000   40.323    6.564    0    0  (Gen:  0)
   521024    121920   5878104  0.002  0.000   40.327    6.565    0    0  (Gen:  0)
   520696    146728   5951920  0.002  0.000   40.331    6.566    0    0  (Gen:  0)
   520712    139448   6027448  0.002  0.000   40.335    6.566    0    0  (Gen:  0)
   521848    120160   6082400  0.002  0.000   40.339    6.567    0    0  (Gen:  0)
   520864    124336   6130336  0.002  0.000   40.343    6.567    0    0  (Gen:  0)
   520720    149816   6204048  0.002  0.000   40.347    6.568    0    0  (Gen:  0)
   520592    123600   6257120  0.002  0.000   40.351    6.569    0    0  (Gen:  0)
   520992    166888   6347512  0.003  0.000   40.355    6.569    0    0  (Gen:  0)
   520264     79448   6421256  0.002  0.000   40.359    6.570    0    0  (Gen:  0)
   521472    154536   6496360  0.002  0.000   40.363    6.571    0    0  (Gen:  0)
   521088    142160   6566792  0.003  0.000   40.368    6.571    0    0  (Gen:  0)
   520464    110888   6633728  0.002  0.000   40.372    6.572    0    0  (Gen:  0)
   520672    166424   6721376  0.002  0.000   40.376    6.573    0    0  (Gen:  0)
   520752    148192   6796056  0.002  0.000   40.380    6.573    0    0  (Gen:  0)
   520984    127784   6863176  0.002  0.000   40.384    6.574    0    0  (Gen:  0)
   521584    163656   6946032  0.002  0.000   40.388    6.575    0    0  (Gen:  0)
   521128    156896   7024568  0.002  0.000   40.393    6.575    0    0  (Gen:  0)
   520672    131600   7089848  0.002  0.000   40.397    6.576    0    0  (Gen:  0)
   520840    139672   7145568  0.002  0.000   40.401    6.577    0    0  (Gen:  0)
   520920    160368   7224296  0.002  0.000   40.406    6.577    0    0  (Gen:  0)
   521176    130696   7285200  0.002  0.000   40.410    6.578    0    0  (Gen:  0)
   520632    140720   7342856  0.002  0.000   40.414    6.579    0    0  (Gen:  0)
   686000    164008   7422440  0.002  0.000   40.418    6.579    0    0  (Gen:  0)
   520896    136672   7483984  0.002  0.000   40.423    6.580    0    0  (Gen:  0)
   520824    173104   7573864  0.002  0.000   40.427    6.581    0    0  (Gen:  0)
   520896    157072   7655832  0.002  0.000   40.431    6.581    0    0  (Gen:  0)
   521144    136792   7714096  0.002  0.000   40.436    6.582    0    0  (Gen:  0)
   520512    146288   7777576  0.003  0.000   40.441    6.583    0    0  (Gen:  0)
   520088    101464   7855144  0.002  0.000   40.445    6.583    0    0  (Gen:  0)
   520656    180120   7951888  0.002  0.000   40.449    6.584    0    0  (Gen:  0)
   521176    150584   8027800  0.002  0.000   40.454    6.585    0    0  (Gen:  0)
   520528    126944   8101976  0.002  0.000   40.458    6.585    0    0  (Gen:  0)
   521040    170008   8184192  0.002  0.000   40.462    6.586    0    0  (Gen:  0)
   520776    158304   8262360  0.002  0.000   40.466    6.587    0    0  (Gen:  0)
   521040    136728   8331976  0.002  0.000   40.470    6.587    0    0  (Gen:  0)
   520912    170496   8416032  0.002  0.000   40.474    6.588    0    0  (Gen:  0)
   521096    163528   8497064  0.002  0.000   40.479    6.589    0    0  (Gen:  0)
   521648    139472   8563984  0.002  0.000   40.483    6.589    0    0  (Gen:  0)
   520680    146912   8623608  0.002  0.000   40.487    6.590    0    0  (Gen:  0)
   520552    168712   8707648  0.002  0.000   40.491    6.591    0    0  (Gen:  0)
   520304    143832   8773888  0.002  0.000   40.495    6.591    0    0  (Gen:  0)
   521864    189288   8874456  0.003  0.000   40.500    6.592    0    0  (Gen:  0)
   520928    168280   8961032  0.002  0.000   40.504    6.593    0    0  (Gen:  0)
   521360    150136   9025488  0.002  0.000   40.508    6.593    0    0  (Gen:  0)
   520904    148192   9086544  0.002  0.000   40.513    6.594    0    0  (Gen:  0)
   525112    176152   9176840  0.002  0.000   40.517    6.595    0    0  (Gen:  0)
   520776    150064   9239400  0.002  0.000   40.521    6.595    0    0  (Gen:  0)
   520736    184656   9335320  0.002  0.000   40.526    6.596    0    0  (Gen:  0)
   520888     96192   9427048  0.001  0.000   40.529    6.597    0    0  (Gen:  0)
   520712    156248   9515312  0.002  0.000   40.533    6.597    0    0  (Gen:  0)
   521064    159760   9594552  0.002  0.000   40.538    6.598    0    0  (Gen:  0)
   521000    159416   9674232  0.002  0.000   40.542    6.599    0    0  (Gen:  0)
   521024    194312   9779200  0.002  0.000   40.546    6.600    0    0  (Gen:  0)
   521104    167176   9857712  0.002  0.000   40.550    6.600    0    0  (Gen:  0)
   521328    147008   9937552  0.002  0.000   40.555    6.601    0    0  (Gen:  0)
   521296    190464  10035360  0.002  0.000   40.559    6.602    0    0  (Gen:  0)
   525176    168680  10119272  0.002  0.000   40.563    6.602    0    0  (Gen:  0)
   520696    151952  10195224  0.002  0.000   40.568    6.603    0    0  (Gen:  0)
   520464   5427096   6412920  0.014  0.001   40.584    6.605    0    0  (Gen:  1)
   520768    174424   6497008  0.002  0.000   40.589    6.606    0    0  (Gen:  0)
   520848    149640   6571904  0.002  0.000   40.593    6.606    0    0  (Gen:  0)
   520896    156232   6636040  0.002  0.000   40.597    6.607    0    0  (Gen:  0)
   525104    175040   6721368  0.002  0.000   40.601    6.608    0    0  (Gen:  0)
   520904    151336   6794344  0.002  0.000   40.605    6.608    0    0  (Gen:  0)
   520904    199024   6902176  0.002  0.000   40.609    6.609    0    0  (Gen:  0)
   523648    180416   6993880  0.002  0.000   40.613    6.610    0    0  (Gen:  0)
   525264    156384   7066248  0.002  0.000   40.618    6.610    0    0  (Gen:  0)
   529736    159992   7131520  0.002  0.000   40.622    6.611    0    0  (Gen:  0)
   985728    144040   7188280  0.003  0.000   40.627    6.612    0    0  (Gen:  0)
   521064     42736   7208128  0.001  0.000   40.630    6.612    0    0  (Gen:  0)
   520984     78072   7257528  0.002  0.000   40.633    6.613    0    0  (Gen:  0)
   521040     75640   7299488  0.001  0.000   40.637    6.613    0    0  (Gen:  0)
   521144     66576   7324872  0.001  0.000   40.640    6.614    0    0  (Gen:  0)
   520168     87048   7361584  0.001  0.000   40.643    6.614    0    0  (Gen:  0)
   521096     84000   7401464  0.001  0.000   40.646    6.615    0    0  (Gen:  0)
   521280    113216   7460640  0.002  0.000   40.650    6.615    0    0  (Gen:  0)
   520688    107120   7513992  0.002  0.000   40.654    6.616    0    0  (Gen:  0)
   520496     90592   7556528  0.002  0.000   40.657    6.617    0    0  (Gen:  0)
   521000     96240   7590576  0.002  0.000   40.661    6.617    0    0  (Gen:  0)
   521504    122616   7653680  0.002  0.000   40.664    6.618    0    0  (Gen:  0)
   520712     99056   7692160  0.002  0.000   40.668    6.618    0    0  (Gen:  0)
   520736    144384   7772776  0.003  0.000   40.673    6.619    0    0  (Gen:  0)
   520808     76664   7830928  0.001  0.000   40.676    6.620    0    0  (Gen:  0)
   520760     84624   7911248  0.001  0.000   40.680    6.620    0    0  (Gen:  0)
   520840    121928   7973040  0.002  0.000   40.684    6.621    0    0  (Gen:  0)
   520392    100056   8025976  0.002  0.000   40.687    6.621    0    0  (Gen:  0)
   520872    140960   8098984  0.002  0.000   40.691    6.622    0    0  (Gen:  0)
   520680    135560   8165216  0.002  0.000   40.695    6.623    0    0  (Gen:  0)
   521312    118960   8219408  0.002  0.000   40.699    6.623    0    0  (Gen:  0)
   520968    118720   8263096  0.002  0.000   40.702    6.624    0    0  (Gen:  0)
   718320    110504   8300816  0.002  0.000   40.707    6.624    0    0  (Gen:  0)
   520600     43312   8320288  0.001  0.000   40.710    6.625    0    0  (Gen:  0)
   520312     83576   8372416  0.002  0.000   40.714    6.626    0    0  (Gen:  0)
   520896     60448   8404784  0.001  0.000   40.717    6.626    0    0  (Gen:  0)
   520296     98264   8460728  0.002  0.000   40.721    6.627    0    0  (Gen:  0)
   520000     90648   8505072  0.002  0.000   40.724    6.628    0    0  (Gen:  0)
   520656     79288   8539800  0.001  0.000   40.728    6.628    0    0  (Gen:  0)
   521504     87152   8571360  0.002  0.000   40.732    6.629    0    0  (Gen:  0)
   521272    111392   8627792  0.001  0.000   40.735    6.630    0    0  (Gen:  0)
   521216     95424   8665664  0.002  0.000   40.738    6.630    0    0  (Gen:  0)
   525632    103744   8709320  0.002  0.000   40.742    6.631    0    0  (Gen:  0)
   521008     83032   8763848  0.002  0.000   40.745    6.631    0    0  (Gen:  0)
   520480    136128   8837616  0.002  0.000   40.749    6.632    0    0  (Gen:  0)
   520936    110088   8892856  0.002  0.000   40.752    6.633    0    0  (Gen:  0)
   521024     95936   8946344  0.002  0.000   40.756    6.633    0    0  (Gen:  0)
   520680    133376   9014368  0.002  0.000   40.760    6.634    0    0  (Gen:  0)
   525320    134376   9081368  0.002  0.000   40.763    6.635    0    0  (Gen:  0)
   521152    108488   9132088  0.003  0.000   40.767    6.635    0    0  (Gen:  0)
   521264    114776   9174976  0.003  0.000   40.772    6.636    0    0  (Gen:  0)
   524936    147992   9253536  0.002  0.000   40.775    6.637    0    0  (Gen:  0)
   525176    111704   9303624  0.003  0.000   40.779    6.637    0    0  (Gen:  0)
   588184    122888   9392904  0.003  0.000   40.784    6.638    0    0  (Gen:  0)
   698064     28472   9376792  0.001  0.000   40.786    6.639    0    0  (Gen:  0)
   520808     46032   9396488  0.002  0.000   40.789    6.639    0    0  (Gen:  0)
   521120     93296   9457352  0.002  0.000   40.793    6.640    0    0  (Gen:  0)
   520824     58328   9486304  0.002  0.000   40.796    6.640    0    0  (Gen:  0)
   520952     70800   9510248  0.002  0.000   40.799    6.641    0    0  (Gen:  0)
   521208    107824   9570128  0.002  0.000   40.802    6.641    0    0  (Gen:  0)
   520504     82104   9602496  0.002  0.000   40.806    6.642    0    0  (Gen:  0)
   520960    128200   9678008  0.003  0.000   40.810    6.643    0    0  (Gen:  0)
   520768     69840   9729544  0.002  0.000   40.813    6.643    0    0  (Gen:  0)
   521096    118776   9787648  0.002  0.000   40.817    6.644    0    0  (Gen:  0)
   521208    108232   9841368  0.002  0.000   40.820    6.645    0    0  (Gen:  0)
   520520     84352   9886528  0.002  0.000   40.824    6.645    0    0  (Gen:  0)
   520640    127480   9953800  0.002  0.000   40.827    6.646    0    0  (Gen:  0)
   520792    126464  10016008  0.002  0.000   40.831    6.646    0    0  (Gen:  0)
   520832    102360  10063568  0.003  0.000   40.835    6.647    0    0  (Gen:  0)
   520584    109440  10104520  0.003  0.000   40.839    6.648    0    0  (Gen:  0)
   521192    142840  10177960  0.002  0.000   40.843    6.648    0    0  (Gen:  0)
   520256    110224  10222592  0.003  0.000   40.847    6.649    0    0  (Gen:  0)
   521008    122936  10273880  0.002  0.000   40.851    6.650    0    0  (Gen:  0)
   520984    101384  10335904  0.002  0.000   40.854    6.650    0    0  (Gen:  0)
   520976    142304  10406056  0.002  0.000   40.858    6.651    0    0  (Gen:  0)
   841848    111768  10467728  0.003  0.000   40.863    6.652    0    0  (Gen:  0)
   619680     32432  10480304  0.002  0.000   40.865    6.652    0    0  (Gen:  0)
   521320     46776  10501600  0.002  0.000   40.868    6.653    0    0  (Gen:  0)
   520776     94488  10564120  0.002  0.000   40.872    6.653    0    0  (Gen:  0)
   520736     59688  10592256  0.002  0.000   40.875    6.654    0    0  (Gen:  0)
   520688     71096  10618072  0.002  0.000   40.878    6.654    0    0  (Gen:  0)
   520680    101088  10669792  0.002  0.000   40.881    6.655    0    0  (Gen:  0)
   520816     80400  10702168  0.002  0.000   40.885    6.655    0    0  (Gen:  0)
   521224     89840  10737528  0.002  0.000   40.889    6.656    0    0  (Gen:  0)
   521072     67408  10789768  0.002  0.000   40.892    6.657    0    0  (Gen:  0)
   521128    116272  10845432  0.002  0.000   40.895    6.657    0    0  (Gen:  0)
   520544    117200  10912696  0.002  0.000   40.898    6.658    0    0  (Gen:  0)
   521352     99968  10961112  0.002  0.000   40.902    6.658    0    0  (Gen:  0)
   519792    130312  11027856  0.002  0.000   40.905    6.659    0    0  (Gen:  0)
   521032    137440  11102560  0.002  0.000   40.909    6.659    0    0  (Gen:  0)
   520944    108792  11149336  0.003  0.000   40.912    6.660    0    0  (Gen:  0)
   520152    109928  11190224  0.003  0.000   40.917    6.661    0    0  (Gen:  0)
   520712    135720  11258032  0.002  0.000   40.920    6.661    0    0  (Gen:  0)
   521200    108536  11302408  0.002  0.000   40.924    6.662    0    0  (Gen:  0)
   520552    117928  11348072  0.003  0.000   40.928    6.662    0    0  (Gen:  0)
   521048     89264  11410856  0.002  0.000   40.931    6.663    0    0  (Gen:  0)
   521144    156016  11496376  0.002  0.000   40.935    6.664    0    0  (Gen:  0)
   525488    131256  11563576  0.003  0.000   40.939    6.664    0    0  (Gen:  0)
   520472     95416  11621392  0.002  0.000   40.942    6.665    0    0  (Gen:  0)
   520824    151704  11701040  0.003  0.000   40.946    6.665    0    0  (Gen:  0)
   520752    136792  11768536  0.002  0.000   40.950    6.666    0    0  (Gen:  0)
   520568    112408  11825656  0.003  0.000   40.954    6.667    0    0  (Gen:  0)
   520680    126008  11873848  0.003  0.000   40.958    6.667    0    0  (Gen:  0)
   520568    158920  11955096  0.003  0.000   40.962    6.668    0    0  (Gen:  0)
   521368    114176  12009088  0.003  0.000   40.966    6.668    0    0  (Gen:  0)
   521472    130712  12061488  0.003  0.000   40.970    6.669    0    0  (Gen:  0)
   520648    154808  12139664  0.002  0.000   40.974    6.670    0    0  (Gen:  0)
   521000    129472  12194944  0.003  0.000   40.978    6.670    0    0  (Gen:  0)
   525080    138280  12254384  0.003  0.000   40.983    6.671    0    0  (Gen:  0)
   521216     85888  12325136  0.002  0.000   40.986    6.672    0    0  (Gen:  0)
   521288    153096  12399696  0.003  0.000   40.990    6.672    0    0  (Gen:  0)
   520776    146968  12483400  0.003  0.000   40.994    6.673    0    0  (Gen:  0)
   520888    111752  12551624  0.003  0.000   40.998    6.674    0    0  (Gen:  0)
   521024    157152  12627056  0.003  0.000   41.002    6.674    0    0  (Gen:  0)
   525256   4701968   5699936  0.015  0.001   41.018    6.676    0    0  (Gen:  1)
   520632    133448   5753384  0.003  0.000   41.024    6.677    0    0  (Gen:  0)
   520448    137816   5809328  0.003  0.000   41.028    6.677    0    0  (Gen:  0)
   524752    169096   5899864  0.002  0.000   41.032    6.678    0    0  (Gen:  0)
   525584    123552   5961392  0.003  0.000   41.036    6.679    0    0  (Gen:  0)
   529128    139112   6016784  0.003  0.000   41.041    6.679    0    0  (Gen:  0)
   775064    131488   6070640  0.003  0.000   41.045    6.680    0    0  (Gen:  0)
   521008     41864   6090616  0.002  0.000   41.048    6.681    0    0  (Gen:  0)
   520696     77536   6138248  0.002  0.000   41.051    6.681    0    0  (Gen:  0)
   520976     71360   6175152  0.001  0.000   41.053    6.682    0    0  (Gen:  0)
   521216     65840   6236864  0.001  0.000   41.056    6.682    0    0  (Gen:  0)
   521136     86768   6280520  0.001  0.000   41.058    6.683    0    0  (Gen:  0)
   521160     75928   6318376  0.002  0.000   41.061    6.683    0    0  (Gen:  0)
   521160     85216   6348944  0.002  0.000   41.065    6.684    0    0  (Gen:  0)
   521312    120192   6412864  0.002  0.000   41.068    6.685    0    0  (Gen:  0)
   520528     91840   6452696  0.002  0.000   41.072    6.685    0    0  (Gen:  0)
   521192     96224   6484776  0.003  0.000   41.076    6.686    0    0  (Gen:  0)
   520808    122648   6547512  0.002  0.000   41.079    6.687    0    0  (Gen:  0)
   520608    101696   6584920  0.003  0.000   41.083    6.687    0    0  (Gen:  0)
   521464    144200   6664704  0.002  0.000   41.086    6.688    0    0  (Gen:  0)
   520704    107392   6715376  0.002  0.000   41.090    6.689    0    0  (Gen:  0)
   520552    136120   6786296  0.002  0.000   41.093    6.689    0    0  (Gen:  0)
   521208    128856   6850320  0.002  0.000   41.097    6.690    0    0  (Gen:  0)
   520456    100544   6900632  0.003  0.000   41.102    6.691    0    0  (Gen:  0)
   520616    112736   6942952  0.003  0.000   41.107    6.692    0    0  (Gen:  0)
   520888    151848   7025384  0.002  0.000   41.111    6.692    0    0  (Gen:  0)
   520504    115240   7076472  0.003  0.000   41.116    6.693    0    0  (Gen:  0)
   520920    137680   7140152  0.002  0.000   41.120    6.694    0    0  (Gen:  0)
   521280    130376   7214752  0.002  0.000   41.124    6.695    0    0  (Gen:  0)
   520352    118712   7260480  0.003  0.000   41.129    6.695    0    0  (Gen:  0)
   521272    159616   7347400  0.002  0.000   41.133    6.696    0    0  (Gen:  0)
   520904     87264   7408536  0.002  0.000   41.137    6.697    0    0  (Gen:  0)
   521128    149592   7482632  0.002  0.000   41.141    6.698    0    0  (Gen:  0)
   520736    133888   7550072  0.002  0.000   41.145    6.698    0    0  (Gen:  0)
   520768     99248   7605440  0.003  0.000   41.150    6.699    0    0  (Gen:  0)
   520392    151360   7681864  0.002  0.000   41.154    6.700    0    0  (Gen:  0)
   520768    157664   7765592  0.002  0.000   41.158    6.701    0    0  (Gen:  0)
   521016    117504   7825944  0.003  0.000   41.163    6.702    0    0  (Gen:  0)
   520832    129320   7876680  0.003  0.000   41.168    6.702    0    0  (Gen:  0)
   520832    167240   7966144  0.002  0.000   41.173    6.703    0    0  (Gen:  0)
   520896    124072   8021232  0.003  0.000   41.178    6.704    0    0  (Gen:  0)
   520280    156048   8096112  0.002  0.000   41.182    6.705    0    0  (Gen:  0)
   520168    144704   8179608  0.003  0.000   41.186    6.706    0    0  (Gen:  0)
   520768    136776   8236888  0.003  0.000   41.192    6.707    0    0  (Gen:  0)
   520856    165760   8320512  0.002  0.000   41.196    6.707    0    0  (Gen:  0)
   521384     97416   8394424  0.003  0.000   41.200    6.708    0    0  (Gen:  0)
   520336    176856   8489560  0.002  0.000   41.204    6.709    0    0  (Gen:  0)
   521184    153096   8579824  0.002  0.000   41.208    6.710    0    0  (Gen:  0)
   520408    101816   8648016  0.002  0.000   41.212    6.710    0    0  (Gen:  0)
   520720    170560   8737880  0.002  0.000   41.217    6.711    0    0  (Gen:  0)
   726608    131792   8791744  0.002  0.000   41.220    6.712    0    0  (Gen:  0)
   520632     36432   8811504  0.001  0.000   41.223    6.712    0    0  (Gen:  0)
   521128     60208   8867568  0.001  0.000   41.226    6.713    0    0  (Gen:  0)
   520400     69944   8914968  0.001  0.000   41.229    6.714    0    0  (Gen:  0)
   520856     61240   8939816  0.002  0.000   41.232    6.714    0    0  (Gen:  0)
   520880    106504   9000600  0.001  0.000   41.236    6.715    0    0  (Gen:  0)
   520400     63288   9046880  0.002  0.000   41.239    6.716    0    0  (Gen:  0)
   521248    119648   9112616  0.002  0.000   41.243    6.717    0    0  (Gen:  0)
   520568     98512   9163576  0.001  0.000   41.246    6.717    0    0  (Gen:  0)
   520984     75672   9205920  0.001  0.000   41.249    6.718    0    0  (Gen:  0)
   520408     79712   9281528  0.001  0.000   41.252    6.719    0    0  (Gen:  0)
   520328    103760   9355480  0.002  0.000   41.255    6.719    0    0  (Gen:  0)
   520800     89032   9396848  0.002  0.000   41.259    6.720    0    0  (Gen:  0)
   520664    136128   9469328  0.002  0.000   41.263    6.721    0    0  (Gen:  0)
   521256    111336   9535248  0.002  0.000   41.267    6.721    0    0  (Gen:  0)
   521096    120240   9593992  0.002  0.000   41.270    6.722    0    0  (Gen:  0)
   520392    115240   9665784  0.001  0.000   41.273    6.723    0    0  (Gen:  0)
   520544     79064   9723632  0.002  0.000   41.277    6.724    0    0  (Gen:  0)
   521704    148736   9804872  0.002  0.000   41.281    6.724    0    0  (Gen:  0)
   520816    119496   9864088  0.001  0.000   41.284    6.725    0    0  (Gen:  0)
   521304     89832   9918720  0.002  0.000   41.288    6.726    0    0  (Gen:  0)
   521112    138728   9987032  0.002  0.000   41.291    6.727    0    0  (Gen:  0)
   525424    149128  10070680  0.002  0.000   41.295    6.727    0    0  (Gen:  0)
   521456    106680  10121376  0.003  0.000   41.299    6.728    0    0  (Gen:  0)
   521096    163864  10213792  0.002  0.000   41.303    6.729    0    0  (Gen:  0)
   520784    116368  10287176  0.002  0.000   41.306    6.730    0    0  (Gen:  0)
   520536    110800  10338856  0.003  0.000   41.311    6.730    0    0  (Gen:  0)
   520888    158536  10424840  0.002  0.000   41.314    6.731    0    0  (Gen:  0)
   520912    134528  10501328  0.002  0.000   41.318    6.732    0    0  (Gen:  0)
   520920    123608  10553256  0.003  0.000   41.323    6.733    0    0  (Gen:  0)
   521280    160224  10635752  0.002  0.000   41.327    6.734    0    0  (Gen:  0)
   521136    118016  10705272  0.002  0.000   41.331    6.734    0    0  (Gen:  0)
   521248    155208  10779952  0.002  0.000   41.335    6.735    0    0  (Gen:  0)
   525344    138888  10851528  0.002  0.000   41.338    6.736    0    0  (Gen:  0)
   521224     98248  10916664  0.002  0.000   41.342    6.737    0    0  (Gen:  0)
   520832    164472  11002664  0.002  0.000   41.346    6.738    0    0  (Gen:  0)
   521408    156872  11088640  0.002  0.000   41.350    6.738    0    0  (Gen:  0)
   520856    114608  11151136  0.003  0.000   41.354    6.739    0    0  (Gen:  0)
   520824    131696  11201608  0.003  0.000   41.359    6.740    0    0  (Gen:  0)
   524864   5503328   6501088  0.013  0.001   41.374    6.742    0    0  (Gen:  1)
   520680    173264   6596368  0.002  0.000   41.378    6.743    0    0  (Gen:  0)
   520760    127368   6676152  0.002  0.000   41.381    6.743    0    0  (Gen:  0)
   525080    138584   6757816  0.002  0.000   41.385    6.744    0    0  (Gen:  0)
   525032    126896   6816192  0.003  0.000   41.389    6.745    0    0  (Gen:  0)
   533264    173616   6907280  0.002  0.000   41.393    6.746    0    0  (Gen:  0)
   713976     98672   6946936  0.001  0.000   41.396    6.747    0    0  (Gen:  0)
   520432     45064   6967000  0.002  0.000   41.400    6.747    0    0  (Gen:  0)
   520472     85656   7021960  0.001  0.000   41.403    6.748    0    0  (Gen:  0)
   520848     48432   7053432  0.002  0.000   41.406    6.748    0    0  (Gen:  0)
   520672     95160   7104384  0.002  0.000   41.409    6.749    0    0  (Gen:  0)
   520840     92048   7150560  0.001  0.000   41.412    6.750    0    0  (Gen:  0)
   521248     72328   7185768  0.002  0.000   41.416    6.751    0    0  (Gen:  0)
   521160    122368   7255504  0.002  0.000   41.420    6.751    0    0  (Gen:  0)
   521096    105024   7315256  0.002  0.000   41.423    6.752    0    0  (Gen:  0)
   520968     92400   7350808  0.002  0.000   41.427    6.753    0    0  (Gen:  0)
   521144    130856   7418600  0.002  0.000   41.430    6.753    0    0  (Gen:  0)
   520648     80984   7470328  0.002  0.000   41.434    6.754    0    0  (Gen:  0)
   520640     77248   7543672  0.002  0.000   41.438    6.755    0    0  (Gen:  0)
   521456    117208   7605536  0.002  0.000   41.441    6.756    0    0  (Gen:  0)
   520424     95384   7656568  0.002  0.000   41.445    6.756    0    0  (Gen:  0)
   521040    122568   7726024  0.002  0.000   41.448    6.757    0    0  (Gen:  0)
   520768    121856   7807088  0.002  0.000   41.451    6.758    0    0  (Gen:  0)
   520544    104112   7854992  0.003  0.000   41.455    6.758    0    0  (Gen:  0)
   520672    113528   7898048  0.003  0.000   41.459    6.759    0    0  (Gen:  0)
   521000    140856   7968568  0.002  0.000   41.462    6.760    0    0  (Gen:  0)
   520592    133768   8034352  0.002  0.000   41.465    6.760    0    0  (Gen:  0)
   524832    135488   8114200  0.003  0.000   41.469    6.761    0    0  (Gen:  0)
   521368     93752   8176448  0.002  0.000   41.472    6.762    0    0  (Gen:  0)
   520640    157368   8261368  0.003  0.000   41.476    6.762    0    0  (Gen:  0)
   521512    130312   8330624  0.003  0.000   41.479    6.763    0    0  (Gen:  0)
   521040    104752   8388600  0.003  0.000   41.483    6.764    0    0  (Gen:  0)
   521168    152536   8466528  0.003  0.000   41.486    6.764    0    0  (Gen:  0)
   520320    144152   8534816  0.002  0.000   41.490    6.765    0    0  (Gen:  0)
   521048    110888   8588376  0.003  0.000   41.494    6.766    0    0  (Gen:  0)
   520456    167728   8680008  0.003  0.000   41.498    6.767    0    0  (Gen:  0)
   520880    136664   8765288  0.002  0.000   41.501    6.767    0    0  (Gen:  0)
   520896    124264   8821544  0.003  0.000   41.505    6.768    0    0  (Gen:  0)
   520488    131304   8874192  0.003  0.000   41.510    6.769    0    0  (Gen:  0)
   524776    161840   8956416  0.003  0.000   41.514    6.770    0    0  (Gen:  0)
   521272    132832   9011496  0.003  0.000   41.518    6.770    0    0  (Gen:  0)
   520592    173104   9103728  0.003  0.000   41.522    6.771    0    0  (Gen:  0)
   520464    143000   9176680  0.003  0.000   41.525    6.772    0    0  (Gen:  0)
   520904    173032   9266920  0.003  0.000   41.529    6.772    0    0  (Gen:  0)
   524728    144752   9344208  0.003  0.000   41.533    6.773    0    0  (Gen:  0)
   521184    113392   9411776  0.003  0.000   41.537    6.774    0    0  (Gen:  0)
   521320    170680   9501560  0.003  0.000   41.541    6.775    0    0  (Gen:  0)
   525584    149600   9576392  0.003  0.000   41.545    6.775    0    0  (Gen:  0)
   524944    115128   9641608  0.003  0.000   41.548    6.776    0    0  (Gen:  0)
   525536    139712   9696648  0.004  0.000   41.553    6.777    0    0  (Gen:  0)
   541368    140064   9753136  0.003  0.000   41.557    6.777    0    0  (Gen:  0)
   520672     42560   9772992  0.002  0.000   41.560    6.778    0    0  (Gen:  0)
   520576     83424   9826488  0.002  0.000   41.563    6.778    0    0  (Gen:  0)
   520512     51432   9861552  0.002  0.000   41.565    6.779    0    0  (Gen:  0)
   520824    100800   9919968  0.002  0.000   41.568    6.779    0    0  (Gen:  0)
   521184     92144   9964280  0.002  0.000   41.571    6.780    0    0  (Gen:  0)
   521208     74024  10001664  0.002  0.000   41.574    6.780    0    0  (Gen:  0)
   520728    128032  10075968  0.003  0.000   41.577    6.781    0    0  (Gen:  0)
   520168     99616  10135616  0.002  0.000   41.579    6.781    0    0  (Gen:  0)
   520928     91352  10174928  0.002  0.000   41.582    6.782    0    0  (Gen:  0)
   520456    102112  10213384  0.003  0.000   41.586    6.782    0    0  (Gen:  0)
   520744     65680  10270792  0.002  0.000   41.589    6.783    0    0  (Gen:  0)
   520568     82408  10349152  0.002  0.000   41.591    6.783    0    0  (Gen:  0)
   521240    111024  10409000  0.002  0.000   41.594    6.784    0    0  (Gen:  0)
   520632     88256  10458928  0.002  0.000   41.597    6.784    0    0  (Gen:  0)
   520992    134512  10527864  0.002  0.000   41.600    6.785    0    0  (Gen:  0)
   520384    128928  10593696  0.002  0.000   41.603    6.785    0    0  (Gen:  0)
   520784    104496  10642232  0.003  0.000   41.606    6.786    0    0  (Gen:  0)
   520904    113640  10684600  0.003  0.000   41.610    6.786    0    0  (Gen:  0)
   520856    146448  10760704  0.002  0.000   41.613    6.787    0    0  (Gen:  0)
   520688    119080  10811136  0.003  0.000   41.617    6.787    0    0  (Gen:  0)
   520880    122424  10860224  0.003  0.000   41.621    6.788    0    0  (Gen:  0)
   521208     78296  10928672  0.002  0.000   41.624    6.788    0    0  (Gen:  0)
   520832    155192  11011240  0.002  0.000   41.627    6.789    0    0  (Gen:  0)
   520656    133872  11077472  0.003  0.000   41.631    6.790    0    0  (Gen:  0)
   521392     99784  11138216  0.002  0.000   41.634    6.790    0    0  (Gen:  0)
   521208    157944  11221064  0.002  0.000   41.638    6.791    0    0  (Gen:  0)
   521008    137872  11288976  0.002  0.000   41.641    6.791    0    0  (Gen:  0)
   520328    118744  11346640  0.003  0.000   41.645    6.792    0    0  (Gen:  0)
   521072    174496  11444752  0.003  0.000   41.649    6.792    0    0  (Gen:  0)
   520320    124376  11524296  0.002  0.000   41.652    6.793    0    0  (Gen:  0)
   521312    120448  11583512  0.003  0.000   41.655    6.793    0    0  (Gen:  0)
   520840    129704  11634480  0.003  0.000   41.660    6.794    0    0  (Gen:  0)
   521208    160160  11715128  0.002  0.000   41.663    6.795    0    0  (Gen:  0)
   520408    125600  11770440  0.003  0.000   41.667    6.795    0    0  (Gen:  0)
   520872    172576  11863112  0.003  0.000   41.671    6.796    0    0  (Gen:  0)
   520840    153336  11944216  0.003  0.000   41.674    6.796    0    0  (Gen:  0)
   521088    139296  12000680  0.003  0.000   41.678    6.797    0    0  (Gen:  0)
   521592    169736  12087472  0.003  0.000   41.682    6.798    0    0  (Gen:  0)
   520848    136280  12158080  0.003  0.000   41.686    6.798    0    0  (Gen:  0)
   520688    169416  12245392  0.003  0.000   41.689    6.799    0    0  (Gen:  0)
   520752    147240  12318512  0.003  0.000   41.693    6.799    0    0  (Gen:  0)
   521176    113320  12383768  0.003  0.000   41.696    6.800    0    0  (Gen:  0)
   520744    163880  12466768  0.003  0.000   41.700    6.800    0    0  (Gen:  0)
   685592    151352  12539096  0.003  0.000   41.703    6.801    0    0  (Gen:  0)
   521040    113960  12608184  0.003  0.000   41.707    6.802    0    0  (Gen:  0)
   521240    168984  12693816  0.003  0.000   41.711    6.802    0    0  (Gen:  0)
   520816    157208  12769784  0.002  0.000   41.714    6.803    0    0  (Gen:  0)
   520848    127112  12834376  0.003  0.000   41.718    6.803    0    0  (Gen:  0)
   520800   4882088   5867928  0.015  0.001   41.734    6.805    0    0  (Gen:  1)
   520096    162696   5947072  0.002  0.000   41.738    6.806    0    0  (Gen:  0)
   520640    134200   6011528  0.003  0.000   41.741    6.806    0    0  (Gen:  0)
   521120    143168   6070808  0.003  0.000   41.746    6.807    0    0  (Gen:  0)
   520752    173608   6157944  0.002  0.000   41.749    6.807    0    0  (Gen:  0)
   520416    141832   6219480  0.003  0.000   41.753    6.808    0    0  (Gen:  0)
   521184    146680   6278336  0.003  0.000   41.757    6.809    0    0  (Gen:  0)
   521008    174280   6368192  0.002  0.000   41.761    6.809    0    0  (Gen:  0)
   521136    143168   6425544  0.003  0.000   41.765    6.810    0    0  (Gen:  0)
   520704    177112   6515880  0.002  0.000   41.768    6.810    0    0  (Gen:  0)
   521416    137136   6591528  0.002  0.000   41.771    6.811    0    0  (Gen:  0)
   520968    168808   6673936  0.002  0.000   41.774    6.811    0    0  (Gen:  0)
   520816    147648   6750728  0.002  0.000   41.777    6.812    0    0  (Gen:  0)
   520208    120200   6822656  0.002  0.000   41.780    6.813    0    0  (Gen:  0)
   521432    172280   6907880  0.002  0.000   41.783    6.813    0    0  (Gen:  0)
   521264    154424   6986376  0.002  0.000   41.786    6.814    0    0  (Gen:  0)
   520920    124288   7056320  0.003  0.000   41.790    6.814    0    0  (Gen:  0)
   521416    172096   7140816  0.002  0.000   41.793    6.815    0    0  (Gen:  0)
   525096    167384   7226112  0.002  0.000   41.796    6.815    0    0  (Gen:  0)
   520648    130040   7294928  0.003  0.000   41.800    6.816    0    0  (Gen:  0)
   520688    193616   7400232  0.002  0.000   41.803    6.816    0    0  (Gen:  0)
   520680    171360   7489976  0.002  0.000   41.806    6.817    0    0  (Gen:  0)
   520936    142464   7560352  0.003  0.000   41.810    6.818    0    0  (Gen:  0)
   521208    153096   7622992  0.003  0.000   41.814    6.818    0    0  (Gen:  0)
   521176    179424   7712224  0.002  0.000   41.817    6.819    0    0  (Gen:  0)
   520872    145648   7779848  0.003  0.000   41.821    6.819    0    0  (Gen:  0)
   520920    155736   7843432  0.003  0.000   41.825    6.820    0    0  (Gen:  0)
   521352    182928   7938504  0.002  0.000   41.828    6.820    0    0  (Gen:  0)
   521248    154592   8009456  0.003  0.000   41.833    6.821    0    0  (Gen:  0)
   521432    156992   8073280  0.003  0.000   41.837    6.822    0    0  (Gen:  0)
   524608    184488   8166112  0.003  0.000   41.840    6.822    0    0  (Gen:  0)
   520704    158096   8235296  0.004  0.000   41.844    6.823    0    0  (Gen:  0)
   520504    193568   8337416  0.004  0.000   41.849    6.824    0    0  (Gen:  0)
   520904    115608   8423384  0.002  0.000   41.852    6.824    0    0  (Gen:  0)
   521048    178456   8507160  0.002  0.000   41.856    6.825    0    0  (Gen:  0)
   524888    168648   8600848  0.002  0.000   41.859    6.825    0    0  (Gen:  0)
   521120    145616   8679256  0.002  0.000   41.862    6.826    0    0  (Gen:  0)
   520536    185544   8773344  0.002  0.000   41.865    6.826    0    0  (Gen:  0)
   524040    155296   8855056  0.003  0.000   41.869    6.827    0    0  (Gen:  0)
   520704    126048   8932120  0.003  0.000   41.872    6.828    0    0  (Gen:  0)
   529920    181888   9021600  0.003  0.000   41.876    6.828    0    0  (Gen:  0)
   942384    140560   9082544  0.003  0.000   41.880    6.829    0    0  (Gen:  0)
   566160     34808   9105840  0.001  0.000   41.882    6.829    0    0  (Gen:  0)
   520344     62824   9144720  0.001  0.000   41.884    6.830    0    0  (Gen:  0)
   521000     78544   9191296  0.001  0.000   41.886    6.830    0    0  (Gen:  0)
   521024     64776   9218472  0.002  0.000   41.888    6.830    0    0  (Gen:  0)
   520632     70752   9242672  0.002  0.000   41.891    6.831    0    0  (Gen:  0)
   520344     99216   9295504  0.002  0.000   41.893    6.831    0    0  (Gen:  0)
   520992     79112   9325888  0.002  0.000   41.896    6.832    0    0  (Gen:  0)
   520392     96472   9368792  0.002  0.000   41.899    6.832    0    0  (Gen:  0)
   520672     85224   9417528  0.001  0.000   41.902    6.833    0    0  (Gen:  0)
   520640    128512   9486376  0.002  0.000   41.904    6.833    0    0  (Gen:  0)
   521616    110112   9541712  0.002  0.000   41.907    6.834    0    0  (Gen:  0)
   521184     89824   9586640  0.002  0.000   41.910    6.834    0    0  (Gen:  0)
   520296     91472   9673640  0.002  0.000   41.912    6.835    0    0  (Gen:  0)
   520760    106184   9741560  0.002  0.000   41.915    6.835    0    0  (Gen:  0)
   520784    102040   9788264  0.002  0.000   41.918    6.836    0    0  (Gen:  0)
   520872    109136   9828664  0.003  0.000   41.921    6.836    0    0  (Gen:  0)
   520752    139112   9898864  0.002  0.000   41.924    6.837    0    0  (Gen:  0)
   520920    111528   9942064  0.003  0.000   41.928    6.837    0    0  (Gen:  0)
   520208    127272   9998752  0.002  0.000   41.930    6.838    0    0  (Gen:  0)
   521304     99200  10058472  0.002  0.000   41.933    6.838    0    0  (Gen:  0)
   521176    143624  10128576  0.002  0.000   41.936    6.839    0    0  (Gen:  0)
   718136    114776  10181112  0.003  0.000   41.940    6.839    0    0  (Gen:  0)
   521088     33696  10199184  0.001  0.000   41.942    6.840    0    0  (Gen:  0)
   520128     47816  10220096  0.002  0.000   41.944    6.840    0    0  (Gen:  0)
   520680     86696  10272192  0.001  0.000   41.947    6.841    0    0  (Gen:  0)
   520624     64664  10299264  0.004  0.000   41.951    6.842    0    0  (Gen:  0)
   520208     78616  10329696  0.002  0.000   41.954    6.842    0    0  (Gen:  0)
   520032     63968  10374088  0.002  0.000   41.956    6.843    0    0  (Gen:  0)
   521080     73072  10443040  0.002  0.000   41.959    6.843    0    0  (Gen:  0)
   521848    100112  10492264  0.002  0.000   41.961    6.844    0    0  (Gen:  0)
   521264     85400  10536936  0.002  0.000   41.964    6.844    0    0  (Gen:  0)
   521248     95072  10570720  0.002  0.000   41.968    6.845    0    0  (Gen:  0)
   525384    123376  10631440  0.001  0.000   41.970    6.846    0    0  (Gen:  0)
   520464     94552  10672704  0.002  0.000   41.973    6.846    0    0  (Gen:  0)
   520920    136304  10746024  0.002  0.000   41.976    6.847    0    0  (Gen:  0)
   520888    125920  10814040  0.002  0.000   41.979    6.847    0    0  (Gen:  0)
   520872    108736  10855888  0.003  0.000   41.983    6.848    0    0  (Gen:  0)
   525192    125616  10913040  0.002  0.000   41.986    6.849    0    0  (Gen:  0)
   521360     97512  10970120  0.002  0.000   41.989    6.849    0    0  (Gen:  0)
   520952    138544  11037760  0.002  0.000   41.992    6.850    0    0  (Gen:  0)
   525240    127408  11099824  0.002  0.000   41.995    6.851    0    0  (Gen:  0)
   525088    102600  11154472  0.002  0.000   41.998    6.851    0    0  (Gen:  0)
   529040    118264  11199376  0.003  0.000   42.002    6.852    0    0  (Gen:  0)
   759288    112208  11241872  0.003  0.000   42.006    6.853    0    0  (Gen:  0)
   521208     40624  11261384  0.002  0.000   42.008    6.853    0    0  (Gen:  0)
   520520     75192  11306872  0.001  0.000   42.011    6.854    0    0  (Gen:  0)
   520584     74344  11347320  0.002  0.000   42.013    6.854    0    0  (Gen:  0)
   521216     67424  11371960  0.002  0.000   42.016    6.855    0    0  (Gen:  0)
   520472    120024  11442624  0.002  0.000   42.019    6.855    0    0  (Gen:  0)
   521056     76312  11480376  0.002  0.000   42.022    6.856    0    0  (Gen:  0)
   520408    127544  11553712  0.002  0.000   42.025    6.856    0    0  (Gen:  0)
   520976   4554520   5552600  0.014  0.001   42.040    6.858    0    0  (Gen:  1)
   520712    108776   5603112  0.002  0.000   42.043    6.859    0    0  (Gen:  0)
   521032    103584   5662536  0.002  0.000   42.045    6.859    0    0  (Gen:  0)
   521584    115296   5728496  0.002  0.000   42.048    6.860    0    0  (Gen:  0)
   521024     98760   5764000  0.003  0.000   42.051    6.860    0    0  (Gen:  0)
   520472    117832   5817168  0.002  0.000   42.054    6.861    0    0  (Gen:  0)
   521088     94240   5868856  0.002  0.000   42.057    6.862    0    0  (Gen:  0)
   520912    129368   5931792  0.002  0.000   42.060    6.862    0    0  (Gen:  0)
   521152    127072   5997904  0.002  0.000   42.063    6.863    0    0  (Gen:  0)
   520016    100952   6047312  0.002  0.000   42.066    6.863    0    0  (Gen:  0)
   520744    153488   6132280  0.002  0.000   42.068    6.864    0    0  (Gen:  0)
   520736    130160   6202872  0.002  0.000   42.071    6.864    0    0  (Gen:  0)
   520864    116416   6255016  0.003  0.000   42.074    6.865    0    0  (Gen:  0)
   520712    117480   6298016  0.002  0.000   42.078    6.866    0    0  (Gen:  0)
   944568    106592   6336800  0.002  0.000   42.081    6.866    0    0  (Gen:  0)
   520960     45536   6355784  0.002  0.000   42.084    6.867    0    0  (Gen:  0)
   520568     76704   6402376  0.002  0.000   42.086    6.867    0    0  (Gen:  0)
   520824     75328   6441560  0.002  0.000   42.088    6.867    0    0  (Gen:  0)
   520552    104576   6504592  0.002  0.000   42.091    6.868    0    0  (Gen:  0)
   520800     91848   6550976  0.002  0.000   42.093    6.868    0    0  (Gen:  0)
   520848     75272   6589968  0.002  0.000   42.096    6.869    0    0  (Gen:  0)
   520752     85456   6618392  0.002  0.000   42.100    6.870    0    0  (Gen:  0)
   521104    117704   6680224  0.002  0.000   42.102    6.870    0    0  (Gen:  0)
   520816     85952   6716648  0.002  0.000   42.105    6.871    0    0  (Gen:  0)
   520904     93544   6750664  0.002  0.000   42.109    6.871    0    0  (Gen:  0)
   520448    126816   6817584  0.002  0.000   42.111    6.872    0    0  (Gen:  0)
   520464    100808   6853576  0.003  0.000   42.115    6.872    0    0  (Gen:  0)
   520752    147600   6936096  0.002  0.000   42.118    6.873    0    0  (Gen:  0)
   520896    111608   6987704  0.002  0.000   42.120    6.873    0    0  (Gen:  0)
   520280    140408   7061800  0.001  0.000   42.123    6.874    0    0  (Gen:  0)
   521000    123408   7124704  0.002  0.000   42.125    6.874    0    0  (Gen:  0)
   520752     96336   7173944  0.003  0.000   42.129    6.875    0    0  (Gen:  0)
   520648    111048   7214384  0.003  0.000   42.132    6.875    0    0  (Gen:  0)
   521344    135136   7280232  0.002  0.000   42.135    6.876    0    0  (Gen:  0)
   520864    111480   7330744  0.003  0.000   42.139    6.876    0    0  (Gen:  0)
   520784    115768   7375936  0.003  0.000   42.142    6.877    0    0  (Gen:  0)
   525040    146776   7451328  0.002  0.000   42.146    6.878    0    0  (Gen:  0)
   521160    117200   7496888  0.003  0.000   42.149    6.878    0    0  (Gen:  0)
   520680    152208   7575440  0.003  0.000   42.153    6.879    0    0  (Gen:  0)
   520800    102616   7639544  0.002  0.000   42.156    6.879    0    0  (Gen:  0)
   520176    161592   7726952  0.002  0.000   42.159    6.880    0    0  (Gen:  0)
   520712    138280   7797352  0.003  0.000   42.162    6.880    0    0  (Gen:  0)
   521240    101624   7856464  0.002  0.000   42.165    6.881    0    0  (Gen:  0)
   521288    151800   7932496  0.002  0.000   42.169    6.882    0    0  (Gen:  0)
   520968    143816   8003272  0.002  0.000   42.172    6.882    0    0  (Gen:  0)
   520880    123880   8066416  0.003  0.000   42.175    6.883    0    0  (Gen:  0)
   521128    131912   8118072  0.003  0.000   42.179    6.883    0    0  (Gen:  0)
   525408    170584   8209728  0.002  0.000   42.183    6.884    0    0  (Gen:  0)
   521176    133408   8268688  0.003  0.000   42.186    6.885    0    0  (Gen:  0)
   520688    168240   8356776  0.002  0.000   42.189    6.885    0    0  (Gen:  0)
   520832    157336   8438096  0.002  0.000   42.192    6.886    0    0  (Gen:  0)
   521216    130336   8492904  0.003  0.000   42.197    6.886    0    0  (Gen:  0)
   525104    156752   8570920  0.003  0.000   42.200    6.887    0    0  (Gen:  0)
   520816    115784   8644288  0.002  0.000   42.203    6.888    0    0  (Gen:  0)
   520504    168344   8732984  0.002  0.000   42.207    6.888    0    0  (Gen:  0)
   524776    141808   8804192  0.002  0.000   42.210    6.889    0    0  (Gen:  0)
   521032    116656   8873184  0.002  0.000   42.213    6.889    0    0  (Gen:  0)
   529328    159768   8951832  0.002  0.000   42.216    6.890    0    0  (Gen:  0)
   779520    126304   9007992  0.003  0.000   42.220    6.891    0    0  (Gen:  0)
   520480     33912   9026520  0.002  0.000   42.222    6.891    0    0  (Gen:  0)
   520824     63448   9063904  0.002  0.000   42.225    6.892    0    0  (Gen:  0)
   521056     71104   9100032  0.001  0.000   42.227    6.892    0    0  (Gen:  0)
   520912     62656   9127936  0.002  0.000   42.230    6.893    0    0  (Gen:  0)
   521496     74392   9154208  0.002  0.000   42.233    6.893    0    0  (Gen:  0)
   520936     53864   9202912  0.002  0.000   42.235    6.894    0    0  (Gen:  0)
   521344    111808   9262336  0.002  0.000   42.238    6.894    0    0  (Gen:  0)
   521056     94608   9312368  0.001  0.000   42.245    6.895    0    0  (Gen:  0)
   521152     87072   9356488  0.002  0.000   42.248    6.896    0    0  (Gen:  0)
   521000    117176   9414680  0.002  0.000   42.251    6.897    0    0  (Gen:  0)
   520496    120984   9474536  0.002  0.000   42.254    6.897    0    0  (Gen:  0)
   520536     91184   9513944  0.002  0.000   42.257    6.898    0    0  (Gen:  0)
   521256    143048   9594656  0.002  0.000   42.260    6.899    0    0  (Gen:  0)
   521224    131072   9662112  0.002  0.000   42.263    6.899    0    0  (Gen:  0)
   520176    105128   9704680  0.003  0.000   42.267    6.900    0    0  (Gen:  0)
   521472    120176   9755648  0.002  0.000   42.270    6.901    0    0  (Gen:  0)
   520944     90000   9814496  0.002  0.000   42.273    6.901    0    0  (Gen:  0)
   520136    146224   9892920  0.002  0.000   42.276    6.902    0    0  (Gen:  0)
   520744    126112   9958160  0.002  0.000   42.279    6.903    0    0  (Gen:  0)
   520928    107176  10012928  0.002  0.000   42.283    6.903    0    0  (Gen:  0)
   520576    119544  10058912  0.003  0.000   42.287    6.904    0    0  (Gen:  0)
   521208    156984  10143752  0.002  0.000   42.290    6.905    0    0  (Gen:  0)
   520536    123240  10195592  0.003  0.000   42.294    6.905    0    0  (Gen:  0)
   520968    162376  10283456  0.002  0.000   42.297    6.906    0    0  (Gen:  0)
   521040    145184  10358312  0.002  0.000   42.300    6.907    0    0  (Gen:  0)
   521264    117768  10409376  0.003  0.000   42.304    6.908    0    0  (Gen:  0)
   521000    126792  10460824  0.004  0.000   42.309    6.908    0    0  (Gen:  0)
   520232     74144  10528976  0.002  0.000   42.312    6.909    0    0  (Gen:  0)
   520688    157096  10613824  0.002  0.000   42.315    6.910    0    0  (Gen:  0)
   520760    125568  10679296  0.002  0.000   42.318    6.910    0    0  (Gen:  0)
   520976    110120  10746936  0.003  0.000   42.321    6.911    0    0  (Gen:  0)
   520952    156392  10823216  0.002  0.000   42.325    6.912    0    0  (Gen:  0)
   520512    146704  10898392  0.002  0.000   42.328    6.913    0    0  (Gen:  0)
   521056    112984  10958280  0.003  0.000   42.332    6.913    0    0  (Gen:  0)
   520424   5436152   6429864  0.017  0.001   42.350    6.915    0    0  (Gen:  1)
   520280    170360   6519016  0.002  0.000   42.354    6.916    0    0  (Gen:  0)
   520576    130944   6583304  0.003  0.000   42.357    6.917    0    0  (Gen:  0)
   520552    138088   6638096  0.003  0.000   42.362    6.918    0    0  (Gen:  0)
   521624    172032   6727272  0.002  0.000   42.365    6.918    0    0  (Gen:  0)
   520552    132392   6787640  0.003  0.000   42.369    6.919    0    0  (Gen:  0)
   520912    138768   6842864  0.003  0.000   42.373    6.920    0    0  (Gen:  0)
   520608    169880   6931928  0.002  0.000   42.376    6.920    0    0  (Gen:  0)
   520856    137016   6988024  0.003  0.000   42.380    6.921    0    0  (Gen:  0)
   558640    145520   7056648  0.003  0.000   42.384    6.922    0    0  (Gen:  0)
   685664     58656   7078016  0.001  0.000   42.386    6.922    0    0  (Gen:  0)
   520824     44184   7096648  0.002  0.000   42.388    6.923    0    0  (Gen:  0)
   520824     80544   7145768  0.002  0.000   42.391    6.923    0    0  (Gen:  0)
   520520     62776   7176360  0.002  0.000   42.393    6.924    0    0  (Gen:  0)
   520400     71800   7202512  0.002  0.000   42.396    6.924    0    0  (Gen:  0)
   521032    106056   7258496  0.002  0.000   42.399    6.925    0    0  (Gen:  0)
   520840     80296   7292464  0.002  0.000   42.402    6.925    0    0  (Gen:  0)
   520840     82792   7322872  0.002  0.000   42.405    6.926    0    0  (Gen:  0)
   521064    116600   7384096  0.002  0.000   42.407    6.926    0    0  (Gen:  0)
   520960     90592   7415952  0.002  0.000   42.411    6.927    0    0  (Gen:  0)
   521184    129768   7484952  0.002  0.000   42.414    6.928    0    0  (Gen:  0)
   520592     99456   7536632  0.002  0.000   42.416    6.928    0    0  (Gen:  0)
   520928    132400   7604856  0.002  0.000   42.419    6.929    0    0  (Gen:  0)
   520688    120880   7665800  0.002  0.000   42.422    6.929    0    0  (Gen:  0)
   520096     98592   7713824  0.002  0.000   42.425    6.930    0    0  (Gen:  0)
   520304    109720   7755440  0.003  0.000   42.429    6.931    0    0  (Gen:  0)
   519920    141416   7828896  0.002  0.000   42.432    6.931    0    0  (Gen:  0)
   520872    109672   7874432  0.003  0.000   42.435    6.932    0    0  (Gen:  0)
   521360    148408   7952528  0.002  0.000   42.438    6.933    0    0  (Gen:  0)
   520952    127976   8022568  0.002  0.000   42.441    6.933    0    0  (Gen:  0)
   521400    115504   8069592  0.003  0.000   42.445    6.934    0    0  (Gen:  0)
   525000    148704   8147424  0.002  0.000   42.448    6.934    0    0  (Gen:  0)
   521576    120112   8208888  0.002  0.000   42.451    6.935    0    0  (Gen:  0)
   520768    156704   8294776  0.002  0.000   42.454    6.936    0    0  (Gen:  0)
   521408    130600   8360912  0.002  0.000   42.456    6.936    0    0  (Gen:  0)
   520704    108944   8418720  0.002  0.000   42.460    6.937    0    0  (Gen:  0)
   520288    150856   8495592  0.002  0.000   42.463    6.938    0    0  (Gen:  0)
   521120    145880   8565360  0.002  0.000   42.466    6.938    0    0  (Gen:  0)
   521216    114216   8622192  0.003  0.000   42.469    6.939    0    0  (Gen:  0)
   520848    129552   8674576  0.003  0.000   42.473    6.940    0    0  (Gen:  0)
   521176    159784   8758016  0.002  0.000   42.476    6.940    0    0  (Gen:  0)
   521392    121744   8815560  0.003  0.000   42.480    6.941    0    0  (Gen:  0)
   521152    131480   8868472  0.003  0.000   42.484    6.942    0    0  (Gen:  0)
   525328    157888   8947536  0.002  0.000   42.487    6.942    0    0  (Gen:  0)
   521016    131488   9003952  0.003  0.000   42.491    6.943    0    0  (Gen:  0)
   521296    171424   9095888  0.002  0.000   42.495    6.944    0    0  (Gen:  0)
   521344    135976   9169936  0.002  0.000   42.498    6.944    0    0  (Gen:  0)
   520528    156080   9243272  0.002  0.000   42.501    6.945    0    0  (Gen:  0)
   524712    135968   9314784  0.002  0.000   42.504    6.946    0    0  (Gen:  0)
   521144    110168   9381144  0.002  0.000   42.508    6.946    0    0  (Gen:  0)
   520760    168480   9468304  0.002  0.000   42.511    6.947    0    0  (Gen:  0)
   524480    146536   9542664  0.002  0.000   42.514    6.948    0    0  (Gen:  0)
   521056    116600   9606840  0.002  0.000   42.517    6.948    0    0  (Gen:  0)
   529344    161232   9686848  0.002  0.000   42.520    6.949    0    0  (Gen:  0)
   722160    127648   9736184  0.003  0.000   42.524    6.950    0    0  (Gen:  0)
   520432     37416   9755800  0.001  0.000   42.526    6.950    0    0  (Gen:  0)
   520640     78920   9806696  0.002  0.000   42.529    6.951    0    0  (Gen:  0)
   520864     72848   9847584  0.002  0.000   42.531    6.951    0    0  (Gen:  0)
   520784     65840   9873800  0.002  0.000   42.534    6.952    0    0  (Gen:  0)
   520696     85368   9909624  0.002  0.000   42.536    6.952    0    0  (Gen:  0)
   521048     73040   9951680  0.002  0.000   42.539    6.953    0    0  (Gen:  0)
   521256    119184  10016792  0.002  0.000   42.542    6.953    0    0  (Gen:  0)
   521056    106288  10068256  0.002  0.000   42.544    6.954    0    0  (Gen:  0)
   520768     87984  10111112  0.002  0.000   42.547    6.954    0    0  (Gen:  0)
   520984     97400  10147224  0.002  0.000   42.550    6.955    0    0  (Gen:  0)
   520976    122536  10208696  0.002  0.000   42.553    6.956    0    0  (Gen:  0)
   520520     95408  10246232  0.002  0.000   42.556    6.956    0    0  (Gen:  0)
   521368    140496  10322576  0.003  0.000   42.561    6.957    0    0  (Gen:  0)
   520776     71632  10381264  0.001  0.000   42.563    6.958    0    0  (Gen:  0)
   520648    127488  10441464  0.002  0.000   42.566    6.958    0    0  (Gen:  0)
   521392    117616  10504272  0.002  0.000   42.569    6.959    0    0  (Gen:  0)
   520600     95448  10557688  0.002  0.000   42.572    6.959    0    0  (Gen:  0)
   520192    139808  10629688  0.002  0.000   42.575    6.960    0    0  (Gen:  0)
   520800    134272  10696336  0.002  0.000   42.577    6.961    0    0  (Gen:  0)
   520816    105672  10749432  0.002  0.000   42.581    6.961    0    0  (Gen:  0)
   520840    118576  10793328  0.003  0.000   42.584    6.962    0    0  (Gen:  0)
   524992    145944  10866728  0.002  0.000   42.588    6.963    0    0  (Gen:  0)
   521424    114048  10914376  0.003  0.000   42.591    6.963    0    0  (Gen:  0)
   521024    158672  11000072  0.002  0.000   42.594    6.964    0    0  (Gen:  0)
   520944    136680  11072424  0.002  0.000   42.597    6.965    0    0  (Gen:  0)
   521312    122344  11120920  0.003  0.000   42.601    6.965    0    0  (Gen:  0)
   520856    137152  11181824  0.002  0.000   42.604    6.966    0    0  (Gen:  0)
   520360    105784  11242128  0.002  0.000   42.607    6.967    0    0  (Gen:  0)
   520544    156184  11324416  0.002  0.000   42.610    6.967    0    0  (Gen:  0)
   520800    141112  11393448  0.002  0.000   42.613    6.968    0    0  (Gen:  0)
   520808    113360  11457712  0.002  0.000   42.616    6.969    0    0  (Gen:  0)
   521032    157688  11536840  0.002  0.000   42.620    6.969    0    0  (Gen:  0)
   524256    155464  11614536  0.002  0.000   42.623    6.970    0    0  (Gen:  0)
   521272    116728  11672736  0.003  0.000   42.626    6.971    0    0  (Gen:  0)
   520896     99440  11767896  0.002  0.000   42.629    6.971    0    0  (Gen:  0)
   520504    130488  11849880  0.002  0.000   42.632    6.972    0    0  (Gen:  0)
   520544    131520  11910792  0.003  0.000   42.636    6.973    0    0  (Gen:  0)
   520600    139144  11966464  0.003  0.000   42.640    6.973    0    0  (Gen:  0)
   525432    165416  12047512  0.002  0.000   42.643    6.974    0    0  (Gen:  0)
   521232    136152  12107656  0.003  0.000   42.647    6.975    0    0  (Gen:  0)
   525464    143720  12167632  0.003  0.000   42.651    6.975    0    0  (Gen:  0)
   521120     92152  12241016  0.002  0.000   42.654    6.976    0    0  (Gen:  0)
   525488    160464  12319224  0.002  0.000   42.657    6.977    0    0  (Gen:  0)
   422624    139552    293088  0.007  0.001   42.665    6.978    0    0  (Gen:  1)
   514568     10224    299392  0.001  0.000   42.669    6.980    0    0  (Gen:  0)
   515784     11344    301864  0.001  0.000   42.672    6.982    0    0  (Gen:  0)
   515080      7032    303040  0.001  0.000   42.676    6.984    0    0  (Gen:  0)
   514824      6248    304360  0.001  0.000   42.679    6.986    0    0  (Gen:  0)
   514600      5544    304960  0.001  0.000   42.682    6.989    0    0  (Gen:  0)
   514504      5408    305896  0.001  0.000   42.686    6.991    0    0  (Gen:  0)
   514440      5048    306304  0.001  0.000   42.689    6.993    0    0  (Gen:  0)
   514184      4872    306856  0.001  0.000   42.692    6.995    0    0  (Gen:  0)
   514440      4744    307264  0.001  0.000   42.695    6.997    0    0  (Gen:  0)
   514184      4872    307816  0.001  0.000   42.699    7.000    0    0  (Gen:  0)
   514280      4552    308032  0.001  0.000   42.702    7.002    0    0  (Gen:  0)
   514024      4528    308392  0.001  0.000   42.705    7.004    0    0  (Gen:  0)
   514280      4400    308608  0.001  0.000   42.710    7.006    0    0  (Gen:  0)
   514024      4528    308968  0.001  0.000   42.713    7.008    0    0  (Gen:  0)
   514280      4400    309184  0.001  0.000   42.716    7.011    0    0  (Gen:  0)
   514024      4528    309544  0.001  0.000   42.719    7.013    0    0  (Gen:  0)
   514120      4208    309568  0.001  0.000   42.723    7.015    0    0  (Gen:  0)
   514184      4568    310120  0.001  0.000   42.726    7.017    0    0  (Gen:  0)
   514120      4360    310144  0.001  0.000   42.730    7.020    0    0  (Gen:  0)
   514024      4376    310504  0.001  0.000   42.733    7.022    0    0  (Gen:  0)
   514120      4208    310528  0.001  0.000   42.736    7.024    0    0  (Gen:  0)
   514024      4376    310888  0.001  0.000   42.740    7.026    0    0  (Gen:  0)
   513960      4000    310720  0.001  0.000   42.743    7.028    0    0  (Gen:  0)
   514024      4208    311296  0.001  0.000   42.746    7.031    0    0  (Gen:  0)
   514120      4208    311320  0.001  0.000   42.750    7.033    0    0  (Gen:  0)
   514024      4376    311680  0.001  0.000   42.753    7.035    0    0  (Gen:  0)
   514120      4208    311704  0.001  0.000   42.756    7.037    0    0  (Gen:  0)
   513864      4176    311872  0.001  0.000   42.760    7.039    0    0  (Gen:  0)
   514120      4040    312112  0.001  0.000   42.763    7.042    0    0  (Gen:  0)
   514024      4376    312472  0.001  0.000   42.766    7.044    0    0  (Gen:  0)
   514120      4208    312496  0.001  0.000   42.770    7.046    0    0  (Gen:  0)
   513864      4176    312664  0.001  0.000   42.773    7.048    0    0  (Gen:  0)
   514120      4040    312904  0.001  0.000   42.777    7.051    0    0  (Gen:  0)
   513864      4176    313072  0.001  0.000   42.780    7.053    0    0  (Gen:  0)
   514120      4040    313312  0.001  0.000   42.783    7.055    0    0  (Gen:  0)
   514024      4376    313672  0.001  0.000   42.787    7.057    0    0  (Gen:  0)
   513960      4000    313504  0.001  0.000   42.790    7.060    0    0  (Gen:  0)
   514024      4208    314080  0.001  0.000   42.793    7.062    0    0  (Gen:  0)
   513960      4000    313912  0.001  0.000   42.797    7.064    0    0  (Gen:  0)
   514024      4208    314488  0.001  0.000   42.800    7.066    0    0  (Gen:  0)
   513960      4000    314320  0.001  0.000   42.804    7.068    0    0  (Gen:  0)
   514024      4208    314896  0.001  0.000   42.807    7.071    0    0  (Gen:  0)
   513960      4000    314728  0.001  0.000   42.810    7.073    0    0  (Gen:  0)
   514024      4208    315304  0.001  0.000   42.815    7.075    0    0  (Gen:  0)
   513960      4000    315136  0.001  0.000   42.819    7.077    0    0  (Gen:  0)
   514024      4208    315712  0.001  0.000   42.824    7.080    0    0  (Gen:  0)
   513960      4000    315544  0.001  0.000   42.828    7.082    0    0  (Gen:  0)
   513864      3792    315712  0.001  0.000   42.832    7.084    0    0  (Gen:  0)
   514120      4040    315952  0.001  0.000   42.837    7.087    0    0  (Gen:  0)
   513864      4176    316120  0.001  0.000   42.841    7.089    0    0  (Gen:  0)
   514120      4040    316360  0.001  0.000   42.845    7.091    0    0  (Gen:  0)
   513864      4176    316528  0.001  0.000   42.849    7.094    0    0  (Gen:  0)
   513960      3616    316360  0.001  0.000   42.853    7.096    0    0  (Gen:  0)
   514024      4208    316936  0.001  0.000   42.858    7.098    0    0  (Gen:  0)
   513960      4000    316768  0.001  0.000   42.862    7.101    0    0  (Gen:  0)
   514024      4208    317344  0.001  0.000   42.867    7.103    0    0  (Gen:  0)
   513960      4000    317176  0.001  0.000   42.871    7.105    0    0  (Gen:  0)
   513864      3792    317344  0.001  0.000   42.876    7.108    0    0  (Gen:  0)
   514120      4040    317584  0.001  0.000   42.879    7.110    0    0  (Gen:  0)
   513864      4176    317752  0.001  0.000   42.883    7.112    0    0  (Gen:  0)
   513960      3616    317584  0.001  0.000   42.888    7.114    0    0  (Gen:  0)
   514024      4208    318160  0.001  0.000   42.892    7.117    0    0  (Gen:  0)
   513960      4000    317992  0.001  0.000   42.896    7.119    0    0  (Gen:  0)
   513864      3792    318160  0.001  0.000   42.901    7.121    0    0  (Gen:  0)
   514120      4040    318400  0.001  0.000   42.905    7.124    0    0  (Gen:  0)
   513864      4176    318568  0.001  0.000   42.909    7.126    0    0  (Gen:  0)
   513960      3616    318400  0.001  0.000   42.914    7.128    0    0  (Gen:  0)
   514024      4208    318976  0.001  0.000   42.919    7.131    0    0  (Gen:  0)
   513960      4000    318808  0.001  0.000   42.923    7.133    0    0  (Gen:  0)
   513864      3792    318976  0.001  0.000   42.927    7.135    0    0  (Gen:  0)
   513960      3616    318808  0.001  0.000   42.932    7.138    0    0  (Gen:  0)
   514024      4208    319384  0.001  0.000   42.936    7.140    0    0  (Gen:  0)
   513960      4000    319216  0.001  0.000   42.940    7.142    0    0  (Gen:  0)
   513864      3792    319384  0.001  0.000   42.945    7.144    0    0  (Gen:  0)
   514120      4040    319624  0.001  0.000   42.949    7.147    0    0  (Gen:  0)
   513864      4176    319792  0.001  0.000   42.954    7.149    0    0  (Gen:  0)
   513960      3616    319624  0.001  0.000   42.958    7.151    0    0  (Gen:  0)
   513864      3792    319792  0.001  0.000   42.962    7.154    0    0  (Gen:  0)
   514120      4040    320032  0.001  0.000   42.966    7.156    0    0  (Gen:  0)
   513864      4176    320200  0.001  0.000   42.971    7.158    0    0  (Gen:  0)
   513960      3616    320032  0.001  0.000   42.975    7.161    0    0  (Gen:  0)
   513864      3792    320200  0.001  0.000   42.979    7.163    0    0  (Gen:  0)
   514120      4040    320440  0.001  0.000   42.984    7.165    0    0  (Gen:  0)
   513864      4176    320608  0.001  0.000   42.988    7.168    0    0  (Gen:  0)
   513960      3616    320440  0.001  0.000   42.993    7.170    0    0  (Gen:  0)
   513864      3792    320608  0.001  0.000   42.997    7.172    0    0  (Gen:  0)
   514120      4040    320848  0.001  0.000   43.001    7.175    0    0  (Gen:  0)
   513864      4176    321016  0.001  0.000   43.006    7.177    0    0  (Gen:  0)
   513960      3616    320848  0.001  0.000   43.010    7.179    0    0  (Gen:  0)
   513864      3792    321016  0.001  0.000   43.014    7.182    0    0  (Gen:  0)
   514120      4040    321256  0.001  0.000   43.019    7.184    0    0  (Gen:  0)
   513864      4176    321424  0.001  0.000   43.023    7.186    0    0  (Gen:  0)
   513960      3616    321256  0.001  0.000   43.028    7.188    0    0  (Gen:  0)
   513864      3792    321424  0.001  0.000   43.032    7.191    0    0  (Gen:  0)
   513960      3616    321256  0.001  0.000   43.036    7.193    0    0  (Gen:  0)
   514024      4208    321832  0.001  0.000   43.041    7.195    0    0  (Gen:  0)
   513960      4000    321664  0.001  0.000   43.045    7.198    0    0  (Gen:  0)
   513864      3792    321832  0.001  0.000   43.049    7.200    0    0  (Gen:  0)
   513960      3616    321664  0.001  0.000   43.054    7.202    0    0  (Gen:  0)
   513864      3792    321832  0.001  0.000   43.058    7.205    0    0  (Gen:  0)
   514120      4040    322072  0.001  0.000   43.063    7.207    0    0  (Gen:  0)
   513864      4176    322240  0.001  0.000   43.067    7.209    0    0  (Gen:  0)
   513960      3616    322072  0.001  0.000   43.071    7.212    0    0  (Gen:  0)
   513864      3792    322240  0.001  0.000   43.076    7.214    0    0  (Gen:  0)
   513960      3616    322072  0.001  0.000   43.080    7.216    0    0  (Gen:  0)
   514024      4208    322648  0.001  0.000   43.084    7.219    0    0  (Gen:  0)
   513960      4000    322480  0.001  0.000   43.089    7.221    0    0  (Gen:  0)
   513864      3792    322648  0.001  0.000   43.093    7.223    0    0  (Gen:  0)
   513960      3616    322480  0.001  0.000   43.098    7.226    0    0  (Gen:  0)
   513864      3792    322648  0.001  0.000   43.102    7.228    0    0  (Gen:  0)
   514120      4040    322888  0.001  0.000   43.106    7.230    0    0  (Gen:  0)
   513864      4176    323056  0.001  0.000   43.111    7.232    0    0  (Gen:  0)
   513960      3616    322888  0.001  0.000   43.115    7.235    0    0  (Gen:  0)
   513864      3792    323056  0.001  0.000   43.119    7.237    0    0  (Gen:  0)
   513960      3616    322888  0.001  0.000   43.123    7.239    0    0  (Gen:  0)
   513864      3792    323056  0.000  0.000   43.127    7.242    0    0  (Gen:  0)
   514120      4040    323296  0.001  0.000   43.130    7.244    0    0  (Gen:  0)
   513864      4176    323464  0.001  0.000   43.134    7.246    0    0  (Gen:  0)
   513960      3616    323296  0.001  0.000   43.137    7.248    0    0  (Gen:  0)
   513864      3792    323464  0.001  0.000   43.140    7.250    0    0  (Gen:  0)
   513960      3616    323296  0.001  0.000   43.144    7.253    0    0  (Gen:  0)
   514024      4208    323872  0.001  0.000   43.147    7.255    0    0  (Gen:  0)
   513960      4000    323704  0.001  0.000   43.150    7.257    0    0  (Gen:  0)
   513864      3792    323872  0.001  0.000   43.154    7.259    0    0  (Gen:  0)
   513960      3616    323704  0.001  0.000   43.157    7.261    0    0  (Gen:  0)
   513864      3792    323872  0.001  0.000   43.160    7.264    0    0  (Gen:  0)
   513960      3616    323704  0.001  0.000   43.164    7.266    0    0  (Gen:  0)
   514024      4208    324280  0.001  0.000   43.167    7.268    0    0  (Gen:  0)
   513960      4000    324112  0.001  0.000   43.170    7.270    0    0  (Gen:  0)
   513864      3792    324280  0.001  0.000   43.173    7.272    0    0  (Gen:  0)
   513960      3616    324112  0.001  0.000   43.177    7.275    0    0  (Gen:  0)
   513864      3792    324280  0.001  0.000   43.180    7.277    0    0  (Gen:  0)
   513960      3616    324112  0.001  0.000   43.184    7.279    0    0  (Gen:  0)
   513864      3792    324280  0.001  0.000   43.187    7.281    0    0  (Gen:  0)
   514120      4040    324520  0.001  0.000   43.190    7.284    0    0  (Gen:  0)
   513864      4176    324688  0.001  0.000   43.194    7.286    0    0  (Gen:  0)
   513960      3616    324520  0.001  0.000   43.197    7.288    0    0  (Gen:  0)
   513864      3792    324688  0.001  0.000   43.200    7.290    0    0  (Gen:  0)
   513960      3616    324520  0.001  0.000   43.204    7.292    0    0  (Gen:  0)
   513864      3792    324688  0.001  0.000   43.207    7.295    0    0  (Gen:  0)
   513960      3616    324520  0.001  0.000   43.210    7.297    0    0  (Gen:  0)
   514024      4208    325096  0.001  0.000   43.214    7.299    0    0  (Gen:  0)
   513960      4000    324928  0.001  0.000   43.217    7.301    0    0  (Gen:  0)
   513864      3792    325096  0.001  0.000   43.220    7.303    0    0  (Gen:  0)
   513960      3616    324928  0.001  0.000   43.224    7.306    0    0  (Gen:  0)
   513864      3792    325096  0.001  0.000   43.227    7.308    0    0  (Gen:  0)
   513960      3616    324928  0.001  0.000   43.230    7.310    0    0  (Gen:  0)
   513864      3792    325096  0.001  0.000   43.234    7.312    0    0  (Gen:  0)
   514120      4040    325336  0.001  0.000   43.237    7.315    0    0  (Gen:  0)
   513864      4176    325504  0.001  0.000   43.240    7.317    0    0  (Gen:  0)
   513960      3616    325336  0.001  0.000   43.243    7.319    0    0  (Gen:  0)
   513864      3792    325504  0.001  0.000   43.247    7.321    0    0  (Gen:  0)
   513960      3616    325336  0.001  0.000   43.250    7.323    0    0  (Gen:  0)
   513864      3792    325504  0.000  0.000   43.253    7.326    0    0  (Gen:  0)
   513960      3616    325336  0.001  0.000   43.256    7.328    0    0  (Gen:  0)
   514024      4208    325912  0.001  0.000   43.260    7.330    0    0  (Gen:  0)
   513960      4000    325744  0.001  0.000   43.263    7.332    0    0  (Gen:  0)
   513864      3792    325912  0.001  0.000   43.266    7.334    0    0  (Gen:  0)
   513960      3616    325744  0.001  0.000   43.270    7.337    0    0  (Gen:  0)
   513864      3792    325912  0.001  0.000   43.273    7.339    0    0  (Gen:  0)
   513960      3616    325744  0.001  0.000   43.277    7.341    0    0  (Gen:  0)
   513864      3792    325912  0.001  0.000   43.280    7.343    0    0  (Gen:  0)
   513960      3616    325744  0.001  0.000   43.283    7.345    0    0  (Gen:  0)
   514024      4208    326320  0.001  0.000   43.286    7.348    0    0  (Gen:  0)
   513960      4000    326152  0.001  0.000   43.290    7.350    0    0  (Gen:  0)
   513864      3792    326320  0.001  0.000   43.293    7.352    0    0  (Gen:  0)
   513960      3616    326152  0.001  0.000   43.296    7.354    0    0  (Gen:  0)
   513864      3792    326320  0.001  0.000   43.300    7.357    0    0  (Gen:  0)
   513960      3616    326152  0.001  0.000   43.303    7.359    0    0  (Gen:  0)
   513864      3792    326320  0.001  0.000   43.307    7.361    0    0  (Gen:  0)
   513960      3616    326152  0.001  0.000   43.310    7.363    0    0  (Gen:  0)
   514024      4208    326728  0.001  0.000   43.313    7.365    0    0  (Gen:  0)
   513960      4000    326560  0.001  0.000   43.317    7.368    0    0  (Gen:  0)
   513864      3792    326728  0.001  0.000   43.320    7.370    0    0  (Gen:  0)
   513960      3616    326560  0.001  0.000   43.324    7.372    0    0  (Gen:  0)
   513864      3792    326728  0.001  0.000   43.327    7.375    0    0  (Gen:  0)
   513960      3616    326560  0.001  0.000   43.330    7.377    0    0  (Gen:  0)
   513864      3792    326728  0.001  0.000   43.334    7.379    0    0  (Gen:  0)
   513960      3616    326560  0.001  0.000   43.337    7.381    0    0  (Gen:  0)
   513864      3792    326728  0.001  0.000   43.340    7.383    0    0  (Gen:  0)
   514120      4040    326968  0.001  0.000   43.344    7.386    0    0  (Gen:  0)
   513864      4176    327136  0.001  0.000   43.347    7.388    0    0  (Gen:  0)
   513960      3616    326968  0.001  0.000   43.351    7.390    0    0  (Gen:  0)
   513864      3792    327136  0.001  0.000   43.354    7.392    0    0  (Gen:  0)
   513960      3616    326968  0.001  0.000   43.357    7.395    0    0  (Gen:  0)
   513864      3792    327136  0.001  0.000   43.362    7.397    0    0  (Gen:  0)
   513960      3616    326968  0.001  0.000   43.366    7.399    0    0  (Gen:  0)
   513864      3792    327136  0.000  0.000   43.370    7.402    0    0  (Gen:  0)
   513960      3616    326968  0.001  0.000   43.373    7.404    0    0  (Gen:  0)
   514024      4208    327544  0.001  0.000   43.376    7.406    0    0  (Gen:  0)
   513960      4000    327376  0.001  0.000   43.380    7.408    0    0  (Gen:  0)
   513864      3792    327544  0.001  0.000   43.383    7.410    0    0  (Gen:  0)
   513960      3616    327376  0.001  0.000   43.386    7.413    0    0  (Gen:  0)
   513864      3792    327544  0.001  0.000   43.390    7.415    0    0  (Gen:  0)
   513960      3616    327376  0.001  0.000   43.393    7.417    0    0  (Gen:  0)
   513864      3792    327544  0.001  0.000   43.396    7.419    0    0  (Gen:  0)
   513960      3616    327376  0.001  0.000   43.400    7.421    0    0  (Gen:  0)
   513864      3792    327544  0.001  0.000   43.403    7.424    0    0  (Gen:  0)
   514120      4040    327784  0.001  0.000   43.406    7.426    0    0  (Gen:  0)
   513864      4176    327952  0.001  0.000   43.410    7.428    0    0  (Gen:  0)
   513960      3616    327784  0.001  0.000   43.413    7.430    0    0  (Gen:  0)
   513864      3792    327952  0.001  0.000   43.416    7.433    0    0  (Gen:  0)
   513960      3616    327784  0.001  0.000   43.419    7.435    0    0  (Gen:  0)
   513864      3792    327952  0.001  0.000   43.423    7.437    0    0  (Gen:  0)
   513960      3616    327784  0.001  0.000   43.426    7.439    0    0  (Gen:  0)
   513864      3792    327952  0.001  0.000   43.430    7.441    0    0  (Gen:  0)
   513960      3616    327784  0.001  0.000   43.433    7.444    0    0  (Gen:  0)
   513864      3792    327952  0.001  0.000   43.436    7.446    0    0  (Gen:  0)
   514120      4040    328192  0.001  0.000   43.440    7.448    0    0  (Gen:  0)
   513864      4176    328360  0.001  0.000   43.443    7.450    0    0  (Gen:  0)
   513960      3616    328192  0.001  0.000   43.446    7.452    0    0  (Gen:  0)
   513864      3792    328360  0.001  0.000   43.450    7.455    0    0  (Gen:  0)
   513960      3616    328192  0.001  0.000   43.453    7.457    0    0  (Gen:  0)
   513864      3792    328360  0.001  0.000   43.456    7.459    0    0  (Gen:  0)
   513960      3616    328192  0.001  0.000   43.460    7.461    0    0  (Gen:  0)
   513864      3792    328360  0.001  0.000   43.463    7.464    0    0  (Gen:  0)
   513960      3616    328192  0.001  0.000   43.466    7.466    0    0  (Gen:  0)
   513864      3792    328360  0.001  0.000   43.470    7.468    0    0  (Gen:  0)
   513960      3616    328192  0.001  0.000   43.473    7.470    0    0  (Gen:  0)
   514024      4208    328768  0.001  0.000   43.476    7.472    0    0  (Gen:  0)
   513960      4000    328600  0.001  0.000   43.480    7.475    0    0  (Gen:  0)
   513864      3792    328768  0.001  0.000   43.483    7.477    0    0  (Gen:  0)
   513960      3616    328600  0.001  0.000   43.486    7.479    0    0  (Gen:  0)
   513864      3792    328768  0.001  0.000   43.490    7.481    0    0  (Gen:  0)
   513960      3616    328600  0.001  0.000   43.493    7.484    0    0  (Gen:  0)
   513864      3792    328768  0.001  0.000   43.496    7.486    0    0  (Gen:  0)
   513960      3616    328600  0.001  0.000   43.500    7.488    0    0  (Gen:  0)
   513864      3792    328768  0.001  0.000   43.503    7.490    0    0  (Gen:  0)
   513960      3616    328600  0.001  0.000   43.507    7.493    0    0  (Gen:  0)
   514024      4208    329176  0.001  0.000   43.510    7.495    0    0  (Gen:  0)
   513960      4000    329008  0.001  0.000   43.514    7.497    0    0  (Gen:  0)
   513864      3792    329176  0.001  0.000   43.517    7.499    0    0  (Gen:  0)
   513960      3616    329008  0.001  0.000   43.520    7.501    0    0  (Gen:  0)
   513864      3792    329176  0.001  0.000   43.524    7.504    0    0  (Gen:  0)
   513960      3616    329008  0.001  0.000   43.527    7.506    0    0  (Gen:  0)
   513864      3792    329176  0.001  0.000   43.530    7.508    0    0  (Gen:  0)
   513960      3616    329008  0.001  0.000   43.534    7.510    0    0  (Gen:  0)
   513864      3792    329176  0.001  0.000   43.537    7.513    0    0  (Gen:  0)
   513960      3616    329008  0.001  0.000   43.540    7.515    0    0  (Gen:  0)
   513864      3792    329176  0.001  0.000   43.543    7.517    0    0  (Gen:  0)
   513960      3616    329008  0.001  0.000   43.547    7.519    0    0  (Gen:  0)
   514024      4208    329584  0.001  0.000   43.550    7.521    0    0  (Gen:  0)
   513960      4000    329416  0.001  0.000   43.553    7.524    0    0  (Gen:  0)
   513864      3792    329584  0.001  0.000   43.557    7.526    0    0  (Gen:  0)
   513960      3616    329416  0.001  0.000   43.561    7.528    0    0  (Gen:  0)
   513864      3792    329584  0.001  0.000   43.564    7.530    0    0  (Gen:  0)
   513960      3616    329416  0.001  0.000   43.567    7.532    0    0  (Gen:  0)
   513864      3792    329584  0.001  0.000   43.571    7.535    0    0  (Gen:  0)
   513960      3616    329416  0.001  0.000   43.574    7.537    0    0  (Gen:  0)
   513864      3792    329584  0.001  0.000   43.577    7.539    0    0  (Gen:  0)
   513960      3616    329416  0.001  0.000   43.581    7.541    0    0  (Gen:  0)
   513864      3792    329584  0.001  0.000   43.584    7.544    0    0  (Gen:  0)
   513960      3616    329416  0.001  0.000   43.588    7.546    0    0  (Gen:  0)
   514024      4208    329992  0.001  0.000   43.591    7.548    0    0  (Gen:  0)
   513960      4000    329824  0.001  0.000   43.594    7.550    0    0  (Gen:  0)
   513864      3792    329992  0.001  0.000   43.597    7.552    0    0  (Gen:  0)
   513960      3616    329824  0.001  0.000   43.601    7.555    0    0  (Gen:  0)
   513864      3792    329992  0.001  0.000   43.605    7.557    0    0  (Gen:  0)
   513960      3616    329824  0.001  0.000   43.608    7.559    0    0  (Gen:  0)
   513864      3792    329992  0.001  0.000   43.611    7.561    0    0  (Gen:  0)
   513960      3616    329824  0.001  0.000   43.614    7.563    0    0  (Gen:  0)
   513864      3792    329992  0.001  0.000   43.618    7.566    0    0  (Gen:  0)
   513960      3616    329824  0.001  0.000   43.621    7.568    0    0  (Gen:  0)
   513864      3792    329992  0.001  0.000   43.625    7.570    0    0  (Gen:  0)
   513960      3616    329824  0.001  0.000   43.628    7.572    0    0  (Gen:  0)
   513864      3792    329992  0.001  0.000   43.631    7.575    0    0  (Gen:  0)
   514120      4040    330232  0.001  0.000   43.635    7.577    0    0  (Gen:  0)
   513864      4176    330400  0.001  0.000   43.638    7.579    0    0  (Gen:  0)
   513960      3616    330232  0.001  0.000   43.641    7.581    0    0  (Gen:  0)
   513864      3792    330400  0.001  0.000   43.645    7.584    0    0  (Gen:  0)
   513960      3616    330232  0.001  0.000   43.648    7.586    0    0  (Gen:  0)
   513864      3792    330400  0.001  0.000   43.652    7.588    0    0  (Gen:  0)
   513960      3616    330232  0.001  0.000   43.655    7.590    0    0  (Gen:  0)
   513864      3792    330400  0.001  0.000   43.658    7.592    0    0  (Gen:  0)
   513960      3616    330232  0.001  0.000   43.661    7.595    0    0  (Gen:  0)
   513864      3792    330400  0.001  0.000   43.665    7.597    0    0  (Gen:  0)
   513960      3616    330232  0.001  0.000   43.668    7.599    0    0  (Gen:  0)
   513864      3792    330400  0.001  0.000   43.672    7.601    0    0  (Gen:  0)
   513960      3616    330232  0.001  0.000   43.675    7.604    0    0  (Gen:  0)
   514024      4208    330808  0.001  0.000   43.679    7.606    0    0  (Gen:  0)
   513960      4000    330640  0.001  0.000   43.684    7.608    0    0  (Gen:  0)
   513864      3792    330808  0.001  0.000   43.688    7.611    0    0  (Gen:  0)
   513960      3616    330640  0.001  0.000   43.693    7.613    0    0  (Gen:  0)
   513864      3792    330808  0.001  0.000   43.697    7.615    0    0  (Gen:  0)
   513960      3616    330640  0.001  0.000   43.702    7.618    0    0  (Gen:  0)
   513864      3792    330808  0.001  0.000   43.706    7.620    0    0  (Gen:  0)
   513960      3616    330640  0.001  0.000   43.711    7.622    0    0  (Gen:  0)
   513864      3792    330808  0.001  0.000   43.715    7.625    0    0  (Gen:  0)
   513960      3616    330640  0.001  0.000   43.719    7.627    0    0  (Gen:  0)
   513864      3792    330808  0.001  0.000   43.724    7.629    0    0  (Gen:  0)
   513960      3616    330640  0.001  0.000   43.728    7.632    0    0  (Gen:  0)
   513864      3792    330808  0.001  0.000   43.733    7.634    0    0  (Gen:  0)
   513960      3616    330640  0.001  0.000   43.737    7.636    0    0  (Gen:  0)
   514024      4208    331216  0.001  0.000   43.741    7.639    0    0  (Gen:  0)
   513960      4000    331048  0.001  0.000   43.746    7.641    0    0  (Gen:  0)
   513864      3792    331216  0.001  0.000   43.750    7.644    0    0  (Gen:  0)
   513960      3616    331048  0.001  0.000   43.755    7.646    0    0  (Gen:  0)
   513864      3792    331216  0.001  0.000   43.759    7.648    0    0  (Gen:  0)
   513960      3616    331048  0.001  0.000   43.763    7.650    0    0  (Gen:  0)
   513864      3792    331216  0.001  0.000   43.767    7.653    0    0  (Gen:  0)
   513960      3616    331048  0.001  0.000   43.772    7.655    0    0  (Gen:  0)
   513864      3792    331216  0.001  0.000   43.776    7.657    0    0  (Gen:  0)
   513960      3616    331048  0.001  0.000   43.780    7.660    0    0  (Gen:  0)
   513864      3792    331216  0.001  0.000   43.785    7.662    0    0  (Gen:  0)
   513960      3616    331048  0.001  0.000   43.789    7.664    0    0  (Gen:  0)
   513864      3792    331216  0.001  0.000   43.793    7.667    0    0  (Gen:  0)
   513960      3616    331048  0.001  0.000   43.798    7.669    0    0  (Gen:  0)
   513864      3792    331216  0.001  0.000   43.802    7.671    0    0  (Gen:  0)
   514120      4040    331456  0.001  0.000   43.805    7.674    0    0  (Gen:  0)
   513864      4176    331624  0.001  0.000   43.810    7.676    0    0  (Gen:  0)
   513960      3616    331456  0.001  0.000   43.814    7.678    0    0  (Gen:  0)
   513864      3792    331624  0.001  0.000   43.818    7.681    0    0  (Gen:  0)
   513960      3616    331456  0.001  0.000   43.823    7.683    0    0  (Gen:  0)
   513864      3792    331624  0.001  0.000   43.827    7.685    0    0  (Gen:  0)
   513960      3616    331456  0.001  0.000   43.832    7.688    0    0  (Gen:  0)
   513864      3792    331624  0.001  0.000   43.836    7.690    0    0  (Gen:  0)
   513960      3616    331456  0.001  0.000   43.840    7.692    0    0  (Gen:  0)
   513864      3792    331624  0.001  0.000   43.845    7.695    0    0  (Gen:  0)
   513960      3616    331456  0.001  0.000   43.849    7.697    0    0  (Gen:  0)
   513864      3792    331624  0.001  0.000   43.853    7.699    0    0  (Gen:  0)
   513960      3616    331456  0.000  0.000   43.857    7.702    0    0  (Gen:  0)
   513864      3792    331624  0.001  0.000   43.860    7.704    0    0  (Gen:  0)
   513960      3616    331456  0.001  0.000   43.864    7.706    0    0  (Gen:  0)
   514024      4208    332032  0.001  0.000   43.867    7.708    0    0  (Gen:  0)
   513960      4000    331864  0.001  0.000   43.870    7.711    0    0  (Gen:  0)
   513864      3792    332032  0.001  0.000   43.874    7.713    0    0  (Gen:  0)
   513960      3616    331864  0.001  0.000   43.877    7.715    0    0  (Gen:  0)
   513864      3792    332032  0.001  0.000   43.880    7.717    0    0  (Gen:  0)
   513960      3616    331864  0.001  0.000   43.884    7.719    0    0  (Gen:  0)
   513864      3792    332032  0.001  0.000   43.887    7.722    0    0  (Gen:  0)
   513960      3616    331864  0.001  0.000   43.890    7.724    0    0  (Gen:  0)
   513864      3792    332032  0.001  0.000   43.894    7.726    0    0  (Gen:  0)
   513960      3616    331864  0.001  0.000   43.897    7.728    0    0  (Gen:  0)
   513864      3792    332032  0.001  0.000   43.900    7.731    0    0  (Gen:  0)
   513960      3616    331864  0.001  0.000   43.903    7.733    0    0  (Gen:  0)
   513864      3792    332032  0.001  0.000   43.907    7.735    0    0  (Gen:  0)
   513960      3616    331864  0.001  0.000   43.910    7.737    0    0  (Gen:  0)
   513864      3792    332032  0.001  0.000   43.914    7.739    0    0  (Gen:  0)
   513960      3616    331864  0.001  0.000   43.917    7.742    0    0  (Gen:  0)
   514024      4208    332440  0.001  0.000   43.920    7.744    0    0  (Gen:  0)
   513960      4000    332272  0.001  0.000   43.924    7.746    0    0  (Gen:  0)
   513864      3792    332440  0.001  0.000   43.927    7.748    0    0  (Gen:  0)
   513960      3616    332272  0.001  0.000   43.930    7.751    0    0  (Gen:  0)
   513864      3792    332440  0.001  0.000   43.934    7.753    0    0  (Gen:  0)
   513960      3616    332272  0.001  0.000   43.937    7.755    0    0  (Gen:  0)
   513864      3792    332440  0.001  0.000   43.940    7.757    0    0  (Gen:  0)
   513960      3616    332272  0.001  0.000   43.944    7.760    0    0  (Gen:  0)
   513864      3792    332440  0.001  0.000   43.947    7.762    0    0  (Gen:  0)
   513960      3616    332272  0.001  0.000   43.951    7.764    0    0  (Gen:  0)
   513864      3792    332440  0.001  0.000   43.954    7.766    0    0  (Gen:  0)
   513960      3616    332272  0.001  0.000   43.958    7.769    0    0  (Gen:  0)
   513864      3792    332440  0.001  0.000   43.961    7.771    0    0  (Gen:  0)
   513960      3616    332272  0.000  0.000   43.965    7.773    0    0  (Gen:  0)
   513864      3792    332440  0.001  0.000   43.969    7.775    0    0  (Gen:  0)
   513960      3616    332272  0.000  0.000   43.972    7.778    0    0  (Gen:  0)
   513864      3792    332440  0.001  0.000   43.975    7.780    0    0  (Gen:  0)
   514120      4040    332680  0.001  0.000   43.979    7.782    0    0  (Gen:  0)
   513864      4176    332848  0.001  0.000   43.982    7.784    0    0  (Gen:  0)
   513960      3616    332680  0.001  0.000   43.985    7.787    0    0  (Gen:  0)
   513864      3792    332848  0.001  0.000   43.989    7.789    0    0  (Gen:  0)
   513960      3616    332680  0.001  0.000   43.992    7.791    0    0  (Gen:  0)
   513864      3792    332848  0.001  0.000   43.996    7.793    0    0  (Gen:  0)
   513960      3616    332680  0.001  0.000   43.999    7.795    0    0  (Gen:  0)
   513864      3792    332848  0.001  0.000   44.003    7.798    0    0  (Gen:  0)
   513960      3616    332680  0.001  0.000   44.007    7.800    0    0  (Gen:  0)
   513864      3792    332848  0.002  0.000   44.012    7.802    0    0  (Gen:  0)
   513960      3616    332680  0.001  0.000   44.016    7.805    0    0  (Gen:  0)
   513864      3792    332848  0.002  0.000   44.020    7.807    0    0  (Gen:  0)
   513960      3616    332680  0.002  0.000   44.024    7.809    0    0  (Gen:  0)
   513864      3792    332848  0.002  0.000   44.028    7.812    0    0  (Gen:  0)
   513960      3616    332680  0.001  0.000   44.032    7.814    0    0  (Gen:  0)
   513864      3792    332848  0.001  0.000   44.036    7.816    0    0  (Gen:  0)
   513960      3616    332680  0.001  0.000   44.041    7.819    0    0  (Gen:  0)
   513864      3792    332848  0.001  0.000   44.045    7.821    0    0  (Gen:  0)
   514120      4040    333088  0.001  0.000   44.049    7.823    0    0  (Gen:  0)
   513864      4176    333256  0.001  0.000   44.053    7.826    0    0  (Gen:  0)
   513960      3616    333088  0.001  0.000   44.057    7.828    0    0  (Gen:  0)
   513864      3792    333256  0.001  0.000   44.061    7.830    0    0  (Gen:  0)
   513960      3616    333088  0.001  0.000   44.065    7.833    0    0  (Gen:  0)
   513864      3792    333256  0.001  0.000   44.069    7.835    0    0  (Gen:  0)
   513960      3616    333088  0.001  0.000   44.073    7.837    0    0  (Gen:  0)
   513864      3792    333256  0.001  0.000   44.078    7.840    0    0  (Gen:  0)
   513960      3616    333088  0.032  0.003   44.113    7.845    0    0  (Gen:  0)
   513864      3792    333256  0.001  0.000   44.117    7.847    0    0  (Gen:  0)
   513960      3616    333088  0.001  0.000   44.122    7.850    0    0  (Gen:  0)
   513864      3792    333256  0.001  0.000   44.126    7.852    0    0  (Gen:  0)
   513960      3616    333088  0.001  0.000   44.131    7.854    0    0  (Gen:  0)
   513864      3792    333256  0.001  0.000   44.135    7.857    0    0  (Gen:  0)
   513960      3616    333088  0.001  0.000   44.139    7.859    0    0  (Gen:  0)
   513864      3792    333256  0.001  0.000   44.144    7.861    0    0  (Gen:  0)
   513960      3616    333088  0.001  0.000   44.148    7.864    0    0  (Gen:  0)
   513864      3792    333256  0.001  0.000   44.152    7.866    0    0  (Gen:  0)
   513960      3616    333088  0.001  0.000   44.157    7.868    0    0  (Gen:  0)
   514024      4208    333664  0.001  0.000   44.161    7.871    0    0  (Gen:  0)
   513960      4000    333496  0.001  0.000   44.165    7.873    0    0  (Gen:  0)
   513864      3792    333664  0.001  0.000   44.170    7.875    0    0  (Gen:  0)
   513960      3616    333496  0.001  0.000   44.173    7.878    0    0  (Gen:  0)
   513864      3792    333664  0.001  0.000   44.178    7.880    0    0  (Gen:  0)
   513960      3616    333496  0.001  0.000   44.182    7.882    0    0  (Gen:  0)
   513864      3792    333664  0.001  0.000   44.187    7.885    0    0  (Gen:  0)
   513960      3616    333496  0.001  0.000   44.191    7.887    0    0  (Gen:  0)
   513864      3792    333664  0.001  0.000   44.195    7.889    0    0  (Gen:  0)
   513960      3616    333496  0.001  0.000   44.200    7.892    0    0  (Gen:  0)
   513864      3792    333664  0.001  0.000   44.204    7.894    0    0  (Gen:  0)
   513960      3616    333496  0.001  0.000   44.208    7.896    0    0  (Gen:  0)
   513864      3792    333664  0.001  0.000   44.213    7.899    0    0  (Gen:  0)
   513960      3616    333496  0.001  0.000   44.217    7.901    0    0  (Gen:  0)
   513864      3792    333664  0.001  0.000   44.221    7.903    0    0  (Gen:  0)
   513960      3616    333496  0.001  0.000   44.225    7.906    0    0  (Gen:  0)
   513864      3792    333664  0.001  0.000   44.230    7.908    0    0  (Gen:  0)
   513960      3616    333496  0.001  0.000   44.233    7.910    0    0  (Gen:  0)
   513864      3792    333664  0.001  0.000   44.237    7.912    0    0  (Gen:  0)
   513960      3616    333496  0.001  0.000   44.240    7.915    0    0  (Gen:  0)
   514024      4208    334072  0.001  0.000   44.244    7.917    0    0  (Gen:  0)
   513960      4000    333904  0.001  0.000   44.247    7.919    0    0  (Gen:  0)
   513864      3792    334072  0.001  0.000   44.250    7.921    0    0  (Gen:  0)
   513960      3616    333904  0.001  0.000   44.253    7.923    0    0  (Gen:  0)
   513864      3792    334072  0.001  0.000   44.257    7.926    0    0  (Gen:  0)
   513960      3616    333904  0.001  0.000   44.260    7.928    0    0  (Gen:  0)
   513864      3792    334072  0.001  0.000   44.263    7.930    0    0  (Gen:  0)
   513960      3616    333904  0.001  0.000   44.267    7.932    0    0  (Gen:  0)
   513864      3792    334072  0.001  0.000   44.270    7.934    0    0  (Gen:  0)
   513960      3616    333904  0.001  0.000   44.274    7.937    0    0  (Gen:  0)
   513864      3792    334072  0.001  0.000   44.277    7.939    0    0  (Gen:  0)
   513960      3616    333904  0.001  0.000   44.280    7.941    0    0  (Gen:  0)
   513864      3792    334072  0.001  0.000   44.283    7.943    0    0  (Gen:  0)
   513960      3616    333904  0.001  0.000   44.287    7.945    0    0  (Gen:  0)
   513864      3792    334072  0.001  0.000   44.290    7.948    0    0  (Gen:  0)
   513960      3616    333904  0.001  0.000   44.293    7.950    0    0  (Gen:  0)
   513864      3792    334072  0.001  0.000   44.297    7.952    0    0  (Gen:  0)
   513960      3616    333904  0.001  0.000   44.300    7.954    0    0  (Gen:  0)
   513864      3792    334072  0.001  0.000   44.303    7.957    0    0  (Gen:  0)
   513960      3616    333904  0.001  0.000   44.307    7.959    0    0  (Gen:  0)
   514024      4208    334480  0.001  0.000   44.310    7.961    0    0  (Gen:  0)
   513960      4000    334312  0.001  0.000   44.314    7.963    0    0  (Gen:  0)
   513864      3792    334480  0.001  0.000   44.317    7.965    0    0  (Gen:  0)
   513960      3616    334312  0.001  0.000   44.320    7.968    0    0  (Gen:  0)
   513864      3792    334480  0.001  0.000   44.324    7.970    0    0  (Gen:  0)
   513960      3616    334312  0.001  0.000   44.327    7.972    0    0  (Gen:  0)
   513864      3792    334480  0.001  0.000   44.331    7.974    0    0  (Gen:  0)
   513960      3616    334312  0.001  0.000   44.335    7.977    0    0  (Gen:  0)
   513864      3792    334480  0.001  0.000   44.338    7.979    0    0  (Gen:  0)
   513960      3616    334312  0.000  0.000   44.345    7.981    0    0  (Gen:  0)
   513864      3792    334480  0.000  0.000   44.349    7.984    0    0  (Gen:  0)
   513960      3616    334312  0.000  0.000   44.353    7.986    0    0  (Gen:  0)
   513864      3792    334480  0.001  0.000   44.357    7.988    0    0  (Gen:  0)
   513960      3616    334312  0.000  0.000   44.414    7.995    0    0  (Gen:  0)
   513864      3792    334480  0.001  0.000   44.418    7.998    0    0  (Gen:  0)
   513960      3616    334312  0.001  0.000   44.421    8.000    0    0  (Gen:  0)
   513864      3792    334480  0.001  0.000   44.424    8.002    0    0  (Gen:  0)
   513960      3616    334312  0.001  0.000   44.428    8.004    0    0  (Gen:  0)
   513864      3792    334480  0.001  0.000   44.431    8.007    0    0  (Gen:  0)
   513960      3616    334312  0.001  0.000   44.434    8.009    0    0  (Gen:  0)
   513864      3792    334480  0.001  0.000   44.438    8.011    0    0  (Gen:  0)
   513960      3616    334312  0.001  0.000   44.441    8.013    0    0  (Gen:  0)
   514168      4192    334872  0.001  0.000   44.444    8.015    0    0  (Gen:  0)
   513960      3984    334704  0.001  0.000   44.448    8.018    0    0  (Gen:  0)
   513864      3792    334872  0.001  0.000   44.451    8.020    0    0  (Gen:  0)
   513960      3616    334704  0.001  0.000   44.454    8.022    0    0  (Gen:  0)
   513864      3792    334872  0.001  0.000   44.458    8.024    0    0  (Gen:  0)
   513960      3616    334704  0.001  0.000   44.461    8.026    0    0  (Gen:  0)
   513864      3792    334872  0.001  0.000   44.464    8.028    0    0  (Gen:  0)
   513960      3616    334704  0.001  0.000   44.467    8.031    0    0  (Gen:  0)
   513864      3792    334872  0.001  0.000   44.471    8.033    0    0  (Gen:  0)
   513960      3616    334704  0.001  0.000   44.474    8.035    0    0  (Gen:  0)
   513864      3792    334872  0.001  0.000   44.477    8.037    0    0  (Gen:  0)
   513960      3616    334704  0.001  0.000   44.480    8.039    0    0  (Gen:  0)
   513864      3792    334872  0.001  0.000   44.483    8.041    0    0  (Gen:  0)
   513960      3616    334704  0.001  0.000   44.487    8.044    0    0  (Gen:  0)
   513864      3792    334872  0.001  0.000   44.490    8.046    0    0  (Gen:  0)
   513960      3616    334704  0.001  0.000   44.493    8.048    0    0  (Gen:  0)
   513864      3792    334872  0.001  0.000   44.497    8.050    0    0  (Gen:  0)
   513960      3616    334704  0.001  0.000   44.500    8.052    0    0  (Gen:  0)
   513864      3792    334872  0.001  0.000   44.503    8.054    0    0  (Gen:  0)
   513960      3616    334704  0.001  0.000   44.507    8.057    0    0  (Gen:  0)
   513864      3792    334872  0.001  0.000   44.510    8.059    0    0  (Gen:  0)
   513960      3616    334704  0.001  0.000   44.513    8.061    0    0  (Gen:  0)
   513864      3792    334872  0.001  0.000   44.517    8.063    0    0  (Gen:  0)
   514104      4024    335096  0.001  0.000   44.520    8.065    0    0  (Gen:  0)
   513864      4160    335264  0.001  0.000   44.523    8.067    0    0  (Gen:  0)
   513960      3616    335096  0.000  0.000   44.526    8.070    0    0  (Gen:  0)
   513864      3792    335264  0.001  0.000   44.529    8.072    0    0  (Gen:  0)
   513960      3616    335096  0.001  0.000   44.533    8.074    0    0  (Gen:  0)
   513864      3792    335264  0.001  0.000   44.536    8.076    0    0  (Gen:  0)
   513960      3616    335096  0.001  0.000   44.540    8.078    0    0  (Gen:  0)
   513864      3792    335264  0.001  0.000   44.543    8.080    0    0  (Gen:  0)
   513960      3616    335096  0.001  0.000   44.547    8.083    0    0  (Gen:  0)
   513864      3792    335264  0.001  0.000   44.550    8.085    0    0  (Gen:  0)
   513960      3616    335096  0.001  0.000   44.553    8.087    0    0  (Gen:  0)
   513864      3792    335264  0.001  0.000   44.557    8.089    0    0  (Gen:  0)
   513960      3616    335096  0.001  0.000   44.560    8.091    0    0  (Gen:  0)
   513864      3792    335264  0.001  0.000   44.563    8.094    0    0  (Gen:  0)
   513960      3616    335096  0.001  0.000   44.566    8.096    0    0  (Gen:  0)
   513864      3792    335264  0.001  0.000   44.569    8.098    0    0  (Gen:  0)
   513960      3616    335096  0.001  0.000   44.572    8.100    0    0  (Gen:  0)
   513864      3792    335264  0.001  0.000   44.576    8.102    0    0  (Gen:  0)
   513960      3616    335096  0.001  0.000   44.579    8.104    0    0  (Gen:  0)
   513864      3792    335264  0.001  0.000   44.583    8.107    0    0  (Gen:  0)
   513960      3616    335096  0.001  0.000   44.586    8.109    0    0  (Gen:  0)
   513864      3792    335264  0.001  0.000   44.589    8.111    0    0  (Gen:  0)
   513960      3616    335096  0.001  0.000   44.592    8.113    0    0  (Gen:  0)
   513864      3792    335264  0.001  0.000   44.596    8.115    0    0  (Gen:  0)
   514104      4024    335488  0.001  0.000   44.599    8.117    0    0  (Gen:  0)
   513864      4160    335656  0.001  0.000   44.603    8.120    0    0  (Gen:  0)
   513960      3616    335488  0.001  0.000   44.606    8.122    0    0  (Gen:  0)
   513864      3792    335656  0.001  0.000   44.609    8.124    0    0  (Gen:  0)
   513960      3616    335488  0.001  0.000   44.612    8.126    0    0  (Gen:  0)
   513864      3792    335656  0.001  0.000   44.616    8.128    0    0  (Gen:  0)
   513960      3616    335488  0.001  0.000   44.619    8.130    0    0  (Gen:  0)
   513864      3792    335656  0.001  0.000   44.622    8.133    0    0  (Gen:  0)
   513960      3616    335488  0.001  0.000   44.626    8.135    0    0  (Gen:  0)
   513864      3792    335656  0.001  0.000   44.629    8.137    0    0  (Gen:  0)
   513960      3616    335488  0.001  0.000   44.632    8.139    0    0  (Gen:  0)
   513864      3792    335656  0.001  0.000   44.635    8.141    0    0  (Gen:  0)
   513960      3616    335488  0.001  0.000   44.639    8.143    0    0  (Gen:  0)
   513864      3792    335656  0.001  0.000   44.642    8.146    0    0  (Gen:  0)
   513960      3616    335488  0.001  0.000   44.645    8.148    0    0  (Gen:  0)
   513864      3792    335656  0.001  0.000   44.648    8.150    0    0  (Gen:  0)
   513960      3616    335488  0.001  0.000   44.651    8.152    0    0  (Gen:  0)
   513864      3792    335656  0.001  0.000   44.655    8.154    0    0  (Gen:  0)
   513960      3616    335488  0.001  0.000   44.658    8.156    0    0  (Gen:  0)
   513864      3792    335656  0.001  0.000   44.661    8.159    0    0  (Gen:  0)
   513960      3616    335488  0.001  0.000   44.665    8.161    0    0  (Gen:  0)
   513864      3792    335656  0.001  0.000   44.668    8.163    0    0  (Gen:  0)
   513960      3616    335488  0.001  0.000   44.671    8.165    0    0  (Gen:  0)
   513864      3792    335656  0.001  0.000   44.674    8.167    0    0  (Gen:  0)
   513960      3616    335488  0.001  0.000   44.677    8.169    0    0  (Gen:  0)
   514008      4192    336048  0.001  0.000   44.681    8.172    0    0  (Gen:  0)
   513960      3984    335880  0.001  0.000   44.684    8.174    0    0  (Gen:  0)
   513864      3792    336048  0.001  0.000   44.687    8.176    0    0  (Gen:  0)
   513960      3616    335880  0.001  0.000   44.691    8.178    0    0  (Gen:  0)
   513864      3792    336048  0.001  0.000   44.694    8.180    0    0  (Gen:  0)
   513960      3616    335880  0.001  0.000   44.697    8.182    0    0  (Gen:  0)
   513864      3792    336048  0.001  0.000   44.701    8.185    0    0  (Gen:  0)
   513960      3616    335880  0.001  0.000   44.704    8.187    0    0  (Gen:  0)
   513864      3792    336048  0.001  0.000   44.707    8.189    0    0  (Gen:  0)
   513960      3616    335880  0.001  0.000   44.710    8.191    0    0  (Gen:  0)
   513864      3792    336048  0.001  0.000   44.714    8.193    0    0  (Gen:  0)
   513960      3616    335880  0.001  0.000   44.717    8.195    0    0  (Gen:  0)
   513864      3792    336048  0.001  0.000   44.720    8.197    0    0  (Gen:  0)
   513960      3616    335880  0.001  0.000   44.723    8.200    0    0  (Gen:  0)
   513864      3792    336048  0.001  0.000   44.727    8.202    0    0  (Gen:  0)
   513960      3616    335880  0.001  0.000   44.730    8.204    0    0  (Gen:  0)
   513864      3792    336048  0.001  0.000   44.734    8.206    0    0  (Gen:  0)
   513960      3616    335880  0.001  0.000   44.738    8.208    0    0  (Gen:  0)
   513864      3792    336048  0.001  0.000   44.741    8.211    0    0  (Gen:  0)
   513960      3616    335880  0.001  0.000   44.744    8.213    0    0  (Gen:  0)
   513864      3792    336048  0.001  0.000   44.747    8.215    0    0  (Gen:  0)
   513960      3616    335880  0.001  0.000   44.751    8.217    0    0  (Gen:  0)
   513864      3792    336048  0.001  0.000   44.754    8.219    0    0  (Gen:  0)
   513960      3616    335880  0.001  0.000   44.757    8.221    0    0  (Gen:  0)
   513864      3792    336048  0.001  0.000   44.761    8.224    0    0  (Gen:  0)
   513960      3616    335880  0.001  0.000   44.764    8.226    0    0  (Gen:  0)
   514008      4192    336440  0.001  0.000   44.767    8.228    0    0  (Gen:  0)
   513960      3984    336272  0.001  0.000   44.771    8.230    0    0  (Gen:  0)
   513864      3792    336440  0.001  0.000   44.774    8.232    0    0  (Gen:  0)
   513960      3616    336272  0.001  0.000   44.777    8.235    0    0  (Gen:  0)
   513864      3792    336440  0.001  0.000   44.781    8.237    0    0  (Gen:  0)
   513960      3616    336272  0.001  0.000   44.784    8.239    0    0  (Gen:  0)
   513864      3792    336440  0.001  0.000   44.787    8.241    0    0  (Gen:  0)
   513960      3616    336272  0.001  0.000   44.791    8.244    0    0  (Gen:  0)
   513864      3792    336440  0.001  0.000   44.794    8.246    0    0  (Gen:  0)
   513960      3616    336272  0.001  0.000   44.798    8.248    0    0  (Gen:  0)
   513864      3792    336440  0.001  0.000   44.801    8.250    0    0  (Gen:  0)
   513960      3616    336272  0.001  0.000   44.804    8.252    0    0  (Gen:  0)
   513864      3792    336440  0.001  0.000   44.808    8.255    0    0  (Gen:  0)
   513960      3616    336272  0.001  0.000   44.811    8.257    0    0  (Gen:  0)
   513864      3792    336440  0.001  0.000   44.815    8.259    0    0  (Gen:  0)
   513960      3616    336272  0.001  0.000   44.818    8.261    0    0  (Gen:  0)
   513864      3792    336440  0.001  0.000   44.821    8.263    0    0  (Gen:  0)
   513960      3616    336272  0.001  0.000   44.824    8.266    0    0  (Gen:  0)
   513864      3792    336440  0.001  0.000   44.828    8.268    0    0  (Gen:  0)
   513960      3616    336272  0.001  0.000   44.831    8.270    0    0  (Gen:  0)
   513864      3792    336440  0.001  0.000   44.834    8.272    0    0  (Gen:  0)
   513960      3616    336272  0.001  0.000   44.838    8.275    0    0  (Gen:  0)
   513864      3792    336440  0.001  0.000   44.841    8.277    0    0  (Gen:  0)
   513960      3616    336272  0.001  0.000   44.844    8.279    0    0  (Gen:  0)
   513864      3792    336440  0.001  0.000   44.848    8.281    0    0  (Gen:  0)
   513960      3616    336272  0.001  0.000   44.851    8.283    0    0  (Gen:  0)
   513864      3792    336440  0.001  0.000   44.855    8.286    0    0  (Gen:  0)
   513960      3616    336272  0.001  0.000   44.859    8.288    0    0  (Gen:  0)
   514008      4192    336832  0.001  0.000   44.862    8.290    0    0  (Gen:  0)
   513960      3984    336664  0.001  0.000   44.865    8.293    0    0  (Gen:  0)
   513864      3792    336832  0.001  0.000   44.869    8.295    0    0  (Gen:  0)
   513960      3616    336664  0.000  0.000   44.875    8.297    0    0  (Gen:  0)
   513864      3792    336832  0.001  0.000   44.880    8.300    0    0  (Gen:  0)
   513960      3616    336664  0.001  0.000   44.883    8.302    0    0  (Gen:  0)
   513864      3792    336832  0.001  0.000   44.886    8.304    0    0  (Gen:  0)
   513960      3616    336664  0.001  0.000   44.890    8.306    0    0  (Gen:  0)
   513864      3792    336832  0.001  0.000   44.893    8.308    0    0  (Gen:  0)
   513960      3616    336664  0.001  0.000   44.896    8.311    0    0  (Gen:  0)
   513864      3792    336832  0.001  0.000   44.900    8.313    0    0  (Gen:  0)
   513960      3616    336664  0.001  0.000   44.903    8.315    0    0  (Gen:  0)
   513864      3792    336832  0.001  0.000   44.906    8.317    0    0  (Gen:  0)
   513960      3616    336664  0.001  0.000   44.909    8.320    0    0  (Gen:  0)
   513864      3792    336832  0.001  0.000   44.913    8.322    0    0  (Gen:  0)
   513960      3616    336664  0.001  0.000   44.916    8.324    0    0  (Gen:  0)
   513864      3792    336832  0.001  0.000   44.919    8.326    0    0  (Gen:  0)
   513960      3616    336664  0.001  0.000   44.923    8.328    0    0  (Gen:  0)
   513864      3792    336832  0.001  0.000   44.926    8.331    0    0  (Gen:  0)
   513960      3616    336664  0.001  0.000   44.929    8.333    0    0  (Gen:  0)
   513864      3792    336832  0.001  0.000   44.933    8.335    0    0  (Gen:  0)
   513960      3616    336664  0.001  0.000   44.936    8.337    0    0  (Gen:  0)
   513864      3792    336832  0.001  0.000   44.939    8.339    0    0  (Gen:  0)
   513960      3616    336664  0.001  0.000   44.942    8.342    0    0  (Gen:  0)
   513864      3792    336832  0.001  0.000   44.946    8.344    0    0  (Gen:  0)
   513960      3616    336664  0.001  0.000   44.949    8.346    0    0  (Gen:  0)
   513864      3792    336832  0.001  0.000   44.952    8.348    0    0  (Gen:  0)
   513960      3616    336664  0.001  0.000   44.955    8.350    0    0  (Gen:  0)
   513864      3792    336832  0.001  0.000   44.959    8.353    0    0  (Gen:  0)
   514104      4024    337056  0.001  0.000   44.962    8.355    0    0  (Gen:  0)
   513864      4160    337224  0.001  0.000   44.966    8.357    0    0  (Gen:  0)
   513960      3616    337056  0.001  0.000   44.969    8.359    0    0  (Gen:  0)
   513864      3792    337224  0.001  0.000   44.972    8.361    0    0  (Gen:  0)
   513960      3616    337056  0.001  0.000   44.975    8.364    0    0  (Gen:  0)
   513864      3792    337224  0.001  0.000   44.979    8.366    0    0  (Gen:  0)
   513960      3616    337056  0.001  0.000   44.982    8.368    0    0  (Gen:  0)
   513864      3792    337224  0.001  0.000   44.985    8.370    0    0  (Gen:  0)
   513960      3616    337056  0.001  0.000   44.989    8.373    0    0  (Gen:  0)
   513864      3792    337224  0.001  0.000   44.992    8.375    0    0  (Gen:  0)
   513960      3616    337056  0.001  0.000   44.995    8.377    0    0  (Gen:  0)
   513864      3792    337224  0.001  0.000   44.999    8.379    0    0  (Gen:  0)
   513960      3616    337056  0.001  0.000   45.002    8.381    0    0  (Gen:  0)
   513864      3792    337224  0.001  0.000   45.005    8.384    0    0  (Gen:  0)
   513960      3616    337056  0.001  0.000   45.009    8.386    0    0  (Gen:  0)
   513864      3792    337224  0.001  0.000   45.012    8.388    0    0  (Gen:  0)
   513960      3616    337056  0.001  0.000   45.015    8.390    0    0  (Gen:  0)
   513864      3792    337224  0.001  0.000   45.019    8.393    0    0  (Gen:  0)
   513960      3616    337056  0.001  0.000   45.022    8.395    0    0  (Gen:  0)
   513864      3792    337224  0.001  0.000   45.025    8.397    0    0  (Gen:  0)
   513960      3616    337056  0.001  0.000   45.028    8.399    0    0  (Gen:  0)
   513864      3792    337224  0.001  0.000   45.032    8.401    0    0  (Gen:  0)
   513960      3616    337056  0.001  0.000   45.035    8.404    0    0  (Gen:  0)
   513864      3792    337224  0.001  0.000   45.038    8.406    0    0  (Gen:  0)
   513960      3616    337056  0.001  0.000   45.042    8.408    0    0  (Gen:  0)
   513864      3792    337224  0.001  0.000   45.045    8.410    0    0  (Gen:  0)
   513960      3616    337056  0.001  0.000   45.049    8.412    0    0  (Gen:  0)
   513864      3792    337224  0.001  0.000   45.052    8.415    0    0  (Gen:  0)
   513960      3616    337056  0.001  0.000   45.055    8.417    0    0  (Gen:  0)
   513864      3792    337224  0.001  0.000   45.059    8.419    0    0  (Gen:  0)
   513960      3616    337056  0.001  0.000   45.062    8.421    0    0  (Gen:  0)
  1500080     91296    432832  0.003  0.000   45.066    8.422    0    0  (Gen:  0)
  4369976    123080    459136  0.002  0.000   45.073    8.423    0    0  (Gen:  0)
  1168640     62312    459560  0.002  0.000   45.077    8.424    0    0  (Gen:  0)
   968216     56384    542792  0.002  0.000   45.083    8.425    0    0  (Gen:  0)
   601048     13984    559464  0.040  0.004   45.126    8.430    0    0  (Gen:  0)
   532544      6768    558480  0.006  0.001   45.138    8.431    0    0  (Gen:  0)
   514880      5728    560264  0.001  0.000   45.204    8.438    0    0  (Gen:  0)
   561560      8736    580632  0.003  0.000   45.208    8.438    0    0  (Gen:  0)
   515168     15224    587184  0.001  0.000   45.211    8.438    0    0  (Gen:  0)
   623560     46136    659648  0.004  0.000   45.216    8.439    0    0  (Gen:  0)
   518440     31344    664648  0.001  0.000   45.219    8.440    0    0  (Gen:  0)
   517992     18432    664768  0.001  0.000   45.221    8.440    0    0  (Gen:  0)
   517304      6792    667312  0.001  0.000   45.223    8.440    0    0  (Gen:  0)
   517240     12576    675264  0.001  0.000   45.226    8.441    0    0  (Gen:  0)
   518240     25256    695480  0.001  0.000   45.228    8.441    0    0  (Gen:  0)
   516992     25728    716960  0.002  0.000   45.231    8.441    0    0  (Gen:  0)
   517696     25896    738712  0.002  0.000   45.233    8.442    0    0  (Gen:  0)
   519184     37896    772176  0.002  0.000   45.236    8.442    0    0  (Gen:  0)
   125048    128480    204040  0.000  0.000   45.237    8.443    0    0  (Gen:  1)
     1152                      0.000  0.000

   5,772,394,608 bytes allocated in the heap
   1,683,122,024 bytes copied during GC
       6,584,400 bytes maximum residency (111 sample(s))
         553,456 bytes maximum slop
              25 MB total memory in use (0 MB lost due to fragmentation)

                                     Tot time (elapsed)  Avg pause  Max pause
  Gen  0     10598 colls, 10598 par   25.111s   1.937s     0.0002s    0.0366s
  Gen  1       111 colls,   110 par    1.806s   0.161s     0.0014s    0.0200s

  Parallel GC work balance: 8.03% (serial 0%, perfect 100%)

  TASKS: 28 (1 bound, 27 peak workers (27 total), using -N12)

  SPARKS: 0 (0 converted, 0 overflowed, 0 dud, 0 GC'd, 0 fizzled)

  INIT    time    0.004s  (  0.002s elapsed)
  MUT     time   18.097s  (  6.343s elapsed)
  GC      time   26.917s  (  2.097s elapsed)
  EXIT    time    0.002s  (  0.000s elapsed)
  Total   time   45.238s  (  8.443s elapsed)

  Alloc rate    318,977,215 bytes per MUT second

  Productivity  40.5% of total user, 217.0% of total elapsed

gc_alloc_block_sync: 164265
whitehole_spin: 0
gen[0].sync: 84
gen[1].sync: 31084
