    Alloc    Copied     Live     GC     GC      TOT      TOT  Page Flts
    bytes     bytes     bytes   user   elap     user     elap
   740992    176400    227136  0.003  0.000    0.231    0.002    0    0  (Gen:  0)
   968976    171536    316848  0.017  0.001    0.251    0.004    7    0  (Gen:  1)
   769984     54848    339560  0.002  0.000    0.254    0.004    0    0  (Gen:  0)
   725704     20296    358616  0.001  0.000    0.256    0.005    0    0  (Gen:  0)
   816920     24280    390552  0.001  0.000    0.258    0.005    0    0  (Gen:  0)
   724680     23448    397120  0.001  0.000    0.260    0.005    0    0  (Gen:  0)
   729752     17184    417968  0.001  0.000    0.262    0.005    0    0  (Gen:  0)
   836840     27200    431304  0.001  0.000    0.264    0.006    0    0  (Gen:  0)
   802280     34920    476984  0.001  0.000    0.266    0.006    0    0  (Gen:  0)
   728744     32432    479968  0.001  0.000    0.268    0.006    0    0  (Gen:  0)
   727784     17888    513792  0.001  0.000    0.269    0.006    0    0  (Gen:  0)
   728064     16056    511904  0.001  0.000    0.270    0.007    0    0  (Gen:  0)
   732480     16688    532520  0.001  0.000    0.271    0.007    0    0  (Gen:  0)
   831168     30912    554232  0.001  0.000    0.273    0.007    0    0  (Gen:  0)
   881232     41104    577432  0.001  0.000    0.275    0.007    0    0  (Gen:  0)
   852376     49032    632128  0.001  0.000    0.277    0.008    0    0  (Gen:  0)
   731960     39792    643208  0.001  0.000    0.279    0.008    0    0  (Gen:  0)
   728640     16840    659456  0.001  0.000    0.280    0.008    0    0  (Gen:  0)
   728480     17312    680008  0.001  0.000    0.281    0.008    0    0  (Gen:  0)
   732664     16640    687200  0.001  0.000    0.283    0.008    0    0  (Gen:  0)
   730112     18296    712904  0.001  0.000    0.284    0.008    0    0  (Gen:  0)
   728256     17472    724584  0.001  0.000    0.285    0.009    0    0  (Gen:  0)
   727312     16312    731512  0.001  0.000    0.288    0.009    0    0  (Gen:  0)
   732560     17344    756288  0.001  0.000    0.290    0.009    0    0  (Gen:  0)
   728696     17368    776536  0.001  0.000    0.291    0.009    0    0  (Gen:  0)
   796536     28504    778936  0.001  0.000    0.293    0.010    0    0  (Gen:  0)
   886296     44248    808424  0.001  0.000    0.295    0.010    0    0  (Gen:  0)
   894088     54504    840136  0.002  0.000    0.298    0.010    0    0  (Gen:  0)
   887872     68896    881624  0.001  0.000    0.300    0.011    0    0  (Gen:  0)
   892384     58000    909448  0.018  0.002    0.339    0.016    0    0  (Gen:  0)
   802880     57904    966872  0.002  0.000    0.343    0.016    0    0  (Gen:  0)
   732824     37072    978016  0.002  0.000    0.345    0.016    0    0  (Gen:  0)
   727784     17856   1007824  0.001  0.000    0.347    0.017    0    0  (Gen:  0)
   728064     16072   1005904  0.001  0.000    0.350    0.017    0    0  (Gen:  0)
   728400     16696   1026536  0.001  0.000    0.352    0.017    0    0  (Gen:  0)
   735080    556616    804056  0.008  0.001    0.360    0.018    0    0  (Gen:  1)
   727232     15584    809544  0.000  0.000    0.361    0.018    0    0  (Gen:  0)
   728720     17216    821808  0.001  0.000    0.362    0.018    0    0  (Gen:  0)
   727800     16328    828904  0.001  0.000    0.363    0.019    0    0  (Gen:  0)
   733912     17064    853736  0.001  0.000    0.364    0.019    0    0  (Gen:  0)
   728128     17784    878960  0.001  0.000    0.365    0.019    0    0  (Gen:  0)
   727208     17024    894648  0.001  0.000    0.366    0.019    0    0  (Gen:  0)
   731768     17888    915936  0.001  0.000    0.367    0.019    0    0  (Gen:  0)
   735144     17008    923320  0.001  0.000    0.368    0.019    0    0  (Gen:  0)
   730600     16184    930224  0.001  0.000    0.369    0.019    0    0  (Gen:  0)
   730408     17712    959720  0.001  0.000    0.370    0.020    0    0  (Gen:  0)
   731280     17024    971368  0.001  0.000    0.371    0.020    0    0  (Gen:  0)
   737208     17472    983912  0.001  0.000    0.372    0.020    0    0  (Gen:  0)
   730816     16976    995592  0.001  0.000    0.373    0.020    0    0  (Gen:  0)
   733216     16568    998944  0.001  0.000    0.375    0.020    0    0  (Gen:  0)
   891376     43488   1041024  0.001  0.000    0.376    0.021    0    0  (Gen:  0)
   896632     78896   1094616  0.001  0.000    0.378    0.021    0    0  (Gen:  0)
   892568     73976   1138352  0.001  0.000    0.380    0.021    0    0  (Gen:  0)
   895016     65576   1175072  0.001  0.000    0.382    0.021    0    0  (Gen:  0)
   896384     75400   1215432  0.001  0.000    0.384    0.022    0    0  (Gen:  0)
   898864     68392   1262008  0.001  0.000    0.386    0.022    0    0  (Gen:  0)
   898632     89544   1316816  0.001  0.000    0.388    0.022    0    0  (Gen:  0)
   899656     87312   1367840  0.002  0.000    0.391    0.023    0    0  (Gen:  0)
   898776     72200   1405296  0.002  0.000    0.393    0.023    0    0  (Gen:  0)
   862672     73872   1481200  0.001  0.000    0.396    0.024    0    0  (Gen:  0)
   729832     49784   1488256  0.002  0.000    0.398    0.024    0    0  (Gen:  0)
   731280    861408   1162008  0.007  0.001    0.407    0.025    0    0  (Gen:  1)
   731200     16824   1174328  0.001  0.000    0.408    0.025    0    0  (Gen:  0)
   736744     16992   1186504  0.001  0.000    0.410    0.025    0    0  (Gen:  0)
   730624     18192   1216128  0.001  0.000    0.411    0.025    0    0  (Gen:  0)
   731064     17160   1223512  0.037  0.003    0.450    0.029    0    0  (Gen:  0)
   730600     16144   1230712  0.002  0.000    0.507    0.034    0    0  (Gen:  0)
   735120     17088   1251440  0.001  0.000    0.513    0.035    0    0  (Gen:  0)
   732352     17192   1267744  0.002  0.000    0.520    0.036    0    0  (Gen:  0)
   729496     17544   1288432  0.003  0.000    0.528    0.036    0    0  (Gen:  0)
   730960     17432   1304512  0.001  0.000    0.531    0.037    0    0  (Gen:  0)
   737448     17264   1312688  0.001  0.000    0.533    0.037    0    0  (Gen:  0)
   730576     17000   1328704  0.001  0.000    0.536    0.037    0    0  (Gen:  0)
   730048     16664   1348640  0.001  0.000    0.538    0.038    0    0  (Gen:  0)
   735120     17480   1369400  0.001  0.000    0.540    0.038    0    0  (Gen:  0)
   732352     17472   1385648  0.001  0.000    0.542    0.038    0    0  (Gen:  0)
   731424     17568   1398192  0.001  0.000    0.545    0.038    0    0  (Gen:  0)
   729608     16304   1404960  0.001  0.000    0.545    0.039    0    0  (Gen:  0)
   734288     16032   1428752  0.001  0.000    0.546    0.039    0    0  (Gen:  0)
   732688     18936   1463920  0.001  0.000    0.547    0.039    0    0  (Gen:  0)
   731976     17672   1471504  0.001  0.000    0.548    0.039    0    0  (Gen:  0)
   729032     17120   1491840  0.001  0.000    0.549    0.039    0    0  (Gen:  0)
   737368     17184   1499656  0.001  0.000    0.550    0.039    0    0  (Gen:  0)
   729504     16496   1515184  0.001  0.000    0.551    0.039    0    0  (Gen:  0)
   730568     17824   1544520  0.001  0.000    0.552    0.039    0    0  (Gen:  0)
   732016     16152   1538816  0.001  0.000    0.553    0.040    0    0  (Gen:  0)
   736088     17664   1568648  0.001  0.000    0.553    0.040    0    0  (Gen:  0)
   731120     17224   1580520  0.001  0.000    0.554    0.040    0    0  (Gen:  0)
   728760     15872   1587024  0.001  0.000    0.555    0.040    0    0  (Gen:  0)
   733784     18720   1617552  0.001  0.000    0.556    0.040    0    0  (Gen:  0)
   734816     17560   1633440  0.001  0.000    0.557    0.040    0    0  (Gen:  0)
   730048     16992   1649328  0.001  0.000    0.558    0.040    0    0  (Gen:  0)
   731304     16264   1652312  0.001  0.000    0.559    0.041    0    0  (Gen:  0)
   731456     18496   1686800  0.001  0.000    0.560    0.041    0    0  (Gen:  0)
   734784     16352   1688992  0.001  0.000    0.561    0.041    0    0  (Gen:  0)
   730960     16776   1705528  0.001  0.000    0.562    0.041    0    0  (Gen:  0)
   732328     17992   1735008  0.001  0.000    0.562    0.041    0    0  (Gen:  0)
   729912     16640   1737888  0.001  0.000    0.563    0.041    0    0  (Gen:  0)
   766136     26288   1754904  0.000  0.000    0.564    0.041    0    0  (Gen:  0)
   897112     57488   1801256  0.001  0.000    0.566    0.042    0    0  (Gen:  0)
   899008     93848   1856600  0.001  0.000    0.568    0.042    0    0  (Gen:  0)
   901504     89888   1908680  0.003  0.000    0.571    0.043    0    0  (Gen:  0)
   902360     74384   1952552  0.001  0.000    0.574    0.043    0    0  (Gen:  0)
   901520     89776   2001360  0.002  0.000    0.576    0.043    0    0  (Gen:  0)
   903224     71752   2047520  0.001  0.000    0.577    0.044    0    0  (Gen:  0)
   901536     81208   2085264  0.002  0.000    0.581    0.044    0    0  (Gen:  0)
   904200     95528   2143160  0.002  0.000    0.583    0.044    0    0  (Gen:  0)
   902856     77384   2184792  0.002  0.000    0.586    0.045    0    0  (Gen:  0)
   902648     96160   2236080  0.002  0.000    0.588    0.045    0    0  (Gen:  0)
   900072     77184   2282784  0.002  0.000    0.590    0.046    0    0  (Gen:  0)
   903792   1412616   1745400  0.010  0.001    0.600    0.047    0    0  (Gen:  1)
   903720     98976   1802208  0.002  0.000    0.603    0.047    0    0  (Gen:  0)
   903200     83256   1844784  0.002  0.000    0.606    0.047    0    0  (Gen:  0)
   906104     97688   1902576  0.002  0.000    0.609    0.048    0    0  (Gen:  0)
   906568     78856   1949008  0.002  0.000    0.612    0.048    0    0  (Gen:  0)
   903160     93448   1995888  0.002  0.000    0.614    0.049    0    0  (Gen:  0)
   902968     93344   2047520  0.002  0.000    0.617    0.049    0    0  (Gen:  0)
   909240    101768   2109520  0.002  0.000    0.619    0.049    0    0  (Gen:  0)
   793424     74376   2171144  0.002  0.000    0.622    0.050    0    0  (Gen:  0)
   730856     44296   2191936  0.001  0.000    0.623    0.050    0    0  (Gen:  0)
   732272     17800   2208832  0.001  0.000    0.624    0.050    0    0  (Gen:  0)
   728760     16096   2215336  0.001  0.000    0.625    0.050    0    0  (Gen:  0)
   736352     17184   2236184  0.001  0.000    0.626    0.050    0    0  (Gen:  0)
   731096     18016   2265592  0.001  0.000    0.627    0.051    0    0  (Gen:  0)
   730072     16512   2268312  0.001  0.000    0.629    0.051    0    0  (Gen:  0)
   735360     16696   2288608  0.001  0.000    0.630    0.051    0    0  (Gen:  0)
   732112     17120   2301096  0.001  0.000    0.631    0.051    0    0  (Gen:  0)
   731672     16592   2308552  0.001  0.000    0.632    0.051    0    0  (Gen:  0)
   730488     17992   2338192  0.001  0.000    0.634    0.051    0    0  (Gen:  0)
   735256     17744   2362680  0.001  0.000    0.635    0.052    0    0  (Gen:  0)
   730984     17256   2370680  0.001  0.000    0.636    0.052    0    0  (Gen:  0)
   730128     16576   2381936  0.001  0.000    0.638    0.052    0    0  (Gen:  0)
   732176     15856   2380752  0.001  0.000    0.639    0.052    0    0  (Gen:  0)
   734144     17176   2418520  0.001  0.000    0.640    0.052    0    0  (Gen:  0)
   733128     17216   2422504  0.001  0.000    0.641    0.052    0    0  (Gen:  0)
   730736     17240   2438944  0.001  0.000    0.643    0.053    0    0  (Gen:  0)
   731504     17136   2450848  0.001  0.000    0.644    0.053    0    0  (Gen:  0)
   733688     19096   2497704  0.001  0.000    0.645    0.053    0    0  (Gen:  0)
   730704     16912   2495752  0.001  0.000    0.646    0.053    0    0  (Gen:  0)
   730960     16688   2516400  0.001  0.000    0.648    0.053    0    0  (Gen:  0)
   732328     17872   2541848  0.001  0.000    0.649    0.053    0    0  (Gen:  0)
   733912     16640   2553072  0.001  0.000    0.650    0.054    0    0  (Gen:  0)
   732432     17808   2565808  0.001  0.000    0.651    0.054    0    0  (Gen:  0)
   730440     16584   2572872  0.001  0.000    0.652    0.054    0    0  (Gen:  0)
   732352     17024   2593624  0.001  0.000    0.654    0.054    0    0  (Gen:  0)
   735504     17368   2614368  0.001  0.000    0.655    0.054    0    0  (Gen:  0)
   729584     16584   2629920  0.001  0.000    0.656    0.054    0    0  (Gen:  0)
   731776     18712   2660144  0.001  0.000    0.657    0.055    0    0  (Gen:  0)
   731064     17424   2667560  0.001  0.000    0.659    0.055    0    0  (Gen:  0)
   734680     16160   2678576  0.001  0.000    0.660    0.055    0    0  (Gen:  0)
   731040     17088   2695224  0.001  0.000    0.661    0.055    0    0  (Gen:  0)
   732352     17168   2711472  0.001  0.000    0.662    0.055    0    0  (Gen:  0)
   731424     17728   2724184  0.001  0.000    0.664    0.055    0    0  (Gen:  0)
   734816     17328   2744120  0.001  0.000    0.665    0.056    0    0  (Gen:  0)
   731584     17472   2756432  0.001  0.000    0.666    0.056    0    0  (Gen:  0)
   729504     16736   2771944  0.001  0.000    0.667    0.056    0    0  (Gen:  0)
   731200     17016   2792304  0.001  0.000    0.668    0.056    0    0  (Gen:  0)
   735720     18936   2822592  0.001  0.000    0.670    0.056    0    0  (Gen:  0)
   731176     18296   2843000  0.001  0.000    0.671    0.056    0    0  (Gen:  0)
   731120     17528   2859528  0.001  0.000    0.672    0.057    0    0  (Gen:  0)
   729912     16488   2866456  0.001  0.000    0.673    0.057    0    0  (Gen:  0)
   735752     16648   2878384  0.001  0.000    0.675    0.057    0    0  (Gen:  0)
   731800     17848   2907920  0.001  0.000    0.676    0.057    0    0  (Gen:  0)
   731976     17048   2911424  0.001  0.000    0.677    0.057    0    0  (Gen:  0)
   729032     17088   2936024  0.001  0.000    0.678    0.057    0    0  (Gen:  0)
   737368     17144   2943840  0.001  0.000    0.680    0.058    0    0  (Gen:  0)
   729504     16480   2959400  0.001  0.000    0.681    0.058    0    0  (Gen:  0)
   731720     18400   2989336  0.001  0.000    0.682    0.058    0    0  (Gen:  0)
   730520     16848   2992256  0.001  0.000    0.683    0.058    0    0  (Gen:  0)
   734728     17200   3021200  0.001  0.000    0.685    0.058    0    0  (Gen:  0)
   733128     17232   3025216  0.001  0.000    0.686    0.058    0    0  (Gen:  0)
   729608     16032   3031984  0.001  0.000    0.687    0.059    0    0  (Gen:  0)
   736712     18136   3065992  0.001  0.000    0.689    0.059    0    0  (Gen:  0)
   730736     17128   3077800  0.007  0.001    0.696    0.060    0    0  (Gen:  0)
   730048     16792   3094000  0.001  0.000    0.699    0.060    0    0  (Gen:  0)
   731040     16992   3106232  0.001  0.000    0.700    0.060    0    0  (Gen:  0)
   736976     18120   3123456  0.001  0.000    0.702    0.060    0    0  (Gen:  0)
   728792     17232   3147768  0.001  0.000    0.704    0.061    0    0  (Gen:  0)
   731120     16896   3168328  0.001  0.000    0.706    0.061    0    0  (Gen:  0)
   731672     16960   3176360  0.001  0.000    0.709    0.061    0    0  (Gen:  0)
   736432     17128   3196744  0.002  0.000    0.712    0.062    0    0  (Gen:  0)
   729496     17312   3217360  0.001  0.000    0.713    0.062    0    0  (Gen:  0)
   731592   2179504   2586096  0.009  0.001    0.723    0.063    0    0  (Gen:  1)
   732272     17160   2606896  0.001  0.000    0.724    0.063    0    0  (Gen:  0)
   735120     17520   2627560  0.001  0.000    0.726    0.063    0    0  (Gen:  0)
   730072     16320   2634328  0.001  0.000    0.727    0.063    0    0  (Gen:  0)
   730384     18368   2664360  0.001  0.000    0.728    0.063    0    0  (Gen:  0)
   732352     18064   2680640  0.001  0.000    0.729    0.063    0    0  (Gen:  0)
   734784     15784   2682896  0.001  0.000    0.731    0.064    0    0  (Gen:  0)
   731016     17296   2708208  0.001  0.000    0.732    0.064    0    0  (Gen:  0)
   732272     17376   2724552  0.001  0.000    0.733    0.064    0    0  (Gen:  0)
   731040     17944   2737184  0.001  0.000    0.734    0.064    0    0  (Gen:  0)
   734128     17104   2756632  0.001  0.000    0.736    0.064    0    0  (Gen:  0)
   729832     16144   2763656  0.001  0.000    0.737    0.065    0    0  (Gen:  0)
   732432     17288   2780408  0.001  0.000    0.738    0.065    0    0  (Gen:  0)
   730960     17040   2796576  0.001  0.000    0.739    0.065    0    0  (Gen:  0)
   823824     39568   2822760  0.001  0.000    0.741    0.065    0    0  (Gen:  0)
   903560     74320   2871128  0.002  0.000    0.744    0.066    0    0  (Gen:  0)
   907744    112776   2938672  0.003  0.000    0.747    0.066    0    0  (Gen:  0)
   904160     71112   3006808  0.009  0.001    0.757    0.067    0    0  (Gen:  0)
   908832     89744   3069136  0.002  0.000    0.760    0.068    0    0  (Gen:  0)
   908152     98744   3127520  0.002  0.000    0.763    0.068    0    0  (Gen:  0)
   905752     83912   3173824  0.003  0.000    0.767    0.069    0    0  (Gen:  0)
   908072     97504   3224896  0.002  0.000    0.769    0.069    0    0  (Gen:  0)
   909576     77080   3281936  0.002  0.000    0.772    0.069    0    0  (Gen:  0)
   907304    107984   3343464  0.002  0.000    0.774    0.070    0    0  (Gen:  0)
   909000    108104   3405192  0.002  0.000    0.777    0.070    0    0  (Gen:  0)
   906936     87752   3450264  0.002  0.000    0.779    0.071    0    0  (Gen:  0)
   916192    116672   3525536  0.002  0.000    0.782    0.071    0    0  (Gen:  0)
   904608     79496   3588120  0.002  0.000    0.785    0.071    0    0  (Gen:  0)
   905248     94560   3643880  0.004  0.000    0.789    0.072    0    0  (Gen:  0)
   909704    109960   3705720  0.002  0.000    0.792    0.072    0    0  (Gen:  0)
   912944     94944   3759480  0.002  0.000    0.795    0.073    0    0  (Gen:  0)
   908264    107080   3817520  0.002  0.000    0.797    0.073    0    0  (Gen:  0)
   909096     85080   3869136  0.002  0.000    0.800    0.074    0    0  (Gen:  0)
   917960    100048   3923448  0.002  0.000    0.803    0.074    0    0  (Gen:  0)
   905352    107232   3983608  0.002  0.000    0.805    0.075    0    0  (Gen:  0)
   910160     95248   4030056  0.002  0.000    0.808    0.075    0    0  (Gen:  0)
   909624    113568   4094784  0.002  0.000    0.811    0.075    0    0  (Gen:  0)
   913760     94752   4167304  0.002  0.000    0.814    0.076    0    0  (Gen:  0)
   911600     95528   4225040  0.003  0.000    0.817    0.076    0    0  (Gen:  0)
   909784     66536   4282464  0.002  0.000    0.820    0.077    0    0  (Gen:  0)
   909728    116680   4349200  0.003  0.000    0.824    0.077    0    0  (Gen:  0)
   916816    110376   4416824  0.002  0.000    0.828    0.078    0    0  (Gen:  0)
   910392     94336   4466232  0.002  0.000    0.831    0.078    0    0  (Gen:  0)
   912152    110792   4525240  0.002  0.000    0.834    0.079    0    0  (Gen:  0)
   914112     90184   4581976  0.002  0.000    0.837    0.079    0    0  (Gen:  0)
   912208    100704   4635048  0.003  0.000    0.841    0.080    0    0  (Gen:  0)
   909872    119432   4704744  0.002  0.000    0.845    0.080    0    0  (Gen:  0)
   909352     96104   4754216  0.003  0.000    0.848    0.081    0    0  (Gen:  0)
   911656    109984   4812560  0.002  0.000    0.851    0.081    0    0  (Gen:  0)
   915704     89520   4873216  0.002  0.000    0.854    0.082    0    0  (Gen:  0)
   909232    100496   4920528  0.002  0.000    0.858    0.082    0    0  (Gen:  0)
   914768    115608   4985368  0.002  0.000    0.861    0.083    0    0  (Gen:  0)
   909480    101096   5037368  0.002  0.000    0.864    0.083    0    0  (Gen:  0)
   831912     93024   5129680  0.002  0.000    0.867    0.083    0    0  (Gen:  0)
   731120     52000   5141552  0.001  0.000    0.869    0.084    0    0  (Gen:  0)
   731616   2902840   3513496  0.011  0.001    0.881    0.085    0    0  (Gen:  1)
   731256     17312   3542552  0.001  0.000    0.883    0.085    0    0  (Gen:  0)
   735304     16296   3549800  0.001  0.000    0.885    0.085    0    0  (Gen:  0)
   731016     17608   3575144  0.001  0.000    0.887    0.085    0    0  (Gen:  0)
   732272     17568   3587440  0.001  0.000    0.888    0.086    0    0  (Gen:  0)
   731120     17616   3603912  0.001  0.000    0.889    0.086    0    0  (Gen:  0)
   733992     16576   3614920  0.001  0.000    0.890    0.086    0    0  (Gen:  0)
   729888     16688   3630968  0.001  0.000    0.892    0.086    0    0  (Gen:  0)
   731776     18720   3669328  0.001  0.000    0.893    0.086    0    0  (Gen:  0)
   731856     16840   3663880  0.001  0.000    0.894    0.086    0    0  (Gen:  0)
   735096     17472   3693096  0.001  0.000    0.895    0.087    0    0  (Gen:  0)
   732240     16200   3687648  0.001  0.000    0.897    0.087    0    0  (Gen:  0)
   728792     16336   3711960  0.001  0.000    0.898    0.087    0    0  (Gen:  0)
   732328     18128   3741760  0.001  0.000    0.899    0.087    0    0  (Gen:  0)
   733912     16728   3748848  0.001  0.000    0.900    0.087    0    0  (Gen:  0)
   732432     17440   3765456  0.001  0.000    0.901    0.088    0    0  (Gen:  0)
   730960     17256   3777488  0.001  0.000    0.902    0.088    0    0  (Gen:  0)
   730680     16192   3784296  0.001  0.000    0.903    0.088    0    0  (Gen:  0)
   735696     18856   3823168  0.001  0.000    0.904    0.088    0    0  (Gen:  0)
   731200     17696   3838992  0.001  0.000    0.905    0.088    0    0  (Gen:  0)
   731224     16744   3842592  0.001  0.000    0.906    0.088    0    0  (Gen:  0)
   730960     16912   3858704  0.001  0.000    0.908    0.088    0    0  (Gen:  0)
   736456     16832   3866440  0.001  0.000    0.910    0.089    0    0  (Gen:  0)
   729864     17080   3891144  0.001  0.000    0.912    0.089    0    0  (Gen:  0)
   731120     17000   3911704  0.001  0.000    0.914    0.089    0    0  (Gen:  0)
   729888     17016   3927800  0.001  0.000    0.915    0.089    0    0  (Gen:  0)
   735360     16760   3947608  0.001  0.000    0.916    0.090    0    0  (Gen:  0)
   732248     18440   3969464  0.001  0.000    0.918    0.090    0    0  (Gen:  0)
   729992     16712   3976264  0.001  0.000    0.919    0.090    0    0  (Gen:  0)
   733208     16840   3988712  0.001  0.000    0.920    0.090    0    0  (Gen:  0)
   734184     17336   4017840  0.001  0.000    0.920    0.090    0    0  (Gen:  0)
   729968     16688   4033408  0.001  0.000    0.921    0.090    0    0  (Gen:  0)
   732192     18032   4046400  0.001  0.000    0.922    0.090    0    0  (Gen:  0)
   731256     17768   4070824  0.001  0.000    0.923    0.091    0    0  (Gen:  0)
   734544     16136   4073368  0.001  0.000    0.924    0.091    0    0  (Gen:  0)
   732352     17432   4090248  0.001  0.000    0.925    0.091    0    0  (Gen:  0)
   730232     15728   4096848  0.001  0.000    0.926    0.091    0    0  (Gen:  0)
   730800     19592   4145040  0.001  0.000    0.927    0.091    0    0  (Gen:  0)
   735832     17984   4152336  0.001  0.000    0.928    0.091    0    0  (Gen:  0)
   729992     15896   4159200  0.001  0.000    0.929    0.091    0    0  (Gen:  0)
   731280     16576   4179640  0.001  0.000    0.929    0.092    0    0  (Gen:  0)
   736112     17072   4196328  0.001  0.000    0.930    0.092    0    0  (Gen:  0)
   731176     17888   4221480  0.001  0.000    0.931    0.092    0    0  (Gen:  0)
   730984     17160   4224912  0.001  0.000    0.932    0.092    0    0  (Gen:  0)
   732408     18160   4250216  0.001  0.000    0.933    0.092    0    0  (Gen:  0)
   732760     16424   4260928  0.001  0.000    0.934    0.092    0    0  (Gen:  0)
   732984     17032   4269008  0.001  0.000    0.935    0.092    0    0  (Gen:  0)
   729656     17152   4297664  0.001  0.000    0.936    0.092    0    0  (Gen:  0)
   731952     17632   4310248  0.001  0.000    0.937    0.093    0    0  (Gen:  0)
   735256     17712   4339304  0.001  0.000    0.939    0.093    0    0  (Gen:  0)
   731616     16680   4338128  0.001  0.000    0.940    0.093    0    0  (Gen:  0)
   729416     16872   4362592  0.001  0.000    0.941    0.093    0    0  (Gen:  0)
   732192     18064   4383840  0.001  0.000    0.942    0.093    0    0  (Gen:  0)
   735912     17016   4391072  0.001  0.000    0.943    0.093    0    0  (Gen:  0)
   731504     17256   4407512  0.001  0.000    0.944    0.094    0    0  (Gen:  0)
   729032     16800   4427392  0.001  0.000    0.946    0.094    0    0  (Gen:  0)
   731776     15960   4426056  0.001  0.000    0.947    0.094    0    0  (Gen:  0)
   735696     18584   4464928  0.001  0.000    0.948    0.094    0    0  (Gen:  0)
   732136     17184   4472288  0.001  0.000    0.949    0.094    0    0  (Gen:  0)
   730024     17312   4493240  0.001  0.000    0.951    0.094    0    0  (Gen:  0)
   731120     17168   4509160  0.001  0.000    0.952    0.095    0    0  (Gen:  0)
   734600     16344   4520240  0.001  0.000    0.953    0.095    0    0  (Gen:  0)
   731720     18008   4545888  0.001  0.000    0.955    0.095    0    0  (Gen:  0)
   729888     17008   4561512  0.001  0.000    0.956    0.095    0    0  (Gen:  0)
   732984     17360   4565544  0.001  0.000    0.957    0.095    0    0  (Gen:  0)
   735504     17176   4585704  0.001  0.000    0.959    0.096    0    0  (Gen:  0)
   730240     18536   4615416  0.001  0.000    0.960    0.096    0    0  (Gen:  0)
   732000     17328   4614240  0.001  0.000    0.961    0.096    0    0  (Gen:  0)
   730736     16936   4634632  0.001  0.000    0.962    0.096    0    0  (Gen:  0)
   734648     17656   4663648  0.001  0.000    0.964    0.096    0    0  (Gen:  0)
   730520     16616   4670680  0.001  0.000    0.965    0.096    0    0  (Gen:  0)
   730648     17640   4691616  0.001  0.000    0.966    0.097    0    0  (Gen:  0)
   732016     16000   4689928  0.001  0.000    0.967    0.097    0    0  (Gen:  0)
   734856     16680   4718976  0.001  0.000    0.968    0.097    0    0  (Gen:  0)
   732272     17576   4735872  0.001  0.000    0.970    0.097    0    0  (Gen:  0)
   729912     16384   4738752  0.001  0.000    0.971    0.097    0    0  (Gen:  0)
   731672     19784   4782288  0.001  0.000    0.972    0.097    0    0  (Gen:  0)
   734648     18816   4806672  0.001  0.000    0.973    0.098    0    0  (Gen:  0)
   730704     15808   4804720  0.001  0.000    0.974    0.098    0    0  (Gen:  0)
   732112     17312   4825968  0.001  0.000    0.976    0.098    0    0  (Gen:  0)
   731176     17280   4846432  0.001  0.000    0.977    0.098    0    0  (Gen:  0)
   735120     17856   4867224  0.001  0.000    0.978    0.098    0    0  (Gen:  0)
   731224     16968   4870304  0.001  0.000    0.980    0.098    0    0  (Gen:  0)
   730440     16072   4877368  0.001  0.000    0.981    0.099    0    0  (Gen:  0)
   730648     17080   4906400  0.001  0.000    0.982    0.099    0    0  (Gen:  0)
   737208     17040   4914464  0.001  0.000    0.983    0.099    0    0  (Gen:  0)
   730184     17896   4939688  0.001  0.000    0.984    0.099    0    0  (Gen:  0)
   731176     17816   4960096  0.001  0.000    0.986    0.099    0    0  (Gen:  0)
   731120     17560   4976592  0.001  0.000    0.987    0.099    0    0  (Gen:  0)
   733992     16528   4987600  0.001  0.000    0.988    0.100    0    0  (Gen:  0)
   731672     16664   4995416  0.001  0.000    0.989    0.100    0    0  (Gen:  0)
   731800     17872   5024936  0.001  0.000    0.990    0.100    0    0  (Gen:  0)
   736056     17144   5032520  0.001  0.000    0.992    0.100    0    0  (Gen:  0)
   729032     17120   5056936  0.001  0.000    0.993    0.100    0    0  (Gen:  0)
   733288     17184   5064752  0.001  0.000    0.994    0.100    0    0  (Gen:  0)
   729584     16384   5080184  0.001  0.000    0.995    0.101    0    0  (Gen:  0)
   735880     18400   5110200  0.001  0.000    0.996    0.101    0    0  (Gen:  0)
   729808     17296   5125888  0.001  0.000    0.998    0.101    0    0  (Gen:  0)
   732328     17888   5147176  0.001  0.000    0.999    0.101    0    0  (Gen:  0)
   731064     16976   5154560  0.001  0.000    1.000    0.101    0    0  (Gen:  0)
   734680     16176   5165544  0.001  0.000    1.001    0.101    0    0  (Gen:  0)
   730408     17672   5190992  0.001  0.000    1.002    0.101    0    0  (Gen:  0)
   731280     16984   5206720  0.001  0.000    1.004    0.102    0    0  (Gen:  0)
   733128     17328   5211136  0.001  0.000    1.005    0.102    0    0  (Gen:  0)
   734816     17024   5231504  0.001  0.000    1.006    0.102    0    0  (Gen:  0)
   731744     17640   5243960  0.001  0.000    1.008    0.102    0    0  (Gen:  0)
   728792     17224   5268144  0.001  0.000    1.009    0.102    0    0  (Gen:  0)
   731120     16992   5288568  0.001  0.000    1.010    0.103    0    0  (Gen:  0)
   735752     17048   5300528  0.001  0.000    1.012    0.103    0    0  (Gen:  0)
   732352     17208   5316776  0.001  0.000    1.013    0.103    0    0  (Gen:  0)
   729496     17352   5337288  0.001  0.000    1.014    0.103    0    0  (Gen:  0)
   731592     16904   5344744  0.001  0.000    1.015    0.103    0    0  (Gen:  0)
   736352     17272   5369672  0.001  0.000    1.017    0.103    0    0  (Gen:  0)
   731040     17544   5386208  0.001  0.000    1.018    0.104    0    0  (Gen:  0)
   730048     16776   5397560  0.001  0.000    1.019    0.104    0    0  (Gen:  0)
   731696     19352   5432256  0.001  0.000    1.020    0.104    0    0  (Gen:  0)
   736320     17352   5430792  0.001  0.000    1.022    0.104    0    0  (Gen:  0)
   728792     16336   5455104  0.001  0.000    1.023    0.104    0    0  (Gen:  0)
   732272     17552   5476160  0.001  0.000    1.024    0.104    0    0  (Gen:  0)
   730520     16368   5479168  0.001  0.000    1.025    0.105    0    0  (Gen:  0)
   735880     17840   5508656  0.001  0.000    1.026    0.105    0    0  (Gen:  0)
   730048     16672   5520056  0.001  0.000    1.028    0.105    0    0  (Gen:  0)
   731592     16328   5527528  0.001  0.000    1.029    0.105    0    0  (Gen:  0)
   732576     17584   5548712  0.001  0.000    1.030    0.105    0    0  (Gen:  0)
   734816     17056   5564656  0.001  0.000    1.031    0.105    0    0  (Gen:  0)
   730568     18192   5589944  0.001  0.000    1.032    0.106    0    0  (Gen:  0)
   729888     17344   5601456  0.001  0.000    1.034    0.106    0    0  (Gen:  0)
   732408     18128   5626816  0.001  0.000    1.035    0.106    0    0  (Gen:  0)
   734544     16440   5629296  0.001  0.000    1.036    0.106    0    0  (Gen:  0)
   731200     16824   5645576  0.001  0.000    1.037    0.106    0    0  (Gen:  0)
   732656     17864   5666728  0.001  0.000    1.038    0.106    0    0  (Gen:  0)
   730656     17360   5678568  0.001  0.000    1.040    0.107    0    0  (Gen:  0)
   733496     17400   5703080  0.001  0.000    1.041    0.107    0    0  (Gen:  0)
   731616     16608   5701904  0.001  0.000    1.042    0.107    0    0  (Gen:  0)
   731256     17192   5730800  0.001  0.000    1.043    0.107    0    0  (Gen:  0)
   731640     18776   5756816  0.001  0.000    1.044    0.107    0    0  (Gen:  0)
   734048     17496   5776424  0.001  0.000    1.046    0.107    0    0  (Gen:  0)
   731040     17392   5788848  0.001  0.000    1.047    0.107    0    0  (Gen:  0)
   732352     17520   5805128  0.001  0.000    1.048    0.108    0    0  (Gen:  0)
   734784     15800   5807384  0.001  0.000    1.050    0.108    0    0  (Gen:  0)
   732168     17944   5833296  0.001  0.000    1.051    0.108    0    0  (Gen:  0)
   731424     17352   5849376  0.001  0.000    1.053    0.108    0    0  (Gen:  0)
   730736     17472   5861672  0.001  0.000    1.054    0.108    0    0  (Gen:  0)
   735280     17272   5881576  0.001  0.000    1.055    0.109    0    0  (Gen:  0)
   728760     15872   5888080  0.001  0.000    1.056    0.109    0    0  (Gen:  0)
   733784     18704   5914528  0.001  0.000    1.057    0.109    0    0  (Gen:  0)
   730736     17544   5930384  0.001  0.000    1.059    0.109    0    0  (Gen:  0)
   734128     16992   5946272  0.001  0.000    1.060    0.109    0    0  (Gen:  0)
   731304     16264   5953336  0.001  0.000    1.062    0.109    0    0  (Gen:  0)
   731456     18496   5983680  0.001  0.000    1.063    0.110    0    0  (Gen:  0)
   730704     16336   5981792  0.001  0.000    1.064    0.110    0    0  (Gen:  0)
   735040     16784   6002424  0.001  0.000    1.065    0.110    0    0  (Gen:  0)
   732328     17952   6031888  0.001  0.000    1.066    0.110    0    0  (Gen:  0)
   729912     16608   6034768  0.001  0.000    1.068    0.110    0    0  (Gen:  0)
   761216     26624   6048024  0.001  0.000    1.069    0.110    0    0  (Gen:  0)
   915144     69008   6110136  0.002  0.000    1.071    0.111    0    0  (Gen:  0)
   910976    116520   6175672  0.002  0.000    1.074    0.111    0    0  (Gen:  0)
   910056    114968   6240216  0.002  0.000    1.076    0.112    0    0  (Gen:  0)
   911184     94496   6290008  0.002  0.000    1.079    0.112    0    0  (Gen:  0)
   915872    110024   6352352  0.002  0.000    1.083    0.113    0    0  (Gen:  0)
   912872     98504   6409384  0.002  0.000    1.086    0.113    0    0  (Gen:  0)
   910352    123024   6481072  0.002  0.000    1.089    0.114    0    0  (Gen:  0)
   911416     91272   6547472  0.002  0.000    1.091    0.114    0    0  (Gen:  0)
   915176     95944   6601616  0.002  0.000    1.094    0.114    0    0  (Gen:  0)
   909360    112200   6662904  0.002  0.000    1.097    0.115    0    0  (Gen:  0)
   913392     93528   6718152  0.002  0.000    1.100    0.115    0    0  (Gen:  0)
   910272   4652696   5290936  0.017  0.001    1.119    0.117    0    0  (Gen:  1)
   919800    120040   5363864  0.002  0.000    1.122    0.118    0    0  (Gen:  0)
   911984    102368   5413688  0.005  0.000    1.129    0.118    0    0  (Gen:  0)
   912920    119768   5478632  0.002  0.000    1.131    0.119    0    0  (Gen:  0)
   914856     94112   5534024  0.002  0.000    1.134    0.119    0    0  (Gen:  0)
   916072    110656   5594632  0.002  0.000    1.138    0.120    0    0  (Gen:  0)
   912800    106872   5656120  0.002  0.000    1.141    0.120    0    0  (Gen:  0)
   911720    118664   5720888  0.002  0.000    1.144    0.121    0    0  (Gen:  0)
   916840    117080   5789064  0.002  0.000    1.147    0.121    0    0  (Gen:  0)
   916952     97760   5849448  0.002  0.000    1.150    0.122    0    0  (Gen:  0)
   913984    132520   5928544  0.002  0.000    1.153    0.122    0    0  (Gen:  0)
   912240     87048   6004816  0.001  0.000    1.156    0.123    0    0  (Gen:  0)
   913616    110888   6073344  0.002  0.000    1.159    0.123    0    0  (Gen:  0)
   918400    120592   6145480  0.002  0.000    1.162    0.124    0    0  (Gen:  0)
   911792     97024   6197208  0.003  0.000    1.166    0.124    0    0  (Gen:  0)
   916296    115448   6259096  0.002  0.000    1.169    0.125    0    0  (Gen:  0)
   916880     95448   6320104  0.002  0.000    1.173    0.125    0    0  (Gen:  0)
   912200    104304   6370216  0.002  0.000    1.176    0.126    0    0  (Gen:  0)
   916296    121960   6439072  0.002  0.000    1.179    0.126    0    0  (Gen:  0)
   913896    104696   6493072  0.002  0.000    1.183    0.127    0    0  (Gen:  0)
   917336    133232   6578800  0.002  0.000    1.186    0.127    0    0  (Gen:  0)
   913464    101832   6656376  0.002  0.000    1.189    0.127    0    0  (Gen:  0)
   917408    104656   6717312  0.002  0.000    1.192    0.128    0    0  (Gen:  0)
   912256    115072   6780800  0.002  0.000    1.195    0.128    0    0  (Gen:  0)
   918136    122560   6856760  0.002  0.000    1.198    0.129    0    0  (Gen:  0)
   914216    111600   6919504  0.002  0.000    1.202    0.129    0    0  (Gen:  0)
   916280     93288   6975472  0.002  0.000    1.205    0.130    0    0  (Gen:  0)
   916920    114096   7035264  0.002  0.000    1.209    0.130    0    0  (Gen:  0)
   916880    119440   7103648  0.002  0.000    1.212    0.131    0    0  (Gen:  0)
   913880    128048   7177528  0.002  0.000    1.215    0.131    0    0  (Gen:  0)
   915816    117712   7243984  0.001  0.000    1.218    0.132    0    0  (Gen:  0)
   911776    101720   7299696  0.002  0.000    1.221    0.132    0    0  (Gen:  0)
   921000    117280   7364456  0.002  0.000    1.224    0.133    0    0  (Gen:  0)
   917952     90120   7423544  0.002  0.000    1.227    0.133    0    0  (Gen:  0)
   913024    109896   7478536  0.003  0.000    1.231    0.134    0    0  (Gen:  0)
   916528    122040   7546472  0.002  0.000    1.234    0.134    0    0  (Gen:  0)
   920648    102640   7607432  0.002  0.000    1.237    0.135    0    0  (Gen:  0)
   918936    123240   7673560  0.002  0.000    1.240    0.135    0    0  (Gen:  0)
   914024     95032   7732488  0.002  0.000    1.243    0.136    0    0  (Gen:  0)
   915280    133312   7809784  0.002  0.000    1.247    0.136    0    0  (Gen:  0)
   920712    102520   7887768  0.002  0.000    1.250    0.137    0    0  (Gen:  0)
   919816    107248   7941928  0.002  0.000    1.254    0.137    0    0  (Gen:  0)
   918008    124192   8007624  0.002  0.000    1.257    0.138    0    0  (Gen:  0)
   917328     97456   8068312  0.002  0.000    1.260    0.138    0    0  (Gen:  0)
   921984    116480   8130296  0.003  0.000    1.264    0.139    0    0  (Gen:  0)
   915240    117760   8196744  0.002  0.000    1.267    0.139    0    0  (Gen:  0)
   917104    126472   8266096  0.002  0.000    1.270    0.140    0    0  (Gen:  0)
   918744    120880   8334944  0.002  0.000    1.273    0.140    0    0  (Gen:  0)
   922088     97856   8398336  0.002  0.000    1.276    0.141    0    0  (Gen:  0)
   916872    137792   8479768  0.002  0.000    1.280    0.141    0    0  (Gen:  0)
   913552     85312   8557648  0.002  0.000    1.282    0.141    0    0  (Gen:  0)
   917944    106208   8627056  0.002  0.000    1.285    0.142    0    0  (Gen:  0)
   921296    125448   8702744  0.002  0.000    1.288    0.142    0    0  (Gen:  0)
   915768    109136   8762136  0.003  0.000    1.292    0.143    0    0  (Gen:  0)
   917184    119656   8822584  0.002  0.000    1.295    0.143    0    0  (Gen:  0)
   917648     92520   8883736  0.002  0.000    1.299    0.144    0    0  (Gen:  0)
   918432    111352   8942792  0.003  0.000    1.303    0.144    0    0  (Gen:  0)
   919712    126464   9012872  0.002  0.000    1.306    0.145    0    0  (Gen:  0)
   916720    106840   9069624  0.003  0.000    1.310    0.146    0    0  (Gen:  0)
   917592    136136   9147688  0.003  0.000    1.314    0.146    0    0  (Gen:  0)
   922208    105000   9234640  0.002  0.000    1.317    0.147    0    0  (Gen:  0)
   915232     96048   9297072  0.002  0.000    1.321    0.147    0    0  (Gen:  0)
   920416    129664   9370616  0.002  0.000    1.324    0.148    0    0  (Gen:  0)
   916448    113472   9426104  0.003  0.000    1.328    0.148    0    0  (Gen:  0)
   921136    124296   9497040  0.002  0.000    1.331    0.149    0    0  (Gen:  0)
   914120    107168   9556320  0.002  0.000    1.334    0.149    0    0  (Gen:  0)
  1013528    123408   9618416  0.003  0.000    1.339    0.150    0    0  (Gen:  0)
   521144     36464   9638512  0.002  0.000    1.342    0.150    0    0  (Gen:  0)
   520392     78232   9688608  0.002  0.000    1.345    0.151    0    0  (Gen:  0)
   520832     71664   9730384  0.001  0.000    1.347    0.151    0    0  (Gen:  0)
   521048     65624   9757144  0.002  0.000    1.350    0.152    0    0  (Gen:  0)
   521168     80656   9787568  0.002  0.000    1.354    0.152    0    0  (Gen:  0)
   521240     70288   9833408  0.004  0.000    1.358    0.153    0    0  (Gen:  0)
   520952    119752   9899576  0.002  0.000    1.362    0.153    0    0  (Gen:  0)
   521464    104552   9950224  0.002  0.000    1.365    0.154    0    0  (Gen:  0)
   520576     89192   9995048  0.003  0.000    1.369    0.155    0    0  (Gen:  0)
   521080     96552  10030272  0.003  0.000    1.373    0.155    0    0  (Gen:  0)
   520632    122160  10090632  0.002  0.000    1.376    0.156    0    0  (Gen:  0)
   520288     94720  10130240  0.003  0.000    1.380    0.157    0    0  (Gen:  0)
   520816    139664  10206568  0.002  0.000    1.384    0.157    0    0  (Gen:  0)
   521048    132064  10274776  0.002  0.000    1.388    0.158    0    0  (Gen:  0)
   521360    106792  10315224  0.072  0.007    1.461    0.165    0    0  (Gen:  0)
   521120    123584  10370672  0.003  0.000    1.493    0.169    0    0  (Gen:  0)
   520640   4321520   5294504  0.016  0.001    1.510    0.171    0    0  (Gen:  1)
   520680    136208   5360832  0.003  0.000    1.514    0.172    0    0  (Gen:  0)
   520792    130704   5426952  0.002  0.000    1.521    0.173    0    0  (Gen:  0)
   521488    103992   5481944  0.003  0.000    1.524    0.173    0    0  (Gen:  0)
   520448    120672   5527152  0.003  0.000    1.528    0.174    0    0  (Gen:  0)
   673232    149328   5607352  0.002  0.000    1.532    0.174    0    0  (Gen:  0)
   521256    114008   5659616  0.003  0.000    1.536    0.175    0    0  (Gen:  0)
   521288    157056   5742720  0.025  0.002    1.562    0.178    0    0  (Gen:  0)
   520872    128296   5817248  0.002  0.000    1.565    0.178    0    0  (Gen:  0)
   521024    115728   5868552  0.003  0.000    1.569    0.179    0    0  (Gen:  0)
   520872    122288   5916624  0.003  0.000    1.573    0.180    0    0  (Gen:  0)
   520976    148704   5989272  0.003  0.000    1.577    0.180    0    0  (Gen:  0)
   521088    126680   6041640  0.003  0.000    1.581    0.181    0    0  (Gen:  0)
   520872    140016   6102920  0.003  0.000    1.584    0.181    0    0  (Gen:  0)
   520496    117248   6171408  0.003  0.000    1.588    0.182    0    0  (Gen:  0)
   521016    155336   6246512  0.003  0.000    1.591    0.183    0    0  (Gen:  0)
   525304    142656   6320672  0.003  0.000    1.595    0.183    0    0  (Gen:  0)
   520848    114152   6382616  0.003  0.000    1.599    0.184    0    0  (Gen:  0)
   521184    156680   6461784  0.003  0.000    1.602    0.184    0    0  (Gen:  0)
   520568    152776   6536816  0.003  0.000    1.606    0.185    0    0  (Gen:  0)
   520872    129416   6601344  0.003  0.000    1.609    0.186    0    0  (Gen:  0)
   520544    137672   6655960  0.003  0.000    1.614    0.186    0    0  (Gen:  0)
   524968    162512   6735784  0.002  0.000    1.617    0.187    0    0  (Gen:  0)
   521096    129528   6797992  0.003  0.000    1.621    0.187    0    0  (Gen:  0)
   520224    139664   6852128  0.004  0.000    1.626    0.188    0    0  (Gen:  0)
   525432    163576   6933904  0.003  0.000    1.630    0.189    0    0  (Gen:  0)
   524456    135912   6990768  0.007  0.001    1.638    0.190    0    0  (Gen:  0)
   565616    143544   7052176  0.004  0.000    1.643    0.190    0    0  (Gen:  0)
   520104     83160   7130232  0.002  0.000    1.646    0.191    0    0  (Gen:  0)
   520696    140664   7189224  0.004  0.000    1.650    0.192    0    0  (Gen:  0)
   520872    167152   7274104  0.004  0.000    1.655    0.192    0    0  (Gen:  0)
   520856    126040   7345384  0.003  0.000    1.659    0.193    0    0  (Gen:  0)
   520824     99752   7440976  0.002  0.000    1.662    0.193    0    0  (Gen:  0)
   520760    143464   7516584  0.003  0.000    1.665    0.194    0    0  (Gen:  0)
   521128    115672   7586632  0.003  0.000    1.669    0.195    0    0  (Gen:  0)
   520416    176728   7678552  0.003  0.000    1.672    0.195    0    0  (Gen:  0)
   520640    161104   7757976  0.002  0.000    1.676    0.196    0    0  (Gen:  0)
   520616    128472   7826856  0.003  0.000    1.680    0.197    0    0  (Gen:  0)
   520920    147144   7886152  0.004  0.000    1.685    0.197    0    0  (Gen:  0)
   520592    181056   7981896  0.003  0.000    1.689    0.198    0    0  (Gen:  0)
   520728    131768   8044816  0.004  0.000    1.694    0.199    0    0  (Gen:  0)
   520856    176040   8136176  0.003  0.000    1.698    0.199    0    0  (Gen:  0)
   520856    164176   8230160  0.003  0.000    1.702    0.200    0    0  (Gen:  0)
   521104    138960   8294888  0.004  0.000    1.707    0.201    0    0  (Gen:  0)
   520976    149240   8354672  0.004  0.000    1.712    0.201    0    0  (Gen:  0)
   521232    177944   8446688  0.003  0.000    1.717    0.202    0    0  (Gen:  0)
   520512    145768   8508936  0.004  0.000    1.722    0.203    0    0  (Gen:  0)
   520912    151192   8569376  0.004  0.000    1.727    0.204    0    0  (Gen:  0)
   520776     87208   8649552  0.004  0.000    1.732    0.204    0    0  (Gen:  0)
   520768    180840   8744360  0.006  0.000    1.740    0.205    0    0  (Gen:  0)
   520976    150752   8821408  0.003  0.000    1.744    0.206    0    0  (Gen:  0)
   520640    111872   8899928  0.003  0.000    1.748    0.207    0    0  (Gen:  0)
   520304    184768   8996968  0.003  0.000    1.752    0.207    0    0  (Gen:  0)
   520784    160640   9078520  0.003  0.000    1.756    0.208    0    0  (Gen:  0)
   520840    121912   9153288  0.003  0.000    1.760    0.209    0    0  (Gen:  0)
   521216    177728   9241400  0.003  0.000    1.765    0.210    0    0  (Gen:  0)
   520784    166552   9323776  0.003  0.000    1.769    0.210    0    0  (Gen:  0)
   520496    125296   9396360  0.003  0.000    1.774    0.211    0    0  (Gen:  0)
   521664    181192   9489144  0.003  0.000    1.778    0.212    0    0  (Gen:  0)
   520768    170440   9572536  0.003  0.000    1.782    0.212    0    0  (Gen:  0)
   520792    143512   9651216  0.003  0.000    1.787    0.213    0    0  (Gen:  0)
   520536    158448   9734112  0.004  0.000    1.792    0.214    0    0  (Gen:  0)
   520736    178896   9821488  0.003  0.000    1.796    0.215    0    0  (Gen:  0)
   521744    138704   9894840  0.004  0.000    1.801    0.215    0    0  (Gen:  0)
   520352    111600  10002128  0.003  0.000    1.805    0.216    0    0  (Gen:  0)
   520496    146896  10095392  0.003  0.000    1.809    0.217    0    0  (Gen:  0)
   520392    145568  10164856  0.004  0.000    1.814    0.218    0    0  (Gen:  0)
   520336    155240  10229296  0.005  0.000    1.819    0.218    0    0  (Gen:  0)
   520856    180680  10319128  0.004  0.000    1.824    0.219    0    0  (Gen:  0)
   520496    149904  10388728  0.004  0.000    1.830    0.220    0    0  (Gen:  0)
   521216    158760  10454472  0.005  0.000    1.836    0.221    0    0  (Gen:  0)
   520208   5563304   6540864  0.020  0.002    1.857    0.223    0    0  (Gen:  1)
   520992    160424   6607808  0.004  0.000    1.862    0.224    0    0  (Gen:  0)
   520736    188016   6704376  0.004  0.000    1.867    0.225    0    0  (Gen:  0)
   520744     28560   6727960  0.002  0.000    1.870    0.225    0    0  (Gen:  0)
   520704     63008   6766680  0.002  0.000    1.873    0.226    0    0  (Gen:  0)
   520616     67032   6802720  0.003  0.000    1.876    0.226    0    0  (Gen:  0)
   521240     55240   6829776  0.003  0.000    1.880    0.227    0    0  (Gen:  0)
   520872     71184   6854360  0.004  0.000    1.885    0.228    0    0  (Gen:  0)
   521144     98576   6906152  0.003  0.000    1.889    0.228    0    0  (Gen:  0)
   520976     80008   6937720  0.003  0.000    1.893    0.229    0    0  (Gen:  0)
   521600     76960   7010528  0.002  0.000    1.896    0.229    0    0  (Gen:  0)
   520624     82328   7059616  0.003  0.000    1.899    0.230    0    0  (Gen:  0)
   520768    119392   7118144  0.003  0.000    1.903    0.230    0    0  (Gen:  0)
   520960    113360   7174288  0.003  0.000    1.906    0.231    0    0  (Gen:  0)
   520312     86256   7217776  0.003  0.000    1.910    0.231    0    0  (Gen:  0)
   520624    147168   7304096  0.003  0.000    1.914    0.232    0    0  (Gen:  0)
   521408    129856   7372816  0.003  0.000    1.917    0.233    0    0  (Gen:  0)
   520880     99768   7417984  0.004  0.000    1.922    0.233    0    0  (Gen:  0)
   521320    109480   7458440  0.002  0.000    1.926    0.234    0    0  (Gen:  0)
   520800    142248   7532216  0.003  0.000    1.929    0.235    0    0  (Gen:  0)
   520576    112912   7575560  0.007  0.001    1.937    0.236    0    0  (Gen:  0)
   520904    151704   7658272  0.003  0.000    1.941    0.236    0    0  (Gen:  0)
   521496    128616   7717288  0.002  0.000    1.944    0.237    0    0  (Gen:  0)
   520856    144376   7788120  0.002  0.000    1.947    0.237    0    0  (Gen:  0)
   520808    133800   7855912  0.003  0.000    1.950    0.238    0    0  (Gen:  0)
   520640    100520   7912600  0.003  0.000    1.954    0.238    0    0  (Gen:  0)
   520880     98336   8006104  0.002  0.000    1.958    0.239    0    0  (Gen:  0)
   520752    126104   8082056  0.003  0.000    1.961    0.240    0    0  (Gen:  0)
   521088    120496   8137040  0.008  0.001    1.970    0.241    0    0  (Gen:  0)
   520608    124680   8186136  0.005  0.000    1.976    0.242    0    0  (Gen:  0)
   520744    155448   8265072  0.004  0.000    1.981    0.242    0    0  (Gen:  0)
   520984    119928   8317832  0.003  0.000    1.985    0.243    0    0  (Gen:  0)
   521384    132400   8372696  0.003  0.000    1.989    0.244    0    0  (Gen:  0)
   520664    116856   8445824  0.002  0.000    1.992    0.244    0    0  (Gen:  0)
   520016    168328   8535128  0.003  0.000    1.995    0.245    0    0  (Gen:  0)
   520752    141632   8605088  0.002  0.000    1.999    0.245    0    0  (Gen:  0)
   521136    134592   8671344  0.003  0.000    2.002    0.246    0    0  (Gen:  0)
   520744    165520   8758000  0.003  0.000    2.005    0.247    0    0  (Gen:  0)
   521032    148752   8831240  0.003  0.000    2.009    0.247    0    0  (Gen:  0)
   520864    129696   8897736  0.002  0.000    2.012    0.248    0    0  (Gen:  0)
   521112    162472   8979464  0.003  0.000    2.016    0.248    0    0  (Gen:  0)
   520848    170120   9068592  0.003  0.000    2.019    0.249    0    0  (Gen:  0)
   521104    129504   9132072  0.004  0.000    2.024    0.250    0    0  (Gen:  0)
   521000    140096   9187920  0.003  0.000    2.027    0.250    0    0  (Gen:  0)
   520720    161696   9268216  0.003  0.000    2.031    0.251    0    0  (Gen:  0)
   520920    134176   9327888  0.003  0.000    2.034    0.251    0    0  (Gen:  0)
   520704    139776   9384944  0.002  0.000    2.038    0.252    0    0  (Gen:  0)
   549744    167232   9468200  0.004  0.000    2.042    0.253    0    0  (Gen:  0)
   520472    136208   9528432  0.004  0.000    2.048    0.254    0    0  (Gen:  0)
   520072    177000   9623512  0.005  0.000    2.053    0.254    0    0  (Gen:  0)
   520784     81696   9699672  0.003  0.000    2.057    0.255    0    0  (Gen:  0)
   520920    172496   9791680  0.004  0.000    2.063    0.256    0    0  (Gen:  0)
   520912    143776   9864168  0.003  0.000    2.067    0.257    0    0  (Gen:  0)
   520648    104400   9937384  0.003  0.000    2.072    0.257    0    0  (Gen:  0)
   520416    180848  10033200  0.003  0.000    2.076    0.258    0    0  (Gen:  0)
   520608    150440  10110648  0.003  0.000    2.081    0.259    0    0  (Gen:  0)
   520616    115976  10181616  0.003  0.000    2.085    0.260    0    0  (Gen:  0)
   521144    170000  10264712  0.004  0.000    2.089    0.260    0    0  (Gen:  0)
   520384    158976  10344448  0.003  0.000    2.093    0.261    0    0  (Gen:  0)
   520712    122944  10412656  0.004  0.000    2.098    0.262    0    0  (Gen:  0)
   520936    115368  10523224  0.003  0.000    2.102    0.262    0    0  (Gen:  0)
   520648    148776  10610504  0.003  0.000    2.106    0.263    0    0  (Gen:  0)
   521312    133648  10683304  0.003  0.000    2.111    0.264    0    0  (Gen:  0)
   520872    117696  10757584  0.004  0.000    2.116    0.265    0    0  (Gen:  0)
   521104    171928  10843128  0.004  0.000    2.120    0.265    0    0  (Gen:  0)
   520928    141280  10905776  0.004  0.000    2.125    0.266    0    0  (Gen:  0)
   520544    147392  10964192  0.004  0.000    2.130    0.267    0    0  (Gen:  0)
   521000    178544  11056328  0.004  0.000    2.135    0.267    0    0  (Gen:  0)
   520664    144208  11120216  0.004  0.000    2.139    0.268    0    0  (Gen:  0)
   520160    183272  11216224  0.004  0.000    2.144    0.269    0    0  (Gen:  0)
   525440    147848  11301160  0.003  0.000    2.148    0.270    0    0  (Gen:  0)
   520560    150424  11363072  0.005  0.000    2.155    0.271    0    0  (Gen:  0)
   520720    163160  11435648  0.003  0.000    2.160    0.271    0    0  (Gen:  0)
   521000    120592  11513528  0.003  0.000    2.164    0.272    0    0  (Gen:  0)
   520776    186248  11611784  0.003  0.000    2.169    0.273    0    0  (Gen:  0)
   520992    151888  11693176  0.004  0.000    2.173    0.274    0    0  (Gen:  0)
   521000    116576  11769232  0.004  0.000    2.178    0.274    0    0  (Gen:  0)
   521696    186656  11866736  0.004  0.000    2.182    0.275    0    0  (Gen:  0)
   520752    158056  11946976  0.004  0.000    2.187    0.276    0    0  (Gen:  0)
   520880    129448  12024688  0.004  0.000    2.191    0.276    0    0  (Gen:  0)
   520496    183480  12114520  0.004  0.000    2.196    0.277    0    0  (Gen:  0)
   611064    144088  12173088  0.004  0.000    2.201    0.278    0    0  (Gen:  0)
   553816     38024  12192352  0.003  0.000    2.204    0.278    0    0  (Gen:  0)
   520992     79600  12244312  0.002  0.000    2.208    0.279    0    0  (Gen:  0)
   537376     70000  12285240  0.002  0.000    2.211    0.279    0    0  (Gen:  0)
   520312     63656  12311440  0.003  0.000    2.215    0.280    0    0  (Gen:  0)
   537520     82808  12345064  0.002  0.000    2.218    0.281    0    0  (Gen:  0)
   520728     71016  12388104  0.003  0.000    2.222    0.281    0    0  (Gen:  0)
   521352    115456  12450104  0.003  0.000    2.225    0.282    0    0  (Gen:  0)
   520928    101736  12502328  0.003  0.000    2.228    0.282    0    0  (Gen:  0)
   520888     86792  12546600  0.003  0.000    2.232    0.283    0    0  (Gen:  0)
   520520     96688  12581560  0.003  0.000    2.237    0.283    0    0  (Gen:  0)
   537208    132208  12653256  0.003  0.000    2.240    0.284    0    0  (Gen:  0)
   521312     93128  12690184  0.003  0.000    2.244    0.285    0    0  (Gen:  0)
   520872    124360  12751376  0.003  0.000    2.247    0.285    0    0  (Gen:  0)
   521032    117536  12819408  0.003  0.000    2.252    0.286    0    0  (Gen:  0)
   521160   4282640   5256008  0.026  0.002    2.279    0.289    0    0  (Gen:  1)
   520944    142216   5329544  0.003  0.000    2.283    0.289    0    0  (Gen:  0)
   521176    107632   5386208  0.003  0.000    2.286    0.290    0    0  (Gen:  0)
   520976    147632   5465344  0.003  0.000    2.290    0.290    0    0  (Gen:  0)
   521176    126344   5531448  0.003  0.000    2.293    0.291    0    0  (Gen:  0)
   520376    101672   5589008  0.003  0.000    2.297    0.291    0    0  (Gen:  0)
   521192     88960   5664584  0.003  0.000    2.300    0.292    0    0  (Gen:  0)
   537248    125360   5745800  0.003  0.000    2.304    0.293    0    0  (Gen:  0)
   520448    102984   5795776  0.004  0.000    2.308    0.293    0    0  (Gen:  0)
   520856    151992   5875464  0.004  0.000    2.313    0.294    0    0  (Gen:  0)
   520936    121536   5948624  0.003  0.000    2.317    0.295    0    0  (Gen:  0)
   521120    148584   6030688  0.004  0.000    2.321    0.295    0    0  (Gen:  0)
   520816    103872   6091688  0.003  0.000    2.325    0.296    0    0  (Gen:  0)
   520352     78424   6156696  0.004  0.000    2.329    0.297    0    0  (Gen:  0)
   521304    146152   6229832  0.004  0.000    2.334    0.297    0    0  (Gen:  0)
   520888     94408   6320168  0.002  0.000    2.337    0.298    0    0  (Gen:  0)
   521120     99784   6387672  0.004  0.000    2.342    0.298    0    0  (Gen:  0)
   521128    166128   6475416  0.004  0.000    2.346    0.299    0    0  (Gen:  0)
   521328    163824   6572416  0.004  0.000    2.351    0.300    0    0  (Gen:  0)
   520968    133288   6656712  0.004  0.000    2.356    0.301    0    0  (Gen:  0)
   520392     88224   6740720  0.002  0.000    2.358    0.301    0    0  (Gen:  0)
   520784    134672   6829304  0.003  0.000    2.362    0.302    0    0  (Gen:  0)
   520432    128224   6901056  0.003  0.000    2.365    0.302    0    0  (Gen:  0)
   521664    118104   6982784  0.002  0.000    2.368    0.303    0    0  (Gen:  0)
   520720    139832   7065592  0.003  0.000    2.372    0.303    0    0  (Gen:  0)
   520760    126800   7125800  0.005  0.000    2.377    0.304    0    0  (Gen:  0)
   520936    175464   7218104  0.005  0.000    2.382    0.305    0    0  (Gen:  0)
   520608    136056   7299976  0.004  0.000    2.387    0.306    0    0  (Gen:  0)
   521168    103592   7399392  0.002  0.000    2.390    0.306    0    0  (Gen:  0)
   537672    128776   7471232  0.004  0.000    2.394    0.307    0    0  (Gen:  0)
   521392     85064   7547904  0.003  0.000    2.398    0.307    0    0  (Gen:  0)
   521536    175376   7641600  0.004  0.000    2.402    0.308    0    0  (Gen:  0)
   520664    151112   7730792  0.004  0.000    2.407    0.309    0    0  (Gen:  0)
   520120     94744   7800616  0.004  0.000    2.412    0.310    0    0  (Gen:  0)
   521152    175336   7895776  0.004  0.000    2.416    0.310    0    0  (Gen:  0)
   520632    171032   8001632  0.004  0.000    2.421    0.311    0    0  (Gen:  0)
   521072    108920   8071344  0.004  0.000    2.426    0.312    0    0  (Gen:  0)
   519976    169608   8156168  0.004  0.000    2.431    0.312    0    0  (Gen:  0)
   520440    108696   8260696  0.003  0.000    2.435    0.313    0    0  (Gen:  0)
   520984    122896   8330224  0.004  0.000    2.440    0.314    0    0  (Gen:  0)
   520904    192392   8436864  0.004  0.000    2.445    0.315    0    0  (Gen:  0)
   521464    123672   8523976  0.002  0.000    2.448    0.315    0    0  (Gen:  0)
   519984    127424   8588624  0.004  0.000    2.452    0.316    0    0  (Gen:  0)
   521136    108248   8692784  0.002  0.000    2.455    0.316    0    0  (Gen:  0)
   520936    133128   8779672  0.003  0.000    2.459    0.317    0    0  (Gen:  0)
   521336    145360   8857072  0.003  0.000    2.463    0.318    0    0  (Gen:  0)
   520408    133632   8956088  0.003  0.000    2.467    0.318    0    0  (Gen:  0)
   520936    148960   9048616  0.004  0.000    2.471    0.319    0    0  (Gen:  0)
   520760    140776   9110552  0.005  0.000    2.477    0.320    0    0  (Gen:  0)
   520976    185552   9207496  0.005  0.000    2.483    0.321    0    0  (Gen:  0)
   520848    148904   9292224  0.004  0.000    2.488    0.321    0    0  (Gen:  0)
   521184    104104   9392280  0.003  0.000    2.492    0.322    0    0  (Gen:  0)
   520416    157392   9497240  0.004  0.000    2.497    0.323    0    0  (Gen:  0)
   520808    129912   9602512  0.003  0.000    2.501    0.324    0    0  (Gen:  0)
   521320    142864   9704640  0.004  0.000    2.506    0.324    0    0  (Gen:  0)
   521120    162736   9805424  0.005  0.000    2.512    0.325    0    0  (Gen:  0)
   521144    130152   9910856  0.004  0.000    2.517    0.326    0    0  (Gen:  0)
   520632    102032  10008672  0.003  0.000    2.521    0.327    0    0  (Gen:  0)
   520360    116832  10121144  0.003  0.000    2.525    0.327    0    0  (Gen:  0)
   520896    133064  10220488  0.003  0.000    2.530    0.328    0    0  (Gen:  0)
   520656    153736  10316176  0.004  0.000    2.534    0.329    0    0  (Gen:  0)
   520960    185440  10423952  0.004  0.000    2.539    0.329    0    0  (Gen:  0)
   520824   5370728   6344008  0.021  0.002    2.561    0.332    0    0  (Gen:  1)
   521328    184080   6434504  0.003  0.000    2.565    0.333    0    0  (Gen:  0)
   520384    144920   6490416  0.003  0.000    2.570    0.333    0    0  (Gen:  0)
   521152     39608   6510496  0.002  0.000    2.572    0.333    0    0  (Gen:  0)
   520168     77128   6558088  0.002  0.000    2.574    0.334    0    0  (Gen:  0)
   520304     76120   6599696  0.002  0.000    2.576    0.334    0    0  (Gen:  0)
   520336     65552   6624528  0.002  0.000    2.579    0.335    0    0  (Gen:  0)
   521464     89168   6664608  0.002  0.000    2.582    0.335    0    0  (Gen:  0)
   521432     70984   6703360  0.002  0.000    2.584    0.336    0    0  (Gen:  0)
   520648    112464   6761160  0.002  0.000    2.587    0.336    0    0  (Gen:  0)
   520488    106672   6814808  0.002  0.000    2.590    0.337    0    0  (Gen:  0)
   520640     88880   6857256  0.002  0.000    2.593    0.337    0    0  (Gen:  0)
   520672     96560   6892088  0.002  0.000    2.596    0.338    0    0  (Gen:  0)
   520776    128560   6961472  0.002  0.000    2.599    0.338    0    0  (Gen:  0)
   521232     98024   6999320  0.003  0.000    2.603    0.339    0    0  (Gen:  0)
   520776    144400   7079888  0.002  0.000    2.606    0.339    0    0  (Gen:  0)
   520840    113008   7135712  0.002  0.000    2.609    0.340    0    0  (Gen:  0)
   521360    141216   7210480  0.002  0.000    2.612    0.340    0    0  (Gen:  0)
   520832    125768   7274384  0.002  0.000    2.615    0.341    0    0  (Gen:  0)
   521064    105040   7324152  0.002  0.000    2.618    0.341    0    0  (Gen:  0)
   520952    133736   7390160  0.002  0.000    2.621    0.342    0    0  (Gen:  0)
   521416    134560   7456568  0.002  0.000    2.624    0.342    0    0  (Gen:  0)
   520304    109792   7509240  0.003  0.000    2.628    0.343    0    0  (Gen:  0)
   521104    117512   7553464  0.003  0.000    2.631    0.343    0    0  (Gen:  0)
   660408    141912   7627416  0.002  0.000    2.634    0.344    0    0  (Gen:  0)
   521048    109024   7675792  0.003  0.000    2.638    0.344    0    0  (Gen:  0)
   521192    156552   7760288  0.002  0.000    2.641    0.345    0    0  (Gen:  0)
   520568    135128   7834256  0.002  0.000    2.644    0.345    0    0  (Gen:  0)
   521376    119704   7882608  0.003  0.000    2.648    0.346    0    0  (Gen:  0)
   520600    132216   7939896  0.002  0.000    2.651    0.347    0    0  (Gen:  0)
   520648     99136   8003344  0.002  0.000    2.654    0.347    0    0  (Gen:  0)
   520720    162480   8091576  0.003  0.000    2.658    0.348    0    0  (Gen:  0)
   520560    131024   8158808  0.003  0.000    2.661    0.348    0    0  (Gen:  0)
   520720    108184   8225216  0.003  0.000    2.664    0.349    0    0  (Gen:  0)
   521408    163336   8309696  0.002  0.000    2.667    0.349    0    0  (Gen:  0)
   525232    151136   8385176  0.003  0.000    2.671    0.350    0    0  (Gen:  0)
   520920    122696   8444760  0.003  0.000    2.674    0.350    0    0  (Gen:  0)
   520112    175792   8543376  0.003  0.000    2.679    0.351    0    0  (Gen:  0)
   520528    128368   8624184  0.002  0.000    2.681    0.352    0    0  (Gen:  0)
   520440    129512   8687280  0.003  0.000    2.685    0.352    0    0  (Gen:  0)
   521616    137576   8741704  0.003  0.000    2.689    0.353    0    0  (Gen:  0)
   525504    173816   8832616  0.003  0.000    2.693    0.353    0    0  (Gen:  0)
   520712    134864   8892592  0.003  0.000    2.697    0.354    0    0  (Gen:  0)
   520872    139376   8946408  0.003  0.000    2.709    0.355    0    0  (Gen:  0)
   525224    162784   9028736  0.003  0.000    2.713    0.356    0    0  (Gen:  0)
   524792    135016   9083904  0.004  0.000    2.717    0.357    0    0  (Gen:  0)
   562312    168040   9171240  0.003  0.000    2.722    0.357    0    0  (Gen:  0)
   520920    107944   9245568  0.003  0.000    2.725    0.358    0    0  (Gen:  0)
   520712    176328   9339840  0.003  0.000    2.729    0.359    0    0  (Gen:  0)
   521088    159224   9428184  0.003  0.000    2.733    0.359    0    0  (Gen:  0)
   520584    119032   9496224  0.003  0.000    2.737    0.360    0    0  (Gen:  0)
   521376    163400   9576840  0.003  0.000    2.742    0.361    0    0  (Gen:  0)
   521256    148480   9652368  0.003  0.000    2.746    0.361    0    0  (Gen:  0)
   520904    129152   9721704  0.003  0.000    2.750    0.362    0    0  (Gen:  0)
   520168    173344   9809600  0.003  0.000    2.754    0.363    0    0  (Gen:  0)
   520448    162600   9889592  0.003  0.000    2.758    0.363    0    0  (Gen:  0)
   520920    132904   9958920  0.003  0.000    2.763    0.364    0    0  (Gen:  0)
   521032    147368  10018624  0.004  0.000    2.768    0.365    0    0  (Gen:  0)
   521176    176336  10110768  0.003  0.000    2.773    0.365    0    0  (Gen:  0)
   520704    132896  10172936  0.004  0.000    2.777    0.366    0    0  (Gen:  0)
   520840    187144  10275816  0.003  0.000    2.782    0.367    0    0  (Gen:  0)
   521184    169240  10362688  0.003  0.000    2.786    0.367    0    0  (Gen:  0)
   520864    138600  10426872  0.003  0.000    2.791    0.368    0    0  (Gen:  0)
   520920    150312  10486816  0.004  0.000    2.796    0.369    0    0  (Gen:  0)
   521344    178064  10580536  0.003  0.000    2.801    0.370    0    0  (Gen:  0)
   521000    143792  10641888  0.004  0.000    2.806    0.371    0    0  (Gen:  0)
   520440    152000  10703808  0.004  0.000    2.810    0.371    0    0  (Gen:  0)
   521240    104160  10783320  0.003  0.000    2.815    0.372    0    0  (Gen:  0)
   520520    168792  10864680  0.003  0.000    2.819    0.373    0    0  (Gen:  0)
   521080    145320  10943144  0.003  0.000    2.823    0.373    0    0  (Gen:  0)
   521024    142568  11020096  0.003  0.000    2.827    0.374    0    0  (Gen:  0)
   520712    186680  11119688  0.003  0.000    2.832    0.375    0    0  (Gen:  0)
   520688    158200  11200120  0.002  0.000    2.836    0.375    0    0  (Gen:  0)
   521464    131464  11274992  0.003  0.000    2.840    0.376    0    0  (Gen:  0)
   520776    186216  11372856  0.004  0.000    2.845    0.377    0    0  (Gen:  0)
   520288    160824  11455432  0.003  0.000    2.849    0.378    0    0  (Gen:  0)
   520992    131800  11528368  0.004  0.000    2.854    0.378    0    0  (Gen:  0)
   520928    179768  11620160  0.003  0.000    2.859    0.379    0    0  (Gen:  0)
   520880    168224  11702024  0.003  0.000    2.863    0.380    0    0  (Gen:  0)
   520192    139584  11778824  0.004  0.000    2.868    0.380    0    0  (Gen:  0)
   521048    157552  11841456  0.005  0.000    2.874    0.381    0    0  (Gen:  0)
   520544    156912  11906720  0.004  0.000    2.878    0.382    0    0  (Gen:  0)
   520736     40320  11926144  0.002  0.000    2.881    0.382    0    0  (Gen:  0)
   520720     76688  11973536  0.002  0.000    2.884    0.383    0    0  (Gen:  0)
   520808     75064  12016128  0.002  0.000    2.887    0.383    0    0  (Gen:  0)
   521176     67104  12041648  0.002  0.000    2.891    0.384    0    0  (Gen:  0)
   520448     90416  12083240  0.002  0.000    2.894    0.384    0    0  (Gen:  0)
   521144     72144  12119608  0.002  0.000    2.898    0.385    0    0  (Gen:  0)
   520408    104608  12170552  0.002  0.000    2.901    0.385    0    0  (Gen:  0)
   521336    109936  12226400  0.003  0.000    2.905    0.386    0    0  (Gen:  0)
   520856     89136  12266584  0.003  0.000    2.909    0.387    0    0  (Gen:  0)
   521216     96568  12301296  0.003  0.000    2.913    0.387    0    0  (Gen:  0)
   521120    123752  12365832  0.002  0.000    2.916    0.388    0    0  (Gen:  0)
   521176     98608  12402376  0.003  0.000    2.921    0.388    0    0  (Gen:  0)
   520976   4250336   5227912  0.015  0.001    2.937    0.390    0    0  (Gen:  1)
   520784    104248   5263528  0.002  0.000    2.941    0.391    0    0  (Gen:  0)
   521104    128896   5325880  0.002  0.000    2.944    0.391    0    0  (Gen:  0)
   520632    124584   5390632  0.002  0.000    2.948    0.392    0    0  (Gen:  0)
   520720    103512   5441768  0.002  0.000    2.951    0.393    0    0  (Gen:  0)
   520880    113016   5484728  0.002  0.000    2.954    0.393    0    0  (Gen:  0)
   520816    144688   5558280  0.003  0.000    2.958    0.394    0    0  (Gen:  0)
   521032    114144   5610904  0.002  0.000    2.961    0.394    0    0  (Gen:  0)
   520936    117464   5654688  0.002  0.000    2.965    0.395    0    0  (Gen:  0)
   521352    145464   5728000  0.002  0.000    2.968    0.395    0    0  (Gen:  0)
   521176    118784   5775408  0.002  0.000    2.971    0.396    0    0  (Gen:  0)
   520768    158224   5860240  0.002  0.000    2.975    0.397    0    0  (Gen:  0)
   520632    127208   5927000  0.002  0.000    2.978    0.397    0    0  (Gen:  0)
   521280    163376   6016704  0.002  0.000    2.982    0.398    0    0  (Gen:  0)
   521248    146152   6100712  0.003  0.000    2.986    0.398    0    0  (Gen:  0)
   520640    103680   6158968  0.002  0.000    2.989    0.399    0    0  (Gen:  0)
   521192    154184   6238472  0.002  0.000    2.993    0.399    0    0  (Gen:  0)
   520920    145952   6309200  0.002  0.000    2.996    0.400    0    0  (Gen:  0)
   521160    125088   6372872  0.002  0.000    3.000    0.401    0    0  (Gen:  0)
   521344    129720   6422464  0.003  0.000    3.003    0.401    0    0  (Gen:  0)
   521152    158040   6501456  0.003  0.000    3.007    0.402    0    0  (Gen:  0)
   521064    123552   6558296  0.002  0.000    3.011    0.402    0    0  (Gen:  0)
   520216    168200   6648896  0.003  0.000    3.015    0.403    0    0  (Gen:  0)
   520632    136960   6730560  0.002  0.000    3.018    0.404    0    0  (Gen:  0)
   520792    135864   6791016  0.002  0.000    3.022    0.404    0    0  (Gen:  0)
   521664    138608   6846368  0.002  0.000    3.025    0.405    0    0  (Gen:  0)
   520648    166312   6928688  0.003  0.000    3.029    0.405    0    0  (Gen:  0)
   520696    140872   6987808  0.003  0.000    3.033    0.406    0    0  (Gen:  0)
   520872    145880   7049824  0.003  0.000    3.037    0.407    0    0  (Gen:  0)
   520520    106456   7121680  0.002  0.000    3.040    0.407    0    0  (Gen:  0)
   521368    161008   7200280  0.003  0.000    3.044    0.408    0    0  (Gen:  0)
   673536    142160   7271976  0.002  0.000    3.047    0.408    0    0  (Gen:  0)
   521136    131840   7343408  0.002  0.000    3.050    0.409    0    0  (Gen:  0)
   520816    176408   7438160  0.003  0.000    3.054    0.410    0    0  (Gen:  0)
   521288    144816   7512008  0.002  0.000    3.058    0.410    0    0  (Gen:  0)
   520824    124720   7577384  0.002  0.000    3.061    0.411    0    0  (Gen:  0)
   521304    164024   7659264  0.002  0.000    3.064    0.411    0    0  (Gen:  0)
   521272    170360   7748160  0.003  0.000    3.068    0.412    0    0  (Gen:  0)
   521008    129624   7815816  0.002  0.000    3.071    0.412    0    0  (Gen:  0)
   520008    143424   7873024  0.002  0.000    3.075    0.413    0    0  (Gen:  0)
   520448    178656   7967152  0.002  0.000    3.079    0.414    0    0  (Gen:  0)
   521008    138712   8033768  0.003  0.000    3.082    0.414    0    0  (Gen:  0)
   521080    146848   8093480  0.002  0.000    3.086    0.415    0    0  (Gen:  0)
   521240    177200   8187040  0.004  0.000    3.091    0.416    0    0  (Gen:  0)
   520624    135648   8248096  0.004  0.000    3.096    0.416    0    0  (Gen:  0)
   520896    183464   8347032  0.004  0.000    3.101    0.417    0    0  (Gen:  0)
   521168    156480   8433304  0.004  0.000    3.106    0.418    0    0  (Gen:  0)
   520568    141472   8496360  0.004  0.000    3.111    0.419    0    0  (Gen:  0)
   521168    152304   8558808  0.004  0.000    3.116    0.419    0    0  (Gen:  0)
   521280     87600   8641896  0.003  0.000    3.120    0.420    0    0  (Gen:  0)
   520824    183160   8739552  0.002  0.000    3.124    0.421    0    0  (Gen:  0)
   520576    147608   8812560  0.003  0.000    3.128    0.421    0    0  (Gen:  0)
   521240    128776   8890408  0.002  0.000    3.131    0.422    0    0  (Gen:  0)
   520456    170408   8971432  0.003  0.000    3.134    0.423    0    0  (Gen:  0)
   566272    153688   9051096  0.003  0.000    3.138    0.423    0    0  (Gen:  0)
   520944    133136   9126544  0.003  0.000    3.142    0.424    0    0  (Gen:  0)
   520000    183592   9222008  0.003  0.000    3.146    0.425    0    0  (Gen:  0)
   520928    163040   9302592  0.003  0.000    3.150    0.425    0    0  (Gen:  0)
   520536    142456   9375024  0.002  0.000    3.153    0.426    0    0  (Gen:  0)
   520976    178520   9464096  0.002  0.000    3.157    0.427    0    0  (Gen:  0)
   520896    171720   9546200  0.003  0.000    3.161    0.427    0    0  (Gen:  0)
   521408    144432   9618576  0.003  0.000    3.164    0.428    0    0  (Gen:  0)
   520760    156232   9683400  0.003  0.000    3.168    0.429    0    0  (Gen:  0)
   520680    187664   9783608  0.003  0.000    3.172    0.429    0    0  (Gen:  0)
   520800    145232   9859024  0.003  0.000    3.175    0.430    0    0  (Gen:  0)
   520392    156424   9922192  0.003  0.000    3.179    0.431    0    0  (Gen:  0)
   520728    141832   9971272  0.004  0.000    3.184    0.431    0    0  (Gen:  0)
   520840     42032   9991328  0.002  0.000    3.186    0.432    0    0  (Gen:  0)
   520792     83416  10044824  0.003  0.000    3.190    0.432    0    0  (Gen:  0)
   520704     44912  10078824  0.002  0.000    3.193    0.433    0    0  (Gen:  0)
   520240     88088  10124016  0.002  0.000    3.195    0.433    0    0  (Gen:  0)
   521744     91328  10169048  0.001  0.000    3.198    0.434    0    0  (Gen:  0)
   521200     82608  10206264  0.002  0.000    3.201    0.434    0    0  (Gen:  0)
   520592    128776  10281168  0.002  0.000    3.204    0.435    0    0  (Gen:  0)
   520416   4160680   5138168  0.014  0.001    3.218    0.436    0    0  (Gen:  1)
   520872     94696   5173648  0.003  0.000    3.222    0.437    0    0  (Gen:  0)
   520624    121768   5231888  0.002  0.000    3.224    0.437    0    0  (Gen:  0)
   520584    112216   5292088  0.002  0.000    3.227    0.438    0    0  (Gen:  0)
   521344    101000   5328944  0.003  0.000    3.231    0.438    0    0  (Gen:  0)
   520920    143832   5408504  0.002  0.000    3.234    0.439    0    0  (Gen:  0)
   520744    108032   5459488  0.002  0.000    3.237    0.439    0    0  (Gen:  0)
   521280    138552   5533344  0.002  0.000    3.240    0.440    0    0  (Gen:  0)
   520864    125696   5598120  0.002  0.000    3.244    0.440    0    0  (Gen:  0)
   521048    102024   5648576  0.003  0.000    3.247    0.441    0    0  (Gen:  0)
   521000    112864   5690432  0.003  0.000    3.251    0.442    0    0  (Gen:  0)
   521136    138960   5757992  0.002  0.000    3.254    0.442    0    0  (Gen:  0)
   520528    111904   5809192  0.003  0.000    3.257    0.443    0    0  (Gen:  0)
   521056    117344   5852872  0.003  0.000    3.261    0.443    0    0  (Gen:  0)
   701648    143528   5928656  0.003  0.000    3.265    0.444    0    0  (Gen:  0)
   521144    113344   5976080  0.003  0.000    3.268    0.444    0    0  (Gen:  0)
   521080    163248   6066088  0.003  0.000    3.272    0.445    0    0  (Gen:  0)
   520640    105656   6132288  0.002  0.000    3.275    0.445    0    0  (Gen:  0)
   521200    145424   6203528  0.002  0.000    3.279    0.446    0    0  (Gen:  0)
   520808    149056   6287400  0.003  0.000    3.283    0.447    0    0  (Gen:  0)
   521016    113024   6347192  0.003  0.000    3.286    0.447    0    0  (Gen:  0)
   520912    160296   6432216  0.003  0.000    3.290    0.448    0    0  (Gen:  0)
   521112    138240   6501984  0.002  0.000    3.292    0.448    0    0  (Gen:  0)
   520816    121776   6566008  0.003  0.000    3.296    0.449    0    0  (Gen:  0)
   520600    130720   6615376  0.003  0.000    3.300    0.449    0    0  (Gen:  0)
   520568    168016   6705608  0.003  0.000    3.304    0.450    0    0  (Gen:  0)
   520880    117952   6763368  0.003  0.000    3.308    0.451    0    0  (Gen:  0)
   520344    167552   6853000  0.003  0.000    3.312    0.451    0    0  (Gen:  0)
   520368    144960   6940648  0.003  0.000    3.315    0.452    0    0  (Gen:  0)
   520800    134312   6999792  0.003  0.000    3.319    0.452    0    0  (Gen:  0)
   520360    139032   7057104  0.003  0.000    3.323    0.453    0    0  (Gen:  0)
   521184    165384   7138368  0.003  0.000    3.327    0.454    0    0  (Gen:  0)
   520488    136920   7197976  0.003  0.000    3.331    0.454    0    0  (Gen:  0)
   520816    144528   7257824  0.037  0.003    3.369    0.458    0    0  (Gen:  0)
   520784    104208   7331048  0.002  0.000    3.372    0.459    0    0  (Gen:  0)
   520568    160136   7409024  0.003  0.000    3.376    0.459    0    0  (Gen:  0)
   537320    143544   7486552  0.003  0.000    3.380    0.460    0    0  (Gen:  0)
   520968    111952   7556208  0.003  0.000    3.384    0.461    0    0  (Gen:  0)
   520368    170712   7644360  0.003  0.000    3.388    0.461    0    0  (Gen:  0)
   520896    151304   7720136  0.003  0.000    3.391    0.462    0    0  (Gen:  0)
   520896    117920   7784024  0.003  0.000    3.395    0.462    0    0  (Gen:  0)
   520848    162744   7866648  0.003  0.000    3.398    0.463    0    0  (Gen:  0)
   520216    156680   7944112  0.003  0.000    3.402    0.464    0    0  (Gen:  0)
   520960    133752   8010184  0.003  0.000    3.406    0.464    0    0  (Gen:  0)
   521328    143864   8068664  0.004  0.000    3.411    0.465    0    0  (Gen:  0)
   520864    169192   8152416  0.002  0.000    3.414    0.466    0    0  (Gen:  0)
   520688    135208   8217744  0.003  0.000    3.418    0.466    0    0  (Gen:  0)
   520920    147256   8277568  0.004  0.000    3.423    0.467    0    0  (Gen:  0)
   520808    169008   8362288  0.003  0.000    3.427    0.468    0    0  (Gen:  0)
   521032    136960   8422152  0.004  0.000    3.431    0.468    0    0  (Gen:  0)
   521032    166824   8503520  0.003  0.000    3.435    0.469    0    0  (Gen:  0)
   520800    156000   8589368  0.003  0.000    3.439    0.469    0    0  (Gen:  0)
   520760    142880   8652320  0.003  0.000    3.443    0.470    0    0  (Gen:  0)
   520824    175992   8738760  0.003  0.000    3.447    0.471    0    0  (Gen:  0)
   520968    143336   8818736  0.003  0.000    3.451    0.471    0    0  (Gen:  0)
   520824    185096   8917840  0.003  0.000    3.455    0.472    0    0  (Gen:  0)
   521208    137072   8991728  0.003  0.000    3.458    0.473    0    0  (Gen:  0)
   520912    114416   9068392  0.003  0.000    3.462    0.473    0    0  (Gen:  0)
   520864    170792   9150664  0.003  0.000    3.466    0.474    0    0  (Gen:  0)
   521016    156808   9230928  0.003  0.000    3.469    0.474    0    0  (Gen:  0)
   520544    130784   9304864  0.003  0.000    3.473    0.475    0    0  (Gen:  0)
   520048    182056   9400336  0.003  0.000    3.477    0.476    0    0  (Gen:  0)
   521040    166120   9482528  0.003  0.000    3.480    0.476    0    0  (Gen:  0)
   520392    139880   9553696  0.003  0.000    3.484    0.477    0    0  (Gen:  0)
   521152    182640   9647432  0.003  0.000    3.487    0.478    0    0  (Gen:  0)
   520792    171664   9730280  0.003  0.000    3.492    0.478    0    0  (Gen:  0)
   521464    143624   9802112  0.004  0.000    3.497    0.479    0    0  (Gen:  0)
   520568    197848   9910600  0.003  0.000    3.502    0.480    0    0  (Gen:  0)
   520600    141792  10000744  0.002  0.000    3.506    0.480    0    0  (Gen:  0)
   520848    140368  10074144  0.003  0.000    3.511    0.481    0    0  (Gen:  0)
   520392    156280  10137472  0.004  0.000    3.517    0.482    0    0  (Gen:  0)
   520912   4010616   4992296  0.012  0.001    3.531    0.484    0    0  (Gen:  1)
   521472     42392   5012088  0.002  0.000    3.534    0.484    0    0  (Gen:  0)
   521128     86112   5067480  0.002  0.000    3.538    0.485    0    0  (Gen:  0)
   520616     59384   5099952  0.002  0.000    3.541    0.485    0    0  (Gen:  0)
   520256     98696   5155904  0.002  0.000    3.544    0.486    0    0  (Gen:  0)
   521784     92864   5201432  0.002  0.000    3.548    0.486    0    0  (Gen:  0)
   521176     74784   5237376  0.002  0.000    3.551    0.487    0    0  (Gen:  0)
   520560     85072   5267808  0.002  0.000    3.555    0.488    0    0  (Gen:  0)
   520536    112832   5325056  0.002  0.000    3.558    0.488    0    0  (Gen:  0)
   520648     92608   5363200  0.002  0.000    3.562    0.489    0    0  (Gen:  0)
   520672    103952   5403016  0.002  0.000    3.566    0.489    0    0  (Gen:  0)
   520392     81704   5459072  0.002  0.000    3.570    0.490    0    0  (Gen:  0)
   521616    139904   5536392  0.002  0.000    3.574    0.491    0    0  (Gen:  0)
   520976    111168   5596968  0.002  0.000    3.578    0.491    0    0  (Gen:  0)
   520712     98160   5646480  0.003  0.000    3.582    0.492    0    0  (Gen:  0)
   521096    131584   5711664  0.002  0.000    3.585    0.493    0    0  (Gen:  0)
   521032    129864   5775936  0.002  0.000    3.588    0.493    0    0  (Gen:  0)
   521040    105592   5825936  0.003  0.000    3.592    0.494    0    0  (Gen:  0)
   521056    156680   5911880  0.002  0.000    3.595    0.494    0    0  (Gen:  0)
   521192    136384   5982408  0.003  0.000    3.599    0.495    0    0  (Gen:  0)
   520480    113624   6032072  0.003  0.000    3.603    0.496    0    0  (Gen:  0)
   521032    121160   6080416  0.003  0.000    3.607    0.496    0    0  (Gen:  0)
   521120     73808   6148112  0.002  0.000    3.610    0.497    0    0  (Gen:  0)
   520920     90344   6234264  0.002  0.000    3.612    0.497    0    0  (Gen:  0)
   520872    123088   6299712  0.003  0.000    3.616    0.498    0    0  (Gen:  0)
   520776     96568   6360592  0.002  0.000    3.619    0.498    0    0  (Gen:  0)
   521408    149224   6434728  0.003  0.000    3.622    0.499    0    0  (Gen:  0)
   520672    138016   6502552  0.002  0.000    3.626    0.500    0    0  (Gen:  0)
   520912    113224   6558288  0.003  0.000    3.630    0.500    0    0  (Gen:  0)
   521040    130128   6611048  0.004  0.000    3.634    0.501    0    0  (Gen:  0)
   521032    161240   6697776  0.003  0.000    3.638    0.501    0    0  (Gen:  0)
   520696    130152   6758624  0.003  0.000    3.642    0.502    0    0  (Gen:  0)
   520808    129864   6809176  0.003  0.000    3.646    0.503    0    0  (Gen:  0)
   520480    167088   6897616  0.002  0.000    3.649    0.503    0    0  (Gen:  0)
   520664    124928   6952552  0.003  0.000    3.654    0.504    0    0  (Gen:  0)
   520544    154496   7026680  0.002  0.000    3.657    0.504    0    0  (Gen:  0)
   520480    144464   7109144  0.003  0.000    3.661    0.505    0    0  (Gen:  0)
   520472    137584   7166976  0.003  0.000    3.665    0.506    0    0  (Gen:  0)
   520656    163424   7248000  0.004  0.000    3.670    0.506    0    0  (Gen:  0)
   521248     97864   7322480  0.003  0.000    3.673    0.507    0    0  (Gen:  0)
   520160    102168   7420432  0.002  0.000    3.676    0.507    0    0  (Gen:  0)
   520968    135608   7492040  0.003  0.000    3.680    0.508    0    0  (Gen:  0)
   520784    109296   7560504  0.004  0.000    3.684    0.509    0    0  (Gen:  0)
   520624    167784   7646768  0.003  0.000    3.688    0.509    0    0  (Gen:  0)
   562448    153216   7724688  0.003  0.000    3.691    0.510    0    0  (Gen:  0)
   521008    120000   7791648  0.003  0.000    3.696    0.511    0    0  (Gen:  0)
   520560    163392   7872672  0.003  0.000    3.699    0.511    0    0  (Gen:  0)
   520880    153464   7948408  0.002  0.000    3.703    0.512    0    0  (Gen:  0)
   521000    121920   8013960  0.003  0.000    3.707    0.513    0    0  (Gen:  0)
   520480    143088   8072664  0.004  0.000    3.711    0.513    0    0  (Gen:  0)
   520488    161992   8151584  0.002  0.000    3.715    0.514    0    0  (Gen:  0)
   521136    130792   8215624  0.003  0.000    3.719    0.514    0    0  (Gen:  0)
   521072    141520   8273968  0.004  0.000    3.724    0.515    0    0  (Gen:  0)
   520752    172528   8360992  0.003  0.000    3.728    0.516    0    0  (Gen:  0)
   520848    141064   8422688  0.004  0.000    3.732    0.517    0    0  (Gen:  0)
   521008    145400   8480744  0.004  0.000    3.737    0.517    0    0  (Gen:  0)
   520760    172960   8569184  0.003  0.000    3.741    0.518    0    0  (Gen:  0)
   521024    142392   8627912  0.004  0.000    3.745    0.519    0    0  (Gen:  0)
   521064    173944   8715168  0.004  0.000    3.751    0.519    0    0  (Gen:  0)
   520832     95336   8793352  0.005  0.000    3.757    0.520    0    0  (Gen:  0)
   520616    176200   8883384  0.004  0.000    3.770    0.522    0    0  (Gen:  0)
   520936    151448   8960104  0.004  0.000    3.775    0.522    0    0  (Gen:  0)
   520832    130704   9033352  0.003  0.000    3.779    0.523    0    0  (Gen:  0)
   521168    183680   9131544  0.003  0.000    3.791    0.524    0    0  (Gen:  0)
   521128    151128   9208040  0.003  0.000    3.796    0.525    0    0  (Gen:  0)
   520736    124040   9280048  0.004  0.000    3.801    0.526    0    0  (Gen:  0)
   521136    171344   9363560  0.003  0.000    3.806    0.527    0    0  (Gen:  0)
   524504    162440   9447576  0.002  0.000    3.818    0.528    0    0  (Gen:  0)
   520344    120528   9516200  0.003  0.000    3.829    0.529    0    0  (Gen:  0)
   520720    173808   9602424  0.003  0.000    3.838    0.531    0    0  (Gen:  0)
   520936    190320   9705616  0.008  0.001    3.852    0.532    0    0  (Gen:  0)
   521136    140688   9780656  0.008  0.001    3.863    0.534    0    0  (Gen:  0)
   521144    171968   9869512  0.006  0.000    3.883    0.536    0    0  (Gen:  0)
   520696    148576   9960096  0.004  0.000    3.891    0.537    0    0  (Gen:  0)
   521344   5324376   6306016  0.018  0.001    3.910    0.539    0    0  (Gen:  1)
   520504    154968   6369256  0.004  0.000    3.915    0.539    0    0  (Gen:  0)
   520776    185696   6467912  0.002  0.000    3.919    0.540    0    0  (Gen:  0)
   520768    146288   6536688  0.003  0.000    3.923    0.541    0    0  (Gen:  0)
   520392    157096   6602608  0.003  0.000    3.928    0.541    0    0  (Gen:  0)
   524672    138616   6649536  0.003  0.000    3.932    0.542    0    0  (Gen:  0)
   521472     45288   6667512  0.002  0.000    3.934    0.542    0    0  (Gen:  0)
   521160     55640   6718952  0.001  0.000    3.936    0.543    0    0  (Gen:  0)
   520408     58216   6748336  0.002  0.000    3.939    0.543    0    0  (Gen:  0)
   520528     91144   6795784  0.002  0.000    3.941    0.544    0    0  (Gen:  0)
   521624     95464   6843536  0.002  0.000    3.944    0.544    0    0  (Gen:  0)
   521088     77512   6877544  0.002  0.000    3.947    0.545    0    0  (Gen:  0)
   520656     85808   6909064  0.002  0.000    3.950    0.545    0    0  (Gen:  0)
   520600    116144   6968688  0.002  0.000    3.953    0.546    0    0  (Gen:  0)
   520600     92904   7002680  0.002  0.000    3.957    0.546    0    0  (Gen:  0)
   520528    133296   7073224  0.002  0.000    3.959    0.547    0    0  (Gen:  0)
   520560    102976   7123056  0.002  0.000    3.962    0.547    0    0  (Gen:  0)
   521560    136568   7197184  0.002  0.000    3.965    0.548    0    0  (Gen:  0)
   521008    120152   7258472  0.002  0.000    3.968    0.548    0    0  (Gen:  0)
   520792     98584   7310408  0.003  0.000    3.972    0.549    0    0  (Gen:  0)
   521136    118776   7367992  0.002  0.000    3.975    0.549    0    0  (Gen:  0)
   520976    135256   7435352  0.002  0.000    3.978    0.550    0    0  (Gen:  0)
   520768    105856   7482136  0.003  0.000    3.982    0.550    0    0  (Gen:  0)
   521048    114120   7524320  0.003  0.000    3.985    0.551    0    0  (Gen:  0)
   521120    139832   7594288  0.002  0.000    3.989    0.551    0    0  (Gen:  0)
   520704    116776   7642848  0.002  0.000    3.992    0.552    0    0  (Gen:  0)
   673216    143584   7715552  0.002  0.000    3.995    0.552    0    0  (Gen:  0)
   520808    115824   7780248  0.002  0.000    3.998    0.553    0    0  (Gen:  0)
   520960    157688   7866144  0.002  0.000    4.002    0.553    0    0  (Gen:  0)
   521216    126760   7933376  0.002  0.000    4.005    0.554    0    0  (Gen:  0)
   520800     99832   7992624  0.002  0.000    4.008    0.555    0    0  (Gen:  0)
   521056    148744   8066768  0.002  0.000    4.011    0.555    0    0  (Gen:  0)
   520024    139040   8134568  0.003  0.000    4.015    0.556    0    0  (Gen:  0)
   520400    105192   8190432  0.008  0.001    4.024    0.557    0    0  (Gen:  0)
   521040    170312   8284112  0.003  0.000    4.029    0.557    0    0  (Gen:  0)
   520728    136424   8363248  0.002  0.000    4.032    0.558    0    0  (Gen:  0)
   520608    119744   8421504  0.004  0.000    4.037    0.559    0    0  (Gen:  0)
   520848    163872   8507248  0.003  0.000    4.040    0.559    0    0  (Gen:  0)
   525112    141016   8588712  0.002  0.000    4.043    0.560    0    0  (Gen:  0)
   520808    126488   8643904  0.003  0.000    4.048    0.561    0    0  (Gen:  0)
   520728    170624   8735368  0.003  0.000    4.052    0.561    0    0  (Gen:  0)
   520272    147264   8816344  0.003  0.000    4.055    0.562    0    0  (Gen:  0)
   520584    140000   8873784  0.003  0.000    4.060    0.562    0    0  (Gen:  0)
   524664    166112   8956320  0.003  0.000    4.065    0.563    0    0  (Gen:  0)
   520880    106936   9028152  0.003  0.000    4.068    0.564    0    0  (Gen:  0)
   520696    175168   9121336  0.003  0.000    4.072    0.564    0    0  (Gen:  0)
   525056    144384   9194368  0.003  0.000    4.076    0.565    0    0  (Gen:  0)
   521080    115176   9261096  0.002  0.000    4.079    0.565    0    0  (Gen:  0)
   529352    163424   9342304  0.002  0.000    4.082    0.566    0    0  (Gen:  0)
   562064    154240   9420952  0.003  0.000    4.086    0.567    0    0  (Gen:  0)
   520784    115184   9487592  0.003  0.000    4.090    0.567    0    0  (Gen:  0)
   521304    141136   9543600  0.003  0.000    4.095    0.568    0    0  (Gen:  0)
   520528    173928   9638056  0.003  0.000    4.099    0.569    0    0  (Gen:  0)
   521176    133592   9709048  0.002  0.000    4.102    0.569    0    0  (Gen:  0)
   520752    118152   9779392  0.003  0.000    4.106    0.570    0    0  (Gen:  0)
   521024    163352   9860208  0.002  0.000    4.109    0.570    0    0  (Gen:  0)
   520768    133168   9922808  0.003  0.000    4.114    0.571    0    0  (Gen:  0)
   520696    142544   9982120  0.004  0.000    4.118    0.572    0    0  (Gen:  0)
   520600    175880  10072480  0.003  0.000    4.122    0.572    0    0  (Gen:  0)
   521216    140512  10132576  0.004  0.000    4.127    0.573    0    0  (Gen:  0)
   521184    149072  10195232  0.004  0.000    4.132    0.574    0    0  (Gen:  0)
   521096     87912  10278552  0.003  0.000    4.136    0.574    0    0  (Gen:  0)
   520712    164720  10356712  0.003  0.000    4.139    0.575    0    0  (Gen:  0)
   521240    139008  10430000  0.003  0.000    4.143    0.576    0    0  (Gen:  0)
   521104    108600  10504984  0.003  0.000    4.147    0.576    0    0  (Gen:  0)
   520584    167096  10585960  0.003  0.000    4.151    0.577    0    0  (Gen:  0)
   520912    153720  10664904  0.003  0.000    4.155    0.578    0    0  (Gen:  0)
   520512    121856  10737576  0.003  0.000    4.160    0.578    0    0  (Gen:  0)
   520992    178064  10827864  0.003  0.000    4.163    0.579    0    0  (Gen:  0)
   521016    156664  10906136  0.003  0.000    4.167    0.579    0    0  (Gen:  0)
   520832    123352  10975856  0.003  0.000    4.172    0.580    0    0  (Gen:  0)
   520840    172672  11060688  0.003  0.000    4.176    0.581    0    0  (Gen:  0)
   520664    168376  11145000  0.003  0.000    4.180    0.581    0    0  (Gen:  0)
   520656    134392  11213768  0.003  0.000    4.184    0.582    0    0  (Gen:  0)
   520168    194000  11319352  0.003  0.000    4.188    0.583    0    0  (Gen:  0)
   521400    169568  11409232  0.003  0.000    4.192    0.583    0    0  (Gen:  0)
   521040    142584  11479072  0.003  0.000    4.197    0.584    0    0  (Gen:  0)
   520264    152944  11541320  0.004  0.000    4.202    0.585    0    0  (Gen:  0)
   520752    184776  11636544  0.003  0.000    4.206    0.586    0    0  (Gen:  0)
   520656    145624  11705648  0.004  0.000    4.211    0.586    0    0  (Gen:  0)
   520912    155152  11769584  0.004  0.000    4.216    0.587    0    0  (Gen:  0)
   519976    182584  11863768  0.003  0.000    4.220    0.588    0    0  (Gen:  0)
   521032    153032  11933344  0.004  0.000    4.225    0.588    0    0  (Gen:  0)
   520960    157488  11998688  0.004  0.000    4.230    0.589    0    0  (Gen:  0)
   520752    132416  12039944  0.003  0.000    4.235    0.590    0    0  (Gen:  0)
   521320     46104  12058296  0.002  0.000    4.237    0.590    0    0  (Gen:  0)
   521296     79536  12106040  0.002  0.000    4.240    0.590    0    0  (Gen:  0)
   520360     54592  12136472  0.002  0.000    4.242    0.591    0    0  (Gen:  0)
   520472     71400  12161888  0.002  0.000    4.245    0.591    0    0  (Gen:  0)
   521672    110616  12224024  0.002  0.000    4.248    0.592    0    0  (Gen:  0)
   521176     79608  12257232  0.003  0.000    4.252    0.592    0    0  (Gen:  0)
   520568     84752  12289608  0.003  0.000    4.256    0.593    0    0  (Gen:  0)
   520488    113792  12347416  0.002  0.000    4.259    0.593    0    0  (Gen:  0)
   520752   4181264   5162728  0.014  0.001    4.275    0.595    0    0  (Gen:  1)
   660376    130136   5235104  0.002  0.000    4.279    0.596    0    0  (Gen:  0)
   520824     97568   5286648  0.002  0.000    4.282    0.596    0    0  (Gen:  0)
   520232    136896   5361000  0.002  0.000    4.285    0.597    0    0  (Gen:  0)
   520736    118512   5420336  0.002  0.000    4.288    0.597    0    0  (Gen:  0)
   521304     97648   5469944  0.002  0.000    4.291    0.598    0    0  (Gen:  0)
   520840    109480   5512160  0.003  0.000    4.294    0.598    0    0  (Gen:  0)
   524992    142440   5586776  0.002  0.000    4.298    0.599    0    0  (Gen:  0)
   520856    112968   5635040  0.003  0.000    4.301    0.599    0    0  (Gen:  0)
   521016    153080   5717504  0.002  0.000    4.305    0.600    0    0  (Gen:  0)
   524816    134912   5788480  0.002  0.000    4.308    0.600    0    0  (Gen:  0)
   525104    115072   5835920  0.003  0.000    4.312    0.601    0    0  (Gen:  0)
   565632    145848   5910152  0.003  0.000    4.316    0.602    0    0  (Gen:  0)
   520536     91984   5973592  0.002  0.000    4.320    0.602    0    0  (Gen:  0)
   520848    156504   6058744  0.002  0.000    4.323    0.603    0    0  (Gen:  0)
   520944    131048   6126192  0.002  0.000    4.326    0.603    0    0  (Gen:  0)
   520952    113752   6185408  0.002  0.000    4.329    0.604    0    0  (Gen:  0)
   520736    149264   6260200  0.002  0.000    4.333    0.604    0    0  (Gen:  0)
   520376    141072   6328272  0.002  0.000    4.336    0.605    0    0  (Gen:  0)
   520440    113792   6383416  0.003  0.000    4.339    0.605    0    0  (Gen:  0)
   521032    172776   6479360  0.003  0.000    4.343    0.606    0    0  (Gen:  0)
   520688    133104   6558392  0.002  0.000    4.346    0.607    0    0  (Gen:  0)
   521048    129656   6616736  0.003  0.000    4.350    0.607    0    0  (Gen:  0)
   521160    131064   6668600  0.003  0.000    4.355    0.608    0    0  (Gen:  0)
   520752    165232   6754992  0.002  0.000    4.358    0.608    0    0  (Gen:  0)
   521216    131200   6809568  0.003  0.000    4.363    0.609    0    0  (Gen:  0)
   521264    166872   6897032  0.004  0.000    4.368    0.610    0    0  (Gen:  0)
   520792     83832   6973904  0.002  0.000    4.371    0.610    0    0  (Gen:  0)
   520400    171888   7062520  0.002  0.000    4.375    0.611    0    0  (Gen:  0)
   520968    142144   7135680  0.002  0.000    4.378    0.611    0    0  (Gen:  0)
   521216    118728   7205824  0.002  0.000    4.382    0.612    0    0  (Gen:  0)
   520400    173232   7297256  0.002  0.000    4.385    0.613    0    0  (Gen:  0)
   520760    143584   7370032  0.003  0.000    4.389    0.613    0    0  (Gen:  0)
   520712    114704   7435856  0.003  0.000    4.393    0.614    0    0  (Gen:  0)
   520960    164336   7518752  0.002  0.000    4.396    0.614    0    0  (Gen:  0)
   537368    158648   7597928  0.002  0.000    4.400    0.615    0    0  (Gen:  0)
   521272    132448   7664096  0.003  0.000    4.404    0.616    0    0  (Gen:  0)
   520776    182800   7762440  0.002  0.000    4.407    0.616    0    0  (Gen:  0)
   521392    159432   7846104  0.002  0.000    4.410    0.617    0    0  (Gen:  0)
   520248    131864   7908296  0.003  0.000    4.414    0.617    0    0  (Gen:  0)
   521232    141288   7966240  0.003  0.000    4.419    0.618    0    0  (Gen:  0)
   520400    171488   8055128  0.002  0.000    4.422    0.619    0    0  (Gen:  0)
   520720    136888   8116056  0.003  0.000    4.427    0.619    0    0  (Gen:  0)
   520680    143272   8176104  0.004  0.000    4.432    0.620    0    0  (Gen:  0)
   520800    172776   8262624  0.002  0.000    4.435    0.621    0    0  (Gen:  0)
   521176    141776   8322976  0.003  0.000    4.440    0.621    0    0  (Gen:  0)
   521016    174872   8410896  0.003  0.000    4.444    0.622    0    0  (Gen:  0)
   520336    120952   8491016  0.002  0.000    4.447    0.622    0    0  (Gen:  0)
   521088    185016   8589184  0.003  0.000    4.451    0.623    0    0  (Gen:  0)
   521160    142208   8664224  0.003  0.000    4.455    0.624    0    0  (Gen:  0)
   520728    110752   8737648  0.003  0.000    4.459    0.624    0    0  (Gen:  0)
   521104    169312   8821776  0.002  0.000    4.462    0.625    0    0  (Gen:  0)
   520680    151176   8899608  0.002  0.000    4.465    0.625    0    0  (Gen:  0)
   520968    129616   8970880  0.003  0.000    4.469    0.626    0    0  (Gen:  0)
   521048     97824   9064680  0.002  0.000    4.473    0.627    0    0  (Gen:  0)
   521456    157664   9144088  0.002  0.000    4.476    0.627    0    0  (Gen:  0)
   520976    128080   9213304  0.002  0.000    4.479    0.628    0    0  (Gen:  0)
   520616    150464   9274968  0.004  0.000    4.484    0.629    0    0  (Gen:  0)
   520736    190008   9382056  0.003  0.000    4.488    0.629    0    0  (Gen:  0)
   521192    139872   9450184  0.003  0.000    4.492    0.630    0    0  (Gen:  0)
   520576    193536   9557000  0.003  0.000    4.497    0.631    0    0  (Gen:  0)
   521032    151680   9646896  0.002  0.000    4.500    0.631    0    0  (Gen:  0)
   521368    142888   9715904  0.004  0.000    4.505    0.632    0    0  (Gen:  0)
   520744    153728   9779584  0.004  0.000    4.509    0.633    0    0  (Gen:  0)
   521312    187280   9876856  0.003  0.000    4.513    0.633    0    0  (Gen:  0)
   520856    147128   9943632  0.003  0.000    4.518    0.634    0    0  (Gen:  0)
   520408    155736  10007368  0.004  0.000    4.523    0.635    0    0  (Gen:  0)
   520560    178216  10096688  0.003  0.000    4.527    0.635    0    0  (Gen:  0)
   521024    154048  10165952  0.003  0.000    4.532    0.636    0    0  (Gen:  0)
   521368   5385264   6370904  0.018  0.001    4.551    0.638    0    0  (Gen:  1)
    20864   3981184   4958888  0.014  0.001    4.567    0.639    0    0  (Gen:  1)
   598712     28632   4983880  0.001  0.000    4.570    0.640    0    0  (Gen:  0)
   537288     49184   5004232  0.002  0.000    4.573    0.640    0    0  (Gen:  0)
   536960     93216   5065616  0.003  0.000    4.577    0.641    0    0  (Gen:  0)
   521016     84192   5127824  0.003  0.000    4.581    0.641    0    0  (Gen:  0)
   520776     75640   5195120  0.003  0.000    4.585    0.642    0    0  (Gen:  0)
   537160     88480   5256016  0.003  0.000    4.588    0.642    0    0  (Gen:  0)
   520872    115480   5330208  0.003  0.000    4.593    0.643    0    0  (Gen:  0)
   520904    103040   5404704  0.003  0.000    4.597    0.644    0    0  (Gen:  0)
   520880     89648   5486080  0.003  0.000    4.600    0.644    0    0  (Gen:  0)
   521648    107192   5562376  0.003  0.000    4.604    0.645    0    0  (Gen:  0)
   537344    134488   5648744  0.004  0.000    4.609    0.645    0    0  (Gen:  0)
   520632    100272   5721128  0.003  0.000    4.613    0.646    0    0  (Gen:  0)
   520528    112600   5788944  0.003  0.000    4.617    0.646    0    0  (Gen:  0)
   520992    141840   5868464  0.004  0.000    4.622    0.647    0    0  (Gen:  0)
   521152    118792   5943240  0.003  0.000    4.626    0.648    0    0  (Gen:  0)
   521752    104552   6026432  0.003  0.000    4.630    0.648    0    0  (Gen:  0)
   521592    120880   6104504  0.004  0.000    4.635    0.649    0    0  (Gen:  0)
   521216    134376   6177752  0.004  0.000    4.639    0.650    0    0  (Gen:  0)
   520712    123144   6262776  0.004  0.000    4.644    0.650    0    0  (Gen:  0)
   521624     95608   6354064  0.003  0.000    4.648    0.651    0    0  (Gen:  0)
   520656    120856   6438344  0.004  0.000    4.652    0.651    0    0  (Gen:  0)
   536912    150896   6533632  0.004  0.000    4.657    0.652    0    0  (Gen:  0)
   520888    110072   6615912  0.003  0.000    4.661    0.653    0    0  (Gen:  0)
   520736    127296   6693040  0.004  0.000    4.666    0.653    0    0  (Gen:  0)
   520776    157832   6784832  0.004  0.000    4.671    0.654    0    0  (Gen:  0)
   520992    130768   6871328  0.004  0.000    4.676    0.655    0    0  (Gen:  0)
   521080    106760   6962064  0.003  0.000    4.680    0.655    0    0  (Gen:  0)
   520912    125016   7046944  0.004  0.000    4.684    0.656    0    0  (Gen:  0)
   521048    154736   7144904  0.004  0.000    4.690    0.657    0    0  (Gen:  0)
   521304    117480   7230536  0.003  0.000    4.694    0.657    0    0  (Gen:  0)
   520688     89128   7315624  0.003  0.000    4.698    0.658    0    0  (Gen:  0)
   520136    163368   7405664  0.004  0.000    4.703    0.659    0    0  (Gen:  0)
   520464    131760   7490560  0.004  0.000    4.708    0.659    0    0  (Gen:  0)
   521376    106728   7584272  0.003  0.000    4.712    0.660    0    0  (Gen:  0)
   520664    126176   7673056  0.008  0.001    4.721    0.661    0    0  (Gen:  0)
   521072    144640   7759392  0.004  0.000    4.726    0.662    0    0  (Gen:  0)
   520688    122712   7854048  0.004  0.000    4.731    0.663    0    0  (Gen:  0)
   521088    136712   7938616  0.004  0.000    4.736    0.663    0    0  (Gen:  0)
   520944    168496   8036480  0.005  0.000    4.742    0.664    0    0  (Gen:  0)
   521120    137928   8133800  0.004  0.000    4.747    0.665    0    0  (Gen:  0)
   520888    107648   8236320  0.003  0.000    4.751    0.666    0    0  (Gen:  0)
   520768    127024   8331344  0.004  0.000    4.756    0.666    0    0  (Gen:  0)
   521112    150392   8426744  0.004  0.000    4.762    0.667    0    0  (Gen:  0)
   520824    121936   8527208  0.004  0.000    4.766    0.668    0    0  (Gen:  0)
   537112    141800   8620440  0.004  0.000    4.772    0.668    0    0  (Gen:  0)
   520960    167136   8723664  0.005  0.000    4.777    0.669    0    0  (Gen:  0)
   520400    124328   8815400  0.004  0.000    4.782    0.670    0    0  (Gen:  0)
   520584    141280   8900240  0.004  0.000    4.787    0.671    0    0  (Gen:  0)
   521136    171744   8998144  0.005  0.000    4.792    0.671    0    0  (Gen:  0)
   520384    142808   9093792  0.004  0.000    4.797    0.672    0    0  (Gen:  0)
   521000    114312   9195800  0.003  0.000    4.801    0.673    0    0  (Gen:  0)
   520248    122536   9281992  0.004  0.000    4.806    0.673    0    0  (Gen:  0)
   520608    158984   9380336  0.004  0.000    4.811    0.674    0    0  (Gen:  0)
   521016    126968   9482528  0.004  0.000    4.816    0.675    0    0  (Gen:  0)
   521080    141104   9575368  0.004  0.000    4.821    0.676    0    0  (Gen:  0)
   520488    169512   9674824  0.005  0.000    4.827    0.676    0    0  (Gen:  0)
   520672    122816   9761784  0.004  0.000    4.832    0.677    0    0  (Gen:  0)
   520568    148832   9850440  0.004  0.000    4.837    0.678    0    0  (Gen:  0)
   520704   5045664   6023240  0.013  0.001    4.851    0.679    0    0  (Gen:  1)
   521112    150480   6085528  0.002  0.000    4.855    0.680    0    0  (Gen:  0)
   521008    115024   6172864  0.002  0.000    4.857    0.680    0    0  (Gen:  0)
   521216    151344   6261680  0.002  0.000    4.860    0.681    0    0  (Gen:  0)
   520872    133136   6326776  0.003  0.000    4.864    0.682    0    0  (Gen:  0)
   520400    147824   6385776  0.003  0.000    4.869    0.682    0    0  (Gen:  0)
   521008    179488   6477512  0.002  0.000    4.872    0.683    0    0  (Gen:  0)
   520720    145392   6542288  0.003  0.000    4.876    0.684    0    0  (Gen:  0)
   521232    148344   6602088  0.003  0.000    4.881    0.684    0    0  (Gen:  0)
   520456    175776   6691992  0.002  0.000    4.885    0.685    0    0  (Gen:  0)
   521168    147664   6755504  0.003  0.000    4.889    0.685    0    0  (Gen:  0)
   520856    191168   6857120  0.002  0.000    4.893    0.686    0    0  (Gen:  0)
   520688    170216   6939672  0.002  0.000    4.896    0.687    0    0  (Gen:  0)
   521080    171704   7022720  0.002  0.000    4.900    0.687    0    0  (Gen:  0)
   521904    146744   7102320  0.002  0.000    4.903    0.688    0    0  (Gen:  0)
   521048    123640   7182200  0.003  0.000    4.907    0.688    0    0  (Gen:  0)
   520448    193816   7286152  0.002  0.000    4.910    0.689    0    0  (Gen:  0)
   521024    163552   7365440  0.002  0.000    4.914    0.690    0    0  (Gen:  0)
   520872    146216   7445448  0.003  0.000    4.917    0.690    0    0  (Gen:  0)
   520512    190824   7543840  0.002  0.000    4.921    0.691    0    0  (Gen:  0)
   521144    161480   7628064  0.003  0.000    4.924    0.691    0    0  (Gen:  0)
   520608    126480   7703296  0.003  0.000    4.928    0.692    0    0  (Gen:  0)
   520704    185080   7797848  0.002  0.000    4.932    0.693    0    0  (Gen:  0)
   519840    170064   7885432  0.002  0.000    4.935    0.693    0    0  (Gen:  0)
   520384    139120   7959264  0.003  0.000    4.939    0.694    0    0  (Gen:  0)
   520568    154936   8022400  0.004  0.000    4.944    0.695    0    0  (Gen:  0)
   519968    187704   8120520  0.003  0.000    4.948    0.695    0    0  (Gen:  0)
   521136    139272   8193272  0.003  0.000    4.952    0.696    0    0  (Gen:  0)
   521104    201848   8303688  0.003  0.000    4.956    0.696    0    0  (Gen:  0)
   520480    164656   8395136  0.002  0.000    4.959    0.697    0    0  (Gen:  0)
   520888    147448   8467136  0.003  0.000    4.963    0.698    0    0  (Gen:  0)
   520920    159320   8531800  0.003  0.000    4.968    0.698    0    0  (Gen:  0)
   520904    136032   8576504  0.003  0.000    4.972    0.699    0    0  (Gen:  0)
   520616     45200   8596800  0.002  0.000    4.975    0.699    0    0  (Gen:  0)
   520680     82096   8647368  0.001  0.000    4.977    0.700    0    0  (Gen:  0)
   521152     67776   8678080  0.002  0.000    4.979    0.700    0    0  (Gen:  0)
   520752     96784   8731088  0.002  0.000    4.982    0.701    0    0  (Gen:  0)
   521224     93944   8777936  0.002  0.000    4.984    0.701    0    0  (Gen:  0)
   521024     76680   8812744  0.002  0.000    4.987    0.702    0    0  (Gen:  0)
   521224     84880   8843192  0.002  0.000    4.990    0.702    0    0  (Gen:  0)
   521104    114928   8901944  0.002  0.000    4.993    0.703    0    0  (Gen:  0)
   520832     91808   8936968  0.002  0.000    4.997    0.703    0    0  (Gen:  0)
   521048    131560   9005568  0.004  0.000    5.003    0.704    0    0  (Gen:  0)
   520392     86376   9055456  0.017  0.002    5.024    0.706    0    0  (Gen:  0)
   520720    134984   9127792  0.002  0.000    5.028    0.707    0    0  (Gen:  0)
   520768    120080   9189024  0.002  0.000    5.032    0.708    0    0  (Gen:  0)
   521120    104168   9242336  0.002  0.000    5.036    0.708    0    0  (Gen:  0)
   521184    112728   9299664  0.002  0.000    5.040    0.709    0    0  (Gen:  0)
   520800    135496   9366976  0.003  0.000    5.045    0.710    0    0  (Gen:  0)
   521008    103136   9411968  0.007  0.001    5.055    0.711    0    0  (Gen:  0)
   520672    115144   9455952  0.003  0.000    5.059    0.712    0    0  (Gen:  0)
   521408    141816   9528120  0.003  0.000    5.063    0.712    0    0  (Gen:  0)
   520800    118336   9575984  0.003  0.000    5.068    0.713    0    0  (Gen:  0)
   672768    145096   9653808  0.003  0.000    5.072    0.714    0    0  (Gen:  0)
   520912    122832   9719000  0.003  0.000    5.076    0.715    0    0  (Gen:  0)
   521368    158752   9804960  0.002  0.000    5.080    0.715    0    0  (Gen:  0)
   521144    128752   9872672  0.002  0.000    5.085    0.716    0    0  (Gen:  0)
   520736    101456   9931232  0.003  0.000    5.089    0.717    0    0  (Gen:  0)
   521408    150000  10007096  0.003  0.000    5.094    0.717    0    0  (Gen:  0)
   520776    141104  10075904  0.002  0.000    5.098    0.718    0    0  (Gen:  0)
   521016    107080  10130368  0.003  0.000    5.102    0.719    0    0  (Gen:  0)
   520800    131280  10183672  0.004  0.000    5.107    0.719    0    0  (Gen:  0)
   520824    158672  10266696  0.003  0.000    5.112    0.720    0    0  (Gen:  0)
   520752    124984  10325400  0.003  0.000    5.116    0.721    0    0  (Gen:  0)
   521152    130392  10377232  0.003  0.000    5.121    0.722    0    0  (Gen:  0)
   524984    166136  10464200  0.003  0.000    5.125    0.722    0    0  (Gen:  0)
   520848    129224  10519312  0.003  0.000    5.130    0.723    0    0  (Gen:  0)
   521400    172712  10612128  0.003  0.000    5.135    0.724    0    0  (Gen:  0)
   520424    100528  10688040  0.002  0.000    5.139    0.725    0    0  (Gen:  0)
   520656    159096  10763848  0.003  0.000    5.143    0.725    0    0  (Gen:  0)
   524848    141032  10839192  0.002  0.000    5.147    0.726    0    0  (Gen:  0)
   520616    120712  10907704  0.003  0.000    5.151    0.727    0    0  (Gen:  0)
   521328     94776  10998448  0.002  0.000    5.155    0.728    0    0  (Gen:  0)
   524856    144248  11072800  0.002  0.000    5.159    0.728    0    0  (Gen:  0)
   520680    124376  11138200  0.003  0.000    5.163    0.729    0    0  (Gen:  0)
   528536    166048  11221408  0.003  0.000    5.168    0.730    0    0  (Gen:  0)
   561328    160248  11299840  0.003  0.000    5.172    0.731    0    0  (Gen:  0)
   520392    125944  11365176  0.006  0.001    5.180    0.732    0    0  (Gen:  0)
   520712    179384  11460416  0.003  0.000    5.184    0.732    0    0  (Gen:  0)
   520832    136440  11543552  0.002  0.000    5.188    0.733    0    0  (Gen:  0)
   520584    133336  11605088  0.003  0.000    5.192    0.734    0    0  (Gen:  0)
   520976    141392  11663448  0.007  0.001    5.200    0.735    0    0  (Gen:  0)
   520904    165976  11746040  0.003  0.000    5.204    0.735    0    0  (Gen:  0)
   521024    140432  11806936  0.003  0.000    5.207    0.736    0    0  (Gen:  0)
   520560    179232  11902656  0.003  0.000    5.211    0.737    0    0  (Gen:  0)
   520680   4955896   5937536  0.015  0.001    5.228    0.738    0    0  (Gen:  1)
   520552    147928   5997648  0.003  0.000    5.233    0.739    0    0  (Gen:  0)
   520968    185824   6097224  0.002  0.000    5.237    0.740    0    0  (Gen:  0)
   520536    118136   6175600  0.003  0.000    5.242    0.741    0    0  (Gen:  0)
   520872    187448   6275696  0.003  0.000    5.246    0.741    0    0  (Gen:  0)
   520896    157728   6353656  0.003  0.000    5.250    0.742    0    0  (Gen:  0)
   520744    115128   6424432  0.003  0.000    5.254    0.743    0    0  (Gen:  0)
   521040    170096   6508400  0.006  0.001    5.262    0.744    0    0  (Gen:  0)
   521128    159048   6588464  0.002  0.000    5.266    0.744    0    0  (Gen:  0)
   521200    125112   6657624  0.003  0.000    5.270    0.745    0    0  (Gen:  0)
   520456    176224   6747496  0.003  0.000    5.275    0.746    0    0  (Gen:  0)
   521032    164400   6826392  0.002  0.000    5.279    0.746    0    0  (Gen:  0)
   520688    138720   6895984  0.003  0.000    5.283    0.747    0    0  (Gen:  0)
   520848    149848   6956728  0.004  0.000    5.288    0.748    0    0  (Gen:  0)
   520800    181496   7052592  0.003  0.000    5.293    0.749    0    0  (Gen:  0)
   520376    139120   7118656  0.003  0.000    5.298    0.749    0    0  (Gen:  0)
   520840    109488   7223656  0.002  0.000    5.301    0.750    0    0  (Gen:  0)
   520512    154904   7311624  0.003  0.000    5.306    0.751    0    0  (Gen:  0)
   521056    142376   7379104  0.004  0.000    5.311    0.751    0    0  (Gen:  0)
   520944    153888   7444472  0.004  0.000    5.315    0.752    0    0  (Gen:  0)
   520744    180200   7534232  0.003  0.000    5.320    0.753    0    0  (Gen:  0)
   521072    149248   7600672  0.003  0.000    5.325    0.754    0    0  (Gen:  0)
   521080    157680   7666888  0.003  0.000    5.330    0.754    0    0  (Gen:  0)
   520816    172960   7754720  0.003  0.000    5.334    0.755    0    0  (Gen:  0)
   520928    177888   7840424  0.003  0.000    5.339    0.756    0    0  (Gen:  0)
   520544    170096   7935296  0.003  0.000    5.343    0.756    0    0  (Gen:  0)
   520936    136944   8016376  0.003  0.000    5.348    0.757    0    0  (Gen:  0)
   521384    190384   8116768  0.003  0.000    5.352    0.758    0    0  (Gen:  0)
   520112    157336   8198024  0.003  0.000    5.357    0.759    0    0  (Gen:  0)
   520832    122840   8278824  0.002  0.000    5.361    0.759    0    0  (Gen:  0)
   520208    179048   8363920  0.002  0.000    5.365    0.760    0    0  (Gen:  0)
   520584    167056   8448992  0.003  0.000    5.370    0.761    0    0  (Gen:  0)
   520632    134648   8524440  0.002  0.000    5.373    0.762    0    0  (Gen:  0)
   521192    184272   8616728  0.002  0.000    5.377    0.762    0    0  (Gen:  0)
   520360    170472   8702904  0.002  0.000    5.381    0.763    0    0  (Gen:  0)
   520312    140008   8776080  0.002  0.000    5.385    0.764    0    0  (Gen:  0)
   520888    182648   8866792  0.002  0.000    5.388    0.764    0    0  (Gen:  0)
   521096    136344   8913856  0.003  0.000    5.393    0.765    0    0  (Gen:  0)
   521024     39504   8933776  0.001  0.000    5.395    0.766    0    0  (Gen:  0)
   520328     76936   8981712  0.002  0.000    5.399    0.766    0    0  (Gen:  0)
   521240     43472   9021040  0.001  0.000    5.402    0.767    0    0  (Gen:  0)
   520808     87664   9065936  0.001  0.000    5.405    0.767    0    0  (Gen:  0)
   521120     87008   9109856  0.002  0.000    5.408    0.768    0    0  (Gen:  0)
   521064     73504   9147920  0.002  0.000    5.411    0.768    0    0  (Gen:  0)
   521008     85624   9177496  0.002  0.000    5.415    0.769    0    0  (Gen:  0)
   521128    112520   9233136  0.002  0.000    5.418    0.770    0    0  (Gen:  0)
   520912     92248   9271376  0.002  0.000    5.421    0.770    0    0  (Gen:  0)
   521064     96976   9305544  0.003  0.000    5.426    0.771    0    0  (Gen:  0)
   520720    124664   9371832  0.002  0.000    5.430    0.772    0    0  (Gen:  0)
   520392    101024   9409336  0.003  0.000    5.434    0.772    0    0  (Gen:  0)
   520792    142160   9486992  0.003  0.000    5.439    0.773    0    0  (Gen:  0)
   521192     92136   9539256  0.002  0.000    5.443    0.774    0    0  (Gen:  0)
   521168    131792   9603720  0.003  0.000    5.447    0.774    0    0  (Gen:  0)
   520736    129032   9668256  0.002  0.000    5.451    0.775    0    0  (Gen:  0)
   520840    103992   9718128  0.002  0.000    5.455    0.776    0    0  (Gen:  0)
   521048    112456   9760224  0.002  0.000    5.459    0.776    0    0  (Gen:  0)
   520712    139176   9828560  0.003  0.000    5.463    0.777    0    0  (Gen:  0)
   521224    112904   9880192  0.002  0.000    5.468    0.778    0    0  (Gen:  0)
   520792    118440   9924176  0.003  0.000    5.472    0.779    0    0  (Gen:  0)
   520704    147528   9999224  0.003  0.000    5.477    0.779    0    0  (Gen:  0)
   521272    119336  10046456  0.003  0.000    5.481    0.780    0    0  (Gen:  0)
   520456    157024  10130832  0.003  0.000    5.486    0.781    0    0  (Gen:  0)
   521128    114656  10193984  0.002  0.000    5.489    0.781    0    0  (Gen:  0)
   520920    148120  10267408  0.002  0.000    5.493    0.782    0    0  (Gen:  0)
   520232    133624  10335544  0.013  0.001    5.508    0.784    0    0  (Gen:  0)
   521200    113848  10391672  0.002  0.000    5.511    0.784    0    0  (Gen:  0)
   521136    152472  10469824  0.002  0.000    5.516    0.785    0    0  (Gen:  0)
   521128    146536  10541504  0.002  0.000    5.520    0.786    0    0  (Gen:  0)
   519840    130720  10602936  0.002  0.000    5.524    0.787    0    0  (Gen:  0)
   520808    130592  10653808  0.003  0.000    5.528    0.787    0    0  (Gen:  0)
   521088    167440  10741472  0.002  0.000    5.532    0.788    0    0  (Gen:  0)
   520792    128848  10797168  0.003  0.000    5.536    0.789    0    0  (Gen:  0)
   520872     94440  10887216  0.002  0.000    5.540    0.789    0    0  (Gen:  0)
   521040    153200  10970192  0.002  0.000    5.544    0.790    0    0  (Gen:  0)
   520432    137136  11027960  0.003  0.000    5.548    0.791    0    0  (Gen:  0)
   521272    145120  11090024  0.002  0.000    5.552    0.791    0    0  (Gen:  0)
   521176    115720  11164144  0.002  0.000    5.556    0.792    0    0  (Gen:  0)
   520992    100976  11261040  0.002  0.000    5.559    0.793    0    0  (Gen:  0)
   520928    132760  11332912  0.002  0.000    5.563    0.794    0    0  (Gen:  0)
   520912    122024  11402344  0.002  0.000    5.566    0.794    0    0  (Gen:  0)
   520696    174560  11495320  0.002  0.000    5.570    0.795    0    0  (Gen:  0)
   549472    153584  11573280  0.002  0.000    5.575    0.796    0    0  (Gen:  0)
   520912    134128  11640720  0.006  0.001    5.583    0.797    0    0  (Gen:  0)
   520152   4832072   5813632  0.019  0.002    5.604    0.799    0    0  (Gen:  1)
   520296    176896   5909392  0.002  0.000    5.609    0.800    0    0  (Gen:  0)
   521168    122920   5972368  0.003  0.000    5.614    0.801    0    0  (Gen:  0)
   520840    178672   6067968  0.002  0.000    5.618    0.802    0    0  (Gen:  0)
   520344    156656   6148632  0.002  0.000    5.622    0.802    0    0  (Gen:  0)
   520904    140824   6215040  0.004  0.000    5.648    0.805    0    0  (Gen:  0)
   520656    143056   6273472  0.004  0.000    5.654    0.806    0    0  (Gen:  0)
   520664    179920   6368416  0.002  0.000    5.658    0.807    0    0  (Gen:  0)
   520568    143048   6429488  0.004  0.000    5.663    0.808    0    0  (Gen:  0)
   520896    148328   6489680  0.003  0.000    5.668    0.808    0    0  (Gen:  0)
   520328    155568   6573896  0.003  0.000    5.673    0.809    0    0  (Gen:  0)
   520992    144448   6631248  0.004  0.000    5.678    0.810    0    0  (Gen:  0)
   521104    185576   6731200  0.004  0.000    5.684    0.811    0    0  (Gen:  0)
   520592    101256   6806568  0.003  0.000    5.688    0.811    0    0  (Gen:  0)
   521144    181872   6902664  0.003  0.000    5.692    0.812    0    0  (Gen:  0)
   520856    151208   6981032  0.003  0.000    5.696    0.813    0    0  (Gen:  0)
   521296    118736   7054376  0.003  0.000    5.701    0.813    0    0  (Gen:  0)
   520384    101488   7151688  0.003  0.000    5.705    0.814    0    0  (Gen:  0)
   521144    157784   7230352  0.002  0.000    5.709    0.815    0    0  (Gen:  0)
   520832    128200   7299224  0.003  0.000    5.714    0.815    0    0  (Gen:  0)
   520616    171440   7384448  0.002  0.000    5.718    0.816    0    0  (Gen:  0)
   525280    168312   7469752  0.002  0.000    5.722    0.817    0    0  (Gen:  0)
   520688    137952   7537464  0.003  0.000    5.727    0.818    0    0  (Gen:  0)
   520856    188864   7638776  0.003  0.000    5.731    0.818    0    0  (Gen:  0)
   520752    157144   7727960  0.002  0.000    5.735    0.819    0    0  (Gen:  0)
   520744    143568   7797480  0.003  0.000    5.740    0.820    0    0  (Gen:  0)
   521048    153648   7860656  0.004  0.000    5.745    0.820    0    0  (Gen:  0)
   520912    186072   7957408  0.002  0.000    5.749    0.821    0    0  (Gen:  0)
   521008    144568   8025520  0.004  0.000    5.755    0.822    0    0  (Gen:  0)
   520912    191312   8125752  0.002  0.000    5.759    0.823    0    0  (Gen:  0)
   520864    166800   8216816  0.003  0.000    5.763    0.823    0    0  (Gen:  0)
   520944    153984   8286056  0.004  0.000    5.768    0.824    0    0  (Gen:  0)
   520448    156800   8350520  0.004  0.000    5.774    0.825    0    0  (Gen:  0)
   619280    125696   8385376  0.002  0.000    5.778    0.825    0    0  (Gen:  0)
   537296     47600   8404056  0.002  0.000    5.782    0.826    0    0  (Gen:  0)
   536456     85224   8456336  0.002  0.000    5.785    0.826    0    0  (Gen:  0)
   520872     61136   8485944  0.002  0.000    5.788    0.827    0    0  (Gen:  0)
   520464     71104   8510160  0.002  0.000    5.792    0.828    0    0  (Gen:  0)
   537544    106672   8568320  0.002  0.000    5.795    0.828    0    0  (Gen:  0)
   520888     80424   8601544  0.002  0.000    5.799    0.829    0    0  (Gen:  0)
   521328     87576   8635000  0.002  0.000    5.804    0.829    0    0  (Gen:  0)
   520808     66408   8689848  0.002  0.000    5.806    0.830    0    0  (Gen:  0)
   520696    116544   8746896  0.002  0.000    5.809    0.830    0    0  (Gen:  0)
   537064    103128   8799488  0.002  0.000    5.811    0.831    0    0  (Gen:  0)
   520792     87536   8847296  0.002  0.000    5.814    0.831    0    0  (Gen:  0)
   521448    133328   8919336  0.001  0.000    5.816    0.832    0    0  (Gen:  0)
   521032    122832   8980376  0.002  0.000    5.819    0.832    0    0  (Gen:  0)
   520808    102464   9034096  0.003  0.000    5.825    0.833    0    0  (Gen:  0)
   521088    113112   9089448  0.002  0.000    5.828    0.834    0    0  (Gen:  0)
   521032    136264   9156976  0.002  0.000    5.831    0.834    0    0  (Gen:  0)
   520664    112712   9204296  0.003  0.000    5.835    0.835    0    0  (Gen:  0)
   521264    116136   9247968  0.003  0.000    5.839    0.835    0    0  (Gen:  0)
   520904     71792   9314184  0.002  0.000    5.841    0.836    0    0  (Gen:  0)
   520776    149472   9392512  0.002  0.000    5.844    0.836    0    0  (Gen:  0)
   537408    123064   9457408  0.002  0.000    5.847    0.837    0    0  (Gen:  0)
   520496    113312   9515744  0.002  0.000    5.850    0.837    0    0  (Gen:  0)
   520856    142256   9585872  0.047  0.004    5.899    0.842    0    0  (Gen:  0)
   520840    134960   9654768  0.002  0.000    5.902    0.843    0    0  (Gen:  0)
   520944    108840   9712616  0.003  0.000    5.906    0.843    0    0  (Gen:  0)
   521048    123048   9758976  0.003  0.000    5.909    0.844    0    0  (Gen:  0)
   520592    145592   9827600  0.002  0.000    5.912    0.844    0    0  (Gen:  0)
   520800    115368   9882000  0.003  0.000    5.916    0.845    0    0  (Gen:  0)
   521376    131512   9935328  0.003  0.000    5.920    0.846    0    0  (Gen:  0)
   520936    151104  10011824  0.002  0.000    5.923    0.846    0    0  (Gen:  0)
   521056    125848  10067456  0.003  0.000    5.927    0.847    0    0  (Gen:  0)
   521104    131440  10120936  0.003  0.000    5.931    0.847    0    0  (Gen:  0)
   521224    162328  10203808  0.002  0.000    5.934    0.848    0    0  (Gen:  0)
   520704    132384  10257792  0.003  0.000    5.939    0.849    0    0  (Gen:  0)
   520736    169120  10347032  0.003  0.000    5.944    0.849    0    0  (Gen:  0)
   520488    110648  10418592  0.002  0.000    5.948    0.850    0    0  (Gen:  0)
   521232    160336  10496016  0.002  0.000    5.952    0.851    0    0  (Gen:  0)
   520864    145600  10572320  0.002  0.000    5.956    0.851    0    0  (Gen:  0)
   520912    118608  10639624  0.003  0.000    5.960    0.852    0    0  (Gen:  0)
   520944    167904  10725080  0.002  0.000    5.964    0.853    0    0  (Gen:  0)
   520352    149216  10799984  0.002  0.000    5.968    0.853    0    0  (Gen:  0)
   521160    128880  10864712  0.003  0.000    5.973    0.854    0    0  (Gen:  0)
   521408    139848  10919448  0.003  0.000    5.978    0.855    0    0  (Gen:  0)
   537552    181032  11015616  0.002  0.000    5.982    0.856    0    0  (Gen:  0)
   521512    147680  11080552  0.003  0.000    5.987    0.856    0    0  (Gen:  0)
   521008    181824  11178408  0.002  0.000    5.991    0.857    0    0  (Gen:  0)
   520328    157384  11261688  0.002  0.000    5.995    0.858    0    0  (Gen:  0)
   520624    134584  11322344  0.003  0.000    6.000    0.858    0    0  (Gen:  0)
   520792    142040  11380648  0.003  0.000    6.005    0.859    0    0  (Gen:  0)
   521120    171448  11471856  0.003  0.000    6.009    0.860    0    0  (Gen:  0)
   520560   4924232   5901536  0.015  0.001    6.026    0.862    0    0  (Gen:  1)
   520128    182256   6002280  0.004  0.000    6.032    0.863    0    0  (Gen:  0)
   520712     96088   6082568  0.002  0.000    6.036    0.863    0    0  (Gen:  0)
   521224    168136   6163488  0.002  0.000    6.039    0.864    0    0  (Gen:  0)
   520896    143096   6236168  0.003  0.000    6.042    0.864    0    0  (Gen:  0)
   520720    124704   6313200  0.003  0.000    6.045    0.865    0    0  (Gen:  0)
   520560    185224   6411488  0.003  0.000    6.049    0.866    0    0  (Gen:  0)
   521360    150160   6490144  0.003  0.000    6.053    0.866    0    0  (Gen:  0)
   520784    117640   6559392  0.003  0.000    6.056    0.867    0    0  (Gen:  0)
   521248    169968   6644096  0.003  0.000    6.059    0.867    0    0  (Gen:  0)
   520352    157784   6725224  0.002  0.000    6.062    0.868    0    0  (Gen:  0)
   520672    130984   6793272  0.003  0.000    6.066    0.868    0    0  (Gen:  0)
   521200    172768   6880304  0.003  0.000    6.070    0.869    0    0  (Gen:  0)
   521064    165208   6961536  0.003  0.000    6.073    0.870    0    0  (Gen:  0)
   520832    133224   7030528  0.003  0.000    6.077    0.870    0    0  (Gen:  0)
   520544    149800   7090664  0.004  0.000    6.082    0.871    0    0  (Gen:  0)
   520872    191432   7197824  0.003  0.000    6.086    0.872    0    0  (Gen:  0)
   520792    139360   7264616  0.003  0.000    6.090    0.872    0    0  (Gen:  0)
   521208    192872   7368024  0.003  0.000    6.094    0.873    0    0  (Gen:  0)
   521232    144272   7456464  0.002  0.000    6.097    0.873    0    0  (Gen:  0)
   521032    140216   7524152  0.003  0.000    6.102    0.874    0    0  (Gen:  0)
   520488    153224   7588912  0.004  0.000    6.106    0.875    0    0  (Gen:  0)
   520368    180760   7678784  0.003  0.000    6.111    0.875    0    0  (Gen:  0)
   521264    149776   7745088  0.004  0.000    6.115    0.876    0    0  (Gen:  0)
   520408    155168   7808512  0.004  0.000    6.120    0.877    0    0  (Gen:  0)
   521048    181512   7901856  0.003  0.000    6.124    0.877    0    0  (Gen:  0)
   521136    157280   7968136  0.004  0.000    6.128    0.878    0    0  (Gen:  0)
   520872    194512   8073000  0.005  0.000    6.134    0.879    0    0  (Gen:  0)
   521112     30552   8091424  0.001  0.000    6.136    0.879    0    0  (Gen:  0)
   520432     63200   8130136  0.002  0.000    6.138    0.880    0    0  (Gen:  0)
   520128     70040   8167800  0.002  0.000    6.141    0.880    0    0  (Gen:  0)
   520368     58736   8194736  0.002  0.000    6.143    0.880    0    0  (Gen:  0)
   520680     71400   8219432  0.002  0.000    6.146    0.881    0    0  (Gen:  0)
   521864    100624   8272520  0.002  0.000    6.148    0.881    0    0  (Gen:  0)
   520856     82272   8303632  0.002  0.000    6.151    0.882    0    0  (Gen:  0)
   520408     96760   8344520  0.002  0.000    6.154    0.882    0    0  (Gen:  0)
   520856     74792   8392712  0.002  0.000    6.157    0.883    0    0  (Gen:  0)
   520600    119416   8452272  0.002  0.000    6.160    0.883    0    0  (Gen:  0)
   520608    113248   8508360  0.002  0.000    6.163    0.884    0    0  (Gen:  0)
   520976     90816   8551168  0.002  0.000    6.166    0.884    0    0  (Gen:  0)
   520912    144760   8635472  0.003  0.000    6.169    0.885    0    0  (Gen:  0)
   521136    111848   8703816  0.002  0.000    6.172    0.885    0    0  (Gen:  0)
   521080    102448   8749296  0.003  0.000    6.175    0.886    0    0  (Gen:  0)
   521032    108616   8789176  0.003  0.000    6.179    0.886    0    0  (Gen:  0)
   520792    138360   8859328  0.002  0.000    6.182    0.887    0    0  (Gen:  0)
   520944    111976   8903776  0.003  0.000    6.186    0.887    0    0  (Gen:  0)
   521256    126024   8959728  0.002  0.000    6.189    0.888    0    0  (Gen:  0)
   520720     97968   9019608  0.002  0.000    6.192    0.888    0    0  (Gen:  0)
   520728    143200   9089384  0.002  0.000    6.195    0.889    0    0  (Gen:  0)
   661088    127432   9155880  0.002  0.000    6.198    0.889    0    0  (Gen:  0)
   520472    101208   9213264  0.002  0.000    6.201    0.890    0    0  (Gen:  0)
   521376    151240   9292944  0.002  0.000    6.204    0.890    0    0  (Gen:  0)
   520624    137688   9362288  0.002  0.000    6.207    0.891    0    0  (Gen:  0)
   521080    115192   9419256  0.003  0.000    6.211    0.891    0    0  (Gen:  0)
   521000    124392   9466920  0.003  0.000    6.215    0.892    0    0  (Gen:  0)
   520504    156280   9546432  0.003  0.000    6.218    0.893    0    0  (Gen:  0)
   520680    114176   9599752  0.003  0.000    6.222    0.893    0    0  (Gen:  0)
   520840     93952   9689488  0.002  0.000    6.225    0.894    0    0  (Gen:  0)
   520192    137528   9767192  0.002  0.000    6.228    0.894    0    0  (Gen:  0)
   521320    128104   9822992  0.003  0.000    6.232    0.895    0    0  (Gen:  0)
   525328    137056   9883096  0.003  0.000    6.236    0.895    0    0  (Gen:  0)
   521256    107056   9955344  0.002  0.000    6.239    0.896    0    0  (Gen:  0)
   520408     93336  10044840  0.045  0.004    6.297    0.902    0    0  (Gen:  0)
   520496    125736  10114520  0.002  0.000    6.301    0.903    0    0  (Gen:  0)
   519992    120904  10185216  0.003  0.000    6.307    0.904    0    0  (Gen:  0)
   521456    160456  10263144  0.003  0.000    6.313    0.905    0    0  (Gen:  0)
   525624    147592  10340024  0.002  0.000    6.317    0.906    0    0  (Gen:  0)
   520792    116112  10405312  0.003  0.000    6.321    0.906    0    0  (Gen:  0)
   520984    162808  10486920  0.003  0.000    6.326    0.907    0    0  (Gen:  0)
   525224    153128  10561872  0.002  0.000    6.331    0.908    0    0  (Gen:  0)
   525000    125728  10625256  0.003  0.000    6.335    0.909    0    0  (Gen:  0)
   529032    140040  10681296  0.004  0.000    6.340    0.910    0    0  (Gen:  0)
   553960    184872  10782224  0.003  0.000    6.344    0.910    0    0  (Gen:  0)
   520928    133736  10845792  0.004  0.000    6.349    0.911    0    0  (Gen:  0)
   520992    181216  10943696  0.003  0.000    6.354    0.912    0    0  (Gen:  0)
   520536    150048  11025968  0.003  0.000    6.358    0.913    0    0  (Gen:  0)
   521120    136480  11086744  0.003  0.000    6.364    0.913    0    0  (Gen:  0)
   520856    141136  11143744  0.004  0.000    6.369    0.914    0    0  (Gen:  0)
   521528    166272  11228672  0.003  0.000    6.375    0.915    0    0  (Gen:  0)
   520400    143352  11287720  0.004  0.000    6.381    0.916    0    0  (Gen:  0)
   520144    173688  11377000  0.004  0.000    6.385    0.917    0    0  (Gen:  0)
   520976    112608  11454432  0.003  0.000    6.390    0.917    0    0  (Gen:  0)
   521160    169072  11536288  0.003  0.000    6.394    0.918    0    0  (Gen:  0)
   520976    147520  11611272  0.003  0.000    6.399    0.919    0    0  (Gen:  0)
   520912   5011104   5992752  0.015  0.001    6.415    0.921    0    0  (Gen:  1)
   520632    167104   6072888  0.003  0.000    6.421    0.921    0    0  (Gen:  0)
   521248    157288   6154320  0.003  0.000    6.425    0.922    0    0  (Gen:  0)
   520456    125248   6222768  0.003  0.000    6.430    0.923    0    0  (Gen:  0)
   521272    168136   6306256  0.004  0.000    6.435    0.924    0    0  (Gen:  0)
   521192    164208   6388176  0.003  0.000    6.439    0.924    0    0  (Gen:  0)
   520928    124176   6457072  0.003  0.000    6.445    0.925    0    0  (Gen:  0)
   520768    193552   6563904  0.004  0.000    6.450    0.926    0    0  (Gen:  0)
   520944    147232   6648736  0.003  0.000    6.453    0.927    0    0  (Gen:  0)
   521000    139712   6717552  0.003  0.000    6.457    0.927    0    0  (Gen:  0)
   520648    149472   6778008  0.004  0.000    6.462    0.928    0    0  (Gen:  0)
   521120    186120   6879736  0.003  0.000    6.466    0.929    0    0  (Gen:  0)
   520840    139904   6944056  0.004  0.000    6.470    0.929    0    0  (Gen:  0)
   520928    188944   7045728  0.003  0.000    6.475    0.930    0    0  (Gen:  0)
   521088    153792   7133968  0.003  0.000    6.479    0.931    0    0  (Gen:  0)
   520600    146464   7200824  0.004  0.000    6.483    0.931    0    0  (Gen:  0)
   521136    173424   7285320  0.002  0.000    6.487    0.932    0    0  (Gen:  0)
   520416    167632   7375384  0.003  0.000    6.491    0.932    0    0  (Gen:  0)
   520800    151760   7442328  0.004  0.000    6.495    0.933    0    0  (Gen:  0)
   521160    181272   7531224  0.003  0.000    6.499    0.934    0    0  (Gen:  0)
   520384    138368   7616152  0.003  0.000    6.503    0.934    0    0  (Gen:  0)
   520600    179112   7701840  0.003  0.000    6.507    0.935    0    0  (Gen:  0)
   520544    157504   7790880  0.004  0.000    6.512    0.936    0    0  (Gen:  0)
   520848     32312   7810112  0.002  0.000    6.514    0.936    0    0  (Gen:  0)
   521208     63248   7847680  0.002  0.000    6.516    0.937    0    0  (Gen:  0)
   520312     71280   7884896  0.002  0.000    6.519    0.937    0    0  (Gen:  0)
   520824     60192   7911184  0.002  0.000    6.521    0.937    0    0  (Gen:  0)
   520920     72072   7935976  0.002  0.000    6.524    0.938    0    0  (Gen:  0)
   520992    101288   7989424  0.002  0.000    6.527    0.938    0    0  (Gen:  0)
   520736     82104   8019488  0.002  0.000    6.530    0.939    0    0  (Gen:  0)
   520928     99256   8062672  0.002  0.000    6.532    0.939    0    0  (Gen:  0)
   521096     86192   8110552  0.002  0.000    6.535    0.940    0    0  (Gen:  0)
   521008    120440   8170232  0.002  0.000    6.538    0.940    0    0  (Gen:  0)
   521288    117992   8226704  0.002  0.000    6.541    0.941    0    0  (Gen:  0)
   521096     93576   8267880  0.003  0.000    6.544    0.941    0    0  (Gen:  0)
   520784    141200   8348248  0.002  0.000    6.547    0.942    0    0  (Gen:  0)
   520768    127192   8416232  0.002  0.000    6.552    0.942    0    0  (Gen:  0)
   521344    105352   8460496  0.003  0.000    6.555    0.943    0    0  (Gen:  0)
   520488    113640   8504344  0.003  0.000    6.559    0.944    0    0  (Gen:  0)
   520832     69432   8566336  0.002  0.000    6.562    0.944    0    0  (Gen:  0)
   520808    132840   8630704  0.002  0.000    6.565    0.945    0    0  (Gen:  0)
   520856    117664   8693272  0.002  0.000    6.568    0.945    0    0  (Gen:  0)
   520888     95520   8751688  0.003  0.000    6.571    0.946    0    0  (Gen:  0)
   521176    143232   8822384  0.003  0.000    6.575    0.946    0    0  (Gen:  0)
   520680    135864   8889624  0.002  0.000    6.578    0.947    0    0  (Gen:  0)
   521504    115456   8944072  0.003  0.000    6.582    0.947    0    0  (Gen:  0)
   520848    164448   9035000  0.003  0.000    6.585    0.948    0    0  (Gen:  0)
   520824    146952   9108592  0.003  0.000    6.589    0.949    0    0  (Gen:  0)
   521136    119128   9162736  0.003  0.000    6.593    0.949    0    0  (Gen:  0)
   521312    123200   9211472  0.003  0.000    6.597    0.950    0    0  (Gen:  0)
   520776    153936   9290672  0.003  0.000    6.601    0.950    0    0  (Gen:  0)
   521008    122936   9345480  0.003  0.000    6.605    0.951    0    0  (Gen:  0)
   521144    134856   9401848  0.003  0.000    6.609    0.952    0    0  (Gen:  0)
   520920     87440   9473056  0.002  0.000    6.612    0.952    0    0  (Gen:  0)
   521120    156168   9549312  0.002  0.000    6.615    0.953    0    0  (Gen:  0)
   521328    136680   9620224  0.002  0.000    6.620    0.953    0    0  (Gen:  0)
   521232    107680   9684672  0.003  0.000    6.623    0.954    0    0  (Gen:  0)
   520592    158640   9765648  0.003  0.000    6.626    0.955    0    0  (Gen:  0)
   520632    143448   9839584  0.003  0.000    6.630    0.955    0    0  (Gen:  0)
   520208    112840   9903752  0.003  0.000    6.634    0.956    0    0  (Gen:  0)
   521688    159064   9982400  0.003  0.000    6.637    0.956    0    0  (Gen:  0)
   520672    160280  10061112  0.003  0.000    6.641    0.957    0    0  (Gen:  0)
   520944    126072  10124120  0.003  0.000    6.645    0.958    0    0  (Gen:  0)
   520768    177800  10219248  0.003  0.000    6.649    0.958    0    0  (Gen:  0)
   520440    135008  10301088  0.002  0.000    6.652    0.959    0    0  (Gen:  0)
   521128    127832  10360400  0.003  0.000    6.656    0.959    0    0  (Gen:  0)
   521184    140440  10418672  0.002  0.000    6.661    0.960    0    0  (Gen:  0)
   673616    164720  10498712  0.002  0.000    6.664    0.961    0    0  (Gen:  0)
   520832    134040  10558032  0.002  0.000    6.668    0.961    0    0  (Gen:  0)
   521248    160488  10635872  0.002  0.000    6.672    0.962    0    0  (Gen:  0)
   521240    158328  10717800  0.002  0.000    6.675    0.963    0    0  (Gen:  0)
   521040    138528  10776712  0.003  0.000    6.680    0.963    0    0  (Gen:  0)
   521000    148360  10840712  0.003  0.000    6.684    0.964    0    0  (Gen:  0)
   521384     95864  10917176  0.002  0.000    6.688    0.965    0    0  (Gen:  0)
   520248    174448  11006736  0.003  0.000    6.693    0.965    0    0  (Gen:  0)
   520376    146264  11082200  0.003  0.000    6.696    0.966    0    0  (Gen:  0)
   520760    119592  11156064  0.003  0.000    6.700    0.967    0    0  (Gen:  0)
   521144    169840  11238000  0.003  0.000    6.703    0.967    0    0  (Gen:  0)
   521120    156192  11315184  0.003  0.000    6.707    0.968    0    0  (Gen:  0)
   520808    123088  11385576  0.004  0.000    6.712    0.969    0    0  (Gen:  0)
   520792    171032  11469800  0.003  0.000    6.715    0.969    0    0  (Gen:  0)
   521248    161624  11550464  0.003  0.000    6.719    0.970    0    0  (Gen:  0)
   520432    131816  11617576  0.003  0.000    6.723    0.971    0    0  (Gen:  0)
   521192    148216  11679320  0.004  0.000    6.728    0.971    0    0  (Gen:  0)
   521192    168464  11762168  0.002  0.000    6.731    0.972    0    0  (Gen:  0)
   521112   5119184   6100832  0.017  0.001    6.749    0.974    0    0  (Gen:  1)
   520608    148424   6159792  0.004  0.000    6.754    0.975    0    0  (Gen:  0)
   521024    180368   6252504  0.002  0.000    6.758    0.975    0    0  (Gen:  0)
   520768    140680   6318264  0.004  0.000    6.762    0.976    0    0  (Gen:  0)
   520776    180896   6411440  0.003  0.000    6.765    0.976    0    0  (Gen:  0)
   566144    155952   6502360  0.002  0.000    6.768    0.977    0    0  (Gen:  0)
   520256    144384   6565744  0.003  0.000    6.773    0.978    0    0  (Gen:  0)
   520792    191968   6669224  0.002  0.000    6.776    0.978    0    0  (Gen:  0)
   520688    161824   6756384  0.002  0.000    6.779    0.979    0    0  (Gen:  0)
   520768    148744   6821344  0.004  0.000    6.784    0.979    0    0  (Gen:  0)
   520928    178384   6912056  0.004  0.000    6.789    0.980    0    0  (Gen:  0)
   521136    104608   6994720  0.002  0.000    6.792    0.981    0    0  (Gen:  0)
   520832    190232   7095640  0.003  0.000    6.795    0.981    0    0  (Gen:  0)
   520960    144624   7172064  0.002  0.000    6.798    0.982    0    0  (Gen:  0)
   520544    143368   7254536  0.003  0.000    6.802    0.982    0    0  (Gen:  0)
   520648    195368   7356904  0.002  0.000    6.805    0.983    0    0  (Gen:  0)
   520808    149696   7425000  0.004  0.000    6.809    0.984    0    0  (Gen:  0)
   520976     33864   7443768  0.001  0.000    6.811    0.984    0    0  (Gen:  0)
   520512     61632   7479232  0.001  0.000    6.813    0.984    0    0  (Gen:  0)
   520840     74664   7518616  0.001  0.000    6.815    0.985    0    0  (Gen:  0)
   520400     63080   7543664  0.002  0.000    6.818    0.985    0    0  (Gen:  0)
   520984     77072   7573056  0.002  0.000    6.821    0.986    0    0  (Gen:  0)
   521624     55360   7620272  0.002  0.000    6.823    0.986    0    0  (Gen:  0)
   520864    122912   7690120  0.002  0.000    6.826    0.987    0    0  (Gen:  0)
   520504    102576   7740112  0.002  0.000    6.828    0.987    0    0  (Gen:  0)
   520568     91240   7784344  0.002  0.000    6.831    0.987    0    0  (Gen:  0)
   520656     95392   7819304  0.003  0.000    6.835    0.988    0    0  (Gen:  0)
   520744    134208   7892800  0.002  0.000    6.837    0.988    0    0  (Gen:  0)
   521000     92952   7931744  0.003  0.000    6.841    0.989    0    0  (Gen:  0)
   521016    140984   8011160  0.002  0.000    6.844    0.989    0    0  (Gen:  0)
   520824    126088   8078536  0.002  0.000    6.846    0.990    0    0  (Gen:  0)
   521240    107592   8120744  0.003  0.000    6.850    0.991    0    0  (Gen:  0)
   520952    119176   8171240  0.002  0.000    6.853    0.991    0    0  (Gen:  0)
   521144     98480   8230864  0.002  0.000    6.856    0.991    0    0  (Gen:  0)
   520976    147944   8310600  0.002  0.000    6.859    0.992    0    0  (Gen:  0)
   521160    134824   8387016  0.002  0.000    6.861    0.992    0    0  (Gen:  0)
   520344    104632   8442368  0.002  0.000    6.864    0.993    0    0  (Gen:  0)
   521328    145192   8515144  0.002  0.000    6.868    0.994    0    0  (Gen:  0)
   701728    134760   8582696  0.002  0.000    6.870    0.994    0    0  (Gen:  0)
   520816    106048   8637648  0.003  0.000    6.874    0.995    0    0  (Gen:  0)
   521120    163080   8727696  0.002  0.000    6.878    0.995    0    0  (Gen:  0)
   520848    129824   8801912  0.002  0.000    6.881    0.996    0    0  (Gen:  0)
   520744    121800   8856400  0.003  0.000    6.884    0.996    0    0  (Gen:  0)
   521024    123176   8904656  0.003  0.000    6.888    0.997    0    0  (Gen:  0)
   520616    149064   8978008  0.002  0.000    6.891    0.997    0    0  (Gen:  0)
   521296    120552   9031632  0.003  0.000    6.895    0.998    0    0  (Gen:  0)
   521104    166464   9120832  0.002  0.000    6.898    0.998    0    0  (Gen:  0)
   520640    139312   9191312  0.002  0.000    6.901    0.999    0    0  (Gen:  0)
   520944    155384   9267832  0.002  0.000    6.904    1.000    0    0  (Gen:  0)
   520688    134688   9337944  0.002  0.000    6.907    1.000    0    0  (Gen:  0)
   520656    115928   9402192  0.003  0.000    6.910    1.001    0    0  (Gen:  0)
   520448    153848   9478576  0.002  0.000    6.913    1.001    0    0  (Gen:  0)
   521008    144400   9552104  0.002  0.000    6.916    1.002    0    0  (Gen:  0)
   519960    122528   9618016  0.003  0.000    6.920    1.002    0    0  (Gen:  0)
   520352    162792   9700336  0.003  0.000    6.924    1.003    0    0  (Gen:  0)
   521144    158448   9779320  0.002  0.000    6.927    1.003    0    0  (Gen:  0)
   520720    130320   9843536  0.003  0.000    6.931    1.004    0    0  (Gen:  0)
   520672    139464   9898920  0.003  0.000    6.935    1.005    0    0  (Gen:  0)
   520920    174920   9993072  0.002  0.000    6.939    1.005    0    0  (Gen:  0)
   520864    131704  10052568  0.003  0.000    6.943    1.006    0    0  (Gen:  0)
   520624    141256  10110304  0.003  0.000    6.947    1.007    0    0  (Gen:  0)
   537152    168352  10193880  0.003  0.000    6.951    1.007    0    0  (Gen:  0)
   521104    139328  10253888  0.004  0.000    6.955    1.008    0    0  (Gen:  0)
   520304    174256  10345680  0.003  0.000    6.958    1.008    0    0  (Gen:  0)
   520888    145448  10424792  0.002  0.000    6.961    1.009    0    0  (Gen:  0)
   520872    139608  10483280  0.003  0.000    6.966    1.010    0    0  (Gen:  0)
   520432    171216  10571016  0.003  0.000    6.971    1.010    0    0  (Gen:  0)
   520592    115664  10645208  0.003  0.000    6.974    1.011    0    0  (Gen:  0)
   521264    101856  10742952  0.002  0.000    6.977    1.011    0    0  (Gen:  0)
   521264    148080  10821008  0.002  0.000    6.980    1.012    0    0  (Gen:  0)
   520592    133592  10893144  0.003  0.000    6.984    1.013    0    0  (Gen:  0)
   520752    180592  10987448  0.002  0.000    6.987    1.013    0    0  (Gen:  0)
   521120    153944  11065920  0.002  0.000    6.990    1.014    0    0  (Gen:  0)
   520744    127136  11133744  0.003  0.000    6.994    1.014    0    0  (Gen:  0)
   521248    170312  11219208  0.023  0.002    7.018    1.017    0    0  (Gen:  0)
   520264    165784  11300968  0.003  0.000    7.021    1.017    0    0  (Gen:  0)
   521208    140968  11368096  0.003  0.000    7.025    1.018    0    0  (Gen:  0)
   520544    148432  11429552  0.004  0.000    7.030    1.019    0    0  (Gen:  0)
   521240    169456  11512688  0.002  0.000    7.033    1.019    0    0  (Gen:  0)
   520776    135920  11578592  0.003  0.000    7.037    1.020    0    0  (Gen:  0)
   521456    146688  11636088  0.004  0.000    7.042    1.021    0    0  (Gen:  0)
   520512    181808  11731968  0.002  0.000    7.045    1.021    0    0  (Gen:  0)
   521144    142200  11797160  0.003  0.000    7.050    1.022    0    0  (Gen:  0)
   520928    148512  11857000  0.004  0.000    7.054    1.023    0    0  (Gen:  0)
   520512    175704  11947344  0.002  0.000    7.058    1.023    0    0  (Gen:  0)
   520136    146896  12010344  0.003  0.000    7.062    1.024    0    0  (Gen:  0)
   520920   5244288   6230024  0.018  0.001    7.081    1.026    0    0  (Gen:  1)
   520392    154944   6292816  0.004  0.000    7.086    1.027    0    0  (Gen:  0)
   521032    183920   6388368  0.002  0.000    7.089    1.027    0    0  (Gen:  0)
   520992    149288   6468512  0.002  0.000    7.092    1.028    0    0  (Gen:  0)
   521208    111640   6547616  0.003  0.000    7.096    1.029    0    0  (Gen:  0)
   520584    189352   6647224  0.002  0.000    7.099    1.029    0    0  (Gen:  0)
   520792    162344   6725424  0.002  0.000    7.103    1.030    0    0  (Gen:  0)
   520760    123784   6805904  0.003  0.000    7.107    1.030    0    0  (Gen:  0)
   520544    181912   6893632  0.002  0.000    7.110    1.031    0    0  (Gen:  0)
   521016    140296   6954624  0.003  0.000    7.114    1.032    0    0  (Gen:  0)
   521064     35408   6976328  0.002  0.000    7.116    1.032    0    0  (Gen:  0)
   521408     58968   7030744  0.002  0.000    7.119    1.032    0    0  (Gen:  0)
   520704     69368   7072056  0.002  0.000    7.121    1.033    0    0  (Gen:  0)
   520312     65152   7097496  0.002  0.000    7.124    1.033    0    0  (Gen:  0)
   521200     82384   7131048  0.002  0.000    7.126    1.034    0    0  (Gen:  0)
   521512     77064   7174744  0.002  0.000    7.129    1.034    0    0  (Gen:  0)
   520888    119832   7241296  0.002  0.000    7.131    1.034    0    0  (Gen:  0)
   520352    103104   7293400  0.002  0.000    7.133    1.035    0    0  (Gen:  0)
   520872     85144   7336848  0.002  0.000    7.136    1.035    0    0  (Gen:  0)
   520504     96168   7372032  0.002  0.000    7.139    1.036    0    0  (Gen:  0)
   520792    130872   7442600  0.002  0.000    7.141    1.036    0    0  (Gen:  0)
   521000     94048   7479560  0.002  0.000    7.145    1.037    0    0  (Gen:  0)
   520872    123776   7540936  0.002  0.000    7.147    1.037    0    0  (Gen:  0)
   521016    121592   7608936  0.002  0.000    7.150    1.038    0    0  (Gen:  0)
   521184    106704   7650016  0.003  0.000    7.153    1.038    0    0  (Gen:  0)
   520928    143304   7725744  0.002  0.000    7.156    1.039    0    0  (Gen:  0)
   521192    104616   7781768  0.002  0.000    7.159    1.039    0    0  (Gen:  0)
   521024    144904   7857904  0.002  0.000    7.161    1.040    0    0  (Gen:  0)
   521120    128552   7923816  0.002  0.000    7.164    1.040    0    0  (Gen:  0)
   520360    104288   7978136  0.003  0.000    7.168    1.041    0    0  (Gen:  0)
   521192    118936   8022608  0.003  0.000    7.171    1.041    0    0  (Gen:  0)
   520880    155776   8106408  0.002  0.000    7.175    1.042    0    0  (Gen:  0)
   520976    110416   8156688  0.003  0.000    7.178    1.043    0    0  (Gen:  0)
   521016    153280   8237112  0.002  0.000    7.181    1.043    0    0  (Gen:  0)
   520784    137344   8309824  0.002  0.000    7.184    1.044    0    0  (Gen:  0)
   521136    119640   8360120  0.003  0.000    7.187    1.044    0    0  (Gen:  0)
   520856    128136   8414400  0.002  0.000    7.191    1.045    0    0  (Gen:  0)
   520696     98400   8479840  0.002  0.000    7.194    1.045    0    0  (Gen:  0)
   521056    146832   8552624  0.002  0.000    7.197    1.046    0    0  (Gen:  0)
   521176    146856   8635760  0.002  0.000    7.201    1.046    0    0  (Gen:  0)
   520552    126080   8702864  0.003  0.000    7.205    1.047    0    0  (Gen:  0)
   520808    156184   8779336  0.003  0.000    7.209    1.048    0    0  (Gen:  0)
   520912    146088   8853776  0.002  0.000    7.213    1.048    0    0  (Gen:  0)
   520544    109392   8913384  0.003  0.000    7.217    1.049    0    0  (Gen:  0)
   520424    147864   8983528  0.002  0.000    7.221    1.049    0    0  (Gen:  0)
   520720    134416   9072040  0.002  0.000    7.224    1.050    0    0  (Gen:  0)
   520432    125352   9135896  0.003  0.000    7.229    1.051    0    0  (Gen:  0)
   520288    138400   9191232  0.004  0.000    7.234    1.052    0    0  (Gen:  0)
   521160    164480   9271352  0.003  0.000    7.238    1.052    0    0  (Gen:  0)
   520656    128840   9331656  0.004  0.000    7.242    1.053    0    0  (Gen:  0)
   520920    138392   9385232  0.004  0.000    7.247    1.054    0    0  (Gen:  0)
   520592    161616   9467168  0.003  0.000    7.251    1.054    0    0  (Gen:  0)
   520736    132992   9523616  0.004  0.000    7.255    1.055    0    0  (Gen:  0)
   561944    144920   9587392  0.003  0.000    7.260    1.056    0    0  (Gen:  0)
   521496    113152   9664064  0.002  0.000    7.264    1.056    0    0  (Gen:  0)
   520864     99928   9759864  0.002  0.000    7.267    1.057    0    0  (Gen:  0)
   520392    133208   9830096  0.002  0.000    7.272    1.057    0    0  (Gen:  0)
   520976    102728   9901344  0.002  0.000    7.276    1.058    0    0  (Gen:  0)
   520880    162344   9980864  0.003  0.000    7.280    1.059    0    0  (Gen:  0)
   520272    147128  10055928  0.002  0.000    7.284    1.059    0    0  (Gen:  0)
   520808    118832  10126248  0.003  0.000    7.288    1.060    0    0  (Gen:  0)
   521176    175952  10217240  0.002  0.000    7.292    1.061    0    0  (Gen:  0)
   521264    160608  10297048  0.002  0.000    7.296    1.061    0    0  (Gen:  0)
   520464    132800  10367104  0.003  0.000    7.301    1.062    0    0  (Gen:  0)
   520952    147704  10425976  0.004  0.000    7.306    1.063    0    0  (Gen:  0)
   521048    180272  10520736  0.002  0.000    7.310    1.064    0    0  (Gen:  0)
   520752    135616  10585128  0.003  0.000    7.315    1.064    0    0  (Gen:  0)
   521312    185824  10686712  0.003  0.000    7.319    1.065    0    0  (Gen:  0)
   520440    144328  10773400  0.002  0.000    7.323    1.066    0    0  (Gen:  0)
   521160    137592  10838936  0.006  0.001    7.331    1.067    0    0  (Gen:  0)
   520496    148424  10898736  0.004  0.000    7.336    1.068    0    0  (Gen:  0)
   521120    172464  10985328  0.003  0.000    7.341    1.068    0    0  (Gen:  0)
   520680    142968  11048032  0.004  0.000    7.346    1.069    0    0  (Gen:  0)
   521640    148032  11104984  0.004  0.000    7.352    1.070    0    0  (Gen:  0)
   520512    174312  11193312  0.003  0.000    7.356    1.071    0    0  (Gen:  0)
   520928    149672  11258048  0.004  0.000    7.367    1.072    0    0  (Gen:  0)
   525112    177216  11346784  0.003  0.000    7.372    1.073    0    0  (Gen:  0)
   520000    129520  11426992  0.003  0.000    7.377    1.074    0    0  (Gen:  0)
   520800    180664  11519040  0.002  0.000    7.380    1.075    0    0  (Gen:  0)
   520992    153792  11598104  0.002  0.000    7.383    1.075    0    0  (Gen:  0)
   520968    140080  11673936  0.003  0.000    7.387    1.076    0    0  (Gen:  0)
   521016    175144  11759416  0.003  0.000    7.392    1.077    0    0  (Gen:  0)
   520984    162832  11843344  0.003  0.000    7.397    1.078    0    0  (Gen:  0)
   521088    120360  11916712  0.003  0.000    7.402    1.079    0    0  (Gen:  0)
   520576    181232  12009072  0.003  0.000    7.407    1.079    0    0  (Gen:  0)
   520920    162424  12090200  0.002  0.000    7.411    1.080    0    0  (Gen:  0)
   520712    128920  12167224  0.003  0.000    7.416    1.081    0    0  (Gen:  0)
   520488    182936  12257232  0.003  0.000    7.421    1.082    0    0  (Gen:  0)
   524544   4005920   4991672  0.013  0.001    7.436    1.083    0    0  (Gen:  1)
   521328     40192   5010800  0.002  0.000    7.439    1.084    0    0  (Gen:  0)
   521296     78904   5060264  0.002  0.000    7.442    1.084    0    0  (Gen:  0)
   520544     76296   5101160  0.002  0.000    7.445    1.085    0    0  (Gen:  0)
   520392     66496   5126560  0.002  0.000    7.449    1.085    0    0  (Gen:  0)
   521440    110424   5188720  0.002  0.000    7.453    1.086    0    0  (Gen:  0)
   521448     78120   5226936  0.002  0.000    7.457    1.087    0    0  (Gen:  0)
   520616    108280   5280488  0.002  0.000    7.460    1.087    0    0  (Gen:  0)
   520552    107968   5334256  0.002  0.000    7.463    1.088    0    0  (Gen:  0)
   520616     88328   5376248  0.002  0.000    7.467    1.088    0    0  (Gen:  0)
   520696     96312   5410960  0.003  0.000    7.472    1.089    0    0  (Gen:  0)
   520704    128944   5481784  0.002  0.000    7.475    1.090    0    0  (Gen:  0)
   521232     97104   5517912  0.003  0.000    7.480    1.090    0    0  (Gen:  0)
   520800    135440   5589112  0.002  0.000    7.483    1.091    0    0  (Gen:  0)
   520888    111528   5644000  0.002  0.000    7.487    1.091    0    0  (Gen:  0)
   521288    140112   5718360  0.002  0.000    7.490    1.092    0    0  (Gen:  0)
   520792    132712   5795576  0.003  0.000    7.494    1.093    0    0  (Gen:  0)
   521040     95200   5846272  0.002  0.000    7.498    1.093    0    0  (Gen:  0)
   521008    112440   5889720  0.003  0.000    7.503    1.094    0    0  (Gen:  0)
   521336    146640   5967408  0.002  0.000    7.507    1.095    0    0  (Gen:  0)
   520440    110936   6019960  0.003  0.000    7.511    1.095    0    0  (Gen:  0)
   521112    118280   6064328  0.003  0.000    7.516    1.096    0    0  (Gen:  0)
   673232    142208   6134024  0.002  0.000    7.519    1.097    0    0  (Gen:  0)
   520440    109576   6181608  0.003  0.000    7.524    1.097    0    0  (Gen:  0)
   521352    155064   6264768  0.002  0.000    7.527    1.098    0    0  (Gen:  0)
   521136    132624   6339424  0.002  0.000    7.533    1.099    0    0  (Gen:  0)
   520984    122376   6388072  0.003  0.000    7.537    1.099    0    0  (Gen:  0)
   520296    154984   6467824  0.002  0.000    7.541    1.100    0    0  (Gen:  0)
   520296    117280   6530472  0.002  0.000    7.545    1.101    0    0  (Gen:  0)
   520504     95240   6621624  0.002  0.000    7.550    1.101    0    0  (Gen:  0)
   520848    128736   6688608  0.002  0.000    7.554    1.102    0    0  (Gen:  0)
   520784    125808   6753856  0.003  0.000    7.558    1.103    0    0  (Gen:  0)
   520792    158904   6833712  0.002  0.000    7.562    1.103    0    0  (Gen:  0)
   525112    151032   6909600  0.003  0.000    7.567    1.104    0    0  (Gen:  0)
   520944    117032   6968448  0.003  0.000    7.572    1.105    0    0  (Gen:  0)
   520448    174560   7066064  0.002  0.000    7.576    1.106    0    0  (Gen:  0)
   520776    148440   7145872  0.002  0.000    7.580    1.106    0    0  (Gen:  0)
   520424    131088   7209680  0.003  0.000    7.585    1.107    0    0  (Gen:  0)
   520216    137184   7262584  0.004  0.000    7.590    1.108    0    0  (Gen:  0)
   525168    164744   7344296  0.002  0.000    7.594    1.108    0    0  (Gen:  0)
   520776    134720   7404040  0.003  0.000    7.599    1.109    0    0  (Gen:  0)
   520808    176904   7497608  0.002  0.000    7.603    1.110    0    0  (Gen:  0)
   525040    157816   7580656  0.002  0.000    7.607    1.111    0    0  (Gen:  0)
   525216    136832   7636560  0.003  0.000    7.613    1.111    0    0  (Gen:  0)
   566160    149520   7704144  0.003  0.000    7.617    1.112    0    0  (Gen:  0)
   521216    103144   7778208  0.002  0.000    7.621    1.113    0    0  (Gen:  0)
   521128    176520   7873408  0.002  0.000    7.625    1.113    0    0  (Gen:  0)
   520504    141744   7945432  0.002  0.000    7.629    1.114    0    0  (Gen:  0)
   520984    132632   8014360  0.003  0.000    7.634    1.115    0    0  (Gen:  0)
   521144     97456   8107592  0.002  0.000    7.638    1.115    0    0  (Gen:  0)
   520696    150304   8183288  0.002  0.000    7.641    1.116    0    0  (Gen:  0)
   520808    124984   8252064  0.003  0.000    7.646    1.117    0    0  (Gen:  0)
   520520    170680   8337200  0.002  0.000    7.650    1.118    0    0  (Gen:  0)
   521296    164832   8418408  0.002  0.000    7.654    1.118    0    0  (Gen:  0)
   520736    133064   8486152  0.003  0.000    7.659    1.119    0    0  (Gen:  0)
   521256    147312   8546264  0.004  0.000    7.664    1.120    0    0  (Gen:  0)
   521120    182216   8644584  0.002  0.000    7.669    1.120    0    0  (Gen:  0)
   520384    133448   8707880  0.003  0.000    7.673    1.121    0    0  (Gen:  0)
   521264    185560   8808304  0.002  0.000    7.677    1.122    0    0  (Gen:  0)
   521392    162192   8895016  0.002  0.000    7.681    1.123    0    0  (Gen:  0)
   520616    141992   8960248  0.003  0.000    7.686    1.123    0    0  (Gen:  0)
   520880    148896   9019280  0.004  0.000    7.691    1.124    0    0  (Gen:  0)
   520384    174168   9107928  0.002  0.000    7.695    1.125    0    0  (Gen:  0)
   520928    146648   9168136  0.003  0.000    7.701    1.126    0    0  (Gen:  0)
   521280    184224   9263712  0.002  0.000    7.705    1.126    0    0  (Gen:  0)
   520464    140520   9342320  0.002  0.000    7.709    1.127    0    0  (Gen:  0)
   520992    168704   9423432  0.002  0.000    7.713    1.128    0    0  (Gen:  0)
   520824    145088   9502848  0.003  0.000    7.717    1.128    0    0  (Gen:  0)
   520408    115712   9579208  0.003  0.000    7.722    1.129    0    0  (Gen:  0)
   520264    180808   9672064  0.002  0.000    7.726    1.130    0    0  (Gen:  0)
   521184    160672   9753360  0.003  0.000    7.730    1.130    0    0  (Gen:  0)
   521256    124800   9826960  0.003  0.000    7.734    1.131    0    0  (Gen:  0)
   520760    177672   9914920  0.003  0.000    7.739    1.132    0    0  (Gen:  0)
   520232    163208   9997904  0.002  0.000    7.743    1.133    0    0  (Gen:  0)
   520576   5317240   6302824  0.016  0.001    7.761    1.134    0    0  (Gen:  1)
   521096    177632   6391096  0.002  0.000    7.765    1.135    0    0  (Gen:  0)
   520432    168064   6473432  0.002  0.000    7.768    1.136    0    0  (Gen:  0)
   520488    136888   6549640  0.003  0.000    7.771    1.136    0    0  (Gen:  0)
   521040    157736   6612432  0.004  0.000    7.776    1.137    0    0  (Gen:  0)
   520744    155376   6676648  0.003  0.000    7.780    1.138    0    0  (Gen:  0)
   521392     41200   6696448  0.002  0.000    7.783    1.138    0    0  (Gen:  0)
   521104     77848   6745104  0.003  0.000    7.786    1.139    0    0  (Gen:  0)
   520712     43440   6782448  0.002  0.000    7.788    1.139    0    0  (Gen:  0)
   520272     87712   6827312  0.002  0.000    7.790    1.139    0    0  (Gen:  0)
   521672     87240   6871256  0.001  0.000    7.792    1.140    0    0  (Gen:  0)
   521160     76096   6910152  0.002  0.000    7.795    1.140    0    0  (Gen:  0)
   520664     85640   6939288  0.002  0.000    7.798    1.141    0    0  (Gen:  0)
   520384    119656   7002552  0.002  0.000    7.800    1.141    0    0  (Gen:  0)
   520952     89768   7040944  0.002  0.000    7.803    1.142    0    0  (Gen:  0)
   520600     96904   7076624  0.002  0.000    7.806    1.142    0    0  (Gen:  0)
   660584    122456   7143632  0.002  0.000    7.810    1.143    0    0  (Gen:  0)
   520696     97040   7181584  0.003  0.000    7.814    1.143    0    0  (Gen:  0)
   520536    143192   7261376  0.002  0.000    7.817    1.144    0    0  (Gen:  0)
   520808    110608   7316840  0.002  0.000    7.821    1.145    0    0  (Gen:  0)
   521248    137720   7388432  0.002  0.000    7.824    1.145    0    0  (Gen:  0)
   524696    125920   7451448  0.002  0.000    7.828    1.146    0    0  (Gen:  0)
   521072     98208   7503224  0.002  0.000    7.832    1.146    0    0  (Gen:  0)
   521000     75560   7574912  0.002  0.000    7.836    1.147    0    0  (Gen:  0)
   524696    133496   7640448  0.002  0.000    7.839    1.147    0    0  (Gen:  0)
   525152    112440   7694112  0.003  0.000    7.844    1.148    0    0  (Gen:  0)
   528848    116960   7736312  0.003  0.000    7.848    1.149    0    0  (Gen:  0)
   557408    144064   7808888  0.002  0.000    7.852    1.149    0    0  (Gen:  0)
   520600    112648   7856256  0.003  0.000    7.856    1.150    0    0  (Gen:  0)
   521104    157328   7941888  0.004  0.000    7.862    1.151    0    0  (Gen:  0)
   520672     73464   8011072  0.002  0.000    7.865    1.151    0    0  (Gen:  0)
   521400    156584   8095528  0.002  0.000    7.869    1.152    0    0  (Gen:  0)
   520016    120000   8160248  0.002  0.000    7.873    1.153    0    0  (Gen:  0)
   520568     99640   8221080  0.002  0.000    7.877    1.153    0    0  (Gen:  0)
   520896    156440   8303264  0.002  0.000    7.881    1.154    0    0  (Gen:  0)
   520600    135552   8373272  0.002  0.000    7.884    1.155    0    0  (Gen:  0)
   521000    122160   8436792  0.003  0.000    7.889    1.155    0    0  (Gen:  0)
   520984    156856   8514712  0.002  0.000    7.892    1.156    0    0  (Gen:  0)
   520864    153856   8592424  0.002  0.000    7.896    1.156    0    0  (Gen:  0)
   520928    116376   8649504  0.003  0.000    7.901    1.157    0    0  (Gen:  0)
   521488    170432   8742064  0.002  0.000    7.904    1.158    0    0  (Gen:  0)
   521112    154008   8823352  0.002  0.000    7.908    1.158    0    0  (Gen:  0)
   520448    134024   8885360  0.003  0.000    7.913    1.159    0    0  (Gen:  0)
   520520    138072   8940600  0.003  0.000    7.918    1.160    0    0  (Gen:  0)
   521496    165480   9021544  0.002  0.000    7.922    1.160    0    0  (Gen:  0)
   520344    134736   9081056  0.003  0.000    7.927    1.161    0    0  (Gen:  0)
   520856    142112   9138456  0.003  0.000    7.931    1.162    0    0  (Gen:  0)
   520696     87320   9214536  0.002  0.000    7.935    1.162    0    0  (Gen:  0)
   520840    173096   9304992  0.002  0.000    7.939    1.163    0    0  (Gen:  0)
   537384    151536   9380880  0.002  0.000    7.943    1.164    0    0  (Gen:  0)
   521296    137912   9452480  0.003  0.000    7.947    1.164    0    0  (Gen:  0)
   520736    176712   9547312  0.002  0.000    7.951    1.165    0    0  (Gen:  0)
   521560    149016   9620808  0.002  0.000    7.955    1.166    0    0  (Gen:  0)
   520416    117200   9686064  0.003  0.000    7.960    1.166    0    0  (Gen:  0)
   521088    164088   9768256  0.002  0.000    7.964    1.167    0    0  (Gen:  0)
   520504    154072   9844592  0.002  0.000    7.968    1.168    0    0  (Gen:  0)
   520256    126768   9912128  0.003  0.000    7.973    1.168    0    0  (Gen:  0)
   520736    143024   9968880  0.003  0.000    7.978    1.169    0    0  (Gen:  0)
   521192    179368  10063840  0.002  0.000    7.982    1.170    0    0  (Gen:  0)
   520744    138392  10130168  0.003  0.000    7.987    1.171    0    0  (Gen:  0)
   521184    146600  10189848  0.004  0.000    7.992    1.171    0    0  (Gen:  0)
   520664    168616  10274992  0.002  0.000    7.996    1.172    0    0  (Gen:  0)
   520656    135208  10336192  0.003  0.000    8.002    1.173    0    0  (Gen:  0)
   521136    184704  10436392  0.002  0.000    8.006    1.174    0    0  (Gen:  0)
   521048    168144  10522240  0.002  0.000    8.010    1.174    0    0  (Gen:  0)
   520800    143168  10585144  0.003  0.000    8.015    1.175    0    0  (Gen:  0)
   521088    152008  10647664  0.003  0.000    8.020    1.176    0    0  (Gen:  0)
   520712    145296  10731112  0.002  0.000    8.024    1.176    0    0  (Gen:  0)
   520944    186280  10832504  0.002  0.000    8.028    1.177    0    0  (Gen:  0)
   521528    143416  10905624  0.003  0.000    8.032    1.178    0    0  (Gen:  0)
   521008    110712  10982896  0.003  0.000    8.037    1.179    0    0  (Gen:  0)
   520480    169864  11063808  0.003  0.000    8.041    1.179    0    0  (Gen:  0)
   520720    148904  11143880  0.002  0.000    8.045    1.180    0    0  (Gen:  0)
   521448    139240  11219200  0.003  0.000    8.049    1.181    0    0  (Gen:  0)
   520472    101688  11316824  0.002  0.000    8.053    1.181    0    0  (Gen:  0)
   521064    158288  11396688  0.002  0.000    8.057    1.182    0    0  (Gen:  0)
   521072    133248  11471208  0.003  0.000    8.062    1.183    0    0  (Gen:  0)
   520864    184464  11566624  0.002  0.000    8.066    1.183    0    0  (Gen:  0)
   521496    169328  11649312  0.002  0.000    8.070    1.184    0    0  (Gen:  0)
   520928    133144  11720984  0.003  0.000    8.075    1.185    0    0  (Gen:  0)
   520720    155720  11785464  0.004  0.000    8.081    1.186    0    0  (Gen:  0)
   520608    185384  11881872  0.002  0.000    8.085    1.186    0    0  (Gen:  0)
   520704    155832  11957256  0.003  0.000    8.090    1.187    0    0  (Gen:  0)
   521024    156760  12020544  0.004  0.000    8.096    1.188    0    0  (Gen:  0)
   582688    138824  12066896  0.003  0.000    8.101    1.189    0    0  (Gen:  0)
   553768     42232  12086336  0.002  0.000    8.104    1.189    0    0  (Gen:  0)
   536632     78600  12135432  0.002  0.000    8.108    1.190    0    0  (Gen:  0)
   520760     44328  12171320  0.002  0.000    8.112    1.191    0    0  (Gen:  0)
   520992     97496  12225928  0.002  0.000    8.116    1.191    0    0  (Gen:  0)
   537040     93008  12269248  0.002  0.000    8.120    1.192    0    0  (Gen:  0)
   521000     81944  12306776  0.002  0.000    8.123    1.193    0    0  (Gen:  0)
   521056     85248  12336688  0.002  0.000    8.126    1.193    0    0  (Gen:  0)
   521120   4151144   5128752  0.014  0.001    8.141    1.195    0    0  (Gen:  1)
   520944     94496   5164712  0.003  0.000    8.146    1.195    0    0  (Gen:  0)
   520984    138104   5240608  0.002  0.000    8.150    1.196    0    0  (Gen:  0)
   537024    106864   5301784  0.002  0.000    8.153    1.197    0    0  (Gen:  0)
   520808    100904   5339912  0.003  0.000    8.158    1.197    0    0  (Gen:  0)
   520776    119296   5393712  0.002  0.000    8.162    1.198    0    0  (Gen:  0)
   521176     88888   5445168  0.002  0.000    8.166    1.198    0    0  (Gen:  0)
   521128    131792   5509632  0.002  0.000    8.170    1.199    0    0  (Gen:  0)
   520760    127328   5573904  0.002  0.000    8.173    1.200    0    0  (Gen:  0)
   520896    100016   5623704  0.003  0.000    8.178    1.200    0    0  (Gen:  0)
   520936    113400   5666960  0.003  0.000    8.183    1.201    0    0  (Gen:  0)
   520840    147760   5743496  0.002  0.000    8.186    1.202    0    0  (Gen:  0)
   521160    117960   5795552  0.003  0.000    8.191    1.202    0    0  (Gen:  0)
   520864    118640   5839304  0.003  0.000    8.196    1.203    0    0  (Gen:  0)
   537160    149856   5916272  0.002  0.000    8.199    1.204    0    0  (Gen:  0)
   520608    118720   5962784  0.003  0.000    8.204    1.204    0    0  (Gen:  0)
   521032    158040   6048640  0.003  0.000    8.209    1.205    0    0  (Gen:  0)
   520760     94144   6110760  0.002  0.000    8.213    1.206    0    0  (Gen:  0)
   521120    156032   6192896  0.002  0.000    8.217    1.206    0    0  (Gen:  0)
   520688    149992   6276576  0.002  0.000    8.221    1.207    0    0  (Gen:  0)
   521208    104960   6332440  0.003  0.000    8.226    1.208    0    0  (Gen:  0)
   521160    150936   6408216  0.002  0.000    8.230    1.208    0    0  (Gen:  0)
   521088    146600   6480272  0.002  0.000    8.234    1.209    0    0  (Gen:  0)
   519856    121728   6540208  0.003  0.000    8.239    1.210    0    0  (Gen:  0)
   520792    129960   6592472  0.003  0.000    8.244    1.210    0    0  (Gen:  0)
   521136    167392   6680744  0.003  0.000    8.248    1.211    0    0  (Gen:  0)
   520752    122920   6736216  0.003  0.000    8.253    1.212    0    0  (Gen:  0)
   520888    169080   6825960  0.002  0.000    8.257    1.212    0    0  (Gen:  0)
   521056    155448   6908312  0.002  0.000    8.261    1.213    0    0  (Gen:  0)
   520432    137824   6966736  0.004  0.000    8.266    1.214    0    0  (Gen:  0)
   521280    163744   7048008  0.003  0.000    8.271    1.214    0    0  (Gen:  0)
   521176    110776   7122448  0.002  0.000    8.275    1.215    0    0  (Gen:  0)
   520944    102136   7220304  0.002  0.000    8.279    1.216    0    0  (Gen:  0)
   520904    136704   7292016  0.002  0.000    8.283    1.216    0    0  (Gen:  0)
   520960    107336   7360728  0.003  0.000    8.288    1.217    0    0  (Gen:  0)
   520680    163976   7441992  0.003  0.000    8.292    1.218    0    0  (Gen:  0)
   537072    154936   7520320  0.002  0.000    8.296    1.218    0    0  (Gen:  0)
   521200    119168   7587392  0.003  0.000    8.300    1.219    0    0  (Gen:  0)
   520488    166128   7669936  0.002  0.000    8.305    1.220    0    0  (Gen:  0)
   520440    157976   7748112  0.002  0.000    8.308    1.220    0    0  (Gen:  0)
   521136    123672   7810992  0.003  0.000    8.314    1.221    0    0  (Gen:  0)
   520448    142024   7868624  0.003  0.000    8.319    1.222    0    0  (Gen:  0)
   520864    170104   7956144  0.002  0.000    8.323    1.223    0    0  (Gen:  0)
   520536    139440   8020064  0.003  0.000    8.328    1.223    0    0  (Gen:  0)
   520632    142864   8079592  0.004  0.000    8.333    1.224    0    0  (Gen:  0)
   520672    176096   8169784  0.002  0.000    8.338    1.225    0    0  (Gen:  0)
   520776    140576   8230776  0.004  0.000    8.343    1.226    0    0  (Gen:  0)
   521040    150384   8293576  0.004  0.000    8.348    1.226    0    0  (Gen:  0)
   520608     87512   8375688  0.002  0.000    8.353    1.227    0    0  (Gen:  0)
   520568    180680   8471096  0.002  0.000    8.357    1.228    0    0  (Gen:  0)
   520856    142744   8546408  0.002  0.000    8.361    1.228    0    0  (Gen:  0)
   520984    131336   8619208  0.003  0.000    8.365    1.229    0    0  (Gen:  0)
   520720    168768   8703032  0.003  0.000    8.370    1.230    0    0  (Gen:  0)
   521088    155184   8781200  0.002  0.000    8.374    1.230    0    0  (Gen:  0)
   521208    121552   8853528  0.003  0.000    8.378    1.231    0    0  (Gen:  0)
   520448    181144   8947808  0.002  0.000    8.382    1.232    0    0  (Gen:  0)
   520640    157880   9027224  0.002  0.000    8.386    1.233    0    0  (Gen:  0)
   521008    119568   9094976  0.003  0.000    8.391    1.233    0    0  (Gen:  0)
   521024    169696   9177776  0.002  0.000    8.395    1.234    0    0  (Gen:  0)
   520888    168872   9261960  0.002  0.000    8.399    1.235    0    0  (Gen:  0)
   520648    135336   9331024  0.003  0.000    8.404    1.235    0    0  (Gen:  0)
   520872    112320   9438856  0.002  0.000    8.408    1.236    0    0  (Gen:  0)
   521104    151224   9527160  0.002  0.000    8.412    1.237    0    0  (Gen:  0)
   520808    142008   9597344  0.003  0.000    8.417    1.238    0    0  (Gen:  0)
   521496    153320   9660816  0.004  0.000    8.423    1.238    0    0  (Gen:  0)
   521512    186544   9758592  0.003  0.000    8.427    1.239    0    0  (Gen:  0)
   520632    145624   9826104  0.004  0.000    8.432    1.240    0    0  (Gen:  0)
   520456    154792   9889312  0.004  0.000    8.438    1.241    0    0  (Gen:  0)
   521224    178480   9979512  0.002  0.000    8.442    1.241    0    0  (Gen:  0)
   520856    153368  10049176  0.004  0.000    8.447    1.242    0    0  (Gen:  0)
   521200    179336  10136672  0.002  0.000    8.452    1.243    0    0  (Gen:  0)
   520448   5403592   6381168  0.016  0.002    8.470    1.245    0    0  (Gen:  1)
   520616    159048   6450704  0.004  0.000    8.476    1.246    0    0  (Gen:  0)
   520056    185216   6543024  0.002  0.000    8.480    1.246    0    0  (Gen:  0)
   520456    150848   6627928  0.003  0.000    8.484    1.247    0    0  (Gen:  0)
   520136    179320   6712496  0.002  0.000    8.489    1.248    0    0  (Gen:  0)
   520272    155576   6794848  0.003  0.000    8.494    1.249    0    0  (Gen:  0)
   521104    118984   6872216  0.003  0.000    8.499    1.250    0    0  (Gen:  0)
   520896    189608   6970832  0.003  0.000    8.503    1.250    0    0  (Gen:  0)
   520608    163672   7053696  0.002  0.000    8.507    1.251    0    0  (Gen:  0)
   520816    128056   7129024  0.003  0.000    8.512    1.252    0    0  (Gen:  0)
   521072    182248   7219632  0.002  0.000    8.516    1.253    0    0  (Gen:  0)
   520536    137576   7273592  0.003  0.000    8.521    1.253    0    0  (Gen:  0)
   521160     39248   7293288  0.002  0.000    8.524    1.254    0    0  (Gen:  0)
   520240     80072   7344640  0.002  0.000    8.527    1.254    0    0  (Gen:  0)
   521152     71792   7386248  0.002  0.000    8.530    1.255    0    0  (Gen:  0)
   520840     64856   7411088  0.002  0.000    8.534    1.255    0    0  (Gen:  0)
   521184    107912   7470520  0.002  0.000    8.537    1.256    0    0  (Gen:  0)
   521136     78712   7509656  0.002  0.000    8.541    1.256    0    0  (Gen:  0)
   521016    106824   7562280  0.002  0.000    8.544    1.257    0    0  (Gen:  0)
   521008    107016   7616424  0.002  0.000    8.548    1.257    0    0  (Gen:  0)
   520984     88216   7658520  0.002  0.000    8.552    1.258    0    0  (Gen:  0)
   520960     97472   7693576  0.003  0.000    8.556    1.259    0    0  (Gen:  0)
   520776    127472   7761000  0.002  0.000    8.559    1.259    0    0  (Gen:  0)
   520368     98440   7800496  0.003  0.000    8.564    1.260    0    0  (Gen:  0)
   520720    142936   7879288  0.002  0.000    8.568    1.261    0    0  (Gen:  0)
   521152    101688   7935728  0.002  0.000    8.572    1.261    0    0  (Gen:  0)
   521320    129208   7997800  0.002  0.000    8.575    1.262    0    0  (Gen:  0)
   520776    121744   8061392  0.002  0.000    8.579    1.262    0    0  (Gen:  0)
   520632     93032   8111408  0.002  0.000    8.583    1.263    0    0  (Gen:  0)
   521024    134888   8178384  0.002  0.000    8.587    1.264    0    0  (Gen:  0)
   520944    135104   8244272  0.002  0.000    8.591    1.264    0    0  (Gen:  0)
   521160    122472   8307904  0.002  0.000    8.594    1.265    0    0  (Gen:  0)
   520568    108152   8366360  0.002  0.000    8.598    1.265    0    0  (Gen:  0)
   673328    143936   8441496  0.002  0.000    8.602    1.266    0    0  (Gen:  0)
   521176    113384   8489288  0.003  0.000    8.607    1.267    0    0  (Gen:  0)
   521136    154856   8572168  0.002  0.000    8.610    1.267    0    0  (Gen:  0)
   521024    133432   8646408  0.003  0.000    8.615    1.268    0    0  (Gen:  0)
   521136    120712   8695544  0.003  0.000    8.619    1.269    0    0  (Gen:  0)
   520776    162248   8782744  0.003  0.000    8.624    1.269    0    0  (Gen:  0)
   520912     94208   8845552  0.002  0.000    8.628    1.270    0    0  (Gen:  0)
   521016     93528   8934968  0.002  0.000    8.632    1.271    0    0  (Gen:  0)
   520848    134920   9001984  0.002  0.000    8.636    1.271    0    0  (Gen:  0)
   520656    110120   9068032  0.003  0.000    8.640    1.272    0    0  (Gen:  0)
   521128    156160   9144560  0.002  0.000    8.645    1.273    0    0  (Gen:  0)
   525032    151360   9221488  0.002  0.000    8.648    1.273    0    0  (Gen:  0)
   520896    120192   9280224  0.003  0.000    8.653    1.274    0    0  (Gen:  0)
   521320    173880   9375944  0.003  0.000    8.657    1.275    0    0  (Gen:  0)
   520456    129568   9455008  0.002  0.000    8.661    1.275    0    0  (Gen:  0)
   520720    128920   9518808  0.003  0.000    8.666    1.276    0    0  (Gen:  0)
   520680    138024   9573784  0.003  0.000    8.671    1.277    0    0  (Gen:  0)
   524936    170600   9660976  0.002  0.000    8.675    1.278    0    0  (Gen:  0)
   521216    135184   9720640  0.003  0.000    8.681    1.278    0    0  (Gen:  0)
   524512    141912   9777952  0.003  0.000    8.686    1.279    0    0  (Gen:  0)
   521176     84008   9854760  0.002  0.000    8.690    1.280    0    0  (Gen:  0)
   524312    170736   9941816  0.002  0.000    8.694    1.280    0    0  (Gen:  0)
   565504    151440  10017552  0.002  0.000    8.698    1.281    0    0  (Gen:  0)
   520088    120464  10088480  0.002  0.000    8.702    1.282    0    0  (Gen:  0)
   520904    171608  10177408  0.002  0.000    8.706    1.283    0    0  (Gen:  0)
   520880    148208  10251464  0.002  0.000    8.710    1.283    0    0  (Gen:  0)
   520736    119104  10316544  0.003  0.000    8.714    1.284    0    0  (Gen:  0)
   521032    163384  10398800  0.003  0.000    8.719    1.285    0    0  (Gen:  0)
   520696    157768  10475664  0.002  0.000    8.723    1.285    0    0  (Gen:  0)
   520856    128256  10543544  0.003  0.000    8.728    1.286    0    0  (Gen:  0)
   520752    191464  10649040  0.002  0.000    8.732    1.287    0    0  (Gen:  0)
   520632    168352  10736872  0.002  0.000    8.736    1.287    0    0  (Gen:  0)
   520496    136752  10802952  0.003  0.000    8.740    1.288    0    0  (Gen:  0)
   521056    146824  10862656  0.004  0.000    8.746    1.289    0    0  (Gen:  0)
   520584    178496  10957496  0.002  0.000    8.750    1.290    0    0  (Gen:  0)
   520664    135424  11018136  0.003  0.000    8.755    1.290    0    0  (Gen:  0)
   521072    181624  11113976  0.002  0.000    8.759    1.291    0    0  (Gen:  0)
   520648    156496  11200232  0.003  0.000    8.763    1.292    0    0  (Gen:  0)
   520992    144808  11263280  0.003  0.000    8.768    1.292    0    0  (Gen:  0)
   521112    154376  11327624  0.002  0.000    8.773    1.293    0    0  (Gen:  0)
   521024    123288  11408272  0.002  0.000    8.777    1.294    0    0  (Gen:  0)
   520536    185496  11507664  0.002  0.000    8.781    1.295    0    0  (Gen:  0)
   520992    156240  11597120  0.003  0.000    8.785    1.295    0    0  (Gen:  0)
   520784    114432  11672848  0.003  0.000    8.791    1.296    0    0  (Gen:  0)
   520640    182864  11768824  0.002  0.000    8.795    1.297    0    0  (Gen:  0)
   521320    154736  11849568  0.002  0.000    8.798    1.297    0    0  (Gen:  0)
   520216    131120  11922912  0.003  0.000    8.802    1.298    0    0  (Gen:  0)
   520744    178584  12014664  0.002  0.000    8.806    1.299    0    0  (Gen:  0)
   520728    162288  12097296  0.002  0.000    8.810    1.300    0    0  (Gen:  0)
   520504    128056  12167240  0.003  0.000    8.814    1.300    0    0  (Gen:  0)
   521104    177360  12254672  0.003  0.000    8.818    1.301    0    0  (Gen:  0)
   521296    173240  12337736  0.002  0.000    8.822    1.302    0    0  (Gen:  0)
   520464    141096  12409632  0.003  0.000    8.827    1.303    0    0  (Gen:  0)
   521456    155888  12474728  0.004  0.000    8.832    1.303    0    0  (Gen:  0)
   521000    183384  12568880  0.002  0.000    8.836    1.304    0    0  (Gen:  0)
   520544   5368096   6349752  0.016  0.002    8.853    1.306    0    0  (Gen:  1)
   520608    156440   6413816  0.004  0.000    8.858    1.307    0    0  (Gen:  0)
   520712    195384   6518760  0.002  0.000    8.862    1.308    0    0  (Gen:  0)
   521800    146896   6588208  0.003  0.000    8.867    1.309    0    0  (Gen:  0)
   520176    191504   6688800  0.002  0.000    8.871    1.309    0    0  (Gen:  0)
   520528    156552   6782896  0.003  0.000    8.875    1.310    0    0  (Gen:  0)
   520384    152224   6849384  0.003  0.000    8.880    1.311    0    0  (Gen:  0)
   520392    156288   6914648  0.004  0.000    8.885    1.312    0    0  (Gen:  0)
   521024    183288   7007000  0.003  0.000    8.889    1.312    0    0  (Gen:  0)
   520448    157008   7074576  0.004  0.000    8.894    1.313    0    0  (Gen:  0)
   521096    192672   7176720  0.003  0.000    8.899    1.314    0    0  (Gen:  0)
   520208    106728   7260696  0.002  0.000    8.903    1.315    0    0  (Gen:  0)
   520984    178296   7345840  0.002  0.000    8.907    1.315    0    0  (Gen:  0)
   520752    138016   7413392  0.003  0.000    8.911    1.316    0    0  (Gen:  0)
   521016     32040   7432056  0.001  0.000    8.914    1.317    0    0  (Gen:  0)
   520456     63184   7469208  0.002  0.000    8.917    1.317    0    0  (Gen:  0)
   520776     71304   7505784  0.002  0.000    8.920    1.318    0    0  (Gen:  0)
   521120     77664   7546968  0.002  0.000    8.923    1.318    0    0  (Gen:  0)
   521040     67104   7580600  0.002  0.000    8.926    1.319    0    0  (Gen:  0)
   521248     53968   7629096  0.002  0.000    8.929    1.319    0    0  (Gen:  0)
   520944    103688   7680016  0.002  0.000    8.932    1.320    0    0  (Gen:  0)
   521656     96888   7729600  0.002  0.000    8.935    1.320    0    0  (Gen:  0)
   520360     76184   7773664  0.002  0.000    8.939    1.321    0    0  (Gen:  0)
   521144    116640   7831480  0.002  0.000    8.942    1.321    0    0  (Gen:  0)
   520800    121208   7892264  0.002  0.000    8.945    1.322    0    0  (Gen:  0)
   520248     95576   7931456  0.002  0.000    8.949    1.323    0    0  (Gen:  0)
   520712    141512   8011264  0.002  0.000    8.952    1.323    0    0  (Gen:  0)
   521016    120184   8079208  0.002  0.000    8.956    1.324    0    0  (Gen:  0)
   521328    105896   8121744  0.002  0.000    8.960    1.324    0    0  (Gen:  0)
   521104    119200   8172064  0.002  0.000    8.963    1.325    0    0  (Gen:  0)
   520704     92480   8231424  0.003  0.000    8.967    1.325    0    0  (Gen:  0)
   520648    146168   8309904  0.002  0.000    8.970    1.326    0    0  (Gen:  0)
   520760    127352   8375200  0.002  0.000    8.974    1.327    0    0  (Gen:  0)
   521608     98608   8429928  0.002  0.000    8.977    1.327    0    0  (Gen:  0)
   520552    119888   8475912  0.003  0.000    8.981    1.328    0    0  (Gen:  0)
   521048    142912   8546184  0.002  0.000    8.985    1.329    0    0  (Gen:  0)
   520864    111704   8598296  0.002  0.000    8.989    1.329    0    0  (Gen:  0)
   520624    162592   8686304  0.002  0.000    8.992    1.330    0    0  (Gen:  0)
   520936    142216   8761408  0.002  0.000    8.996    1.330    0    0  (Gen:  0)
   521016    116640   8812392  0.003  0.000    9.000    1.331    0    0  (Gen:  0)
   520480    126336   8863528  0.003  0.000    9.004    1.332    0    0  (Gen:  0)
   520936     78304   8932488  0.003  0.000    9.007    1.332    0    0  (Gen:  0)
   521176    161168   9021120  0.002  0.000    9.011    1.333    0    0  (Gen:  0)
   521072    124392   9086120  0.002  0.000    9.014    1.334    0    0  (Gen:  0)
   520472    105240   9152376  0.003  0.000    9.018    1.334    0    0  (Gen:  0)
   520272    156632   9229904  0.002  0.000    9.022    1.335    0    0  (Gen:  0)
   520792    144472   9304264  0.002  0.000    9.025    1.336    0    0  (Gen:  0)
   521112    109008   9365032  0.002  0.000    9.030    1.336    0    0  (Gen:  0)
   520768     86488   9447560  0.002  0.000    9.034    1.337    0    0  (Gen:  0)
   520968    152896   9521952  0.002  0.000    9.037    1.338    0    0  (Gen:  0)
   520864    125656   9586512  0.003  0.000    9.042    1.338    0    0  (Gen:  0)
   521128    138056   9641056  0.003  0.000    9.046    1.339    0    0  (Gen:  0)
   521016    171368   9729288  0.002  0.000    9.050    1.340    0    0  (Gen:  0)
   521008    132632   9790032  0.003  0.000    9.055    1.340    0    0  (Gen:  0)
   520936    173776   9879904  0.003  0.000    9.058    1.341    0    0  (Gen:  0)
   520864    156584   9962648  0.002  0.000    9.062    1.342    0    0  (Gen:  0)
   520824    135744  10018408  0.003  0.000    9.067    1.342    0    0  (Gen:  0)
   549496    165368  10103080  0.002  0.000    9.070    1.343    0    0  (Gen:  0)
   520896    121888  10180016  0.002  0.000    9.074    1.344    0    0  (Gen:  0)
   520496    175888  10274304  0.002  0.000    9.078    1.344    0    0  (Gen:  0)
   520096    145432  10362288  0.002  0.000    9.081    1.345    0    0  (Gen:  0)
   520824    129280  10431624  0.002  0.000    9.085    1.346    0    0  (Gen:  0)
   520832    171368  10521184  0.003  0.000    9.089    1.346    0    0  (Gen:  0)
   520704    147368  10595448  0.003  0.000    9.093    1.347    0    0  (Gen:  0)
   520800    124864  10666920  0.003  0.000    9.097    1.348    0    0  (Gen:  0)
   520576    174792  10756392  0.003  0.000    9.101    1.348    0    0  (Gen:  0)
   520592    163568  10835496  0.003  0.000    9.105    1.349    0    0  (Gen:  0)
   520528    129248  10904712  0.004  0.000    9.109    1.350    0    0  (Gen:  0)
   520928    147440  10964120  0.004  0.000    9.114    1.350    0    0  (Gen:  0)
   520728    177768  11056384  0.004  0.000    9.118    1.351    0    0  (Gen:  0)
   520736    134704  11118976  0.004  0.000    9.123    1.352    0    0  (Gen:  0)
   520848    187048  11221944  0.003  0.000    9.127    1.352    0    0  (Gen:  0)
   520832    170032  11308784  0.003  0.000    9.131    1.353    0    0  (Gen:  0)
   521112    140904  11372712  0.004  0.000    9.135    1.354    0    0  (Gen:  0)
   520912    168944  11452376  0.003  0.000    9.140    1.354    0    0  (Gen:  0)
   521192    155776  11541008  0.003  0.000    9.144    1.355    0    0  (Gen:  0)
   520560    144280  11602400  0.004  0.000    9.149    1.356    0    0  (Gen:  0)
   520928    153232  11665312  0.003  0.000    9.153    1.356    0    0  (Gen:  0)
   520712    109456  11744192  0.003  0.000    9.157    1.357    0    0  (Gen:  0)
   520648    168360  11825024  0.003  0.000    9.161    1.358    0    0  (Gen:  0)
   525560    159216  11919944  0.003  0.000    9.164    1.358    0    0  (Gen:  0)
   520432    118632  11996848  0.003  0.000    9.168    1.359    0    0  (Gen:  0)
   520824    184800  12093760  0.003  0.000    9.172    1.360    0    0  (Gen:  0)
   520832    154480  12174736  0.003  0.000    9.176    1.360    0    0  (Gen:  0)
   520744    125432  12248168  0.004  0.000    9.180    1.361    0    0  (Gen:  0)
   521264    178400  12336704  0.003  0.000    9.184    1.362    0    0  (Gen:  0)
   520840    165120  12419120  0.003  0.000    9.188    1.362    0    0  (Gen:  0)
   520440   5314088   6295640  0.016  0.001    9.205    1.364    0    0  (Gen:  1)
   521680    179192   6386336  0.003  0.000    9.209    1.365    0    0  (Gen:  0)
   520760    169824   6469256  0.002  0.000    9.212    1.365    0    0  (Gen:  0)
   520712    144112   6545080  0.003  0.000    9.216    1.366    0    0  (Gen:  0)
   520488    157152   6608576  0.003  0.000    9.221    1.367    0    0  (Gen:  0)
   602632    140224   6656952  0.003  0.000    9.226    1.368    0    0  (Gen:  0)
   554072     40920   6675688  0.002  0.000    9.229    1.368    0    0  (Gen:  0)
   517328     73640   6719992  0.001  0.000    9.232    1.369    0    0  (Gen:  0)
   537368     69624   6758936  0.002  0.000    9.235    1.369    0    0  (Gen:  0)
   520512     67400   6784272  0.002  0.000    9.238    1.370    0    0  (Gen:  0)
   537488    105448   6840224  0.002  0.000    9.241    1.370    0    0  (Gen:  0)
   520336     74544   6876440  0.002  0.000    9.245    1.371    0    0  (Gen:  0)
   520600    105480   6928440  0.003  0.000    9.249    1.372    0    0  (Gen:  0)
   520552    122848   6997632  0.002  0.000    9.253    1.372    0    0  (Gen:  0)
   520704     93576   7038304  0.002  0.000    9.256    1.373    0    0  (Gen:  0)
   520696     97048   7073384  0.002  0.000    9.260    1.374    0    0  (Gen:  0)
   537128    127608   7141384  0.002  0.000    9.263    1.374    0    0  (Gen:  0)
   521408     99216   7178536  0.002  0.000    9.267    1.375    0    0  (Gen:  0)
   520904    144720   7259648  0.002  0.000    9.271    1.375    0    0  (Gen:  0)
   520728    103832   7313440  0.002  0.000    9.274    1.376    0    0  (Gen:  0)
   521432    128936   7375912  0.002  0.000    9.278    1.377    0    0  (Gen:  0)
   520784    123992   7440200  0.002  0.000    9.281    1.377    0    0  (Gen:  0)
   520984    100176   7491560  0.002  0.000    9.284    1.378    0    0  (Gen:  0)
   521040    112168   7533560  0.003  0.000    9.289    1.379    0    0  (Gen:  0)
   521336    137136   7600232  0.002  0.000    9.292    1.379    0    0  (Gen:  0)
   520376    113872   7652944  0.003  0.000    9.296    1.380    0    0  (Gen:  0)
   521128    117720   7696768  0.003  0.000    9.301    1.381    0    0  (Gen:  0)
   537032    145808   7770080  0.002  0.000    9.304    1.381    0    0  (Gen:  0)
   520832    115296   7817184  0.003  0.000    9.308    1.382    0    0  (Gen:  0)
   520736    161768   7905568  0.003  0.000    9.313    1.383    0    0  (Gen:  0)
   521016     87776   7972136  0.002  0.000    9.316    1.383    0    0  (Gen:  0)
   520952    146344   8043384  0.002  0.000    9.320    1.384    0    0  (Gen:  0)
   520680    126728   8108344  0.002  0.000    9.323    1.384    0    0  (Gen:  0)
   520680    113504   8167488  0.002  0.000    9.327    1.385    0    0  (Gen:  0)
   521136    158648   8250896  0.002  0.000    9.330    1.386    0    0  (Gen:  0)
   520968    139768   8320408  0.002  0.000    9.333    1.386    0    0  (Gen:  0)
   521112    118184   8384144  0.002  0.000    9.337    1.387    0    0  (Gen:  0)
   521376    129672   8434488  0.003  0.000    9.342    1.388    0    0  (Gen:  0)
   521256    169400   8525736  0.002  0.000    9.345    1.388    0    0  (Gen:  0)
   520928    121056   8584008  0.003  0.000    9.350    1.389    0    0  (Gen:  0)
   520272    173720   8679520  0.002  0.000    9.353    1.390    0    0  (Gen:  0)
   520552    144736   8760568  0.002  0.000    9.357    1.390    0    0  (Gen:  0)
   520888    134680   8821136  0.003  0.000    9.361    1.391    0    0  (Gen:  0)
   521584    138536   8876776  0.003  0.000    9.366    1.392    0    0  (Gen:  0)
   520720    165096   8958616  0.002  0.000    9.370    1.393    0    0  (Gen:  0)
   520688    138872   9017992  0.003  0.000    9.374    1.393    0    0  (Gen:  0)
   520864    145888   9079032  0.002  0.000    9.378    1.394    0    0  (Gen:  0)
   520496    127888   9152496  0.002  0.000    9.382    1.395    0    0  (Gen:  0)
   521376    160520   9230496  0.002  0.000    9.386    1.396    0    0  (Gen:  0)
   537832    143344   9306760  0.003  0.000    9.390    1.396    0    0  (Gen:  0)
   521064    110088   9376856  0.003  0.000    9.395    1.397    0    0  (Gen:  0)
   521360    173712   9467568  0.003  0.000    9.399    1.398    0    0  (Gen:  0)
   520872    150656   9543432  0.002  0.000    9.403    1.398    0    0  (Gen:  0)
   520080    118208   9607256  0.003  0.000    9.407    1.399    0    0  (Gen:  0)
   521136    164520   9689880  0.003  0.000    9.411    1.400    0    0  (Gen:  0)
   520808    157296   9766104  0.003  0.000    9.416    1.401    0    0  (Gen:  0)
   520808    121496   9833952  0.003  0.000    9.420    1.401    0    0  (Gen:  0)
   520136    188920   9938656  0.003  0.000    9.425    1.402    0    0  (Gen:  0)
   520432    150224  10026472  0.002  0.000    9.429    1.403    0    0  (Gen:  0)
   521192    134432  10091792  0.003  0.000    9.433    1.404    0    0  (Gen:  0)
   520904    164192  10169184  0.002  0.000    9.437    1.404    0    0  (Gen:  0)
   521168    151960  10257552  0.002  0.000    9.442    1.405    0    0  (Gen:  0)
   520272    134896  10317208  0.003  0.000    9.446    1.406    0    0  (Gen:  0)
   520944    167256  10398160  0.003  0.000    9.450    1.407    0    0  (Gen:  0)
   521120    158512  10483648  0.003  0.000    9.455    1.407    0    0  (Gen:  0)
   521288    145184  10547152  0.004  0.000    9.459    1.408    0    0  (Gen:  0)
   520368    156264  10612848  0.002  0.000    9.463    1.409    0    0  (Gen:  0)
   520888    125704  10692040  0.003  0.000    9.468    1.409    0    0  (Gen:  0)
   520752    182392  10788496  0.003  0.000    9.472    1.410    0    0  (Gen:  0)
   521264    166248  10879184  0.003  0.000    9.476    1.411    0    0  (Gen:  0)
   520544    119272  10954280  0.003  0.000    9.481    1.412    0    0  (Gen:  0)
   521168    170288  11036680  0.003  0.000    9.485    1.412    0    0  (Gen:  0)
   520352    154440  11117320  0.003  0.000    9.489    1.413    0    0  (Gen:  0)
   521192    125440  11190944  0.003  0.000    9.493    1.414    0    0  (Gen:  0)
   521176    183000  11286688  0.003  0.000    9.498    1.415    0    0  (Gen:  0)
   521024    167672  11369120  0.002  0.000    9.502    1.415    0    0  (Gen:  0)
   521176    132296  11440192  0.003  0.000    9.507    1.416    0    0  (Gen:  0)
   520512    180664  11531464  0.003  0.000    9.511    1.417    0    0  (Gen:  0)
   520424    171240  11614016  0.003  0.000    9.515    1.418    0    0  (Gen:  0)
   520968    139048  11685664  0.003  0.000    9.520    1.419    0    0  (Gen:  0)
   520768    156000  11750048  0.003  0.000    9.525    1.419    0    0  (Gen:  0)
   520680    187536  11849232  0.003  0.000    9.530    1.420    0    0  (Gen:  0)
   520968    151784  11922496  0.003  0.000    9.535    1.421    0    0  (Gen:  0)
   521200    156576  11986560  0.004  0.000    9.540    1.422    0    0  (Gen:  0)
   520808    146416  12040720  0.003  0.000    9.545    1.423    0    0  (Gen:  0)
   520848     43120  12059320  0.002  0.000    9.548    1.423    0    0  (Gen:  0)
   520088     79968  12108200  0.002  0.000    9.551    1.424    0    0  (Gen:  0)
   520560     69976  12140352  0.002  0.000    9.554    1.424    0    0  (Gen:  0)
   520288     58640  12194976  0.002  0.000    9.558    1.425    0    0  (Gen:  0)
   521728     90144  12240256  0.002  0.000    9.561    1.425    0    0  (Gen:  0)
   521152     76912  12276576  0.002  0.000    9.565    1.426    0    0  (Gen:  0)
   520648    125064  12348240  0.002  0.000    9.569    1.426    0    0  (Gen:  0)
   520512   4156488   5133968  0.012  0.001    9.582    1.428    0    0  (Gen:  1)
   520648     94328   5168896  0.002  0.000    9.587    1.429    0    0  (Gen:  0)
   520608    135712   5241808  0.002  0.000    9.590    1.429    0    0  (Gen:  0)
   520440     86704   5296552  0.002  0.000    9.593    1.430    0    0  (Gen:  0)
   521632    140760   5374560  0.002  0.000    9.597    1.430    0    0  (Gen:  0)
   520848    119080   5434360  0.002  0.000    9.600    1.431    0    0  (Gen:  0)
   520832     92256   5483728  0.002  0.000    9.604    1.432    0    0  (Gen:  0)
   521088    131752   5549848  0.002  0.000    9.608    1.432    0    0  (Gen:  0)
   521072    130504   5614936  0.002  0.000    9.611    1.433    0    0  (Gen:  0)
   521016    102400   5663856  0.002  0.000    9.615    1.433    0    0  (Gen:  0)
   521024    113352   5705016  0.002  0.000    9.619    1.434    0    0  (Gen:  0)
   521216    140784   5774744  0.002  0.000    9.623    1.435    0    0  (Gen:  0)
   520432    114024   5824320  0.002  0.000    9.627    1.435    0    0  (Gen:  0)
   562456    118760   5882840  0.003  0.000    9.631    1.436    0    0  (Gen:  0)
   616240     80664   5941504  0.002  0.000    9.634    1.437    0    0  (Gen:  0)
   521176    116936   5988792  0.003  0.000    9.639    1.437    0    0  (Gen:  0)
   520736    163240   6078656  0.002  0.000    9.643    1.438    0    0  (Gen:  0)
   520584    122928   6141904  0.002  0.000    9.646    1.439    0    0  (Gen:  0)
   521520    158152   6226328  0.002  0.000    9.651    1.439    0    0  (Gen:  0)
   521016    129840   6292888  0.002  0.000    9.655    1.440    0    0  (Gen:  0)
   520736    105400   6351120  0.002  0.000    9.659    1.441    0    0  (Gen:  0)
   521296    157288   6432712  0.003  0.000    9.664    1.442    0    0  (Gen:  0)
   520840    146032   6502472  0.002  0.000    9.668    1.442    0    0  (Gen:  0)
   521216    123776   6571120  0.002  0.000    9.672    1.443    0    0  (Gen:  0)
   521256    130032   6641152  0.002  0.000    9.676    1.444    0    0  (Gen:  0)
   524600    157224   6718544  0.002  0.000    9.680    1.444    0    0  (Gen:  0)
   520920    123328   6775728  0.003  0.000    9.685    1.445    0    0  (Gen:  0)
   520984    167136   6864440  0.003  0.000    9.689    1.446    0    0  (Gen:  0)
   520128    144248   6946984  0.002  0.000    9.693    1.446    0    0  (Gen:  0)
   521056    132936   7005968  0.003  0.000    9.698    1.447    0    0  (Gen:  0)
   525224    160752   7084864  0.004  0.000    9.703    1.448    0    0  (Gen:  0)
   521320     81664   7161520  0.002  0.000    9.707    1.448    0    0  (Gen:  0)
   520744    170688   7252008  0.002  0.000    9.712    1.449    0    0  (Gen:  0)
   525160    145272   7321536  0.003  0.000    9.716    1.450    0    0  (Gen:  0)
   521032    120992   7393584  0.002  0.000    9.720    1.451    0    0  (Gen:  0)
   528856    162776   7473680  0.002  0.000    9.724    1.451    0    0  (Gen:  0)
   557912    147616   7550448  0.002  0.000    9.729    1.452    0    0  (Gen:  0)
   520896    136824   7619696  0.003  0.000    9.733    1.453    0    0  (Gen:  0)
   520464    170200   7707072  0.003  0.000    9.737    1.453    0    0  (Gen:  0)
   521120    152456   7784880  0.002  0.000    9.741    1.454    0    0  (Gen:  0)
   521184    128736   7848712  0.003  0.000    9.746    1.455    0    0  (Gen:  0)
   520728    142496   7907176  0.003  0.000    9.751    1.455    0    0  (Gen:  0)
   520472    176352   8000720  0.002  0.000    9.754    1.456    0    0  (Gen:  0)
   520912    146480   8065352  0.003  0.000    9.759    1.457    0    0  (Gen:  0)
   521376    142800   8124856  0.003  0.000    9.764    1.457    0    0  (Gen:  0)
   520592    178952   8218352  0.003  0.000    9.768    1.458    0    0  (Gen:  0)
   520824    141264   8280448  0.003  0.000    9.773    1.459    0    0  (Gen:  0)
   520936    146264   8339576  0.003  0.000    9.778    1.460    0    0  (Gen:  0)
   521080    175848   8431888  0.003  0.000    9.783    1.460    0    0  (Gen:  0)
   520776    142880   8491808  0.003  0.000    9.788    1.461    0    0  (Gen:  0)
   521136    186384   8592944  0.003  0.000    9.793    1.462    0    0  (Gen:  0)
   521288    166168   8674152  0.003  0.000    9.797    1.463    0    0  (Gen:  0)
   520544    185568   8775912  0.002  0.000    9.801    1.463    0    0  (Gen:  0)
   521080    149264   8851120  0.003  0.000    9.805    1.464    0    0  (Gen:  0)
   520792    144424   8927072  0.003  0.000    9.810    1.465    0    0  (Gen:  0)
   521088    185512   9026720  0.003  0.000    9.814    1.465    0    0  (Gen:  0)
   521128    150368   9102808  0.002  0.000    9.818    1.466    0    0  (Gen:  0)
   520784    129880   9176096  0.003  0.000    9.823    1.467    0    0  (Gen:  0)
   520776    178872   9267952  0.003  0.000    9.827    1.467    0    0  (Gen:  0)
   520624    157952   9350144  0.003  0.000    9.832    1.468    0    0  (Gen:  0)
   520080    128912   9422360  0.003  0.000    9.836    1.469    0    0  (Gen:  0)
   521064    180640   9517304  0.003  0.000    9.841    1.470    0    0  (Gen:  0)
   520840    168384   9599280  0.003  0.000    9.845    1.470    0    0  (Gen:  0)
   521072    138296   9670280  0.003  0.000    9.850    1.471    0    0  (Gen:  0)
   521136    155104   9733640  0.004  0.000    9.855    1.472    0    0  (Gen:  0)
   520568    187616   9829400  0.003  0.000    9.860    1.473    0    0  (Gen:  0)
   521552    134256   9900200  0.003  0.000    9.865    1.473    0    0  (Gen:  0)
   520704    155376   9964064  0.003  0.000    9.870    1.474    0    0  (Gen:  0)
   520600    191264  10068264  0.003  0.000    9.874    1.475    0    0  (Gen:  0)
   520632    147544  10139984  0.003  0.000    9.880    1.476    0    0  (Gen:  0)
   520512   5384800   6366384  0.015  0.001    9.896    1.477    0    0  (Gen:  1)
   520896    143216   6418720  0.003  0.000    9.901    1.478    0    0  (Gen:  0)
   520472     45496   6438392  0.002  0.000    9.905    1.479    0    0  (Gen:  0)
   521232     59616   6493624  0.001  0.000    9.908    1.479    0    0  (Gen:  0)
   520416     56872   6523456  0.002  0.000    9.911    1.480    0    0  (Gen:  0)
   520536     89864   6569568  0.002  0.000    9.915    1.480    0    0  (Gen:  0)
   521616     94152   6617024  0.002  0.000    9.918    1.481    0    0  (Gen:  0)
   521032     75064   6651688  0.002  0.000    9.922    1.481    0    0  (Gen:  0)
   520776     85224   6682440  0.002  0.000    9.926    1.482    0    0  (Gen:  0)
   520464    120384   6747728  0.002  0.000    9.929    1.483    0    0  (Gen:  0)
   520672     93088   6783624  0.003  0.000    9.933    1.483    0    0  (Gen:  0)
   520552    108528   6828352  0.002  0.000    9.937    1.484    0    0  (Gen:  0)
   520536     83352   6880248  0.002  0.000    9.941    1.484    0    0  (Gen:  0)
   521616    137144   6954144  0.002  0.000    9.945    1.485    0    0  (Gen:  0)
   520880    118584   7013848  0.002  0.000    9.948    1.485    0    0  (Gen:  0)
   520872     95312   7062928  0.003  0.000    9.953    1.486    0    0  (Gen:  0)
   521088    109664   7105432  0.003  0.000    9.957    1.487    0    0  (Gen:  0)
   520936    142736   7180088  0.002  0.000    9.961    1.487    0    0  (Gen:  0)
   520856    106544   7228352  0.003  0.000    9.965    1.488    0    0  (Gen:  0)
   521016    113432   7269872  0.003  0.000    9.970    1.489    0    0  (Gen:  0)
   521312    140568   7340024  0.003  0.000    9.974    1.489    0    0  (Gen:  0)
   520488    118280   7387976  0.003  0.000    9.979    1.490    0    0  (Gen:  0)
   520952    127616   7443928  0.003  0.000    9.983    1.491    0    0  (Gen:  0)
   520272     92088   7506320  0.002  0.000    9.987    1.491    0    0  (Gen:  0)
   520872    157672   7591840  0.002  0.000    9.991    1.492    0    0  (Gen:  0)
   520864    129912   7659464  0.002  0.000    9.995    1.493    0    0  (Gen:  0)
   520976    103136   7718072  0.003  0.000    9.999    1.493    0    0  (Gen:  0)
   520960    149784   7792784  0.003  0.000   10.003    1.494    0    0  (Gen:  0)
   520576    142112   7860984  0.002  0.000   10.007    1.494    0    0  (Gen:  0)
   520928    111464   7916320  0.003  0.000   10.012    1.495    0    0  (Gen:  0)
   521288    172600   8011096  0.003  0.000   10.016    1.496    0    0  (Gen:  0)
   521024    144120   8089216  0.002  0.000   10.020    1.496    0    0  (Gen:  0)
   520888    124104   8148288  0.003  0.000   10.025    1.497    0    0  (Gen:  0)
   521088    130528   8200352  0.003  0.000   10.030    1.498    0    0  (Gen:  0)
   521256    165864   8287280  0.003  0.000   10.034    1.499    0    0  (Gen:  0)
   520728    130360   8342392  0.003  0.000   10.039    1.499    0    0  (Gen:  0)
   520744    174096   8437128  0.004  0.000   10.044    1.500    0    0  (Gen:  0)
   520552     90040   8512904  0.003  0.000   10.048    1.501    0    0  (Gen:  0)
   521048    159144   8588640  0.003  0.000   10.052    1.501    0    0  (Gen:  0)
   521072    141112   8662712  0.003  0.000   10.057    1.502    0    0  (Gen:  0)
   520808    106584   8731832  0.003  0.000   10.061    1.503    0    0  (Gen:  0)
   520776    172576   8824080  0.003  0.000   10.066    1.503    0    0  (Gen:  0)
   520608    148072   8896384  0.002  0.000   10.070    1.504    0    0  (Gen:  0)
   520984    116640   8963152  0.003  0.000   10.074    1.505    0    0  (Gen:  0)
   521528    164936   9046216  0.003  0.000   10.079    1.505    0    0  (Gen:  0)
   673040    155432   9120864  0.003  0.000   10.083    1.506    0    0  (Gen:  0)
   521224    126552   9187800  0.003  0.000   10.088    1.507    0    0  (Gen:  0)
   521168    166800   9271280  0.003  0.000   10.092    1.507    0    0  (Gen:  0)
   521128    157728   9348728  0.003  0.000   10.096    1.508    0    0  (Gen:  0)
   520832    125424   9411528  0.003  0.000   10.101    1.509    0    0  (Gen:  0)
   521096    142464   9469712  0.004  0.000   10.106    1.510    0    0  (Gen:  0)
   521456    175376   9564496  0.003  0.000   10.110    1.510    0    0  (Gen:  0)
   520544    136640   9628808  0.003  0.000   10.115    1.511    0    0  (Gen:  0)
   520464    141864   9687408  0.004  0.000   10.122    1.512    0    0  (Gen:  0)
   520272    175480   9777640  0.003  0.000   10.126    1.513    0    0  (Gen:  0)
   521296    142424   9839224  0.003  0.000   10.131    1.513    0    0  (Gen:  0)
   520968    165704   9917680  0.003  0.000   10.135    1.514    0    0  (Gen:  0)
   521248    155920  10005176  0.003  0.000   10.140    1.515    0    0  (Gen:  0)
   520680    144560  10062832  0.004  0.000   10.145    1.516    0    0  (Gen:  0)
   520808    182200  10158120  0.003  0.000   10.150    1.516    0    0  (Gen:  0)
   520808    147688  10233968  0.003  0.000   10.154    1.517    0    0  (Gen:  0)
   521112    168672  10316536  0.003  0.000   10.158    1.518    0    0  (Gen:  0)
   521104    147736  10393768  0.002  0.000   10.163    1.518    0    0  (Gen:  0)
   521064    124184  10466736  0.003  0.000   10.167    1.519    0    0  (Gen:  0)
   520936    181112  10561456  0.003  0.000   10.172    1.520    0    0  (Gen:  0)
   520656    162344  10639824  0.002  0.000   10.176    1.520    0    0  (Gen:  0)
   521144    130128  10710216  0.003  0.000   10.180    1.521    0    0  (Gen:  0)
   520552    170912  10794680  0.003  0.000   10.185    1.522    0    0  (Gen:  0)
   566144    165576  10878840  0.003  0.000   10.189    1.522    0    0  (Gen:  0)
   521032    131488  10948408  0.003  0.000   10.194    1.523    0    0  (Gen:  0)
   519936    196080  11056520  0.003  0.000   10.199    1.524    0    0  (Gen:  0)
   520880    149264  11146088  0.002  0.000   10.203    1.525    0    0  (Gen:  0)
   520720    134232  11216424  0.003  0.000   10.208    1.525    0    0  (Gen:  0)
   521064    154448  11279784  0.004  0.000   10.213    1.526    0    0  (Gen:  0)
   520720    184664  11374408  0.003  0.000   10.218    1.527    0    0  (Gen:  0)
   521440    149248  11443376  0.003  0.000   10.223    1.528    0    0  (Gen:  0)
   520696    154920  11506800  0.004  0.000   10.228    1.528    0    0  (Gen:  0)
   520608    186920  11606128  0.003  0.000   10.233    1.529    0    0  (Gen:  0)
   520832    151056  11675240  0.004  0.000   10.238    1.530    0    0  (Gen:  0)
   520528    157784  11740528  0.004  0.000   10.244    1.531    0    0  (Gen:  0)
   520960    134384  11783368  0.003  0.000   10.248    1.531    0    0  (Gen:  0)
   520432     46752  11803096  0.002  0.000   10.251    1.532    0    0  (Gen:  0)
   521240     83016  11854384  0.002  0.000   10.255    1.532    0    0  (Gen:  0)
   520464     53904  11883544  0.002  0.000   10.258    1.533    0    0  (Gen:  0)
   520368     48376  11927216  0.002  0.000   10.261    1.533    0    0  (Gen:  0)
   521672    103432  11982696  0.002  0.000   10.265    1.534    0    0  (Gen:  0)
   521216     78792  12017496  0.002  0.000   10.269    1.535    0    0  (Gen:  0)
   520544    119176  12084264  0.002  0.000   10.272    1.535    0    0  (Gen:  0)
   520504    106056  12141896  0.002  0.000   10.276    1.536    0    0  (Gen:  0)
   520728     92480  12174584  0.003  0.000   10.280    1.536    0    0  (Gen:  0)
   520632    134728  12247616  0.003  0.000   10.284    1.537    0    0  (Gen:  0)
   520520     85784  12295928  0.002  0.000   10.288    1.538    0    0  (Gen:  0)
   521480    135008  12368768  0.002  0.000   10.292    1.538    0    0  (Gen:  0)
   520976    121304  12429360  0.009  0.001   10.305    1.540    0    0  (Gen:  0)
   520864    101056  12478160  0.004  0.000   10.318    1.541    0    0  (Gen:  0)
   521064   4288896   5270408  0.017  0.001   10.343    1.543    0    0  (Gen:  1)
   521024    145544   5347480  0.015  0.001   10.372    1.546    0    0  (Gen:  0)
   520704    109792   5393976  0.004  0.000   10.377    1.547    0    0  (Gen:  0)
   521200    114752   5436248  0.003  0.000   10.381    1.548    0    0  (Gen:  0)
   520968    126616   5503504  0.033  0.003   10.417    1.551    0    0  (Gen:  0)
   520760    118528   5551312  0.037  0.003   10.469    1.556    0    0  (Gen:  0)
   701912    145096   5630088  0.003  0.000   10.473    1.556    0    0  (Gen:  0)
   521144    129808   5693296  0.003  0.000   10.476    1.557    0    0  (Gen:  0)
   520816     91464   5780608  0.002  0.000   10.479    1.557    0    0  (Gen:  0)
   520752    125040   5847928  0.003  0.000   10.483    1.558    0    0  (Gen:  0)
   520896    102056   5906872  0.003  0.000   10.487    1.559    0    0  (Gen:  0)
   521304    149816   5982736  0.003  0.000   10.491    1.559    0    0  (Gen:  0)
   520584    141488   6050480  0.003  0.000   10.495    1.560    0    0  (Gen:  0)
   521176    106936   6105424  0.003  0.000   10.499    1.560    0    0  (Gen:  0)
   520928    147824   6174760  0.002  0.000   10.502    1.561    0    0  (Gen:  0)
   520960    137816   6259488  0.003  0.000   10.506    1.562    0    0  (Gen:  0)
   520704    124704   6317712  0.003  0.000   10.511    1.562    0    0  (Gen:  0)
   520752    131440   6370016  0.003  0.000   10.515    1.563    0    0  (Gen:  0)
   520736    165776   6456352  0.003  0.000   10.519    1.564    0    0  (Gen:  0)
   520472    127344   6511224  0.004  0.000   10.524    1.564    0    0  (Gen:  0)
   520768    167192   6599072  0.005  0.000   10.530    1.565    0    0  (Gen:  0)
   520312     83992   6675912  0.003  0.000   10.533    1.566    0    0  (Gen:  0)
   520544    174112   6767312  0.003  0.000   10.537    1.566    0    0  (Gen:  0)
   520576    145440   6840264  0.003  0.000   10.541    1.567    0    0  (Gen:  0)
   521224    129184   6910552  0.003  0.000   10.545    1.567    0    0  (Gen:  0)
   520112    172952   7001504  0.003  0.000   10.550    1.568    0    0  (Gen:  0)
   521080    161504   7087472  0.003  0.000   10.554    1.569    0    0  (Gen:  0)
   520824    126416   7153344  0.003  0.000   10.558    1.569    0    0  (Gen:  0)
   520672    164288   7236112  0.003  0.000   10.562    1.570    0    0  (Gen:  0)
   537280    157440   7315560  0.003  0.000   10.566    1.571    0    0  (Gen:  0)
   520856    120984   7381752  0.003  0.000   10.570    1.571    0    0  (Gen:  0)
   520544    182536   7480016  0.003  0.000   10.575    1.572    0    0  (Gen:  0)
   520776    151992   7563504  0.003  0.000   10.578    1.572    0    0  (Gen:  0)
   520856    132168   7626304  0.003  0.000   10.583    1.573    0    0  (Gen:  0)
   520472    141072   7683736  0.004  0.000   10.588    1.574    0    0  (Gen:  0)
   520640    173200   7775080  0.003  0.000   10.592    1.574    0    0  (Gen:  0)
   520992    135880   7836440  0.003  0.000   10.596    1.575    0    0  (Gen:  0)
   521248    143184   7896000  0.004  0.000   10.601    1.576    0    0  (Gen:  0)
   520664    175320   7985400  0.003  0.000   10.606    1.576    0    0  (Gen:  0)
   520920    141808   8045432  0.004  0.000   10.611    1.577    0    0  (Gen:  0)
   520896    174728   8133488  0.005  0.000   10.617    1.578    0    0  (Gen:  0)
   520840     91968   8213344  0.003  0.000   10.620    1.579    0    0  (Gen:  0)
   521128    185040   8311752  0.003  0.000   10.624    1.579    0    0  (Gen:  0)
   520880    154184   8386360  0.004  0.000   10.629    1.580    0    0  (Gen:  0)
   520808    106000   8460096  0.003  0.000   10.633    1.580    0    0  (Gen:  0)
   520848    169328   8544176  0.003  0.000   10.637    1.581    0    0  (Gen:  0)
   520848    151352   8622480  0.003  0.000   10.642    1.582    0    0  (Gen:  0)
   520816    113344   8693376  0.003  0.000   10.646    1.582    0    0  (Gen:  0)
   521328    177976   8783776  0.003  0.000   10.650    1.583    0    0  (Gen:  0)
   520824    159232   8863144  0.003  0.000   10.654    1.584    0    0  (Gen:  0)
   520960    126720   8931880  0.003  0.000   10.658    1.584    0    0  (Gen:  0)
   520928    170000   9013864  0.003  0.000   10.663    1.585    0    0  (Gen:  0)
   520696    169736   9098520  0.003  0.000   10.667    1.586    0    0  (Gen:  0)
   520576    138712   9166720  0.003  0.000   10.672    1.586    0    0  (Gen:  0)
   520008    192048   9272056  0.004  0.000   10.677    1.587    0    0  (Gen:  0)
   521184    150024   9361256  0.003  0.000   10.681    1.588    0    0  (Gen:  0)
   520632    144096   9430528  0.004  0.000   10.686    1.588    0    0  (Gen:  0)
   521160    153152   9493504  0.004  0.000   10.691    1.589    0    0  (Gen:  0)
   520696    187152   9591760  0.003  0.000   10.695    1.590    0    0  (Gen:  0)
   521264    141648   9658344  0.004  0.000   10.700    1.591    0    0  (Gen:  0)
   520512    155224   9722152  0.004  0.000   10.705    1.591    0    0  (Gen:  0)
   520616    183784   9817616  0.003  0.000   10.710    1.592    0    0  (Gen:  0)
   520856    156904   9887376  0.004  0.000   10.715    1.593    0    0  (Gen:  0)
   520544    156896   9951952  0.004  0.000   10.721    1.594    0    0  (Gen:  0)
   521224    126416   9986848  0.003  0.000   10.725    1.594    0    0  (Gen:  0)
   521184     47592  10006912  0.002  0.000   10.728    1.595    0    0  (Gen:  0)
   521304     93960  10068248  0.002  0.000   10.731    1.595    0    0  (Gen:  0)
   520352     56520  10096384  0.002  0.000   10.734    1.596    0    0  (Gen:  0)
   520448     71256  10120816  0.003  0.000   10.740    1.596    0    0  (Gen:  0)
   521864    107416  10180336  0.002  0.000   10.744    1.597    0    0  (Gen:  0)
   521176     80408  10212056  0.005  0.000   10.751    1.598    0    0  (Gen:  0)
   520304     93424  10251168  0.003  0.000   10.756    1.599    0    0  (Gen:  0)
   520712     70016  10302136  0.003  0.000   10.761    1.599    0    0  (Gen:  0)
   520720    132728  10375344  0.005  0.000   10.769    1.601    0    0  (Gen:  0)
   520568   4201040   5186776  0.016  0.002   10.787    1.603    0    0  (Gen:  1)
   520752     98728   5221672  0.003  0.000   10.792    1.604    0    0  (Gen:  0)
   521112    126192   5286936  0.002  0.000   10.796    1.604    0    0  (Gen:  0)
   521048    125400   5348432  0.002  0.000   10.799    1.605    0    0  (Gen:  0)
   521080    100920   5396328  0.003  0.000   10.804    1.605    0    0  (Gen:  0)
   521048    108528   5436816  0.003  0.000   10.808    1.606    0    0  (Gen:  0)
   520976    137912   5505400  0.002  0.000   10.812    1.607    0    0  (Gen:  0)
   520752    109784   5551256  0.003  0.000   10.816    1.607    0    0  (Gen:  0)
   521152    121168   5600304  0.002  0.000   10.820    1.608    0    0  (Gen:  0)
   520888     91864   5663416  0.002  0.000   10.823    1.609    0    0  (Gen:  0)
   520728    141576   5732456  0.002  0.000   10.826    1.609    0    0  (Gen:  0)
   521304    125848   5799040  0.002  0.000   10.829    1.610    0    0  (Gen:  0)
   521128     98256   5856016  0.002  0.000   10.847    1.611    0    0  (Gen:  0)
   520808    150976   5935728  0.002  0.000   10.850    1.612    0    0  (Gen:  0)
   520720    137160   6004976  0.002  0.000   10.853    1.613    0    0  (Gen:  0)
   520936    113248   6061992  0.003  0.000   10.858    1.613    0    0  (Gen:  0)
   521192    124504   6109752  0.003  0.000   10.863    1.614    0    0  (Gen:  0)
   520600    156104   6188536  0.002  0.000   10.866    1.615    0    0  (Gen:  0)
   521144    119088   6241784  0.003  0.000   10.871    1.615    0    0  (Gen:  0)
   521048    130784   6294760  0.003  0.000   10.876    1.616    0    0  (Gen:  0)
   520704    151440   6372208  0.002  0.000   10.880    1.617    0    0  (Gen:  0)
   520896    129904   6427464  0.003  0.000   10.885    1.618    0    0  (Gen:  0)
   520688    137520   6488288  0.002  0.000   10.890    1.618    0    0  (Gen:  0)
   520992    105544   6560040  0.002  0.000   10.894    1.619    0    0  (Gen:  0)
   520360    150616   6631776  0.002  0.000   10.898    1.620    0    0  (Gen:  0)
   520784    149880   6715968  0.002  0.000   10.902    1.620    0    0  (Gen:  0)
   519944    117256   6786664  0.002  0.000   10.906    1.621    0    0  (Gen:  0)
   520664    160488   6864456  0.002  0.000   10.910    1.622    0    0  (Gen:  0)
   520728    151752   6941240  0.002  0.000   10.914    1.622    0    0  (Gen:  0)
   520968    122024   7007248  0.003  0.000   10.919    1.623    0    0  (Gen:  0)
   520440     89928   7093264  0.002  0.000   10.923    1.624    0    0  (Gen:  0)
   521144    152824   7168544  0.002  0.000   10.927    1.625    0    0  (Gen:  0)
   520608    130896   7232288  0.003  0.000   10.932    1.625    0    0  (Gen:  0)
   520648    140032   7287496  0.004  0.000   10.947    1.627    0    0  (Gen:  0)
   562536    180256   7383120  0.003  0.000   10.952    1.628    0    0  (Gen:  0)
   521112    128592   7446432  0.003  0.000   10.956    1.629    0    0  (Gen:  0)
   520336    177000   7539600  0.002  0.000   10.960    1.630    0    0  (Gen:  0)
   520992    154424   7622032  0.002  0.000   10.964    1.630    0    0  (Gen:  0)
   520600    133472   7683568  0.003  0.000   10.969    1.631    0    0  (Gen:  0)
   520736    140928   7741232  0.003  0.000   10.974    1.632    0    0  (Gen:  0)
   520472    166512   7825816  0.003  0.000   10.979    1.633    0    0  (Gen:  0)
   521256    140888   7884096  0.003  0.000   10.984    1.634    0    0  (Gen:  0)
   521224    172144   7972592  0.002  0.000   10.988    1.635    0    0  (Gen:  0)
   520624    134256   8050488  0.002  0.000   10.992    1.635    0    0  (Gen:  0)
   520632    168160   8132080  0.002  0.000   10.996    1.636    0    0  (Gen:  0)
   521040    145576   8206552  0.003  0.000   11.000    1.637    0    0  (Gen:  0)
   520952    113336   8280280  0.003  0.000   11.004    1.637    0    0  (Gen:  0)
   521104    178936   8371872  0.003  0.000   11.009    1.638    0    0  (Gen:  0)
   520736    154736   8450240  0.002  0.000   11.013    1.639    0    0  (Gen:  0)
   520912    124264   8519976  0.003  0.000   11.018    1.640    0    0  (Gen:  0)
   520464    169672   8604400  0.003  0.000   11.022    1.641    0    0  (Gen:  0)
   521152    163872   8685640  0.003  0.000   11.027    1.641    0    0  (Gen:  0)
   520848    139216   8753744  0.003  0.000   11.032    1.642    0    0  (Gen:  0)
   521240    148584   8813776  0.003  0.000   11.037    1.643    0    0  (Gen:  0)
   520736    183360   8909984  0.003  0.000   11.046    1.645    0    0  (Gen:  0)
   521152    135776   8977440  0.003  0.000   11.052    1.645    0    0  (Gen:  0)
   520632    150536   9038936  0.003  0.000   11.057    1.646    0    0  (Gen:  0)
   524528    180888   9134272  0.003  0.000   11.061    1.647    0    0  (Gen:  0)
   520888    145584   9199632  0.004  0.000   11.067    1.648    0    0  (Gen:  0)
   520728    185992   9297984  0.003  0.000   11.072    1.649    0    0  (Gen:  0)
   520952    153368   9386288  0.003  0.000   11.077    1.650    0    0  (Gen:  0)
   520920    146664   9453464  0.004  0.000   11.082    1.651    0    0  (Gen:  0)
   521032    153456   9517688  0.004  0.000   11.088    1.652    0    0  (Gen:  0)
   521064    181040   9608352  0.003  0.000   11.092    1.652    0    0  (Gen:  0)
   520816    151984   9673872  0.004  0.000   11.098    1.653    0    0  (Gen:  0)
   520752    180440   9762824  0.004  0.000   11.104    1.654    0    0  (Gen:  0)
   520760    101704   9847968  0.003  0.000   11.109    1.655    0    0  (Gen:  0)
   520616    179552   9934496  0.002  0.000   11.113    1.656    0    0  (Gen:  0)
   524616    142224  10008512  0.004  0.000   11.119    1.657    0    0  (Gen:  0)
   520872     32824  10028184  0.002  0.000   11.122    1.657    0    0  (Gen:  0)
   521360     67416  10070432  0.002  0.000   11.126    1.658    0    0  (Gen:  0)
   520880     70440  10106720  0.002  0.000   11.129    1.658    0    0  (Gen:  0)
   520368     61648  10134136  0.002  0.000   11.133    1.659    0    0  (Gen:  0)
   520880     72232  10159288  0.002  0.000   11.137    1.659    0    0  (Gen:  0)
   521736    102736  10214096  0.003  0.000   11.142    1.660    0    0  (Gen:  0)
   520856   4130112   5115832  0.016  0.001   11.160    1.662    0    0  (Gen:  1)
   520488    117760   5178968  0.002  0.000   11.164    1.663    0    0  (Gen:  0)
   520856     77952   5226192  0.002  0.000   11.168    1.664    0    0  (Gen:  0)
   520592    127064   5293184  0.002  0.000   11.172    1.664    0    0  (Gen:  0)
   520608    117008   5349752  0.002  0.000   11.176    1.665    0    0  (Gen:  0)
   520920     92744   5391520  0.002  0.000   11.180    1.665    0    0  (Gen:  0)
   520944    144248   5474632  0.002  0.000   11.184    1.666    0    0  (Gen:  0)
   520984    131456   5542808  0.002  0.000   11.189    1.667    0    0  (Gen:  0)
   521136    106304   5587680  0.003  0.000   11.193    1.667    0    0  (Gen:  0)
   521128    112480   5630520  0.003  0.000   11.198    1.668    0    0  (Gen:  0)
   520888     70336   5694776  0.002  0.000   11.202    1.669    0    0  (Gen:  0)
   520944    145912   5772136  0.002  0.000   11.206    1.669    0    0  (Gen:  0)
   521248    130440   5835056  0.002  0.000   11.210    1.670    0    0  (Gen:  0)
   520528    102352   5893304  0.002  0.000   11.214    1.671    0    0  (Gen:  0)
   520976    143528   5963752  0.002  0.000   11.218    1.671    0    0  (Gen:  0)
   673224    130064   6027032  0.002  0.000   11.222    1.672    0    0  (Gen:  0)
   520576    107728   6082320  0.002  0.000   11.226    1.673    0    0  (Gen:  0)
   521368    144328   6155024  0.002  0.000   11.230    1.673    0    0  (Gen:  0)
   520888    142224   6225152  0.002  0.000   11.234    1.674    0    0  (Gen:  0)
   521040    117680   6279928  0.003  0.000   11.238    1.675    0    0  (Gen:  0)
   520712    123184   6327496  0.003  0.000   11.243    1.675    0    0  (Gen:  0)
   520344    157872   6410928  0.002  0.000   11.256    1.677    0    0  (Gen:  0)
   520400    122088   6463296  0.003  0.000   11.261    1.678    0    0  (Gen:  0)
   520864    130424   6515848  0.003  0.000   11.265    1.679    0    0  (Gen:  0)
   520560    151912   6594472  0.003  0.000   11.269    1.680    0    0  (Gen:  0)
   520984    131064   6649200  0.003  0.000   11.274    1.680    0    0  (Gen:  0)
   524776    159384   6730120  0.003  0.000   11.278    1.681    0    0  (Gen:  0)
   521272    115856   6799016  0.003  0.000   11.283    1.682    0    0  (Gen:  0)
   520784    167496   6887656  0.002  0.000   11.287    1.682    0    0  (Gen:  0)
   520760    135984   6959880  0.002  0.000   11.291    1.683    0    0  (Gen:  0)
   519656    115448   7028528  0.003  0.000   11.296    1.684    0    0  (Gen:  0)
   520728    160536   7107448  0.003  0.000   11.300    1.685    0    0  (Gen:  0)
   524960    151784   7184864  0.003  0.000   11.305    1.685    0    0  (Gen:  0)
   520576    124392   7250304  0.003  0.000   11.310    1.686    0    0  (Gen:  0)
   521000    139968   7305784  0.003  0.000   11.314    1.687    0    0  (Gen:  0)
   525064    171968   7397256  0.003  0.000   11.319    1.688    0    0  (Gen:  0)
   524976    126632   7457872  0.002  0.000   11.323    1.688    0    0  (Gen:  0)
   529352    140712   7515440  0.003  0.000   11.328    1.689    0    0  (Gen:  0)
   558072    167040   7597688  0.003  0.000   11.333    1.690    0    0  (Gen:  0)
   520896    134928   7659544  0.004  0.000   11.338    1.691    0    0  (Gen:  0)
   520928    176600   7753896  0.003  0.000   11.343    1.692    0    0  (Gen:  0)
   520656    155600   7834880  0.021  0.002   11.366    1.694    0    0  (Gen:  0)
   521536    136096   7894920  0.004  0.000   11.372    1.695    0    0  (Gen:  0)
   520544    164208   7975528  0.004  0.000   11.378    1.696    0    0  (Gen:  0)
   521080     92136   8053664  0.003  0.000   11.385    1.697    0    0  (Gen:  0)
   520360    180488   8150264  0.003  0.000   11.391    1.698    0    0  (Gen:  0)
   521040    168384   8240816  0.003  0.000   11.396    1.699    0    0  (Gen:  0)
   520792    146096   8316648  0.003  0.000   11.401    1.700    0    0  (Gen:  0)
   521136    169800   8399040  0.003  0.000   11.407    1.701    0    0  (Gen:  0)
   521040    152312   8475296  0.003  0.000   11.412    1.702    0    0  (Gen:  0)
   521096    118160   8547304  0.003  0.000   11.417    1.703    0    0  (Gen:  0)
   520928    176520   8636312  0.003  0.000   11.422    1.703    0    0  (Gen:  0)
   521152    163648   8718064  0.003  0.000   11.428    1.704    0    0  (Gen:  0)
   520984    124896   8785304  0.003  0.000   11.433    1.705    0    0  (Gen:  0)
   520608    148320   8846696  0.004  0.000   11.439    1.706    0    0  (Gen:  0)
   520872    179872   8942592  0.003  0.000   11.444    1.707    0    0  (Gen:  0)
   520696    130496   9010424  0.004  0.000   11.449    1.708    0    0  (Gen:  0)
   520880    149312   9069736  0.004  0.000   11.455    1.709    0    0  (Gen:  0)
   520672    179520   9160744  0.003  0.000   11.460    1.709    0    0  (Gen:  0)
   521192    139992   9227992  0.007  0.001   11.469    1.711    0    0  (Gen:  0)
   520608    148080   9286600  0.004  0.000   11.475    1.712    0    0  (Gen:  0)
   520608    175408   9376344  0.003  0.000   11.480    1.712    0    0  (Gen:  0)
   520400    143712   9438512  0.004  0.000   11.486    1.713    0    0  (Gen:  0)
   520672    174144   9523600  0.002  0.000   11.490    1.714    0    0  (Gen:  0)
   521656    160440   9612104  0.002  0.000   11.494    1.715    0    0  (Gen:  0)
   520648    151400   9676872  0.002  0.000   11.498    1.715    0    0  (Gen:  0)
   520136    157496   9745584  0.004  0.000   11.504    1.716    0    0  (Gen:  0)
   520992     91000   9829560  0.003  0.000   11.507    1.717    0    0  (Gen:  0)
   520632    172304   9912664  0.003  0.000   11.511    1.718    0    0  (Gen:  0)
   520896    145280   9988864  0.004  0.000   11.517    1.719    0    0  (Gen:  0)
   519984    144472  10071168  0.003  0.000   11.521    1.719    0    0  (Gen:  0)
   521176    195808  10174544  0.003  0.000   11.525    1.720    0    0  (Gen:  0)
   520712   4001120   4986784  0.013  0.001   11.539    1.721    0    0  (Gen:  1)
   521152     33864   5005880  0.002  0.000   11.542    1.722    0    0  (Gen:  0)
   521248     65016   5044920  0.002  0.000   11.545    1.722    0    0  (Gen:  0)
   520992     71488   5081424  0.001  0.000   11.549    1.723    0    0  (Gen:  0)
   520264     63432   5109072  0.002  0.000   11.552    1.723    0    0  (Gen:  0)
   520952     73488   5135136  0.003  0.000   11.556    1.724    0    0  (Gen:  0)
   521704     52808   5183608  0.002  0.000   11.559    1.725    0    0  (Gen:  0)
   520832    102032   5233696  0.002  0.000   11.563    1.725    0    0  (Gen:  0)
   520504     99640   5284728  0.002  0.000   11.567    1.726    0    0  (Gen:  0)
   520712     80456   5329880  0.002  0.000   11.571    1.726    0    0  (Gen:  0)
   520592    120944   5390936  0.002  0.000   11.575    1.727    0    0  (Gen:  0)
   660768    116368   5450704  0.002  0.000   11.579    1.728    0    0  (Gen:  0)
   520432     90960   5492384  0.003  0.000   11.584    1.728    0    0  (Gen:  0)
   520512    144352   5576296  0.003  0.000   11.588    1.729    0    0  (Gen:  0)
   520784    125088   5644488  0.002  0.000   11.592    1.730    0    0  (Gen:  0)
   521176    101368   5689600  0.003  0.000   11.597    1.730    0    0  (Gen:  0)
   520928    109344   5728984  0.003  0.000   11.602    1.731    0    0  (Gen:  0)
   524984    134488   5796152  0.002  0.000   11.606    1.732    0    0  (Gen:  0)
   520944    112800   5840008  0.003  0.000   11.612    1.733    0    0  (Gen:  0)
   524752    144104   5914952  0.003  0.000   11.616    1.733    0    0  (Gen:  0)
   521088    100336   5973296  0.002  0.000   11.621    1.734    0    0  (Gen:  0)
   529104    152784   6054000  0.002  0.000   11.625    1.735    0    0  (Gen:  0)
   561304    132848   6119216  0.002  0.000   11.629    1.735    0    0  (Gen:  0)
   520752    117528   6175392  0.002  0.000   11.632    1.736    0    0  (Gen:  0)
   520928    165008   6268536  0.002  0.000   11.635    1.736    0    0  (Gen:  0)
   520504    117736   6354624  0.002  0.000   11.638    1.737    0    0  (Gen:  0)
   521560    120936   6409304  0.002  0.000   11.642    1.738    0    0  (Gen:  0)
   520128    123168   6457320  0.003  0.000   11.647    1.739    0    0  (Gen:  0)
   520440    154384   6535808  0.002  0.000   11.651    1.739    0    0  (Gen:  0)
   520824    120056   6589080  0.003  0.000   11.655    1.740    0    0  (Gen:  0)
   520848    132136   6642624  0.003  0.000   11.660    1.741    0    0  (Gen:  0)
   520840     88360   6715840  0.002  0.000   11.663    1.741    0    0  (Gen:  0)
   520872    153560   6791384  0.002  0.000   11.667    1.742    0    0  (Gen:  0)
   521024    131352   6860552  0.002  0.000   11.671    1.743    0    0  (Gen:  0)
   520960    126704   6928752  0.003  0.000   11.682    1.744    0    0  (Gen:  0)
   521304    166968   7018144  0.003  0.000   11.686    1.745    0    0  (Gen:  0)
   521304    139048   7089720  0.003  0.000   11.691    1.746    0    0  (Gen:  0)
   520392    121400   7158224  0.003  0.000   11.696    1.746    0    0  (Gen:  0)
   520336    165384   7243464  0.003  0.000   11.700    1.747    0    0  (Gen:  0)
   521544    157008   7322064  0.003  0.000   11.704    1.748    0    0  (Gen:  0)
   520512    122784   7386520  0.003  0.000   11.709    1.749    0    0  (Gen:  0)
   520744    184376   7488288  0.003  0.000   11.714    1.749    0    0  (Gen:  0)
   520904    145208   7570016  0.003  0.000   11.718    1.750    0    0  (Gen:  0)
   520920    133056   7630192  0.003  0.000   11.723    1.751    0    0  (Gen:  0)
   520768    139632   7686016  0.004  0.000   11.728    1.752    0    0  (Gen:  0)
   537408    166960   7768800  0.003  0.000   11.733    1.752    0    0  (Gen:  0)
   521040    138664   7830976  0.002  0.000   11.737    1.753    0    0  (Gen:  0)
   521304    178328   7926712  0.002  0.000   11.741    1.754    0    0  (Gen:  0)
   520888    158528   8008968  0.002  0.000   11.744    1.754    0    0  (Gen:  0)
   520752    139608   8067696  0.002  0.000   11.748    1.755    0    0  (Gen:  0)
   520872    149624   8133512  0.002  0.000   11.752    1.756    0    0  (Gen:  0)
   520328    126808   8208976  0.002  0.000   11.755    1.756    0    0  (Gen:  0)
   520512    184352   8308816  0.002  0.000   11.759    1.757    0    0  (Gen:  0)
   520928    149160   8384280  0.002  0.000   11.763    1.758    0    0  (Gen:  0)
   520672    129248   8457032  0.002  0.000   11.766    1.758    0    0  (Gen:  0)
   521528    169888   8539872  0.002  0.000   11.769    1.759    0    0  (Gen:  0)
   520712    157088   8617728  0.004  0.000   11.784    1.761    0    0  (Gen:  0)
   520328    111904   8687080  0.003  0.000   11.789    1.762    0    0  (Gen:  0)
   521480    173784   8775928  0.003  0.000   11.794    1.762    0    0  (Gen:  0)
   520760    163712   8857832  0.003  0.000   11.798    1.763    0    0  (Gen:  0)
   520824    128040   8924552  0.003  0.000   11.803    1.764    0    0  (Gen:  0)
   520896    147976   8985568  0.004  0.000   11.809    1.765    0    0  (Gen:  0)
   520944    178272   9078312  0.003  0.000   11.813    1.765    0    0  (Gen:  0)
   520984    136872   9144488  0.004  0.000   11.818    1.766    0    0  (Gen:  0)
   520992    147680   9202552  0.004  0.000   11.824    1.767    0    0  (Gen:  0)
   521632    171480   9285776  0.003  0.000   11.828    1.768    0    0  (Gen:  0)
   520432    140576   9351472  0.004  0.000   11.834    1.769    0    0  (Gen:  0)
   520528    148240   9411328  0.004  0.000   11.840    1.770    0    0  (Gen:  0)
   521464    175672   9501528  0.003  0.000   11.845    1.770    0    0  (Gen:  0)
   520640    149392   9564416  0.004  0.000   11.850    1.771    0    0  (Gen:  0)
   520912    188272   9664152  0.003  0.000   11.855    1.772    0    0  (Gen:  0)
   520992    168408   9749688  0.002  0.000   11.859    1.773    0    0  (Gen:  0)
   521344    151704   9814200  0.002  0.000   11.862    1.773    0    0  (Gen:  0)
   520960    160160   9885688  0.002  0.000   11.866    1.774    0    0  (Gen:  0)
   521176    162104   9967272  0.002  0.000   11.869    1.775    0    0  (Gen:  0)
   520608   5324304   6313992  0.016  0.002   11.887    1.777    0    0  (Gen:  1)
   520504    190792   6414824  0.002  0.000   11.891    1.778    0    0  (Gen:  0)
   520520    133624   6495624  0.002  0.000   11.894    1.778    0    0  (Gen:  0)
   521320    181976   6583320  0.002  0.000   11.898    1.779    0    0  (Gen:  0)
   570560    148992   6648672  0.003  0.000   11.903    1.780    0    0  (Gen:  0)
   553928     34992   6667688  0.001  0.000   11.906    1.780    0    0  (Gen:  0)
   536904     62744   6704456  0.001  0.000   11.908    1.781    0    0  (Gen:  0)
   537016     74760   6743328  0.001  0.000   11.911    1.781    0    0  (Gen:  0)
   520840     64008   6769072  0.001  0.000   11.914    1.782    0    0  (Gen:  0)
   537432     77448   6797928  0.002  0.000   11.918    1.782    0    0  (Gen:  0)
   520712     55360   6845224  0.001  0.000   11.921    1.783    0    0  (Gen:  0)
   520952    105104   6896000  0.002  0.000   11.924    1.784    0    0  (Gen:  0)
   520888    101832   6946608  0.002  0.000   11.927    1.784    0    0  (Gen:  0)
   521040     87224   6990936  0.001  0.000   11.930    1.785    0    0  (Gen:  0)
   521224     94512   7024248  0.002  0.000   11.934    1.785    0    0  (Gen:  0)
   537544    121248   7085104  0.002  0.000   11.937    1.786    0    0  (Gen:  0)
   520448     97096   7124464  0.002  0.000   11.940    1.786    0    0  (Gen:  0)
   520776    136616   7198264  0.002  0.000   11.943    1.787    0    0  (Gen:  0)
   521088    132120   7265680  0.002  0.000   11.946    1.788    0    0  (Gen:  0)
   521344    110656   7309160  0.002  0.000   11.950    1.788    0    0  (Gen:  0)
   521688    120944   7360072  0.002  0.000   11.953    1.789    0    0  (Gen:  0)
   521400     88152   7418368  0.001  0.000   11.956    1.789    0    0  (Gen:  0)
   520904    147768   7497656  0.002  0.000   11.960    1.790    0    0  (Gen:  0)
   520752    132072   7563024  0.002  0.000   11.963    1.791    0    0  (Gen:  0)
   521600    113552   7618808  0.002  0.000   11.967    1.791    0    0  (Gen:  0)
   520544    119784   7663680  0.002  0.000   11.970    1.792    0    0  (Gen:  0)
   537472    157960   7749408  0.002  0.000   11.974    1.793    0    0  (Gen:  0)
   520632    110928   7801632  0.002  0.000   11.978    1.793    0    0  (Gen:  0)
   520800    162096   7890104  0.002  0.000   11.983    1.794    0    0  (Gen:  0)
   520880    131680   7964016  0.002  0.000   11.986    1.795    0    0  (Gen:  0)
   520936    119768   8014328  0.002  0.000   11.990    1.795    0    0  (Gen:  0)
   520936    126456   8066832  0.003  0.000   11.995    1.796    0    0  (Gen:  0)
   520984     81040   8134856  0.002  0.000   11.998    1.796    0    0  (Gen:  0)
   521176    159472   8221360  0.002  0.000   12.002    1.797    0    0  (Gen:  0)
   521088    128312   8285448  0.002  0.000   12.006    1.798    0    0  (Gen:  0)
   520400    116952   8353272  0.003  0.000   12.010    1.799    0    0  (Gen:  0)
   520320    156056   8429936  0.003  0.000   12.014    1.799    0    0  (Gen:  0)
   520792    144248   8503456  0.003  0.000   12.018    1.800    0    0  (Gen:  0)
   521128    110608   8563400  0.003  0.000   12.023    1.801    0    0  (Gen:  0)
   520776    155768   8640792  0.003  0.000   12.027    1.801    0    0  (Gen:  0)
   520928    166288   8727504  0.003  0.000   12.032    1.802    0    0  (Gen:  0)
   520864    133680   8792616  0.003  0.000   12.037    1.803    0    0  (Gen:  0)
   521160    138368   8847808  0.004  0.000   12.042    1.803    0    0  (Gen:  0)
   520992    173224   8937368  0.003  0.000   12.046    1.804    0    0  (Gen:  0)
   521016    134408   8998088  0.004  0.000   12.051    1.805    0    0  (Gen:  0)
   520840    139464   9051848  0.003  0.000   12.056    1.806    0    0  (Gen:  0)
   520968    166344   9137104  0.003  0.000   12.061    1.806    0    0  (Gen:  0)
   520792    136600   9193352  0.004  0.000   12.066    1.807    0    0  (Gen:  0)
   537016    147624   9259248  0.003  0.000   12.070    1.808    0    0  (Gen:  0)
   521128     96568   9334072  0.003  0.000   12.075    1.809    0    0  (Gen:  0)
   520888    174208   9426736  0.002  0.000   12.078    1.809    0    0  (Gen:  0)
   520232    144896   9499120  0.002  0.000   12.082    1.810    0    0  (Gen:  0)
   520840    133304   9568168  0.004  0.000   12.088    1.811    0    0  (Gen:  0)
   520912    172088   9658288  0.002  0.000   12.092    1.811    0    0  (Gen:  0)
   520432    152232   9734384  0.002  0.000   12.096    1.812    0    0  (Gen:  0)
   520920    126616   9803552  0.017  0.002   12.115    1.814    0    0  (Gen:  0)
   520392    172640   9891504  0.003  0.000   12.120    1.815    0    0  (Gen:  0)
   520688    163256   9971392  0.003  0.000   12.124    1.816    0    0  (Gen:  0)
   520824    136112  10039808  0.003  0.000   12.129    1.817    0    0  (Gen:  0)
   520840    147720  10099504  0.004  0.000   12.134    1.818    0    0  (Gen:  0)
   520752    186360  10202648  0.003  0.000   12.139    1.818    0    0  (Gen:  0)
   520672    130952  10264504  0.003  0.000   12.144    1.819    0    0  (Gen:  0)
   520648    182816  10363016  0.003  0.000   12.149    1.820    0    0  (Gen:  0)
   520816    165104  10449584  0.003  0.000   12.153    1.821    0    0  (Gen:  0)
   521176    145104  10515448  0.004  0.000   12.159    1.821    0    0  (Gen:  0)
   520928    150192  10574872  0.004  0.000   12.165    1.822    0    0  (Gen:  0)
   521240    176184  10665944  0.003  0.000   12.169    1.823    0    0  (Gen:  0)
   520648    146320  10727016  0.004  0.000   12.175    1.824    0    0  (Gen:  0)
   520536    153552  10790256  0.003  0.000   12.179    1.825    0    0  (Gen:  0)
   520840    113968  10867560  0.003  0.000   12.184    1.825    0    0  (Gen:  0)
   521000    169112  10949624  0.003  0.000   12.188    1.826    0    0  (Gen:  0)
   521016    147136  11028656  0.003  0.000   12.193    1.827    0    0  (Gen:  0)
   520448    143824  11105008  0.003  0.000   12.197    1.828    0    0  (Gen:  0)
   520872    184360  11202736  0.003  0.000   12.202    1.828    0    0  (Gen:  0)
   521080    154016  11283248  0.003  0.000   12.207    1.829    0    0  (Gen:  0)
   521056    125688  11356992  0.003  0.000   12.211    1.830    0    0  (Gen:  0)
   521176    184016  11452200  0.003  0.000   12.215    1.831    0    0  (Gen:  0)
   521664    167248  11535032  0.003  0.000   12.220    1.831    0    0  (Gen:  0)
   521024    128024  11605928  0.004  0.000   12.225    1.832    0    0  (Gen:  0)
   520328    176320  11692032  0.003  0.000   12.230    1.833    0    0  (Gen:  0)
   521232    171752  11775416  0.003  0.000   12.234    1.834    0    0  (Gen:  0)
   520488    139816  11851096  0.003  0.000   12.240    1.835    0    0  (Gen:  0)
   521000    156824  11915176  0.004  0.000   12.246    1.835    0    0  (Gen:  0)
   520728    190184  12013016  0.003  0.000   12.250    1.836    0    0  (Gen:  0)
   520896    147768  12085048  0.004  0.000   12.256    1.837    0    0  (Gen:  0)
   520000    194808  12188376  0.003  0.000   12.260    1.838    0    0  (Gen:  0)
   520176    159896  12282472  0.003  0.000   12.265    1.839    0    0  (Gen:  0)
   520560    158144  12361592  0.003  0.000   12.269    1.839    0    0  (Gen:  0)
   520128    141912  12436992  0.003  0.000   12.274    1.840    0    0  (Gen:  0)
   520664   5501872   6479240  0.018  0.002   12.293    1.842    0    0  (Gen:  1)
   520888    197616   6588376  0.002  0.000   12.298    1.843    0    0  (Gen:  0)
   521224    134216   6660576  0.003  0.000   12.303    1.844    0    0  (Gen:  0)
   520408    181896   6752544  0.003  0.000   12.307    1.844    0    0  (Gen:  0)
   521056    158272   6818912  0.004  0.000   12.312    1.845    0    0  (Gen:  0)
   520656    180848   6908448  0.004  0.000   12.318    1.846    0    0  (Gen:  0)
   520944     31448   6927864  0.002  0.000   12.321    1.847    0    0  (Gen:  0)
   520664     65728   6969016  0.002  0.000   12.324    1.847    0    0  (Gen:  0)
   520728     69272   7004792  0.001  0.000   12.327    1.847    0    0  (Gen:  0)
   521208     60800   7032000  0.002  0.000   12.330    1.848    0    0  (Gen:  0)
   520864     71288   7056448  0.002  0.000   12.335    1.849    0    0  (Gen:  0)
   521208     99792   7108912  0.002  0.000   12.339    1.849    0    0  (Gen:  0)
   520960     82648   7139936  0.002  0.000   12.343    1.850    0    0  (Gen:  0)
   521608     99168   7183416  0.002  0.000   12.347    1.850    0    0  (Gen:  0)
   520488     81856   7230016  0.002  0.000   12.351    1.851    0    0  (Gen:  0)
   520984    120320   7290040  0.002  0.000   12.355    1.852    0    0  (Gen:  0)
   520816    115960   7347184  0.002  0.000   12.359    1.852    0    0  (Gen:  0)
   520256     87832   7388128  0.003  0.000   12.363    1.853    0    0  (Gen:  0)
   520744    140536   7467512  0.002  0.000   12.367    1.853    0    0  (Gen:  0)
   521200    121360   7535944  0.002  0.000   12.370    1.854    0    0  (Gen:  0)
   521048    103536   7581104  0.003  0.000   12.375    1.855    0    0  (Gen:  0)
   521368    112680   7623576  0.003  0.000   12.379    1.855    0    0  (Gen:  0)
   520712     74672   7688200  0.002  0.000   12.383    1.856    0    0  (Gen:  0)
   520656     83392   7767496  0.002  0.000   12.387    1.857    0    0  (Gen:  0)
   520688    115040   7831088  0.002  0.000   12.391    1.857    0    0  (Gen:  0)
   521720    106824   7889728  0.002  0.000   12.395    1.858    0    0  (Gen:  0)
   520576    143736   7960440  0.002  0.000   12.399    1.859    0    0  (Gen:  0)
   672816    132792   8029456  0.003  0.000   12.404    1.859    0    0  (Gen:  0)
   521048    112856   8084640  0.003  0.000   12.408    1.860    0    0  (Gen:  0)
   521584    147056   8159512  0.003  0.000   12.412    1.861    0    0  (Gen:  0)
   520912    142640   8229320  0.002  0.000   12.416    1.861    0    0  (Gen:  0)
   520760    113816   8285096  0.003  0.000   12.421    1.862    0    0  (Gen:  0)
   521136    125032   8333968  0.003  0.000   12.426    1.863    0    0  (Gen:  0)
   521000    157848   8414864  0.002  0.000   12.430    1.863    0    0  (Gen:  0)
   521120    121784   8467744  0.003  0.000   12.435    1.864    0    0  (Gen:  0)
   520832    129048   8519192  0.003  0.000   12.440    1.865    0    0  (Gen:  0)
   520472    151872   8595688  0.002  0.000   12.445    1.865    0    0  (Gen:  0)
   520992    132608   8649312  0.003  0.000   12.450    1.866    0    0  (Gen:  0)
   525192    143504   8713880  0.003  0.000   12.454    1.867    0    0  (Gen:  0)
   520912    107144   8782344  0.003  0.000   12.458    1.867    0    0  (Gen:  0)
   521320    170856   8874072  0.002  0.000   12.463    1.868    0    0  (Gen:  0)
   520512    141064   8945952  0.002  0.000   12.467    1.869    0    0  (Gen:  0)
   520728    125440   9014088  0.003  0.000   12.471    1.870    0    0  (Gen:  0)
   520936    161640   9094056  0.002  0.000   12.476    1.870    0    0  (Gen:  0)
   524688    156008   9171696  0.002  0.000   12.480    1.871    0    0  (Gen:  0)
   520976    126520   9236592  0.003  0.000   12.485    1.872    0    0  (Gen:  0)
   520712    140056   9292072  0.003  0.000   12.490    1.872    0    0  (Gen:  0)
   525064    168128   9378424  0.002  0.000   12.494    1.873    0    0  (Gen:  0)
   524616    133816   9438720  0.003  0.000   12.499    1.874    0    0  (Gen:  0)
   532776    140896   9496232  0.004  0.000   12.505    1.875    0    0  (Gen:  0)
   553192    168000   9578680  0.003  0.000   12.509    1.875    0    0  (Gen:  0)
   520360    138176   9639976  0.003  0.000   12.514    1.876    0    0  (Gen:  0)
   520744    175888   9733664  0.003  0.000   12.518    1.877    0    0  (Gen:  0)
   520776    161288   9817024  0.002  0.000   12.523    1.877    0    0  (Gen:  0)
   520824    139496   9875472  0.003  0.000   12.528    1.878    0    0  (Gen:  0)
   520904    150648   9942072  0.002  0.000   12.532    1.879    0    0  (Gen:  0)
   521160    119200  10016608  0.002  0.000   12.537    1.880    0    0  (Gen:  0)
   520472    180832  10112080  0.002  0.000   12.541    1.880    0    0  (Gen:  0)
   520656    151312  10190264  0.003  0.000   12.546    1.881    0    0  (Gen:  0)
   520648    141784  10262464  0.003  0.000   12.551    1.882    0    0  (Gen:  0)
   520920    169728  10345016  0.003  0.000   12.555    1.882    0    0  (Gen:  0)
   520496    159264  10424176  0.003  0.000   12.560    1.883    0    0  (Gen:  0)
   520696    122872  10491920  0.003  0.000   12.564    1.884    0    0  (Gen:  0)
   520912    171448  10578496  0.003  0.000   12.569    1.884    0    0  (Gen:  0)
   520720    166536  10660752  0.003  0.000   12.573    1.885    0    0  (Gen:  0)
   521184    133728  10726952  0.003  0.000   12.578    1.886    0    0  (Gen:  0)
   520976    149224  10788968  0.003  0.000   12.583    1.887    0    0  (Gen:  0)
   520952    178720  10881000  0.002  0.000   12.588    1.887    0    0  (Gen:  0)
   521088    140608  10945904  0.003  0.000   12.593    1.888    0    0  (Gen:  0)
   520528    188416  11046992  0.003  0.000   12.597    1.889    0    0  (Gen:  0)
   521064    168008  11133768  0.003  0.000   12.602    1.890    0    0  (Gen:  0)
   520632    145264  11197952  0.004  0.000   12.607    1.890    0    0  (Gen:  0)
   521040    147880  11257488  0.004  0.000   12.613    1.891    0    0  (Gen:  0)
   520560    177760  11348912  0.003  0.000   12.617    1.892    0    0  (Gen:  0)
   520752    149400  11411592  0.004  0.000   12.623    1.893    0    0  (Gen:  0)
   520424    189776  11512104  0.002  0.000   12.628    1.894    0    0  (Gen:  0)
   520504    157936  11590984  0.003  0.000   12.632    1.894    0    0  (Gen:  0)
   521384    172960  11675864  0.002  0.000   12.637    1.895    0    0  (Gen:  0)
   520920    152432  11756944  0.003  0.000   12.641    1.896    0    0  (Gen:  0)
   520480    113520  11833152  0.003  0.000   12.646    1.896    0    0  (Gen:  0)
   521368    188368  11933816  0.002  0.000   12.650    1.897    0    0  (Gen:  0)
   521032    161232  12013152  0.003  0.000   12.654    1.898    0    0  (Gen:  0)
   520896    127680  12091928  0.003  0.000   12.657    1.898    0    0  (Gen:  0)
   520392    182912  12180800  0.003  0.000   12.661    1.899    0    0  (Gen:  0)
   520864    167696  12265240  0.002  0.000   12.665    1.900    0    0  (Gen:  0)
   521328    136824  12339760  0.003  0.000   12.669    1.900    0    0  (Gen:  0)
   520784    180928  12429224  0.003  0.000   12.673    1.901    0    0  (Gen:  0)
   520424    172656  12516008  0.002  0.000   12.677    1.902    0    0  (Gen:  0)
   520488    143112  12589328  0.003  0.000   12.681    1.902    0    0  (Gen:  0)
   520520    154664  12652336  0.004  0.000   12.686    1.903    0    0  (Gen:  0)
   520536    187464  12749192  0.003  0.000   12.690    1.904    0    0  (Gen:  0)
   520624   5517320   6498984  0.018  0.001   12.711    1.906    0    0  (Gen:  1)
   521112    158552   6564184  0.003  0.000   12.716    1.907    0    0  (Gen:  0)
   520144    187936   6661680  0.002  0.000   12.719    1.907    0    0  (Gen:  0)
   520968    139592   6731712  0.003  0.000   12.724    1.908    0    0  (Gen:  0)
   520680    192208   6830992  0.002  0.000   12.728    1.909    0    0  (Gen:  0)
   520976    104072   6863656  0.002  0.000   12.732    1.909    0    0  (Gen:  0)
   520776     44760   6883360  0.002  0.000   12.736    1.910    0    0  (Gen:  0)
   520448     57584   6936496  0.002  0.000   12.740    1.910    0    0  (Gen:  0)
   521416     59992   6964584  0.002  0.000   12.744    1.911    0    0  (Gen:  0)
   520656     89152   7009272  0.002  0.000   12.747    1.911    0    0  (Gen:  0)
   521160     95240   7057008  0.002  0.000   12.751    1.912    0    0  (Gen:  0)
   521048     80128   7091688  0.002  0.000   12.755    1.913    0    0  (Gen:  0)
   521360     85376   7123256  0.003  0.000   12.759    1.913    0    0  (Gen:  0)
   521016    114096   7180416  0.002  0.000   12.762    1.914    0    0  (Gen:  0)
   520808     93360   7213728  0.002  0.000   12.766    1.914    0    0  (Gen:  0)
   520936    112384   7263160  0.002  0.000   12.770    1.915    0    0  (Gen:  0)
   520480     88872   7311096  0.002  0.000   12.773    1.915    0    0  (Gen:  0)
   520680    133096   7383104  0.002  0.000   12.777    1.916    0    0  (Gen:  0)
   520888    125968   7444544  0.003  0.000   12.781    1.917    0    0  (Gen:  0)
   521064     98848   7492888  0.002  0.000   12.785    1.917    0    0  (Gen:  0)
   521256    108320   7533144  0.003  0.000   12.789    1.918    0    0  (Gen:  0)
   520808    137352   7601392  0.003  0.000   12.793    1.918    0    0  (Gen:  0)
   520864    107944   7647296  0.003  0.000   12.797    1.919    0    0  (Gen:  0)
   520712    118640   7693896  0.003  0.000   12.801    1.920    0    0  (Gen:  0)
   521496    120464   7758472  0.003  0.000   12.805    1.920    0    0  (Gen:  0)
   520752    140816   7827336  0.003  0.000   12.809    1.921    0    0  (Gen:  0)
   520816    126384   7893368  0.002  0.000   12.812    1.922    0    0  (Gen:  0)
   520672    100432   7952760  0.003  0.000   12.816    1.922    0    0  (Gen:  0)
   520976    152840   8033864  0.003  0.000   12.820    1.923    0    0  (Gen:  0)
   520920    137448   8103712  0.002  0.000   12.823    1.923    0    0  (Gen:  0)
   520824    113128   8161536  0.003  0.000   12.827    1.924    0    0  (Gen:  0)
   520696    124904   8209120  0.003  0.000   12.832    1.925    0    0  (Gen:  0)
   520600    157000   8289112  0.003  0.000   12.836    1.925    0    0  (Gen:  0)
   521104    111512   8340656  0.003  0.000   12.840    1.926    0    0  (Gen:  0)
   521240    129840   8394776  0.004  0.000   12.845    1.927    0    0  (Gen:  0)
   520680    157392   8478392  0.003  0.000   12.848    1.927    0    0  (Gen:  0)
   520136    131008   8533512  0.003  0.000   12.853    1.928    0    0  (Gen:  0)
   520672    136744   8592080  0.003  0.000   12.858    1.929    0    0  (Gen:  0)
   521224     82248   8665272  0.002  0.000   12.862    1.929    0    0  (Gen:  0)
   520664    168160   8754000  0.002  0.000   12.866    1.930    0    0  (Gen:  0)
   521152    140432   8823928  0.002  0.000   12.870    1.931    0    0  (Gen:  0)
   520680    122928   8895016  0.003  0.000   12.874    1.931    0    0  (Gen:  0)
   521104    161640   8973296  0.003  0.000   12.878    1.932    0    0  (Gen:  0)
   520904    152680   9050304  0.003  0.000   12.882    1.933    0    0  (Gen:  0)
   521032    117752   9116160  0.003  0.000   12.887    1.933    0    0  (Gen:  0)
   521048    165488   9199008  0.003  0.000   12.891    1.934    0    0  (Gen:  0)
   520696    156120   9275568  0.003  0.000   12.895    1.935    0    0  (Gen:  0)
   521136    121120   9337376  0.003  0.000   12.900    1.935    0    0  (Gen:  0)
   520848    141664   9394520  0.003  0.000   12.905    1.936    0    0  (Gen:  0)
   549584    175088   9484784  0.003  0.000   12.909    1.937    0    0  (Gen:  0)
   520456    129952   9547808  0.003  0.000   12.914    1.937    0    0  (Gen:  0)
   520320    172760   9636280  0.002  0.000   12.918    1.938    0    0  (Gen:  0)
   520328    153360   9717808  0.002  0.000   12.922    1.939    0    0  (Gen:  0)
   521144    133632   9777704  0.003  0.000   12.927    1.939    0    0  (Gen:  0)
   520776    143448   9837928  0.004  0.000   12.932    1.940    0    0  (Gen:  0)
   520512     83896   9917584  0.003  0.000   12.936    1.941    0    0  (Gen:  0)
   520656    174032  10008808  0.003  0.000   12.940    1.941    0    0  (Gen:  0)
   520656    155616  10099384  0.003  0.000   12.944    1.942    0    0  (Gen:  0)
   520712    146216  10174816  0.003  0.000   12.949    1.943    0    0  (Gen:  0)
   520848    170080  10258320  0.002  0.000   12.953    1.944    0    0  (Gen:  0)
   520528    147904  10335344  0.003  0.000   12.957    1.944    0    0  (Gen:  0)
   520704    116232  10407464  0.003  0.000   12.962    1.945    0    0  (Gen:  0)
   520944    181104  10501712  0.003  0.000   12.966    1.946    0    0  (Gen:  0)
   520664    164624  10583480  0.002  0.000   12.970    1.946    0    0  (Gen:  0)
   521176    127480  10650376  0.003  0.000   12.974    1.947    0    0  (Gen:  0)
   520808    148272  10712040  0.004  0.000   12.979    1.948    0    0  (Gen:  0)
   521064    178304  10806456  0.003  0.000   12.984    1.948    0    0  (Gen:  0)
   521088    134544  10873112  0.003  0.000   12.988    1.949    0    0  (Gen:  0)
   520472    148920  10933192  0.003  0.000   12.993    1.950    0    0  (Gen:  0)
   521272    177328  11022200  0.003  0.000   12.997    1.951    0    0  (Gen:  0)
   520504    144416  11089856  0.004  0.000   13.002    1.951    0    0  (Gen:  0)
   521080    148632  11149912  0.004  0.000   13.007    1.952    0    0  (Gen:  0)
   524792    175848  11239936  0.003  0.000   13.012    1.953    0    0  (Gen:  0)
   521000    145264  11303192  0.003  0.000   13.017    1.954    0    0  (Gen:  0)
   520704    109008  11407768  0.002  0.000   13.020    1.954    0    0  (Gen:  0)
   520624    160976  11495712  0.002  0.000   13.024    1.955    0    0  (Gen:  0)
   521216    148704  11560784  0.003  0.000   13.029    1.956    0    0  (Gen:  0)
   520848    179656  11652016  0.004  0.000   13.034    1.956    0    0  (Gen:  0)
   520544     96216  11733136  0.002  0.000   13.038    1.957    0    0  (Gen:  0)
   521384    187640  11831928  0.002  0.000   13.042    1.958    0    0  (Gen:  0)
   521216    155640  11909480  0.003  0.000   13.046    1.959    0    0  (Gen:  0)
   520584    126192  11992744  0.002  0.000   13.050    1.959    0    0  (Gen:  0)
   520648    192688  12092336  0.002  0.000   13.054    1.960    0    0  (Gen:  0)
   585976    151352  12158272  0.003  0.000   13.059    1.961    0    0  (Gen:  0)
   554144     33888  12176648  0.001  0.000   13.062    1.961    0    0  (Gen:  0)
   536696     60400  12211296  0.001  0.000   13.065    1.962    0    0  (Gen:  0)
   537032     72272  12248448  0.002  0.000   13.068    1.962    0    0  (Gen:  0)
   520232     63352  12274424  0.002  0.000   13.071    1.963    0    0  (Gen:  0)
   520952     71624  12299256  0.002  0.000   13.075    1.963    0    0  (Gen:  0)
   537584     99400  12350600  0.002  0.000   13.078    1.964    0    0  (Gen:  0)
   521160     82840  12380056  0.002  0.000   13.082    1.965    0    0  (Gen:  0)
   521032    102448  12425960  0.002  0.000   13.085    1.965    0    0  (Gen:  0)
   520664     87704  12471016  0.002  0.000   13.089    1.966    0    0  (Gen:  0)
   520664    120648  12532024  0.002  0.000   13.092    1.966    0    0  (Gen:  0)
   537088    118512  12589608  0.002  0.000   13.096    1.967    0    0  (Gen:  0)
   521296     88792  12629928  0.002  0.000   13.099    1.968    0    0  (Gen:  0)
   520856    140576  12709616  0.002  0.000   13.103    1.968    0    0  (Gen:  0)
   520880    123248  12778112  0.002  0.000   13.107    1.969    0    0  (Gen:  0)
   521256   4274048   5251528  0.013  0.001   13.121    1.970    0    0  (Gen:  1)
   521008    116664   5298072  0.002  0.000   13.125    1.971    0    0  (Gen:  0)
   521040    102488   5359752  0.002  0.000   13.129    1.972    0    0  (Gen:  0)
   521048    150552   5441904  0.002  0.000   13.133    1.972    0    0  (Gen:  0)
   521152    123664   5505768  0.002  0.000   13.136    1.973    0    0  (Gen:  0)
   520328    101992   5562824  0.002  0.000   13.140    1.974    0    0  (Gen:  0)
   521232    143032   5633624  0.002  0.000   13.144    1.974    0    0  (Gen:  0)
   537384    138544   5702216  0.002  0.000   13.148    1.975    0    0  (Gen:  0)
   520544    106496   5755624  0.002  0.000   13.152    1.975    0    0  (Gen:  0)
   520696     94848   5845904  0.002  0.000   13.155    1.976    0    0  (Gen:  0)
   520896    126880   5921480  0.002  0.000   13.159    1.977    0    0  (Gen:  0)
   521024    117216   5972832  0.003  0.000   13.163    1.977    0    0  (Gen:  0)
   520712    122544   6021232  0.003  0.000   13.168    1.978    0    0  (Gen:  0)
   520768    150760   6096448  0.002  0.000   13.171    1.979    0    0  (Gen:  0)
   521016    122808   6148904  0.003  0.000   13.176    1.979    0    0  (Gen:  0)
   521032    137064   6207520  0.002  0.000   13.180    1.980    0    0  (Gen:  0)
   521056     99256   6277352  0.002  0.000   13.184    1.981    0    0  (Gen:  0)
   521096    154920   6353360  0.002  0.000   13.188    1.981    0    0  (Gen:  0)
   521264    134944   6424864  0.002  0.000   13.191    1.982    0    0  (Gen:  0)
   521144    123160   6489536  0.003  0.000   13.196    1.983    0    0  (Gen:  0)
   520536    163616   6576024  0.002  0.000   13.200    1.983    0    0  (Gen:  0)
   520720    145080   6649896  0.002  0.000   13.203    1.984    0    0  (Gen:  0)
   520256    124656   6716992  0.003  0.000   13.208    1.985    0    0  (Gen:  0)
   521792     82640   6793344  0.002  0.000   13.212    1.985    0    0  (Gen:  0)
   520632    173624   6885224  0.002  0.000   13.216    1.986    0    0  (Gen:  0)
   520848    133848   6947824  0.003  0.000   13.220    1.987    0    0  (Gen:  0)
   520848    139368   7003376  0.003  0.000   13.225    1.988    0    0  (Gen:  0)
   520496    171688   7093552  0.002  0.000   13.229    1.988    0    0  (Gen:  0)
   521120    128048   7151176  0.003  0.000   13.234    1.989    0    0  (Gen:  0)
   521224    139816   7208616  0.003  0.000   13.238    1.990    0    0  (Gen:  0)
   538088    166400   7292424  0.002  0.000   13.242    1.990    0    0  (Gen:  0)
   521512    137624   7352504  0.003  0.000   13.247    1.991    0    0  (Gen:  0)
   520792    176744   7447200  0.002  0.000   13.251    1.992    0    0  (Gen:  0)
   519840    141240   7520896  0.003  0.000   13.255    1.992    0    0  (Gen:  0)
   521248    159544   7598744  0.003  0.000   13.259    1.993    0    0  (Gen:  0)
   520616    158680   7687464  0.002  0.000   13.263    1.994    0    0  (Gen:  0)
   521088    131696   7760392  0.003  0.000   13.267    1.994    0    0  (Gen:  0)
   520160    180312   7856104  0.002  0.000   13.271    1.995    0    0  (Gen:  0)
   520312    161720   7943368  0.003  0.000   13.276    1.996    0    0  (Gen:  0)
   521024    116664   8015208  0.003  0.000   13.280    1.997    0    0  (Gen:  0)
   520928    169936   8097152  0.003  0.000   13.284    1.997    0    0  (Gen:  0)
   521240    160280   8176224  0.003  0.000   13.288    1.998    0    0  (Gen:  0)
   520192    125480   8244384  0.003  0.000   13.293    1.999    0    0  (Gen:  0)
   521008    112704   8352480  0.002  0.000   13.296    1.999    0    0  (Gen:  0)
   520896    144408   8439608  0.002  0.000   13.300    2.000    0    0  (Gen:  0)
   521232    140032   8506392  0.003  0.000   13.304    2.001    0    0  (Gen:  0)
   520696    147784   8566760  0.003  0.000   13.310    2.001    0    0  (Gen:  0)
   520936    178520   8659272  0.002  0.000   13.314    2.002    0    0  (Gen:  0)
   520640    138056   8724152  0.003  0.000   13.318    2.003    0    0  (Gen:  0)
   521000    147696   8782632  0.003  0.000   13.323    2.004    0    0  (Gen:  0)
   520888    177360   8873232  0.002  0.000   13.327    2.004    0    0  (Gen:  0)
   521064    141536   8937888  0.003  0.000   13.332    2.005    0    0  (Gen:  0)
   520472    168544   9017312  0.002  0.000   13.336    2.006    0    0  (Gen:  0)
   520896    159816   9108200  0.003  0.000   13.340    2.007    0    0  (Gen:  0)
   521144    148128   9171176  0.003  0.000   13.345    2.007    0    0  (Gen:  0)
   521264    180128   9260560  0.003  0.000   13.349    2.008    0    0  (Gen:  0)
   521096    125080   9340520  0.003  0.000   13.353    2.009    0    0  (Gen:  0)
   520712    185896   9438688  0.003  0.000   13.357    2.009    0    0  (Gen:  0)
   520584    155248   9520072  0.003  0.000   13.362    2.010    0    0  (Gen:  0)
   520728    115048   9597064  0.003  0.000   13.366    2.011    0    0  (Gen:  0)
   520520    182864   9690576  0.003  0.000   13.370    2.012    0    0  (Gen:  0)
   521024    161888   9769968  0.003  0.000   13.375    2.012    0    0  (Gen:  0)
   520760    124752   9850376  0.003  0.000   13.379    2.013    0    0  (Gen:  0)
   521520    182928   9938800  0.003  0.000   13.384    2.014    0    0  (Gen:  0)
   520544    143192  10000248  0.003  0.000   13.388    2.015    0    0  (Gen:  0)
   520952     37768  10020112  0.001  0.000   13.391    2.015    0    0  (Gen:  0)
   520152     80736  10072456  0.002  0.000   13.394    2.016    0    0  (Gen:  0)
   520464     75024  10113480  0.002  0.000   13.398    2.016    0    0  (Gen:  0)
   520312     63632  10138184  0.002  0.000   13.401    2.017    0    0  (Gen:  0)
   521240     83776  10173792  0.013  0.001   13.416    2.018    0    0  (Gen:  0)
   521504     73808  10216760  0.002  0.000   13.419    2.019    0    0  (Gen:  0)
   520792    118080  10281432  0.003  0.000   13.423    2.020    0    0  (Gen:  0)
   520312    102584  10333440  0.003  0.000   13.427    2.020    0    0  (Gen:  0)
   520904   4168656   5146136  0.012  0.001   13.439    2.022    0    0  (Gen:  1)
   520528     96296   5180712  0.002  0.000   13.443    2.022    0    0  (Gen:  0)
   520760    122520   5242240  0.002  0.000   13.446    2.023    0    0  (Gen:  0)
   521064     97312   5281120  0.002  0.000   13.449    2.023    0    0  (Gen:  0)
   520912    145552   5364216  0.002  0.000   13.453    2.024    0    0  (Gen:  0)
   520928     67624   5427136  0.001  0.000   13.457    2.024    0    0  (Gen:  0)
   521208    126040   5486328  0.002  0.000   13.460    2.025    0    0  (Gen:  0)
   520960    114128   5546216  0.002  0.000   13.464    2.026    0    0  (Gen:  0)
   521176     97504   5602224  0.002  0.000   13.468    2.026    0    0  (Gen:  0)
   520912    140208   5673736  0.002  0.000   13.471    2.027    0    0  (Gen:  0)
   521264    131648   5739816  0.003  0.000   13.475    2.027    0    0  (Gen:  0)
   520400    114720   5799160  0.002  0.000   13.479    2.028    0    0  (Gen:  0)
   521128    122616   5862592  0.003  0.000   13.482    2.029    0    0  (Gen:  0)
   660496    140024   5933632  0.002  0.000   13.486    2.029    0    0  (Gen:  0)
   520808    115040   5985480  0.002  0.000   13.489    2.030    0    0  (Gen:  0)
   521304     95040   6076368  0.002  0.000   13.493    2.030    0    0  (Gen:  0)
   520552     88464   6160816  0.002  0.000   13.496    2.031    0    0  (Gen:  0)
   521168    118584   6211320  0.002  0.000   13.499    2.031    0    0  (Gen:  0)
   520816    121608   6258520  0.002  0.000   13.502    2.032    0    0  (Gen:  0)
   520424    147592   6330256  0.002  0.000   13.506    2.032    0    0  (Gen:  0)
   520904    126232   6383480  0.002  0.000   13.510    2.033    0    0  (Gen:  0)
   520640    139592   6444296  0.002  0.000   13.513    2.034    0    0  (Gen:  0)
   520568    120192   6512576  0.002  0.000   13.517    2.034    0    0  (Gen:  0)
   521232     93000   6601696  0.002  0.000   13.520    2.035    0    0  (Gen:  0)
   525216    139432   6674536  0.003  0.000   13.524    2.036    0    0  (Gen:  0)
   521128    107056   6736256  0.002  0.000   13.528    2.036    0    0  (Gen:  0)
   520160    158904   6818920  0.002  0.000   13.532    2.037    0    0  (Gen:  0)
   520776    170152   6915576  0.003  0.000   13.536    2.037    0    0  (Gen:  0)
   519984    135504   6980448  0.002  0.000   13.539    2.038    0    0  (Gen:  0)
   521872    138080   7034944  0.003  0.000   13.544    2.039    0    0  (Gen:  0)
   525296    169512   7122392  0.002  0.000   13.547    2.039    0    0  (Gen:  0)
   520912    129640   7184944  0.002  0.000   13.552    2.040    0    0  (Gen:  0)
   520896    139456   7240168  0.002  0.000   13.555    2.041    0    0  (Gen:  0)
   525288    162880   7321776  0.002  0.000   13.559    2.042    0    0  (Gen:  0)
   524736    133608   7378440  0.003  0.000   13.564    2.043    0    0  (Gen:  0)
   542064    158600   7459336  0.002  0.000   13.569    2.043    0    0  (Gen:  0)
   537712    151864   7540272  0.002  0.000   13.572    2.044    0    0  (Gen:  0)
   520448    140184   7599872  0.003  0.000   13.587    2.046    0    0  (Gen:  0)
   521136    167368   7685888  0.004  0.000   13.593    2.047    0    0  (Gen:  0)
   520288     95656   7756568  0.003  0.000   13.596    2.047    0    0  (Gen:  0)
   521168    174400   7849600  0.002  0.000   13.600    2.048    0    0  (Gen:  0)
   521152    151168   7923344  0.002  0.000   13.604    2.049    0    0  (Gen:  0)
   521256    136176   7995144  0.003  0.000   13.609    2.049    0    0  (Gen:  0)
   520120    177936   8087328  0.004  0.000   13.614    2.050    0    0  (Gen:  0)
   520368    157120   8166624  0.002  0.000   13.618    2.051    0    0  (Gen:  0)
   520936    143480   8236160  0.002  0.000   13.622    2.051    0    0  (Gen:  0)
   521032    170024   8319688  0.003  0.000   13.625    2.052    0    0  (Gen:  0)
   521336    163064   8399912  0.002  0.000   13.629    2.053    0    0  (Gen:  0)
   520552    138736   8465088  0.002  0.000   13.633    2.053    0    0  (Gen:  0)
   520744    184376   8564960  0.002  0.000   13.637    2.054    0    0  (Gen:  0)
   521432    160000   8651560  0.002  0.000   13.641    2.055    0    0  (Gen:  0)
   520440    142520   8717000  0.002  0.000   13.645    2.055    0    0  (Gen:  0)
   521112    149000   8777592  0.002  0.000   13.649    2.056    0    0  (Gen:  0)
   521136    171928   8863728  0.003  0.000   13.653    2.057    0    0  (Gen:  0)
   521128    141160   8925736  0.003  0.000   13.658    2.058    0    0  (Gen:  0)
   520576    147536   8984176  0.003  0.000   13.662    2.058    0    0  (Gen:  0)
   520960    173480   9070768  0.003  0.000   13.665    2.059    0    0  (Gen:  0)
   520872    147968   9134624  0.003  0.000   13.669    2.059    0    0  (Gen:  0)
   520768    153456   9199592  0.004  0.000   13.675    2.060    0    0  (Gen:  0)
   521224     89776   9282000  0.002  0.000   13.678    2.061    0    0  (Gen:  0)
   520784    187936   9383296  0.002  0.000   13.682    2.062    0    0  (Gen:  0)
   520512    155408   9459992  0.002  0.000   13.686    2.062    0    0  (Gen:  0)
   521768    157344   9538608  0.002  0.000   13.690    2.063    0    0  (Gen:  0)
   520440    188168   9638808  0.002  0.000   13.694    2.064    0    0  (Gen:  0)
   520560    161136   9721792  0.003  0.000   13.699    2.064    0    0  (Gen:  0)
   520920    115752   9796840  0.003  0.000   13.703    2.065    0    0  (Gen:  0)
   520720    187464   9895576  0.003  0.000   13.707    2.066    0    0  (Gen:  0)
   520944    181688  10003944  0.003  0.000   13.711    2.066    0    0  (Gen:  0)
   520400    144760  10082400  0.002  0.000   13.715    2.067    0    0  (Gen:  0)
   520864   5377976   6359592  0.016  0.001   13.732    2.069    0    0  (Gen:  1)
   520600    161352   6430912  0.002  0.000   13.736    2.070    0    0  (Gen:  0)
   520864     37808   6449856  0.001  0.000   13.739    2.070    0    0  (Gen:  0)
   520856     74488   6495592  0.002  0.000   13.743    2.071    0    0  (Gen:  0)
   520432     72216   6537504  0.002  0.000   13.746    2.071    0    0  (Gen:  0)
   521248     65312   6562896  0.002  0.000   13.749    2.072    0    0  (Gen:  0)
   520320     87224   6600600  0.002  0.000   13.753    2.072    0    0  (Gen:  0)
   521144     76672   6641256  0.002  0.000   13.756    2.073    0    0  (Gen:  0)
   520760    116640   6703424  0.002  0.000   13.760    2.073    0    0  (Gen:  0)
   521120    108568   6756888  0.002  0.000   13.763    2.074    0    0  (Gen:  0)
   520960     87920   6799384  0.002  0.000   13.767    2.074    0    0  (Gen:  0)
   521024     96416   6833576  0.002  0.000   13.771    2.075    0    0  (Gen:  0)
   521336    121656   6895664  0.002  0.000   13.774    2.076    0    0  (Gen:  0)
   520904     96280   6934160  0.003  0.000   13.778    2.076    0    0  (Gen:  0)
   521016    144808   7015176  0.002  0.000   13.782    2.077    0    0  (Gen:  0)
   520848    115672   7072656  0.003  0.000   13.786    2.077    0    0  (Gen:  0)
   521112    128680   7134320  0.002  0.000   13.790    2.078    0    0  (Gen:  0)
   520608    119144   7196632  0.002  0.000   13.794    2.079    0    0  (Gen:  0)
   521000     95472   7249456  0.003  0.000   13.797    2.079    0    0  (Gen:  0)
   520696    140488   7322296  0.002  0.000   13.801    2.080    0    0  (Gen:  0)
   520864    133672   7388968  0.003  0.000   13.805    2.080    0    0  (Gen:  0)
   520808    107216   7440848  0.003  0.000   13.809    2.081    0    0  (Gen:  0)
   521136    117808   7484784  0.003  0.000   13.813    2.082    0    0  (Gen:  0)
   521208    145176   7557760  0.003  0.000   13.817    2.082    0    0  (Gen:  0)
   521224    112776   7605712  0.003  0.000   13.821    2.083    0    0  (Gen:  0)
   520880    160512   7693960  0.002  0.000   13.825    2.084    0    0  (Gen:  0)
   520616    133952   7769840  0.002  0.000   13.829    2.084    0    0  (Gen:  0)
   521336    121160   7817488  0.003  0.000   13.834    2.085    0    0  (Gen:  0)
   521224    156568   7898560  0.003  0.000   13.838    2.086    0    0  (Gen:  0)
   520584     99936   7960472  0.002  0.000   13.843    2.086    0    0  (Gen:  0)
   521232    162624   8049128  0.003  0.000   13.847    2.087    0    0  (Gen:  0)
   520936    140744   8116824  0.003  0.000   13.851    2.088    0    0  (Gen:  0)
   521064    111648   8180928  0.003  0.000   13.855    2.088    0    0  (Gen:  0)
   521312    154760   8258536  0.002  0.000   13.859    2.089    0    0  (Gen:  0)
   521232    152024   8334608  0.002  0.000   13.863    2.089    0    0  (Gen:  0)
   520936    122440   8393696  0.003  0.000   13.867    2.090    0    0  (Gen:  0)
   520368    172584   8489672  0.003  0.000   13.872    2.091    0    0  (Gen:  0)
   520704    129360   8569944  0.002  0.000   13.876    2.091    0    0  (Gen:  0)
   520704    130416   8632952  0.003  0.000   13.881    2.092    0    0  (Gen:  0)
   521576    138904   8688112  0.004  0.000   13.886    2.093    0    0  (Gen:  0)
   520640    164856   8768624  0.003  0.000   13.890    2.094    0    0  (Gen:  0)
   520880    135456   8828864  0.004  0.000   13.895    2.094    0    0  (Gen:  0)
   520672    139992   8884304  0.004  0.000   13.900    2.095    0    0  (Gen:  0)
   520536     82432   8961744  0.003  0.000   13.904    2.096    0    0  (Gen:  0)
   521328    157776   9037504  0.003  0.000   13.908    2.096    0    0  (Gen:  0)
   673384    133512   9105840  0.002  0.000   13.912    2.097    0    0  (Gen:  0)
   521432    138976   9179256  0.002  0.000   13.916    2.098    0    0  (Gen:  0)
   520776    160352   9258688  0.002  0.000   13.920    2.098    0    0  (Gen:  0)
   521248    156736   9346376  0.003  0.000   13.925    2.099    0    0  (Gen:  0)
   520928    112096   9415888  0.003  0.000   13.929    2.100    0    0  (Gen:  0)
   521320    172088   9505640  0.003  0.000   13.934    2.100    0    0  (Gen:  0)
   521128    150728   9581144  0.003  0.000   13.938    2.101    0    0  (Gen:  0)
   521080    134056   9650848  0.003  0.000   13.942    2.102    0    0  (Gen:  0)
   520088    173168   9739800  0.003  0.000   13.947    2.102    0    0  (Gen:  0)
   520392    164040   9819808  0.003  0.000   13.950    2.103    0    0  (Gen:  0)
   520904    134592   9889080  0.003  0.000   13.955    2.104    0    0  (Gen:  0)
   521072    147096   9948208  0.003  0.000   13.960    2.104    0    0  (Gen:  0)
   521232    167688  10031192  0.003  0.000   13.964    2.105    0    0  (Gen:  0)
   520568    135784  10094800  0.003  0.000   13.969    2.106    0    0  (Gen:  0)
   520888    187464  10198568  0.003  0.000   13.974    2.107    0    0  (Gen:  0)
   521256    159672  10286440  0.002  0.000   13.978    2.107    0    0  (Gen:  0)
   520880    141280  10350608  0.003  0.000   13.982    2.108    0    0  (Gen:  0)
   520896    148224  10409560  0.004  0.000   13.987    2.109    0    0  (Gen:  0)
   521280    172616  10497320  0.003  0.000   13.991    2.109    0    0  (Gen:  0)
   521064    144904  10560272  0.004  0.000   13.996    2.110    0    0  (Gen:  0)
   520480    150224  10620536  0.004  0.000   14.002    2.111    0    0  (Gen:  0)
   521176     92384  10701680  0.003  0.000   14.006    2.112    0    0  (Gen:  0)
   520448    168400  10782600  0.003  0.000   14.010    2.112    0    0  (Gen:  0)
   566344    149432  10858856  0.002  0.000   14.014    2.113    0    0  (Gen:  0)
   520760    135424  10937496  0.003  0.000   14.019    2.114    0    0  (Gen:  0)
   520032    189896  11040312  0.003  0.000   14.023    2.114    0    0  (Gen:  0)
   521064    155256  11119760  0.003  0.000   14.028    2.115    0    0  (Gen:  0)
   520352    145776  11194896  0.003  0.000   14.032    2.116    0    0  (Gen:  0)
   521184    185632  11292024  0.003  0.000   14.037    2.116    0    0  (Gen:  0)
   520992    166872  11374400  0.003  0.000   14.041    2.117    0    0  (Gen:  0)
   521104    125360  11448696  0.003  0.000   14.046    2.118    0    0  (Gen:  0)
   520792    183600  11543496  0.003  0.000   14.050    2.119    0    0  (Gen:  0)
   520792    164816  11625248  0.002  0.000   14.054    2.119    0    0  (Gen:  0)
   520720    141480  11700768  0.003  0.000   14.058    2.120    0    0  (Gen:  0)
   520640    180896  11787616  0.003  0.000   14.063    2.121    0    0  (Gen:  0)
   520920    142896  11841312  0.003  0.000   14.068    2.121    0    0  (Gen:  0)
   520592     40264  11860600  0.002  0.000   14.071    2.122    0    0  (Gen:  0)
   520768     75600  11906744  0.002  0.000   14.074    2.122    0    0  (Gen:  0)
   520616     73856  11949360  0.002  0.000   14.078    2.123    0    0  (Gen:  0)
   520368     65400  11972592  0.003  0.000   14.081    2.123    0    0  (Gen:  0)
   521536     90568  12014720  0.002  0.000   14.084    2.124    0    0  (Gen:  0)
   521312     75464  12052488  0.002  0.000   14.088    2.125    0    0  (Gen:  0)
   520608    108968  12107760  0.002  0.000   14.091    2.125    0    0  (Gen:  0)
   520544    109440  12162944  0.002  0.000   14.095    2.126    0    0  (Gen:  0)
   520704     91440  12204152  0.002  0.000   14.098    2.126    0    0  (Gen:  0)
   520696     96840  12238392  0.002  0.000   14.102    2.127    0    0  (Gen:  0)
   520624    123888  12302448  0.002  0.000   14.106    2.128    0    0  (Gen:  0)
   521240     99544  12339632  0.002  0.000   14.110    2.128    0    0  (Gen:  0)
   520904    144928  12420792  0.002  0.000   14.113    2.129    0    0  (Gen:  0)
   520728    119704  12474584  0.002  0.000   14.117    2.129    0    0  (Gen:  0)
   521432   4283088   5264528  0.012  0.001   14.131    2.131    0    0  (Gen:  1)
   520784    154600   5353168  0.002  0.000   14.135    2.132    0    0  (Gen:  0)
   520984     97944   5404528  0.002  0.000   14.139    2.132    0    0  (Gen:  0)
   521040    159784   5495400  0.002  0.000   14.142    2.133    0    0  (Gen:  0)
   521336    135328   5565528  0.002  0.000   14.146    2.134    0    0  (Gen:  0)
   520376    116664   5618240  0.002  0.000   14.149    2.134    0    0  (Gen:  0)
   521128    117704   5662064  0.003  0.000   14.154    2.135    0    0  (Gen:  0)
   701640    141736   5735528  0.002  0.000   14.157    2.135    0    0  (Gen:  0)
   521064    110424   5782616  0.003  0.000   14.161    2.136    0    0  (Gen:  0)
   521048    151584   5861280  0.002  0.000   14.165    2.137    0    0  (Gen:  0)
   520728    139576   5935800  0.002  0.000   14.168    2.137    0    0  (Gen:  0)
   521144    120936   5983496  0.003  0.000   14.173    2.138    0    0  (Gen:  0)
   520888    155488   6064608  0.002  0.000   14.177    2.139    0    0  (Gen:  0)
   520872    100864   6127552  0.002  0.000   14.180    2.139    0    0  (Gen:  0)
   520928    164744   6217760  0.002  0.000   14.183    2.140    0    0  (Gen:  0)
   521088    139840   6285464  0.002  0.000   14.187    2.141    0    0  (Gen:  0)
   520736    117848   6350400  0.002  0.000   14.190    2.141    0    0  (Gen:  0)
   520800    156408   6427712  0.002  0.000   14.194    2.142    0    0  (Gen:  0)
   520608    150680   6503600  0.002  0.000   14.198    2.142    0    0  (Gen:  0)
   520736    122024   6562480  0.003  0.000   14.202    2.143    0    0  (Gen:  0)
   520272    172872   6657752  0.002  0.000   14.206    2.144    0    0  (Gen:  0)
   520896    145920   6737968  0.002  0.000   14.209    2.144    0    0  (Gen:  0)
   520464    130616   6799792  0.003  0.000   14.214    2.145    0    0  (Gen:  0)
   520232    138408   6855936  0.003  0.000   14.219    2.146    0    0  (Gen:  0)
   521344    165464   6937008  0.002  0.000   14.222    2.146    0    0  (Gen:  0)
   520232    134912   6996936  0.003  0.000   14.227    2.147    0    0  (Gen:  0)
   520984    138248   7049304  0.003  0.000   14.232    2.148    0    0  (Gen:  0)
   520768    161272   7129592  0.002  0.000   14.235    2.149    0    0  (Gen:  0)
   520560    137064   7185008  0.003  0.000   14.240    2.149    0    0  (Gen:  0)
   537592    169728   7272904  0.002  0.000   14.244    2.150    0    0  (Gen:  0)
   520712    125648   7344552  0.002  0.000   14.248    2.151    0    0  (Gen:  0)
   520568    173512   7436984  0.002  0.000   14.251    2.151    0    0  (Gen:  0)
   520720    144080   7510584  0.002  0.000   14.255    2.152    0    0  (Gen:  0)
   520848    113408   7577080  0.002  0.000   14.259    2.153    0    0  (Gen:  0)
   520880    163680   7658344  0.002  0.000   14.263    2.153    0    0  (Gen:  0)
   520240    155936   7734712  0.002  0.000   14.267    2.154    0    0  (Gen:  0)
   520864    119128   7802232  0.003  0.000   14.271    2.155    0    0  (Gen:  0)
   521192    142928   7859264  0.003  0.000   14.276    2.156    0    0  (Gen:  0)
   521312    180440   7956808  0.002  0.000   14.280    2.156    0    0  (Gen:  0)
   520448    132192   8023920  0.003  0.000   14.285    2.157    0    0  (Gen:  0)
   520912    147536   8083304  0.003  0.000   14.289    2.158    0    0  (Gen:  0)
   520848    176384   8175408  0.002  0.000   14.293    2.158    0    0  (Gen:  0)
   521056    134264   8236728  0.003  0.000   14.298    2.159    0    0  (Gen:  0)
   521048    178376   8330352  0.002  0.000   14.301    2.160    0    0  (Gen:  0)
   520696    157752   8416752  0.002  0.000   14.305    2.160    0    0  (Gen:  0)
   520792    142048   8481128  0.003  0.000   14.310    2.161    0    0  (Gen:  0)
   520840    148872   8539872  0.003  0.000   14.315    2.162    0    0  (Gen:  0)
   520896    174448   8629616  0.002  0.000   14.319    2.163    0    0  (Gen:  0)
   520896    145760   8689480  0.003  0.000   14.324    2.163    0    0  (Gen:  0)
   521408    153568   8753992  0.002  0.000   14.327    2.164    0    0  (Gen:  0)
   520632    129080   8832592  0.002  0.000   14.331    2.165    0    0  (Gen:  0)
   520920    186344   8932120  0.002  0.000   14.335    2.166    0    0  (Gen:  0)
   521056    144144   9011680  0.002  0.000   14.339    2.166    0    0  (Gen:  0)
   520416    143736   9087144  0.003  0.000   14.343    2.167    0    0  (Gen:  0)
   520160    185424   9185864  0.002  0.000   14.347    2.168    0    0  (Gen:  0)
   521040    162272   9265688  0.002  0.000   14.351    2.168    0    0  (Gen:  0)
   520320    141632   9339912  0.003  0.000   14.355    2.169    0    0  (Gen:  0)
   521136    186184   9437192  0.002  0.000   14.359    2.170    0    0  (Gen:  0)
   520904    171192   9520256  0.002  0.000   14.363    2.170    0    0  (Gen:  0)
   521400    135968   9591840  0.003  0.000   14.367    2.171    0    0  (Gen:  0)
   520424    177472   9680704  0.002  0.000   14.371    2.172    0    0  (Gen:  0)
   520912    168832   9763536  0.002  0.000   14.375    2.172    0    0  (Gen:  0)
   520792    143360   9839560  0.003  0.000   14.380    2.173    0    0  (Gen:  0)
   520360    156328   9901928  0.003  0.000   14.385    2.174    0    0  (Gen:  0)
   521072    154392   9965480  0.003  0.000   14.389    2.175    0    0  (Gen:  0)
   521408     40616   9985528  0.002  0.000   14.392    2.175    0    0  (Gen:  0)
   521056     83472  10039120  0.002  0.000   14.396    2.176    0    0  (Gen:  0)
   520704     48768  10073120  0.001  0.000   14.399    2.176    0    0  (Gen:  0)
   520240     87864  10118312  0.001  0.000   14.402    2.177    0    0  (Gen:  0)
   521744     87736  10163320  0.001  0.000   14.405    2.177    0    0  (Gen:  0)
   521200     73008  10200520  0.002  0.000   14.408    2.178    0    0  (Gen:  0)
   520592    129224  10275424  0.002  0.000   14.411    2.178    0    0  (Gen:  0)
   520416    112960  10334992  0.002  0.000   14.414    2.179    0    0  (Gen:  0)
   520872     91240  10374168  0.002  0.000   14.418    2.180    0    0  (Gen:  0)
   520624   4191904   5177648  0.010  0.001   14.430    2.181    0    0  (Gen:  1)
   520584     97816   5214232  0.002  0.000   14.433    2.182    0    0  (Gen:  0)
   521344    137560   5290448  0.002  0.000   14.437    2.182    0    0  (Gen:  0)
   520920    118600   5348128  0.002  0.000   14.440    2.183    0    0  (Gen:  0)
   520744    105976   5399112  0.002  0.000   14.443    2.183    0    0  (Gen:  0)
   521280    138608   5472968  0.002  0.000   14.446    2.184    0    0  (Gen:  0)
   520864    128848   5537744  0.002  0.000   14.449    2.184    0    0  (Gen:  0)
   521048    109008   5588200  0.002  0.000   14.452    2.185    0    0  (Gen:  0)
   521000    112776   5630056  0.002  0.000   14.456    2.186    0    0  (Gen:  0)
   521136    139024   5697664  0.002  0.000   14.459    2.186    0    0  (Gen:  0)
   520528    114680   5748816  0.002  0.000   14.462    2.187    0    0  (Gen:  0)
   521056    117256   5792496  0.002  0.000   14.466    2.187    0    0  (Gen:  0)
   521088    146728   5867368  0.002  0.000   14.469    2.188    0    0  (Gen:  0)
   521040    119256   5914264  0.002  0.000   14.473    2.189    0    0  (Gen:  0)
   520960    161920   6003048  0.002  0.000   14.477    2.189    0    0  (Gen:  0)
   520720    117432   6065872  0.002  0.000   14.480    2.190    0    0  (Gen:  0)
   521304    147808   6138624  0.002  0.000   14.483    2.190    0    0  (Gen:  0)
   520744    135200   6204736  0.002  0.000   14.487    2.191    0    0  (Gen:  0)
   520944    108512   6263264  0.002  0.000   14.490    2.192    0    0  (Gen:  0)
   520832    155968   6343848  0.002  0.000   14.493    2.192    0    0  (Gen:  0)
   521208    145864   6415712  0.002  0.000   14.497    2.193    0    0  (Gen:  0)
   520712    123584   6476544  0.002  0.000   14.500    2.193    0    0  (Gen:  0)
   520808    130560   6527904  0.002  0.000   14.503    2.194    0    0  (Gen:  0)
   520312    157296   6605408  0.002  0.000   14.507    2.195    0    0  (Gen:  0)
   520880    132200   6662840  0.002  0.000   14.510    2.195    0    0  (Gen:  0)
   520384    170552   6755736  0.002  0.000   14.514    2.196    0    0  (Gen:  0)
   520480    159072   6837048  0.002  0.000   14.517    2.196    0    0  (Gen:  0)
   520688    137784   6896272  0.002  0.000   14.521    2.197    0    0  (Gen:  0)
   520520    141936   6954984  0.003  0.000   14.525    2.198    0    0  (Gen:  0)
   521272     83032   7030984  0.001  0.000   14.528    2.198    0    0  (Gen:  0)
   520112    171624   7121008  0.002  0.000   14.532    2.199    0    0  (Gen:  0)
   521008    149632   7191808  0.002  0.000   14.535    2.200    0    0  (Gen:  0)
   520808    133608   7262352  0.002  0.000   14.538    2.200    0    0  (Gen:  0)
   520552     99680   7357800  0.001  0.000   14.541    2.201    0    0  (Gen:  0)
   562384    151752   7434224  0.002  0.000   14.545    2.201    0    0  (Gen:  0)
   521248    138664   7503360  0.002  0.000   14.548    2.202    0    0  (Gen:  0)
   520400    169200   7589128  0.002  0.000   14.552    2.203    0    0  (Gen:  0)
   520968    156096   7666048  0.002  0.000   14.555    2.203    0    0  (Gen:  0)
   520896    135360   7730320  0.002  0.000   14.558    2.204    0    0  (Gen:  0)
   520584    142904   7788728  0.002  0.000   14.562    2.204    0    0  (Gen:  0)
   520448    176152   7882712  0.002  0.000   14.566    2.205    0    0  (Gen:  0)
   521080    135080   7947864  0.002  0.000   14.569    2.206    0    0  (Gen:  0)
   521216    174848   8038560  0.002  0.000   14.573    2.206    0    0  (Gen:  0)
   520696    161816   8126568  0.002  0.000   14.576    2.207    0    0  (Gen:  0)
   520960    145352   8189064  0.002  0.000   14.580    2.208    0    0  (Gen:  0)
   520664    146136   8247792  0.002  0.000   14.583    2.208    0    0  (Gen:  0)
   520928    170896   8334000  0.002  0.000   14.587    2.209    0    0  (Gen:  0)
   520976    141912   8393536  0.002  0.000   14.591    2.210    0    0  (Gen:  0)
   521064    180840   8488432  0.004  0.000   14.596    2.210    0    0  (Gen:  0)
   520752     86184   8569128  0.001  0.000   14.599    2.211    0    0  (Gen:  0)
   520856    167200   8650480  0.002  0.000   14.603    2.212    0    0  (Gen:  0)
   520736    148520   8723704  0.002  0.000   14.606    2.212    0    0  (Gen:  0)
   520824    137600   8800440  0.002  0.000   14.610    2.213    0    0  (Gen:  0)
   521152    184192   8898456  0.002  0.000   14.614    2.214    0    0  (Gen:  0)
   521168    154056   8974440  0.002  0.000   14.618    2.214    0    0  (Gen:  0)
   520840    127752   9048344  0.002  0.000   14.621    2.215    0    0  (Gen:  0)
   520936     99704   9143912  0.002  0.000   14.624    2.216    0    0  (Gen:  0)
   524672    170288   9240920  0.002  0.000   14.628    2.216    0    0  (Gen:  0)
   520256    150224   9312008  0.002  0.000   14.631    2.217    0    0  (Gen:  0)
   520840    179680   9405808  0.002  0.000   14.635    2.218    0    0  (Gen:  0)
   520896    170112   9487216  0.002  0.000   14.639    2.218    0    0  (Gen:  0)
   521040    134432   9558744  0.002  0.000   14.642    2.219    0    0  (Gen:  0)
   521208    154264   9621688  0.002  0.000   14.646    2.220    0    0  (Gen:  0)
   520688    190048   9721824  0.002  0.000   14.650    2.220    0    0  (Gen:  0)
   521456    148736   9791792  0.002  0.000   14.653    2.221    0    0  (Gen:  0)
   520496    155376   9856272  0.002  0.000   14.657    2.222    0    0  (Gen:  0)
   520656    175104   9942576  0.002  0.000   14.661    2.222    0    0  (Gen:  0)
   520784    151744  10013984  0.002  0.000   14.664    2.223    0    0  (Gen:  0)
   520368    156000  10077840  0.002  0.000   14.668    2.224    0    0  (Gen:  0)
   524848    140184  10126656  0.003  0.000   14.672    2.224    0    0  (Gen:  0)
   521432   4030160   5015816  0.011  0.001   14.685    2.226    0    0  (Gen:  1)
   521240     76912   5061280  0.001  0.000   14.688    2.226    0    0  (Gen:  0)
   520368     51600   5091696  0.002  0.000   14.691    2.227    0    0  (Gen:  0)
   520576     91072   5138864  0.002  0.000   14.695    2.227    0    0  (Gen:  0)
   521608     94408   5185472  0.002  0.000   14.698    2.228    0    0  (Gen:  0)
   521040     75664   5220392  0.002  0.000   14.701    2.228    0    0  (Gen:  0)
   520776     85304   5251216  0.002  0.000   14.705    2.229    0    0  (Gen:  0)
   520456    114800   5310144  0.002  0.000   14.708    2.229    0    0  (Gen:  0)
   520688     92120   5345448  0.002  0.000   14.712    2.230    0    0  (Gen:  0)
   520536    130488   5411848  0.002  0.000   14.715    2.231    0    0  (Gen:  0)
   520520    103656   5463000  0.002  0.000   14.719    2.231    0    0  (Gen:  0)
   521632    134560   5534552  0.002  0.000   14.722    2.232    0    0  (Gen:  0)
   520880    119568   5594992  0.002  0.000   14.726    2.232    0    0  (Gen:  0)
   520888    100584   5644016  0.002  0.000   14.729    2.233    0    0  (Gen:  0)
   521080    108480   5685336  0.002  0.000   14.734    2.234    0    0  (Gen:  0)
   520944    142472   5760248  0.002  0.000   14.737    2.234    0    0  (Gen:  0)
   520848    104032   5808368  0.002  0.000   14.741    2.235    0    0  (Gen:  0)
   520952    154376   5891680  0.002  0.000   14.745    2.236    0    0  (Gen:  0)
   521368    140248   5963024  0.002  0.000   14.748    2.236    0    0  (Gen:  0)
   520496    118944   6011152  0.003  0.000   14.753    2.237    0    0  (Gen:  0)
   673304    120104   6059328  0.002  0.000   14.757    2.238    0    0  (Gen:  0)
   520840    109368   6125976  0.002  0.000   14.761    2.238    0    0  (Gen:  0)
   520864    153912   6208680  0.002  0.000   14.765    2.239    0    0  (Gen:  0)
   521152    134624   6275168  0.002  0.000   14.768    2.240    0    0  (Gen:  0)
   520872    118152   6335752  0.003  0.000   14.772    2.240    0    0  (Gen:  0)
   521016    149128   6409016  0.003  0.000   14.777    2.241    0    0  (Gen:  0)
   520256    136904   6476896  0.003  0.000   14.781    2.242    0    0  (Gen:  0)
   520248    110712   6533032  0.003  0.000   14.785    2.242    0    0  (Gen:  0)
   520968    162552   6618256  0.003  0.000   14.790    2.243    0    0  (Gen:  0)
   520840    132328   6695528  0.002  0.000   14.794    2.243    0    0  (Gen:  0)
   520744    124176   6756488  0.003  0.000   14.799    2.244    0    0  (Gen:  0)
   520752    129904   6807432  0.004  0.000   14.804    2.245    0    0  (Gen:  0)
   524904    165448   6893896  0.003  0.000   14.809    2.246    0    0  (Gen:  0)
   520928    127280   6949056  0.003  0.000   14.814    2.246    0    0  (Gen:  0)
   520624    168296   7037040  0.003  0.000   14.818    2.247    0    0  (Gen:  0)
   520384    151336   7119848  0.003  0.000   14.823    2.248    0    0  (Gen:  0)
   520552    136904   7177136  0.004  0.000   14.828    2.249    0    0  (Gen:  0)
   524640    164704   7259736  0.003  0.000   14.832    2.249    0    0  (Gen:  0)
   520840    128160   7334392  0.003  0.000   14.836    2.250    0    0  (Gen:  0)
   520736    178400   7430920  0.003  0.000   14.841    2.251    0    0  (Gen:  0)
   524984    153648   7517376  0.003  0.000   14.845    2.251    0    0  (Gen:  0)
   521320    110232   7586384  0.003  0.000   14.850    2.252    0    0  (Gen:  0)
   529168    163560   7667440  0.003  0.000   14.855    2.253    0    0  (Gen:  0)
   562136    152240   7746000  0.003  0.000   14.859    2.253    0    0  (Gen:  0)
   520824    123912   7813080  0.003  0.000   14.864    2.254    0    0  (Gen:  0)
   521200    168680   7898232  0.003  0.000   14.868    2.255    0    0  (Gen:  0)
   520592    157032   7975048  0.003  0.000   14.873    2.255    0    0  (Gen:  0)
   521120    126360   8038696  0.003  0.000   14.877    2.256    0    0  (Gen:  0)
   520920    142584   8097296  0.004  0.000   14.883    2.257    0    0  (Gen:  0)
   520808    171008   8185400  0.003  0.000   14.887    2.258    0    0  (Gen:  0)
   520816    133872   8248824  0.003  0.000   14.893    2.258    0    0  (Gen:  0)
   520664    142784   8308112  0.004  0.000   14.899    2.259    0    0  (Gen:  0)
   520728    176656   8398464  0.003  0.000   14.903    2.260    0    0  (Gen:  0)
   521144    141360   8459576  0.004  0.000   14.908    2.261    0    0  (Gen:  0)
   521232    146040   8518432  0.004  0.000   14.914    2.262    0    0  (Gen:  0)
   521120    174256   8608152  0.003  0.000   14.919    2.262    0    0  (Gen:  0)
   520600    143728   8665952  0.004  0.000   14.924    2.263    0    0  (Gen:  0)
   521208    186096   8766392  0.004  0.000   14.929    2.264    0    0  (Gen:  0)
   521104    104088   8844000  0.003  0.000   14.934    2.265    0    0  (Gen:  0)
   520608    167648   8925376  0.003  0.000   14.938    2.265    0    0  (Gen:  0)
   521000    166992   9018056  0.003  0.000   14.943    2.266    0    0  (Gen:  0)
   520560    128720   9092144  0.003  0.000   14.947    2.267    0    0  (Gen:  0)
   520840    183968   9189312  0.003  0.000   14.952    2.267    0    0  (Gen:  0)
   521160    159120   9266248  0.003  0.000   14.956    2.268    0    0  (Gen:  0)
   520720    122656   9337304  0.003  0.000   14.961    2.269    0    0  (Gen:  0)
   520880    172680   9422144  0.003  0.000   14.966    2.270    0    0  (Gen:  0)
   520664    165752   9506160  0.003  0.000   14.970    2.270    0    0  (Gen:  0)
   520688    140192   9575648  0.004  0.000   14.975    2.271    0    0  (Gen:  0)
   520096    188056   9675680  0.003  0.000   14.980    2.272    0    0  (Gen:  0)
   521352    154696   9765760  0.003  0.000   14.984    2.273    0    0  (Gen:  0)
   521168    140232   9835024  0.004  0.000   14.990    2.273    0    0  (Gen:  0)
   520360    153832   9898816  0.004  0.000   14.995    2.274    0    0  (Gen:  0)
   520512    190376   9999000  0.003  0.000   15.000    2.275    0    0  (Gen:  0)
   520704   5322360   6307984  0.016  0.002   15.018    2.277    0    0  (Gen:  1)
   521064    155912   6372592  0.003  0.000   15.022    2.278    0    0  (Gen:  0)
   519968    186280   6470376  0.002  0.000   15.026    2.278    0    0  (Gen:  0)
   520976    151088   6540288  0.002  0.000   15.029    2.279    0    0  (Gen:  0)
   520936    157616   6605872  0.003  0.000   15.033    2.280    0    0  (Gen:  0)
   520872    128728   6641784  0.003  0.000   15.037    2.280    0    0  (Gen:  0)
   521344     45672   6660552  0.001  0.000   15.040    2.281    0    0  (Gen:  0)
   521264     80248   6708528  0.002  0.000   15.043    2.281    0    0  (Gen:  0)
   520440     69008   6736776  0.001  0.000   15.046    2.282    0    0  (Gen:  0)
   520448     88928   6781128  0.002  0.000   15.049    2.282    0    0  (Gen:  0)
   521592     96800   6830296  0.001  0.000   15.052    2.283    0    0  (Gen:  0)
   521216     82336   6863744  0.002  0.000   15.055    2.283    0    0  (Gen:  0)
   520584     86272   6895552  0.002  0.000   15.058    2.284    0    0  (Gen:  0)
   520488    117504   6957104  0.002  0.000   15.062    2.284    0    0  (Gen:  0)
   520720    115984   7013432  0.002  0.000   15.065    2.285    0    0  (Gen:  0)
   660352    105064   7065024  0.002  0.000   15.069    2.285    0    0  (Gen:  0)
   520872     99648   7116224  0.002  0.000   15.072    2.286    0    0  (Gen:  0)
   520208    133328   7187176  0.002  0.000   15.075    2.286    0    0  (Gen:  0)
   520768    128720   7261176  0.002  0.000   15.079    2.287    0    0  (Gen:  0)
   521296    105512   7310192  0.002  0.000   15.082    2.287    0    0  (Gen:  0)
   520832    108232   7350536  0.002  0.000   15.085    2.288    0    0  (Gen:  0)
   525008    133608   7417016  0.002  0.000   15.089    2.289    0    0  (Gen:  0)
   520888    111176   7465480  0.002  0.000   15.092    2.289    0    0  (Gen:  0)
   521048    113944   7507752  0.002  0.000   15.096    2.290    0    0  (Gen:  0)
   524736    140856   7577360  0.002  0.000   15.099    2.290    0    0  (Gen:  0)
   525128    117128   7625568  0.002  0.000   15.103    2.291    0    0  (Gen:  0)
   565688    124680   7678072  0.003  0.000   15.108    2.292    0    0  (Gen:  0)
   520552     89696   7742112  0.002  0.000   15.111    2.292    0    0  (Gen:  0)
   520760    157376   7827720  0.003  0.000   15.115    2.293    0    0  (Gen:  0)
   520928    132816   7896008  0.003  0.000   15.118    2.293    0    0  (Gen:  0)
   520936    112920   7954760  0.002  0.000   15.122    2.294    0    0  (Gen:  0)
   520744     87624   8038368  0.001  0.000   15.125    2.294    0    0  (Gen:  0)
   520424    140544   8105512  0.002  0.000   15.129    2.295    0    0  (Gen:  0)
   520568    115176   8161256  0.002  0.000   15.132    2.296    0    0  (Gen:  0)
   520856    172576   8256600  0.002  0.000   15.136    2.296    0    0  (Gen:  0)
   520672    144680   8334904  0.002  0.000   15.140    2.297    0    0  (Gen:  0)
   521128    127856   8392488  0.002  0.000   15.143    2.297    0    0  (Gen:  0)
   521136    131352   8445752  0.002  0.000   15.147    2.298    0    0  (Gen:  0)
   520784    159392   8525304  0.002  0.000   15.151    2.299    0    0  (Gen:  0)
   521120    127904   8580872  0.003  0.000   15.155    2.299    0    0  (Gen:  0)
   521272    171576   8673488  0.005  0.000   15.161    2.300    0    0  (Gen:  0)
   520792     83152   8751512  0.002  0.000   15.164    2.301    0    0  (Gen:  0)
   520424    177064   8847648  0.002  0.000   15.168    2.301    0    0  (Gen:  0)
   520952    142008   8919792  0.003  0.000   15.173    2.302    0    0  (Gen:  0)
   521232    114944   8990904  0.002  0.000   15.176    2.303    0    0  (Gen:  0)
   520456    170072   9078848  0.002  0.000   15.180    2.303    0    0  (Gen:  0)
   520752    143672   9151504  0.002  0.000   15.183    2.304    0    0  (Gen:  0)
   520680    124912   9217656  0.002  0.000   15.187    2.305    0    0  (Gen:  0)
   521056    169808   9306632  0.002  0.000   15.191    2.305    0    0  (Gen:  0)
   537288    159984   9385840  0.003  0.000   15.195    2.306    0    0  (Gen:  0)
   521336    119856   9452440  0.003  0.000   15.199    2.306    0    0  (Gen:  0)
   520672    185136   9553880  0.003  0.000   15.203    2.307    0    0  (Gen:  0)
   521432    147816   9637008  0.003  0.000   15.207    2.308    0    0  (Gen:  0)
   520192    129728   9699920  0.002  0.000   15.211    2.308    0    0  (Gen:  0)
   521240    142320   9757904  0.002  0.000   15.215    2.309    0    0  (Gen:  0)
   520584    163344   9838920  0.002  0.000   15.218    2.310    0    0  (Gen:  0)
   520568    140408   9900456  0.002  0.000   15.222    2.310    0    0  (Gen:  0)
   520640    142160   9959704  0.002  0.000   15.226    2.311    0    0  (Gen:  0)
   520824    172168  10046832  0.002  0.000   15.230    2.311    0    0  (Gen:  0)
   521160    142656  10107360  0.002  0.000   15.233    2.312    0    0  (Gen:  0)
   521120    151328  10171312  0.004  0.000   15.238    2.313    0    0  (Gen:  0)
   520264    111744  10252120  0.003  0.000   15.242    2.313    0    0  (Gen:  0)
   521064    182728  10347688  0.003  0.000   15.246    2.314    0    0  (Gen:  0)
   521240    152824  10421864  0.003  0.000   15.250    2.315    0    0  (Gen:  0)
   520744    159656  10495944  0.002  0.000   15.253    2.315    0    0  (Gen:  0)
   521016    180840  10592000  0.002  0.000   15.257    2.316    0    0  (Gen:  0)
   520688    155904  10669664  0.002  0.000   15.261    2.317    0    0  (Gen:  0)
   520952    132048  10741336  0.002  0.000   15.265    2.317    0    0  (Gen:  0)
   521056    182312  10836776  0.002  0.000   15.268    2.318    0    0  (Gen:  0)
   521432    168776  10929312  0.002  0.000   15.272    2.319    0    0  (Gen:  0)
   521000    141352  10998112  0.002  0.000   15.276    2.319    0    0  (Gen:  0)
   520616    173072  11084544  0.002  0.000   15.279    2.320    0    0  (Gen:  0)
   520712    169240  11170144  0.003  0.000   15.283    2.321    0    0  (Gen:  0)
   521224    133816  11237296  0.003  0.000   15.288    2.321    0    0  (Gen:  0)
   520552    190128  11338952  0.002  0.000   15.292    2.322    0    0  (Gen:  0)
   521016    175568  11429024  0.002  0.000   15.296    2.323    0    0  (Gen:  0)
   521376    148192  11498088  0.002  0.000   15.300    2.323    0    0  (Gen:  0)
   520816    153784  11561760  0.002  0.000   15.304    2.324    0    0  (Gen:  0)
   521264    179600  11651256  0.002  0.000   15.308    2.325    0    0  (Gen:  0)
   520832    148032  11718104  0.002  0.000   15.312    2.325    0    0  (Gen:  0)
   520448    107280  11820832  0.002  0.000   15.315    2.326    0    0  (Gen:  0)
   520568    167632  11912184  0.002  0.000   15.319    2.327    0    0  (Gen:  0)
   521056    152320  11981304  0.003  0.000   15.323    2.327    0    0  (Gen:  0)
   521312    191576  12081576  0.003  0.000   15.328    2.328    0    0  (Gen:  0)
   602576    108656  12117056  0.002  0.000   15.332    2.329    0    0  (Gen:  0)
   537032     47552  12135408  0.001  0.000   15.335    2.329    0    0  (Gen:  0)
   536704     80464  12184400  0.001  0.000   15.338    2.330    0    0  (Gen:  0)
   520872     53592  12217064  0.002  0.000   15.342    2.330    0    0  (Gen:  0)
   520736     49376  12259392  0.001  0.000   15.345    2.331    0    0  (Gen:  0)
   537088     97568  12307664  0.002  0.000   15.348    2.331    0    0  (Gen:  0)
   521088     78976  12341288  0.002  0.000   15.351    2.332    0    0  (Gen:  0)
   521360   4137696   5115296  0.013  0.001   15.366    2.333    0    0  (Gen:  1)
   520952     88288   5145576  0.003  0.000   15.371    2.334    0    0  (Gen:  0)
   520880    116536   5202512  0.002  0.000   15.374    2.335    0    0  (Gen:  0)
   537072    106240   5255720  0.002  0.000   15.378    2.335    0    0  (Gen:  0)
   521008     92560   5302400  0.002  0.000   15.382    2.336    0    0  (Gen:  0)
   520600    126200   5366760  0.002  0.000   15.386    2.336    0    0  (Gen:  0)
   520984    123224   5428272  0.003  0.000   15.389    2.337    0    0  (Gen:  0)
   520992    100928   5476536  0.003  0.000   15.393    2.338    0    0  (Gen:  0)
   521296    108728   5516936  0.003  0.000   15.398    2.338    0    0  (Gen:  0)
   520840    147024   5595888  0.002  0.000   15.402    2.339    0    0  (Gen:  0)
   520816    109456   5641024  0.003  0.000   15.406    2.339    0    0  (Gen:  0)
   520736    119192   5688856  0.002  0.000   15.410    2.340    0    0  (Gen:  0)
   521528    103384   5754016  0.002  0.000   15.414    2.341    0    0  (Gen:  0)
   520680    141096   5822528  0.002  0.000   15.418    2.341    0    0  (Gen:  0)
   536976    124752   5888720  0.003  0.000   15.423    2.342    0    0  (Gen:  0)
   520816     94760   5947056  0.003  0.000   15.427    2.343    0    0  (Gen:  0)
   520752    148856   6024064  0.003  0.000   15.431    2.343    0    0  (Gen:  0)
   520840    135536   6092912  0.003  0.000   15.435    2.344    0    0  (Gen:  0)
   521024    111408   6154024  0.003  0.000   15.439    2.344    0    0  (Gen:  0)
   521128    116648   6222560  0.003  0.000   15.443    2.345    0    0  (Gen:  0)
   520728    148488   6293176  0.002  0.000   15.447    2.346    0    0  (Gen:  0)
   521104    115840   6345248  0.003  0.000   15.451    2.346    0    0  (Gen:  0)
   521248    130392   6398960  0.003  0.000   15.456    2.347    0    0  (Gen:  0)
   520688    155192   6480432  0.003  0.000   15.461    2.348    0    0  (Gen:  0)
   520088    129088   6536336  0.003  0.000   15.466    2.348    0    0  (Gen:  0)
   520696    136976   6595840  0.003  0.000   15.471    2.349    0    0  (Gen:  0)
   521248     83856   6668456  0.003  0.000   15.475    2.350    0    0  (Gen:  0)
   520656    168256   6757832  0.003  0.000   15.479    2.350    0    0  (Gen:  0)
   521080    130856   6827272  0.003  0.000   15.483    2.351    0    0  (Gen:  0)
   520744    106480   6897880  0.003  0.000   15.488    2.352    0    0  (Gen:  0)
   521112    161312   6977208  0.003  0.000   15.492    2.352    0    0  (Gen:  0)
   520896    150152   7054656  0.002  0.000   15.496    2.353    0    0  (Gen:  0)
   521040    116416   7119488  0.003  0.000   15.501    2.354    0    0  (Gen:  0)
   521016    163544   7200152  0.003  0.000   15.505    2.354    0    0  (Gen:  0)
   520696    155024   7276768  0.002  0.000   15.509    2.355    0    0  (Gen:  0)
   521168    119832   7339552  0.003  0.000   15.514    2.356    0    0  (Gen:  0)
   520848    141360   7396064  0.004  0.000   15.519    2.357    0    0  (Gen:  0)
   536968    174704   7490208  0.003  0.000   15.524    2.357    0    0  (Gen:  0)
   521048    131592   7553192  0.004  0.000   15.529    2.358    0    0  (Gen:  0)
   520576    172704   7641808  0.003  0.000   15.533    2.359    0    0  (Gen:  0)
   520416    156752   7723760  0.003  0.000   15.537    2.359    0    0  (Gen:  0)
   521104    135016   7782656  0.004  0.000   15.542    2.360    0    0  (Gen:  0)
   520520    144096   7843776  0.004  0.000   15.547    2.361    0    0  (Gen:  0)
   520856     83976   7922720  0.002  0.000   15.551    2.361    0    0  (Gen:  0)
   520248    179512   8020608  0.003  0.000   15.556    2.362    0    0  (Gen:  0)
   520704    141008   8094464  0.002  0.000   15.560    2.363    0    0  (Gen:  0)
   520936    125608   8169992  0.003  0.000   15.564    2.363    0    0  (Gen:  0)
   520936    169912   8253288  0.003  0.000   15.569    2.364    0    0  (Gen:  0)
   520632    146960   8329672  0.003  0.000   15.573    2.365    0    0  (Gen:  0)
   520600    115880   8401016  0.003  0.000   15.578    2.366    0    0  (Gen:  0)
   520696    175488   8490128  0.003  0.000   15.583    2.366    0    0  (Gen:  0)
   520648    163152   8572216  0.003  0.000   15.587    2.367    0    0  (Gen:  0)
   521040    126376   8639560  0.004  0.000   15.592    2.368    0    0  (Gen:  0)
   521112    148408   8700928  0.004  0.000   15.598    2.369    0    0  (Gen:  0)
   521072    180760   8797720  0.003  0.000   15.603    2.369    0    0  (Gen:  0)
   520952    144080   8864712  0.003  0.000   15.608    2.370    0    0  (Gen:  0)
   520408    148936   8924096  0.004  0.000   15.613    2.371    0    0  (Gen:  0)
   521072    178480   9014944  0.003  0.000   15.618    2.372    0    0  (Gen:  0)
   520696    140560   9082176  0.004  0.000   15.623    2.372    0    0  (Gen:  0)
   521208    148008   9141904  0.004  0.000   15.629    2.373    0    0  (Gen:  0)
   520512    180304   9236256  0.003  0.000   15.633    2.374    0    0  (Gen:  0)
   521016    146528   9299192  0.004  0.000   15.639    2.375    0    0  (Gen:  0)
   520920    190544   9401432  0.003  0.000   15.644    2.376    0    0  (Gen:  0)
   520752    159528   9489048  0.003  0.000   15.648    2.376    0    0  (Gen:  0)
   521008    150048   9554288  0.004  0.000   15.654    2.377    0    0  (Gen:  0)
   521896    190112   9657152  0.003  0.000   15.659    2.378    0    0  (Gen:  0)
   521168    147288   9737576  0.003  0.000   15.663    2.379    0    0  (Gen:  0)
   520480    174120   9822888  0.003  0.000   15.668    2.379    0    0  (Gen:  0)
   520928    165400   9917368  0.003  0.000   15.672    2.380    0    0  (Gen:  0)
   520840    130112   9999648  0.004  0.000   15.677    2.381    0    0  (Gen:  0)
   520536    181248  10087280  0.003  0.000   15.681    2.381    0    0  (Gen:  0)
   521192   5391944   6373528  0.017  0.002   15.700    2.383    0    0  (Gen:  1)
   520720    186960   6469736  0.002  0.000   15.704    2.384    0    0  (Gen:  0)
   520608    153856   6559192  0.002  0.000   15.708    2.385    0    0  (Gen:  0)
   519856    167120   6644520  0.002  0.000   15.712    2.386    0    0  (Gen:  0)
   520304    137048   6719352  0.003  0.000   15.717    2.386    0    0  (Gen:  0)
   520616    180624   6809712  0.003  0.000   15.721    2.387    0    0  (Gen:  0)
   520048    172096   6894048  0.003  0.000   15.725    2.388    0    0  (Gen:  0)
   521136    147344   6967728  0.003  0.000   15.729    2.388    0    0  (Gen:  0)
   521184    199440   7074792  0.003  0.000   15.733    2.389    0    0  (Gen:  0)
   520368    171920   7167112  0.002  0.000   15.737    2.390    0    0  (Gen:  0)
   520888    140816   7239704  0.003  0.000   15.742    2.390    0    0  (Gen:  0)
   520896    158840   7304928  0.004  0.000   15.748    2.391    0    0  (Gen:  0)
   520880    140352   7352800  0.003  0.000   15.752    2.392    0    0  (Gen:  0)
   520552     43784   7371400  0.002  0.000   15.755    2.392    0    0  (Gen:  0)
   520704     81776   7422600  0.001  0.000   15.758    2.393    0    0  (Gen:  0)
   521072     69024   7455024  0.002  0.000   15.761    2.393    0    0  (Gen:  0)
   520912     90072   7500984  0.002  0.000   15.765    2.394    0    0  (Gen:  0)
   521216     93696   7546880  0.002  0.000   15.768    2.394    0    0  (Gen:  0)
   520976     75648   7582768  0.002  0.000   15.771    2.395    0    0  (Gen:  0)
   521168     85112   7612840  0.003  0.000   15.775    2.395    0    0  (Gen:  0)
   521168    114536   7670936  0.002  0.000   15.779    2.396    0    0  (Gen:  0)
   520936     92136   7706664  0.002  0.000   15.783    2.397    0    0  (Gen:  0)
   520872    108048   7750864  0.002  0.000   15.786    2.397    0    0  (Gen:  0)
   520480     91888   7803480  0.002  0.000   15.790    2.398    0    0  (Gen:  0)
   520672    139680   7880896  0.002  0.000   15.793    2.398    0    0  (Gen:  0)
   520736    123800   7941824  0.002  0.000   15.797    2.399    0    0  (Gen:  0)
   521168     96704   7991352  0.002  0.000   15.801    2.400    0    0  (Gen:  0)
   521192    108912   8032008  0.003  0.000   15.805    2.400    0    0  (Gen:  0)
   520808    134048   8098232  0.002  0.000   15.808    2.401    0    0  (Gen:  0)
   521000    106136   8145768  0.003  0.000   15.813    2.401    0    0  (Gen:  0)
   520664    113672   8187432  0.003  0.000   15.817    2.402    0    0  (Gen:  0)
   521296    141008   8258032  0.002  0.000   15.820    2.403    0    0  (Gen:  0)
   520920    117664   8307192  0.003  0.000   15.825    2.403    0    0  (Gen:  0)
   672792    121152   8355712  0.003  0.000   15.829    2.404    0    0  (Gen:  0)
   520872     91952   8423768  0.002  0.000   15.833    2.404    0    0  (Gen:  0)
   521384    155448   8506736  0.002  0.000   15.836    2.405    0    0  (Gen:  0)
   521184    121992   8573000  0.002  0.000   15.840    2.406    0    0  (Gen:  0)
   520680     98808   8633504  0.002  0.000   15.844    2.406    0    0  (Gen:  0)
   521352    149712   8707536  0.002  0.000   15.848    2.407    0    0  (Gen:  0)
   520880    138872   8775808  0.002  0.000   15.851    2.407    0    0  (Gen:  0)
   521000    106512   8832176  0.003  0.000   15.856    2.408    0    0  (Gen:  0)
   520888    128608   8883256  0.003  0.000   15.860    2.409    0    0  (Gen:  0)
   520656    150440   8957528  0.002  0.000   15.864    2.409    0    0  (Gen:  0)
   520784    124496   9015992  0.003  0.000   15.869    2.410    0    0  (Gen:  0)
   521080    130600   9067720  0.003  0.000   15.874    2.411    0    0  (Gen:  0)
   525032    160656   9148552  0.002  0.000   15.878    2.411    0    0  (Gen:  0)
   520872    129144   9204152  0.003  0.000   15.882    2.412    0    0  (Gen:  0)
   521384     98968   9298728  0.002  0.000   15.886    2.413    0    0  (Gen:  0)
   520568    136952   9378256  0.002  0.000   15.890    2.413    0    0  (Gen:  0)
   520680    139552   9435144  0.003  0.000   15.895    2.414    0    0  (Gen:  0)
   524640    167592   9519624  0.003  0.000   15.899    2.415    0    0  (Gen:  0)
   520648    106896   9589912  0.003  0.000   15.903    2.415    0    0  (Gen:  0)
   521432    169408   9677488  0.002  0.000   15.907    2.416    0    0  (Gen:  0)
   524752    141840   9750760  0.003  0.000   15.911    2.417    0    0  (Gen:  0)
   520728    113312   9816376  0.003  0.000   15.915    2.417    0    0  (Gen:  0)
   528656    164416   9898976  0.002  0.000   15.919    2.418    0    0  (Gen:  0)
   561344    157600   9976792  0.003  0.000   15.923    2.419    0    0  (Gen:  0)
   520272    121888  10044696  0.003  0.000   15.928    2.419    0    0  (Gen:  0)
   520600    186312  10147296  0.003  0.000   15.932    2.420    0    0  (Gen:  0)
   520920    141440  10237256  0.002  0.000   15.936    2.421    0    0  (Gen:  0)
   520728    122664  10301264  0.003  0.000   15.940    2.421    0    0  (Gen:  0)
   520856    140880  10357656  0.003  0.000   15.946    2.422    0    0  (Gen:  0)
   520896    164704  10439136  0.003  0.000   15.949    2.423    0    0  (Gen:  0)
   521072    138192  10500056  0.004  0.000   15.954    2.424    0    0  (Gen:  0)
   520576    143536  10560272  0.004  0.000   15.959    2.424    0    0  (Gen:  0)
   520704    175064  10650144  0.002  0.000   15.963    2.425    0    0  (Gen:  0)
   520544    142568  10710632  0.003  0.000   15.969    2.426    0    0  (Gen:  0)
   520888    154336  10776328  0.002  0.000   15.973    2.426    0    0  (Gen:  0)
   520496    122144  10856392  0.002  0.000   15.977    2.427    0    0  (Gen:  0)
   520832    102416  10954712  0.002  0.000   15.980    2.428    0    0  (Gen:  0)
   521032    140840  11032080  0.002  0.000   15.984    2.428    0    0  (Gen:  0)
   520672    131632  11103864  0.003  0.000   15.988    2.429    0    0  (Gen:  0)
   521096    179640  11198240  0.002  0.000   15.992    2.430    0    0  (Gen:  0)
   521024    152088  11277032  0.002  0.000   15.996    2.430    0    0  (Gen:  0)
   521216    130664  11347656  0.003  0.000   16.000    2.431    0    0  (Gen:  0)
   520480    172800  11433368  0.003  0.000   16.004    2.432    0    0  (Gen:  0)
   521056    160608  11512008  0.003  0.000   16.008    2.432    0    0  (Gen:  0)
   520680    126808  11581776  0.003  0.000   16.012    2.433    0    0  (Gen:  0)
   520800    149776  11642464  0.003  0.000   16.017    2.434    0    0  (Gen:  0)
   520752    185408  11742000  0.002  0.000   16.021    2.434    0    0  (Gen:  0)
   520400    134120  11808664  0.003  0.000   16.026    2.435    0    0  (Gen:  0)
   520832    190832  11911024  0.003  0.000   16.030    2.436    0    0  (Gen:  0)
   520704    143960  11999384  0.002  0.000   16.034    2.436    0    0  (Gen:  0)
   520888    140856  12068336  0.003  0.000   16.039    2.437    0    0  (Gen:  0)
   520928    152320  12132976  0.004  0.000   16.044    2.438    0    0  (Gen:  0)
   520984    188224  12231512  0.003  0.000   16.048    2.439    0    0  (Gen:  0)
   521048    151120  12298840  0.004  0.000   16.054    2.439    0    0  (Gen:  0)
   520968    193632  12402168  0.003  0.000   16.058    2.440    0    0  (Gen:  0)
   520816    163968  12494240  0.002  0.000   16.062    2.441    0    0  (Gen:  0)
   520840    156424  12562264  0.004  0.000   16.067    2.442    0    0  (Gen:  0)
   520504   5391400   6372888  0.016  0.001   16.085    2.444    0    0  (Gen:  1)
   520952    193648   6473584  0.003  0.000   16.090    2.444    0    0  (Gen:  0)
   521560    169760   6564864  0.002  0.000   16.094    2.445    0    0  (Gen:  0)
   520056    146632   6644256  0.003  0.000   16.098    2.446    0    0  (Gen:  0)
   520856    138920   6726792  0.003  0.000   16.102    2.446    0    0  (Gen:  0)
   520112    177824   6810920  0.003  0.000   16.107    2.447    0    0  (Gen:  0)
   520504    161416   6896232  0.002  0.000   16.111    2.448    0    0  (Gen:  0)
   520848    134696   6971048  0.003  0.000   16.115    2.449    0    0  (Gen:  0)
   521056    178536   7057944  0.003  0.000   16.119    2.449    0    0  (Gen:  0)
   520392    162000   7140648  0.003  0.000   16.123    2.450    0    0  (Gen:  0)
   520432    138456   7216872  0.003  0.000   16.128    2.451    0    0  (Gen:  0)
   520904    186808   7312928  0.003  0.000   16.132    2.451    0    0  (Gen:  0)
   520896    139840   7363008  0.003  0.000   16.137    2.452    0    0  (Gen:  0)
   521032     38288   7382280  0.002  0.000   16.140    2.452    0    0  (Gen:  0)
   520400     78568   7431408  0.002  0.000   16.143    2.453    0    0  (Gen:  0)
   521248     77336   7473480  0.002  0.000   16.146    2.453    0    0  (Gen:  0)
   520712     66768   7498056  0.002  0.000   16.149    2.454    0    0  (Gen:  0)
   521208     90472   7538536  0.002  0.000   16.152    2.454    0    0  (Gen:  0)
   521072     75664   7576280  0.002  0.000   16.155    2.455    0    0  (Gen:  0)
   520936    108512   7630928  0.002  0.000   16.158    2.455    0    0  (Gen:  0)
   521112    108480   7685288  0.002  0.000   16.162    2.456    0    0  (Gen:  0)
   520960     89984   7726424  0.002  0.000   16.166    2.457    0    0  (Gen:  0)
   521048     97208   7761032  0.002  0.000   16.170    2.457    0    0  (Gen:  0)
   520664    123880   7824824  0.002  0.000   16.174    2.458    0    0  (Gen:  0)
   520424    100056   7863104  0.002  0.000   16.178    2.458    0    0  (Gen:  0)
   520792    146272   7945672  0.003  0.000   16.182    2.459    0    0  (Gen:  0)
   521136     85456   7998832  0.002  0.000   16.186    2.460    0    0  (Gen:  0)
   521296    129392   8061576  0.003  0.000   16.190    2.460    0    0  (Gen:  0)
   520744    125464   8125640  0.002  0.000   16.193    2.461    0    0  (Gen:  0)
   520768     99520   8177808  0.003  0.000   16.197    2.461    0    0  (Gen:  0)
   520984    112648   8220200  0.003  0.000   16.201    2.462    0    0  (Gen:  0)
   520816    144440   8293488  0.002  0.000   16.205    2.463    0    0  (Gen:  0)
   521256    124392   8359072  0.002  0.000   16.209    2.463    0    0  (Gen:  0)
   520696    119424   8416360  0.002  0.000   16.212    2.464    0    0  (Gen:  0)
   520936    147976   8491752  0.002  0.000   16.217    2.465    0    0  (Gen:  0)
   521048    117920   8538272  0.003  0.000   16.221    2.465    0    0  (Gen:  0)
   520576    161872   8626672  0.002  0.000   16.225    2.466    0    0  (Gen:  0)
   521016    135584   8690760  0.002  0.000   16.229    2.466    0    0  (Gen:  0)
   521024    162528   8778968  0.002  0.000   16.233    2.467    0    0  (Gen:  0)
   520432    140840   8845608  0.003  0.000   16.237    2.468    0    0  (Gen:  0)
   520880    106792   8903168  0.003  0.000   16.241    2.468    0    0  (Gen:  0)
   521064    150376   8977760  0.003  0.000   16.245    2.469    0    0  (Gen:  0)
   521176    142688   9047792  0.002  0.000   16.248    2.470    0    0  (Gen:  0)
   519904    126280   9110680  0.003  0.000   16.253    2.470    0    0  (Gen:  0)
   520848    130840   9161040  0.003  0.000   16.257    2.471    0    0  (Gen:  0)
   521040    165344   9246568  0.002  0.000   16.261    2.472    0    0  (Gen:  0)
   520840    128080   9303888  0.003  0.000   16.266    2.472    0    0  (Gen:  0)
   520960    170616   9395968  0.003  0.000   16.270    2.473    0    0  (Gen:  0)
   521064    142152   9478112  0.002  0.000   16.274    2.474    0    0  (Gen:  0)
   520392    135848   9537352  0.003  0.000   16.279    2.474    0    0  (Gen:  0)
   521208    141752   9596048  0.004  0.000   16.284    2.475    0    0  (Gen:  0)
   521152     82952   9671976  0.003  0.000   16.288    2.476    0    0  (Gen:  0)
   520920    170256   9761072  0.003  0.000   16.292    2.476    0    0  (Gen:  0)
   520904    142744   9834096  0.002  0.000   16.296    2.477    0    0  (Gen:  0)
   520888    123584   9904248  0.002  0.000   16.300    2.478    0    0  (Gen:  0)
   520784    163744   9984712  0.002  0.000   16.304    2.478    0    0  (Gen:  0)
   549488    149232  10061256  0.002  0.000   16.308    2.479    0    0  (Gen:  0)
   521152    123056  10129624  0.003  0.000   16.313    2.480    0    0  (Gen:  0)
   519952    164664  10210488  0.003  0.000   16.317    2.480    0    0  (Gen:  0)
   520296    156528  10287512  0.002  0.000   16.321    2.481    0    0  (Gen:  0)
   521104    127624  10351120  0.003  0.000   16.326    2.482    0    0  (Gen:  0)
   520880    155992  10424000  0.003  0.000   16.329    2.482    0    0  (Gen:  0)
   520344    139200  10506576  0.003  0.000   16.333    2.483    0    0  (Gen:  0)
   520912    130608  10571784  0.003  0.000   16.338    2.483    0    0  (Gen:  0)
   520680    143384  10630608  0.003  0.000   16.342    2.484    0    0  (Gen:  0)
   520616    178000  10722976  0.002  0.000   16.346    2.485    0    0  (Gen:  0)
   520600    141760  10785664  0.003  0.000   16.351    2.486    0    0  (Gen:  0)
   521000    145520  10843256  0.003  0.000   16.356    2.487    0    0  (Gen:  0)
   520456    173408  10932488  0.002  0.000   16.360    2.487    0    0  (Gen:  0)
   520696    143024  10990816  0.003  0.000   16.364    2.488    0    0  (Gen:  0)
   521184    185832  11089848  0.003  0.000   16.368    2.489    0    0  (Gen:  0)
   520696    156432  11167920  0.003  0.000   16.372    2.489    0    0  (Gen:  0)
   521032    181360  11262952  0.002  0.000   16.376    2.490    0    0  (Gen:  0)
   520736    151848  11339896  0.003  0.000   16.381    2.491    0    0  (Gen:  0)
   521328    117000  11413672  0.002  0.000   16.385    2.492    0    0  (Gen:  0)
   520416    182752  11510024  0.002  0.000   16.389    2.492    0    0  (Gen:  0)
   521144    154912  11585968  0.002  0.000   16.393    2.493    0    0  (Gen:  0)
   520896    129872  11657840  0.003  0.000   16.397    2.494    0    0  (Gen:  0)
   520480    171952  11742448  0.002  0.000   16.401    2.494    0    0  (Gen:  0)
   525392    165456  11826592  0.003  0.000   16.405    2.495    0    0  (Gen:  0)
   520792    128784  11896800  0.003  0.000   16.410    2.496    0    0  (Gen:  0)
   520832    198072  12006496  0.003  0.000   16.414    2.497    0    0  (Gen:  0)
   520648    165760  12096000  0.002  0.000   16.418    2.497    0    0  (Gen:  0)
   520728    143296  12165928  0.003  0.000   16.422    2.498    0    0  (Gen:  0)
   521008    154200  12229240  0.003  0.000   16.427    2.499    0    0  (Gen:  0)
   521128    183432  12322280  0.002  0.000   16.431    2.500    0    0  (Gen:  0)
   520776    147776  12391432  0.003  0.000   16.435    2.500    0    0  (Gen:  0)
   521104    156104  12456632  0.003  0.000   16.440    2.501    0    0  (Gen:  0)
   520760    183376  12551336  0.002  0.000   16.445    2.502    0    0  (Gen:  0)
   520912   5372088   6353560  0.016  0.002   16.462    2.504    0    0  (Gen:  1)
   520528    197264   6459816  0.002  0.000   16.467    2.505    0    0  (Gen:  0)
   619200    120304   6494176  0.002  0.000   16.470    2.505    0    0  (Gen:  0)
   537440     47080   6513816  0.001  0.000   16.473    2.506    0    0  (Gen:  0)
   536464     83072   6565168  0.002  0.000   16.476    2.506    0    0  (Gen:  0)
   520752     58280   6594808  0.001  0.000   16.479    2.507    0    0  (Gen:  0)
   520520     92072   6643032  0.001  0.000   16.481    2.507    0    0  (Gen:  0)
   537520     96632   6690736  0.002  0.000   16.484    2.508    0    0  (Gen:  0)
   520928     80192   6724280  0.001  0.000   16.487    2.508    0    0  (Gen:  0)
   521472     85536   6756088  0.001  0.000   16.490    2.509    0    0  (Gen:  0)
   520680    117016   6816992  0.001  0.000   16.493    2.509    0    0  (Gen:  0)
   520616     93208   6850680  0.002  0.000   16.496    2.510    0    0  (Gen:  0)
   537072    110936   6898408  0.002  0.000   16.499    2.511    0    0  (Gen:  0)
   520752     88216   6948064  0.002  0.000   16.503    2.511    0    0  (Gen:  0)
   521560    136416   7022048  0.002  0.000   16.507    2.512    0    0  (Gen:  0)
   521000    120520   7084432  0.002  0.000   16.510    2.512    0    0  (Gen:  0)
   520808    100160   7132488  0.002  0.000   16.513    2.513    0    0  (Gen:  0)
   521136    108920   7173048  0.002  0.000   16.516    2.513    0    0  (Gen:  0)
   520968    135928   7240576  0.002  0.000   16.519    2.514    0    0  (Gen:  0)
   520744    106680   7285608  0.002  0.000   16.522    2.515    0    0  (Gen:  0)
   521024    114992   7329480  0.002  0.000   16.526    2.515    0    0  (Gen:  0)
   521096    141272   7400448  0.002  0.000   16.529    2.516    0    0  (Gen:  0)
   520768    119936   7448384  0.002  0.000   16.532    2.516    0    0  (Gen:  0)
   537360    128768   7509448  0.002  0.000   16.535    2.517    0    0  (Gen:  0)
   520496    117920   7570640  0.001  0.000   16.538    2.517    0    0  (Gen:  0)
   520864    157864   7656632  0.002  0.000   16.542    2.518    0    0  (Gen:  0)
   520800    130440   7724920  0.002  0.000   16.546    2.519    0    0  (Gen:  0)
   521040    103984   7783336  0.002  0.000   16.549    2.519    0    0  (Gen:  0)
   520968    149304   7858432  0.002  0.000   16.552    2.520    0    0  (Gen:  0)
   520648    144760   7927816  0.002  0.000   16.556    2.520    0    0  (Gen:  0)
   520736    121672   7981632  0.002  0.000   16.559    2.521    0    0  (Gen:  0)
   521544    169376   8074328  0.002  0.000   16.563    2.522    0    0  (Gen:  0)
   520776    140800   8153280  0.002  0.000   16.566    2.522    0    0  (Gen:  0)
   521040    129496   8209912  0.002  0.000   16.569    2.523    0    0  (Gen:  0)
   521184    131688   8263024  0.002  0.000   16.573    2.524    0    0  (Gen:  0)
   521104    160960   8343744  0.002  0.000   16.577    2.524    0    0  (Gen:  0)
   520776    130720   8398304  0.002  0.000   16.581    2.525    0    0  (Gen:  0)
   520768    173080   8492256  0.003  0.000   16.586    2.526    0    0  (Gen:  0)
   520576    113680   8567176  0.002  0.000   16.589    2.526    0    0  (Gen:  0)
   521024    159696   8642808  0.002  0.000   16.593    2.527    0    0  (Gen:  0)
   520968    145512   8717552  0.002  0.000   16.597    2.528    0    0  (Gen:  0)
   521000    126536   8786664  0.002  0.000   16.600    2.528    0    0  (Gen:  0)
   520696    171640   8876472  0.002  0.000   16.604    2.529    0    0  (Gen:  0)
   520608    151904   8949760  0.002  0.000   16.608    2.529    0    0  (Gen:  0)
   521040    118248   9013904  0.002  0.000   16.611    2.530    0    0  (Gen:  0)
   521496    165368   9097848  0.002  0.000   16.615    2.531    0    0  (Gen:  0)
   537520    161296   9177048  0.002  0.000   16.618    2.531    0    0  (Gen:  0)
   521456    140592   9243208  0.002  0.000   16.622    2.532    0    0  (Gen:  0)
   521040    185128   9344008  0.003  0.000   16.626    2.533    0    0  (Gen:  0)
   520392    135008   9427224  0.002  0.000   16.630    2.533    0    0  (Gen:  0)
   520432    134000   9489256  0.002  0.000   16.634    2.534    0    0  (Gen:  0)
   521016    141952   9547904  0.002  0.000   16.637    2.535    0    0  (Gen:  0)
   520936    164608   9630232  0.002  0.000   16.641    2.535    0    0  (Gen:  0)
   520568    137144   9690832  0.002  0.000   16.645    2.536    0    0  (Gen:  0)
   520144    142440   9749776  0.002  0.000   16.648    2.537    0    0  (Gen:  0)
   520632    172496   9836408  0.002  0.000   16.652    2.537    0    0  (Gen:  0)
   521328    146528   9897328  0.002  0.000   16.656    2.538    0    0  (Gen:  0)
   520800    154992   9964248  0.002  0.000   16.660    2.539    0    0  (Gen:  0)
   520904    125096  10043064  0.001  0.000   16.663    2.539    0    0  (Gen:  0)
   520568    186048  10142328  0.003  0.000   16.668    2.540    0    0  (Gen:  0)
   521288    161984  10237208  0.003  0.000   16.673    2.541    0    0  (Gen:  0)
   520712    134928  10309128  0.002  0.000   16.676    2.542    0    0  (Gen:  0)
   521368    177984  10402160  0.002  0.000   16.680    2.542    0    0  (Gen:  0)
   520320    163968  10481360  0.002  0.000   16.684    2.543    0    0  (Gen:  0)
   520752    143256  10552104  0.002  0.000   16.687    2.544    0    0  (Gen:  0)
   521168    178096  10643208  0.002  0.000   16.691    2.544    0    0  (Gen:  0)
   521056    176448  10735176  0.002  0.000   16.695    2.545    0    0  (Gen:  0)
   520784    138928  10804904  0.002  0.000   16.699    2.546    0    0  (Gen:  0)
   520656    150200  10865944  0.002  0.000   16.703    2.546    0    0  (Gen:  0)
   520688    184000  10964272  0.002  0.000   16.706    2.547    0    0  (Gen:  0)
   520848    140240  11032072  0.003  0.000   16.711    2.548    0    0  (Gen:  0)
   521344    193752  11137496  0.002  0.000   16.715    2.549    0    0  (Gen:  0)
   521144    165472  11226632  0.002  0.000   16.719    2.549    0    0  (Gen:  0)
   521104    143456  11294296  0.002  0.000   16.722    2.550    0    0  (Gen:  0)
   520488    152568  11359064  0.002  0.000   16.726    2.551    0    0  (Gen:  0)
   520368    178024  11447336  0.002  0.000   16.729    2.551    0    0  (Gen:  0)
   521152    150712  11514784  0.002  0.000   16.733    2.552    0    0  (Gen:  0)
   520400    175960  11599752  0.002  0.000   16.737    2.553    0    0  (Gen:  0)
   521056    169480  11690848  0.002  0.000   16.740    2.553    0    0  (Gen:  0)
   521096    158104  11759272  0.002  0.000   16.744    2.554    0    0  (Gen:  0)
   520848    159176  11827280  0.004  0.000   16.750    2.555    0    0  (Gen:  0)
   521104     29880  11853232  0.001  0.000   16.752    2.555    0    0  (Gen:  0)
   520592     49744  11872944  0.001  0.000   16.755    2.556    0    0  (Gen:  0)
   520048     93160  11933224  0.001  0.000   16.759    2.556    0    0  (Gen:  0)
   520440     86600  11995056  0.002  0.000   16.762    2.557    0    0  (Gen:  0)
   520520     75840  12032168  0.003  0.000   16.767    2.558    0    0  (Gen:  0)
   521880     99088  12083368  0.002  0.000   16.771    2.558    0    0  (Gen:  0)
   521080     81880  12114704  0.002  0.000   16.774    2.559    0    0  (Gen:  0)
   520440     94896  12154816  0.002  0.000   16.777    2.559    0    0  (Gen:  0)
   520568     87208  12205248  0.002  0.000   16.783    2.560    0    0  (Gen:  0)
   520856     77376  12278512  0.002  0.000   16.786    2.561    0    0  (Gen:  0)
   520512    109816  12333808  0.007  0.001   16.796    2.562    0    0  (Gen:  0)
   520800     96176  12377256  0.012  0.001   16.810    2.563    0    0  (Gen:  0)
   521072    128744  12444376  0.003  0.000   16.816    2.564    0    0  (Gen:  0)
   521056   4251912   5233656  0.013  0.001   16.830    2.566    0    0  (Gen:  1)
   521128    108728   5275720  0.003  0.000   16.835    2.567    0    0  (Gen:  0)
   521016    142832   5350456  0.003  0.000   16.839    2.567    0    0  (Gen:  0)
   520960    125424   5421776  0.002  0.000   16.845    2.568    0    0  (Gen:  0)
   520864    109768   5465856  0.004  0.000   16.859    2.570    0    0  (Gen:  0)
   521120    141232   5535936  0.003  0.000   16.871    2.571    0    0  (Gen:  0)
   520728     99472   5597248  0.002  0.000   16.875    2.572    0    0  (Gen:  0)
   520848    149992   5675192  0.002  0.000   16.879    2.573    0    0  (Gen:  0)
   661024    126072   5738016  0.002  0.000   16.883    2.573    0    0  (Gen:  0)
   520576    115288   5796536  0.002  0.000   16.887    2.574    0    0  (Gen:  0)
   521112    152072   5876736  0.002  0.000   16.890    2.575    0    0  (Gen:  0)
   520880    136168   5945744  0.002  0.000   16.894    2.575    0    0  (Gen:  0)
   520840    110800   6003104  0.002  0.000   16.898    2.576    0    0  (Gen:  0)
   521088    123032   6049712  0.003  0.000   16.902    2.577    0    0  (Gen:  0)
   520424    146872   6120184  0.002  0.000   16.905    2.577    0    0  (Gen:  0)
   520848    117768   6174160  0.003  0.000   16.910    2.578    0    0  (Gen:  0)
   520832    130864   6227256  0.003  0.000   16.914    2.579    0    0  (Gen:  0)
   520072    151472   6304856  0.002  0.000   16.918    2.579    0    0  (Gen:  0)
   521304    125680   6360592  0.003  0.000   16.922    2.580    0    0  (Gen:  0)
   518160    133896   6416112  0.002  0.000   16.926    2.581    0    0  (Gen:  0)
   525112    144608   6492104  0.002  0.000   16.930    2.581    0    0  (Gen:  0)
   520760    132952   6545480  0.003  0.000   16.935    2.582    0    0  (Gen:  0)
   521320    170736   6636368  0.003  0.000   16.939    2.583    0    0  (Gen:  0)
   520864    112048   6708528  0.002  0.000   16.943    2.583    0    0  (Gen:  0)
   520648    160440   6785248  0.002  0.000   16.946    2.584    0    0  (Gen:  0)
   524984    145912   6861904  0.002  0.000   16.950    2.584    0    0  (Gen:  0)
   521128    122880   6928896  0.002  0.000   16.954    2.585    0    0  (Gen:  0)
   520888    170272   7017048  0.002  0.000   16.958    2.586    0    0  (Gen:  0)
   524872    152088   7091544  0.002  0.000   16.961    2.586    0    0  (Gen:  0)
   524840    125176   7155072  0.003  0.000   16.966    2.587    0    0  (Gen:  0)
   524608    140280   7211032  0.003  0.000   16.971    2.588    0    0  (Gen:  0)
   557832    178304   7304240  0.002  0.000   16.974    2.589    0    0  (Gen:  0)
   521024    127520   7368448  0.003  0.000   16.979    2.589    0    0  (Gen:  0)
   520800    170624   7454656  0.002  0.000   16.983    2.590    0    0  (Gen:  0)
   520288    138448   7537248  0.002  0.000   16.986    2.591    0    0  (Gen:  0)
   520960    130528   7598104  0.003  0.000   16.991    2.591    0    0  (Gen:  0)
   520840    141424   7656112  0.003  0.000   16.996    2.592    0    0  (Gen:  0)
   521592    165136   7740088  0.002  0.000   16.999    2.593    0    0  (Gen:  0)
   520424    138832   7799048  0.003  0.000   17.004    2.593    0    0  (Gen:  0)
   520288    148200   7863600  0.002  0.000   17.008    2.594    0    0  (Gen:  0)
   520712    119384   7942544  0.002  0.000   17.012    2.595    0    0  (Gen:  0)
   521296    182144   8038272  0.002  0.000   17.015    2.595    0    0  (Gen:  0)
   520824    153168   8112088  0.002  0.000   17.019    2.596    0    0  (Gen:  0)
   521160    139016   8188616  0.002  0.000   17.023    2.597    0    0  (Gen:  0)
   520584    184448   8285424  0.002  0.000   17.027    2.597    0    0  (Gen:  0)
   521104    159960   8363480  0.002  0.000   17.031    2.598    0    0  (Gen:  0)
   520512    124144   8433080  0.002  0.000   17.035    2.599    0    0  (Gen:  0)
   521176    169560   8516904  0.002  0.000   17.039    2.599    0    0  (Gen:  0)
   521280    161744   8598144  0.002  0.000   17.043    2.600    0    0  (Gen:  0)
   521016    130680   8665536  0.003  0.000   17.047    2.601    0    0  (Gen:  0)
   520832    170264   8748296  0.002  0.000   17.051    2.602    0    0  (Gen:  0)
   520672    183824   8848000  0.002  0.000   17.055    2.602    0    0  (Gen:  0)
   521168    132784   8916432  0.003  0.000   17.059    2.603    0    0  (Gen:  0)
   520616    150168   8977152  0.003  0.000   17.064    2.604    0    0  (Gen:  0)
   521152    182360   9073664  0.002  0.000   17.068    2.604    0    0  (Gen:  0)
   520848    138704   9138584  0.003  0.000   17.073    2.605    0    0  (Gen:  0)
   520968    189488   9239064  0.002  0.000   17.076    2.606    0    0  (Gen:  0)
   521000    162080   9327248  0.002  0.000   17.080    2.606    0    0  (Gen:  0)
   520528    141184   9394488  0.003  0.000   17.085    2.607    0    0  (Gen:  0)
   521224    153648   9460056  0.003  0.000   17.090    2.608    0    0  (Gen:  0)
   520352    180256   9549688  0.002  0.000   17.094    2.609    0    0  (Gen:  0)
   520936    149056   9615976  0.003  0.000   17.099    2.610    0    0  (Gen:  0)
   521016    154640   9679184  0.003  0.000   17.104    2.610    0    0  (Gen:  0)
   520432    178328   9767880  0.002  0.000   17.108    2.611    0    0  (Gen:  0)
   520688    157864   9835224  0.004  0.000   17.113    2.612    0    0  (Gen:  0)
   520600    162336   9905376  0.003  0.000   17.118    2.613    0    0  (Gen:  0)
   520848     30720   9924496  0.001  0.000   17.121    2.613    0    0  (Gen:  0)
   521136     65448   9965416  0.001  0.000   17.124    2.614    0    0  (Gen:  0)
   520400     70680  10001584  0.001  0.000   17.127    2.614    0    0  (Gen:  0)
   520752     58976  10028240  0.002  0.000   17.130    2.615    0    0  (Gen:  0)
   520784     70928  10052680  0.002  0.000   17.133    2.615    0    0  (Gen:  0)
   521048    100248  10105872  0.002  0.000   17.136    2.616    0    0  (Gen:  0)
   520864     81648  10136880  0.002  0.000   17.140    2.616    0    0  (Gen:  0)
   520752     98496  10179232  0.002  0.000   17.143    2.617    0    0  (Gen:  0)
   521080     82080  10227936  0.002  0.000   17.146    2.617    0    0  (Gen:  0)
   521104    120264  10286320  0.002  0.000   17.150    2.618    0    0  (Gen:  0)
   521184   4201168   5182720  0.011  0.001   17.162    2.620    0    0  (Gen:  1)
   521032    123648   5245160  0.003  0.000   17.167    2.620    0    0  (Gen:  0)
   520936     85056   5311296  0.002  0.000   17.170    2.621    0    0  (Gen:  0)
   520824    117744   5380160  0.002  0.000   17.173    2.621    0    0  (Gen:  0)
   521240    101400   5424424  0.002  0.000   17.178    2.622    0    0  (Gen:  0)
   520528    109216   5464568  0.002  0.000   17.182    2.623    0    0  (Gen:  0)
   520744    138592   5535912  0.002  0.000   17.185    2.623    0    0  (Gen:  0)
   521048    112152   5579096  0.003  0.000   17.189    2.624    0    0  (Gen:  0)
   520736    126888   5635840  0.002  0.000   17.193    2.625    0    0  (Gen:  0)
   520848    105992   5694208  0.002  0.000   17.197    2.625    0    0  (Gen:  0)
   521192    142832   5764504  0.002  0.000   17.200    2.626    0    0  (Gen:  0)
   520696    131352   5831816  0.002  0.000   17.204    2.626    0    0  (Gen:  0)
   521456    105256   5887192  0.002  0.000   17.208    2.627    0    0  (Gen:  0)
   520848    160552   5975136  0.003  0.000   17.212    2.628    0    0  (Gen:  0)
   520728    128352   6058048  0.002  0.000   17.216    2.628    0    0  (Gen:  0)
   521168    115152   6112136  0.003  0.000   17.220    2.629    0    0  (Gen:  0)
   521328    123072   6159848  0.003  0.000   17.224    2.630    0    0  (Gen:  0)
   520840    148024   6232040  0.002  0.000   17.228    2.630    0    0  (Gen:  0)
   520920    120672   6285920  0.003  0.000   17.232    2.631    0    0  (Gen:  0)
   521208    132000   6338896  0.003  0.000   17.237    2.632    0    0  (Gen:  0)
   520928     78568   6412744  0.002  0.000   17.241    2.632    0    0  (Gen:  0)
   521144    167760   6504080  0.003  0.000   17.245    2.633    0    0  (Gen:  0)
   521320    128920   6573240  0.002  0.000   17.248    2.634    0    0  (Gen:  0)
   521272    109944   6641488  0.002  0.000   17.252    2.634    0    0  (Gen:  0)
   520504    167976   6730968  0.002  0.000   17.256    2.635    0    0  (Gen:  0)
   520768    144200   6803144  0.002  0.000   17.260    2.636    0    0  (Gen:  0)
   520056    117176   6870192  0.002  0.000   17.264    2.636    0    0  (Gen:  0)
   521760    160736   6949600  0.002  0.000   17.267    2.637    0    0  (Gen:  0)
   520608    156056   7028512  0.002  0.000   17.271    2.638    0    0  (Gen:  0)
   520968    124480   7093144  0.003  0.000   17.295    2.641    0    0  (Gen:  0)
   520984    140072   7149272  0.003  0.000   17.300    2.641    0    0  (Gen:  0)
   520288    168912   7235776  0.002  0.000   17.304    2.642    0    0  (Gen:  0)
   521088    128792   7296048  0.003  0.000   17.308    2.643    0    0  (Gen:  0)
   521256    139320   7351472  0.003  0.000   17.313    2.644    0    0  (Gen:  0)
   673480    161944   7429248  0.002  0.000   17.317    2.644    0    0  (Gen:  0)
   521048    136184   7493488  0.003  0.000   17.322    2.645    0    0  (Gen:  0)
   521080    178768   7589696  0.002  0.000   17.326    2.646    0    0  (Gen:  0)
   521168    146792   7671424  0.002  0.000   17.330    2.646    0    0  (Gen:  0)
   521080    135168   7731128  0.003  0.000   17.335    2.647    0    0  (Gen:  0)
   520928    144432   7792288  0.003  0.000   17.340    2.648    0    0  (Gen:  0)
   521504     84464   7871248  0.002  0.000   17.344    2.649    0    0  (Gen:  0)
   520400    180064   7969168  0.002  0.000   17.348    2.649    0    0  (Gen:  0)
   520216    147464   8042952  0.002  0.000   17.352    2.650    0    0  (Gen:  0)
   520808    120760   8118032  0.002  0.000   17.356    2.651    0    0  (Gen:  0)
   521224    169472   8201216  0.002  0.000   17.360    2.651    0    0  (Gen:  0)
   521056    151632   8277768  0.003  0.000   17.364    2.652    0    0  (Gen:  0)
   520848    116248   8349920  0.002  0.000   17.368    2.653    0    0  (Gen:  0)
   520616    179904   8443416  0.002  0.000   17.373    2.654    0    0  (Gen:  0)
   521280    157384   8525408  0.002  0.000   17.377    2.654    0    0  (Gen:  0)
   520432    127304   8591184  0.003  0.000   17.381    2.655    0    0  (Gen:  0)
   521304    167384   8673480  0.002  0.000   17.385    2.656    0    0  (Gen:  0)
   521152    166080   8755872  0.002  0.000   17.389    2.656    0    0  (Gen:  0)
   521064    134864   8823848  0.003  0.000   17.393    2.657    0    0  (Gen:  0)
   520520    148344   8883248  0.003  0.000   17.398    2.658    0    0  (Gen:  0)
   521152    178816   8974152  0.002  0.000   17.402    2.659    0    0  (Gen:  0)
   520920    136136   9041792  0.003  0.000   17.406    2.659    0    0  (Gen:  0)
   520608    148000   9100584  0.003  0.000   17.412    2.660    0    0  (Gen:  0)
   566248    183824   9204544  0.003  0.000   17.416    2.661    0    0  (Gen:  0)
   520360    142200   9267296  0.003  0.000   17.421    2.662    0    0  (Gen:  0)
   520544    184328   9363056  0.003  0.000   17.425    2.662    0    0  (Gen:  0)
   520776    159304   9451552  0.002  0.000   17.429    2.663    0    0  (Gen:  0)
   520864    148680   9517808  0.003  0.000   17.434    2.664    0    0  (Gen:  0)
   520736    152928   9581968  0.003  0.000   17.439    2.665    0    0  (Gen:  0)
   521144    181312   9673736  0.003  0.000   17.443    2.665    0    0  (Gen:  0)
   521024    153368   9738688  0.003  0.000   17.448    2.666    0    0  (Gen:  0)
   520792    182048   9830056  0.002  0.000   17.452    2.667    0    0  (Gen:  0)
   520736    152368   9912296  0.003  0.000   17.456    2.668    0    0  (Gen:  0)
   520536    179928   9999984  0.002  0.000   17.460    2.668    0    0  (Gen:  0)
   520832    143992  10072056  0.003  0.000   17.465    2.669    0    0  (Gen:  0)
   520848     32712  10091264  0.001  0.000   17.468    2.670    0    0  (Gen:  0)
   520592     64464  10130280  0.001  0.000   17.471    2.670    0    0  (Gen:  0)
   520856     70800  10167072  0.002  0.000   17.474    2.671    0    0  (Gen:  0)
   520384     75368  10206032  0.002  0.000   17.477    2.671    0    0  (Gen:  0)
   520856   4092680   5078416  0.011  0.001   17.490    2.673    0    0  (Gen:  1)
   521696    102656   5134216  0.002  0.000   17.494    2.673    0    0  (Gen:  0)
   520960     81272   5164168  0.002  0.000   17.497    2.674    0    0  (Gen:  0)
   520440    122056   5231136  0.002  0.000   17.501    2.674    0    0  (Gen:  0)
   520784    101616   5276552  0.002  0.000   17.504    2.675    0    0  (Gen:  0)
   520616    121856   5338824  0.002  0.000   17.508    2.676    0    0  (Gen:  0)
   520688    118152   5397648  0.002  0.000   17.512    2.676    0    0  (Gen:  0)
   520960     93152   5438064  0.002  0.000   17.515    2.677    0    0  (Gen:  0)
   520912    138848   5515504  0.002  0.000   17.519    2.677    0    0  (Gen:  0)
   520784    127704   5584200  0.002  0.000   17.523    2.678    0    0  (Gen:  0)
   521264    104984   5628816  0.002  0.000   17.526    2.679    0    0  (Gen:  0)
   521056    115688   5674256  0.002  0.000   17.530    2.679    0    0  (Gen:  0)
   521016    101760   5737176  0.002  0.000   17.533    2.680    0    0  (Gen:  0)
   521016    151152   5820144  0.002  0.000   17.537    2.680    0    0  (Gen:  0)
   521144    132864   5897664  0.002  0.000   17.541    2.681    0    0  (Gen:  0)
   520416    100224   5954480  0.002  0.000   17.545    2.682    0    0  (Gen:  0)
   521160    143312   6025656  0.002  0.000   17.549    2.682    0    0  (Gen:  0)
   701832    132944   6088848  0.002  0.000   17.553    2.683    0    0  (Gen:  0)
   521056    102544   6143880  0.002  0.000   17.557    2.684    0    0  (Gen:  0)
   520920    146288   6217320  0.002  0.000   17.561    2.684    0    0  (Gen:  0)
   520728    132544   6292072  0.002  0.000   17.564    2.685    0    0  (Gen:  0)
   520872    119656   6346800  0.003  0.000   17.568    2.686    0    0  (Gen:  0)
   521200    123200   6395280  0.003  0.000   17.573    2.686    0    0  (Gen:  0)
   520560    157528   6476400  0.002  0.000   17.577    2.687    0    0  (Gen:  0)
   521160    119776   6529680  0.003  0.000   17.581    2.688    0    0  (Gen:  0)
   521072    129584   6580760  0.003  0.000   17.585    2.688    0    0  (Gen:  0)
   520680    150808   6657216  0.002  0.000   17.589    2.689    0    0  (Gen:  0)
   520888    151912   6730816  0.002  0.000   17.593    2.690    0    0  (Gen:  0)
   520720    144808   6814264  0.003  0.000   17.597    2.690    0    0  (Gen:  0)
   520720    113880   6882184  0.002  0.000   17.601    2.691    0    0  (Gen:  0)
   520600    169312   6973048  0.002  0.000   17.605    2.692    0    0  (Gen:  0)
   520968    148176   7044888  0.002  0.000   17.609    2.692    0    0  (Gen:  0)
   519712    119240   7112848  0.002  0.000   17.613    2.693    0    0  (Gen:  0)
   520656    161048   7192720  0.002  0.000   17.617    2.694    0    0  (Gen:  0)
   520984    154480   7270736  0.002  0.000   17.621    2.694    0    0  (Gen:  0)
   520744    119664   7336160  0.003  0.000   17.625    2.695    0    0  (Gen:  0)
   520752    138184   7389832  0.003  0.000   17.630    2.696    0    0  (Gen:  0)
   520760    160040   7468872  0.002  0.000   17.634    2.696    0    0  (Gen:  0)
   520880    127312   7529312  0.003  0.000   17.638    2.697    0    0  (Gen:  0)
   520584    140312   7585416  0.003  0.000   17.643    2.698    0    0  (Gen:  0)
   537168    175976   7676336  0.002  0.000   17.647    2.699    0    0  (Gen:  0)
   521104    135480   7736080  0.003  0.000   17.651    2.699    0    0  (Gen:  0)
   520208    160304   7813216  0.002  0.000   17.655    2.700    0    0  (Gen:  0)
   521064    149296   7893896  0.002  0.000   17.659    2.701    0    0  (Gen:  0)
   520808    136632   7953760  0.003  0.000   17.663    2.701    0    0  (Gen:  0)
   520448    166912   8036520  0.003  0.000   17.668    2.702    0    0  (Gen:  0)
   520704    118472   8112904  0.002  0.000   17.672    2.703    0    0  (Gen:  0)
   521144    175696   8203432  0.003  0.000   17.676    2.703    0    0  (Gen:  0)
   521112    149856   8279056  0.002  0.000   17.680    2.704    0    0  (Gen:  0)
   520656    124984   8352448  0.002  0.000   17.684    2.705    0    0  (Gen:  0)
   520792    169856   8434256  0.002  0.000   17.688    2.705    0    0  (Gen:  0)
   521152    153688   8511544  0.002  0.000   17.692    2.706    0    0  (Gen:  0)
   520792    126040   8582048  0.003  0.000   17.697    2.707    0    0  (Gen:  0)
   521264    174656   8669832  0.002  0.000   17.701    2.708    0    0  (Gen:  0)
   520392    162056   8750792  0.002  0.000   17.705    2.708    0    0  (Gen:  0)
   521112    132688   8817912  0.003  0.000   17.709    2.709    0    0  (Gen:  0)
   520368    148152   8878960  0.003  0.000   17.714    2.710    0    0  (Gen:  0)
   521312    182736   8977488  0.003  0.000   17.718    2.710    0    0  (Gen:  0)
   520832    134232   9042976  0.003  0.000   17.722    2.711    0    0  (Gen:  0)
   521296    148856   9103224  0.003  0.000   17.727    2.712    0    0  (Gen:  0)
   520664    179392   9194408  0.003  0.000   17.731    2.713    0    0  (Gen:  0)
   521056    145312   9260360  0.003  0.000   17.736    2.713    0    0  (Gen:  0)
   520928    147928   9318952  0.003  0.000   17.741    2.714    0    0  (Gen:  0)
   520504    176120   9410072  0.003  0.000   17.745    2.715    0    0  (Gen:  0)
   520248    147224   9472384  0.003  0.000   17.750    2.716    0    0  (Gen:  0)
   520920    187744   9571672  0.003  0.000   17.754    2.716    0    0  (Gen:  0)
   520472    163664   9659872  0.003  0.000   17.758    2.717    0    0  (Gen:  0)
   520880    150392   9724216  0.003  0.000   17.763    2.718    0    0  (Gen:  0)
   521008    160392   9796352  0.003  0.000   17.768    2.719    0    0  (Gen:  0)
   521112     97952   9877216  0.002  0.000   17.772    2.719    0    0  (Gen:  0)
   520592    187552   9975912  0.003  0.000   17.777    2.720    0    0  (Gen:  0)
   520920    142552  10052824  0.002  0.000   17.781    2.721    0    0  (Gen:  0)
   520776   5361968   6347680  0.014  0.001   17.796    2.723    0    0  (Gen:  1)
   520520    180872   6435336  0.003  0.000   17.801    2.724    0    0  (Gen:  0)
   520960    141656   6501464  0.003  0.000   17.805    2.724    0    0  (Gen:  0)
   521000     31816   6519336  0.001  0.000   17.808    2.725    0    0  (Gen:  0)
   521480     60056   6552760  0.001  0.000   17.811    2.725    0    0  (Gen:  0)
   520760     91160   6608848  0.002  0.000   17.814    2.726    0    0  (Gen:  0)
   520336     65840   6634488  0.002  0.000   17.818    2.726    0    0  (Gen:  0)
   521056     79056   6665168  0.001  0.000   17.821    2.727    0    0  (Gen:  0)
   521552     73744   6711472  0.002  0.000   17.824    2.727    0    0  (Gen:  0)
   520880    122104   6780736  0.002  0.000   17.828    2.728    0    0  (Gen:  0)
   520584    103664   6831672  0.002  0.000   17.831    2.729    0    0  (Gen:  0)
   520584     84736   6877512  0.002  0.000   17.835    2.729    0    0  (Gen:  0)
   520576     94600   6909672  0.002  0.000   17.839    2.730    0    0  (Gen:  0)
   520792    120712   6969736  0.002  0.000   17.843    2.730    0    0  (Gen:  0)
   520968     95240   7009992  0.002  0.000   17.846    2.731    0    0  (Gen:  0)
   521096    139720   7088112  0.002  0.000   17.850    2.732    0    0  (Gen:  0)
   520832    118760   7155880  0.002  0.000   17.854    2.732    0    0  (Gen:  0)
   521104    106776   7199080  0.003  0.000   17.857    2.733    0    0  (Gen:  0)
   521056    140944   7270840  0.002  0.000   17.861    2.734    0    0  (Gen:  0)
   521144    107576   7328976  0.002  0.000   17.865    2.734    0    0  (Gen:  0)
   520968    148080   7408984  0.002  0.000   17.868    2.735    0    0  (Gen:  0)
   521192    126880   7474072  0.002  0.000   17.872    2.735    0    0  (Gen:  0)
   520296     97328   7528680  0.002  0.000   17.876    2.736    0    0  (Gen:  0)
   521304    119344   7574696  0.003  0.000   17.880    2.737    0    0  (Gen:  0)
   520904    155312   7658368  0.002  0.000   17.884    2.737    0    0  (Gen:  0)
   520960    117392   7710224  0.003  0.000   17.888    2.738    0    0  (Gen:  0)
   520960    160544   7796960  0.002  0.000   17.892    2.739    0    0  (Gen:  0)
   520792    136216   7872328  0.002  0.000   17.895    2.739    0    0  (Gen:  0)
   521104    118160   7922264  0.003  0.000   17.899    2.740    0    0  (Gen:  0)
   520968    146800   7995224  0.002  0.000   17.903    2.741    0    0  (Gen:  0)
   520568    123960   8064784  0.002  0.000   17.907    2.741    0    0  (Gen:  0)
   521208    126472   8117920  0.003  0.000   17.912    2.742    0    0  (Gen:  0)
   520928    162152   8201352  0.002  0.000   17.916    2.743    0    0  (Gen:  0)
   520776    138584   8269608  0.003  0.000   17.920    2.743    0    0  (Gen:  0)
   520864    155096   8345144  0.002  0.000   17.924    2.744    0    0  (Gen:  0)
   520744    142296   8418728  0.002  0.000   17.928    2.745    0    0  (Gen:  0)
   520536    115456   8480376  0.003  0.000   17.932    2.745    0    0  (Gen:  0)
   520504    158992   8563616  0.003  0.000   17.936    2.746    0    0  (Gen:  0)
   520984    150936   8638184  0.002  0.000   17.940    2.747    0    0  (Gen:  0)
   519992    132664   8708072  0.003  0.000   17.944    2.747    0    0  (Gen:  0)
   520312    146704   8780648  0.003  0.000   17.948    2.748    0    0  (Gen:  0)
   521336    162672   8860232  0.002  0.000   17.952    2.749    0    0  (Gen:  0)
   520544    128680   8922160  0.003  0.000   17.957    2.750    0    0  (Gen:  0)
   520960    139544   8977456  0.003  0.000   17.962    2.750    0    0  (Gen:  0)
   520664    173840   9071192  0.003  0.000   17.966    2.751    0    0  (Gen:  0)
   520816    132808   9127848  0.003  0.000   17.971    2.752    0    0  (Gen:  0)
   520608    160104   9205688  0.002  0.000   17.975    2.753    0    0  (Gen:  0)
   562640    149576   9285904  0.003  0.000   17.979    2.753    0    0  (Gen:  0)
   521016    139936   9345720  0.003  0.000   17.984    2.754    0    0  (Gen:  0)
   520240    172064   9436880  0.003  0.000   17.988    2.755    0    0  (Gen:  0)
   521088    115880   9508352  0.002  0.000   17.992    2.755    0    0  (Gen:  0)
   520808    161352   9587176  0.002  0.000   17.996    2.756    0    0  (Gen:  0)
   520408    146400   9661000  0.002  0.000   18.000    2.757    0    0  (Gen:  0)
   520808    115432   9733136  0.003  0.000   18.005    2.758    0    0  (Gen:  0)
   521104    100384   9829368  0.002  0.000   18.009    2.758    0    0  (Gen:  0)
   521296    157080   9907736  0.002  0.000   18.013    2.759    0    0  (Gen:  0)
   520344    126296   9978352  0.003  0.000   18.017    2.760    0    0  (Gen:  0)
   521120    170192  10062088  0.002  0.000   18.021    2.760    0    0  (Gen:  0)
   521016    161816  10142280  0.002  0.000   18.025    2.761    0    0  (Gen:  0)
   520664    125512  10208416  0.003  0.000   18.029    2.762    0    0  (Gen:  0)
   521280    184760  10307880  0.002  0.000   18.033    2.762    0    0  (Gen:  0)
   520584    168200  10393752  0.003  0.000   18.037    2.763    0    0  (Gen:  0)
   520976    138640  10459888  0.003  0.000   18.042    2.764    0    0  (Gen:  0)
   520536    149224  10520288  0.003  0.000   18.047    2.765    0    0  (Gen:  0)
   521008    180512  10614680  0.003  0.000   18.052    2.765    0    0  (Gen:  0)
   520792    141280  10675472  0.003  0.000   18.056    2.766    0    0  (Gen:  0)
   521688    147656  10734936  0.003  0.000   18.061    2.767    0    0  (Gen:  0)
   520424    178920  10827944  0.003  0.000   18.066    2.768    0    0  (Gen:  0)
   520952    148216  10891672  0.003  0.000   18.071    2.769    0    0  (Gen:  0)
   525192    174112  10977872  0.003  0.000   18.075    2.769    0    0  (Gen:  0)
   520048    106696  11060408  0.002  0.000   18.079    2.770    0    0  (Gen:  0)
   520832    188176  11161568  0.003  0.000   18.084    2.771    0    0  (Gen:  0)
   520752    159352  11239328  0.003  0.000   18.088    2.771    0    0  (Gen:  0)
   520976    122288  11316760  0.003  0.000   18.092    2.772    0    0  (Gen:  0)
   521040    173848  11401984  0.003  0.000   18.097    2.773    0    0  (Gen:  0)
   521080    160952  11485024  0.003  0.000   18.101    2.774    0    0  (Gen:  0)
   521024    120552  11559704  0.003  0.000   18.106    2.775    0    0  (Gen:  0)
   520584    186368  11656912  0.003  0.000   18.111    2.775    0    0  (Gen:  0)
   520928    161632  11736752  0.002  0.000   18.115    2.776    0    0  (Gen:  0)
   520848    138416  11814224  0.003  0.000   18.120    2.777    0    0  (Gen:  0)
   520400    182400  11903152  0.003  0.000   18.124    2.778    0    0  (Gen:  0)
   524560    143920  11961848  0.003  0.000   18.128    2.778    0    0  (Gen:  0)
   521272     38504  11980848  0.002  0.000   18.132    2.779    0    0  (Gen:  0)
   521352     75008  12027104  0.002  0.000   18.135    2.779    0    0  (Gen:  0)
   520696     69640  12068392  0.002  0.000   18.139    2.780    0    0  (Gen:  0)
   520128     65016  12094328  0.002  0.000   18.142    2.781    0    0  (Gen:  0)
   521560    107512  12153112  0.002  0.000   18.146    2.781    0    0  (Gen:  0)
   521352     68504  12193064  0.002  0.000   18.150    2.782    0    0  (Gen:  0)
   520792    116336  12254976  0.002  0.000   18.154    2.782    0    0  (Gen:  0)
   520360    105264  12307320  0.002  0.000   18.158    2.783    0    0  (Gen:  0)
   520784     89408  12350256  0.002  0.000   18.162    2.784    0    0  (Gen:  0)
   520504     96416  12384856  0.003  0.000   18.166    2.784    0    0  (Gen:  0)
   520784    121568  12447128  0.002  0.000   18.171    2.785    0    0  (Gen:  0)
   521208   4228496   5214216  0.010  0.001   18.182    2.786    0    0  (Gen:  1)
   520832    110272   5259544  0.002  0.000   18.186    2.787    0    0  (Gen:  0)
   520888     96080   5317408  0.001  0.000   18.189    2.788    0    0  (Gen:  0)
   521336    129176   5379184  0.002  0.000   18.192    2.788    0    0  (Gen:  0)
   520936    125640   5441544  0.002  0.000   18.195    2.789    0    0  (Gen:  0)
   520968    109352   5494320  0.002  0.000   18.198    2.789    0    0  (Gen:  0)
   521040    140840   5567408  0.002  0.000   18.201    2.790    0    0  (Gen:  0)
   521280    135264   5633840  0.002  0.000   18.204    2.790    0    0  (Gen:  0)
   520304    115992   5686768  0.002  0.000   18.207    2.791    0    0  (Gen:  0)
   521240    117888   5730448  0.002  0.000   18.211    2.791    0    0  (Gen:  0)
   673104    139448   5797888  0.002  0.000   18.214    2.792    0    0  (Gen:  0)
   520448    112128   5848880  0.002  0.000   18.217    2.793    0    0  (Gen:  0)
   521448    159248   5935208  0.002  0.000   18.220    2.793    0    0  (Gen:  0)
   520952    146584   6009096  0.002  0.000   18.224    2.794    0    0  (Gen:  0)
   521120    120040   6057896  0.002  0.000   18.227    2.794    0    0  (Gen:  0)
   520352    129000   6112864  0.002  0.000   18.230    2.795    0    0  (Gen:  0)
   520136    113648   6178656  0.001  0.000   18.233    2.795    0    0  (Gen:  0)
   520640    164352   6269544  0.002  0.000   18.237    2.796    0    0  (Gen:  0)
   520904    122440   6334680  0.002  0.000   18.240    2.797    0    0  (Gen:  0)
   520576    125760   6401800  0.002  0.000   18.243    2.797    0    0  (Gen:  0)
   520808    155824   6477672  0.002  0.000   18.247    2.798    0    0  (Gen:  0)
   525152    150536   6553312  0.002  0.000   18.250    2.798    0    0  (Gen:  0)
   521016    127232   6613048  0.002  0.000   18.253    2.799    0    0  (Gen:  0)
   520424    100456   6708848  0.002  0.000   18.256    2.800    0    0  (Gen:  0)
   520704    138928   6789824  0.002  0.000   18.259    2.800    0    0  (Gen:  0)
   520448    130312   6853248  0.002  0.000   18.263    2.801    0    0  (Gen:  0)
   520264    137504   6908304  0.002  0.000   18.266    2.801    0    0  (Gen:  0)
   525240    171504   6996672  0.002  0.000   18.270    2.802    0    0  (Gen:  0)
   520800    137296   7057248  0.002  0.000   18.273    2.803    0    0  (Gen:  0)
   520784    138976   7110832  0.002  0.000   18.276    2.803    0    0  (Gen:  0)
   525032    162544   7192368  0.002  0.000   18.280    2.804    0    0  (Gen:  0)
   525072    136568   7248256  0.002  0.000   18.283    2.804    0    0  (Gen:  0)
   566432    145232   7316240  0.002  0.000   18.286    2.805    0    0  (Gen:  0)
   520880    157736   7392648  0.002  0.000   18.290    2.806    0    0  (Gen:  0)
   521192    172384   7483312  0.002  0.000   18.293    2.806    0    0  (Gen:  0)
   520800    145104   7554392  0.002  0.000   18.296    2.807    0    0  (Gen:  0)
   520656    141392   7624504  0.002  0.000   18.299    2.807    0    0  (Gen:  0)
   521376    173992   7717864  0.002  0.000   18.303    2.808    0    0  (Gen:  0)
   520520    155120   7792808  0.002  0.000   18.306    2.809    0    0  (Gen:  0)
   520944    128288   7861808  0.002  0.000   18.310    2.809    0    0  (Gen:  0)
   520360    169568   7946440  0.002  0.000   18.313    2.810    0    0  (Gen:  0)
   521272    163256   8026256  0.002  0.000   18.316    2.810    0    0  (Gen:  0)
   520792    145024   8096112  0.002  0.000   18.319    2.811    0    0  (Gen:  0)
   521200    146992   8154584  0.002  0.000   18.323    2.812    0    0  (Gen:  0)
   521048    167072   8235880  0.002  0.000   18.327    2.812    0    0  (Gen:  0)
   520680    138992   8300272  0.002  0.000   18.330    2.813    0    0  (Gen:  0)
   521240    186576   8402856  0.002  0.000   18.333    2.814    0    0  (Gen:  0)
   521176    138968   8495664  0.002  0.000   18.336    2.814    0    0  (Gen:  0)
   520880    141056   8560208  0.002  0.000   18.340    2.815    0    0  (Gen:  0)
   520768    148752   8620208  0.002  0.000   18.343    2.815    0    0  (Gen:  0)
   520344    173336   8707336  0.002  0.000   18.347    2.816    0    0  (Gen:  0)
   521016    145048   8769272  0.002  0.000   18.350    2.817    0    0  (Gen:  0)
   521216    147032   8826056  0.002  0.000   18.354    2.817    0    0  (Gen:  0)
   520512    170184   8910408  0.002  0.000   18.357    2.818    0    0  (Gen:  0)
   520920    151808   8975616  0.002  0.000   18.361    2.819    0    0  (Gen:  0)
   520968    157048   9044368  0.002  0.000   18.365    2.819    0    0  (Gen:  0)
   520472    132680   9124728  0.002  0.000   18.368    2.820    0    0  (Gen:  0)
   520000    189128   9226568  0.002  0.000   18.371    2.821    0    0  (Gen:  0)
   521192    159264   9323232  0.002  0.000   18.374    2.821    0    0  (Gen:  0)
   521336    158632   9398624  0.002  0.000   18.378    2.822    0    0  (Gen:  0)
   520776    176072   9485008  0.002  0.000   18.381    2.822    0    0  (Gen:  0)
   520312    164264   9568240  0.002  0.000   18.385    2.823    0    0  (Gen:  0)
   520608    135872   9641752  0.002  0.000   18.388    2.824    0    0  (Gen:  0)
   520896    184528   9737152  0.002  0.000   18.392    2.824    0    0  (Gen:  0)
   520576    184656   9843936  0.003  0.000   18.396    2.825    0    0  (Gen:  0)
   520344    138552   9920352  0.002  0.000   18.399    2.826    0    0  (Gen:  0)
   521024    182944  10010112  0.002  0.000   18.403    2.826    0    0  (Gen:  0)
   520784    142136  10064688  0.003  0.000   18.407    2.827    0    0  (Gen:  0)
   521296     38960  10083448  0.001  0.000   18.409    2.827    0    0  (Gen:  0)
   521240     72040  10125976  0.001  0.000   18.412    2.828    0    0  (Gen:  0)
   520632     74984  10167888  0.001  0.000   18.415    2.828    0    0  (Gen:  0)
   520344     66432  10192392  0.001  0.000   18.418    2.829    0    0  (Gen:  0)
   521472     89616  10232696  0.001  0.000   18.421    2.829    0    0  (Gen:  0)
   521432   4119848   5109640  0.011  0.001   18.433    2.831    0    0  (Gen:  1)
   520632    108264   5163752  0.002  0.000   18.437    2.832    0    0  (Gen:  0)
   520544    108264   5218016  0.002  0.000   18.440    2.832    0    0  (Gen:  0)
   520584     88640   5260232  0.002  0.000   18.444    2.833    0    0  (Gen:  0)
   520752     96544   5294584  0.002  0.000   18.447    2.833    0    0  (Gen:  0)
   660688    127528   5363736  0.002  0.000   18.451    2.834    0    0  (Gen:  0)
   520584     94800   5401496  0.002  0.000   18.454    2.834    0    0  (Gen:  0)
   520480    140096   5477576  0.002  0.000   18.458    2.835    0    0  (Gen:  0)
   520816    118008   5536624  0.002  0.000   18.461    2.836    0    0  (Gen:  0)
   521320    145904   5616496  0.002  0.000   18.464    2.836    0    0  (Gen:  0)
   524784    118480   5678888  0.002  0.000   18.467    2.837    0    0  (Gen:  0)
   521136     97584   5732752  0.002  0.000   18.471    2.837    0    0  (Gen:  0)
   521024    142200   5806976  0.002  0.000   18.475    2.838    0    0  (Gen:  0)
   524416    133312   5872896  0.002  0.000   18.478    2.839    0    0  (Gen:  0)
   525336    111080   5925480  0.002  0.000   18.482    2.839    0    0  (Gen:  0)
   528720    118848   5970016  0.003  0.000   18.486    2.840    0    0  (Gen:  0)
   557528    154928   6052592  0.002  0.000   18.490    2.840    0    0  (Gen:  0)
   520720    111608   6099968  0.003  0.000   18.494    2.841    0    0  (Gen:  0)
   520808    155208   6182872  0.002  0.000   18.497    2.842    0    0  (Gen:  0)
   520696    137696   6256424  0.002  0.000   18.500    2.842    0    0  (Gen:  0)
   521400    122072   6305712  0.003  0.000   18.505    2.843    0    0  (Gen:  0)
   520184    132904   6363192  0.002  0.000   18.508    2.844    0    0  (Gen:  0)
   520440     97600   6425896  0.002  0.000   18.512    2.844    0    0  (Gen:  0)
   520992    164264   6515928  0.002  0.000   18.516    2.845    0    0  (Gen:  0)
   520576    129144   6582840  0.002  0.000   18.519    2.845    0    0  (Gen:  0)
   520888    118224   6647672  0.002  0.000   18.523    2.846    0    0  (Gen:  0)
   521072    155296   6724496  0.002  0.000   18.526    2.847    0    0  (Gen:  0)
   520784    148632   6799920  0.002  0.000   18.530    2.847    0    0  (Gen:  0)
   520880    116312   6859992  0.003  0.000   18.534    2.848    0    0  (Gen:  0)
   521592    103728   6959072  0.001  0.000   18.537    2.849    0    0  (Gen:  0)
   521296    135888   7039016  0.002  0.000   18.540    2.849    0    0  (Gen:  0)
   520280    130896   7102776  0.003  0.000   18.544    2.850    0    0  (Gen:  0)
   520360    137552   7156064  0.003  0.000   18.549    2.851    0    0  (Gen:  0)
   521680    165072   7237656  0.002  0.000   18.553    2.851    0    0  (Gen:  0)
   520320    135544   7297080  0.003  0.000   18.557    2.852    0    0  (Gen:  0)
   520816    138528   7350920  0.003  0.000   18.562    2.853    0    0  (Gen:  0)
   520808    163408   7433944  0.002  0.000   18.566    2.853    0    0  (Gen:  0)
   520784    136920   7489920  0.003  0.000   18.570    2.854    0    0  (Gen:  0)
   537456    169176   7576792  0.002  0.000   18.574    2.855    0    0  (Gen:  0)
   521136    112272   7649568  0.002  0.000   18.578    2.855    0    0  (Gen:  0)
   520792    176384   7745192  0.002  0.000   18.581    2.856    0    0  (Gen:  0)
   521568    140912   7817416  0.002  0.000   18.585    2.857    0    0  (Gen:  0)
   520432    118048   7885408  0.002  0.000   18.589    2.857    0    0  (Gen:  0)
   521040    163768   7966352  0.002  0.000   18.592    2.858    0    0  (Gen:  0)
   520480    151464   8042576  0.002  0.000   18.596    2.859    0    0  (Gen:  0)
   520232    125360   8111008  0.003  0.000   18.600    2.859    0    0  (Gen:  0)
   520888    169440   8195680  0.002  0.000   18.603    2.860    0    0  (Gen:  0)
   521112    165496   8278480  0.002  0.000   18.607    2.861    0    0  (Gen:  0)
   520680    129336   8346264  0.003  0.000   18.612    2.861    0    0  (Gen:  0)
   521264    147520   8405656  0.003  0.000   18.616    2.862    0    0  (Gen:  0)
   520584    176376   8497704  0.002  0.000   18.620    2.863    0    0  (Gen:  0)
   520600    133464   8560616  0.003  0.000   18.624    2.863    0    0  (Gen:  0)
   521336    185776   8661344  0.002  0.000   18.628    2.864    0    0  (Gen:  0)
   520864    161528   8748512  0.002  0.000   18.632    2.865    0    0  (Gen:  0)
   520992    142840   8813792  0.003  0.000   18.636    2.866    0    0  (Gen:  0)
   521096    149360   8872464  0.003  0.000   18.641    2.866    0    0  (Gen:  0)
   520736    174008   8960448  0.002  0.000   18.645    2.867    0    0  (Gen:  0)
   520760    147024   9021800  0.003  0.000   18.650    2.868    0    0  (Gen:  0)
   521480    188176   9121648  0.003  0.000   18.655    2.869    0    0  (Gen:  0)
   521192    113184   9198912  0.002  0.000   18.658    2.869    0    0  (Gen:  0)
   520488    169216   9281888  0.002  0.000   18.662    2.870    0    0  (Gen:  0)
   520728    150048   9360456  0.002  0.000   18.666    2.870    0    0  (Gen:  0)
   521288    127160   9437744  0.002  0.000   18.670    2.871    0    0  (Gen:  0)
   520440    185528   9535176  0.002  0.000   18.673    2.872    0    0  (Gen:  0)
   521064    154496   9615816  0.002  0.000   18.677    2.873    0    0  (Gen:  0)
   521144    131672   9689560  0.002  0.000   18.681    2.873    0    0  (Gen:  0)
   520800    177784   9777504  0.002  0.000   18.685    2.874    0    0  (Gen:  0)
   521456    166168   9860664  0.002  0.000   18.689    2.875    0    0  (Gen:  0)
   521088    130336   9932672  0.003  0.000   18.693    2.875    0    0  (Gen:  0)
   520736    177256  10021032  0.002  0.000   18.696    2.876    0    0  (Gen:  0)
   520608    169160  10103960  0.002  0.000   18.700    2.877    0    0  (Gen:  0)
   520568   5364264   6354008  0.015  0.001   18.716    2.878    0    0  (Gen:  1)
   521216    156360   6416672  0.004  0.000   18.721    2.879    0    0  (Gen:  0)
   586912    154736   6480864  0.003  0.000   18.725    2.880    0    0  (Gen:  0)
   553712     40416   6499864  0.002  0.000   18.727    2.880    0    0  (Gen:  0)
   520480     72200   6543248  0.002  0.000   18.730    2.881    0    0  (Gen:  0)
   537344     71640   6582824  0.002  0.000   18.732    2.881    0    0  (Gen:  0)
   520800     67752   6608720  0.002  0.000   18.735    2.881    0    0  (Gen:  0)
   537048    103888   6662168  0.002  0.000   18.737    2.882    0    0  (Gen:  0)
   521128     80824   6700616  0.002  0.000   18.740    2.882    0    0  (Gen:  0)
   520808     98912   6745608  0.002  0.000   18.743    2.883    0    0  (Gen:  0)
   520848     99776   6803992  0.002  0.000   18.745    2.883    0    0  (Gen:  0)
   521352     87624   6845456  0.002  0.000   18.749    2.884    0    0  (Gen:  0)
   520936     96592   6879392  0.003  0.000   18.753    2.884    0    0  (Gen:  0)
   537448    123792   6944216  0.002  0.000   18.757    2.885    0    0  (Gen:  0)
   520536    100568   6981888  0.003  0.000   18.762    2.886    0    0  (Gen:  0)
   520584    145504   7063184  0.003  0.000   18.766    2.886    0    0  (Gen:  0)
   521328     87056   7115256  0.002  0.000   18.770    2.887    0    0  (Gen:  0)
   521464    131184   7179912  0.002  0.000   18.774    2.888    0    0  (Gen:  0)
   521632    123696   7244216  0.002  0.000   18.778    2.888    0    0  (Gen:  0)
   521392    107624   7295064  0.003  0.000   18.782    2.889    0    0  (Gen:  0)
   521016    113544   7338192  0.003  0.000   18.787    2.890    0    0  (Gen:  0)
   520752    146560   7412456  0.002  0.000   18.790    2.890    0    0  (Gen:  0)
   521264    113224   7464688  0.003  0.000   18.795    2.891    0    0  (Gen:  0)
   520712    118680   7508712  0.003  0.000   18.799    2.891    0    0  (Gen:  0)
   537248    147200   7582936  0.003  0.000   18.803    2.892    0    0  (Gen:  0)
   520608    117600   7630296  0.003  0.000   18.808    2.893    0    0  (Gen:  0)
   521152    152696   7709048  0.002  0.000   18.812    2.893    0    0  (Gen:  0)
   520592    110016   7772848  0.002  0.000   18.816    2.894    0    0  (Gen:  0)
   521176    148120   7846176  0.002  0.000   18.820    2.895    0    0  (Gen:  0)
   520848    132464   7913536  0.002  0.000   18.824    2.895    0    0  (Gen:  0)
   520992    112928   7970928  0.003  0.000   18.828    2.896    0    0  (Gen:  0)
   521080    157536   8052584  0.003  0.000   18.832    2.897    0    0  (Gen:  0)
   521192    144352   8123504  0.002  0.000   18.836    2.897    0    0  (Gen:  0)
   519872    117504   8186160  0.003  0.000   18.840    2.898    0    0  (Gen:  0)
   520824    130008   8236088  0.003  0.000   18.845    2.899    0    0  (Gen:  0)
   521096    164664   8320600  0.003  0.000   18.849    2.899    0    0  (Gen:  0)
   520824    125824   8378512  0.003  0.000   18.854    2.900    0    0  (Gen:  0)
   520928    169856   8470200  0.003  0.000   18.858    2.901    0    0  (Gen:  0)
   520984    150584   8551616  0.003  0.000   18.862    2.901    0    0  (Gen:  0)
   520448    138624   8611320  0.003  0.000   18.867    2.902    0    0  (Gen:  0)
   521272    142648   8670808  0.003  0.000   18.872    2.903    0    0  (Gen:  0)
   521120    106568   8746160  0.002  0.000   18.876    2.903    0    0  (Gen:  0)
   520896    172688   8837160  0.003  0.000   18.880    2.904    0    0  (Gen:  0)
   520944    134360   8909056  0.002  0.000   18.884    2.905    0    0  (Gen:  0)
   520888    107864   8978496  0.003  0.000   18.888    2.905    0    0  (Gen:  0)
   520776    163424   9059024  0.003  0.000   18.892    2.906    0    0  (Gen:  0)
   537024    150128   9139728  0.003  0.000   18.896    2.907    0    0  (Gen:  0)
   521224    117232   9208064  0.003  0.000   18.901    2.907    0    0  (Gen:  0)
   520456    169424   9294656  0.003  0.000   18.905    2.908    0    0  (Gen:  0)
   520472    154120   9371608  0.003  0.000   18.909    2.909    0    0  (Gen:  0)
   521128    129056   9434952  0.003  0.000   18.914    2.909    0    0  (Gen:  0)
   520512    142152   9494352  0.003  0.000   18.919    2.910    0    0  (Gen:  0)
   520864    169064   9580848  0.003  0.000   18.923    2.911    0    0  (Gen:  0)
   520656    138176   9646136  0.003  0.000   18.928    2.911    0    0  (Gen:  0)
   520504    182712   9746256  0.003  0.000   18.932    2.912    0    0  (Gen:  0)
   520648    152304   9834616  0.002  0.000   18.937    2.913    0    0  (Gen:  0)
   520760    139832   9896192  0.003  0.000   18.942    2.914    0    0  (Gen:  0)
   521064    146376   9954640  0.004  0.000   18.947    2.914    0    0  (Gen:  0)
   520664    174568  10044200  0.003  0.000   18.951    2.915    0    0  (Gen:  0)
   520672    144752  10102248  0.004  0.000   18.957    2.916    0    0  (Gen:  0)
   520808    106168  10204000  0.002  0.000   18.961    2.916    0    0  (Gen:  0)
   520832    136232  10282032  0.003  0.000   18.965    2.917    0    0  (Gen:  0)
   520904    186408  10383224  0.003  0.000   18.969    2.918    0    0  (Gen:  0)
   520896    143584  10460032  0.002  0.000   18.973    2.919    0    0  (Gen:  0)
   521272    125016  10533592  0.003  0.000   18.978    2.919    0    0  (Gen:  0)
   520520    181600  10628464  0.003  0.000   18.982    2.920    0    0  (Gen:  0)
   520712    174296  10719672  0.003  0.000   18.987    2.921    0    0  (Gen:  0)
   520800    126880  10789448  0.003  0.000   18.991    2.921    0    0  (Gen:  0)
   521152    169920  10873320  0.003  0.000   18.996    2.922    0    0  (Gen:  0)
   520784    166864  10958680  0.003  0.000   19.001    2.923    0    0  (Gen:  0)
   520768    131952  11027344  0.003  0.000   19.005    2.924    0    0  (Gen:  0)
   520816    192432  11132248  0.003  0.000   19.010    2.924    0    0  (Gen:  0)
   521056    144616  11227720  0.002  0.000   19.015    2.925    0    0  (Gen:  0)
   520824    140808  11297184  0.003  0.000   19.020    2.926    0    0  (Gen:  0)
   521408    154384  11361040  0.004  0.000   19.025    2.927    0    0  (Gen:  0)
   521696    184184  11455976  0.003  0.000   19.029    2.927    0    0  (Gen:  0)
   520792    144720  11524192  0.003  0.000   19.034    2.928    0    0  (Gen:  0)
   520224    154792  11588032  0.004  0.000   19.040    2.929    0    0  (Gen:  0)
   521144    178440  11677792  0.003  0.000   19.044    2.930    0    0  (Gen:  0)
   520848    153968  11747280  0.004  0.000   19.050    2.930    0    0  (Gen:  0)
   521272    176464  11831336  0.003  0.000   19.054    2.931    0    0  (Gen:  0)
   520464    172064  11924392  0.003  0.000   19.059    2.932    0    0  (Gen:  0)
   520688    157760  11993136  0.004  0.000   19.064    2.933    0    0  (Gen:  0)
   520160    190512  12091368  0.003  0.000   19.069    2.933    0    0  (Gen:  0)
   520224    167104  12177952  0.003  0.000   19.074    2.934    0    0  (Gen:  0)
   520264    192856  12277584  0.003  0.000   19.078    2.935    0    0  (Gen:  0)
   520096    153600  12358208  0.003  0.000   19.083    2.936    0    0  (Gen:  0)
   521168    112976  12437112  0.003  0.000   19.087    2.936    0    0  (Gen:  0)
   520960    189840  12536064  0.003  0.000   19.092    2.937    0    0  (Gen:  0)
   520608   5541016   6522776  0.017  0.002   19.110    2.939    0    0  (Gen:  1)
   520800    158280   6588192  0.004  0.000   19.117    2.940    0    0  (Gen:  0)
   521048    180664   6677888  0.003  0.000   19.121    2.941    0    0  (Gen:  0)
   520600    142592   6735704  0.003  0.000   19.126    2.941    0    0  (Gen:  0)
   521064     37792   6754952  0.002  0.000   19.129    2.942    0    0  (Gen:  0)
   520320     75704   6801896  0.002  0.000   19.132    2.942    0    0  (Gen:  0)
   521024     74864   6844376  0.002  0.000   19.135    2.943    0    0  (Gen:  0)
   520896     65688   6870032  0.002  0.000   19.139    2.943    0    0  (Gen:  0)
   521120     86088   6906080  0.002  0.000   19.141    2.944    0    0  (Gen:  0)
   521360     75064   6947312  0.002  0.000   19.145    2.944    0    0  (Gen:  0)
   520872    118480   7011992  0.002  0.000   19.148    2.945    0    0  (Gen:  0)
   521240    105840   7064504  0.002  0.000   19.152    2.946    0    0  (Gen:  0)
   520888     84952   7105920  0.002  0.000   19.155    2.946    0    0  (Gen:  0)
   520800     97376   7141808  0.003  0.000   19.160    2.947    0    0  (Gen:  0)
   520936    132376   7215048  0.002  0.000   19.163    2.947    0    0  (Gen:  0)
   520248     96392   7253408  0.003  0.000   19.167    2.948    0    0  (Gen:  0)
   520832    140832   7329656  0.003  0.000   19.172    2.949    0    0  (Gen:  0)
   520920     79472   7388776  0.002  0.000   19.176    2.949    0    0  (Gen:  0)
   521472    128328   7449224  0.002  0.000   19.179    2.950    0    0  (Gen:  0)
   520960    118664   7511648  0.002  0.000   19.183    2.950    0    0  (Gen:  0)
   520440     93024   7564544  0.002  0.000   19.187    2.951    0    0  (Gen:  0)
   521080    139560   7636552  0.002  0.000   19.191    2.952    0    0  (Gen:  0)
   520824    133800   7703032  0.002  0.000   19.195    2.952    0    0  (Gen:  0)
   521240    110984   7757072  0.003  0.000   19.199    2.953    0    0  (Gen:  0)
   520520    118384   7800864  0.003  0.000   19.204    2.954    0    0  (Gen:  0)
   673272    152912   7882272  0.002  0.000   19.208    2.954    0    0  (Gen:  0)
   521216    109168   7931920  0.003  0.000   19.213    2.955    0    0  (Gen:  0)
   521112    156592   8016312  0.002  0.000   19.217    2.956    0    0  (Gen:  0)
   521152    134528   8090224  0.002  0.000   19.221    2.956    0    0  (Gen:  0)
   520920    118752   8140248  0.003  0.000   19.225    2.957    0    0  (Gen:  0)
   520912    132184   8197184  0.002  0.000   19.229    2.957    0    0  (Gen:  0)
   520864    109744   8261528  0.002  0.000   19.233    2.958    0    0  (Gen:  0)
   521072    161688   8349032  0.002  0.000   19.237    2.959    0    0  (Gen:  0)
   520792    130680   8416376  0.002  0.000   19.241    2.959    0    0  (Gen:  0)
   520656    108488   8482792  0.003  0.000   19.246    2.960    0    0  (Gen:  0)
   521128    156776   8559360  0.003  0.000   19.250    2.961    0    0  (Gen:  0)
   525024    149296   8634864  0.002  0.000   19.254    2.961    0    0  (Gen:  0)
   521000    119392   8694536  0.003  0.000   19.258    2.962    0    0  (Gen:  0)
   521296    177472   8793784  0.003  0.000   19.263    2.963    0    0  (Gen:  0)
   520472    134384   8874840  0.002  0.000   19.267    2.963    0    0  (Gen:  0)
   520816    129384   8938120  0.003  0.000   19.272    2.964    0    0  (Gen:  0)
   520600    137344   8991392  0.003  0.000   19.277    2.965    0    0  (Gen:  0)
   524936    164696   9073088  0.003  0.000   19.281    2.966    0    0  (Gen:  0)
   521144    134288   9132960  0.003  0.000   19.286    2.966    0    0  (Gen:  0)
   520352    138672   9186216  0.003  0.000   19.291    2.967    0    0  (Gen:  0)
   525344    164936   9270928  0.003  0.000   19.296    2.968    0    0  (Gen:  0)
   524224    137312   9326872  0.003  0.000   19.301    2.968    0    0  (Gen:  0)
   565544    169376   9416248  0.003  0.000   19.306    2.969    0    0  (Gen:  0)
   520288     96600   9488680  0.003  0.000   19.310    2.970    0    0  (Gen:  0)
   520832    173376   9580472  0.002  0.000   19.314    2.971    0    0  (Gen:  0)
   520712    142408   9654008  0.002  0.000   19.318    2.971    0    0  (Gen:  0)
   520904    125776   9721920  0.003  0.000   19.322    2.972    0    0  (Gen:  0)
   520960    172768   9813848  0.003  0.000   19.327    2.973    0    0  (Gen:  0)
   520592    154648   9891208  0.002  0.000   19.331    2.973    0    0  (Gen:  0)
   521016    123880   9958944  0.003  0.000   19.335    2.974    0    0  (Gen:  0)
   520624    144104  10016760  0.004  0.000   19.341    2.975    0    0  (Gen:  0)
   520696    177976  10109832  0.003  0.000   19.345    2.975    0    0  (Gen:  0)
   520464    141160  10177056  0.003  0.000   19.350    2.976    0    0  (Gen:  0)
   521072    146232  10236096  0.003  0.000   19.355    2.977    0    0  (Gen:  0)
   520616    177416  10329296  0.003  0.000   19.359    2.978    0    0  (Gen:  0)
   520728    140080  10391936  0.003  0.000   19.364    2.978    0    0  (Gen:  0)
   520920    183992  10492152  0.003  0.000   19.369    2.979    0    0  (Gen:  0)
   520648    158024  10579408  0.003  0.000   19.373    2.980    0    0  (Gen:  0)
   521152    142688  10643360  0.004  0.000   19.378    2.980    0    0  (Gen:  0)
   521016    150472  10703568  0.004  0.000   19.383    2.981    0    0  (Gen:  0)
   520984    171128  10788504  0.003  0.000   19.388    2.982    0    0  (Gen:  0)
   520680    146904  10848688  0.004  0.000   19.393    2.983    0    0  (Gen:  0)
   520888    176064  10935432  0.003  0.000   19.397    2.983    0    0  (Gen:  0)
   520832    149344  11012288  0.003  0.000   19.402    2.984    0    0  (Gen:  0)
   520624    184488  11109152  0.003  0.000   19.406    2.985    0    0  (Gen:  0)
   521256    153040  11190224  0.002  0.000   19.410    2.985    0    0  (Gen:  0)
   520368    132144  11264424  0.003  0.000   19.414    2.986    0    0  (Gen:  0)
   520552    172552  11348872  0.002  0.000   19.419    2.987    0    0  (Gen:  0)
   520760    160272  11430904  0.002  0.000   19.423    2.988    0    0  (Gen:  0)
   520592    131856  11502024  0.003  0.000   19.427    2.988    0    0  (Gen:  0)
   521232    178488  11591432  0.003  0.000   19.432    2.989    0    0  (Gen:  0)
   521096    170424  11674232  0.003  0.000   19.436    2.990    0    0  (Gen:  0)
   520416    139848  11746968  0.003  0.000   19.441    2.990    0    0  (Gen:  0)
   521568    156792  11812296  0.004  0.000   19.446    2.991    0    0  (Gen:  0)
   520848    187424  11911064  0.003  0.000   19.451    2.992    0    0  (Gen:  0)
   520608    150616  11984440  0.003  0.000   19.456    2.993    0    0  (Gen:  0)
   520600    156184  12048912  0.004  0.000   19.461    2.994    0    0  (Gen:  0)
   520800    190208  12147712  0.003  0.000   19.466    2.994    0    0  (Gen:  0)
   521800    152968  12218960  0.003  0.000   19.471    2.995    0    0  (Gen:  0)
   520208    193320  12320488  0.003  0.000   19.475    2.996    0    0  (Gen:  0)
   520416    165528  12414800  0.003  0.000   19.480    2.997    0    0  (Gen:  0)
   520424    150360  12481888  0.004  0.000   19.485    2.997    0    0  (Gen:  0)
   520472    155936  12547472  0.004  0.000   19.491    2.998    0    0  (Gen:  0)
   521080    181376  12638000  0.003  0.000   19.495    2.999    0    0  (Gen:  0)
   520288    155440  12707336  0.004  0.000   19.501    3.000    0    0  (Gen:  0)
   521152    160392  12775040  0.004  0.000   19.506    3.000    0    0  (Gen:  0)
   520264   5556456   6538120  0.019  0.002   19.527    3.003    0    0  (Gen:  1)
   520960    176184   6622448  0.003  0.000   19.530    3.003    0    0  (Gen:  0)
   520728    152760   6707720  0.004  0.000   19.535    3.004    0    0  (Gen:  0)
   520952     31288   6727272  0.002  0.000   19.537    3.004    0    0  (Gen:  0)
   520456     65832   6767784  0.002  0.000   19.540    3.005    0    0  (Gen:  0)
   520872     71088   6804384  0.002  0.000   19.542    3.005    0    0  (Gen:  0)
   521192     63128   6831616  0.002  0.000   19.545    3.006    0    0  (Gen:  0)
   520880     71912   6855552  0.002  0.000   19.548    3.006    0    0  (Gen:  0)
   521264    101192   6909600  0.002  0.000   19.551    3.007    0    0  (Gen:  0)
   520960     82392   6939680  0.002  0.000   19.555    3.007    0    0  (Gen:  0)
   521640    119304   7002816  0.003  0.000   19.558    3.008    0    0  (Gen:  0)
   520368     80424   7048576  0.002  0.000   19.560    3.008    0    0  (Gen:  0)
   521104    120552   7109080  0.002  0.000   19.563    3.009    0    0  (Gen:  0)
   520848    119160   7167672  0.002  0.000   19.566    3.009    0    0  (Gen:  0)
   520192     89504   7208152  0.002  0.000   19.569    3.010    0    0  (Gen:  0)
   520784    144472   7291264  0.002  0.000   19.572    3.010    0    0  (Gen:  0)
   521016    122600   7359152  0.002  0.000   19.575    3.011    0    0  (Gen:  0)
   521264    104928   7402568  0.003  0.000   19.579    3.011    0    0  (Gen:  0)
   521168    137112   7471528  0.004  0.000   19.584    3.012    0    0  (Gen:  0)
   520800     76080   7532280  0.002  0.000   19.586    3.012    0    0  (Gen:  0)
   520592    148376   7612072  0.003  0.000   19.590    3.013    0    0  (Gen:  0)
   520672    126880   7675352  0.003  0.000   19.593    3.013    0    0  (Gen:  0)
   521672     98744   7733112  0.003  0.000   19.596    3.014    0    0  (Gen:  0)
   520544    145120   7804696  0.002  0.000   19.600    3.015    0    0  (Gen:  0)
   521088    141544   7874944  0.002  0.000   19.603    3.015    0    0  (Gen:  0)
   520744    111792   7927408  0.003  0.000   19.606    3.016    0    0  (Gen:  0)
   520728    162168   8015256  0.002  0.000   19.610    3.016    0    0  (Gen:  0)
   520840    146248   8090216  0.002  0.000   19.613    3.017    0    0  (Gen:  0)
   521104    114608   8142280  0.003  0.000   19.617    3.017    0    0  (Gen:  0)
   520384    123576   8191152  0.003  0.000   19.621    3.018    0    0  (Gen:  0)
   521040    151824   8266824  0.003  0.000   19.624    3.018    0    0  (Gen:  0)
   521152    125472   8319152  0.003  0.000   19.629    3.019    0    0  (Gen:  0)
   521120    138520   8379904  0.003  0.000   19.633    3.020    0    0  (Gen:  0)
   520416    111192   8449136  0.002  0.000   19.638    3.020    0    0  (Gen:  0)
   520320    156344   8525024  0.003  0.000   19.641    3.021    0    0  (Gen:  0)
   520768    143624   8598016  0.003  0.000   19.645    3.022    0    0  (Gen:  0)
   521048    107888   8660496  0.003  0.000   19.648    3.022    0    0  (Gen:  0)
   520720    160544   8743504  0.003  0.000   19.652    3.023    0    0  (Gen:  0)
   521200    151736   8817464  0.003  0.000   19.655    3.024    0    0  (Gen:  0)
   520664    127824   8883512  0.003  0.000   19.659    3.024    0    0  (Gen:  0)
   521176    137856   8937784  0.004  0.000   19.664    3.025    0    0  (Gen:  0)
   521040    175304   9031376  0.003  0.000   19.668    3.025    0    0  (Gen:  0)
   521016    129096   9092896  0.003  0.000   19.672    3.026    0    0  (Gen:  0)
   520976    158240   9166360  0.003  0.000   19.675    3.027    0    0  (Gen:  0)
   520680    146296   9249880  0.003  0.000   19.679    3.027    0    0  (Gen:  0)
   520912    135352   9306096  0.003  0.000   19.683    3.028    0    0  (Gen:  0)
   528968    143224   9375816  0.003  0.000   19.687    3.029    0    0  (Gen:  0)
   537480    100184   9445400  0.002  0.000   19.690    3.029    0    0  (Gen:  0)
   520344    141984   9505504  0.004  0.000   19.695    3.030    0    0  (Gen:  0)
   520064    177408   9602376  0.004  0.000   19.700    3.030    0    0  (Gen:  0)
   520912    106528   9673368  0.003  0.000   19.703    3.031    0    0  (Gen:  0)
   520776    161728   9753072  0.003  0.000   19.707    3.032    0    0  (Gen:  0)
   520816    149856   9828776  0.003  0.000   19.711    3.032    0    0  (Gen:  0)
   520920    119608   9899616  0.003  0.000   19.714    3.033    0    0  (Gen:  0)
   520344     97576   9993120  0.003  0.000   19.718    3.034    0    0  (Gen:  0)
   520608    156768  10072416  0.003  0.000   19.722    3.034    0    0  (Gen:  0)
   520664    131808  10142840  0.003  0.000   19.725    3.035    0    0  (Gen:  0)
   520928    146800  10201240  0.004  0.000   19.730    3.036    0    0  (Gen:  0)
   520584    182720  10299288  0.003  0.000   19.734    3.036    0    0  (Gen:  0)
   520696    145344  10363248  0.004  0.000   19.738    3.037    0    0  (Gen:  0)
   520904    185144  10464272  0.003  0.000   19.742    3.037    0    0  (Gen:  0)
   520776    166424  10551952  0.003  0.000   19.746    3.038    0    0  (Gen:  0)
   521144    138344  10617144  0.003  0.000   19.750    3.039    0    0  (Gen:  0)
   520920    148680  10677472  0.004  0.000   19.755    3.039    0    0  (Gen:  0)
   521272    178040  10769752  0.003  0.000   19.759    3.040    0    0  (Gen:  0)
   520624    143000  10831416  0.004  0.000   19.764    3.041    0    0  (Gen:  0)
   520760    149632  10890408  0.004  0.000   19.769    3.042    0    0  (Gen:  0)
   520840     86848  10973016  0.002  0.000   19.773    3.042    0    0  (Gen:  0)
   520736    177352  11064032  0.003  0.000   19.778    3.043    0    0  (Gen:  0)
   525272    148640  11141432  0.003  0.000   19.783    3.044    0    0  (Gen:  0)
   520512    119120  11220056  0.002  0.000   19.787    3.044    0    0  (Gen:  0)
   520992    190176  11322424  0.003  0.000   19.791    3.045    0    0  (Gen:  0)
   520608    165008  11401832  0.003  0.000   19.796    3.046    0    0  (Gen:  0)
   520936    123784  11476384  0.003  0.000   19.801    3.047    0    0  (Gen:  0)
   521120    177248  11564240  0.003  0.000   19.805    3.047    0    0  (Gen:  0)
   520936    165032  11645568  0.003  0.000   19.810    3.048    0    0  (Gen:  0)
   520448    125080  11720472  0.003  0.000   19.814    3.049    0    0  (Gen:  0)
   521560    182752  11814528  0.003  0.000   19.819    3.050    0    0  (Gen:  0)
   520760    167400  11896768  0.003  0.000   19.824    3.050    0    0  (Gen:  0)
   520960    145416  11973520  0.003  0.000   19.828    3.051    0    0  (Gen:  0)
   520528    157112  12036064  0.004  0.000   19.834    3.052    0    0  (Gen:  0)
   602456    155056  12101440  0.003  0.000   19.839    3.053    0    0  (Gen:  0)
   554144     39792  12120120  0.001  0.000   19.842    3.053    0    0  (Gen:  0)
   520120     51544  12167240  0.001  0.000   19.845    3.054    0    0  (Gen:  0)
   536952     72808  12208352  0.002  0.000   19.849    3.054    0    0  (Gen:  0)
   520392     66656  12233752  0.002  0.000   19.852    3.055    0    0  (Gen:  0)
   537696    110400  12295608  0.002  0.000   19.856    3.055    0    0  (Gen:  0)
   520584     85272  12334208  0.002  0.000   19.859    3.056    0    0  (Gen:  0)
   521344    112544  12392560  0.002  0.000   19.863    3.056    0    0  (Gen:  0)
   521096    107808  12446536  0.002  0.000   19.866    3.057    0    0  (Gen:  0)
   520640     91056  12488192  0.002  0.000   19.870    3.058    0    0  (Gen:  0)
   520672     97336  12523408  0.003  0.000   19.875    3.058    0    0  (Gen:  0)
   537232    127000  12594544  0.002  0.000   19.878    3.059    0    0  (Gen:  0)
   521448     97296  12632944  0.003  0.000   19.883    3.059    0    0  (Gen:  0)
   520768    143096  12712792  0.003  0.000   19.888    3.060    0    0  (Gen:  0)
   520848     77608  12768112  0.002  0.000   19.891    3.061    0    0  (Gen:  0)
   521360    129040  12831080  0.002  0.000   19.895    3.061    0    0  (Gen:  0)
   520832   4296872   5278624  0.013  0.001   19.910    3.063    0    0  (Gen:  1)
   521072    112400   5321616  0.003  0.000   19.915    3.064    0    0  (Gen:  0)
   521000    137048   5391656  0.002  0.000   19.919    3.064    0    0  (Gen:  0)
   521360    132992   5456792  0.002  0.000   19.923    3.065    0    0  (Gen:  0)
   520320    115456   5520112  0.002  0.000   19.928    3.066    0    0  (Gen:  0)
   521112    113392   5578224  0.002  0.000   19.932    3.066    0    0  (Gen:  0)
   537208    145784   5651728  0.003  0.000   19.936    3.067    0    0  (Gen:  0)
   520608    116776   5699184  0.003  0.000   19.940    3.068    0    0  (Gen:  0)
   520688    160440   5787328  0.004  0.000   19.946    3.068    0    0  (Gen:  0)
   521056     74280   5856728  0.002  0.000   19.950    3.069    0    0  (Gen:  0)
   521064    143296   5926272  0.002  0.000   19.954    3.070    0    0  (Gen:  0)
   520624    140248   6010288  0.003  0.000   19.959    3.070    0    0  (Gen:  0)
   520696     96208   6070760  0.003  0.000   19.963    3.071    0    0  (Gen:  0)
   521088    160400   6156448  0.003  0.000   19.967    3.072    0    0  (Gen:  0)
   521056    144448   6225248  0.002  0.000   19.972    3.072    0    0  (Gen:  0)
   521024    118616   6289216  0.003  0.000   19.976    3.073    0    0  (Gen:  0)
   521352    157160   6368160  0.003  0.000   19.980    3.074    0    0  (Gen:  0)
   521192    155936   6445424  0.003  0.000   19.984    3.074    0    0  (Gen:  0)
   521040    116960   6503208  0.003  0.000   19.989    3.075    0    0  (Gen:  0)
   520208    173144   6599480  0.003  0.000   19.994    3.076    0    0  (Gen:  0)
   520776    137560   6680968  0.002  0.000   19.998    3.076    0    0  (Gen:  0)
   520720    129272   6741704  0.003  0.000   20.003    3.077    0    0  (Gen:  0)
   521528    138384   6797688  0.004  0.000   20.009    3.078    0    0  (Gen:  0)
   520776    164800   6878432  0.003  0.000   20.013    3.079    0    0  (Gen:  0)
   520640    135160   6938408  0.003  0.000   20.018    3.079    0    0  (Gen:  0)
   520872    143008   6996488  0.003  0.000   20.023    3.080    0    0  (Gen:  0)
   520504    100984   7072040  0.002  0.000   20.027    3.081    0    0  (Gen:  0)
   521312    158544   7147784  0.003  0.000   20.031    3.081    0    0  (Gen:  0)
   537880    152800   7237696  0.003  0.000   20.036    3.082    0    0  (Gen:  0)
   521168    105136   7308528  0.003  0.000   20.040    3.083    0    0  (Gen:  0)
   521376    174488   7401264  0.003  0.000   20.045    3.083    0    0  (Gen:  0)
   520760    146800   7474688  0.003  0.000   20.049    3.084    0    0  (Gen:  0)
   520104    114664   7540464  0.003  0.000   20.054    3.085    0    0  (Gen:  0)
   521112    163752   7622248  0.003  0.000   20.058    3.086    0    0  (Gen:  0)
   520792    154344   7698544  0.003  0.000   20.062    3.086    0    0  (Gen:  0)
   521056    130576   7766248  0.003  0.000   20.067    3.087    0    0  (Gen:  0)
   519912    143344   7823408  0.004  0.000   20.073    3.088    0    0  (Gen:  0)
   520496    178536   7917632  0.003  0.000   20.077    3.088    0    0  (Gen:  0)
   521080    140800   7993304  0.002  0.000   20.081    3.089    0    0  (Gen:  0)
   520912    124760   8064992  0.003  0.000   20.085    3.090    0    0  (Gen:  0)
   521168    168768   8149976  0.003  0.000   20.090    3.090    0    0  (Gen:  0)
   520360    135888   8210720  0.003  0.000   20.095    3.091    0    0  (Gen:  0)
   520928    183984   8310424  0.003  0.000   20.099    3.092    0    0  (Gen:  0)
   521056    165320   8396160  0.003  0.000   20.104    3.093    0    0  (Gen:  0)
   521312    143784   8459472  0.004  0.000   20.109    3.093    0    0  (Gen:  0)
   520312    151960   8521656  0.004  0.000   20.115    3.094    0    0  (Gen:  0)
   520944     89176   8605176  0.002  0.000   20.119    3.095    0    0  (Gen:  0)
   520744    146944   8664992  0.004  0.000   20.125    3.096    0    0  (Gen:  0)
   521168    176536   8752968  0.003  0.000   20.130    3.096    0    0  (Gen:  0)
   520656    111776   8830128  0.003  0.000   20.134    3.097    0    0  (Gen:  0)
   521160    186968   8929528  0.003  0.000   20.139    3.098    0    0  (Gen:  0)
   520368    149728   9008960  0.003  0.000   20.143    3.099    0    0  (Gen:  0)
   521192    137272   9084640  0.003  0.000   20.148    3.099    0    0  (Gen:  0)
   521136    184384   9182208  0.003  0.000   20.152    3.100    0    0  (Gen:  0)
   521008    158704   9262304  0.003  0.000   20.157    3.101    0    0  (Gen:  0)
   521160    128232   9336752  0.003  0.000   20.162    3.101    0    0  (Gen:  0)
   520544    179256   9426144  0.003  0.000   20.166    3.102    0    0  (Gen:  0)
   520440    167488   9508536  0.003  0.000   20.171    3.103    0    0  (Gen:  0)
   520976    137184   9580256  0.003  0.000   20.176    3.104    0    0  (Gen:  0)
   520704    155384   9644976  0.004  0.000   20.181    3.105    0    0  (Gen:  0)
   520792    185592   9742024  0.003  0.000   20.186    3.105    0    0  (Gen:  0)
   520976    155552   9816360  0.004  0.000   20.191    3.106    0    0  (Gen:  0)
   521080    156696   9879960  0.004  0.000   20.197    3.107    0    0  (Gen:  0)
   520808    156632   9945928  0.003  0.000   20.202    3.108    0    0  (Gen:  0)
   521040     42328   9965464  0.002  0.000   20.205    3.108    0    0  (Gen:  0)
   519856     82488  10018000  0.002  0.000   20.209    3.109    0    0  (Gen:  0)
   520712     52328  10051920  0.002  0.000   20.213    3.109    0    0  (Gen:  0)
   520248     88792  10097736  0.002  0.000   20.216    3.110    0    0  (Gen:  0)
   521744     89496  10141856  0.002  0.000   20.220    3.110    0    0  (Gen:  0)
   521128     77376  10179696  0.002  0.000   20.224    3.111    0    0  (Gen:  0)
   520552     84920  10208648  0.002  0.000   20.228    3.112    0    0  (Gen:  0)
   520528    123248  10277224  0.002  0.000   20.232    3.112    0    0  (Gen:  0)
   520808     93648  10316616  0.003  0.000   20.236    3.113    0    0  (Gen:  0)
   520560    101376  10354472  0.002  0.000   20.240    3.113    0    0  (Gen:  0)
   520608   4208472   5190208  0.013  0.001   20.254    3.115    0    0  (Gen:  1)
   521376    121608   5249168  0.002  0.000   20.258    3.116    0    0  (Gen:  0)
   520968    113496   5307992  0.002  0.000   20.262    3.116    0    0  (Gen:  0)
   520712     93592   5357560  0.002  0.000   20.266    3.117    0    0  (Gen:  0)
   521216    131616   5423208  0.002  0.000   20.270    3.117    0    0  (Gen:  0)
   520904    127744   5488384  0.003  0.000   20.275    3.118    0    0  (Gen:  0)
   521112    105136   5537640  0.003  0.000   20.280    3.119    0    0  (Gen:  0)
   521000     92272   5626176  0.002  0.000   20.284    3.119    0    0  (Gen:  0)
   521160    117024   5702928  0.002  0.000   20.287    3.120    0    0  (Gen:  0)
   520496    111592   5753992  0.003  0.000   20.292    3.121    0    0  (Gen:  0)
   521064    116880   5797192  0.003  0.000   20.297    3.121    0    0  (Gen:  0)
   660328    142936   5867600  0.003  0.000   20.301    3.122    0    0  (Gen:  0)
   521248    115392   5913872  0.003  0.000   20.306    3.123    0    0  (Gen:  0)
   521000    160256   6001088  0.003  0.000   20.311    3.124    0    0  (Gen:  0)
   520712     84600   6065768  0.002  0.000   20.315    3.124    0    0  (Gen:  0)
   521192    145248   6136400  0.002  0.000   20.319    3.125    0    0  (Gen:  0)
   520680    127976   6203232  0.003  0.000   20.324    3.125    0    0  (Gen:  0)
   520672     95480   6261808  0.004  0.000   20.329    3.126    0    0  (Gen:  0)
   520840    157752   6344472  0.003  0.000   20.334    3.127    0    0  (Gen:  0)
   520336    140904   6414544  0.002  0.000   20.338    3.128    0    0  (Gen:  0)
   520712    115880   6477760  0.003  0.000   20.343    3.128    0    0  (Gen:  0)
   521632    130488   6528616  0.003  0.000   20.348    3.129    0    0  (Gen:  0)
   525048    157280   6606552  0.003  0.000   20.352    3.130    0    0  (Gen:  0)
   520912    123640   6664320  0.003  0.000   20.357    3.130    0    0  (Gen:  0)
   520144    171016   6757496  0.003  0.000   20.361    3.131    0    0  (Gen:  0)
   520384    149936   6839112  0.003  0.000   20.365    3.132    0    0  (Gen:  0)
   520784    132208   6899048  0.004  0.000   20.371    3.133    0    0  (Gen:  0)
   521664    138416   6954048  0.005  0.000   20.378    3.133    0    0  (Gen:  0)
   525280    167032   7037416  0.003  0.000   20.383    3.134    0    0  (Gen:  0)
   520752    140192   7096864  0.004  0.000   20.388    3.135    0    0  (Gen:  0)
   525120    146024   7158576  0.003  0.000   20.392    3.136    0    0  (Gen:  0)
   521008    115432   7230528  0.003  0.000   20.396    3.136    0    0  (Gen:  0)
   525008    176048   7325424  0.003  0.000   20.401    3.137    0    0  (Gen:  0)
   562048    144752   7403800  0.003  0.000   20.405    3.138    0    0  (Gen:  0)
   520824    112504   7473408  0.003  0.000   20.410    3.138    0    0  (Gen:  0)
   521120    173600   7564272  0.003  0.000   20.414    3.139    0    0  (Gen:  0)
   520632    154424   7640440  0.003  0.000   20.419    3.140    0    0  (Gen:  0)
   520936    123768   7702880  0.004  0.000   20.425    3.141    0    0  (Gen:  0)
   521096    162424   7783816  0.003  0.000   20.430    3.141    0    0  (Gen:  0)
   521400    159360   7860800  0.003  0.000   20.434    3.142    0    0  (Gen:  0)
   520688    128976   7925896  0.003  0.000   20.439    3.143    0    0  (Gen:  0)
   520256    142696   7984352  0.004  0.000   20.444    3.143    0    0  (Gen:  0)
   520368    181928   8081848  0.003  0.000   20.449    3.144    0    0  (Gen:  0)
   521176    135192   8145448  0.003  0.000   20.454    3.145    0    0  (Gen:  0)
   521000    147208   8205304  0.004  0.000   20.459    3.146    0    0  (Gen:  0)
   521280    169752   8290936  0.003  0.000   20.464    3.146    0    0  (Gen:  0)
   520656    138432   8351328  0.004  0.000   20.470    3.147    0    0  (Gen:  0)
   520792    185664   8451552  0.004  0.000   20.475    3.148    0    0  (Gen:  0)
   521256    160928   8538064  0.003  0.000   20.480    3.149    0    0  (Gen:  0)
   520576    145472   8601040  0.004  0.000   20.486    3.150    0    0  (Gen:  0)
   521216    157496   8668800  0.003  0.000   20.490    3.150    0    0  (Gen:  0)
   521016    116192   8747008  0.003  0.000   20.494    3.151    0    0  (Gen:  0)
   520936    183184   8843488  0.003  0.000   20.499    3.152    0    0  (Gen:  0)
   520800    153744   8919248  0.003  0.000   20.504    3.153    0    0  (Gen:  0)
   521072    114912   8993224  0.003  0.000   20.509    3.153    0    0  (Gen:  0)
   520552    170856   9075680  0.003  0.000   20.513    3.154    0    0  (Gen:  0)
   521160    155400   9156808  0.003  0.000   20.518    3.155    0    0  (Gen:  0)
   521224    124336   9230208  0.004  0.000   20.523    3.156    0    0  (Gen:  0)
   520672    179456   9322704  0.003  0.000   20.528    3.156    0    0  (Gen:  0)
   520656    163328   9405336  0.003  0.000   20.533    3.157    0    0  (Gen:  0)
   521064    131344   9476208  0.003  0.000   20.537    3.158    0    0  (Gen:  0)
   521040    155456   9540464  0.004  0.000   20.543    3.159    0    0  (Gen:  0)
   520288    173776   9623592  0.003  0.000   20.547    3.159    0    0  (Gen:  0)
   521104    142416   9694656  0.003  0.000   20.552    3.160    0    0  (Gen:  0)
   520928    154872   9758632  0.004  0.000   20.558    3.161    0    0  (Gen:  0)
   520424    181800   9851688  0.003  0.000   20.562    3.162    0    0  (Gen:  0)
   520488    148944   9924704  0.005  0.000   20.568    3.162    0    0  (Gen:  0)
   520936    156056   9988176  0.005  0.000   20.576    3.163    0    0  (Gen:  0)
   520800    144440  10040752  0.003  0.000   20.580    3.164    0    0  (Gen:  0)
   520696     43968  10059768  0.002  0.000   20.584    3.165    0    0  (Gen:  0)
   520600     82880  10112152  0.002  0.000   20.587    3.165    0    0  (Gen:  0)
   520976     52120  10144168  0.002  0.000   20.591    3.166    0    0  (Gen:  0)
   520976     89888  10189800  0.002  0.000   20.594    3.166    0    0  (Gen:  0)
   520640   4102216   5083856  0.012  0.001   20.608    3.168    0    0  (Gen:  1)
   521192     83152   5113320  0.002  0.000   20.612    3.168    0    0  (Gen:  0)
   520296    127280   5187408  0.002  0.000   20.615    3.169    0    0  (Gen:  0)
   521224    104776   5246856  0.002  0.000   20.619    3.169    0    0  (Gen:  0)
   520928     93080   5283512  0.003  0.000   20.623    3.170    0    0  (Gen:  0)
   521272    107440   5327208  0.002  0.000   20.627    3.171    0    0  (Gen:  0)
   521152     87952   5379976  0.002  0.000   20.630    3.171    0    0  (Gen:  0)
   520912    139536   5456864  0.002  0.000   20.634    3.172    0    0  (Gen:  0)
   521168    118376   5518080  0.002  0.000   20.638    3.172    0    0  (Gen:  0)
   520968     99184   5565456  0.002  0.000   20.642    3.173    0    0  (Gen:  0)
   520888    108728   5607416  0.003  0.000   20.646    3.174    0    0  (Gen:  0)
   520616    144184   5685384  0.002  0.000   20.650    3.174    0    0  (Gen:  0)
   520696    103776   5733416  0.003  0.000   20.654    3.175    0    0  (Gen:  0)
   520960    157424   5819976  0.002  0.000   20.658    3.175    0    0  (Gen:  0)
   520840    137712   5889048  0.002  0.000   20.662    3.176    0    0  (Gen:  0)
   521024    117808   5938400  0.003  0.000   20.666    3.177    0    0  (Gen:  0)
   521056    125352   5991976  0.002  0.000   20.670    3.177    0    0  (Gen:  0)
   521136    106288   6057408  0.002  0.000   20.674    3.178    0    0  (Gen:  0)
   521112    161152   6146136  0.002  0.000   20.678    3.179    0    0  (Gen:  0)
   520536    136072   6213720  0.002  0.000   20.682    3.179    0    0  (Gen:  0)
   520952    118144   6272432  0.003  0.000   20.686    3.180    0    0  (Gen:  0)
   521408    149544   6347224  0.002  0.000   20.690    3.181    0    0  (Gen:  0)
   520944    138568   6414824  0.002  0.000   20.693    3.181    0    0  (Gen:  0)
   520920    114360   6470664  0.003  0.000   20.698    3.182    0    0  (Gen:  0)
   521336    131232   6523688  0.003  0.000   20.703    3.183    0    0  (Gen:  0)
   520896    158472   6605144  0.002  0.000   20.706    3.183    0    0  (Gen:  0)
   521008    125344   6663816  0.003  0.000   20.711    3.184    0    0  (Gen:  0)
   521160    130480   6715800  0.003  0.000   20.716    3.185    0    0  (Gen:  0)
   521256    168504   6805800  0.002  0.000   20.720    3.185    0    0  (Gen:  0)
   520728    129440   6860656  0.003  0.000   20.725    3.186    0    0  (Gen:  0)
   520576    171952   6952480  0.003  0.000   20.729    3.187    0    0  (Gen:  0)
   520552    116216   7030840  0.002  0.000   20.733    3.187    0    0  (Gen:  0)
   521064    158280   7107072  0.002  0.000   20.737    3.188    0    0  (Gen:  0)
   521216    138720   7179224  0.002  0.000   20.741    3.189    0    0  (Gen:  0)
   520824    131744   7249304  0.002  0.000   20.745    3.189    0    0  (Gen:  0)
   520688    169320   7337280  0.002  0.000   20.749    3.190    0    0  (Gen:  0)
   520736    139680   7408944  0.002  0.000   20.754    3.191    0    0  (Gen:  0)
   520776    109680   7475776  0.003  0.000   20.758    3.191    0    0  (Gen:  0)
   521496    163488   7557512  0.002  0.000   20.762    3.192    0    0  (Gen:  0)
   673200    153696   7631752  0.002  0.000   20.765    3.193    0    0  (Gen:  0)
   521184    128168   7699616  0.003  0.000   20.770    3.193    0    0  (Gen:  0)
   521072    168072   7785856  0.002  0.000   20.774    3.194    0    0  (Gen:  0)
   521128    155728   7861888  0.002  0.000   20.778    3.195    0    0  (Gen:  0)
   520832    120536   7925872  0.003  0.000   20.783    3.195    0    0  (Gen:  0)
   521264    143128   7984832  0.003  0.000   20.788    3.196    0    0  (Gen:  0)
   521296    169984   8072512  0.002  0.000   20.793    3.197    0    0  (Gen:  0)
   520640    135544   8136960  0.003  0.000   20.797    3.198    0    0  (Gen:  0)
   520376    140608   8194336  0.003  0.000   20.802    3.198    0    0  (Gen:  0)
   520280    172048   8281592  0.002  0.000   20.807    3.199    0    0  (Gen:  0)
   521272    139696   8343984  0.003  0.000   20.812    3.200    0    0  (Gen:  0)
   521056    144544   8401224  0.003  0.000   20.817    3.201    0    0  (Gen:  0)
   521304    173208   8490480  0.002  0.000   20.821    3.201    0    0  (Gen:  0)
   520576    142376   8548904  0.003  0.000   20.826    3.202    0    0  (Gen:  0)
   520792    151800   8613400  0.003  0.000   20.831    3.203    0    0  (Gen:  0)
   520992    104568   8691184  0.002  0.000   20.835    3.203    0    0  (Gen:  0)
   520984    168176   8773320  0.002  0.000   20.839    3.204    0    0  (Gen:  0)
   521144    147832   8850272  0.002  0.000   20.843    3.205    0    0  (Gen:  0)
   521016    131088   8923680  0.003  0.000   20.847    3.205    0    0  (Gen:  0)
   520896    183072   9021400  0.002  0.000   20.851    3.206    0    0  (Gen:  0)
   520760    158072   9098392  0.003  0.000   20.856    3.207    0    0  (Gen:  0)
   521064    121080   9170184  0.003  0.000   20.860    3.208    0    0  (Gen:  0)
   520584    170760   9252792  0.002  0.000   20.864    3.208    0    0  (Gen:  0)
   566192    163232   9340728  0.002  0.000   20.868    3.209    0    0  (Gen:  0)
   521000    126384   9409824  0.003  0.000   20.873    3.210    0    0  (Gen:  0)
   519936    175976   9499648  0.003  0.000   20.877    3.210    0    0  (Gen:  0)
   520912    168744   9580576  0.002  0.000   20.881    3.211    0    0  (Gen:  0)
   520688    143424   9655992  0.003  0.000   20.886    3.212    0    0  (Gen:  0)
   521056    158424   9737520  0.003  0.000   20.890    3.212    0    0  (Gen:  0)
   520736    176264   9822928  0.003  0.000   20.894    3.213    0    0  (Gen:  0)
   521408    141760   9892592  0.003  0.000   20.899    3.214    0    0  (Gen:  0)
   520664    155576   9957352  0.004  0.000   20.905    3.215    0    0  (Gen:  0)
   520600    184712  10054168  0.002  0.000   20.909    3.215    0    0  (Gen:  0)
   520816   5371360   6357176  0.014  0.001   20.925    3.217    0    0  (Gen:  1)
   520560    156568   6422200  0.002  0.000   20.929    3.218    0    0  (Gen:  0)
   520968    139856   6470400  0.002  0.000   20.933    3.219    0    0  (Gen:  0)
   520552     45072   6488704  0.001  0.000   20.936    3.219    0    0  (Gen:  0)
   521160     55840   6540192  0.001  0.000   20.939    3.220    0    0  (Gen:  0)
   520408     61560   6569528  0.001  0.000   20.942    3.220    0    0  (Gen:  0)
   520528     91080   6616976  0.001  0.000   20.945    3.221    0    0  (Gen:  0)
   521624     95744   6664728  0.002  0.000   20.948    3.221    0    0  (Gen:  0)
   521088     79752   6698736  0.001  0.000   20.951    3.222    0    0  (Gen:  0)
   520656     85712   6730256  0.002  0.000   20.954    3.222    0    0  (Gen:  0)
   520600    116072   6789880  0.002  0.000   20.957    3.223    0    0  (Gen:  0)
   520600     93280   6823872  0.002  0.000   20.961    3.223    0    0  (Gen:  0)
   520528    110872   6871376  0.002  0.000   20.964    3.224    0    0  (Gen:  0)
   520560     93592   6921208  0.001  0.000   20.967    3.224    0    0  (Gen:  0)
   521560    136440   6995336  0.002  0.000   20.971    3.225    0    0  (Gen:  0)
   521008    132096   7069872  0.002  0.000   20.974    3.225    0    0  (Gen:  0)
   520792    106768   7117664  0.002  0.000   20.978    3.226    0    0  (Gen:  0)
   521136    108568   7158928  0.002  0.000   20.981    3.227    0    0  (Gen:  0)
   520976    143440   7234488  0.002  0.000   20.984    3.227    0    0  (Gen:  0)
   520768    114848   7281272  0.002  0.000   20.988    3.228    0    0  (Gen:  0)
   521048    151736   7362208  0.002  0.000   20.992    3.228    0    0  (Gen:  0)
   521120    134832   7432224  0.002  0.000   20.995    3.229    0    0  (Gen:  0)
   520704    117336   7480784  0.002  0.000   20.999    3.229    0    0  (Gen:  0)
   702056    122376   7531552  0.002  0.000   21.002    3.230    0    0  (Gen:  0)
   520888    126984   7596232  0.002  0.000   21.005    3.231    0    0  (Gen:  0)
   520904    154864   7678952  0.002  0.000   21.009    3.231    0    0  (Gen:  0)
   520704    135512   7745904  0.002  0.000   21.013    3.232    0    0  (Gen:  0)
   520888    115032   7805128  0.002  0.000   21.016    3.232    0    0  (Gen:  0)
   521264    154056   7885464  0.002  0.000   21.020    3.233    0    0  (Gen:  0)
   520720    141240   7954168  0.002  0.000   21.024    3.234    0    0  (Gen:  0)
   521000    112336   8009816  0.002  0.000   21.027    3.234    0    0  (Gen:  0)
   521072    130320   8061984  0.002  0.000   21.031    3.235    0    0  (Gen:  0)
   520936    150608   8136728  0.002  0.000   21.034    3.235    0    0  (Gen:  0)
   520608    125248   8194984  0.002  0.000   21.038    3.236    0    0  (Gen:  0)
   520848    131192   8247288  0.002  0.000   21.042    3.237    0    0  (Gen:  0)
   520656    159928   8327568  0.002  0.000   21.046    3.237    0    0  (Gen:  0)
   520544    130312   8382736  0.003  0.000   21.050    3.238    0    0  (Gen:  0)
   520728    170824   8474248  0.002  0.000   21.054    3.239    0    0  (Gen:  0)
   520272    156400   8555208  0.002  0.000   21.058    3.239    0    0  (Gen:  0)
   520584    139968   8612648  0.003  0.000   21.063    3.240    0    0  (Gen:  0)
   520616    147368   8676224  0.002  0.000   21.067    3.241    0    0  (Gen:  0)
   521176    130992   8748672  0.002  0.000   21.071    3.241    0    0  (Gen:  0)
   520168    176376   8843528  0.002  0.000   21.074    3.242    0    0  (Gen:  0)
   521112    148776   8929400  0.002  0.000   21.078    3.243    0    0  (Gen:  0)
   520816    122520   8996056  0.002  0.000   21.082    3.243    0    0  (Gen:  0)
   520640    171432   9085872  0.002  0.000   21.085    3.244    0    0  (Gen:  0)
   537288    161528   9164856  0.002  0.000   21.089    3.244    0    0  (Gen:  0)
   520800    138616   9231744  0.002  0.000   21.093    3.245    0    0  (Gen:  0)
   520592    167344   9314240  0.002  0.000   21.097    3.246    0    0  (Gen:  0)
   520792    147168   9398120  0.002  0.000   21.101    3.246    0    0  (Gen:  0)
   520784    134000   9460744  0.002  0.000   21.105    3.247    0    0  (Gen:  0)
   520624    142744   9519408  0.002  0.000   21.109    3.248    0    0  (Gen:  0)
   520568    163848   9600312  0.002  0.000   21.113    3.248    0    0  (Gen:  0)
   521000    139672   9662192  0.002  0.000   21.116    3.249    0    0  (Gen:  0)
   521192    142264   9721128  0.002  0.000   21.120    3.250    0    0  (Gen:  0)
   520720    176128   9811968  0.002  0.000   21.124    3.250    0    0  (Gen:  0)
   520872    142832   9872824  0.002  0.000   21.128    3.251    0    0  (Gen:  0)
   520960    149736   9935176  0.002  0.000   21.132    3.252    0    0  (Gen:  0)
   520744    159456  10017752  0.002  0.000   21.135    3.252    0    0  (Gen:  0)
   521184    186320  10119064  0.003  0.000   21.139    3.253    0    0  (Gen:  0)
   520936    147824  10192440  0.003  0.000   21.144    3.254    0    0  (Gen:  0)
   520824    128896  10267320  0.002  0.000   21.147    3.254    0    0  (Gen:  0)
   520744    167920  10349872  0.002  0.000   21.151    3.255    0    0  (Gen:  0)
   520808    157264  10427680  0.002  0.000   21.155    3.255    0    0  (Gen:  0)
   520872    137848  10500592  0.002  0.000   21.158    3.256    0    0  (Gen:  0)
   521272    100792  10597240  0.002  0.000   21.162    3.257    0    0  (Gen:  0)
   520992    156536  10675728  0.002  0.000   21.166    3.257    0    0  (Gen:  0)
   520848    126240  10745680  0.002  0.000   21.170    3.258    0    0  (Gen:  0)
   520944    171904  10830056  0.002  0.000   21.173    3.259    0    0  (Gen:  0)
   520696    169432  10915840  0.002  0.000   21.177    3.259    0    0  (Gen:  0)
   520648    144096  10984336  0.002  0.000   21.181    3.260    0    0  (Gen:  0)
   519920    196112  11093000  0.003  0.000   21.186    3.261    0    0  (Gen:  0)
   521256    155360  11183152  0.002  0.000   21.190    3.261    0    0  (Gen:  0)
   520504    145960  11251912  0.002  0.000   21.194    3.262    0    0  (Gen:  0)
   521160    153728  11315584  0.002  0.000   21.198    3.263    0    0  (Gen:  0)
   520704    178160  11403480  0.002  0.000   21.202    3.264    0    0  (Gen:  0)
   521312    149432  11471912  0.002  0.000   21.206    3.264    0    0  (Gen:  0)
   520568    187856  11569600  0.003  0.000   21.211    3.265    0    0  (Gen:  0)
   520576    165256  11660096  0.002  0.000   21.214    3.266    0    0  (Gen:  0)
   520768    156248  11729432  0.002  0.000   21.218    3.266    0    0  (Gen:  0)
   520664    157648  11794784  0.002  0.000   21.223    3.267    0    0  (Gen:  0)
   521176    126312  11828704  0.003  0.000   21.227    3.268    0    0  (Gen:  0)
   521160     46136  11847648  0.001  0.000   21.230    3.268    0    0  (Gen:  0)
   521328     91584  11905952  0.002  0.000   21.234    3.269    0    0  (Gen:  0)
   520512     70440  11934960  0.001  0.000   21.237    3.269    0    0  (Gen:  0)
   520400     71248  11959536  0.002  0.000   21.240    3.270    0    0  (Gen:  0)
   521760     98864  12009152  0.002  0.000   21.244    3.270    0    0  (Gen:  0)
   521136     81232  12041376  0.002  0.000   21.247    3.271    0    0  (Gen:  0)
   520480     90000  12077064  0.002  0.000   21.250    3.271    0    0  (Gen:  0)
   520600     87672  12131680  0.002  0.000   21.253    3.272    0    0  (Gen:  0)
   520624    117352  12187016  0.002  0.000   21.256    3.272    0    0  (Gen:  0)
   520688    110120  12241344  0.002  0.000   21.260    3.273    0    0  (Gen:  0)
   520608     94864  12287552  0.002  0.000   21.263    3.273    0    0  (Gen:  0)
   521352    129160  12355168  0.002  0.000   21.267    3.274    0    0  (Gen:  0)
   520992    124864  12416640  0.002  0.000   21.271    3.275    0    0  (Gen:  0)
   520912    101240  12465064  0.002  0.000   21.274    3.275    0    0  (Gen:  0)
   521072   4290320   5276024  0.014  0.001   21.289    3.277    0    0  (Gen:  1)
   520984    137168   5343752  0.003  0.000   21.295    3.278    0    0  (Gen:  0)
   520736    107728   5389712  0.003  0.000   21.300    3.278    0    0  (Gen:  0)
   521184    137688   5455864  0.003  0.000   21.305    3.279    0    0  (Gen:  0)
   520976     82912   5519824  0.002  0.000   21.311    3.280    0    0  (Gen:  0)
   520752    141144   5589144  0.002  0.000   21.315    3.280    0    0  (Gen:  0)
   521184    125120   5654472  0.002  0.000   21.319    3.281    0    0  (Gen:  0)
   521272    125672   5712448  0.002  0.000   21.322    3.282    0    0  (Gen:  0)
   520712    151856   5792888  0.002  0.000   21.326    3.282    0    0  (Gen:  0)
   520704    139600   5863000  0.002  0.000   21.330    3.283    0    0  (Gen:  0)
   520856    117360   5920472  0.002  0.000   21.333    3.283    0    0  (Gen:  0)
   521224    124408   5968032  0.002  0.000   21.337    3.284    0    0  (Gen:  0)
   520656    147224   6037752  0.002  0.000   21.341    3.285    0    0  (Gen:  0)
   521128    119448   6091448  0.002  0.000   21.344    3.285    0    0  (Gen:  0)
   521096    167464   6182008  0.002  0.000   21.348    3.286    0    0  (Gen:  0)
   520680    152400   6260688  0.002  0.000   21.352    3.287    0    0  (Gen:  0)
   520944    126536   6315408  0.003  0.000   21.357    3.287    0    0  (Gen:  0)
   520664    135496   6373896  0.003  0.000   21.363    3.288    0    0  (Gen:  0)
   520920     79520   6447048  0.002  0.000   21.366    3.289    0    0  (Gen:  0)
   520424    164416   6533888  0.002  0.000   21.370    3.289    0    0  (Gen:  0)
   520680    147696   6603424  0.002  0.000   21.373    3.290    0    0  (Gen:  0)
   520200    135912   6674904  0.002  0.000   21.377    3.290    0    0  (Gen:  0)
   520536    172328   6766168  0.002  0.000   21.381    3.291    0    0  (Gen:  0)
   520664    147680   6843144  0.002  0.000   21.385    3.292    0    0  (Gen:  0)
   521064    125112   6909288  0.002  0.000   21.388    3.292    0    0  (Gen:  0)
   520336    163240   6990144  0.002  0.000   21.392    3.293    0    0  (Gen:  0)
   521112    153392   7064624  0.002  0.000   21.396    3.293    0    0  (Gen:  0)
   520608    127264   7128008  0.003  0.000   21.401    3.294    0    0  (Gen:  0)
   520712    139728   7183904  0.003  0.000   21.405    3.295    0    0  (Gen:  0)
   562496    165248   7263920  0.002  0.000   21.409    3.295    0    0  (Gen:  0)
   521112    143808   7328704  0.002  0.000   21.413    3.296    0    0  (Gen:  0)
   520528    180240   7424416  0.002  0.000   21.417    3.297    0    0  (Gen:  0)
   520880    157272   7507592  0.002  0.000   21.421    3.297    0    0  (Gen:  0)
   520512    137040   7568120  0.002  0.000   21.425    3.298    0    0  (Gen:  0)
   520816    142320   7627280  0.002  0.000   21.429    3.299    0    0  (Gen:  0)
   520480    165752   7710616  0.002  0.000   21.433    3.299    0    0  (Gen:  0)
   521248    137936   7769824  0.002  0.000   21.436    3.300    0    0  (Gen:  0)
   521144    149488   7835536  0.002  0.000   21.440    3.301    0    0  (Gen:  0)
   520728    127480   7914488  0.002  0.000   21.444    3.301    0    0  (Gen:  0)
   520680    168344   7995776  0.002  0.000   21.448    3.302    0    0  (Gen:  0)
   520928    147112   8069736  0.003  0.000   21.453    3.303    0    0  (Gen:  0)
   520880    121864   8144824  0.003  0.000   21.457    3.303    0    0  (Gen:  0)
   521264    181432   8239760  0.003  0.000   21.462    3.304    0    0  (Gen:  0)
   520768    152680   8318080  0.003  0.000   21.466    3.305    0    0  (Gen:  0)
   520728    129288   8387440  0.003  0.000   21.470    3.305    0    0  (Gen:  0)
   520600    168776   8470600  0.003  0.000   21.476    3.306    0    0  (Gen:  0)
   521128    160352   8552192  0.003  0.000   21.480    3.307    0    0  (Gen:  0)
   520832    129096   8620736  0.003  0.000   21.485    3.308    0    0  (Gen:  0)
   521176    148760   8680880  0.005  0.000   21.491    3.308    0    0  (Gen:  0)
   520784    183880   8779488  0.003  0.000   21.497    3.309    0    0  (Gen:  0)
   521168    139248   8847248  0.003  0.000   21.502    3.310    0    0  (Gen:  0)
   520616    150512   8908200  0.004  0.000   21.508    3.311    0    0  (Gen:  0)
   524616    190000   9013952  0.003  0.000   21.512    3.312    0    0  (Gen:  0)
   520856    141616   9079664  0.004  0.000   21.518    3.312    0    0  (Gen:  0)
   520632    191704   9182352  0.003  0.000   21.522    3.313    0    0  (Gen:  0)
   520960    165376   9270760  0.003  0.000   21.527    3.314    0    0  (Gen:  0)
   520968    144896   9336512  0.004  0.000   21.532    3.315    0    0  (Gen:  0)
   521072    153384   9402296  0.004  0.000   21.538    3.315    0    0  (Gen:  0)
   521064    180088   9492320  0.004  0.000   21.544    3.316    0    0  (Gen:  0)
   520912    148872   9558760  0.004  0.000   21.550    3.317    0    0  (Gen:  0)
   520688    187384   9656856  0.005  0.000   21.557    3.318    0    0  (Gen:  0)
   520560     91832   9743976  0.003  0.000   21.561    3.319    0    0  (Gen:  0)
   520760    192472   9846032  0.003  0.000   21.565    3.319    0    0  (Gen:  0)
   524624    152704   9921560  0.004  0.000   21.571    3.320    0    0  (Gen:  0)
   520888     31912   9941672  0.002  0.000   21.574    3.321    0    0  (Gen:  0)
   521344     66864   9983848  0.002  0.000   21.578    3.321    0    0  (Gen:  0)
   520864     69184  10019848  0.002  0.000   21.581    3.322    0    0  (Gen:  0)
   520392     59176  10047040  0.002  0.000   21.585    3.322    0    0  (Gen:  0)
   520800     71368  10071688  0.003  0.000   21.589    3.323    0    0  (Gen:  0)
   521808    100032  10124024  0.003  0.000   21.594    3.324    0    0  (Gen:  0)
   520840     81416  10154760  0.004  0.000   21.599    3.324    0    0  (Gen:  0)
   520504    123888  10224424  0.002  0.000   21.603    3.325    0    0  (Gen:  0)
   520736     99296  10272968  0.002  0.000   21.607    3.326    0    0  (Gen:  0)
   520656    128312  10340584  0.002  0.000   21.611    3.326    0    0  (Gen:  0)
   520608    118296  10397456  0.002  0.000   21.615    3.327    0    0  (Gen:  0)
   520992   4223184   5208856  0.011  0.001   21.627    3.328    0    0  (Gen:  1)
   520816    117224   5263328  0.002  0.000   21.631    3.329    0    0  (Gen:  0)
   521072    118528   5332632  0.002  0.000   21.634    3.329    0    0  (Gen:  0)
   521080    109616   5377848  0.002  0.000   21.638    3.330    0    0  (Gen:  0)
   521104    109600   5417864  0.002  0.000   21.641    3.330    0    0  (Gen:  0)
   520936    140104   5490120  0.002  0.000   21.645    3.331    0    0  (Gen:  0)
   520904    112520   5532552  0.002  0.000   21.648    3.332    0    0  (Gen:  0)
   521288    127368   5590832  0.002  0.000   21.652    3.332    0    0  (Gen:  0)
   520584    114256   5649832  0.002  0.000   21.655    3.333    0    0  (Gen:  0)
   520832    143712   5720000  0.002  0.000   21.659    3.333    0    0  (Gen:  0)
   673336    130552   5782472  0.002  0.000   21.663    3.334    0    0  (Gen:  0)
   520680    112288   5839048  0.002  0.000   21.666    3.334    0    0  (Gen:  0)
   521288    147024   5914568  0.002  0.000   21.670    3.335    0    0  (Gen:  0)
   520904    141736   5985264  0.002  0.000   21.674    3.336    0    0  (Gen:  0)
   520896    120584   6041008  0.002  0.000   21.677    3.336    0    0  (Gen:  0)
   520824    123136   6087304  0.002  0.000   21.681    3.337    0    0  (Gen:  0)
   520208    147648   6159048  0.002  0.000   21.685    3.337    0    0  (Gen:  0)
   520504    121168   6211944  0.002  0.000   21.688    3.338    0    0  (Gen:  0)
   520864    131000   6264736  0.002  0.000   21.692    3.339    0    0  (Gen:  0)
   520696    152656   6343072  0.002  0.000   21.696    3.339    0    0  (Gen:  0)
   520824    131256   6397272  0.002  0.000   21.699    3.340    0    0  (Gen:  0)
   524880    140360   6459624  0.002  0.000   21.703    3.340    0    0  (Gen:  0)
   521216    128640   6530512  0.002  0.000   21.706    3.341    0    0  (Gen:  0)
   520760    172752   6624800  0.002  0.000   21.710    3.342    0    0  (Gen:  0)
   520720    144216   6711824  0.002  0.000   21.714    3.342    0    0  (Gen:  0)
   519872    137824   6782616  0.002  0.000   21.717    3.343    0    0  (Gen:  0)
   520680    171232   6872312  0.002  0.000   21.721    3.343    0    0  (Gen:  0)
   524792    157800   6949752  0.002  0.000   21.725    3.344    0    0  (Gen:  0)
   520712    131920   7014984  0.002  0.000   21.729    3.345    0    0  (Gen:  0)
   520896     87632   7098640  0.002  0.000   21.732    3.345    0    0  (Gen:  0)
   524976    156192   7178864  0.002  0.000   21.736    3.346    0    0  (Gen:  0)
   525184    134112   7240744  0.002  0.000   21.740    3.346    0    0  (Gen:  0)
   529288    140784   7296688  0.002  0.000   21.744    3.347    0    0  (Gen:  0)
   557984    166784   7377680  0.002  0.000   21.748    3.348    0    0  (Gen:  0)
   520848    141800   7440456  0.002  0.000   21.752    3.348    0    0  (Gen:  0)
   520912    179584   7536744  0.002  0.000   21.756    3.349    0    0  (Gen:  0)
   520776    154008   7618504  0.002  0.000   21.759    3.350    0    0  (Gen:  0)
   521496    139064   7679472  0.002  0.000   21.763    3.350    0    0  (Gen:  0)
   520616    141000   7736152  0.002  0.000   21.767    3.351    0    0  (Gen:  0)
   520984    164256   7818952  0.002  0.000   21.771    3.351    0    0  (Gen:  0)
   520592    142088   7877680  0.002  0.000   21.775    3.352    0    0  (Gen:  0)
   520984    153200   7945672  0.002  0.000   21.779    3.353    0    0  (Gen:  0)
   520664    136808   8022296  0.002  0.000   21.782    3.353    0    0  (Gen:  0)
   521120    168928   8104232  0.002  0.000   21.786    3.354    0    0  (Gen:  0)
   520984    155784   8179912  0.002  0.000   21.790    3.355    0    0  (Gen:  0)
   521112    144680   8252600  0.002  0.000   21.794    3.355    0    0  (Gen:  0)
   521048    175768   8340912  0.002  0.000   21.797    3.356    0    0  (Gen:  0)
   521040    161920   8421336  0.002  0.000   21.801    3.357    0    0  (Gen:  0)
   521184    141328   8488816  0.002  0.000   21.804    3.357    0    0  (Gen:  0)
   520456     92016   8576856  0.002  0.000   21.808    3.358    0    0  (Gen:  0)
   521008    165464   8658712  0.002  0.000   21.812    3.359    0    0  (Gen:  0)
   520568    135592   8726728  0.002  0.000   21.816    3.359    0    0  (Gen:  0)
   520840    192816   8832520  0.003  0.000   21.821    3.360    0    0  (Gen:  0)
   520680    160760   8918816  0.002  0.000   21.825    3.361    0    0  (Gen:  0)
   521176    146536   8986888  0.002  0.000   21.829    3.361    0    0  (Gen:  0)
   520552    149064   9046224  0.002  0.000   21.833    3.362    0    0  (Gen:  0)
   520816    184256   9146120  0.002  0.000   21.836    3.362    0    0  (Gen:  0)
   520344    148656   9208904  0.002  0.000   21.840    3.363    0    0  (Gen:  0)
   520624    189384   9310040  0.002  0.000   21.844    3.364    0    0  (Gen:  0)
   521608    172824   9398256  0.002  0.000   21.848    3.364    0    0  (Gen:  0)
   520736    151824   9464528  0.002  0.000   21.852    3.365    0    0  (Gen:  0)
   520128    153160   9528720  0.002  0.000   21.856    3.366    0    0  (Gen:  0)
   520856    180960   9619856  0.002  0.000   21.860    3.366    0    0  (Gen:  0)
   520680    154632   9686176  0.002  0.000   21.864    3.367    0    0  (Gen:  0)
   521024    161248   9755424  0.003  0.000   21.869    3.368    0    0  (Gen:  0)
   519920    136608   9839480  0.002  0.000   21.872    3.368    0    0  (Gen:  0)
   521176    105848   9940992  0.002  0.000   21.876    3.369    0    0  (Gen:  0)
   520648    152312  10013456  0.004  0.000   21.881    3.370    0    0  (Gen:  0)
   521112     32264  10032824  0.001  0.000   21.884    3.370    0    0  (Gen:  0)
   521432     64232  10071656  0.001  0.000   21.887    3.371    0    0  (Gen:  0)
   520872     71688  10108208  0.001  0.000   21.890    3.371    0    0  (Gen:  0)
   520360     63872  10134560  0.001  0.000   21.894    3.372    0    0  (Gen:  0)
   520832     71720  10159256  0.002  0.000   21.897    3.372    0    0  (Gen:  0)
   521816    101240  10213536  0.002  0.000   21.900    3.373    0    0  (Gen:  0)
   520872     82832  10243816  0.002  0.000   21.903    3.373    0    0  (Gen:  0)
   520440   4151416   5141240  0.015  0.001   21.920    3.375    0    0  (Gen:  1)
   520760     91976   5172680  0.003  0.000   21.924    3.376    0    0  (Gen:  0)
   520640    120464   5231976  0.002  0.000   21.928    3.376    0    0  (Gen:  0)
   660720    113664   5287368  0.002  0.000   21.932    3.377    0    0  (Gen:  0)
   520384     88128   5329552  0.002  0.000   21.936    3.378    0    0  (Gen:  0)
   520456    143584   5411624  0.002  0.000   21.940    3.378    0    0  (Gen:  0)
   520776    126800   5480864  0.003  0.000   21.944    3.379    0    0  (Gen:  0)
   521160    101728   5524120  0.003  0.000   21.948    3.379    0    0  (Gen:  0)
   520928    109576   5565960  0.003  0.000   21.953    3.380    0    0  (Gen:  0)
   525000    139216   5636712  0.002  0.000   21.957    3.381    0    0  (Gen:  0)
   520944    112000   5680472  0.004  0.000   21.963    3.382    0    0  (Gen:  0)
   524888    126056   5736792  0.003  0.000   21.967    3.382    0    0  (Gen:  0)
   520960     95448   5796360  0.003  0.000   21.972    3.383    0    0  (Gen:  0)
   529096    143304   5865944  0.003  0.000   21.976    3.384    0    0  (Gen:  0)
   561440    131888   5931296  0.002  0.000   21.980    3.384    0    0  (Gen:  0)
   520600    105200   5984776  0.003  0.000   21.985    3.385    0    0  (Gen:  0)
   520928    141720   6054752  0.003  0.000   21.989    3.385    0    0  (Gen:  0)
   520504    159216   6142784  0.003  0.000   21.994    3.386    0    0  (Gen:  0)
   521552    126728   6199056  0.003  0.000   21.999    3.387    0    0  (Gen:  0)
   520168    124280   6246968  0.003  0.000   22.004    3.388    0    0  (Gen:  0)
   520504    158448   6329536  0.002  0.000   22.008    3.388    0    0  (Gen:  0)
   520768    119984   6383312  0.004  0.000   22.013    3.389    0    0  (Gen:  0)
   520880    130136   6434024  0.005  0.000   22.020    3.390    0    0  (Gen:  0)
   520752    153144   6513688  0.003  0.000   22.025    3.391    0    0  (Gen:  0)
   520832    131424   6568048  0.003  0.000   22.030    3.391    0    0  (Gen:  0)
   521128    142496   6632760  0.003  0.000   22.035    3.392    0    0  (Gen:  0)
   520840     95752   6700152  0.003  0.000   22.039    3.393    0    0  (Gen:  0)
   521432    162512   6784640  0.003  0.000   22.043    3.393    0    0  (Gen:  0)
   521264    137400   6855544  0.002  0.000   22.047    3.394    0    0  (Gen:  0)
   520456    116760   6924216  0.003  0.000   22.052    3.395    0    0  (Gen:  0)
   520512    160744   7003320  0.003  0.000   22.057    3.395    0    0  (Gen:  0)
   521240    154584   7081328  0.003  0.000   22.061    3.396    0    0  (Gen:  0)
   520792    120480   7146856  0.005  0.000   22.068    3.397    0    0  (Gen:  0)
   520576    183920   7247360  0.003  0.000   22.074    3.398    0    0  (Gen:  0)
   520952    131208   7329072  0.002  0.000   22.078    3.398    0    0  (Gen:  0)
   520864    124944   7390600  0.003  0.000   22.083    3.399    0    0  (Gen:  0)
   520728    140104   7446816  0.004  0.000   22.088    3.400    0    0  (Gen:  0)
   537488    167536   7528816  0.003  0.000   22.093    3.401    0    0  (Gen:  0)
   520920    136128   7590440  0.004  0.000   22.098    3.401    0    0  (Gen:  0)
   521368    175048   7682648  0.003  0.000   22.102    3.402    0    0  (Gen:  0)
   521040    158456   7764360  0.003  0.000   22.107    3.403    0    0  (Gen:  0)
   520560    136744   7823488  0.004  0.000   22.113    3.404    0    0  (Gen:  0)
   520896    166360   7905672  0.004  0.000   22.118    3.404    0    0  (Gen:  0)
   520392    103160   7981320  0.003  0.000   22.123    3.405    0    0  (Gen:  0)
   520472    166448   8063728  0.003  0.000   22.127    3.406    0    0  (Gen:  0)
   520872    142568   8138720  0.003  0.000   22.131    3.406    0    0  (Gen:  0)
   520680    118896   8212848  0.003  0.000   22.136    3.407    0    0  (Gen:  0)
   521616    180904   8307000  0.004  0.000   22.141    3.408    0    0  (Gen:  0)
   520776    174328   8412848  0.003  0.000   22.146    3.409    0    0  (Gen:  0)
   520304    139112   8484056  0.003  0.000   22.151    3.409    0    0  (Gen:  0)
   521344    177520   8575504  0.003  0.000   22.155    3.410    0    0  (Gen:  0)
   520816    162576   8656640  0.003  0.000   22.160    3.411    0    0  (Gen:  0)
   520808    134392   8724296  0.004  0.000   22.166    3.412    0    0  (Gen:  0)
   520968    148672   8785544  0.004  0.000   22.172    3.412    0    0  (Gen:  0)
   520872    180216   8879888  0.003  0.000   22.177    3.413    0    0  (Gen:  0)
   521016    146576   8946416  0.004  0.000   22.182    3.414    0    0  (Gen:  0)
   521032    189776   9048328  0.003  0.000   22.186    3.415    0    0  (Gen:  0)
   521552    167936   9134808  0.003  0.000   22.191    3.415    0    0  (Gen:  0)
   520544    138176   9201608  0.004  0.000   22.196    3.416    0    0  (Gen:  0)
   520576    147728   9260592  0.004  0.000   22.201    3.417    0    0  (Gen:  0)
   521272    175992   9350792  0.003  0.000   22.206    3.418    0    0  (Gen:  0)
   520656    143520   9414008  0.005  0.000   22.212    3.418    0    0  (Gen:  0)
   520904    190248   9516056  0.003  0.000   22.218    3.419    0    0  (Gen:  0)
   521208    159152   9604144  0.003  0.000   22.223    3.420    0    0  (Gen:  0)
   521136    148400   9668640  0.004  0.000   22.228    3.421    0    0  (Gen:  0)
   521048    159632   9740360  0.004  0.000   22.233    3.422    0    0  (Gen:  0)
   521064    103544   9821712  0.003  0.000   22.238    3.422    0    0  (Gen:  0)
   520664    187008   9920104  0.003  0.000   22.242    3.423    0    0  (Gen:  0)
   520456    145096   9996760  0.002  0.000   22.246    3.424    0    0  (Gen:  0)
   520600    136096  10079080  0.003  0.000   22.251    3.424    0    0  (Gen:  0)
   521296    194544  10181288  0.003  0.000   22.256    3.425    0    0  (Gen:  0)
   570512   3992984   4970680  0.012  0.001   22.270    3.427    0    0  (Gen:  1)
   553952     34368   4990160  0.002  0.000   22.273    3.427    0    0  (Gen:  0)
   537000     63384   5027880  0.002  0.000   22.277    3.428    0    0  (Gen:  0)
   536896     71864   5065008  0.002  0.000   22.280    3.428    0    0  (Gen:  0)
   520896     62656   5091528  0.002  0.000   22.284    3.429    0    0  (Gen:  0)
   517640     72696   5116720  0.002  0.000   22.287    3.429    0    0  (Gen:  0)
   537200     95688   5166952  0.002  0.000   22.291    3.430    0    0  (Gen:  0)
   521136     82216   5196216  0.003  0.000   22.295    3.431    0    0  (Gen:  0)
   520736    120152   5260240  0.002  0.000   22.299    3.431    0    0  (Gen:  0)
   520960     89200   5305912  0.002  0.000   22.303    3.432    0    0  (Gen:  0)
   520440    122816   5369440  0.002  0.000   22.307    3.432    0    0  (Gen:  0)
   537560    119696   5428264  0.002  0.000   22.311    3.433    0    0  (Gen:  0)
   520464     89120   5468016  0.003  0.000   22.316    3.434    0    0  (Gen:  0)
   520752    139800   5546072  0.003  0.000   22.320    3.434    0    0  (Gen:  0)
   521056    127560   5613776  0.003  0.000   22.324    3.435    0    0  (Gen:  0)
   521464    105968   5657608  0.003  0.000   22.329    3.435    0    0  (Gen:  0)
   521720    118232   5706584  0.002  0.000   22.333    3.436    0    0  (Gen:  0)
   521328     94128   5766736  0.002  0.000   22.337    3.437    0    0  (Gen:  0)
   520912    148576   5847792  0.002  0.000   22.341    3.437    0    0  (Gen:  0)
   520696    124336   5912456  0.002  0.000   22.345    3.438    0    0  (Gen:  0)
   521640    112280   5969352  0.003  0.000   22.350    3.439    0    0  (Gen:  0)
   520528    144656   6041704  0.003  0.000   22.354    3.439    0    0  (Gen:  0)
   537416    141272   6115576  0.003  0.000   22.358    3.440    0    0  (Gen:  0)
   520768    111496   6167968  0.003  0.000   22.362    3.441    0    0  (Gen:  0)
   520776    160600   6254480  0.003  0.000   22.366    3.441    0    0  (Gen:  0)
   520896    124416   6329856  0.002  0.000   22.369    3.442    0    0  (Gen:  0)
   520928    116992   6381888  0.003  0.000   22.373    3.442    0    0  (Gen:  0)
   520912    123480   6430896  0.003  0.000   22.377    3.443    0    0  (Gen:  0)
   521040    151752   6506568  0.003  0.000   22.381    3.444    0    0  (Gen:  0)
   521152    126216   6558896  0.003  0.000   22.385    3.444    0    0  (Gen:  0)
   521120    138408   6619648  0.003  0.000   22.389    3.445    0    0  (Gen:  0)
   520416    110840   6688880  0.003  0.000   22.392    3.445    0    0  (Gen:  0)
   520320    167544   6777416  0.003  0.000   22.396    3.446    0    0  (Gen:  0)
   520768    139832   6850408  0.003  0.000   22.400    3.446    0    0  (Gen:  0)
   521048    106200   6912888  0.003  0.000   22.403    3.447    0    0  (Gen:  0)
   520720    160400   6995896  0.003  0.000   22.407    3.448    0    0  (Gen:  0)
   521200    150392   7069856  0.003  0.000   22.411    3.448    0    0  (Gen:  0)
   520664    130552   7140624  0.002  0.000   22.414    3.449    0    0  (Gen:  0)
   521176    120528   7212800  0.003  0.000   22.418    3.449    0    0  (Gen:  0)
   521040    162688   7293032  0.003  0.000   22.421    3.450    0    0  (Gen:  0)
   521016    129824   7354552  0.003  0.000   22.425    3.451    0    0  (Gen:  0)
   520976    139528   7409376  0.004  0.000   22.430    3.451    0    0  (Gen:  0)
   520680    172840   7502240  0.003  0.000   22.434    3.452    0    0  (Gen:  0)
   520912    138728   7558456  0.004  0.000   22.438    3.452    0    0  (Gen:  0)
   528992    142576   7627600  0.002  0.000   22.441    3.453    0    0  (Gen:  0)
   524992    122264   7698520  0.003  0.000   22.445    3.454    0    0  (Gen:  0)
   520936    141928   7758048  0.004  0.000   22.449    3.454    0    0  (Gen:  0)
   520256    177440   7855448  0.004  0.000   22.455    3.455    0    0  (Gen:  0)
   520904     99888   7925472  0.003  0.000   22.458    3.456    0    0  (Gen:  0)
   520792    162560   8006144  0.003  0.000   22.461    3.456    0    0  (Gen:  0)
   520560    149480   8081496  0.003  0.000   22.465    3.457    0    0  (Gen:  0)
   521064    114896   8151288  0.003  0.000   22.469    3.457    0    0  (Gen:  0)
   520184    173976   8240080  0.003  0.000   22.473    3.458    0    0  (Gen:  0)
   520616    158552   8320992  0.003  0.000   22.476    3.459    0    0  (Gen:  0)
   520920    132192   8390128  0.003  0.000   22.480    3.459    0    0  (Gen:  0)
   520880    147160   8449272  0.004  0.000   22.485    3.460    0    0  (Gen:  0)
   520712    185120   8550600  0.003  0.000   22.489    3.460    0    0  (Gen:  0)
   520624    130640   8614672  0.003  0.000   22.493    3.461    0    0  (Gen:  0)
   520616    187368   8718216  0.003  0.000   22.498    3.462    0    0  (Gen:  0)
   520864    148576   8805696  0.003  0.000   22.501    3.462    0    0  (Gen:  0)
   521152    139200   8870352  0.003  0.000   22.506    3.463    0    0  (Gen:  0)
   520984    149496   8931168  0.004  0.000   22.511    3.464    0    0  (Gen:  0)
   521256    177928   9022760  0.003  0.000   22.514    3.464    0    0  (Gen:  0)
   520624    143688   9084776  0.004  0.000   22.519    3.465    0    0  (Gen:  0)
   520480    149904   9144296  0.004  0.000   22.524    3.466    0    0  (Gen:  0)
   520936     86960   9226320  0.003  0.000   22.527    3.466    0    0  (Gen:  0)
   521200    166376   9306192  0.003  0.000   22.531    3.467    0    0  (Gen:  0)
   520704    147080   9384104  0.003  0.000   22.535    3.467    0    0  (Gen:  0)
   520432    131400   9462280  0.003  0.000   22.538    3.468    0    0  (Gen:  0)
   521064    186120   9560904  0.003  0.000   22.542    3.469    0    0  (Gen:  0)
   520832    159584   9640576  0.003  0.000   22.546    3.469    0    0  (Gen:  0)
   521216    138328   9715360  0.003  0.000   22.550    3.470    0    0  (Gen:  0)
   521136    101296   9812736  0.002  0.000   22.553    3.471    0    0  (Gen:  0)
   521656    161624   9894536  0.003  0.000   22.557    3.471    0    0  (Gen:  0)
   521024   5310648   6292312  0.017  0.001   22.575    3.473    0    0  (Gen:  1)
   520240    180640   6385088  0.003  0.000   22.578    3.474    0    0  (Gen:  0)
   521448    167672   6467640  0.002  0.000   22.582    3.474    0    0  (Gen:  0)
   520312    142240   6544240  0.003  0.000   22.586    3.475    0    0  (Gen:  0)
   521056    157864   6607568  0.004  0.000   22.591    3.476    0    0  (Gen:  0)
   520952    192888   6709424  0.003  0.000   22.594    3.476    0    0  (Gen:  0)
   520736    157048   6782432  0.003  0.000   22.598    3.477    0    0  (Gen:  0)
   520008    199048   6889680  0.003  0.000   22.603    3.478    0    0  (Gen:  0)
   520136    153448   6988720  0.003  0.000   22.606    3.478    0    0  (Gen:  0)
   520368    149400   7058352  0.003  0.000   22.610    3.479    0    0  (Gen:  0)
   520288    155416   7123408  0.003  0.000   22.615    3.480    0    0  (Gen:  0)
   520568    186960   7219496  0.003  0.000   22.618    3.480    0    0  (Gen:  0)
   520992    153000   7289832  0.004  0.000   22.623    3.481    0    0  (Gen:  0)
   521168    158240   7354816  0.004  0.000   22.628    3.482    0    0  (Gen:  0)
   520488    186336   7450056  0.003  0.000   22.632    3.482    0    0  (Gen:  0)
   520880    153000   7517360  0.004  0.000   22.636    3.483    0    0  (Gen:  0)
   520936    160408   7584712  0.004  0.000   22.642    3.484    0    0  (Gen:  0)
   520840     30304   7608392  0.002  0.000   22.644    3.484    0    0  (Gen:  0)
   520704     63008   7647128  0.002  0.000   22.646    3.484    0    0  (Gen:  0)
   520616     68328   7683152  0.002  0.000   22.648    3.485    0    0  (Gen:  0)
   521240     56592   7710208  0.002  0.000   22.651    3.485    0    0  (Gen:  0)
   520872     71096   7734792  0.002  0.000   22.654    3.486    0    0  (Gen:  0)
   521144     98528   7786584  0.002  0.000   22.656    3.486    0    0  (Gen:  0)
   520976     80792   7818152  0.002  0.000   22.659    3.487    0    0  (Gen:  0)
   521600     95672   7860000  0.002  0.000   22.662    3.487    0    0  (Gen:  0)
   520624     78752   7909088  0.002  0.000   22.664    3.487    0    0  (Gen:  0)
   520768    119432   7967664  0.002  0.000   22.667    3.488    0    0  (Gen:  0)
   520960    113592   8023808  0.002  0.000   22.671    3.488    0    0  (Gen:  0)
   520312     89096   8067296  0.003  0.000   22.674    3.489    0    0  (Gen:  0)
   520624    146840   8153616  0.003  0.000   22.677    3.489    0    0  (Gen:  0)
   521408    122128   8222336  0.002  0.000   22.680    3.490    0    0  (Gen:  0)
   520880    100600   8267504  0.003  0.000   22.683    3.491    0    0  (Gen:  0)
   521320    109368   8307960  0.003  0.000   22.687    3.491    0    0  (Gen:  0)
   520800    139584   8378808  0.003  0.000   22.691    3.492    0    0  (Gen:  0)
   520576    112912   8422152  0.003  0.000   22.694    3.492    0    0  (Gen:  0)
   520904    127496   8479776  0.002  0.000   22.697    3.493    0    0  (Gen:  0)
   521496    105928   8538792  0.002  0.000   22.701    3.493    0    0  (Gen:  0)
   520856    144216   8609624  0.002  0.000   22.704    3.494    0    0  (Gen:  0)
   672656    128320   8673088  0.002  0.000   22.707    3.494    0    0  (Gen:  0)
   520912     98480   8730480  0.002  0.000   22.710    3.495    0    0  (Gen:  0)
   521520    147600   8806184  0.002  0.000   22.713    3.495    0    0  (Gen:  0)
   521112    139840   8876048  0.002  0.000   22.716    3.496    0    0  (Gen:  0)
   520680    115920   8938296  0.002  0.000   22.719    3.496    0    0  (Gen:  0)
   521080    116952   9004472  0.003  0.000   22.722    3.497    0    0  (Gen:  0)
   521224    149056   9076208  0.003  0.000   22.726    3.497    0    0  (Gen:  0)
   521032    118216   9128096  0.003  0.000   22.730    3.498    0    0  (Gen:  0)
   520800    130072   9180856  0.004  0.000   22.734    3.499    0    0  (Gen:  0)
   520400    157360   9264560  0.003  0.000   22.738    3.499    0    0  (Gen:  0)
   520928    130496   9319128  0.003  0.000   22.742    3.500    0    0  (Gen:  0)
   525240    141672   9382432  0.003  0.000   22.745    3.500    0    0  (Gen:  0)
   520984    113328   9452232  0.003  0.000   22.748    3.501    0    0  (Gen:  0)
   521224    171760   9544368  0.003  0.000   22.752    3.502    0    0  (Gen:  0)
   520784    146992   9616456  0.003  0.000   22.756    3.502    0    0  (Gen:  0)
   520536    116384   9685472  0.003  0.000   22.759    3.503    0    0  (Gen:  0)
   521040    160112   9763640  0.003  0.000   22.763    3.503    0    0  (Gen:  0)
   524600    153440   9841856  0.003  0.000   22.767    3.504    0    0  (Gen:  0)
   520856    129536   9908168  0.003  0.000   22.771    3.505    0    0  (Gen:  0)
   520888    108232  10011840  0.002  0.000   22.774    3.505    0    0  (Gen:  0)
   525048    135104  10094240  0.002  0.000   22.777    3.506    0    0  (Gen:  0)
   524624    134792  10156032  0.003  0.000   22.781    3.506    0    0  (Gen:  0)
   528584    139752  10212256  0.003  0.000   22.786    3.507    0    0  (Gen:  0)
   557312    175896  10303016  0.003  0.000   22.789    3.508    0    0  (Gen:  0)
   520496    133864  10364304  0.003  0.000   22.794    3.508    0    0  (Gen:  0)
   520576    173808  10454768  0.002  0.000   22.796    3.509    0    0  (Gen:  0)
   520792    159264  10536760  0.003  0.000   22.800    3.509    0    0  (Gen:  0)
   520776    136440  10595488  0.004  0.000   22.804    3.510    0    0  (Gen:  0)
   520952    147248  10659304  0.004  0.000   22.809    3.511    0    0  (Gen:  0)
   521168     98632  10736136  0.003  0.000   22.812    3.511    0    0  (Gen:  0)
   520544    167504  10818496  0.002  0.000   22.816    3.512    0    0  (Gen:  0)
   520512    164504  10910224  0.003  0.000   22.819    3.512    0    0  (Gen:  0)
   520808    140704  10983880  0.003  0.000   22.823    3.513    0    0  (Gen:  0)
   521048    170088  11066232  0.003  0.000   22.827    3.514    0    0  (Gen:  0)
   520392    151256  11142792  0.003  0.000   22.830    3.514    0    0  (Gen:  0)
   520768    131296  11213936  0.003  0.000   22.834    3.515    0    0  (Gen:  0)
   520808    174176  11302544  0.003  0.000   22.838    3.515    0    0  (Gen:  0)
   520704    163712  11384328  0.003  0.000   22.842    3.516    0    0  (Gen:  0)
   521336    125464  11450744  0.003  0.000   22.845    3.517    0    0  (Gen:  0)
   520640    148248  11512352  0.004  0.000   22.850    3.517    0    0  (Gen:  0)
   521128    178088  11605200  0.003  0.000   22.854    3.518    0    0  (Gen:  0)
   521008    140448  11670432  0.003  0.000   22.858    3.519    0    0  (Gen:  0)
   520560    148000  11729416  0.004  0.000   22.863    3.519    0    0  (Gen:  0)
   521040    180672  11822928  0.003  0.000   22.867    3.520    0    0  (Gen:  0)
   520624    139600  11887712  0.004  0.000   22.871    3.521    0    0  (Gen:  0)
   521016    147952  11947352  0.004  0.000   22.876    3.521    0    0  (Gen:  0)
   520552    175072  12036560  0.003  0.000   22.880    3.522    0    0  (Gen:  0)
   520760    147584  12101048  0.004  0.000   22.884    3.523    0    0  (Gen:  0)
   520424    190448  12202584  0.005  0.000   22.890    3.523    0    0  (Gen:  0)
   520576     89104  12285192  0.003  0.000   22.893    3.524    0    0  (Gen:  0)
   521360    182496  12379136  0.003  0.000   22.897    3.525    0    0  (Gen:  0)
   520872   5293176   6274832  0.018  0.001   22.916    3.527    0    0  (Gen:  1)
   520480    156584   6338720  0.004  0.000   22.921    3.527    0    0  (Gen:  0)
   521448    184024   6431752  0.003  0.000   22.925    3.528    0    0  (Gen:  0)
   521048    152512   6510824  0.002  0.000   22.928    3.529    0    0  (Gen:  0)
   520832    138664   6591136  0.004  0.000   22.933    3.529    0    0  (Gen:  0)
   520592    181480   6678760  0.003  0.000   22.936    3.530    0    0  (Gen:  0)
   520656    163720   6763040  0.003  0.000   22.941    3.531    0    0  (Gen:  0)
   521240    124744   6838704  0.003  0.000   22.944    3.531    0    0  (Gen:  0)
   520952     99728   6934400  0.003  0.000   22.948    3.532    0    0  (Gen:  0)
   520392    168040   7021920  0.003  0.000   22.951    3.533    0    0  (Gen:  0)
   520528    137304   7095840  0.003  0.000   22.956    3.533    0    0  (Gen:  0)
   520320    154912   7158928  0.004  0.000   22.961    3.534    0    0  (Gen:  0)
   520760    187888   7257256  0.003  0.000   22.965    3.535    0    0  (Gen:  0)
   520496    139096   7329848  0.003  0.000   22.969    3.535    0    0  (Gen:  0)
   521104    159088   7395760  0.004  0.000   22.974    3.536    0    0  (Gen:  0)
   520192    192472   7497736  0.003  0.000   22.978    3.537    0    0  (Gen:  0)
   521024    148808   7569704  0.004  0.000   22.983    3.537    0    0  (Gen:  0)
   520592    159096   7634160  0.004  0.000   22.988    3.538    0    0  (Gen:  0)
   521112    135112   7678080  0.003  0.000   22.992    3.538    0    0  (Gen:  0)
   520584     43856   7698008  0.002  0.000   22.994    3.539    0    0  (Gen:  0)
   520736     83976   7750664  0.002  0.000   22.997    3.539    0    0  (Gen:  0)
   521128     68760   7781328  0.002  0.000   22.999    3.540    0    0  (Gen:  0)
   520768     96376   7833736  0.002  0.000   23.002    3.540    0    0  (Gen:  0)
   521232     93960   7880328  0.002  0.000   23.005    3.541    0    0  (Gen:  0)
   520992     76560   7914576  0.033  0.003   23.039    3.544    0    0  (Gen:  0)
   521232    121848   7983952  0.002  0.000   23.042    3.544    0    0  (Gen:  0)
   521104    108696   8043200  0.002  0.000   23.044    3.545    0    0  (Gen:  0)
   520832     92504   8077304  0.003  0.000   23.048    3.545    0    0  (Gen:  0)
   521072    139768   8155576  0.003  0.000   23.052    3.546    0    0  (Gen:  0)
   520392     82784   8205248  0.002  0.000   23.055    3.547    0    0  (Gen:  0)
   520688    136440   8279160  0.002  0.000   23.058    3.547    0    0  (Gen:  0)
   520800    134576   8354136  0.003  0.000   23.062    3.548    0    0  (Gen:  0)
   521088     94216   8402352  0.003  0.000   23.065    3.548    0    0  (Gen:  0)
   521208    109264   8443160  0.003  0.000   23.069    3.549    0    0  (Gen:  0)
   520784    144552   8519448  0.003  0.000   23.073    3.549    0    0  (Gen:  0)
   521024    111288   8565248  0.003  0.000   23.076    3.550    0    0  (Gen:  0)
   520672    115056   8608184  0.003  0.000   23.081    3.551    0    0  (Gen:  0)
   521416    142528   8681096  0.003  0.000   23.084    3.551    0    0  (Gen:  0)
   520784    118432   8727968  0.003  0.000   23.088    3.552    0    0  (Gen:  0)
   520776    152312   8809872  0.004  0.000   23.093    3.552    0    0  (Gen:  0)
   520688     90960   8869944  0.003  0.000   23.096    3.553    0    0  (Gen:  0)
   521104    153488   8951336  0.003  0.000   23.099    3.553    0    0  (Gen:  0)
   520712    133648   9019824  0.002  0.000   23.102    3.554    0    0  (Gen:  0)
   520816    111728   9077728  0.003  0.000   23.106    3.555    0    0  (Gen:  0)
   520792    123792   9125112  0.003  0.000   23.110    3.555    0    0  (Gen:  0)
   520632    162984   9211784  0.003  0.000   23.114    3.556    0    0  (Gen:  0)
   521024    125304   9265832  0.003  0.000   23.118    3.556    0    0  (Gen:  0)
   521208    166104   9355800  0.003  0.000   23.122    3.557    0    0  (Gen:  0)
   520928    135728   9435936  0.003  0.000   23.125    3.558    0    0  (Gen:  0)
   520040    125464   9492568  0.003  0.000   23.129    3.558    0    0  (Gen:  0)
   520600    149072   9562104  0.003  0.000   23.134    3.559    0    0  (Gen:  0)
   521168    147784   9641832  0.003  0.000   23.138    3.559    0    0  (Gen:  0)
   520712    133384   9695344  0.004  0.000   23.143    3.560    0    0  (Gen:  0)
   521184    170920   9785656  0.003  0.000   23.148    3.561    0    0  (Gen:  0)
   520720    112104   9857944  0.003  0.000   23.152    3.562    0    0  (Gen:  0)
   520960    174128   9949872  0.003  0.000   23.157    3.562    0    0  (Gen:  0)
   521048    143184  10027224  0.003  0.000   23.162    3.563    0    0  (Gen:  0)
   520984    111928  10092760  0.003  0.000   23.166    3.564    0    0  (Gen:  0)
   520968    162840  10173632  0.003  0.000   23.171    3.564    0    0  (Gen:  0)
   520816    151480  10248360  0.003  0.000   23.175    3.565    0    0  (Gen:  0)
   521160    125296  10312736  0.004  0.000   23.180    3.566    0    0  (Gen:  0)
   520832    141128  10368960  0.004  0.000   23.185    3.567    0    0  (Gen:  0)
   549568    174736  10458064  0.003  0.000   23.189    3.567    0    0  (Gen:  0)
   520504    137496  10522768  0.004  0.000   23.193    3.568    0    0  (Gen:  0)
   520256    180104  10619696  0.003  0.000   23.198    3.569    0    0  (Gen:  0)
   520304    150736  10702008  0.003  0.000   23.203    3.569    0    0  (Gen:  0)
   521112    138688  10762736  0.003  0.000   23.208    3.570    0    0  (Gen:  0)
   520776    140840  10819536  0.004  0.000   23.214    3.571    0    0  (Gen:  0)
   520416    166304  10904456  0.003  0.000   23.218    3.572    0    0  (Gen:  0)
   520872    140208  10963808  0.004  0.000   23.223    3.572    0    0  (Gen:  0)
   520592    152384  11031344  0.003  0.000   23.227    3.573    0    0  (Gen:  0)
   520832    120256  11108928  0.003  0.000   23.232    3.574    0    0  (Gen:  0)
   520616    168864  11191328  0.003  0.000   23.236    3.574    0    0  (Gen:  0)
   520784    148888  11266624  0.004  0.000   23.240    3.575    0    0  (Gen:  0)
   520576    109304  11340136  0.004  0.000   23.253    3.577    0    0  (Gen:  0)
   520880    178184  11432040  0.004  0.000   23.263    3.578    0    0  (Gen:  0)
   520808    161344  11513920  0.018  0.002   23.289    3.580    0    0  (Gen:  0)
   521056    121856  11581056  0.003  0.000   23.306    3.582    0    0  (Gen:  0)
   520824    168440  11665288  0.004  0.000   23.314    3.583    0    0  (Gen:  0)
   521120    163136  11747712  0.003  0.000   23.326    3.584    0    0  (Gen:  0)
   521080    137944  11815976  0.004  0.000   23.335    3.586    0    0  (Gen:  0)
   520456    148216  11874912  0.019  0.002   23.362    3.588    0    0  (Gen:  0)
   521184    177936  11964520  0.009  0.001   23.374    3.590    0    0  (Gen:  0)
   520624    141224  12031712  0.003  0.000   23.383    3.591    0    0  (Gen:  0)
   521128    149384  12092192  0.004  0.000   23.388    3.591    0    0  (Gen:  0)
   524680    183232  12188936  0.003  0.000   23.392    3.592    0    0  (Gen:  0)
   520992    145120  12252104  0.003  0.000   23.396    3.593    0    0  (Gen:  0)
   520696    187024  12350608  0.003  0.000   23.400    3.593    0    0  (Gen:  0)
   520672   5254472   6236104  0.018  0.001   23.419    3.595    0    0  (Gen:  1)
   521040    154352   6301368  0.004  0.000   23.424    3.596    0    0  (Gen:  0)
   520968    185328   6399200  0.003  0.000   23.429    3.597    0    0  (Gen:  0)
   520496     89352   6483568  0.002  0.000   23.432    3.597    0    0  (Gen:  0)
   521376    185720   6581744  0.003  0.000   23.436    3.598    0    0  (Gen:  0)
   521176    141448   6658352  0.003  0.000   23.439    3.599    0    0  (Gen:  0)
   520672    111544   6741048  0.003  0.000   23.443    3.599    0    0  (Gen:  0)
   520760    181144   6828232  0.002  0.000   23.446    3.600    0    0  (Gen:  0)
   569744    141880   6900328  0.004  0.000   23.450    3.601    0    0  (Gen:  0)
   566208     33656   6915984  0.002  0.000   23.453    3.601    0    0  (Gen:  0)
   536800     64808   6955448  0.001  0.000   23.455    3.601    0    0  (Gen:  0)
   536824     71736   6993272  0.001  0.000   23.457    3.602    0    0  (Gen:  0)
   520432     61920   7019320  0.002  0.000   23.459    3.602    0    0  (Gen:  0)
   520864     71848   7044384  0.002  0.000   23.463    3.603    0    0  (Gen:  0)
   537664    103568   7100880  0.002  0.000   23.465    3.603    0    0  (Gen:  0)
   521072     81472   7131136  0.002  0.000   23.468    3.604    0    0  (Gen:  0)
   521016     99928   7176016  0.002  0.000   23.470    3.604    0    0  (Gen:  0)
   520856     84656   7223240  0.002  0.000   23.473    3.604    0    0  (Gen:  0)
   520592    120216   7282352  0.002  0.000   23.476    3.605    0    0  (Gen:  0)
   536952    114840   7342360  0.002  0.000   23.479    3.605    0    0  (Gen:  0)
   521280     93808   7384160  0.003  0.000   23.482    3.606    0    0  (Gen:  0)
   520912     88184   7468272  0.002  0.000   23.485    3.606    0    0  (Gen:  0)
   520960    106584   7536936  0.002  0.000   23.488    3.607    0    0  (Gen:  0)
   521160    116608   7593344  0.002  0.000   23.491    3.608    0    0  (Gen:  0)
   521112    117936   7660704  0.003  0.000   23.495    3.608    0    0  (Gen:  0)
   520936     70048   7726712  0.002  0.000   23.498    3.609    0    0  (Gen:  0)
   520888    129696   7786824  0.002  0.000   23.501    3.609    0    0  (Gen:  0)
   521248    135448   7863688  0.003  0.000   23.504    3.610    0    0  (Gen:  0)
   520624    105648   7922448  0.002  0.000   23.507    3.610    0    0  (Gen:  0)
   520896    142200   7991728  0.002  0.000   23.511    3.611    0    0  (Gen:  0)
   537504    134968   8059608  0.002  0.000   23.514    3.611    0    0  (Gen:  0)
   520448    112840   8115192  0.003  0.000   23.517    3.612    0    0  (Gen:  0)
   520728    164728   8208368  0.003  0.000   23.521    3.612    0    0  (Gen:  0)
   520912    125216   8282896  0.002  0.000   23.524    3.613    0    0  (Gen:  0)
   521040    114744   8337560  0.003  0.000   23.527    3.613    0    0  (Gen:  0)
   520664    123664   8386088  0.004  0.000   23.532    3.614    0    0  (Gen:  0)
   520840    157376   8468256  0.003  0.000   23.535    3.615    0    0  (Gen:  0)
   520960    119672   8521376  0.003  0.000   23.539    3.615    0    0  (Gen:  0)
   521112    132704   8576736  0.003  0.000   23.543    3.616    0    0  (Gen:  0)
   520976     79216   8648880  0.002  0.000   23.546    3.616    0    0  (Gen:  0)
   521136    166752   8737712  0.003  0.000   23.549    3.617    0    0  (Gen:  0)
   521360    131432   8808000  0.003  0.000   23.553    3.617    0    0  (Gen:  0)
   521256    106448   8874624  0.003  0.000   23.556    3.618    0    0  (Gen:  0)
   520528    166896   8963424  0.003  0.000   23.559    3.619    0    0  (Gen:  0)
   520656    146808   9036544  0.002  0.000   23.562    3.619    0    0  (Gen:  0)
   520152    125120   9102504  0.003  0.000   23.567    3.620    0    0  (Gen:  0)
   521736    160856   9183504  0.003  0.000   23.570    3.620    0    0  (Gen:  0)
   520656    156560   9261560  0.002  0.000   23.574    3.621    0    0  (Gen:  0)
   520904    128048   9326152  0.003  0.000   23.577    3.622    0    0  (Gen:  0)
   520896    139864   9381792  0.003  0.000   23.582    3.622    0    0  (Gen:  0)
   520352    168656   9468808  0.002  0.000   23.585    3.623    0    0  (Gen:  0)
   521104    140040   9538056  0.003  0.000   23.589    3.623    0    0  (Gen:  0)
   521248    122840   9610008  0.002  0.000   23.592    3.624    0    0  (Gen:  0)
   538088    168224   9692720  0.003  0.000   23.595    3.625    0    0  (Gen:  0)
   521480    134352   9753744  0.003  0.000   23.599    3.625    0    0  (Gen:  0)
   520848    177072   9848888  0.003  0.000   23.603    3.626    0    0  (Gen:  0)
   519912    150088   9931832  0.003  0.000   23.607    3.626    0    0  (Gen:  0)
   521128    140016   9991280  0.003  0.000   23.611    3.627    0    0  (Gen:  0)
   520720    168384  10075024  0.003  0.000   23.615    3.628    0    0  (Gen:  0)
   521096    120888  10150264  0.003  0.000   23.618    3.628    0    0  (Gen:  0)
   520232    180776  10245680  0.003  0.000   23.622    3.629    0    0  (Gen:  0)
   520392    150576  10322160  0.003  0.000   23.626    3.629    0    0  (Gen:  0)
   520824    111776  10395224  0.003  0.000   23.630    3.630    0    0  (Gen:  0)
   521024    170056  10477680  0.003  0.000   23.633    3.631    0    0  (Gen:  0)
   521152    158672  10556384  0.003  0.000   23.637    3.631    0    0  (Gen:  0)
   520232    120136  10624480  0.003  0.000   23.641    3.632    0    0  (Gen:  0)
   521008    170536  10709640  0.003  0.000   23.645    3.632    0    0  (Gen:  0)
   521016    162736  10790224  0.003  0.000   23.648    3.633    0    0  (Gen:  0)
   520944    133304  10856760  0.003  0.000   23.652    3.634    0    0  (Gen:  0)
   521096    148592  10918920  0.004  0.000   23.657    3.634    0    0  (Gen:  0)
   520544    184328  11018192  0.003  0.000   23.661    3.635    0    0  (Gen:  0)
   520696    135736  11083360  0.004  0.000   23.665    3.636    0    0  (Gen:  0)
   521224    147712  11141376  0.004  0.000   23.670    3.636    0    0  (Gen:  0)
   520896    181040  11235736  0.003  0.000   23.674    3.637    0    0  (Gen:  0)
   521016    141920  11300608  0.003  0.000   23.678    3.638    0    0  (Gen:  0)
   520464    148688  11360752  0.003  0.000   23.682    3.638    0    0  (Gen:  0)
   520840    179352  11454880  0.003  0.000   23.687    3.639    0    0  (Gen:  0)
   521056    148096  11517784  0.005  0.000   23.692    3.640    0    0  (Gen:  0)
   521296    191512  11621304  0.004  0.000   23.697    3.640    0    0  (Gen:  0)
   521104    117304  11705304  0.003  0.000   23.700    3.641    0    0  (Gen:  0)
   520632    151688  11769560  0.004  0.000   23.705    3.642    0    0  (Gen:  0)
   520720    181248  11862496  0.003  0.000   23.709    3.642    0    0  (Gen:  0)
   520688    130376  11943112  0.003  0.000   23.713    3.643    0    0  (Gen:  0)
   520488    187800  12041960  0.003  0.000   23.716    3.644    0    0  (Gen:  0)
   520960    147888  12120120  0.003  0.000   23.720    3.644    0    0  (Gen:  0)
   520832    119088  12201160  0.003  0.000   23.724    3.645    0    0  (Gen:  0)
   521464    195136  12303248  0.003  0.000   23.728    3.646    0    0  (Gen:  0)
   520696   3997672   4979440  0.014  0.001   23.742    3.647    0    0  (Gen:  1)
   521200     36488   4999784  0.002  0.000   23.745    3.648    0    0  (Gen:  0)
   520072     60488   5055592  0.002  0.000   23.748    3.648    0    0  (Gen:  0)
   520192     74696   5102928  0.002  0.000   23.750    3.648    0    0  (Gen:  0)
   520384     63576   5128880  0.002  0.000   23.753    3.649    0    0  (Gen:  0)
   521072     80176   5160280  0.002  0.000   23.755    3.649    0    0  (Gen:  0)
   521520     75264   5205528  0.002  0.000   23.758    3.650    0    0  (Gen:  0)
   520872    121216   5273872  0.002  0.000   23.761    3.650    0    0  (Gen:  0)
   520504    102488   5324672  0.002  0.000   23.764    3.651    0    0  (Gen:  0)
   520712     81448   5369568  0.002  0.000   23.766    3.651    0    0  (Gen:  0)
   520512     95864   5404440  0.003  0.000   23.770    3.652    0    0  (Gen:  0)
   520856    136840   5481048  0.002  0.000   23.773    3.652    0    0  (Gen:  0)
   520976     98048   5519184  0.002  0.000   23.776    3.653    0    0  (Gen:  0)
   521040    136088   5593640  0.002  0.000   23.780    3.653    0    0  (Gen:  0)
   520808    120288   5661024  0.003  0.000   23.783    3.654    0    0  (Gen:  0)
   521136    105896   5702736  0.003  0.000   23.786    3.654    0    0  (Gen:  0)
   521000    140552   5775128  0.003  0.000   23.790    3.655    0    0  (Gen:  0)
   521200     98464   5833568  0.002  0.000   23.792    3.655    0    0  (Gen:  0)
   520984    145904   5911624  0.002  0.000   23.795    3.656    0    0  (Gen:  0)
   521168    125128   5976392  0.002  0.000   23.798    3.656    0    0  (Gen:  0)
   520360    102200   6032760  0.003  0.000   23.802    3.657    0    0  (Gen:  0)
   521224     72936   6098704  0.002  0.000   23.805    3.657    0    0  (Gen:  0)
   660624    155696   6182768  0.003  0.000   23.808    3.658    0    0  (Gen:  0)
   520656    113344   6234640  0.003  0.000   23.811    3.659    0    0  (Gen:  0)
   521304    159176   6320280  0.002  0.000   23.815    3.659    0    0  (Gen:  0)
   520664    139744   6395056  0.002  0.000   23.819    3.660    0    0  (Gen:  0)
   521008    118640   6446040  0.003  0.000   23.823    3.660    0    0  (Gen:  0)
   520824    123080   6495344  0.003  0.000   23.827    3.661    0    0  (Gen:  0)
   520520    154576   6574176  0.003  0.000   23.831    3.662    0    0  (Gen:  0)
   520992    122680   6626032  0.004  0.000   23.835    3.662    0    0  (Gen:  0)
   520448    137368   6685976  0.003  0.000   23.839    3.663    0    0  (Gen:  0)
   520528    108072   6755528  0.003  0.000   23.843    3.664    0    0  (Gen:  0)
   521208    155144   6831312  0.003  0.000   23.847    3.664    0    0  (Gen:  0)
   525344    141680   6904664  0.002  0.000   23.851    3.665    0    0  (Gen:  0)
   521056    106624   6967480  0.003  0.000   23.856    3.666    0    0  (Gen:  0)
   520344     89448   7053016  0.002  0.000   23.860    3.666    0    0  (Gen:  0)
   520720    145528   7128360  0.002  0.000   23.864    3.667    0    0  (Gen:  0)
   519976    124176   7193400  0.003  0.000   23.868    3.667    0    0  (Gen:  0)
   521768    137432   7248000  0.003  0.000   23.872    3.668    0    0  (Gen:  0)
   525320    174120   7340888  0.003  0.000   23.876    3.669    0    0  (Gen:  0)
   520928    128544   7403696  0.004  0.000   23.880    3.669    0    0  (Gen:  0)
   520832    101496   7500816  0.003  0.000   23.884    3.670    0    0  (Gen:  0)
   525272    143408   7583624  0.003  0.000   23.888    3.671    0    0  (Gen:  0)
   524848    134400   7641624  0.003  0.000   23.893    3.671    0    0  (Gen:  0)
   533504    139144   7702448  0.003  0.000   23.898    3.672    0    0  (Gen:  0)
   545432    166048   7781792  0.003  0.000   23.903    3.673    0    0  (Gen:  0)
   520808    138856   7842536  0.004  0.000   23.908    3.674    0    0  (Gen:  0)
   520984    175720   7937616  0.004  0.000   23.914    3.674    0    0  (Gen:  0)
   520944     86072   8011312  0.003  0.000   23.918    3.675    0    0  (Gen:  0)
   521080    160600   8089904  0.003  0.000   23.922    3.676    0    0  (Gen:  0)
   521056    142560   8163360  0.003  0.000   23.926    3.676    0    0  (Gen:  0)
   521296    112864   8235648  0.003  0.000   23.930    3.677    0    0  (Gen:  0)
   520208    180760   8331696  0.003  0.000   23.934    3.678    0    0  (Gen:  0)
   520304    157560   8409360  0.003  0.000   23.939    3.679    0    0  (Gen:  0)
   521024    117128   8480368  0.003  0.000   23.944    3.679    0    0  (Gen:  0)
   521024    169848   8563832  0.003  0.000   23.948    3.680    0    0  (Gen:  0)
   521200    157400   8643016  0.003  0.000   23.952    3.681    0    0  (Gen:  0)
   520688    130640   8711072  0.003  0.000   23.957    3.681    0    0  (Gen:  0)
   520784    194744   8819976  0.004  0.000   23.961    3.682    0    0  (Gen:  0)
   521280    155120   8915432  0.003  0.000   23.965    3.683    0    0  (Gen:  0)
   520624    139400   8981696  0.004  0.000   23.970    3.683    0    0  (Gen:  0)
   521056    147640   9041856  0.004  0.000   23.974    3.684    0    0  (Gen:  0)
   521128    180872   9136784  0.003  0.000   23.979    3.685    0    0  (Gen:  0)
   521264    144648   9200704  0.004  0.000   23.984    3.686    0    0  (Gen:  0)
   520416    146840   9259312  0.004  0.000   23.989    3.686    0    0  (Gen:  0)
   521144    181632   9354776  0.003  0.000   23.994    3.687    0    0  (Gen:  0)
   520672    150120   9419976  0.004  0.000   24.000    3.688    0    0  (Gen:  0)
   520776    167704   9499512  0.003  0.000   24.004    3.689    0    0  (Gen:  0)
   521264    165640   9591704  0.003  0.000   24.008    3.689    0    0  (Gen:  0)
   520856    149160   9653872  0.004  0.000   24.013    3.690    0    0  (Gen:  0)
   520592    190792   9755288  0.004  0.000   24.017    3.691    0    0  (Gen:  0)
   521464    121704   9833736  0.003  0.000   24.021    3.691    0    0  (Gen:  0)
   520552    172360   9918384  0.003  0.000   24.026    3.692    0    0  (Gen:  0)
   520680   5293088   6274736  0.016  0.001   24.043    3.694    0    0  (Gen:  1)
   520904    156464   6339528  0.004  0.000   24.049    3.695    0    0  (Gen:  0)
   520648    187416   6437312  0.003  0.000   24.054    3.696    0    0  (Gen:  0)
   520944    160872   6516984  0.003  0.000   24.058    3.696    0    0  (Gen:  0)
   520432    141544   6596944  0.003  0.000   24.062    3.697    0    0  (Gen:  0)
   520856    181960   6684384  0.003  0.000   24.067    3.698    0    0  (Gen:  0)
   520528    142288   6745416  0.003  0.000   24.071    3.699    0    0  (Gen:  0)
   520920     37128   6765240  0.002  0.000   24.073    3.699    0    0  (Gen:  0)
   520936     78456   6815416  0.002  0.000   24.076    3.699    0    0  (Gen:  0)
   520392     76136   6856088  0.002  0.000   24.079    3.700    0    0  (Gen:  0)
   521112     64472   6882672  0.002  0.000   24.083    3.700    0    0  (Gen:  0)
   520488     84048   6917648  0.002  0.000   24.086    3.701    0    0  (Gen:  0)
   521064     62528   6959920  0.002  0.000   24.090    3.702    0    0  (Gen:  0)
   520880     68456   7024376  0.002  0.000   24.093    3.702    0    0  (Gen:  0)
   520968    101088   7076344  0.002  0.000   24.097    3.703    0    0  (Gen:  0)
   521016     86856   7119520  0.002  0.000   24.100    3.703    0    0  (Gen:  0)
   520904     96168   7154736  0.003  0.000   24.104    3.704    0    0  (Gen:  0)
   521336    135488   7231160  0.002  0.000   24.108    3.704    0    0  (Gen:  0)
   520976     95136   7269920  0.003  0.000   24.112    3.705    0    0  (Gen:  0)
   521216    145248   7352704  0.004  0.000   24.117    3.706    0    0  (Gen:  0)
   520656     67368   7414072  0.002  0.000   24.120    3.706    0    0  (Gen:  0)
   521208    139592   7486848  0.003  0.000   24.123    3.707    0    0  (Gen:  0)
   520592    133752   7561952  0.003  0.000   24.127    3.707    0    0  (Gen:  0)
   520984    105088   7617600  0.002  0.000   24.130    3.708    0    0  (Gen:  0)
   520552    144696   7693488  0.003  0.000   24.134    3.708    0    0  (Gen:  0)
   520856    132080   7758640  0.002  0.000   24.138    3.709    0    0  (Gen:  0)
   520936    102744   7813280  0.003  0.000   24.142    3.710    0    0  (Gen:  0)
   521176    119008   7857632  0.003  0.000   24.147    3.710    0    0  (Gen:  0)
   521040    152368   7937248  0.003  0.000   24.150    3.711    0    0  (Gen:  0)
   521232    114328   7986056  0.003  0.000   24.154    3.712    0    0  (Gen:  0)
   520880    153328   8067800  0.003  0.000   24.158    3.712    0    0  (Gen:  0)
   520616    131992   8141536  0.003  0.000   24.162    3.713    0    0  (Gen:  0)
   521536    118184   8189672  0.004  0.000   24.166    3.713    0    0  (Gen:  0)
   521304    132312   8247304  0.003  0.000   24.170    3.714    0    0  (Gen:  0)
   520408    119384   8311056  0.003  0.000   24.174    3.715    0    0  (Gen:  0)
   521128     94672   8401560  0.002  0.000   24.177    3.715    0    0  (Gen:  0)
   520920    130056   8468960  0.002  0.000   24.181    3.716    0    0  (Gen:  0)
   521272    115560   8535280  0.003  0.000   24.185    3.716    0    0  (Gen:  0)
   521072    161776   8617872  0.003  0.000   24.189    3.717    0    0  (Gen:  0)
   521376    150344   8693696  0.003  0.000   24.193    3.718    0    0  (Gen:  0)
   520856    118368   8752624  0.003  0.000   24.197    3.718    0    0  (Gen:  0)
   520400    171816   8847112  0.003  0.000   24.202    3.719    0    0  (Gen:  0)
   520904    141320   8928776  0.003  0.000   24.205    3.720    0    0  (Gen:  0)
   520384    126448   8992592  0.004  0.000   24.210    3.720    0    0  (Gen:  0)
   521616    137688   9046368  0.004  0.000   24.214    3.721    0    0  (Gen:  0)
   520784    173312   9136560  0.003  0.000   24.218    3.722    0    0  (Gen:  0)
   520736    129976   9196104  0.004  0.000   24.223    3.722    0    0  (Gen:  0)
   520864    138904   9250120  0.004  0.000   24.228    3.723    0    0  (Gen:  0)
   520536    162120   9332312  0.003  0.000   24.232    3.724    0    0  (Gen:  0)
   521240    135096   9386720  0.004  0.000   24.237    3.724    0    0  (Gen:  0)
   673304    158936   9466248  0.004  0.000   24.242    3.725    0    0  (Gen:  0)
   521592     83400   9544656  0.002  0.000   24.247    3.726    0    0  (Gen:  0)
   520608    140496   9603232  0.004  0.000   24.251    3.727    0    0  (Gen:  0)
   521280    167712   9689624  0.003  0.000   24.255    3.727    0    0  (Gen:  0)
   521056    129912   9760608  0.003  0.000   24.259    3.728    0    0  (Gen:  0)
   521160    162936   9841120  0.003  0.000   24.263    3.729    0    0  (Gen:  0)
   521216    146680   9915592  0.003  0.000   24.267    3.729    0    0  (Gen:  0)
   521264    114864   9986400  0.003  0.000   24.271    3.730    0    0  (Gen:  0)
   519912    176544  10077616  0.003  0.000   24.275    3.731    0    0  (Gen:  0)
   520472    159472  10156672  0.003  0.000   24.280    3.731    0    0  (Gen:  0)
   520920    137312  10227272  0.003  0.000   24.284    3.732    0    0  (Gen:  0)
   520968    147928  10286816  0.004  0.000   24.289    3.733    0    0  (Gen:  0)
   521432    180784  10383256  0.003  0.000   24.293    3.733    0    0  (Gen:  0)
   520520    137224  10447936  0.003  0.000   24.297    3.734    0    0  (Gen:  0)
   520720    185088  10548432  0.003  0.000   24.301    3.735    0    0  (Gen:  0)
   521432    148384  10634032  0.003  0.000   24.305    3.735    0    0  (Gen:  0)
   520648    136000  10700520  0.004  0.000   24.310    3.736    0    0  (Gen:  0)
   520944    149368  10760984  0.004  0.000   24.315    3.737    0    0  (Gen:  0)
   521184    172600  10848072  0.003  0.000   24.319    3.737    0    0  (Gen:  0)
   521104    141216  10910376  0.004  0.000   24.324    3.738    0    0  (Gen:  0)
   520584    147984  10967632  0.004  0.000   24.329    3.739    0    0  (Gen:  0)
   521032    173880  11054696  0.003  0.000   24.333    3.740    0    0  (Gen:  0)
   520688    163384  11133048  0.003  0.000   24.338    3.740    0    0  (Gen:  0)
   566152    137176  11210264  0.003  0.000   24.342    3.741    0    0  (Gen:  0)
   520904    146376  11291888  0.003  0.000   24.346    3.742    0    0  (Gen:  0)
   519944    187824  11392032  0.003  0.000   24.350    3.742    0    0  (Gen:  0)
   521040    147504  11469616  0.003  0.000   24.354    3.743    0    0  (Gen:  0)
   520480    143440  11546592  0.003  0.000   24.358    3.744    0    0  (Gen:  0)
   521032    174248  11632104  0.003  0.000   24.363    3.744    0    0  (Gen:  0)
   520992    156040  11715128  0.003  0.000   24.367    3.745    0    0  (Gen:  0)
   521136    135056  11790080  0.003  0.000   24.372    3.746    0    0  (Gen:  0)
   520824    182712  11882856  0.003  0.000   24.376    3.746    0    0  (Gen:  0)
   520688    165144  11962968  0.003  0.000   24.381    3.747    0    0  (Gen:  0)
   520824    134104  12040824  0.003  0.000   24.385    3.748    0    0  (Gen:  0)
   520616    188304  12136904  0.004  0.000   24.390    3.749    0    0  (Gen:  0)
   520912    140712  12192304  0.004  0.000   24.394    3.749    0    0  (Gen:  0)
   520680     39008  12212264  0.002  0.000   24.397    3.750    0    0  (Gen:  0)
   520784     79200  12262480  0.002  0.000   24.400    3.750    0    0  (Gen:  0)
   520648   4060496   5046208  0.013  0.001   24.414    3.752    0    0  (Gen:  1)
   520264     98200   5103840  0.002  0.000   24.418    3.752    0    0  (Gen:  0)
   521448     80944   5144888  0.002  0.000   24.420    3.753    0    0  (Gen:  0)
   521408     71640   5183976  0.003  0.000   24.424    3.753    0    0  (Gen:  0)
   520776    107344   5236936  0.002  0.000   24.427    3.754    0    0  (Gen:  0)
   520424    107056   5291136  0.002  0.000   24.430    3.754    0    0  (Gen:  0)
   520608     89480   5332984  0.003  0.000   24.433    3.755    0    0  (Gen:  0)
   520656     96624   5367928  0.003  0.000   24.437    3.756    0    0  (Gen:  0)
   520824    132304   5441776  0.003  0.000   24.441    3.756    0    0  (Gen:  0)
   521200     98040   5479176  0.003  0.000   24.444    3.757    0    0  (Gen:  0)
   520760    143032   5558408  0.003  0.000   24.448    3.757    0    0  (Gen:  0)
   520912     95304   5614464  0.003  0.000   24.452    3.758    0    0  (Gen:  0)
   521296    128544   5675864  0.003  0.000   24.455    3.758    0    0  (Gen:  0)
   520864    122320   5738976  0.002  0.000   24.458    3.759    0    0  (Gen:  0)
   521104     97360   5791312  0.003  0.000   24.462    3.760    0    0  (Gen:  0)
   521016     76208   5863624  0.002  0.000   24.466    3.760    0    0  (Gen:  0)
   521320    133064   5929552  0.002  0.000   24.470    3.761    0    0  (Gen:  0)
   520296    108944   5982664  0.003  0.000   24.474    3.761    0    0  (Gen:  0)
   521128    117512   6025904  0.003  0.000   24.479    3.762    0    0  (Gen:  0)
   701608    139664   6093248  0.002  0.000   24.483    3.763    0    0  (Gen:  0)
   521040    111264   6143872  0.003  0.000   24.487    3.763    0    0  (Gen:  0)
   521072    157680   6229712  0.003  0.000   24.491    3.764    0    0  (Gen:  0)
   520672    141712   6304160  0.003  0.000   24.494    3.765    0    0  (Gen:  0)
   521272    119936   6352112  0.003  0.000   24.499    3.765    0    0  (Gen:  0)
   520784    130496   6408208  0.002  0.000   24.503    3.766    0    0  (Gen:  0)
   520752    117536   6473152  0.002  0.000   24.507    3.767    0    0  (Gen:  0)
   521064    165416   6564960  0.002  0.000   24.511    3.767    0    0  (Gen:  0)
   521016    146800   6648984  0.003  0.000   24.515    3.768    0    0  (Gen:  0)
   520728    106192   6715328  0.002  0.000   24.519    3.769    0    0  (Gen:  0)
   520792    155032   6790384  0.002  0.000   24.523    3.769    0    0  (Gen:  0)
   520800    149432   6867016  0.002  0.000   24.527    3.770    0    0  (Gen:  0)
   520664    112416   6926336  0.003  0.000   24.531    3.770    0    0  (Gen:  0)
   520384    175464   7024760  0.003  0.000   24.535    3.771    0    0  (Gen:  0)
   520760    137584   7104808  0.003  0.000   24.538    3.772    0    0  (Gen:  0)
   520416    130704   7169560  0.004  0.000   24.543    3.772    0    0  (Gen:  0)
   520280    136928   7223008  0.004  0.000   24.548    3.773    0    0  (Gen:  0)
   521168    172568   7312496  0.002  0.000   24.552    3.774    0    0  (Gen:  0)
   520488    133760   7372616  0.004  0.000   24.556    3.774    0    0  (Gen:  0)
   520936    176248   7465216  0.002  0.000   24.560    3.775    0    0  (Gen:  0)
   520728    146488   7547176  0.002  0.000   24.564    3.776    0    0  (Gen:  0)
   520688    134832   7602640  0.003  0.000   24.569    3.776    0    0  (Gen:  0)
   537336    149136   7670416  0.003  0.000   24.573    3.777    0    0  (Gen:  0)
   520800    106256   7744008  0.003  0.000   24.577    3.778    0    0  (Gen:  0)
   520696    160808   7822912  0.003  0.000   24.581    3.778    0    0  (Gen:  0)
   520544    139272   7894608  0.003  0.000   24.585    3.779    0    0  (Gen:  0)
   520872    136944   7963872  0.003  0.000   24.589    3.780    0    0  (Gen:  0)
   520872    172760   8054432  0.003  0.000   24.592    3.780    0    0  (Gen:  0)
   520176    148056   8129440  0.002  0.000   24.596    3.781    0    0  (Gen:  0)
   520928    122296   8199120  0.003  0.000   24.600    3.782    0    0  (Gen:  0)
   521256    173296   8287952  0.003  0.000   24.604    3.782    0    0  (Gen:  0)
   521312    163728   8368424  0.003  0.000   24.608    3.783    0    0  (Gen:  0)
   520448    136072   8437616  0.004  0.000   24.612    3.784    0    0  (Gen:  0)
   520976    147008   8496776  0.004  0.000   24.617    3.784    0    0  (Gen:  0)
   520896    168232   8579816  0.003  0.000   24.621    3.785    0    0  (Gen:  0)
   520864    134160   8642928  0.004  0.000   24.626    3.786    0    0  (Gen:  0)
   521224    188824   8747736  0.003  0.000   24.629    3.786    0    0  (Gen:  0)
   520568    158184   8834296  0.003  0.000   24.633    3.787    0    0  (Gen:  0)
   521016    142152   8898816  0.004  0.000   24.638    3.788    0    0  (Gen:  0)
   520616    149072   8958144  0.004  0.000   24.643    3.788    0    0  (Gen:  0)
   521016    173224   9045640  0.003  0.000   24.647    3.789    0    0  (Gen:  0)
   520864    145096   9108160  0.004  0.000   24.653    3.790    0    0  (Gen:  0)
   521504    150120   9168816  0.004  0.000   24.658    3.791    0    0  (Gen:  0)
   520472     87264   9248768  0.003  0.000   24.662    3.791    0    0  (Gen:  0)
   521008    179840   9341888  0.003  0.000   24.666    3.792    0    0  (Gen:  0)
   521096    148000   9418640  0.002  0.000   24.669    3.793    0    0  (Gen:  0)
   520168    134200   9497040  0.003  0.000   24.673    3.793    0    0  (Gen:  0)
   520360    189664   9599496  0.003  0.000   24.677    3.794    0    0  (Gen:  0)
   520960    164064   9697688  0.003  0.000   24.682    3.795    0    0  (Gen:  0)
   520384    123432   9771576  0.003  0.000   24.686    3.795    0    0  (Gen:  0)
   521240    176768   9859248  0.003  0.000   24.691    3.796    0    0  (Gen:  0)
   520912    164544   9941464  0.002  0.000   24.695    3.797    0    0  (Gen:  0)
   521120    138000  10015136  0.003  0.000   24.699    3.798    0    0  (Gen:  0)
   520616   5332960   6318640  0.015  0.001   24.716    3.799    0    0  (Gen:  1)
   520872    182408   6411976  0.003  0.000   24.720    3.800    0    0  (Gen:  0)
   520680    128880   6488376  0.004  0.000   24.725    3.801    0    0  (Gen:  0)
   520448    171920   6565872  0.003  0.000   24.729    3.802    0    0  (Gen:  0)
   520984    116616   6622184  0.003  0.000   24.733    3.802    0    0  (Gen:  0)
   521400     39248   6641720  0.002  0.000   24.736    3.803    0    0  (Gen:  0)
   521096     74976   6686920  0.002  0.000   24.739    3.803    0    0  (Gen:  0)
   520720     75520   6727216  0.002  0.000   24.742    3.804    0    0  (Gen:  0)
   520328     67784   6752448  0.002  0.000   24.746    3.804    0    0  (Gen:  0)
   521584     90848   6793216  0.002  0.000   24.749    3.805    0    0  (Gen:  0)
   521256     75584   6830688  0.003  0.000   24.752    3.805    0    0  (Gen:  0)
   520568     99368   6876240  0.002  0.000   24.755    3.806    0    0  (Gen:  0)
   520568     95872   6935856  0.002  0.000   24.759    3.806    0    0  (Gen:  0)
   520776     89280   6976688  0.003  0.000   24.762    3.807    0    0  (Gen:  0)
   520656     97000   7011256  0.003  0.000   24.766    3.807    0    0  (Gen:  0)
   520624    124040   7075600  0.003  0.000   24.770    3.808    0    0  (Gen:  0)
   521256     99304   7112816  0.003  0.000   24.774    3.809    0    0  (Gen:  0)
   520880    145584   7194552  0.003  0.000   24.778    3.809    0    0  (Gen:  0)
   520752     84880   7245688  0.002  0.000   24.782    3.810    0    0  (Gen:  0)
   521424    130032   7310112  0.003  0.000   24.786    3.811    0    0  (Gen:  0)
   520760    124912   7374096  0.002  0.000   24.790    3.811    0    0  (Gen:  0)
   520992    104064   7425912  0.003  0.000   24.795    3.812    0    0  (Gen:  0)
   521032    112544   7468008  0.003  0.000   24.799    3.812    0    0  (Gen:  0)
   521280    144808   7541656  0.003  0.000   24.803    3.813    0    0  (Gen:  0)
   520472    110552   7594440  0.003  0.000   24.807    3.814    0    0  (Gen:  0)
   520936    118080   7638128  0.003  0.000   24.812    3.814    0    0  (Gen:  0)
   521048    146080   7711544  0.003  0.000   24.816    3.815    0    0  (Gen:  0)
   521088    115848   7758056  0.003  0.000   24.821    3.816    0    0  (Gen:  0)
   521016    160752   7845072  0.003  0.000   24.825    3.816    0    0  (Gen:  0)
   520704    135144   7909800  0.003  0.000   24.828    3.817    0    0  (Gen:  0)
   521232    161992   7998400  0.003  0.000   24.832    3.817    0    0  (Gen:  0)
   520728    129192   8065184  0.003  0.000   24.836    3.818    0    0  (Gen:  0)
   521120    102880   8123680  0.003  0.000   24.840    3.819    0    0  (Gen:  0)
   520760     87296   8206880  0.003  0.000   24.844    3.819    0    0  (Gen:  0)
   521256    140352   8276888  0.002  0.000   24.847    3.820    0    0  (Gen:  0)
   520664    116064   8340416  0.003  0.000   24.852    3.821    0    0  (Gen:  0)
   520728    130344   8390976  0.004  0.000   24.856    3.821    0    0  (Gen:  0)
   520544    164160   8475904  0.003  0.000   24.860    3.822    0    0  (Gen:  0)
   520736    122464   8533544  0.004  0.000   24.865    3.823    0    0  (Gen:  0)
   520392    171192   8626752  0.003  0.000   24.869    3.823    0    0  (Gen:  0)
   520576    150832   8708464  0.003  0.000   24.872    3.824    0    0  (Gen:  0)
   520592    131904   8768528  0.003  0.000   24.877    3.825    0    0  (Gen:  0)
   520432    138360   8823200  0.003  0.000   24.882    3.825    0    0  (Gen:  0)
   521264    166376   8905968  0.003  0.000   24.886    3.826    0    0  (Gen:  0)
   520360    138744   8965288  0.003  0.000   24.892    3.827    0    0  (Gen:  0)
   520880    146088   9026952  0.002  0.000   24.896    3.827    0    0  (Gen:  0)
   520728    120032   9099328  0.003  0.000   24.900    3.828    0    0  (Gen:  0)
   520600    176672   9194752  0.003  0.000   24.904    3.829    0    0  (Gen:  0)
   562264    146064   9272688  0.003  0.000   24.908    3.829    0    0  (Gen:  0)
   521360    129568   9341920  0.003  0.000   24.912    3.830    0    0  (Gen:  0)
   520368    168048   9426864  0.003  0.000   24.916    3.831    0    0  (Gen:  0)
   520912    147720   9501840  0.003  0.000   24.920    3.831    0    0  (Gen:  0)
   520944    120640   9566232  0.003  0.000   24.925    3.832    0    0  (Gen:  0)
   520752    165568   9650440  0.003  0.000   24.929    3.833    0    0  (Gen:  0)
   520344    158616   9727448  0.002  0.000   24.933    3.833    0    0  (Gen:  0)
   520920    130936   9793592  0.003  0.000   24.938    3.834    0    0  (Gen:  0)
   521360    187792   9897336  0.003  0.000   24.943    3.835    0    0  (Gen:  0)
   520736    157584   9985040  0.003  0.000   24.947    3.836    0    0  (Gen:  0)
   520776    138720  10048872  0.003  0.000   24.952    3.836    0    0  (Gen:  0)
   520840    165360  10127568  0.003  0.000   24.956    3.837    0    0  (Gen:  0)
   520840    149520  10215312  0.003  0.000   24.960    3.838    0    0  (Gen:  0)
   520912    137880  10276360  0.004  0.000   24.989    3.841    0    0  (Gen:  0)
   521192    187744  10379120  0.003  0.000   24.993    3.841    0    0  (Gen:  0)
   520728    162168  10466064  0.003  0.000   24.997    3.842    0    0  (Gen:  0)
   520848    145232  10528392  0.004  0.000   25.002    3.843    0    0  (Gen:  0)
   520784    156672  10595624  0.004  0.000   25.007    3.843    0    0  (Gen:  0)
   520992    100224  10673456  0.003  0.000   25.011    3.844    0    0  (Gen:  0)
   520832    168536  10755000  0.003  0.000   25.015    3.845    0    0  (Gen:  0)
   521232    160272  10845664  0.003  0.000   25.018    3.845    0    0  (Gen:  0)
   520928    136544  10920304  0.003  0.000   25.022    3.846    0    0  (Gen:  0)
   520864    171184  11003240  0.003  0.000   25.026    3.847    0    0  (Gen:  0)
   524808    155576  11084056  0.003  0.000   25.030    3.847    0    0  (Gen:  0)
   520248    121792  11157600  0.003  0.000   25.034    3.848    0    0  (Gen:  0)
   520816    182360  11252472  0.003  0.000   25.038    3.849    0    0  (Gen:  0)
   520984    165104  11335176  0.003  0.000   25.042    3.849    0    0  (Gen:  0)
   520904    137256  11405144  0.003  0.000   25.047    3.850    0    0  (Gen:  0)
   521144    177256  11492208  0.003  0.000   25.051    3.851    0    0  (Gen:  0)
   520680    184608  11587800  0.003  0.000   25.055    3.851    0    0  (Gen:  0)
   521552    139368  11659304  0.003  0.000   25.059    3.852    0    0  (Gen:  0)
   520472    155032  11723080  0.004  0.000   25.063    3.853    0    0  (Gen:  0)
   520640    173272  11807904  0.003  0.000   25.067    3.853    0    0  (Gen:  0)
   520856    143424  11880952  0.003  0.000   25.071    3.854    0    0  (Gen:  0)
   520368    155576  11945104  0.004  0.000   25.077    3.855    0    0  (Gen:  0)
   524800    144560  11998320  0.003  0.000   25.081    3.855    0    0  (Gen:  0)
   521464     44152  12017376  0.001  0.000   25.083    3.856    0    0  (Gen:  0)
   521144     82784  12069064  0.002  0.000   25.086    3.856    0    0  (Gen:  0)
   520576     67888  12101544  0.002  0.000   25.088    3.857    0    0  (Gen:  0)
   520304     98448  12157288  0.002  0.000   25.091    3.857    0    0  (Gen:  0)
   521688     92752  12202832  0.002  0.000   25.094    3.858    0    0  (Gen:  0)
   521048     76936  12238176  0.002  0.000   25.097    3.858    0    0  (Gen:  0)
   520704     85504  12269000  0.002  0.000   25.100    3.858    0    0  (Gen:  0)
   520568    113488  12326168  0.002  0.000   25.103    3.859    0    0  (Gen:  0)
   520672     91472  12363360  0.002  0.000   25.106    3.860    0    0  (Gen:  0)
   520600    107320  12406856  0.002  0.000   25.109    3.860    0    0  (Gen:  0)
   520424   4214632   5200304  0.014  0.001   25.124    3.861    0    0  (Gen:  1)
   521624    123720   5261184  0.002  0.000   25.127    3.862    0    0  (Gen:  0)
   520808    118296   5322168  0.002  0.000   25.131    3.863    0    0  (Gen:  0)
   520896     87544   5368984  0.003  0.000   25.134    3.863    0    0  (Gen:  0)
   521088    130400   5432688  0.002  0.000   25.137    3.864    0    0  (Gen:  0)
   520936    131400   5497896  0.002  0.000   25.140    3.864    0    0  (Gen:  0)
   521000    105016   5546712  0.003  0.000   25.144    3.865    0    0  (Gen:  0)
   521136    113984   5588640  0.003  0.000   25.148    3.865    0    0  (Gen:  0)
   521216    146376   5663408  0.002  0.000   25.151    3.866    0    0  (Gen:  0)
   520408    114608   5712720  0.003  0.000   25.156    3.866    0    0  (Gen:  0)
   612168    139960   5788232  0.003  0.000   25.161    3.867    0    0  (Gen:  0)
   578680     70744   5845808  0.002  0.000   25.165    3.868    0    0  (Gen:  0)
   521312    116160   5893784  0.003  0.000   25.169    3.868    0    0  (Gen:  0)
   520904    154192   5973984  0.002  0.000   25.173    3.869    0    0  (Gen:  0)
   520904    117432   6036744  0.002  0.000   25.177    3.870    0    0  (Gen:  0)
   521208    148024   6109264  0.003  0.000   25.182    3.870    0    0  (Gen:  0)
   520816    131080   6175456  0.002  0.000   25.185    3.871    0    0  (Gen:  0)
   520080    108144   6233536  0.003  0.000   25.190    3.872    0    0  (Gen:  0)
   520984    154528   6313200  0.003  0.000   25.194    3.872    0    0  (Gen:  0)
   520960    147688   6385600  0.002  0.000   25.198    3.873    0    0  (Gen:  0)
   521256    118544   6446600  0.003  0.000   25.203    3.874    0    0  (Gen:  0)
   521208    130744   6497472  0.003  0.000   25.208    3.874    0    0  (Gen:  0)
   525152    167728   6590848  0.003  0.000   25.212    3.875    0    0  (Gen:  0)
   520864    121832   6648080  0.003  0.000   25.217    3.876    0    0  (Gen:  0)
   520584    168192   6738672  0.003  0.000   25.221    3.876    0    0  (Gen:  0)
   520608    153664   6824216  0.003  0.000   25.225    3.877    0    0  (Gen:  0)
   521040    135376   6883976  0.003  0.000   25.231    3.878    0    0  (Gen:  0)
   525240    160800   6961344  0.004  0.000   25.236    3.878    0    0  (Gen:  0)
   520728     82304   7036888  0.002  0.000   25.240    3.879    0    0  (Gen:  0)
   520848    170944   7127368  0.003  0.000   25.244    3.880    0    0  (Gen:  0)
   524928    131064   7198184  0.002  0.000   25.248    3.880    0    0  (Gen:  0)
   521184    113968   7268888  0.003  0.000   25.252    3.881    0    0  (Gen:  0)
   529192    162216   7349224  0.002  0.000   25.256    3.882    0    0  (Gen:  0)
   562048    147576   7425824  0.003  0.000   25.261    3.882    0    0  (Gen:  0)
   521136    137200   7495136  0.003  0.000   25.265    3.883    0    0  (Gen:  0)
   520952    170064   7581952  0.003  0.000   25.270    3.884    0    0  (Gen:  0)
   520752    153264   7658904  0.002  0.000   25.274    3.884    0    0  (Gen:  0)
   520984    122256   7721960  0.003  0.000   25.278    3.885    0    0  (Gen:  0)
   521096    142736   7781024  0.004  0.000   25.284    3.886    0    0  (Gen:  0)
   520688    175680   7875000  0.003  0.000   25.288    3.886    0    0  (Gen:  0)
   520856    129456   7941320  0.003  0.000   25.293    3.887    0    0  (Gen:  0)
   520760    142992   7999840  0.004  0.000   25.299    3.888    0    0  (Gen:  0)
   520696    180376   8095120  0.003  0.000   25.303    3.889    0    0  (Gen:  0)
   521024    147448   8170776  0.003  0.000   25.307    3.889    0    0  (Gen:  0)
   521280    132504   8255544  0.003  0.000   25.311    3.890    0    0  (Gen:  0)
   521208    158520   8342584  0.003  0.000   25.316    3.891    0    0  (Gen:  0)
   520496    140976   8403336  0.004  0.000   25.321    3.891    0    0  (Gen:  0)
   521040    184584   8501864  0.004  0.000   25.327    3.892    0    0  (Gen:  0)
   521376     85912   8581464  0.002  0.000   25.331    3.893    0    0  (Gen:  0)
   520456    182344   8679008  0.003  0.000   25.336    3.894    0    0  (Gen:  0)
   521144    142808   8753768  0.003  0.000   25.340    3.894    0    0  (Gen:  0)
   520520    106096   8829144  0.003  0.000   25.345    3.895    0    0  (Gen:  0)
   520864    183488   8926896  0.003  0.000   25.349    3.896    0    0  (Gen:  0)
   521008    156160   9004624  0.003  0.000   25.354    3.896    0    0  (Gen:  0)
   520816    118720   9076680  0.003  0.000   25.359    3.897    0    0  (Gen:  0)
   520912    170096   9159832  0.003  0.000   25.364    3.898    0    0  (Gen:  0)
   520640    160248   9243560  0.003  0.000   25.368    3.899    0    0  (Gen:  0)
   520640    132704   9313872  0.003  0.000   25.373    3.899    0    0  (Gen:  0)
   520032    178648   9406192  0.003  0.000   25.377    3.900    0    0  (Gen:  0)
   521440    171040   9488984  0.003  0.000   25.381    3.901    0    0  (Gen:  0)
   521120    135304   9559744  0.003  0.000   25.386    3.901    0    0  (Gen:  0)
   520400    154104   9622656  0.004  0.000   25.392    3.902    0    0  (Gen:  0)
   520544    190664   9723640  0.003  0.000   25.396    3.903    0    0  (Gen:  0)
   520536    136568   9792904  0.003  0.000   25.402    3.904    0    0  (Gen:  0)
   521112    155688   9857792  0.004  0.000   25.407    3.905    0    0  (Gen:  0)
   520168    189376   9960008  0.003  0.000   25.412    3.905    0    0  (Gen:  0)
   520872    148672  10031304  0.003  0.000   25.417    3.906    0    0  (Gen:  0)
   521000    156144  10095376  0.004  0.000   25.422    3.907    0    0  (Gen:  0)
   520728    142400  10147416  0.003  0.000   25.427    3.907    0    0  (Gen:  0)
   521504     45336  10167600  0.002  0.000   25.430    3.908    0    0  (Gen:  0)
   521208     84048  10220064  0.002  0.000   25.434    3.909    0    0  (Gen:  0)
   520400   4069936   5059624  0.012  0.001   25.447    3.910    0    0  (Gen:  1)
   520552     97136   5112976  0.002  0.000   25.451    3.911    0    0  (Gen:  0)
   521632     93168   5159096  0.002  0.000   25.454    3.911    0    0  (Gen:  0)
   521040     77896   5193728  0.002  0.000   25.458    3.912    0    0  (Gen:  0)
   520760     84440   5224928  0.002  0.000   25.462    3.912    0    0  (Gen:  0)
   520448    114632   5283904  0.002  0.000   25.466    3.913    0    0  (Gen:  0)
   520672     92128   5318416  0.002  0.000   25.470    3.913    0    0  (Gen:  0)
   660392    125744   5381168  0.002  0.000   25.474    3.914    0    0  (Gen:  0)
   520752     91360   5435640  0.002  0.000   25.477    3.915    0    0  (Gen:  0)
   520464    138800   5511288  0.002  0.000   25.481    3.915    0    0  (Gen:  0)
   520536    116032   5571000  0.002  0.000   25.484    3.916    0    0  (Gen:  0)
   521280     93712   5619696  0.002  0.000   25.488    3.916    0    0  (Gen:  0)
   520928    131312   5686024  0.002  0.000   25.492    3.917    0    0  (Gen:  0)
   524976    131088   5751264  0.002  0.000   25.495    3.918    0    0  (Gen:  0)
   521016    104552   5800184  0.003  0.000   25.499    3.918    0    0  (Gen:  0)
   521024    113264   5841344  0.003  0.000   25.503    3.919    0    0  (Gen:  0)
   524560    140584   5910928  0.002  0.000   25.507    3.919    0    0  (Gen:  0)
   525240    115168   5960480  0.003  0.000   25.511    3.920    0    0  (Gen:  0)
   565560    120584   6008768  0.002  0.000   25.515    3.921    0    0  (Gen:  0)
   520680     96144   6075936  0.002  0.000   25.519    3.921    0    0  (Gen:  0)
   520768     89696   6161392  0.002  0.000   25.523    3.922    0    0  (Gen:  0)
   520840    135464   6241280  0.002  0.000   25.527    3.922    0    0  (Gen:  0)
   520848    106144   6301800  0.002  0.000   25.530    3.923    0    0  (Gen:  0)
   521104    153552   6380680  0.002  0.000   25.534    3.924    0    0  (Gen:  0)
   520120    135232   6448712  0.002  0.000   25.538    3.924    0    0  (Gen:  0)
   520760    105568   6505184  0.002  0.000   25.541    3.925    0    0  (Gen:  0)
   520784    130448   6557880  0.003  0.000   25.546    3.926    0    0  (Gen:  0)
   520552    159560   6642016  0.002  0.000   25.550    3.926    0    0  (Gen:  0)
   521216    125264   6702368  0.003  0.000   25.554    3.927    0    0  (Gen:  0)
   521040    130160   6753288  0.003  0.000   25.559    3.928    0    0  (Gen:  0)
   520824    159200   6832824  0.002  0.000   25.563    3.928    0    0  (Gen:  0)
   521080    127112   6887872  0.003  0.000   25.568    3.929    0    0  (Gen:  0)
   521320    163920   6971536  0.002  0.000   25.572    3.930    0    0  (Gen:  0)
   520792    153456   7054224  0.002  0.000   25.576    3.930    0    0  (Gen:  0)
   520408    137408   7111464  0.004  0.000   25.581    3.931    0    0  (Gen:  0)
   520904    165008   7194304  0.003  0.000   25.586    3.932    0    0  (Gen:  0)
   521392    128760   7268432  0.002  0.000   25.590    3.932    0    0  (Gen:  0)
   520440    176720   7363352  0.002  0.000   25.594    3.933    0    0  (Gen:  0)
   520704    138088   7434936  0.002  0.000   25.597    3.933    0    0  (Gen:  0)
   520824    124512   7503728  0.002  0.000   25.601    3.934    0    0  (Gen:  0)
   520784     97952   7597528  0.002  0.000   25.605    3.935    0    0  (Gen:  0)
   537376    151640   7676544  0.002  0.000   25.609    3.935    0    0  (Gen:  0)
   521296    126272   7743624  0.003  0.000   25.614    3.936    0    0  (Gen:  0)
   520664    166280   7826488  0.002  0.000   25.618    3.937    0    0  (Gen:  0)
   521496    156584   7904040  0.002  0.000   25.622    3.937    0    0  (Gen:  0)
   520336    126296   7967288  0.003  0.000   25.627    3.938    0    0  (Gen:  0)
   521200    142696   8025816  0.004  0.000   25.632    3.939    0    0  (Gen:  0)
   520632    163008   8105712  0.002  0.000   25.636    3.940    0    0  (Gen:  0)
   520392    134960   8168664  0.003  0.000   25.641    3.940    0    0  (Gen:  0)
   520656    142440   8227776  0.004  0.000   25.646    3.941    0    0  (Gen:  0)
   520808    172176   8315080  0.002  0.000   25.650    3.942    0    0  (Gen:  0)
   521168    141520   8376696  0.003  0.000   25.655    3.942    0    0  (Gen:  0)
   521184    146160   8434840  0.003  0.000   25.660    3.943    0    0  (Gen:  0)
   520360    174736   8525248  0.002  0.000   25.664    3.944    0    0  (Gen:  0)
   520848    143400   8582600  0.003  0.000   25.669    3.945    0    0  (Gen:  0)
   521264    175760   8671552  0.002  0.000   25.673    3.945    0    0  (Gen:  0)
   520672    137288   8748336  0.003  0.000   25.677    3.946    0    0  (Gen:  0)
   521136    185464   8848352  0.003  0.000   25.680    3.947    0    0  (Gen:  0)
   520808    158072   8924664  0.003  0.000   25.684    3.947    0    0  (Gen:  0)
   520904    139008   8998000  0.003  0.000   25.688    3.948    0    0  (Gen:  0)
   520928    181376   9092288  0.003  0.000   25.692    3.949    0    0  (Gen:  0)
   521576    154328   9169040  0.002  0.000   25.696    3.949    0    0  (Gen:  0)
   520968    134656   9240456  0.003  0.000   25.701    3.950    0    0  (Gen:  0)
   520576    176176   9330256  0.002  0.000   25.705    3.951    0    0  (Gen:  0)
   520696    165720   9414904  0.003  0.000   25.709    3.951    0    0  (Gen:  0)
   521192    143168   9484472  0.003  0.000   25.713    3.952    0    0  (Gen:  0)
   520624    197776   9594208  0.003  0.000   25.718    3.953    0    0  (Gen:  0)
   521104    141304   9683520  0.002  0.000   25.722    3.953    0    0  (Gen:  0)
   521224    136440   9754744  0.003  0.000   25.727    3.954    0    0  (Gen:  0)
   520776    154552   9817984  0.004  0.000   25.732    3.955    0    0  (Gen:  0)
   521208    177456   9904368  0.003  0.000   25.736    3.956    0    0  (Gen:  0)
   521008    147552   9973696  0.003  0.000   25.741    3.956    0    0  (Gen:  0)
   520408    155320  10036968  0.004  0.000   25.746    3.957    0    0  (Gen:  0)
   520576   5351816   6341368  0.016  0.001   25.764    3.959    0    0  (Gen:  1)
   521104    198344   6449960  0.003  0.000   25.769    3.960    0    0  (Gen:  0)
   521256    154224   6525808  0.003  0.000   25.774    3.961    0    0  (Gen:  0)
   602344    128280   6562224  0.003  0.000   25.778    3.961    0    0  (Gen:  0)
   537104     46904   6581384  0.002  0.000   25.781    3.962    0    0  (Gen:  0)
   536632     83600   6637752  0.002  0.000   25.785    3.962    0    0  (Gen:  0)
   520880     54856   6666848  0.002  0.000   25.788    3.963    0    0  (Gen:  0)
   520840     91200   6714184  0.002  0.000   25.791    3.963    0    0  (Gen:  0)
   537072     93968   6760880  0.002  0.000   25.794    3.964    0    0  (Gen:  0)
   521064     78128   6795616  0.002  0.000   25.798    3.964    0    0  (Gen:  0)
   521248     85624   6827120  0.002  0.000   25.802    3.965    0    0  (Gen:  0)
   521008    115800   6886256  0.002  0.000   25.805    3.965    0    0  (Gen:  0)
   520912     91328   6919600  0.003  0.000   25.809    3.966    0    0  (Gen:  0)
   537184    110960   6967656  0.002  0.000   25.813    3.967    0    0  (Gen:  0)
   520816     90728   7017440  0.002  0.000   25.816    3.967    0    0  (Gen:  0)
   520832    136624   7091496  0.002  0.000   25.820    3.968    0    0  (Gen:  0)
   520800    122808   7154080  0.002  0.000   25.824    3.968    0    0  (Gen:  0)
   521088     93784   7202296  0.002  0.000   25.828    3.969    0    0  (Gen:  0)
   521208    109176   7243104  0.003  0.000   25.833    3.970    0    0  (Gen:  0)
   520784    144288   7319392  0.002  0.000   25.836    3.970    0    0  (Gen:  0)
   521024    107408   7365192  0.003  0.000   25.841    3.971    0    0  (Gen:  0)
   520672     87400   7448368  0.002  0.000   25.844    3.971    0    0  (Gen:  0)
   521416    130328   7521280  0.002  0.000   25.848    3.972    0    0  (Gen:  0)
   520784    118624   7568152  0.003  0.000   25.853    3.973    0    0  (Gen:  0)
   537128    151704   7649272  0.002  0.000   25.857    3.973    0    0  (Gen:  0)
   520720    115944   7709936  0.003  0.000   25.861    3.974    0    0  (Gen:  0)
   520632    152424   7790608  0.002  0.000   25.865    3.975    0    0  (Gen:  0)
   520936    134696   7858920  0.002  0.000   25.869    3.975    0    0  (Gen:  0)
   520896    104712   7916576  0.003  0.000   25.873    3.976    0    0  (Gen:  0)
   521128    124520   7964840  0.003  0.000   25.878    3.977    0    0  (Gen:  0)
   520792    160560   8048544  0.002  0.000   25.882    3.977    0    0  (Gen:  0)
   521008    115928   8102464  0.003  0.000   25.886    3.978    0    0  (Gen:  0)
   521208    130888   8155784  0.003  0.000   25.891    3.979    0    0  (Gen:  0)
   521056    159480   8240680  0.003  0.000   25.896    3.979    0    0  (Gen:  0)
   520016    128624   8296448  0.003  0.000   25.901    3.980    0    0  (Gen:  0)
   520536    131160   8348552  0.003  0.000   25.906    3.981    0    0  (Gen:  0)
   521208     87504   8432336  0.002  0.000   25.910    3.981    0    0  (Gen:  0)
   520688    132808   8486360  0.003  0.000   25.914    3.982    0    0  (Gen:  0)
   521128    164112   8569384  0.003  0.000   25.919    3.983    0    0  (Gen:  0)
   520720    109720   8641912  0.003  0.000   25.923    3.983    0    0  (Gen:  0)
   520960    160792   8719208  0.003  0.000   25.927    3.984    0    0  (Gen:  0)
   521120    147496   8795704  0.002  0.000   25.931    3.985    0    0  (Gen:  0)
   520944    119000   8862920  0.003  0.000   25.935    3.985    0    0  (Gen:  0)
   520976     92216   8951144  0.002  0.000   25.939    3.986    0    0  (Gen:  0)
   520816    149808   9025176  0.002  0.000   25.943    3.987    0    0  (Gen:  0)
   521168    122152   9090160  0.003  0.000   25.948    3.987    0    0  (Gen:  0)
   520808    140488   9145872  0.003  0.000   25.952    3.988    0    0  (Gen:  0)
   536888    173440   9234312  0.003  0.000   25.957    3.989    0    0  (Gen:  0)
   521240    132832   9299400  0.003  0.000   25.961    3.989    0    0  (Gen:  0)
   520504    180840   9396400  0.003  0.000   25.965    3.990    0    0  (Gen:  0)
   520304    159464   9478760  0.003  0.000   25.970    3.991    0    0  (Gen:  0)
   521112    135472   9539488  0.003  0.000   25.974    3.991    0    0  (Gen:  0)
   520608    140696   9596216  0.003  0.000   25.979    3.992    0    0  (Gen:  0)
   520752    166072   9681072  0.003  0.000   25.984    3.993    0    0  (Gen:  0)
   520368    139800   9740528  0.004  0.000   25.989    3.994    0    0  (Gen:  0)
   520688    172104   9827976  0.003  0.000   25.993    3.994    0    0  (Gen:  0)
   520872    133408   9905696  0.003  0.000   25.998    3.995    0    0  (Gen:  0)
   520816    168848   9988056  0.003  0.000   26.002    3.996    0    0  (Gen:  0)
   520880    143480  10063400  0.002  0.000   26.006    3.996    0    0  (Gen:  0)
   520632    119880  10136936  0.003  0.000   26.011    3.997    0    0  (Gen:  0)
   520488    177816  10228672  0.003  0.000   26.015    3.998    0    0  (Gen:  0)
   520808    154680  10310552  0.002  0.000   26.019    3.998    0    0  (Gen:  0)
   521128    126208  10377712  0.003  0.000   26.023    3.999    0    0  (Gen:  0)
   520896    168408  10461968  0.003  0.000   26.028    4.000    0    0  (Gen:  0)
   521120    163240  10544344  0.002  0.000   26.032    4.000    0    0  (Gen:  0)
   520936    133864  10612512  0.003  0.000   26.037    4.001    0    0  (Gen:  0)
   520384    148080  10671496  0.004  0.000   26.042    4.002    0    0  (Gen:  0)
   521040    169640  10752768  0.003  0.000   26.047    4.003    0    0  (Gen:  0)
   520768    137072  10819992  0.003  0.000   26.052    4.003    0    0  (Gen:  0)
   521088    149272  10880488  0.004  0.000   26.057    4.004    0    0  (Gen:  0)
   520600    184512  10979352  0.003  0.000   26.061    4.005    0    0  (Gen:  0)
   520992    140384  11042520  0.003  0.000   26.066    4.006    0    0  (Gen:  0)
   520984    186640  11140928  0.003  0.000   26.070    4.006    0    0  (Gen:  0)
   520624    154696  11229712  0.003  0.000   26.075    4.007    0    0  (Gen:  0)
   521016    146616  11296184  0.005  0.000   26.081    4.008    0    0  (Gen:  0)
   521912    176128  11383888  0.003  0.000   26.085    4.009    0    0  (Gen:  0)
   521192    142256  11468072  0.003  0.000   26.090    4.010    0    0  (Gen:  0)
   520416    189072  11569944  0.003  0.000   26.094    4.010    0    0  (Gen:  0)
   520944    154176  11646208  0.003  0.000   26.099    4.011    0    0  (Gen:  0)
   520936    152080  11729000  0.003  0.000   26.103    4.012    0    0  (Gen:  0)
   520624    109784  11834824  0.002  0.000   26.108    4.013    0    0  (Gen:  0)
   521224    149176  11916752  0.003  0.000   26.112    4.014    0    0  (Gen:  0)
   520536    115280  11994240  0.003  0.000   26.117    4.014    0    0  (Gen:  0)
   520664    187104  12090200  0.003  0.000   26.122    4.015    0    0  (Gen:  0)
   519880    161344  12174016  0.003  0.000   26.127    4.016    0    0  (Gen:  0)
   520512    133704  12251456  0.003  0.000   26.132    4.017    0    0  (Gen:  0)
   520376    178848  12338456  0.003  0.000   26.138    4.018    0    0  (Gen:  0)
   520024    171064  12423888  0.003  0.000   26.143    4.018    0    0  (Gen:  0)
   521160   5510832   6492576  0.036  0.004   26.181    4.023    0    0  (Gen:  1)
   521096     93832   6582656  0.003  0.000   26.186    4.024    0    0  (Gen:  0)
   520576    172736   6668400  0.003  0.000   26.191    4.024    0    0  (Gen:  0)
   520760    144936   6744704  0.003  0.000   26.195    4.025    0    0  (Gen:  0)
   521016    120160   6828728  0.003  0.000   26.202    4.026    0    0  (Gen:  0)
   520768    136392   6872048  0.003  0.000   26.207    4.027    0    0  (Gen:  0)
   520776     42688   6890288  0.002  0.000   26.211    4.027    0    0  (Gen:  0)
   520520     78656   6938432  0.003  0.000   26.215    4.028    0    0  (Gen:  0)
   521200     52680   6971224  0.002  0.000   26.219    4.029    0    0  (Gen:  0)
   520792     98416   7026968  0.002  0.000   26.224    4.029    0    0  (Gen:  0)
   521168     91008   7071672  0.002  0.000   26.228    4.030    0    0  (Gen:  0)
   521080     73312   7108760  0.003  0.000   26.233    4.031    0    0  (Gen:  0)
   520920     84456   7137528  0.003  0.000   26.238    4.031    0    0  (Gen:  0)
   521248    122096   7204768  0.003  0.000   26.242    4.032    0    0  (Gen:  0)
   521008     91360   7242512  0.003  0.000   26.248    4.033    0    0  (Gen:  0)
   520848    104944   7283808  0.002  0.000   26.252    4.034    0    0  (Gen:  0)
   520608     84168   7338632  0.003  0.000   26.257    4.034    0    0  (Gen:  0)
   520640    141336   7417200  0.003  0.000   26.262    4.035    0    0  (Gen:  0)
   520784    119160   7477016  0.003  0.000   26.267    4.036    0    0  (Gen:  0)
   521080     90896   7527072  0.003  0.000   26.272    4.037    0    0  (Gen:  0)
   521120    132616   7593912  0.003  0.000   26.277    4.037    0    0  (Gen:  0)
   520776    131552   7658960  0.003  0.000   26.281    4.038    0    0  (Gen:  0)
   520960    103304   7706688  0.003  0.000   26.286    4.039    0    0  (Gen:  0)
   520680    113888   7749128  0.003  0.000   26.292    4.040    0    0  (Gen:  0)
   521280    141320   7819280  0.003  0.000   26.297    4.040    0    0  (Gen:  0)
   520968    131416   7884280  0.003  0.000   26.302    4.041    0    0  (Gen:  0)
   620008    111648   7953064  0.003  0.000   26.307    4.042    0    0  (Gen:  0)
   570232    138448   8008272  0.003  0.000   26.312    4.043    0    0  (Gen:  0)
   521600    118392   8055232  0.004  0.000   26.317    4.043    0    0  (Gen:  0)
   521040    157984   8140656  0.003  0.000   26.322    4.044    0    0  (Gen:  0)
   521192    131576   8203376  0.003  0.000   26.327    4.045    0    0  (Gen:  0)
   521312     89528   8288880  0.003  0.000   26.332    4.046    0    0  (Gen:  0)
   520688    136216   8357608  0.003  0.000   26.337    4.047    0    0  (Gen:  0)
   521208    105368   8413472  0.003  0.000   26.342    4.047    0    0  (Gen:  0)
   521160    150856   8489200  0.003  0.000   26.347    4.048    0    0  (Gen:  0)
   521088    146176   8561256  0.003  0.000   26.352    4.049    0    0  (Gen:  0)
   519856    118656   8621192  0.003  0.000   26.358    4.050    0    0  (Gen:  0)
   520792    129912   8673456  0.004  0.000   26.363    4.051    0    0  (Gen:  0)
   524416    167344   8761672  0.003  0.000   26.369    4.051    0    0  (Gen:  0)
   520896    123984   8816760  0.004  0.000   26.374    4.052    0    0  (Gen:  0)
   521408    168616   8905952  0.003  0.000   26.380    4.053    0    0  (Gen:  0)
   520560    154528   8988272  0.003  0.000   26.385    4.054    0    0  (Gen:  0)
   520544    137200   9046600  0.004  0.000   26.391    4.055    0    0  (Gen:  0)
   524752    164144   9127960  0.003  0.000   26.396    4.056    0    0  (Gen:  0)
   520496    116752   9201680  0.003  0.000   26.401    4.056    0    0  (Gen:  0)
   521464    176472   9295936  0.003  0.000   26.407    4.057    0    0  (Gen:  0)
   524720    149736   9382496  0.003  0.000   26.412    4.058    0    0  (Gen:  0)
   520816    113512   9451888  0.003  0.000   26.417    4.059    0    0  (Gen:  0)
   528656    163800   9532824  0.003  0.000   26.422    4.060    0    0  (Gen:  0)
   561328    153584   9610552  0.003  0.000   26.427    4.060    0    0  (Gen:  0)
   520384    117120   9678016  0.003  0.000   26.433    4.061    0    0  (Gen:  0)
   520448    167808   9762496  0.003  0.000   26.438    4.062    0    0  (Gen:  0)
   520984    157816   9840616  0.003  0.000   26.443    4.063    0    0  (Gen:  0)
   520712    129040   9903440  0.004  0.000   26.449    4.064    0    0  (Gen:  0)
   521000    141688   9961624  0.004  0.000   26.455    4.065    0    0  (Gen:  0)
   520904    168712  10046960  0.003  0.000   26.460    4.065    0    0  (Gen:  0)
   520904    139528  10113368  0.004  0.000   26.466    4.066    0    0  (Gen:  0)
   520656    143120  10171800  0.004  0.000   26.472    4.067    0    0  (Gen:  0)
   520664    181160  10268576  0.003  0.000   26.477    4.068    0    0  (Gen:  0)
   520568    142336  10329648  0.004  0.000   26.483    4.069    0    0  (Gen:  0)
   520896    148352  10389840  0.003  0.000   26.489    4.070    0    0  (Gen:  0)
   520328    148168  10474056  0.003  0.000   26.494    4.071    0    0  (Gen:  0)
   520992    144360  10531408  0.004  0.000   26.500    4.071    0    0  (Gen:  0)
   521104    155128  10599112  0.003  0.000   26.506    4.072    0    0  (Gen:  0)
   520592    133752  10674480  0.003  0.000   26.511    4.073    0    0  (Gen:  0)
   521144    181960  10770576  0.003  0.000   26.516    4.074    0    0  (Gen:  0)
   520856    153512  10848928  0.003  0.000   26.522    4.075    0    0  (Gen:  0)
   521296    117704  10922272  0.003  0.000   26.527    4.076    0    0  (Gen:  0)
   520384    101400  11019584  0.003  0.000   26.532    4.076    0    0  (Gen:  0)
   521144    154080  11098248  0.003  0.000   26.537    4.077    0    0  (Gen:  0)
   520832    126592  11167120  0.003  0.000   26.543    4.078    0    0  (Gen:  0)
   520616    171496  11252344  0.003  0.000   26.548    4.079    0    0  (Gen:  0)
   520840    169456  11337856  0.003  0.000   26.553    4.080    0    0  (Gen:  0)
   520408    130664  11405304  0.003  0.000   26.559    4.081    0    0  (Gen:  0)
   520856    188696  11506600  0.004  0.000   26.564    4.081    0    0  (Gen:  0)
   520752    142392  11595784  0.003  0.000   26.570    4.082    0    0  (Gen:  0)
   520744    140752  11665304  0.004  0.000   26.575    4.083    0    0  (Gen:  0)
   521048    153664  11728480  0.004  0.000   26.582    4.084    0    0  (Gen:  0)
   520912    186128  11825248  0.003  0.000   26.587    4.085    0    0  (Gen:  0)
   521008    146048  11893360  0.004  0.000   26.593    4.086    0    0  (Gen:  0)
   520912    156368  11957256  0.004  0.000   26.600    4.087    0    0  (Gen:  0)
   520864    179160  12046928  0.003  0.000   26.605    4.088    0    0  (Gen:  0)
   520944    154176  12116168  0.004  0.000   26.611    4.089    0    0  (Gen:  0)
   520448    156824  12180632  0.004  0.000   26.617    4.090    0    0  (Gen:  0)
   520872    185680  12275416  0.003  0.000   26.623    4.090    0    0  (Gen:  0)
   521696    156552  12342880  0.004  0.000   26.629    4.091    0    0  (Gen:  0)
   520192    182096  12433432  0.003  0.000   26.635    4.092    0    0  (Gen:  0)
   520720    144080  12520328  0.003  0.000   26.640    4.093    0    0  (Gen:  0)
   520072    188272  12614368  0.003  0.000   26.646    4.094    0    0  (Gen:  0)
   520384    153344  12696232  0.003  0.000   26.651    4.095    0    0  (Gen:  0)
   520984    121352  12774056  0.003  0.000   26.657    4.096    0    0  (Gen:  0)
   520984    190264  12874312  0.003  0.000   26.662    4.097    0    0  (Gen:  0)
   520472    167816  12956464  0.003  0.000   26.668    4.097    0    0  (Gen:  0)
   520472   5561816   6543408  0.020  0.002   26.690    4.100    0    0  (Gen:  1)
   520944    181296   6632328  0.003  0.000   26.695    4.101    0    0  (Gen:  0)
   520864    136472   6685824  0.003  0.000   26.700    4.101    0    0  (Gen:  0)
   521064     36376   6704856  0.001  0.000   26.703    4.102    0    0  (Gen:  0)
   520256     74528   6750712  0.002  0.000   26.707    4.102    0    0  (Gen:  0)
   521136     72216   6792712  0.002  0.000   26.710    4.103    0    0  (Gen:  0)
   520872     64824   6817088  0.002  0.000   26.714    4.104    0    0  (Gen:  0)
   521152    107016   6876176  0.003  0.000   26.717    4.104    0    0  (Gen:  0)
   521152     79480   6916760  0.003  0.000   26.721    4.105    0    0  (Gen:  0)
   521008     66168   6978856  0.002  0.000   26.724    4.105    0    0  (Gen:  0)
   521024    105448   7031560  0.002  0.000   26.728    4.106    0    0  (Gen:  0)
   521056     87552   7073328  0.004  0.000   26.732    4.106    0    0  (Gen:  0)
   520872    129952   7142320  0.002  0.000   26.737    4.107    0    0  (Gen:  0)
   520800    110032   7206680  0.002  0.000   26.741    4.108    0    0  (Gen:  0)
   520336     98912   7245256  0.003  0.000   26.745    4.108    0    0  (Gen:  0)
   520720    146304   7326776  0.003  0.000   26.749    4.109    0    0  (Gen:  0)
   521152    101248   7382312  0.002  0.000   26.753    4.110    0    0  (Gen:  0)
   521336    129456   7445544  0.003  0.000   26.757    4.110    0    0  (Gen:  0)
   520800    120912   7508232  0.002  0.000   26.761    4.111    0    0  (Gen:  0)
   520632     93376   7559560  0.003  0.000   26.766    4.111    0    0  (Gen:  0)
   520992    137496   7630408  0.002  0.000   26.770    4.112    0    0  (Gen:  0)
   520992    135424   7696928  0.002  0.000   26.774    4.113    0    0  (Gen:  0)
   521192    113176   7750576  0.003  0.000   26.779    4.114    0    0  (Gen:  0)
   520488    119136   7794960  0.005  0.000   26.786    4.114    0    0  (Gen:  0)
   521080    151960   7873576  0.003  0.000   26.790    4.115    0    0  (Gen:  0)
   521024    115208   7921288  0.003  0.000   26.795    4.116    0    0  (Gen:  0)
   520680     92872   8009808  0.002  0.000   26.799    4.116    0    0  (Gen:  0)
   520992    109824   8076248  0.002  0.000   26.802    4.117    0    0  (Gen:  0)
   520976    145744   8147616  0.002  0.000   26.807    4.118    0    0  (Gen:  0)
   520448    144832   8231704  0.003  0.000   26.811    4.118    0    0  (Gen:  0)
   520928    101232   8291976  0.003  0.000   26.815    4.119    0    0  (Gen:  0)
   521056     91056   8378840  0.002  0.000   26.819    4.120    0    0  (Gen:  0)
   521104    138576   8448160  0.003  0.000   26.824    4.120    0    0  (Gen:  0)
   520176    124744   8512584  0.004  0.000   26.829    4.121    0    0  (Gen:  0)
   520632    130024   8562160  0.005  0.000   26.835    4.122    0    0  (Gen:  0)
   520896    169976   8653704  0.002  0.000   26.840    4.123    0    0  (Gen:  0)
   520944    123888   8712592  0.003  0.000   26.844    4.123    0    0  (Gen:  0)
   521008     99800   8807936  0.002  0.000   26.847    4.124    0    0  (Gen:  0)
   520960    139192   8890040  0.002  0.000   26.851    4.124    0    0  (Gen:  0)
   520576    133608   8950952  0.003  0.000   26.855    4.125    0    0  (Gen:  0)
   521008    138336   9006064  0.003  0.000   26.859    4.126    0    0  (Gen:  0)
   521200    166840   9088688  0.002  0.000   26.863    4.126    0    0  (Gen:  0)
   521120    138824   9148272  0.003  0.000   26.868    4.127    0    0  (Gen:  0)
   520688    145976   9210056  0.002  0.000   26.871    4.128    0    0  (Gen:  0)
   520824    118744   9282320  0.003  0.000   26.876    4.129    0    0  (Gen:  0)
   521040    176008   9376256  0.003  0.000   26.880    4.129    0    0  (Gen:  0)
   549312    144360   9452800  0.002  0.000   26.884    4.130    0    0  (Gen:  0)
   521208    115872   9522312  0.002  0.000   26.888    4.131    0    0  (Gen:  0)
   519952    173520   9613120  0.002  0.000   26.892    4.131    0    0  (Gen:  0)
   520312    150728   9689872  0.002  0.000   26.896    4.132    0    0  (Gen:  0)
   521120    119272   9753504  0.002  0.000   26.900    4.133    0    0  (Gen:  0)
   520848    142432   9813464  0.003  0.000   26.904    4.133    0    0  (Gen:  0)
   520408    173472   9904792  0.002  0.000   26.908    4.134    0    0  (Gen:  0)
   520840    133440   9971648  0.003  0.000   26.913    4.135    0    0  (Gen:  0)
   520608    143240  10030032  0.004  0.000   26.918    4.136    0    0  (Gen:  0)
   520752    179376  10123664  0.003  0.000   26.923    4.136    0    0  (Gen:  0)
   520480    135536  10186312  0.003  0.000   26.928    4.137    0    0  (Gen:  0)
   521032    146608  10246360  0.003  0.000   26.932    4.138    0    0  (Gen:  0)
   520400    171704  10332632  0.002  0.000   26.936    4.139    0    0  (Gen:  0)
   520832    141768  10392960  0.003  0.000   26.940    4.139    0    0  (Gen:  0)
   521080    187400  10494792  0.004  0.000   26.945    4.140    0    0  (Gen:  0)
   520800     86024  10576120  0.002  0.000   26.949    4.141    0    0  (Gen:  0)
   520928    181288  10672616  0.002  0.000   26.953    4.141    0    0  (Gen:  0)
   520960    150256  10747456  0.002  0.000   26.957    4.142    0    0  (Gen:  0)
   521080    122056  10823168  0.003  0.000   26.961    4.143    0    0  (Gen:  0)
   520464    103464  10922560  0.002  0.000   26.965    4.144    0    0  (Gen:  0)
   521152    144304  11000392  0.002  0.000   26.969    4.144    0    0  (Gen:  0)
   520856    125576  11072256  0.002  0.000   26.973    4.145    0    0  (Gen:  0)
   520488    170480  11155048  0.002  0.000   26.977    4.146    0    0  (Gen:  0)
   525464    161992  11238952  0.002  0.000   26.981    4.146    0    0  (Gen:  0)
   520744    147416  11309648  0.003  0.000   26.985    4.147    0    0  (Gen:  0)
   520776    177368  11400208  0.003  0.000   26.990    4.148    0    0  (Gen:  0)
   520744    167464  11481456  0.002  0.000   26.994    4.148    0    0  (Gen:  0)
   520664    133920  11552632  0.003  0.000   26.998    4.149    0    0  (Gen:  0)
   520992    155352  11616856  0.003  0.000   27.002    4.150    0    0  (Gen:  0)
   521152    175912  11702208  0.003  0.000   27.007    4.151    0    0  (Gen:  0)
   520688    138912  11772424  0.003  0.000   27.013    4.152    0    0  (Gen:  0)
   521320    156400  11836688  0.003  0.000   27.017    4.152    0    0  (Gen:  0)
   520880    177824  11925136  0.002  0.000   27.021    4.153    0    0  (Gen:  0)
   520760    161632  12007064  0.002  0.000   27.025    4.154    0    0  (Gen:  0)
   520408    159120  12097560  0.002  0.000   27.029    4.154    0    0  (Gen:  0)
   619168    114952  12135776  0.002  0.000   27.033    4.155    0    0  (Gen:  0)
   537528     45704  12159168  0.002  0.000   27.036    4.156    0    0  (Gen:  0)
   536544     84040  12212336  0.002  0.000   27.039    4.156    0    0  (Gen:  0)
   520656     62400  12243736  0.002  0.000   27.042    4.157    0    0  (Gen:  0)
   520544     97512  12298120  0.002  0.000   27.045    4.157    0    0  (Gen:  0)
   537536     92688  12344216  0.002  0.000   27.049    4.158    0    0  (Gen:  0)
   520976     72480  12379288  0.002  0.000   27.053    4.158    0    0  (Gen:  0)
   521312     85312  12410544  0.002  0.000   27.056    4.159    0    0  (Gen:  0)
   520712    114616  12469072  0.002  0.000   27.060    4.159    0    0  (Gen:  0)
   520776     93216  12504968  0.002  0.000   27.063    4.160    0    0  (Gen:  0)
   537032    106936  12547712  0.002  0.000   27.067    4.161    0    0  (Gen:  0)
   520680     80512  12600816  0.002  0.000   27.071    4.161    0    0  (Gen:  0)
   521648    137384  12675712  0.002  0.000   27.074    4.162    0    0  (Gen:  0)
   520784    131224  12749664  0.002  0.000   27.078    4.163    0    0  (Gen:  0)
   520904     99032  12798528  0.002  0.000   27.082    4.163    0    0  (Gen:  0)
   521104    108152  12838896  0.002  0.000   27.085    4.164    0    0  (Gen:  0)
   520952   4302600   5284184  0.011  0.001   27.098    4.165    0    0  (Gen:  1)
   520872    145488   5360080  0.002  0.000   27.101    4.166    0    0  (Gen:  0)
   521056    125992   5416888  0.002  0.000   27.104    4.166    0    0  (Gen:  0)
   521280    140832   5486712  0.002  0.000   27.107    4.167    0    0  (Gen:  0)
   520488    118584   5534680  0.002  0.000   27.111    4.168    0    0  (Gen:  0)
   537432    125976   5588408  0.002  0.000   27.114    4.168    0    0  (Gen:  0)
   520488    124144   5652768  0.002  0.000   27.117    4.169    0    0  (Gen:  0)
   520856    159112   5739376  0.002  0.000   27.121    4.169    0    0  (Gen:  0)
   520920    140824   5806536  0.002  0.000   27.124    4.170    0    0  (Gen:  0)
   520912    116080   5865640  0.002  0.000   27.127    4.171    0    0  (Gen:  0)
   520896    149728   5940736  0.002  0.000   27.131    4.171    0    0  (Gen:  0)
   520632    140472   6007784  0.002  0.000   27.134    4.172    0    0  (Gen:  0)
   520936    110864   6063728  0.002  0.000   27.137    4.172    0    0  (Gen:  0)
   521352    131544   6116928  0.002  0.000   27.141    4.173    0    0  (Gen:  0)
   520904    158776   6198832  0.002  0.000   27.144    4.174    0    0  (Gen:  0)
   520968    130544   6256088  0.002  0.000   27.147    4.174    0    0  (Gen:  0)
   521104    131504   6309680  0.002  0.000   27.151    4.175    0    0  (Gen:  0)
   521320    159688   6389472  0.002  0.000   27.154    4.175    0    0  (Gen:  0)
   520744    130408   6444944  0.002  0.000   27.157    4.176    0    0  (Gen:  0)
   520600    171952   6538096  0.004  0.000   27.162    4.177    0    0  (Gen:  0)
   520544     90320   6615984  0.002  0.000   27.165    4.177    0    0  (Gen:  0)
   521064    157736   6691064  0.002  0.000   27.169    4.178    0    0  (Gen:  0)
   521200    142888   6764592  0.003  0.000   27.173    4.178    0    0  (Gen:  0)
   520744    114640   6835312  0.002  0.000   27.176    4.179    0    0  (Gen:  0)
   520776    172224   6925984  0.002  0.000   27.179    4.180    0    0  (Gen:  0)
   520672    151112   6998936  0.002  0.000   27.183    4.180    0    0  (Gen:  0)
   520856    119288   7064784  0.002  0.000   27.186    4.181    0    0  (Gen:  0)
   521496    163920   7147112  0.002  0.000   27.190    4.182    0    0  (Gen:  0)
   537592    159992   7225448  0.002  0.000   27.193    4.182    0    0  (Gen:  0)
   521384    141304   7292664  0.002  0.000   27.196    4.183    0    0  (Gen:  0)
   521144    186288   7395592  0.003  0.000   27.201    4.184    0    0  (Gen:  0)
   520480    137672   7478768  0.002  0.000   27.204    4.184    0    0  (Gen:  0)
   520544    135816   7541696  0.002  0.000   27.207    4.185    0    0  (Gen:  0)
   520784    142048   7599584  0.002  0.000   27.211    4.185    0    0  (Gen:  0)
   520880    163384   7681288  0.002  0.000   27.214    4.186    0    0  (Gen:  0)
   520752    139272   7742712  0.002  0.000   27.218    4.187    0    0  (Gen:  0)
   520248    142640   7801792  0.002  0.000   27.221    4.187    0    0  (Gen:  0)
   520264    171976   7888208  0.002  0.000   27.225    4.188    0    0  (Gen:  0)
   521464    142552   7949296  0.002  0.000   27.228    4.189    0    0  (Gen:  0)
   520992    150432   8012896  0.003  0.000   27.233    4.189    0    0  (Gen:  0)
   520936     89056   8094408  0.002  0.000   27.236    4.190    0    0  (Gen:  0)
   520352    186992   8195664  0.002  0.000   27.240    4.191    0    0  (Gen:  0)
   521216    144496   8269912  0.002  0.000   27.243    4.191    0    0  (Gen:  0)
   520832    148048   8343608  0.002  0.000   27.247    4.192    0    0  (Gen:  0)
   521400    169248   8427824  0.002  0.000   27.250    4.192    0    0  (Gen:  0)
   520192    160464   8505552  0.002  0.000   27.254    4.193    0    0  (Gen:  0)
   521000    133560   8577720  0.002  0.000   27.257    4.194    0    0  (Gen:  0)
   521024    181920   8673032  0.002  0.000   27.261    4.194    0    0  (Gen:  0)
   521104    159664   8752968  0.002  0.000   27.264    4.195    0    0  (Gen:  0)
   520624    128784   8821800  0.002  0.000   27.268    4.196    0    0  (Gen:  0)
   520888    171672   8907048  0.002  0.000   27.271    4.196    0    0  (Gen:  0)
   520464    168752   8992816  0.002  0.000   27.275    4.197    0    0  (Gen:  0)
   521032    147472   9061464  0.002  0.000   27.278    4.198    0    0  (Gen:  0)
   521424    195056   9168256  0.002  0.000   27.282    4.198    0    0  (Gen:  0)
   520960    178816   9258696  0.002  0.000   27.286    4.199    0    0  (Gen:  0)
   521232    143472   9328888  0.002  0.000   27.290    4.200    0    0  (Gen:  0)
   520336    152952   9391184  0.002  0.000   27.294    4.200    0    0  (Gen:  0)
   520544    186720   9488528  0.002  0.000   27.297    4.201    0    0  (Gen:  0)
   521088    153632   9555968  0.002  0.000   27.301    4.202    0    0  (Gen:  0)
   520232    191136   9657200  0.002  0.000   27.305    4.202    0    0  (Gen:  0)
   521024    161656   9747880  0.002  0.000   27.309    4.203    0    0  (Gen:  0)
   521176    154688   9817256  0.002  0.000   27.312    4.204    0    0  (Gen:  0)
   520872    157480   9882088  0.002  0.000   27.316    4.204    0    0  (Gen:  0)
   521128    126728   9916688  0.002  0.000   27.320    4.205    0    0  (Gen:  0)
   520656     48784   9936896  0.001  0.000   27.323    4.205    0    0  (Gen:  0)
   520136     96048   9999728  0.002  0.000   27.326    4.206    0    0  (Gen:  0)
   520544     65568  10029176  0.001  0.000   27.329    4.206    0    0  (Gen:  0)
   520400     70568  10053008  0.001  0.000   27.332    4.207    0    0  (Gen:  0)
   521752     98744  10103184  0.001  0.000   27.334    4.207    0    0  (Gen:  0)
   521088     83104  10135880  0.001  0.000   27.337    4.208    0    0  (Gen:  0)
   520512     90696  10171688  0.002  0.000   27.340    4.208    0    0  (Gen:  0)
   520592     69640  10224776  0.001  0.000   27.343    4.209    0    0  (Gen:  0)
   520624    117968  10281720  0.002  0.000   27.346    4.209    0    0  (Gen:  0)
   520704    111736  10335520  0.002  0.000   27.350    4.210    0    0  (Gen:  0)
   520624     96224  10382304  0.002  0.000   27.353    4.211    0    0  (Gen:  0)
   521288   4232904   5214568  0.010  0.001   27.364    4.212    0    0  (Gen:  1)
   521056    140744   5289816  0.002  0.000   27.368    4.213    0    0  (Gen:  0)
   520912    108272   5337592  0.002  0.000   27.371    4.213    0    0  (Gen:  0)
   521040    107400   5377056  0.002  0.000   27.374    4.214    0    0  (Gen:  0)
   521016    137560   5446256  0.002  0.000   27.377    4.214    0    0  (Gen:  0)
   520720    110304   5492432  0.002  0.000   27.381    4.215    0    0  (Gen:  0)
   521168    119256   5539328  0.002  0.000   27.384    4.215    0    0  (Gen:  0)
   520976    106184   5603552  0.002  0.000   27.387    4.216    0    0  (Gen:  0)
   520704    140856   5672416  0.002  0.000   27.391    4.217    0    0  (Gen:  0)
   661032    123520   5733568  0.002  0.000   27.394    4.217    0    0  (Gen:  0)
   520688    114544   5794280  0.002  0.000   27.397    4.218    0    0  (Gen:  0)
   520856    156888   5878992  0.002  0.000   27.401    4.218    0    0  (Gen:  0)
   520936    141504   5947584  0.002  0.000   27.404    4.219    0    0  (Gen:  0)
   520944    110144   6005312  0.002  0.000   27.408    4.220    0    0  (Gen:  0)
   521056    152120   6082952  0.002  0.000   27.411    4.220    0    0  (Gen:  0)
   520536    144832   6151072  0.002  0.000   27.414    4.221    0    0  (Gen:  0)
   520856    123088   6205200  0.002  0.000   27.418    4.221    0    0  (Gen:  0)
   520776    131744   6258736  0.002  0.000   27.421    4.222    0    0  (Gen:  0)
   520032    151760   6335376  0.002  0.000   27.425    4.223    0    0  (Gen:  0)
   521296    126256   6390760  0.002  0.000   27.428    4.223    0    0  (Gen:  0)
   521320    148848   6462120  0.002  0.000   27.432    4.224    0    0  (Gen:  0)
   525224    148184   6543472  0.002  0.000   27.435    4.224    0    0  (Gen:  0)
   520552    133608   6598216  0.002  0.000   27.438    4.225    0    0  (Gen:  0)
   520448    174216   6692584  0.002  0.000   27.442    4.226    0    0  (Gen:  0)
   520312    144744   6766112  0.002  0.000   27.445    4.226    0    0  (Gen:  0)
   521080    175520   6859528  0.002  0.000   27.449    4.227    0    0  (Gen:  0)
   525672    156912   6936160  0.002  0.000   27.453    4.227    0    0  (Gen:  0)
   521008    125112   7003280  0.002  0.000   27.456    4.228    0    0  (Gen:  0)
   520712    166544   7088096  0.003  0.000   27.461    4.229    0    0  (Gen:  0)
   525248    147944   7161848  0.003  0.000   27.465    4.229    0    0  (Gen:  0)
   521072    126344   7226456  0.003  0.000   27.470    4.230    0    0  (Gen:  0)
   529008    167392   7312416  0.003  0.000   27.474    4.231    0    0  (Gen:  0)
   557888    162648   7390352  0.003  0.000   27.479    4.232    0    0  (Gen:  0)
   520936    130696   7456632  0.003  0.000   27.484    4.232    0    0  (Gen:  0)
   521136    184128   7556928  0.003  0.000   27.488    4.233    0    0  (Gen:  0)
   520488    159600   7638856  0.003  0.000   27.493    4.234    0    0  (Gen:  0)
   521056    133272   7700896  0.003  0.000   27.498    4.234    0    0  (Gen:  0)
   520776    142008   7759792  0.004  0.000   27.503    4.235    0    0  (Gen:  0)
   521536    169288   7847904  0.003  0.000   27.508    4.236    0    0  (Gen:  0)
   520584    137584   7908624  0.004  0.000   27.513    4.237    0    0  (Gen:  0)
   520232    142688   7966888  0.004  0.000   27.519    4.237    0    0  (Gen:  0)
   520584    173048   8054560  0.003  0.000   27.523    4.238    0    0  (Gen:  0)
   521440    146128   8116168  0.004  0.000   27.529    4.239    0    0  (Gen:  0)
   520712    182840   8211392  0.004  0.000   27.534    4.240    0    0  (Gen:  0)
   521264    104080   8288536  0.003  0.000   27.539    4.240    0    0  (Gen:  0)
   520672    187288   8388832  0.003  0.000   27.543    4.241    0    0  (Gen:  0)
   520992    145368   8465432  0.003  0.000   27.548    4.242    0    0  (Gen:  0)
   520544    120224   8535664  0.003  0.000   27.552    4.242    0    0  (Gen:  0)
   521240    170080   8620680  0.003  0.000   27.557    4.243    0    0  (Gen:  0)
   521104    157032   8699584  0.003  0.000   27.561    4.244    0    0  (Gen:  0)
   521024    118008   8769144  0.004  0.000   27.566    4.245    0    0  (Gen:  0)
   520888    174296   8858528  0.003  0.000   27.570    4.245    0    0  (Gen:  0)
   520864    162632   8938432  0.003  0.000   27.575    4.246    0    0  (Gen:  0)
   520952    135296   9008184  0.004  0.000   27.580    4.247    0    0  (Gen:  0)
   520688    149696   9068472  0.004  0.000   27.586    4.248    0    0  (Gen:  0)
   521128    172432   9155208  0.003  0.000   27.590    4.248    0    0  (Gen:  0)
   520960    142248   9222472  0.003  0.000   27.596    4.249    0    0  (Gen:  0)
   520856    192584   9326304  0.003  0.000   27.601    4.250    0    0  (Gen:  0)
   521080    158160   9415112  0.003  0.000   27.606    4.251    0    0  (Gen:  0)
   520584    147832   9483824  0.004  0.000   27.611    4.251    0    0  (Gen:  0)
   521128    152472   9548872  0.004  0.000   27.617    4.252    0    0  (Gen:  0)
   520360    185472   9643928  0.003  0.000   27.622    4.253    0    0  (Gen:  0)
   520968    148632   9710848  0.004  0.000   27.627    4.254    0    0  (Gen:  0)
   521080    154688   9773328  0.004  0.000   27.633    4.255    0    0  (Gen:  0)
   520296    181920   9867128  0.003  0.000   27.638    4.255    0    0  (Gen:  0)
   520624    155432   9934472  0.004  0.000   27.644    4.256    0    0  (Gen:  0)
   520648    161448  10004000  0.004  0.000   27.650    4.257    0    0  (Gen:  0)
   520888     30168  10027336  0.002  0.000   27.653    4.258    0    0  (Gen:  0)
   521032     68424  10072112  0.002  0.000   27.656    4.258    0    0  (Gen:  0)
   520544     67720  10108016  0.002  0.000   27.660    4.259    0    0  (Gen:  0)
   520688     57896  10135224  0.002  0.000   27.664    4.259    0    0  (Gen:  0)
   520784     71264  10159568  0.003  0.000   27.668    4.260    0    0  (Gen:  0)
   521032    109272  10222312  0.002  0.000   27.672    4.260    0    0  (Gen:  0)
   520832   4126080   5107704  0.012  0.001   27.686    4.262    0    0  (Gen:  1)
   520736     95064   5148024  0.002  0.000   27.690    4.263    0    0  (Gen:  0)
   521144     71056   5198304  0.025  0.002   27.716    4.265    0    0  (Gen:  0)
   521184    132240   5270920  0.003  0.000   27.720    4.266    0    0  (Gen:  0)
   521096    122360   5340472  0.002  0.000   27.724    4.267    0    0  (Gen:  0)
   521160     95544   5385080  0.002  0.000   27.728    4.267    0    0  (Gen:  0)
   520880    148448   5472376  0.003  0.000   27.732    4.268    0    0  (Gen:  0)
   520784    108328   5540624  0.002  0.000   27.736    4.268    0    0  (Gen:  0)
   521192    103720   5587952  0.003  0.000   27.740    4.269    0    0  (Gen:  0)
   520640    108248   5626968  0.003  0.000   27.745    4.270    0    0  (Gen:  0)
   520768    138248   5697136  0.002  0.000   27.748    4.270    0    0  (Gen:  0)
   520976    111584   5741632  0.003  0.000   27.753    4.271    0    0  (Gen:  0)
   520784    124264   5793936  0.002  0.000   27.756    4.271    0    0  (Gen:  0)
   520704    107440   5854888  0.002  0.000   27.760    4.272    0    0  (Gen:  0)
   521208    142472   5924536  0.002  0.000   27.764    4.273    0    0  (Gen:  0)
   520864    129080   5990240  0.002  0.000   27.768    4.273    0    0  (Gen:  0)
   521480    105712   6047280  0.002  0.000   27.773    4.274    0    0  (Gen:  0)
   520624    144176   6119104  0.003  0.000   27.777    4.275    0    0  (Gen:  0)
   520824    142624   6189848  0.002  0.000   27.781    4.275    0    0  (Gen:  0)
   521208    114928   6245216  0.003  0.000   27.785    4.276    0    0  (Gen:  0)
   521232    123928   6293160  0.003  0.000   27.790    4.277    0    0  (Gen:  0)
   521016    148112   6364288  0.003  0.000   27.794    4.277    0    0  (Gen:  0)
   520712    121064   6417264  0.003  0.000   27.799    4.278    0    0  (Gen:  0)
   521264     91040   6504040  0.002  0.000   27.802    4.278    0    0  (Gen:  0)
   520920    141640   6582672  0.002  0.000   27.806    4.279    0    0  (Gen:  0)
   521056    130456   6637048  0.003  0.000   27.811    4.280    0    0  (Gen:  0)
   521440    142160   6700968  0.003  0.000   27.816    4.281    0    0  (Gen:  0)
   521144     91312   6770544  0.002  0.000   27.820    4.281    0    0  (Gen:  0)
   520656    169128   6860400  0.003  0.000   27.824    4.282    0    0  (Gen:  0)
   520760    146384   6932896  0.002  0.000   27.828    4.282    0    0  (Gen:  0)
   520016    126360   7001096  0.003  0.000   27.833    4.283    0    0  (Gen:  0)
   521744    160792   7080360  0.003  0.000   27.837    4.284    0    0  (Gen:  0)
   520776    153504   7158344  0.002  0.000   27.841    4.284    0    0  (Gen:  0)
   520816    125960   7223368  0.003  0.000   27.846    4.285    0    0  (Gen:  0)
   520976    102712   7321536  0.002  0.000   27.849    4.286    0    0  (Gen:  0)
   520280    140928   7403920  0.003  0.000   27.853    4.286    0    0  (Gen:  0)
   521232    127224   7464680  0.003  0.000   27.858    4.287    0    0  (Gen:  0)
   521128    141176   7522192  0.003  0.000   27.863    4.288    0    0  (Gen:  0)
   673488    170864   7612216  0.003  0.000   27.868    4.288    0    0  (Gen:  0)
   521080    133112   7676056  0.003  0.000   27.872    4.289    0    0  (Gen:  0)
   521152    181504   7774640  0.003  0.000   27.877    4.290    0    0  (Gen:  0)
   521064    142656   7856392  0.002  0.000   27.881    4.291    0    0  (Gen:  0)
   521144    136752   7918120  0.003  0.000   27.886    4.291    0    0  (Gen:  0)
   520832    140272   7974560  0.003  0.000   27.891    4.292    0    0  (Gen:  0)
   521640    165528   8059896  0.003  0.000   27.896    4.293    0    0  (Gen:  0)
   520304    140840   8119136  0.003  0.000   27.901    4.293    0    0  (Gen:  0)
   520232    150312   8185640  0.003  0.000   27.906    4.294    0    0  (Gen:  0)
   520856    100968   8264112  0.002  0.000   27.910    4.295    0    0  (Gen:  0)
   521208    169312   8345840  0.003  0.000   27.914    4.295    0    0  (Gen:  0)
   520952    149360   8420352  0.003  0.000   27.919    4.296    0    0  (Gen:  0)
   521032    108592   8494144  0.003  0.000   27.923    4.297    0    0  (Gen:  0)
   520648    178616   8585872  0.003  0.000   27.928    4.298    0    0  (Gen:  0)
   521152    160424   8664576  0.003  0.000   27.932    4.298    0    0  (Gen:  0)
   520448    125856   8733656  0.003  0.000   27.936    4.299    0    0  (Gen:  0)
   521192    174352   8823144  0.003  0.000   27.940    4.300    0    0  (Gen:  0)
   521192    161464   8904200  0.002  0.000   27.944    4.300    0    0  (Gen:  0)
   521048    136000   8973032  0.003  0.000   27.948    4.301    0    0  (Gen:  0)
   520776    148616   9033104  0.003  0.000   27.953    4.302    0    0  (Gen:  0)
   520848    179840   9125392  0.002  0.000   27.957    4.303    0    0  (Gen:  0)
   521024    145168   9200728  0.002  0.000   27.960    4.303    0    0  (Gen:  0)
   520608    126432   9274704  0.003  0.000   27.964    4.304    0    0  (Gen:  0)
   566288    173912   9362792  0.002  0.000   27.969    4.305    0    0  (Gen:  0)
   520376    141848   9428208  0.003  0.000   27.973    4.305    0    0  (Gen:  0)
   520384    190224   9529352  0.002  0.000   27.977    4.306    0    0  (Gen:  0)
   521032    171080   9617960  0.003  0.000   27.981    4.307    0    0  (Gen:  0)
   520704    146184   9685312  0.003  0.000   27.985    4.307    0    0  (Gen:  0)
   520880    153064   9750216  0.003  0.000   27.990    4.308    0    0  (Gen:  0)
   521088    180824   9841120  0.003  0.000   27.995    4.309    0    0  (Gen:  0)
   521048    152432   9907136  0.003  0.000   27.999    4.310    0    0  (Gen:  0)
   520760    157880   9973056  0.004  0.000   28.005    4.311    0    0  (Gen:  0)
   520520     92784  10059424  0.002  0.000   28.009    4.311    0    0  (Gen:  0)
   520656    190800  10158544  0.002  0.000   28.012    4.312    0    0  (Gen:  0)
   520848   3995904   4981672  0.008  0.001   28.022    4.313    0    0  (Gen:  1)
   520800     31176   5001656  0.001  0.000   28.025    4.314    0    0  (Gen:  0)
   520592     63272   5039848  0.001  0.000   28.028    4.314    0    0  (Gen:  0)
   520936     70696   5076112  0.001  0.000   28.030    4.315    0    0  (Gen:  0)
   520320     67432   5103048  0.001  0.000   28.033    4.315    0    0  (Gen:  0)
   520888     71424   5127792  0.001  0.000   28.036    4.316    0    0  (Gen:  0)
   521840    100736   5180688  0.001  0.000   28.039    4.316    0    0  (Gen:  0)
   520752     81632   5210856  0.001  0.000   28.042    4.317    0    0  (Gen:  0)
   520496     99240   5254352  0.001  0.000   28.045    4.317    0    0  (Gen:  0)
   520800     90744   5301056  0.001  0.000   28.048    4.318    0    0  (Gen:  0)
   520640    120688   5361680  0.002  0.000   28.051    4.318    0    0  (Gen:  0)
   520568    115928   5418160  0.002  0.000   28.054    4.319    0    0  (Gen:  0)
   520960     96936   5459456  0.002  0.000   28.057    4.319    0    0  (Gen:  0)
   520904    144248   5543064  0.002  0.000   28.061    4.320    0    0  (Gen:  0)
   521048    122608   5611000  0.002  0.000   28.064    4.321    0    0  (Gen:  0)
   521112    105216   5655776  0.002  0.000   28.068    4.321    0    0  (Gen:  0)
   521096    108992   5694848  0.002  0.000   28.071    4.322    0    0  (Gen:  0)
   520912    135848   5762528  0.002  0.000   28.074    4.322    0    0  (Gen:  0)
   520944    112872   5806384  0.002  0.000   28.077    4.323    0    0  (Gen:  0)
   521192    127464   5864368  0.002  0.000   28.081    4.324    0    0  (Gen:  0)
   520672    107840   5922592  0.002  0.000   28.084    4.324    0    0  (Gen:  0)
   520856    143688   5993072  0.002  0.000   28.087    4.325    0    0  (Gen:  0)
   702008    131296   6055624  0.002  0.000   28.091    4.325    0    0  (Gen:  0)
   521048    111048   6111560  0.002  0.000   28.094    4.326    0    0  (Gen:  0)
   520976    147808   6187808  0.002  0.000   28.098    4.326    0    0  (Gen:  0)
   520640    144168   6258480  0.002  0.000   28.101    4.327    0    0  (Gen:  0)
   520808    118784   6313784  0.002  0.000   28.105    4.328    0    0  (Gen:  0)
   521272    124456   6362048  0.002  0.000   28.108    4.328    0    0  (Gen:  0)
   520568    148232   6433152  0.002  0.000   28.111    4.329    0    0  (Gen:  0)
   521256    122344   6485536  0.002  0.000   28.114    4.329    0    0  (Gen:  0)
   521120    131088   6538952  0.002  0.000   28.118    4.330    0    0  (Gen:  0)
   520592    152728   6616896  0.002  0.000   28.121    4.331    0    0  (Gen:  0)
   520856    130752   6670496  0.002  0.000   28.125    4.331    0    0  (Gen:  0)
   520648    141144   6734536  0.002  0.000   28.128    4.332    0    0  (Gen:  0)
   520968    122328   6804584  0.002  0.000   28.131    4.332    0    0  (Gen:  0)
   520512    170784   6896656  0.002  0.000   28.135    4.333    0    0  (Gen:  0)
   520752    149128   6967240  0.002  0.000   28.138    4.334    0    0  (Gen:  0)
   519856    128832   7037232  0.002  0.000   28.142    4.334    0    0  (Gen:  0)
   520656    170192   7126672  0.002  0.000   28.145    4.335    0    0  (Gen:  0)
   520784    154424   7204928  0.002  0.000   28.149    4.336    0    0  (Gen:  0)
   520976    128056   7268560  0.002  0.000   28.152    4.336    0    0  (Gen:  0)
   520536    161192   7346768  0.002  0.000   28.156    4.337    0    0  (Gen:  0)
   520856    156976   7423256  0.002  0.000   28.159    4.337    0    0  (Gen:  0)
   520816    133216   7484728  0.002  0.000   28.162    4.338    0    0  (Gen:  0)
   520624    140376   7540576  0.002  0.000   28.166    4.339    0    0  (Gen:  0)
   537264    175008   7631824  0.002  0.000   28.170    4.339    0    0  (Gen:  0)
   521064    136096   7695008  0.002  0.000   28.173    4.340    0    0  (Gen:  0)
   520240    175776   7788664  0.002  0.000   28.177    4.341    0    0  (Gen:  0)
   521120    161064   7869808  0.002  0.000   28.180    4.341    0    0  (Gen:  0)
   520624    137368   7929944  0.002  0.000   28.184    4.342    0    0  (Gen:  0)
   520728    145176   7991160  0.002  0.000   28.187    4.342    0    0  (Gen:  0)
   520488    156376   8069976  0.002  0.000   28.191    4.343    0    0  (Gen:  0)
   521096    103872   8169424  0.001  0.000   28.193    4.344    0    0  (Gen:  0)
   521232    144552   8243392  0.002  0.000   28.197    4.344    0    0  (Gen:  0)
   520768    137432   8318624  0.002  0.000   28.200    4.345    0    0  (Gen:  0)
   520672    169408   8401432  0.002  0.000   28.204    4.345    0    0  (Gen:  0)
   521072    156904   8477920  0.002  0.000   28.207    4.346    0    0  (Gen:  0)
   520864    145728   8549624  0.002  0.000   28.211    4.347    0    0  (Gen:  0)
   521208    179848   8642624  0.002  0.000   28.214    4.347    0    0  (Gen:  0)
   520480    161736   8723856  0.002  0.000   28.218    4.348    0    0  (Gen:  0)
   520952    132976   8789976  0.002  0.000   28.222    4.349    0    0  (Gen:  0)
   520552    167504   8872064  0.002  0.000   28.225    4.349    0    0  (Gen:  0)
   521184    166512   8954376  0.002  0.000   28.229    4.350    0    0  (Gen:  0)
   520784    138000   9022048  0.002  0.000   28.232    4.351    0    0  (Gen:  0)
   521272    148328   9081280  0.002  0.000   28.236    4.351    0    0  (Gen:  0)
   520656    187200   9181120  0.002  0.000   28.240    4.352    0    0  (Gen:  0)
   521168    142752   9248272  0.002  0.000   28.244    4.353    0    0  (Gen:  0)
   520832    148808   9307960  0.002  0.000   28.248    4.353    0    0  (Gen:  0)
   520584    175376   9397488  0.002  0.000   28.251    4.354    0    0  (Gen:  0)
   520368    146296   9460016  0.002  0.000   28.255    4.355    0    0  (Gen:  0)
   520696    186568   9557920  0.002  0.000   28.259    4.355    0    0  (Gen:  0)
   520744    170408   9645656  0.002  0.000   28.263    4.356    0    0  (Gen:  0)
   520776    147488   9711448  0.002  0.000   28.266    4.357    0    0  (Gen:  0)
   520896    155872   9779496  0.002  0.000   28.270    4.357    0    0  (Gen:  0)
   521120    135192   9863904  0.002  0.000   28.273    4.358    0    0  (Gen:  0)
   520768    188640   9965440  0.002  0.000   28.277    4.359    0    0  (Gen:  0)
   520816   5345904   6331552  0.012  0.001   28.291    4.360    0    0  (Gen:  1)
   520728    157192   6395728  0.003  0.000   28.296    4.361    0    0  (Gen:  0)
   520584    180864   6482840  0.002  0.000   28.300    4.362    0    0  (Gen:  0)
   520864    146512   6552280  0.003  0.000   28.305    4.363    0    0  (Gen:  0)
   521160     32320   6571368  0.002  0.000   28.308    4.363    0    0  (Gen:  0)
   521256     65128   6610456  0.002  0.000   28.311    4.364    0    0  (Gen:  0)
   521000     71912   6647264  0.001  0.000   28.314    4.364    0    0  (Gen:  0)
   520232     63376   6673240  0.002  0.000   28.317    4.365    0    0  (Gen:  0)
   520952     71632   6698072  0.002  0.000   28.320    4.365    0    0  (Gen:  0)
   521736     99848   6749864  0.002  0.000   28.324    4.366    0    0  (Gen:  0)
   520808     82760   6778800  0.002  0.000   28.327    4.367    0    0  (Gen:  0)
   520496    102432   6824696  0.002  0.000   28.330    4.367    0    0  (Gen:  0)
   520720     90176   6870672  0.002  0.000   28.334    4.368    0    0  (Gen:  0)
   520584    123296   6934376  0.002  0.000   28.337    4.368    0    0  (Gen:  0)
   520768    119520   6992776  0.002  0.000   28.341    4.369    0    0  (Gen:  0)
   521040     95472   7033024  0.002  0.000   28.344    4.369    0    0  (Gen:  0)
   520872    141632   7113808  0.002  0.000   28.348    4.370    0    0  (Gen:  0)
   520792    116920   7181760  0.002  0.000   28.353    4.371    0    0  (Gen:  0)
   521312    104704   7225320  0.002  0.000   28.357    4.371    0    0  (Gen:  0)
   521024    117160   7273216  0.002  0.000   28.361    4.372    0    0  (Gen:  0)
   521016     83600   7334632  0.002  0.000   28.364    4.373    0    0  (Gen:  0)
   521040    151576   7417920  0.002  0.000   28.368    4.373    0    0  (Gen:  0)
   521144    119976   7480760  0.002  0.000   28.372    4.374    0    0  (Gen:  0)
   520360    108544   7538288  0.002  0.000   28.376    4.375    0    0  (Gen:  0)
   521240     81592   7615776  0.002  0.000   28.379    4.375    0    0  (Gen:  0)
   521120    137936   7684728  0.002  0.000   28.383    4.376    0    0  (Gen:  0)
   520808    109544   7736784  0.002  0.000   28.387    4.377    0    0  (Gen:  0)
   520976    161456   7824968  0.003  0.000   28.391    4.377    0    0  (Gen:  0)
   520832    129696   7905416  0.003  0.000   28.395    4.378    0    0  (Gen:  0)
   521008    110592   7955472  0.003  0.000   28.399    4.379    0    0  (Gen:  0)
   520976    143984   8027544  0.002  0.000   28.403    4.379    0    0  (Gen:  0)
   520544    138760   8102792  0.002  0.000   28.407    4.380    0    0  (Gen:  0)
   521352    124288   8154792  0.003  0.000   28.411    4.381    0    0  (Gen:  0)
   520896    137792   8214016  0.003  0.000   28.416    4.381    0    0  (Gen:  0)
   520760     98736   8284064  0.002  0.000   28.420    4.382    0    0  (Gen:  0)
   520856    155920   8359952  0.002  0.000   28.423    4.383    0    0  (Gen:  0)
   520776    138224   8432848  0.002  0.000   28.427    4.383    0    0  (Gen:  0)
   520664    108384   8495600  0.003  0.000   28.432    4.384    0    0  (Gen:  0)
   520408    162376   8581376  0.004  0.000   28.437    4.385    0    0  (Gen:  0)
   520992    148848   8656072  0.003  0.000   28.442    4.385    0    0  (Gen:  0)
   519936    118528   8723472  0.002  0.000   28.446    4.386    0    0  (Gen:  0)
   520264    116848   8797952  0.003  0.000   28.450    4.387    0    0  (Gen:  0)
   521328    161464   8877168  0.003  0.000   28.455    4.387    0    0  (Gen:  0)
   520600    124480   8940200  0.003  0.000   28.460    4.388    0    0  (Gen:  0)
   520864    138568   8994248  0.004  0.000   28.465    4.389    0    0  (Gen:  0)
   520776    171256   9085136  0.003  0.000   28.470    4.390    0    0  (Gen:  0)
   520872    134080   9141776  0.003  0.000   28.475    4.390    0    0  (Gen:  0)
   520608    140048   9199600  0.004  0.000   28.481    4.391    0    0  (Gen:  0)
   562512    168960   9286624  0.003  0.000   28.486    4.392    0    0  (Gen:  0)
   521216    137056   9346936  0.005  0.000   28.493    4.393    0    0  (Gen:  0)
   520176    175568   9442088  0.003  0.000   28.498    4.394    0    0  (Gen:  0)
   520920    110080   9516528  0.003  0.000   28.502    4.394    0    0  (Gen:  0)
   520864    174672   9609936  0.003  0.000   28.507    4.395    0    0  (Gen:  0)
   520424    143304   9683304  0.003  0.000   28.512    4.396    0    0  (Gen:  0)
   520696    111728   9754728  0.003  0.000   28.516    4.397    0    0  (Gen:  0)
   521192    177032   9846720  0.003  0.000   28.521    4.397    0    0  (Gen:  0)
   521320    156864   9924696  0.003  0.000   28.525    4.398    0    0  (Gen:  0)
   520504    129472   9995840  0.003  0.000   28.530    4.399    0    0  (Gen:  0)
   520952    169744  10078232  0.004  0.000   28.536    4.399    0    0  (Gen:  0)
   520976    172800  10171376  0.004  0.000   28.541    4.400    0    0  (Gen:  0)
   520768    127000  10239520  0.003  0.000   28.546    4.401    0    0  (Gen:  0)
   521296    195312  10349320  0.003  0.000   28.551    4.402    0    0  (Gen:  0)
   520344    144256  10436160  0.002  0.000   28.556    4.402    0    0  (Gen:  0)
   521064    129680  10502120  0.003  0.000   28.561    4.403    0    0  (Gen:  0)
   520584    147776  10562952  0.004  0.000   28.566    4.404    0    0  (Gen:  0)
   521040    172008  10648464  0.003  0.000   28.571    4.405    0    0  (Gen:  0)
   520824    138688  10711448  0.004  0.000   28.576    4.406    0    0  (Gen:  0)
   521696    146576  10770360  0.005  0.000   28.583    4.407    0    0  (Gen:  0)
   520376    172912  10856216  0.004  0.000   28.589    4.407    0    0  (Gen:  0)
   521056    145400  10920512  0.004  0.000   28.595    4.408    0    0  (Gen:  0)
   521008    167528  11000232  0.003  0.000   28.599    4.409    0    0  (Gen:  0)
   524112    166392  11093080  0.003  0.000   28.604    4.410    0    0  (Gen:  0)
   520768    149264  11155296  0.004  0.000   28.610    4.410    0    0  (Gen:  0)
   520992    191272  11257464  0.004  0.000   28.616    4.411    0    0  (Gen:  0)
   520824    112464  11336128  0.003  0.000   28.620    4.412    0    0  (Gen:  0)
   521032    172504  11420576  0.003  0.000   28.625    4.413    0    0  (Gen:  0)
   521088    150992  11501440  0.003  0.000   28.629    4.414    0    0  (Gen:  0)
   521016    124224  11579200  0.004  0.000   28.635    4.414    0    0  (Gen:  0)
   520616    189456  11679960  0.003  0.000   28.640    4.415    0    0  (Gen:  0)
   520880    158224  11759536  0.003  0.000   28.645    4.416    0    0  (Gen:  0)
   520824    136936  11838704  0.003  0.000   28.650    4.417    0    0  (Gen:  0)
   520440    190936  11936216  0.003  0.000   28.655    4.417    0    0  (Gen:  0)
   524640    144040  11997544  0.003  0.000   28.660    4.418    0    0  (Gen:  0)
   521080     37912  12017464  0.002  0.000   28.663    4.419    0    0  (Gen:  0)
   521440     79272  12068384  0.002  0.000   28.666    4.419    0    0  (Gen:  0)
   520736     73768  12108952  0.002  0.000   28.670    4.420    0    0  (Gen:  0)
   520296     66648  12135648  0.002  0.000   28.674    4.420    0    0  (Gen:  0)
   521240     84672  12170840  0.002  0.000   28.677    4.421    0    0  (Gen:  0)
   521512     74288  12211904  0.003  0.000   28.681    4.421    0    0  (Gen:  0)
   520752    105856  12264064  0.003  0.000   28.685    4.422    0    0  (Gen:  0)
   520320    114504  12329032  0.002  0.000   28.689    4.423    0    0  (Gen:  0)
   520848   4172712   5158360  0.013  0.001   28.704    4.424    0    0  (Gen:  1)
   520496     96488   5193360  0.003  0.000   28.709    4.425    0    0  (Gen:  0)
   520776    130840   5263800  0.002  0.000   28.713    4.425    0    0  (Gen:  0)
   521144     95320   5301968  0.003  0.000   28.717    4.426    0    0  (Gen:  0)
   520912    141896   5380976  0.003  0.000   28.722    4.427    0    0  (Gen:  0)
   520944     68640   5442432  0.002  0.000   28.726    4.427    0    0  (Gen:  0)
   521216    127008   5502256  0.002  0.000   28.730    4.428    0    0  (Gen:  0)
   520928    116792   5562248  0.002  0.000   28.733    4.429    0    0  (Gen:  0)
   521192     93464   5617872  0.002  0.000   28.738    4.429    0    0  (Gen:  0)
   520936    144760   5693944  0.002  0.000   28.741    4.430    0    0  (Gen:  0)
   521168    131600   5759528  0.002  0.000   28.744    4.430    0    0  (Gen:  0)
   520464    111864   5813968  0.002  0.000   28.748    4.431    0    0  (Gen:  0)
   521152    119232   5858152  0.003  0.000   28.753    4.432    0    0  (Gen:  0)
   673032    147088   5936168  0.002  0.000   28.756    4.432    0    0  (Gen:  0)
   520488    115288   5988408  0.002  0.000   28.760    4.433    0    0  (Gen:  0)
   521408    161984   6076872  0.002  0.000   28.764    4.434    0    0  (Gen:  0)
   521032    134176   6152096  0.002  0.000   28.767    4.434    0    0  (Gen:  0)
   521024    116776   6202136  0.003  0.000   28.771    4.435    0    0  (Gen:  0)
   520544    124168   6252192  0.002  0.000   28.775    4.436    0    0  (Gen:  0)
   520136    125200   6321640  0.002  0.000   28.779    4.436    0    0  (Gen:  0)
   520648    126088   6374656  0.003  0.000   28.783    4.437    0    0  (Gen:  0)
   520624    161832   6457968  0.002  0.000   28.787    4.437    0    0  (Gen:  0)
   520776    120848   6526224  0.002  0.000   28.790    4.438    0    0  (Gen:  0)
   520864    164664   6612376  0.002  0.000   28.794    4.439    0    0  (Gen:  0)
   524888    145832   6685504  0.002  0.000   28.797    4.439    0    0  (Gen:  0)
   521112    113344   6747632  0.002  0.000   28.802    4.440    0    0  (Gen:  0)
   520504    159008   6830872  0.002  0.000   28.805    4.441    0    0  (Gen:  0)
   520984    152840   6905440  0.003  0.000   28.809    4.441    0    0  (Gen:  0)
   519992    120560   6971088  0.003  0.000   28.813    4.442    0    0  (Gen:  0)
   520312    137800   7025328  0.004  0.000   28.818    4.443    0    0  (Gen:  0)
   525280    162432   7104704  0.002  0.000   28.822    4.443    0    0  (Gen:  0)
   520840    131360   7166672  0.003  0.000   28.826    4.444    0    0  (Gen:  0)
   520832    139608   7222400  0.003  0.000   28.832    4.445    0    0  (Gen:  0)
   525032    162920   7303712  0.002  0.000   28.836    4.446    0    0  (Gen:  0)
   525008    133728   7360768  0.003  0.000   28.841    4.446    0    0  (Gen:  0)
   543896    139800   7417824  0.003  0.000   28.846    4.447    0    0  (Gen:  0)
   541768    167080   7503528  0.002  0.000   28.850    4.448    0    0  (Gen:  0)
   520936    141384   7563192  0.003  0.000   28.855    4.449    0    0  (Gen:  0)
   520776    175008   7657320  0.003  0.000   28.860    4.449    0    0  (Gen:  0)
   520664    104832   7728872  0.002  0.000   28.864    4.450    0    0  (Gen:  0)
   520848    161064   7807728  0.002  0.000   28.868    4.451    0    0  (Gen:  0)
   521312    138104   7881472  0.002  0.000   28.872    4.451    0    0  (Gen:  0)
   521368    127312   7953600  0.003  0.000   28.876    4.452    0    0  (Gen:  0)
   520824    180840   8048912  0.002  0.000   28.880    4.453    0    0  (Gen:  0)
   520992    156320   8127824  0.002  0.000   28.884    4.453    0    0  (Gen:  0)
   520664    130248   8197768  0.003  0.000   28.889    4.454    0    0  (Gen:  0)
   520952    170040   8281712  0.003  0.000   28.893    4.455    0    0  (Gen:  0)
   521072    163072   8361616  0.002  0.000   28.897    4.455    0    0  (Gen:  0)
   521160    133432   8428560  0.003  0.000   28.902    4.456    0    0  (Gen:  0)
   521696    111776   8535984  0.002  0.000   28.905    4.457    0    0  (Gen:  0)
   520928    135200   8622480  0.002  0.000   28.909    4.457    0    0  (Gen:  0)
   521296    134056   8688168  0.003  0.000   28.913    4.458    0    0  (Gen:  0)
   520648    147856   8748168  0.004  0.000   28.919    4.459    0    0  (Gen:  0)
   520800    183344   8846928  0.002  0.000   28.923    4.459    0    0  (Gen:  0)
   520536    142328   8907864  0.003  0.000   28.928    4.460    0    0  (Gen:  0)
   521736    147928   8966976  0.004  0.000   28.933    4.461    0    0  (Gen:  0)
   520464    172288   9053040  0.002  0.000   28.938    4.462    0    0  (Gen:  0)
   520864    148112   9116792  0.004  0.000   28.943    4.463    0    0  (Gen:  0)
   521000    153872   9182872  0.003  0.000   28.948    4.463    0    0  (Gen:  0)
   520592     96544   9264416  0.002  0.000   28.953    4.464    0    0  (Gen:  0)
   519848    185464   9362392  0.002  0.000   28.957    4.465    0    0  (Gen:  0)
   521336    150088   9439928  0.003  0.000   28.961    4.465    0    0  (Gen:  0)
   521320    120072   9517400  0.003  0.000   28.966    4.466    0    0  (Gen:  0)
   520776    172936   9600728  0.002  0.000   28.970    4.467    0    0  (Gen:  0)
   520152    158536   9684936  0.003  0.000   28.974    4.468    0    0  (Gen:  0)
   520856    116584   9759664  0.003  0.000   28.979    4.468    0    0  (Gen:  0)
   520728    186864   9858016  0.003  0.000   28.983    4.469    0    0  (Gen:  0)
   520576    162632   9937600  0.002  0.000   28.987    4.470    0    0  (Gen:  0)
   520368    141832  10015408  0.003  0.000   28.992    4.470    0    0  (Gen:  0)
   521088    183536  10105032  0.003  0.000   28.996    4.471    0    0  (Gen:  0)
   520744    142064  10160952  0.003  0.000   29.001    4.472    0    0  (Gen:  0)
   521264   4025936   5015632  0.011  0.001   29.014    4.473    0    0  (Gen:  1)
   521272     75976   5061792  0.002  0.000   29.018    4.474    0    0  (Gen:  0)
   520784     75296   5102808  0.002  0.000   29.021    4.474    0    0  (Gen:  0)
   520136     64520   5127360  0.002  0.000   29.025    4.475    0    0  (Gen:  0)
   521544    106992   5186464  0.002  0.000   29.028    4.476    0    0  (Gen:  0)
   521344     80880   5227184  0.003  0.000   29.032    4.476    0    0  (Gen:  0)
   520808    115696   5288584  0.002  0.000   29.036    4.477    0    0  (Gen:  0)
   520344    108328   5341944  0.002  0.000   29.040    4.477    0    0  (Gen:  0)
   520800     86352   5384464  0.003  0.000   29.044    4.478    0    0  (Gen:  0)
   520512     97032   5419776  0.003  0.000   29.048    4.479    0    0  (Gen:  0)
   660904    126472   5486616  0.003  0.000   29.052    4.479    0    0  (Gen:  0)
   520472     94192   5525480  0.002  0.000   29.056    4.480    0    0  (Gen:  0)
   520360    144864   5607416  0.002  0.000   29.060    4.480    0    0  (Gen:  0)
   521120    118496   5670968  0.002  0.000   29.064    4.481    0    0  (Gen:  0)
   521160    108176   5712568  0.003  0.000   29.068    4.482    0    0  (Gen:  0)
   524736    143656   5788888  0.003  0.000   29.073    4.482    0    0  (Gen:  0)
   521168     89928   5844840  0.002  0.000   29.077    4.483    0    0  (Gen:  0)
   520904    144808   5921480  0.002  0.000   29.081    4.484    0    0  (Gen:  0)
   524448    140576   5999072  0.002  0.000   29.085    4.484    0    0  (Gen:  0)
   525280    104536   6053720  0.003  0.000   29.089    4.485    0    0  (Gen:  0)
   528864    119408   6098624  0.003  0.000   29.094    4.486    0    0  (Gen:  0)
   557392    141600   6167392  0.003  0.000   29.099    4.486    0    0  (Gen:  0)
   521072    115472   6217992  0.003  0.000   29.103    4.487    0    0  (Gen:  0)
   520488    156568   6301608  0.002  0.000   29.107    4.488    0    0  (Gen:  0)
   520776    134200   6374960  0.002  0.000   29.111    4.488    0    0  (Gen:  0)
   521408    118984   6423640  0.003  0.000   29.115    4.489    0    0  (Gen:  0)
   520328    151104   6501768  0.003  0.000   29.120    4.490    0    0  (Gen:  0)
   520392    113792   6567160  0.002  0.000   29.124    4.490    0    0  (Gen:  0)
   520920    155832   6648824  0.003  0.000   29.128    4.491    0    0  (Gen:  0)
   520512    135824   6714384  0.002  0.000   29.132    4.492    0    0  (Gen:  0)
   520904    114888   6781520  0.003  0.000   29.137    4.492    0    0  (Gen:  0)
   520960    155904   6857752  0.003  0.000   29.141    4.493    0    0  (Gen:  0)
   520816    145904   6932744  0.003  0.000   29.145    4.494    0    0  (Gen:  0)
   521104    109752   6992376  0.003  0.000   29.150    4.494    0    0  (Gen:  0)
   521432    160496   7074728  0.002  0.000   29.154    4.495    0    0  (Gen:  0)
   521256    147672   7156080  0.002  0.000   29.158    4.496    0    0  (Gen:  0)
   520256    132200   7219408  0.003  0.000   29.163    4.496    0    0  (Gen:  0)
   520504    137456   7274416  0.003  0.000   29.168    4.497    0    0  (Gen:  0)
   521472    175400   7367664  0.003  0.000   29.172    4.498    0    0  (Gen:  0)
   520568    133304   7428064  0.003  0.000   29.177    4.499    0    0  (Gen:  0)
   520848    139144   7481856  0.004  0.000   29.183    4.499    0    0  (Gen:  0)
   520664    162752   7563448  0.003  0.000   29.186    4.500    0    0  (Gen:  0)
   520960    132040   7618456  0.004  0.000   29.192    4.501    0    0  (Gen:  0)
   537264    172864   7711256  0.003  0.000   29.197    4.501    0    0  (Gen:  0)
   521296    103480   7787224  0.002  0.000   29.201    4.502    0    0  (Gen:  0)
   520744    173896   7878680  0.002  0.000   29.205    4.503    0    0  (Gen:  0)
   521528    150408   7950760  0.003  0.000   29.209    4.503    0    0  (Gen:  0)
   520384    132784   8020224  0.003  0.000   29.214    4.504    0    0  (Gen:  0)
   521048    163288   8100232  0.003  0.000   29.218    4.505    0    0  (Gen:  0)
   520496    151416   8174624  0.003  0.000   29.223    4.506    0    0  (Gen:  0)
   520400    120080   8245080  0.003  0.000   29.227    4.506    0    0  (Gen:  0)
   520608    175608   8335600  0.003  0.000   29.232    4.507    0    0  (Gen:  0)
   521208    161216   8414752  0.003  0.000   29.236    4.508    0    0  (Gen:  0)
   520632    137688   8484936  0.003  0.000   29.241    4.508    0    0  (Gen:  0)
   521264    146672   8543208  0.003  0.000   29.246    4.509    0    0  (Gen:  0)
   520728    167072   8625216  0.002  0.000   29.250    4.510    0    0  (Gen:  0)
   520656    134184   8688432  0.003  0.000   29.255    4.511    0    0  (Gen:  0)
   521312    176640   8779544  0.003  0.000   29.260    4.511    0    0  (Gen:  0)
   520672    163416   8866600  0.003  0.000   29.264    4.512    0    0  (Gen:  0)
   520984    140664   8931360  0.003  0.000   29.269    4.513    0    0  (Gen:  0)
   521064    149144   8990944  0.004  0.000   29.274    4.514    0    0  (Gen:  0)
   520760    173136   9078064  0.003  0.000   29.279    4.514    0    0  (Gen:  0)
   520968    142704   9139784  0.004  0.000   29.284    4.515    0    0  (Gen:  0)
   521296    149888   9199496  0.004  0.000   29.290    4.516    0    0  (Gen:  0)
   521408     86784   9281456  0.002  0.000   29.293    4.516    0    0  (Gen:  0)
   520304    178952   9374808  0.003  0.000   29.298    4.517    0    0  (Gen:  0)
   520680    145720   9451704  0.003  0.000   29.303    4.518    0    0  (Gen:  0)
   521400    153584   9530392  0.003  0.000   29.307    4.519    0    0  (Gen:  0)
   520448    189992   9632776  0.003  0.000   29.311    4.519    0    0  (Gen:  0)
   520888    153112   9712256  0.003  0.000   29.316    4.520    0    0  (Gen:  0)
   521328    124512   9787576  0.003  0.000   29.321    4.521    0    0  (Gen:  0)
   520984    176120   9874176  0.003  0.000   29.325    4.522    0    0  (Gen:  0)
   521176    162976   9956536  0.003  0.000   29.330    4.522    0    0  (Gen:  0)
   521088   5311472   6301080  0.016  0.001   29.348    4.524    0    0  (Gen:  1)
   520616    183568   6395360  0.003  0.000   29.353    4.525    0    0  (Gen:  0)
   520960    164696   6476888  0.003  0.000   29.356    4.526    0    0  (Gen:  0)
   520312    135584   6552024  0.003  0.000   29.360    4.526    0    0  (Gen:  0)
   521264    180776   6639288  0.003  0.000   29.364    4.527    0    0  (Gen:  0)
   586856    142464   6692976  0.003  0.000   29.368    4.527    0    0  (Gen:  0)
   553720     39736   6711472  0.002  0.000   29.370    4.528    0    0  (Gen:  0)
   520688     77056   6759536  0.002  0.000   29.373    4.528    0    0  (Gen:  0)
   537200     72152   6805344  0.002  0.000   29.375    4.529    0    0  (Gen:  0)
   520816     65856   6830272  0.002  0.000   29.378    4.529    0    0  (Gen:  0)
   537096     88312   6869232  0.002  0.000   29.381    4.530    0    0  (Gen:  0)
   521056     71192   6908128  0.002  0.000   29.383    4.530    0    0  (Gen:  0)
   520824    111504   6965744  0.002  0.000   29.386    4.531    0    0  (Gen:  0)
   520848    106560   7018640  0.002  0.000   29.389    4.531    0    0  (Gen:  0)
   521296     89168   7060960  0.003  0.000   29.393    4.532    0    0  (Gen:  0)
   520936     97272   7096320  0.003  0.000   29.396    4.532    0    0  (Gen:  0)
   537600    123104   7159120  0.002  0.000   29.400    4.533    0    0  (Gen:  0)
   520336     98096   7197608  0.003  0.000   29.403    4.533    0    0  (Gen:  0)
   520856     86192   7279456  0.002  0.000   29.406    4.534    0    0  (Gen:  0)
   521088     85896   7335264  0.003  0.000   29.410    4.534    0    0  (Gen:  0)
   521560    128912   7397528  0.002  0.000   29.413    4.535    0    0  (Gen:  0)
   521656    122680   7461720  0.002  0.000   29.416    4.535    0    0  (Gen:  0)
   521224    103432   7512648  0.003  0.000   29.419    4.536    0    0  (Gen:  0)
   521032    112368   7555688  0.004  0.000   29.424    4.537    0    0  (Gen:  0)
   520888    149096   7636112  0.003  0.000   29.428    4.537    0    0  (Gen:  0)
   521176    107960   7689504  0.003  0.000   29.432    4.538    0    0  (Gen:  0)
   520648    118976   7734208  0.003  0.000   29.436    4.538    0    0  (Gen:  0)
   537392    155048   7816248  0.002  0.000   29.439    4.539    0    0  (Gen:  0)
   520704    115176   7864088  0.003  0.000   29.443    4.540    0    0  (Gen:  0)
   521088    163744   7954720  0.003  0.000   29.447    4.540    0    0  (Gen:  0)
   520544    106360   8021064  0.003  0.000   29.450    4.541    0    0  (Gen:  0)
   521224    146736   8092464  0.003  0.000   29.454    4.541    0    0  (Gen:  0)
   520896    127832   8158144  0.002  0.000   29.457    4.542    0    0  (Gen:  0)
   520896    112744   8217704  0.003  0.000   29.461    4.542    0    0  (Gen:  0)
   521112    159688   8301824  0.003  0.000   29.464    4.543    0    0  (Gen:  0)
   521096    139896   8371320  0.002  0.000   29.468    4.544    0    0  (Gen:  0)
   520056    122048   8435208  0.003  0.000   29.471    4.544    0    0  (Gen:  0)
   520744    129184   8484128  0.003  0.000   29.476    4.545    0    0  (Gen:  0)
   520928    157192   8562984  0.003  0.000   29.480    4.545    0    0  (Gen:  0)
   520904    121432   8620152  0.003  0.000   29.484    4.546    0    0  (Gen:  0)
   520984    167992   8709848  0.003  0.000   29.488    4.547    0    0  (Gen:  0)
   521000    141336   8792528  0.003  0.000   29.491    4.547    0    0  (Gen:  0)
   520512    132696   8851640  0.004  0.000   29.496    4.548    0    0  (Gen:  0)
   521064    138080   8906680  0.003  0.000   29.500    4.548    0    0  (Gen:  0)
   521232    166696   8990368  0.003  0.000   29.503    4.549    0    0  (Gen:  0)
   521112    139944   9050104  0.004  0.000   29.508    4.550    0    0  (Gen:  0)
   520688    146704   9112504  0.003  0.000   29.512    4.550    0    0  (Gen:  0)
   520840    112872   9184200  0.003  0.000   29.515    4.551    0    0  (Gen:  0)
   520960    163120   9264824  0.003  0.000   29.518    4.551    0    0  (Gen:  0)
   536888    147408   9340864  0.003  0.000   29.522    4.552    0    0  (Gen:  0)
   521256    132176   9410200  0.003  0.000   29.526    4.553    0    0  (Gen:  0)
   520560    168088   9495608  0.003  0.000   29.530    4.553    0    0  (Gen:  0)
   520456    155096   9572576  0.003  0.000   29.534    4.554    0    0  (Gen:  0)
   521128    120224   9637224  0.003  0.000   29.537    4.554    0    0  (Gen:  0)
   520464    141784   9695680  0.004  0.000   29.542    4.555    0    0  (Gen:  0)
   520840    176048   9788432  0.004  0.000   29.546    4.556    0    0  (Gen:  0)
   520600    140176   9853616  0.003  0.000   29.550    4.556    0    0  (Gen:  0)
   520568    143744   9913016  0.004  0.000   29.555    4.557    0    0  (Gen:  0)
   520616    178704  10006496  0.003  0.000   29.559    4.558    0    0  (Gen:  0)
   520720    135192  10068440  0.003  0.000   29.563    4.558    0    0  (Gen:  0)
   521272    166400  10147528  0.003  0.000   29.566    4.559    0    0  (Gen:  0)
   520424    154416  10234848  0.002  0.000   29.570    4.560    0    0  (Gen:  0)
   520712    141408  10295968  0.004  0.000   29.574    4.560    0    0  (Gen:  0)
   520816    187360  10396944  0.004  0.000   29.580    4.561    0    0  (Gen:  0)
   520856    123136  10477160  0.002  0.000   29.583    4.562    0    0  (Gen:  0)
   520928    185344  10576880  0.003  0.000   29.588    4.562    0    0  (Gen:  0)
   521000    140656  10652456  0.003  0.000   29.591    4.563    0    0  (Gen:  0)
   521080    114632  10727496  0.003  0.000   29.595    4.563    0    0  (Gen:  0)
   520472    183264  10824576  0.003  0.000   29.598    4.564    0    0  (Gen:  0)
   520912    152456  10901264  0.003  0.000   29.602    4.565    0    0  (Gen:  0)
   520624    121592  10973344  0.003  0.000   29.606    4.565    0    0  (Gen:  0)
   521304    170464  11055736  0.003  0.000   29.610    4.566    0    0  (Gen:  0)
   520792    174136  11152888  0.003  0.000   29.614    4.567    0    0  (Gen:  0)
   520728    146224  11222392  0.003  0.000   29.618    4.567    0    0  (Gen:  0)
   520768     94128  11312792  0.002  0.000   29.621    4.568    0    0  (Gen:  0)
   520936    169832  11395408  0.003  0.000   29.625    4.569    0    0  (Gen:  0)
   520936    139672  11466008  0.003  0.000   29.629    4.569    0    0  (Gen:  0)
   521448    155072  11529720  0.004  0.000   29.634    4.570    0    0  (Gen:  0)
   521672    183640  11622360  0.003  0.000   29.638    4.571    0    0  (Gen:  0)
   520864    146984  11692216  0.004  0.000   29.642    4.571    0    0  (Gen:  0)
   520240    110400  11798528  0.002  0.000   29.645    4.572    0    0  (Gen:  0)
   521320    146824  11890112  0.003  0.000   29.649    4.572    0    0  (Gen:  0)
   520552    149960  11959184  0.004  0.000   29.653    4.573    0    0  (Gen:  0)
   521336    157040  12024112  0.004  0.000   29.658    4.574    0    0  (Gen:  0)
   520368    189304  12122776  0.003  0.000   29.663    4.575    0    0  (Gen:  0)
   520928    156160  12191736  0.004  0.000   29.667    4.575    0    0  (Gen:  0)
   519976    191760  12292416  0.003  0.000   29.672    4.576    0    0  (Gen:  0)
   520104    165136  12383320  0.003  0.000   29.675    4.577    0    0  (Gen:  0)
   520440   5471056   6452688  0.019  0.002   29.695    4.579    0    0  (Gen:  1)
   520096    188328   6551336  0.003  0.000   29.699    4.579    0    0  (Gen:  0)
   520968    111544   6632792  0.002  0.000   29.702    4.580    0    0  (Gen:  0)
   521064    175704   6717248  0.002  0.000   29.706    4.581    0    0  (Gen:  0)
   520728    151376   6797184  0.002  0.000   29.709    4.581    0    0  (Gen:  0)
   520760    134352   6876432  0.003  0.000   29.712    4.582    0    0  (Gen:  0)
   521040    179752   6964712  0.003  0.000   29.716    4.582    0    0  (Gen:  0)
   520528    140728   7024312  0.003  0.000   29.720    4.583    0    0  (Gen:  0)
   521096     37120   7045160  0.002  0.000   29.723    4.583    0    0  (Gen:  0)
   520408     81208   7098520  0.001  0.000   29.725    4.584    0    0  (Gen:  0)
   520880     74872   7140176  0.002  0.000   29.727    4.584    0    0  (Gen:  0)
   521008     66448   7166008  0.002  0.000   29.729    4.585    0    0  (Gen:  0)
   521184     82336   7199032  0.002  0.000   29.732    4.585    0    0  (Gen:  0)
   521184     74912   7242616  0.002  0.000   29.734    4.585    0    0  (Gen:  0)
   521016    117632   7306912  0.002  0.000   29.736    4.586    0    0  (Gen:  0)
   521320    104904   7358592  0.002  0.000   29.739    4.586    0    0  (Gen:  0)
   520736     85696   7402304  0.002  0.000   29.742    4.587    0    0  (Gen:  0)
   520936     96120   7437032  0.002  0.000   29.745    4.587    0    0  (Gen:  0)
   520776    122184   7498936  0.002  0.000   29.747    4.588    0    0  (Gen:  0)
   520232     94024   7538664  0.003  0.000   29.750    4.588    0    0  (Gen:  0)
   520816    147128   7622408  0.003  0.000   29.754    4.589    0    0  (Gen:  0)
   521024     94544   7685120  0.002  0.000   29.756    4.589    0    0  (Gen:  0)
   521344    141592   7761248  0.002  0.000   29.759    4.590    0    0  (Gen:  0)
   521160    117152   7821520  0.002  0.000   29.762    4.590    0    0  (Gen:  0)
   520632     98120   7876896  0.002  0.000   29.765    4.591    0    0  (Gen:  0)
   520680    144208   7952752  0.002  0.000   29.767    4.591    0    0  (Gen:  0)
   520888    130416   8018336  0.002  0.000   29.771    4.592    0    0  (Gen:  0)
   521288    110144   8073440  0.003  0.000   29.776    4.592    0    0  (Gen:  0)
   520584    119624   8117816  0.003  0.000   29.781    4.593    0    0  (Gen:  0)
   673232    150168   8194328  0.008  0.001   29.792    4.594    0    0  (Gen:  0)
   521224    106536   8245984  0.004  0.000   29.796    4.595    0    0  (Gen:  0)
   521200     92344   8334080  0.003  0.000   29.805    4.596    0    0  (Gen:  0)
   520944    124752   8408688  0.020  0.002   29.830    4.599    0    0  (Gen:  0)
   520984    116432   8459008  0.004  0.000   29.835    4.599    0    0  (Gen:  0)
   520968    127400   8511608  0.004  0.000   29.843    4.600    0    0  (Gen:  0)
   521000    117832   8579104  0.003  0.000   29.854    4.601    0    0  (Gen:  0)
   520912    161080   8666808  0.003  0.000   29.863    4.602    0    0  (Gen:  0)
   520920    128232   8732176  0.017  0.001   29.888    4.605    0    0  (Gen:  0)
   520528    106760   8799400  0.003  0.000   29.905    4.607    0    0  (Gen:  0)
   521112    156600   8875840  0.002  0.000   29.910    4.607    0    0  (Gen:  0)
   525072    146752   8950552  0.002  0.000   29.913    4.608    0    0  (Gen:  0)
   521032    113208   9010392  0.003  0.000   29.916    4.609    0    0  (Gen:  0)
   521208    136440   9067552  0.003  0.000   29.920    4.609    0    0  (Gen:  0)
   520496    172208   9161952  0.002  0.000   29.924    4.610    0    0  (Gen:  0)
   520872    131400   9225728  0.003  0.000   29.927    4.610    0    0  (Gen:  0)
   520576    137968   9280808  0.003  0.000   29.931    4.611    0    0  (Gen:  0)
   525032    171056   9368944  0.002  0.000   29.935    4.611    0    0  (Gen:  0)
   521024    130320   9429672  0.003  0.000   29.939    4.612    0    0  (Gen:  0)
   520296    139512   9483896  0.003  0.000   29.943    4.613    0    0  (Gen:  0)
   525416    163152   9565784  0.002  0.000   29.946    4.613    0    0  (Gen:  0)
   524344    136104   9621936  0.003  0.000   29.950    4.614    0    0  (Gen:  0)
   565584    146880   9687696  0.003  0.000   29.954    4.614    0    0  (Gen:  0)
   520112    107104   9763352  0.002  0.000   29.957    4.615    0    0  (Gen:  0)
   520784    175128   9856744  0.003  0.000   29.960    4.616    0    0  (Gen:  0)
   520960    137168   9929256  0.002  0.000   29.963    4.616    0    0  (Gen:  0)
   520760    128088   9998240  0.002  0.000   29.966    4.617    0    0  (Gen:  0)
   520808    171344  10087712  0.176  0.016   30.143    4.633    0    0  (Gen:  0)
   520672    149800  10164048  0.002  0.000   30.414    4.658    0    0  (Gen:  0)
   521112    127272  10233312  0.002  0.000   30.459    4.662    0    0  (Gen:  0)
   520536    172728  10321312  0.003  0.000   30.463    4.663    0    0  (Gen:  0)
   520688    162680  10401200  0.002  0.000   30.467    4.664    0    0  (Gen:  0)
   520472    135112  10469456  0.003  0.000   30.472    4.665    0    0  (Gen:  0)
   520952    147568  10529216  0.004  0.000   30.477    4.665    0    0  (Gen:  0)
   520656    183064  10628632  0.002  0.000   30.481    4.666    0    0  (Gen:  0)
   520720    132720  10690536  0.004  0.000   30.486    4.667    0    0  (Gen:  0)
   520936    182808  10789096  0.003  0.000   30.490    4.668    0    0  (Gen:  0)
   520768    159784  10875712  0.003  0.000   30.494    4.668    0    0  (Gen:  0)
   521176    144224  10941528  0.003  0.000   30.499    4.669    0    0  (Gen:  0)
   520832    150088  11000952  0.004  0.000   30.504    4.670    0    0  (Gen:  0)
   521288    173336  11089056  0.003  0.000   30.508    4.670    0    0  (Gen:  0)
   520552    147592  11150192  0.004  0.000   30.513    4.671    0    0  (Gen:  0)
   520928    187992  11249904  0.004  0.000   30.519    4.672    0    0  (Gen:  0)
   520664    111288  11327568  0.003  0.000   30.523    4.673    0    0  (Gen:  0)
   520640    168808  11408824  0.003  0.000   30.527    4.673    0    0  (Gen:  0)
   521280    149208  11488792  0.003  0.000   30.531    4.674    0    0  (Gen:  0)
   520440    117608  11564952  0.003  0.000   30.536    4.675    0    0  (Gen:  0)
   520424    184272  11662408  0.003  0.000   30.540    4.676    0    0  (Gen:  0)
   520848    162696  11743016  0.003  0.000   30.544    4.676    0    0  (Gen:  0)
   520640    128264  11816592  0.003  0.000   30.549    4.677    0    0  (Gen:  0)
   521360    177784  11905160  0.003  0.000   30.553    4.678    0    0  (Gen:  0)
   520816    165792  11987768  0.003  0.000   30.557    4.679    0    0  (Gen:  0)
   520440    124464  12058072  0.003  0.000   30.562    4.679    0    0  (Gen:  0)
   521672    175160  12144160  0.002  0.000   30.566    4.680    0    0  (Gen:  0)
   520752    184080  12241144  0.002  0.000   30.570    4.681    0    0  (Gen:  0)
   520744    147096  12316896  0.003  0.000   30.575    4.682    0    0  (Gen:  0)
   520392    156456  12380752  0.003  0.000   30.580    4.683    0    0  (Gen:  0)
   520776    189648  12478056  0.002  0.000   30.584    4.683    0    0  (Gen:  0)
   521920    149016  12550264  0.003  0.000   30.589    4.684    0    0  (Gen:  0)
   520208    194832  12653592  0.002  0.000   30.594    4.685    0    0  (Gen:  0)
   520568   5453200   6434728  0.017  0.002   30.612    4.687    0    0  (Gen:  1)
   520400    185576   6527088  0.003  0.000   30.617    4.688    0    0  (Gen:  0)
   520384    156640   6614336  0.002  0.000   30.621    4.689    0    0  (Gen:  0)
   520960    167672   6705504  0.002  0.000   30.626    4.690    0    0  (Gen:  0)
   520400    153392   6775600  0.003  0.000   30.630    4.690    0    0  (Gen:  0)
   521176    158328   6839880  0.003  0.000   30.635    4.691    0    0  (Gen:  0)
   520168    181808   6931752  0.003  0.000   30.639    4.692    0    0  (Gen:  0)
   520960    155944   6998120  0.003  0.000   30.644    4.693    0    0  (Gen:  0)
   520736    179280   7086056  0.004  0.000   30.649    4.694    0    0  (Gen:  0)
   520976     29824   7105408  0.001  0.000   30.652    4.694    0    0  (Gen:  0)
   520672     66704   7147328  0.001  0.000   30.655    4.695    0    0  (Gen:  0)
   520736     71824   7183728  0.002  0.000   30.658    4.695    0    0  (Gen:  0)
   521200     61656   7210264  0.002  0.000   30.661    4.696    0    0  (Gen:  0)
   520880     71728   7234808  0.002  0.000   30.664    4.696    0    0  (Gen:  0)
   521136    105096   7292328  0.001  0.000   30.688    4.699    0    0  (Gen:  0)
   521008     83392   7323216  0.003  0.000   30.692    4.700    0    0  (Gen:  0)
   521632     99088   7366496  0.002  0.000   30.695    4.700    0    0  (Gen:  0)
   520432     81792   7413448  0.002  0.000   30.699    4.701    0    0  (Gen:  0)
   521032    120712   7473504  0.002  0.000   30.703    4.701    0    0  (Gen:  0)
   520824    117784   7530160  0.002  0.000   30.707    4.702    0    0  (Gen:  0)
   520256     92952   7572016  0.003  0.000   30.716    4.703    0    0  (Gen:  0)
   520736    144304   7655016  0.002  0.000   30.720    4.704    0    0  (Gen:  0)
   521152    130008   7723224  0.003  0.000   30.724    4.704    0    0  (Gen:  0)
   521096    104456   7768480  0.002  0.000   30.729    4.705    0    0  (Gen:  0)
   521336    112904   7812080  0.003  0.000   30.733    4.706    0    0  (Gen:  0)
   520736     69368   7874648  0.002  0.000   30.737    4.706    0    0  (Gen:  0)
   520664    133120   7939184  0.002  0.000   30.741    4.707    0    0  (Gen:  0)
   520688    134016   8016432  0.003  0.000   30.745    4.708    0    0  (Gen:  0)
   521672     96168   8074664  0.003  0.000   30.750    4.708    0    0  (Gen:  0)
   520536    144016   8145032  0.003  0.000   30.754    4.709    0    0  (Gen:  0)
   521048    137904   8214792  0.003  0.000   30.758    4.710    0    0  (Gen:  0)
   520768    112696   8268776  0.003  0.000   30.763    4.710    0    0  (Gen:  0)
   520608    163408   8359096  0.003  0.000   30.767    4.711    0    0  (Gen:  0)
   520952    130256   8434280  0.003  0.000   30.771    4.712    0    0  (Gen:  0)
   521048    119048   8486824  0.003  0.000   30.776    4.712    0    0  (Gen:  0)
   520488    122920   8535392  0.003  0.000   30.780    4.713    0    0  (Gen:  0)
   521000    151536   8611336  0.003  0.000   30.785    4.714    0    0  (Gen:  0)
   520952    123752   8663104  0.003  0.000   30.790    4.715    0    0  (Gen:  0)
   521384    137272   8722264  0.002  0.000   30.794    4.715    0    0  (Gen:  0)
   520464    111896   8791984  0.002  0.000   30.797    4.716    0    0  (Gen:  0)
   520128    155120   8867048  0.003  0.000   30.800    4.716    0    0  (Gen:  0)
   520792    139712   8940248  0.003  0.000   30.804    4.717    0    0  (Gen:  0)
   520920    104720   9003616  0.003  0.000   30.808    4.718    0    0  (Gen:  0)
   520736    159960   9085488  0.003  0.000   30.812    4.718    0    0  (Gen:  0)
   521240    163008   9173920  0.003  0.000   30.816    4.719    0    0  (Gen:  0)
   520880    122440   9241336  0.003  0.000   30.820    4.719    0    0  (Gen:  0)
   521032    151640   9315776  0.003  0.000   30.824    4.720    0    0  (Gen:  0)
   520888    161160   9394768  0.003  0.000   30.829    4.721    0    0  (Gen:  0)
   521056    132152   9458520  0.003  0.000   30.833    4.721    0    0  (Gen:  0)
   520976    138888   9512648  0.004  0.000   30.838    4.722    0    0  (Gen:  0)
   520696    171792   9604056  0.003  0.000   30.842    4.723    0    0  (Gen:  0)
   521064    137376   9662832  0.003  0.000   30.847    4.723    0    0  (Gen:  0)
   520544    139248   9718504  0.004  0.000   30.852    4.724    0    0  (Gen:  0)
   549880    167384   9803624  0.003  0.000   30.856    4.725    0    0  (Gen:  0)
   520368    138248   9863336  0.004  0.000   30.861    4.725    0    0  (Gen:  0)
   520064    174504   9956448  0.004  0.000   30.867    4.726    0    0  (Gen:  0)
   520896     92408  10030216  0.003  0.000   30.871    4.727    0    0  (Gen:  0)
   520904    161736  10108440  0.003  0.000   30.874    4.727    0    0  (Gen:  0)
   520936    141560  10183560  0.003  0.000   30.879    4.728    0    0  (Gen:  0)
   520680    119952  10254456  0.003  0.000   30.883    4.729    0    0  (Gen:  0)
   520400     97384  10347816  0.002  0.000   30.887    4.729    0    0  (Gen:  0)
   520536    156664  10426752  0.003  0.000   30.891    4.730    0    0  (Gen:  0)
   520672    120808  10496488  0.003  0.000   30.895    4.731    0    0  (Gen:  0)
   521024    170152  10580224  0.003  0.000   30.899    4.731    0    0  (Gen:  0)
   520456    162440  10660752  0.018  0.002   30.918    4.733    0    0  (Gen:  0)
   520720    133424  10727480  0.003  0.000   30.923    4.734    0    0  (Gen:  0)
   520920    186880  10829856  0.003  0.000   30.928    4.735    0    0  (Gen:  0)
   520768    157576  10916848  0.003  0.000   30.931    4.735    0    0  (Gen:  0)
   521208    136872  10982784  0.003  0.000   30.936    4.736    0    0  (Gen:  0)
   520872    147728  11042528  0.004  0.000   30.941    4.737    0    0  (Gen:  0)
   521160    171336  11129192  0.003  0.000   30.946    4.738    0    0  (Gen:  0)
   520736    141928  11192152  0.004  0.000   30.951    4.738    0    0  (Gen:  0)
   520808    147312  11249536  0.004  0.000   30.957    4.739    0    0  (Gen:  0)
   520800    173280  11336696  0.003  0.000   30.961    4.740    0    0  (Gen:  0)
   520856    149248  11399960  0.004  0.000   30.966    4.741    0    0  (Gen:  0)
   525256    187392  11501064  0.005  0.000   30.973    4.741    0    0  (Gen:  0)
   520368     95576  11582400  0.003  0.000   30.976    4.742    0    0  (Gen:  0)
   521224    186752  11681056  0.003  0.000   30.981    4.743    0    0  (Gen:  0)
   520432    162344  11760264  0.004  0.000   30.986    4.743    0    0  (Gen:  0)
   520792    121200  11836504  0.002  0.000   30.990    4.744    0    0  (Gen:  0)
   521344    175136  11922320  0.003  0.000   30.993    4.745    0    0  (Gen:  0)
   520800    162272  12005392  0.003  0.000   30.998    4.746    0    0  (Gen:  0)
   520536    116072  12078936  0.003  0.000   31.002    4.746    0    0  (Gen:  0)
   521424    182880  12172688  0.003  0.000   31.007    4.747    0    0  (Gen:  0)
   520752    164416  12254376  0.003  0.000   31.011    4.748    0    0  (Gen:  0)
   520976    126792  12330792  0.002  0.000   31.015    4.748    0    0  (Gen:  0)
   520624    183568  12421200  0.003  0.000   31.019    4.749    0    0  (Gen:  0)
   602408    142752  12474976  0.004  0.000   31.024    4.750    0    0  (Gen:  0)
   554072     40112  12498776  0.002  0.000   31.026    4.750    0    0  (Gen:  0)
   520296     57256  12551768  0.002  0.000   31.029    4.751    0    0  (Gen:  0)
   537064   4057792   5039528  0.012  0.001   31.042    4.752    0    0  (Gen:  1)
   520128     66392   5064216  0.002  0.000   31.045    4.753    0    0  (Gen:  0)
   537728    106704   5122256  0.002  0.000   31.048    4.753    0    0  (Gen:  0)
   520608     70360   5162864  0.002  0.000   31.051    4.754    0    0  (Gen:  0)
   521328    113608   5222256  0.002  0.000   31.053    4.754    0    0  (Gen:  0)
   521120    107240   5275960  0.002  0.000   31.056    4.754    0    0  (Gen:  0)
   520800     86792   5318752  0.002  0.000   31.059    4.755    0    0  (Gen:  0)
   520480     96624   5352952  0.003  0.000   31.062    4.755    0    0  (Gen:  0)
   537216    122304   5415584  0.002  0.000   31.065    4.756    0    0  (Gen:  0)
   521488     95096   5453368  0.003  0.000   31.068    4.756    0    0  (Gen:  0)
   520816    144152   5533240  0.002  0.000   31.071    4.757    0    0  (Gen:  0)
   520856    124032   5592624  0.002  0.000   31.074    4.757    0    0  (Gen:  0)
   521344    144784   5671048  0.002  0.000   31.077    4.758    0    0  (Gen:  0)
   520904    120680   5733456  0.002  0.000   31.080    4.758    0    0  (Gen:  0)
   521144     96416   5787256  0.002  0.000   31.083    4.759    0    0  (Gen:  0)
   521000     79080   5862392  0.002  0.000   31.085    4.760    0    0  (Gen:  0)
   521176    131040   5928296  0.002  0.000   31.088    4.760    0    0  (Gen:  0)
   520304    109280   5981136  0.003  0.000   31.091    4.761    0    0  (Gen:  0)
   521176    118112   6025072  0.003  0.000   31.095    4.761    0    0  (Gen:  0)
   537248    152480   6104720  0.002  0.000   31.099    4.762    0    0  (Gen:  0)
   520600    115656   6151936  0.003  0.000   31.102    4.762    0    0  (Gen:  0)
   520552    142976   6222416  0.002  0.000   31.105    4.763    0    0  (Gen:  0)
   521064    130664   6296672  0.002  0.000   31.108    4.763    0    0  (Gen:  0)
   521112    121064   6345232  0.003  0.000   31.111    4.764    0    0  (Gen:  0)
   520688    133864   6403680  0.002  0.000   31.115    4.764    0    0  (Gen:  0)
   520568    100976   6466016  0.002  0.000   31.117    4.765    0    0  (Gen:  0)
   521264    157640   6548928  0.002  0.000   31.120    4.765    0    0  (Gen:  0)
   520912    140624   6616000  0.002  0.000   31.124    4.766    0    0  (Gen:  0)
   521080    113816   6681656  0.002  0.000   31.127    4.767    0    0  (Gen:  0)
   521288    155832   6758000  0.002  0.000   31.130    4.767    0    0  (Gen:  0)
   521264    149496   6834088  0.002  0.000   31.132    4.768    0    0  (Gen:  0)
   520896    118528   6892760  0.003  0.000   31.136    4.768    0    0  (Gen:  0)
   520400    169976   6984864  0.002  0.000   31.139    4.769    0    0  (Gen:  0)
   520824    153472   7065552  0.002  0.000   31.142    4.769    0    0  (Gen:  0)
   520560    130160   7128256  0.003  0.000   31.146    4.770    0    0  (Gen:  0)
   521560    138432   7183096  0.003  0.000   31.150    4.771    0    0  (Gen:  0)
   520720    165664   7264392  0.003  0.000   31.154    4.771    0    0  (Gen:  0)
   520768    132840   7324080  0.004  0.000   31.158    4.772    0    0  (Gen:  0)
   520768    137312   7376272  0.004  0.000   31.163    4.772    0    0  (Gen:  0)
   520624    160600   7457008  0.003  0.000   31.166    4.773    0    0  (Gen:  0)
   521216    136912   7512576  0.003  0.000   31.171    4.774    0    0  (Gen:  0)
   537808    150840   7582120  0.003  0.000   31.174    4.774    0    0  (Gen:  0)
   521224    108576   7654760  0.002  0.000   31.177    4.775    0    0  (Gen:  0)
   521520    174952   7748280  0.002  0.000   31.181    4.775    0    0  (Gen:  0)
   520640    142952   7821568  0.002  0.000   31.184    4.776    0    0  (Gen:  0)
   520120    125976   7889360  0.003  0.000   31.187    4.777    0    0  (Gen:  0)
   521240    163248   7970240  0.002  0.000   31.190    4.777    0    0  (Gen:  0)
   520624    154128   8045688  0.002  0.000   31.193    4.778    0    0  (Gen:  0)
   521032    121896   8113024  0.002  0.000   31.197    4.778    0    0  (Gen:  0)
   519888    166328   8193968  0.002  0.000   31.201    4.779    0    0  (Gen:  0)
   520536    165960   8275848  0.002  0.000   31.205    4.780    0    0  (Gen:  0)
   521072    135264   8343648  0.003  0.000   31.209    4.780    0    0  (Gen:  0)
   520888    147328   8403272  0.003  0.000   31.214    4.781    0    0  (Gen:  0)
   521312    168400   8486672  0.002  0.000   31.218    4.782    0    0  (Gen:  0)
   520200    135576   8549144  0.003  0.000   31.222    4.783    0    0  (Gen:  0)
   521048    185832   8650320  0.002  0.000   31.226    4.783    0    0  (Gen:  0)
   521096    152752   8737200  0.002  0.000   31.229    4.784    0    0  (Gen:  0)
   521328    140824   8801960  0.003  0.000   31.234    4.785    0    0  (Gen:  0)
   520320    149120   8860584  0.003  0.000   31.238    4.785    0    0  (Gen:  0)
   520776    173904   8949064  0.002  0.000   31.242    4.786    0    0  (Gen:  0)
   520872    145416   9009376  0.003  0.000   31.247    4.787    0    0  (Gen:  0)
   521024    153048   9073504  0.002  0.000   31.251    4.788    0    0  (Gen:  0)
   520744    116720   9151280  0.002  0.000   31.255    4.788    0    0  (Gen:  0)
   521136    169264   9232992  0.002  0.000   31.258    4.789    0    0  (Gen:  0)
   520328    145472   9310384  0.002  0.000   31.262    4.790    0    0  (Gen:  0)
   521152    141576   9388800  0.002  0.000   31.266    4.790    0    0  (Gen:  0)
   521288    188248   9489552  0.002  0.000   31.269    4.791    0    0  (Gen:  0)
   521096    167088   9570288  0.002  0.000   31.273    4.792    0    0  (Gen:  0)
   521048    141648   9642904  0.003  0.000   31.277    4.792    0    0  (Gen:  0)
   520536    178240   9731880  0.002  0.000   31.281    4.793    0    0  (Gen:  0)
   520440    165168   9814704  0.002  0.000   31.285    4.794    0    0  (Gen:  0)
   520896    129104   9886728  0.003  0.000   31.289    4.795    0    0  (Gen:  0)
   520744    179608   9977512  0.002  0.000   31.293    4.795    0    0  (Gen:  0)
   520840   5348776   6330488  0.015  0.001   31.310    4.797    0    0  (Gen:  1)
   520872    157720   6398264  0.004  0.000   31.316    4.798    0    0  (Gen:  0)
   521272    194320   6499312  0.002  0.000   31.320    4.799    0    0  (Gen:  0)
   520608    115144   6553016  0.002  0.000   31.323    4.799    0    0  (Gen:  0)
   521096     40928   6572392  0.002  0.000   31.326    4.800    0    0  (Gen:  0)
   519800     74424   6616656  0.002  0.000   31.330    4.800    0    0  (Gen:  0)
   520808     60680   6652936  0.002  0.000   31.333    4.801    0    0  (Gen:  0)
   520248     88328   6698040  0.002  0.000   31.336    4.801    0    0  (Gen:  0)
   521672     87744   6741920  0.002  0.000   31.339    4.802    0    0  (Gen:  0)
   521152     76992   6779736  0.002  0.000   31.342    4.802    0    0  (Gen:  0)
   520616     84856   6809448  0.002  0.000   31.346    4.803    0    0  (Gen:  0)
   520440    112792   6865968  0.002  0.000   31.349    4.803    0    0  (Gen:  0)
   520920     90256   6904696  0.002  0.000   31.353    4.804    0    0  (Gen:  0)
   520592     96784   6938384  0.002  0.000   31.357    4.805    0    0  (Gen:  0)
   520648    125200   7004696  0.002  0.000   31.360    4.805    0    0  (Gen:  0)
   521232    100656   7041624  0.003  0.000   31.364    4.806    0    0  (Gen:  0)
   520936    142280   7119688  0.002  0.000   31.368    4.806    0    0  (Gen:  0)
   520792    101344   7171016  0.002  0.000   31.372    4.807    0    0  (Gen:  0)
   521352    130096   7234968  0.002  0.000   31.375    4.807    0    0  (Gen:  0)
   520800    126824   7299856  0.002  0.000   31.379    4.808    0    0  (Gen:  0)
   521048    104248   7350928  0.003  0.000   31.383    4.809    0    0  (Gen:  0)
   520984     95104   7441568  0.002  0.000   31.387    4.809    0    0  (Gen:  0)
   521144    121792   7512320  0.002  0.000   31.390    4.810    0    0  (Gen:  0)
   520504    111912   7563288  0.003  0.000   31.394    4.810    0    0  (Gen:  0)
   520992    117560   7606480  0.003  0.000   31.399    4.811    0    0  (Gen:  0)
   660336    146688   7681336  0.002  0.000   31.402    4.812    0    0  (Gen:  0)
   521328    113352   7728744  0.003  0.000   31.407    4.812    0    0  (Gen:  0)
   520960    156216   7811944  0.003  0.000   31.412    4.813    0    0  (Gen:  0)
   520768     80912   7878320  0.002  0.000   31.415    4.814    0    0  (Gen:  0)
   521272    145760   7950088  0.002  0.000   31.425    4.815    0    0  (Gen:  0)
   520688    126224   8014832  0.002  0.000   31.429    4.816    0    0  (Gen:  0)
   520616    100168   8074432  0.002  0.000   31.433    4.816    0    0  (Gen:  0)
   520904    154488   8153848  0.002  0.000   31.437    4.817    0    0  (Gen:  0)
   520160    136544   8223384  0.002  0.000   31.440    4.817    0    0  (Gen:  0)
   520968    115936   8286824  0.003  0.000   31.445    4.818    0    0  (Gen:  0)
   521400    130608   8336984  0.003  0.000   31.450    4.819    0    0  (Gen:  0)
   525104    165344   8424176  0.002  0.000   31.453    4.819    0    0  (Gen:  0)
   521136    121384   8481576  0.003  0.000   31.458    4.820    0    0  (Gen:  0)
   519864    163128   8566480  0.002  0.000   31.462    4.821    0    0  (Gen:  0)
   520272    139960   8647144  0.002  0.000   31.465    4.821    0    0  (Gen:  0)
   520936    134784   8708424  0.003  0.000   31.470    4.822    0    0  (Gen:  0)
   521568    138368   8764128  0.003  0.000   31.475    4.823    0    0  (Gen:  0)
   525472    165992   8846048  0.002  0.000   31.479    4.823    0    0  (Gen:  0)
   520656    138600   8905208  0.003  0.000   31.484    4.824    0    0  (Gen:  0)
   525048    176768   8998784  0.004  0.000   31.489    4.825    0    0  (Gen:  0)
   521056     91744   9071864  0.002  0.000   31.493    4.826    0    0  (Gen:  0)
   525008    159640   9149680  0.002  0.000   31.497    4.826    0    0  (Gen:  0)
   561960    157776   9240120  0.002  0.000   31.500    4.827    0    0  (Gen:  0)
   521024    130336   9310000  0.003  0.000   31.505    4.827    0    0  (Gen:  0)
   520968    173144   9400832  0.002  0.000   31.509    4.828    0    0  (Gen:  0)
   520688    147520   9474800  0.002  0.000   31.513    4.829    0    0  (Gen:  0)
   520928    119152   9540728  0.003  0.000   31.517    4.829    0    0  (Gen:  0)
   521216    163256   9622640  0.003  0.000   31.521    4.830    0    0  (Gen:  0)
   521320    158208   9699776  0.002  0.000   31.526    4.831    0    0  (Gen:  0)
   520832    133992   9766656  0.003  0.000   31.530    4.832    0    0  (Gen:  0)
   520184    190368   9872128  0.002  0.000   31.534    4.832    0    0  (Gen:  0)
   520296    169688   9959920  0.002  0.000   31.538    4.833    0    0  (Gen:  0)
   521064    136656  10026080  0.003  0.000   31.543    4.834    0    0  (Gen:  0)
   521040    147248  10086000  0.004  0.000   31.548    4.834    0    0  (Gen:  0)
   521432    169704  10170800  0.002  0.000   31.552    4.835    0    0  (Gen:  0)
   520568    136504  10231024  0.003  0.000   31.557    4.836    0    0  (Gen:  0)
   520832    181400  10327184  0.002  0.000   31.561    4.836    0    0  (Gen:  0)
   521216    163344  10413816  0.002  0.000   31.565    4.837    0    0  (Gen:  0)
   520528    143752  10476768  0.003  0.000   31.570    4.838    0    0  (Gen:  0)
   521264    154144  10540824  0.004  0.000   31.575    4.839    0    0  (Gen:  0)
   521144     89744  10621696  0.002  0.000   31.579    4.839    0    0  (Gen:  0)
   520800    182752  10717280  0.002  0.000   31.583    4.840    0    0  (Gen:  0)
   520744    144936  10791584  0.002  0.000   31.587    4.840    0    0  (Gen:  0)
   521168    126256  10867456  0.003  0.000   31.591    4.841    0    0  (Gen:  0)
   520408    179576  10959112  0.002  0.000   31.595    4.842    0    0  (Gen:  0)
   521304    158592  11039240  0.002  0.000   31.599    4.842    0    0  (Gen:  0)
   521152    128008  11114616  0.003  0.000   31.603    4.843    0    0  (Gen:  0)
   520624    184480  11210976  0.002  0.000   31.607    4.844    0    0  (Gen:  0)
   520648    166080  11293664  0.002  0.000   31.611    4.844    0    0  (Gen:  0)
   521224    129768  11364008  0.003  0.000   31.615    4.845    0    0  (Gen:  0)
   520968    178984  11453752  0.002  0.000   31.619    4.846    0    0  (Gen:  0)
   520352    171592  11537656  0.002  0.000   31.623    4.847    0    0  (Gen:  0)
   520960    129904  11609200  0.003  0.000   31.628    4.847    0    0  (Gen:  0)
   520928    156008  11673728  0.004  0.000   31.633    4.848    0    0  (Gen:  0)
   520720    173096  11757416  0.002  0.000   31.636    4.849    0    0  (Gen:  0)
   520456    143248  11831616  0.003  0.000   31.641    4.849    0    0  (Gen:  0)
   520680    156464  11895336  0.004  0.000   31.647    4.850    0    0  (Gen:  0)
   520832    137608  11940344  0.003  0.000   31.651    4.851    0    0  (Gen:  0)
   520688     43320  11959928  0.002  0.000   31.655    4.851    0    0  (Gen:  0)
   520696     84440  12013280  0.002  0.000   31.657    4.852    0    0  (Gen:  0)
   520832     70632  12046160  0.002  0.000   31.661    4.852    0    0  (Gen:  0)
   521080    100992  12104544  0.002  0.000   31.664    4.853    0    0  (Gen:  0)
   520592     91632  12149584  0.002  0.000   31.667    4.853    0    0  (Gen:  0)
   521264     78016  12185792  0.002  0.000   31.670    4.854    0    0  (Gen:  0)
   520248     78416  12259784  0.001  0.000   31.672    4.854    0    0  (Gen:  0)
   521288    101424  12319104  0.002  0.000   31.674    4.855    0    0  (Gen:  0)
   521008     90480  12356736  0.002  0.000   31.677    4.855    0    0  (Gen:  0)
   521080    104552  12397064  0.002  0.000   31.680    4.856    0    0  (Gen:  0)
   521248   4212264   5193864  0.015  0.001   31.696    4.857    0    0  (Gen:  1)
   521072    123104   5252648  0.002  0.000   31.699    4.858    0    0  (Gen:  0)
   520968    114672   5312784  0.002  0.000   31.702    4.858    0    0  (Gen:  0)
   520968     96448   5361264  0.002  0.000   31.705    4.859    0    0  (Gen:  0)
   520952    132080   5427800  0.002  0.000   31.708    4.859    0    0  (Gen:  0)
   520800    129768   5492168  0.002  0.000   31.711    4.860    0    0  (Gen:  0)
   520392    108408   5541936  0.003  0.000   31.714    4.860    0    0  (Gen:  0)
   521120    113672   5583640  0.003  0.000   31.718    4.861    0    0  (Gen:  0)
   520784    140304   5652336  0.002  0.000   31.722    4.862    0    0  (Gen:  0)
   520920    115216   5701720  0.003  0.000   31.725    4.862    0    0  (Gen:  0)
   521144    121664   5750424  0.003  0.000   31.730    4.863    0    0  (Gen:  0)
   521040     75016   5818816  0.002  0.000   31.732    4.863    0    0  (Gen:  0)
   521168     90632   5905120  0.002  0.000   31.735    4.864    0    0  (Gen:  0)
   520624    123992   5970576  0.003  0.000   31.739    4.864    0    0  (Gen:  0)
   520880     96376   6031368  0.002  0.000   31.742    4.865    0    0  (Gen:  0)
   521368    153304   6109960  0.002  0.000   31.745    4.865    0    0  (Gen:  0)
   521104    138064   6177968  0.003  0.000   31.748    4.866    0    0  (Gen:  0)
   520704    103728   6234264  0.003  0.000   31.752    4.866    0    0  (Gen:  0)
   521368    144592   6301360  0.003  0.000   31.755    4.867    0    0  (Gen:  0)
   520856    124696   6379800  0.002  0.000   31.759    4.868    0    0  (Gen:  0)
   521128    118104   6440040  0.003  0.000   31.762    4.868    0    0  (Gen:  0)
   521256    130216   6490960  0.003  0.000   31.767    4.869    0    0  (Gen:  0)
   521024    167224   6579488  0.003  0.000   31.770    4.869    0    0  (Gen:  0)
   520920    125624   6634624  0.003  0.000   31.774    4.870    0    0  (Gen:  0)
   520608    163792   6717952  0.003  0.000   31.778    4.870    0    0  (Gen:  0)
   520456    151856   6800720  0.003  0.000   31.781    4.871    0    0  (Gen:  0)
   521080    137072   6858280  0.004  0.000   31.786    4.872    0    0  (Gen:  0)
   521360    145792   6921264  0.003  0.000   31.790    4.872    0    0  (Gen:  0)
   520688    102832   6994384  0.003  0.000   31.793    4.873    0    0  (Gen:  0)
   520640    176112   7089256  0.003  0.000   31.797    4.873    0    0  (Gen:  0)
   520768    144768   7161272  0.003  0.000   31.800    4.874    0    0  (Gen:  0)
   520704    131152   7229944  0.003  0.000   31.804    4.875    0    0  (Gen:  0)
   521488    162688   7309984  0.003  0.000   31.808    4.875    0    0  (Gen:  0)
   673248    149424   7387656  0.003  0.000   31.812    4.876    0    0  (Gen:  0)
   521200    109272   7456776  0.003  0.000   31.815    4.876    0    0  (Gen:  0)
   521080    170744   7544888  0.003  0.000   31.820    4.877    0    0  (Gen:  0)
   521184    153352   7622640  0.003  0.000   31.824    4.878    0    0  (Gen:  0)
   520808    126168   7685888  0.003  0.000   31.828    4.878    0    0  (Gen:  0)
   521136    143120   7745248  0.004  0.000   31.834    4.879    0    0  (Gen:  0)
   521472    173408   7835216  0.003  0.000   31.838    4.880    0    0  (Gen:  0)
   520704    135320   7900056  0.003  0.000   31.843    4.881    0    0  (Gen:  0)
   520184    142784   7959040  0.004  0.000   31.848    4.881    0    0  (Gen:  0)
   520440    181368   8055960  0.003  0.000   31.853    4.882    0    0  (Gen:  0)
   521112    143240   8117960  0.004  0.000   31.859    4.883    0    0  (Gen:  0)
   521032    146272   8177136  0.004  0.000   31.864    4.884    0    0  (Gen:  0)
   521264    170560   8263336  0.003  0.000   31.868    4.884    0    0  (Gen:  0)
   520632    139576   8322120  0.004  0.000   31.874    4.885    0    0  (Gen:  0)
   520888    180192   8417544  0.004  0.000   31.880    4.886    0    0  (Gen:  0)
   521208     85592   8498216  0.003  0.000   31.884    4.887    0    0  (Gen:  0)
   520664    179504   8592728  0.003  0.000   31.889    4.887    0    0  (Gen:  0)
   521200    144088   8667160  0.002  0.000   31.893    4.888    0    0  (Gen:  0)
   521048    128856   8743136  0.003  0.000   31.898    4.889    0    0  (Gen:  0)
   520896    183648   8840904  0.003  0.000   31.902    4.890    0    0  (Gen:  0)
   520784    144768   8916432  0.003  0.000   31.907    4.890    0    0  (Gen:  0)
   521088    114840   8990272  0.003  0.000   31.911    4.891    0    0  (Gen:  0)
   520480    171024   9073144  0.003  0.000   31.916    4.892    0    0  (Gen:  0)
   566288    156952   9153640  0.003  0.000   31.920    4.892    0    0  (Gen:  0)
   520824    126680   9227488  0.003  0.000   31.925    4.893    0    0  (Gen:  0)
   519976    180728   9321792  0.003  0.000   31.930    4.894    0    0  (Gen:  0)
   521032    167088   9404416  0.003  0.000   31.934    4.895    0    0  (Gen:  0)
   520488    139776   9475376  0.003  0.000   31.939    4.895    0    0  (Gen:  0)
   521144    154592   9538200  0.004  0.000   31.944    4.896    0    0  (Gen:  0)
   520832    190120   9637560  0.003  0.000   31.950    4.897    0    0  (Gen:  0)
   521400    148008   9707032  0.004  0.000   31.955    4.898    0    0  (Gen:  0)
   520712    156416   9772024  0.004  0.000   31.961    4.899    0    0  (Gen:  0)
   520496    174640   9857608  0.003  0.000   31.966    4.899    0    0  (Gen:  0)
   520824    144840   9929400  0.004  0.000   31.971    4.900    0    0  (Gen:  0)
   520512    156280   9993600  0.004  0.000   31.977    4.901    0    0  (Gen:  0)
   521088    141824  10043672  0.003  0.000   31.982    4.902    0    0  (Gen:  0)
   520392     45024  10063296  0.002  0.000   31.985    4.902    0    0  (Gen:  0)
   521256     85808  10117600  0.002  0.000   31.989    4.903    0    0  (Gen:  0)
   520384     68832  10148944  0.002  0.000   31.993    4.903    0    0  (Gen:  0)
   520544     97592  10203328  0.002  0.000   31.996    4.904    0    0  (Gen:  0)
   521616   4104784   5090528  0.013  0.001   32.011    4.905    0    0  (Gen:  1)
   521048     82984   5119824  0.003  0.000   32.016    4.906    0    0  (Gen:  0)
   520752     85016   5150096  0.002  0.000   32.020    4.907    0    0  (Gen:  0)
   520464    120496   5215336  0.002  0.000   32.024    4.907    0    0  (Gen:  0)
   520672     92992   5250632  0.003  0.000   32.028    4.908    0    0  (Gen:  0)
   520568    108672   5295208  0.002  0.000   32.032    4.908    0    0  (Gen:  0)
   520568     92688   5346600  0.002  0.000   32.036    4.909    0    0  (Gen:  0)
   521592    133664   5417512  0.002  0.000   32.040    4.910    0    0  (Gen:  0)
   520856    117448   5478208  0.002  0.000   32.044    4.910    0    0  (Gen:  0)
   520904     93264   5527136  0.003  0.000   32.048    4.911    0    0  (Gen:  0)
   521056    108936   5568088  0.003  0.000   32.053    4.912    0    0  (Gen:  0)
   520976    134480   5634864  0.002  0.000   32.057    4.912    0    0  (Gen:  0)
   520824    105576   5682528  0.003  0.000   32.061    4.913    0    0  (Gen:  0)
   521032    114296   5724800  0.003  0.000   32.066    4.914    0    0  (Gen:  0)
   521288    141032   5794400  0.003  0.000   32.070    4.914    0    0  (Gen:  0)
   520528    115200   5841336  0.003  0.000   32.075    4.915    0    0  (Gen:  0)
   671480    140504   5911576  0.002  0.000   32.079    4.916    0    0  (Gen:  0)
   549584    109808   5978712  0.002  0.000   32.083    4.916    0    0  (Gen:  0)
   521296    151032   6059864  0.002  0.000   32.088    4.917    0    0  (Gen:  0)
   520968    126056   6126312  0.002  0.000   32.092    4.917    0    0  (Gen:  0)
   520896    102936   6186112  0.003  0.000   32.096    4.918    0    0  (Gen:  0)
   521104    149128   6260480  0.003  0.000   32.101    4.919    0    0  (Gen:  0)
   520896    138488   6327784  0.003  0.000   32.105    4.919    0    0  (Gen:  0)
   520104    102128   6382856  0.003  0.000   32.110    4.920    0    0  (Gen:  0)
   520928    148864   6455720  0.003  0.000   32.114    4.921    0    0  (Gen:  0)
   520992    163896   6546136  0.003  0.000   32.118    4.921    0    0  (Gen:  0)
   521120    128704   6606752  0.003  0.000   32.123    4.922    0    0  (Gen:  0)
   521280    130104   6657952  0.003  0.000   32.129    4.923    0    0  (Gen:  0)
   521040    165272   6744736  0.003  0.000   32.133    4.924    0    0  (Gen:  0)
   521032    125216   6798952  0.003  0.000   32.139    4.924    0    0  (Gen:  0)
   520856    154768   6874096  0.003  0.000   32.143    4.925    0    0  (Gen:  0)
   520440    147624   6955368  0.003  0.000   32.147    4.926    0    0  (Gen:  0)
   520736    137384   7014376  0.004  0.000   32.153    4.926    0    0  (Gen:  0)
   520664    144728   7076312  0.003  0.000   32.157    4.927    0    0  (Gen:  0)
   521192    116632   7150456  0.003  0.000   32.161    4.928    0    0  (Gen:  0)
   520200    173320   7240880  0.003  0.000   32.166    4.928    0    0  (Gen:  0)
   520936    142728   7313040  0.003  0.000   32.170    4.929    0    0  (Gen:  0)
   520808    128856   7381264  0.003  0.000   32.175    4.930    0    0  (Gen:  0)
   520584    163416   7462336  0.003  0.000   32.179    4.931    0    0  (Gen:  0)
   537328    152648   7541000  0.003  0.000   32.183    4.931    0    0  (Gen:  0)
   520824    121016   7608008  0.003  0.000   32.188    4.932    0    0  (Gen:  0)
   520544    164992   7689424  0.003  0.000   32.193    4.933    0    0  (Gen:  0)
   520896    156360   7765824  0.003  0.000   32.197    4.933    0    0  (Gen:  0)
   520976    130768   7829320  0.003  0.000   32.202    4.934    0    0  (Gen:  0)
   520488    141680   7888016  0.004  0.000   32.207    4.935    0    0  (Gen:  0)
   520448    175672   7981800  0.003  0.000   32.212    4.935    0    0  (Gen:  0)
   521176    137184   8045664  0.003  0.000   32.217    4.936    0    0  (Gen:  0)
   520992    142440   8104376  0.004  0.000   32.222    4.937    0    0  (Gen:  0)
   520832    173416   8191888  0.003  0.000   32.227    4.938    0    0  (Gen:  0)
   520824    140432   8253472  0.004  0.000   32.232    4.938    0    0  (Gen:  0)
   521040    145864   8311552  0.004  0.000   32.238    4.939    0    0  (Gen:  0)
   520744    173584   8400544  0.003  0.000   32.242    4.940    0    0  (Gen:  0)
   521048    143536   8458856  0.004  0.000   32.248    4.941    0    0  (Gen:  0)
   521064    185064   8557992  0.004  0.000   32.253    4.942    0    0  (Gen:  0)
   520824    118040   8636320  0.003  0.000   32.257    4.942    0    0  (Gen:  0)
   520624    106240   8738400  0.002  0.000   32.261    4.943    0    0  (Gen:  0)
   520832    140160   8814776  0.003  0.000   32.265    4.944    0    0  (Gen:  0)
   520896    121568   8888232  0.003  0.000   32.270    4.944    0    0  (Gen:  0)
   521192    180104   8981144  0.003  0.000   32.275    4.945    0    0  (Gen:  0)
   521144    152544   9057968  0.003  0.000   32.279    4.946    0    0  (Gen:  0)
   520720    123368   9128608  0.003  0.000   32.284    4.946    0    0  (Gen:  0)
   521128    171872   9213048  0.003  0.000   32.288    4.947    0    0  (Gen:  0)
   520616    162632   9295904  0.003  0.000   32.293    4.948    0    0  (Gen:  0)
   520640    146320   9366360  0.003  0.000   32.298    4.949    0    0  (Gen:  0)
   520016    164360   9442288  0.003  0.000   32.303    4.949    0    0  (Gen:  0)
   521040    141976   9532608  0.003  0.000   32.307    4.950    0    0  (Gen:  0)
   520632    140352   9603040  0.004  0.000   32.312    4.951    0    0  (Gen:  0)
   521112    154728   9667008  0.004  0.000   32.318    4.952    0    0  (Gen:  0)
   520648    184344   9759800  0.003  0.000   32.323    4.952    0    0  (Gen:  0)
   521424    144456   9829304  0.004  0.000   32.328    4.953    0    0  (Gen:  0)
   520488    155760   9893040  0.004  0.000   32.334    4.954    0    0  (Gen:  0)
   520792    177200   9981496  0.003  0.000   32.339    4.955    0    0  (Gen:  0)
   520768    145680  10050776  0.004  0.000   32.344    4.956    0    0  (Gen:  0)
   520360   5389992   6375608  0.017  0.001   32.363    4.957    0    0  (Gen:  1)
   521232    127568   6411192  0.002  0.000   32.366    4.958    0    0  (Gen:  0)
   521344     44464   6429960  0.002  0.000   32.369    4.958    0    0  (Gen:  0)
   521264     80056   6477936  0.002  0.000   32.371    4.959    0    0  (Gen:  0)
   520440     66552   6506184  0.002  0.000   32.373    4.959    0    0  (Gen:  0)
   520448     88912   6550536  0.002  0.000   32.376    4.960    0    0  (Gen:  0)
   521592     96632   6599752  0.002  0.000   32.379    4.960    0    0  (Gen:  0)
   521216     79008   6633152  0.002  0.000   32.381    4.961    0    0  (Gen:  0)
   520584    119296   6699120  0.002  0.000   32.384    4.961    0    0  (Gen:  0)
   520488    112632   6760816  0.002  0.000   32.386    4.961    0    0  (Gen:  0)
   520720     93512   6794584  0.003  0.000   32.390    4.962    0    0  (Gen:  0)
   520616    133304   6864368  0.002  0.000   32.393    4.963    0    0  (Gen:  0)
   520536    106072   6912648  0.002  0.000   32.396    4.963    0    0  (Gen:  0)
   521464    133880   6984064  0.002  0.000   32.398    4.964    0    0  (Gen:  0)
   521016    121568   7044648  0.002  0.000   32.401    4.964    0    0  (Gen:  0)
   520832    104512   7098640  0.002  0.000   32.404    4.965    0    0  (Gen:  0)
   521104    114152   7154896  0.002  0.000   32.407    4.965    0    0  (Gen:  0)
   521016    135888   7222272  0.002  0.000   32.410    4.966    0    0  (Gen:  0)
   520704    108464   7269440  0.003  0.000   32.413    4.966    0    0  (Gen:  0)
   521176    113584   7310320  0.003  0.000   32.417    4.967    0    0  (Gen:  0)
   520984    139112   7379256  0.002  0.000   32.420    4.967    0    0  (Gen:  0)
   520792    118112   7426160  0.003  0.000   32.424    4.968    0    0  (Gen:  0)
   521232    131552   7486216  0.002  0.000   32.427    4.968    0    0  (Gen:  0)
   521160    108160   7544584  0.002  0.000   32.429    4.969    0    0  (Gen:  0)
   520744    153632   7626544  0.002  0.000   32.433    4.969    0    0  (Gen:  0)
   520808    132688   7694760  0.002  0.000   32.435    4.970    0    0  (Gen:  0)
   520760    114672   7752448  0.002  0.000   32.438    4.970    0    0  (Gen:  0)
   521288    123688   7800184  0.003  0.000   32.442    4.971    0    0  (Gen:  0)
   520528    160448   7883472  0.002  0.000   32.446    4.971    0    0  (Gen:  0)
   521312    123992   7937864  0.003  0.000   32.449    4.972    0    0  (Gen:  0)
   520896    168584   8030064  0.003  0.000   32.453    4.973    0    0  (Gen:  0)
   520832    133040   8108616  0.002  0.000   32.455    4.973    0    0  (Gen:  0)
   520912    126312   8165760  0.003  0.000   32.459    4.974    0    0  (Gen:  0)
   520704    132040   8218760  0.003  0.000   32.463    4.974    0    0  (Gen:  0)
   520792    161872   8301160  0.002  0.000   32.466    4.975    0    0  (Gen:  0)
   520400    132856   8355952  0.003  0.000   32.470    4.975    0    0  (Gen:  0)
   520752    175560   8451648  0.003  0.000   32.474    4.976    0    0  (Gen:  0)
   520280    120352   8523944  0.002  0.000   32.477    4.977    0    0  (Gen:  0)
   520616    159224   8599728  0.002  0.000   32.480    4.977    0    0  (Gen:  0)
   520536    145040   8676672  0.002  0.000   32.483    4.978    0    0  (Gen:  0)
   521008    118912   8744120  0.003  0.000   32.486    4.978    0    0  (Gen:  0)
   520384    170824   8833912  0.002  0.000   32.490    4.979    0    0  (Gen:  0)
   521088    150048   8908104  0.002  0.000   32.493    4.979    0    0  (Gen:  0)
   520544    119976   8972752  0.003  0.000   32.497    4.980    0    0  (Gen:  0)
   520760    139888   9027800  0.003  0.000   32.501    4.981    0    0  (Gen:  0)
   562464    178328   9122912  0.003  0.000   32.505    4.981    0    0  (Gen:  0)
   521136    125240   9187840  0.003  0.000   32.508    4.982    0    0  (Gen:  0)
   520568    180848   9283704  0.002  0.000   32.512    4.982    0    0  (Gen:  0)
   520864    147608   9365696  0.002  0.000   32.515    4.983    0    0  (Gen:  0)
   520480    136688   9427488  0.003  0.000   32.519    4.984    0    0  (Gen:  0)
   520872    140360   9486088  0.003  0.000   32.523    4.984    0    0  (Gen:  0)
   520528    169984   9574744  0.003  0.000   32.526    4.985    0    0  (Gen:  0)
   521104    139880   9634952  0.003  0.000   32.531    4.985    0    0  (Gen:  0)
   521224    145272   9696720  0.002  0.000   32.534    4.986    0    0  (Gen:  0)
   520728    136080   9778368  0.002  0.000   32.537    4.987    0    0  (Gen:  0)
   520752    166064   9858840  0.002  0.000   32.541    4.987    0    0  (Gen:  0)
   520920    144392   9931384  0.003  0.000   32.544    4.988    0    0  (Gen:  0)
   520728    146520  10008952  0.002  0.000   32.547    4.988    0    0  (Gen:  0)
   521216    186936  10108368  0.002  0.000   32.550    4.989    0    0  (Gen:  0)
   520920    147768  10185488  0.002  0.000   32.553    4.989    0    0  (Gen:  0)
   520816    125688  10256048  0.003  0.000   32.556    4.990    0    0  (Gen:  0)
   520768     99736  10351576  0.002  0.000   32.559    4.990    0    0  (Gen:  0)
   520904    157120  10431696  0.002  0.000   32.562    4.991    0    0  (Gen:  0)
   520776    131496  10500464  0.003  0.000   32.566    4.992    0    0  (Gen:  0)
   521208    172968  10586296  0.002  0.000   32.569    4.992    0    0  (Gen:  0)
   521040    163504  10665840  0.002  0.000   32.572    4.993    0    0  (Gen:  0)
   521008    135904  10735376  0.003  0.000   32.577    4.993    0    0  (Gen:  0)
   520680    150352  10796488  0.003  0.000   32.581    4.994    0    0  (Gen:  0)
   524560    172688  10882840  0.002  0.000   32.584    4.995    0    0  (Gen:  0)
   520800    143728  10950016  0.003  0.000   32.588    4.995    0    0  (Gen:  0)
   520504    182392  11042704  0.002  0.000   32.592    4.996    0    0  (Gen:  0)
   520976    154496  11132168  0.002  0.000   32.594    4.997    0    0  (Gen:  0)
   521064    140256  11199392  0.003  0.000   32.599    4.997    0    0  (Gen:  0)
   521008    153600  11264376  0.004  0.000   32.603    4.998    0    0  (Gen:  0)
   521000    181184  11354664  0.002  0.000   32.607    4.998    0    0  (Gen:  0)
   520992    147440  11421704  0.004  0.000   32.611    4.999    0    0  (Gen:  0)
   520688    154712  11484096  0.004  0.000   32.616    5.000    0    0  (Gen:  0)
   520560    180104  11575728  0.002  0.000   32.619    5.000    0    0  (Gen:  0)
   520904    157400  11643400  0.004  0.000   32.624    5.001    0    0  (Gen:  0)
   524544    163048  11713856  0.004  0.000   32.629    5.002    0    0  (Gen:  0)
   520840     31352  11736000  0.001  0.000   32.630    5.002    0    0  (Gen:  0)
   521216     68776  11780544  0.001  0.000   32.632    5.003    0    0  (Gen:  0)
   521112     67968  11815720  0.001  0.000   32.634    5.003    0    0  (Gen:  0)
   520304     61168  11842872  0.002  0.000   32.636    5.003    0    0  (Gen:  0)
   520680     70792  11867288  0.002  0.000   32.639    5.004    0    0  (Gen:  0)
   521848     99624  11920304  0.002  0.000   32.642    5.004    0    0  (Gen:  0)
   521048     79312  11950456  0.002  0.000   32.644    5.005    0    0  (Gen:  0)
   520368     96376  11992792  0.002  0.000   32.647    5.005    0    0  (Gen:  0)
   520704     79488  12041760  0.002  0.000   32.650    5.006    0    0  (Gen:  0)
   520704    119352  12100296  0.002  0.000   32.652    5.006    0    0  (Gen:  0)
   520600    112032  12155616  0.002  0.000   32.655    5.006    0    0  (Gen:  0)
   520880     88440  12199312  0.002  0.000   32.657    5.007    0    0  (Gen:  0)
   520912    144032  12282112  0.002  0.000   32.660    5.007    0    0  (Gen:  0)
   521192    115640  12348336  0.002  0.000   32.663    5.008    0    0  (Gen:  0)
   521088    101792  12396328  0.003  0.000   32.666    5.008    0    0  (Gen:  0)
   520984    109584  12436960  0.003  0.000   32.670    5.009    0    0  (Gen:  0)
   520840    139216  12507296  0.002  0.000   32.673    5.010    0    0  (Gen:  0)
   520944   4330376   5315872  0.015  0.001   32.688    5.011    0    0  (Gen:  1)
   521272    154856   5401376  0.003  0.000   32.692    5.012    0    0  (Gen:  0)
   520640    103912   5461736  0.002  0.000   32.696    5.012    0    0  (Gen:  0)
   520728    142400   5531344  0.002  0.000   32.699    5.013    0    0  (Gen:  0)
   673408    125096   5597160  0.002  0.000   32.702    5.013    0    0  (Gen:  0)
   520688     98832   5655048  0.002  0.000   32.705    5.014    0    0  (Gen:  0)
   521184    148376   5731920  0.002  0.000   32.708    5.014    0    0  (Gen:  0)
   520912    136576   5801072  0.002  0.000   32.711    5.015    0    0  (Gen:  0)
   520904    112752   5858696  0.003  0.000   32.714    5.015    0    0  (Gen:  0)
   520992    123776   5905952  0.003  0.000   32.717    5.016    0    0  (Gen:  0)
   520024    146864   5975688  0.002  0.000   32.721    5.016    0    0  (Gen:  0)
   520600    120072   6029544  0.003  0.000   32.725    5.017    0    0  (Gen:  0)
   520792    130400   6082560  0.003  0.000   32.729    5.018    0    0  (Gen:  0)
   520744    156224   6164840  0.003  0.000   32.732    5.018    0    0  (Gen:  0)
   520880    128400   6219936  0.003  0.000   32.736    5.019    0    0  (Gen:  0)
   524808    136016   6278488  0.003  0.000   32.741    5.019    0    0  (Gen:  0)
   521184     83120   6352200  0.002  0.000   32.744    5.020    0    0  (Gen:  0)
   520808     93960   6442072  0.002  0.000   32.747    5.021    0    0  (Gen:  0)
   520664    136512   6512168  0.003  0.000   32.751    5.021    0    0  (Gen:  0)
   520120    120328   6582168  0.002  0.000   32.754    5.022    0    0  (Gen:  0)
   520608    159232   6659720  0.002  0.000   32.757    5.022    0    0  (Gen:  0)
   524760    148512   6736736  0.002  0.000   32.760    5.023    0    0  (Gen:  0)
   520512    120480   6803456  0.002  0.000   32.764    5.023    0    0  (Gen:  0)
   521056    165544   6887336  0.002  0.000   32.768    5.024    0    0  (Gen:  0)
   525056    151944   6962448  0.002  0.000   32.771    5.025    0    0  (Gen:  0)
   525120    122376   7025768  0.003  0.000   32.775    5.025    0    0  (Gen:  0)
   529440    140064   7081512  0.004  0.000   32.779    5.026    0    0  (Gen:  0)
   557848    165488   7161752  0.003  0.000   32.783    5.026    0    0  (Gen:  0)
   520744    128064   7226296  0.003  0.000   32.787    5.027    0    0  (Gen:  0)
   521152    180000   7323088  0.003  0.000   32.791    5.028    0    0  (Gen:  0)
   520528    156120   7404920  0.003  0.000   32.795    5.028    0    0  (Gen:  0)
   521520    135112   7465816  0.003  0.000   32.799    5.029    0    0  (Gen:  0)
   520672    141488   7523848  0.003  0.000   32.803    5.030    0    0  (Gen:  0)
   521048    165224   7608456  0.003  0.000   32.808    5.030    0    0  (Gen:  0)
   520528    141216   7667872  0.004  0.000   32.814    5.031    0    0  (Gen:  0)
   521016    150464   7733400  0.003  0.000   32.819    5.032    0    0  (Gen:  0)
   520664    105888   7811656  0.008  0.001   32.832    5.033    0    0  (Gen:  0)
   520984    168360   7893176  0.003  0.000   32.836    5.034    0    0  (Gen:  0)
   521096    143856   7967936  0.003  0.000   32.840    5.035    0    0  (Gen:  0)
   521080    137408   8041960  0.003  0.000   32.844    5.035    0    0  (Gen:  0)
   521008    183080   8137968  0.003  0.000   32.848    5.036    0    0  (Gen:  0)
   521184    158744   8217392  0.003  0.000   32.853    5.037    0    0  (Gen:  0)
   521000    126832   8285784  0.002  0.000   32.857    5.037    0    0  (Gen:  0)
   520640    169696   8370200  0.013  0.001   32.898    5.042    0    0  (Gen:  0)
   520832    160000   8451432  0.003  0.000   32.902    5.042    0    0  (Gen:  0)
   520568    134400   8520264  0.003  0.000   32.908    5.043    0    0  (Gen:  0)
   520896    148224   8579672  0.004  0.000   32.913    5.044    0    0  (Gen:  0)
   520792    180200   8672376  0.003  0.000   32.918    5.045    0    0  (Gen:  0)
   521096    132520   8740016  0.003  0.000   32.923    5.045    0    0  (Gen:  0)
   520464    149960   8801328  0.004  0.000   32.929    5.046    0    0  (Gen:  0)
   520992    181512   8897064  0.003  0.000   32.933    5.047    0    0  (Gen:  0)
   520320    144208   8962432  0.004  0.000   32.939    5.048    0    0  (Gen:  0)
   520552    189968   9063560  0.003  0.000   32.944    5.049    0    0  (Gen:  0)
   521504    154240   9152344  0.003  0.000   32.948    5.049    0    0  (Gen:  0)
   520840    144792   9219656  0.004  0.000   32.954    5.050    0    0  (Gen:  0)
   520200    153216   9284584  0.004  0.000   32.959    5.051    0    0  (Gen:  0)
   520944    180928   9375440  0.003  0.000   32.964    5.052    0    0  (Gen:  0)
   520608    152184   9441296  0.004  0.000   32.970    5.053    0    0  (Gen:  0)
   521096    157976   9507416  0.004  0.000   32.976    5.053    0    0  (Gen:  0)
   519920     96920   9593680  0.003  0.000   32.980    5.054    0    0  (Gen:  0)
   520960    178608   9680096  0.003  0.000   32.985    5.055    0    0  (Gen:  0)
   520832    146296   9755064  0.004  0.000   32.990    5.056    0    0  (Gen:  0)
   521064     31016   9773816  0.001  0.000   32.993    5.056    0    0  (Gen:  0)
   521296     62680   9811520  0.002  0.000   32.997    5.057    0    0  (Gen:  0)
   520936     69984   9847784  0.002  0.000   33.000    5.057    0    0  (Gen:  0)
   520320     60928   9874720  0.002  0.000   33.004    5.058    0    0  (Gen:  0)
   520888     71432   9899464  0.002  0.000   33.008    5.058    0    0  (Gen:  0)
   521840    100736   9952360  0.002  0.000   33.011    5.059    0    0  (Gen:  0)
   520752     81288   9982528  0.003  0.000   33.015    5.059    0    0  (Gen:  0)
   520496     99176  10026024  0.002  0.000   33.019    5.060    0    0  (Gen:  0)
   520800     85776  10072728  0.002  0.000   33.023    5.061    0    0  (Gen:  0)
   520640    120672  10133352  0.002  0.000   33.027    5.061    0    0  (Gen:  0)
   660624    112264  10186272  0.002  0.000   33.031    5.062    0    0  (Gen:  0)
   520512     87944  10231000  0.002  0.000   33.035    5.062    0    0  (Gen:  0)
   520400    148472  10318640  0.003  0.000   33.039    5.063    0    0  (Gen:  0)
   520704    117096  10387480  0.002  0.000   33.043    5.064    0    0  (Gen:  0)
   521224    104264  10434552  0.003  0.000   33.047    5.064    0    0  (Gen:  0)
   520976   4293472   5283248  0.013  0.001   33.062    5.066    0    0  (Gen:  1)
   525064    138704   5353800  0.003  0.000   33.066    5.067    0    0  (Gen:  0)
   520920    111440   5397312  0.003  0.000   33.071    5.067    0    0  (Gen:  0)
   524960    123704   5449584  0.002  0.000   33.075    5.068    0    0  (Gen:  0)
   520840    102912   5511048  0.002  0.000   33.079    5.068    0    0  (Gen:  0)
   529192    142104   5580424  0.003  0.000   33.083    5.069    0    0  (Gen:  0)
   561384    128352   5645248  0.003  0.000   33.087    5.070    0    0  (Gen:  0)
   520520    118608   5701800  0.003  0.000   33.092    5.070    0    0  (Gen:  0)
   520936    147336   5777696  0.003  0.000   33.096    5.071    0    0  (Gen:  0)
   520632    140856   5848160  0.002  0.000   33.100    5.072    0    0  (Gen:  0)
   521328    115080   5904160  0.003  0.000   33.105    5.072    0    0  (Gen:  0)
   520288    123304   5950384  0.004  0.000   33.110    5.073    0    0  (Gen:  0)
   520616    157272   6032104  0.002  0.000   33.114    5.074    0    0  (Gen:  0)
   520728    116520   6084920  0.003  0.000   33.119    5.074    0    0  (Gen:  0)
   520784    165528   6173552  0.003  0.000   33.123    5.075    0    0  (Gen:  0)
   520680    149936   6252088  0.003  0.000   33.127    5.076    0    0  (Gen:  0)
   520912    129408   6306248  0.003  0.000   33.132    5.076    0    0  (Gen:  0)
   521136    140040   6368176  0.003  0.000   33.137    5.077    0    0  (Gen:  0)
   520792     92024   6439168  0.002  0.000   33.141    5.078    0    0  (Gen:  0)
   521400    172248   6532640  0.003  0.000   33.146    5.078    0    0  (Gen:  0)
   521280    150344   6617536  0.003  0.000   33.150    5.079    0    0  (Gen:  0)
   520608    113912   6687176  0.003  0.000   33.154    5.080    0    0  (Gen:  0)
   520496    160504   6765592  0.003  0.000   33.159    5.080    0    0  (Gen:  0)
   521056    150264   6844168  0.002  0.000   33.163    5.081    0    0  (Gen:  0)
   520912    123872   6909152  0.003  0.000   33.167    5.082    0    0  (Gen:  0)
   520472     87936   6993064  0.002  0.000   33.171    5.082    0    0  (Gen:  0)
   521080    156504   7068952  0.003  0.000   33.175    5.083    0    0  (Gen:  0)
   520848    126984   7130864  0.003  0.000   33.180    5.084    0    0  (Gen:  0)
   520632    140696   7186840  0.004  0.000   33.186    5.085    0    0  (Gen:  0)
   537448    165768   7267680  0.003  0.000   33.190    5.085    0    0  (Gen:  0)
   521192    132880   7331712  0.003  0.000   33.195    5.086    0    0  (Gen:  0)
   521176    179344   7427872  0.003  0.000   33.200    5.087    0    0  (Gen:  0)
   521064    162296   7509544  0.003  0.000   33.204    5.087    0    0  (Gen:  0)
   520584    135632   7568992  0.004  0.000   33.210    5.088    0    0  (Gen:  0)
   520936    144600   7630336  0.003  0.000   33.214    5.089    0    0  (Gen:  0)
   520360     99792   7709448  0.002  0.000   33.218    5.090    0    0  (Gen:  0)
   520520    180600   7808048  0.002  0.000   33.222    5.090    0    0  (Gen:  0)
   520808    154000   7882104  0.002  0.000   33.226    5.091    0    0  (Gen:  0)
   520752    120592   7956672  0.002  0.000   33.230    5.092    0    0  (Gen:  0)
   521480    169448   8040424  0.002  0.000   33.234    5.092    0    0  (Gen:  0)
   520808    151200   8116824  0.002  0.000   33.238    5.093    0    0  (Gen:  0)
   520360    130672   8188984  0.002  0.000   33.242    5.094    0    0  (Gen:  0)
   521352    179400   8281584  0.003  0.000   33.246    5.094    0    0  (Gen:  0)
   520816    161456   8362768  0.002  0.000   33.250    5.095    0    0  (Gen:  0)
   520672    127816   8429976  0.003  0.000   33.254    5.096    0    0  (Gen:  0)
   521160    170016   8515360  0.002  0.000   33.258    5.096    0    0  (Gen:  0)
   520944    166072   8597472  0.002  0.000   33.262    5.097    0    0  (Gen:  0)
   520840    134000   8665728  0.003  0.000   33.266    5.098    0    0  (Gen:  0)
   521016    148320   8725288  0.003  0.000   33.271    5.099    0    0  (Gen:  0)
   521584    177976   8814952  0.003  0.000   33.275    5.099    0    0  (Gen:  0)
   520528    138040   8882616  0.003  0.000   33.279    5.100    0    0  (Gen:  0)
   520568    148808   8942016  0.003  0.000   33.284    5.101    0    0  (Gen:  0)
   521232    175296   9031832  0.003  0.000   33.288    5.101    0    0  (Gen:  0)
   520976    148432   9094384  0.003  0.000   33.293    5.102    0    0  (Gen:  0)
   520632    185240   9190936  0.003  0.000   33.297    5.103    0    0  (Gen:  0)
   521224    154320   9279472  0.002  0.000   33.301    5.104    0    0  (Gen:  0)
   521056    147984   9345520  0.003  0.000   33.306    5.104    0    0  (Gen:  0)
   521136    156360   9413432  0.002  0.000   33.310    5.105    0    0  (Gen:  0)
   520968    144120   9497760  0.002  0.000   33.314    5.106    0    0  (Gen:  0)
   520784    187800   9598784  0.002  0.000   33.318    5.107    0    0  (Gen:  0)
   520512    150672   9674368  0.002  0.000   33.322    5.107    0    0  (Gen:  0)
   520440    148800   9756896  0.002  0.000   33.326    5.108    0    0  (Gen:  0)
   521352    197264   9861704  0.003  0.000   33.330    5.109    0    0  (Gen:  0)
   554048    155928   9932144  0.003  0.000   33.335    5.109    0    0  (Gen:  0)
   570392     33608   9951344  0.001  0.000   33.338    5.110    0    0  (Gen:  0)
   537064     65176   9995312  0.001  0.000   33.341    5.110    0    0  (Gen:  0)
   536904     70872  10032456  0.001  0.000   33.343    5.111    0    0  (Gen:  0)
   520896     61376  10058936  0.002  0.000   33.346    5.111    0    0  (Gen:  0)
   521040     72096  10083688  0.002  0.000   33.349    5.112    0    0  (Gen:  0)
   536992    100960  10136936  0.002  0.000   33.353    5.112    0    0  (Gen:  0)
   521080     81384  10166848  0.002  0.000   33.356    5.113    0    0  (Gen:  0)
   520880    117840  10229288  0.002  0.000   33.360    5.114    0    0  (Gen:  0)
   520952     84328  10274920  0.002  0.000   33.363    5.114    0    0  (Gen:  0)
   521304    119568  10335336  0.002  0.000   33.366    5.115    0    0  (Gen:  0)
   537560    118544  10393144  0.002  0.000   33.370    5.115    0    0  (Gen:  0)
   520328   4216456   5198152  0.012  0.001   33.383    5.117    0    0  (Gen:  1)
   520728    119176   5254712  0.002  0.000   33.386    5.117    0    0  (Gen:  0)
   521160    121296   5323256  0.002  0.000   33.389    5.118    0    0  (Gen:  0)
   521400    104912   5366984  0.002  0.000   33.394    5.119    0    0  (Gen:  0)
   521720    115032   5413160  0.002  0.000   33.397    5.119    0    0  (Gen:  0)
   521376     81488   5476048  0.002  0.000   33.400    5.120    0    0  (Gen:  0)
   520904    149688   5556400  0.002  0.000   33.404    5.121    0    0  (Gen:  0)
   520760    127760   5620528  0.002  0.000   33.408    5.121    0    0  (Gen:  0)
   521768     96256   5678672  0.002  0.000   33.411    5.122    0    0  (Gen:  0)
   520512    145288   5750328  0.002  0.000   33.415    5.122    0    0  (Gen:  0)
   537120    138512   5819032  0.002  0.000   33.419    5.123    0    0  (Gen:  0)
   520912    106896   5872840  0.003  0.000   33.422    5.124    0    0  (Gen:  0)
   520736    161888   5961096  0.002  0.000   33.426    5.124    0    0  (Gen:  0)
   520824    132920   6036760  0.002  0.000   33.429    5.125    0    0  (Gen:  0)
   520984    116464   6088432  0.003  0.000   33.433    5.126    0    0  (Gen:  0)
   521064    123728   6137408  0.003  0.000   33.438    5.126    0    0  (Gen:  0)
   520968    150656   6212432  0.002  0.000   33.442    5.127    0    0  (Gen:  0)
   520968    124688   6264824  0.003  0.000   33.446    5.128    0    0  (Gen:  0)
   521344    137192   6323848  0.002  0.000   33.450    5.128    0    0  (Gen:  0)
   520512    110312   6394208  0.002  0.000   33.453    5.129    0    0  (Gen:  0)
   520144    168808   6484232  0.002  0.000   33.457    5.130    0    0  (Gen:  0)
   520696    139392   6557040  0.002  0.000   33.460    5.130    0    0  (Gen:  0)
   521000    114576   6620024  0.002  0.000   33.464    5.131    0    0  (Gen:  0)
   520720    161440   6703568  0.002  0.000   33.468    5.131    0    0  (Gen:  0)
   521280    152472   6778400  0.002  0.000   33.471    5.132    0    0  (Gen:  0)
   520848    127848   6843968  0.003  0.000   33.475    5.133    0    0  (Gen:  0)
   520984    137432   6897976  0.003  0.000   33.480    5.133    0    0  (Gen:  0)
   520944    162776   6978640  0.002  0.000   33.483    5.134    0    0  (Gen:  0)
   521080    130200   7040736  0.003  0.000   33.488    5.135    0    0  (Gen:  0)
   520944    138648   7094720  0.003  0.000   33.492    5.135    0    0  (Gen:  0)
   520696    163448   7176824  0.002  0.000   33.496    5.136    0    0  (Gen:  0)
   521080    133816   7234768  0.003  0.000   33.501    5.137    0    0  (Gen:  0)
   520512    138960   7291280  0.003  0.000   33.506    5.138    0    0  (Gen:  0)
   537568    168144   7377456  0.002  0.000   33.509    5.138    0    0  (Gen:  0)
   520760    139440   7436760  0.003  0.000   33.514    5.139    0    0  (Gen:  0)
   520192    167424   7522288  0.002  0.000   33.518    5.140    0    0  (Gen:  0)
   520928    138040   7593808  0.002  0.000   33.521    5.140    0    0  (Gen:  0)
   520888    161016   7672504  0.002  0.000   33.525    5.141    0    0  (Gen:  0)
   520512    140960   7747144  0.002  0.000   33.528    5.142    0    0  (Gen:  0)
   521064    115800   7818736  0.002  0.000   33.532    5.142    0    0  (Gen:  0)
   520192    178168   7911232  0.002  0.000   33.536    5.143    0    0  (Gen:  0)
   520592    163160   7990776  0.002  0.000   33.540    5.144    0    0  (Gen:  0)
   520976    124480   8059944  0.003  0.000   33.544    5.144    0    0  (Gen:  0)
   520928    168952   8141768  0.002  0.000   33.548    5.145    0    0  (Gen:  0)
   520640    165680   8222976  0.002  0.000   33.552    5.146    0    0  (Gen:  0)
   520696    132448   8287264  0.003  0.000   33.556    5.146    0    0  (Gen:  0)
   520552    188080   8391512  0.002  0.000   33.560    5.147    0    0  (Gen:  0)
   520832    163720   8477992  0.002  0.000   33.564    5.148    0    0  (Gen:  0)
   521200    141728   8543160  0.003  0.000   33.568    5.149    0    0  (Gen:  0)
   520960    149456   8604208  0.003  0.000   33.573    5.149    0    0  (Gen:  0)
   521184    180584   8700264  0.002  0.000   33.577    5.150    0    0  (Gen:  0)
   520744    143144   8762224  0.003  0.000   33.582    5.151    0    0  (Gen:  0)
   520480    188232   8861672  0.002  0.000   33.586    5.151    0    0  (Gen:  0)
   520984    166152   8949696  0.002  0.000   33.590    5.152    0    0  (Gen:  0)
   521064    149888   9013176  0.003  0.000   33.595    5.153    0    0  (Gen:  0)
   520832    156600   9081904  0.003  0.000   33.599    5.154    0    0  (Gen:  0)
   520472    110400   9162432  0.002  0.000   33.603    5.154    0    0  (Gen:  0)
   521056    181008   9254616  0.002  0.000   33.607    5.155    0    0  (Gen:  0)
   520680    155760   9333928  0.002  0.000   33.611    5.156    0    0  (Gen:  0)
   521160    123936   9409968  0.003  0.000   33.615    5.156    0    0  (Gen:  0)
   521160    102968   9508824  0.002  0.000   33.618    5.157    0    0  (Gen:  0)
   521640    159360   9591568  0.002  0.000   33.622    5.158    0    0  (Gen:  0)
   521160    122368   9665968  0.003  0.000   33.626    5.158    0    0  (Gen:  0)
   520184    183160   9759624  0.002  0.000   33.630    5.159    0    0  (Gen:  0)
   521472    167152   9841032  0.002  0.000   33.634    5.160    0    0  (Gen:  0)
   520496    139184   9918288  0.003  0.000   33.638    5.161    0    0  (Gen:  0)
   520944    158736   9982816  0.004  0.000   33.643    5.161    0    0  (Gen:  0)
   520896    187632  10080504  0.003  0.000   33.647    5.162    0    0  (Gen:  0)
   520784    142488  10154656  0.003  0.000   33.652    5.163    0    0  (Gen:  0)
   520008    194472  10256760  0.002  0.000   33.655    5.164    0    0  (Gen:  0)
   520024   5448248   6429952  0.015  0.002   33.672    5.166    0    0  (Gen:  1)
   520408    158160   6496888  0.003  0.000   33.678    5.166    0    0  (Gen:  0)
   520320    184896   6592312  0.002  0.000   33.681    5.167    0    0  (Gen:  0)
   520536    150480   6683384  0.002  0.000   33.684    5.168    0    0  (Gen:  0)
   521040    144752   6753896  0.003  0.000   33.689    5.169    0    0  (Gen:  0)
   521104    159256   6819128  0.003  0.000   33.694    5.169    0    0  (Gen:  0)
   520488    181704   6909904  0.003  0.000   33.698    5.170    0    0  (Gen:  0)
   520792    157024   6977608  0.003  0.000   33.703    5.171    0    0  (Gen:  0)
   521032    158720   7043184  0.003  0.000   33.707    5.172    0    0  (Gen:  0)
   520952    117432   7071064  0.002  0.000   33.711    5.172    0    0  (Gen:  0)
   520544     48528   7089488  0.002  0.000   33.714    5.173    0    0  (Gen:  0)
   520600     86792   7143680  0.002  0.000   33.717    5.173    0    0  (Gen:  0)
   521400     55848   7171248  0.002  0.000   33.720    5.174    0    0  (Gen:  0)
   520664     71216   7195888  0.002  0.000   33.724    5.174    0    0  (Gen:  0)
   521192     98144   7246040  0.001  0.000   33.727    5.175    0    0  (Gen:  0)
   521088     80000   7278304  0.002  0.000   33.730    5.175    0    0  (Gen:  0)
   521472     94496   7318520  0.002  0.000   33.733    5.176    0    0  (Gen:  0)
   520704     74376   7368576  0.002  0.000   33.736    5.176    0    0  (Gen:  0)
   520760    119392   7426728  0.002  0.000   33.739    5.177    0    0  (Gen:  0)
   520992    110152   7482464  0.002  0.000   33.742    5.178    0    0  (Gen:  0)
   520400     87272   7526936  0.002  0.000   33.746    5.178    0    0  (Gen:  0)
   520560    148976   7615200  0.002  0.000   33.750    5.179    0    0  (Gen:  0)
   521336    109824   7683144  0.002  0.000   33.753    5.179    0    0  (Gen:  0)
   520896     99512   7731000  0.003  0.000   33.757    5.180    0    0  (Gen:  0)
   521312    109240   7770712  0.003  0.000   33.762    5.181    0    0  (Gen:  0)
   520792    139760   7841368  0.002  0.000   33.766    5.181    0    0  (Gen:  0)
   520648    111768   7885104  0.003  0.000   33.770    5.182    0    0  (Gen:  0)
   520944    125312   7939320  0.002  0.000   33.774    5.183    0    0  (Gen:  0)
   521464     98008   8000720  0.002  0.000   33.778    5.183    0    0  (Gen:  0)
   520720    143792   8070464  0.002  0.000   33.782    5.184    0    0  (Gen:  0)
   672680    128968   8133712  0.002  0.000   33.785    5.184    0    0  (Gen:  0)
   521064    113992   8191408  0.002  0.000   33.789    5.185    0    0  (Gen:  0)
   521480    150800   8270328  0.002  0.000   33.793    5.186    0    0  (Gen:  0)
   521128    140520   8338960  0.002  0.000   33.796    5.186    0    0  (Gen:  0)
   520576    113784   8396456  0.003  0.000   33.801    5.187    0    0  (Gen:  0)
   521120    125232   8444624  0.003  0.000   33.805    5.188    0    0  (Gen:  0)
   521224    162792   8530552  0.002  0.000   33.809    5.188    0    0  (Gen:  0)
   520976    114800   8583592  0.003  0.000   33.814    5.189    0    0  (Gen:  0)
   520776    128640   8635440  0.003  0.000   33.819    5.190    0    0  (Gen:  0)
   520440    152912   8714848  0.002  0.000   33.823    5.190    0    0  (Gen:  0)
   521080    130552   8768888  0.003  0.000   33.828    5.191    0    0  (Gen:  0)
   525144    157040   8848416  0.003  0.000   33.832    5.192    0    0  (Gen:  0)
   520920     96168   8919920  0.002  0.000   33.836    5.192    0    0  (Gen:  0)
   521184    171776   9012320  0.002  0.000   33.840    5.193    0    0  (Gen:  0)
   520880    134360   9082024  0.002  0.000   33.843    5.194    0    0  (Gen:  0)
   520520    119488   9152888  0.003  0.000   33.848    5.194    0    0  (Gen:  0)
   521040    171224   9242912  0.002  0.000   33.852    5.195    0    0  (Gen:  0)
   524664    158040   9321032  0.002  0.000   33.856    5.196    0    0  (Gen:  0)
   520784    120432   9384552  0.003  0.000   33.860    5.196    0    0  (Gen:  0)
   520936    160952   9463080  0.002  0.000   33.864    5.197    0    0  (Gen:  0)
   525032    156776   9539384  0.002  0.000   33.868    5.197    0    0  (Gen:  0)
   524584    126512   9601976  0.003  0.000   33.873    5.198    0    0  (Gen:  0)
   528624    140592   9658328  0.003  0.000   33.878    5.199    0    0  (Gen:  0)
   557344    165376   9738584  0.002  0.000   33.882    5.200    0    0  (Gen:  0)
   520408    133984   9802264  0.003  0.000   33.887    5.200    0    0  (Gen:  0)
   520488    176472   9895960  0.002  0.000   33.891    5.201    0    0  (Gen:  0)
   520920    146408   9977768  0.002  0.000   33.895    5.202    0    0  (Gen:  0)
   520736    134368  10037048  0.003  0.000   33.900    5.203    0    0  (Gen:  0)
   520904    145944  10099024  0.003  0.000   33.905    5.203    0    0  (Gen:  0)
   521192    103584  10177360  0.002  0.000   33.908    5.204    0    0  (Gen:  0)
   520608    181400  10275272  0.002  0.000   33.912    5.205    0    0  (Gen:  0)
   520504    144288  10349984  0.002  0.000   33.916    5.205    0    0  (Gen:  0)
   520840    121712  10424608  0.003  0.000   33.921    5.206    0    0  (Gen:  0)
   520904    181400  10521112  0.002  0.000   33.924    5.207    0    0  (Gen:  0)
   520520    151552  10598672  0.002  0.000   33.928    5.207    0    0  (Gen:  0)
   520688    122184  10670216  0.003  0.000   33.933    5.208    0    0  (Gen:  0)
   520904    177720  10761640  0.003  0.000   33.937    5.209    0    0  (Gen:  0)
   520664    164696  10843992  0.002  0.000   33.941    5.209    0    0  (Gen:  0)
   521256    130632  10911832  0.003  0.000   33.945    5.210    0    0  (Gen:  0)
   520728    149128  10973480  0.004  0.000   33.951    5.211    0    0  (Gen:  0)
   521144    180376  11067760  0.002  0.000   33.955    5.211    0    0  (Gen:  0)
   521032    141280  11134368  0.003  0.000   33.960    5.212    0    0  (Gen:  0)
   520512    149096  11193824  0.004  0.000   33.965    5.213    0    0  (Gen:  0)
   521104    171776  11276880  0.002  0.000   33.969    5.214    0    0  (Gen:  0)
   520616    140880  11342360  0.003  0.000   33.974    5.214    0    0  (Gen:  0)
   521040    148440  11401944  0.004  0.000   33.979    5.215    0    0  (Gen:  0)
   520488    175704  11491480  0.003  0.000   33.983    5.216    0    0  (Gen:  0)
   520680    147632  11554584  0.003  0.000   33.988    5.217    0    0  (Gen:  0)
   520512    189312  11655800  0.003  0.000   33.992    5.217    0    0  (Gen:  0)
   520656    162056  11744808  0.002  0.000   33.995    5.218    0    0  (Gen:  0)
   521288    151720  11810744  0.004  0.000   33.999    5.219    0    0  (Gen:  0)
   520872    160504  11881544  0.002  0.000   34.003    5.219    0    0  (Gen:  0)
   520600    138248  11963736  0.003  0.000   34.007    5.220    0    0  (Gen:  0)
   521296    189840  12063280  0.002  0.000   34.010    5.220    0    0  (Gen:  0)
   521168    160608  12141672  0.003  0.000   34.014    5.221    0    0  (Gen:  0)
   520632    131872  12223184  0.003  0.000   34.017    5.222    0    0  (Gen:  0)
   520712    181208  12309984  0.003  0.000   34.020    5.222    0    0  (Gen:  0)
   520672    163976  12394280  0.003  0.000   34.024    5.223    0    0  (Gen:  0)
   521168    128112  12470512  0.003  0.000   34.027    5.223    0    0  (Gen:  0)
   521048    188512  12567672  0.002  0.000   34.031    5.224    0    0  (Gen:  0)
   520200    170432  12654168  0.002  0.000   34.034    5.225    0    0  (Gen:  0)
   520624   5463480   6445024  0.019  0.002   34.054    5.227    0    0  (Gen:  1)
   520456    181064   6535736  0.003  0.000   34.057    5.227    0    0  (Gen:  0)
   520656    174360   6621032  0.004  0.000   34.062    5.228    0    0  (Gen:  0)
   520600    133824   6694400  0.002  0.000   34.066    5.229    0    0  (Gen:  0)
   521088    115240   6804672  0.002  0.000   34.069    5.229    0    0  (Gen:  0)
   520192    168256   6897120  0.002  0.000   34.073    5.230    0    0  (Gen:  0)
   520888    150920   6969248  0.002  0.000   34.077    5.231    0    0  (Gen:  0)
   520576    159320   7034584  0.002  0.000   34.081    5.231    0    0  (Gen:  0)
   521144    129280   7071120  0.003  0.000   34.085    5.232    0    0  (Gen:  0)
   520656     43680   7091376  0.002  0.000   34.087    5.232    0    0  (Gen:  0)
   520664     85688   7145464  0.003  0.000   34.090    5.233    0    0  (Gen:  0)
   521104     67304   7176672  0.002  0.000   34.093    5.233    0    0  (Gen:  0)
   520872     90568   7222760  0.001  0.000   34.096    5.234    0    0  (Gen:  0)
   521232     93632   7269264  0.002  0.000   34.099    5.234    0    0  (Gen:  0)
   520944     81304   7304456  0.001  0.000   34.102    5.235    0    0  (Gen:  0)
   521224     84776   7334936  0.002  0.000   34.106    5.235    0    0  (Gen:  0)
   521184    115048   7393808  0.002  0.000   34.109    5.236    0    0  (Gen:  0)
   520792     93664   7429032  0.002  0.000   34.113    5.237    0    0  (Gen:  0)
   520976    108920   7473848  0.002  0.000   34.116    5.237    0    0  (Gen:  0)
   520456     98040   7525568  0.001  0.000   34.119    5.238    0    0  (Gen:  0)
   520712    137112   7599528  0.002  0.000   34.123    5.238    0    0  (Gen:  0)
   520656    125856   7661280  0.002  0.000   34.126    5.239    0    0  (Gen:  0)
   521256    102696   7710032  0.002  0.000   34.130    5.239    0    0  (Gen:  0)
   521152    109216   7751384  0.002  0.000   34.133    5.240    0    0  (Gen:  0)
   520800    134056   7816936  0.002  0.000   34.137    5.240    0    0  (Gen:  0)
   520976    113328   7865184  0.002  0.000   34.140    5.241    0    0  (Gen:  0)
   520712    114360   7908264  0.002  0.000   34.144    5.242    0    0  (Gen:  0)
   521320    141656   7979112  0.002  0.000   34.147    5.242    0    0  (Gen:  0)
   520824    119624   8026344  0.002  0.000   34.151    5.243    0    0  (Gen:  0)
   520784    130376   8084632  0.002  0.000   34.154    5.243    0    0  (Gen:  0)
   520672    104992   8146904  0.002  0.000   34.157    5.244    0    0  (Gen:  0)
   521208    156696   8230664  0.002  0.000   34.161    5.244    0    0  (Gen:  0)
   520632    141344   8299232  0.002  0.000   34.165    5.245    0    0  (Gen:  0)
   520824    127288   8357088  0.002  0.000   34.168    5.246    0    0  (Gen:  0)
   520808     83088   8436176  0.002  0.000   34.170    5.246    0    0  (Gen:  0)
   520656    143984   8504496  0.003  0.000   34.174    5.247    0    0  (Gen:  0)
   521064    120136   8558288  0.002  0.000   34.177    5.247    0    0  (Gen:  0)
   521136    130712   8611648  0.003  0.000   34.180    5.248    0    0  (Gen:  0)
   521056    161568   8698872  0.003  0.000   34.184    5.248    0    0  (Gen:  0)
   519944    128160   8754896  0.002  0.000   34.187    5.249    0    0  (Gen:  0)
   520664    131248   8806736  0.002  0.000   34.192    5.250    0    0  (Gen:  0)
   521112    161712   8889072  0.002  0.000   34.195    5.250    0    0  (Gen:  0)
   520824    134488   8943784  0.002  0.000   34.199    5.251    0    0  (Gen:  0)
   521104    172848   9035696  0.002  0.000   34.203    5.251    0    0  (Gen:  0)
   520736    151120   9108696  0.003  0.000   34.206    5.252    0    0  (Gen:  0)
   520840    173944   9200000  0.003  0.000   34.210    5.253    0    0  (Gen:  0)
   521096    150160   9277216  0.002  0.000   34.214    5.253    0    0  (Gen:  0)
   520984    130728   9343920  0.002  0.000   34.217    5.254    0    0  (Gen:  0)
   520968    167016   9428616  0.002  0.000   34.221    5.254    0    0  (Gen:  0)
   520920    151408   9503800  0.002  0.000   34.225    5.255    0    0  (Gen:  0)
   521056    126408   9568920  0.002  0.000   34.229    5.256    0    0  (Gen:  0)
   520792    140592   9623952  0.002  0.000   34.233    5.256    0    0  (Gen:  0)
   549712    180096   9720048  0.002  0.000   34.237    5.257    0    0  (Gen:  0)
   520408    136272   9784704  0.002  0.000   34.241    5.258    0    0  (Gen:  0)
   520328    182056   9882920  0.003  0.000   34.245    5.258    0    0  (Gen:  0)
   520168    156136   9966184  0.002  0.000   34.248    5.259    0    0  (Gen:  0)
   521072    143320  10026416  0.002  0.000   34.252    5.260    0    0  (Gen:  0)
   520864    141464  10084224  0.002  0.000   34.256    5.260    0    0  (Gen:  0)
   520512    166520  10169064  0.002  0.000   34.259    5.261    0    0  (Gen:  0)
   520784    141632  10227984  0.002  0.000   34.263    5.262    0    0  (Gen:  0)
   520584    149728  10293448  0.003  0.000   34.268    5.262    0    0  (Gen:  0)
   520888     99952  10371696  0.002  0.000   34.272    5.263    0    0  (Gen:  0)
   520592    169424  10454632  0.002  0.000   34.275    5.264    0    0  (Gen:  0)
   520768    150888  10529040  0.002  0.000   34.279    5.264    0    0  (Gen:  0)
   520536    141120  10603872  0.002  0.000   34.283    5.265    0    0  (Gen:  0)
   520960    101104  10700664  0.002  0.000   34.286    5.265    0    0  (Gen:  0)
   520816    158320  10780992  0.002  0.000   34.290    5.266    0    0  (Gen:  0)
   520936    135656  10849536  0.002  0.000   34.294    5.267    0    0  (Gen:  0)
   520936    170048  10933912  0.002  0.000   34.298    5.267    0    0  (Gen:  0)
   521016    163072  11015336  0.002  0.000   34.301    5.268    0    0  (Gen:  0)
   521136    146192  11084376  0.002  0.000   34.305    5.269    0    0  (Gen:  0)
   520448    148584  11143824  0.003  0.000   34.309    5.269    0    0  (Gen:  0)
   521192    180520  11236680  0.003  0.000   34.312    5.270    0    0  (Gen:  0)
   520752    146840  11303504  0.002  0.000   34.316    5.270    0    0  (Gen:  0)
   520944    150608  11365416  0.002  0.000   34.320    5.271    0    0  (Gen:  0)
   524832    174392  11453824  0.002  0.000   34.324    5.272    0    0  (Gen:  0)
   520872    148712  11517520  0.002  0.000   34.328    5.273    0    0  (Gen:  0)
   520696    185768  11615816  0.002  0.000   34.332    5.273    0    0  (Gen:  0)
   520656    176280  11704264  0.002  0.000   34.336    5.274    0    0  (Gen:  0)
   521176    151824  11770808  0.002  0.000   34.340    5.274    0    0  (Gen:  0)
   520864    153488  11835272  0.002  0.000   34.343    5.275    0    0  (Gen:  0)
   520568    181416  11926552  0.002  0.000   34.347    5.276    0    0  (Gen:  0)
   521248    154024  11992968  0.002  0.000   34.351    5.276    0    0  (Gen:  0)
   521168    161720  12062416  0.003  0.000   34.356    5.277    0    0  (Gen:  0)
   520704    118736  12146312  0.002  0.000   34.359    5.278    0    0  (Gen:  0)
   520912    181216  12233824  0.002  0.000   34.363    5.278    0    0  (Gen:  0)
   569280    150328  12304544  0.004  0.000   34.368    5.279    0    0  (Gen:  0)
   570616     33152  12327928  0.001  0.000   34.371    5.280    0    0  (Gen:  0)
   536904     67232  12370088  0.002  0.000   34.374    5.280    0    0  (Gen:  0)
   536736     71744  12407472  0.002  0.000   34.377    5.281    0    0  (Gen:  0)
   520424     64456  12433864  0.002  0.000   34.380    5.281    0    0  (Gen:  0)
   520848     71552  12458744  0.002  0.000   34.383    5.282    0    0  (Gen:  0)
   537656    100080  12511144  0.001  0.000   34.386    5.282    0    0  (Gen:  0)
   521072     82072  12541592  0.002  0.000   34.389    5.283    0    0  (Gen:  0)
   521016     98216  12584312  0.002  0.000   34.393    5.283    0    0  (Gen:  0)
   520832   4163336   5144960  0.011  0.001   34.405    5.285    0    0  (Gen:  1)
   520656    128192   5212576  0.002  0.000   34.409    5.285    0    0  (Gen:  0)
   537056    117424   5269032  0.002  0.000   34.412    5.286    0    0  (Gen:  0)
   521216     95408   5311336  0.002  0.000   34.415    5.286    0    0  (Gen:  0)
   520848    142528   5392912  0.003  0.000   34.419    5.287    0    0  (Gen:  0)
   521056    119696   5462176  0.002  0.000   34.423    5.287    0    0  (Gen:  0)
   521152    105936   5506432  0.002  0.000   34.426    5.288    0    0  (Gen:  0)
   521128    109640   5546776  0.002  0.000   34.430    5.289    0    0  (Gen:  0)
   520808    138896   5618112  0.002  0.000   34.433    5.289    0    0  (Gen:  0)
   520944    112776   5661888  0.002  0.000   34.437    5.290    0    0  (Gen:  0)
   521248    127088   5718824  0.002  0.000   34.441    5.290    0    0  (Gen:  0)
   520608    112584   5777536  0.002  0.000   34.444    5.291    0    0  (Gen:  0)
   520816    143496   5848232  0.002  0.000   34.447    5.291    0    0  (Gen:  0)
   537512    134320   5915224  0.002  0.000   34.451    5.292    0    0  (Gen:  0)
   520496    118496   5969904  0.002  0.000   34.454    5.293    0    0  (Gen:  0)
   520760    146944   6043640  0.002  0.000   34.458    5.293    0    0  (Gen:  0)
   520920    136536   6118800  0.002  0.000   34.462    5.294    0    0  (Gen:  0)
   521096    115680   6173128  0.002  0.000   34.466    5.294    0    0  (Gen:  0)
   520592    122456   6220808  0.002  0.000   34.469    5.295    0    0  (Gen:  0)
   520840    149032   6294040  0.002  0.000   34.473    5.296    0    0  (Gen:  0)
   520888    124240   6347264  0.002  0.000   34.477    5.296    0    0  (Gen:  0)
   521224    130896   6399232  0.002  0.000   34.480    5.297    0    0  (Gen:  0)
   520944    137504   6474312  0.002  0.000   34.483    5.297    0    0  (Gen:  0)
   521112    132048   6528272  0.002  0.000   34.487    5.298    0    0  (Gen:  0)
   521328    144200   6593296  0.003  0.000   34.491    5.299    0    0  (Gen:  0)
   521264    102200   6661112  0.002  0.000   34.495    5.299    0    0  (Gen:  0)
   520592    166912   6749456  0.002  0.000   34.499    5.300    0    0  (Gen:  0)
   520704    143760   6821896  0.002  0.000   34.503    5.300    0    0  (Gen:  0)
   520040    121344   6889456  0.002  0.000   34.506    5.301    0    0  (Gen:  0)
   521776    161568   6969320  0.002  0.000   34.509    5.302    0    0  (Gen:  0)
   520624    157728   7046776  0.002  0.000   34.513    5.302    0    0  (Gen:  0)
   520944    126304   7111888  0.002  0.000   34.516    5.303    0    0  (Gen:  0)
   520984    182480   7211320  0.002  0.000   34.520    5.303    0    0  (Gen:  0)
   520264    155376   7293664  0.002  0.000   34.523    5.304    0    0  (Gen:  0)
   521176    130408   7353696  0.002  0.000   34.527    5.305    0    0  (Gen:  0)
   521192    140464   7410712  0.002  0.000   34.531    5.305    0    0  (Gen:  0)
   537984    167152   7492704  0.002  0.000   34.534    5.306    0    0  (Gen:  0)
   521464    139840   7553608  0.002  0.000   34.538    5.307    0    0  (Gen:  0)
   521016    160504   7630536  0.002  0.000   34.541    5.307    0    0  (Gen:  0)
   519920    152880   7711976  0.002  0.000   34.545    5.308    0    0  (Gen:  0)
   521056    139416   7771488  0.002  0.000   34.548    5.308    0    0  (Gen:  0)
   520752    147904   7835616  0.002  0.000   34.551    5.309    0    0  (Gen:  0)
   521064    134600   7912336  0.002  0.000   34.554    5.310    0    0  (Gen:  0)
   520304    183400   8010736  0.002  0.000   34.558    5.310    0    0  (Gen:  0)
   520320    160376   8086312  0.002  0.000   34.561    5.311    0    0  (Gen:  0)
   520768    152256   8160080  0.002  0.000   34.564    5.311    0    0  (Gen:  0)
   521024     98832   8254904  0.001  0.000   34.568    5.312    0    0  (Gen:  0)
   521192    151056   8332256  0.002  0.000   34.571    5.313    0    0  (Gen:  0)
   520192    149568   8403008  0.002  0.000   34.574    5.313    0    0  (Gen:  0)
   520992    176464   8492912  0.002  0.000   34.578    5.314    0    0  (Gen:  0)
   521128    164168   8573896  0.002  0.000   34.582    5.315    0    0  (Gen:  0)
   520984    133528   8641432  0.002  0.000   34.585    5.315    0    0  (Gen:  0)
   521064    148384   8702648  0.002  0.000   34.589    5.316    0    0  (Gen:  0)
   520584    168888   8785856  0.002  0.000   34.592    5.317    0    0  (Gen:  0)
   520648    139624   8850760  0.002  0.000   34.596    5.317    0    0  (Gen:  0)
   521152    148304   8910480  0.002  0.000   34.599    5.318    0    0  (Gen:  0)
   520920    179424   9002360  0.002  0.000   34.603    5.319    0    0  (Gen:  0)
   521072    146736   9068264  0.002  0.000   34.606    5.319    0    0  (Gen:  0)
   520392    148264   9126904  0.003  0.000   34.611    5.320    0    0  (Gen:  0)
   520848    180432   9222344  0.002  0.000   34.615    5.321    0    0  (Gen:  0)
   521056    147672   9285048  0.002  0.000   34.619    5.321    0    0  (Gen:  0)
   521336    188216   9384264  0.002  0.000   34.622    5.322    0    0  (Gen:  0)
   521040    172216   9472728  0.002  0.000   34.625    5.323    0    0  (Gen:  0)
   520688    151040   9537392  0.002  0.000   34.629    5.323    0    0  (Gen:  0)
   520688    159784   9609024  0.003  0.000   34.634    5.324    0    0  (Gen:  0)
   520624    111048   9690224  0.002  0.000   34.637    5.325    0    0  (Gen:  0)
   520600    188512   9789456  0.002  0.000   34.640    5.325    0    0  (Gen:  0)
   520952    166272   9866296  0.002  0.000   34.644    5.326    0    0  (Gen:  0)
   520800    148176   9947912  0.002  0.000   34.648    5.327    0    0  (Gen:  0)
   521408    181496  10035784  0.002  0.000   34.651    5.327    0    0  (Gen:  0)
   520752    148272  10102136  0.003  0.000   34.656    5.328    0    0  (Gen:  0)
   521160   4015112   4996832  0.010  0.001   34.667    5.329    0    0  (Gen:  1)
   520056     59984   5030328  0.001  0.000   34.670    5.330    0    0  (Gen:  0)
   520320     74176   5068160  0.001  0.000   34.672    5.330    0    0  (Gen:  0)
   520336     64024   5094168  0.001  0.000   34.675    5.331    0    0  (Gen:  0)
   521032     78144   5124384  0.002  0.000   34.678    5.331    0    0  (Gen:  0)
   521600     73968   5170768  0.001  0.000   34.681    5.332    0    0  (Gen:  0)
   520880    118480   5235968  0.002  0.000   34.684    5.332    0    0  (Gen:  0)
   520512    104280   5287504  0.002  0.000   34.687    5.333    0    0  (Gen:  0)
   520560     92912   5332752  0.001  0.000   34.690    5.333    0    0  (Gen:  0)
   520616     94272   5365488  0.002  0.000   34.693    5.334    0    0  (Gen:  0)
   520760    121352   5426464  0.002  0.000   34.696    5.334    0    0  (Gen:  0)
   520976     97896   5465440  0.002  0.000   34.699    5.335    0    0  (Gen:  0)
   521104    138456   5541456  0.002  0.000   34.703    5.336    0    0  (Gen:  0)
   520816    127160   5608840  0.002  0.000   34.706    5.336    0    0  (Gen:  0)
   521120    109632   5651568  0.002  0.000   34.709    5.337    0    0  (Gen:  0)
   521056    120312   5701920  0.002  0.000   34.712    5.337    0    0  (Gen:  0)
   521136    106544   5760504  0.001  0.000   34.715    5.338    0    0  (Gen:  0)
   520984     85016   5841368  0.001  0.000   34.718    5.338    0    0  (Gen:  0)
   521176    124552   5906176  0.002  0.000   34.721    5.339    0    0  (Gen:  0)
   520280    107016   5960256  0.002  0.000   34.724    5.339    0    0  (Gen:  0)
   521328    141464   6028856  0.002  0.000   34.727    5.340    0    0  (Gen:  0)
   660616    138208   6095144  0.002  0.000   34.731    5.341    0    0  (Gen:  0)
   520744    117368   6149160  0.002  0.000   34.734    5.341    0    0  (Gen:  0)
   521200    163128   6239128  0.002  0.000   34.738    5.342    0    0  (Gen:  0)
   520656    138560   6314184  0.002  0.000   34.741    5.342    0    0  (Gen:  0)
   520960    119424   6365968  0.002  0.000   34.744    5.343    0    0  (Gen:  0)
   520960    121560   6414512  0.002  0.000   34.748    5.344    0    0  (Gen:  0)
   520440    150016   6489936  0.002  0.000   34.751    5.344    0    0  (Gen:  0)
   520936    125408   6542480  0.002  0.000   34.755    5.345    0    0  (Gen:  0)
   520528    136168   6600040  0.002  0.000   34.758    5.345    0    0  (Gen:  0)
   520544    112928   6670400  0.002  0.000   34.761    5.346    0    0  (Gen:  0)
   521208    156048   6746728  0.002  0.000   34.765    5.347    0    0  (Gen:  0)
   525288    140064   6817624  0.002  0.000   34.768    5.347    0    0  (Gen:  0)
   521136    122640   6882616  0.002  0.000   34.771    5.348    0    0  (Gen:  0)
   520328    165968   6971136  0.002  0.000   34.775    5.348    0    0  (Gen:  0)
   520760    152752   7045352  0.002  0.000   34.778    5.349    0    0  (Gen:  0)
   519952    126792   7110808  0.002  0.000   34.782    5.350    0    0  (Gen:  0)
   521712    137768   7166216  0.002  0.000   34.785    5.350    0    0  (Gen:  0)
   525392    170632   7255464  0.002  0.000   34.788    5.351    0    0  (Gen:  0)
   520888    142456   7318392  0.002  0.000   34.792    5.352    0    0  (Gen:  0)
   520800    139744   7374040  0.002  0.000   34.795    5.352    0    0  (Gen:  0)
   525192    162288   7454648  0.002  0.000   34.799    5.353    0    0  (Gen:  0)
   524960    137256   7512472  0.002  0.000   34.802    5.353    0    0  (Gen:  0)
   533352    140432   7570400  0.002  0.000   34.806    5.354    0    0  (Gen:  0)
   549768    166728   7654080  0.002  0.000   34.809    5.355    0    0  (Gen:  0)
   520680    139232   7713992  0.002  0.000   34.813    5.355    0    0  (Gen:  0)
   521048    171392   7803728  0.004  0.000   34.818    5.356    0    0  (Gen:  0)
   520840     82056   7879248  0.001  0.000   34.821    5.357    0    0  (Gen:  0)
   521096    160280   7957792  0.002  0.000   34.824    5.357    0    0  (Gen:  0)
   521064    145856   8029280  0.002  0.000   34.827    5.358    0    0  (Gen:  0)
   521224    143576   8103792  0.002  0.000   34.830    5.358    0    0  (Gen:  0)
   520272    183624   8202272  0.002  0.000   34.834    5.359    0    0  (Gen:  0)
   520368    151840   8279016  0.002  0.000   34.838    5.360    0    0  (Gen:  0)
   520976    138896   8351072  0.002  0.000   34.841    5.360    0    0  (Gen:  0)
   521032    169464   8433032  0.002  0.000   34.844    5.361    0    0  (Gen:  0)
   521128    160608   8512272  0.002  0.000   34.848    5.362    0    0  (Gen:  0)
   520816    134472   8579904  0.002  0.000   34.851    5.362    0    0  (Gen:  0)
   520768     95464   8671024  0.001  0.000   34.854    5.363    0    0  (Gen:  0)
   521168    155472   8767056  0.002  0.000   34.858    5.364    0    0  (Gen:  0)
   520640    142744   8833600  0.002  0.000   34.861    5.364    0    0  (Gen:  0)
   521104    148576   8894280  0.002  0.000   34.865    5.365    0    0  (Gen:  0)
   521136    171008   8978872  0.002  0.000   34.869    5.365    0    0  (Gen:  0)
   521216    143960   9042984  0.002  0.000   34.872    5.366    0    0  (Gen:  0)
   520424    188024   9143704  0.003  0.000   34.876    5.367    0    0  (Gen:  0)
   521128    152136   9230888  0.002  0.000   34.880    5.367    0    0  (Gen:  0)
   520752    147904   9296032  0.002  0.000   34.883    5.368    0    0  (Gen:  0)
   520784    147208   9354456  0.002  0.000   34.887    5.369    0    0  (Gen:  0)
   521176    177128   9445792  0.002  0.000   34.890    5.369    0    0  (Gen:  0)
   520936    150576   9508304  0.002  0.000   34.894    5.370    0    0  (Gen:  0)
   520744    188856   9607264  0.003  0.000   34.899    5.371    0    0  (Gen:  0)
   521208    112352   9687944  0.002  0.000   34.902    5.371    0    0  (Gen:  0)
   520616    184880   9784960  0.002  0.000   34.906    5.372    0    0  (Gen:  0)
   520736    160984   9865808  0.002  0.000   34.909    5.373    0    0  (Gen:  0)
   520768    156448   9943512  0.002  0.000   34.913    5.373    0    0  (Gen:  0)
   520792   5327200   6308688  0.014  0.001   34.928    5.375    0    0  (Gen:  1)
   520944    105624   6409936  0.002  0.000   34.932    5.376    0    0  (Gen:  0)
   520464    123576   6489360  0.002  0.000   34.936    5.377    0    0  (Gen:  0)
   520856    181416   6576792  0.002  0.000   34.940    5.378    0    0  (Gen:  0)
   520360    144440   6640272  0.003  0.000   34.944    5.378    0    0  (Gen:  0)
   521016     36152   6659040  0.001  0.000   34.947    5.379    0    0  (Gen:  0)
   520880     75536   6706552  0.001  0.000   34.950    5.379    0    0  (Gen:  0)
   520480     76344   6748208  0.001  0.000   34.952    5.380    0    0  (Gen:  0)
   521048     64032   6773432  0.002  0.000   34.956    5.380    0    0  (Gen:  0)
   520496     83016   6807496  0.002  0.000   34.959    5.381    0    0  (Gen:  0)
   521104     64904   6850728  0.002  0.000   34.962    5.381    0    0  (Gen:  0)
   520872    118552   6916192  0.002  0.000   34.965    5.382    0    0  (Gen:  0)
   520944    102952   6968072  0.001  0.000   34.968    5.382    0    0  (Gen:  0)
   521040     84672   7011936  0.002  0.000   34.971    5.383    0    0  (Gen:  0)
   520800     95664   7046200  0.002  0.000   34.975    5.384    0    0  (Gen:  0)
   521360    131640   7118720  0.002  0.000   34.978    5.384    0    0  (Gen:  0)
   520984     95816   7157000  0.002  0.000   34.982    5.385    0    0  (Gen:  0)
   521256     86008   7238800  0.001  0.000   34.985    5.385    0    0  (Gen:  0)
   520656    115688   7302576  0.002  0.000   34.988    5.386    0    0  (Gen:  0)
   521152    108816   7345112  0.003  0.000   34.992    5.387    0    0  (Gen:  0)
   520672    141920   7418424  0.002  0.000   34.996    5.387    0    0  (Gen:  0)
   520992    101848   7474672  0.002  0.000   34.999    5.388    0    0  (Gen:  0)
   520528    145368   7552048  0.002  0.000   35.002    5.388    0    0  (Gen:  0)
   520840    129680   7618056  0.002  0.000   35.005    5.389    0    0  (Gen:  0)
   520896    103032   7672616  0.002  0.000   35.009    5.389    0    0  (Gen:  0)
   521200    119080   7716960  0.003  0.000   35.013    5.390    0    0  (Gen:  0)
   521072    157272   7802576  0.002  0.000   35.016    5.391    0    0  (Gen:  0)
   521256    111448   7852656  0.002  0.000   35.020    5.391    0    0  (Gen:  0)
   520856    156832   7936624  0.002  0.000   35.024    5.392    0    0  (Gen:  0)
   520536    138536   8010776  0.002  0.000   35.027    5.393    0    0  (Gen:  0)
   521600    119872   8058984  0.003  0.000   35.032    5.393    0    0  (Gen:  0)
   521336    129952   8114776  0.002  0.000   35.035    5.394    0    0  (Gen:  0)
   520344    107840   8180328  0.002  0.000   35.038    5.395    0    0  (Gen:  0)
   521240    166848   8273360  0.002  0.000   35.042    5.395    0    0  (Gen:  0)
   520912    139776   8339208  0.002  0.000   35.045    5.396    0    0  (Gen:  0)
   521176    127928   8405304  0.002  0.000   35.049    5.396    0    0  (Gen:  0)
   521104    154936   8481904  0.002  0.000   35.053    5.397    0    0  (Gen:  0)
   521328    147000   8557224  0.002  0.000   35.056    5.398    0    0  (Gen:  0)
   520880    118096   8617808  0.002  0.000   35.060    5.398    0    0  (Gen:  0)
   520368    177096   8718136  0.002  0.000   35.063    5.399    0    0  (Gen:  0)
   520920    142976   8797984  0.002  0.000   35.067    5.399    0    0  (Gen:  0)
   520440    130408   8862760  0.003  0.000   35.071    5.400    0    0  (Gen:  0)
   521600    138400   8917008  0.003  0.000   35.076    5.401    0    0  (Gen:  0)
   520712    163952   8997032  0.002  0.000   35.079    5.402    0    0  (Gen:  0)
   520784    134416   9058000  0.003  0.000   35.084    5.402    0    0  (Gen:  0)
   520920    139096   9111760  0.003  0.000   35.088    5.403    0    0  (Gen:  0)
   520600    166680   9197608  0.002  0.000   35.092    5.404    0    0  (Gen:  0)
   521120    135280   9252824  0.003  0.000   35.097    5.404    0    0  (Gen:  0)
   636392    142760   9334776  0.002  0.000   35.100    5.405    0    0  (Gen:  0)
   554512    133256   9394256  0.002  0.000   35.104    5.406    0    0  (Gen:  0)
   520488    139944   9453832  0.003  0.000   35.108    5.406    0    0  (Gen:  0)
   521344    172216   9545096  0.003  0.000   35.113    5.407    0    0  (Gen:  0)
   521072    103408   9616880  0.002  0.000   35.116    5.408    0    0  (Gen:  0)
   521088    176112   9711936  0.002  0.000   35.120    5.408    0    0  (Gen:  0)
   521184    139464   9785856  0.002  0.000   35.124    5.409    0    0  (Gen:  0)
   521304    133464   9857776  0.002  0.000   35.128    5.410    0    0  (Gen:  0)
   520072    180464   9952672  0.002  0.000   35.132    5.410    0    0  (Gen:  0)
   520368    158968  10031336  0.002  0.000   35.135    5.411    0    0  (Gen:  0)
   520936    132648  10101880  0.003  0.000   35.139    5.412    0    0  (Gen:  0)
   521048    169384  10185104  0.002  0.000   35.143    5.412    0    0  (Gen:  0)
   521336    162360  10265528  0.002  0.000   35.147    5.413    0    0  (Gen:  0)
   520560    124464  10332176  0.003  0.000   35.151    5.414    0    0  (Gen:  0)
   520768    184552  10432232  0.002  0.000   35.154    5.415    0    0  (Gen:  0)
   521368    148336  10517632  0.002  0.000   35.158    5.415    0    0  (Gen:  0)
   520504    138280  10584600  0.003  0.000   35.163    5.416    0    0  (Gen:  0)
   521104    148536  10644584  0.003  0.000   35.167    5.417    0    0  (Gen:  0)
   521072    172536  10730968  0.002  0.000   35.171    5.417    0    0  (Gen:  0)
   521184    141680  10791912  0.003  0.000   35.176    5.418    0    0  (Gen:  0)
   520552    147192  10850680  0.003  0.000   35.181    5.419    0    0  (Gen:  0)
   520976    175536  10941200  0.002  0.000   35.185    5.420    0    0  (Gen:  0)
   520864    146376  11004376  0.003  0.000   35.189    5.420    0    0  (Gen:  0)
   542336    152536  11070200  0.003  0.000   35.194    5.421    0    0  (Gen:  0)
   541712    105320  11153000  0.002  0.000   35.197    5.422    0    0  (Gen:  0)
   520880    187232  11254032  0.002  0.000   35.201    5.423    0    0  (Gen:  0)
   520848    152328  11330928  0.002  0.000   35.205    5.423    0    0  (Gen:  0)
   520840    153376  11408608  0.002  0.000   35.209    5.424    0    0  (Gen:  0)
   520960    187224  11507848  0.002  0.000   35.212    5.425    0    0  (Gen:  0)
   520800    153424  11590048  0.002  0.000   35.216    5.425    0    0  (Gen:  0)
   521064    124360  11665512  0.002  0.000   35.220    5.426    0    0  (Gen:  0)
   521016    185184  11762000  0.002  0.000   35.223    5.427    0    0  (Gen:  0)
   520392    155536  11841440  0.002  0.000   35.227    5.427    0    0  (Gen:  0)
   520304    142920  11920296  0.003  0.000   35.231    5.428    0    0  (Gen:  0)
   521000    182536  12008512  0.002  0.000   35.235    5.429    0    0  (Gen:  0)
   520760    141264  12066784  0.003  0.000   35.240    5.430    0    0  (Gen:  0)
   520904     37184  12085568  0.001  0.000   35.242    5.430    0    0  (Gen:  0)
   520816     70352  12127360  0.001  0.000   35.245    5.431    0    0  (Gen:  0)
   520432     72080  12168304  0.001  0.000   35.248    5.431    0    0  (Gen:  0)
   521272     64616  12193672  0.002  0.000   35.251    5.432    0    0  (Gen:  0)
   520336     86376  12230872  0.002  0.000   35.254    5.432    0    0  (Gen:  0)
   521128     64928  12271528  0.002  0.000   35.258    5.433    0    0  (Gen:  0)
   520728    113360  12330296  0.001  0.000   35.261    5.433    0    0  (Gen:  0)
   521096    105464  12383976  0.002  0.000   35.264    5.434    0    0  (Gen:  0)
   520976     89576  12426736  0.002  0.000   35.267    5.434    0    0  (Gen:  0)
   521040     96920  12461504  0.002  0.000   35.271    5.435    0    0  (Gen:  0)
   521320    133288  12535968  0.002  0.000   35.274    5.435    0    0  (Gen:  0)
   520920   4227560   5213248  0.010  0.001   35.286    5.437    0    0  (Gen:  1)
   521048    139888   5288024  0.002  0.000   35.290    5.438    0    0  (Gen:  0)
   520808     97920   5346808  0.001  0.000   35.293    5.438    0    0  (Gen:  0)
   521184    128000   5406912  0.002  0.000   35.296    5.439    0    0  (Gen:  0)
   520512    120536   5469256  0.002  0.000   35.299    5.439    0    0  (Gen:  0)
   521096    107848   5522616  0.002  0.000   35.303    5.440    0    0  (Gen:  0)
   520600    139880   5594904  0.002  0.000   35.306    5.440    0    0  (Gen:  0)
   520880    133088   5661296  0.002  0.000   35.309    5.441    0    0  (Gen:  0)
   520792    118216   5714288  0.002  0.000   35.312    5.442    0    0  (Gen:  0)
   521176    118616   5758192  0.002  0.000   35.315    5.442    0    0  (Gen:  0)
   701904    140072   5824648  0.002  0.000   35.318    5.443    0    0  (Gen:  0)
   521096    114152   5874968  0.002  0.000   35.321    5.443    0    0  (Gen:  0)
   521304    152336   5954600  0.002  0.000   35.325    5.444    0    0  (Gen:  0)
   520920    129704   6027824  0.001  0.000   35.328    5.444    0    0  (Gen:  0)
   520720    121280   6077792  0.002  0.000   35.331    5.445    0    0  (Gen:  0)
   520840    128200   6131824  0.002  0.000   35.334    5.446    0    0  (Gen:  0)
   520672    108488   6197384  0.002  0.000   35.337    5.446    0    0  (Gen:  0)
   520528    145904   6269248  0.002  0.000   35.340    5.447    0    0  (Gen:  0)
   520976    132512   6335616  0.002  0.000   35.344    5.447    0    0  (Gen:  0)
   521072    119864   6403120  0.002  0.000   35.347    5.448    0    0  (Gen:  0)
   521184    155984   6478936  0.002  0.000   35.350    5.448    0    0  (Gen:  0)
   521320    148920   6553720  0.002  0.000   35.353    5.449    0    0  (Gen:  0)
   520880    122272   6613360  0.002  0.000   35.356    5.450    0    0  (Gen:  0)
   520768    147560   6682800  0.002  0.000   35.360    5.450    0    0  (Gen:  0)
   520568    137136   6763816  0.002  0.000   35.363    5.451    0    0  (Gen:  0)
   520888    139232   6827760  0.002  0.000   35.367    5.451    0    0  (Gen:  0)
   520288    138504   6883112  0.002  0.000   35.370    5.452    0    0  (Gen:  0)
   521160    164720   6963232  0.002  0.000   35.374    5.453    0    0  (Gen:  0)
   520656    134640   7023536  0.002  0.000   35.377    5.453    0    0  (Gen:  0)
   520920    138504   7077128  0.002  0.000   35.381    5.454    0    0  (Gen:  0)
   520592    161832   7159048  0.002  0.000   35.384    5.454    0    0  (Gen:  0)
   520736    137464   7215496  0.002  0.000   35.387    5.455    0    0  (Gen:  0)
   537328    146440   7280896  0.003  0.000   35.392    5.456    0    0  (Gen:  0)
   520760     85936   7357176  0.001  0.000   35.395    5.456    0    0  (Gen:  0)
   520864    176208   7451488  0.002  0.000   35.399    5.457    0    0  (Gen:  0)
   520384    142112   7523704  0.002  0.000   35.402    5.458    0    0  (Gen:  0)
   521016    140376   7593264  0.002  0.000   35.405    5.458    0    0  (Gen:  0)
   520776    174976   7687464  0.002  0.000   35.408    5.459    0    0  (Gen:  0)
   520216    163432   7783056  0.002  0.000   35.411    5.459    0    0  (Gen:  0)
   520936    146632   7853200  0.002  0.000   35.415    5.460    0    0  (Gen:  0)
   521120    170040   7937952  0.002  0.000   35.418    5.461    0    0  (Gen:  0)
   521344    161872   8017096  0.002  0.000   35.421    5.461    0    0  (Gen:  0)
   520456    147072   8086432  0.002  0.000   35.425    5.462    0    0  (Gen:  0)
   520960    147416   8145632  0.002  0.000   35.428    5.463    0    0  (Gen:  0)
   521024    180856   8241064  0.002  0.000   35.432    5.463    0    0  (Gen:  0)
   520776    145880   8304784  0.002  0.000   35.435    5.464    0    0  (Gen:  0)
   521328    188088   8408504  0.002  0.000   35.439    5.464    0    0  (Gen:  0)
   520432    166352   8495224  0.002  0.000   35.442    5.465    0    0  (Gen:  0)
   521160    145728   8558968  0.002  0.000   35.445    5.466    0    0  (Gen:  0)
   520480    149608   8619760  0.002  0.000   35.449    5.466    0    0  (Gen:  0)
   521128    172992   8706368  0.002  0.000   35.452    5.467    0    0  (Gen:  0)
   520704    146824   8768736  0.002  0.000   35.456    5.468    0    0  (Gen:  0)
   521584    149064   8826704  0.002  0.000   35.459    5.468    0    0  (Gen:  0)
   520528    153672   8910080  0.002  0.000   35.462    5.469    0    0  (Gen:  0)
   520936    150848   8974376  0.002  0.000   35.466    5.469    0    0  (Gen:  0)
   521136    180144   9066816  0.003  0.000   35.470    5.470    0    0  (Gen:  0)
   520400    113024   9146208  0.002  0.000   35.474    5.471    0    0  (Gen:  0)
   520024    191856   9251456  0.002  0.000   35.477    5.471    0    0  (Gen:  0)
   521080    164072   9353496  0.002  0.000   35.481    5.472    0    0  (Gen:  0)
   520480    148176   9428928  0.002  0.000   35.484    5.473    0    0  (Gen:  0)
   521032    185688   9525568  0.002  0.000   35.488    5.473    0    0  (Gen:  0)
   521016    169328   9608240  0.002  0.000   35.491    5.474    0    0  (Gen:  0)
   521056    150920   9682760  0.002  0.000   35.494    5.475    0    0  (Gen:  0)
   520592    184248   9778608  0.002  0.000   35.498    5.475    0    0  (Gen:  0)
   520920    164664   9859504  0.002  0.000   35.502    5.476    0    0  (Gen:  0)
   520712    137664   9936704  0.002  0.000   35.505    5.477    0    0  (Gen:  0)
   520488    184320  10027624  0.002  0.000   35.508    5.477    0    0  (Gen:  0)
   520928    141216  10080280  0.003  0.000   35.513    5.478    0    0  (Gen:  0)
   521360     39768  10101024  0.001  0.000   35.515    5.478    0    0  (Gen:  0)
   521176     54808  10150896  0.001  0.000   35.518    5.479    0    0  (Gen:  0)
   520616     77024  10193072  0.001  0.000   35.521    5.479    0    0  (Gen:  0)
   520392   4080272   5065920  0.010  0.001   35.532    5.481    0    0  (Gen:  1)
   521496     90488   5108360  0.001  0.000   35.535    5.481    0    0  (Gen:  0)
   521360     77512   5146128  0.002  0.000   35.538    5.482    0    0  (Gen:  0)
   520608    108664   5200800  0.001  0.000   35.541    5.482    0    0  (Gen:  0)
   520520    109736   5255272  0.001  0.000   35.544    5.483    0    0  (Gen:  0)
   520680     95136   5297032  0.002  0.000   35.547    5.483    0    0  (Gen:  0)
   520760     95824   5330872  0.002  0.000   35.550    5.484    0    0  (Gen:  0)
   520680    122888   5394704  0.002  0.000   35.553    5.485    0    0  (Gen:  0)
   521168    100520   5432584  0.002  0.000   35.556    5.485    0    0  (Gen:  0)
   520888    143752   5512408  0.002  0.000   35.559    5.486    0    0  (Gen:  0)
   520816    101632   5566712  0.001  0.000   35.562    5.486    0    0  (Gen:  0)
   521328    129584   5629000  0.002  0.000   35.565    5.487    0    0  (Gen:  0)
   520784    124488   5693232  0.002  0.000   35.569    5.487    0    0  (Gen:  0)
   520968    105792   5745400  0.002  0.000   35.572    5.488    0    0  (Gen:  0)
   521064    112008   5786440  0.002  0.000   35.575    5.488    0    0  (Gen:  0)
   521320    135560   5852296  0.002  0.000   35.578    5.489    0    0  (Gen:  0)
   520416    114064   5905520  0.002  0.000   35.581    5.490    0    0  (Gen:  0)
   521080    116976   5949136  0.002  0.000   35.584    5.490    0    0  (Gen:  0)
   520888    144960   6022656  0.002  0.000   35.587    5.491    0    0  (Gen:  0)
   521072    117224   6070224  0.002  0.000   35.590    5.491    0    0  (Gen:  0)
   521136    162288   6158976  0.003  0.000   35.594    5.492    0    0  (Gen:  0)
   520608    115528   6225592  0.002  0.000   35.597    5.492    0    0  (Gen:  0)
   521248    145792   6296120  0.002  0.000   35.601    5.493    0    0  (Gen:  0)
   520696    132704   6361464  0.002  0.000   35.604    5.494    0    0  (Gen:  0)
   521104    117296   6421408  0.002  0.000   35.607    5.494    0    0  (Gen:  0)
   520864     89992   6507168  0.001  0.000   35.610    5.495    0    0  (Gen:  0)
   521152    139976   6576920  0.002  0.000   35.613    5.495    0    0  (Gen:  0)
   520824    122768   6640800  0.002  0.000   35.617    5.496    0    0  (Gen:  0)
   520616    129904   6690552  0.002  0.000   35.620    5.497    0    0  (Gen:  0)
   520488    165992   6777072  0.002  0.000   35.623    5.497    0    0  (Gen:  0)
   520816    130024   6835448  0.002  0.000   35.627    5.498    0    0  (Gen:  0)
   520504    172008   6929568  0.002  0.000   35.630    5.498    0    0  (Gen:  0)
   520360    148856   7010328  0.002  0.000   35.633    5.499    0    0  (Gen:  0)
   520696    136024   7070848  0.002  0.000   35.637    5.500    0    0  (Gen:  0)
   520440    138080   7126040  0.002  0.000   35.640    5.500    0    0  (Gen:  0)
   521216    167688   7211160  0.002  0.000   35.643    5.501    0    0  (Gen:  0)
   520384    140008   7270128  0.002  0.000   35.647    5.501    0    0  (Gen:  0)
   520920    145520   7331112  0.002  0.000   35.650    5.502    0    0  (Gen:  0)
   520744    117296   7404792  0.002  0.000   35.653    5.503    0    0  (Gen:  0)
   520552    178608   7502000  0.002  0.000   35.657    5.503    0    0  (Gen:  0)
   562256    158888   7578440  0.002  0.000   35.660    5.504    0    0  (Gen:  0)
   521392    148400   7648272  0.002  0.000   35.664    5.504    0    0  (Gen:  0)
   520368    170808   7736424  0.002  0.000   35.667    5.505    0    0  (Gen:  0)
   520896    150896   7812184  0.002  0.000   35.670    5.506    0    0  (Gen:  0)
   520896    123608   7876072  0.002  0.000   35.674    5.506    0    0  (Gen:  0)
   520848    162920   7958696  0.002  0.000   35.677    5.507    0    0  (Gen:  0)
   520216    157976   8036144  0.002  0.000   35.681    5.507    0    0  (Gen:  0)
   520960    132424   8102216  0.002  0.000   35.685    5.508    0    0  (Gen:  0)
   521328    143952   8160680  0.003  0.000   35.689    5.509    0    0  (Gen:  0)
   520864    169408   8244432  0.002  0.000   35.693    5.509    0    0  (Gen:  0)
   520688    141944   8309760  0.002  0.000   35.697    5.510    0    0  (Gen:  0)
   520920    147360   8369584  0.003  0.000   35.701    5.511    0    0  (Gen:  0)
   520808    169248   8454304  0.002  0.000   35.705    5.511    0    0  (Gen:  0)
   521032    141168   8514168  0.002  0.000   35.709    5.512    0    0  (Gen:  0)
   521032    167032   8595536  0.002  0.000   35.713    5.513    0    0  (Gen:  0)
   520800    160888   8681384  0.002  0.000   35.717    5.513    0    0  (Gen:  0)
   520760    145832   8744336  0.002  0.000   35.721    5.514    0    0  (Gen:  0)
   520824    154952   8809360  0.004  0.000   35.726    5.515    0    0  (Gen:  0)
   520968     92952   8889336  0.002  0.000   35.729    5.515    0    0  (Gen:  0)
   520824    185712   8988528  0.002  0.000   35.733    5.516    0    0  (Gen:  0)
   521208    160088   9062416  0.003  0.000   35.737    5.517    0    0  (Gen:  0)
   520912    145648   9139080  0.002  0.000   35.741    5.517    0    0  (Gen:  0)
   520864    186656   9238896  0.002  0.000   35.744    5.518    0    0  (Gen:  0)
   524992    180000   9352448  0.003  0.000   35.749    5.519    0    0  (Gen:  0)
   520136    149000   9426544  0.002  0.000   35.752    5.519    0    0  (Gen:  0)
   520800    182096   9521928  0.004  0.000   35.757    5.520    0    0  (Gen:  0)
   520952    113768   9630968  0.002  0.000   35.761    5.521    0    0  (Gen:  0)
   520880    144272   9702240  0.002  0.000   35.764    5.521    0    0  (Gen:  0)
   521152    182744   9795976  0.002  0.000   35.768    5.522    0    0  (Gen:  0)
   520792    172184   9878824  0.003  0.000   35.772    5.523    0    0  (Gen:  0)
   521464    140048   9950656  0.002  0.000   35.776    5.523    0    0  (Gen:  0)
   520568    155312  10014568  0.002  0.000   35.780    5.524    0    0  (Gen:  0)
   520600   5353944   6339592  0.016  0.001   35.798    5.526    0    0  (Gen:  1)
   520848    158160   6407520  0.004  0.000   35.804    5.527    0    0  (Gen:  0)
   520392    174680   6489008  0.002  0.000   35.808    5.528    0    0  (Gen:  0)
   524680    113008   6537448  0.002  0.000   35.812    5.528    0    0  (Gen:  0)
   521512     43832   6556552  0.002  0.000   35.815    5.529    0    0  (Gen:  0)
   521136     84144   6609864  0.002  0.000   35.818    5.529    0    0  (Gen:  0)
   520568     58584   6640928  0.002  0.000   35.822    5.530    0    0  (Gen:  0)
   520296     88776   6686920  0.002  0.000   35.825    5.530    0    0  (Gen:  0)
   521728     91072   6732512  0.002  0.000   35.829    5.531    0    0  (Gen:  0)
   521184     80736   6769104  0.002  0.000   35.832    5.531    0    0  (Gen:  0)
   520616    124328   6839944  0.002  0.000   35.835    5.532    0    0  (Gen:  0)
   520488    109168   6899520  0.002  0.000   35.839    5.532    0    0  (Gen:  0)
   520664     91224   6937000  0.002  0.000   35.843    5.533    0    0  (Gen:  0)
   520640    104880   6978344  0.002  0.000   35.847    5.534    0    0  (Gen:  0)
   520400     75608   7033240  0.002  0.000   35.850    5.534    0    0  (Gen:  0)
   521632    139000   7109304  0.002  0.000   35.854    5.535    0    0  (Gen:  0)
   520952    114112   7167760  0.002  0.000   35.858    5.535    0    0  (Gen:  0)
   520736     94528   7218072  0.002  0.000   35.862    5.536    0    0  (Gen:  0)
   521096    132280   7283896  0.002  0.000   35.866    5.537    0    0  (Gen:  0)
   521064    131376   7348848  0.002  0.000   35.869    5.537    0    0  (Gen:  0)
   521008    105904   7398040  0.003  0.000   35.873    5.538    0    0  (Gen:  0)
   521016    156936   7484184  0.002  0.000   35.877    5.538    0    0  (Gen:  0)
   521232    128320   7554120  0.002  0.000   35.881    5.539    0    0  (Gen:  0)
   520440    114288   7603336  0.003  0.000   35.885    5.540    0    0  (Gen:  0)
   562440    119816   7658536  0.002  0.000   35.889    5.540    0    0  (Gen:  0)
   627800    120272   7720024  0.002  0.000   35.892    5.541    0    0  (Gen:  0)
   520640    114104   7766088  0.003  0.000   35.897    5.542    0    0  (Gen:  0)
   521152    152952   7845584  0.002  0.000   35.901    5.542    0    0  (Gen:  0)
   521024     99016   7909424  0.002  0.000   35.905    5.543    0    0  (Gen:  0)
   521088    162880   7998256  0.002  0.000   35.908    5.543    0    0  (Gen:  0)
   520184    134984   8063568  0.002  0.000   35.912    5.544    0    0  (Gen:  0)
   520304    121104   8121496  0.003  0.000   35.916    5.545    0    0  (Gen:  0)
   520896    149936   8196032  0.002  0.000   35.920    5.545    0    0  (Gen:  0)
   520816    142104   8266240  0.002  0.000   35.924    5.546    0    0  (Gen:  0)
   520696    125376   8328728  0.003  0.000   35.928    5.547    0    0  (Gen:  0)
   520736    130392   8379528  0.003  0.000   35.933    5.547    0    0  (Gen:  0)
   524952    163824   8464704  0.002  0.000   35.936    5.548    0    0  (Gen:  0)
   521016    122048   8521760  0.003  0.000   35.940    5.549    0    0  (Gen:  0)
   520384    170584   8615112  0.003  0.000   35.944    5.549    0    0  (Gen:  0)
   520648    144440   8697320  0.002  0.000   35.948    5.550    0    0  (Gen:  0)
   520576    132400   8756888  0.003  0.000   35.953    5.551    0    0  (Gen:  0)
   520392    137640   8811248  0.004  0.000   35.958    5.551    0    0  (Gen:  0)
   524880    163528   8891752  0.002  0.000   35.961    5.552    0    0  (Gen:  0)
   520840    140408   8950848  0.004  0.000   35.966    5.553    0    0  (Gen:  0)
   524960    145816   9013488  0.003  0.000   35.971    5.553    0    0  (Gen:  0)
   521088    108136   9084936  0.003  0.000   35.975    5.554    0    0  (Gen:  0)
   529216    162064   9164664  0.002  0.000   35.978    5.555    0    0  (Gen:  0)
   562008    148640   9241328  0.002  0.000   35.982    5.555    0    0  (Gen:  0)
   521200    122544   9311360  0.003  0.000   35.987    5.556    0    0  (Gen:  0)
   521008     94896   9402232  0.002  0.000   35.990    5.557    0    0  (Gen:  0)
   520800    147808   9478336  0.002  0.000   35.994    5.557    0    0  (Gen:  0)
   520920    121488   9542144  0.003  0.000   35.998    5.558    0    0  (Gen:  0)
   521032    143392   9602376  0.004  0.000   36.003    5.559    0    0  (Gen:  0)
   520912    172352   9692008  0.003  0.000   36.007    5.559    0    0  (Gen:  0)
   520720    125352   9757576  0.003  0.000   36.011    5.560    0    0  (Gen:  0)
   520856    141944   9815744  0.004  0.000   36.017    5.561    0    0  (Gen:  0)
   520520    177472   9908672  0.002  0.000   36.021    5.561    0    0  (Gen:  0)
   520944    138176   9972056  0.003  0.000   36.025    5.562    0    0  (Gen:  0)
   521448    145152  10031560  0.003  0.000   36.031    5.563    0    0  (Gen:  0)
   521176    170384  10117584  0.003  0.000   36.035    5.564    0    0  (Gen:  0)
   520368    141272  10178392  0.004  0.000   36.040    5.564    0    0  (Gen:  0)
   521176    184856  10278576  0.005  0.000   36.046    5.565    0    0  (Gen:  0)
   521320     91592  10366392  0.003  0.000   36.050    5.566    0    0  (Gen:  0)
   520632    146448  10428832  0.004  0.000   36.055    5.567    0    0  (Gen:  0)
   521024    187536  10528888  0.003  0.000   36.059    5.567    0    0  (Gen:  0)
   520512    133672  10605720  0.003  0.000   36.063    5.568    0    0  (Gen:  0)
   520768    186664  10706192  0.002  0.000   36.067    5.569    0    0  (Gen:  0)
   521032    151632  10782392  0.002  0.000   36.071    5.569    0    0  (Gen:  0)
   520848    133536  10856064  0.003  0.000   36.075    5.570    0    0  (Gen:  0)
   520880     99216  10951136  0.002  0.000   36.079    5.571    0    0  (Gen:  0)
   520760    157936  11033456  0.003  0.000   36.083    5.571    0    0  (Gen:  0)
   520560    122768  11105560  0.003  0.000   36.088    5.572    0    0  (Gen:  0)
   520032    174456  11192344  0.002  0.000   36.092    5.573    0    0  (Gen:  0)
   521424    166224  11274704  0.002  0.000   36.096    5.573    0    0  (Gen:  0)
   521104    139976  11345872  0.003  0.000   36.100    5.574    0    0  (Gen:  0)
   520584    155040  11409032  0.004  0.000   36.106    5.575    0    0  (Gen:  0)
   520328    188248  11505592  0.003  0.000   36.110    5.576    0    0  (Gen:  0)
   520568    153328  11576272  0.003  0.000   36.115    5.576    0    0  (Gen:  0)
   521264    156384  11640448  0.004  0.000   36.120    5.577    0    0  (Gen:  0)
   519976    174288  11725392  0.003  0.000   36.124    5.578    0    0  (Gen:  0)
   520944    143728  11797568  0.004  0.000   36.129    5.579    0    0  (Gen:  0)
   521056    156288  11861208  0.004  0.000   36.134    5.579    0    0  (Gen:  0)
   520664    133360  11902488  0.003  0.000   36.139    5.580    0    0  (Gen:  0)
   521480     44536  11922496  0.002  0.000   36.142    5.581    0    0  (Gen:  0)
   521240     84400  11976152  0.002  0.000   36.146    5.581    0    0  (Gen:  0)
   520496     50464  12007656  0.002  0.000   36.149    5.582    0    0  (Gen:  0)
   520408     98000  12062520  0.002  0.000   36.152    5.582    0    0  (Gen:  0)
   521680     93664  12108504  0.002  0.000   36.155    5.583    0    0  (Gen:  0)
   520992     76760  12144544  0.002  0.000   36.159    5.583    0    0  (Gen:  0)
   520760    126144  12218024  0.002  0.000   36.163    5.584    0    0  (Gen:  0)
   520488    104784  12277872  0.002  0.000   36.166    5.584    0    0  (Gen:  0)
   520704     92432  12313128  0.003  0.000   36.170    5.585    0    0  (Gen:  0)
   660368    101968  12351800  0.002  0.000   36.173    5.586    0    0  (Gen:  0)
   520744     93528  12408728  0.002  0.000   36.177    5.586    0    0  (Gen:  0)
   520552   4231936   5221744  0.014  0.001   36.192    5.588    0    0  (Gen:  1)
   520512    120680   5279280  0.002  0.000   36.196    5.588    0    0  (Gen:  0)
   521192     91152   5329112  0.003  0.000   36.200    5.589    0    0  (Gen:  0)
   521032    133904   5397336  0.003  0.000   36.204    5.590    0    0  (Gen:  0)
   524824    128464   5463000  0.002  0.000   36.207    5.590    0    0  (Gen:  0)
   521104    105000   5511072  0.003  0.000   36.212    5.591    0    0  (Gen:  0)
   521008    113936   5554376  0.004  0.000   36.216    5.591    0    0  (Gen:  0)
   524576    146792   5629720  0.003  0.000   36.220    5.592    0    0  (Gen:  0)
   525344    116248   5680456  0.003  0.000   36.225    5.593    0    0  (Gen:  0)
   549072    116672   5723432  0.004  0.000   36.229    5.593    0    0  (Gen:  0)
   536984    143208   5794864  0.003  0.000   36.233    5.594    0    0  (Gen:  0)
   520864    118432   5841272  0.004  0.000   36.238    5.595    0    0  (Gen:  0)
   520848    154904   5922432  0.003  0.000   36.242    5.595    0    0  (Gen:  0)
   520864    107592   5983480  0.003  0.000   36.247    5.596    0    0  (Gen:  0)
   521112    158560   6068584  0.003  0.000   36.251    5.597    0    0  (Gen:  0)
   520056    133544   6136320  0.003  0.000   36.255    5.597    0    0  (Gen:  0)
   520736    100064   6192104  0.003  0.000   36.259    5.598    0    0  (Gen:  0)
   520840    150376   6267344  0.003  0.000   36.264    5.599    0    0  (Gen:  0)
   520656    146296   6339576  0.002  0.000   36.267    5.599    0    0  (Gen:  0)
   521128    121680   6400432  0.003  0.000   36.272    5.600    0    0  (Gen:  0)
   521208    131088   6451648  0.004  0.000   36.277    5.601    0    0  (Gen:  0)
   520592    166568   6538856  0.003  0.000   36.281    5.601    0    0  (Gen:  0)
   521096    124456   6593976  0.004  0.000   36.286    5.602    0    0  (Gen:  0)
   521360    169584   6684216  0.003  0.000   36.290    5.603    0    0  (Gen:  0)
   520824    157712   6766912  0.003  0.000   36.294    5.603    0    0  (Gen:  0)
   520424    136632   6824920  0.004  0.000   36.299    5.604    0    0  (Gen:  0)
   520776    144096   6885840  0.003  0.000   36.304    5.605    0    0  (Gen:  0)
   521400    105464   6960104  0.003  0.000   36.308    5.605    0    0  (Gen:  0)
   520520     97392   7053328  0.002  0.000   36.312    5.606    0    0  (Gen:  0)
   520632    146872   7139936  0.003  0.000   36.316    5.607    0    0  (Gen:  0)
   520808    110608   7208904  0.003  0.000   36.320    5.607    0    0  (Gen:  0)
   520880    162688   7288968  0.003  0.000   36.324    5.608    0    0  (Gen:  0)
   537472    151904   7366384  0.003  0.000   36.329    5.609    0    0  (Gen:  0)
   521240    131200   7434880  0.003  0.000   36.334    5.609    0    0  (Gen:  0)
   520568    168560   7520184  0.003  0.000   36.340    5.610    0    0  (Gen:  0)
   521584    153608   7596376  0.003  0.000   36.344    5.611    0    0  (Gen:  0)
   520256    131440   7659752  0.004  0.000   36.351    5.612    0    0  (Gen:  0)
   521240    142960   7719344  0.004  0.000   36.358    5.613    0    0  (Gen:  0)
   520600    178384   7816560  0.004  0.000   36.365    5.614    0    0  (Gen:  0)
   520264    127120   7880672  0.004  0.000   36.373    5.615    0    0  (Gen:  0)
   520776    142840   7939264  0.005  0.000   36.387    5.616    0    0  (Gen:  0)
   520928    177296   8031608  0.004  0.000   36.392    5.617    0    0  (Gen:  0)
   521040    140376   8093832  0.004  0.000   36.399    5.618    0    0  (Gen:  0)
   521152    146120   8152248  0.004  0.000   36.407    5.619    0    0  (Gen:  0)
   520432    172584   8240464  0.003  0.000   36.411    5.619    0    0  (Gen:  0)
   520728    143056   8298848  0.004  0.000   36.418    5.620    0    0  (Gen:  0)
   521264    184704   8397024  0.012  0.001   36.433    5.622    0    0  (Gen:  0)
   520808    142936   8473888  0.004  0.000   36.446    5.624    0    0  (Gen:  0)
   521056    168704   8556944  0.003  0.000   36.451    5.624    0    0  (Gen:  0)
   520848    148344   8632344  0.003  0.000   36.455    5.625    0    0  (Gen:  0)
   520920    134208   8706776  0.003  0.000   36.460    5.626    0    0  (Gen:  0)
   520832    182336   8804096  0.003  0.000   36.464    5.626    0    0  (Gen:  0)
   521656    156288   8880856  0.003  0.000   36.469    5.627    0    0  (Gen:  0)
   520960    130392   8952464  0.003  0.000   36.473    5.628    0    0  (Gen:  0)
   520584    175976   9041712  0.003  0.000   36.478    5.629    0    0  (Gen:  0)
   520680    163952   9125952  0.003  0.000   36.482    5.629    0    0  (Gen:  0)
   521160    129656   9195664  0.004  0.000   36.487    5.630    0    0  (Gen:  0)
   520560     94264   9286032  0.003  0.000   36.491    5.631    0    0  (Gen:  0)
   521160    169720   9368736  0.003  0.000   36.496    5.631    0    0  (Gen:  0)
   521248    137048   9439728  0.004  0.000   36.501    5.632    0    0  (Gen:  0)
   520816    154152   9502784  0.004  0.000   36.507    5.633    0    0  (Gen:  0)
   521208    196712   9609664  0.003  0.000   36.512    5.634    0    0  (Gen:  0)
   520968    139264   9679272  0.004  0.000   36.517    5.635    0    0  (Gen:  0)
   520536    156104   9743336  0.005  0.000   36.523    5.635    0    0  (Gen:  0)
   520600    186128   9841080  0.003  0.000   36.528    5.636    0    0  (Gen:  0)
   520904    148344   9910592  0.004  0.000   36.533    5.637    0    0  (Gen:  0)
   521264    157680   9975768  0.004  0.000   36.539    5.638    0    0  (Gen:  0)
   603216    130112  10013336  0.003  0.000   36.543    5.638    0    0  (Gen:  0)
   537408     45224  10035872  0.002  0.000   36.547    5.639    0    0  (Gen:  0)
   536880     81048  10085808  0.002  0.000   36.551    5.640    0    0  (Gen:  0)
   521128     65952  10116824  0.002  0.000   36.555    5.640    0    0  (Gen:  0)
   520696     91384  10163744  0.002  0.000   36.558    5.641    0    0  (Gen:  0)
   537032     93248  10209952  0.002  0.000   36.562    5.641    0    0  (Gen:  0)
   520808     73968  10244840  0.003  0.000   36.566    5.642    0    0  (Gen:  0)
   521112   4135168   5116864  0.014  0.001   36.581    5.644    0    0  (Gen:  1)
   520872    114576   5176016  0.003  0.000   36.585    5.644    0    0  (Gen:  0)
   521504     91368   5211192  0.003  0.000   36.590    5.645    0    0  (Gen:  0)
   537168    131312   5279432  0.003  0.000   36.594    5.646    0    0  (Gen:  0)
   520744     87248   5330936  0.003  0.000   36.599    5.646    0    0  (Gen:  0)
   520744    135168   5403552  0.003  0.000   36.603    5.647    0    0  (Gen:  0)
   520880    121456   5465200  0.003  0.000   36.607    5.647    0    0  (Gen:  0)
   521168     91672   5513880  0.003  0.000   36.612    5.648    0    0  (Gen:  0)
   521624    108920   5554792  0.004  0.000   36.617    5.649    0    0  (Gen:  0)
   521624    148136   5635728  0.002  0.000   36.621    5.649    0    0  (Gen:  0)
   521336    106136   5683024  0.004  0.000   36.626    5.650    0    0  (Gen:  0)
   520696     85808   5764720  0.002  0.000   36.630    5.651    0    0  (Gen:  0)
   521336    121800   5835816  0.003  0.000   36.634    5.651    0    0  (Gen:  0)
   520816    118000   5884592  0.004  0.000   36.640    5.652    0    0  (Gen:  0)
   537160    149488   5961808  0.003  0.000   36.644    5.653    0    0  (Gen:  0)
   520696    111952   6023352  0.003  0.000   36.649    5.654    0    0  (Gen:  0)
   520664    156184   6107064  0.003  0.000   36.653    5.654    0    0  (Gen:  0)
   520960    137520   6176128  0.003  0.000   36.658    5.655    0    0  (Gen:  0)
   520808    112648   6233488  0.003  0.000   36.662    5.656    0    0  (Gen:  0)
   521112    151952   6311128  0.003  0.000   36.667    5.656    0    0  (Gen:  0)
   520896    144032   6379704  0.003  0.000   36.672    5.657    0    0  (Gen:  0)
   521064    109296   6433496  0.003  0.000   36.676    5.658    0    0  (Gen:  0)
   521136    130608   6486872  0.004  0.000   36.682    5.658    0    0  (Gen:  0)
   521056    161320   6574112  0.003  0.000   36.686    5.659    0    0  (Gen:  0)
   519944    123912   6630136  0.003  0.000   36.692    5.660    0    0  (Gen:  0)
   520664    131144   6681976  0.004  0.000   36.697    5.661    0    0  (Gen:  0)
   521112    161536   6764264  0.003  0.000   36.701    5.661    0    0  (Gen:  0)
   520824    132728   6818976  0.004  0.000   36.706    5.662    0    0  (Gen:  0)
   521104    172512   6910888  0.003  0.000   36.710    5.663    0    0  (Gen:  0)
   520736    141224   6983888  0.003  0.000   36.715    5.663    0    0  (Gen:  0)
   520840    173664   7075192  0.003  0.000   36.719    5.664    0    0  (Gen:  0)
   521096    142952   7152408  0.003  0.000   36.723    5.665    0    0  (Gen:  0)
   520984    123304   7219112  0.003  0.000   36.728    5.665    0    0  (Gen:  0)
   520968    166776   7303744  0.003  0.000   36.732    5.666    0    0  (Gen:  0)
   520920    149280   7378976  0.003  0.000   36.736    5.667    0    0  (Gen:  0)
   521056    118360   7444096  0.003  0.000   36.741    5.667    0    0  (Gen:  0)
   520792    140480   7499128  0.004  0.000   36.746    5.668    0    0  (Gen:  0)
   536872    180024   7595528  0.004  0.000   36.751    5.669    0    0  (Gen:  0)
   521280    123104   7659408  0.004  0.000   36.756    5.670    0    0  (Gen:  0)
   520624    171160   7746080  0.003  0.000   36.761    5.670    0    0  (Gen:  0)
   520136    148352   7828720  0.003  0.000   36.765    5.671    0    0  (Gen:  0)
   521096    135592   7889464  0.005  0.000   36.771    5.672    0    0  (Gen:  0)
   520672    141520   7947784  0.005  0.000   36.778    5.673    0    0  (Gen:  0)
   520704    166136   8031696  0.004  0.000   36.784    5.673    0    0  (Gen:  0)
   520432    141576   8091304  0.006  0.000   36.791    5.674    0    0  (Gen:  0)
   520696    149408   8156392  0.004  0.000   36.795    5.675    0    0  (Gen:  0)
   520856    100016   8235112  0.003  0.000   36.800    5.676    0    0  (Gen:  0)
   520848    169184   8317176  0.004  0.000   36.805    5.676    0    0  (Gen:  0)
   520792    144784   8392568  0.003  0.000   36.809    5.677    0    0  (Gen:  0)
   520728    114008   8466280  0.004  0.000   36.815    5.678    0    0  (Gen:  0)
   520432    178584   8557480  0.004  0.000   36.820    5.679    0    0  (Gen:  0)
   520816    156216   8637416  0.003  0.000   36.825    5.679    0    0  (Gen:  0)
   521280    120752   8706064  0.004  0.000   36.830    5.680    0    0  (Gen:  0)
   520760    170216   8790248  0.005  0.000   36.836    5.681    0    0  (Gen:  0)
   521080    161496   8871872  0.004  0.000   36.841    5.682    0    0  (Gen:  0)
   521056    133136   8940040  0.005  0.000   36.847    5.683    0    0  (Gen:  0)
   520320    148768   9000072  0.006  0.000   36.854    5.684    0    0  (Gen:  0)
   521000    182544   9095320  0.005  0.000   36.860    5.684    0    0  (Gen:  0)
   520808    144864   9163152  0.005  0.000   36.867    5.685    0    0  (Gen:  0)
   521032    150280   9224232  0.006  0.001   36.874    5.686    0    0  (Gen:  0)
   520680    186752   9326176  0.004  0.000   36.879    5.687    0    0  (Gen:  0)
   520928    149080   9389856  0.005  0.000   36.885    5.688    0    0  (Gen:  0)
   520984    188336   9490904  0.004  0.000   36.892    5.689    0    0  (Gen:  0)
   520672    154328   9578760  0.004  0.000   36.897    5.690    0    0  (Gen:  0)
   521072    145360   9645344  0.006  0.000   36.904    5.691    0    0  (Gen:  0)
   521776    153392   9709544  0.006  0.000   36.911    5.691    0    0  (Gen:  0)
   521224    181896   9801584  0.004  0.000   36.917    5.692    0    0  (Gen:  0)
   520528    153424   9867368  0.006  0.001   36.925    5.693    0    0  (Gen:  0)
   520816    182896   9958352  0.003  0.000   36.930    5.694    0    0  (Gen:  0)
   520920    125016  10042248  0.004  0.000   36.935    5.695    0    0  (Gen:  0)
   520640    180280  10129480  0.004  0.000   36.940    5.696    0    0  (Gen:  0)
   521376   5389872   6371512  0.016  0.001   36.958    5.698    0    0  (Gen:  1)
   520360    155264   6434664  0.004  0.000   36.964    5.698    0    0  (Gen:  0)
   520760    191960   6536952  0.003  0.000   36.968    5.699    0    0  (Gen:  0)
   519856    156096   6619336  0.003  0.000   36.972    5.700    0    0  (Gen:  0)
   520536    137000   6697432  0.003  0.000   36.977    5.701    0    0  (Gen:  0)
   520280    179240   6784424  0.003  0.000   36.981    5.701    0    0  (Gen:  0)
   520184    168808   6870032  0.003  0.000   36.985    5.702    0    0  (Gen:  0)
   521144    129720   6943800  0.003  0.000   36.990    5.703    0    0  (Gen:  0)
   521032    180192   7032488  0.003  0.000   36.994    5.703    0    0  (Gen:  0)
   520568    172608   7118528  0.003  0.000   36.998    5.704    0    0  (Gen:  0)
   520752    150112   7190960  0.004  0.000   37.003    5.705    0    0  (Gen:  0)
   521040    160272   7257480  0.004  0.000   37.008    5.705    0    0  (Gen:  0)
   520680    150680   7316184  0.004  0.000   37.012    5.706    0    0  (Gen:  0)
   520928     42912   7337896  0.002  0.000   37.015    5.707    0    0  (Gen:  0)
   520432     83496   7391272  0.002  0.000   37.019    5.707    0    0  (Gen:  0)
   521208     53864   7425904  0.002  0.000   37.022    5.708    0    0  (Gen:  0)
   520752     89624   7471712  0.002  0.000   37.025    5.708    0    0  (Gen:  0)
   521160     88712   7515504  0.002  0.000   37.029    5.709    0    0  (Gen:  0)
   521072     73992   7552568  0.003  0.000   37.032    5.709    0    0  (Gen:  0)
   520984     84840   7582256  0.003  0.000   37.036    5.710    0    0  (Gen:  0)
   521216    121680   7648320  0.003  0.000   37.039    5.710    0    0  (Gen:  0)
   520960     90120   7685240  0.003  0.000   37.043    5.711    0    0  (Gen:  0)
   520928    102960   7725112  0.003  0.000   37.047    5.711    0    0  (Gen:  0)
   520600     76224   7782400  0.002  0.000   37.050    5.712    0    0  (Gen:  0)
   520584    142040   7861728  0.003  0.000   37.054    5.713    0    0  (Gen:  0)
   520784    117016   7922712  0.003  0.000   37.058    5.713    0    0  (Gen:  0)
   521104    100432   7972712  0.003  0.000   37.061    5.714    0    0  (Gen:  0)
   521072    132136   8038024  0.012  0.001   37.074    5.715    0    0  (Gen:  0)
   520848    128296   8102456  0.002  0.000   37.079    5.716    0    0  (Gen:  0)
   520944    104520   8152264  0.003  0.000   37.083    5.717    0    0  (Gen:  0)
   520792    112456   8193056  0.003  0.000   37.087    5.717    0    0  (Gen:  0)
   521104    140248   8262856  0.003  0.000   37.091    5.718    0    0  (Gen:  0)
   521024    112696   8312456  0.004  0.000   37.096    5.719    0    0  (Gen:  0)
   570328    120744   8372328  0.004  0.000   37.100    5.719    0    0  (Gen:  0)
   619440     72080   8427520  0.002  0.000   37.104    5.720    0    0  (Gen:  0)
   521280    117520   8474656  0.003  0.000   37.109    5.721    0    0  (Gen:  0)
   521112    162824   8564680  0.003  0.000   37.113    5.721    0    0  (Gen:  0)
   520872    101416   8628120  0.003  0.000   37.117    5.722    0    0  (Gen:  0)
   521248    162304   8716440  0.003  0.000   37.121    5.722    0    0  (Gen:  0)
   520808    133792   8783832  0.003  0.000   37.125    5.723    0    0  (Gen:  0)
   521152    114512   8840864  0.003  0.000   37.129    5.724    0    0  (Gen:  0)
   520720    154648   8919696  0.002  0.000   37.133    5.724    0    0  (Gen:  0)
   520720    144920   8991800  0.003  0.000   37.137    5.725    0    0  (Gen:  0)
   520784    123856   9053240  0.003  0.000   37.141    5.726    0    0  (Gen:  0)
   521184    130584   9103616  0.004  0.000   37.146    5.726    0    0  (Gen:  0)
   524960    165704   9190208  0.003  0.000   37.151    5.727    0    0  (Gen:  0)
   520928    125896   9246472  0.004  0.000   37.155    5.728    0    0  (Gen:  0)
   521368    166208   9334040  0.003  0.000   37.159    5.728    0    0  (Gen:  0)
   520576    150744   9416408  0.003  0.000   37.163    5.729    0    0  (Gen:  0)
   520528    136184   9473912  0.003  0.000   37.168    5.730    0    0  (Gen:  0)
   524728    162760   9555040  0.004  0.000   37.173    5.730    0    0  (Gen:  0)
   520520    106328   9630128  0.003  0.000   37.177    5.731    0    0  (Gen:  0)
   521424    173984   9722680  0.003  0.000   37.182    5.732    0    0  (Gen:  0)
   524704    150200   9794536  0.003  0.000   37.186    5.732    0    0  (Gen:  0)
   520888    109864   9864016  0.003  0.000   37.190    5.733    0    0  (Gen:  0)
   528656    163856   9944696  0.003  0.000   37.194    5.734    0    0  (Gen:  0)
   561272    149824  10021224  0.003  0.000   37.198    5.734    0    0  (Gen:  0)
   520424    118624  10089400  0.003  0.000   37.203    5.735    0    0  (Gen:  0)
   520408    168224  10174208  0.003  0.000   37.207    5.736    0    0  (Gen:  0)
   521048    154184  10251264  0.003  0.000   37.211    5.736    0    0  (Gen:  0)
   520680    128696  10315304  0.003  0.000   37.216    5.737    0    0  (Gen:  0)
   521040    142296  10374016  0.004  0.000   37.221    5.738    0    0  (Gen:  0)
   520864    170160  10461872  0.003  0.000   37.225    5.739    0    0  (Gen:  0)
   520896    134032  10526672  0.003  0.000   37.230    5.739    0    0  (Gen:  0)
   520696    180864  10624936  0.003  0.000   37.235    5.740    0    0  (Gen:  0)
   520672    150968  10713400  0.003  0.000   37.239    5.741    0    0  (Gen:  0)
   520512    138760  10774264  0.004  0.000   37.244    5.741    0    0  (Gen:  0)
   520952    166456  10853568  0.003  0.000   37.249    5.742    0    0  (Gen:  0)
   520376    160080  10943704  0.003  0.000   37.253    5.743    0    0  (Gen:  0)
   520912    143360  11000592  0.004  0.000   37.258    5.744    0    0  (Gen:  0)
   521192    154648  11068248  0.004  0.000   37.263    5.744    0    0  (Gen:  0)
   520504    108408  11145152  0.003  0.000   37.267    5.745    0    0  (Gen:  0)
   521176    185920  11245464  0.003  0.000   37.272    5.746    0    0  (Gen:  0)
   520744    145392  11321856  0.003  0.000   37.276    5.746    0    0  (Gen:  0)
   521360    127624  11395056  0.003  0.000   37.280    5.747    0    0  (Gen:  0)
   520408    180912  11489648  0.003  0.000   37.285    5.748    0    0  (Gen:  0)
   521136    161712  11568536  0.003  0.000   37.289    5.748    0    0  (Gen:  0)
   520880    121776  11637584  0.003  0.000   37.294    5.749    0    0  (Gen:  0)
   520528    171648  11722640  0.003  0.000   37.298    5.750    0    0  (Gen:  0)
   520824    168424  11807096  0.003  0.000   37.302    5.751    0    0  (Gen:  0)
   520480    129392  11876136  0.004  0.000   37.307    5.751    0    0  (Gen:  0)
   520928    195384  11983272  0.003  0.000   37.312    5.752    0    0  (Gen:  0)
   520656    152824  12071960  0.002  0.000   37.316    5.753    0    0  (Gen:  0)
   520776    137888  12142840  0.004  0.000   37.321    5.754    0    0  (Gen:  0)
   521000    154592  12206704  0.004  0.000   37.327    5.754    0    0  (Gen:  0)
   520944    185480  12302672  0.004  0.000   37.331    5.755    0    0  (Gen:  0)
   520960    144640  12370144  0.004  0.000   37.337    5.756    0    0  (Gen:  0)
   521000    155560  12434864  0.004  0.000   37.342    5.757    0    0  (Gen:  0)
   520848    183704  12529936  0.003  0.000   37.347    5.757    0    0  (Gen:  0)
   520896   5370776   6352384  0.017  0.002   37.365    5.759    0    0  (Gen:  1)
   520496    157352   6417120  0.004  0.000   37.370    5.760    0    0  (Gen:  0)
   520848    184320   6510304  0.003  0.000   37.374    5.761    0    0  (Gen:  0)
   521736    159568   6578776  0.004  0.000   37.380    5.762    0    0  (Gen:  0)
   520376    194144   6680752  0.003  0.000   37.383    5.762    0    0  (Gen:  0)
   520504    167840   6766816  0.003  0.000   37.387    5.763    0    0  (Gen:  0)
   520120    194832   6868104  0.003  0.000   37.391    5.764    0    0  (Gen:  0)
   520376    153608   6948904  0.002  0.000   37.394    5.764    0    0  (Gen:  0)
   520944    136224   7028056  0.003  0.000   37.398    5.765    0    0  (Gen:  0)
   520936    189784   7126984  0.003  0.000   37.402    5.766    0    0  (Gen:  0)
   520560    158488   7209744  0.003  0.000   37.405    5.766    0    0  (Gen:  0)
   520472    129240   7286008  0.003  0.000   37.409    5.767    0    0  (Gen:  0)
   520920    181192   7375312  0.002  0.000   37.412    5.767    0    0  (Gen:  0)
   520832    136648   7430544  0.003  0.000   37.416    5.768    0    0  (Gen:  0)
   521064     36688   7450248  0.002  0.000   37.419    5.768    0    0  (Gen:  0)
   520320     79248   7501048  0.002  0.000   37.422    5.769    0    0  (Gen:  0)
   521016     73256   7542576  0.002  0.000   37.425    5.769    0    0  (Gen:  0)
   520912     65232   7568032  0.003  0.000   37.428    5.770    0    0  (Gen:  0)
   521136     86552   7604840  0.002  0.000   37.431    5.770    0    0  (Gen:  0)
   521256     71800   7644992  0.002  0.000   37.434    5.771    0    0  (Gen:  0)
   520968    113048   7704144  0.002  0.000   37.437    5.771    0    0  (Gen:  0)
   521264    106464   7757160  0.002  0.000   37.440    5.772    0    0  (Gen:  0)
   520816     89856   7799864  0.003  0.000   37.443    5.772    0    0  (Gen:  0)
   520848     96576   7833960  0.003  0.000   37.447    5.773    0    0  (Gen:  0)
   520904    122352   7896608  0.002  0.000   37.450    5.774    0    0  (Gen:  0)
   520280     96400   7935280  0.003  0.000   37.454    5.774    0    0  (Gen:  0)
   520728    144904   8016096  0.003  0.000   37.457    5.775    0    0  (Gen:  0)
   521040    117592   8074352  0.002  0.000   37.461    5.775    0    0  (Gen:  0)
   521432    146488   8154224  0.002  0.000   37.464    5.776    0    0  (Gen:  0)
   520888    121112   8215920  0.002  0.000   37.467    5.776    0    0  (Gen:  0)
   520464     95520   8268096  0.003  0.000   37.471    5.777    0    0  (Gen:  0)
   521008    137560   8337664  0.002  0.000   37.474    5.777    0    0  (Gen:  0)
   520992    133552   8403520  0.002  0.000   37.477    5.778    0    0  (Gen:  0)
   521200    110224   8457400  0.003  0.000   37.481    5.779    0    0  (Gen:  0)
   520496    118512   8501144  0.003  0.000   37.485    5.779    0    0  (Gen:  0)
   521104    155096   8583544  0.003  0.000   37.489    5.780    0    0  (Gen:  0)
   520968    122440   8630728  0.003  0.000   37.493    5.780    0    0  (Gen:  0)
   520720    160808   8719144  0.003  0.000   37.496    5.781    0    0  (Gen:  0)
   520984    128240   8788472  0.003  0.000   37.500    5.782    0    0  (Gen:  0)
   520928    145008   8858800  0.002  0.000   37.503    5.782    0    0  (Gen:  0)
   520528    124344   8924520  0.003  0.000   37.507    5.783    0    0  (Gen:  0)
   520840     96160   8984448  0.003  0.000   37.510    5.783    0    0  (Gen:  0)
   521184    160360   9070032  0.002  0.000   37.513    5.784    0    0  (Gen:  0)
   521080    141216   9138968  0.002  0.000   37.517    5.785    0    0  (Gen:  0)
   520168    114680   9202592  0.003  0.000   37.521    5.785    0    0  (Gen:  0)
   520592    130792   9252776  0.004  0.000   37.525    5.786    0    0  (Gen:  0)
   520864    167520   9342880  0.003  0.000   37.529    5.786    0    0  (Gen:  0)
   521032    127136   9400328  0.003  0.000   37.533    5.787    0    0  (Gen:  0)
   521008    163080   9484896  0.003  0.000   37.537    5.788    0    0  (Gen:  0)
   520816    143280   9567104  0.003  0.000   37.540    5.788    0    0  (Gen:  0)
   520760    131392   9626688  0.004  0.000   37.544    5.789    0    0  (Gen:  0)
   520896    138760   9682960  0.004  0.000   37.549    5.790    0    0  (Gen:  0)
   521288    168872   9768336  0.003  0.000   37.553    5.790    0    0  (Gen:  0)
   521016    137256   9827384  0.004  0.000   37.557    5.791    0    0  (Gen:  0)
   520704    145640   9888672  0.003  0.000   37.561    5.792    0    0  (Gen:  0)
   520792    107488   9961840  0.003  0.000   37.565    5.792    0    0  (Gen:  0)
   521224    161352  10040768  0.003  0.000   37.569    5.793    0    0  (Gen:  0)
   549240    149016  10117128  0.003  0.000   37.572    5.793    0    0  (Gen:  0)
   521096    133256  10186968  0.003  0.000   37.576    5.794    0    0  (Gen:  0)
   520056    173200  10276888  0.003  0.000   37.579    5.795    0    0  (Gen:  0)
   520264    152000  10352920  0.002  0.000   37.583    5.795    0    0  (Gen:  0)
   521096    122024  10416784  0.003  0.000   37.586    5.796    0    0  (Gen:  0)
   520880     89312  10502096  0.003  0.000   37.590    5.797    0    0  (Gen:  0)
   520424    158448  10579584  0.002  0.000   37.593    5.797    0    0  (Gen:  0)
   520808    128080  10645856  0.003  0.000   37.597    5.798    0    0  (Gen:  0)
   520624    143904  10703984  0.004  0.000   37.602    5.799    0    0  (Gen:  0)
   520720    183240  10801848  0.003  0.000   37.605    5.799    0    0  (Gen:  0)
   520576    139856  10866128  0.004  0.000   37.610    5.800    0    0  (Gen:  0)
   520984    147632  10925640  0.004  0.000   37.615    5.801    0    0  (Gen:  0)
   520472    170904  11011648  0.003  0.000   37.618    5.801    0    0  (Gen:  0)
   520776    138904  11072088  0.004  0.000   37.623    5.802    0    0  (Gen:  0)
   521032    182976  11169184  0.003  0.000   37.626    5.802    0    0  (Gen:  0)
   520792    158416  11255768  0.003  0.000   37.630    5.803    0    0  (Gen:  0)
   520888    148160  11319992  0.004  0.000   37.635    5.804    0    0  (Gen:  0)
   521064    158520  11388944  0.003  0.000   37.639    5.804    0    0  (Gen:  0)
   521104    121576  11465368  0.003  0.000   37.643    5.805    0    0  (Gen:  0)
   520392    187400  11567008  0.002  0.000   37.646    5.806    0    0  (Gen:  0)
   521120    166976  11658392  0.002  0.000   37.649    5.806    0    0  (Gen:  0)
   520848    132520  11730872  0.003  0.000   37.653    5.807    0    0  (Gen:  0)
   520616    171184  11814544  0.003  0.000   37.657    5.808    0    0  (Gen:  0)
   525368    160600  11896080  0.003  0.000   37.661    5.808    0    0  (Gen:  0)
   520752    134000  11968544  0.003  0.000   37.665    5.809    0    0  (Gen:  0)
   520776    177632  12059920  0.003  0.000   37.669    5.810    0    0  (Gen:  0)
   520792    166512  12142088  0.003  0.000   37.672    5.810    0    0  (Gen:  0)
   520544    142784  12213040  0.003  0.000   37.677    5.811    0    0  (Gen:  0)
   521024    154816  12276992  0.004  0.000   37.682    5.812    0    0  (Gen:  0)
   521280    188056  12373984  0.003  0.000   37.685    5.812    0    0  (Gen:  0)
   520624    142208  12443848  0.003  0.000   37.690    5.813    0    0  (Gen:  0)
   521360    195944  12550392  0.003  0.000   37.694    5.814    0    0  (Gen:  0)
   520816   5351072   6332640  0.018  0.002   37.712    5.816    0    0  (Gen:  1)
   520720    171616   6413632  0.003  0.000   37.717    5.817    0    0  (Gen:  0)
   520568    146392   6503648  0.002  0.000   37.720    5.817    0    0  (Gen:  0)
   619064    104200   6547264  0.003  0.000   37.724    5.818    0    0  (Gen:  0)
   537584     44576   6566216  0.002  0.000   37.727    5.818    0    0  (Gen:  0)
   536448     80048   6615384  0.002  0.000   37.730    5.819    0    0  (Gen:  0)
   520808     52048   6646376  0.002  0.000   37.733    5.819    0    0  (Gen:  0)
   520384     89864   6692520  0.002  0.000   37.736    5.820    0    0  (Gen:  0)
   537616     92360   6738888  0.002  0.000   37.739    5.820    0    0  (Gen:  0)
   520928     73240   6774592  0.002  0.000   37.742    5.821    0    0  (Gen:  0)
   521320    127560   6848512  0.002  0.000   37.746    5.821    0    0  (Gen:  0)
   520808    109608   6907816  0.002  0.000   37.749    5.822    0    0  (Gen:  0)
   520632     92328   6944296  0.003  0.000   37.753    5.822    0    0  (Gen:  0)
   537016    106648   6987680  0.002  0.000   37.756    5.823    0    0  (Gen:  0)
   520712     90176   7039664  0.003  0.000   37.759    5.823    0    0  (Gen:  0)
   521624    132824   7110048  0.003  0.000   37.763    5.824    0    0  (Gen:  0)
   520808    119912   7171032  0.003  0.000   37.766    5.825    0    0  (Gen:  0)
   520896     88376   7217848  0.003  0.000   37.770    5.825    0    0  (Gen:  0)
   521088    130296   7281552  0.003  0.000   37.774    5.826    0    0  (Gen:  0)
   520936    131752   7346760  0.003  0.000   37.777    5.826    0    0  (Gen:  0)
   521000    104416   7395576  0.003  0.000   37.782    5.827    0    0  (Gen:  0)
   521136    113848   7437504  0.004  0.000   37.786    5.828    0    0  (Gen:  0)
   521216    145776   7511496  0.003  0.000   37.790    5.828    0    0  (Gen:  0)
   520408    116624   7560808  0.003  0.000   37.795    5.829    0    0  (Gen:  0)
   537440    123904   7611928  0.003  0.000   37.798    5.830    0    0  (Gen:  0)
   520536     92752   7676536  0.003  0.000   37.802    5.830    0    0  (Gen:  0)
   520816    139848   7743784  0.003  0.000   37.806    5.831    0    0  (Gen:  0)
   520952    125712   7810080  0.003  0.000   37.809    5.831    0    0  (Gen:  0)
   520872    103576   7870440  0.003  0.000   37.813    5.832    0    0  (Gen:  0)
   520896    149280   7944336  0.003  0.000   37.816    5.833    0    0  (Gen:  0)
   520656    137112   8012128  0.003  0.000   37.820    5.833    0    0  (Gen:  0)
   520904    113712   8068664  0.003  0.000   37.824    5.834    0    0  (Gen:  0)
   521312    129480   8119888  0.004  0.000   37.829    5.835    0    0  (Gen:  0)
   520856    149960   8194256  0.003  0.000   37.833    5.835    0    0  (Gen:  0)
   521064    130896   8263296  0.003  0.000   37.836    5.836    0    0  (Gen:  0)
   521216    113752   8328256  0.003  0.000   37.840    5.836    0    0  (Gen:  0)
   521168    159664   8409328  0.003  0.000   37.844    5.837    0    0  (Gen:  0)
   520768    125160   8463720  0.004  0.000   37.848    5.838    0    0  (Gen:  0)
   520688    169112   8553008  0.003  0.000   37.852    5.838    0    0  (Gen:  0)
   520424    158336   8636872  0.003  0.000   37.856    5.839    0    0  (Gen:  0)
   521152    139152   8694208  0.004  0.000   37.861    5.840    0    0  (Gen:  0)
   521328    176712   8790072  0.004  0.000   37.865    5.840    0    0  (Gen:  0)
   520624    116688   8861440  0.003  0.000   37.869    5.841    0    0  (Gen:  0)
   520736    173912   8954152  0.003  0.000   37.873    5.842    0    0  (Gen:  0)
   520752    146376   9026784  0.003  0.000   37.877    5.842    0    0  (Gen:  0)
   520768    113280   9093768  0.003  0.000   37.881    5.843    0    0  (Gen:  0)
   521480    163400   9175232  0.003  0.000   37.885    5.843    0    0  (Gen:  0)
   537592    155472   9253832  0.003  0.000   37.889    5.844    0    0  (Gen:  0)
   521432    125448   9319872  0.003  0.000   37.893    5.845    0    0  (Gen:  0)
   521104    162256   9397352  0.003  0.000   37.897    5.845    0    0  (Gen:  0)
   520552    174480   9492544  0.003  0.000   37.901    5.846    0    0  (Gen:  0)
   520408    133312   9556040  0.004  0.000   37.906    5.847    0    0  (Gen:  0)
   520912    142232   9614192  0.004  0.000   37.911    5.847    0    0  (Gen:  0)
   520832    170648   9703520  0.003  0.000   37.915    5.848    0    0  (Gen:  0)
   520776    131312   9766336  0.004  0.000   37.919    5.849    0    0  (Gen:  0)
   520288    178040   9863064  0.003  0.000   37.923    5.850    0    0  (Gen:  0)
   520280    157760   9951064  0.003  0.000   37.927    5.850    0    0  (Gen:  0)
   521376    139456  10012160  0.004  0.000   37.932    5.851    0    0  (Gen:  0)
   520936    170008  10094456  0.003  0.000   37.936    5.852    0    0  (Gen:  0)
   521144    153408  10177728  0.003  0.000   37.940    5.852    0    0  (Gen:  0)
   520192    145048  10235808  0.004  0.000   37.945    5.853    0    0  (Gen:  0)
   521232    188224  10339136  0.004  0.000   37.950    5.854    0    0  (Gen:  0)
   520792    106624  10414744  0.003  0.000   37.954    5.854    0    0  (Gen:  0)
   521448    184600  10514464  0.003  0.000   37.959    5.855    0    0  (Gen:  0)
   520128    151936  10591528  0.003  0.000   37.963    5.856    0    0  (Gen:  0)
   521104    122840  10663848  0.003  0.000   37.967    5.856    0    0  (Gen:  0)
   520960    172080  10748360  0.003  0.000   37.971    5.857    0    0  (Gen:  0)
   521080    156552  10827080  0.003  0.000   37.975    5.858    0    0  (Gen:  0)
   520728    126880  10895624  0.003  0.000   37.979    5.858    0    0  (Gen:  0)
   520816    171808  10981008  0.003  0.000   37.984    5.859    0    0  (Gen:  0)
   520440    168472  11065368  0.003  0.000   37.988    5.860    0    0  (Gen:  0)
   521112    137320  11134488  0.004  0.000   37.992    5.861    0    0  (Gen:  0)
   521384    197416  11243456  0.003  0.000   37.997    5.861    0    0  (Gen:  0)
   520896    169496  11333704  0.003  0.000   38.001    5.862    0    0  (Gen:  0)
   521264    140800  11403568  0.004  0.000   38.006    5.863    0    0  (Gen:  0)
   520368    153792  11466912  0.004  0.000   38.011    5.863    0    0  (Gen:  0)
   520560    185200  11561672  0.003  0.000   38.015    5.864    0    0  (Gen:  0)
   521024    141464  11630136  0.004  0.000   38.020    5.865    0    0  (Gen:  0)
   520328    154280  11692728  0.004  0.000   38.025    5.866    0    0  (Gen:  0)
   520912    176544  11781560  0.003  0.000   38.029    5.866    0    0  (Gen:  0)
   521152    148016  11850616  0.004  0.000   38.034    5.867    0    0  (Gen:  0)
   521040    157784  11916360  0.004  0.000   38.040    5.868    0    0  (Gen:  0)
   520976    126584  11951680  0.003  0.000   38.043    5.868    0    0  (Gen:  0)
   520688     45824  11969560  0.002  0.000   38.046    5.869    0    0  (Gen:  0)
   520272     65504  12002720  0.002  0.000   38.049    5.869    0    0  (Gen:  0)
   520360     59272  12033784  0.002  0.000   38.052    5.870    0    0  (Gen:  0)
   520464     49336  12075872  0.002  0.000   38.055    5.870    0    0  (Gen:  0)
   521696    112360  12139888  0.002  0.000   38.059    5.871    0    0  (Gen:  0)
   521152     81312  12173072  0.003  0.000   38.062    5.871    0    0  (Gen:  0)
   520560     87600  12206408  0.002  0.000   38.065    5.872    0    0  (Gen:  0)
   520504     73576  12261136  0.002  0.000   38.068    5.872    0    0  (Gen:  0)
   520696    116520  12318208  0.002  0.000   38.072    5.873    0    0  (Gen:  0)
   520616    104704  12371608  0.003  0.000   38.075    5.874    0    0  (Gen:  0)
   520584   4213544   5195216  0.013  0.001   38.089    5.875    0    0  (Gen:  1)
   521448    125680   5259688  0.003  0.000   38.093    5.876    0    0  (Gen:  0)
   520968    122952   5320192  0.003  0.000   38.097    5.876    0    0  (Gen:  0)
   520864    100536   5368288  0.003  0.000   38.101    5.877    0    0  (Gen:  0)
   521080    108216   5408824  0.004  0.000   38.105    5.878    0    0  (Gen:  0)
   521024    144872   5484720  0.003  0.000   38.109    5.878    0    0  (Gen:  0)
   520688    111480   5531368  0.004  0.000   38.115    5.879    0    0  (Gen:  0)
   521256    135480   5595264  0.004  0.000   38.120    5.880    0    0  (Gen:  0)
   520904     72184   5661056  0.003  0.000   38.123    5.880    0    0  (Gen:  0)
   520776    139696   5728992  0.003  0.000   38.127    5.881    0    0  (Gen:  0)
   660936    120432   5789520  0.002  0.000   38.131    5.881    0    0  (Gen:  0)
   520704    101992   5851784  0.003  0.000   38.134    5.882    0    0  (Gen:  0)
   520904    154512   5934000  0.003  0.000   38.138    5.882    0    0  (Gen:  0)
   520944    129088   6001912  0.003  0.000   38.142    5.883    0    0  (Gen:  0)
   520944    115864   6059976  0.003  0.000   38.146    5.884    0    0  (Gen:  0)
   521064    149472   6135944  0.003  0.000   38.150    5.884    0    0  (Gen:  0)
   520544    143216   6204584  0.002  0.000   38.153    5.885    0    0  (Gen:  0)
   520776    109128   6258640  0.004  0.000   38.158    5.886    0    0  (Gen:  0)
   520832    130472   6311480  0.004  0.000   38.164    5.886    0    0  (Gen:  0)
   520096    160360   6396736  0.003  0.000   38.168    5.887    0    0  (Gen:  0)
   521144    123080   6453448  0.003  0.000   38.172    5.888    0    0  (Gen:  0)
   521384    130768   6505440  0.004  0.000   38.177    5.888    0    0  (Gen:  0)
   525216    160528   6586472  0.003  0.000   38.180    5.889    0    0  (Gen:  0)
   520632    129232   6640304  0.004  0.000   38.185    5.890    0    0  (Gen:  0)
   520592    169568   6730864  0.004  0.000   38.190    5.890    0    0  (Gen:  0)
   520112     91848   6804952  0.003  0.000   38.194    5.891    0    0  (Gen:  0)
   521032    158976   6881296  0.003  0.000   38.197    5.892    0    0  (Gen:  0)
   525696    153624   6969736  0.003  0.000   38.202    5.892    0    0  (Gen:  0)
   520976    116144   7037880  0.004  0.000   38.206    5.893    0    0  (Gen:  0)
   520704    169512   7125952  0.004  0.000   38.212    5.894    0    0  (Gen:  0)
   525344    142592   7200056  0.003  0.000   38.215    5.894    0    0  (Gen:  0)
   521048    113376   7264736  0.003  0.000   38.220    5.895    0    0  (Gen:  0)
   529080    165152   7347936  0.003  0.000   38.224    5.896    0    0  (Gen:  0)
   557840    161016   7427152  0.003  0.000   38.228    5.896    0    0  (Gen:  0)
   520888    122488   7493000  0.004  0.000   38.232    5.897    0    0  (Gen:  0)
   521176    185664   7594696  0.003  0.000   38.236    5.898    0    0  (Gen:  0)
   520448    146288   7675976  0.003  0.000   38.240    5.898    0    0  (Gen:  0)
   521120    137488   7739920  0.004  0.000   38.245    5.899    0    0  (Gen:  0)
   520840    140992   7796384  0.005  0.000   38.250    5.900    0    0  (Gen:  0)
   521440    164424   7878880  0.003  0.000   38.255    5.900    0    0  (Gen:  0)
   520552    133736   7940360  0.004  0.000   38.260    5.901    0    0  (Gen:  0)
   520272    183864   8042168  0.003  0.000   38.264    5.902    0    0  (Gen:  0)
   520512    160904   8129104  0.003  0.000   38.268    5.902    0    0  (Gen:  0)
   521480    144272   8189328  0.004  0.000   38.273    5.903    0    0  (Gen:  0)
   520696    175512   8276856  0.004  0.000   38.278    5.904    0    0  (Gen:  0)
   521296     94768   8354856  0.003  0.000   38.282    5.905    0    0  (Gen:  0)
   520768    166688   8434384  0.003  0.000   38.286    5.905    0    0  (Gen:  0)
   520832    144680   8510536  0.003  0.000   38.290    5.906    0    0  (Gen:  0)
   520656    116952   8582128  0.003  0.000   38.294    5.906    0    0  (Gen:  0)
   521160    169936   8666352  0.004  0.000   38.299    5.907    0    0  (Gen:  0)
   521112    154928   8744920  0.003  0.000   38.304    5.908    0    0  (Gen:  0)
   521168    117840   8814632  0.003  0.000   38.308    5.909    0    0  (Gen:  0)
   520688    172008   8900192  0.003  0.000   38.312    5.909    0    0  (Gen:  0)
   520968    160720   8978904  0.003  0.000   38.316    5.910    0    0  (Gen:  0)
   521016    124848   9049640  0.003  0.000   38.321    5.911    0    0  (Gen:  0)
   520568    150288   9110528  0.004  0.000   38.326    5.911    0    0  (Gen:  0)
   521104    186872   9211736  0.003  0.000   38.330    5.912    0    0  (Gen:  0)
   521024    136856   9278056  0.004  0.000   38.334    5.913    0    0  (Gen:  0)
   520808    191072   9381192  0.003  0.000   38.339    5.914    0    0  (Gen:  0)
   521072    169128   9470560  0.003  0.000   38.343    5.914    0    0  (Gen:  0)
   520680    139424   9539344  0.005  0.000   38.349    5.915    0    0  (Gen:  0)
   521112    182384   9633376  0.003  0.000   38.354    5.916    0    0  (Gen:  0)
   520392    165232   9724248  0.003  0.000   38.358    5.916    0    0  (Gen:  0)
   520896    143824   9791032  0.004  0.000   38.363    5.917    0    0  (Gen:  0)
   521016    154288   9853560  0.004  0.000   38.368    5.918    0    0  (Gen:  0)
   520384    178712   9943928  0.003  0.000   38.372    5.919    0    0  (Gen:  0)
   520560    152872  10011928  0.004  0.000   38.377    5.919    0    0  (Gen:  0)
   520704    178216  10099144  0.003  0.000   38.381    5.920    0    0  (Gen:  0)
   520808    103952  10128968  0.003  0.000   38.385    5.921    0    0  (Gen:  0)
   521088     48336  10147752  0.002  0.000   38.388    5.921    0    0  (Gen:  0)
   520528     86936  10202032  0.002  0.000   38.391    5.922    0    0  (Gen:  0)
   520760   4070680   5052120  0.009  0.001   38.402    5.923    0    0  (Gen:  1)
   520720    111624   5117624  0.002  0.000   38.406    5.923    0    0  (Gen:  0)
   521088    101688   5171512  0.002  0.000   38.408    5.924    0    0  (Gen:  0)
   520776     83464   5203384  0.002  0.000   38.411    5.924    0    0  (Gen:  0)
   520744    126976   5276384  0.002  0.000   38.414    5.925    0    0  (Gen:  0)
   521120    108216   5326560  0.002  0.000   38.417    5.925    0    0  (Gen:  0)
   521264    130800   5396944  0.002  0.000   38.420    5.926    0    0  (Gen:  0)
   521056    111632   5451792  0.002  0.000   38.423    5.926    0    0  (Gen:  0)
   521096     95816   5494800  0.002  0.000   38.426    5.927    0    0  (Gen:  0)
   520928    101592   5535168  0.002  0.000   38.429    5.927    0    0  (Gen:  0)
   520840     83584   5614616  0.001  0.000   38.432    5.928    0    0  (Gen:  0)
   521104    121032   5688696  0.002  0.000   38.434    5.928    0    0  (Gen:  0)
   520736    120008   5742328  0.002  0.000   38.437    5.929    0    0  (Gen:  0)
   520720    138360   5811616  0.002  0.000   38.440    5.929    0    0  (Gen:  0)
   520968    113936   5856216  0.002  0.000   38.443    5.930    0    0  (Gen:  0)
   520768     89544   5941184  0.002  0.000   38.446    5.930    0    0  (Gen:  0)
   520816    105696   6003600  0.002  0.000   38.449    5.931    0    0  (Gen:  0)
   521096    157000   6089088  0.002  0.000   38.453    5.932    0    0  (Gen:  0)
   520880    144784   6176160  0.002  0.000   38.456    5.932    0    0  (Gen:  0)
   521584    130744   6233736  0.002  0.000   38.459    5.933    0    0  (Gen:  0)
   520632    150120   6312192  0.002  0.000   38.464    5.933    0    0  (Gen:  0)
   520656    151312   6395232  0.002  0.000   38.467    5.934    0    0  (Gen:  0)
   521200    125320   6451080  0.002  0.000   38.470    5.934    0    0  (Gen:  0)
   521368    123680   6498968  0.002  0.000   38.473    5.935    0    0  (Gen:  0)
   520960    147568   6570056  0.002  0.000   38.476    5.935    0    0  (Gen:  0)
   520728    123816   6622912  0.003  0.000   38.480    5.936    0    0  (Gen:  0)
   521192    130440   6675856  0.002  0.000   38.483    5.937    0    0  (Gen:  0)
   521008    152648   6754768  0.002  0.000   38.486    5.937    0    0  (Gen:  0)
   521080    130824   6809104  0.002  0.000   38.489    5.938    0    0  (Gen:  0)
   521336    140192   6870944  0.005  0.000   38.495    5.939    0    0  (Gen:  0)
   521152    115728   6941816  0.002  0.000   38.498    5.939    0    0  (Gen:  0)
   520632    172312   7035520  0.003  0.000   38.502    5.940    0    0  (Gen:  0)
   520800    147536   7126504  0.003  0.000   38.505    5.940    0    0  (Gen:  0)
   520128    137720   7196776  0.002  0.000   38.508    5.941    0    0  (Gen:  0)
   521568    171040   7286560  0.002  0.000   38.511    5.941    0    0  (Gen:  0)
   520912    164664   7381536  0.003  0.000   38.515    5.942    0    0  (Gen:  0)
   520760    138656   7447176  0.002  0.000   38.518    5.943    0    0  (Gen:  0)
   520960     88208   7531400  0.001  0.000   38.521    5.943    0    0  (Gen:  0)
   520384    156224   7607416  0.002  0.000   38.524    5.944    0    0  (Gen:  0)
   521208    130960   7669072  0.002  0.000   38.528    5.944    0    0  (Gen:  0)
   521144    141072   7725712  0.003  0.000   38.531    5.945    0    0  (Gen:  0)
   673376    161720   7806448  0.002  0.000   38.535    5.945    0    0  (Gen:  0)
   521192    135552   7870872  0.002  0.000   38.538    5.946    0    0  (Gen:  0)
   521168    176736   7963168  0.002  0.000   38.542    5.947    0    0  (Gen:  0)
   521080    158240   8046256  0.002  0.000   38.546    5.947    0    0  (Gen:  0)
   520968    143504   8107160  0.002  0.000   38.549    5.948    0    0  (Gen:  0)
   520864    141688   8165992  0.002  0.000   38.552    5.949    0    0  (Gen:  0)
   521600    165920   8250080  0.002  0.000   38.556    5.949    0    0  (Gen:  0)
   520376    140336   8309072  0.002  0.000   38.560    5.950    0    0  (Gen:  0)
   520304    183384   8410272  0.003  0.000   38.564    5.950    0    0  (Gen:  0)
   520720    135984   8489536  0.002  0.000   38.567    5.951    0    0  (Gen:  0)
   521320    168264   8571136  0.003  0.000   38.571    5.952    0    0  (Gen:  0)
   520824    148216   8644152  0.003  0.000   38.575    5.952    0    0  (Gen:  0)
   521128    122032   8720536  0.002  0.000   38.579    5.953    0    0  (Gen:  0)
   520592    184200   8818240  0.003  0.000   38.583    5.954    0    0  (Gen:  0)
   521096    163696   8895776  0.002  0.000   38.587    5.954    0    0  (Gen:  0)
   520520    144944   8965776  0.002  0.000   38.590    5.955    0    0  (Gen:  0)
   521168    173888   9054288  0.002  0.000   38.594    5.956    0    0  (Gen:  0)
   521256    162968   9136712  0.002  0.000   38.597    5.956    0    0  (Gen:  0)
   520976    142392   9204920  0.002  0.000   38.601    5.957    0    0  (Gen:  0)
   520928    161776   9278280  0.002  0.000   38.604    5.957    0    0  (Gen:  0)
   520672    152088   9372312  0.003  0.000   38.608    5.958    0    0  (Gen:  0)
   521168    136424   9439656  0.003  0.000   38.612    5.959    0    0  (Gen:  0)
   520512    150440   9501280  0.003  0.000   38.616    5.959    0    0  (Gen:  0)
   566304    173416   9588688  0.002  0.000   38.620    5.960    0    0  (Gen:  0)
   520456    147880   9654528  0.003  0.000   38.624    5.961    0    0  (Gen:  0)
   520320    193912   9759256  0.003  0.000   38.628    5.961    0    0  (Gen:  0)
   520984    167136   9847936  0.002  0.000   38.632    5.962    0    0  (Gen:  0)
   520720    144920   9915128  0.002  0.000   38.636    5.963    0    0  (Gen:  0)
   520936    153520   9980168  0.003  0.000   38.640    5.963    0    0  (Gen:  0)
   521120    180432  10070016  0.002  0.000   38.644    5.964    0    0  (Gen:  0)
   521000   5324752   6310440  0.016  0.001   38.661    5.966    0    0  (Gen:  1)
   520800    184016   6403472  0.003  0.000   38.665    5.967    0    0  (Gen:  0)
   520472    168808   6493128  0.003  0.000   38.669    5.967    0    0  (Gen:  0)
   520792    158320   6559976  0.004  0.000   38.674    5.968    0    0  (Gen:  0)
   520696    182784   6650840  0.004  0.000   38.679    5.969    0    0  (Gen:  0)
   520864     31176   6670496  0.001  0.000   38.681    5.969    0    0  (Gen:  0)
   520600     67256   6713000  0.001  0.000   38.683    5.970    0    0  (Gen:  0)
   520936     70776   6749288  0.002  0.000   38.685    5.970    0    0  (Gen:  0)
   520432     58464   6776040  0.002  0.000   38.688    5.970    0    0  (Gen:  0)
   520696     71024   6800704  0.002  0.000   38.691    5.971    0    0  (Gen:  0)
   521808    105864   6859792  0.002  0.000   38.693    5.971    0    0  (Gen:  0)
   520832     82264   6890840  0.002  0.000   38.696    5.972    0    0  (Gen:  0)
   520472     98472   6933376  0.002  0.000   38.699    5.972    0    0  (Gen:  0)
   520768     85928   6981560  0.002  0.000   38.701    5.973    0    0  (Gen:  0)
   520696    128016   7048904  0.002  0.000   38.704    5.973    0    0  (Gen:  0)
   520568    114480   7104992  0.002  0.000   38.707    5.974    0    0  (Gen:  0)
   520976     88560   7146976  0.002  0.000   38.710    5.974    0    0  (Gen:  0)
   520848    139104   7225416  0.002  0.000   38.712    5.975    0    0  (Gen:  0)
   521152    124624   7294328  0.002  0.000   38.715    5.975    0    0  (Gen:  0)
   521080    105824   7337912  0.003  0.000   38.718    5.976    0    0  (Gen:  0)
   521104    109848   7379200  0.003  0.000   38.722    5.976    0    0  (Gen:  0)
   520816    138784   7450512  0.002  0.000   38.724    5.977    0    0  (Gen:  0)
   520944    112536   7493544  0.003  0.000   38.728    5.977    0    0  (Gen:  0)
   521240    126744   7549888  0.002  0.000   38.731    5.978    0    0  (Gen:  0)
   520656    101968   7608752  0.002  0.000   38.734    5.978    0    0  (Gen:  0)
   520808    142360   7678488  0.002  0.000   38.737    5.979    0    0  (Gen:  0)
   702088    127600   7740416  0.002  0.000   38.739    5.979    0    0  (Gen:  0)
   521112    111216   7797880  0.002  0.000   38.743    5.980    0    0  (Gen:  0)
   520824    143304   7869176  0.002  0.000   38.746    5.980    0    0  (Gen:  0)
   520720    138592   7938640  0.002  0.000   38.748    5.981    0    0  (Gen:  0)
   520848    114224   7996232  0.003  0.000   38.752    5.981    0    0  (Gen:  0)
   521272    123456   8043488  0.003  0.000   38.756    5.982    0    0  (Gen:  0)
   520528    146808   8113320  0.002  0.000   38.759    5.983    0    0  (Gen:  0)
   521224    120632   8166968  0.003  0.000   38.762    5.983    0    0  (Gen:  0)
   521048    129672   8219888  0.003  0.000   38.767    5.984    0    0  (Gen:  0)
   520704    152928   8298760  0.002  0.000   38.770    5.984    0    0  (Gen:  0)
   520824    131520   8353336  0.003  0.000   38.774    5.985    0    0  (Gen:  0)
   520680    139488   8414416  0.002  0.000   38.777    5.986    0    0  (Gen:  0)
   521056    109992   8485136  0.002  0.000   38.780    5.986    0    0  (Gen:  0)
   520392    160960   8566912  0.002  0.000   38.783    5.987    0    0  (Gen:  0)
   520720    136240   8637616  0.002  0.000   38.786    5.987    0    0  (Gen:  0)
   519920    127544   8706600  0.003  0.000   38.789    5.988    0    0  (Gen:  0)
   520656    160792   8785344  0.002  0.000   38.792    5.988    0    0  (Gen:  0)
   520712    152280   8862712  0.002  0.000   38.795    5.989    0    0  (Gen:  0)
   521008    122536   8928416  0.002  0.000   38.798    5.989    0    0  (Gen:  0)
   520472    166656   9012360  0.002  0.000   38.802    5.990    0    0  (Gen:  0)
   521160    156152   9088928  0.002  0.000   38.805    5.990    0    0  (Gen:  0)
   520568    130800   9150936  0.003  0.000   38.808    5.991    0    0  (Gen:  0)
   520704    140888   9207296  0.003  0.000   38.812    5.992    0    0  (Gen:  0)
   537120    174776   9296448  0.002  0.000   38.816    5.992    0    0  (Gen:  0)
   521176    137960   9359464  0.003  0.000   38.820    5.993    0    0  (Gen:  0)
   520272    101256   9456320  0.002  0.000   38.823    5.993    0    0  (Gen:  0)
   521096    140904   9538016  0.002  0.000   38.825    5.994    0    0  (Gen:  0)
   520600    133696   9598808  0.003  0.000   38.829    5.995    0    0  (Gen:  0)
   520640    140664   9655400  0.003  0.000   38.834    5.995    0    0  (Gen:  0)
   520480    164200   9738136  0.002  0.000   38.837    5.996    0    0  (Gen:  0)
   521168    141928   9797264  0.004  0.000   38.842    5.996    0    0  (Gen:  0)
   521320    153400   9865088  0.002  0.000   38.845    5.997    0    0  (Gen:  0)
   520616    129216   9941664  0.003  0.000   38.849    5.998    0    0  (Gen:  0)
   520688    169000  10023616  0.003  0.000   38.853    5.998    0    0  (Gen:  0)
   521056    150384  10099120  0.003  0.000   38.857    5.999    0    0  (Gen:  0)
   520944    143560  10171656  0.003  0.000   38.861    6.000    0    0  (Gen:  0)
   521144    169848  10254000  0.003  0.000   38.865    6.000    0    0  (Gen:  0)
   520544    157544  10334480  0.003  0.000   38.869    6.001    0    0  (Gen:  0)
   520872    123024  10402008  0.003  0.000   38.873    6.002    0    0  (Gen:  0)
   520624    169592  10486336  0.002  0.000   38.877    6.002    0    0  (Gen:  0)
   521184    163672  10568136  0.003  0.000   38.881    6.003    0    0  (Gen:  0)
   520776    139216  10636248  0.003  0.000   38.886    6.004    0    0  (Gen:  0)
   521240    192376  10741136  0.002  0.000   38.890    6.004    0    0  (Gen:  0)
   520680    166896  10827432  0.003  0.000   38.893    6.005    0    0  (Gen:  0)
   521176    135640  10895456  0.003  0.000   38.898    6.006    0    0  (Gen:  0)
   520744    149288  10954904  0.004  0.000   38.903    6.007    0    0  (Gen:  0)
   520768    184336  11054752  0.003  0.000   38.906    6.007    0    0  (Gen:  0)
   520344    147056  11117536  0.003  0.000   38.911    6.008    0    0  (Gen:  0)
   520664    189544  11218720  0.002  0.000   38.915    6.009    0    0  (Gen:  0)
   520688    172736  11306608  0.003  0.000   38.919    6.009    0    0  (Gen:  0)
   520848    148336  11373040  0.003  0.000   38.924    6.010    0    0  (Gen:  0)
   520896    153544  11437336  0.004  0.000   38.929    6.011    0    0  (Gen:  0)
   521000    181168  11528664  0.003  0.000   38.932    6.011    0    0  (Gen:  0)
   520944    153528  11594904  0.004  0.000   38.937    6.012    0    0  (Gen:  0)
   520784    161184  11664016  0.003  0.000   38.941    6.013    0    0  (Gen:  0)
   520776    130720  11747832  0.003  0.000   38.945    6.014    0    0  (Gen:  0)
   520440    192160  11847576  0.003  0.000   38.949    6.014    0    0  (Gen:  0)
   520856    146224  11919504  0.004  0.000   38.954    6.015    0    0  (Gen:  0)
   521128     31448  11938760  0.002  0.000   38.957    6.015    0    0  (Gen:  0)
   521400     64176  11977424  0.002  0.000   38.959    6.016    0    0  (Gen:  0)
   520856     71104  12014192  0.002  0.000   38.961    6.016    0    0  (Gen:  0)
   520384     64096  12041376  0.002  0.000   38.964    6.017    0    0  (Gen:  0)
   520856     72160  12066208  0.002  0.000   38.968    6.017    0    0  (Gen:  0)
   521696    102904  12121968  0.002  0.000   38.971    6.018    0    0  (Gen:  0)
   520960     82480  12151920  0.002  0.000   38.975    6.018    0    0  (Gen:  0)
   520440    101848  12197936  0.002  0.000   38.978    6.019    0    0  (Gen:  0)
   520784     78968  12243352  0.002  0.000   38.981    6.019    0    0  (Gen:  0)
   520616    119648  12302792  0.002  0.000   38.984    6.020    0    0  (Gen:  0)
   520688    118032  12361600  0.002  0.000   39.008    6.022    0    0  (Gen:  0)
   520960   4223440   5209048  0.015  0.001   39.024    6.024    0    0  (Gen:  1)
   520912    130408   5276928  0.003  0.000   39.028    6.025    0    0  (Gen:  0)
   520784    116344   5345656  0.002  0.000   39.031    6.025    0    0  (Gen:  0)
   521264    105888   5390272  0.003  0.000   39.035    6.026    0    0  (Gen:  0)
   521056    115792   5435712  0.025  0.002   39.061    6.028    0    0  (Gen:  0)
   521016     98584   5498632  0.003  0.000   39.065    6.029    0    0  (Gen:  0)
   521016    151408   5581600  0.002  0.000   39.069    6.030    0    0  (Gen:  0)
   521144    120432   5645112  0.002  0.000   39.073    6.030    0    0  (Gen:  0)
   520416    104688   5701928  0.002  0.000   39.077    6.031    0    0  (Gen:  0)
   521160    143432   5773104  0.003  0.000   39.081    6.032    0    0  (Gen:  0)
   521176    136048   5840640  0.002  0.000   39.085    6.032    0    0  (Gen:  0)
   520800    107032   5893912  0.003  0.000   39.090    6.033    0    0  (Gen:  0)
   521024    160912   5981912  0.003  0.000   39.094    6.034    0    0  (Gen:  0)
   520872    137832   6057488  0.002  0.000   39.098    6.035    0    0  (Gen:  0)
   520840    117216   6109280  0.003  0.000   39.103    6.035    0    0  (Gen:  0)
   520984    122184   6157320  0.003  0.000   39.109    6.036    0    0  (Gen:  0)
   520576    150712   6232648  0.003  0.000   39.113    6.037    0    0  (Gen:  0)
   521320    123096   6285200  0.003  0.000   39.118    6.037    0    0  (Gen:  0)
   521064    136976   6343664  0.003  0.000   39.123    6.038    0    0  (Gen:  0)
   520632     98056   6413968  0.002  0.000   39.127    6.039    0    0  (Gen:  0)
   520856    155000   6489936  0.002  0.000   39.131    6.039    0    0  (Gen:  0)
   520848    136184   6561144  0.002  0.000   39.135    6.040    0    0  (Gen:  0)
   520600    107688   6625648  0.003  0.000   39.140    6.041    0    0  (Gen:  0)
   520456    164768   6713104  0.002  0.000   39.144    6.041    0    0  (Gen:  0)
   520984    146560   6787568  0.002  0.000   39.148    6.042    0    0  (Gen:  0)
   519928    118624   6853368  0.003  0.000   39.153    6.043    0    0  (Gen:  0)
   520352    136928   6907240  0.004  0.000   39.159    6.044    0    0  (Gen:  0)
   521152    171808   6999240  0.003  0.000   39.164    6.045    0    0  (Gen:  0)
   520712    127024   7063000  0.003  0.000   39.169    6.046    0    0  (Gen:  0)
   520776    139792   7118560  0.004  0.000   39.174    6.046    0    0  (Gen:  0)
   520792    162760   7199248  0.003  0.000   39.179    6.047    0    0  (Gen:  0)
   520872    131792   7257168  0.003  0.000   39.184    6.048    0    0  (Gen:  0)
   520648    140896   7314520  0.004  0.000   39.189    6.049    0    0  (Gen:  0)
   562568    167160   7398192  0.003  0.000   39.194    6.049    0    0  (Gen:  0)
   521136    137608   7457744  0.003  0.000   39.199    6.050    0    0  (Gen:  0)
   520192    170960   7546504  0.004  0.000   39.204    6.051    0    0  (Gen:  0)
   520960     81504   7622056  0.003  0.000   39.209    6.052    0    0  (Gen:  0)
   520880    172248   7713856  0.003  0.000   39.213    6.052    0    0  (Gen:  0)
   520360    136776   7785616  0.002  0.000   39.217    6.053    0    0  (Gen:  0)
   520712    135056   7859488  0.003  0.000   39.222    6.054    0    0  (Gen:  0)
   521208    180680   7954672  0.003  0.000   39.226    6.055    0    0  (Gen:  0)
   521328    152792   8031600  0.003  0.000   39.231    6.055    0    0  (Gen:  0)
   520528    118496   8104232  0.003  0.000   39.236    6.056    0    0  (Gen:  0)
   520840    169536   8185744  0.003  0.000   39.240    6.057    0    0  (Gen:  0)
   521088    156256   8264816  0.003  0.000   39.245    6.057    0    0  (Gen:  0)
   520736    135000   8332376  0.003  0.000   39.249    6.058    0    0  (Gen:  0)
   521216    145856   8391432  0.004  0.000   39.255    6.059    0    0  (Gen:  0)
   520328    185632   8492480  0.003  0.000   39.260    6.060    0    0  (Gen:  0)
   521168    138576   8564944  0.002  0.000   39.264    6.061    0    0  (Gen:  0)
   520560    136912   8639408  0.003  0.000   39.269    6.062    0    0  (Gen:  0)
   521104    170600   8723936  0.003  0.000   39.273    6.063    0    0  (Gen:  0)
   520712    136560   8788264  0.003  0.000   39.279    6.063    0    0  (Gen:  0)
   521672    147352   8846328  0.003  0.000   39.284    6.064    0    0  (Gen:  0)
   520480    172928   8931856  0.003  0.000   39.288    6.065    0    0  (Gen:  0)
   521128    141776   8996352  0.003  0.000   39.293    6.066    0    0  (Gen:  0)
   520928    147440   9054880  0.004  0.000   39.299    6.067    0    0  (Gen:  0)
   524064    176688   9146224  0.003  0.000   39.304    6.067    0    0  (Gen:  0)
   520880    147840   9208440  0.004  0.000   39.310    6.068    0    0  (Gen:  0)
   520936    188248   9307320  0.004  0.000   39.316    6.069    0    0  (Gen:  0)
   520824     98168   9388616  0.003  0.000   39.320    6.070    0    0  (Gen:  0)
   521024    172048   9471352  0.003  0.000   39.324    6.071    0    0  (Gen:  0)
   521000    153096   9552120  0.003  0.000   39.329    6.071    0    0  (Gen:  0)
   521176    130264   9630664  0.003  0.000   39.333    6.072    0    0  (Gen:  0)
   520576    190288   9730920  0.003  0.000   39.338    6.073    0    0  (Gen:  0)
   520832    161840   9810080  0.003  0.000   39.343    6.074    0    0  (Gen:  0)
   520784    138136   9889120  0.003  0.000   39.348    6.074    0    0  (Gen:  0)
   520464    181976   9977328  0.003  0.000   39.353    6.075    0    0  (Gen:  0)
   524768    144568  10039904  0.004  0.000   39.358    6.076    0    0  (Gen:  0)
   520968     37224  10059968  0.002  0.000   39.362    6.077    0    0  (Gen:  0)
   521424     80640  10112984  0.002  0.000   39.365    6.077    0    0  (Gen:  0)
   520680     72352  10154184  0.002  0.000   39.369    6.078    0    0  (Gen:  0)
   520328     65648  10179744  0.002  0.000   39.373    6.078    0    0  (Gen:  0)
   521200     83168  10213904  0.002  0.000   39.376    6.079    0    0  (Gen:  0)
   521512   4116872   5102432  0.012  0.001   39.390    6.080    0    0  (Gen:  1)
   520840    117160   5166328  0.002  0.000   39.396    6.081    0    0  (Gen:  0)
   520296    100424   5218408  0.002  0.000   39.400    6.082    0    0  (Gen:  0)
   520888     88248   5262680  0.002  0.000   39.404    6.082    0    0  (Gen:  0)
   520520     96648   5297640  0.003  0.000   39.408    6.083    0    0  (Gen:  0)
   520840    131376   5368224  0.002  0.000   39.412    6.084    0    0  (Gen:  0)
   521016     96248   5406128  0.003  0.000   39.416    6.084    0    0  (Gen:  0)
   520872     83632   5485456  0.002  0.000   39.420    6.085    0    0  (Gen:  0)
   521032    120192   5550464  0.002  0.000   39.424    6.086    0    0  (Gen:  0)
   521168    108768   5592576  0.003  0.000   39.428    6.086    0    0  (Gen:  0)
   520936    123392   5646544  0.002  0.000   39.432    6.087    0    0  (Gen:  0)
   521152    102112   5703280  0.002  0.000   39.436    6.088    0    0  (Gen:  0)
   520912    144520   5779664  0.002  0.000   39.440    6.088    0    0  (Gen:  0)
   521264    130512   5845808  0.003  0.000   39.444    6.089    0    0  (Gen:  0)
   520384    110152   5900672  0.003  0.000   39.449    6.090    0    0  (Gen:  0)
   521192    119704   5944792  0.003  0.000   39.454    6.090    0    0  (Gen:  0)
   672992    156992   6034568  0.003  0.000   39.458    6.091    0    0  (Gen:  0)
   520664    104464   6085976  0.003  0.000   39.463    6.092    0    0  (Gen:  0)
   521296    150560   6163328  0.003  0.000   39.467    6.092    0    0  (Gen:  0)
   520976    138344   6236840  0.002  0.000   39.471    6.093    0    0  (Gen:  0)
   521048    119760   6288808  0.003  0.000   39.476    6.094    0    0  (Gen:  0)
   520568    122736   6337616  0.002  0.000   39.480    6.094    0    0  (Gen:  0)
   520080    150184   6412224  0.002  0.000   39.484    6.095    0    0  (Gen:  0)
   520816    125920   6465776  0.002  0.000   39.489    6.096    0    0  (Gen:  0)
   520560    168832   6558120  0.002  0.000   39.493    6.096    0    0  (Gen:  0)
   520688    128472   6627424  0.002  0.000   39.496    6.097    0    0  (Gen:  0)
   520872    167120   6715960  0.002  0.000   39.500    6.098    0    0  (Gen:  0)
   524872    142152   6789968  0.002  0.000   39.503    6.098    0    0  (Gen:  0)
   521184    129200   6851208  0.002  0.000   39.506    6.099    0    0  (Gen:  0)
   520520    154992   6929432  0.002  0.000   39.509    6.100    0    0  (Gen:  0)
   520992    152064   7004232  0.002  0.000   39.513    6.100    0    0  (Gen:  0)
   519936    127152   7068928  0.002  0.000   39.516    6.101    0    0  (Gen:  0)
   520344    137288   7123768  0.002  0.000   39.520    6.102    0    0  (Gen:  0)
   525280    162968   7203808  0.002  0.000   39.523    6.102    0    0  (Gen:  0)
   520776    133784   7265888  0.002  0.000   39.526    6.103    0    0  (Gen:  0)
   520920    139064   7320472  0.002  0.000   39.530    6.104    0    0  (Gen:  0)
   524928    162088   7400752  0.002  0.000   39.533    6.104    0    0  (Gen:  0)
   525088    135664   7459592  0.002  0.000   39.537    6.105    0    0  (Gen:  0)
   537640    139024   7515448  0.002  0.000   39.540    6.105    0    0  (Gen:  0)
   549712    167384   7600784  0.002  0.000   39.544    6.106    0    0  (Gen:  0)
   521008    140216   7660096  0.002  0.000   39.547    6.107    0    0  (Gen:  0)
   521032    100040   7755768  0.002  0.000   39.551    6.107    0    0  (Gen:  0)
   520488    122360   7829264  0.002  0.000   39.554    6.108    0    0  (Gen:  0)
   521472    179904   7927568  0.002  0.000   39.557    6.109    0    0  (Gen:  0)
   520424    152072   8019344  0.002  0.000   39.561    6.109    0    0  (Gen:  0)
   520960    148880   8090688  0.002  0.000   39.564    6.110    0    0  (Gen:  0)
   520600    167696   8172952  0.002  0.000   39.568    6.111    0    0  (Gen:  0)
   521136    156216   8252184  0.002  0.000   39.572    6.112    0    0  (Gen:  0)
   520736    135584   8321864  0.003  0.000   39.577    6.112    0    0  (Gen:  0)
   521192    169736   8405304  0.003  0.000   39.581    6.113    0    0  (Gen:  0)
   521080    161656   8485208  0.003  0.000   39.585    6.114    0    0  (Gen:  0)
   520736    137040   8552216  0.003  0.000   39.590    6.115    0    0  (Gen:  0)
   521104    190096   8657312  0.003  0.000   39.594    6.115    0    0  (Gen:  0)
   521176    163176   8744880  0.002  0.000   39.598    6.116    0    0  (Gen:  0)
   520880    132368   8810392  0.003  0.000   39.603    6.117    0    0  (Gen:  0)
   520864    148312   8871040  0.003  0.000   39.608    6.118    0    0  (Gen:  0)
   520560    180240   8965232  0.003  0.000   39.612    6.119    0    0  (Gen:  0)
   520792    143528   9028256  0.003  0.000   39.617    6.119    0    0  (Gen:  0)
   521240    147616   9086400  0.003  0.000   39.622    6.120    0    0  (Gen:  0)
   520424    171800   9171440  0.003  0.000   39.626    6.121    0    0  (Gen:  0)
   521064    147160   9237336  0.003  0.000   39.631    6.122    0    0  (Gen:  0)
   520776    151536   9300664  0.003  0.000   39.636    6.123    0    0  (Gen:  0)
   520760    106376   9385184  0.002  0.000   39.640    6.123    0    0  (Gen:  0)
   519760    188640   9487432  0.003  0.000   39.644    6.124    0    0  (Gen:  0)
   521312    161608   9564464  0.002  0.000   39.648    6.125    0    0  (Gen:  0)
   521528    138040   9642056  0.003  0.000   39.652    6.125    0    0  (Gen:  0)
   520584    173872   9727208  0.005  0.001   39.659    6.127    0    0  (Gen:  0)
   520232    159336   9809504  0.003  0.000   39.664    6.127    0    0  (Gen:  0)
   520944    118864   9884888  0.003  0.000   39.668    6.128    0    0  (Gen:  0)
   520488    185320   9981144  0.003  0.000   39.673    6.129    0    0  (Gen:  0)
   520832    179552  10088976  0.003  0.000   39.677    6.130    0    0  (Gen:  0)
   520160   5366272   6355976  0.016  0.002   39.695    6.132    0    0  (Gen:  1)
   521136    189504   6452824  0.003  0.000   39.701    6.133    0    0  (Gen:  0)
   520736    143312   6512088  0.003  0.000   39.706    6.134    0    0  (Gen:  0)
   521192     37784   6531448  0.002  0.000   39.709    6.134    0    0  (Gen:  0)
   521360     78200   6581248  0.002  0.000   39.713    6.135    0    0  (Gen:  0)
   520800     72880   6622552  0.002  0.000   39.716    6.135    0    0  (Gen:  0)
   520304     65080   6647840  0.002  0.000   39.720    6.136    0    0  (Gen:  0)
   521248     86672   6684896  0.002  0.000   39.724    6.137    0    0  (Gen:  0)
   521392     72840   6725976  0.002  0.000   39.728    6.137    0    0  (Gen:  0)
   520776    118872   6790808  0.002  0.000   39.732    6.138    0    0  (Gen:  0)
   520448    107400   6843896  0.002  0.000   39.735    6.138    0    0  (Gen:  0)
   520792     83808   6885584  0.002  0.000   39.740    6.139    0    0  (Gen:  0)
   520464     96920   6921176  0.003  0.000   39.744    6.140    0    0  (Gen:  0)
   660920    128888   6990440  0.002  0.000   39.748    6.140    0    0  (Gen:  0)
   520440     93504   7029016  0.003  0.000   39.754    6.141    0    0  (Gen:  0)
   520416    137960   7104904  0.003  0.000   39.757    6.142    0    0  (Gen:  0)
   521136    122496   7172792  0.002  0.000   39.761    6.142    0    0  (Gen:  0)
   521080    108440   7214840  0.003  0.000   39.774    6.144    0    0  (Gen:  0)
   524704    122960   7268424  0.002  0.000   39.779    6.145    0    0  (Gen:  0)
   521216     91128   7324528  0.002  0.000   39.783    6.145    0    0  (Gen:  0)
   521000    136392   7391832  0.002  0.000   39.787    6.146    0    0  (Gen:  0)
   524368    128808   7457104  0.002  0.000   39.791    6.147    0    0  (Gen:  0)
   525352    102776   7511904  0.003  0.000   39.796    6.147    0    0  (Gen:  0)
   528872    118752   7556248  0.003  0.000   39.800    6.148    0    0  (Gen:  0)
   557360    141472   7625024  0.002  0.000   39.803    6.149    0    0  (Gen:  0)
   520952    108136   7676064  0.003  0.000   39.807    6.149    0    0  (Gen:  0)
   520536    158368   7761192  0.003  0.000   39.811    6.150    0    0  (Gen:  0)
   520880    133256   7835248  0.002  0.000   39.815    6.151    0    0  (Gen:  0)
   521280    117696   7885032  0.003  0.000   39.819    6.151    0    0  (Gen:  0)
   520352    126456   7937136  0.003  0.000   39.823    6.152    0    0  (Gen:  0)
   520424     74912   8003912  0.002  0.000   39.827    6.153    0    0  (Gen:  0)
   520944    159760   8090776  0.002  0.000   39.830    6.154    0    0  (Gen:  0)
   520480    133904   8155512  0.002  0.000   39.834    6.154    0    0  (Gen:  0)
   521016    112704   8222728  0.002  0.000   39.838    6.155    0    0  (Gen:  0)
   520928    156224   8299376  0.002  0.000   39.842    6.156    0    0  (Gen:  0)
   520776    144872   8373632  0.002  0.000   39.846    6.156    0    0  (Gen:  0)
   521080    111960   8433624  0.002  0.000   39.850    6.157    0    0  (Gen:  0)
   521464    157384   8513936  0.002  0.000   39.854    6.158    0    0  (Gen:  0)
   521304    153176   8588840  0.002  0.000   39.857    6.158    0    0  (Gen:  0)
   520120    126480   8653232  0.003  0.000   39.861    6.159    0    0  (Gen:  0)
   520592    138144   8708056  0.003  0.000   39.866    6.160    0    0  (Gen:  0)
   521496    169896   8794576  0.003  0.000   39.870    6.160    0    0  (Gen:  0)
   520472    132536   8856472  0.003  0.000   39.874    6.161    0    0  (Gen:  0)
   520928    138680   8911136  0.003  0.000   39.879    6.162    0    0  (Gen:  0)
   520616    170512   9001128  0.002  0.000   39.883    6.163    0    0  (Gen:  0)
   520976    149888   9072640  0.003  0.000   39.887    6.163    0    0  (Gen:  0)
   537224    134312   9143472  0.003  0.000   39.892    6.164    0    0  (Gen:  0)
   521320    156448   9220840  0.002  0.000   39.896    6.165    0    0  (Gen:  0)
   520832    175040   9315496  0.003  0.000   39.900    6.166    0    0  (Gen:  0)
   521408    138944   9386632  0.003  0.000   39.904    6.166    0    0  (Gen:  0)
   520368    107712   9457784  0.002  0.000   39.907    6.167    0    0  (Gen:  0)
   521032    163240   9537576  0.002  0.000   39.911    6.168    0    0  (Gen:  0)
   520504    148248   9611752  0.003  0.000   39.916    6.169    0    0  (Gen:  0)
   520560    114904   9682632  0.002  0.000   39.920    6.169    0    0  (Gen:  0)
   520648    175872   9773424  0.002  0.000   39.924    6.170    0    0  (Gen:  0)
   521032    163544   9854248  0.003  0.000   39.928    6.171    0    0  (Gen:  0)
   520664    125784   9924432  0.003  0.000   39.932    6.171    0    0  (Gen:  0)
   521312    147312   9982648  0.003  0.000   39.937    6.172    0    0  (Gen:  0)
   520848    179840  10077184  0.002  0.000   39.941    6.173    0    0  (Gen:  0)
   520464    134992  10142312  0.003  0.000   39.945    6.174    0    0  (Gen:  0)
   521264    188368  10246456  0.002  0.000   39.949    6.174    0    0  (Gen:  0)
   520664    162144  10332624  0.002  0.000   39.953    6.175    0    0  (Gen:  0)
   521056    139480  10398064  0.003  0.000   39.958    6.176    0    0  (Gen:  0)
   521056    148368  10458784  0.003  0.000   39.963    6.177    0    0  (Gen:  0)
   520728    173080  10545928  0.002  0.000   39.967    6.177    0    0  (Gen:  0)
   520976    142400  10607664  0.003  0.000   39.971    6.178    0    0  (Gen:  0)
   521288    148328  10664760  0.003  0.000   39.976    6.179    0    0  (Gen:  0)
   521400    174464  10753392  0.002  0.000   39.980    6.180    0    0  (Gen:  0)
   520336    149264  10817272  0.003  0.000   39.985    6.180    0    0  (Gen:  0)
   520704    156776  10885776  0.003  0.000   39.989    6.181    0    0  (Gen:  0)
   521432    102504  10966232  0.002  0.000   39.993    6.182    0    0  (Gen:  0)
   520512    171440  11048952  0.002  0.000   39.997    6.183    0    0  (Gen:  0)
   520712    165144  11143048  0.003  0.000   40.002    6.183    0    0  (Gen:  0)
   521344    116600  11218952  0.002  0.000   40.006    6.184    0    0  (Gen:  0)
   521152    175528  11304536  0.002  0.000   40.010    6.185    0    0  (Gen:  0)
   521112    159736  11388088  0.002  0.000   40.014    6.186    0    0  (Gen:  0)
   521088    124520  11461368  0.003  0.000   40.018    6.186    0    0  (Gen:  0)
   520720    181256  11553648  0.002  0.000   40.022    6.187    0    0  (Gen:  0)
   520728    163616  11635360  0.002  0.000   40.027    6.188    0    0  (Gen:  0)
   520392    139608  11712504  0.003  0.000   40.031    6.189    0    0  (Gen:  0)
   521232    183384  11802528  0.002  0.000   40.035    6.189    0    0  (Gen:  0)
   586864    142240  11860872  0.003  0.000   40.040    6.190    0    0  (Gen:  0)
   553888     40232  11881160  0.002  0.000   40.043    6.191    0    0  (Gen:  0)
   520544     81288  11933672  0.002  0.000   40.046    6.191    0    0  (Gen:  0)
   537640     74480  11975288  0.002  0.000   40.049    6.192    0    0  (Gen:  0)
   521072     65856  11999976  0.002  0.000   40.053    6.192    0    0  (Gen:  0)
   537368     86760  12037648  0.002  0.000   40.056    6.193    0    0  (Gen:  0)
   521000     77872  12078248  0.002  0.000   40.059    6.193    0    0  (Gen:  0)
   520840    114272  12138680  0.002  0.000   40.062    6.194    0    0  (Gen:  0)
   520928    106688  12192000  0.002  0.000   40.065    6.195    0    0  (Gen:  0)
   521160     86520  12233376  0.002  0.000   40.069    6.195    0    0  (Gen:  0)
   520944     97656  12269704  0.002  0.000   40.072    6.196    0    0  (Gen:  0)
   537568    122416  12331952  0.002  0.000   40.076    6.196    0    0  (Gen:  0)
   520512     97464  12370128  0.002  0.000   40.079    6.197    0    0  (Gen:  0)
   520664    142224  12448544  0.003  0.000   40.084    6.198    0    0  (Gen:  0)
   521128   4258192   5239872  0.010  0.001   40.095    6.199    0    0  (Gen:  1)
   521512    129192   5301720  0.002  0.000   40.099    6.200    0    0  (Gen:  0)
   521704    121240   5364064  0.002  0.000   40.102    6.200    0    0  (Gen:  0)
   521216     97672   5416504  0.002  0.000   40.106    6.201    0    0  (Gen:  0)
   521008    136904   5486720  0.002  0.000   40.109    6.201    0    0  (Gen:  0)
   521016    134648   5552592  0.002  0.000   40.112    6.202    0    0  (Gen:  0)
   521168    117352   5606376  0.002  0.000   40.115    6.203    0    0  (Gen:  0)
   520464    118216   5650608  0.002  0.000   40.119    6.203    0    0  (Gen:  0)
   537528    147512   5725608  0.002  0.000   40.122    6.204    0    0  (Gen:  0)
   520712    114904   5772400  0.002  0.000   40.125    6.204    0    0  (Gen:  0)
   520984    161096   5860656  0.002  0.000   40.129    6.205    0    0  (Gen:  0)
   520616    143952   5928880  0.002  0.000   40.132    6.206    0    0  (Gen:  0)
   521160    160384   6015136  0.002  0.000   40.136    6.206    0    0  (Gen:  0)
   520944    128256   6079688  0.002  0.000   40.139    6.207    0    0  (Gen:  0)
   520888    101136   6140152  0.002  0.000   40.143    6.208    0    0  (Gen:  0)
   521144    149752   6213864  0.002  0.000   40.146    6.208    0    0  (Gen:  0)
   521096    138624   6283960  0.002  0.000   40.150    6.209    0    0  (Gen:  0)
   520120    122792   6348432  0.002  0.000   40.153    6.209    0    0  (Gen:  0)
   520640    130952   6397824  0.002  0.000   40.156    6.210    0    0  (Gen:  0)
   520888    168648   6488256  0.002  0.000   40.160    6.211    0    0  (Gen:  0)
   520952    125320   6546976  0.002  0.000   40.163    6.211    0    0  (Gen:  0)
   521048    174208   6642520  0.002  0.000   40.167    6.212    0    0  (Gen:  0)
   520880    146856   6723880  0.002  0.000   40.170    6.213    0    0  (Gen:  0)
   520680    138528   6784408  0.002  0.000   40.174    6.213    0    0  (Gen:  0)
   520976    138464   6840016  0.002  0.000   40.177    6.214    0    0  (Gen:  0)
   521200    165792   6922224  0.002  0.000   40.181    6.215    0    0  (Gen:  0)
   521088    137856   6980864  0.003  0.000   40.185    6.215    0    0  (Gen:  0)
   520688    145176   7042392  0.003  0.000   40.190    6.216    0    0  (Gen:  0)
   520816    106944   7115536  0.002  0.000   40.193    6.217    0    0  (Gen:  0)
   521096    161656   7194448  0.002  0.000   40.197    6.217    0    0  (Gen:  0)
   536872    149448   7271720  0.002  0.000   40.200    6.218    0    0  (Gen:  0)
   521192    118656   7341464  0.002  0.000   40.204    6.219    0    0  (Gen:  0)
   520520     95912   7433192  0.001  0.000   40.207    6.219    0    0  (Gen:  0)
   520448    153648   7509672  0.002  0.000   40.210    6.220    0    0  (Gen:  0)
   521120    126096   7572592  0.002  0.000   40.214    6.220    0    0  (Gen:  0)
   520512    162440   7652848  0.002  0.000   40.217    6.221    0    0  (Gen:  0)
   520856    159784   7729960  0.002  0.000   40.221    6.222    0    0  (Gen:  0)
   520624    127960   7795696  0.002  0.000   40.225    6.222    0    0  (Gen:  0)
   520480    143608   7854104  0.003  0.000   40.229    6.223    0    0  (Gen:  0)
   520688    171360   7939400  0.002  0.000   40.233    6.224    0    0  (Gen:  0)
   520728    144024   8002480  0.002  0.000   40.236    6.224    0    0  (Gen:  0)
   521192    146104   8062712  0.002  0.000   40.240    6.225    0    0  (Gen:  0)
   520480    171392   8148984  0.002  0.000   40.243    6.226    0    0  (Gen:  0)
   520728    140472   8209024  0.002  0.000   40.246    6.226    0    0  (Gen:  0)
   520776    186168   8310136  0.002  0.000   40.250    6.227    0    0  (Gen:  0)
   520816    137152   8392128  0.002  0.000   40.253    6.228    0    0  (Gen:  0)
   520944    148024   8455032  0.002  0.000   40.257    6.228    0    0  (Gen:  0)
   521080    159352   8524776  0.003  0.000   40.261    6.229    0    0  (Gen:  0)
   521000    110480   8600496  0.002  0.000   40.265    6.230    0    0  (Gen:  0)
   520568    182784   8697408  0.002  0.000   40.269    6.230    0    0  (Gen:  0)
   520984    158128   8775632  0.002  0.000   40.272    6.231    0    0  (Gen:  0)
   520624    136096   8847824  0.002  0.000   40.276    6.232    0    0  (Gen:  0)
   521280    178496   8940248  0.002  0.000   40.279    6.232    0    0  (Gen:  0)
   520696    183176   9050768  0.002  0.000   40.283    6.233    0    0  (Gen:  0)
   520696    158032   9121352  0.002  0.000   40.287    6.234    0    0  (Gen:  0)
   520800    175432   9209200  0.002  0.000   40.291    6.234    0    0  (Gen:  0)
   521024    169104   9291312  0.002  0.000   40.295    6.235    0    0  (Gen:  0)
   520832    141352   9361632  0.002  0.000   40.299    6.236    0    0  (Gen:  0)
   521536    154968   9426008  0.003  0.000   40.303    6.237    0    0  (Gen:  0)
   521528    176448   9511192  0.002  0.000   40.308    6.237    0    0  (Gen:  0)
   520904    140664   9581432  0.003  0.000   40.313    6.238    0    0  (Gen:  0)
   520184    155960   9645888  0.003  0.000   40.318    6.239    0    0  (Gen:  0)
   521536    178016   9734976  0.003  0.000   40.322    6.240    0    0  (Gen:  0)
   520392    148928   9804704  0.003  0.000   40.327    6.240    0    0  (Gen:  0)
   521320    157624   9869880  0.002  0.000   40.331    6.241    0    0  (Gen:  0)
   520392    182928   9960376  0.002  0.000   40.335    6.242    0    0  (Gen:  0)
   520944    154096  10029592  0.003  0.000   40.339    6.243    0    0  (Gen:  0)
   519992    193288  10131848  0.003  0.000   40.343    6.243    0    0  (Gen:  0)
   520056    170768  10226680  0.006  0.001   40.350    6.244    0    0  (Gen:  0)
   520488    155704  10291208  0.006  0.000   40.356    6.245    0    0  (Gen:  0)
   520160    191328  10393216  0.004  0.000   40.361    6.246    0    0  (Gen:  0)
   520992   5505160   6486776  0.018  0.001   40.380    6.248    0    0  (Gen:  1)
   520912    104384   6587128  0.002  0.000   40.383    6.249    0    0  (Gen:  0)
   520784    159144   6681576  0.003  0.000   40.387    6.249    0    0  (Gen:  0)
   520760    111128   6762408  0.003  0.000   40.391    6.250    0    0  (Gen:  0)
   521032    178312   6848424  0.003  0.000   40.394    6.250    0    0  (Gen:  0)
   520512    139592   6912112  0.003  0.000   40.399    6.251    0    0  (Gen:  0)
   521136     36992   6932712  0.002  0.000   40.402    6.252    0    0  (Gen:  0)
   520376     60568   6989032  0.002  0.000   40.405    6.252    0    0  (Gen:  0)
   520856     68944   7034992  0.002  0.000   40.408    6.252    0    0  (Gen:  0)
   521040     62456   7061760  0.002  0.000   40.410    6.253    0    0  (Gen:  0)
   521176     81144   7093936  0.002  0.000   40.413    6.253    0    0  (Gen:  0)
   521224     75704   7138456  0.002  0.000   40.415    6.254    0    0  (Gen:  0)
   520968    120360   7206248  0.002  0.000   40.418    6.254    0    0  (Gen:  0)
   521360    100800   7257072  0.002  0.000   40.421    6.255    0    0  (Gen:  0)
   520680     84960   7301064  0.002  0.000   40.424    6.255    0    0  (Gen:  0)
   520984     96648   7337000  0.003  0.000   40.427    6.256    0    0  (Gen:  0)
   520728    132032   7407504  0.002  0.000   40.430    6.256    0    0  (Gen:  0)
   520272     94264   7446256  0.003  0.000   40.433    6.257    0    0  (Gen:  0)
   520824    139768   7523144  0.002  0.000   40.436    6.257    0    0  (Gen:  0)
   520992    120544   7591560  0.002  0.000   40.439    6.258    0    0  (Gen:  0)
   521400    107304   7632768  0.003  0.000   40.443    6.258    0    0  (Gen:  0)
   521136     86408   7715104  0.004  0.000   40.448    6.259    0    0  (Gen:  0)
   520640     95424   7771112  0.003  0.000   40.452    6.260    0    0  (Gen:  0)
   520688    146136   7848872  0.002  0.000   40.455    6.260    0    0  (Gen:  0)
   520792    130456   7914864  0.002  0.000   40.458    6.261    0    0  (Gen:  0)
   521488    110472   7969536  0.003  0.000   40.462    6.261    0    0  (Gen:  0)
   520440    119904   8014560  0.003  0.000   40.466    6.262    0    0  (Gen:  0)
   673208    141032   8082664  0.002  0.000   40.469    6.262    0    0  (Gen:  0)
   521208    112736   8135224  0.003  0.000   40.473    6.263    0    0  (Gen:  0)
   521232    163992   8225152  0.003  0.000   40.476    6.263    0    0  (Gen:  0)
   520936    130952   8299552  0.002  0.000   40.479    6.264    0    0  (Gen:  0)
   521064    118840   8350472  0.003  0.000   40.483    6.265    0    0  (Gen:  0)
   520880    125400   8401416  0.003  0.000   40.487    6.265    0    0  (Gen:  0)
   520992     82288   8470504  0.003  0.000   40.491    6.266    0    0  (Gen:  0)
   521104    157040   8555608  0.003  0.000   40.496    6.266    0    0  (Gen:  0)
   520864    125120   8620792  0.003  0.000   40.499    6.267    0    0  (Gen:  0)
   520464     97360   8688544  0.003  0.000   40.503    6.268    0    0  (Gen:  0)
   521056    157240   8765800  0.002  0.000   40.506    6.268    0    0  (Gen:  0)
   525192    145256   8839232  0.002  0.000   40.509    6.269    0    0  (Gen:  0)
   520944    120704   8899952  0.003  0.000   40.513    6.269    0    0  (Gen:  0)
   521160    158168   8979896  0.003  0.000   40.516    6.270    0    0  (Gen:  0)
   520600    153576   9054976  0.003  0.000   40.520    6.270    0    0  (Gen:  0)
   520760    129624   9119608  0.003  0.000   40.524    6.271    0    0  (Gen:  0)
   520616    137912   9174056  0.004  0.000   40.529    6.272    0    0  (Gen:  0)
   525024    170584   9261776  0.003  0.000   40.532    6.272    0    0  (Gen:  0)
   521072    136640   9323480  0.004  0.000   40.537    6.273    0    0  (Gen:  0)
   520224    156968   9396304  0.003  0.000   40.542    6.274    0    0  (Gen:  0)
   525400    139832   9478576  0.004  0.000   40.546    6.274    0    0  (Gen:  0)
   524456    149648   9552000  0.002  0.000   40.549    6.275    0    0  (Gen:  0)
   565640    127408   9622128  0.003  0.000   40.553    6.276    0    0  (Gen:  0)
   520032    145424   9699680  0.003  0.000   40.556    6.276    0    0  (Gen:  0)
   520760    176904   9796456  0.003  0.000   40.560    6.277    0    0  (Gen:  0)
   520880    132520   9867768  0.003  0.000   40.564    6.277    0    0  (Gen:  0)
   520856    110872   9938584  0.003  0.000   40.567    6.278    0    0  (Gen:  0)
   520792    162136  10018552  0.003  0.000   40.570    6.279    0    0  (Gen:  0)
   520824    148728  10093856  0.003  0.000   40.574    6.279    0    0  (Gen:  0)
   520944    123240  10164032  0.003  0.000   40.578    6.280    0    0  (Gen:  0)
   520560    173912  10252720  0.004  0.000   40.582    6.280    0    0  (Gen:  0)
   520656    161064  10331640  0.003  0.000   40.586    6.281    0    0  (Gen:  0)
   520536    131616  10401216  0.005  0.000   40.592    6.282    0    0  (Gen:  0)
   520904    146296  10459736  0.003  0.000   40.596    6.282    0    0  (Gen:  0)
   520696    167136  10541952  0.003  0.000   40.600    6.283    0    0  (Gen:  0)
   520720    135488  10606584  0.003  0.000   40.604    6.284    0    0  (Gen:  0)
   520880    186056  10708032  0.003  0.000   40.608    6.284    0    0  (Gen:  0)
   520840    152944  10795416  0.003  0.000   40.611    6.285    0    0  (Gen:  0)
   521080    139080  10859976  0.003  0.000   40.615    6.286    0    0  (Gen:  0)
   520968    148712  10919336  0.004  0.000   40.620    6.286    0    0  (Gen:  0)
   521192    173184  11007104  0.003  0.000   40.623    6.287    0    0  (Gen:  0)
   520544    143280  11068952  0.004  0.000   40.628    6.288    0    0  (Gen:  0)
   520912    151432  11130960  0.003  0.000   40.633    6.288    0    0  (Gen:  0)
   520712    100096  11210848  0.004  0.000   40.637    6.289    0    0  (Gen:  0)
   520744    168360  11291520  0.003  0.000   40.641    6.289    0    0  (Gen:  0)
   521096    142152  11370096  0.003  0.000   40.645    6.290    0    0  (Gen:  0)
   520520    113248  11447408  0.003  0.000   40.648    6.291    0    0  (Gen:  0)
   520384    187296  11547088  0.003  0.000   40.652    6.291    0    0  (Gen:  0)
   520792    161136  11628640  0.003  0.000   40.656    6.292    0    0  (Gen:  0)
   520800    121256  11702288  0.003  0.000   40.660    6.293    0    0  (Gen:  0)
   521280    177672  11789832  0.003  0.000   40.664    6.293    0    0  (Gen:  0)
   520776    165720  11872952  0.003  0.000   40.668    6.294    0    0  (Gen:  0)
   520456    129048  11945624  0.003  0.000   40.671    6.295    0    0  (Gen:  0)
   521720    179800  12036504  0.004  0.000   40.676    6.295    0    0  (Gen:  0)
   520712    168488  12119736  0.004  0.000   40.681    6.296    0    0  (Gen:  0)
   520800    141536  12196008  0.003  0.000   40.685    6.297    0    0  (Gen:  0)
   520416    156840  12258840  0.004  0.000   40.690    6.298    0    0  (Gen:  0)
   520784    194768  12362832  0.003  0.000   40.694    6.298    0    0  (Gen:  0)
   521808    153640  12435216  0.004  0.000   40.699    6.299    0    0  (Gen:  0)
   520424    198488  12541528  0.003  0.000   40.703    6.300    0    0  (Gen:  0)
   520440    180872  12635048  0.003  0.000   40.708    6.300    0    0  (Gen:  0)
   520424    144864  12704200  0.004  0.000   40.713    6.301    0    0  (Gen:  0)
   520328    155400  12770136  0.005  0.000   40.719    6.302    0    0  (Gen:  0)
   520896    180968  12860032  0.004  0.000   40.725    6.303    0    0  (Gen:  0)
   520472    150896  12930080  0.005  0.000   40.731    6.304    0    0  (Gen:  0)
   521224   5537752   6519288  0.017  0.002   40.750    6.306    0    0  (Gen:  1)
   520208    182352   6610504  0.003  0.000   40.755    6.307    0    0  (Gen:  0)
   520872    155600   6677528  0.004  0.000   40.760    6.307    0    0  (Gen:  0)
   520824    161104   6745432  0.004  0.000   40.765    6.308    0    0  (Gen:  0)
   520872     28872   6765032  0.002  0.000   40.768    6.309    0    0  (Gen:  0)
   520672     63312   6803872  0.002  0.000   40.771    6.309    0    0  (Gen:  0)
   520712     69952   6841088  0.002  0.000   40.773    6.310    0    0  (Gen:  0)
   521232     59672   6868800  0.002  0.000   40.776    6.310    0    0  (Gen:  0)
   520800     70824   6892256  0.002  0.000   40.779    6.311    0    0  (Gen:  0)
   521216    100856   6945832  0.002  0.000   40.783    6.311    0    0  (Gen:  0)
   520968     80224   6975520  0.002  0.000   40.786    6.312    0    0  (Gen:  0)
   521624     98616   7019168  0.002  0.000   40.790    6.312    0    0  (Gen:  0)
   520528     81472   7066808  0.002  0.000   40.793    6.313    0    0  (Gen:  0)
   520912    119928   7125560  0.002  0.000   40.796    6.313    0    0  (Gen:  0)
   520840    116928   7182616  0.002  0.000   40.799    6.314    0    0  (Gen:  0)
   520216     89712   7224496  0.003  0.000   40.802    6.314    0    0  (Gen:  0)
   520808    142960   7307160  0.002  0.000   40.805    6.315    0    0  (Gen:  0)
   521256    119344   7376336  0.002  0.000   40.808    6.315    0    0  (Gen:  0)
   520944    103904   7420848  0.003  0.000   40.813    6.316    0    0  (Gen:  0)
   521344    109448   7460248  0.003  0.000   40.817    6.317    0    0  (Gen:  0)
   520832    135688   7527888  0.002  0.000   40.820    6.317    0    0  (Gen:  0)
   520528    112440   7570720  0.003  0.000   40.825    6.318    0    0  (Gen:  0)
   520784    146592   7649048  0.002  0.000   40.828    6.318    0    0  (Gen:  0)
   521688    108864   7707848  0.002  0.000   40.831    6.319    0    0  (Gen:  0)
   520640    154008   7789272  0.002  0.000   40.835    6.320    0    0  (Gen:  0)
   520920    138128   7858376  0.002  0.000   40.839    6.320    0    0  (Gen:  0)
   520736    105040   7913160  0.003  0.000   40.843    6.321    0    0  (Gen:  0)
   520808    163520   8003496  0.002  0.000   40.847    6.322    0    0  (Gen:  0)
   520832    124368   8077416  0.002  0.000   40.850    6.322    0    0  (Gen:  0)
   521040    113904   8132112  0.003  0.000   40.855    6.323    0    0  (Gen:  0)
   520488    124368   8181552  0.003  0.000   40.860    6.323    0    0  (Gen:  0)
   520896    149824   8255432  0.002  0.000   40.864    6.324    0    0  (Gen:  0)
   520992    122816   8308960  0.003  0.000   40.868    6.325    0    0  (Gen:  0)
   521328    134768   8366008  0.003  0.000   40.873    6.326    0    0  (Gen:  0)
   520592     92512   8437464  0.002  0.000   40.877    6.326    0    0  (Gen:  0)
   520008    156672   8513800  0.002  0.000   40.881    6.327    0    0  (Gen:  0)
   520816    153344   8598608  0.002  0.000   40.884    6.327    0    0  (Gen:  0)
   520960    130440   8663736  0.002  0.000   40.888    6.328    0    0  (Gen:  0)
   520832    166376   8752080  0.002  0.000   40.892    6.329    0    0  (Gen:  0)
   521216    145408   8826104  0.002  0.000   40.895    6.329    0    0  (Gen:  0)
   520816    124392   8892944  0.003  0.000   40.900    6.330    0    0  (Gen:  0)
   521008    137736   8947216  0.003  0.000   40.905    6.331    0    0  (Gen:  0)
   520816    160680   9026080  0.002  0.000   40.909    6.331    0    0  (Gen:  0)
   521184    128144   9088160  0.003  0.000   40.913    6.332    0    0  (Gen:  0)
   520968    139256   9144120  0.003  0.000   40.918    6.333    0    0  (Gen:  0)
   520736    162544   9225328  0.002  0.000   40.922    6.333    0    0  (Gen:  0)
   520976    130400   9283520  0.003  0.000   40.927    6.334    0    0  (Gen:  0)
   520656    139856   9341312  0.003  0.000   40.931    6.335    0    0  (Gen:  0)
   549840    167000   9424808  0.002  0.000   40.935    6.335    0    0  (Gen:  0)
   520408    137672   9485248  0.003  0.000   40.940    6.336    0    0  (Gen:  0)
   519944    176264   9580760  0.003  0.000   40.945    6.337    0    0  (Gen:  0)
   520928    104504   9653368  0.002  0.000   40.949    6.338    0    0  (Gen:  0)
   520944    160328   9732856  0.003  0.000   40.953    6.338    0    0  (Gen:  0)
   520824    143968   9807344  0.002  0.000   40.957    6.339    0    0  (Gen:  0)
   520712    116264   9878576  0.003  0.000   40.961    6.340    0    0  (Gen:  0)
   520408    177752   9971072  0.002  0.000   40.965    6.340    0    0  (Gen:  0)
   520680    154440  10049496  0.002  0.000   40.969    6.341    0    0  (Gen:  0)
   520576    121008  10120536  0.003  0.000   40.974    6.342    0    0  (Gen:  0)
   521080    168888  10203312  0.002  0.000   40.978    6.342    0    0  (Gen:  0)
   520400    163672  10284104  0.002  0.000   40.982    6.343    0    0  (Gen:  0)
   520760    133048  10350336  0.003  0.000   40.986    6.344    0    0  (Gen:  0)
   520856    188928  10454592  0.002  0.000   40.990    6.344    0    0  (Gen:  0)
   520784    161688  10542440  0.002  0.000   40.994    6.345    0    0  (Gen:  0)
   521200    137240  10608320  0.003  0.000   40.999    6.346    0    0  (Gen:  0)
   520936    149248  10669568  0.004  0.000   41.004    6.346    0    0  (Gen:  0)
   521112    180696  10763976  0.002  0.000   41.008    6.347    0    0  (Gen:  0)
   520816    143160  10826064  0.004  0.000   41.013    6.348    0    0  (Gen:  0)
   520640    148320  10884512  0.004  0.000   41.018    6.349    0    0  (Gen:  0)
   520984    173400  10970544  0.003  0.000   41.022    6.349    0    0  (Gen:  0)
   520736    148896  11034192  0.003  0.000   41.027    6.350    0    0  (Gen:  0)
   525184    153920  11100072  0.004  0.000   41.033    6.351    0    0  (Gen:  0)
   520560     90824  11182304  0.002  0.000   41.037    6.351    0    0  (Gen:  0)
   521104    185760  11279984  0.002  0.000   41.041    6.352    0    0  (Gen:  0)
   520480    146112  11357696  0.003  0.000   41.046    6.353    0    0  (Gen:  0)
   520768    111888  11434800  0.003  0.000   41.050    6.354    0    0  (Gen:  0)
   521312    174880  11520272  0.003  0.000   41.054    6.354    0    0  (Gen:  0)
   520752    161168  11602512  0.002  0.000   41.057    6.355    0    0  (Gen:  0)
   520600    130728  11678440  0.003  0.000   41.062    6.356    0    0  (Gen:  0)
   521432    188856  11778384  0.002  0.000   41.066    6.356    0    0  (Gen:  0)
   520848    164616  11860088  0.003  0.000   41.070    6.357    0    0  (Gen:  0)
   520944    129160  11936704  0.003  0.000   41.075    6.358    0    0  (Gen:  0)
   520464    182880  12025576  0.003  0.000   41.079    6.358    0    0  (Gen:  0)
   602544    142696  12084936  0.003  0.000   41.084    6.359    0    0  (Gen:  0)
   554008     38632  12104064  0.002  0.000   41.088    6.360    0    0  (Gen:  0)
   520232     78224  12154088  0.002  0.000   41.091    6.360    0    0  (Gen:  0)
   537176     71776  12195696  0.002  0.000   41.094    6.361    0    0  (Gen:  0)
   520296     64312  12220496  0.002  0.000   41.097    6.361    0    0  (Gen:  0)
   537520     86240  12257560  0.002  0.000   41.100    6.362    0    0  (Gen:  0)
   520664     78440  12298960  0.002  0.000   41.104    6.362    0    0  (Gen:  0)
   521256    120464  12365584  0.002  0.000   41.107    6.363    0    0  (Gen:  0)
   521104    105528  12417200  0.002  0.000   41.110    6.363    0    0  (Gen:  0)
   520808     86952  12460728  0.002  0.000   41.114    6.364    0    0  (Gen:  0)
   520448     96360  12495584  0.003  0.000   41.118    6.364    0    0  (Gen:  0)
   537288    130360  12565832  0.002  0.000   41.122    6.365    0    0  (Gen:  0)
   521376     96656  12604320  0.003  0.000   41.126    6.366    0    0  (Gen:  0)
   520896    146280  12687648  0.002  0.000   41.129    6.366    0    0  (Gen:  0)
   520944    115880  12746936  0.003  0.000   41.133    6.367    0    0  (Gen:  0)
   521192    126904  12807424  0.002  0.000   41.137    6.367    0    0  (Gen:  0)
   520928   4296168   5277832  0.013  0.001   41.151    6.369    0    0  (Gen:  1)
   521200    112200   5321376  0.003  0.000   41.156    6.370    0    0  (Gen:  0)
   520952    136152   5388752  0.002  0.000   41.160    6.370    0    0  (Gen:  0)
   521168    130704   5452792  0.002  0.000   41.164    6.371    0    0  (Gen:  0)
   520432    112872   5508032  0.003  0.000   41.168    6.372    0    0  (Gen:  0)
   521168    117592   5551392  0.003  0.000   41.172    6.372    0    0  (Gen:  0)
   537144    152976   5632296  0.003  0.000   41.175    6.373    0    0  (Gen:  0)
   520544    110936   5681296  0.003  0.000   41.179    6.374    0    0  (Gen:  0)
   520752    156728   5765752  0.003  0.000   41.183    6.374    0    0  (Gen:  0)
   521016    132720   5839080  0.003  0.000   41.187    6.375    0    0  (Gen:  0)
   521072    120280   5887352  0.003  0.000   41.191    6.375    0    0  (Gen:  0)
   520808    131768   5944824  0.003  0.000   41.194    6.376    0    0  (Gen:  0)
   520480     92360   6008312  0.002  0.000   41.198    6.376    0    0  (Gen:  0)
   521144    164328   6098720  0.003  0.000   41.202    6.377    0    0  (Gen:  0)
   520912     96264   6190768  0.002  0.000   41.205    6.378    0    0  (Gen:  0)
   521240    121776   6256936  0.003  0.000   41.209    6.378    0    0  (Gen:  0)
   521120    156472   6333384  0.003  0.000   41.212    6.379    0    0  (Gen:  0)
   521376    149608   6409192  0.003  0.000   41.216    6.379    0    0  (Gen:  0)
   520840    117344   6468584  0.003  0.000   41.220    6.380    0    0  (Gen:  0)
   520376    103912   6567840  0.002  0.000   41.223    6.381    0    0  (Gen:  0)
   520888    136448   6648624  0.003  0.000   41.227    6.381    0    0  (Gen:  0)
   520440    128752   6711720  0.004  0.000   41.231    6.382    0    0  (Gen:  0)
   521616    137632   6766144  0.004  0.000   41.236    6.383    0    0  (Gen:  0)
   520784    173704   6857000  0.003  0.000   41.240    6.383    0    0  (Gen:  0)
   520712    130688   6916976  0.003  0.000   41.244    6.384    0    0  (Gen:  0)
   520872    139424   6970792  0.003  0.000   41.249    6.385    0    0  (Gen:  0)
   520504    162720   7053016  0.003  0.000   41.252    6.385    0    0  (Gen:  0)
   521256    135056   7108248  0.003  0.000   41.257    6.386    0    0  (Gen:  0)
   537792    149400   7176272  0.003  0.000   41.260    6.387    0    0  (Gen:  0)
   521192    118432   7250624  0.003  0.000   41.264    6.387    0    0  (Gen:  0)
   521600    177696   7346648  0.003  0.000   41.268    6.388    0    0  (Gen:  0)
   520728    137960   7419160  0.003  0.000   41.272    6.388    0    0  (Gen:  0)
   520048    111456   7487384  0.003  0.000   41.275    6.389    0    0  (Gen:  0)
   521248    163392   7568336  0.003  0.000   41.279    6.390    0    0  (Gen:  0)
   520608    149688   7643856  0.003  0.000   41.283    6.390    0    0  (Gen:  0)
   520952    131352   7713240  0.003  0.000   41.287    6.391    0    0  (Gen:  0)
   520072    173368   7801136  0.003  0.000   41.290    6.391    0    0  (Gen:  0)
   520496    162760   7881224  0.003  0.000   41.294    6.392    0    0  (Gen:  0)
   520920    140968   7950552  0.003  0.000   41.299    6.393    0    0  (Gen:  0)
   520936    147352   8010256  0.004  0.000   41.303    6.394    0    0  (Gen:  0)
   521224    176256   8102352  0.003  0.000   41.307    6.394    0    0  (Gen:  0)
   520320    132552   8164680  0.003  0.000   41.311    6.395    0    0  (Gen:  0)
   521040    186776   8267480  0.003  0.000   41.315    6.395    0    0  (Gen:  0)
   521016    153128   8354352  0.003  0.000   41.319    6.396    0    0  (Gen:  0)
   521296    141664   8418600  0.004  0.000   41.324    6.397    0    0  (Gen:  0)
   520376    149752   8478192  0.003  0.000   41.328    6.398    0    0  (Gen:  0)
   520728    172848   8566512  0.003  0.000   41.332    6.398    0    0  (Gen:  0)
   520912    143504   8627544  0.004  0.000   41.337    6.399    0    0  (Gen:  0)
   521032    151984   8689664  0.003  0.000   41.341    6.400    0    0  (Gen:  0)
   520864    112256   8769408  0.003  0.000   41.345    6.400    0    0  (Gen:  0)
   521056    168872   8850616  0.003  0.000   41.349    6.401    0    0  (Gen:  0)
   520408    146080   8928832  0.003  0.000   41.353    6.402    0    0  (Gen:  0)
   521000    148456   9005776  0.003  0.000   41.357    6.402    0    0  (Gen:  0)
   521320    185488   9104520  0.003  0.000   41.361    6.403    0    0  (Gen:  0)
   521048    151328   9185312  0.003  0.000   41.365    6.404    0    0  (Gen:  0)
   521200    128264   9260256  0.003  0.000   41.369    6.404    0    0  (Gen:  0)
   520512    177760   9348336  0.003  0.000   41.372    6.405    0    0  (Gen:  0)
   520400    167344   9430384  0.003  0.000   41.376    6.405    0    0  (Gen:  0)
   520904    127664   9503200  0.003  0.000   41.380    6.406    0    0  (Gen:  0)
   520736    179488   9594832  0.003  0.000   41.385    6.407    0    0  (Gen:  0)
   520832    169520   9676904  0.003  0.000   41.389    6.407    0    0  (Gen:  0)
   520872    149944   9753896  0.004  0.000   41.393    6.408    0    0  (Gen:  0)
   521400    157760   9816360  0.003  0.000   41.398    6.409    0    0  (Gen:  0)
   520432    155808   9881112  0.004  0.000   41.403    6.410    0    0  (Gen:  0)
   521120     40336   9900488  0.002  0.000   41.406    6.410    0    0  (Gen:  0)
   520008     74200   9945832  0.003  0.000   41.409    6.411    0    0  (Gen:  0)
   520544     43368   9984944  0.002  0.000   41.412    6.411    0    0  (Gen:  0)
   520336     87264  10029480  0.002  0.000   41.415    6.412    0    0  (Gen:  0)
   521608     86672  10073136  0.002  0.000   41.418    6.412    0    0  (Gen:  0)
   521240     74480  10110736  0.002  0.000   41.421    6.413    0    0  (Gen:  0)
   520584     85384  10141336  0.003  0.000   41.424    6.413    0    0  (Gen:  0)
   520576    110392  10195792  0.002  0.000   41.427    6.414    0    0  (Gen:  0)
   520776     90024  10237032  0.003  0.000   41.431    6.414    0    0  (Gen:  0)
   520624     95312  10270400  0.003  0.000   41.435    6.415    0    0  (Gen:  0)
   520632    123128  10334904  0.003  0.000   41.438    6.415    0    0  (Gen:  0)
   521272    100040  10372448  0.003  0.000   41.442    6.416    0    0  (Gen:  0)
   520840   4245480   5227016  0.013  0.001   41.456    6.417    0    0  (Gen:  1)
   520784    139280   5299280  0.003  0.000   41.459    6.418    0    0  (Gen:  0)
   521408    114888   5364840  0.003  0.000   41.463    6.419    0    0  (Gen:  0)
   520768    122992   5430040  0.003  0.000   41.466    6.419    0    0  (Gen:  0)
   521016    104792   5480808  0.003  0.000   41.470    6.420    0    0  (Gen:  0)
   521016    113048   5523568  0.003  0.000   41.475    6.420    0    0  (Gen:  0)
   521232    144152   5596776  0.002  0.000   41.478    6.421    0    0  (Gen:  0)
   520528    109840   5650392  0.003  0.000   41.482    6.422    0    0  (Gen:  0)
   520920    116384   5693096  0.003  0.000   41.487    6.422    0    0  (Gen:  0)
   660464    144224   5765392  0.003  0.000   41.491    6.423    0    0  (Gen:  0)
   521208    115136   5812688  0.003  0.000   41.495    6.424    0    0  (Gen:  0)
   520888    161008   5901056  0.004  0.000   41.500    6.424    0    0  (Gen:  0)
   520840     74688   5970456  0.002  0.000   41.504    6.425    0    0  (Gen:  0)
   521304    155728   6051848  0.003  0.000   41.508    6.426    0    0  (Gen:  0)
   520648    129168   6117256  0.003  0.000   41.512    6.426    0    0  (Gen:  0)
   520648    105296   6177224  0.003  0.000   41.516    6.427    0    0  (Gen:  0)
   520864    158048   6260304  0.002  0.000   41.520    6.427    0    0  (Gen:  0)
   520256    136568   6329016  0.003  0.000   41.523    6.428    0    0  (Gen:  0)
   520880    123400   6392616  0.003  0.000   41.528    6.429    0    0  (Gen:  0)
   521408    157368   6471744  0.003  0.000   41.532    6.429    0    0  (Gen:  0)
   525136    155112   6548976  0.003  0.000   41.535    6.430    0    0  (Gen:  0)
   521072    116808   6606568  0.004  0.000   41.540    6.431    0    0  (Gen:  0)
   519976    172744   6701728  0.003  0.000   41.544    6.431    0    0  (Gen:  0)
   520448    158032   6783160  0.003  0.000   41.548    6.432    0    0  (Gen:  0)
   520720    128088   6843896  0.004  0.000   41.552    6.432    0    0  (Gen:  0)
   521528    138464   6899880  0.004  0.000   41.557    6.433    0    0  (Gen:  0)
   525496    169736   6985632  0.003  0.000   41.561    6.434    0    0  (Gen:  0)
   520640    136528   7045592  0.004  0.000   41.565    6.434    0    0  (Gen:  0)
   525000    142904   7103520  0.004  0.000   41.570    6.435    0    0  (Gen:  0)
   521096     87360   7179280  0.003  0.000   41.574    6.436    0    0  (Gen:  0)
   524928    158768   7255080  0.003  0.000   41.578    6.436    0    0  (Gen:  0)
   562120    155408   7344776  0.003  0.000   41.582    6.437    0    0  (Gen:  0)
   521048    124192   7416144  0.003  0.000   41.586    6.438    0    0  (Gen:  0)
   520816    177048   7511232  0.003  0.000   41.590    6.438    0    0  (Gen:  0)
   520760    151768   7585048  0.003  0.000   41.594    6.439    0    0  (Gen:  0)
   520824    117968   7650424  0.003  0.000   41.598    6.440    0    0  (Gen:  0)
   521304    164008   7732304  0.003  0.000   41.602    6.440    0    0  (Gen:  0)
   521272    155104   7808536  0.003  0.000   41.606    6.441    0    0  (Gen:  0)
   521008    122776   7876192  0.004  0.000   41.611    6.442    0    0  (Gen:  0)
   520008    143480   7933400  0.004  0.000   41.616    6.442    0    0  (Gen:  0)
   520448    178664   8027544  0.003  0.000   41.620    6.443    0    0  (Gen:  0)
   521008    137016   8094160  0.004  0.000   41.624    6.444    0    0  (Gen:  0)
   521080    146872   8153840  0.004  0.000   41.629    6.445    0    0  (Gen:  0)
   521240    177336   8247456  0.004  0.000   41.634    6.445    0    0  (Gen:  0)
   520624    137248   8308512  0.004  0.000   41.639    6.446    0    0  (Gen:  0)
   520896    183672   8407448  0.003  0.000   41.643    6.447    0    0  (Gen:  0)
   521168    160016   8493720  0.003  0.000   41.647    6.447    0    0  (Gen:  0)
   520568    142056   8556776  0.004  0.000   41.651    6.448    0    0  (Gen:  0)
   521168    152368   8619224  0.004  0.000   41.656    6.449    0    0  (Gen:  0)
   521280     87640   8702312  0.003  0.000   41.660    6.449    0    0  (Gen:  0)
   520824    179912   8796160  0.002  0.000   41.663    6.450    0    0  (Gen:  0)
   520576    151632   8869168  0.003  0.000   41.667    6.451    0    0  (Gen:  0)
   521240    127000   8947016  0.003  0.000   41.671    6.451    0    0  (Gen:  0)
   520456    170408   9028040  0.002  0.000   41.674    6.452    0    0  (Gen:  0)
   521208    150960   9108064  0.003  0.000   41.678    6.453    0    0  (Gen:  0)
   521160    119432   9182960  0.003  0.000   41.682    6.453    0    0  (Gen:  0)
   520648    182768   9278824  0.003  0.000   41.686    6.454    0    0  (Gen:  0)
   520672    163152   9359048  0.003  0.000   41.690    6.454    0    0  (Gen:  0)
   521264    133816   9433432  0.003  0.000   41.694    6.455    0    0  (Gen:  0)
   520944    184584   9528720  0.003  0.000   41.698    6.456    0    0  (Gen:  0)
   520256    170608   9611032  0.003  0.000   41.702    6.456    0    0  (Gen:  0)
   521064    136776   9682776  0.003  0.000   41.707    6.457    0    0  (Gen:  0)
   520888    189976   9782536  0.003  0.000   41.711    6.458    0    0  (Gen:  0)
   520848    152296   9871952  0.002  0.000   41.714    6.458    0    0  (Gen:  0)
   520256    146448   9946800  0.003  0.000   41.718    6.459    0    0  (Gen:  0)
   520744    156944  10010208  0.004  0.000   41.723    6.460    0    0  (Gen:  0)
   520824    156808  10076288  0.004  0.000   41.728    6.460    0    0  (Gen:  0)
   520688     42456  10095696  0.002  0.000   41.730    6.461    0    0  (Gen:  0)
   520688     82944  10148424  0.002  0.000   41.733    6.461    0    0  (Gen:  0)
   520904     53184  10182464  0.002  0.000   41.735    6.462    0    0  (Gen:  0)
   521168     63320  10241632  0.002  0.000   41.738    6.462    0    0  (Gen:  0)
   520472     87368  10286632  0.002  0.000   41.740    6.462    0    0  (Gen:  0)
   521240   4120080   5101632  0.013  0.001   41.754    6.464    0    0  (Gen:  1)
   520216    101072   5147128  0.002  0.000   41.757    6.464    0    0  (Gen:  0)
   521376    100616   5206752  0.002  0.000   41.760    6.465    0    0  (Gen:  0)
   520896     91864   5245520  0.003  0.000   41.763    6.465    0    0  (Gen:  0)
   521192    101624   5283896  0.003  0.000   41.767    6.466    0    0  (Gen:  0)
   521232     66848   5340920  0.002  0.000   41.770    6.466    0    0  (Gen:  0)
   521016    131256   5408720  0.002  0.000   41.773    6.467    0    0  (Gen:  0)
   521048    116168   5467760  0.002  0.000   41.777    6.468    0    0  (Gen:  0)
   520864     97976   5517776  0.002  0.000   41.781    6.468    0    0  (Gen:  0)
   521040    131376   5582608  0.002  0.000   41.784    6.469    0    0  (Gen:  0)
   520744    129320   5648456  0.002  0.000   41.788    6.469    0    0  (Gen:  0)
   520400    109424   5697000  0.003  0.000   41.792    6.470    0    0  (Gen:  0)
   521152    112704   5738888  0.003  0.000   41.797    6.471    0    0  (Gen:  0)
   520832    145872   5814336  0.002  0.000   41.801    6.471    0    0  (Gen:  0)
   520912    116304   5865672  0.003  0.000   41.805    6.472    0    0  (Gen:  0)
   521008    116520   5908728  0.003  0.000   41.810    6.473    0    0  (Gen:  0)
   521160    144824   5981552  0.002  0.000   41.814    6.473    0    0  (Gen:  0)
   521120    119608   6028360  0.003  0.000   41.818    6.474    0    0  (Gen:  0)
   520752    162104   6117480  0.003  0.000   41.823    6.475    0    0  (Gen:  0)
   520720    108136   6177752  0.002  0.000   41.827    6.475    0    0  (Gen:  0)
   521360    148472   6251712  0.002  0.000   41.831    6.476    0    0  (Gen:  0)
   521176    135592   6319360  0.002  0.000   41.834    6.476    0    0  (Gen:  0)
   520760    111880   6375216  0.002  0.000   41.838    6.477    0    0  (Gen:  0)
   521312    151544   6451368  0.002  0.000   41.842    6.478    0    0  (Gen:  0)
   520848    146320   6522544  0.002  0.000   41.846    6.478    0    0  (Gen:  0)
   521120    121496   6583792  0.003  0.000   41.850    6.479    0    0  (Gen:  0)
   521248    130152   6635272  0.003  0.000   41.855    6.480    0    0  (Gen:  0)
   521032    159240   6714936  0.002  0.000   41.859    6.480    0    0  (Gen:  0)
   520936    122928   6769928  0.003  0.000   41.864    6.481    0    0  (Gen:  0)
   520640    168200   6858672  0.002  0.000   41.868    6.482    0    0  (Gen:  0)
   520440    157776   6940864  0.002  0.000   41.872    6.483    0    0  (Gen:  0)
   520976    137000   6999160  0.003  0.000   41.877    6.483    0    0  (Gen:  0)
   521480    163264   7079216  0.003  0.000   41.881    6.484    0    0  (Gen:  0)
   520552    122960   7152336  0.002  0.000   41.885    6.485    0    0  (Gen:  0)
   520792    159320   7229656  0.002  0.000   41.888    6.485    0    0  (Gen:  0)
   520752    151312   7316208  0.003  0.000   41.893    6.486    0    0  (Gen:  0)
   520744    117152   7385184  0.003  0.000   41.897    6.487    0    0  (Gen:  0)
   521344    163208   7465960  0.002  0.000   41.901    6.487    0    0  (Gen:  0)
   673384    147488   7541408  0.002  0.000   41.905    6.488    0    0  (Gen:  0)
   521080    114648   7612000  0.003  0.000   41.909    6.489    0    0  (Gen:  0)
   521112    173520   7702976  0.002  0.000   41.913    6.489    0    0  (Gen:  0)
   521184    149264   7778704  0.002  0.000   41.917    6.490    0    0  (Gen:  0)
   520832    126808   7842400  0.003  0.000   41.922    6.491    0    0  (Gen:  0)
   521136    143416   7903048  0.003  0.000   41.927    6.491    0    0  (Gen:  0)
   521416    173688   7994696  0.002  0.000   41.931    6.492    0    0  (Gen:  0)
   520704    125752   8060552  0.003  0.000   41.936    6.493    0    0  (Gen:  0)
   520304    142864   8118832  0.004  0.000   41.941    6.494    0    0  (Gen:  0)
   520328    176304   8209664  0.002  0.000   41.945    6.494    0    0  (Gen:  0)
   521160    136608   8273936  0.004  0.000   41.949    6.495    0    0  (Gen:  0)
   521056    145632   8333664  0.004  0.000   41.955    6.496    0    0  (Gen:  0)
   521264    170824   8419592  0.003  0.000   41.959    6.496    0    0  (Gen:  0)
   520632    139928   8479528  0.004  0.000   41.964    6.497    0    0  (Gen:  0)
   520848    183344   8577248  0.002  0.000   41.968    6.498    0    0  (Gen:  0)
   521216    162160   8663704  0.003  0.000   41.972    6.499    0    0  (Gen:  0)
   520592    147512   8727728  0.004  0.000   41.977    6.499    0    0  (Gen:  0)
   521224    177832   8815912  0.003  0.000   41.981    6.500    0    0  (Gen:  0)
   521032    139712   8892832  0.003  0.000   41.985    6.501    0    0  (Gen:  0)
   520904    185064   8992320  0.003  0.000   41.989    6.502    0    0  (Gen:  0)
   520776    147440   9068696  0.003  0.000   41.993    6.502    0    0  (Gen:  0)
   521112    119288   9142448  0.003  0.000   41.998    6.503    0    0  (Gen:  0)
   520496    169048   9223808  0.003  0.000   42.002    6.504    0    0  (Gen:  0)
   566232    156888   9306328  0.003  0.000   42.006    6.504    0    0  (Gen:  0)
   520904    124544   9379000  0.003  0.000   42.011    6.505    0    0  (Gen:  0)
   520000    178768   9470952  0.003  0.000   42.015    6.506    0    0  (Gen:  0)
   520928    165840   9554216  0.003  0.000   42.019    6.506    0    0  (Gen:  0)
   520600    140880   9625464  0.003  0.000   42.023    6.507    0    0  (Gen:  0)
   521096    155056   9689696  0.004  0.000   42.029    6.508    0    0  (Gen:  0)
   520760    186720   9785712  0.003  0.000   42.033    6.509    0    0  (Gen:  0)
   521544    136936   9856800  0.003  0.000   42.037    6.509    0    0  (Gen:  0)
   520664    155336   9920752  0.004  0.000   42.043    6.510    0    0  (Gen:  0)
   520464    174000  10005472  0.003  0.000   42.047    6.511    0    0  (Gen:  0)
   520944    144848  10078328  0.004  0.000   42.053    6.512    0    0  (Gen:  0)
   520488   5386688   6372376  0.017  0.001   42.070    6.514    0    0  (Gen:  1)
   521000    135152   6415280  0.003  0.000   42.074    6.514    0    0  (Gen:  0)
   520440     43024   6433296  0.002  0.000   42.077    6.515    0    0  (Gen:  0)
   521216     76144   6478632  0.002  0.000   42.081    6.515    0    0  (Gen:  0)
   520488     55368   6509488  0.002  0.000   42.084    6.516    0    0  (Gen:  0)
   520384     94968   6561152  0.002  0.000   42.087    6.516    0    0  (Gen:  0)
   521672     91704   6607608  0.002  0.000   42.090    6.517    0    0  (Gen:  0)
   521072     75728   6642800  0.002  0.000   42.093    6.518    0    0  (Gen:  0)
   520704    125224   6714728  0.003  0.000   42.097    6.518    0    0  (Gen:  0)
   520544    104240   6774320  0.002  0.000   42.100    6.519    0    0  (Gen:  0)
   520648     90952   6810232  0.003  0.000   42.103    6.519    0    0  (Gen:  0)
   520608    107640   6854384  0.003  0.000   42.107    6.520    0    0  (Gen:  0)
   520440     80136   6907064  0.003  0.000   42.110    6.520    0    0  (Gen:  0)
   521632     82456   6985216  0.003  0.000   42.114    6.521    0    0  (Gen:  0)
   520792    119880   7046112  0.003  0.000   42.117    6.521    0    0  (Gen:  0)
   520912     89440   7093840  0.002  0.000   42.120    6.522    0    0  (Gen:  0)
   521080    108512   7135296  0.003  0.000   42.124    6.523    0    0  (Gen:  0)
   520936    146448   7216416  0.002  0.000   42.128    6.523    0    0  (Gen:  0)
   521016    114136   7264568  0.003  0.000   42.132    6.524    0    0  (Gen:  0)
   521032    113904   7306752  0.003  0.000   42.135    6.524    0    0  (Gen:  0)
   521200    145528   7381432  0.002  0.000   42.139    6.525    0    0  (Gen:  0)
   520520    116472   7430768  0.003  0.000   42.142    6.526    0    0  (Gen:  0)
   632280    118296   7489736  0.002  0.000   42.146    6.526    0    0  (Gen:  0)
   586528    119584   7544680  0.002  0.000   42.149    6.527    0    0  (Gen:  0)
   520960    117832   7591264  0.003  0.000   42.153    6.527    0    0  (Gen:  0)
   520944    160056   7678736  0.003  0.000   42.157    6.528    0    0  (Gen:  0)
   520768    125488   7740712  0.002  0.000   42.161    6.529    0    0  (Gen:  0)
   521336    155608   7822808  0.002  0.000   42.165    6.529    0    0  (Gen:  0)
   520656    135624   7890048  0.002  0.000   42.169    6.530    0    0  (Gen:  0)
   521040    114968   7947112  0.002  0.000   42.173    6.531    0    0  (Gen:  0)
   520832     82192   8025256  0.002  0.000   42.177    6.531    0    0  (Gen:  0)
   521176    144776   8098056  0.002  0.000   42.181    6.532    0    0  (Gen:  0)
   520720    124736   8158888  0.003  0.000   42.185    6.533    0    0  (Gen:  0)
   520840    129976   8209440  0.003  0.000   42.190    6.533    0    0  (Gen:  0)
   520312    158592   8288624  0.002  0.000   42.195    6.534    0    0  (Gen:  0)
   520824    123808   8344000  0.003  0.000   42.200    6.535    0    0  (Gen:  0)
   520400    166576   8431920  0.003  0.000   42.204    6.536    0    0  (Gen:  0)
   520504    155944   8513600  0.003  0.000   42.209    6.536    0    0  (Gen:  0)
   520640    136768   8572192  0.003  0.000   42.214    6.537    0    0  (Gen:  0)
   520552    142056   8631664  0.003  0.000   42.218    6.538    0    0  (Gen:  0)
   521184    105816   8706800  0.002  0.000   42.222    6.539    0    0  (Gen:  0)
   520224    172136   8797608  0.002  0.000   42.227    6.539    0    0  (Gen:  0)
   520992    135448   8869656  0.003  0.000   42.231    6.540    0    0  (Gen:  0)
   520752    106528   8939184  0.003  0.000   42.235    6.541    0    0  (Gen:  0)
   520616    172336   9029496  0.003  0.000   42.239    6.541    0    0  (Gen:  0)
   537240    150184   9107336  0.002  0.000   42.243    6.542    0    0  (Gen:  0)
   521048    123048   9175960  0.004  0.000   42.249    6.543    0    0  (Gen:  0)
   520400    169000   9261856  0.003  0.000   42.253    6.544    0    0  (Gen:  0)
   520792    153272   9338808  0.003  0.000   42.258    6.544    0    0  (Gen:  0)
   521016    126856   9402680  0.003  0.000   42.263    6.545    0    0  (Gen:  0)
   520592    142808   9461624  0.004  0.000   42.269    6.546    0    0  (Gen:  0)
   520456    161664   9540048  0.003  0.000   42.273    6.547    0    0  (Gen:  0)
   521080    134288   9605064  0.003  0.000   42.278    6.548    0    0  (Gen:  0)
   521152    143000   9663504  0.004  0.000   42.284    6.548    0    0  (Gen:  0)
   520736    178488   9756112  0.003  0.000   42.288    6.549    0    0  (Gen:  0)
   520936    140288   9816584  0.003  0.000   42.294    6.550    0    0  (Gen:  0)
   520776    146000   9876536  0.004  0.000   42.299    6.551    0    0  (Gen:  0)
   520912    172128   9964256  0.003  0.000   42.304    6.551    0    0  (Gen:  0)
   520928    142352  10023240  0.004  0.000   42.310    6.552    0    0  (Gen:  0)
   521128    185720  10123368  0.004  0.000   42.316    6.553    0    0  (Gen:  0)
   520760     89312  10202456  0.003  0.000   42.320    6.554    0    0  (Gen:  0)
   520768    168024  10283720  0.003  0.000   42.324    6.555    0    0  (Gen:  0)
   520792    143704  10359296  0.002  0.000   42.329    6.555    0    0  (Gen:  0)
   520784    122016  10434520  0.003  0.000   42.334    6.556    0    0  (Gen:  0)
   521184    183176  10531144  0.003  0.000   42.339    6.557    0    0  (Gen:  0)
   521160    148128  10607560  0.002  0.000   42.343    6.558    0    0  (Gen:  0)
   520728    127936  10679784  0.003  0.000   42.348    6.558    0    0  (Gen:  0)
   521080    175296  10767720  0.003  0.000   42.352    6.559    0    0  (Gen:  0)
   520760    160888  10851560  0.003  0.000   42.356    6.560    0    0  (Gen:  0)
   520608    126544  10921704  0.003  0.000   42.361    6.561    0    0  (Gen:  0)
   520040    175624  11010808  0.003  0.000   42.366    6.561    0    0  (Gen:  0)
   521000    168376  11092536  0.003  0.000   42.370    6.562    0    0  (Gen:  0)
   520592    133296  11162984  0.003  0.000   42.376    6.563    0    0  (Gen:  0)
   521128    154272  11226144  0.004  0.000   42.381    6.564    0    0  (Gen:  0)
   520672    176296  11310752  0.003  0.000   42.386    6.565    0    0  (Gen:  0)
   521432    143664  11380856  0.004  0.000   42.392    6.565    0    0  (Gen:  0)
   520464    156088  11445840  0.004  0.000   42.397    6.566    0    0  (Gen:  0)
   520728    184192  11542288  0.003  0.000   42.402    6.567    0    0  (Gen:  0)
   520808    150472  11612960  0.004  0.000   42.407    6.568    0    0  (Gen:  0)
   520376    156264  11678128  0.004  0.000   42.413    6.569    0    0  (Gen:  0)
   521248    130144  11716168  0.003  0.000   42.418    6.570    0    0  (Gen:  0)
   521472     43800  11734144  0.002  0.000   42.422    6.570    0    0  (Gen:  0)
   521160     55680  11785584  0.001  0.000   42.425    6.571    0    0  (Gen:  0)
   520408     56344  11814968  0.002  0.000   42.429    6.571    0    0  (Gen:  0)
   520528     91200  11862416  0.002  0.000   42.433    6.572    0    0  (Gen:  0)
   521624     94848  11910192  0.002  0.000   42.437    6.572    0    0  (Gen:  0)
   521088     75496  11944200  0.002  0.000   42.441    6.573    0    0  (Gen:  0)
   520656     85880  11975720  0.003  0.000   42.446    6.574    0    0  (Gen:  0)
   520600    116240  12035368  0.002  0.000   42.450    6.574    0    0  (Gen:  0)
   520600     93136  12069376  0.003  0.000   42.455    6.575    0    0  (Gen:  0)
   520528    131776  12137960  0.003  0.000   42.459    6.576    0    0  (Gen:  0)
   520560     83520  12187792  0.002  0.000   42.464    6.576    0    0  (Gen:  0)
   521560    136704  12261920  0.002  0.000   42.468    6.577    0    0  (Gen:  0)
   521008    122264  12323208  0.002  0.000   42.473    6.578    0    0  (Gen:  0)
   520792     95408  12371000  0.003  0.000   42.477    6.579    0    0  (Gen:  0)
   521136    108792  12412264  0.003  0.000   42.482    6.579    0    0  (Gen:  0)
   520976    149280  12494528  0.002  0.000   42.486    6.580    0    0  (Gen:  0)
   520768   4325584   5311160  0.013  0.001   42.502    6.582    0    0  (Gen:  1)
   521048    133800   5373048  0.002  0.000   42.506    6.582    0    0  (Gen:  0)
   521120    128696   5443064  0.002  0.000   42.510    6.583    0    0  (Gen:  0)
   520704    117288   5491624  0.003  0.000   42.515    6.584    0    0  (Gen:  0)
   521200    129176   5549144  0.002  0.000   42.519    6.584    0    0  (Gen:  0)
   521144     98752   5609512  0.002  0.000   42.523    6.585    0    0  (Gen:  0)
   520792    155912   5693576  0.002  0.000   42.527    6.586    0    0  (Gen:  0)
   520752    141008   5762728  0.002  0.000   42.531    6.586    0    0  (Gen:  0)
   520816    109968   5820000  0.002  0.000   42.536    6.587    0    0  (Gen:  0)
   521248    151600   5897176  0.002  0.000   42.540    6.588    0    0  (Gen:  0)
   520568    143520   5964856  0.002  0.000   42.544    6.588    0    0  (Gen:  0)
   521320    116336   6019184  0.003  0.000   42.549    6.589    0    0  (Gen:  0)
   520960    168432   6110032  0.002  0.000   42.553    6.590    0    0  (Gen:  0)
   520864    149160   6189200  0.002  0.000   42.557    6.590    0    0  (Gen:  0)
   520752    127232   6245648  0.003  0.000   42.562    6.591    0    0  (Gen:  0)
   520720    131560   6298704  0.003  0.000   42.567    6.592    0    0  (Gen:  0)
   520816    161184   6379616  0.002  0.000   42.571    6.592    0    0  (Gen:  0)
   520448    129872   6434064  0.003  0.000   42.576    6.593    0    0  (Gen:  0)
   520728    172832   6527160  0.003  0.000   42.582    6.594    0    0  (Gen:  0)
   520376    104288   6602768  0.002  0.000   42.586    6.595    0    0  (Gen:  0)
   520536    101032   6699464  0.002  0.000   42.590    6.595    0    0  (Gen:  0)
   520528    138264   6774992  0.002  0.000   42.594    6.596    0    0  (Gen:  0)
   521024    125704   6841760  0.003  0.000   42.598    6.597    0    0  (Gen:  0)
   520376    160920   6921600  0.002  0.000   42.602    6.597    0    0  (Gen:  0)
   521008    143728   6995296  0.002  0.000   42.606    6.598    0    0  (Gen:  0)
   520800    119488   7060408  0.003  0.000   42.611    6.599    0    0  (Gen:  0)
   520600    167856   7146368  0.002  0.000   42.616    6.599    0    0  (Gen:  0)
   562496    160496   7224832  0.002  0.000   42.620    6.600    0    0  (Gen:  0)
   520984    124144   7290904  0.003  0.000   42.626    6.601    0    0  (Gen:  0)
   520600    183144   7389296  0.002  0.000   42.630    6.602    0    0  (Gen:  0)
   520936    153496   7471880  0.002  0.000   42.634    6.602    0    0  (Gen:  0)
   520632    131208   7534128  0.003  0.000   42.639    6.603    0    0  (Gen:  0)
   520600    141696   7592056  0.003  0.000   42.645    6.604    0    0  (Gen:  0)
   520592    164816   7674504  0.002  0.000   42.649    6.604    0    0  (Gen:  0)
   521040    136176   7735504  0.003  0.000   42.654    6.605    0    0  (Gen:  0)
   521272    142920   7794104  0.003  0.000   42.660    6.606    0    0  (Gen:  0)
   520704    172728   7881224  0.002  0.000   42.664    6.607    0    0  (Gen:  0)
   520808    145992   7941600  0.003  0.000   42.669    6.608    0    0  (Gen:  0)
   520968    154728   8008288  0.003  0.000   42.674    6.608    0    0  (Gen:  0)
   520640    109304   8087160  0.002  0.000   42.679    6.609    0    0  (Gen:  0)
   521296    182656   8182800  0.002  0.000   42.683    6.610    0    0  (Gen:  0)
   520896    146392   8258928  0.002  0.000   42.687    6.610    0    0  (Gen:  0)
   520768    115880   8330480  0.003  0.000   42.692    6.611    0    0  (Gen:  0)
   520840    170192   8414648  0.002  0.000   42.697    6.612    0    0  (Gen:  0)
   520920    155592   8493424  0.002  0.000   42.701    6.613    0    0  (Gen:  0)
   520768    126144   8563680  0.003  0.000   42.706    6.613    0    0  (Gen:  0)
   521240    177320   8654136  0.002  0.000   42.710    6.614    0    0  (Gen:  0)
   520976    161040   8733408  0.002  0.000   42.714    6.615    0    0  (Gen:  0)
   520904    131416   8803872  0.003  0.000   42.719    6.615    0    0  (Gen:  0)
   520856    149904   8863944  0.004  0.000   42.725    6.616    0    0  (Gen:  0)
   524592    186560   8965512  0.003  0.000   42.729    6.617    0    0  (Gen:  0)
   520672    143280   9033104  0.003  0.000   42.734    6.618    0    0  (Gen:  0)
   520464    193008   9137424  0.003  0.000   42.739    6.619    0    0  (Gen:  0)
   521136    144000   9227056  0.002  0.000   42.744    6.619    0    0  (Gen:  0)
   521000    142568   9295248  0.003  0.000   42.749    6.620    0    0  (Gen:  0)
   521104    152392   9358696  0.004  0.000   42.755    6.621    0    0  (Gen:  0)
   520848    179200   9448152  0.002  0.000   42.760    6.622    0    0  (Gen:  0)
   521008    148712   9515000  0.003  0.000   42.765    6.623    0    0  (Gen:  0)
   520792    155584   9579088  0.004  0.000   42.771    6.623    0    0  (Gen:  0)
   520536    178880   9669120  0.003  0.000   42.776    6.624    0    0  (Gen:  0)
   520824    154888   9737928  0.004  0.000   42.781    6.625    0    0  (Gen:  0)
   520560    158928   9805248  0.005  0.000   42.797    6.627    0    0  (Gen:  0)
   524888     89880   9832544  0.010  0.001   42.808    6.628    0    0  (Gen:  0)
   521168     49824   9851544  0.004  0.000   42.813    6.629    0    0  (Gen:  0)
   521080     93632   9912096  0.003  0.000   42.823    6.630    0    0  (Gen:  0)
   520440     59024   9939416  0.003  0.000   42.833    6.631    0    0  (Gen:  0)
   520520     71160   9963808  0.011  0.001   42.845    6.632    0    0  (Gen:  0)
   521880     99096  10015008  0.004  0.000   42.858    6.633    0    0  (Gen:  0)
   521080     79120  10046344  0.004  0.000   42.862    6.634    0    0  (Gen:  0)
   520440     95056  10086456  0.003  0.000   42.872    6.635    0    0  (Gen:  0)
   520568     85456  10136888  0.017  0.002   42.894    6.638    0    0  (Gen:  0)
   520856     77496  10210152  0.003  0.000   42.904    6.639    0    0  (Gen:  0)
   520512    108264  10265448  0.012  0.001   42.927    6.641    0    0  (Gen:  0)
   520800     88672  10308896  0.002  0.000   42.930    6.641    0    0  (Gen:  0)
   521072    128728  10376016  0.002  0.000   42.933    6.642    0    0  (Gen:  0)
   521056   4256304   5241896  0.015  0.001   42.950    6.644    0    0  (Gen:  1)
   521128    108832   5283928  0.003  0.000   42.954    6.644    0    0  (Gen:  0)
   521016    128000   5342872  0.002  0.000   42.958    6.645    0    0  (Gen:  0)
   520960    128600   5414192  0.002  0.000   42.961    6.645    0    0  (Gen:  0)
   520864    110152   5458272  0.004  0.000   42.966    6.646    0    0  (Gen:  0)
   521120    141272   5528352  0.003  0.000   42.971    6.647    0    0  (Gen:  0)
   520728     85552   5589664  0.002  0.000   42.974    6.647    0    0  (Gen:  0)
   520848    142208   5659256  0.002  0.000   42.979    6.648    0    0  (Gen:  0)
   673312    123448   5724288  0.003  0.000   42.982    6.648    0    0  (Gen:  0)
   520560     95504   5783480  0.002  0.000   42.985    6.649    0    0  (Gen:  0)
   521320    151264   5863320  0.002  0.000   42.989    6.650    0    0  (Gen:  0)
   520944    134448   5931672  0.002  0.000   42.992    6.650    0    0  (Gen:  0)
   520824    112776   5989928  0.002  0.000   42.997    6.651    0    0  (Gen:  0)
   521152    122376   6036200  0.004  0.000   43.001    6.651    0    0  (Gen:  0)
   520048    146008   6105704  0.002  0.000   43.005    6.652    0    0  (Gen:  0)
   520432    113600   6159992  0.003  0.000   43.009    6.653    0    0  (Gen:  0)
   520888    167616   6252056  0.003  0.000   43.013    6.653    0    0  (Gen:  0)
   520616    142472   6331424  0.003  0.000   43.017    6.654    0    0  (Gen:  0)
   520880    127200   6387976  0.003  0.000   43.022    6.655    0    0  (Gen:  0)
   520720    131112   6440152  0.004  0.000   43.027    6.655    0    0  (Gen:  0)
   525224    159120   6519064  0.002  0.000   43.031    6.656    0    0  (Gen:  0)
   520832    132384   6572488  0.003  0.000   43.036    6.657    0    0  (Gen:  0)
   520736    145768   6637696  0.003  0.000   43.040    6.657    0    0  (Gen:  0)
   520128    113248   6708872  0.003  0.000   43.043    6.658    0    0  (Gen:  0)
   520744    160520   6786656  0.002  0.000   43.047    6.658    0    0  (Gen:  0)
   524584    142880   6863024  0.003  0.000   43.052    6.659    0    0  (Gen:  0)
   520672    115984   6930064  0.003  0.000   43.056    6.660    0    0  (Gen:  0)
   520960    168792   7017056  0.003  0.000   43.060    6.660    0    0  (Gen:  0)
   525024    152544   7093304  0.003  0.000   43.065    6.661    0    0  (Gen:  0)
   525248    119744   7157704  0.004  0.000   43.070    6.662    0    0  (Gen:  0)
   525096    140192   7212848  0.005  0.000   43.076    6.662    0    0  (Gen:  0)
   562192    180248   7308624  0.003  0.000   43.080    6.663    0    0  (Gen:  0)
   520608    125976   7373272  0.004  0.000   43.085    6.664    0    0  (Gen:  0)
   521128    181368   7471152  0.003  0.000   43.089    6.664    0    0  (Gen:  0)
   520672    152072   7554664  0.003  0.000   43.092    6.665    0    0  (Gen:  0)
   521296    130624   7616048  0.003  0.000   43.097    6.666    0    0  (Gen:  0)
   520792    141960   7673928  0.004  0.000   43.102    6.666    0    0  (Gen:  0)
   521096    171656   7765408  0.003  0.000   43.106    6.667    0    0  (Gen:  0)
   520552    142816   7825296  0.004  0.000   43.111    6.668    0    0  (Gen:  0)
   520904    146680   7889048  0.003  0.000   43.115    6.668    0    0  (Gen:  0)
   520696    117096   7969272  0.003  0.000   43.119    6.669    0    0  (Gen:  0)
   520976    168064   8050000  0.003  0.000   43.123    6.670    0    0  (Gen:  0)
   521088    140976   8122984  0.003  0.000   43.127    6.670    0    0  (Gen:  0)
   521224    119968   8198976  0.003  0.000   43.131    6.671    0    0  (Gen:  0)
   520840    177792   8289168  0.003  0.000   43.135    6.672    0    0  (Gen:  0)
   521128    157416   8367744  0.003  0.000   43.139    6.672    0    0  (Gen:  0)
   521200    119744   8437384  0.003  0.000   43.143    6.673    0    0  (Gen:  0)
   520448    169240   8521272  0.003  0.000   43.147    6.673    0    0  (Gen:  0)
   521000    160280   8602456  0.003  0.000   43.152    6.674    0    0  (Gen:  0)
   520472    123432   8669376  0.003  0.000   43.156    6.675    0    0  (Gen:  0)
   520904    169760   8752648  0.004  0.000   43.160    6.675    0    0  (Gen:  0)
   520808    165424   8833336  0.003  0.000   43.164    6.676    0    0  (Gen:  0)
   521224    136256   8901992  0.004  0.000   43.169    6.677    0    0  (Gen:  0)
   520408    150432   8962888  0.004  0.000   43.175    6.678    0    0  (Gen:  0)
   520936    181312   9058568  0.003  0.000   43.179    6.678    0    0  (Gen:  0)
   520376    144800   9124560  0.004  0.000   43.184    6.679    0    0  (Gen:  0)
   520408    193624   9228896  0.003  0.000   43.188    6.680    0    0  (Gen:  0)
   521480    168152   9317320  0.003  0.000   43.192    6.680    0    0  (Gen:  0)
   520968    144696   9383936  0.004  0.000   43.197    6.681    0    0  (Gen:  0)
   520152    170800   9466840  0.003  0.000   43.201    6.682    0    0  (Gen:  0)
   521016    160480   9557648  0.003  0.000   43.205    6.682    0    0  (Gen:  0)
   520552    148888   9624280  0.004  0.000   43.210    6.683    0    0  (Gen:  0)
   521040    154688   9687600  0.004  0.000   43.216    6.684    0    0  (Gen:  0)
   519952    181656   9781048  0.004  0.000   43.221    6.684    0    0  (Gen:  0)
   520880    156032   9846904  0.004  0.000   43.226    6.685    0    0  (Gen:  0)
   520952    183968   9939792  0.005  0.000   43.232    6.686    0    0  (Gen:  0)
   521112     30720   9958224  0.001  0.000   43.235    6.686    0    0  (Gen:  0)
   521248     63944   9997480  0.001  0.000   43.237    6.687    0    0  (Gen:  0)
   521000     68744  10034616  0.002  0.000   43.240    6.687    0    0  (Gen:  0)
   520376     59912  10062136  0.002  0.000   43.242    6.688    0    0  (Gen:  0)
   520704     71600  10086760  0.002  0.000   43.246    6.688    0    0  (Gen:  0)
   521832    104856  10143984  0.002  0.000   43.249    6.689    0    0  (Gen:  0)
   520864     82432  10175248  0.002  0.000   43.252    6.689    0    0  (Gen:  0)
   520432     97600  10217400  0.002  0.000   43.255    6.690    0    0  (Gen:  0)
   520808     89496  10265568  0.002  0.000   43.259    6.690    0    0  (Gen:  0)
   520616   4185840   5175592  0.015  0.001   43.275    6.692    0    0  (Gen:  1)
   660576    114392   5226456  0.002  0.000   43.279    6.693    0    0  (Gen:  0)
   520608     86048   5269752  0.003  0.000   43.283    6.693    0    0  (Gen:  0)
   520384    122896   5332584  0.002  0.000   43.286    6.694    0    0  (Gen:  0)
   520640     84584   5413072  0.002  0.000   43.289    6.694    0    0  (Gen:  0)
   521304    103512   5468880  0.002  0.000   43.293    6.695    0    0  (Gen:  0)
   520848     99112   5521696  0.003  0.000   43.296    6.695    0    0  (Gen:  0)
   525232    137584   5590392  0.002  0.000   43.300    6.696    0    0  (Gen:  0)
   520744    109920   5636344  0.003  0.000   43.304    6.697    0    0  (Gen:  0)
   525088    121880   5686680  0.003  0.000   43.308    6.697    0    0  (Gen:  0)
   520824     89000   5748760  0.003  0.000   43.312    6.698    0    0  (Gen:  0)
   529104    142088   5818552  0.002  0.000   43.316    6.698    0    0  (Gen:  0)
   561536    126712   5883312  0.003  0.000   43.320    6.699    0    0  (Gen:  0)
   520416    100512   5940136  0.003  0.000   43.323    6.700    0    0  (Gen:  0)
   520952    150096   6018936  0.003  0.000   43.327    6.700    0    0  (Gen:  0)
   520576    139936   6087768  0.002  0.000   43.331    6.701    0    0  (Gen:  0)
   521360    112936   6145232  0.003  0.000   43.335    6.701    0    0  (Gen:  0)
   520480    123992   6192000  0.003  0.000   43.340    6.702    0    0  (Gen:  0)
   520408    155752   6271120  0.003  0.000   43.343    6.703    0    0  (Gen:  0)
   520760    115104   6324776  0.003  0.000   43.348    6.703    0    0  (Gen:  0)
   520736    166488   6415208  0.002  0.000   43.352    6.704    0    0  (Gen:  0)
   520792    137264   6492768  0.003  0.000   43.356    6.704    0    0  (Gen:  0)
   520920    129848   6548704  0.003  0.000   43.360    6.705    0    0  (Gen:  0)
   521232    137792   6609064  0.003  0.000   43.364    6.706    0    0  (Gen:  0)
   520696    115192   6681240  0.003  0.000   43.368    6.706    0    0  (Gen:  0)
   521280    167960   6770968  0.003  0.000   43.372    6.707    0    0  (Gen:  0)
   521368    132832   6841216  0.002  0.000   43.376    6.708    0    0  (Gen:  0)
   520616    126984   6911864  0.003  0.000   43.380    6.708    0    0  (Gen:  0)
   520496    160744   6989592  0.003  0.000   43.384    6.709    0    0  (Gen:  0)
   521064    149240   7066472  0.003  0.000   43.388    6.709    0    0  (Gen:  0)
   520872    120904   7132432  0.003  0.000   43.392    6.710    0    0  (Gen:  0)
   520632     89928   7218352  0.002  0.000   43.396    6.711    0    0  (Gen:  0)
   521048    153072   7293920  0.003  0.000   43.400    6.711    0    0  (Gen:  0)
   520664    121632   7357600  0.003  0.000   43.404    6.712    0    0  (Gen:  0)
   520664    140032   7412784  0.004  0.000   43.409    6.713    0    0  (Gen:  0)
   537440    174232   7501600  0.003  0.000   43.413    6.713    0    0  (Gen:  0)
   521232    132488   7565800  0.003  0.000   43.418    6.714    0    0  (Gen:  0)
   521104    178520   7661112  0.003  0.000   43.422    6.715    0    0  (Gen:  0)
   521104    146824   7743136  0.003  0.000   43.426    6.715    0    0  (Gen:  0)
   520528    133184   7803304  0.003  0.000   43.430    6.716    0    0  (Gen:  0)
   520992    159704   7879408  0.003  0.000   43.434    6.717    0    0  (Gen:  0)
   520400    155840   7965192  0.003  0.000   43.438    6.717    0    0  (Gen:  0)
   520488    141248   8024376  0.003  0.000   43.443    6.718    0    0  (Gen:  0)
   520856    152576   8091360  0.003  0.000   43.447    6.719    0    0  (Gen:  0)
   520808    114384   8167944  0.003  0.000   43.451    6.719    0    0  (Gen:  0)
   521344    169008   8250480  0.003  0.000   43.455    6.720    0    0  (Gen:  0)
   520864    150864   8325952  0.003  0.000   43.459    6.720    0    0  (Gen:  0)
   520352    125064   8398392  0.003  0.000   43.464    6.721    0    0  (Gen:  0)
   521256     97840   8492160  0.002  0.000   43.467    6.722    0    0  (Gen:  0)
   520928    153664   8572992  0.003  0.000   43.471    6.722    0    0  (Gen:  0)
   520816    128040   8640960  0.003  0.000   43.475    6.723    0    0  (Gen:  0)
   520936    168760   8724912  0.003  0.000   43.480    6.724    0    0  (Gen:  0)
   521000    163968   8806680  0.003  0.000   43.484    6.724    0    0  (Gen:  0)
   520784    126392   8874624  0.003  0.000   43.488    6.725    0    0  (Gen:  0)
   521040    147480   8933936  0.004  0.000   43.493    6.726    0    0  (Gen:  0)
   521552    169104   9014808  0.003  0.000   43.497    6.726    0    0  (Gen:  0)
   520600    134368   9083040  0.004  0.000   43.502    6.727    0    0  (Gen:  0)
   520592    149576   9143376  0.004  0.000   43.507    6.728    0    0  (Gen:  0)
   521192    175000   9232352  0.003  0.000   43.512    6.729    0    0  (Gen:  0)
   520976    142712   9296144  0.004  0.000   43.518    6.729    0    0  (Gen:  0)
   520592    105480   9397256  0.002  0.000   43.522    6.730    0    0  (Gen:  0)
   521256    148880   9486072  0.003  0.000   43.526    6.731    0    0  (Gen:  0)
   520992    148000   9553288  0.004  0.000   43.531    6.731    0    0  (Gen:  0)
   521136    152768   9616744  0.004  0.000   43.537    6.732    0    0  (Gen:  0)
   521056    181736   9708128  0.003  0.000   43.542    6.733    0    0  (Gen:  0)
   520808    153480   9773808  0.004  0.000   43.547    6.734    0    0  (Gen:  0)
   520480    161048   9842832  0.004  0.000   43.553    6.735    0    0  (Gen:  0)
   520448    113368   9927120  0.002  0.000   43.557    6.735    0    0  (Gen:  0)
   521344    180184  10013656  0.003  0.000   43.562    6.736    0    0  (Gen:  0)
   554096    144656  10090224  0.003  0.000   43.567    6.737    0    0  (Gen:  0)
   570344     32056  10108976  0.002  0.000   43.570    6.738    0    0  (Gen:  0)
   537048     63168  10147168  0.002  0.000   43.574    6.738    0    0  (Gen:  0)
   536864   4049088   5030800  0.010  0.001   43.586    6.739    0    0  (Gen:  1)
   521160     64736   5052696  0.002  0.000   43.589    6.740    0    0  (Gen:  0)
   520904     89400   5095224  0.002  0.000   43.593    6.741    0    0  (Gen:  0)
   536984     95416   5148904  0.002  0.000   43.596    6.741    0    0  (Gen:  0)
   520952     81992   5178984  0.002  0.000   43.599    6.742    0    0  (Gen:  0)
   520992     98712   5222424  0.002  0.000   43.604    6.742    0    0  (Gen:  0)
   520864     87336   5269208  0.002  0.000   43.608    6.743    0    0  (Gen:  0)
   521320    119872   5329088  0.002  0.000   43.612    6.744    0    0  (Gen:  0)
   537624    117864   5386448  0.002  0.000   43.616    6.744    0    0  (Gen:  0)
   520400     92616   5428256  0.002  0.000   43.619    6.745    0    0  (Gen:  0)
   520728    145192   5512624  0.002  0.000   43.623    6.745    0    0  (Gen:  0)
   520984    130600   5581304  0.002  0.000   43.626    6.746    0    0  (Gen:  0)
   521376    109888   5625728  0.002  0.000   43.630    6.747    0    0  (Gen:  0)
   521728    111776   5667760  0.002  0.000   43.633    6.747    0    0  (Gen:  0)
   521408    122672   5732968  0.002  0.000   43.637    6.748    0    0  (Gen:  0)
   521032    145512   5810192  0.002  0.000   43.640    6.748    0    0  (Gen:  0)
   520736    126000   5872808  0.002  0.000   43.644    6.749    0    0  (Gen:  0)
   521704    105672   5932624  0.002  0.000   43.648    6.750    0    0  (Gen:  0)
   520624    144640   6003288  0.002  0.000   43.651    6.750    0    0  (Gen:  0)
   537016    137696   6071264  0.002  0.000   43.655    6.751    0    0  (Gen:  0)
   521064    119872   6126152  0.002  0.000   43.658    6.751    0    0  (Gen:  0)
   520672     97064   6218408  0.002  0.000   43.661    6.752    0    0  (Gen:  0)
   520688    139056   6292352  0.002  0.000   43.665    6.752    0    0  (Gen:  0)
   521088    123904   6347056  0.002  0.000   43.668    6.753    0    0  (Gen:  0)
   521016    124240   6396128  0.002  0.000   43.672    6.754    0    0  (Gen:  0)
   520912    150672   6470704  0.002  0.000   43.676    6.754    0    0  (Gen:  0)
   520984    124240   6522664  0.002  0.000   43.680    6.755    0    0  (Gen:  0)
   521344    135152   6580872  0.003  0.000   43.684    6.756    0    0  (Gen:  0)
   520560     99888   6651944  0.002  0.000   43.687    6.756    0    0  (Gen:  0)
   520040    156664   6728232  0.002  0.000   43.691    6.757    0    0  (Gen:  0)
   520808    142936   6799040  0.002  0.000   43.695    6.757    0    0  (Gen:  0)
   520968    117360   6864144  0.002  0.000   43.698    6.758    0    0  (Gen:  0)
   520736    164728   6950208  0.002  0.000   43.702    6.759    0    0  (Gen:  0)
   521208    153040   7024384  0.002  0.000   43.706    6.759    0    0  (Gen:  0)
   520904    128336   7091568  0.002  0.000   43.710    6.760    0    0  (Gen:  0)
   521000    138304   7145880  0.002  0.000   43.714    6.760    0    0  (Gen:  0)
   520840    171672   7235000  0.002  0.000   43.718    6.761    0    0  (Gen:  0)
   521160    132640   7297992  0.002  0.000   43.722    6.762    0    0  (Gen:  0)
   520984    170536   7384232  0.002  0.000   43.725    6.762    0    0  (Gen:  0)
   520720    157336   7468096  0.002  0.000   43.729    6.763    0    0  (Gen:  0)
   520984    135544   7525144  0.002  0.000   43.733    6.764    0    0  (Gen:  0)
   520648    139848   7582960  0.002  0.000   43.737    6.764    0    0  (Gen:  0)
   537448    167368   7668112  0.002  0.000   43.741    6.765    0    0  (Gen:  0)
   520896    140640   7727504  0.002  0.000   43.744    6.766    0    0  (Gen:  0)
   520120    174848   7820104  0.003  0.000   43.749    6.766    0    0  (Gen:  0)
   520920    136336   7893512  0.002  0.000   43.752    6.767    0    0  (Gen:  0)
   520960    169272   7980688  0.002  0.000   43.756    6.768    0    0  (Gen:  0)
   520488    148680   8054912  0.002  0.000   43.760    6.768    0    0  (Gen:  0)
   521000    140064   8126696  0.002  0.000   43.764    6.769    0    0  (Gen:  0)
   520256    178704   8220032  0.002  0.000   43.767    6.769    0    0  (Gen:  0)
   520536    165408   8299240  0.002  0.000   43.771    6.770    0    0  (Gen:  0)
   521008    140392   8369464  0.002  0.000   43.775    6.771    0    0  (Gen:  0)
   520920     91112   8456640  0.002  0.000   43.778    6.771    0    0  (Gen:  0)
   520592    162624   8537376  0.002  0.000   43.782    6.772    0    0  (Gen:  0)
   520640    139440   8603504  0.002  0.000   43.786    6.773    0    0  (Gen:  0)
   520648    190456   8710376  0.003  0.000   43.791    6.773    0    0  (Gen:  0)
   520712    149352   8797616  0.002  0.000   43.795    6.774    0    0  (Gen:  0)
   521328    136056   8863408  0.002  0.000   43.798    6.775    0    0  (Gen:  0)
   521008    148848   8923952  0.002  0.000   43.802    6.775    0    0  (Gen:  0)
   521056    181616   9020912  0.002  0.000   43.806    6.776    0    0  (Gen:  0)
   520800    145536   9082416  0.002  0.000   43.810    6.777    0    0  (Gen:  0)
   520496    147952   9141480  0.002  0.000   43.814    6.777    0    0  (Gen:  0)
   520968    172248   9227856  0.002  0.000   43.818    6.778    0    0  (Gen:  0)
   521024    149048   9291776  0.002  0.000   43.822    6.779    0    0  (Gen:  0)
   520936    154816   9358152  0.004  0.000   43.827    6.779    0    0  (Gen:  0)
   520488     95064   9439936  0.002  0.000   43.831    6.780    0    0  (Gen:  0)
   521032    187968   9540016  0.003  0.000   43.835    6.781    0    0  (Gen:  0)
   520576    150768   9617416  0.002  0.000   43.839    6.781    0    0  (Gen:  0)
   521200    146888   9695520  0.002  0.000   43.843    6.782    0    0  (Gen:  0)
   521152    175328   9781240  0.002  0.000   43.846    6.783    0    0  (Gen:  0)
   521704    161232   9864416  0.003  0.000   43.851    6.783    0    0  (Gen:  0)
   521032    125904   9938616  0.002  0.000   43.855    6.784    0    0  (Gen:  0)
   520320    186816  10036024  0.002  0.000   43.859    6.785    0    0  (Gen:  0)
   521336   5344160   6325760  0.016  0.001   43.876    6.787    0    0  (Gen:  1)
   520576    176304   6411200  0.003  0.000   43.882    6.788    0    0  (Gen:  0)
   520864    165648   6501456  0.003  0.000   43.886    6.788    0    0  (Gen:  0)
   520904    174928   6587944  0.003  0.000   43.891    6.789    0    0  (Gen:  0)
   520728    142248   6661936  0.003  0.000   43.896    6.790    0    0  (Gen:  0)
   520216    198568   6767920  0.003  0.000   43.900    6.791    0    0  (Gen:  0)
   519960    175280   6860976  0.003  0.000   43.905    6.791    0    0  (Gen:  0)
   520328    142792   6932000  0.003  0.000   43.910    6.792    0    0  (Gen:  0)
   520520    155184   6996304  0.003  0.000   43.915    6.793    0    0  (Gen:  0)
   520432    186640   7092864  0.003  0.000   43.919    6.794    0    0  (Gen:  0)
   521096    149008   7164128  0.003  0.000   43.924    6.794    0    0  (Gen:  0)
   521040    158672   7229704  0.004  0.000   43.930    6.795    0    0  (Gen:  0)
   520528    180880   7320080  0.003  0.000   43.934    6.796    0    0  (Gen:  0)
   520800    163888   7400744  0.002  0.000   43.939    6.797    0    0  (Gen:  0)
   520920    138112   7475232  0.003  0.000   43.943    6.797    0    0  (Gen:  0)
   520968    117608   7503304  0.002  0.000   43.947    6.798    0    0  (Gen:  0)
   520656     48920   7524504  0.002  0.000   43.950    6.798    0    0  (Gen:  0)
   520512     94784   7586720  0.002  0.000   43.954    6.799    0    0  (Gen:  0)
   521464     66592   7615248  0.002  0.000   43.957    6.799    0    0  (Gen:  0)
   520560     71672   7640000  0.002  0.000   43.961    6.800    0    0  (Gen:  0)
   521240    105928   7697496  0.002  0.000   43.964    6.800    0    0  (Gen:  0)
   521040     81544   7730024  0.002  0.000   43.967    6.801    0    0  (Gen:  0)
   521472     92824   7768400  0.002  0.000   43.971    6.801    0    0  (Gen:  0)
   520728     70192   7819808  0.002  0.000   43.974    6.802    0    0  (Gen:  0)
   520776    119184   7877904  0.002  0.000   43.978    6.803    0    0  (Gen:  0)
   520976    111184   7932480  0.002  0.000   43.981    6.803    0    0  (Gen:  0)
   520560     89968   7975816  0.002  0.000   43.985    6.804    0    0  (Gen:  0)
   520432    123208   8038680  0.002  0.000   43.989    6.804    0    0  (Gen:  0)
   521304    143808   8117432  0.003  0.000   43.993    6.805    0    0  (Gen:  0)
   520936    123776   8196184  0.002  0.000   43.997    6.805    0    0  (Gen:  0)
   521240    105592   8250448  0.002  0.000   44.001    6.806    0    0  (Gen:  0)
   520856    138568   8319704  0.002  0.000   44.005    6.807    0    0  (Gen:  0)
   520856    109912   8363336  0.003  0.000   44.009    6.807    0    0  (Gen:  0)
   520720    123928   8416024  0.002  0.000   44.013    6.808    0    0  (Gen:  0)
   521480    100304   8478608  0.002  0.000   44.016    6.808    0    0  (Gen:  0)
   520776    155576   8561592  0.002  0.000   44.020    6.809    0    0  (Gen:  0)
   672576    124168   8624032  0.002  0.000   44.024    6.810    0    0  (Gen:  0)
   521008    101936   8683640  0.002  0.000   44.028    6.810    0    0  (Gen:  0)
   521480    153056   8764976  0.002  0.000   44.032    6.811    0    0  (Gen:  0)
   521168    135528   8833696  0.002  0.000   44.036    6.812    0    0  (Gen:  0)
   520712    110904   8891688  0.003  0.000   44.040    6.812    0    0  (Gen:  0)
   521032    125032   8939480  0.003  0.000   44.045    6.813    0    0  (Gen:  0)
   521136    157224   9019016  0.003  0.000   44.049    6.814    0    0  (Gen:  0)
   520984    120232   9071912  0.003  0.000   44.054    6.814    0    0  (Gen:  0)
   520872    129296   9124464  0.003  0.000   44.058    6.815    0    0  (Gen:  0)
   520448    157152   9208424  0.002  0.000   44.062    6.815    0    0  (Gen:  0)
   520968    127592   9263768  0.003  0.000   44.066    6.816    0    0  (Gen:  0)
   525208    136192   9322008  0.003  0.000   44.071    6.817    0    0  (Gen:  0)
   520992     82424   9395968  0.002  0.000   44.075    6.817    0    0  (Gen:  0)
   521112    169952   9486352  0.002  0.000   44.079    6.818    0    0  (Gen:  0)
   520896    135320   9555792  0.003  0.000   44.083    6.819    0    0  (Gen:  0)
   520664    110176   9626808  0.003  0.000   44.088    6.819    0    0  (Gen:  0)
   520904    161280   9705104  0.003  0.000   44.092    6.820    0    0  (Gen:  0)
   524672    150800   9781936  0.003  0.000   44.097    6.821    0    0  (Gen:  0)
   520680    115336   9847752  0.003  0.000   44.101    6.821    0    0  (Gen:  0)
   521024    163472   9928792  0.003  0.000   44.105    6.822    0    0  (Gen:  0)
   525208    155048  10004864  0.002  0.000   44.109    6.823    0    0  (Gen:  0)
   524400    125640  10067944  0.003  0.000   44.114    6.823    0    0  (Gen:  0)
   528736    141000  10123904  0.003  0.000   44.119    6.824    0    0  (Gen:  0)
   557192    165888  10204320  0.002  0.000   44.123    6.825    0    0  (Gen:  0)
   520360    132376  10267856  0.003  0.000   44.128    6.826    0    0  (Gen:  0)
   520528    179832  10363888  0.003  0.000   44.132    6.826    0    0  (Gen:  0)
   520984    163008  10445336  0.003  0.000   44.137    6.827    0    0  (Gen:  0)
   520776    134912  10505080  0.003  0.000   44.142    6.828    0    0  (Gen:  0)
   520832    159624  10580952  0.003  0.000   44.147    6.828    0    0  (Gen:  0)
   521104    153512  10663928  0.003  0.000   44.151    6.829    0    0  (Gen:  0)
   520656    143552  10723248  0.003  0.000   44.156    6.830    0    0  (Gen:  0)
   520664    155160  10791528  0.003  0.000   44.160    6.830    0    0  (Gen:  0)
   520744    114672  10867168  0.003  0.000   44.164    6.831    0    0  (Gen:  0)
   520840    169216  10949984  0.003  0.000   44.169    6.832    0    0  (Gen:  0)
   520576    148720  11027048  0.002  0.000   44.173    6.832    0    0  (Gen:  0)
   520672    127968  11099648  0.003  0.000   44.177    6.833    0    0  (Gen:  0)
   520960    180544  11193552  0.003  0.000   44.182    6.834    0    0  (Gen:  0)
   520656    159120  11275600  0.002  0.000   44.186    6.835    0    0  (Gen:  0)
   521128    126704  11342096  0.003  0.000   44.191    6.835    0    0  (Gen:  0)
   520808    167760  11423272  0.003  0.000   44.195    6.836    0    0  (Gen:  0)
   521080    167056  11506256  0.003  0.000   44.199    6.837    0    0  (Gen:  0)
   521104    139760  11573360  0.003  0.000   44.203    6.837    0    0  (Gen:  0)
   520432    149112  11632488  0.003  0.000   44.208    6.838    0    0  (Gen:  0)
   521288    170736  11714704  0.003  0.000   44.211    6.839    0    0  (Gen:  0)
   520536    139944  11779912  0.003  0.000   44.215    6.839    0    0  (Gen:  0)
   521040    148632  11840832  0.003  0.000   44.219    6.840    0    0  (Gen:  0)
   520616    176232  11930600  0.003  0.000   44.224    6.841    0    0  (Gen:  0)
   520456    147128  11994136  0.003  0.000   44.229    6.842    0    0  (Gen:  0)
   520712    107152  12096848  0.002  0.000   44.232    6.842    0    0  (Gen:  0)
   520616    156648  12184432  0.003  0.000   44.236    6.843    0    0  (Gen:  0)
   521216    149984  12250312  0.004  0.000   44.242    6.844    0    0  (Gen:  0)
   520872    179688  12341008  0.004  0.000   44.247    6.845    0    0  (Gen:  0)
   520512    140200  12422848  0.002  0.000   44.251    6.845    0    0  (Gen:  0)
   521384   5325672   6307136  0.017  0.002   44.269    6.847    0    0  (Gen:  1)
   521216    107368   6410168  0.002  0.000   44.272    6.848    0    0  (Gen:  0)
   520592    121784   6492976  0.003  0.000   44.276    6.849    0    0  (Gen:  0)
   520664    181792   6580320  0.003  0.000   44.279    6.849    0    0  (Gen:  0)
   520744    161352   6663472  0.003  0.000   44.283    6.850    0    0  (Gen:  0)
   521056    124880   6740152  0.003  0.000   44.288    6.851    0    0  (Gen:  0)
   521064     99824   6836016  0.003  0.000   44.291    6.851    0    0  (Gen:  0)
   520272    162416   6920848  0.003  0.000   44.295    6.852    0    0  (Gen:  0)
   520664    135568   6996248  0.003  0.000   44.300    6.853    0    0  (Gen:  0)
   520432    179912   7085520  0.003  0.000   44.303    6.853    0    0  (Gen:  0)
   520760    172504   7170496  0.003  0.000   44.307    6.854    0    0  (Gen:  0)
   520448    143800   7244096  0.003  0.000   44.311    6.855    0    0  (Gen:  0)
   521176    205072   7357504  0.003  0.000   44.316    6.856    0    0  (Gen:  0)
   520088    158344   7457560  0.002  0.000   44.319    6.856    0    0  (Gen:  0)
   520840    138368   7529248  0.003  0.000   44.324    6.857    0    0  (Gen:  0)
   520624    159952   7595432  0.004  0.000   44.329    6.858    0    0  (Gen:  0)
   521224    131112   7633608  0.003  0.000   44.333    6.858    0    0  (Gen:  0)
   520528     41896   7652888  0.002  0.000   44.336    6.859    0    0  (Gen:  0)
   520704     80032   7702568  0.003  0.000   44.340    6.859    0    0  (Gen:  0)
   521200     51456   7735960  0.001  0.000   44.343    6.860    0    0  (Gen:  0)
   520784    100120   7793040  0.002  0.000   44.346    6.860    0    0  (Gen:  0)
   521232     93624   7838256  0.002  0.000   44.348    6.861    0    0  (Gen:  0)
   521064     74328   7874208  0.003  0.000   44.351    6.861    0    0  (Gen:  0)
   521064     85344   7904472  0.002  0.000   44.355    6.862    0    0  (Gen:  0)
   521200    115216   7963160  0.002  0.000   44.359    6.862    0    0  (Gen:  0)
   520912     90424   7997608  0.003  0.000   44.363    6.863    0    0  (Gen:  0)
   520904    107928   8042136  0.002  0.000   44.366    6.863    0    0  (Gen:  0)
   520520     83464   8094888  0.002  0.000   44.370    6.864    0    0  (Gen:  0)
   520664     81288   8172016  0.002  0.000   44.374    6.865    0    0  (Gen:  0)
   520712    115808   8233232  0.002  0.000   44.377    6.865    0    0  (Gen:  0)
   521192     98368   8283392  0.002  0.000   44.381    6.866    0    0  (Gen:  0)
   521120    108744   8323024  0.003  0.000   44.385    6.866    0    0  (Gen:  0)
   520864    134136   8389768  0.002  0.000   44.388    6.867    0    0  (Gen:  0)
   520944    104448   8437440  0.003  0.000   44.392    6.868    0    0  (Gen:  0)
   520680    113928   8479520  0.003  0.000   44.397    6.868    0    0  (Gen:  0)
   521296    141632   8550048  0.002  0.000   44.400    6.869    0    0  (Gen:  0)
   520904    116016   8598224  0.003  0.000   44.404    6.870    0    0  (Gen:  0)
   520792    129160   8654480  0.002  0.000   44.408    6.870    0    0  (Gen:  0)
   520608    109072   8718088  0.002  0.000   44.412    6.871    0    0  (Gen:  0)
   521256     91128   8804832  0.002  0.000   44.415    6.871    0    0  (Gen:  0)
   520664    131040   8872440  0.002  0.000   44.419    6.872    0    0  (Gen:  0)
   520736    108192   8931136  0.003  0.000   44.423    6.873    0    0  (Gen:  0)
   520784    150456   9006760  0.002  0.000   44.427    6.873    0    0  (Gen:  0)
   520776    143040   9075488  0.002  0.000   44.430    6.874    0    0  (Gen:  0)
   521056    114824   9129808  0.003  0.000   44.434    6.874    0    0  (Gen:  0)
   521160    130424   9183152  0.003  0.000   44.439    6.875    0    0  (Gen:  0)
   521040    153192   9260040  0.003  0.000   44.442    6.876    0    0  (Gen:  0)
   519888    127464   9315720  0.003  0.000   44.446    6.876    0    0  (Gen:  0)
   520784    131280   9368112  0.003  0.000   44.451    6.877    0    0  (Gen:  0)
   521056    161216   9449488  0.002  0.000   44.455    6.878    0    0  (Gen:  0)
   520736    131608   9504112  0.003  0.000   44.460    6.878    0    0  (Gen:  0)
   521048    172448   9595928  0.003  0.000   44.463    6.879    0    0  (Gen:  0)
   520784    149224   9671072  0.003  0.000   44.467    6.880    0    0  (Gen:  0)
   520920    178400   9766744  0.002  0.000   44.471    6.880    0    0  (Gen:  0)
   521024    142184   9842600  0.003  0.000   44.475    6.881    0    0  (Gen:  0)
   520952    110712   9909816  0.003  0.000   44.479    6.882    0    0  (Gen:  0)
   521024    166696   9994424  0.003  0.000   44.483    6.882    0    0  (Gen:  0)
   520880    146416  10068560  0.002  0.000   44.486    6.883    0    0  (Gen:  0)
   521160    121176  10133560  0.003  0.000   44.490    6.884    0    0  (Gen:  0)
   520728    140520  10189728  0.004  0.000   44.494    6.884    0    0  (Gen:  0)
   549656    175544  10281704  0.003  0.000   44.498    6.885    0    0  (Gen:  0)
   520512    132248  10347576  0.004  0.000   44.502    6.886    0    0  (Gen:  0)
   520224    184448  10447640  0.002  0.000   44.506    6.886    0    0  (Gen:  0)
   520248    155056  10530144  0.003  0.000   44.510    6.887    0    0  (Gen:  0)
   520960    137328  10592144  0.003  0.000   44.515    6.888    0    0  (Gen:  0)
   521072    140336  10650064  0.004  0.000   44.520    6.888    0    0  (Gen:  0)
   520336    165152  10733104  0.003  0.000   44.524    6.889    0    0  (Gen:  0)
   520824    142216  10792832  0.004  0.000   44.529    6.890    0    0  (Gen:  0)
   520696    146440  10855640  0.004  0.000   44.533    6.890    0    0  (Gen:  0)
   520744     86696  10936208  0.003  0.000   44.537    6.891    0    0  (Gen:  0)
   520552    181832  11032440  0.002  0.000   44.541    6.892    0    0  (Gen:  0)
   520920    151592  11105632  0.003  0.000   44.545    6.893    0    0  (Gen:  0)
   520496    151856  11182968  0.003  0.000   44.550    6.893    0    0  (Gen:  0)
   520888    102512  11281368  0.002  0.000   44.554    6.894    0    0  (Gen:  0)
   520792    148624  11360640  0.002  0.000   44.557    6.894    0    0  (Gen:  0)
   520952    129456  11430480  0.003  0.000   44.561    6.895    0    0  (Gen:  0)
   520984    168616  11513368  0.003  0.000   44.565    6.896    0    0  (Gen:  0)
   521096    159440  11595424  0.003  0.000   44.569    6.896    0    0  (Gen:  0)
   521112    124728  11663464  0.003  0.000   44.573    6.897    0    0  (Gen:  0)
   520448    148696  11723944  0.004  0.000   44.578    6.898    0    0  (Gen:  0)
   521096    182672  11821728  0.003  0.000   44.582    6.899    0    0  (Gen:  0)
   520808    147536  11889016  0.004  0.000   44.586    6.899    0    0  (Gen:  0)
   520848    150528  11950352  0.004  0.000   44.591    6.900    0    0  (Gen:  0)
   524992    188664  12053872  0.003  0.000   44.595    6.901    0    0  (Gen:  0)
   520768    141408  12119048  0.003  0.000   44.600    6.901    0    0  (Gen:  0)
   520872    191088  12221072  0.003  0.000   44.604    6.902    0    0  (Gen:  0)
   520544    169008  12309512  0.003  0.000   44.608    6.903    0    0  (Gen:  0)
   521088    147600  12377472  0.004  0.000   44.613    6.904    0    0  (Gen:  0)
   520872    153648  12441512  0.004  0.000   44.618    6.904    0    0  (Gen:  0)
   520672    181656  12532488  0.003  0.000   44.623    6.905    0    0  (Gen:  0)
   521216    152616  12598272  0.004  0.000   44.628    6.906    0    0  (Gen:  0)
   521112   5341904   6323480  0.014  0.001   44.643    6.908    0    0  (Gen:  1)
   520728    157552   6388136  0.004  0.000   44.649    6.909    0    0  (Gen:  0)
   520912    190536   6484608  0.003  0.000   44.653    6.909    0    0  (Gen:  0)
   552456    141848   6561232  0.003  0.000   44.658    6.910    0    0  (Gen:  0)
   586384     31944   6580648  0.002  0.000   44.660    6.910    0    0  (Gen:  0)
   537224     66152   6622424  0.002  0.000   44.663    6.911    0    0  (Gen:  0)
   537528     70376   6659632  0.002  0.000   44.665    6.911    0    0  (Gen:  0)
   520528     63104   6686512  0.002  0.000   44.668    6.912    0    0  (Gen:  0)
   520680     71248   6711208  0.002  0.000   44.671    6.912    0    0  (Gen:  0)
   537680     99416   6763296  0.002  0.000   44.674    6.913    0    0  (Gen:  0)
   521032     80032   6794464  0.003  0.000   44.678    6.913    0    0  (Gen:  0)
   521016     96048   6835856  0.002  0.000   44.681    6.914    0    0  (Gen:  0)
   520936     87776   6885464  0.002  0.000   44.684    6.914    0    0  (Gen:  0)
   520688     74968   6956432  0.002  0.000   44.687    6.915    0    0  (Gen:  0)
   537048    109520   7011600  0.002  0.000   44.690    6.915    0    0  (Gen:  0)
   521112     90328   7055712  0.003  0.000   44.694    6.916    0    0  (Gen:  0)
   520904    146872   7141280  0.003  0.000   44.697    6.917    0    0  (Gen:  0)
   521184    110592   7208488  0.002  0.000   44.701    6.917    0    0  (Gen:  0)
   521048    105240   7255224  0.003  0.000   44.705    6.918    0    0  (Gen:  0)
   521040    108776   7295792  0.003  0.000   44.709    6.918    0    0  (Gen:  0)
   520832    139464   7366240  0.003  0.000   44.712    6.919    0    0  (Gen:  0)
   520928    112376   7410168  0.003  0.000   44.716    6.919    0    0  (Gen:  0)
   521296    124128   7463056  0.002  0.000   44.720    6.920    0    0  (Gen:  0)
   520640     97240   7525016  0.003  0.000   44.724    6.921    0    0  (Gen:  0)
   520728    143000   7594624  0.002  0.000   44.728    6.921    0    0  (Gen:  0)
   537584    129256   7660992  0.002  0.000   44.732    6.922    0    0  (Gen:  0)
   520440    105304   7716464  0.003  0.000   44.736    6.923    0    0  (Gen:  0)
   520896    145024   7789480  0.003  0.000   44.740    6.923    0    0  (Gen:  0)
   520744    142744   7859608  0.003  0.000   44.745    6.924    0    0  (Gen:  0)
   521088    115752   7914336  0.003  0.000   44.749    6.925    0    0  (Gen:  0)
   520616    123088   7961856  0.003  0.000   44.754    6.925    0    0  (Gen:  0)
   520936    157584   8045200  0.003  0.000   44.757    6.926    0    0  (Gen:  0)
   520784    118952   8097816  0.003  0.000   44.761    6.926    0    0  (Gen:  0)
   521184     92168   8185840  0.002  0.000   44.764    6.927    0    0  (Gen:  0)
   520992    138856   8264584  0.003  0.000   44.768    6.928    0    0  (Gen:  0)
   521064    130872   8318816  0.003  0.000   44.773    6.928    0    0  (Gen:  0)
   521432    159792   8400224  0.003  0.000   44.777    6.929    0    0  (Gen:  0)
   521184    115112   8469112  0.003  0.000   44.781    6.930    0    0  (Gen:  0)
   520608    168528   8558552  0.003  0.000   44.786    6.930    0    0  (Gen:  0)
   520784    142288   8630008  0.003  0.000   44.790    6.931    0    0  (Gen:  0)
   519920    111136   8698768  0.003  0.000   44.795    6.932    0    0  (Gen:  0)
   521832    160232   8777072  0.003  0.000   44.799    6.932    0    0  (Gen:  0)
   520792    154096   8855416  0.003  0.000   44.802    6.933    0    0  (Gen:  0)
   520800    125208   8921440  0.003  0.000   44.806    6.934    0    0  (Gen:  0)
   520960    184512   9023840  0.004  0.000   44.810    6.934    0    0  (Gen:  0)
   520248    145800   9114104  0.003  0.000   44.814    6.935    0    0  (Gen:  0)
   521168    134304   9175264  0.003  0.000   44.819    6.936    0    0  (Gen:  0)
   521192    141216   9232184  0.004  0.000   44.824    6.936    0    0  (Gen:  0)
   538048    177184   9324952  0.003  0.000   44.829    6.937    0    0  (Gen:  0)
   521360    131112   9386024  0.003  0.000   44.834    6.938    0    0  (Gen:  0)
   521136    175592   9478616  0.003  0.000   44.838    6.938    0    0  (Gen:  0)
   520016    145792   9560472  0.002  0.000   44.842    6.939    0    0  (Gen:  0)
   520912    135472   9620056  0.004  0.000   44.846    6.940    0    0  (Gen:  0)
   520792    164664   9700936  0.004  0.000   44.851    6.940    0    0  (Gen:  0)
   521120     89280   9778480  0.003  0.000   44.855    6.941    0    0  (Gen:  0)
   520328    100504   9874984  0.002  0.000   44.858    6.942    0    0  (Gen:  0)
   520192    140376   9950056  0.003  0.000   44.862    6.942    0    0  (Gen:  0)
   520728    111328  10024512  0.003  0.000   44.866    6.943    0    0  (Gen:  0)
   521208    168904  10106864  0.003  0.000   44.871    6.944    0    0  (Gen:  0)
   521080    150536  10183272  0.003  0.000   44.876    6.944    0    0  (Gen:  0)
   520256    116896  10254800  0.003  0.000   44.880    6.945    0    0  (Gen:  0)
   520912    178920  10347016  0.003  0.000   44.885    6.946    0    0  (Gen:  0)
   521176    162840  10427432  0.003  0.000   44.889    6.946    0    0  (Gen:  0)
   520960    133392  10496184  0.003  0.000   44.893    6.947    0    0  (Gen:  0)
   521032    147848  10557304  0.004  0.000   44.898    6.948    0    0  (Gen:  0)
   520616    180664  10653736  0.003  0.000   44.902    6.949    0    0  (Gen:  0)
   520576    132496  10720632  0.003  0.000   44.906    6.949    0    0  (Gen:  0)
   521216    148872  10780152  0.004  0.000   44.910    6.950    0    0  (Gen:  0)
   520952    170312  10862568  0.003  0.000   44.915    6.951    0    0  (Gen:  0)
   521000    142720  10928904  0.003  0.000   44.920    6.951    0    0  (Gen:  0)
   520464    148800  10988664  0.004  0.000   44.925    6.952    0    0  (Gen:  0)
   520864    178760  11082016  0.003  0.000   44.930    6.953    0    0  (Gen:  0)
   520936    142000  11146072  0.004  0.000   44.935    6.954    0    0  (Gen:  0)
   521344    103320  11245280  0.003  0.000   44.938    6.954    0    0  (Gen:  0)
   521032    159064  11333656  0.003  0.000   44.942    6.955    0    0  (Gen:  0)
   520808    149240  11398248  0.004  0.000   44.947    6.956    0    0  (Gen:  0)
   520632    157736  11467920  0.004  0.000   44.952    6.956    0    0  (Gen:  0)
   520568     90832  11551200  0.003  0.000   44.955    6.957    0    0  (Gen:  0)
   520640    190480  11653312  0.003  0.000   44.959    6.958    0    0  (Gen:  0)
   520920    164896  11745720  0.004  0.000   44.964    6.958    0    0  (Gen:  0)
   520952    114176  11828472  0.003  0.000   44.968    6.959    0    0  (Gen:  0)
   521288    181328  11916104  0.003  0.000   44.972    6.960    0    0  (Gen:  0)
   520752    139280  11984224  0.003  0.000   44.977    6.960    0    0  (Gen:  0)
   521216     33256  12003744  0.002  0.000   44.980    6.961    0    0  (Gen:  0)
   520072     60784  12038552  0.002  0.000   44.983    6.961    0    0  (Gen:  0)
   520344     72016  12075488  0.002  0.000   44.985    6.962    0    0  (Gen:  0)
   520264     62888  12103088  0.002  0.000   44.988    6.962    0    0  (Gen:  0)
   520944     74400  12129344  0.002  0.000   44.991    6.963    0    0  (Gen:  0)
   521688     62992  12177728  0.002  0.000   44.994    6.963    0    0  (Gen:  0)
   520856     70056  12243704  0.002  0.000   44.997    6.964    0    0  (Gen:  0)
   520496     97032  12294432  0.002  0.000   45.000    6.964    0    0  (Gen:  0)
   520656     87128  12339752  0.002  0.000   45.004    6.965    0    0  (Gen:  0)
   520624    120344  12400432  0.002  0.000   45.007    6.965    0    0  (Gen:  0)
   520728   4202568   5184256  0.011  0.001   45.020    6.967    0    0  (Gen:  1)
   521040     99760   5220536  0.002  0.000   45.024    6.967    0    0  (Gen:  0)
   520952    142208   5300504  0.002  0.000   45.027    6.968    0    0  (Gen:  0)
   520792    130920   5367232  0.002  0.000   45.030    6.968    0    0  (Gen:  0)
   521256    108864   5410912  0.002  0.000   45.033    6.969    0    0  (Gen:  0)
   521048    117752   5460144  0.003  0.000   45.037    6.970    0    0  (Gen:  0)
   521032     84856   5519960  0.002  0.000   45.040    6.970    0    0  (Gen:  0)
   520968    148608   5600808  0.003  0.000   45.043    6.971    0    0  (Gen:  0)
   521200    124768   5663456  0.002  0.000   45.046    6.971    0    0  (Gen:  0)
   520336    107264   5721024  0.002  0.000   45.049    6.972    0    0  (Gen:  0)
   521296    144232   5792432  0.002  0.000   45.053    6.972    0    0  (Gen:  0)
   660584    136288   5857192  0.002  0.000   45.057    6.973    0    0  (Gen:  0)
   520744    115080   5912184  0.002  0.000   45.060    6.973    0    0  (Gen:  0)
   521296    165288   6004904  0.003  0.000   45.065    6.974    0    0  (Gen:  0)
   520656    127520   6078304  0.002  0.000   45.067    6.975    0    0  (Gen:  0)
   520984    123616   6132688  0.003  0.000   45.071    6.975    0    0  (Gen:  0)
   520896    122672   6180960  0.003  0.000   45.075    6.976    0    0  (Gen:  0)
   520520    154128   6260408  0.003  0.000   45.079    6.977    0    0  (Gen:  0)
   520816    124592   6314880  0.003  0.000   45.083    6.977    0    0  (Gen:  0)
   520680    133912   6369744  0.003  0.000   45.087    6.978    0    0  (Gen:  0)
   520400     94800   6441448  0.003  0.000   45.090    6.978    0    0  (Gen:  0)
   521200    155504   6517376  0.003  0.000   45.094    6.979    0    0  (Gen:  0)
   525296    134336   6587496  0.003  0.000   45.098    6.980    0    0  (Gen:  0)
   521136    102680   6653432  0.003  0.000   45.103    6.980    0    0  (Gen:  0)
   520336    164808   6740328  0.003  0.000   45.107    6.981    0    0  (Gen:  0)
   520824    144128   6813824  0.003  0.000   45.111    6.982    0    0  (Gen:  0)
   519896    112648   6879456  0.003  0.000   45.116    6.982    0    0  (Gen:  0)
   521728    161472   6960064  0.003  0.000   45.120    6.983    0    0  (Gen:  0)
   525352    157736   7038912  0.003  0.000   45.124    6.984    0    0  (Gen:  0)
   520896    126792   7103344  0.004  0.000   45.128    6.984    0    0  (Gen:  0)
   520896    139976   7159848  0.004  0.000   45.133    6.985    0    0  (Gen:  0)
   525064    169240   7247208  0.003  0.000   45.137    6.986    0    0  (Gen:  0)
   525024    130264   7306384  0.003  0.000   45.142    6.986    0    0  (Gen:  0)
   533424    140872   7364152  0.003  0.000   45.147    6.987    0    0  (Gen:  0)
   549736    167192   7447296  0.003  0.000   45.151    6.988    0    0  (Gen:  0)
   520744    136632   7508176  0.003  0.000   45.156    6.989    0    0  (Gen:  0)
   521056    175008   7600824  0.003  0.000   45.161    6.989    0    0  (Gen:  0)
   520712    153360   7680784  0.003  0.000   45.165    6.990    0    0  (Gen:  0)
   521168    140256   7739944  0.004  0.000   45.170    6.991    0    0  (Gen:  0)
   521008    168464   7824392  0.003  0.000   45.174    6.991    0    0  (Gen:  0)
   521312    128680   7898736  0.003  0.000   45.177    6.992    0    0  (Gen:  0)
   520120    181368   7995032  0.003  0.000   45.181    6.993    0    0  (Gen:  0)
   520584    149480   8071880  0.003  0.000   45.185    6.993    0    0  (Gen:  0)
   520800    118656   8144320  0.003  0.000   45.189    6.994    0    0  (Gen:  0)
   521088    168568   8226080  0.003  0.000   45.193    6.995    0    0  (Gen:  0)
   521152    154808   8305664  0.003  0.000   45.196    6.995    0    0  (Gen:  0)
   520720    125840   8373976  0.003  0.000   45.201    6.996    0    0  (Gen:  0)
   520808    173648   8461912  0.003  0.000   45.206    6.997    0    0  (Gen:  0)
   521296    165192   8541824  0.003  0.000   45.210    6.997    0    0  (Gen:  0)
   520472    135928   8614432  0.003  0.000   45.214    6.998    0    0  (Gen:  0)
   521088    151112   8690024  0.003  0.000   45.218    6.999    0    0  (Gen:  0)
   521240    170208   8773848  0.003  0.000   45.222    6.999    0    0  (Gen:  0)
   521144    136584   8838096  0.003  0.000   45.226    7.000    0    0  (Gen:  0)
   520472    147672   8897264  0.004  0.000   45.231    7.001    0    0  (Gen:  0)
   521176    179536   8989280  0.003  0.000   45.235    7.001    0    0  (Gen:  0)
   520680    144520   9053640  0.004  0.000   45.240    7.002    0    0  (Gen:  0)
   520792    148472   9114064  0.004  0.000   45.245    7.003    0    0  (Gen:  0)
   521288    174968   9203608  0.003  0.000   45.249    7.004    0    0  (Gen:  0)
   520976    145752   9267672  0.004  0.000   45.255    7.004    0    0  (Gen:  0)
   520536    188928   9367712  0.004  0.000   45.261    7.005    0    0  (Gen:  0)
   521176     91152   9450608  0.003  0.000   45.265    7.006    0    0  (Gen:  0)
   520744    170856   9533320  0.003  0.000   45.269    7.006    0    0  (Gen:  0)
   520704    148048   9612672  0.003  0.000   45.273    7.007    0    0  (Gen:  0)
   520712    112960   9692344  0.003  0.000   45.277    7.008    0    0  (Gen:  0)
   520760    192176   9794976  0.003  0.000   45.281    7.008    0    0  (Gen:  0)
   521000    171728   9890400  0.003  0.000   45.285    7.009    0    0  (Gen:  0)
   520464    129424   9970376  0.003  0.000   45.290    7.010    0    0  (Gen:  0)
   520824    182064  10058472  0.003  0.000   45.295    7.011    0    0  (Gen:  0)
   520376    157136  10135128  0.004  0.000   45.300    7.011    0    0  (Gen:  0)
   521112   4019544   5001096  0.009  0.001   45.310    7.013    0    0  (Gen:  1)
   520864     58104   5029968  0.002  0.000   45.313    7.013    0    0  (Gen:  0)
   520352     68968   5072608  0.002  0.000   45.316    7.014    0    0  (Gen:  0)
   521040     62760   5098136  0.003  0.000   45.319    7.014    0    0  (Gen:  0)
   520776    100864   5150048  0.003  0.000   45.323    7.015    0    0  (Gen:  0)
   520904     70512   5194936  0.002  0.000   45.326    7.015    0    0  (Gen:  0)
   520800     72520   5263288  0.002  0.000   45.329    7.016    0    0  (Gen:  0)
   521104     97640   5314192  0.002  0.000   45.332    7.016    0    0  (Gen:  0)
   520912     83616   5359448  0.002  0.000   45.336    7.017    0    0  (Gen:  0)
   520920     95920   5394104  0.003  0.000   45.340    7.017    0    0  (Gen:  0)
   521216    136096   5470520  0.002  0.000   45.344    7.018    0    0  (Gen:  0)
   521168     93296   5510160  0.003  0.000   45.349    7.019    0    0  (Gen:  0)
   521056    137272   5585552  0.003  0.000   45.352    7.019    0    0  (Gen:  0)
   520736    129200   5652888  0.002  0.000   45.356    7.020    0    0  (Gen:  0)
   521192    107184   5695128  0.003  0.000   45.360    7.020    0    0  (Gen:  0)
   520640    122240   5748640  0.003  0.000   45.363    7.021    0    0  (Gen:  0)
   520960     93592   5804744  0.003  0.000   45.367    7.021    0    0  (Gen:  0)
   520624    144384   5881232  0.003  0.000   45.370    7.022    0    0  (Gen:  0)
   520800    130616   5946976  0.003  0.000   45.373    7.023    0    0  (Gen:  0)
   520992     99712   6001840  0.003  0.000   45.377    7.023    0    0  (Gen:  0)
   521112    118120   6046432  0.003  0.000   45.382    7.024    0    0  (Gen:  0)
   520936    151344   6125080  0.003  0.000   45.386    7.025    0    0  (Gen:  0)
   521288    116144   6176576  0.003  0.000   45.391    7.025    0    0  (Gen:  0)
   520936    160848   6263552  0.003  0.000   45.395    7.026    0    0  (Gen:  0)
   520616    139184   6338056  0.002  0.000   45.399    7.027    0    0  (Gen:  0)
   521520    117312   6387320  0.003  0.000   45.403    7.027    0    0  (Gen:  0)
   521288    126872   6439592  0.002  0.000   45.407    7.028    0    0  (Gen:  0)
   520336    112192   6506448  0.003  0.000   45.410    7.028    0    0  (Gen:  0)
   521320    160416   6594272  0.003  0.000   45.414    7.029    0    0  (Gen:  0)
   520864    124512   6659640  0.003  0.000   45.417    7.030    0    0  (Gen:  0)
   521136    106928   6726464  0.003  0.000   45.421    7.030    0    0  (Gen:  0)
   521136     90640   6813064  0.002  0.000   45.425    7.031    0    0  (Gen:  0)
   521304    143704   6887328  0.002  0.000   45.429    7.031    0    0  (Gen:  0)
   521080    113600   6946264  0.003  0.000   45.433    7.032    0    0  (Gen:  0)
   520320    153344   7022472  0.003  0.000   45.437    7.033    0    0  (Gen:  0)
   520776    169936   7115560  0.003  0.000   45.442    7.033    0    0  (Gen:  0)
   520392    129944   7179472  0.003  0.000   45.447    7.034    0    0  (Gen:  0)
   521656    137616   7234032  0.004  0.000   45.451    7.035    0    0  (Gen:  0)
   520752    171296   7322512  0.003  0.000   45.455    7.036    0    0  (Gen:  0)
   520848    130840   7383608  0.004  0.000   45.460    7.036    0    0  (Gen:  0)
   520824    139040   7438456  0.004  0.000   45.465    7.037    0    0  (Gen:  0)
   520624    162848   7519520  0.003  0.000   45.469    7.038    0    0  (Gen:  0)
   521160    134936   7576040  0.003  0.000   45.475    7.038    0    0  (Gen:  0)
   574928    146096   7685160  0.004  0.000   45.480    7.039    0    0  (Gen:  0)
   615896     78616   7716288  0.002  0.000   45.484    7.040    0    0  (Gen:  0)
   520440    137056   7775576  0.003  0.000   45.490    7.041    0    0  (Gen:  0)
   521320    175272   7869336  0.003  0.000   45.494    7.041    0    0  (Gen:  0)
   521128    152808   7942096  0.003  0.000   45.497    7.042    0    0  (Gen:  0)
   521208    174144   8034360  0.003  0.000   45.501    7.043    0    0  (Gen:  0)
   521032    148016   8107992  0.003  0.000   45.505    7.043    0    0  (Gen:  0)
   521288    109984   8179568  0.003  0.000   45.509    7.044    0    0  (Gen:  0)
   520208    177832   8272256  0.003  0.000   45.513    7.044    0    0  (Gen:  0)
   520312    153624   8350552  0.003  0.000   45.516    7.045    0    0  (Gen:  0)
   520912    128128   8421472  0.003  0.000   45.521    7.046    0    0  (Gen:  0)
   521128    168560   8504184  0.003  0.000   45.525    7.046    0    0  (Gen:  0)
   521224    161456   8584248  0.002  0.000   45.529    7.047    0    0  (Gen:  0)
   520576    129040   8651720  0.003  0.000   45.534    7.048    0    0  (Gen:  0)
   520832    192064   8758984  0.003  0.000   45.538    7.048    0    0  (Gen:  0)
   521312    161456   8845896  0.003  0.000   45.542    7.049    0    0  (Gen:  0)
   520576    136344   8912400  0.004  0.000   45.546    7.050    0    0  (Gen:  0)
   521144    147760   8972504  0.004  0.000   45.551    7.051    0    0  (Gen:  0)
   521008    180416   9066872  0.003  0.000   45.555    7.051    0    0  (Gen:  0)
   521352    139536   9129616  0.004  0.000   45.559    7.052    0    0  (Gen:  0)
   520376    147768   9188104  0.004  0.000   45.564    7.053    0    0  (Gen:  0)
   521016    172216   9273864  0.003  0.000   45.569    7.053    0    0  (Gen:  0)
   520816    148648   9338048  0.003  0.000   45.574    7.054    0    0  (Gen:  0)
   520824    151048   9400664  0.002  0.000   45.578    7.055    0    0  (Gen:  0)
   566216    136256   9485808  0.003  0.000   45.582    7.055    0    0  (Gen:  0)
   520000    148848   9547032  0.004  0.000   45.588    7.056    0    0  (Gen:  0)
   520920    182768   9639256  0.003  0.000   45.592    7.057    0    0  (Gen:  0)
   520688    124352   9717712  0.003  0.000   45.596    7.058    0    0  (Gen:  0)
   520784    186904   9817576  0.003  0.000   45.600    7.058    0    0  (Gen:  0)
   521072    158832   9899808  0.003  0.000   45.604    7.059    0    0  (Gen:  0)
   521112   5312832   6298464  0.017  0.001   45.640    7.062    0    0  (Gen:  1)
   520808    188968   6398736  0.002  0.000   45.644    7.063    0    0  (Gen:  0)
   520696    155320   6477832  0.003  0.000   45.647    7.064    0    0  (Gen:  0)
   520832    128672   6556880  0.003  0.000   45.651    7.064    0    0  (Gen:  0)
   520632    182128   6644304  0.002  0.000   45.654    7.065    0    0  (Gen:  0)
   520864    142968   6705160  0.003  0.000   45.658    7.066    0    0  (Gen:  0)
   520760     37184   6724296  0.001  0.000   45.661    7.066    0    0  (Gen:  0)
   520752     75816   6771864  0.001  0.000   45.663    7.066    0    0  (Gen:  0)
   520704     74768   6814304  0.001  0.000   45.665    7.067    0    0  (Gen:  0)
   520304     65440   6839776  0.002  0.000   45.667    7.067    0    0  (Gen:  0)
   521248     85648   6875704  0.002  0.000   45.670    7.068    0    0  (Gen:  0)
   521536     71920   6917304  0.002  0.000   45.672    7.068    0    0  (Gen:  0)
   520680    118472   6981872  0.002  0.000   45.675    7.068    0    0  (Gen:  0)
   520408    105976   7033656  0.002  0.000   45.677    7.069    0    0  (Gen:  0)
   520800     87392   7077272  0.002  0.000   45.680    7.069    0    0  (Gen:  0)
   520536     96456   7112304  0.003  0.000   45.684    7.070    0    0  (Gen:  0)
   520728    130256   7182536  0.002  0.000   45.686    7.070    0    0  (Gen:  0)
   521192     97624   7221224  0.003  0.000   45.690    7.071    0    0  (Gen:  0)
   520896    146256   7304552  0.002  0.000   45.693    7.072    0    0  (Gen:  0)
   520944    115552   7363840  0.002  0.000   45.696    7.072    0    0  (Gen:  0)
   521192    126928   7424328  0.002  0.000   45.699    7.073    0    0  (Gen:  0)
   520928    133624   7500192  0.003  0.000   45.702    7.073    0    0  (Gen:  0)
   521200     96440   7554824  0.003  0.000   45.706    7.074    0    0  (Gen:  0)
   520952    142472   7629376  0.002  0.000   45.709    7.074    0    0  (Gen:  0)
   521168    130472   7693416  0.002  0.000   45.713    7.075    0    0  (Gen:  0)
   520432    106136   7748656  0.003  0.000   45.717    7.076    0    0  (Gen:  0)
   521168    117640   7792032  0.003  0.000   45.722    7.076    0    0  (Gen:  0)
   701552    148864   7868648  0.002  0.000   45.726    7.077    0    0  (Gen:  0)
   521064    109752   7919952  0.003  0.000   45.730    7.078    0    0  (Gen:  0)
   520936    158752   8004760  0.002  0.000   45.733    7.078    0    0  (Gen:  0)
   520800    139864   8078528  0.002  0.000   45.737    7.079    0    0  (Gen:  0)
   521120    117728   8127736  0.003  0.000   45.741    7.079    0    0  (Gen:  0)
   520952    125456   8179944  0.003  0.000   45.745    7.080    0    0  (Gen:  0)
   520576     77424   8248224  0.002  0.000   45.750    7.081    0    0  (Gen:  0)
   521128     94088   8338160  0.002  0.000   45.753    7.081    0    0  (Gen:  0)
   521056    119408   8403256  0.002  0.000   45.757    7.082    0    0  (Gen:  0)
   520728    109736   8470960  0.002  0.000   45.761    7.083    0    0  (Gen:  0)
   520768    164992   8557136  0.003  0.000   45.765    7.083    0    0  (Gen:  0)
   520744    144192   8630960  0.003  0.000   45.768    7.084    0    0  (Gen:  0)
   520640    123776   8690504  0.003  0.000   45.772    7.084    0    0  (Gen:  0)
   520416    155296   8768936  0.002  0.000   45.777    7.085    0    0  (Gen:  0)
   521016    153448   8845344  0.002  0.000   45.780    7.086    0    0  (Gen:  0)
   520096    130416   8909144  0.003  0.000   45.785    7.086    0    0  (Gen:  0)
   520288    137896   8963816  0.004  0.000   45.789    7.087    0    0  (Gen:  0)
   521296    169848   9051176  0.003  0.000   45.793    7.088    0    0  (Gen:  0)
   520600    131744   9112792  0.003  0.000   45.797    7.088    0    0  (Gen:  0)
   520944    139352   9166968  0.003  0.000   45.802    7.089    0    0  (Gen:  0)
   520544    168872   9255168  0.003  0.000   45.806    7.090    0    0  (Gen:  0)
   520904    134616   9310728  0.003  0.000   45.811    7.090    0    0  (Gen:  0)
   537056    144144   9373304  0.004  0.000   45.816    7.091    0    0  (Gen:  0)
   520800     83384   9451656  0.003  0.000   45.820    7.092    0    0  (Gen:  0)
   520928    174928   9547224  0.003  0.000   45.825    7.093    0    0  (Gen:  0)
   520352    145384   9633728  0.003  0.000   45.828    7.093    0    0  (Gen:  0)
   521016    112384   9704288  0.003  0.000   45.832    7.094    0    0  (Gen:  0)
   520864    162736   9784640  0.003  0.000   45.835    7.094    0    0  (Gen:  0)
   520240    144704   9859152  0.002  0.000   45.839    7.095    0    0  (Gen:  0)
   520848    124168   9929912  0.003  0.000   45.842    7.096    0    0  (Gen:  0)
   521152    176448  10020768  0.002  0.000   45.846    7.096    0    0  (Gen:  0)
   521360    161680  10099576  0.002  0.000   45.850    7.097    0    0  (Gen:  0)
   520344    130712  10170456  0.003  0.000   45.855    7.098    0    0  (Gen:  0)
   521040    168080  10250136  0.003  0.000   45.859    7.098    0    0  (Gen:  0)
   521096    165104  10330624  0.002  0.000   45.862    7.099    0    0  (Gen:  0)
   520712    129152  10395008  0.003  0.000   45.867    7.100    0    0  (Gen:  0)
   521216    184656  10495336  0.003  0.000   45.872    7.100    0    0  (Gen:  0)
   520440    144256  10581640  0.002  0.000   45.875    7.101    0    0  (Gen:  0)
   521176    137056  10647440  0.004  0.000   45.879    7.102    0    0  (Gen:  0)
   520504    149752  10707872  0.004  0.000   45.884    7.102    0    0  (Gen:  0)
   521096    172360  10794688  0.003  0.000   45.887    7.103    0    0  (Gen:  0)
   520720    141816  10856824  0.004  0.000   45.892    7.104    0    0  (Gen:  0)
   521624    148296  10914448  0.004  0.000   45.897    7.105    0    0  (Gen:  0)
   520472    173784  11001376  0.002  0.000   45.901    7.105    0    0  (Gen:  0)
   520944    150136  11065800  0.004  0.000   45.907    7.106    0    0  (Gen:  0)
   521168    155736  11132784  0.003  0.000   45.912    7.107    0    0  (Gen:  0)
   520456    100264  11213776  0.003  0.000   45.916    7.107    0    0  (Gen:  0)
   519944    185960  11311816  0.003  0.000   45.920    7.108    0    0  (Gen:  0)
   521080    161992  11390536  0.003  0.000   45.923    7.109    0    0  (Gen:  0)
   520488    148160  11468136  0.003  0.000   45.927    7.109    0    0  (Gen:  0)
   521056    187152  11567608  0.003  0.000   45.931    7.110    0    0  (Gen:  0)
   521016    161664  11650704  0.003  0.000   45.935    7.111    0    0  (Gen:  0)
   521072    121496  11724632  0.003  0.000   45.939    7.111    0    0  (Gen:  0)
   520592    184712  11820840  0.002  0.000   45.943    7.112    0    0  (Gen:  0)
   520904    163264  11902224  0.002  0.000   45.947    7.113    0    0  (Gen:  0)
   520688    135944  11978936  0.003  0.000   45.952    7.114    0    0  (Gen:  0)
   520568    183896  12068736  0.003  0.000   45.956    7.114    0    0  (Gen:  0)
   520864    140968  12121848  0.003  0.000   45.961    7.115    0    0  (Gen:  0)
   521352     38216  12142360  0.002  0.000   45.964    7.115    0    0  (Gen:  0)
   521264     78984  12192160  0.002  0.000   45.966    7.116    0    0  (Gen:  0)
   520616     76832  12233864  0.002  0.000   45.969    7.116    0    0  (Gen:  0)
   520336     65560  12258696  0.002  0.000   45.972    7.117    0    0  (Gen:  0)
   521464     89192  12298776  0.002  0.000   45.975    7.117    0    0  (Gen:  0)
   521432   4118448   5104040  0.013  0.001   45.988    7.119    0    0  (Gen:  1)
   520648    108192   5157080  0.002  0.000   45.992    7.119    0    0  (Gen:  0)
   520488    117688   5221648  0.002  0.000   45.996    7.120    0    0  (Gen:  0)
   520640     92720   5264096  0.002  0.000   46.000    7.121    0    0  (Gen:  0)
   520672     96480   5298896  0.003  0.000   46.004    7.121    0    0  (Gen:  0)
   520776    128552   5368352  0.002  0.000   46.008    7.122    0    0  (Gen:  0)
   521232     97968   5406176  0.003  0.000   46.012    7.122    0    0  (Gen:  0)
   520776    144104   5486792  0.003  0.000   46.016    7.123    0    0  (Gen:  0)
   520840     86280   5542568  0.003  0.000   46.019    7.124    0    0  (Gen:  0)
   521360    141104   5617336  0.003  0.000   46.023    7.124    0    0  (Gen:  0)
   520832    123488   5681240  0.002  0.000   46.026    7.125    0    0  (Gen:  0)
   521064     97960   5731008  0.002  0.000   46.030    7.125    0    0  (Gen:  0)
   520952    133760   5797064  0.002  0.000   46.034    7.126    0    0  (Gen:  0)
   521416    146232   5875224  0.002  0.000   46.038    7.126    0    0  (Gen:  0)
   520304    115224   5927896  0.003  0.000   46.042    7.127    0    0  (Gen:  0)
   521104    117496   5972136  0.003  0.000   46.047    7.128    0    0  (Gen:  0)
   520928    145320   6045232  0.003  0.000   46.051    7.128    0    0  (Gen:  0)
   521008    116504   6092744  0.003  0.000   46.056    7.129    0    0  (Gen:  0)
   521032     94144   6182696  0.003  0.000   46.060    7.130    0    0  (Gen:  0)
   520680     75792   6250936  0.003  0.000   46.063    7.130    0    0  (Gen:  0)
   521200    145072   6320728  0.003  0.000   46.066    7.131    0    0  (Gen:  0)
   520936    125656   6386288  0.003  0.000   46.070    7.131    0    0  (Gen:  0)
   520920     97960   6445800  0.003  0.000   46.073    7.132    0    0  (Gen:  0)
   520904    159744   6530800  0.003  0.000   46.078    7.133    0    0  (Gen:  0)
   521128    140520   6599904  0.002  0.000   46.082    7.133    0    0  (Gen:  0)
   520728    111256   6662752  0.003  0.000   46.086    7.134    0    0  (Gen:  0)
   520712    131216   6714088  0.004  0.000   46.092    7.135    0    0  (Gen:  0)
   520496    154880   6790880  0.002  0.000   46.096    7.135    0    0  (Gen:  0)
   520928    120128   6848784  0.003  0.000   46.101    7.136    0    0  (Gen:  0)
   520280    171864   6943120  0.003  0.000   46.105    7.137    0    0  (Gen:  0)
   520480    153184   7023880  0.003  0.000   46.108    7.137    0    0  (Gen:  0)
   520712    132080   7085552  0.004  0.000   46.113    7.138    0    0  (Gen:  0)
   520400    138608   7140712  0.004  0.000   46.117    7.139    0    0  (Gen:  0)
   521136    164704   7221336  0.003  0.000   46.121    7.139    0    0  (Gen:  0)
   520488    137608   7281432  0.003  0.000   46.125    7.140    0    0  (Gen:  0)
   520880    143096   7340680  0.003  0.000   46.130    7.141    0    0  (Gen:  0)
   520696     93328   7414928  0.003  0.000   46.134    7.141    0    0  (Gen:  0)
   520576    159592   7492568  0.003  0.000   46.138    7.142    0    0  (Gen:  0)
   562184    141232   7567168  0.002  0.000   46.142    7.143    0    0  (Gen:  0)
   521504    121416   7638656  0.003  0.000   46.146    7.143    0    0  (Gen:  0)
   520456    174504   7730816  0.003  0.000   46.151    7.144    0    0  (Gen:  0)
   520832    147048   7805216  0.003  0.000   46.155    7.145    0    0  (Gen:  0)
   520848    124384   7871264  0.003  0.000   46.159    7.145    0    0  (Gen:  0)
   520880    164008   7952728  0.003  0.000   46.162    7.146    0    0  (Gen:  0)
   520240    153192   8029448  0.003  0.000   46.166    7.146    0    0  (Gen:  0)
   520800    121376   8096632  0.003  0.000   46.170    7.147    0    0  (Gen:  0)
   521360    143776   8154168  0.004  0.000   46.175    7.148    0    0  (Gen:  0)
   521032    176936   8245840  0.003  0.000   46.179    7.148    0    0  (Gen:  0)
   520616    147600   8321920  0.003  0.000   46.182    7.149    0    0  (Gen:  0)
   520824    122328   8393424  0.003  0.000   46.186    7.150    0    0  (Gen:  0)
   520960    169424   8478536  0.003  0.000   46.190    7.150    0    0  (Gen:  0)
   521080    133992   8538864  0.003  0.000   46.195    7.151    0    0  (Gen:  0)
   520952    179928   8633384  0.003  0.000   46.199    7.152    0    0  (Gen:  0)
   520752    157768   8718944  0.003  0.000   46.203    7.152    0    0  (Gen:  0)
   520800    141904   8782632  0.004  0.000   46.207    7.153    0    0  (Gen:  0)
   520768    152464   8844856  0.004  0.000   46.212    7.154    0    0  (Gen:  0)
   521032     87456   8927280  0.003  0.000   46.215    7.154    0    0  (Gen:  0)
   520896    166416   9007232  0.003  0.000   46.220    7.155    0    0  (Gen:  0)
   521280    143624   9080752  0.003  0.000   46.224    7.156    0    0  (Gen:  0)
   520664    112400   9157408  0.003  0.000   46.229    7.157    0    0  (Gen:  0)
   520960    169648   9238792  0.002  0.000   46.233    7.157    0    0  (Gen:  0)
   525016    149552   9319288  0.003  0.000   46.237    7.158    0    0  (Gen:  0)
   520072    124848   9394176  0.003  0.000   46.241    7.159    0    0  (Gen:  0)
   520816    101392   9491416  0.003  0.000   46.245    7.159    0    0  (Gen:  0)
   520920    154952   9572240  0.003  0.000   46.249    7.160    0    0  (Gen:  0)
   520888    143952   9646416  0.004  0.000   46.253    7.161    0    0  (Gen:  0)
   521128    184520   9742352  0.003  0.000   46.257    7.161    0    0  (Gen:  0)
   520848    169216   9825320  0.003  0.000   46.262    7.162    0    0  (Gen:  0)
   521408    133512   9897176  0.003  0.000   46.267    7.163    0    0  (Gen:  0)
   520544    155568   9961056  0.004  0.000   46.272    7.164    0    0  (Gen:  0)
   520800    188848  10061960  0.003  0.000   46.277    7.164    0    0  (Gen:  0)
   520776   5370944   6356584  0.015  0.001   46.293    7.166    0    0  (Gen:  1)
   520256    156664   6419936  0.004  0.000   46.299    7.167    0    0  (Gen:  0)
   524800    149712   6477464  0.003  0.000   46.302    7.168    0    0  (Gen:  0)
   521384     43272   6497016  0.002  0.000   46.305    7.168    0    0  (Gen:  0)
   521144     85184   6551368  0.002  0.000   46.308    7.168    0    0  (Gen:  0)
   520704     72408   6584664  0.002  0.000   46.311    7.169    0    0  (Gen:  0)
   520224    100744   6643168  0.002  0.000   46.315    7.169    0    0  (Gen:  0)
   521736     94008   6688720  0.002  0.000   46.319    7.170    0    0  (Gen:  0)
   521168     80096   6725120  0.002  0.000   46.322    7.171    0    0  (Gen:  0)
   520552     85304   6755296  0.002  0.000   46.327    7.171    0    0  (Gen:  0)
   520536    112824   6812192  0.002  0.000   46.330    7.172    0    0  (Gen:  0)
   520800     90024   6850832  0.003  0.000   46.334    7.172    0    0  (Gen:  0)
   520528    101888   6889128  0.003  0.000   46.339    7.173    0    0  (Gen:  0)
   520584     65328   6945904  0.002  0.000   46.342    7.174    0    0  (Gen:  0)
   521392    132176   7014552  0.003  0.000   46.346    7.174    0    0  (Gen:  0)
   520968    118240   7072896  0.002  0.000   46.349    7.175    0    0  (Gen:  0)
   520736     99008   7123600  0.003  0.000   46.352    7.175    0    0  (Gen:  0)
   521208    136200   7193920  0.003  0.000   46.356    7.176    0    0  (Gen:  0)
   520912    128312   7259616  0.003  0.000   46.359    7.176    0    0  (Gen:  0)
   521136    102720   7308680  0.003  0.000   46.363    7.177    0    0  (Gen:  0)
   520984    113368   7350752  0.003  0.000   46.368    7.178    0    0  (Gen:  0)
   521152    146544   7426144  0.003  0.000   46.372    7.178    0    0  (Gen:  0)
   520504    113800   7477088  0.003  0.000   46.376    7.179    0    0  (Gen:  0)
   521064    117696   7521536  0.003  0.000   46.380    7.180    0    0  (Gen:  0)
   673224     91960   7593184  0.002  0.000   46.384    7.180    0    0  (Gen:  0)
   520584    114824   7640624  0.003  0.000   46.388    7.181    0    0  (Gen:  0)
   521320    162928   7730528  0.003  0.000   46.392    7.181    0    0  (Gen:  0)
   521096    106256   7795352  0.003  0.000   46.396    7.182    0    0  (Gen:  0)
   520912    144560   7865736  0.003  0.000   46.399    7.183    0    0  (Gen:  0)
   520184    132632   7932824  0.003  0.000   46.403    7.183    0    0  (Gen:  0)
   520376    102080   7991224  0.003  0.000   46.406    7.184    0    0  (Gen:  0)
   520824    156328   8072568  0.003  0.000   46.410    7.184    0    0  (Gen:  0)
   520864    142392   8143120  0.003  0.000   46.414    7.185    0    0  (Gen:  0)
   520656    126920   8206440  0.003  0.000   46.419    7.186    0    0  (Gen:  0)
   520728    129576   8256656  0.004  0.000   46.423    7.186    0    0  (Gen:  0)
   525000    164128   8341976  0.003  0.000   46.428    7.187    0    0  (Gen:  0)
   521000    124656   8399128  0.003  0.000   46.433    7.188    0    0  (Gen:  0)
   520432    167576   8488944  0.003  0.000   46.437    7.188    0    0  (Gen:  0)
   520536    142440   8571352  0.003  0.000   46.441    7.189    0    0  (Gen:  0)
   520608    135616   8631752  0.004  0.000   46.445    7.190    0    0  (Gen:  0)
   520424    138320   8686904  0.004  0.000   46.450    7.190    0    0  (Gen:  0)
   524856    166400   8769648  0.003  0.000   46.453    7.191    0    0  (Gen:  0)
   520896    140328   8828184  0.004  0.000   46.458    7.192    0    0  (Gen:  0)
   524896     97552   8921448  0.002  0.000   46.462    7.192    0    0  (Gen:  0)
   521080    131576   8994072  0.003  0.000   46.466    7.193    0    0  (Gen:  0)
   525128    160752   9072752  0.003  0.000   46.470    7.194    0    0  (Gen:  0)
   566080    145272   9149544  0.003  0.000   46.475    7.194    0    0  (Gen:  0)
   521216    105168   9218784  0.003  0.000   46.479    7.195    0    0  (Gen:  0)
   521056    163960   9299560  0.003  0.000   46.483    7.196    0    0  (Gen:  0)
   520768    148336   9374944  0.003  0.000   46.486    7.196    0    0  (Gen:  0)
   520984    127608   9438848  0.003  0.000   46.490    7.197    0    0  (Gen:  0)
   521120     89416   9524352  0.003  0.000   46.494    7.198    0    0  (Gen:  0)
   520696    158376   9601472  0.003  0.000   46.498    7.198    0    0  (Gen:  0)
   520800    132352   9667280  0.004  0.000   46.502    7.199    0    0  (Gen:  0)
   520792    143360   9725464  0.004  0.000   46.507    7.200    0    0  (Gen:  0)
   520640    176472   9816424  0.003  0.000   46.511    7.200    0    0  (Gen:  0)
   520896    137056   9880280  0.003  0.000   46.517    7.201    0    0  (Gen:  0)
   521472    146784   9940432  0.004  0.000   46.522    7.202    0    0  (Gen:  0)
   521136    175616  10031072  0.003  0.000   46.526    7.203    0    0  (Gen:  0)
   520408    138080  10091952  0.004  0.000   46.531    7.203    0    0  (Gen:  0)
   521080    187760  10194664  0.003  0.000   46.535    7.204    0    0  (Gen:  0)
   521400    163872  10281472  0.003  0.000   46.539    7.205    0    0  (Gen:  0)
   520720    146256  10343600  0.004  0.000   46.544    7.205    0    0  (Gen:  0)
   520928    156928  10411368  0.004  0.000   46.548    7.206    0    0  (Gen:  0)
   520440    104176  10489072  0.003  0.000   46.553    7.207    0    0  (Gen:  0)
   520864    168888  10570952  0.003  0.000   46.557    7.207    0    0  (Gen:  0)
   520968    160584  10661352  0.003  0.000   46.562    7.208    0    0  (Gen:  0)
   520928    109888  10735992  0.003  0.000   46.567    7.209    0    0  (Gen:  0)
   520816    180016  10828248  0.003  0.000   46.571    7.210    0    0  (Gen:  0)
   520784    161288  10909040  0.003  0.000   46.576    7.210    0    0  (Gen:  0)
   520536    130400  10983040  0.003  0.000   46.580    7.211    0    0  (Gen:  0)
   520152    182784  11078640  0.003  0.000   46.584    7.212    0    0  (Gen:  0)
   521248    166408  11161360  0.003  0.000   46.588    7.212    0    0  (Gen:  0)
   521208    131512  11231056  0.003  0.000   46.592    7.213    0    0  (Gen:  0)
   520664    177024  11318120  0.003  0.000   46.596    7.214    0    0  (Gen:  0)
   520176    172496  11401312  0.003  0.000   46.599    7.214    0    0  (Gen:  0)
   520760    138936  11472744  0.003  0.000   46.604    7.215    0    0  (Gen:  0)
   521120    154888  11536496  0.004  0.000   46.609    7.216    0    0  (Gen:  0)
   520024    173400  11621232  0.003  0.000   46.613    7.216    0    0  (Gen:  0)
   520848    146768  11694320  0.003  0.000   46.617    7.217    0    0  (Gen:  0)
   521160    155312  11758456  0.004  0.000   46.622    7.218    0    0  (Gen:  0)
   520680    134864  11802008  0.003  0.000   46.626    7.218    0    0  (Gen:  0)
   521464     43728  11821064  0.002  0.000   46.628    7.219    0    0  (Gen:  0)
   521144     82696  11872752  0.002  0.000   46.631    7.219    0    0  (Gen:  0)
   520576     67688  11905232  0.002  0.000   46.633    7.219    0    0  (Gen:  0)
   520304     98432  11960976  0.002  0.000   46.636    7.220    0    0  (Gen:  0)
   521688     93808  12006520  0.002  0.000   46.638    7.220    0    0  (Gen:  0)
   521048     77504  12041864  0.002  0.000   46.641    7.221    0    0  (Gen:  0)
   520704     85448  12072688  0.002  0.000   46.645    7.221    0    0  (Gen:  0)
   520568    113360  12129872  0.002  0.000   46.648    7.222    0    0  (Gen:  0)
   520672     90616  12167064  0.003  0.000   46.651    7.222    0    0  (Gen:  0)
   660384     99712  12203264  0.003  0.000   46.655    7.223    0    0  (Gen:  0)
   520864     66104  12261776  0.002  0.000   46.658    7.223    0    0  (Gen:  0)
   520432     80176  12337680  0.001  0.000   46.660    7.224    0    0  (Gen:  0)
   520568    113296  12396240  0.002  0.000   46.663    7.224    0    0  (Gen:  0)
   521112     91016  12446056  0.002  0.000   46.666    7.225    0    0  (Gen:  0)
   521072   4286760   5276464  0.014  0.001   46.681    7.226    0    0  (Gen:  1)
   524824    149504   5360032  0.002  0.000   46.685    7.227    0    0  (Gen:  0)
   521056    102448   5410616  0.002  0.000   46.688    7.228    0    0  (Gen:  0)
   520960    112696   5452952  0.003  0.000   46.692    7.228    0    0  (Gen:  0)
   524640    146096   5528144  0.002  0.000   46.695    7.229    0    0  (Gen:  0)
   525416    122128   5580232  0.002  0.000   46.699    7.229    0    0  (Gen:  0)
   540864    117024   5622280  0.003  0.000   46.702    7.230    0    0  (Gen:  0)
   545120    146168   5696696  0.002  0.000   46.706    7.230    0    0  (Gen:  0)
   520888    118256   5743664  0.003  0.000   46.710    7.231    0    0  (Gen:  0)
   520824    161240   5831888  0.003  0.000   46.715    7.232    0    0  (Gen:  0)
   520888    101240   5894720  0.002  0.000   46.718    7.232    0    0  (Gen:  0)
   521248    147880   5967200  0.002  0.000   46.721    7.233    0    0  (Gen:  0)
   519928    136592   6033992  0.003  0.000   46.724    7.233    0    0  (Gen:  0)
   520656    105568   6091440  0.002  0.000   46.727    7.234    0    0  (Gen:  0)
   520912    154792   6169920  0.002  0.000   46.730    7.235    0    0  (Gen:  0)
   520728    145096   6241504  0.002  0.000   46.734    7.235    0    0  (Gen:  0)
   521000    134808   6303400  0.002  0.000   46.737    7.236    0    0  (Gen:  0)
   521224    129936   6353752  0.002  0.000   46.741    7.236    0    0  (Gen:  0)
   520528    165136   6439288  0.002  0.000   46.745    7.237    0    0  (Gen:  0)
   521120    130848   6496744  0.002  0.000   46.749    7.238    0    0  (Gen:  0)
   521432    168760   6587592  0.003  0.000   46.753    7.238    0    0  (Gen:  0)
   520776    142632   6668912  0.002  0.000   46.757    7.239    0    0  (Gen:  0)
   520544    137696   6728088  0.003  0.000   46.760    7.239    0    0  (Gen:  0)
   520736    142064   6786880  0.004  0.000   46.764    7.240    0    0  (Gen:  0)
   521440     83080   6862848  0.002  0.000   46.767    7.241    0    0  (Gen:  0)
   520416    171600   6952968  0.003  0.000   46.770    7.241    0    0  (Gen:  0)
   520704    141816   7023768  0.002  0.000   46.774    7.242    0    0  (Gen:  0)
   520720    133488   7094224  0.002  0.000   46.776    7.242    0    0  (Gen:  0)
   520880    175216   7188624  0.002  0.000   46.781    7.243    0    0  (Gen:  0)
   537528    152088   7265624  0.002  0.000   46.784    7.244    0    0  (Gen:  0)
   521200    145968   7333336  0.002  0.000   46.788    7.244    0    0  (Gen:  0)
   520720    164504   7414752  0.002  0.000   46.792    7.245    0    0  (Gen:  0)
   521472    156120   7491088  0.002  0.000   46.796    7.246    0    0  (Gen:  0)
   520216    128696   7554800  0.002  0.000   46.799    7.246    0    0  (Gen:  0)
   521176    142272   7612984  0.002  0.000   46.803    7.247    0    0  (Gen:  0)
   520656    161256   7691168  0.002  0.000   46.807    7.247    0    0  (Gen:  0)
   520304    135928   7756808  0.002  0.000   46.810    7.248    0    0  (Gen:  0)
   520800    186552   7860672  0.003  0.000   46.813    7.249    0    0  (Gen:  0)
   520944    170424   7949448  0.003  0.000   46.817    7.249    0    0  (Gen:  0)
   520920    141680   8011104  0.002  0.000   46.820    7.250    0    0  (Gen:  0)
   521256    145312   8069696  0.003  0.000   46.825    7.250    0    0  (Gen:  0)
   520432    171560   8157192  0.003  0.000   46.829    7.251    0    0  (Gen:  0)
   520704    143400   8217800  0.003  0.000   46.833    7.252    0    0  (Gen:  0)
   521184    187544   8320736  0.004  0.000   46.839    7.253    0    0  (Gen:  0)
   520824     87016   8400376  0.002  0.000   46.843    7.254    0    0  (Gen:  0)
   521056    168344   8481856  0.002  0.000   46.848    7.254    0    0  (Gen:  0)
   521032    149968   8556744  0.002  0.000   46.851    7.255    0    0  (Gen:  0)
   520840    152120   8630760  0.002  0.000   46.856    7.256    0    0  (Gen:  0)
   520728    178960   8723776  0.002  0.000   46.860    7.256    0    0  (Gen:  0)
   521632    162064   8801752  0.003  0.000   46.864    7.257    0    0  (Gen:  0)
   521080    127936   8873440  0.002  0.000   46.868    7.258    0    0  (Gen:  0)
   520472    179560   8966336  0.002  0.000   46.872    7.259    0    0  (Gen:  0)
   520712    179392   9072464  0.003  0.000   46.877    7.259    0    0  (Gen:  0)
   521256    128296   9143160  0.002  0.000   46.881    7.260    0    0  (Gen:  0)
   520448    175792   9231272  0.002  0.000   46.885    7.261    0    0  (Gen:  0)
   521232    168992   9313248  0.002  0.000   46.889    7.261    0    0  (Gen:  0)
   521176    148568   9384360  0.002  0.000   46.893    7.262    0    0  (Gen:  0)
   520896    153504   9446672  0.003  0.000   46.897    7.263    0    0  (Gen:  0)
   521176    176464   9532360  0.003  0.000   46.901    7.264    0    0  (Gen:  0)
   520912    144824   9601584  0.003  0.000   46.905    7.264    0    0  (Gen:  0)
   520776    155384   9666296  0.002  0.000   46.910    7.265    0    0  (Gen:  0)
   520528    174960   9752632  0.002  0.000   46.914    7.266    0    0  (Gen:  0)
   520848    149104   9824112  0.002  0.000   46.918    7.266    0    0  (Gen:  0)
   521176    156272   9888864  0.002  0.000   46.923    7.267    0    0  (Gen:  0)
   603296    130288   9932312  0.003  0.000   46.927    7.268    0    0  (Gen:  0)
   537328     45512   9951664  0.001  0.000   46.931    7.268    0    0  (Gen:  0)
   537032     59936  10006896  0.002  0.000   46.935    7.269    0    0  (Gen:  0)
   520944     66032  10038488  0.002  0.000   46.938    7.269    0    0  (Gen:  0)
   520696     59568  10094072  0.002  0.000   46.942    7.270    0    0  (Gen:  0)
   537208     92968  10139528  0.002  0.000   46.945    7.270    0    0  (Gen:  0)
   520656     82704  10174784  0.002  0.000   46.948    7.271    0    0  (Gen:  0)
   521184    122320  10244248  0.003  0.000   46.952    7.272    0    0  (Gen:  0)
   520896    111032  10303592  0.002  0.000   46.956    7.272    0    0  (Gen:  0)
   521408     94480  10339184  0.002  0.000   46.960    7.273    0    0  (Gen:  0)
   537184    108336  10383304  0.003  0.000   46.964    7.273    0    0  (Gen:  0)
   520808   4208576   5190176  0.012  0.001   46.978    7.275    0    0  (Gen:  1)
   520632    134280   5262112  0.002  0.000   46.983    7.276    0    0  (Gen:  0)
   520864    121648   5322416  0.002  0.000   46.987    7.276    0    0  (Gen:  0)
   521256     98248   5372168  0.002  0.000   46.992    7.277    0    0  (Gen:  0)
   521584    109512   5413280  0.002  0.000   46.995    7.278    0    0  (Gen:  0)
   521664    134512   5479128  0.003  0.000   46.999    7.278    0    0  (Gen:  0)
   521344    110304   5526680  0.002  0.000   47.002    7.279    0    0  (Gen:  0)
   520656    114528   5569336  0.002  0.000   47.006    7.279    0    0  (Gen:  0)
   521304    142296   5640488  0.002  0.000   47.010    7.280    0    0  (Gen:  0)
   520896    120432   5689200  0.002  0.000   47.014    7.280    0    0  (Gen:  0)
   537112    129144   5745000  0.003  0.000   47.018    7.281    0    0  (Gen:  0)
   520688     90240   5807416  0.002  0.000   47.022    7.282    0    0  (Gen:  0)
   520648    151696   5885848  0.002  0.000   47.026    7.282    0    0  (Gen:  0)
   521048    132144   5953144  0.003  0.000   47.031    7.283    0    0  (Gen:  0)
   520864     99904   6011840  0.002  0.000   47.036    7.284    0    0  (Gen:  0)
   520976    150520   6087896  0.002  0.000   47.041    7.285    0    0  (Gen:  0)
   521000    145096   6157176  0.003  0.000   47.044    7.285    0    0  (Gen:  0)
   521040    116928   6210440  0.002  0.000   47.048    7.286    0    0  (Gen:  0)
   521080    131192   6264696  0.003  0.000   47.051    7.286    0    0  (Gen:  0)
   521136    152728   6341512  0.002  0.000   47.055    7.287    0    0  (Gen:  0)
   519888    129768   6397128  0.002  0.000   47.060    7.288    0    0  (Gen:  0)
   520776    130960   6449416  0.002  0.000   47.064    7.288    0    0  (Gen:  0)
   521048    164168   6533928  0.002  0.000   47.068    7.289    0    0  (Gen:  0)
   520736    134144   6588440  0.002  0.000   47.072    7.289    0    0  (Gen:  0)
   521064    173720   6681920  0.003  0.000   47.076    7.290    0    0  (Gen:  0)
   520752    119592   6756592  0.002  0.000   47.081    7.291    0    0  (Gen:  0)
   520952    159896   6832896  0.002  0.000   47.085    7.292    0    0  (Gen:  0)
   521024    148024   6909024  0.003  0.000   47.089    7.292    0    0  (Gen:  0)
   520936    126288   6976688  0.002  0.000   47.093    7.293    0    0  (Gen:  0)
   521024    171592   7066840  0.003  0.000   47.097    7.293    0    0  (Gen:  0)
   520888    149016   7141408  0.002  0.000   47.101    7.294    0    0  (Gen:  0)
   521072    127912   7206824  0.002  0.000   47.105    7.295    0    0  (Gen:  0)
   520824    140696   7262632  0.002  0.000   47.109    7.295    0    0  (Gen:  0)
   536776    177816   7357072  0.003  0.000   47.114    7.296    0    0  (Gen:  0)
   521448    128848   7423288  0.002  0.000   47.118    7.297    0    0  (Gen:  0)
   520496    182896   7521112  0.003  0.000   47.123    7.297    0    0  (Gen:  0)
   520184    146552   7604824  0.002  0.000   47.127    7.298    0    0  (Gen:  0)
   521016    135192   7666048  0.002  0.000   47.131    7.299    0    0  (Gen:  0)
   520856    140704   7723704  0.003  0.000   47.135    7.299    0    0  (Gen:  0)
   520552    169472   7811000  0.003  0.000   47.139    7.300    0    0  (Gen:  0)
   520464    143040   7872376  0.003  0.000   47.143    7.301    0    0  (Gen:  0)
   520720    147344   7935736  0.002  0.000   47.147    7.301    0    0  (Gen:  0)
   520800    122696   8016728  0.002  0.000   47.151    7.302    0    0  (Gen:  0)
   520840    169064   8097552  0.002  0.000   47.155    7.303    0    0  (Gen:  0)
   520920    146112   8170864  0.003  0.000   47.176    7.305    0    0  (Gen:  0)
   520632    151232   8247960  0.003  0.000   47.180    7.306    0    0  (Gen:  0)
   520504    102264   8346216  0.002  0.000   47.184    7.306    0    0  (Gen:  0)
   520800    147152   8425016  0.003  0.000   47.188    7.307    0    0  (Gen:  0)
   521376    131248   8494392  0.003  0.000   47.192    7.307    0    0  (Gen:  0)
   520624    168536   8576744  0.003  0.000   47.196    7.308    0    0  (Gen:  0)
   521064    160104   8658520  0.003  0.000   47.200    7.309    0    0  (Gen:  0)
   521080    134376   8728136  0.003  0.000   47.204    7.309    0    0  (Gen:  0)
   520368    149248   8788344  0.004  0.000   47.209    7.310    0    0  (Gen:  0)
   520928    180688   8882432  0.003  0.000   47.214    7.311    0    0  (Gen:  0)
   520768    136944   8957216  0.002  0.000   47.217    7.311    0    0  (Gen:  0)
   521016    127088   9032040  0.003  0.000   47.221    7.312    0    0  (Gen:  0)
   520856    173992   9119880  0.003  0.000   47.226    7.313    0    0  (Gen:  0)
   520776    144320   9184280  0.004  0.000   47.231    7.314    0    0  (Gen:  0)
   521024    183592   9278736  0.003  0.000   47.235    7.314    0    0  (Gen:  0)
   520736    169672   9366840  0.003  0.000   47.239    7.315    0    0  (Gen:  0)
   520968    147288   9434128  0.004  0.000   47.243    7.316    0    0  (Gen:  0)
   521840    153688   9498464  0.004  0.000   47.248    7.316    0    0  (Gen:  0)
   521208    181376   9589160  0.003  0.000   47.252    7.317    0    0  (Gen:  0)
   520528    153272   9655800  0.005  0.000   47.258    7.318    0    0  (Gen:  0)
   520712    182144   9745664  0.003  0.000   47.263    7.318    0    0  (Gen:  0)
   520976    135472   9830632  0.003  0.000   47.267    7.319    0    0  (Gen:  0)
   520704    180488   9916912  0.003  0.000   47.272    7.320    0    0  (Gen:  0)
   521336    154072   9997808  0.003  0.000   47.276    7.320    0    0  (Gen:  0)
   520456    145288  10076688  0.004  0.000   47.281    7.321    0    0  (Gen:  0)
   520792    190664  10177256  0.003  0.000   47.285    7.322    0    0  (Gen:  0)
   519824    155032  10259512  0.003  0.000   47.289    7.323    0    0  (Gen:  0)
   520480   5459328   6440952  0.018  0.001   47.307    7.324    0    0  (Gen:  1)
   520280    179448   6527288  0.003  0.000   47.312    7.325    0    0  (Gen:  0)
   520256    165024   6611632  0.003  0.000   47.316    7.326    0    0  (Gen:  0)
   521064    138376   6687032  0.003  0.000   47.320    7.327    0    0  (Gen:  0)
   521088    183688   6780792  0.004  0.000   47.326    7.327    0    0  (Gen:  0)
   520504    183072   6880120  0.003  0.000   47.331    7.328    0    0  (Gen:  0)
   520688    126344   6953696  0.004  0.000   47.337    7.329    0    0  (Gen:  0)
   521088    160168   7019824  0.005  0.000   47.342    7.330    0    0  (Gen:  0)
   520696    152232   7079960  0.004  0.000   47.347    7.330    0    0  (Gen:  0)
   521008     42200   7100344  0.002  0.000   47.351    7.331    0    0  (Gen:  0)
   520352     81584   7152088  0.002  0.000   47.355    7.332    0    0  (Gen:  0)
   521248     50648   7188376  0.002  0.000   47.359    7.332    0    0  (Gen:  0)
   520744     88368   7233304  0.002  0.000   47.362    7.333    0    0  (Gen:  0)
   521064     87616   7277656  0.002  0.000   47.366    7.333    0    0  (Gen:  0)
   521104     72664   7315104  0.002  0.000   47.370    7.334    0    0  (Gen:  0)
   521072     84544   7344216  0.004  0.000   47.376    7.335    0    0  (Gen:  0)
   521168    120336   7409424  0.004  0.000   47.382    7.335    0    0  (Gen:  0)
   520928    103704   7464608  0.003  0.000   47.395    7.337    0    0  (Gen:  0)
   520864     87784   7508880  0.003  0.000   47.399    7.338    0    0  (Gen:  0)
   520784     64464   7567272  0.003  0.000   47.403    7.338    0    0  (Gen:  0)
   520480    137296   7643040  0.002  0.000   47.407    7.339    0    0  (Gen:  0)
   520792    111552   7701664  0.002  0.000   47.411    7.339    0    0  (Gen:  0)
   521104     98184   7752016  0.002  0.000   47.416    7.340    0    0  (Gen:  0)
   521040    131392   7817272  0.002  0.000   47.420    7.341    0    0  (Gen:  0)
   520824    127856   7882544  0.002  0.000   47.424    7.341    0    0  (Gen:  0)
   520944     99648   7931024  0.005  0.000   47.431    7.342    0    0  (Gen:  0)
   520872    155192   8017576  0.003  0.000   47.436    7.343    0    0  (Gen:  0)
   521008    127784   8094904  0.003  0.000   47.440    7.344    0    0  (Gen:  0)
   521112    113712   8145552  0.004  0.000   47.445    7.344    0    0  (Gen:  0)
   517456    121112   8192688  0.003  0.000   47.449    7.345    0    0  (Gen:  0)
   673352    122792   8259848  0.002  0.000   47.453    7.346    0    0  (Gen:  0)
   521000    115656   8306728  0.003  0.000   47.459    7.346    0    0  (Gen:  0)
   521088    151000   8382896  0.002  0.000   47.463    7.347    0    0  (Gen:  0)
   521152    119288   8447336  0.003  0.000   47.468    7.348    0    0  (Gen:  0)
   521424    147992   8519920  0.002  0.000   47.472    7.348    0    0  (Gen:  0)
   520864    130544   8586600  0.003  0.000   47.477    7.349    0    0  (Gen:  0)
   520880     97336   8644160  0.004  0.000   47.483    7.350    0    0  (Gen:  0)
   521064    150344   8718752  0.003  0.000   47.488    7.351    0    0  (Gen:  0)
   521176    143104   8788848  0.003  0.000   47.492    7.351    0    0  (Gen:  0)
   519904    119184   8856312  0.003  0.000   47.496    7.352    0    0  (Gen:  0)
   520848    114008   8926544  0.003  0.000   47.500    7.353    0    0  (Gen:  0)
   524344    157888   9004560  0.003  0.000   47.505    7.353    0    0  (Gen:  0)
   520920    123912   9061816  0.003  0.000   47.510    7.354    0    0  (Gen:  0)
   521368     97016   9154568  0.002  0.000   47.515    7.355    0    0  (Gen:  0)
   520648    141064   9236544  0.003  0.000   47.519    7.356    0    0  (Gen:  0)
   520592    134944   9295784  0.005  0.000   47.526    7.357    0    0  (Gen:  0)
   524656    160608   9373416  0.004  0.000   47.533    7.357    0    0  (Gen:  0)
   520648     81936   9448856  0.003  0.000   47.537    7.358    0    0  (Gen:  0)
   521280    170352   9538984  0.003  0.000   47.541    7.359    0    0  (Gen:  0)
   524744    137912   9610784  0.003  0.000   47.545    7.359    0    0  (Gen:  0)
   520880    107656   9680376  0.003  0.000   47.550    7.360    0    0  (Gen:  0)
   528608    163032   9761336  0.003  0.000   47.555    7.361    0    0  (Gen:  0)
   561264    148992   9837800  0.003  0.000   47.560    7.362    0    0  (Gen:  0)
   520376    116672   9907096  0.003  0.000   47.565    7.362    0    0  (Gen:  0)
   520584    170024   9994408  0.003  0.000   47.570    7.363    0    0  (Gen:  0)
   520960    153656  10071088  0.004  0.000   47.575    7.364    0    0  (Gen:  0)
   520704    118208  10134528  0.006  0.000   47.584    7.365    0    0  (Gen:  0)
   520992    182904  10235304  0.003  0.000   47.588    7.366    0    0  (Gen:  0)
   520880    147032  10318104  0.003  0.000   47.593    7.366    0    0  (Gen:  0)
   520896    129904  10384256  0.004  0.000   47.598    7.367    0    0  (Gen:  0)
   520712    143584  10442344  0.004  0.000   47.603    7.368    0    0  (Gen:  0)
   520600    180920  10537760  0.003  0.000   47.608    7.369    0    0  (Gen:  0)
   520576    140016  10599400  0.003  0.000   47.614    7.370    0    0  (Gen:  0)
   521008    147040  10658160  0.004  0.000   47.619    7.370    0    0  (Gen:  0)
   520456    177248  10751448  0.005  0.000   47.626    7.371    0    0  (Gen:  0)
   520744    142896  10810352  0.008  0.001   47.637    7.373    0    0  (Gen:  0)
   521152    187112  10910888  0.004  0.000   47.642    7.373    0    0  (Gen:  0)
   520696    111608  10989360  0.004  0.000   47.647    7.374    0    0  (Gen:  0)
   521008    168464  11071232  0.004  0.000   47.653    7.375    0    0  (Gen:  0)
   520760    164128  11163672  0.003  0.000   47.658    7.376    0    0  (Gen:  0)
   521328    121344  11236736  0.003  0.000   47.663    7.376    0    0  (Gen:  0)
   520400    180128  11330224  0.004  0.000   47.669    7.377    0    0  (Gen:  0)
   521152    152880  11406960  0.003  0.000   47.673    7.378    0    0  (Gen:  0)
   520888    124536  11477936  0.008  0.001   47.684    7.379    0    0  (Gen:  0)
   520496    172496  11562776  0.004  0.000   47.689    7.380    0    0  (Gen:  0)
   520984    164528  11646632  0.004  0.000   47.695    7.381    0    0  (Gen:  0)
   520504    134160  11716768  0.004  0.000   47.701    7.382    0    0  (Gen:  0)
   520816    196544  11825424  0.004  0.000   47.707    7.383    0    0  (Gen:  0)
   520624    164328  11921344  0.003  0.000   47.712    7.383    0    0  (Gen:  0)
   520744    137776  11991376  0.005  0.000   47.719    7.384    0    0  (Gen:  0)
   521088    154392  12054904  0.005  0.000   47.727    7.385    0    0  (Gen:  0)
   521024    184288  12149248  0.006  0.001   47.735    7.387    0    0  (Gen:  0)
   520776    155856  12229016  0.004  0.000   47.741    7.387    0    0  (Gen:  0)
   521120    132872  12302880  0.005  0.000   47.746    7.388    0    0  (Gen:  0)
   520808    178496  12392304  0.004  0.000   47.752    7.389    0    0  (Gen:  0)
   520856    149008  12461824  0.005  0.000   47.759    7.390    0    0  (Gen:  0)
   520520    176648  12546568  0.004  0.000   47.765    7.391    0    0  (Gen:  0)
   520856    167752  12638904  0.004  0.000   47.771    7.392    0    0  (Gen:  0)
   521720   5423224   6404728  0.024  0.002   47.797    7.394    0    0  (Gen:  1)
   520344    179880   6492392  0.004  0.000   47.804    7.395    0    0  (Gen:  0)
   520464     95480   6580576  0.003  0.000   47.808    7.396    0    0  (Gen:  0)
   520256    192160   6678376  0.003  0.000   47.813    7.397    0    0  (Gen:  0)
   520392    155720   6758544  0.002  0.000   47.818    7.398    0    0  (Gen:  0)
   520824    135704   6838600  0.003  0.000   47.823    7.399    0    0  (Gen:  0)
   520952    191832   6939464  0.003  0.000   47.828    7.399    0    0  (Gen:  0)
   520552    165400   7034600  0.003  0.000   47.833    7.400    0    0  (Gen:  0)
   520520    140808   7113304  0.003  0.000   47.838    7.401    0    0  (Gen:  0)
   520952    192536   7214472  0.003  0.000   47.844    7.402    0    0  (Gen:  0)
   520784    139800   7271528  0.004  0.000   47.849    7.402    0    0  (Gen:  0)
   521048     35752   7290784  0.002  0.000   47.852    7.403    0    0  (Gen:  0)
   520376     78392   7341040  0.002  0.000   47.855    7.403    0    0  (Gen:  0)
   521000     72488   7381632  0.002  0.000   47.859    7.404    0    0  (Gen:  0)
   520856     65928   7408872  0.002  0.000   47.863    7.405    0    0  (Gen:  0)
   521136     84824   7444064  0.002  0.000   47.867    7.405    0    0  (Gen:  0)
   521368     65624   7486080  0.002  0.000   47.871    7.406    0    0  (Gen:  0)
   520896    118040   7550728  0.002  0.000   47.875    7.406    0    0  (Gen:  0)
   521208    104312   7602024  0.002  0.000   47.879    7.407    0    0  (Gen:  0)
   520896     91688   7645544  0.003  0.000   47.884    7.408    0    0  (Gen:  0)
   520760     97112   7680968  0.003  0.000   47.890    7.408    0    0  (Gen:  0)
   520968    132544   7753520  0.002  0.000   47.894    7.409    0    0  (Gen:  0)
   520256     95440   7792304  0.003  0.000   47.899    7.410    0    0  (Gen:  0)
   520808    146480   7874096  0.003  0.000   47.902    7.410    0    0  (Gen:  0)
   520920    123656   7934768  0.002  0.000   47.907    7.411    0    0  (Gen:  0)
   521512     84688   8015088  0.002  0.000   47.911    7.412    0    0  (Gen:  0)
   520944    116328   8078104  0.002  0.000   47.915    7.412    0    0  (Gen:  0)
   520616     94664   8131864  0.003  0.000   47.919    7.413    0    0  (Gen:  0)
   520880    143072   8207000  0.002  0.000   47.924    7.414    0    0  (Gen:  0)
   520824    133000   8272904  0.002  0.000   47.928    7.414    0    0  (Gen:  0)
   521256    104136   8325088  0.003  0.000   47.933    7.415    0    0  (Gen:  0)
   520536    118600   8369976  0.004  0.000   47.939    7.416    0    0  (Gen:  0)
   521064    155760   8453464  0.003  0.000   47.944    7.416    0    0  (Gen:  0)
   521056    121456   8501392  0.004  0.000   47.949    7.417    0    0  (Gen:  0)
   520624    159480   8588576  0.003  0.000   47.953    7.418    0    0  (Gen:  0)
   521024    134528   8661024  0.003  0.000   47.957    7.418    0    0  (Gen:  0)
   520952    121880   8709624  0.003  0.000   47.962    7.419    0    0  (Gen:  0)
   520472    158016   8792432  0.003  0.000   47.967    7.420    0    0  (Gen:  0)
   520960    103736   8854184  0.003  0.000   47.972    7.421    0    0  (Gen:  0)
   521096    157688   8937536  0.003  0.000   47.976    7.421    0    0  (Gen:  0)
   521064    137080   9006256  0.002  0.000   47.981    7.422    0    0  (Gen:  0)
   520304    113384   9069976  0.003  0.000   47.986    7.423    0    0  (Gen:  0)
   520464    157296   9148608  0.003  0.000   47.991    7.423    0    0  (Gen:  0)
   520824    153360   9225312  0.003  0.000   47.996    7.424    0    0  (Gen:  0)
   521144    121376   9284216  0.004  0.000   48.000    7.425    0    0  (Gen:  0)
   520888    173808   9379840  0.003  0.000   48.005    7.426    0    0  (Gen:  0)
   520824    148560   9462072  0.002  0.000   48.010    7.426    0    0  (Gen:  0)
   520776    131016   9523080  0.003  0.000   48.015    7.427    0    0  (Gen:  0)
   521056    138896   9578128  0.004  0.000   48.021    7.428    0    0  (Gen:  0)
   521128    169864   9663944  0.003  0.000   48.026    7.428    0    0  (Gen:  0)
   521056    138544   9724000  0.003  0.000   48.031    7.429    0    0  (Gen:  0)
   520760    143824   9784048  0.003  0.000   48.036    7.430    0    0  (Gen:  0)
   520704     98584   9857336  0.003  0.000   48.041    7.431    0    0  (Gen:  0)
   521160    160656   9935768  0.003  0.000   48.046    7.431    0    0  (Gen:  0)
   549376    141248  10011400  0.003  0.000   48.050    7.432    0    0  (Gen:  0)
   520960    106784  10081648  0.003  0.000   48.055    7.433    0    0  (Gen:  0)
   520264     95232  10172720  0.002  0.000   48.060    7.434    0    0  (Gen:  0)
   520264    147184  10247408  0.002  0.000   48.064    7.434    0    0  (Gen:  0)
   520928    123024  10313224  0.003  0.000   48.069    7.435    0    0  (Gen:  0)
   521000    163016  10395056  0.003  0.000   48.074    7.436    0    0  (Gen:  0)
   520376    159144  10472424  0.003  0.000   48.079    7.436    0    0  (Gen:  0)
   520768    128120  10539104  0.003  0.000   48.084    7.437    0    0  (Gen:  0)
   520688    183992  10637712  0.003  0.000   48.090    7.438    0    0  (Gen:  0)
   520664    140248  10725256  0.003  0.000   48.094    7.439    0    0  (Gen:  0)
   520512    132024  10789984  0.003  0.000   48.099    7.440    0    0  (Gen:  0)
   521064    164072  10867184  0.003  0.000   48.103    7.440    0    0  (Gen:  0)
   520544    155016  10955200  0.003  0.000   48.108    7.441    0    0  (Gen:  0)
   520656    136656  11016800  0.004  0.000   48.112    7.442    0    0  (Gen:  0)
   521176    182184  11112648  0.003  0.000   48.116    7.442    0    0  (Gen:  0)
   520648    157600  11199992  0.005  0.000   48.122    7.443    0    0  (Gen:  0)
   520944    145856  11262776  0.003  0.000   48.127    7.444    0    0  (Gen:  0)
   521008    176552  11349856  0.004  0.000   48.132    7.445    0    0  (Gen:  0)
   521160    103576  11427856  0.003  0.000   48.135    7.445    0    0  (Gen:  0)
   520336    177528  11518536  0.003  0.000   48.139    7.446    0    0  (Gen:  0)
   521128    143704  11594112  0.003  0.000   48.143    7.447    0    0  (Gen:  0)
   520824    116392  11668000  0.003  0.000   48.147    7.447    0    0  (Gen:  0)
   520672    180472  11760376  0.003  0.000   48.151    7.448    0    0  (Gen:  0)
   525368    154936  11841848  0.003  0.000   48.156    7.449    0    0  (Gen:  0)
   520712    126832  11915184  0.003  0.000   48.160    7.449    0    0  (Gen:  0)
   520808    181480  12009632  0.003  0.000   48.164    7.450    0    0  (Gen:  0)
   520872    164288  12091688  0.002  0.000   48.168    7.451    0    0  (Gen:  0)
   520424    135904  12163288  0.003  0.000   48.172    7.451    0    0  (Gen:  0)
   521056    155072  12226280  0.004  0.000   48.178    7.452    0    0  (Gen:  0)
   521312    189760  12325800  0.003  0.000   48.182    7.453    0    0  (Gen:  0)
   520536    143768  12395640  0.003  0.000   48.187    7.454    0    0  (Gen:  0)
   521432    157032  12461048  0.004  0.000   48.192    7.454    0    0  (Gen:  0)
   520816    184496  12556352  0.003  0.000   48.196    7.455    0    0  (Gen:  0)
   520648   5369136   6350672  0.019  0.002   48.217    7.457    0    0  (Gen:  1)
   520664    174920   6433632  0.003  0.000   48.221    7.458    0    0  (Gen:  0)
   619112    110200   6480200  0.003  0.000   48.225    7.458    0    0  (Gen:  0)
   537488     44104   6498496  0.002  0.000   48.228    7.459    0    0  (Gen:  0)
   536416     79960   6547856  0.002  0.000   48.232    7.459    0    0  (Gen:  0)
   520896     49272   6580648  0.002  0.000   48.236    7.460    0    0  (Gen:  0)
   520280     62392   6639232  0.002  0.000   48.239    7.460    0    0  (Gen:  0)
   537624     90216   6683808  0.002  0.000   48.242    7.461    0    0  (Gen:  0)
   520904     74432   6719552  0.002  0.000   48.246    7.462    0    0  (Gen:  0)
   521352     84584   6749840  0.003  0.000   48.250    7.462    0    0  (Gen:  0)
   520824    123224   6818528  0.002  0.000   48.254    7.463    0    0  (Gen:  0)
   520648     91928   6855472  0.003  0.000   48.258    7.463    0    0  (Gen:  0)
   537024    105184   6896760  0.002  0.000   48.261    7.464    0    0  (Gen:  0)
   520688     85000   6951576  0.002  0.000   48.265    7.464    0    0  (Gen:  0)
   521632    138896   7027640  0.003  0.000   48.269    7.465    0    0  (Gen:  0)
   520952    113904   7086096  0.002  0.000   48.273    7.466    0    0  (Gen:  0)
   520736     90784   7136408  0.003  0.000   48.277    7.466    0    0  (Gen:  0)
   521096    132104   7202232  0.003  0.000   48.282    7.467    0    0  (Gen:  0)
   521064    141168   7279208  0.003  0.000   48.287    7.468    0    0  (Gen:  0)
   521008    102456   7328448  0.003  0.000   48.291    7.468    0    0  (Gen:  0)
   521016    112504   7368936  0.003  0.000   48.295    7.469    0    0  (Gen:  0)
   521232    139736   7438392  0.002  0.000   48.299    7.470    0    0  (Gen:  0)
   520440    131672   7503560  0.002  0.000   48.303    7.470    0    0  (Gen:  0)
   537392    109152   7561976  0.003  0.000   48.307    7.471    0    0  (Gen:  0)
   520544     74848   7629880  0.003  0.000   48.311    7.471    0    0  (Gen:  0)
   521096    153800   7711544  0.003  0.000   48.316    7.472    0    0  (Gen:  0)
   520592    147088   7794264  0.003  0.000   48.320    7.473    0    0  (Gen:  0)
   520976    103248   7854848  0.003  0.000   48.325    7.474    0    0  (Gen:  0)
   520888    147800   7927888  0.003  0.000   48.330    7.474    0    0  (Gen:  0)
   520768    133296   7996136  0.003  0.000   48.334    7.475    0    0  (Gen:  0)
   520704    102160   8052432  0.003  0.000   48.339    7.476    0    0  (Gen:  0)
   521368    130504   8105344  0.003  0.000   48.344    7.476    0    0  (Gen:  0)
   520856    161664   8192448  0.003  0.000   48.348    7.477    0    0  (Gen:  0)
   521128    119680   8252688  0.003  0.000   48.352    7.478    0    0  (Gen:  0)
   521256    130112   8303576  0.003  0.000   48.357    7.478    0    0  (Gen:  0)
   521024    167144   8392176  0.003  0.000   48.362    7.479    0    0  (Gen:  0)
   520920    123448   8447312  0.004  0.000   48.367    7.480    0    0  (Gen:  0)
   520608    163736   8530640  0.003  0.000   48.371    7.480    0    0  (Gen:  0)
   520456    152064   8613376  0.004  0.000   48.377    7.481    0    0  (Gen:  0)
   521080    137032   8670936  0.005  0.000   48.385    7.482    0    0  (Gen:  0)
   521360    165448   8754200  0.003  0.000   48.389    7.483    0    0  (Gen:  0)
   520688    127480   8827352  0.003  0.000   48.393    7.484    0    0  (Gen:  0)
   520640    176184   8922224  0.003  0.000   48.397    7.484    0    0  (Gen:  0)
   520768    148768   8994240  0.003  0.000   48.402    7.485    0    0  (Gen:  0)
   520704    109712   9062912  0.003  0.000   48.406    7.486    0    0  (Gen:  0)
   521488    162600   9142952  0.003  0.000   48.411    7.486    0    0  (Gen:  0)
   537728    153232   9221960  0.002  0.000   48.415    7.487    0    0  (Gen:  0)
   521344    123632   9288672  0.003  0.000   48.420    7.488    0    0  (Gen:  0)
   521136    164000   9369120  0.004  0.000   48.425    7.489    0    0  (Gen:  0)
   520584    156448   9447624  0.003  0.000   48.431    7.489    0    0  (Gen:  0)
   520496    128784   9516568  0.002  0.000   48.435    7.490    0    0  (Gen:  0)
   520696    123184   9588856  0.003  0.000   48.439    7.491    0    0  (Gen:  0)
   521016    162368   9667904  0.003  0.000   48.443    7.491    0    0  (Gen:  0)
   520640    132344   9730560  0.003  0.000   48.448    7.492    0    0  (Gen:  0)
   520376    142520   9790488  0.004  0.000   48.453    7.493    0    0  (Gen:  0)
   520296    181752   9887568  0.003  0.000   48.458    7.494    0    0  (Gen:  0)
   521224    142120   9948696  0.004  0.000   48.463    7.494    0    0  (Gen:  0)
   521112    146064  10007400  0.004  0.000   48.468    7.495    0    0  (Gen:  0)
   521120    174368  10097912  0.004  0.000   48.474    7.496    0    0  (Gen:  0)
   520128    143776  10156456  0.006  0.001   48.481    7.497    0    0  (Gen:  0)
   521152    186920  10257776  0.004  0.000   48.487    7.498    0    0  (Gen:  0)
   520816    106720  10334904  0.003  0.000   48.491    7.498    0    0  (Gen:  0)
   521544    168096  10416928  0.003  0.000   48.495    7.499    0    0  (Gen:  0)
   520064    162248  10509072  0.003  0.000   48.500    7.500    0    0  (Gen:  0)
   521160    120720  10582904  0.003  0.000   48.505    7.501    0    0  (Gen:  0)
   520936    182824  10678952  0.003  0.000   48.509    7.501    0    0  (Gen:  0)
   521040    154160  10755376  0.003  0.000   48.514    7.502    0    0  (Gen:  0)
   520712    115352  10826776  0.003  0.000   48.519    7.503    0    0  (Gen:  0)
   520864    172248  10911392  0.004  0.000   48.525    7.504    0    0  (Gen:  0)
   520520    176464  11008176  0.003  0.000   48.530    7.504    0    0  (Gen:  0)
   521208    136816  11078168  0.003  0.000   48.534    7.505    0    0  (Gen:  0)
   521160    187928  11178272  0.004  0.000   48.539    7.506    0    0  (Gen:  0)
   520968    134184  11268184  0.002  0.000   48.543    7.507    0    0  (Gen:  0)
   521240    139816  11338024  0.004  0.000   48.549    7.507    0    0  (Gen:  0)
   520360    153744  11401336  0.004  0.000   48.554    7.508    0    0  (Gen:  0)
   520608    189576  11501672  0.003  0.000   48.559    7.509    0    0  (Gen:  0)
   520968    135920  11570464  0.004  0.000   48.564    7.510    0    0  (Gen:  0)
   520472    173312  11653200  0.003  0.000   48.569    7.510    0    0  (Gen:  0)
   520864    157248  11749920  0.003  0.000   48.574    7.511    0    0  (Gen:  0)
   521056    143960  11819136  0.004  0.000   48.580    7.512    0    0  (Gen:  0)
   521016    177144  11904616  0.003  0.000   48.585    7.513    0    0  (Gen:  0)
   521024    113992  11941536  0.002  0.000   48.589    7.513    0    0  (Gen:  0)
   520720     46080  11961280  0.002  0.000   48.592    7.514    0    0  (Gen:  0)
   520184     80112  12009576  0.002  0.000   48.595    7.514    0    0  (Gen:  0)
   520440     59176  12037824  0.002  0.000   48.599    7.515    0    0  (Gen:  0)
   520448     88848  12082224  0.002  0.000   48.602    7.515    0    0  (Gen:  0)
   521592     96472  12131408  0.002  0.000   48.605    7.516    0    0  (Gen:  0)
   521216     77696  12164856  0.002  0.000   48.610    7.517    0    0  (Gen:  0)
   520584     86160  12196664  0.002  0.000   48.614    7.517    0    0  (Gen:  0)
   520488    117336  12258216  0.003  0.000   48.618    7.518    0    0  (Gen:  0)
   520720    115016  12314576  0.003  0.000   48.623    7.518    0    0  (Gen:  0)
   520616    117320  12384744  0.003  0.000   48.627    7.519    0    0  (Gen:  0)
   520536   4214368   5195960  0.011  0.001   48.640    7.521    0    0  (Gen:  1)
   521464    131824   5265152  0.002  0.000   48.644    7.521    0    0  (Gen:  0)
   521016    121072   5325784  0.002  0.000   48.647    7.522    0    0  (Gen:  0)
   520832    100520   5374240  0.002  0.000   48.651    7.522    0    0  (Gen:  0)
   521104    107872   5415136  0.002  0.000   48.654    7.523    0    0  (Gen:  0)
   521016    144000   5490696  0.002  0.000   48.658    7.523    0    0  (Gen:  0)
   520704    114664   5537864  0.002  0.000   48.661    7.524    0    0  (Gen:  0)
   521176    113480   5578744  0.002  0.000   48.664    7.524    0    0  (Gen:  0)
   520984    139016   5647680  0.002  0.000   48.667    7.525    0    0  (Gen:  0)
   520792    118176   5694584  0.002  0.000   48.671    7.526    0    0  (Gen:  0)
   660976    126144   5749232  0.002  0.000   48.674    7.526    0    0  (Gen:  0)
   520600    119040   5811616  0.002  0.000   48.678    7.527    0    0  (Gen:  0)
   521000    156952   5896576  0.002  0.000   48.681    7.527    0    0  (Gen:  0)
   520848    136456   5964168  0.002  0.000   48.685    7.528    0    0  (Gen:  0)
   520992    115544   6022872  0.002  0.000   48.688    7.528    0    0  (Gen:  0)
   521104    149184   6097280  0.002  0.000   48.692    7.529    0    0  (Gen:  0)
   520560    143120   6166136  0.002  0.000   48.695    7.530    0    0  (Gen:  0)
   520816    120352   6221064  0.002  0.000   48.699    7.530    0    0  (Gen:  0)
   520736    131960   6274224  0.002  0.000   48.702    7.531    0    0  (Gen:  0)
   520072    150824   6348520  0.002  0.000   48.706    7.531    0    0  (Gen:  0)
   521120    129384   6406864  0.002  0.000   48.709    7.532    0    0  (Gen:  0)
   521432    131968   6459832  0.002  0.000   48.713    7.532    0    0  (Gen:  0)
   525160    160264   6539864  0.002  0.000   48.716    7.533    0    0  (Gen:  0)
   520712    132328   6595024  0.004  0.000   48.721    7.534    0    0  (Gen:  0)
   520520     99368   6690192  0.002  0.000   48.725    7.534    0    0  (Gen:  0)
   520144     97080   6766680  0.003  0.000   48.729    7.535    0    0  (Gen:  0)
   521032    158720   6841784  0.003  0.000   48.733    7.536    0    0  (Gen:  0)
   525744    151624   6928664  0.003  0.000   48.738    7.536    0    0  (Gen:  0)
   520848    107432   6999176  0.003  0.000   48.743    7.537    0    0  (Gen:  0)
   520808    173400   7091408  0.003  0.000   48.747    7.538    0    0  (Gen:  0)
   525312    150896   7164248  0.003  0.000   48.751    7.538    0    0  (Gen:  0)
   520992    116096   7230384  0.003  0.000   48.755    7.539    0    0  (Gen:  0)
   529160    164776   7312800  0.003  0.000   48.760    7.540    0    0  (Gen:  0)
   557800    158784   7392144  0.003  0.000   48.764    7.540    0    0  (Gen:  0)
   521000    121304   7458184  0.003  0.000   48.768    7.541    0    0  (Gen:  0)
   521112    181888   7555928  0.003  0.000   48.773    7.542    0    0  (Gen:  0)
   520472    130216   7640640  0.002  0.000   48.777    7.542    0    0  (Gen:  0)
   521032    126968   7703224  0.004  0.000   48.782    7.543    0    0  (Gen:  0)
   520904    141496   7760792  0.004  0.000   48.787    7.544    0    0  (Gen:  0)
   521384    173000   7851712  0.003  0.000   48.792    7.545    0    0  (Gen:  0)
   520672    135640   7912824  0.003  0.000   48.797    7.545    0    0  (Gen:  0)
   520264    142952   7973008  0.004  0.000   48.802    7.546    0    0  (Gen:  0)
   520352    172936   8059672  0.003  0.000   48.807    7.547    0    0  (Gen:  0)
   521512    143152   8119896  0.004  0.000   48.812    7.548    0    0  (Gen:  0)
   520848    152672   8185184  0.004  0.000   48.817    7.548    0    0  (Gen:  0)
   521160     91424   8264800  0.003  0.000   48.821    7.549    0    0  (Gen:  0)
   520824    183032   8360936  0.003  0.000   48.826    7.550    0    0  (Gen:  0)
   520912    143584   8436144  0.002  0.000   48.830    7.550    0    0  (Gen:  0)
   520512    128840   8509240  0.003  0.000   48.834    7.551    0    0  (Gen:  0)
   521240    169064   8593320  0.003  0.000   48.839    7.552    0    0  (Gen:  0)
   521160    157752   8671376  0.003  0.000   48.843    7.553    0    0  (Gen:  0)
   521040    125240   8742824  0.003  0.000   48.849    7.553    0    0  (Gen:  0)
   520760    180368   8835560  0.003  0.000   48.853    7.554    0    0  (Gen:  0)
   520912    162960   8914576  0.003  0.000   48.857    7.555    0    0  (Gen:  0)
   520968    124528   8984112  0.003  0.000   48.862    7.555    0    0  (Gen:  0)
   520672    151056   9046224  0.004  0.000   48.867    7.556    0    0  (Gen:  0)
   521008    183904   9145888  0.003  0.000   48.872    7.557    0    0  (Gen:  0)
   521104    128592   9214184  0.003  0.000   48.878    7.558    0    0  (Gen:  0)
   520832    193456   9320976  0.004  0.000   48.883    7.558    0    0  (Gen:  0)
   520960    139904   9410576  0.003  0.000   48.887    7.559    0    0  (Gen:  0)
   520824    141984   9479552  0.003  0.000   48.893    7.560    0    0  (Gen:  0)
   521088    153440   9543040  0.004  0.000   48.898    7.561    0    0  (Gen:  0)
   520360    187544   9640584  0.003  0.000   48.903    7.561    0    0  (Gen:  0)
   520880    144672   9706840  0.004  0.000   48.908    7.562    0    0  (Gen:  0)
   521040    175520   9790656  0.003  0.000   48.913    7.563    0    0  (Gen:  0)
   520344    161280   9881264  0.003  0.000   48.917    7.564    0    0  (Gen:  0)
   520536    153184   9950968  0.004  0.000   48.923    7.565    0    0  (Gen:  0)
   520712    157312  10015536  0.004  0.000   48.928    7.565    0    0  (Gen:  0)
   520896    125968  10049328  0.003  0.000   48.932    7.566    0    0  (Gen:  0)
   521008     48592  10069320  0.002  0.000   48.936    7.566    0    0  (Gen:  0)
   520520     92960  10129816  0.002  0.000   48.940    7.567    0    0  (Gen:  0)
   520848     57200  10157944  0.002  0.000   48.943    7.568    0    0  (Gen:  0)
   520752     71016  10182528  0.002  0.000   48.947    7.568    0    0  (Gen:  0)
   520984    107080  10241408  0.002  0.000   48.951    7.569    0    0  (Gen:  0)
   520792   4125584   5107160  0.012  0.001   48.964    7.570    0    0  (Gen:  1)
   520728     92920   5144464  0.002  0.000   48.968    7.571    0    0  (Gen:  0)
   521176     85032   5196424  0.002  0.000   48.971    7.571    0    0  (Gen:  0)
   521264    118872   5254392  0.002  0.000   48.975    7.572    0    0  (Gen:  0)
   520960    107984   5307896  0.002  0.000   48.979    7.572    0    0  (Gen:  0)
   521104     91144   5353408  0.002  0.000   48.982    7.573    0    0  (Gen:  0)
   520936    126120   5418408  0.002  0.000   48.986    7.574    0    0  (Gen:  0)
   520880    126416   5479704  0.002  0.000   48.990    7.574    0    0  (Gen:  0)
   521152    103864   5527856  0.003  0.000   48.995    7.575    0    0  (Gen:  0)
   520648    109008   5568768  0.003  0.000   49.000    7.576    0    0  (Gen:  0)
   520792    138064   5637136  0.003  0.000   49.005    7.576    0    0  (Gen:  0)
   520880    114168   5683208  0.003  0.000   49.010    7.577    0    0  (Gen:  0)
   520784    120984   5731760  0.003  0.000   49.015    7.578    0    0  (Gen:  0)
   520840     98864   5794536  0.002  0.000   49.019    7.579    0    0  (Gen:  0)
   521184    141664   5863712  0.003  0.000   49.023    7.579    0    0  (Gen:  0)
   520840    132256   5930592  0.003  0.000   49.028    7.580    0    0  (Gen:  0)
   521504    109384   5987744  0.003  0.000   49.033    7.581    0    0  (Gen:  0)
   520712    150744   6066440  0.003  0.000   49.038    7.581    0    0  (Gen:  0)
   520688    139232   6135504  0.002  0.000   49.042    7.582    0    0  (Gen:  0)
   521080    114304   6192680  0.003  0.000   49.047    7.583    0    0  (Gen:  0)
   521424    123984   6239768  0.003  0.000   49.052    7.584    0    0  (Gen:  0)
   520904    155976   6319048  0.003  0.000   49.057    7.584    0    0  (Gen:  0)
   520840    120320   6372704  0.003  0.000   49.062    7.585    0    0  (Gen:  0)
   521200    130392   6424912  0.003  0.000   49.067    7.586    0    0  (Gen:  0)
   520936    156568   6508368  0.003  0.000   49.072    7.587    0    0  (Gen:  0)
   521208    129264   6563984  0.003  0.000   49.077    7.588    0    0  (Gen:  0)
   521168    137232   6624216  0.003  0.000   49.083    7.588    0    0  (Gen:  0)
   521192     83432   6696208  0.003  0.000   49.087    7.589    0    0  (Gen:  0)
   520608    167096   6784920  0.003  0.000   49.092    7.590    0    0  (Gen:  0)
   520792    139544   6854536  0.003  0.000   49.097    7.590    0    0  (Gen:  0)
   520232    115224   6925472  0.003  0.000   49.102    7.591    0    0  (Gen:  0)
   521456    160936   7003448  0.003  0.000   49.106    7.592    0    0  (Gen:  0)
   520904    150568   7080272  0.003  0.000   49.111    7.593    0    0  (Gen:  0)
   520792    116512   7145560  0.003  0.000   49.116    7.593    0    0  (Gen:  0)
   520984    162984   7227168  0.003  0.000   49.120    7.594    0    0  (Gen:  0)
   520504    153760   7302064  0.003  0.000   49.125    7.595    0    0  (Gen:  0)
   521072    123504   7365720  0.003  0.000   49.130    7.596    0    0  (Gen:  0)
   521248    139600   7420928  0.003  0.000   49.136    7.597    0    0  (Gen:  0)
   673312    175584   7516312  0.003  0.000   49.141    7.597    0    0  (Gen:  0)
   521112    138648   7581200  0.003  0.000   49.146    7.598    0    0  (Gen:  0)
   521248    181368   7677624  0.003  0.000   49.151    7.599    0    0  (Gen:  0)
   520992    153752   7760904  0.003  0.000   49.155    7.600    0    0  (Gen:  0)
   521048    132528   7821240  0.003  0.000   49.161    7.600    0    0  (Gen:  0)
   520808    141304   7880072  0.003  0.000   49.166    7.601    0    0  (Gen:  0)
   521592    164736   7963184  0.003  0.000   49.171    7.602    0    0  (Gen:  0)
   520552    140464   8023016  0.003  0.000   49.176    7.603    0    0  (Gen:  0)
   520176    146160   8085648  0.003  0.000   49.182    7.604    0    0  (Gen:  0)
   520704    101848   8166808  0.003  0.000   49.186    7.604    0    0  (Gen:  0)
   521328    167536   8247336  0.003  0.000   49.191    7.605    0    0  (Gen:  0)
   520784    159720   8337736  0.003  0.000   49.196    7.606    0    0  (Gen:  0)
   521192    150472   8414408  0.003  0.000   49.201    7.607    0    0  (Gen:  0)
   520624    183704   8510864  0.003  0.000   49.206    7.607    0    0  (Gen:  0)
   521040    155792   8589840  0.003  0.000   49.211    7.608    0    0  (Gen:  0)
   520560    119200   8659512  0.003  0.000   49.216    7.609    0    0  (Gen:  0)
   521232    169544   8743624  0.003  0.000   49.221    7.610    0    0  (Gen:  0)
   521160    161344   8824368  0.003  0.000   49.226    7.611    0    0  (Gen:  0)
   521056    126944   8892640  0.003  0.000   49.231    7.611    0    0  (Gen:  0)
   520816    172376   8979256  0.003  0.000   49.236    7.612    0    0  (Gen:  0)
   520760    164864   9059312  0.003  0.000   49.241    7.613    0    0  (Gen:  0)
   521048    134784   9128744  0.003  0.000   49.247    7.614    0    0  (Gen:  0)
   520704    149408   9189176  0.004  0.000   49.252    7.615    0    0  (Gen:  0)
   566136    181040   9284600  0.003  0.000   49.257    7.615    0    0  (Gen:  0)
   520528    145208   9351064  0.003  0.000   49.263    7.616    0    0  (Gen:  0)
   520376    190752   9453240  0.003  0.000   49.268    7.617    0    0  (Gen:  0)
   520896    148168   9542744  0.003  0.000   49.273    7.618    0    0  (Gen:  0)
   520752    144592   9609992  0.003  0.000   49.278    7.619    0    0  (Gen:  0)
   520936    152576   9673872  0.004  0.000   49.284    7.620    0    0  (Gen:  0)
   521072    185416   9769536  0.003  0.000   49.288    7.620    0    0  (Gen:  0)
   521056    150160   9836384  0.003  0.000   49.294    7.621    0    0  (Gen:  0)
   520792    185128   9930440  0.003  0.000   49.299    7.622    0    0  (Gen:  0)
   520456    171632  10022568  0.003  0.000   49.304    7.623    0    0  (Gen:  0)
   520832    157680  10089952  0.004  0.000   49.309    7.624    0    0  (Gen:  0)
   520664   3994520   4976216  0.017  0.002   49.328    7.626    0    0  (Gen:  1)
   520872     30488   4996960  0.002  0.000   49.332    7.626    0    0  (Gen:  0)
   520512     67024   5039832  0.002  0.000   49.336    7.627    0    0  (Gen:  0)
   521088     68120   5075000  0.002  0.000   49.340    7.628    0    0  (Gen:  0)
   520328     65472   5103592  0.002  0.000   49.344    7.628    0    0  (Gen:  0)
   520688     71016   5128104  0.002  0.000   49.347    7.629    0    0  (Gen:  0)
   521848     99208   5179792  0.002  0.000   49.351    7.629    0    0  (Gen:  0)
   520944     80952   5211016  0.002  0.000   49.355    7.630    0    0  (Gen:  0)
   520456     96112   5253056  0.002  0.000   49.360    7.631    0    0  (Gen:  0)
   520712     80952   5302312  0.002  0.000   49.363    7.631    0    0  (Gen:  0)
   520696    118736   5359904  0.002  0.000   49.367    7.632    0    0  (Gen:  0)
   520592    115408   5416424  0.002  0.000   49.372    7.633    0    0  (Gen:  0)
   520904    101592   5460448  0.002  0.000   49.376    7.633    0    0  (Gen:  0)
   520904    147560   5546016  0.003  0.000   49.381    7.634    0    0  (Gen:  0)
   521184    132376   5613224  0.002  0.000   49.385    7.635    0    0  (Gen:  0)
   521048    107112   5659960  0.002  0.000   49.389    7.636    0    0  (Gen:  0)
   521040    108800   5700528  0.002  0.000   49.394    7.636    0    0  (Gen:  0)
   520832    139568   5771024  0.002  0.000   49.398    7.637    0    0  (Gen:  0)
   520928    113104   5814952  0.002  0.000   49.403    7.638    0    0  (Gen:  0)
   521296    124232   5867840  0.003  0.000   49.407    7.638    0    0  (Gen:  0)
   520640    110592   5929800  0.002  0.000   49.411    7.639    0    0  (Gen:  0)
   520728     86072   6011728  0.002  0.000   49.416    7.640    0    0  (Gen:  0)
   702080    127160   6073648  0.002  0.000   49.420    7.641    0    0  (Gen:  0)
   521184    115776   6130480  0.002  0.000   49.424    7.641    0    0  (Gen:  0)
   520736    149928   6208800  0.003  0.000   49.429    7.642    0    0  (Gen:  0)
   520720    138472   6277864  0.003  0.000   49.444    7.644    0    0  (Gen:  0)
   520960    111936   6333960  0.005  0.000   49.450    7.645    0    0  (Gen:  0)
   521200    163736   6422480  0.007  0.001   49.460    7.646    0    0  (Gen:  0)
   520584    121408   6498632  0.005  0.000   49.468    7.647    0    0  (Gen:  0)
   521168    115864   6551992  0.008  0.001   49.478    7.649    0    0  (Gen:  0)
   521064    131024   6605488  0.005  0.000   49.493    7.650    0    0  (Gen:  0)
   520664    151736   6683464  0.004  0.000   49.503    7.652    0    0  (Gen:  0)
   520952    128664   6738584  0.005  0.000   49.510    7.653    0    0  (Gen:  0)
   520640    169064   6831880  0.005  0.001   49.517    7.654    0    0  (Gen:  0)
   521024    105664   6932936  0.003  0.000   49.522    7.655    0    0  (Gen:  0)
   520416    122064   7022520  0.007  0.001   49.532    7.656    0    0  (Gen:  0)
   520688    130576   7092008  0.002  0.000   49.536    7.657    0    0  (Gen:  0)
   520016    134656   7163584  0.003  0.000   49.548    7.658    0    0  (Gen:  0)
   520656    172648   7253984  0.003  0.000   49.553    7.659    0    0  (Gen:  0)
   520712    158280   7330000  0.003  0.000   49.558    7.660    0    0  (Gen:  0)
   520952    131256   7397296  0.002  0.000   49.563    7.660    0    0  (Gen:  0)
   520464    167168   7482000  0.003  0.000   49.567    7.661    0    0  (Gen:  0)
   521088    156256   7557448  0.003  0.000   49.573    7.662    0    0  (Gen:  0)
   520648    126616   7620288  0.002  0.000   49.577    7.663    0    0  (Gen:  0)
   520656    140360   7676424  0.003  0.000   49.582    7.664    0    0  (Gen:  0)
   537160    166392   7757600  0.003  0.000   49.587    7.665    0    0  (Gen:  0)
   521112    143072   7820912  0.003  0.000   49.592    7.665    0    0  (Gen:  0)
   520336    177016   7914080  0.003  0.000   49.597    7.666    0    0  (Gen:  0)
   520992    148784   7996496  0.003  0.000   49.602    7.667    0    0  (Gen:  0)
   520600    139560   8058032  0.003  0.000   49.606    7.668    0    0  (Gen:  0)
   520736    141016   8115696  0.003  0.000   49.611    7.669    0    0  (Gen:  0)
   520472    166624   8200280  0.002  0.000   49.616    7.669    0    0  (Gen:  0)
   521256    141632   8258560  0.003  0.000   49.621    7.670    0    0  (Gen:  0)
   521224    152080   8326808  0.003  0.000   49.626    7.671    0    0  (Gen:  0)
   520624    134240   8404704  0.002  0.000   49.631    7.672    0    0  (Gen:  0)
   520632    168296   8486296  0.003  0.000   49.636    7.673    0    0  (Gen:  0)
   521040    163832   8578232  0.004  0.000   49.642    7.674    0    0  (Gen:  0)
   520952    106648   8651960  0.003  0.000   49.647    7.675    0    0  (Gen:  0)
   521104    179128   8743552  0.003  0.000   49.653    7.675    0    0  (Gen:  0)
   520736    159600   8821920  0.003  0.000   49.658    7.676    0    0  (Gen:  0)
   520912    130272   8891656  0.004  0.000   49.664    7.677    0    0  (Gen:  0)
   520464    169744   8976080  0.004  0.000   49.670    7.678    0    0  (Gen:  0)
   521152    163264   9057320  0.003  0.000   49.675    7.679    0    0  (Gen:  0)
   520848    133648   9125424  0.023  0.002   49.700    7.682    0    0  (Gen:  0)
   521240    148672   9185456  0.004  0.000   49.706    7.683    0    0  (Gen:  0)
   520736    183328   9281664  0.003  0.000   49.710    7.684    0    0  (Gen:  0)
   521152    130040   9349136  0.004  0.000   49.716    7.684    0    0  (Gen:  0)
   520632    180024   9440688  0.003  0.000   49.721    7.685    0    0  (Gen:  0)
   520840    147120   9531152  0.002  0.000   49.725    7.686    0    0  (Gen:  0)
   520392    144096   9596088  0.002  0.000   49.728    7.687    0    0  (Gen:  0)
   520552    186296   9694904  0.003  0.000   49.756    7.690    0    0  (Gen:  0)
   520760    162600   9783264  0.003  0.000   49.761    7.690    0    0  (Gen:  0)
   520752    146768   9850344  0.004  0.000   49.766    7.691    0    0  (Gen:  0)
   521032    153536   9914568  0.004  0.000   49.772    7.692    0    0  (Gen:  0)
   521064   5310360   6291848  0.015  0.001   49.789    7.694    0    0  (Gen:  1)
   520816    183216   6385040  0.003  0.000   49.794    7.695    0    0  (Gen:  0)
   520752    145584   6459440  0.003  0.000   49.799    7.696    0    0  (Gen:  0)
   520760    160136   6544584  0.003  0.000   49.803    7.696    0    0  (Gen:  0)
   520616    179712   6631160  0.003  0.000   49.808    7.697    0    0  (Gen:  0)
   520784    140920   6703888  0.003  0.000   49.813    7.698    0    0  (Gen:  0)
   521096     31712   6723592  0.001  0.000   49.816    7.698    0    0  (Gen:  0)
   521384     67432   6765640  0.002  0.000   49.819    7.699    0    0  (Gen:  0)
   520872     71472   6802656  0.002  0.000   49.822    7.699    0    0  (Gen:  0)
   520376     58432   6828648  0.002  0.000   49.826    7.700    0    0  (Gen:  0)
   520864     71824   6853712  0.002  0.000   49.829    7.700    0    0  (Gen:  0)
   521744    101152   6907296  0.002  0.000   49.833    7.701    0    0  (Gen:  0)
   520840     81840   6937320  0.002  0.000   49.837    7.702    0    0  (Gen:  0)
   520496    100240   6981544  0.002  0.000   49.840    7.702    0    0  (Gen:  0)
   520848     85656   7028864  0.002  0.000   49.844    7.703    0    0  (Gen:  0)
   520608    120392   7087856  0.002  0.000   49.847    7.703    0    0  (Gen:  0)
   520616    115928   7144200  0.002  0.000   49.851    7.704    0    0  (Gen:  0)
   520912     89144   7185792  0.003  0.000   49.855    7.704    0    0  (Gen:  0)
   520944    140712   7265832  0.002  0.000   49.859    7.705    0    0  (Gen:  0)
   520936    129440   7333944  0.002  0.000   49.863    7.706    0    0  (Gen:  0)
   521144    104640   7378656  0.003  0.000   49.867    7.706    0    0  (Gen:  0)
   521152    113152   7422072  0.003  0.000   49.871    7.707    0    0  (Gen:  0)
   520888     72376   7485840  0.002  0.000   49.875    7.708    0    0  (Gen:  0)
   520952    146840   7564160  0.003  0.000   49.879    7.708    0    0  (Gen:  0)
   521264    122064   7626496  0.002  0.000   49.883    7.709    0    0  (Gen:  0)
   520432     96888   7685568  0.003  0.000   49.887    7.709    0    0  (Gen:  0)
   521032    143536   7756096  0.002  0.000   49.891    7.710    0    0  (Gen:  0)
   521208    135872   7822752  0.002  0.000   49.895    7.711    0    0  (Gen:  0)
   520832    104592   7877664  0.003  0.000   49.899    7.711    0    0  (Gen:  0)
   521128     96760   7969912  0.002  0.000   49.902    7.712    0    0  (Gen:  0)
   520832    117864   8043464  0.002  0.000   49.906    7.712    0    0  (Gen:  0)
   520760    110656   8097368  0.003  0.000   49.911    7.713    0    0  (Gen:  0)
   520976    142760   8165800  0.003  0.000   49.915    7.714    0    0  (Gen:  0)
   520664    134360   8239848  0.003  0.000   49.918    7.714    0    0  (Gen:  0)
   521288    122360   8294216  0.003  0.000   49.924    7.715    0    0  (Gen:  0)
   521056    135400   8350760  0.003  0.000   49.928    7.716    0    0  (Gen:  0)
   520696     89800   8421728  0.003  0.000   49.932    7.716    0    0  (Gen:  0)
   520888    155576   8497496  0.003  0.000   49.937    7.717    0    0  (Gen:  0)
   520736    148896   8582688  0.003  0.000   49.941    7.718    0    0  (Gen:  0)
   520624    108192   8646584  0.003  0.000   49.945    7.718    0    0  (Gen:  0)
   520472    153000   8722528  0.003  0.000   49.949    7.719    0    0  (Gen:  0)
   520968    142080   8795872  0.002  0.000   49.954    7.720    0    0  (Gen:  0)
   519992    122592   8862344  0.003  0.000   49.958    7.720    0    0  (Gen:  0)
   520352    162472   8944344  0.003  0.000   49.963    7.721    0    0  (Gen:  0)
   521144    159008   9023152  0.003  0.000   49.967    7.722    0    0  (Gen:  0)
   520712    126256   9086816  0.003  0.000   49.971    7.723    0    0  (Gen:  0)
   520704    140328   9142656  0.003  0.000   49.976    7.723    0    0  (Gen:  0)
   520920    169096   9229728  0.003  0.000   49.981    7.724    0    0  (Gen:  0)
   520864    131272   9289904  0.003  0.000   49.985    7.725    0    0  (Gen:  0)
   520560    139712   9346704  0.004  0.000   49.990    7.725    0    0  (Gen:  0)
   562520    172744   9436264  0.003  0.000   49.995    7.726    0    0  (Gen:  0)
   521104    136904   9497112  0.003  0.000   50.000    7.727    0    0  (Gen:  0)
   520344    176744   9591512  0.003  0.000   50.005    7.728    0    0  (Gen:  0)
   520856    148280   9671008  0.003  0.000   50.009    7.728    0    0  (Gen:  0)
   520888    139680   9729896  0.004  0.000   50.014    7.729    0    0  (Gen:  0)
   520448    170104   9816416  0.003  0.000   50.018    7.730    0    0  (Gen:  0)
   520560    126472   9891208  0.003  0.000   50.023    7.730    0    0  (Gen:  0)
   521296    181048   9986784  0.003  0.000   50.027    7.731    0    0  (Gen:  0)
   521224    152568  10064760  0.002  0.000   50.031    7.732    0    0  (Gen:  0)
   520592    130768  10137224  0.003  0.000   50.035    7.732    0    0  (Gen:  0)
   520760    169296  10219192  0.003  0.000   50.040    7.733    0    0  (Gen:  0)
   521160    155432  10297736  0.003  0.000   50.044    7.734    0    0  (Gen:  0)
   520704    131928  10365824  0.003  0.000   50.049    7.734    0    0  (Gen:  0)
   521296    171208  10451472  0.003  0.000   50.053    7.735    0    0  (Gen:  0)
   520304    165440  10531984  0.003  0.000   50.057    7.736    0    0  (Gen:  0)
   521128    130888  10599432  0.003  0.000   50.062    7.737    0    0  (Gen:  0)
   520536    148008  10660864  0.004  0.000   50.068    7.737    0    0  (Gen:  0)
   521240    179392  10753992  0.003  0.000   50.072    7.738    0    0  (Gen:  0)
   520808    138856  10818384  0.003  0.000   50.077    7.739    0    0  (Gen:  0)
   521416    147640  10876776  0.004  0.000   50.082    7.740    0    0  (Gen:  0)
   520576    181640  10972352  0.003  0.000   50.087    7.740    0    0  (Gen:  0)
   521104    141488  11036616  0.004  0.000   50.092    7.741    0    0  (Gen:  0)
   520912    148744  11097104  0.004  0.000   50.097    7.742    0    0  (Gen:  0)
   524112    177104  11188912  0.003  0.000   50.102    7.743    0    0  (Gen:  0)
   520880    148456  11252944  0.004  0.000   50.107    7.743    0    0  (Gen:  0)
   520832    190040  11354896  0.004  0.000   50.113    7.744    0    0  (Gen:  0)
   520896     89104  11437856  0.003  0.000   50.118    7.745    0    0  (Gen:  0)
   521000    183824  11533896  0.003  0.000   50.123    7.746    0    0  (Gen:  0)
   520976    143136  11613456  0.003  0.000   50.127    7.747    0    0  (Gen:  0)
   521224    112704  11693688  0.003  0.000   50.131    7.747    0    0  (Gen:  0)
   520568    191872  11795736  0.003  0.000   50.136    7.748    0    0  (Gen:  0)
   520808    155920  11875128  0.003  0.000   50.140    7.749    0    0  (Gen:  0)
   520840    118144  11955528  0.003  0.000   50.145    7.749    0    0  (Gen:  0)
   520472    182472  12043144  0.003  0.000   50.150    7.750    0    0  (Gen:  0)
   524704    142400  12107264  0.003  0.000   50.154    7.751    0    0  (Gen:  0)
   520944     36376  12127336  0.002  0.000   50.158    7.751    0    0  (Gen:  0)
   521432     78296  12177744  0.002  0.000   50.161    7.752    0    0  (Gen:  0)
   520712     72408  12220152  0.002  0.000   50.164    7.752    0    0  (Gen:  0)
   520368     64032  12245760  0.002  0.000   50.168    7.753    0    0  (Gen:  0)
   521128     81640  12278240  0.002  0.000   50.171    7.753    0    0  (Gen:  0)
   521552   4116632   5098112  0.013  0.001   50.186    7.755    0    0  (Gen:  1)
   520872    118496   5163008  0.002  0.000   50.190    7.756    0    0  (Gen:  0)
   520320    101688   5213680  0.002  0.000   50.194    7.756    0    0  (Gen:  0)
   520888     91120   5258512  0.002  0.000   50.198    7.757    0    0  (Gen:  0)
   520488     95936   5293552  0.003  0.000   50.202    7.757    0    0  (Gen:  0)
   520824    136032   5369376  0.002  0.000   50.206    7.758    0    0  (Gen:  0)
   521016     93472   5408912  0.003  0.000   50.211    7.759    0    0  (Gen:  0)
   520952    137360   5484336  0.002  0.000   50.215    7.759    0    0  (Gen:  0)
   520904    123984   5551592  0.002  0.000   50.218    7.760    0    0  (Gen:  0)
   521160    107608   5593896  0.003  0.000   50.223    7.761    0    0  (Gen:  0)
   520944    122552   5647504  0.002  0.000   50.227    7.761    0    0  (Gen:  0)
   521248     90248   5702856  0.002  0.000   50.231    7.762    0    0  (Gen:  0)
   520952    135416   5769712  0.002  0.000   50.235    7.762    0    0  (Gen:  0)
   521176    128512   5835304  0.002  0.000   50.239    7.763    0    0  (Gen:  0)
   520352    113488   5890184  0.003  0.000   50.243    7.764    0    0  (Gen:  0)
   521216    118544   5934776  0.003  0.000   50.248    7.764    0    0  (Gen:  0)
   673104    147088   6013728  0.002  0.000   50.252    7.765    0    0  (Gen:  0)
   520496    107152   6065608  0.003  0.000   50.257    7.766    0    0  (Gen:  0)
   521376     93896   6155136  0.002  0.000   50.260    7.766    0    0  (Gen:  0)
   520952    124120   6230336  0.002  0.000   50.264    7.767    0    0  (Gen:  0)
   521016    111608   6280640  0.003  0.000   50.268    7.768    0    0  (Gen:  0)
   520616    143696   6351568  0.003  0.000   50.273    7.768    0    0  (Gen:  0)
   520168    142368   6427216  0.003  0.000   50.277    7.769    0    0  (Gen:  0)
   520736    125016   6479112  0.003  0.000   50.282    7.770    0    0  (Gen:  0)
   520544    137608   6538256  0.003  0.000   50.287    7.770    0    0  (Gen:  0)
   520760     94768   6608304  0.003  0.000   50.291    7.771    0    0  (Gen:  0)
   520856    155696   6684192  0.003  0.000   50.295    7.772    0    0  (Gen:  0)
   524896    138648   6756976  0.003  0.000   50.300    7.772    0    0  (Gen:  0)
   521264    102528   6819896  0.003  0.000   50.304    7.773    0    0  (Gen:  0)
   520408    162264   6905672  0.003  0.000   50.308    7.774    0    0  (Gen:  0)
   520992    151128   6980336  0.002  0.000   50.313    7.774    0    0  (Gen:  0)
   519936    121784   7045688  0.003  0.000   50.317    7.775    0    0  (Gen:  0)
   520264    137120   7100056  0.004  0.000   50.322    7.776    0    0  (Gen:  0)
   525328    174176   7193176  0.003  0.000   50.327    7.776    0    0  (Gen:  0)
   520752    131096   7256320  0.003  0.000   50.332    7.777    0    0  (Gen:  0)
   520928    103032   7355096  0.002  0.000   50.335    7.778    0    0  (Gen:  0)
   525056    137376   7437848  0.002  0.000   50.339    7.778    0    0  (Gen:  0)
   524952    127552   7495104  0.003  0.000   50.344    7.779    0    0  (Gen:  0)
   537600    140576   7553504  0.004  0.000   50.349    7.780    0    0  (Gen:  0)
   549680    167088   7637080  0.003  0.000   50.354    7.781    0    0  (Gen:  0)
   521104    138112   7696944  0.004  0.000   50.359    7.781    0    0  (Gen:  0)
   520992    177024   7793600  0.004  0.000   50.364    7.782    0    0  (Gen:  0)
   520504     90096   7865368  0.002  0.000   50.368    7.783    0    0  (Gen:  0)
   521480    160224   7945064  0.003  0.000   50.372    7.783    0    0  (Gen:  0)
   520416    155944   8033504  0.003  0.000   50.376    7.784    0    0  (Gen:  0)
   520912    115952   8105800  0.003  0.000   50.381    7.785    0    0  (Gen:  0)
   520664     98936   8200656  0.002  0.000   50.385    7.785    0    0  (Gen:  0)
   521176    153816   8278880  0.003  0.000   50.389    7.786    0    0  (Gen:  0)
   520672    133936   8350520  0.003  0.000   50.394    7.787    0    0  (Gen:  0)
   521160    176064   8439568  0.003  0.000   50.398    7.787    0    0  (Gen:  0)
   521200    160672   8518856  0.003  0.000   50.403    7.788    0    0  (Gen:  0)
   520688    131056   8586816  0.005  0.000   50.408    7.789    0    0  (Gen:  0)
   521232    193344   8694752  0.004  0.000   50.413    7.790    0    0  (Gen:  0)
   521000    140496   8781528  0.003  0.000   50.417    7.790    0    0  (Gen:  0)
   520832    135968   8847552  0.005  0.000   50.422    7.791    0    0  (Gen:  0)
   520976    148264   8908360  0.005  0.000   50.428    7.792    0    0  (Gen:  0)
   520528    180216   9004048  0.003  0.000   50.433    7.793    0    0  (Gen:  0)
   520808    134408   9066936  0.005  0.000   50.438    7.794    0    0  (Gen:  0)
   521304    186792   9166456  0.004  0.000   50.443    7.794    0    0  (Gen:  0)
   520408    160968   9254016  0.004  0.000   50.448    7.795    0    0  (Gen:  0)
   520936    146192   9317904  0.005  0.000   50.453    7.796    0    0  (Gen:  0)
   520936    147496   9377256  0.004  0.000   50.459    7.797    0    0  (Gen:  0)
   520624     97416   9470896  0.003  0.000   50.463    7.797    0    0  (Gen:  0)
   519904    147600   9531240  0.005  0.000   50.469    7.798    0    0  (Gen:  0)
   521176    180936   9623288  0.003  0.000   50.473    7.799    0    0  (Gen:  0)
   521600    125240   9703312  0.004  0.000   50.479    7.800    0    0  (Gen:  0)
   520512    173056   9787584  0.003  0.000   50.483    7.800    0    0  (Gen:  0)
   520280    149936   9869824  0.004  0.000   50.487    7.801    0    0  (Gen:  0)
   520968    113944   9946360  0.003  0.000   50.491    7.802    0    0  (Gen:  0)
   520504    189704  10048128  0.003  0.000   50.495    7.803    0    0  (Gen:  0)
   520848   5349392   6335120  0.016  0.001   50.512    7.804    0    0  (Gen:  1)
   520080    157504   6402376  0.004  0.000   50.518    7.805    0    0  (Gen:  0)
   521224    182448   6490448  0.003  0.000   50.523    7.806    0    0  (Gen:  0)
   520720    144504   6551064  0.004  0.000   50.527    7.807    0    0  (Gen:  0)
   521080     37792   6570984  0.002  0.000   50.530    7.807    0    0  (Gen:  0)
   521448     80680   6623248  0.002  0.000   50.533    7.808    0    0  (Gen:  0)
   520712     77328   6664136  0.002  0.000   50.537    7.808    0    0  (Gen:  0)
   520328     65616   6690312  0.003  0.000   50.540    7.809    0    0  (Gen:  0)
   521240     84584   6725432  0.002  0.000   50.544    7.809    0    0  (Gen:  0)
   521496     76656   6767192  0.002  0.000   50.547    7.810    0    0  (Gen:  0)
   520704    111944   6825392  0.003  0.000   50.551    7.811    0    0  (Gen:  0)
   520392    106272   6878232  0.002  0.000   50.554    7.811    0    0  (Gen:  0)
   520824     88904   6921344  0.003  0.000   50.558    7.812    0    0  (Gen:  0)
   520512     96672   6956480  0.002  0.000   50.561    7.812    0    0  (Gen:  0)
   660856    128856   7024696  0.003  0.000   50.565    7.813    0    0  (Gen:  0)
   520440     96120   7063464  0.003  0.000   50.569    7.814    0    0  (Gen:  0)
   520480    136296   7137744  0.003  0.000   50.573    7.814    0    0  (Gen:  0)
   521032    126896   7204960  0.003  0.000   50.577    7.815    0    0  (Gen:  0)
   521160    106264   7247088  0.003  0.000   50.581    7.815    0    0  (Gen:  0)
   524712    140200   7319248  0.004  0.000   50.586    7.816    0    0  (Gen:  0)
   521200     83528   7377688  0.003  0.000   50.590    7.817    0    0  (Gen:  0)
   520984    146176   7455744  0.003  0.000   50.594    7.817    0    0  (Gen:  0)
   524568    130240   7520256  0.003  0.000   50.598    7.818    0    0  (Gen:  0)
   525128    104112   7576328  0.003  0.000   50.601    7.819    0    0  (Gen:  0)
   524864    118432   7620320  0.004  0.000   50.606    7.819    0    0  (Gen:  0)
   561400    153224   7700552  0.003  0.000   50.610    7.820    0    0  (Gen:  0)
   520944    111840   7752368  0.003  0.000   50.614    7.821    0    0  (Gen:  0)
   520688    160712   7839544  0.003  0.000   50.619    7.821    0    0  (Gen:  0)
   520808    132488   7914880  0.003  0.000   50.623    7.822    0    0  (Gen:  0)
   521256    119296   7964880  0.003  0.000   50.627    7.823    0    0  (Gen:  0)
   520360    124360   8014832  0.003  0.000   50.631    7.823    0    0  (Gen:  0)
   520392    136512   8084264  0.003  0.000   50.636    7.824    0    0  (Gen:  0)
   520888    126144   8137048  0.004  0.000   50.640    7.825    0    0  (Gen:  0)
   520536    167456   8226696  0.004  0.000   50.645    7.825    0    0  (Gen:  0)
   520952    104248   8294952  0.003  0.000   50.649    7.826    0    0  (Gen:  0)
   521032    155264   8370200  0.003  0.000   50.653    7.827    0    0  (Gen:  0)
   520720    142344   8443720  0.003  0.000   50.657    7.827    0    0  (Gen:  0)
   521088    118408   8504728  0.003  0.000   50.661    7.828    0    0  (Gen:  0)
   521520    154504   8583512  0.003  0.000   50.666    7.829    0    0  (Gen:  0)
   521256    150824   8658280  0.002  0.000   50.670    7.829    0    0  (Gen:  0)
   520136    126568   8723472  0.003  0.000   50.674    7.830    0    0  (Gen:  0)
   520488    137016   8777752  0.004  0.000   50.679    7.831    0    0  (Gen:  0)
   521552    174776   8870832  0.003  0.000   50.683    7.832    0    0  (Gen:  0)
   520488    137960   8933024  0.004  0.000   50.688    7.832    0    0  (Gen:  0)
   520840    179440   9029208  0.003  0.000   50.693    7.833    0    0  (Gen:  0)
   520776    152520   9111632  0.003  0.000   50.697    7.834    0    0  (Gen:  0)
   520968    133184   9168528  0.003  0.000   50.701    7.834    0    0  (Gen:  0)
   519280    142944   9228616  0.003  0.000   50.705    7.835    0    0  (Gen:  0)
   537752    151424   9307208  0.003  0.000   50.710    7.836    0    0  (Gen:  0)
   520880    141816   9367440  0.004  0.000   50.715    7.837    0    0  (Gen:  0)
   520976    175056   9461928  0.004  0.000   50.719    7.837    0    0  (Gen:  0)
   521352    110424   9534008  0.003  0.000   50.724    7.838    0    0  (Gen:  0)
   520472    175472   9627816  0.003  0.000   50.728    7.839    0    0  (Gen:  0)
   521184    152000   9703184  0.003  0.000   50.732    7.839    0    0  (Gen:  0)
   520720    135864   9774040  0.003  0.000   50.737    7.840    0    0  (Gen:  0)
   521048    178888   9868504  0.003  0.000   50.741    7.841    0    0  (Gen:  0)
   521248    158216   9947848  0.003  0.000   50.745    7.842    0    0  (Gen:  0)
   520688    131000  10016656  0.003  0.000   50.749    7.842    0    0  (Gen:  0)
   521240    168472  10098072  0.003  0.000   50.754    7.843    0    0  (Gen:  0)
   520888    164808  10178776  0.003  0.000   50.758    7.844    0    0  (Gen:  0)
   520480    129584  10243816  0.003  0.000   50.763    7.844    0    0  (Gen:  0)
   521224    189016  10348056  0.003  0.000   50.767    7.845    0    0  (Gen:  0)
   520816    164800  10434088  0.003  0.000   50.771    7.846    0    0  (Gen:  0)
   520904    139240  10500272  0.003  0.000   50.776    7.846    0    0  (Gen:  0)
   521112    148520  10560160  0.004  0.000   50.781    7.847    0    0  (Gen:  0)
   520688    172992  10647200  0.003  0.000   50.785    7.848    0    0  (Gen:  0)
   520968    141120  10709768  0.003  0.000   50.789    7.849    0    0  (Gen:  0)
   521208    147160  10767016  0.004  0.000   50.794    7.849    0    0  (Gen:  0)
   521432    172920  10853544  0.003  0.000   50.798    7.850    0    0  (Gen:  0)
   520304    147240  10917408  0.004  0.000   50.803    7.851    0    0  (Gen:  0)
   520784    175344  11005176  0.004  0.000   50.808    7.852    0    0  (Gen:  0)
   521384    135320  11086816  0.003  0.000   50.812    7.852    0    0  (Gen:  0)
   520648    185920  11184384  0.003  0.000   50.816    7.853    0    0  (Gen:  0)
   520712    160232  11262224  0.004  0.000   50.821    7.854    0    0  (Gen:  0)
   521200    124136  11339440  0.003  0.000   50.825    7.854    0    0  (Gen:  0)
   521328    182640  11432680  0.003  0.000   50.829    7.855    0    0  (Gen:  0)
   520984    167632  11515312  0.003  0.000   50.834    7.856    0    0  (Gen:  0)
   521056    131592  11590672  0.003  0.000   50.838    7.857    0    0  (Gen:  0)
   520712    187888  11689672  0.003  0.000   50.842    7.857    0    0  (Gen:  0)
   520720    163240  11770016  0.003  0.000   50.847    7.858    0    0  (Gen:  0)
   520368    134280  11847176  0.004  0.000   50.851    7.859    0    0  (Gen:  0)
   521240     99640  11942736  0.003  0.000   50.855    7.859    0    0  (Gen:  0)
   587048    142632  12002288  0.004  0.000   50.860    7.860    0    0  (Gen:  0)
   553712     38632  12021496  0.002  0.000   50.863    7.861    0    0  (Gen:  0)
   520528     78432  12071424  0.002  0.000   50.867    7.861    0    0  (Gen:  0)
   537256     75864  12113120  0.002  0.000   50.870    7.862    0    0  (Gen:  0)
   520816     64856  12138296  0.003  0.000   50.873    7.862    0    0  (Gen:  0)
   537256    106808  12195592  0.003  0.000   50.877    7.863    0    0  (Gen:  0)
   520928     83320  12236672  0.003  0.000   50.881    7.863    0    0  (Gen:  0)
   520768    118160  12301272  0.002  0.000   50.884    7.864    0    0  (Gen:  0)
   520928    108040  12353984  0.002  0.000   50.888    7.864    0    0  (Gen:  0)
   521256     87160  12396256  0.003  0.000   50.891    7.865    0    0  (Gen:  0)
   520944     97160  12431168  0.003  0.000   50.895    7.866    0    0  (Gen:  0)
   537568   4203392   5180984  0.014  0.001   50.910    7.867    0    0  (Gen:  1)
   520464    100896   5217760  0.003  0.000   50.916    7.868    0    0  (Gen:  0)
   520704     87496   5301024  0.003  0.000   50.920    7.869    0    0  (Gen:  0)
   521192     83008   5358968  0.003  0.000   50.924    7.869    0    0  (Gen:  0)
   521496    128728   5421040  0.003  0.000   50.928    7.870    0    0  (Gen:  0)
   521584    118312   5483176  0.003  0.000   50.932    7.871    0    0  (Gen:  0)
   521304     90736   5536192  0.003  0.000   50.936    7.871    0    0  (Gen:  0)
   521008    140664   5609016  0.003  0.000   50.940    7.872    0    0  (Gen:  0)
   520912    133784   5675608  0.003  0.000   50.943    7.872    0    0  (Gen:  0)
   521240    108000   5729800  0.004  0.000   50.948    7.873    0    0  (Gen:  0)
   520488    118728   5773024  0.004  0.000   50.953    7.874    0    0  (Gen:  0)
   537488    153248   5853224  0.003  0.000   50.957    7.874    0    0  (Gen:  0)
   520776    118368   5902112  0.004  0.000   50.961    7.875    0    0  (Gen:  0)
   520928    160216   5990576  0.004  0.000   50.967    7.876    0    0  (Gen:  0)
   520624     73056   6059592  0.003  0.000   50.971    7.876    0    0  (Gen:  0)
   521200    155824   6143608  0.003  0.000   50.975    7.877    0    0  (Gen:  0)
   520904    131960   6210432  0.003  0.000   50.979    7.878    0    0  (Gen:  0)
   520928    101352   6271016  0.003  0.000   50.983    7.878    0    0  (Gen:  0)
   521112    161400   6357848  0.003  0.000   50.987    7.879    0    0  (Gen:  0)
   521096    137200   6426200  0.003  0.000   50.991    7.880    0    0  (Gen:  0)
   520240    112504   6489336  0.003  0.000   50.996    7.880    0    0  (Gen:  0)
   520536    154504   6564808  0.003  0.000   51.000    7.881    0    0  (Gen:  0)
   520824    154800   6641720  0.003  0.000   51.004    7.882    0    0  (Gen:  0)
   521080    117632   6699808  0.003  0.000   51.009    7.882    0    0  (Gen:  0)
   520976    172096   6793576  0.003  0.000   51.013    7.883    0    0  (Gen:  0)
   520800    141320   6874984  0.003  0.000   51.018    7.884    0    0  (Gen:  0)
   520768    129872   6935936  0.004  0.000   51.023    7.885    0    0  (Gen:  0)
   520976    138632   6991392  0.004  0.000   51.028    7.885    0    0  (Gen:  0)
   521216    165984   7073408  0.003  0.000   51.033    7.886    0    0  (Gen:  0)
   521008    136952   7133200  0.004  0.000   51.038    7.887    0    0  (Gen:  0)
   520664    144784   7193200  0.003  0.000   51.043    7.887    0    0  (Gen:  0)
   520824     96376   7267176  0.003  0.000   51.047    7.888    0    0  (Gen:  0)
   521200    161536   7345440  0.003  0.000   51.052    7.889    0    0  (Gen:  0)
   536960    145960   7422232  0.003  0.000   51.056    7.890    0    0  (Gen:  0)
   520992    108960   7492064  0.003  0.000   51.061    7.890    0    0  (Gen:  0)
   520648     95040   7583080  0.003  0.000   51.065    7.891    0    0  (Gen:  0)
   520400    145888   7659528  0.003  0.000   51.069    7.892    0    0  (Gen:  0)
   521080    120504   7723160  0.004  0.000   51.074    7.892    0    0  (Gen:  0)
   520512    165272   7807248  0.003  0.000   51.079    7.893    0    0  (Gen:  0)
   520848    160320   7885480  0.003  0.000   51.083    7.894    0    0  (Gen:  0)
   520720    129200   7952368  0.004  0.000   51.088    7.894    0    0  (Gen:  0)
   520424    188112   8056960  0.003  0.000   51.092    7.895    0    0  (Gen:  0)
   520752    153880   8144368  0.003  0.000   51.096    7.896    0    0  (Gen:  0)
   520760    136000   8208232  0.004  0.000   51.102    7.897    0    0  (Gen:  0)
   521032    166112   8287128  0.003  0.000   51.106    7.897    0    0  (Gen:  0)
   520552    160056   8375624  0.003  0.000   51.111    7.898    0    0  (Gen:  0)
   520784    140912   8436064  0.004  0.000   51.116    7.899    0    0  (Gen:  0)
   520704    186912   8537728  0.003  0.000   51.120    7.899    0    0  (Gen:  0)
   520840    163648   8624520  0.003  0.000   51.125    7.900    0    0  (Gen:  0)
   520872    147080   8687648  0.004  0.000   51.130    7.901    0    0  (Gen:  0)
   521160    178256   8775920  0.003  0.000   51.135    7.902    0    0  (Gen:  0)
   521032    137992   8852712  0.003  0.000   51.139    7.902    0    0  (Gen:  0)
   520496    186256   8953624  0.004  0.000   51.144    7.903    0    0  (Gen:  0)
   520960    151704   9029432  0.003  0.000   51.148    7.904    0    0  (Gen:  0)
   520616    131904   9101800  0.003  0.000   51.153    7.905    0    0  (Gen:  0)
   521272    170448   9185176  0.003  0.000   51.157    7.905    0    0  (Gen:  0)
   520752    157416   9265992  0.003  0.000   51.161    7.906    0    0  (Gen:  0)
   520680    130424   9339904  0.003  0.000   51.166    7.907    0    0  (Gen:  0)
   520808    180608   9433304  0.003  0.000   51.171    7.907    0    0  (Gen:  0)
   520952    167600   9514840  0.003  0.000   51.175    7.908    0    0  (Gen:  0)
   520936    136216   9586848  0.003  0.000   51.180    7.909    0    0  (Gen:  0)
   521472    155344   9650552  0.005  0.000   51.185    7.910    0    0  (Gen:  0)
   521568    190056   9750192  0.003  0.000   51.190    7.910    0    0  (Gen:  0)
   520880    156048   9820616  0.004  0.000   51.195    7.911    0    0  (Gen:  0)
   520216    194304   9924864  0.003  0.000   51.200    7.912    0    0  (Gen:  0)
   521584    164032  10015248  0.003  0.000   51.204    7.913    0    0  (Gen:  0)
   520280    150368  10086488  0.004  0.000   51.210    7.913    0    0  (Gen:  0)
   521296    156536  10151696  0.004  0.000   51.215    7.914    0    0  (Gen:  0)
   520472    186232  10247040  0.003  0.000   51.219    7.915    0    0  (Gen:  0)
   520912   5418000   6395584  0.015  0.001   51.235    7.917    0    0  (Gen:  1)
   519960    155552   6458856  0.002  0.000   51.239    7.917    0    0  (Gen:  0)
   520032    184544   6552440  0.002  0.000   51.243    7.918    0    0  (Gen:  0)
   520520    156880   6617976  0.003  0.000   51.246    7.919    0    0  (Gen:  0)
   520280    160192   6687184  0.004  0.000   51.251    7.919    0    0  (Gen:  0)
   520904     91472   6771400  0.002  0.000   51.254    7.920    0    0  (Gen:  0)
   520864    174440   6855280  0.002  0.000   51.257    7.921    0    0  (Gen:  0)
   520880    156520   6933448  0.003  0.000   51.261    7.921    0    0  (Gen:  0)
   520704    121568   7015152  0.002  0.000   51.264    7.922    0    0  (Gen:  0)
   521008    178384   7100776  0.003  0.000   51.268    7.922    0    0  (Gen:  0)
   520624    139128   7165016  0.004  0.000   51.272    7.923    0    0  (Gen:  0)
   521016     33368   7184032  0.002  0.000   51.275    7.924    0    0  (Gen:  0)
   520384     59744   7217232  0.002  0.000   51.277    7.924    0    0  (Gen:  0)
   520848     91560   7273688  0.002  0.000   51.280    7.924    0    0  (Gen:  0)
   521080     69712   7299920  0.002  0.000   51.283    7.925    0    0  (Gen:  0)
   521192     80192   7330840  0.002  0.000   51.286    7.925    0    0  (Gen:  0)
   521224     61904   7375680  0.002  0.000   51.289    7.926    0    0  (Gen:  0)
   520896    120640   7443824  0.002  0.000   51.292    7.926    0    0  (Gen:  0)
   521640    102976   7494168  0.002  0.000   51.295    7.927    0    0  (Gen:  0)
   520432     89368   7538632  0.002  0.000   51.297    7.927    0    0  (Gen:  0)
   521168     96440   7573984  0.002  0.000   51.300    7.928    0    0  (Gen:  0)
   520656    130688   7643376  0.002  0.000   51.303    7.928    0    0  (Gen:  0)
   520336     98800   7682736  0.002  0.000   51.306    7.929    0    0  (Gen:  0)
   520704    137808   7757592  0.002  0.000   51.309    7.929    0    0  (Gen:  0)
   521024    128640   7824816  0.002  0.000   51.312    7.930    0    0  (Gen:  0)
   521336    108088   7867544  0.002  0.000   51.315    7.930    0    0  (Gen:  0)
   521072    122664   7920832  0.002  0.000   51.318    7.931    0    0  (Gen:  0)
   520648    105032   7977048  0.002  0.000   51.321    7.931    0    0  (Gen:  0)
   520720    143536   8053360  0.003  0.000   51.325    7.932    0    0  (Gen:  0)
   520784    129320   8119608  0.002  0.000   51.328    7.933    0    0  (Gen:  0)
   521496    108488   8174792  0.002  0.000   51.331    7.933    0    0  (Gen:  0)
   520664    119840   8220064  0.003  0.000   51.335    7.934    0    0  (Gen:  0)
   673072    141800   8288208  0.003  0.000   51.338    7.934    0    0  (Gen:  0)
   521200    110272   8340088  0.002  0.000   51.342    7.935    0    0  (Gen:  0)
   521256    161952   8427904  0.003  0.000   51.345    7.935    0    0  (Gen:  0)
   520888    136976   8502176  0.002  0.000   51.348    7.936    0    0  (Gen:  0)
   521024    117920   8554184  0.002  0.000   51.352    7.937    0    0  (Gen:  0)
   520872    123520   8603384  0.002  0.000   51.355    7.937    0    0  (Gen:  0)
   520976    152296   8679960  0.002  0.000   51.358    7.938    0    0  (Gen:  0)
   521096    126168   8732280  0.003  0.000   51.362    7.938    0    0  (Gen:  0)
   520864    138984   8792792  0.002  0.000   51.365    7.939    0    0  (Gen:  0)
   520568    128752   8861944  0.002  0.000   51.368    7.939    0    0  (Gen:  0)
   520928    167584   8950840  0.003  0.000   51.372    7.940    0    0  (Gen:  0)
   525352    142840   9023472  0.002  0.000   51.375    7.941    0    0  (Gen:  0)
   520896    125416   9086080  0.002  0.000   51.378    7.941    0    0  (Gen:  0)
   521160    160816   9169456  0.002  0.000   51.381    7.942    0    0  (Gen:  0)
   520592    153944   9244048  0.003  0.000   51.385    7.942    0    0  (Gen:  0)
   520824    130576   9309672  0.002  0.000   51.388    7.943    0    0  (Gen:  0)
   520576    137488   9364248  0.002  0.000   51.392    7.943    0    0  (Gen:  0)
   524880    170048   9451800  0.002  0.000   51.395    7.944    0    0  (Gen:  0)
   521160    139104   9513632  0.002  0.000   51.398    7.945    0    0  (Gen:  0)
   520224    139144   9568048  0.003  0.000   51.402    7.945    0    0  (Gen:  0)
   525392    163336   9650192  0.002  0.000   51.405    7.946    0    0  (Gen:  0)
   524472    136664   9706336  0.003  0.000   51.409    7.946    0    0  (Gen:  0)
   546344    142328   9767464  0.002  0.000   51.412    7.947    0    0  (Gen:  0)
   537096    149768   9846800  0.002  0.000   51.415    7.948    0    0  (Gen:  0)
   521328    141880   9906400  0.003  0.000   51.419    7.948    0    0  (Gen:  0)
   521496    176120  10002296  0.003  0.000   51.422    7.949    0    0  (Gen:  0)
   520872     88864  10072440  0.002  0.000   51.425    7.949    0    0  (Gen:  0)
   520592    169784  10160496  0.002  0.000   51.429    7.950    0    0  (Gen:  0)
   520632    151792  10235872  0.002  0.000   51.432    7.951    0    0  (Gen:  0)
   520744    136560  10305880  0.002  0.000   51.435    7.951    0    0  (Gen:  0)
   520936    175176  10395696  0.002  0.000   51.439    7.952    0    0  (Gen:  0)
   520904    163416  10475640  0.002  0.000   51.442    7.952    0    0  (Gen:  0)
   521088    138040  10545728  0.002  0.000   51.445    7.953    0    0  (Gen:  0)
   521440    147192  10603976  0.003  0.000   51.449    7.954    0    0  (Gen:  0)
   520616    183000  10702408  0.003  0.000   51.453    7.954    0    0  (Gen:  0)
   520672    135176  10766528  0.003  0.000   51.456    7.955    0    0  (Gen:  0)
   520904    187848  10870216  0.003  0.000   51.460    7.955    0    0  (Gen:  0)
   520816    153384  10957744  0.002  0.000   51.463    7.956    0    0  (Gen:  0)
   521152    142704  11022352  0.002  0.000   51.467    7.957    0    0  (Gen:  0)
   520888    149616  11083168  0.003  0.000   51.471    7.957    0    0  (Gen:  0)
   521304    173344  11169776  0.002  0.000   51.474    7.958    0    0  (Gen:  0)
   520528    148400  11231792  0.003  0.000   51.478    7.958    0    0  (Gen:  0)
   520848    188168  11331352  0.005  0.000   51.483    7.959    0    0  (Gen:  0)
   520832     87312  11413296  0.002  0.000   51.486    7.960    0    0  (Gen:  0)
   520736    104240  11513160  0.002  0.000   51.489    7.960    0    0  (Gen:  0)
   520976    145952  11591264  0.003  0.000   51.492    7.961    0    0  (Gen:  0)
   520616    132656  11669520  0.002  0.000   51.495    7.962    0    0  (Gen:  0)
   520472    186336  11767984  0.003  0.000   51.499    7.962    0    0  (Gen:  0)
   520592    163096  11847720  0.002  0.000   51.502    7.963    0    0  (Gen:  0)
   520896    153128  11922360  0.002  0.000   51.505    7.963    0    0  (Gen:  0)
   521176    178448  12010968  0.002  0.000   51.509    7.964    0    0  (Gen:  0)
   520944    167608  12092624  0.003  0.000   51.513    7.965    0    0  (Gen:  0)
   520440    139680  12166080  0.003  0.000   51.516    7.965    0    0  (Gen:  0)
   521560    180040  12258192  0.002  0.000   51.520    7.966    0    0  (Gen:  0)
   520768    169256  12340592  0.003  0.000   51.523    7.967    0    0  (Gen:  0)
   520920    144688  12417336  0.002  0.000   51.527    7.967    0    0  (Gen:  0)
   520568    157832  12480592  0.003  0.000   51.530    7.968    0    0  (Gen:  0)
   520648    179112  12567840  0.002  0.000   51.534    7.969    0    0  (Gen:  0)
   521672   5418016   6395496  0.018  0.002   51.552    7.971    0    0  (Gen:  1)
   520384    155968   6456944  0.004  0.000   51.557    7.971    0    0  (Gen:  0)
   520472    194592   6560872  0.003  0.000   51.561    7.972    0    0  (Gen:  0)
   520368    146080   6630504  0.004  0.000   51.566    7.973    0    0  (Gen:  0)
   520384    185768   6726552  0.003  0.000   51.570    7.974    0    0  (Gen:  0)
   520808    161544   6817464  0.003  0.000   51.574    7.974    0    0  (Gen:  0)
   520560    153096   6887384  0.004  0.000   51.579    7.975    0    0  (Gen:  0)
   521168    192696   6988288  0.003  0.000   51.583    7.976    0    0  (Gen:  0)
   520200    161136   7079456  0.003  0.000   51.587    7.976    0    0  (Gen:  0)
   521048    153360   7146768  0.004  0.000   51.592    7.977    0    0  (Gen:  0)
   520736    159680   7213216  0.004  0.000   51.597    7.978    0    0  (Gen:  0)
   520904     29216   7236560  0.002  0.000   51.600    7.978    0    0  (Gen:  0)
   520648     66424   7278696  0.002  0.000   51.603    7.979    0    0  (Gen:  0)
   520664     67944   7314256  0.002  0.000   51.606    7.979    0    0  (Gen:  0)
   521248     59272   7341984  0.002  0.000   51.609    7.980    0    0  (Gen:  0)
   520848     71896   7366512  0.002  0.000   51.612    7.980    0    0  (Gen:  0)
   521168     99480   7418304  0.002  0.000   51.615    7.981    0    0  (Gen:  0)
   520952     80592   7449872  0.003  0.000   51.619    7.981    0    0  (Gen:  0)
   521600    125816   7522192  0.003  0.000   51.623    7.982    0    0  (Gen:  0)
   520616     91312   7570480  0.002  0.000   51.626    7.982    0    0  (Gen:  0)
   520808    119248   7629920  0.003  0.000   51.629    7.983    0    0  (Gen:  0)
   520944    113640   7686728  0.003  0.000   51.633    7.984    0    0  (Gen:  0)
   520208     94872   7729688  0.003  0.000   51.637    7.984    0    0  (Gen:  0)
   520720    146960   7815736  0.003  0.000   51.640    7.985    0    0  (Gen:  0)
   521400    120872   7885088  0.003  0.000   51.644    7.985    0    0  (Gen:  0)
   520880    103232   7929072  0.003  0.000   51.648    7.986    0    0  (Gen:  0)
   521328    109800   7969936  0.003  0.000   51.652    7.987    0    0  (Gen:  0)
   520800    139032   8041264  0.003  0.000   51.656    7.987    0    0  (Gen:  0)
   520552    113432   8084368  0.003  0.000   51.660    7.988    0    0  (Gen:  0)
   520856    128320   8142304  0.002  0.000   51.664    7.988    0    0  (Gen:  0)
   521568    104104   8201656  0.003  0.000   51.668    7.989    0    0  (Gen:  0)
   520776    153720   8281944  0.003  0.000   51.671    7.990    0    0  (Gen:  0)
   520888    135080   8349808  0.003  0.000   51.675    7.990    0    0  (Gen:  0)
   520632    102984   8405696  0.003  0.000   51.679    7.991    0    0  (Gen:  0)
   520872    164904   8497632  0.003  0.000   51.683    7.991    0    0  (Gen:  0)
   520792    120512   8571904  0.003  0.000   51.687    7.992    0    0  (Gen:  0)
   521080    114232   8627672  0.003  0.000   51.691    7.993    0    0  (Gen:  0)
   520520    124600   8676392  0.003  0.000   51.696    7.993    0    0  (Gen:  0)
   520840    150896   8750320  0.003  0.000   51.700    7.994    0    0  (Gen:  0)
   520976    123224   8803056  0.003  0.000   51.704    7.995    0    0  (Gen:  0)
   521392     95472   8894136  0.002  0.000   51.707    7.995    0    0  (Gen:  0)
   520624    112304   8965192  0.003  0.000   51.711    7.996    0    0  (Gen:  0)
   519976    156216   9042520  0.003  0.000   51.715    7.996    0    0  (Gen:  0)
   520792    134240   9112592  0.003  0.000   51.719    7.997    0    0  (Gen:  0)
   521176     99248   9178728  0.003  0.000   51.723    7.998    0    0  (Gen:  0)
   520736    165824   9265744  0.003  0.000   51.727    7.998    0    0  (Gen:  0)
   521040    106456   9367616  0.002  0.000   51.730    7.999    0    0  (Gen:  0)
   520864    123416   9433968  0.003  0.000   51.734    8.000    0    0  (Gen:  0)
   521096    163384   9516528  0.003  0.000   51.739    8.000    0    0  (Gen:  0)
   520816    158760   9594312  0.003  0.000   51.742    8.001    0    0  (Gen:  0)
   521080    126760   9658248  0.003  0.000   51.747    8.002    0    0  (Gen:  0)
   521032    180296   9754984  0.003  0.000   51.751    8.002    0    0  (Gen:  0)
   520696    153176   9839096  0.003  0.000   51.755    8.003    0    0  (Gen:  0)
   520968    129432   9897888  0.004  0.000   51.759    8.004    0    0  (Gen:  0)
   520704    140184   9955184  0.004  0.000   51.764    8.004    0    0  (Gen:  0)
   549752    166656  10038720  0.003  0.000   51.768    8.005    0    0  (Gen:  0)
   520480    137240  10098424  0.004  0.000   51.773    8.006    0    0  (Gen:  0)
   520072    171552  10187360  0.004  0.000   51.778    8.006    0    0  (Gen:  0)
   520736     82600  10263312  0.003  0.000   51.782    8.007    0    0  (Gen:  0)
   520952    173288  10355352  0.003  0.000   51.786    8.008    0    0  (Gen:  0)
   520896    141280  10428072  0.003  0.000   51.790    8.008    0    0  (Gen:  0)
   520656    113624  10501336  0.003  0.000   51.794    8.009    0    0  (Gen:  0)
   520384    179808  10596568  0.003  0.000   51.798    8.010    0    0  (Gen:  0)
   520640    150664  10674496  0.003  0.000   51.802    8.010    0    0  (Gen:  0)
   520624    139648  10746192  0.004  0.000   51.807    8.011    0    0  (Gen:  0)
   521152    170296  10829088  0.003  0.000   51.811    8.012    0    0  (Gen:  0)
   520384    160168  10908328  0.003  0.000   51.815    8.012    0    0  (Gen:  0)
   520688    132552  10976120  0.004  0.000   51.819    8.013    0    0  (Gen:  0)
   520944    193664  11083984  0.003  0.000   51.824    8.014    0    0  (Gen:  0)
   520664    167392  11170760  0.003  0.000   51.828    8.014    0    0  (Gen:  0)
   521320    137232  11237048  0.004  0.000   51.832    8.015    0    0  (Gen:  0)
   520848    148440  11298000  0.004  0.000   51.837    8.016    0    0  (Gen:  0)
   521120    180872  11394176  0.003  0.000   51.841    8.017    0    0  (Gen:  0)
   520896    140856  11456120  0.004  0.000   51.846    8.017    0    0  (Gen:  0)
   520528    148344  11515208  0.004  0.000   51.851    8.018    0    0  (Gen:  0)
   521040    171496  11599776  0.003  0.000   51.855    8.019    0    0  (Gen:  0)
   520640    145520  11664680  0.004  0.000   51.859    8.019    0    0  (Gen:  0)
   525232    152008  11728048  0.003  0.000   51.864    8.020    0    0  (Gen:  0)
   520616    158840  11812848  0.003  0.000   51.868    8.021    0    0  (Gen:  0)
   521160    189384  11915752  0.003  0.000   51.873    8.022    0    0  (Gen:  0)
   520440    154632  11992288  0.003  0.000   51.876    8.022    0    0  (Gen:  0)
   520672    133984  12070680  0.003  0.000   51.881    8.023    0    0  (Gen:  0)
   521440    189448  12172136  0.004  0.000   51.886    8.024    0    0  (Gen:  0)
   520632    165376  12273152  0.003  0.000   51.890    8.024    0    0  (Gen:  0)
   520600    119160  12347944  0.003  0.000   51.895    8.025    0    0  (Gen:  0)
   521496    187024  12445944  0.003  0.000   51.899    8.026    0    0  (Gen:  0)
   520840    159616  12525088  0.003  0.000   51.903    8.026    0    0  (Gen:  0)
   520888   5363208   6340608  0.015  0.001   51.918    8.028    0    0  (Gen:  1)
   520472    101200   6437736  0.002  0.000   51.922    8.029    0    0  (Gen:  0)
   602616    140352   6496872  0.003  0.000   51.926    8.030    0    0  (Gen:  0)
   554040     38216   6516320  0.002  0.000   51.929    8.030    0    0  (Gen:  0)
   520144     79552   6567672  0.002  0.000   51.932    8.030    0    0  (Gen:  0)
   537200     76928   6608168  0.002  0.000   51.934    8.031    0    0  (Gen:  0)
   520296     68024   6634960  0.002  0.000   51.937    8.031    0    0  (Gen:  0)
   537552     84280   6669760  0.002  0.000   51.940    8.032    0    0  (Gen:  0)
   520640     79832   6711872  0.002  0.000   51.942    8.032    0    0  (Gen:  0)
   521336    116784   6775256  0.002  0.000   51.945    8.033    0    0  (Gen:  0)
   520976    104984   6827280  0.002  0.000   51.948    8.033    0    0  (Gen:  0)
   520920     91136   6870512  0.002  0.000   51.951    8.034    0    0  (Gen:  0)
   520504     97048   6906736  0.002  0.000   51.954    8.034    0    0  (Gen:  0)
   537176    122032   6967440  0.002  0.000   51.957    8.035    0    0  (Gen:  0)
   521336     97144   7006352  0.002  0.000   51.960    8.035    0    0  (Gen:  0)
   520912    145992   7089448  0.003  0.000   51.964    8.036    0    0  (Gen:  0)
   520928    120512   7152320  0.002  0.000   51.967    8.037    0    0  (Gen:  0)
   521208    125952   7211512  0.002  0.000   51.970    8.037    0    0  (Gen:  0)
   520960    114312   7271400  0.002  0.000   51.973    8.038    0    0  (Gen:  0)
   521176    102312   7327408  0.002  0.000   51.999    8.040    0    0  (Gen:  0)
   520912    140112   7398920  0.002  0.000   52.002    8.041    0    0  (Gen:  0)
   521264    132048   7465024  0.002  0.000   52.006    8.042    0    0  (Gen:  0)
   520400    108232   7519744  0.002  0.000   52.009    8.042    0    0  (Gen:  0)
   521128    119360   7564312  0.002  0.000   52.012    8.043    0    0  (Gen:  0)
   537224    142864   7634000  0.002  0.000   52.015    8.043    0    0  (Gen:  0)
   520424    114472   7683760  0.002  0.000   52.018    8.044    0    0  (Gen:  0)
   520840    156936   7768184  0.003  0.000   52.022    8.044    0    0  (Gen:  0)
   521048    133536   7841976  0.002  0.000   52.025    8.045    0    0  (Gen:  0)
   521104    120344   7890808  0.002  0.000   52.028    8.045    0    0  (Gen:  0)
   520832    129976   7946096  0.002  0.000   52.031    8.046    0    0  (Gen:  0)
   520344    120096   8011632  0.002  0.000   52.034    8.047    0    0  (Gen:  0)
   521240    166528   8104712  0.002  0.000   52.037    8.047    0    0  (Gen:  0)
   520912    144040   8191816  0.002  0.000   52.040    8.048    0    0  (Gen:  0)
   521176    143744   8257912  0.002  0.000   52.044    8.048    0    0  (Gen:  0)
   521104    159896   8339840  0.002  0.000   52.047    8.049    0    0  (Gen:  0)
   521328    150144   8415112  0.002  0.000   52.050    8.049    0    0  (Gen:  0)
   520880    122928   8475696  0.002  0.000   52.053    8.050    0    0  (Gen:  0)
   520368    177128   8575992  0.003  0.000   52.057    8.051    0    0  (Gen:  0)
   520920    146360   8655840  0.002  0.000   52.060    8.051    0    0  (Gen:  0)
   520440    140248   8720632  0.003  0.000   52.064    8.052    0    0  (Gen:  0)
   521600    138392   8774880  0.003  0.000   52.067    8.052    0    0  (Gen:  0)
   520712    172240   8863648  0.002  0.000   52.071    8.053    0    0  (Gen:  0)
   520784    140416   8924616  0.003  0.000   52.074    8.054    0    0  (Gen:  0)
   520920     97368   9017672  0.002  0.000   52.077    8.054    0    0  (Gen:  0)
   520600    144232   9100048  0.002  0.000   52.080    8.055    0    0  (Gen:  0)
   521120    134888   9155264  0.003  0.000   52.084    8.055    0    0  (Gen:  0)
   537776    147688   9221624  0.002  0.000   52.087    8.056    0    0  (Gen:  0)
   521264    148576   9296928  0.002  0.000   52.090    8.056    0    0  (Gen:  0)
   521600    175048   9390488  0.003  0.000   52.094    8.057    0    0  (Gen:  0)
   520672    141080   9462872  0.002  0.000   52.097    8.058    0    0  (Gen:  0)
   520136    135416   9532128  0.002  0.000   52.100    8.058    0    0  (Gen:  0)
   521152    174344   9624648  0.002  0.000   52.104    8.059    0    0  (Gen:  0)
   520592    155832   9698544  0.003  0.000   52.108    8.060    0    0  (Gen:  0)
   521152    134552   9769704  0.002  0.000   52.112    8.060    0    0  (Gen:  0)
   519944    173336   9858384  0.002  0.000   52.115    8.061    0    0  (Gen:  0)
   520440    163344   9937992  0.002  0.000   52.119    8.061    0    0  (Gen:  0)
   520888    141984  10006992  0.002  0.000   52.123    8.062    0    0  (Gen:  0)
   521024    146440  10065928  0.003  0.000   52.127    8.063    0    0  (Gen:  0)
   521296    166080  10147624  0.003  0.000   52.130    8.063    0    0  (Gen:  0)
   520144    135624  10211784  0.003  0.000   52.134    8.064    0    0  (Gen:  0)
   521104    182208  10309512  0.003  0.000   52.139    8.065    0    0  (Gen:  0)
   520968    152528  10395712  0.003  0.000   52.142    8.065    0    0  (Gen:  0)
   521288    144032  10460816  0.002  0.000   52.146    8.066    0    0  (Gen:  0)
   520440    149264  10520760  0.003  0.000   52.150    8.067    0    0  (Gen:  0)
   520808    173456  10608184  0.003  0.000   52.154    8.067    0    0  (Gen:  0)
   520784    144944  10669576  0.003  0.000   52.158    8.068    0    0  (Gen:  0)
   521064    181672  10761736  0.002  0.000   52.162    8.069    0    0  (Gen:  0)
   520880    163608  10843464  0.002  0.000   52.165    8.069    0    0  (Gen:  0)
   521056    104128  10943392  0.002  0.000   52.169    8.070    0    0  (Gen:  0)
   520488    139168  11020680  0.002  0.000   52.173    8.071    0    0  (Gen:  0)
   520880    155744  11099520  0.003  0.000   52.176    8.071    0    0  (Gen:  0)
   521312    189896  11202248  0.002  0.000   52.180    8.072    0    0  (Gen:  0)
   521048    144792  11281880  0.003  0.000   52.185    8.073    0    0  (Gen:  0)
   521240    124488  11356528  0.002  0.000   52.188    8.073    0    0  (Gen:  0)
   520568    176704  11443392  0.003  0.000   52.192    8.074    0    0  (Gen:  0)
   520416    166312  11525504  0.003  0.000   52.196    8.075    0    0  (Gen:  0)
   520792    134744  11599600  0.003  0.000   52.200    8.075    0    0  (Gen:  0)
   520768    184232  11695368  0.003  0.000   52.204    8.076    0    0  (Gen:  0)
   520920    166016  11776520  0.003  0.000   52.209    8.077    0    0  (Gen:  0)
   520808    135472  11852104  0.002  0.000   52.212    8.078    0    0  (Gen:  0)
   521336    181504  11939888  0.003  0.000   52.216    8.078    0    0  (Gen:  0)
   520480    143040  11993136  0.004  0.000   52.221    8.079    0    0  (Gen:  0)
   521216     40544  12012448  0.002  0.000   52.224    8.079    0    0  (Gen:  0)
   519928     77320  12060080  0.002  0.000   52.228    8.080    0    0  (Gen:  0)
   520496     78544  12102656  0.002  0.000   52.231    8.080    0    0  (Gen:  0)
   520368     65504  12125888  0.002  0.000   52.234    8.081    0    0  (Gen:  0)
   521536     90616  12168016  0.002  0.000   52.237    8.082    0    0  (Gen:  0)
   521312     76112  12205736  0.002  0.000   52.240    8.082    0    0  (Gen:  0)
   520608    108912  12261008  0.002  0.000   52.243    8.083    0    0  (Gen:  0)
   520544    110144  12316192  0.002  0.000   52.246    8.083    0    0  (Gen:  0)
   520704     92904  12357400  0.002  0.000   52.250    8.084    0    0  (Gen:  0)
   520696     96744  12391640  0.002  0.000   52.253    8.084    0    0  (Gen:  0)
   520624    123800  12455696  0.002  0.000   52.256    8.085    0    0  (Gen:  0)
   521240     99296  12492880  0.002  0.000   52.260    8.085    0    0  (Gen:  0)
   520904    144640  12573992  0.003  0.000   52.263    8.086    0    0  (Gen:  0)
   520728   4262520   5244088  0.012  0.001   52.276    8.087    0    0  (Gen:  1)
   521432    137936   5316464  0.002  0.000   52.281    8.088    0    0  (Gen:  0)
   520784    122728   5380776  0.003  0.000   52.285    8.089    0    0  (Gen:  0)
   520984    103112   5432136  0.003  0.000   52.288    8.089    0    0  (Gen:  0)
   521040    112184   5474240  0.003  0.000   52.292    8.090    0    0  (Gen:  0)
   521336    144784   5548480  0.002  0.000   52.296    8.091    0    0  (Gen:  0)
   520376    117872   5601192  0.002  0.000   52.299    8.091    0    0  (Gen:  0)
   521128    117608   5645016  0.003  0.000   52.303    8.092    0    0  (Gen:  0)
   660392    143000   5715552  0.002  0.000   52.306    8.092    0    0  (Gen:  0)
   521120    114944   5763296  0.002  0.000   52.310    8.093    0    0  (Gen:  0)
   520976    161368   5851872  0.002  0.000   52.314    8.094    0    0  (Gen:  0)
   520736    147872   5927896  0.002  0.000   52.317    8.094    0    0  (Gen:  0)
   521360    122280   5976088  0.002  0.000   52.321    8.095    0    0  (Gen:  0)
   520648    135368   6036080  0.002  0.000   52.325    8.095    0    0  (Gen:  0)
   520656    116080   6097456  0.002  0.000   52.328    8.096    0    0  (Gen:  0)
   520752    161408   6184504  0.002  0.000   52.332    8.097    0    0  (Gen:  0)
   520400    142400   6252544  0.003  0.000   52.336    8.097    0    0  (Gen:  0)
   520840    117424   6316784  0.002  0.000   52.339    8.098    0    0  (Gen:  0)
   521424    154944   6394224  0.002  0.000   52.343    8.098    0    0  (Gen:  0)
   525096    153240   6470784  0.003  0.000   52.347    8.099    0    0  (Gen:  0)
   521040    123256   6529448  0.002  0.000   52.350    8.100    0    0  (Gen:  0)
   519936    172640   6625024  0.002  0.000   52.354    8.100    0    0  (Gen:  0)
   520528    158320   6705456  0.003  0.000   52.358    8.101    0    0  (Gen:  0)
   520704    130960   6768464  0.002  0.000   52.362    8.102    0    0  (Gen:  0)
   521576    138928   6823640  0.002  0.000   52.366    8.102    0    0  (Gen:  0)
   525360    165016   6904208  0.002  0.000   52.369    8.103    0    0  (Gen:  0)
   520880    138864   6964448  0.002  0.000   52.373    8.103    0    0  (Gen:  0)
   524776    139984   7019808  0.002  0.000   52.376    8.104    0    0  (Gen:  0)
   521152    130112   7097384  0.002  0.000   52.380    8.105    0    0  (Gen:  0)
   524896    157792   7172976  0.002  0.000   52.384    8.105    0    0  (Gen:  0)
   562256    143952   7247032  0.002  0.000   52.387    8.106    0    0  (Gen:  0)
   520928    145976   7319856  0.002  0.000   52.391    8.107    0    0  (Gen:  0)
   520816    175472   7414088  0.003  0.000   52.395    8.107    0    0  (Gen:  0)
   521040    149712   7500912  0.003  0.000   52.399    8.108    0    0  (Gen:  0)
   520512    120736   7567840  0.002  0.000   52.402    8.108    0    0  (Gen:  0)
   521456    163672   7648496  0.002  0.000   52.406    8.109    0    0  (Gen:  0)
   521216    154264   7724688  0.002  0.000   52.410    8.110    0    0  (Gen:  0)
   520952    134392   7793200  0.002  0.000   52.413    8.110    0    0  (Gen:  0)
   519976    186320   7894480  0.004  0.000   52.418    8.111    0    0  (Gen:  0)
   520536    138648   7982616  0.002  0.000   52.422    8.112    0    0  (Gen:  0)
   520912    141336   8049624  0.002  0.000   52.425    8.112    0    0  (Gen:  0)
   521136    146648   8109280  0.003  0.000   52.429    8.113    0    0  (Gen:  0)
   521232    167440   8192512  0.003  0.000   52.433    8.114    0    0  (Gen:  0)
   520552    137968   8255664  0.002  0.000   52.437    8.114    0    0  (Gen:  0)
   520960    181928   8352200  0.003  0.000   52.441    8.115    0    0  (Gen:  0)
   521184    162120   8438264  0.002  0.000   52.445    8.116    0    0  (Gen:  0)
   520624    145280   8503376  0.003  0.000   52.449    8.116    0    0  (Gen:  0)
   521136    149424   8562544  0.002  0.000   52.453    8.117    0    0  (Gen:  0)
   521216    175824   8652800  0.003  0.000   52.457    8.117    0    0  (Gen:  0)
   520912    147056   8712496  0.003  0.000   52.461    8.118    0    0  (Gen:  0)
   520560    155208   8778608  0.004  0.000   52.465    8.119    0    0  (Gen:  0)
   521312    114176   8855984  0.002  0.000   52.469    8.120    0    0  (Gen:  0)
   520296    169440   8936752  0.002  0.000   52.473    8.120    0    0  (Gen:  0)
   521224    154200   9017360  0.003  0.000   52.476    8.121    0    0  (Gen:  0)
   521144    150864   9092256  0.002  0.000   52.480    8.121    0    0  (Gen:  0)
   520648    187208   9192136  0.003  0.000   52.484    8.122    0    0  (Gen:  0)
   520752    168128   9272840  0.003  0.000   52.488    8.123    0    0  (Gen:  0)
   521320    139608   9346144  0.003  0.000   52.492    8.123    0    0  (Gen:  0)
   520856    178384   9434584  0.002  0.000   52.496    8.124    0    0  (Gen:  0)
   520232    171040   9516928  0.003  0.000   52.500    8.125    0    0  (Gen:  0)
   521120    134880   9588424  0.003  0.000   52.504    8.125    0    0  (Gen:  0)
   520856    178376   9678256  0.003  0.000   52.508    8.126    0    0  (Gen:  0)
   520888    169920   9760800  0.002  0.000   52.511    8.127    0    0  (Gen:  0)
   520192    152816   9836760  0.002  0.000   52.515    8.127    0    0  (Gen:  0)
   520872    156248   9898920  0.003  0.000   52.519    8.128    0    0  (Gen:  0)
   520704    140104   9947064  0.003  0.000   52.524    8.129    0    0  (Gen:  0)
   520704     42544   9967864  0.002  0.000   52.527    8.129    0    0  (Gen:  0)
   520824     59496  10023000  0.002  0.000   52.530    8.130    0    0  (Gen:  0)
   520832     46152  10056968  0.002  0.000   52.533    8.130    0    0  (Gen:  0)
   521144     97152  10111408  0.002  0.000   52.536    8.131    0    0  (Gen:  0)
   520400     92568  10156008  0.002  0.000   52.539    8.131    0    0  (Gen:  0)
   521264     83032  10193104  0.002  0.000   52.543    8.132    0    0  (Gen:  0)
   520312    131360  10270088  0.002  0.000   52.546    8.132    0    0  (Gen:  0)
   521256    116192  10329888  0.002  0.000   52.550    8.133    0    0  (Gen:  0)
   520920   4174504   5156000  0.013  0.001   52.563    8.134    0    0  (Gen:  1)
   521224    121936   5214752  0.004  0.000   52.568    8.135    0    0  (Gen:  0)
   521184     63832   5273928  0.002  0.000   52.572    8.136    0    0  (Gen:  0)
   521128    133248   5344944  0.003  0.000   52.576    8.136    0    0  (Gen:  0)
   521016    110088   5403352  0.002  0.000   52.580    8.137    0    0  (Gen:  0)
   520864     88576   5453120  0.003  0.000   52.583    8.138    0    0  (Gen:  0)
   521000    130432   5517872  0.002  0.000   52.587    8.138    0    0  (Gen:  0)
   520680    127752   5582832  0.002  0.000   52.591    8.139    0    0  (Gen:  0)
   520624    106008   5632992  0.003  0.000   52.595    8.139    0    0  (Gen:  0)
   521008    159072   5722616  0.003  0.000   52.599    8.140    0    0  (Gen:  0)
   520800    137496   5792216  0.003  0.000   52.603    8.141    0    0  (Gen:  0)
   520928    117208   5843472  0.003  0.000   52.607    8.141    0    0  (Gen:  0)
   520976    117152   5886496  0.003  0.000   52.612    8.142    0    0  (Gen:  0)
   521240    147224   5961864  0.003  0.000   52.616    8.142    0    0  (Gen:  0)
   521144    119096   6009160  0.003  0.000   52.620    8.143    0    0  (Gen:  0)
   520792    163224   6099400  0.003  0.000   52.625    8.144    0    0  (Gen:  0)
   520560    114280   6161904  0.002  0.000   52.629    8.144    0    0  (Gen:  0)
   521560    147736   6234608  0.003  0.000   52.633    8.145    0    0  (Gen:  0)
   521032    134016   6301280  0.002  0.000   52.637    8.146    0    0  (Gen:  0)
   520768    112168   6359120  0.003  0.000   52.641    8.146    0    0  (Gen:  0)
   521280    154392   6438424  0.003  0.000   52.645    8.147    0    0  (Gen:  0)
   520816    145208   6510776  0.003  0.000   52.649    8.148    0    0  (Gen:  0)
   521256    120408   6571728  0.003  0.000   52.653    8.148    0    0  (Gen:  0)
   521160    130800   6622696  0.004  0.000   52.658    8.149    0    0  (Gen:  0)
   521096    164264   6707808  0.003  0.000   52.662    8.150    0    0  (Gen:  0)
   520920    125112   6764304  0.003  0.000   52.666    8.150    0    0  (Gen:  0)
   520576    170072   6856656  0.003  0.000   52.670    8.151    0    0  (Gen:  0)
   520472    146088   6937384  0.003  0.000   52.674    8.152    0    0  (Gen:  0)
   520936    137528   6997104  0.004  0.000   52.679    8.152    0    0  (Gen:  0)
   521544    142352   7056536  0.004  0.000   52.684    8.153    0    0  (Gen:  0)
   520624     84064   7132160  0.002  0.000   52.688    8.154    0    0  (Gen:  0)
   520640    174904   7225640  0.003  0.000   52.692    8.154    0    0  (Gen:  0)
   520744    142648   7297992  0.003  0.000   52.696    8.155    0    0  (Gen:  0)
   520744    117064   7367272  0.003  0.000   52.700    8.156    0    0  (Gen:  0)
   521472    163176   7448344  0.003  0.000   52.704    8.156    0    0  (Gen:  0)
   673368    147080   7524648  0.003  0.000   52.708    8.157    0    0  (Gen:  0)
   521176    124544   7593408  0.003  0.000   52.713    8.158    0    0  (Gen:  0)
   520920    162624   7673712  0.003  0.000   52.717    8.158    0    0  (Gen:  0)
   521240    149032   7750056  0.003  0.000   52.721    8.159    0    0  (Gen:  0)
   520928    123328   7813840  0.003  0.000   52.725    8.160    0    0  (Gen:  0)
   521168    165832   7898424  0.003  0.000   52.729    8.160    0    0  (Gen:  0)
   521336    159024   7975720  0.003  0.000   52.733    8.161    0    0  (Gen:  0)
   520712    133480   8042128  0.003  0.000   52.738    8.162    0    0  (Gen:  0)
   520208    186800   8144896  0.003  0.000   52.742    8.162    0    0  (Gen:  0)
   520480    160192   8232592  0.003  0.000   52.746    8.163    0    0  (Gen:  0)
   521032    136336   8297352  0.004  0.000   52.751    8.164    0    0  (Gen:  0)
   521016    146064   8356488  0.004  0.000   52.756    8.165    0    0  (Gen:  0)
   521304    169960   8442128  0.003  0.000   52.760    8.165    0    0  (Gen:  0)
   520664    139048   8503168  0.004  0.000   52.765    8.166    0    0  (Gen:  0)
   520800    185728   8604008  0.003  0.000   52.770    8.167    0    0  (Gen:  0)
   521232    167072   8690616  0.003  0.000   52.774    8.167    0    0  (Gen:  0)
   520560    146704   8753256  0.004  0.000   52.779    8.168    0    0  (Gen:  0)
   521200    156544   8820088  0.003  0.000   52.783    8.169    0    0  (Gen:  0)
   521144    117992   8897768  0.003  0.000   52.787    8.169    0    0  (Gen:  0)
   520896    168768   8980320  0.003  0.000   52.791    8.170    0    0  (Gen:  0)
   520760    163088   9070392  0.003  0.000   52.796    8.171    0    0  (Gen:  0)
   521048    131032   9144608  0.003  0.000   52.800    8.172    0    0  (Gen:  0)
   520584    171000   9227400  0.003  0.000   52.805    8.172    0    0  (Gen:  0)
   566160    156096   9307872  0.003  0.000   52.809    8.173    0    0  (Gen:  0)
   520976    127400   9381768  0.003  0.000   52.814    8.174    0    0  (Gen:  0)
   520016    183384   9478568  0.003  0.000   52.818    8.174    0    0  (Gen:  0)
   520944    165368   9560768  0.004  0.000   52.823    8.175    0    0  (Gen:  0)
   520520    125624   9631464  0.003  0.000   52.827    8.176    0    0  (Gen:  0)
   521016    180584   9722616  0.003  0.000   52.832    8.177    0    0  (Gen:  0)
   520872    185152   9818536  0.004  0.000   52.837    8.177    0    0  (Gen:  0)
   521504    135920   9890256  0.003  0.000   52.841    8.178    0    0  (Gen:  0)
   520688    155784   9954304  0.004  0.000   52.847    8.179    0    0  (Gen:  0)
   520448    187984  10053920  0.003  0.000   52.851    8.180    0    0  (Gen:  0)
   520968    141432  10126016  0.004  0.000   52.856    8.180    0    0  (Gen:  0)
   520488    156368  10191216  0.004  0.000   52.861    8.181    0    0  (Gen:  0)
   520960   4009152   4990840  0.013  0.001   52.875    8.183    0    0  (Gen:  1)
   520552     43312   5009736  0.002  0.000   52.879    8.183    0    0  (Gen:  0)
   521064     81688   5060976  0.003  0.000   52.882    8.184    0    0  (Gen:  0)
   520592     48336   5093696  0.003  0.000   52.886    8.184    0    0  (Gen:  0)
   520280     90592   5140360  0.003  0.000   52.891    8.185    0    0  (Gen:  0)
   521704     89848   5184024  0.002  0.000   52.895    8.186    0    0  (Gen:  0)
   521160     75376   5220120  0.003  0.000   52.898    8.186    0    0  (Gen:  0)
   520640     83536   5250624  0.003  0.000   52.902    8.187    0    0  (Gen:  0)
   520520    113592   5309104  0.003  0.000   52.905    8.187    0    0  (Gen:  0)
   520656     90688   5345968  0.003  0.000   52.909    8.188    0    0  (Gen:  0)
   520616    105560   5388040  0.002  0.000   52.913    8.188    0    0  (Gen:  0)
   520440     75128   5442456  0.003  0.000   52.917    8.189    0    0  (Gen:  0)
   521640    139312   5518648  0.002  0.000   52.921    8.190    0    0  (Gen:  0)
   520800    121216   5578976  0.003  0.000   52.925    8.190    0    0  (Gen:  0)
   520880     92888   5627688  0.003  0.000   52.929    8.191    0    0  (Gen:  0)
   521088    131904   5693928  0.004  0.000   52.935    8.192    0    0  (Gen:  0)
   520992    130784   5759240  0.003  0.000   52.939    8.192    0    0  (Gen:  0)
   521032    104360   5808128  0.003  0.000   52.944    8.193    0    0  (Gen:  0)
   521032    113944   5849792  0.003  0.000   52.948    8.194    0    0  (Gen:  0)
   521256    141160   5919216  0.003  0.000   52.952    8.194    0    0  (Gen:  0)
   520440    115056   5968472  0.003  0.000   52.957    8.195    0    0  (Gen:  0)
   587256    121368   6058176  0.003  0.000   52.962    8.196    0    0  (Gen:  0)
   632464     70336   6081336  0.003  0.000   52.966    8.196    0    0  (Gen:  0)
   521336    115768   6128320  0.003  0.000   52.970    8.197    0    0  (Gen:  0)
   521128    157048   6212048  0.003  0.000   52.975    8.198    0    0  (Gen:  0)
   521016    127328   6275200  0.004  0.000   52.981    8.199    0    0  (Gen:  0)
   521128    147768   6347952  0.003  0.000   52.986    8.199    0    0  (Gen:  0)
   520088    134848   6414752  0.002  0.000   52.990    8.200    0    0  (Gen:  0)
   520280    100816   6471832  0.003  0.000   52.994    8.201    0    0  (Gen:  0)
   520944    154352   6550264  0.002  0.000   52.998    8.201    0    0  (Gen:  0)
   520912    145328   6620616  0.003  0.000   53.002    8.202    0    0  (Gen:  0)
   520664    124232   6688616  0.002  0.000   53.007    8.203    0    0  (Gen:  0)
   520800    117664   6758192  0.003  0.000   53.011    8.203    0    0  (Gen:  0)
   520328    157848   6835984  0.003  0.000   53.015    8.204    0    0  (Gen:  0)
   520856    124544   6893032  0.004  0.000   53.020    8.205    0    0  (Gen:  0)
   520360    170432   6984656  0.003  0.000   53.024    8.205    0    0  (Gen:  0)
   520608    155496   7066912  0.004  0.000   53.029    8.206    0    0  (Gen:  0)
   520624    148856   7142200  0.003  0.000   53.034    8.207    0    0  (Gen:  0)
   520448    123176   7209592  0.003  0.000   53.039    8.207    0    0  (Gen:  0)
   521328    152648   7286680  0.003  0.000   53.043    8.208    0    0  (Gen:  0)
   520096    174560   7381008  0.003  0.000   53.048    8.209    0    0  (Gen:  0)
   521016    156368   7465096  0.003  0.000   53.052    8.210    0    0  (Gen:  0)
   520800    118608   7536776  0.004  0.000   53.057    8.210    0    0  (Gen:  0)
   520592    162960   7617400  0.003  0.000   53.061    8.211    0    0  (Gen:  0)
   537224    146392   7694400  0.003  0.000   53.065    8.212    0    0  (Gen:  0)
   521016    130144   7763464  0.003  0.000   53.070    8.212    0    0  (Gen:  0)
   520400    169160   7849232  0.004  0.000   53.075    8.213    0    0  (Gen:  0)
   520968    151696   7926152  0.003  0.000   53.080    8.214    0    0  (Gen:  0)
   520896    119536   7990424  0.004  0.000   53.085    8.215    0    0  (Gen:  0)
   520584    142992   8048832  0.004  0.000   53.090    8.215    0    0  (Gen:  0)
   520448    176152   8142816  0.003  0.000   53.094    8.216    0    0  (Gen:  0)
   521080    130592   8207968  0.003  0.000   53.099    8.217    0    0  (Gen:  0)
   521216    174656   8298712  0.003  0.000   53.103    8.217    0    0  (Gen:  0)
   520696    145696   8386672  0.003  0.000   53.107    8.218    0    0  (Gen:  0)
   520960    138840   8449168  0.003  0.000   53.112    8.219    0    0  (Gen:  0)
   520664    146264   8507896  0.004  0.000   53.118    8.220    0    0  (Gen:  0)
   520928    177176   8601112  0.004  0.000   53.122    8.220    0    0  (Gen:  0)
   520976    141304   8660648  0.005  0.000   53.129    8.221    0    0  (Gen:  0)
   521064    180928   8755544  0.005  0.000   53.136    8.222    0    0  (Gen:  0)
   520752     86272   8836240  0.003  0.000   53.141    8.223    0    0  (Gen:  0)
   520856    167192   8917592  0.003  0.000   53.145    8.224    0    0  (Gen:  0)
   520736    143920   8990816  0.003  0.000   53.149    8.224    0    0  (Gen:  0)
   520824    114784   9067552  0.003  0.000   53.154    8.225    0    0  (Gen:  0)
   521152    184280   9165568  0.004  0.000   53.158    8.226    0    0  (Gen:  0)
   521168    155464   9241552  0.003  0.000   53.163    8.226    0    0  (Gen:  0)
   520840    127496   9315440  0.003  0.000   53.167    8.227    0    0  (Gen:  0)
   520936    170584   9398080  0.004  0.000   53.172    8.228    0    0  (Gen:  0)
   520816    158336   9481384  0.004  0.000   53.178    8.229    0    0  (Gen:  0)
   520552    126288   9552056  0.003  0.000   53.182    8.230    0    0  (Gen:  0)
   520072    178216   9644256  0.003  0.000   53.187    8.230    0    0  (Gen:  0)
   521056    166096   9725816  0.003  0.000   53.191    8.231    0    0  (Gen:  0)
   520488    137776   9797224  0.004  0.000   53.196    8.232    0    0  (Gen:  0)
   521208    154264   9860216  0.005  0.000   53.202    8.233    0    0  (Gen:  0)
   520688    189856   9960368  0.003  0.000   53.206    8.233    0    0  (Gen:  0)
   521456   5321664   6303224  0.016  0.001   53.224    8.235    0    0  (Gen:  1)
   520496    155544   6367704  0.003  0.000   53.228    8.236    0    0  (Gen:  0)
   520656    189992   6469912  0.002  0.000   53.231    8.237    0    0  (Gen:  0)
   520784    151600   6541320  0.003  0.000   53.235    8.237    0    0  (Gen:  0)
   520368    156112   6605144  0.003  0.000   53.240    8.238    0    0  (Gen:  0)
   521192    141040   6655520  0.003  0.000   53.244    8.238    0    0  (Gen:  0)
   521504     44240   6675704  0.002  0.000   53.246    8.239    0    0  (Gen:  0)
   521208     83912   6728168  0.002  0.000   53.248    8.239    0    0  (Gen:  0)
   520400     58192   6759136  0.002  0.000   53.251    8.240    0    0  (Gen:  0)
   520552     97280   6812592  0.002  0.000   53.253    8.240    0    0  (Gen:  0)
   521632     94408   6858736  0.003  0.000   53.256    8.241    0    0  (Gen:  0)
   521040     81520   6893368  0.002  0.000   53.259    8.241    0    0  (Gen:  0)
   520760     84544   6924568  0.002  0.000   53.262    8.241    0    0  (Gen:  0)
   520448    114768   6983544  0.002  0.000   53.265    8.242    0    0  (Gen:  0)
   520672     92704   7018040  0.003  0.000   53.268    8.242    0    0  (Gen:  0)
   520552    130264   7084960  0.002  0.000   53.271    8.243    0    0  (Gen:  0)
   520520     95520   7136648  0.002  0.000   53.274    8.243    0    0  (Gen:  0)
   521624    134128   7207808  0.002  0.000   53.276    8.244    0    0  (Gen:  0)
   520904    123816   7269664  0.002  0.000   53.279    8.244    0    0  (Gen:  0)
   520888    100296   7317784  0.002  0.000   53.282    8.245    0    0  (Gen:  0)
   521064    109168   7359648  0.003  0.000   53.286    8.245    0    0  (Gen:  0)
   520968    147544   7439936  0.002  0.000   53.289    8.246    0    0  (Gen:  0)
   520816    109224   7487360  0.003  0.000   53.292    8.246    0    0  (Gen:  0)
   520984    114904   7530712  0.003  0.000   53.295    8.247    0    0  (Gen:  0)
   521264    141584   7601240  0.002  0.000   53.298    8.247    0    0  (Gen:  0)
   520584    117296   7649576  0.003  0.000   53.302    8.248    0    0  (Gen:  0)
   521176    128360   7704984  0.002  0.000   53.305    8.249    0    0  (Gen:  0)
   521192    102664   7765704  0.002  0.000   53.308    8.249    0    0  (Gen:  0)
   520792    150872   7844376  0.002  0.000   53.310    8.250    0    0  (Gen:  0)
   520752    137392   7912128  0.002  0.000   53.313    8.250    0    0  (Gen:  0)
   520832    106648   7970808  0.002  0.000   53.316    8.251    0    0  (Gen:  0)
   521344    150400   8046064  0.002  0.000   53.319    8.251    0    0  (Gen:  0)
   520584    142152   8114264  0.002  0.000   53.322    8.252    0    0  (Gen:  0)
   521224    118552   8168984  0.002  0.000   53.325    8.252    0    0  (Gen:  0)
   520912    130976   8222288  0.003  0.000   53.329    8.253    0    0  (Gen:  0)
   520880    167016   8314488  0.002  0.000   53.332    8.253    0    0  (Gen:  0)
   520800    124136   8371176  0.003  0.000   53.336    8.254    0    0  (Gen:  0)
   520656    130784   8423776  0.003  0.000   53.340    8.255    0    0  (Gen:  0)
   520832    159808   8504032  0.002  0.000   53.343    8.255    0    0  (Gen:  0)
   520400    129632   8559320  0.003  0.000   53.347    8.256    0    0  (Gen:  0)
   520760    173720   8654304  0.004  0.000   53.352    8.256    0    0  (Gen:  0)
   520336    102184   8727944  0.002  0.000   53.355    8.257    0    0  (Gen:  0)
   520560    158848   8804616  0.002  0.000   53.358    8.257    0    0  (Gen:  0)
   520592    142520   8879408  0.002  0.000   53.361    8.258    0    0  (Gen:  0)
   521120    119608   8948608  0.002  0.000   53.364    8.259    0    0  (Gen:  0)
   520240    172616   9039456  0.002  0.000   53.367    8.259    0    0  (Gen:  0)
   521024    143376   9112408  0.002  0.000   53.370    8.260    0    0  (Gen:  0)
   520848    125840   9178056  0.003  0.000   53.374    8.260    0    0  (Gen:  0)
   520608    164504   9260888  0.002  0.000   53.377    8.261    0    0  (Gen:  0)
   562376    160264   9339720  0.002  0.000   53.380    8.261    0    0  (Gen:  0)
   521120    128176   9405456  0.003  0.000   53.383    8.262    0    0  (Gen:  0)
   520528    183984   9505536  0.003  0.000   53.387    8.263    0    0  (Gen:  0)
   520848    134288   9588512  0.002  0.000   53.390    8.263    0    0  (Gen:  0)
   520856    130008   9651560  0.003  0.000   53.394    8.264    0    0  (Gen:  0)
   520424    141536   9709064  0.003  0.000   53.399    8.264    0    0  (Gen:  0)
   520640    164592   9790232  0.002  0.000   53.402    8.265    0    0  (Gen:  0)
   520992    134096   9851288  0.003  0.000   53.406    8.266    0    0  (Gen:  0)
   521296    143016   9910648  0.003  0.000   53.410    8.266    0    0  (Gen:  0)
   520648    171688   9997832  0.002  0.000   53.413    8.267    0    0  (Gen:  0)
   520856    144616  10058056  0.003  0.000   53.417    8.268    0    0  (Gen:  0)
   520968    153952  10123560  0.003  0.000   53.422    8.268    0    0  (Gen:  0)
   520776    106632  10202928  0.002  0.000   53.425    8.269    0    0  (Gen:  0)
   521160    101816  10300608  0.002  0.000   53.428    8.269    0    0  (Gen:  0)
   520912    154568  10393584  0.003  0.000   53.431    8.270    0    0  (Gen:  0)
   520744    122784  10465608  0.002  0.000   53.434    8.270    0    0  (Gen:  0)
   520912    181440  10563008  0.002  0.000   53.437    8.271    0    0  (Gen:  0)
   520864    160584  10640360  0.002  0.000   53.441    8.272    0    0  (Gen:  0)
   520816    132944  10711560  0.003  0.000   53.444    8.272    0    0  (Gen:  0)
   521192    177992  10802712  0.002  0.000   53.448    8.273    0    0  (Gen:  0)
   520944    159216  10881656  0.002  0.000   53.451    8.273    0    0  (Gen:  0)
   520912    133936  10952176  0.003  0.000   53.454    8.274    0    0  (Gen:  0)
   520936    149464  11013280  0.003  0.000   53.459    8.275    0    0  (Gen:  0)
   524560    188800  11117544  0.002  0.000   53.462    8.275    0    0  (Gen:  0)
   520640    140280  11184784  0.003  0.000   53.466    8.276    0    0  (Gen:  0)
   520496    193072  11289624  0.003  0.000   53.469    8.277    0    0  (Gen:  0)
   521088    174104  11379248  0.002  0.000   53.473    8.277    0    0  (Gen:  0)
   520992    139848  11448432  0.003  0.000   53.476    8.278    0    0  (Gen:  0)
   521240    153824  11512776  0.004  0.000   53.481    8.279    0    0  (Gen:  0)
   520680    179360  11601592  0.002  0.000   53.485    8.279    0    0  (Gen:  0)
   521192    149632  11668208  0.004  0.000   53.489    8.280    0    0  (Gen:  0)
   520600    155240  11731840  0.004  0.000   53.494    8.280    0    0  (Gen:  0)
   520640    178712  11820984  0.002  0.000   53.497    8.281    0    0  (Gen:  0)
   520832    155304  11890344  0.004  0.000   53.502    8.282    0    0  (Gen:  0)
   520560    156976  11954936  0.004  0.000   53.506    8.283    0    0  (Gen:  0)
   524816    126936  11990496  0.003  0.000   53.510    8.283    0    0  (Gen:  0)
   521192     48672  12008992  0.002  0.000   53.512    8.283    0    0  (Gen:  0)
   521184     91456  12067752  0.002  0.000   53.514    8.284    0    0  (Gen:  0)
   520464     62592  12097248  0.002  0.000   53.517    8.284    0    0  (Gen:  0)
   520360     71312  12121112  0.002  0.000   53.520    8.285    0    0  (Gen:  0)
   521920    106872  12179392  0.002  0.000   53.522    8.285    0    0  (Gen:  0)
   521208     81080  12211512  0.002  0.000   53.525    8.286    0    0  (Gen:  0)
   520304     93408  12250112  0.002  0.000   53.528    8.286    0    0  (Gen:  0)
   520696     71944  12301448  0.002  0.000   53.531    8.287    0    0  (Gen:  0)
   520664    118648  12359016  0.002  0.000   53.533    8.287    0    0  (Gen:  0)
   520632   4201160   5182712  0.014  0.001   53.548    8.289    0    0  (Gen:  1)
   520760     98656   5219208  0.003  0.000   53.552    8.289    0    0  (Gen:  0)
   521080    125864   5284568  0.002  0.000   53.555    8.290    0    0  (Gen:  0)
   521064    126736   5347016  0.002  0.000   53.557    8.290    0    0  (Gen:  0)
   521064    101176   5393872  0.002  0.000   53.561    8.291    0    0  (Gen:  0)
   521080    109040   5434848  0.003  0.000   53.564    8.291    0    0  (Gen:  0)
   520984    138176   5503736  0.002  0.000   53.567    8.292    0    0  (Gen:  0)
   520736    109976   5548624  0.003  0.000   53.571    8.292    0    0  (Gen:  0)
   521168    121856   5598960  0.002  0.000   53.575    8.293    0    0  (Gen:  0)
   520816     87392   5661960  0.002  0.000   53.579    8.293    0    0  (Gen:  0)
   520776    141624   5730968  0.002  0.000   53.582    8.294    0    0  (Gen:  0)
   673336    122872   5796232  0.002  0.000   53.585    8.295    0    0  (Gen:  0)
   520672    112592   5855120  0.003  0.000   53.589    8.295    0    0  (Gen:  0)
   521224    152192   5935800  0.002  0.000   53.592    8.296    0    0  (Gen:  0)
   520944    132952   6004800  0.002  0.000   53.595    8.296    0    0  (Gen:  0)
   520784    115296   6061928  0.003  0.000   53.599    8.297    0    0  (Gen:  0)
   521296    123472   6109464  0.003  0.000   53.604    8.298    0    0  (Gen:  0)
   519936    159928   6192912  0.002  0.000   53.608    8.298    0    0  (Gen:  0)
   520440    124696   6246760  0.003  0.000   53.612    8.299    0    0  (Gen:  0)
   520880    131192   6300736  0.003  0.000   53.617    8.299    0    0  (Gen:  0)
   520688    158072   6384800  0.002  0.000   53.620    8.300    0    0  (Gen:  0)
   520896    131168   6441504  0.003  0.000   53.625    8.301    0    0  (Gen:  0)
   520704    132080   6493832  0.004  0.000   53.629    8.301    0    0  (Gen:  0)
   525152    162776   6576944  0.003  0.000   53.633    8.302    0    0  (Gen:  0)
   520848    133456   6631424  0.004  0.000   53.637    8.303    0    0  (Gen:  0)
   520656    171480   6723056  0.004  0.000   53.642    8.303    0    0  (Gen:  0)
   520304    105352   6795656  0.002  0.000   53.645    8.304    0    0  (Gen:  0)
   520608    158216   6870400  0.002  0.000   53.649    8.305    0    0  (Gen:  0)
   524592    144608   6948032  0.002  0.000   53.653    8.305    0    0  (Gen:  0)
   520624    114248   7015320  0.003  0.000   53.658    8.306    0    0  (Gen:  0)
   520984    170520   7104264  0.002  0.000   53.662    8.307    0    0  (Gen:  0)
   525032    149808   7178456  0.002  0.000   53.666    8.307    0    0  (Gen:  0)
   519504    112608   7242288  0.003  0.000   53.670    8.308    0    0  (Gen:  0)
   529032    140472   7298960  0.004  0.000   53.675    8.309    0    0  (Gen:  0)
   562216    175984   7391120  0.003  0.000   53.678    8.309    0    0  (Gen:  0)
   521104    126792   7455944  0.003  0.000   53.682    8.310    0    0  (Gen:  0)
   521024    180624   7551912  0.003  0.000   53.686    8.310    0    0  (Gen:  0)
   520384    154872   7633376  0.003  0.000   53.689    8.311    0    0  (Gen:  0)
   520728    137256   7696736  0.003  0.000   53.694    8.312    0    0  (Gen:  0)
   521008    140296   7754024  0.003  0.000   53.699    8.312    0    0  (Gen:  0)
   521536    170808   7844208  0.002  0.000   53.703    8.313    0    0  (Gen:  0)
   520936    139888   7904064  0.003  0.000   53.708    8.314    0    0  (Gen:  0)
   520984    181560   8004000  0.004  0.000   53.714    8.315    0    0  (Gen:  0)
   520544     86208   8086112  0.002  0.000   53.718    8.315    0    0  (Gen:  0)
   521152    166000   8166440  0.002  0.000   53.721    8.316    0    0  (Gen:  0)
   520816    137080   8238904  0.003  0.000   53.725    8.317    0    0  (Gen:  0)
   521128    119056   8316568  0.003  0.000   53.729    8.317    0    0  (Gen:  0)
   521736    186912   8415968  0.003  0.000   53.732    8.318    0    0  (Gen:  0)
   521064    153704   8493120  0.003  0.000   53.736    8.318    0    0  (Gen:  0)
   521232    116432   8563904  0.003  0.000   53.740    8.319    0    0  (Gen:  0)
   520800    170248   8648192  0.003  0.000   53.744    8.320    0    0  (Gen:  0)
   520864    156600   8728112  0.002  0.000   53.748    8.320    0    0  (Gen:  0)
   520512    129984   8797088  0.003  0.000   53.752    8.321    0    0  (Gen:  0)
   521304    172992   8883016  0.003  0.000   53.757    8.322    0    0  (Gen:  0)
   521040    164184   8962512  0.002  0.000   53.760    8.322    0    0  (Gen:  0)
   521008    133104   9032096  0.003  0.000   53.765    8.323    0    0  (Gen:  0)
   520488    150160   9093112  0.004  0.000   53.770    8.324    0    0  (Gen:  0)
   520848    173160   9180096  0.003  0.000   53.773    8.324    0    0  (Gen:  0)
   520392    140944   9246800  0.004  0.000   53.777    8.325    0    0  (Gen:  0)
   520400    186616   9344336  0.002  0.000   53.781    8.326    0    0  (Gen:  0)
   521432    156936   9434144  0.002  0.000   53.785    8.327    0    0  (Gen:  0)
   520992    147656   9501336  0.003  0.000   53.791    8.327    0    0  (Gen:  0)
   520176    153512   9566088  0.004  0.000   53.796    8.328    0    0  (Gen:  0)
   520904    180984   9656376  0.002  0.000   53.800    8.329    0    0  (Gen:  0)
   520560    147312   9723376  0.004  0.000   53.805    8.330    0    0  (Gen:  0)
   521104    154760   9785960  0.004  0.000   53.810    8.330    0    0  (Gen:  0)
   520080    179928   9877448  0.003  0.000   53.814    8.331    0    0  (Gen:  0)
   520728    155488   9944920  0.004  0.000   53.819    8.332    0    0  (Gen:  0)
   521008    162440  10015168  0.004  0.000   53.824    8.333    0    0  (Gen:  0)
   521048     30872  10037288  0.001  0.000   53.827    8.333    0    0  (Gen:  0)
   521216     68688  10081832  0.001  0.000   53.830    8.333    0    0  (Gen:  0)
   521112     68120  10116960  0.002  0.000   53.833    8.334    0    0  (Gen:  0)
   520304     63528  10144160  0.002  0.000   53.837    8.334    0    0  (Gen:  0)
   520680     70680  10168576  0.002  0.000   53.841    8.335    0    0  (Gen:  0)
   521848     99544  10221592  0.002  0.000   53.844    8.336    0    0  (Gen:  0)
   521048   4129312   5114992  0.009  0.001   53.855    8.337    0    0  (Gen:  1)
   520368    115872   5177400  0.002  0.000   53.859    8.337    0    0  (Gen:  0)
   520704     91136   5226368  0.003  0.000   53.863    8.338    0    0  (Gen:  0)
   520704    128280   5294664  0.003  0.000   53.866    8.339    0    0  (Gen:  0)
   660472    111936   5346184  0.003  0.000   53.869    8.339    0    0  (Gen:  0)
   520792     87944   5392336  0.003  0.000   53.873    8.340    0    0  (Gen:  0)
   520256    125344   5456592  0.003  0.000   53.876    8.340    0    0  (Gen:  0)
   520736    125728   5518312  0.002  0.000   53.880    8.341    0    0  (Gen:  0)
   521160    100808   5566392  0.003  0.000   53.885    8.341    0    0  (Gen:  0)
   520896    127048   5624528  0.002  0.000   53.888    8.342    0    0  (Gen:  0)
   525160    124096   5694872  0.002  0.000   53.892    8.343    0    0  (Gen:  0)
   520736    108520   5740336  0.003  0.000   53.897    8.343    0    0  (Gen:  0)
   525104    120152   5788568  0.003  0.000   53.901    8.344    0    0  (Gen:  0)
   520808     82704   5851992  0.002  0.000   53.905    8.345    0    0  (Gen:  0)
   525088    140648   5920336  0.003  0.000   53.908    8.345    0    0  (Gen:  0)
   565568    122784   5985416  0.003  0.000   53.912    8.346    0    0  (Gen:  0)
   520464     97944   6043120  0.003  0.000   53.916    8.346    0    0  (Gen:  0)
   521024     85928   6124928  0.003  0.000   53.919    8.347    0    0  (Gen:  0)
   520632    136104   6194648  0.002  0.000   53.923    8.348    0    0  (Gen:  0)
   521184    113392   6251952  0.003  0.000   53.927    8.348    0    0  (Gen:  0)
   520552    124712   6299496  0.003  0.000   53.932    8.349    0    0  (Gen:  0)
   520448    155736   6377704  0.003  0.000   53.937    8.350    0    0  (Gen:  0)
   520672    120072   6432032  0.003  0.000   53.941    8.350    0    0  (Gen:  0)
   520920    131144   6485432  0.003  0.000   53.947    8.351    0    0  (Gen:  0)
   520568    152176   6563280  0.003  0.000   53.951    8.352    0    0  (Gen:  0)
   521032    126424   6617992  0.004  0.000   53.955    8.352    0    0  (Gen:  0)
   521224    135992   6676568  0.004  0.000   53.960    8.353    0    0  (Gen:  0)
   520776     85592   6749944  0.003  0.000   53.963    8.354    0    0  (Gen:  0)
   521176    164736   6836576  0.003  0.000   53.967    8.354    0    0  (Gen:  0)
   521312    141048   6906232  0.003  0.000   53.971    8.355    0    0  (Gen:  0)
   520680    119000   6976488  0.003  0.000   53.975    8.356    0    0  (Gen:  0)
   520512    159328   7053848  0.003  0.000   53.980    8.356    0    0  (Gen:  0)
   521024    147920   7131152  0.003  0.000   53.984    8.357    0    0  (Gen:  0)
   520960    112000   7197968  0.003  0.000   53.989    8.358    0    0  (Gen:  0)
   520528    166360   7282320  0.003  0.000   53.993    8.358    0    0  (Gen:  0)
   521008    152016   7357416  0.003  0.000   53.997    8.359    0    0  (Gen:  0)
   520672    124488   7420320  0.004  0.000   54.002    8.360    0    0  (Gen:  0)
   520680    140640   7476568  0.004  0.000   54.007    8.360    0    0  (Gen:  0)
   537392    173616   7568976  0.003  0.000   54.011    8.361    0    0  (Gen:  0)
   521264    131152   7633320  0.004  0.000   54.015    8.362    0    0  (Gen:  0)
   521208    103264   7732224  0.002  0.000   54.018    8.362    0    0  (Gen:  0)
   521080    141936   7814280  0.003  0.000   54.022    8.363    0    0  (Gen:  0)
   520560    136160   7875176  0.003  0.000   54.027    8.364    0    0  (Gen:  0)
   520920    141384   7933400  0.004  0.000   54.032    8.364    0    0  (Gen:  0)
   520376    165152   8017768  0.003  0.000   54.037    8.365    0    0  (Gen:  0)
   520640    139848   8077032  0.004  0.000   54.042    8.366    0    0  (Gen:  0)
   520704    150288   8142688  0.004  0.000   54.047    8.367    0    0  (Gen:  0)
   520968     97136   8220952  0.003  0.000   54.052    8.367    0    0  (Gen:  0)
   521240    169016   8303184  0.003  0.000   54.056    8.368    0    0  (Gen:  0)
   520776    146224   8377648  0.003  0.000   54.059    8.369    0    0  (Gen:  0)
   520344    129952   8451944  0.003  0.000   54.063    8.369    0    0  (Gen:  0)
   521320    183096   8547680  0.003  0.000   54.067    8.370    0    0  (Gen:  0)
   520944    159736   8626864  0.003  0.000   54.071    8.370    0    0  (Gen:  0)
   520784    121632   8695424  0.003  0.000   54.076    8.371    0    0  (Gen:  0)
   521048    169616   8780008  0.003  0.000   54.080    8.372    0    0  (Gen:  0)
   520880    159808   8861192  0.003  0.000   54.085    8.373    0    0  (Gen:  0)
   520832    132680   8930088  0.003  0.000   54.090    8.373    0    0  (Gen:  0)
   521000    147920   8989216  0.004  0.000   54.095    8.374    0    0  (Gen:  0)
   521640    181840   9084472  0.003  0.000   54.099    8.375    0    0  (Gen:  0)
   520608    135936   9151944  0.004  0.000   54.103    8.375    0    0  (Gen:  0)
   520600    150024   9213104  0.004  0.000   54.108    8.376    0    0  (Gen:  0)
   521112    181808   9309560  0.003  0.000   54.112    8.377    0    0  (Gen:  0)
   520928    146408   9375416  0.004  0.000   54.117    8.378    0    0  (Gen:  0)
   520632    190824   9477240  0.003  0.000   54.122    8.378    0    0  (Gen:  0)
   521184    165464   9565984  0.003  0.000   54.126    8.379    0    0  (Gen:  0)
   521104    143920   9633256  0.004  0.000   54.132    8.380    0    0  (Gen:  0)
   521000    153320   9697912  0.004  0.000   54.137    8.381    0    0  (Gen:  0)
   521088    184176   9792088  0.003  0.000   54.142    8.381    0    0  (Gen:  0)
   520936    152152   9858024  0.005  0.000   54.148    8.382    0    0  (Gen:  0)
   520440    158672   9924424  0.004  0.000   54.153    8.383    0    0  (Gen:  0)
   520616     97472  10010872  0.003  0.000   54.156    8.383    0    0  (Gen:  0)
   521112    179360  10097216  0.003  0.000   54.160    8.384    0    0  (Gen:  0)
   537672   3991480   4969176  0.012  0.001   54.174    8.386    0    0  (Gen:  1)
   586784     31552   4987664  0.002  0.000   54.177    8.386    0    0  (Gen:  0)
   537104     46432   5030064  0.001  0.000   54.180    8.387    0    0  (Gen:  0)
   536920     69112   5066992  0.001  0.000   54.183    8.387    0    0  (Gen:  0)
   521088     60288   5094128  0.002  0.000   54.187    8.388    0    0  (Gen:  0)
   520848     70648   5117488  0.002  0.000   54.191    8.388    0    0  (Gen:  0)
   537048    105312   5176224  0.002  0.000   54.194    8.389    0    0  (Gen:  0)
   520880     81024   5207440  0.003  0.000   54.197    8.389    0    0  (Gen:  0)
   521000     98072   5250120  0.002  0.000   54.200    8.390    0    0  (Gen:  0)
   521008     82032   5298112  0.002  0.000   54.203    8.390    0    0  (Gen:  0)
   521192    119856   5356616  0.002  0.000   54.206    8.391    0    0  (Gen:  0)
   537624    116104   5413520  0.002  0.000   54.209    8.391    0    0  (Gen:  0)
   520480     88552   5455536  0.002  0.000   54.213    8.392    0    0  (Gen:  0)
   520720    139952   5534560  0.002  0.000   54.216    8.393    0    0  (Gen:  0)
   520880    118440   5603856  0.002  0.000   54.220    8.393    0    0  (Gen:  0)
   521376    102576   5648632  0.003  0.000   54.224    8.394    0    0  (Gen:  0)
   521776    109592   5688560  0.003  0.000   54.229    8.394    0    0  (Gen:  0)
   521368    139784   5760704  0.003  0.000   54.232    8.395    0    0  (Gen:  0)
   520968    112520   5803312  0.003  0.000   54.237    8.396    0    0  (Gen:  0)
   520832    128456   5862720  0.002  0.000   54.240    8.396    0    0  (Gen:  0)
   521648    101208   5921544  0.003  0.000   54.244    8.397    0    0  (Gen:  0)
   520712    144160   5992096  0.002  0.000   54.247    8.397    0    0  (Gen:  0)
   537032    134368   6059376  0.002  0.000   54.250    8.398    0    0  (Gen:  0)
   520960    112688   6115408  0.003  0.000   54.253    8.399    0    0  (Gen:  0)
   520768    165312   6208496  0.003  0.000   54.257    8.399    0    0  (Gen:  0)
   520736    128864   6283400  0.002  0.000   54.260    8.400    0    0  (Gen:  0)
   520952    111328   6337512  0.003  0.000   54.265    8.400    0    0  (Gen:  0)
   521128    124024   6387376  0.003  0.000   54.270    8.401    0    0  (Gen:  0)
   520808    150192   6461104  0.002  0.000   54.273    8.402    0    0  (Gen:  0)
   521000    122576   6515000  0.003  0.000   54.278    8.402    0    0  (Gen:  0)
   521272     97368   6607904  0.002  0.000   54.282    8.403    0    0  (Gen:  0)
   520736    102904   6678912  0.002  0.000   54.286    8.404    0    0  (Gen:  0)
   519944    155584   6755696  0.003  0.000   54.289    8.404    0    0  (Gen:  0)
   520784    131072   6825136  0.002  0.000   54.292    8.405    0    0  (Gen:  0)
   521104    116832   6890872  0.003  0.000   54.296    8.405    0    0  (Gen:  0)
   520792    155008   6967000  0.002  0.000   54.299    8.406    0    0  (Gen:  0)
   521104    143704   7040608  0.002  0.000   54.302    8.407    0    0  (Gen:  0)
   520840    123056   7106176  0.003  0.000   54.307    8.407    0    0  (Gen:  0)
   521096    159576   7184536  0.002  0.000   54.310    8.408    0    0  (Gen:  0)
   520840    159104   7263400  0.002  0.000   54.314    8.408    0    0  (Gen:  0)
   521080    124856   7326928  0.003  0.000   54.318    8.409    0    0  (Gen:  0)
   521032    139704   7381808  0.003  0.000   54.324    8.410    0    0  (Gen:  0)
   520680    162528   7463024  0.002  0.000   54.327    8.411    0    0  (Gen:  0)
   520936    131880   7521608  0.003  0.000   54.332    8.411    0    0  (Gen:  0)
   520752    139840   7577952  0.003  0.000   54.336    8.412    0    0  (Gen:  0)
   537352    167472   7662600  0.003  0.000   54.340    8.413    0    0  (Gen:  0)
   520976    138896   7722936  0.004  0.000   54.344    8.413    0    0  (Gen:  0)
   520224    178008   7818712  0.004  0.000   54.348    8.414    0    0  (Gen:  0)
   520752    109200   7893768  0.002  0.000   54.352    8.415    0    0  (Gen:  0)
   520976    173744   7986488  0.003  0.000   54.356    8.415    0    0  (Gen:  0)
   520464    138312   8060776  0.003  0.000   54.360    8.416    0    0  (Gen:  0)
   521024    112176   8132664  0.003  0.000   54.364    8.417    0    0  (Gen:  0)
   520256    176736   8223688  0.002  0.000   54.368    8.417    0    0  (Gen:  0)
   520624    152632   8302032  0.003  0.000   54.371    8.418    0    0  (Gen:  0)
   520896    135264   8373360  0.003  0.000   54.375    8.419    0    0  (Gen:  0)
   521064    170520   8456360  0.003  0.000   54.379    8.419    0    0  (Gen:  0)
   520496    160736   8536560  0.003  0.000   54.382    8.420    0    0  (Gen:  0)
   520664    130224   8603456  0.003  0.000   54.386    8.420    0    0  (Gen:  0)
   520648    189024   8706896  0.003  0.000   54.390    8.421    0    0  (Gen:  0)
   520664    163992   8794000  0.002  0.000   54.394    8.422    0    0  (Gen:  0)
   521344    136160   8861136  0.003  0.000   54.398    8.422    0    0  (Gen:  0)
   521008    147984   8921480  0.004  0.000   54.403    8.423    0    0  (Gen:  0)
   521024    172104   9007496  0.003  0.000   54.407    8.424    0    0  (Gen:  0)
   520984    139112   9069936  0.003  0.000   54.412    8.425    0    0  (Gen:  0)
   520256    147600   9128152  0.004  0.000   54.417    8.425    0    0  (Gen:  0)
   521032    172784   9214360  0.003  0.000   54.421    8.426    0    0  (Gen:  0)
   520960    147584   9278344  0.004  0.000   54.426    8.427    0    0  (Gen:  0)
   520952    172856   9363816  0.004  0.000   54.431    8.428    0    0  (Gen:  0)
   520632     91680   9447272  0.003  0.000   54.435    8.428    0    0  (Gen:  0)
   520952    188600   9549384  0.003  0.000   54.439    8.429    0    0  (Gen:  0)
   520600    144160   9627248  0.003  0.000   54.442    8.429    0    0  (Gen:  0)
   521112    113832   9704944  0.003  0.000   54.446    8.430    0    0  (Gen:  0)
   521184    173216   9788656  0.003  0.000   54.450    8.431    0    0  (Gen:  0)
   521704    161920   9872656  0.003  0.000   54.454    8.431    0    0  (Gen:  0)
   521128   5308776   6286328  0.014  0.001   54.470    8.433    0    0  (Gen:  1)
   520208    178168   6374368  0.003  0.000   54.474    8.434    0    0  (Gen:  0)
   521344    165832   6455144  0.002  0.000   54.477    8.435    0    0  (Gen:  0)
   520616    150680   6533056  0.002  0.000   54.480    8.435    0    0  (Gen:  0)
   520800    186680   6626848  0.002  0.000   54.484    8.436    0    0  (Gen:  0)
   520896    175320   6712792  0.002  0.000   54.488    8.436    0    0  (Gen:  0)
   520752    148080   6786480  0.002  0.000   54.491    8.437    0    0  (Gen:  0)
   520224    201448   6895192  0.002  0.000   54.495    8.438    0    0  (Gen:  0)
   519976    179032   6988032  0.003  0.000   54.499    8.438    0    0  (Gen:  0)
   520336    146512   7059536  0.002  0.000   54.503    8.439    0    0  (Gen:  0)
   520576    155856   7124144  0.003  0.000   54.507    8.440    0    0  (Gen:  0)
   520288    177992   7211968  0.003  0.000   54.510    8.440    0    0  (Gen:  0)
   521192    146128   7283856  0.002  0.000   54.514    8.441    0    0  (Gen:  0)
   521056    158088   7348696  0.003  0.000   54.517    8.441    0    0  (Gen:  0)
   520448    190296   7449800  0.003  0.000   54.520    8.442    0    0  (Gen:  0)
   520848    155688   7518640  0.003  0.000   54.524    8.443    0    0  (Gen:  0)
   520960    159216   7583640  0.002  0.000   54.527    8.443    0    0  (Gen:  0)
   520912    121256   7614072  0.003  0.000   54.531    8.444    0    0  (Gen:  0)
   520680     47264   7633232  0.001  0.000   54.534    8.444    0    0  (Gen:  0)
   520552     85256   7686024  0.002  0.000   54.538    8.445    0    0  (Gen:  0)
   521400     58544   7715920  0.001  0.000   54.541    8.445    0    0  (Gen:  0)
   520560     71104   7739560  0.001  0.000   54.544    8.446    0    0  (Gen:  0)
   521232     99144   7789728  0.002  0.000   54.547    8.446    0    0  (Gen:  0)
   521104     82920   7821864  0.002  0.000   54.550    8.447    0    0  (Gen:  0)
   521392     80384   7897624  0.002  0.000   54.553    8.447    0    0  (Gen:  0)
   520808     99944   7949608  0.002  0.000   54.556    8.448    0    0  (Gen:  0)
   520840    118928   8008280  0.002  0.000   54.559    8.448    0    0  (Gen:  0)
   520976    111800   8061680  0.002  0.000   54.562    8.449    0    0  (Gen:  0)
   520456     93304   8107608  0.002  0.000   54.564    8.449    0    0  (Gen:  0)
   520504    128408   8175328  0.002  0.000   54.567    8.450    0    0  (Gen:  0)
   521272    127184   8236432  0.002  0.000   54.570    8.450    0    0  (Gen:  0)
   520832    107768   8285296  0.002  0.000   54.574    8.451    0    0  (Gen:  0)
   521256    108712   8325536  0.002  0.000   54.577    8.451    0    0  (Gen:  0)
   520952    138152   8394016  0.002  0.000   54.580    8.452    0    0  (Gen:  0)
   520824    111216   8438640  0.002  0.000   54.584    8.453    0    0  (Gen:  0)
   520656    151624   8519928  0.002  0.000   54.588    8.453    0    0  (Gen:  0)
   521632    116400   8582792  0.002  0.000   54.591    8.454    0    0  (Gen:  0)
   520688    142960   8652744  0.002  0.000   54.595    8.454    0    0  (Gen:  0)
   672536    130392   8714656  0.002  0.000   54.598    8.455    0    0  (Gen:  0)
   521080    122800   8774192  0.002  0.000   54.601    8.455    0    0  (Gen:  0)
   521408    142688   8843744  0.002  0.000   54.604    8.456    0    0  (Gen:  0)
   521232    136496   8911888  0.002  0.000   54.607    8.457    0    0  (Gen:  0)
   520816    118464   8970912  0.002  0.000   54.611    8.457    0    0  (Gen:  0)
   520864    121968   9016704  0.002  0.000   54.614    8.458    0    0  (Gen:  0)
   521240    147464   9088352  0.002  0.000   54.618    8.458    0    0  (Gen:  0)
   520856    119400   9141336  0.002  0.000   54.621    8.459    0    0  (Gen:  0)
   520976    131112   9194680  0.002  0.000   54.625    8.459    0    0  (Gen:  0)
   520456    151536   9271800  0.002  0.000   54.628    8.460    0    0  (Gen:  0)
   520912    132200   9328592  0.002  0.000   54.632    8.461    0    0  (Gen:  0)
   525160    134632   9384048  0.003  0.000   54.637    8.461    0    0  (Gen:  0)
   521024     80616   9459496  0.002  0.000   54.640    8.462    0    0  (Gen:  0)
   521088    169808   9551824  0.003  0.000   54.643    8.462    0    0  (Gen:  0)
   520896    139592   9621352  0.003  0.000   54.646    8.463    0    0  (Gen:  0)
   520648    124816   9693192  0.002  0.000   54.649    8.464    0    0  (Gen:  0)
   520880    172752   9784280  0.002  0.000   54.652    8.464    0    0  (Gen:  0)
   524752    155024   9860488  0.002  0.000   54.656    8.465    0    0  (Gen:  0)
   520640    128896   9928288  0.002  0.000   54.660    8.465    0    0  (Gen:  0)
   521168     90240  10014440  0.002  0.000   54.663    8.466    0    0  (Gen:  0)
   525032    151048  10090136  0.002  0.000   54.667    8.467    0    0  (Gen:  0)
   524592    130096  10154304  0.002  0.000   54.671    8.467    0    0  (Gen:  0)
   528624    140688  10210200  0.002  0.000   54.675    8.468    0    0  (Gen:  0)
   557152    174224  10299496  0.002  0.000   54.678    8.468    0    0  (Gen:  0)
   520336    143448  10363272  0.002  0.000   54.682    8.469    0    0  (Gen:  0)
   520696    181824  10461376  0.003  0.000   54.686    8.470    0    0  (Gen:  0)
   520912    146616  10543056  0.002  0.000   54.689    8.470    0    0  (Gen:  0)
   520704    136072  10603176  0.002  0.000   54.692    8.471    0    0  (Gen:  0)
   520904    140168  10660640  0.003  0.000   54.695    8.471    0    0  (Gen:  0)
   521024    166992  10745688  0.002  0.000   54.699    8.472    0    0  (Gen:  0)
   520864    142112  10805528  0.002  0.000   54.703    8.473    0    0  (Gen:  0)
   520472    180104  10900600  0.002  0.000   54.707    8.473    0    0  (Gen:  0)
   520904    150792  10977520  0.002  0.000   54.710    8.474    0    0  (Gen:  0)
   520632    182928  11074112  0.002  0.000   54.714    8.475    0    0  (Gen:  0)
   520744    160272  11149496  0.002  0.000   54.718    8.475    0    0  (Gen:  0)
   520600    141072  11222656  0.002  0.000   54.721    8.476    0    0  (Gen:  0)
   520912    169440  11304728  0.002  0.000   54.725    8.476    0    0  (Gen:  0)
   520768    162504  11385840  0.003  0.000   54.728    8.477    0    0  (Gen:  0)
   521096    129256  11453152  0.002  0.000   54.731    8.478    0    0  (Gen:  0)
   520824    169792  11537424  0.002  0.000   54.734    8.478    0    0  (Gen:  0)
   521024    166848  11619552  0.002  0.000   54.737    8.479    0    0  (Gen:  0)
   521160    141792  11687440  0.002  0.000   54.741    8.479    0    0  (Gen:  0)
   520376    108072  11791208  0.002  0.000   54.744    8.480    0    0  (Gen:  0)
   521264    131824  11876056  0.002  0.000   54.748    8.481    0    0  (Gen:  0)
   520624    140160  11944024  0.002  0.000   54.752    8.481    0    0  (Gen:  0)
   521088    148800  12003664  0.002  0.000   54.756    8.482    0    0  (Gen:  0)
   520400    175992  12093808  0.002  0.000   54.760    8.483    0    0  (Gen:  0)
   520544    145960  12156176  0.002  0.000   54.763    8.483    0    0  (Gen:  0)
   520768    187752  12255392  0.003  0.000   54.767    8.484    0    0  (Gen:  0)
   520608    176000  12343480  0.003  0.000   54.770    8.484    0    0  (Gen:  0)
   521120   5273192   6250672  0.017  0.001   54.788    8.486    0    0  (Gen:  1)
   520880    157784   6319304  0.004  0.000   54.794    8.487    0    0  (Gen:  0)
   520496     90376   6402992  0.003  0.000   54.797    8.488    0    0  (Gen:  0)
   521392    186456   6500408  0.003  0.000   54.801    8.488    0    0  (Gen:  0)
   521232    178776   6594112  0.004  0.000   54.806    8.489    0    0  (Gen:  0)
   520648    110072   6677328  0.003  0.000   54.809    8.490    0    0  (Gen:  0)
   520640    180488   6764008  0.003  0.000   54.813    8.490    0    0  (Gen:  0)
   520720    154056   6845648  0.003  0.000   54.817    8.491    0    0  (Gen:  0)
   521000    115056   6923760  0.003  0.000   54.820    8.491    0    0  (Gen:  0)
   521152    190368   7023256  0.003  0.000   54.824    8.492    0    0  (Gen:  0)
   520392    164728   7107656  0.003  0.000   54.828    8.493    0    0  (Gen:  0)
   520664    130248   7184040  0.003  0.000   54.832    8.493    0    0  (Gen:  0)
   520320    179624   7272424  0.003  0.000   54.836    8.494    0    0  (Gen:  0)
   520736    171800   7357040  0.003  0.000   54.839    8.495    0    0  (Gen:  0)
   520432    132120   7430552  0.003  0.000   54.844    8.495    0    0  (Gen:  0)
   521128    159544   7497632  0.003  0.000   54.849    8.496    0    0  (Gen:  0)
   520224    188824   7598016  0.003  0.000   54.853    8.497    0    0  (Gen:  0)
   520776    156312   7670672  0.003  0.000   54.857    8.497    0    0  (Gen:  0)
   520616    159792   7736752  0.004  0.000   54.862    8.498    0    0  (Gen:  0)
   521288    146944   7791752  0.003  0.000   54.866    8.499    0    0  (Gen:  0)
   520568     42096   7810880  0.002  0.000   54.868    8.499    0    0  (Gen:  0)
   520704     84504   7864800  0.002  0.000   54.871    8.499    0    0  (Gen:  0)
   521232     56256   7896560  0.002  0.000   54.874    8.500    0    0  (Gen:  0)
   520680     89768   7943224  0.002  0.000   54.877    8.500    0    0  (Gen:  0)
   521200     89816   7987072  0.002  0.000   54.880    8.501    0    0  (Gen:  0)
   521088     76456   8023576  0.003  0.000   54.883    8.501    0    0  (Gen:  0)
   521008     84176   8054072  0.003  0.000   54.887    8.502    0    0  (Gen:  0)
   521232    114248   8112576  0.002  0.000   54.890    8.503    0    0  (Gen:  0)
   520928     91936   8150088  0.003  0.000   54.894    8.503    0    0  (Gen:  0)
   520856    106904   8192456  0.003  0.000   54.898    8.504    0    0  (Gen:  0)
   520536     79368   8245144  0.002  0.000   54.902    8.504    0    0  (Gen:  0)
   520680    133248   8315704  0.002  0.000   54.905    8.505    0    0  (Gen:  0)
   520848    118128   8377040  0.002  0.000   54.909    8.505    0    0  (Gen:  0)
   521056     91800   8424024  0.003  0.000   54.912    8.506    0    0  (Gen:  0)
   521192    130192   8487224  0.002  0.000   54.915    8.506    0    0  (Gen:  0)
   520768    144592   8565312  0.003  0.000   54.919    8.507    0    0  (Gen:  0)
   520936    106072   8612528  0.003  0.000   54.923    8.508    0    0  (Gen:  0)
   520680    114456   8655152  0.003  0.000   54.927    8.508    0    0  (Gen:  0)
   521328    146856   8731024  0.003  0.000   54.930    8.509    0    0  (Gen:  0)
   520904    114736   8779912  0.003  0.000   54.935    8.510    0    0  (Gen:  0)
   520824    157592   8866472  0.004  0.000   54.940    8.510    0    0  (Gen:  0)
   520584     85176   8930976  0.002  0.000   54.943    8.511    0    0  (Gen:  0)
   521352    156416   9014048  0.002  0.000   54.947    8.511    0    0  (Gen:  0)
   520480    131504   9081256  0.002  0.000   54.952    8.512    0    0  (Gen:  0)
   520832    100808   9140592  0.003  0.000   54.956    8.513    0    0  (Gen:  0)
   520824    150216   9216200  0.003  0.000   54.960    8.513    0    0  (Gen:  0)
   520688    141880   9284536  0.003  0.000   54.963    8.514    0    0  (Gen:  0)
   521096    107232   9339600  0.003  0.000   54.967    8.515    0    0  (Gen:  0)
   521216    131448   9392704  0.004  0.000   54.972    8.515    0    0  (Gen:  0)
   520928    167840   9485600  0.003  0.000   54.975    8.516    0    0  (Gen:  0)
   519920    141760   9555968  0.003  0.000   54.979    8.516    0    0  (Gen:  0)
   520856    134928   9632816  0.002  0.000   54.983    8.517    0    0  (Gen:  0)
   520968    147296   9714520  0.003  0.000   54.987    8.518    0    0  (Gen:  0)
   520808    129776   9769824  0.003  0.000   54.992    8.518    0    0  (Gen:  0)
   520928    174296   9864368  0.004  0.000   54.997    8.519    0    0  (Gen:  0)
   520856    105088   9939240  0.003  0.000   55.002    8.520    0    0  (Gen:  0)
   520864    159496  10015984  0.003  0.000   55.005    8.520    0    0  (Gen:  0)
   521072    156904  10104648  0.003  0.000   55.009    8.521    0    0  (Gen:  0)
   520976    117424  10172720  0.005  0.000   55.015    8.522    0    0  (Gen:  0)
   521104    170456  10261408  0.003  0.000   55.018    8.523    0    0  (Gen:  0)
   520832    143576  10335312  0.003  0.000   55.024    8.523    0    0  (Gen:  0)
   521088    116704  10400432  0.003  0.000   55.028    8.524    0    0  (Gen:  0)
   520800    165984  10483688  0.004  0.000   55.036    8.525    0    0  (Gen:  0)
   549584    159944  10565824  0.003  0.000   55.040    8.526    0    0  (Gen:  0)
   520488    123424  10632008  0.005  0.000   55.046    8.526    0    0  (Gen:  0)
   520424    178968  10726664  0.003  0.000   55.051    8.527    0    0  (Gen:  0)
   520152    137232  10815824  0.003  0.000   55.055    8.528    0    0  (Gen:  0)
   520952    132224  10877792  0.005  0.000   55.060    8.529    0    0  (Gen:  0)
   521072    141464  10935848  0.004  0.000   55.065    8.529    0    0  (Gen:  0)
   520280    176688  11031400  0.004  0.000   55.073    8.530    0    0  (Gen:  0)
   521024    136136  11092296  0.004  0.000   55.078    8.531    0    0  (Gen:  0)
   520560    179088  11188280  0.004  0.000   55.086    8.532    0    0  (Gen:  0)
   520680    159264  11276080  0.003  0.000   55.091    8.533    0    0  (Gen:  0)
   520552    145312  11336816  0.005  0.000   55.097    8.534    0    0  (Gen:  0)
   520968    182120  11432544  0.004  0.000   55.103    8.534    0    0  (Gen:  0)
   520536     98864  11510920  0.002  0.000   55.107    8.535    0    0  (Gen:  0)
   520872    187320  11611016  0.004  0.000   55.111    8.536    0    0  (Gen:  0)
   520896    156072  11688976  0.004  0.000   55.116    8.537    0    0  (Gen:  0)
   520744    117608  11759752  0.005  0.000   55.126    8.538    0    0  (Gen:  0)
   521040    169976  11843720  0.005  0.000   55.132    8.539    0    0  (Gen:  0)
   521128    158392  11923800  0.004  0.000   55.137    8.540    0    0  (Gen:  0)
   521200    128968  11992960  0.004  0.000   55.143    8.541    0    0  (Gen:  0)
   520456    176096  12082832  0.004  0.000   55.149    8.542    0    0  (Gen:  0)
   521032    162832  12161728  0.003  0.000   55.154    8.543    0    0  (Gen:  0)
   520688    134160  12236520  0.004  0.000   55.159    8.543    0    0  (Gen:  0)
   520848   5184000   6165680  0.015  0.001   55.175    8.545    0    0  (Gen:  1)
   525184    187480   6268264  0.003  0.000   55.180    8.546    0    0  (Gen:  0)
   520712    138984   6334392  0.002  0.000   55.184    8.547    0    0  (Gen:  0)
   520840    109256   6439392  0.002  0.000   55.187    8.547    0    0  (Gen:  0)
   520512    143520   6527360  0.002  0.000   55.190    8.548    0    0  (Gen:  0)
   521056    145336   6594856  0.002  0.000   55.194    8.548    0    0  (Gen:  0)
   520944    153784   6660208  0.002  0.000   55.198    8.549    0    0  (Gen:  0)
   520744    180160   6749968  0.002  0.000   55.201    8.550    0    0  (Gen:  0)
   521072    151256   6816408  0.002  0.000   55.205    8.550    0    0  (Gen:  0)
   521080    157592   6882624  0.003  0.000   55.208    8.551    0    0  (Gen:  0)
   520816    173000   6970480  0.002  0.000   55.211    8.552    0    0  (Gen:  0)
   520928    194448   7073976  0.003  0.000   55.214    8.552    0    0  (Gen:  0)
   541368    165784   7153808  0.004  0.000   55.220    8.553    0    0  (Gen:  0)
   595024     31592   7168744  0.001  0.000   55.223    8.553    0    0  (Gen:  0)
   537248     68072   7213048  0.001  0.000   55.226    8.554    0    0  (Gen:  0)
   537384     77376   7259024  0.001  0.000   55.229    8.554    0    0  (Gen:  0)
   520456     66544   7287080  0.001  0.000   55.232    8.555    0    0  (Gen:  0)
   520840     71080   7311216  0.002  0.000   55.235    8.555    0    0  (Gen:  0)
   537488     99424   7362752  0.002  0.000   55.238    8.556    0    0  (Gen:  0)
   520456     82544   7394312  0.001  0.000   55.241    8.556    0    0  (Gen:  0)
   520440     94560   7433760  0.002  0.000   55.244    8.557    0    0  (Gen:  0)
   520568     90176   7484712  0.002  0.000   55.247    8.557    0    0  (Gen:  0)
   520800    132696   7557600  0.002  0.000   55.249    8.558    0    0  (Gen:  0)
   536912    121728   7626984  0.002  0.000   55.252    8.558    0    0  (Gen:  0)
   521128     89672   7670952  0.002  0.000   55.255    8.559    0    0  (Gen:  0)
   521064     89968   7756152  0.002  0.000   55.258    8.559    0    0  (Gen:  0)
   521064    121096   7825528  0.002  0.000   55.261    8.560    0    0  (Gen:  0)
   521112    108488   7872896  0.002  0.000   55.264    8.560    0    0  (Gen:  0)
   521016    108904   7912448  0.002  0.000   55.268    8.561    0    0  (Gen:  0)
   520968    138960   7982752  0.002  0.000   55.271    8.561    0    0  (Gen:  0)
   520848    110656   8025976  0.002  0.000   55.275    8.562    0    0  (Gen:  0)
   521152    123032   8078200  0.002  0.000   55.279    8.563    0    0  (Gen:  0)
   520720     95248   8140320  0.002  0.000   55.282    8.563    0    0  (Gen:  0)
   520848     88528   8224560  0.002  0.000   55.285    8.564    0    0  (Gen:  0)
   537408    130768   8289920  0.002  0.000   55.289    8.564    0    0  (Gen:  0)
   520424    116056   8347144  0.002  0.000   55.292    8.565    0    0  (Gen:  0)
   521016     81416   8424600  0.002  0.000   55.294    8.565    0    0  (Gen:  0)
   520760    139752   8495392  0.002  0.000   55.297    8.566    0    0  (Gen:  0)
   521040    122992   8551136  0.002  0.000   55.300    8.566    0    0  (Gen:  0)
   520632    123048   8597336  0.002  0.000   55.303    8.567    0    0  (Gen:  0)
   521000    147800   8669360  0.002  0.000   55.307    8.568    0    0  (Gen:  0)
   520656    119848   8722144  0.002  0.000   55.311    8.568    0    0  (Gen:  0)
   521264    165376   8810896  0.002  0.000   55.314    8.569    0    0  (Gen:  0)
   520936    144136   8889488  0.002  0.000   55.318    8.569    0    0  (Gen:  0)
   521056    129864   8943744  0.002  0.000   55.322    8.570    0    0  (Gen:  0)
   521408    140120   9005352  0.002  0.000   55.325    8.571    0    0  (Gen:  0)
   521144    120928   9076560  0.002  0.000   55.329    8.571    0    0  (Gen:  0)
   520664    170576   9168264  0.003  0.000   55.332    8.572    0    0  (Gen:  0)
   520744    141280   9238008  0.002  0.000   55.336    8.572    0    0  (Gen:  0)
   520168    123864   9308320  0.002  0.000   55.339    8.573    0    0  (Gen:  0)
   521584    171080   9398416  0.003  0.000   55.342    8.574    0    0  (Gen:  0)
   520896    104824   9498712  0.002  0.000   55.345    8.574    0    0  (Gen:  0)
   520768    129432   9562272  0.002  0.000   55.348    8.575    0    0  (Gen:  0)
   520952    161304   9641144  0.002  0.000   55.352    8.575    0    0  (Gen:  0)
   520376    176520   9737808  0.002  0.000   55.356    8.576    0    0  (Gen:  0)
   521224    141352   9799288  0.002  0.000   55.359    8.576    0    0  (Gen:  0)
   521120    140152   9855032  0.002  0.000   55.363    8.577    0    0  (Gen:  0)
   537880    167280   9937824  0.002  0.000   55.367    8.578    0    0  (Gen:  0)
   521392    136568  10000672  0.002  0.000   55.371    8.578    0    0  (Gen:  0)
   521072    178832  10095848  0.002  0.000   55.374    8.579    0    0  (Gen:  0)
   520088    163544  10177720  0.003  0.000   55.377    8.579    0    0  (Gen:  0)
   520952    138752  10237528  0.002  0.000   55.380    8.580    0    0  (Gen:  0)
   520736    144120  10298264  0.004  0.000   55.385    8.581    0    0  (Gen:  0)
   521096     83968  10377656  0.002  0.000   55.388    8.581    0    0  (Gen:  0)
   520416    162128  10456240  0.003  0.000   55.391    8.582    0    0  (Gen:  0)
   520144    140728  10530632  0.003  0.000   55.396    8.583    0    0  (Gen:  0)
   520840    119576  10606496  0.002  0.000   55.399    8.583    0    0  (Gen:  0)
   521112    169056  10688720  0.002  0.000   55.403    8.584    0    0  (Gen:  0)
   521104    155336  10765040  0.002  0.000   55.407    8.585    0    0  (Gen:  0)
   520304    134488  10837728  0.002  0.000   55.410    8.585    0    0  (Gen:  0)
   520776    181336  10932736  0.002  0.000   55.414    8.586    0    0  (Gen:  0)
   521296    159216  11013240  0.002  0.000   55.418    8.586    0    0  (Gen:  0)
   520904    130960  11081024  0.002  0.000   55.421    8.587    0    0  (Gen:  0)
   521128    169872  11166296  0.003  0.000   55.424    8.588    0    0  (Gen:  0)
   520512    165384  11248056  0.002  0.000   55.427    8.588    0    0  (Gen:  0)
   520568    145304  11316432  0.002  0.000   55.430    8.589    0    0  (Gen:  0)
   521176    186648  11415016  0.003  0.000   55.434    8.589    0    0  (Gen:  0)
   520968    142600  11500576  0.002  0.000   55.438    8.590    0    0  (Gen:  0)
   521144    141792  11568472  0.002  0.000   55.442    8.591    0    0  (Gen:  0)
   520320    149320  11628016  0.002  0.000   55.446    8.591    0    0  (Gen:  0)
   521008    173992  11717264  0.002  0.000   55.450    8.592    0    0  (Gen:  0)
   520784    143800  11781200  0.002  0.000   55.454    8.593    0    0  (Gen:  0)
   521328    188160  11881216  0.003  0.000   55.458    8.593    0    0  (Gen:  0)
   521056    157744  11969536  0.002  0.000   55.461    8.594    0    0  (Gen:  0)
   520928    147080  12034368  0.003  0.000   55.465    8.595    0    0  (Gen:  0)
   520520    153936  12100352  0.003  0.000   55.468    8.595    0    0  (Gen:  0)
   520544    178104  12187520  0.002  0.000   55.471    8.596    0    0  (Gen:  0)
   520784   5323696   6305304  0.017  0.002   55.489    8.598    0    0  (Gen:  1)
   520768    183712   6397520  0.003  0.000   55.494    8.599    0    0  (Gen:  0)
   521016    155152   6480968  0.003  0.000   55.498    8.599    0    0  (Gen:  0)
   521264    180608   6568744  0.003  0.000   55.503    8.600    0    0  (Gen:  0)
   520792    141048   6638912  0.003  0.000   55.508    8.601    0    0  (Gen:  0)
   521232     32744   6658592  0.002  0.000   55.511    8.601    0    0  (Gen:  0)
   520088     59576   6692536  0.002  0.000   55.513    8.602    0    0  (Gen:  0)
   520248     71848   6729968  0.002  0.000   55.516    8.602    0    0  (Gen:  0)
   520312     62976   6756128  0.002  0.000   55.519    8.603    0    0  (Gen:  0)
   520936     72152   6781120  0.003  0.000   55.523    8.603    0    0  (Gen:  0)
   521688    101920   6835608  0.003  0.000   55.526    8.604    0    0  (Gen:  0)
   520896     82528   6865400  0.002  0.000   55.529    8.604    0    0  (Gen:  0)
   520480    101792   6910912  0.002  0.000   55.533    8.605    0    0  (Gen:  0)
   520720     81760   6956360  0.002  0.000   55.537    8.605    0    0  (Gen:  0)
   520664    119880   7015952  0.002  0.000   55.541    8.606    0    0  (Gen:  0)
   520736    118184   7074864  0.002  0.000   55.545    8.607    0    0  (Gen:  0)
   520920     92192   7115448  0.003  0.000   55.549    8.607    0    0  (Gen:  0)
   520928    142664   7196584  0.002  0.000   55.553    8.608    0    0  (Gen:  0)
   520808    126864   7264456  0.003  0.000   55.556    8.608    0    0  (Gen:  0)
   521256    106760   7308552  0.003  0.000   55.560    8.609    0    0  (Gen:  0)
   521016    116104   7355384  0.003  0.000   55.564    8.610    0    0  (Gen:  0)
   521056     77048   7417184  0.003  0.000   55.567    8.610    0    0  (Gen:  0)
   521000    149064   7497376  0.003  0.000   55.571    8.611    0    0  (Gen:  0)
   521168    126208   7560736  0.003  0.000   55.574    8.611    0    0  (Gen:  0)
   520368    108864   7618872  0.003  0.000   55.578    8.612    0    0  (Gen:  0)
   521200    144480   7690480  0.002  0.000   55.582    8.613    0    0  (Gen:  0)
   660616    133440   7754600  0.002  0.000   55.586    8.613    0    0  (Gen:  0)
   520808    104872   7810280  0.003  0.000   55.591    8.614    0    0  (Gen:  0)
   521360     98184   7904064  0.002  0.000   55.594    8.614    0    0  (Gen:  0)
   520520    113248   7978944  0.002  0.000   55.598    8.615    0    0  (Gen:  0)
   520992    110304   8033784  0.004  0.000   55.602    8.616    0    0  (Gen:  0)
   521008    123160   8081512  0.004  0.000   55.606    8.616    0    0  (Gen:  0)
   520448    154272   8159696  0.003  0.000   55.610    8.617    0    0  (Gen:  0)
   520800    122344   8213048  0.004  0.000   55.615    8.618    0    0  (Gen:  0)
   520824    131808   8266536  0.004  0.000   55.619    8.618    0    0  (Gen:  0)
   520176     80304   8340400  0.003  0.000   55.622    8.619    0    0  (Gen:  0)
   521312    153640   8415744  0.002  0.000   55.626    8.620    0    0  (Gen:  0)
   525384    129152   8483872  0.002  0.000   55.630    8.620    0    0  (Gen:  0)
   521160    104408   8553024  0.003  0.000   55.634    8.621    0    0  (Gen:  0)
   520360    167920   8642528  0.003  0.000   55.638    8.621    0    0  (Gen:  0)
   520824    144672   8714296  0.002  0.000   55.642    8.622    0    0  (Gen:  0)
   519696    116672   8781632  0.003  0.000   55.647    8.623    0    0  (Gen:  0)
   521760    160768   8861040  0.003  0.000   55.651    8.623    0    0  (Gen:  0)
   525328    156160   8940008  0.003  0.000   55.655    8.624    0    0  (Gen:  0)
   520968    119336   9004640  0.004  0.000   55.659    8.625    0    0  (Gen:  0)
   520984    154744   9075232  0.003  0.000   55.663    8.625    0    0  (Gen:  0)
   525008    143144   9157184  0.002  0.000   55.667    8.626    0    0  (Gen:  0)
   525104    124912   9217368  0.004  0.000   55.672    8.627    0    0  (Gen:  0)
   529176    140416   9273880  0.004  0.000   55.677    8.627    0    0  (Gen:  0)
   553920    178048   9368192  0.003  0.000   55.681    8.628    0    0  (Gen:  0)
   520744    134840   9429320  0.004  0.000   55.687    8.629    0    0  (Gen:  0)
   521048    173056   9518920  0.003  0.000   55.691    8.630    0    0  (Gen:  0)
   520672    153472   9601288  0.003  0.000   55.695    8.630    0    0  (Gen:  0)
   521096    138736   9659944  0.004  0.000   55.700    8.631    0    0  (Gen:  0)
   521056    148096   9724352  0.004  0.000   55.704    8.632    0    0  (Gen:  0)
   521328    103832   9801592  0.003  0.000   55.708    8.632    0    0  (Gen:  0)
   520240    186312   9903184  0.003  0.000   55.712    8.633    0    0  (Gen:  0)
   520328    147936   9978864  0.003  0.000   55.716    8.634    0    0  (Gen:  0)
   520848    119104  10052448  0.003  0.000   55.720    8.634    0    0  (Gen:  0)
   521136    169432  10134392  0.003  0.000   55.725    8.635    0    0  (Gen:  0)
   521136    155136  10211056  0.003  0.000   55.729    8.636    0    0  (Gen:  0)
   520760    125456  10282248  0.003  0.000   55.734    8.636    0    0  (Gen:  0)
   520800    176536  10373472  0.003  0.000   55.738    8.637    0    0  (Gen:  0)
   521264    162768  10454936  0.003  0.000   55.742    8.638    0    0  (Gen:  0)
   520440    131248  10521208  0.004  0.000   55.747    8.638    0    0  (Gen:  0)
   521120    147048  10582400  0.004  0.000   55.752    8.639    0    0  (Gen:  0)
   521296    169496  10666568  0.003  0.000   55.756    8.640    0    0  (Gen:  0)
   521072    138240  10732472  0.003  0.000   55.761    8.641    0    0  (Gen:  0)
   520608    148496  10791184  0.004  0.000   55.766    8.642    0    0  (Gen:  0)
   521056    179376  10883784  0.003  0.000   55.770    8.642    0    0  (Gen:  0)
   520712    139080  10948944  0.004  0.000   55.775    8.643    0    0  (Gen:  0)
   520792    149224  11009616  0.004  0.000   55.780    8.644    0    0  (Gen:  0)
   521232    179408  11103400  0.003  0.000   55.785    8.645    0    0  (Gen:  0)
   520928    146736  11166944  0.004  0.000   55.790    8.645    0    0  (Gen:  0)
   520768    190400  11269272  0.003  0.000   55.794    8.646    0    0  (Gen:  0)
   521176    168400  11358552  0.003  0.000   55.798    8.647    0    0  (Gen:  0)
   520664    150328  11422264  0.004  0.000   55.803    8.648    0    0  (Gen:  0)
   520736    180440  11514888  0.003  0.000   55.808    8.648    0    0  (Gen:  0)
   520688    141352  11594736  0.003  0.000   55.812    8.649    0    0  (Gen:  0)
   520784    172664  11678312  0.003  0.000   55.816    8.650    0    0  (Gen:  0)
   521056    166256  11772696  0.003  0.000   55.820    8.651    0    0  (Gen:  0)
   520248    162336  11855352  0.004  0.000   55.825    8.651    0    0  (Gen:  0)
   520936    106136  11957352  0.002  0.000   55.828    8.652    0    0  (Gen:  0)
   520256    139816  12024416  0.003  0.000   55.833    8.653    0    0  (Gen:  0)
   521152     33752  12042344  0.002  0.000   55.836    8.653    0    0  (Gen:  0)
   520864     57832  12073232  0.002  0.000   55.838    8.654    0    0  (Gen:  0)
   520392     67640  12115208  0.002  0.000   55.841    8.654    0    0  (Gen:  0)
   521040     62232  12140720  0.002  0.000   55.844    8.654    0    0  (Gen:  0)
   520744     79488  12171472  0.003  0.000   55.848    8.655    0    0  (Gen:  0)
   520952     58720  12217224  0.002  0.000   55.851    8.656    0    0  (Gen:  0)
   520800    122136  12286240  0.003  0.000   55.854    8.656    0    0  (Gen:  0)
   521080    103152  12336328  0.003  0.000   55.858    8.657    0    0  (Gen:  0)
   520928   4168872   5146336  0.012  0.001   55.871    8.658    0    0  (Gen:  1)
   520960     95312   5179352  0.003  0.000   55.875    8.659    0    0  (Gen:  0)
   521208    130528   5249088  0.002  0.000   55.879    8.659    0    0  (Gen:  0)
   521304     92752   5288440  0.004  0.000   55.895    8.661    0    0  (Gen:  0)
   520864     82864   5366912  0.003  0.000   55.902    8.662    0    0  (Gen:  0)
   520728    122104   5434736  0.003  0.000   55.906    8.663    0    0  (Gen:  0)
   521280    106560   5477168  0.003  0.000   55.910    8.663    0    0  (Gen:  0)
   520544    120208   5527920  0.003  0.000   55.915    8.664    0    0  (Gen:  0)
   521008     95080   5586472  0.003  0.000   55.919    8.665    0    0  (Gen:  0)
   520600    147912   5666360  0.003  0.000   55.925    8.665    0    0  (Gen:  0)
   520848    128384   5730928  0.003  0.000   55.930    8.666    0    0  (Gen:  0)
   520992     98472   5786352  0.005  0.000   55.946    8.668    0    0  (Gen:  0)
   521072    118600   5831400  0.004  0.000   55.959    8.669    0    0  (Gen:  0)
   520936    156440   5916704  0.003  0.000   55.964    8.670    0    0  (Gen:  0)
   521344    108200   5968320  0.003  0.000   55.969    8.671    0    0  (Gen:  0)
   520856    162416   6056808  0.003  0.000   55.973    8.671    0    0  (Gen:  0)
   520648    130576   6131800  0.003  0.000   55.977    8.672    0    0  (Gen:  0)
   521416    118496   6182056  0.003  0.000   55.982    8.673    0    0  (Gen:  0)
   521328    124600   6232192  0.003  0.000   55.988    8.673    0    0  (Gen:  0)
   520392    119544   6301616  0.003  0.000   55.995    8.674    0    0  (Gen:  0)
   521312    125952   6354376  0.003  0.000   56.007    8.676    0    0  (Gen:  0)
   520880    160936   6436072  0.003  0.000   56.012    8.677    0    0  (Gen:  0)
   521080    125304   6504280  0.003  0.000   56.016    8.677    0    0  (Gen:  0)
   521176    154656   6578832  0.003  0.000   56.020    8.678    0    0  (Gen:  0)
   521248    142064   6653264  0.003  0.000   56.024    8.679    0    0  (Gen:  0)
   521240    122232   6714384  0.003  0.000   56.028    8.679    0    0  (Gen:  0)
   520216    154624   6792728  0.003  0.000   56.033    8.680    0    0  (Gen:  0)
   520880    151952   6867408  0.003  0.000   56.037    8.681    0    0  (Gen:  0)
   520232    120472   6932600  0.003  0.000   56.041    8.681    0    0  (Gen:  0)
   521728    137256   6987184  0.003  0.000   56.046    8.682    0    0  (Gen:  0)
   520736    162112   7066752  0.003  0.000   56.050    8.683    0    0  (Gen:  0)
   520824    127744   7128640  0.003  0.000   56.054    8.683    0    0  (Gen:  0)
   520976    139864   7184256  0.003  0.000   56.060    8.684    0    0  (Gen:  0)
   520488    162960   7265152  0.003  0.000   56.064    8.685    0    0  (Gen:  0)
   521120    150400   7337616  0.003  0.000   56.068    8.685    0    0  (Gen:  0)
   518744    132168   7408264  0.003  0.000   56.072    8.686    0    0  (Gen:  0)
   673248    146088   7486176  0.003  0.000   56.077    8.687    0    0  (Gen:  0)
   520552    135936   7546424  0.004  0.000   56.082    8.688    0    0  (Gen:  0)
   520912    175856   7640688  0.003  0.000   56.087    8.688    0    0  (Gen:  0)
   520416    107152   7714912  0.003  0.000   56.091    8.689    0    0  (Gen:  0)
   521056    159680   7793000  0.003  0.000   56.095    8.690    0    0  (Gen:  0)
   521072    139024   7866472  0.003  0.000   56.100    8.690    0    0  (Gen:  0)
   521280    109648   7939592  0.003  0.000   56.104    8.691    0    0  (Gen:  0)
   520256    180120   8035304  0.003  0.000   56.108    8.692    0    0  (Gen:  0)
   520264    154256   8112720  0.003  0.000   56.113    8.692    0    0  (Gen:  0)
   521024    119336   8184512  0.003  0.000   56.117    8.693    0    0  (Gen:  0)
   521024    169768   8266504  0.003  0.000   56.122    8.694    0    0  (Gen:  0)
   521192    159400   8345576  0.003  0.000   56.126    8.695    0    0  (Gen:  0)
   520792    124112   8413800  0.003  0.000   56.131    8.695    0    0  (Gen:  0)
   520720    188816   8516720  0.003  0.000   56.135    8.696    0    0  (Gen:  0)
   521240    157720   8603984  0.003  0.000   56.140    8.697    0    0  (Gen:  0)
   520624    139352   8670568  0.003  0.000   56.145    8.698    0    0  (Gen:  0)
   521072    147736   8731048  0.003  0.000   56.150    8.698    0    0  (Gen:  0)
   521208    178808   8823832  0.003  0.000   56.154    8.699    0    0  (Gen:  0)
   521192    138208   8888616  0.003  0.000   56.159    8.700    0    0  (Gen:  0)
   520448    147296   8947024  0.004  0.000   56.164    8.700    0    0  (Gen:  0)
   521128    177200   9037448  0.003  0.000   56.168    8.701    0    0  (Gen:  0)
   520640    143704   9102152  0.003  0.000   56.173    8.702    0    0  (Gen:  0)
   520864    147304   9160864  0.004  0.000   56.178    8.703    0    0  (Gen:  0)
   566192    176784   9252624  0.003  0.000   56.182    8.703    0    0  (Gen:  0)
   520088    149280   9315184  0.004  0.000   56.187    8.704    0    0  (Gen:  0)
   520848    191760   9416864  0.004  0.000   56.193    8.705    0    0  (Gen:  0)
   520672    121408   9497064  0.003  0.000   56.197    8.706    0    0  (Gen:  0)
   520784    171848   9580328  0.003  0.000   56.201    8.706    0    0  (Gen:  0)
   521040    150352   9660928  0.003  0.000   56.206    8.707    0    0  (Gen:  0)
   521232    116848   9739496  0.003  0.000   56.210    8.708    0    0  (Gen:  0)
   520704    190552   9840760  0.003  0.000   56.215    8.709    0    0  (Gen:  0)
   520848    158776   9919976  0.003  0.000   56.219    8.709    0    0  (Gen:  0)
   520648    140784   9999456  0.003  0.000   56.224    8.710    0    0  (Gen:  0)
   520664    181688  10086744  0.003  0.000   56.228    8.711    0    0  (Gen:  0)
   520832    143080  10149896  0.003  0.000   56.233    8.711    0    0  (Gen:  0)
   520832   4020992   5002656  0.013  0.001   56.247    8.713    0    0  (Gen:  1)
   520696     47624   5021592  0.002  0.000   56.251    8.714    0    0  (Gen:  0)
   520712     83328   5069040  0.002  0.000   56.254    8.714    0    0  (Gen:  0)
   520312     80160   5110400  0.002  0.000   56.258    8.715    0    0  (Gen:  0)
   521216     76760   5149856  0.002  0.000   56.261    8.715    0    0  (Gen:  0)
   521520     71032   5192248  0.002  0.000   56.265    8.716    0    0  (Gen:  0)
   520784    115832   5254584  0.003  0.000   56.269    8.716    0    0  (Gen:  0)
   520336    102896   5306056  0.003  0.000   56.273    8.717    0    0  (Gen:  0)
   520880     88640   5350520  0.003  0.000   56.277    8.718    0    0  (Gen:  0)
   520544     95376   5384576  0.003  0.000   56.281    8.718    0    0  (Gen:  0)
   520784    131816   5456872  0.003  0.000   56.285    8.719    0    0  (Gen:  0)
   521048     96176   5495240  0.003  0.000   56.289    8.719    0    0  (Gen:  0)
   520880    142136   5574328  0.003  0.000   56.293    8.720    0    0  (Gen:  0)
   520952    120936   5638408  0.003  0.000   56.297    8.721    0    0  (Gen:  0)
   521256    108296   5680080  0.003  0.000   56.302    8.721    0    0  (Gen:  0)
   520928    143624   5756504  0.002  0.000   56.306    8.722    0    0  (Gen:  0)
   521168    104384   5812456  0.003  0.000   56.310    8.723    0    0  (Gen:  0)
   520904    144736   5889096  0.003  0.000   56.314    8.723    0    0  (Gen:  0)
   521240    128264   5955184  0.002  0.000   56.318    8.724    0    0  (Gen:  0)
   520416    106008   6009672  0.003  0.000   56.322    8.725    0    0  (Gen:  0)
   521176    119000   6054184  0.003  0.000   56.327    8.725    0    0  (Gen:  0)
   701704    152720   6135280  0.003  0.000   56.331    8.726    0    0  (Gen:  0)
   520848    107224   6187328  0.003  0.000   56.336    8.727    0    0  (Gen:  0)
   521040    160992   6274304  0.003  0.000   56.340    8.727    0    0  (Gen:  0)
   520744    139376   6348528  0.003  0.000   56.344    8.728    0    0  (Gen:  0)
   521088    116840   6398880  0.003  0.000   56.348    8.729    0    0  (Gen:  0)
   520952    121528   6446920  0.003  0.000   56.353    8.729    0    0  (Gen:  0)
   520576    147888   6519400  0.003  0.000   56.357    8.730    0    0  (Gen:  0)
   521216    127272   6572064  0.004  0.000   56.362    8.731    0    0  (Gen:  0)
   521016    138768   6631648  0.003  0.000   56.366    8.731    0    0  (Gen:  0)
   520672    121320   6701688  0.003  0.000   56.370    8.732    0    0  (Gen:  0)
   520896    155472   6777224  0.003  0.000   56.375    8.733    0    0  (Gen:  0)
   520752    142480   6850440  0.003  0.000   56.379    8.733    0    0  (Gen:  0)
   520552    105032   6911952  0.003  0.000   56.383    8.734    0    0  (Gen:  0)
   520472    157712   6993528  0.003  0.000   56.388    8.735    0    0  (Gen:  0)
   521072    150760   7069240  0.003  0.000   56.392    8.735    0    0  (Gen:  0)
   519896    125696   7133512  0.003  0.000   56.396    8.736    0    0  (Gen:  0)
   520328    137640   7188016  0.004  0.000   56.402    8.737    0    0  (Gen:  0)
   521336    177296   7284560  0.003  0.000   56.406    8.737    0    0  (Gen:  0)
   520504    126832   7347008  0.004  0.000   56.411    8.738    0    0  (Gen:  0)
   521024    139136   7401224  0.004  0.000   56.416    8.739    0    0  (Gen:  0)
   520784    163416   7483488  0.003  0.000   56.421    8.740    0    0  (Gen:  0)
   520704    132216   7540016  0.003  0.000   56.426    8.740    0    0  (Gen:  0)
   520600    139936   7597432  0.004  0.000   56.431    8.741    0    0  (Gen:  0)
   537264    167808   7683008  0.003  0.000   56.435    8.742    0    0  (Gen:  0)
   521016    141080   7742840  0.004  0.000   56.440    8.743    0    0  (Gen:  0)
   520240    172104   7834000  0.004  0.000   56.445    8.743    0    0  (Gen:  0)
   521088    104672   7905472  0.002  0.000   56.449    8.744    0    0  (Gen:  0)
   520808    161368   7984296  0.003  0.000   56.453    8.745    0    0  (Gen:  0)
   520408    144704   8058120  0.003  0.000   56.457    8.745    0    0  (Gen:  0)
   520808    109896   8130256  0.003  0.000   56.461    8.746    0    0  (Gen:  0)
   521104    100456   8226488  0.002  0.000   56.464    8.746    0    0  (Gen:  0)
   521296    156776   8304856  0.003  0.000   56.468    8.747    0    0  (Gen:  0)
   520344    127120   8375472  0.003  0.000   56.472    8.748    0    0  (Gen:  0)
   521120    170272   8459208  0.003  0.000   56.475    8.748    0    0  (Gen:  0)
   521016    162200   8539304  0.003  0.000   56.479    8.749    0    0  (Gen:  0)
   520664    130960   8605488  0.003  0.000   56.483    8.750    0    0  (Gen:  0)
   521280    184496   8704952  0.003  0.000   56.486    8.750    0    0  (Gen:  0)
   520584    149952   8790824  0.003  0.000   56.490    8.751    0    0  (Gen:  0)
   520976    138528   8856960  0.003  0.000   56.494    8.751    0    0  (Gen:  0)
   520536    149296   8917360  0.004  0.000   56.499    8.752    0    0  (Gen:  0)
   521008    172600   9003600  0.003  0.000   56.503    8.753    0    0  (Gen:  0)
   520792    140576   9064392  0.004  0.000   56.507    8.753    0    0  (Gen:  0)
   521688    147736   9123856  0.004  0.000   56.512    8.754    0    0  (Gen:  0)
   520424    176688   9214080  0.003  0.000   56.516    8.755    0    0  (Gen:  0)
   520952    148472   9277808  0.004  0.000   56.521    8.756    0    0  (Gen:  0)
   521120    174112   9364112  0.005  0.000   56.526    8.756    0    0  (Gen:  0)
   520592     90552   9446688  0.003  0.000   56.530    8.757    0    0  (Gen:  0)
   519784    189000   9549104  0.003  0.000   56.534    8.758    0    0  (Gen:  0)
   521144    155576   9641912  0.003  0.000   56.537    8.758    0    0  (Gen:  0)
   520440    134904   9719168  0.003  0.000   56.541    8.759    0    0  (Gen:  0)
   521040    173848   9804392  0.003  0.000   56.545    8.759    0    0  (Gen:  0)
   521080    158504   9887432  0.003  0.000   56.549    8.760    0    0  (Gen:  0)
   521024   5314952   6296416  0.018  0.001   56.568    8.762    0    0  (Gen:  1)
   520584    186352   6393624  0.003  0.000   56.572    8.763    0    0  (Gen:  0)
   520928    157832   6473464  0.003  0.000   56.576    8.763    0    0  (Gen:  0)
   520848    135680   6550936  0.003  0.000   56.580    8.764    0    0  (Gen:  0)
   520400    182496   6639864  0.003  0.000   56.585    8.765    0    0  (Gen:  0)
   520968    141840   6696056  0.003  0.000   56.589    8.766    0    0  (Gen:  0)
   521264     38000   6716872  0.002  0.000   56.593    8.766    0    0  (Gen:  0)
   521272     80672   6768592  0.002  0.000   56.596    8.767    0    0  (Gen:  0)
   520784     72864   6809656  0.002  0.000   56.600    8.767    0    0  (Gen:  0)
   520136     64616   6834208  0.002  0.000   56.603    8.768    0    0  (Gen:  0)
   521544    106928   6893312  0.002  0.000   56.607    8.768    0    0  (Gen:  0)
   521344     75080   6934032  0.002  0.000   56.610    8.769    0    0  (Gen:  0)
   520808    115800   6995432  0.002  0.000   56.613    8.769    0    0  (Gen:  0)
   520344    108152   7048792  0.002  0.000   56.616    8.770    0    0  (Gen:  0)
   520800     86528   7091312  0.003  0.000   56.620    8.770    0    0  (Gen:  0)
   520512     97344   7126816  0.003  0.000   56.623    8.771    0    0  (Gen:  0)
   520768    128712   7195872  0.003  0.000   56.627    8.771    0    0  (Gen:  0)
   521216     96776   7233720  0.003  0.000   56.631    8.772    0    0  (Gen:  0)
   520816    110536   7279144  0.002  0.000   56.635    8.773    0    0  (Gen:  0)
   520840     93304   7337496  0.002  0.000   56.639    8.773    0    0  (Gen:  0)
   521352    128632   7398672  0.003  0.000   56.643    8.774    0    0  (Gen:  0)
   520968    120152   7461072  0.002  0.000   56.647    8.774    0    0  (Gen:  0)
   520952     95976   7513192  0.003  0.000   56.651    8.775    0    0  (Gen:  0)
   521024    136024   7581264  0.002  0.000   56.655    8.776    0    0  (Gen:  0)
   521336    132888   7647560  0.002  0.000   56.659    8.776    0    0  (Gen:  0)
   520296    106408   7700840  0.003  0.000   56.663    8.777    0    0  (Gen:  0)
   521224    118272   7744792  0.004  0.000   56.667    8.778    0    0  (Gen:  0)
   520816    153448   7826360  0.003  0.000   56.671    8.778    0    0  (Gen:  0)
   520976    112408   7874192  0.003  0.000   56.675    8.779    0    0  (Gen:  0)
   521048    159552   7961104  0.003  0.000   56.678    8.779    0    0  (Gen:  0)
   520784    133360   8032648  0.002  0.000   56.683    8.780    0    0  (Gen:  0)
   521096    121312   8080824  0.004  0.000   56.688    8.781    0    0  (Gen:  0)
   520928    157712   8163720  0.003  0.000   56.692    8.781    0    0  (Gen:  0)
   520920    116592   8226112  0.003  0.000   56.696    8.782    0    0  (Gen:  0)
   520904    162048   8314288  0.003  0.000   56.701    8.783    0    0  (Gen:  0)
   521056    138112   8382992  0.002  0.000   56.705    8.783    0    0  (Gen:  0)
   520768    120048   8447552  0.003  0.000   56.709    8.784    0    0  (Gen:  0)
   520776    155272   8524016  0.003  0.000   56.712    8.785    0    0  (Gen:  0)
   520576    154304   8601736  0.003  0.000   56.716    8.785    0    0  (Gen:  0)
   520808    116096   8659744  0.004  0.000   56.720    8.786    0    0  (Gen:  0)
   520216    172784   8756000  0.003  0.000   56.724    8.787    0    0  (Gen:  0)
   520776    137320   8835928  0.003  0.000   56.728    8.787    0    0  (Gen:  0)
   520576    130224   8899176  0.003  0.000   56.733    8.788    0    0  (Gen:  0)
   520272    138432   8954880  0.004  0.000   56.738    8.789    0    0  (Gen:  0)
   521312    175288   9046904  0.003  0.000   56.743    8.789    0    0  (Gen:  0)
   520296    133776   9106552  0.003  0.000   56.748    8.790    0    0  (Gen:  0)
   520888    161464   9183096  0.003  0.000   56.752    8.791    0    0  (Gen:  0)
   520784    148784   9260048  0.003  0.000   56.756    8.791    0    0  (Gen:  0)
   520536    157976   9335824  0.003  0.000   56.760    8.792    0    0  (Gen:  0)
   562248    135832   9410736  0.003  0.000   56.764    8.793    0    0  (Gen:  0)
   521464    101912   9482520  0.003  0.000   56.767    8.793    0    0  (Gen:  0)
   520488    175344   9576152  0.003  0.000   56.771    8.794    0    0  (Gen:  0)
   520776    147960   9649384  0.003  0.000   56.775    8.795    0    0  (Gen:  0)
   520880    116048   9716976  0.003  0.000   56.780    8.795    0    0  (Gen:  0)
   520832    163912   9797632  0.003  0.000   56.783    8.796    0    0  (Gen:  0)
   520288    151840   9874144  0.003  0.000   56.788    8.797    0    0  (Gen:  0)
   520840    119760   9942048  0.003  0.000   56.793    8.797    0    0  (Gen:  0)
   521216    143400   9998976  0.004  0.000   56.798    8.798    0    0  (Gen:  0)
   521248    177312  10091976  0.003  0.000   56.802    8.799    0    0  (Gen:  0)
   520504    139800  10159400  0.004  0.000   56.807    8.800    0    0  (Gen:  0)
   520816    147264  10219392  0.004  0.000   56.811    8.800    0    0  (Gen:  0)
   520944    181896  10317392  0.003  0.000   56.815    8.801    0    0  (Gen:  0)
   521048    130680  10379560  0.003  0.000   56.821    8.802    0    0  (Gen:  0)
   521056    179264  10473000  0.003  0.000   56.825    8.802    0    0  (Gen:  0)
   520696    147032  10558200  0.003  0.000   56.830    8.803    0    0  (Gen:  0)
   520704    142240  10624000  0.004  0.000   56.835    8.804    0    0  (Gen:  0)
   520888    169528  10702920  0.003  0.000   56.839    8.805    0    0  (Gen:  0)
   520928    158000  10792696  0.003  0.000   56.844    8.805    0    0  (Gen:  0)
   520912    144824  10851600  0.004  0.000   56.848    8.806    0    0  (Gen:  0)
   521368    174952  10938728  0.004  0.000   56.853    8.807    0    0  (Gen:  0)
   520664    105528  11016320  0.003  0.000   56.857    8.807    0    0  (Gen:  0)
   520928    169520  11097512  0.003  0.000   56.861    8.808    0    0  (Gen:  0)
   525016    147728  11177616  0.003  0.000   56.865    8.809    0    0  (Gen:  0)
   520096    121232  11252832  0.003  0.000   56.870    8.809    0    0  (Gen:  0)
   520704    186720  11352880  0.003  0.000   56.874    8.810    0    0  (Gen:  0)
   521024    168752  11446840  0.003  0.000   56.879    8.811    0    0  (Gen:  0)
   520864    139344  11519856  0.003  0.000   56.884    8.812    0    0  (Gen:  0)
   521144    183184  11614520  0.003  0.000   56.889    8.812    0    0  (Gen:  0)
   520880    165136  11697376  0.003  0.000   56.893    8.813    0    0  (Gen:  0)
   521328    136192  11769040  0.004  0.000   56.898    8.814    0    0  (Gen:  0)
   520520    178368  11858536  0.005  0.000   56.903    8.815    0    0  (Gen:  0)
   520912    169120  11941272  0.003  0.000   56.907    8.815    0    0  (Gen:  0)
   520696    140072  12017296  0.006  0.001   56.915    8.816    0    0  (Gen:  0)
   520416    155496  12078680  0.005  0.000   56.921    8.817    0    0  (Gen:  0)
   524688    141016  12132504  0.003  0.000   56.926    8.818    0    0  (Gen:  0)
   521416     42752  12152800  0.002  0.000   56.929    8.819    0    0  (Gen:  0)
   521040     84640  12207696  0.003  0.000   56.933    8.819    0    0  (Gen:  0)
   520696     46800  12243240  0.002  0.000   56.936    8.820    0    0  (Gen:  0)
   520288    102152  12303520  0.002  0.000   56.939    8.820    0    0  (Gen:  0)
   521712   4103232   5089024  0.011  0.001   56.952    8.822    0    0  (Gen:  1)
   521184     82576   5118344  0.002  0.000   56.955    8.822    0    0  (Gen:  0)
   520632    114016   5176952  0.002  0.000   56.958    8.823    0    0  (Gen:  0)
   520376    112048   5236232  0.002  0.000   56.962    8.823    0    0  (Gen:  0)
   520920     92608   5276328  0.002  0.000   56.965    8.824    0    0  (Gen:  0)
   520600     95496   5308120  0.002  0.000   56.969    8.824    0    0  (Gen:  0)
   520656    122304   5370672  0.002  0.000   56.972    8.825    0    0  (Gen:  0)
   521248    100528   5407904  0.002  0.000   56.975    8.825    0    0  (Gen:  0)
   520968    143192   5487088  0.002  0.000   56.979    8.826    0    0  (Gen:  0)
   520720    115616   5537176  0.002  0.000   56.982    8.826    0    0  (Gen:  0)
   521336    136464   5608160  0.002  0.000   56.986    8.827    0    0  (Gen:  0)
   520832    128008   5672328  0.002  0.000   56.989    8.828    0    0  (Gen:  0)
   521072    106384   5723256  0.002  0.000   56.993    8.828    0    0  (Gen:  0)
   520944    112008   5764624  0.002  0.000   56.996    8.829    0    0  (Gen:  0)
   521136    146424   5840560  0.002  0.000   56.999    8.829    0    0  (Gen:  0)
   520560    116672   5891112  0.002  0.000   57.003    8.830    0    0  (Gen:  0)
   521016    116912   5934408  0.002  0.000   57.006    8.830    0    0  (Gen:  0)
   673384    143216   6006376  0.002  0.000   57.009    8.831    0    0  (Gen:  0)
   520536    114928   6054248  0.002  0.000   57.013    8.832    0    0  (Gen:  0)
   521240     95968   6145680  0.002  0.000   57.017    8.832    0    0  (Gen:  0)
   521136    109200   6212008  0.002  0.000   57.020    8.833    0    0  (Gen:  0)
   520872    153680   6291520  0.002  0.000   57.024    8.833    0    0  (Gen:  0)
   520232    135680   6356808  0.002  0.000   57.027    8.834    0    0  (Gen:  0)
   520520    129528   6416952  0.002  0.000   57.030    8.834    0    0  (Gen:  0)
   520688    160976   6502520  0.002  0.000   57.034    8.835    0    0  (Gen:  0)
   520776    142200   6572232  0.002  0.000   57.037    8.836    0    0  (Gen:  0)
   520816    118696   6636256  0.002  0.000   57.041    8.836    0    0  (Gen:  0)
   520600    130576   6685624  0.002  0.000   57.045    8.837    0    0  (Gen:  0)
   525016    165992   6772960  0.002  0.000   57.048    8.837    0    0  (Gen:  0)
   521152    127136   6830760  0.002  0.000   57.052    8.838    0    0  (Gen:  0)
   520344    167848   6920488  0.003  0.000   57.056    8.839    0    0  (Gen:  0)
   520368    142312   7002400  0.002  0.000   57.060    8.839    0    0  (Gen:  0)
   520800    134968   7061544  0.002  0.000   57.063    8.840    0    0  (Gen:  0)
   520360    138968   7118856  0.002  0.000   57.067    8.840    0    0  (Gen:  0)
   524824    165296   7200024  0.002  0.000   57.071    8.841    0    0  (Gen:  0)
   520832    137784   7259792  0.002  0.000   57.075    8.842    0    0  (Gen:  0)
   525096    144536   7319352  0.002  0.000   57.078    8.842    0    0  (Gen:  0)
   520888    136944   7392448  0.002  0.000   57.081    8.843    0    0  (Gen:  0)
   525304    160824   7471016  0.002  0.000   57.085    8.843    0    0  (Gen:  0)
   566008    150912   7547496  0.002  0.000   57.089    8.844    0    0  (Gen:  0)
   521272    142120   7617504  0.002  0.000   57.092    8.845    0    0  (Gen:  0)
   521048    173960   7708768  0.002  0.000   57.096    8.845    0    0  (Gen:  0)
   520688    151224   7782920  0.002  0.000   57.100    8.846    0    0  (Gen:  0)
   520968    131264   7848880  0.002  0.000   57.103    8.847    0    0  (Gen:  0)
   521192    162936   7930752  0.002  0.000   57.107    8.847    0    0  (Gen:  0)
   520656    157712   8007696  0.002  0.000   57.111    8.848    0    0  (Gen:  0)
   520712    129760   8074216  0.002  0.000   57.115    8.848    0    0  (Gen:  0)
   520776    190712   8180264  0.002  0.000   57.119    8.849    0    0  (Gen:  0)
   520816    173232   8268376  0.003  0.000   57.122    8.850    0    0  (Gen:  0)
   520848    140896   8333968  0.003  0.000   57.126    8.850    0    0  (Gen:  0)
   521408    146616   8393120  0.002  0.000   57.130    8.851    0    0  (Gen:  0)
   521096    179256   8488792  0.002  0.000   57.133    8.852    0    0  (Gen:  0)
   520480    140432   8549664  0.002  0.000   57.137    8.852    0    0  (Gen:  0)
   521080    182592   8646472  0.002  0.000   57.141    8.853    0    0  (Gen:  0)
   521472    160280   8732368  0.002  0.000   57.145    8.854    0    0  (Gen:  0)
   520696    145296   8795104  0.002  0.000   57.149    8.854    0    0  (Gen:  0)
   520872    154064   8859880  0.003  0.000   57.153    8.855    0    0  (Gen:  0)
   520400    115424   8940848  0.002  0.000   57.157    8.855    0    0  (Gen:  0)
   520904    185240   9039440  0.003  0.000   57.161    8.856    0    0  (Gen:  0)
   520904    147104   9113544  0.003  0.000   57.166    8.857    0    0  (Gen:  0)
   520928    111088   9189400  0.002  0.000   57.169    8.858    0    0  (Gen:  0)
   520800    170976   9271576  0.002  0.000   57.173    8.858    0    0  (Gen:  0)
   520912    158792   9351872  0.003  0.000   57.177    8.859    0    0  (Gen:  0)
   520560    138744   9427368  0.002  0.000   57.180    8.859    0    0  (Gen:  0)
   520032    102960   9526176  0.002  0.000   57.183    8.860    0    0  (Gen:  0)
   521256    171904   9621984  0.002  0.000   57.187    8.861    0    0  (Gen:  0)
   521304    149432   9693160  0.002  0.000   57.191    8.861    0    0  (Gen:  0)
   520616    179912   9783736  0.002  0.000   57.195    8.862    0    0  (Gen:  0)
   520272    172216   9866328  0.002  0.000   57.199    8.863    0    0  (Gen:  0)
   520656    135768   9937656  0.002  0.000   57.203    8.863    0    0  (Gen:  0)
   521168    196424  10044360  0.003  0.000   57.207    8.864    0    0  (Gen:  0)
   520184   5354072   6339760  0.016  0.001   57.225    8.866    0    0  (Gen:  1)
   520760    165904   6415872  0.003  0.000   57.230    8.867    0    0  (Gen:  0)
   520984    134824   6508720  0.002  0.000   57.234    8.867    0    0  (Gen:  0)
   520640    120248   6556792  0.003  0.000   57.238    8.868    0    0  (Gen:  0)
   521512     43064   6575960  0.002  0.000   57.242    8.869    0    0  (Gen:  0)
   521128     58304   6629992  0.002  0.000   57.245    8.869    0    0  (Gen:  0)
   520584     49824   6662688  0.002  0.000   57.249    8.870    0    0  (Gen:  0)
   520288     98976   6719232  0.002  0.000   57.252    8.870    0    0  (Gen:  0)
   521768     90480   6763888  0.002  0.000   57.256    8.871    0    0  (Gen:  0)
   521168     74192   6801200  0.002  0.000   57.260    8.871    0    0  (Gen:  0)
   520584     84480   6830440  0.003  0.000   57.263    8.872    0    0  (Gen:  0)
   520528    122072   6898016  0.002  0.000   57.267    8.873    0    0  (Gen:  0)
   520632     90920   6935440  0.003  0.000   57.271    8.873    0    0  (Gen:  0)
   620672    120656   6996320  0.003  0.000   57.276    8.874    0    0  (Gen:  0)
   557824     63992   7051128  0.002  0.000   57.279    8.874    0    0  (Gen:  0)
   521248     99296   7087416  0.003  0.000   57.284    8.875    0    0  (Gen:  0)
   520896    136896   7159136  0.002  0.000   57.288    8.876    0    0  (Gen:  0)
   520888    102712   7210440  0.003  0.000   57.292    8.876    0    0  (Gen:  0)
   521032    130304   7274312  0.002  0.000   57.296    8.877    0    0  (Gen:  0)
   524592    126136   7339024  0.002  0.000   57.300    8.877    0    0  (Gen:  0)
   521000     99744   7389952  0.003  0.000   57.304    8.878    0    0  (Gen:  0)
   520480    112784   7432144  0.003  0.000   57.309    8.879    0    0  (Gen:  0)
   525176    145704   7507120  0.002  0.000   57.312    8.879    0    0  (Gen:  0)
   524608    111920   7558544  0.003  0.000   57.317    8.880    0    0  (Gen:  0)
   537448    117704   7602168  0.003  0.000   57.322    8.881    0    0  (Gen:  0)
   550224    151024   7681936  0.003  0.000   57.326    8.881    0    0  (Gen:  0)
   521280    116328   7728720  0.003  0.000   57.331    8.882    0    0  (Gen:  0)
   520936     93392   7817816  0.002  0.000   57.335    8.883    0    0  (Gen:  0)
   520984     91232   7881800  0.002  0.000   57.339    8.883    0    0  (Gen:  0)
   521240    147376   7953928  0.003  0.000   57.343    8.884    0    0  (Gen:  0)
   520656    133512   8020104  0.002  0.000   57.347    8.885    0    0  (Gen:  0)
   520576    101016   8078320  0.003  0.000   57.351    8.885    0    0  (Gen:  0)
   520912     86896   8161088  0.002  0.000   57.355    8.886    0    0  (Gen:  0)
   520760    139664   8231024  0.002  0.000   57.359    8.887    0    0  (Gen:  0)
   520984    123696   8297680  0.002  0.000   57.363    8.887    0    0  (Gen:  0)
   521256    125672   8368056  0.003  0.000   57.367    8.888    0    0  (Gen:  0)
   520536    157240   8446336  0.003  0.000   57.371    8.888    0    0  (Gen:  0)
   521080    121536   8503584  0.003  0.000   57.376    8.889    0    0  (Gen:  0)
   521480    170656   8596680  0.003  0.000   57.380    8.890    0    0  (Gen:  0)
   520912    157224   8678416  0.003  0.000   57.385    8.891    0    0  (Gen:  0)
   520432    136456   8737936  0.004  0.000   57.390    8.891    0    0  (Gen:  0)
   520632    138360   8792872  0.003  0.000   57.395    8.892    0    0  (Gen:  0)
   521424    163976   8873016  0.003  0.000   57.399    8.893    0    0  (Gen:  0)
   520440    140600   8932088  0.004  0.000   57.404    8.893    0    0  (Gen:  0)
   520736    146232   8994832  0.002  0.000   57.408    8.894    0    0  (Gen:  0)
   520768    116872   9066080  0.003  0.000   57.413    8.895    0    0  (Gen:  0)
   520896    162464   9146080  0.003  0.000   57.417    8.895    0    0  (Gen:  0)
   537448    145992   9226296  0.003  0.000   57.421    8.896    0    0  (Gen:  0)
   521184    119776   9296152  0.003  0.000   57.425    8.897    0    0  (Gen:  0)
   520752    171616   9385928  0.003  0.000   57.430    8.898    0    0  (Gen:  0)
   521504    149528   9462528  0.003  0.000   57.434    8.898    0    0  (Gen:  0)
   520360    121120   9526440  0.003  0.000   57.439    8.899    0    0  (Gen:  0)
   521040    143056   9586296  0.004  0.000   57.444    8.900    0    0  (Gen:  0)
   520696    174008   9678360  0.003  0.000   57.449    8.900    0    0  (Gen:  0)
   520312    129400   9744480  0.003  0.000   57.453    8.901    0    0  (Gen:  0)
   520784    142144   9802784  0.004  0.000   57.458    8.902    0    0  (Gen:  0)
   520872    177256   9895360  0.003  0.000   57.463    8.903    0    0  (Gen:  0)
   520968    133800   9958840  0.003  0.000   57.468    8.903    0    0  (Gen:  0)
   521288    144976  10018024  0.004  0.000   57.472    8.904    0    0  (Gen:  0)
   520336    175136  10109568  0.003  0.000   57.477    8.905    0    0  (Gen:  0)
   520664    140568  10170736  0.003  0.000   57.482    8.905    0    0  (Gen:  0)
   521288    185072  10270872  0.004  0.000   57.488    8.906    0    0  (Gen:  0)
   520912     91320  10358512  0.003  0.000   57.493    8.907    0    0  (Gen:  0)
   520944    146720  10421536  0.004  0.000   57.498    8.908    0    0  (Gen:  0)
   521120    179056  10512280  0.004  0.000   57.503    8.909    0    0  (Gen:  0)
   520784    110064  10589160  0.003  0.000   57.507    8.909    0    0  (Gen:  0)
   520824    186528  10689528  0.003  0.000   57.512    8.910    0    0  (Gen:  0)
   521392    152168  10765768  0.003  0.000   57.516    8.911    0    0  (Gen:  0)
   521224    120616  10839184  0.003  0.000   57.521    8.911    0    0  (Gen:  0)
   520464    169992  10921064  0.003  0.000   57.525    8.912    0    0  (Gen:  0)
   520720    160608  11002920  0.003  0.000   57.530    8.913    0    0  (Gen:  0)
   521200    132416  11075576  0.003  0.000   57.534    8.914    0    0  (Gen:  0)
   520504    174528  11162512  0.003  0.000   57.539    8.914    0    0  (Gen:  0)
   521112    164336  11244328  0.003  0.000   57.544    8.915    0    0  (Gen:  0)
   521224    142392  11316248  0.004  0.000   57.549    8.916    0    0  (Gen:  0)
   520952    176840  11401032  0.003  0.000   57.554    8.917    0    0  (Gen:  0)
   521280    188944  11498168  0.003  0.000   57.558    8.917    0    0  (Gen:  0)
   520856    151888  11568304  0.004  0.000   57.563    8.918    0    0  (Gen:  0)
   520840    198592  11676280  0.003  0.000   57.568    8.919    0    0  (Gen:  0)
   520496    174136  11765240  0.003  0.000   57.572    8.920    0    0  (Gen:  0)
   520728    146256  11836864  0.004  0.000   57.577    8.920    0    0  (Gen:  0)
   521168    156272  11901584  0.004  0.000   57.583    8.921    0    0  (Gen:  0)
   125024    140800    286184  0.005  0.001   57.590    8.922    0    0  (Gen:  1)
   513072     10448    292736  0.001  0.000   57.594    8.924    0    0  (Gen:  0)
   513288     11184    294872  0.001  0.000   57.597    8.927    0    0  (Gen:  0)
   514816      7040    296216  0.001  0.000   57.601    8.929    0    0  (Gen:  0)
   514824      6256    297536  0.001  0.000   57.604    8.931    0    0  (Gen:  0)
   514600      5552    298136  0.001  0.000   57.608    8.933    0    0  (Gen:  0)
   514504      5416    299072  0.001  0.000   57.611    8.935    0    0  (Gen:  0)
   514440      5056    299480  0.001  0.000   57.615    8.938    0    0  (Gen:  0)
   514184      4880    300032  0.001  0.000   57.618    8.940    0    0  (Gen:  0)
   514440      4752    300440  0.001  0.000   57.621    8.942    0    0  (Gen:  0)
   514184      4880    300992  0.001  0.000   57.625    8.944    0    0  (Gen:  0)
   514280      4560    301208  0.001  0.000   57.628    8.946    0    0  (Gen:  0)
   514024      4536    301568  0.001  0.000   57.632    8.948    0    0  (Gen:  0)
   514280      4408    301784  0.001  0.000   57.635    8.951    0    0  (Gen:  0)
   514024      4536    302144  0.001  0.000   57.638    8.953    0    0  (Gen:  0)
   514280      4408    302360  0.001  0.000   57.642    8.955    0    0  (Gen:  0)
   514024      4536    302720  0.001  0.000   57.645    8.957    0    0  (Gen:  0)
   514120      4240    302776  0.001  0.000   57.649    8.959    0    0  (Gen:  0)
   514184      4560    303328  0.001  0.000   57.652    8.961    0    0  (Gen:  0)
   514120      4368    303352  0.001  0.000   57.655    8.964    0    0  (Gen:  0)
   514024      4384    303712  0.001  0.000   57.658    8.966    0    0  (Gen:  0)
   514120      4216    303736  0.001  0.000   57.662    8.968    0    0  (Gen:  0)
   514024      4384    304096  0.001  0.000   57.665    8.970    0    0  (Gen:  0)
   513960      4008    303928  0.001  0.000   57.668    8.972    0    0  (Gen:  0)
   514024      4216    304504  0.001  0.000   57.671    8.974    0    0  (Gen:  0)
   514120      4216    304528  0.001  0.000   57.675    8.976    0    0  (Gen:  0)
   514024      4384    304888  0.001  0.000   57.678    8.979    0    0  (Gen:  0)
   514120      4216    304912  0.001  0.000   57.681    8.981    0    0  (Gen:  0)
   513864      4184    305080  0.001  0.000   57.684    8.983    0    0  (Gen:  0)
   514120      4048    305320  0.001  0.000   57.688    8.985    0    0  (Gen:  0)
   514024      4384    305680  0.001  0.000   57.691    8.987    0    0  (Gen:  0)
   514120      4216    305704  0.001  0.000   57.694    8.989    0    0  (Gen:  0)
   513864      4184    305872  0.001  0.000   57.698    8.992    0    0  (Gen:  0)
   514120      4048    306112  0.001  0.000   57.701    8.994    0    0  (Gen:  0)
   513864      4184    306280  0.001  0.000   57.704    8.996    0    0  (Gen:  0)
   514120      4048    306520  0.001  0.000   57.708    8.998    0    0  (Gen:  0)
   514024      4384    306880  0.001  0.000   57.711    9.000    0    0  (Gen:  0)
   513960      4008    306712  0.001  0.000   57.714    9.002    0    0  (Gen:  0)
   514024      4216    307288  0.001  0.000   57.718    9.005    0    0  (Gen:  0)
   513960      4008    307120  0.001  0.000   57.721    9.007    0    0  (Gen:  0)
   514024      4216    307696  0.001  0.000   57.724    9.009    0    0  (Gen:  0)
   513960      4008    307528  0.001  0.000   57.728    9.011    0    0  (Gen:  0)
   514024      4216    308104  0.001  0.000   57.731    9.013    0    0  (Gen:  0)
   513960      4008    307936  0.001  0.000   57.735    9.015    0    0  (Gen:  0)
   514024      4216    308512  0.001  0.000   57.738    9.018    0    0  (Gen:  0)
   513960      4008    308344  0.001  0.000   57.741    9.020    0    0  (Gen:  0)
   514024      4216    308920  0.001  0.000   57.744    9.022    0    0  (Gen:  0)
   513960      4008    308752  0.001  0.000   57.748    9.024    0    0  (Gen:  0)
   513864      3800    308920  0.001  0.000   57.751    9.026    0    0  (Gen:  0)
   514120      4048    309160  0.001  0.000   57.754    9.028    0    0  (Gen:  0)
   513864      4184    309328  0.001  0.000   57.757    9.031    0    0  (Gen:  0)
   514120      4048    309568  0.001  0.000   57.761    9.033    0    0  (Gen:  0)
   513864      4184    309736  0.001  0.000   57.764    9.035    0    0  (Gen:  0)
   513960      3624    309568  0.001  0.000   57.767    9.037    0    0  (Gen:  0)
   514024      4216    310144  0.001  0.000   57.771    9.039    0    0  (Gen:  0)
   513960      4008    309976  0.001  0.000   57.774    9.041    0    0  (Gen:  0)
   514024      4216    310552  0.001  0.000   57.777    9.044    0    0  (Gen:  0)
   513960      4008    310384  0.001  0.000   57.781    9.046    0    0  (Gen:  0)
   513864      3800    310552  0.001  0.000   57.784    9.048    0    0  (Gen:  0)
   514120      4048    310792  0.001  0.000   57.787    9.050    0    0  (Gen:  0)
   513864      4184    310960  0.001  0.000   57.790    9.052    0    0  (Gen:  0)
   513960      3624    310792  0.001  0.000   57.794    9.054    0    0  (Gen:  0)
   514024      4216    311368  0.001  0.000   57.797    9.057    0    0  (Gen:  0)
   513960      4008    311200  0.001  0.000   57.800    9.059    0    0  (Gen:  0)
   513864      3800    311368  0.001  0.000   57.804    9.061    0    0  (Gen:  0)
   514120      4048    311608  0.001  0.000   57.807    9.063    0    0  (Gen:  0)
   513864      4184    311776  0.001  0.000   57.810    9.065    0    0  (Gen:  0)
   513960      3624    311608  0.001  0.000   57.814    9.068    0    0  (Gen:  0)
   514024      4216    312184  0.001  0.000   57.817    9.070    0    0  (Gen:  0)
   513960      4008    312016  0.001  0.000   57.821    9.072    0    0  (Gen:  0)
   513864      3800    312184  0.001  0.000   57.824    9.074    0    0  (Gen:  0)
   513960      3624    312016  0.001  0.000   57.827    9.076    0    0  (Gen:  0)
   514024      4216    312592  0.001  0.000   57.831    9.078    0    0  (Gen:  0)
   513960      4008    312424  0.001  0.000   57.834    9.081    0    0  (Gen:  0)
   513864      3800    312592  0.001  0.000   57.837    9.083    0    0  (Gen:  0)
   514120      4048    312832  0.001  0.000   57.840    9.085    0    0  (Gen:  0)
   513864      4184    313000  0.001  0.000   57.843    9.087    0    0  (Gen:  0)
   513960      3624    312832  0.001  0.000   57.847    9.089    0    0  (Gen:  0)
   513864      3800    313000  0.001  0.000   57.851    9.091    0    0  (Gen:  0)
   514120      4048    313240  0.001  0.000   57.855    9.094    0    0  (Gen:  0)
   513864      4184    313408  0.001  0.000   57.860    9.096    0    0  (Gen:  0)
   513960      3624    313240  0.001  0.000   57.864    9.098    0    0  (Gen:  0)
   513864      3800    313408  0.001  0.000   57.868    9.101    0    0  (Gen:  0)
   514120      4048    313648  0.001  0.000   57.873    9.103    0    0  (Gen:  0)
   513864      4184    313816  0.001  0.000   57.877    9.105    0    0  (Gen:  0)
   513960      3624    313648  0.001  0.000   57.880    9.107    0    0  (Gen:  0)
   513864      3800    313816  0.001  0.000   57.884    9.109    0    0  (Gen:  0)
   514120      4048    314056  0.000  0.000   57.887    9.112    0    0  (Gen:  0)
   513864      4184    314224  0.001  0.000   57.891    9.114    0    0  (Gen:  0)
   513960      3624    314056  0.001  0.000   57.894    9.116    0    0  (Gen:  0)
   513864      3800    314224  0.001  0.000   57.897    9.118    0    0  (Gen:  0)
   514120      4048    314464  0.001  0.000   57.901    9.120    0    0  (Gen:  0)
   513864      4184    314632  0.000  0.000   57.910    9.123    0    0  (Gen:  0)
   513960      3624    314464  0.000  0.000   57.914    9.125    0    0  (Gen:  0)
   513864      3800    314632  0.002  0.000   57.919    9.128    0    0  (Gen:  0)
   513960      3624    314464  0.001  0.000   57.922    9.130    0    0  (Gen:  0)
   514024      4216    315040  0.001  0.000   57.925    9.132    0    0  (Gen:  0)
   513960      4008    314872  0.001  0.000   57.928    9.134    0    0  (Gen:  0)
   513864      3800    315040  0.001  0.000   57.932    9.136    0    0  (Gen:  0)
   513960      3624    314872  0.001  0.000   57.935    9.138    0    0  (Gen:  0)
   513864      3800    315040  0.001  0.000   57.938    9.141    0    0  (Gen:  0)
   514120      4048    315280  0.001  0.000   57.942    9.143    0    0  (Gen:  0)
   513864      4184    315448  0.001  0.000   57.945    9.145    0    0  (Gen:  0)
   513960      3624    315280  0.001  0.000   57.948    9.147    0    0  (Gen:  0)
   513864      3800    315448  0.001  0.000   57.951    9.149    0    0  (Gen:  0)
   513960      3624    315280  0.001  0.000   57.955    9.152    0    0  (Gen:  0)
   514024      4216    315856  0.001  0.000   57.958    9.154    0    0  (Gen:  0)
   513960      4008    315688  0.001  0.000   57.961    9.156    0    0  (Gen:  0)
   513864      3800    315856  0.001  0.000   57.965    9.158    0    0  (Gen:  0)
   513960      3624    315688  0.001  0.000   57.968    9.160    0    0  (Gen:  0)
   513864      3800    315856  0.001  0.000   57.971    9.162    0    0  (Gen:  0)
   514120      4048    316096  0.001  0.000   57.974    9.165    0    0  (Gen:  0)
   513864      4184    316264  0.001  0.000   57.978    9.167    0    0  (Gen:  0)
   513960      3624    316096  0.001  0.000   57.981    9.169    0    0  (Gen:  0)
   513864      3800    316264  0.001  0.000   57.984    9.171    0    0  (Gen:  0)
   513960      3624    316096  0.001  0.000   57.987    9.173    0    0  (Gen:  0)
   513864      3800    316264  0.001  0.000   57.991    9.175    0    0  (Gen:  0)
   514120      4048    316504  0.001  0.000   57.994    9.178    0    0  (Gen:  0)
   513864      4184    316672  0.001  0.000   57.998    9.180    0    0  (Gen:  0)
   513960      3624    316504  0.001  0.000   58.001    9.182    0    0  (Gen:  0)
   513864      3800    316672  0.001  0.000   58.004    9.184    0    0  (Gen:  0)
   513960      3624    316504  0.001  0.000   58.008    9.186    0    0  (Gen:  0)
   514024      4216    317080  0.001  0.000   58.011    9.189    0    0  (Gen:  0)
   513960      4008    316912  0.001  0.000   58.014    9.191    0    0  (Gen:  0)
   513864      3800    317080  0.001  0.000   58.018    9.193    0    0  (Gen:  0)
   513960      3624    316912  0.001  0.000   58.021    9.195    0    0  (Gen:  0)
   513864      3800    317080  0.001  0.000   58.024    9.197    0    0  (Gen:  0)
   513960      3624    316912  0.001  0.000   58.028    9.199    0    0  (Gen:  0)
   514024      4216    317488  0.001  0.000   58.031    9.202    0    0  (Gen:  0)
   513960      4008    317320  0.001  0.000   58.034    9.204    0    0  (Gen:  0)
   513864      3800    317488  0.001  0.000   58.037    9.206    0    0  (Gen:  0)
   513960      3624    317320  0.001  0.000   58.041    9.208    0    0  (Gen:  0)
   513864      3800    317488  0.001  0.000   58.045    9.210    0    0  (Gen:  0)
   513960      3624    317320  0.001  0.000   58.048    9.212    0    0  (Gen:  0)
   513864      3800    317488  0.001  0.000   58.051    9.215    0    0  (Gen:  0)
   514120      4048    317728  0.001  0.000   58.055    9.217    0    0  (Gen:  0)
   513864      4184    317896  0.001  0.000   58.058    9.219    0    0  (Gen:  0)
   513960      3624    317728  0.001  0.000   58.061    9.221    0    0  (Gen:  0)
   513864      3800    317896  0.001  0.000   58.065    9.223    0    0  (Gen:  0)
   513960      3624    317728  0.001  0.000   58.068    9.226    0    0  (Gen:  0)
   513864      3800    317896  0.001  0.000   58.071    9.228    0    0  (Gen:  0)
   513960      3624    317728  0.001  0.000   58.074    9.230    0    0  (Gen:  0)
   514024      4216    318304  0.001  0.000   58.077    9.232    0    0  (Gen:  0)
   513960      4008    318136  0.001  0.000   58.081    9.234    0    0  (Gen:  0)
   513864      3800    318304  0.001  0.000   58.084    9.236    0    0  (Gen:  0)
   513960      3624    318136  0.005  0.000   58.110    9.241    0    0  (Gen:  0)
   513864      3800    318304  0.001  0.000   58.114    9.243    0    0  (Gen:  0)
   513960      3624    318136  0.001  0.000   58.118    9.245    0    0  (Gen:  0)
   513864      3800    318304  0.001  0.000   58.121    9.247    0    0  (Gen:  0)
   514120      4048    318544  0.001  0.000   58.124    9.249    0    0  (Gen:  0)
   513864      4184    318712  0.001  0.000   58.128    9.252    0    0  (Gen:  0)
   513960      3624    318544  0.001  0.000   58.131    9.254    0    0  (Gen:  0)
   513864      3800    318712  0.001  0.000   58.134    9.256    0    0  (Gen:  0)
   513960      3624    318544  0.001  0.000   58.138    9.258    0    0  (Gen:  0)
   513864      3800    318712  0.001  0.000   58.141    9.260    0    0  (Gen:  0)
   513960      3624    318544  0.001  0.000   58.144    9.262    0    0  (Gen:  0)
   514024      4216    319120  0.001  0.000   58.147    9.265    0    0  (Gen:  0)
   513960      4008    318952  0.001  0.000   58.151    9.267    0    0  (Gen:  0)
   513864      3800    319120  0.001  0.000   58.154    9.269    0    0  (Gen:  0)
   513960      3624    318952  0.001  0.000   58.157    9.271    0    0  (Gen:  0)
   513864      3800    319120  0.001  0.000   58.160    9.273    0    0  (Gen:  0)
   513960      3624    318952  0.001  0.000   58.164    9.275    0    0  (Gen:  0)
   513864      3800    319120  0.001  0.000   58.167    9.278    0    0  (Gen:  0)
   513960      3624    318952  0.001  0.000   58.170    9.280    0    0  (Gen:  0)
   514024      4216    319528  0.001  0.000   58.174    9.282    0    0  (Gen:  0)
   513960      4008    319360  0.001  0.000   58.177    9.284    0    0  (Gen:  0)
   513864      3800    319528  0.001  0.000   58.181    9.286    0    0  (Gen:  0)
   513960      3624    319360  0.001  0.000   58.184    9.289    0    0  (Gen:  0)
   513864      3800    319528  0.001  0.000   58.187    9.291    0    0  (Gen:  0)
   513960      3624    319360  0.001  0.000   58.191    9.293    0    0  (Gen:  0)
   513864      3800    319528  0.001  0.000   58.194    9.295    0    0  (Gen:  0)
   513960      3624    319360  0.001  0.000   58.197    9.297    0    0  (Gen:  0)
   514024      4216    319936  0.001  0.000   58.201    9.299    0    0  (Gen:  0)
   513960      4008    319768  0.001  0.000   58.204    9.302    0    0  (Gen:  0)
   513864      3800    319936  0.001  0.000   58.207    9.304    0    0  (Gen:  0)
   513960      3624    319768  0.001  0.000   58.210    9.306    0    0  (Gen:  0)
   513864      3800    319936  0.001  0.000   58.213    9.308    0    0  (Gen:  0)
   513960      3624    319768  0.001  0.000   58.217    9.310    0    0  (Gen:  0)
   513864      3800    319936  0.001  0.000   58.220    9.312    0    0  (Gen:  0)
   513960      3624    319768  0.000  0.000   58.224    9.315    0    0  (Gen:  0)
   513864      3800    319936  0.001  0.000   58.228    9.317    0    0  (Gen:  0)
   514120      4048    320176  0.001  0.000   58.231    9.319    0    0  (Gen:  0)
   513864      4184    320344  0.001  0.000   58.235    9.321    0    0  (Gen:  0)
   513960      3624    320176  0.001  0.000   58.238    9.323    0    0  (Gen:  0)
   513864      3800    320344  0.001  0.000   58.241    9.326    0    0  (Gen:  0)
   513960      3624    320176  0.000  0.000   58.244    9.328    0    0  (Gen:  0)
   513864      3800    320344  0.001  0.000   58.248    9.330    0    0  (Gen:  0)
   513960      3624    320176  0.001  0.000   58.251    9.332    0    0  (Gen:  0)
   513864      3800    320344  0.001  0.000   58.254    9.334    0    0  (Gen:  0)
   513960      3624    320176  0.001  0.000   58.257    9.336    0    0  (Gen:  0)
   514024      4216    320752  0.001  0.000   58.261    9.339    0    0  (Gen:  0)
   513960      4008    320584  0.001  0.000   58.264    9.341    0    0  (Gen:  0)
   513864      3800    320752  0.001  0.000   58.267    9.343    0    0  (Gen:  0)
   513960      3624    320584  0.001  0.000   58.270    9.345    0    0  (Gen:  0)
   513864      3800    320752  0.001  0.000   58.274    9.347    0    0  (Gen:  0)
   513960      3624    320584  0.001  0.000   58.277    9.350    0    0  (Gen:  0)
   513864      3800    320752  0.001  0.000   58.280    9.352    0    0  (Gen:  0)
   513960      3624    320584  0.001  0.000   58.284    9.354    0    0  (Gen:  0)
   513864      3800    320752  0.001  0.000   58.287    9.356    0    0  (Gen:  0)
   514120      4048    320992  0.001  0.000   58.290    9.358    0    0  (Gen:  0)
   513864      4184    321160  0.001  0.000   58.294    9.360    0    0  (Gen:  0)
   513960      3624    320992  0.001  0.000   58.297    9.362    0    0  (Gen:  0)
   513864      3800    321160  0.001  0.000   58.300    9.365    0    0  (Gen:  0)
   513960      3624    320992  0.001  0.000   58.303    9.367    0    0  (Gen:  0)
   513864      3800    321160  0.001  0.000   58.307    9.369    0    0  (Gen:  0)
   513960      3624    320992  0.001  0.000   58.310    9.371    0    0  (Gen:  0)
   513864      3800    321160  0.001  0.000   58.313    9.373    0    0  (Gen:  0)
   513960      3624    320992  0.001  0.000   58.317    9.376    0    0  (Gen:  0)
   513864      3800    321160  0.001  0.000   58.320    9.378    0    0  (Gen:  0)
   514120      4048    321400  0.001  0.000   58.323    9.380    0    0  (Gen:  0)
   513864      4184    321568  0.001  0.000   58.326    9.382    0    0  (Gen:  0)
   513960      3624    321400  0.001  0.000   58.330    9.384    0    0  (Gen:  0)
   513864      3800    321568  0.001  0.000   58.333    9.386    0    0  (Gen:  0)
   513960      3624    321400  0.001  0.000   58.336    9.389    0    0  (Gen:  0)
   513864      3800    321568  0.001  0.000   58.340    9.391    0    0  (Gen:  0)
   513960      3624    321400  0.001  0.000   58.343    9.393    0    0  (Gen:  0)
   513864      3800    321568  0.001  0.000   58.346    9.395    0    0  (Gen:  0)
   513960      3624    321400  0.001  0.000   58.350    9.397    0    0  (Gen:  0)
   513864      3800    321568  0.001  0.000   58.353    9.399    0    0  (Gen:  0)
   513960      3624    321400  0.001  0.000   58.356    9.402    0    0  (Gen:  0)
   514024      4216    321976  0.001  0.000   58.359    9.404    0    0  (Gen:  0)
   513960      4008    321808  0.001  0.000   58.363    9.406    0    0  (Gen:  0)
   513864      3800    321976  0.001  0.000   58.366    9.408    0    0  (Gen:  0)
   513960      3624    321808  0.001  0.000   58.369    9.410    0    0  (Gen:  0)
   513864      3800    321976  0.001  0.000   58.372    9.412    0    0  (Gen:  0)
   513960      3624    321808  0.001  0.000   58.376    9.415    0    0  (Gen:  0)
   513864      3800    321976  0.001  0.000   58.379    9.417    0    0  (Gen:  0)
   513960      3624    321808  0.001  0.000   58.382    9.419    0    0  (Gen:  0)
   513864      3800    321976  0.001  0.000   58.386    9.421    0    0  (Gen:  0)
   513960      3624    321808  0.001  0.000   58.389    9.423    0    0  (Gen:  0)
   514024      4216    322384  0.001  0.000   58.393    9.426    0    0  (Gen:  0)
   513960      4008    322216  0.001  0.000   58.396    9.428    0    0  (Gen:  0)
   513864      3800    322384  0.001  0.000   58.400    9.430    0    0  (Gen:  0)
   513960      3624    322216  0.001  0.000   58.403    9.432    0    0  (Gen:  0)
   513864      3800    322384  0.001  0.000   58.406    9.434    0    0  (Gen:  0)
   513960      3624    322216  0.001  0.000   58.409    9.436    0    0  (Gen:  0)
   513864      3800    322384  0.001  0.000   58.413    9.439    0    0  (Gen:  0)
   513960      3624    322216  0.001  0.000   58.416    9.441    0    0  (Gen:  0)
   513864      3800    322384  0.001  0.000   58.419    9.443    0    0  (Gen:  0)
   513960      3624    322216  0.001  0.000   58.423    9.445    0    0  (Gen:  0)
   513864      3800    322384  0.001  0.000   58.426    9.447    0    0  (Gen:  0)
   513960      3624    322216  0.001  0.000   58.429    9.450    0    0  (Gen:  0)
   514024      4216    322792  0.000  0.000   58.432    9.452    0    0  (Gen:  0)
   513960      4008    322624  0.001  0.000   58.436    9.454    0    0  (Gen:  0)
   513864      3800    322792  0.001  0.000   58.439    9.456    0    0  (Gen:  0)
   513960      3624    322624  0.001  0.000   58.442    9.458    0    0  (Gen:  0)
   513864      3800    322792  0.001  0.000   58.445    9.460    0    0  (Gen:  0)
   513960      3624    322624  0.001  0.000   58.449    9.462    0    0  (Gen:  0)
   513864      3800    322792  0.001  0.000   58.452    9.465    0    0  (Gen:  0)
   513960      3624    322624  0.001  0.000   58.455    9.467    0    0  (Gen:  0)
   513864      3800    322792  0.001  0.000   58.458    9.469    0    0  (Gen:  0)
   513960      3624    322624  0.001  0.000   58.462    9.471    0    0  (Gen:  0)
   513864      3800    322792  0.001  0.000   58.465    9.473    0    0  (Gen:  0)
   513960      3624    322624  0.001  0.000   58.468    9.475    0    0  (Gen:  0)
   514024      4216    323200  0.001  0.000   58.471    9.478    0    0  (Gen:  0)
   513960      4008    323032  0.001  0.000   58.475    9.480    0    0  (Gen:  0)
   513864      3800    323200  0.001  0.000   58.478    9.482    0    0  (Gen:  0)
   513960      3624    323032  0.001  0.000   58.481    9.484    0    0  (Gen:  0)
   513864      3800    323200  0.001  0.000   58.485    9.486    0    0  (Gen:  0)
   513960      3624    323032  0.001  0.000   58.488    9.489    0    0  (Gen:  0)
   513864      3800    323200  0.001  0.000   58.491    9.491    0    0  (Gen:  0)
   513960      3624    323032  0.001  0.000   58.495    9.493    0    0  (Gen:  0)
   513864      3800    323200  0.001  0.000   58.498    9.495    0    0  (Gen:  0)
   513960      3624    323032  0.001  0.000   58.501    9.497    0    0  (Gen:  0)
   513864      3800    323200  0.001  0.000   58.504    9.499    0    0  (Gen:  0)
   513960      3624    323032  0.001  0.000   58.508    9.502    0    0  (Gen:  0)
   513864      3800    323200  0.001  0.000   58.511    9.504    0    0  (Gen:  0)
   514120      4048    323440  0.001  0.000   58.514    9.506    0    0  (Gen:  0)
   513864      4184    323608  0.001  0.000   58.518    9.508    0    0  (Gen:  0)
   513960      3624    323440  0.001  0.000   58.521    9.510    0    0  (Gen:  0)
   513864      3800    323608  0.001  0.000   58.525    9.513    0    0  (Gen:  0)
   513960      3624    323440  0.001  0.000   58.528    9.515    0    0  (Gen:  0)
   513864      3800    323608  0.001  0.000   58.531    9.517    0    0  (Gen:  0)
   513960      3624    323440  0.001  0.000   58.534    9.519    0    0  (Gen:  0)
   513864      3800    323608  0.001  0.000   58.538    9.521    0    0  (Gen:  0)
   513960      3624    323440  0.001  0.000   58.541    9.523    0    0  (Gen:  0)
   513864      3800    323608  0.001  0.000   58.545    9.526    0    0  (Gen:  0)
   513960      3624    323440  0.001  0.000   58.548    9.528    0    0  (Gen:  0)
   513864      3800    323608  0.000  0.000   58.552    9.530    0    0  (Gen:  0)
   513960      3624    323440  0.001  0.000   58.555    9.532    0    0  (Gen:  0)
   514024      4216    324016  0.001  0.000   58.560    9.534    0    0  (Gen:  0)
   513960      4008    323848  0.001  0.000   58.564    9.537    0    0  (Gen:  0)
   513864      3800    324016  0.002  0.000   58.569    9.539    0    0  (Gen:  0)
   513960      3624    323848  0.001  0.000   58.581    9.542    0    0  (Gen:  0)
   513864      3800    324016  0.001  0.000   58.585    9.545    0    0  (Gen:  0)
   513960      3624    323848  0.000  0.000   58.589    9.547    0    0  (Gen:  0)
   513864      3800    324016  0.001  0.000   58.592    9.549    0    0  (Gen:  0)
   513960      3624    323848  0.001  0.000   58.595    9.551    0    0  (Gen:  0)
   513864      3800    324016  0.001  0.000   58.599    9.554    0    0  (Gen:  0)
   513960      3624    323848  0.001  0.000   58.602    9.556    0    0  (Gen:  0)
   513864      3800    324016  0.001  0.000   58.605    9.558    0    0  (Gen:  0)
   513960      3624    323848  0.001  0.000   58.609    9.560    0    0  (Gen:  0)
   513864      3800    324016  0.001  0.000   58.612    9.562    0    0  (Gen:  0)
   513960      3624    323848  0.001  0.000   58.615    9.564    0    0  (Gen:  0)
   514024      4216    324424  0.001  0.000   58.618    9.567    0    0  (Gen:  0)
   513960      4008    324256  0.001  0.000   58.622    9.569    0    0  (Gen:  0)
   513864      3800    324424  0.001  0.000   58.625    9.571    0    0  (Gen:  0)
   513960      3624    324256  0.001  0.000   58.628    9.573    0    0  (Gen:  0)
   513864      3800    324424  0.001  0.000   58.631    9.575    0    0  (Gen:  0)
   513960      3624    324256  0.000  0.000   58.634    9.577    0    0  (Gen:  0)
   513864      3800    324424  0.001  0.000   58.638    9.580    0    0  (Gen:  0)
   513960      3624    324256  0.001  0.000   58.641    9.582    0    0  (Gen:  0)
   513864      3800    324424  0.001  0.000   58.644    9.584    0    0  (Gen:  0)
   513960      3624    324256  0.001  0.000   58.648    9.586    0    0  (Gen:  0)
   513864      3800    324424  0.001  0.000   58.651    9.588    0    0  (Gen:  0)
   513960      3624    324256  0.001  0.000   58.654    9.591    0    0  (Gen:  0)
   513864      3800    324424  0.001  0.000   58.657    9.593    0    0  (Gen:  0)
   513960      3624    324256  0.001  0.000   58.661    9.595    0    0  (Gen:  0)
   513864      3800    324424  0.001  0.000   58.664    9.597    0    0  (Gen:  0)
   514120      4048    324664  0.001  0.000   58.667    9.599    0    0  (Gen:  0)
   513864      4184    324832  0.001  0.000   58.671    9.601    0    0  (Gen:  0)
   513960      3624    324664  0.001  0.000   58.674    9.604    0    0  (Gen:  0)
   513864      3800    324832  0.001  0.000   58.677    9.606    0    0  (Gen:  0)
   513960      3624    324664  0.001  0.000   58.680    9.608    0    0  (Gen:  0)
   513864      3800    324832  0.001  0.000   58.683    9.610    0    0  (Gen:  0)
   513960      3624    324664  0.001  0.000   58.687    9.612    0    0  (Gen:  0)
   513864      3800    324832  0.001  0.000   58.690    9.615    0    0  (Gen:  0)
   513960      3624    324664  0.001  0.000   58.694    9.617    0    0  (Gen:  0)
   513864      3800    324832  0.001  0.000   58.697    9.619    0    0  (Gen:  0)
   513960      3624    324664  0.001  0.000   58.700    9.621    0    0  (Gen:  0)
   513864      3800    324832  0.001  0.000   58.704    9.623    0    0  (Gen:  0)
   513960      3624    324664  0.001  0.000   58.707    9.625    0    0  (Gen:  0)
   513864      3800    324832  0.001  0.000   58.710    9.628    0    0  (Gen:  0)
   513960      3624    324664  0.001  0.000   58.714    9.630    0    0  (Gen:  0)
   514024      4216    325240  0.001  0.000   58.717    9.632    0    0  (Gen:  0)
   513960      4008    325072  0.001  0.000   58.720    9.634    0    0  (Gen:  0)
   513864      3800    325240  0.001  0.000   58.723    9.636    0    0  (Gen:  0)
   513960      3624    325072  0.001  0.000   58.727    9.638    0    0  (Gen:  0)
   513864      3800    325240  0.001  0.000   58.730    9.641    0    0  (Gen:  0)
   513960      3624    325072  0.001  0.000   58.733    9.643    0    0  (Gen:  0)
   513864      3800    325240  0.001  0.000   58.737    9.645    0    0  (Gen:  0)
   513960      3624    325072  0.001  0.000   58.740    9.647    0    0  (Gen:  0)
   513864      3800    325240  0.001  0.000   58.744    9.649    0    0  (Gen:  0)
   513960      3624    325072  0.001  0.000   58.747    9.652    0    0  (Gen:  0)
   513864      3800    325240  0.001  0.000   58.750    9.654    0    0  (Gen:  0)
   513960      3624    325072  0.001  0.000   58.753    9.656    0    0  (Gen:  0)
   513864      3800    325240  0.001  0.000   58.756    9.658    0    0  (Gen:  0)
   513960      3624    325072  0.001  0.000   58.760    9.660    0    0  (Gen:  0)
   513864      3800    325240  0.001  0.000   58.763    9.663    0    0  (Gen:  0)
   513960      3624    325072  0.001  0.000   58.767    9.665    0    0  (Gen:  0)
   514024      4216    325648  0.001  0.000   58.770    9.667    0    0  (Gen:  0)
   513960      4008    325480  0.001  0.000   58.773    9.669    0    0  (Gen:  0)
   513864      3800    325648  0.001  0.000   58.777    9.671    0    0  (Gen:  0)
   513960      3624    325480  0.001  0.000   58.780    9.674    0    0  (Gen:  0)
   513864      3800    325648  0.001  0.000   58.783    9.676    0    0  (Gen:  0)
   513960      3624    325480  0.000  0.000   58.799    9.679    0    0  (Gen:  0)
   513864      3800    325648  0.001  0.000   58.803    9.681    0    0  (Gen:  0)
   513960      3624    325480  0.001  0.000   58.806    9.683    0    0  (Gen:  0)
   513864      3800    325648  0.000  0.000   58.819    9.686    0    0  (Gen:  0)
   513960      3624    325480  0.001  0.000   58.824    9.689    0    0  (Gen:  0)
   513864      3800    325648  0.001  0.000   58.836    9.692    0    0  (Gen:  0)
   513960      3624    325480  0.000  0.000   58.839    9.694    0    0  (Gen:  0)
   513864      3800    325648  0.001  0.000   58.843    9.696    0    0  (Gen:  0)
   513960      3624    325480  0.001  0.000   58.846    9.698    0    0  (Gen:  0)
   513864      3800    325648  0.001  0.000   58.849    9.701    0    0  (Gen:  0)
   513960      3624    325480  0.001  0.000   58.853    9.703    0    0  (Gen:  0)
   513864      3800    325648  0.001  0.000   58.856    9.705    0    0  (Gen:  0)
   514120      4048    325888  0.001  0.000   58.859    9.707    0    0  (Gen:  0)
   513864      4184    326056  0.001  0.000   58.863    9.709    0    0  (Gen:  0)
   513960      3624    325888  0.001  0.000   58.866    9.712    0    0  (Gen:  0)
   513864      3800    326056  0.001  0.000   58.869    9.714    0    0  (Gen:  0)
   513960      3624    325888  0.001  0.000   58.874    9.716    0    0  (Gen:  0)
   513864      3800    326056  0.001  0.000   58.878    9.718    0    0  (Gen:  0)
   513960      3624    325888  0.001  0.000   58.883    9.721    0    0  (Gen:  0)
   513864      3800    326056  0.001  0.000   58.887    9.723    0    0  (Gen:  0)
   513960      3624    325888  0.001  0.000   58.891    9.725    0    0  (Gen:  0)
   513864      3800    326056  0.001  0.000   58.896    9.727    0    0  (Gen:  0)
   513960      3624    325888  0.001  0.000   58.900    9.730    0    0  (Gen:  0)
   513864      3800    326056  0.001  0.000   58.904    9.732    0    0  (Gen:  0)
   513960      3624    325888  0.001  0.000   58.908    9.734    0    0  (Gen:  0)
   513864      3800    326056  0.001  0.000   58.913    9.736    0    0  (Gen:  0)
   513960      3624    325888  0.001  0.000   58.917    9.739    0    0  (Gen:  0)
   513864      3800    326056  0.002  0.000   58.922    9.741    0    0  (Gen:  0)
   513960      3624    325888  0.001  0.000   58.926    9.743    0    0  (Gen:  0)
   513864      3800    326056  0.001  0.000   58.931    9.746    0    0  (Gen:  0)
   514120      4048    326296  0.001  0.000   58.935    9.748    0    0  (Gen:  0)
   513864      4184    326464  0.001  0.000   58.939    9.750    0    0  (Gen:  0)
   513960      3624    326296  0.001  0.000   58.943    9.753    0    0  (Gen:  0)
   513864      3800    326464  0.001  0.000   58.948    9.755    0    0  (Gen:  0)
   513960      3624    326296  0.001  0.000   58.952    9.757    0    0  (Gen:  0)
   513864      3800    326464  0.001  0.000   58.956    9.759    0    0  (Gen:  0)
   513960      3624    326296  0.001  0.000   58.960    9.762    0    0  (Gen:  0)
   513864      3800    326464  0.002  0.000   58.965    9.764    0    0  (Gen:  0)
   513960      3624    326296  0.001  0.000   58.968    9.766    0    0  (Gen:  0)
   513864      3800    326464  0.001  0.000   58.972    9.768    0    0  (Gen:  0)
   513960      3624    326296  0.001  0.000   58.976    9.771    0    0  (Gen:  0)
   513864      3800    326464  0.001  0.000   58.980    9.773    0    0  (Gen:  0)
   513960      3624    326296  0.001  0.000   58.983    9.775    0    0  (Gen:  0)
   513864      3800    326464  0.001  0.000   58.987    9.777    0    0  (Gen:  0)
   513960      3624    326296  0.001  0.000   58.990    9.779    0    0  (Gen:  0)
   513864      3800    326464  0.001  0.000   58.994    9.782    0    0  (Gen:  0)
   513960      3624    326296  0.001  0.000   58.997    9.784    0    0  (Gen:  0)
   513864      3800    326464  0.001  0.000   59.000    9.786    0    0  (Gen:  0)
   513960      3624    326296  0.001  0.000   59.003    9.788    0    0  (Gen:  0)
   514024      4216    326872  0.001  0.000   59.006    9.790    0    0  (Gen:  0)
   513960      4008    326704  0.001  0.000   59.010    9.792    0    0  (Gen:  0)
   513864      3800    326872  0.001  0.000   59.013    9.795    0    0  (Gen:  0)
   513960      3624    326704  0.001  0.000   59.016    9.797    0    0  (Gen:  0)
   513864      3800    326872  0.001  0.000   59.019    9.799    0    0  (Gen:  0)
   513960      3624    326704  0.001  0.000   59.023    9.801    0    0  (Gen:  0)
   513864      3800    326872  0.001  0.000   59.026    9.803    0    0  (Gen:  0)
   513960      3624    326704  0.001  0.000   59.030    9.806    0    0  (Gen:  0)
   513864      3800    326872  0.001  0.000   59.033    9.808    0    0  (Gen:  0)
   513960      3624    326704  0.001  0.000   59.036    9.810    0    0  (Gen:  0)
   513864      3800    326872  0.001  0.000   59.040    9.812    0    0  (Gen:  0)
   513960      3624    326704  0.001  0.000   59.043    9.814    0    0  (Gen:  0)
   513864      3800    326872  0.001  0.000   59.046    9.816    0    0  (Gen:  0)
   513960      3624    326704  0.001  0.000   59.050    9.819    0    0  (Gen:  0)
   513864      3800    326872  0.001  0.000   59.053    9.821    0    0  (Gen:  0)
   513960      3624    326704  0.001  0.000   59.056    9.823    0    0  (Gen:  0)
   513864      3800    326872  0.001  0.000   59.060    9.825    0    0  (Gen:  0)
   513960      3624    326704  0.001  0.000   59.064    9.828    0    0  (Gen:  0)
   513864      3800    326872  0.001  0.000   59.067    9.830    0    0  (Gen:  0)
   513960      3624    326704  0.001  0.000   59.070    9.832    0    0  (Gen:  0)
   514024      4216    327280  0.001  0.000   59.074    9.834    0    0  (Gen:  0)
   513960      4008    327112  0.001  0.000   59.077    9.836    0    0  (Gen:  0)
   513864      3800    327280  0.005  0.000   59.104    9.841    0    0  (Gen:  0)
   513960      3624    327112  0.001  0.000   59.108    9.843    0    0  (Gen:  0)
   513864      3800    327280  0.001  0.000   59.111    9.845    0    0  (Gen:  0)
   513960      3624    327112  0.001  0.000   59.115    9.848    0    0  (Gen:  0)
   513864      3800    327280  0.001  0.000   59.118    9.850    0    0  (Gen:  0)
   513960      3624    327112  0.001  0.000   59.121    9.852    0    0  (Gen:  0)
   513864      3800    327280  0.001  0.000   59.125    9.854    0    0  (Gen:  0)
   513960      3624    327112  0.001  0.000   59.128    9.856    0    0  (Gen:  0)
   513864      3800    327280  0.001  0.000   59.131    9.859    0    0  (Gen:  0)
   513960      3624    327112  0.001  0.000   59.135    9.861    0    0  (Gen:  0)
   513864      3800    327280  0.001  0.000   59.138    9.863    0    0  (Gen:  0)
   513960      3624    327112  0.001  0.000   59.141    9.865    0    0  (Gen:  0)
   513864      3800    327280  0.001  0.000   59.145    9.867    0    0  (Gen:  0)
   513960      3624    327112  0.001  0.000   59.148    9.870    0    0  (Gen:  0)
   513864      3800    327280  0.000  0.000   59.151    9.872    0    0  (Gen:  0)
   513960      3624    327112  0.001  0.000   59.154    9.874    0    0  (Gen:  0)
   513864      3800    327280  0.001  0.000   59.157    9.876    0    0  (Gen:  0)
   513960      3624    327112  0.001  0.000   59.161    9.878    0    0  (Gen:  0)
   514024      4216    327688  0.001  0.000   59.164    9.881    0    0  (Gen:  0)
   513960      4008    327520  0.001  0.000   59.167    9.883    0    0  (Gen:  0)
   513864      3800    327688  0.001  0.000   59.171    9.885    0    0  (Gen:  0)
   513960      3624    327520  0.001  0.000   59.174    9.887    0    0  (Gen:  0)
   513864      3800    327688  0.001  0.000   59.177    9.889    0    0  (Gen:  0)
   513960      3624    327520  0.001  0.000   59.181    9.892    0    0  (Gen:  0)
   513864      3800    327688  0.001  0.000   59.184    9.894    0    0  (Gen:  0)
   513960      3624    327520  0.001  0.000   59.187    9.896    0    0  (Gen:  0)
   513864      3800    327688  0.001  0.000   59.191    9.898    0    0  (Gen:  0)
   513960      3624    327520  0.001  0.000   59.194    9.900    0    0  (Gen:  0)
   513864      3800    327688  0.001  0.000   59.197    9.903    0    0  (Gen:  0)
   513960      3624    327520  0.001  0.000   59.200    9.905    0    0  (Gen:  0)
   513864      3800    327688  0.001  0.000   59.204    9.907    0    0  (Gen:  0)
   513960      3624    327520  0.001  0.000   59.207    9.909    0    0  (Gen:  0)
   513864      3800    327688  0.001  0.000   59.211    9.911    0    0  (Gen:  0)
   513960      3624    327520  0.001  0.000   59.214    9.914    0    0  (Gen:  0)
   513864      3800    327688  0.001  0.000   59.217    9.916    0    0  (Gen:  0)
   513960      3624    327520  0.001  0.000   59.220    9.918    0    0  (Gen:  0)
   513864      3800    327688  0.001  0.000   59.224    9.920    0    0  (Gen:  0)
   513960      3624    327520  0.001  0.000   59.227    9.922    0    0  (Gen:  0)
   513864      3800    327688  0.001  0.000   59.231    9.925    0    0  (Gen:  0)
   513960      3624    327520  0.001  0.000   59.234    9.927    0    0  (Gen:  0)
   514168      4200    328080  0.001  0.000   59.237    9.929    0    0  (Gen:  0)
   513960      3992    327912  0.001  0.000   59.241    9.931    0    0  (Gen:  0)
   513864      3800    328080  0.001  0.000   59.244    9.934    0    0  (Gen:  0)
   513960      3624    327912  0.001  0.000   59.247    9.936    0    0  (Gen:  0)
   513864      3800    328080  0.001  0.000   59.251    9.938    0    0  (Gen:  0)
   513960      3624    327912  0.001  0.000   59.254    9.940    0    0  (Gen:  0)
   513864      3800    328080  0.001  0.000   59.257    9.942    0    0  (Gen:  0)
   513960      3624    327912  0.001  0.000   59.261    9.945    0    0  (Gen:  0)
   513864      3800    328080  0.001  0.000   59.264    9.947    0    0  (Gen:  0)
   513960      3624    327912  0.001  0.000   59.267    9.949    0    0  (Gen:  0)
   513864      3800    328080  0.001  0.000   59.271    9.951    0    0  (Gen:  0)
   513960      3624    327912  0.001  0.000   59.274    9.954    0    0  (Gen:  0)
   513864      3800    328080  0.000  0.000   59.277    9.956    0    0  (Gen:  0)
   513960      3624    327912  0.001  0.000   59.280    9.958    0    0  (Gen:  0)
   513864      3800    328080  0.001  0.000   59.284    9.960    0    0  (Gen:  0)
   513960      3624    327912  0.001  0.000   59.287    9.962    0    0  (Gen:  0)
   513864      3800    328080  0.001  0.000   59.291    9.965    0    0  (Gen:  0)
   513960      3624    327912  0.001  0.000   59.294    9.967    0    0  (Gen:  0)
   513864      3800    328080  0.001  0.000   59.297    9.969    0    0  (Gen:  0)
   513960      3624    327912  0.001  0.000   59.301    9.971    0    0  (Gen:  0)
   513864      3800    328080  0.001  0.000   59.304    9.973    0    0  (Gen:  0)
   513960      3624    327912  0.001  0.000   59.307    9.976    0    0  (Gen:  0)
   513864      3800    328080  0.001  0.000   59.310    9.978    0    0  (Gen:  0)
   514104      4032    328304  0.001  0.000   59.314    9.980    0    0  (Gen:  0)
   513864      4168    328472  0.001  0.000   59.317    9.982    0    0  (Gen:  0)
   513960      3624    328304  0.001  0.000   59.321    9.984    0    0  (Gen:  0)
   513864      3800    328472  0.001  0.000   59.324    9.987    0    0  (Gen:  0)
   513960      3624    328304  0.001  0.000   59.327    9.989    0    0  (Gen:  0)
   513864      3800    328472  0.001  0.000   59.331    9.991    0    0  (Gen:  0)
   513960      3624    328304  0.001  0.000   59.334    9.993    0    0  (Gen:  0)
   513864      3800    328472  0.001  0.000   59.337    9.995    0    0  (Gen:  0)
   513960      3624    328304  0.001  0.000   59.341    9.998    0    0  (Gen:  0)
   513864      3800    328472  0.001  0.000   59.344   10.000    0    0  (Gen:  0)
   513960      3624    328304  0.001  0.000   59.347   10.002    0    0  (Gen:  0)
   513864      3800    328472  0.001  0.000   59.350   10.004    0    0  (Gen:  0)
   513960      3624    328304  0.001  0.000   59.353   10.006    0    0  (Gen:  0)
   513864      3800    328472  0.001  0.000   59.357   10.009    0    0  (Gen:  0)
   513960      3624    328304  0.001  0.000   59.360   10.011    0    0  (Gen:  0)
   513864      3800    328472  0.001  0.000   59.363   10.013    0    0  (Gen:  0)
   513960      3624    328304  0.001  0.000   59.367   10.015    0    0  (Gen:  0)
   513864      3800    328472  0.001  0.000   59.370   10.017    0    0  (Gen:  0)
   513960      3624    328304  0.001  0.000   59.373   10.020    0    0  (Gen:  0)
   513864      3800    328472  0.001  0.000   59.376   10.022    0    0  (Gen:  0)
   513960      3624    328304  0.001  0.000   59.380   10.024    0    0  (Gen:  0)
   513864      3800    328472  0.001  0.000   59.383   10.026    0    0  (Gen:  0)
   513960      3624    328304  0.001  0.000   59.386   10.028    0    0  (Gen:  0)
   513864      3800    328472  0.001  0.000   59.390   10.031    0    0  (Gen:  0)
   514104      4032    328696  0.001  0.000   59.393   10.033    0    0  (Gen:  0)
   513864      4168    328864  0.001  0.000   59.396   10.035    0    0  (Gen:  0)
   513960      3624    328696  0.001  0.000   59.399   10.037    0    0  (Gen:  0)
   513864      3800    328864  0.001  0.000   59.403   10.039    0    0  (Gen:  0)
   513960      3624    328696  0.001  0.000   59.406   10.042    0    0  (Gen:  0)
   513864      3800    328864  0.001  0.000   59.410   10.044    0    0  (Gen:  0)
   513960      3624    328696  0.001  0.000   59.413   10.046    0    0  (Gen:  0)
   513864      3800    328864  0.001  0.000   59.416   10.048    0    0  (Gen:  0)
   513960      3624    328696  0.001  0.000   59.419   10.050    0    0  (Gen:  0)
   513864      3800    328864  0.001  0.000   59.423   10.053    0    0  (Gen:  0)
   513960      3624    328696  0.001  0.000   59.426   10.055    0    0  (Gen:  0)
   513864      3800    328864  0.001  0.000   59.429   10.057    0    0  (Gen:  0)
   513960      3624    328696  0.001  0.000   59.433   10.059    0    0  (Gen:  0)
   513864      3800    328864  0.001  0.000   59.436   10.061    0    0  (Gen:  0)
   513960      3624    328696  0.001  0.000   59.439   10.064    0    0  (Gen:  0)
   513864      3800    328864  0.001  0.000   59.443   10.066    0    0  (Gen:  0)
   513960      3624    328696  0.001  0.000   59.446   10.068    0    0  (Gen:  0)
   513864      3800    328864  0.001  0.000   59.449   10.070    0    0  (Gen:  0)
   513960      3624    328696  0.001  0.000   59.453   10.073    0    0  (Gen:  0)
   513864      3800    328864  0.001  0.000   59.456   10.075    0    0  (Gen:  0)
   513960      3624    328696  0.001  0.000   59.459   10.077    0    0  (Gen:  0)
   513864      3800    328864  0.001  0.000   59.463   10.079    0    0  (Gen:  0)
   513960      3624    328696  0.001  0.000   59.467   10.081    0    0  (Gen:  0)
   513864      3800    328864  0.000  0.000   59.470   10.084    0    0  (Gen:  0)
   513960      3624    328696  0.001  0.000   59.473   10.086    0    0  (Gen:  0)
   514008      4200    329256  0.001  0.000   59.476   10.088    0    0  (Gen:  0)
   513960      3992    329088  0.001  0.000   59.480   10.090    0    0  (Gen:  0)
   513864      3800    329256  0.001  0.000   59.484   10.093    0    0  (Gen:  0)
   513960      3624    329088  0.001  0.000   59.487   10.095    0    0  (Gen:  0)
   513864      3800    329256  0.001  0.000   59.490   10.097    0    0  (Gen:  0)
   513960      3624    329088  0.001  0.000   59.494   10.099    0    0  (Gen:  0)
   513864      3800    329256  0.001  0.000   59.497   10.101    0    0  (Gen:  0)
   513960      3624    329088  0.001  0.000   59.501   10.104    0    0  (Gen:  0)
   513864      3800    329256  0.001  0.000   59.504   10.106    0    0  (Gen:  0)
   513960      3624    329088  0.001  0.000   59.508   10.108    0    0  (Gen:  0)
   513864      3800    329256  0.001  0.000   59.511   10.110    0    0  (Gen:  0)
   513960      3624    329088  0.001  0.000   59.514   10.112    0    0  (Gen:  0)
   513864      3800    329256  0.001  0.000   59.517   10.115    0    0  (Gen:  0)
   513960      3624    329088  0.001  0.000   59.521   10.117    0    0  (Gen:  0)
   513864      3800    329256  0.001  0.000   59.524   10.119    0    0  (Gen:  0)
   513960      3624    329088  0.001  0.000   59.527   10.121    0    0  (Gen:  0)
   513864      3800    329256  0.001  0.000   59.531   10.124    0    0  (Gen:  0)
   513960      3624    329088  0.001  0.000   59.534   10.126    0    0  (Gen:  0)
   513864      3800    329256  0.001  0.000   59.537   10.128    0    0  (Gen:  0)
   513960      3624    329088  0.001  0.000   59.541   10.130    0    0  (Gen:  0)
   513864      3800    329256  0.001  0.000   59.544   10.132    0    0  (Gen:  0)
   513960      3624    329088  0.001  0.000   59.547   10.135    0    0  (Gen:  0)
   513864      3800    329256  0.001  0.000   59.551   10.137    0    0  (Gen:  0)
   513960      3624    329088  0.001  0.000   59.554   10.139    0    0  (Gen:  0)
   513864      3800    329256  0.001  0.000   59.558   10.141    0    0  (Gen:  0)
   513960      3624    329088  0.001  0.000   59.561   10.143    0    0  (Gen:  0)
   514008      4200    329648  0.001  0.000   59.564   10.146    0    0  (Gen:  0)
   513960      3992    329480  0.001  0.000   59.568   10.148    0    0  (Gen:  0)
   513864      3800    329648  0.001  0.000   59.571   10.150    0    0  (Gen:  0)
   513960      3624    329480  0.001  0.000   59.575   10.152    0    0  (Gen:  0)
   513864      3800    329648  0.001  0.000   59.578   10.155    0    0  (Gen:  0)
   513960      3624    329480  0.001  0.000   59.581   10.157    0    0  (Gen:  0)
   513864      3800    329648  0.001  0.000   59.585   10.159    0    0  (Gen:  0)
   513960      3624    329480  0.001  0.000   59.588   10.161    0    0  (Gen:  0)
   513864      3800    329648  0.001  0.000   59.591   10.163    0    0  (Gen:  0)
   513960      3624    329480  0.001  0.000   59.595   10.166    0    0  (Gen:  0)
   513864      3800    329648  0.001  0.000   59.598   10.168    0    0  (Gen:  0)
   513960      3624    329480  0.001  0.000   59.601   10.170    0    0  (Gen:  0)
   513864      3800    329648  0.001  0.000   59.605   10.172    0    0  (Gen:  0)
   513960      3624    329480  0.001  0.000   59.608   10.174    0    0  (Gen:  0)
   513864      3800    329648  0.001  0.000   59.611   10.177    0    0  (Gen:  0)
   513960      3624    329480  0.001  0.000   59.615   10.179    0    0  (Gen:  0)
   513864      3800    329648  0.001  0.000   59.618   10.181    0    0  (Gen:  0)
   513960      3624    329480  0.002  0.000   59.622   10.183    0    0  (Gen:  0)
   513864      3800    329648  0.001  0.000   59.625   10.185    0    0  (Gen:  0)
   513960      3624    329480  0.000  0.000   59.628   10.188    0    0  (Gen:  0)
   513864      3800    329648  0.001  0.000   59.632   10.190    0    0  (Gen:  0)
   513960      3624    329480  0.001  0.000   59.635   10.192    0    0  (Gen:  0)
   513864      3800    329648  0.001  0.000   59.638   10.194    0    0  (Gen:  0)
   513960      3624    329480  0.001  0.000   59.642   10.197    0    0  (Gen:  0)
   513864      3800    329648  0.001  0.000   59.645   10.199    0    0  (Gen:  0)
   513960      3624    329480  0.001  0.000   59.648   10.201    0    0  (Gen:  0)
   513864      3800    329648  0.001  0.000   59.652   10.203    0    0  (Gen:  0)
   513960      3624    329480  0.001  0.000   59.655   10.205    0    0  (Gen:  0)
   514008      4200    330040  0.001  0.000   59.658   10.208    0    0  (Gen:  0)
   513960      3992    329872  0.001  0.000   59.662   10.210    0    0  (Gen:  0)
   513864      3800    330040  0.001  0.000   59.665   10.212    0    0  (Gen:  0)
   513960      3624    329872  0.001  0.000   59.668   10.214    0    0  (Gen:  0)
   513864      3800    330040  0.001  0.000   59.672   10.216    0    0  (Gen:  0)
   513960      3624    329872  0.001  0.000   59.675   10.219    0    0  (Gen:  0)
   513864      3800    330040  0.001  0.000   59.679   10.221    0    0  (Gen:  0)
   513960      3624    329872  0.001  0.000   59.682   10.223    0    0  (Gen:  0)
   513864      3800    330040  0.001  0.000   59.685   10.225    0    0  (Gen:  0)
   513960      3624    329872  0.001  0.000   59.688   10.227    0    0  (Gen:  0)
   513864      3800    330040  0.001  0.000   59.692   10.230    0    0  (Gen:  0)
   513960      3624    329872  0.001  0.000   59.695   10.232    0    0  (Gen:  0)
   513864      3800    330040  0.001  0.000   59.699   10.234    0    0  (Gen:  0)
   513960      3624    329872  0.001  0.000   59.703   10.236    0    0  (Gen:  0)
   513864      3800    330040  0.001  0.000   59.706   10.238    0    0  (Gen:  0)
   513960      3624    329872  0.001  0.000   59.709   10.241    0    0  (Gen:  0)
   513864      3800    330040  0.000  0.000   59.715   10.243    0    0  (Gen:  0)
   513960      3624    329872  0.000  0.000   59.719   10.245    0    0  (Gen:  0)
   513864      3800    330040  0.000  0.000   59.723   10.248    0    0  (Gen:  0)
   513960      3624    329872  0.001  0.000   59.727   10.250    0    0  (Gen:  0)
   513864      3800    330040  0.001  0.000   59.730   10.252    0    0  (Gen:  0)
   513960      3624    329872  0.001  0.000   59.733   10.254    0    0  (Gen:  0)
   513864      3800    330040  0.001  0.000   59.737   10.257    0    0  (Gen:  0)
   513960      3624    329872  0.001  0.000   59.740   10.259    0    0  (Gen:  0)
   513864      3800    330040  0.001  0.000   59.743   10.261    0    0  (Gen:  0)
   513960      3624    329872  0.001  0.000   59.747   10.263    0    0  (Gen:  0)
   513864      3800    330040  0.001  0.000   59.750   10.265    0    0  (Gen:  0)
   513960      3624    329872  0.001  0.000   59.753   10.268    0    0  (Gen:  0)
   513864      3800    330040  0.001  0.000   59.757   10.270    0    0  (Gen:  0)
   514104      4032    330264  0.001  0.000   59.760   10.272    0    0  (Gen:  0)
   513864      4168    330432  0.001  0.000   59.763   10.274    0    0  (Gen:  0)
   513960      3624    330264  0.001  0.000   59.767   10.276    0    0  (Gen:  0)
   513864      3800    330432  0.001  0.000   59.770   10.279    0    0  (Gen:  0)
   513960      3624    330264  0.001  0.000   59.773   10.281    0    0  (Gen:  0)
   513864      3800    330432  0.001  0.000   59.777   10.283    0    0  (Gen:  0)
   513960      3624    330264  0.001  0.000   59.780   10.285    0    0  (Gen:  0)
   513864      3800    330432  0.001  0.000   59.783   10.287    0    0  (Gen:  0)
   513960      3624    330264  0.001  0.000   59.787   10.290    0    0  (Gen:  0)
   513864      3800    330432  0.001  0.000   59.790   10.292    0    0  (Gen:  0)
   513960      3624    330264  0.001  0.000   59.794   10.294    0    0  (Gen:  0)
   513864      3800    330432  0.001  0.000   59.797   10.296    0    0  (Gen:  0)
   513960      3624    330264  0.001  0.000   59.800   10.299    0    0  (Gen:  0)
   513864      3800    330432  0.001  0.000   59.804   10.301    0    0  (Gen:  0)
   513960      3624    330264  0.001  0.000   59.807   10.303    0    0  (Gen:  0)
   513864      3800    330432  0.001  0.000   59.810   10.305    0    0  (Gen:  0)
   513960      3624    330264  0.001  0.000   59.814   10.307    0    0  (Gen:  0)
   513864      3800    330432  0.001  0.000   59.817   10.310    0    0  (Gen:  0)
   513960      3624    330264  0.001  0.000   59.820   10.312    0    0  (Gen:  0)
   513864      3800    330432  0.001  0.000   59.824   10.314    0    0  (Gen:  0)
   513960      3624    330264  0.001  0.000   59.827   10.316    0    0  (Gen:  0)
   513864      3800    330432  0.001  0.000   59.830   10.318    0    0  (Gen:  0)
   513960      3624    330264  0.001  0.000   59.835   10.321    0    0  (Gen:  0)
   513864      3800    330432  0.001  0.000   59.838   10.323    0    0  (Gen:  0)
   513960      3624    330264  0.001  0.000   59.841   10.325    0    0  (Gen:  0)
   513864      3800    330432  0.001  0.000   59.845   10.327    0    0  (Gen:  0)
   513960      3624    330264  0.001  0.000   59.848   10.330    0    0  (Gen:  0)
   513864      3800    330432  0.001  0.000   59.852   10.332    0    0  (Gen:  0)
   513960      3624    330264  0.001  0.000   59.856   10.334    0    0  (Gen:  0)
   513864      3800    330432  0.001  0.000   59.859   10.336    0    0  (Gen:  0)
   513960      3624    330264  0.001  0.000   59.862   10.338    0    0  (Gen:  0)
   514008      4200    330824  0.001  0.000   59.866   10.341    0    0  (Gen:  0)
   513960      3992    330656  0.001  0.000   59.869   10.343    0    0  (Gen:  0)
   513864      3800    330824  0.001  0.000   59.872   10.345    0    0  (Gen:  0)
   513960      3624    330656  0.001  0.000   59.876   10.347    0    0  (Gen:  0)
   513864      3800    330824  0.001  0.000   59.879   10.350    0    0  (Gen:  0)
   513960      3624    330656  0.001  0.000   59.882   10.352    0    0  (Gen:  0)
   513864      3800    330824  0.001  0.000   59.886   10.354    0    0  (Gen:  0)
   513960      3624    330656  0.001  0.000   59.889   10.356    0    0  (Gen:  0)
   513864      3800    330824  0.001  0.000   59.892   10.358    0    0  (Gen:  0)
   513960      3624    330656  0.001  0.000   59.896   10.361    0    0  (Gen:  0)
   513864      3800    330824  0.001  0.000   59.899   10.363    0    0  (Gen:  0)
   513960      3624    330656  0.001  0.000   59.903   10.365    0    0  (Gen:  0)
   513864      3800    330824  0.001  0.000   59.907   10.367    0    0  (Gen:  0)
   513960      3624    330656  0.001  0.000   59.910   10.370    0    0  (Gen:  0)
   513864      3800    330824  0.001  0.000   59.913   10.372    0    0  (Gen:  0)
   513960      3624    330656  0.001  0.000   59.916   10.374    0    0  (Gen:  0)
   513864      3800    330824  0.001  0.000   59.920   10.376    0    0  (Gen:  0)
   513960      3624    330656  0.001  0.000   59.923   10.378    0    0  (Gen:  0)
   513864      3800    330824  0.001  0.000   59.926   10.381    0    0  (Gen:  0)
   513960      3624    330656  0.001  0.000   59.930   10.383    0    0  (Gen:  0)
   513864      3800    330824  0.001  0.000   59.933   10.385    0    0  (Gen:  0)
   513960      3624    330656  0.001  0.000   59.936   10.387    0    0  (Gen:  0)
   513864      3800    330824  0.001  0.000   59.940   10.389    0    0  (Gen:  0)
   513960      3624    330656  0.001  0.000   59.943   10.392    0    0  (Gen:  0)
   513864      3800    330824  0.001  0.000   59.946   10.394    0    0  (Gen:  0)
   513960      3624    330656  0.001  0.000   59.950   10.396    0    0  (Gen:  0)
   513864      3800    330824  0.001  0.000   59.953   10.398    0    0  (Gen:  0)
   513960      3624    330656  0.001  0.000   59.956   10.400    0    0  (Gen:  0)
   513864      3800    330824  0.001  0.000   59.960   10.403    0    0  (Gen:  0)
   513960      3624    330656  0.001  0.000   59.963   10.405    0    0  (Gen:  0)
   513864      3800    330824  0.001  0.000   59.966   10.407    0    0  (Gen:  0)
   513960      3624    330656  0.001  0.000   59.969   10.409    0    0  (Gen:  0)
  1462464     96088    431216  0.002  0.000   59.974   10.410    0    0  (Gen:  0)
  4898480    127832    457480  0.003  0.000   59.981   10.411    0    0  (Gen:  0)
  1233024     93472    533400  0.002  0.000   59.987   10.412    0    0  (Gen:  0)
   608656     10512    547048  0.010  0.001   60.081   10.422    0    0  (Gen:  0)
   516240      7568    541856  0.001  0.000   60.083   10.422    0    0  (Gen:  0)
   514680      5760    542872  0.001  0.000   60.084   10.422    0    0  (Gen:  0)
   564632     14760    569232  0.001  0.000   60.086   10.423    0    0  (Gen:  0)
   514840     14472    570304  0.001  0.000   60.087   10.423    0    0  (Gen:  0)
   623592     59208    661248  0.002  0.000   60.090   10.424    0    0  (Gen:  0)
   518448     29576    648608  0.001  0.000   60.091   10.424    0    0  (Gen:  0)
   517848      6776    650592  0.001  0.000   60.093   10.424    0    0  (Gen:  0)
   516512      6672    652816  0.001  0.000   60.094   10.424    0    0  (Gen:  0)
   517688     23344    671712  0.001  0.000   60.096   10.425    0    0  (Gen:  0)
   516960     25912    693136  0.001  0.000   60.098   10.425    0    0  (Gen:  0)
   517992     25584    714144  0.001  0.000   60.100   10.425    0    0  (Gen:  0)
   517424     35552    745248  0.002  0.000   60.102   10.426    0    0  (Gen:  0)
   139488      3728    199944  0.000  0.000   60.103   10.426    0    0  (Gen:  1)
     1152                      0.000  0.000

   7,473,998,952 bytes allocated in the heap
   2,517,259,000 bytes copied during GC
       6,543,408 bytes maximum residency (169 sample(s))
         550,384 bytes maximum slop
              25 MB total memory in use (0 MB lost due to fragmentation)

                                     Tot time (elapsed)  Avg pause  Max pause
  Gen  0     13884 colls, 13884 par   36.087s   2.952s     0.0002s    0.0159s
  Gen  1       169 colls,   168 par    2.435s   0.220s     0.0013s    0.0037s

  Parallel GC work balance: 8.08% (serial 0%, perfect 100%)

  TASKS: 28 (1 bound, 27 peak workers (27 total), using -N12)

  SPARKS: 0 (0 converted, 0 overflowed, 0 dud, 0 GC'd, 0 fizzled)

  INIT    time    0.004s  (  0.001s elapsed)
  MUT     time   21.353s  (  7.253s elapsed)
  GC      time   38.522s  (  3.172s elapsed)
  EXIT    time    0.003s  (  0.001s elapsed)
  Total   time   60.105s  ( 10.427s elapsed)

  Alloc rate    350,026,974 bytes per MUT second

  Productivity  35.9% of total user, 207.0% of total elapsed

gc_alloc_block_sync: 247343
whitehole_spin: 0
gen[0].sync: 81
gen[1].sync: 42662
