    Alloc    Copied     Live     GC     GC      TOT      TOT  Page Flts
    bytes     bytes     bytes   user   elap     user     elap
   739992    176304    227040  0.003  0.000    0.225    0.002    0    0  (Gen:  0)
   606744    217600    354768  0.045  0.004    0.275    0.007    4    0  (Gen:  1)
   519680    185032    449000  0.006  0.001    0.346    0.014    0    0  (Gen:  0)
   519704    116648    561744  0.004  0.000    0.355    0.015    0    0  (Gen:  0)
   519720    116880    674528  0.003  0.000    0.360    0.015    0    0  (Gen:  0)
   519464    116424    786752  0.004  0.000    0.365    0.016    0    0  (Gen:  0)
   519640    116736    899544  0.004  0.000    0.369    0.016    0    0  (Gen:  0)
   519496    116456   1011832  0.004  0.000    0.374    0.017    0    0  (Gen:  0)
   519672    116872   1124736  0.004  0.000    0.379    0.017    0    0  (Gen:  0)
   519608    973160   1110320  0.076  0.008    0.456    0.025    0    0  (Gen:  1)
   519696     98792   1204760  0.022  0.002    0.482    0.028    0    0  (Gen:  0)
   519560    115072   1315552  0.003  0.000    0.486    0.029    0    0  (Gen:  0)
   520152    116840   1427752  0.003  0.000    0.490    0.029    0    0  (Gen:  0)
   519896    116840   1540280  0.003  0.000    0.494    0.029    0    0  (Gen:  0)
   515808    116616   1652328  0.003  0.000    0.499    0.030    0    0  (Gen:  0)
   519544    117216   1764664  0.003  0.000    0.503    0.030    0    0  (Gen:  0)
   519512    116904   1876896  0.003  0.000    0.507    0.031    0    0  (Gen:  0)
   519448    116920   1989120  0.003  0.000    0.511    0.031    0    0  (Gen:  0)
   519512    116768   2101176  0.003  0.000    0.516    0.032    0    0  (Gen:  0)
   519400    116336   2213112  0.003  0.000    0.520    0.032    0    0  (Gen:  0)
   519656   2009400   2146552  0.043  0.004    0.564    0.036    0    0  (Gen:  1)
   519816    104912   2246896  0.002  0.000    0.569    0.037    0    0  (Gen:  0)
   519376    117096   2359232  0.005  0.000    0.576    0.038    0    0  (Gen:  0)
   519472    116624   2471144  0.005  0.000    0.582    0.038    0    0  (Gen:  0)
   519504    116520   2583368  0.005  0.000    0.588    0.039    0    0  (Gen:  0)
   519536    116824   2695816  0.005  0.000    0.595    0.040    0    0  (Gen:  0)
   519496    117256   2808296  0.005  0.000    0.601    0.040    0    0  (Gen:  0)
   519400    116904   2920176  0.005  0.000    0.608    0.041    0    0  (Gen:  0)
   520992     61872   2977528  0.003  0.000    0.612    0.041    0    0  (Gen:  0)
   521248      6384   2977560  0.001  0.000    0.615    0.042    0    0  (Gen:  0)
   521480      4344   2977808  0.001  0.000    0.616    0.042    0    0  (Gen:  0)
   521664      5384   2979232  0.001  0.000    0.618    0.042    0    0  (Gen:  0)
   521880      4072   2979224  0.001  0.000    0.620    0.042    0    0  (Gen:  0)
   521696      4288   2979456  0.001  0.000    0.622    0.043    0    0  (Gen:  0)
   521592      4184   2979400  0.001  0.000    0.624    0.043    0    0  (Gen:  0)
   521728      4144   2979520  0.001  0.000    0.626    0.043    0    0  (Gen:  0)
   521752      4256   2979664  0.001  0.000    0.628    0.044    0    0  (Gen:  0)
   521904      4240   2979680  0.001  0.000    0.630    0.044    0    0  (Gen:  0)
   521568      3792   2979248  0.001  0.000    0.632    0.044    0    0  (Gen:  0)
   521704      9000   2984472  0.001  0.000    0.634    0.044    0    0  (Gen:  0)
   521656      6208   2984400  0.171  0.016    0.805    0.060    0    0  (Gen:  0)
   521736      4312   2984560  0.000  0.000    0.806    0.060    0    0  (Gen:  0)
   521544      4200   2984480  0.000  0.000    0.807    0.060    0    0  (Gen:  0)
   521448      4272   2984640  0.000  0.000    0.807    0.061    0    0  (Gen:  0)
   521688      5920   2986320  0.000  0.000    0.808    0.061    0    0  (Gen:  0)
   521584      4088   2986304  0.000  0.000    0.809    0.061    0    0  (Gen:  0)
   521504      4016   2986392  0.000  0.000    0.809    0.061    0    0  (Gen:  0)
   521384      4064   2986472  0.000  0.000    0.810    0.061    0    0  (Gen:  0)
   521568      4128   2986568  0.000  0.000    0.811    0.061    0    0  (Gen:  0)
   521568      4056   2986512  0.000  0.000    0.811    0.061    0    0  (Gen:  0)
   521336      9248   2991720  0.000  0.000    0.812    0.062    0    0  (Gen:  0)
   521440      6096   2991288  0.000  0.000    0.812    0.062    0    0  (Gen:  0)
   521608      4160   2991696  0.000  0.000    0.813    0.062    0    0  (Gen:  0)
   521528      4088   2991656  0.000  0.000    0.813    0.062    0    0  (Gen:  0)
   521592      3912   2991568  0.000  0.000    0.814    0.062    0    0  (Gen:  0)
   521440      4376   2992056  0.000  0.000    0.814    0.062    0    0  (Gen:  0)
   521704      4376   2992272  0.000  0.000    0.815    0.062    0    0  (Gen:  0)
   521544      4016   2992064  0.000  0.000    0.816    0.062    0    0  (Gen:  0)
   521696      4376   2992432  0.000  0.000    0.816    0.063    0    0  (Gen:  0)
   521512      4336   2992600  0.000  0.000    0.817    0.063    0    0  (Gen:  0)
   521456     10640   2999088  0.000  0.000    0.817    0.063    0    0  (Gen:  0)
   521344      6224   2998976  0.000  0.000    0.818    0.063    0    0  (Gen:  0)
   521376      3928   2998936  0.000  0.000    0.818    0.063    0    0  (Gen:  0)
   521736      4160   2999200  0.000  0.000    0.819    0.063    0    0  (Gen:  0)
   521488      4200   2999272  0.000  0.000    0.819    0.063    0    0  (Gen:  0)
   521544      4128   2999216  0.000  0.000    0.820    0.063    0    0  (Gen:  0)
   521472      6304   3001408  0.000  0.000    0.821    0.064    0    0  (Gen:  0)
   521640      4144   3001240  0.000  0.000    0.821    0.064    0    0  (Gen:  0)
   521592      4144   3001328  0.000  0.000    0.822    0.064    0    0  (Gen:  0)
   521584      4072   3001288  0.000  0.000    0.822    0.064    0    0  (Gen:  0)
   521712      4048   3001352  0.000  0.000    0.823    0.064    0    0  (Gen:  0)
   521560      9312   3006648  0.000  0.000    0.823    0.064    0    0  (Gen:  0)
   521544      6544   3006616  0.000  0.000    0.824    0.064    0    0  (Gen:  0)
   521624      4280   3006688  0.000  0.000    0.824    0.064    0    0  (Gen:  0)
   521344      4064   3006488  0.000  0.000    0.825    0.064    0    0  (Gen:  0)
   521576      4016   3006488  0.000  0.000    0.825    0.065    0    0  (Gen:  0)
   521592      3856   3006344  0.000  0.000    0.826    0.065    0    0  (Gen:  0)
   521320      6328   3008832  0.000  0.000    0.827    0.065    0    0  (Gen:  0)
   521536      3896   3008528  0.000  0.000    0.827    0.065    0    0  (Gen:  0)
   521744      4216   3008936  0.000  0.000    0.828    0.065    0    0  (Gen:  0)
   521672      4072   3008824  0.000  0.000    0.828    0.065    0    0  (Gen:  0)
   521856      4128   3008968  0.000  0.000    0.829    0.065    0    0  (Gen:  0)
   521552      9200   3014072  0.000  0.000    0.829    0.065    0    0  (Gen:  0)
   521608      6504   3014080  0.000  0.000    0.830    0.065    0    0  (Gen:  0)
   521792      4040   3014112  0.000  0.000    0.830    0.066    0    0  (Gen:  0)
   521544      4104   3014192  0.000  0.000    0.831    0.066    0    0  (Gen:  0)
   521416      4144   3014280  0.000  0.000    0.831    0.066    0    0  (Gen:  0)
   521712      4544   3014688  0.000  0.000    0.832    0.066    0    0  (Gen:  0)
   521608      4248   3014672  0.000  0.000    0.832    0.066    0    0  (Gen:  0)
   521544      4128   3014744  0.000  0.000    0.833    0.066    0    0  (Gen:  0)
   521488      4360   3015000  0.000  0.000    0.833    0.066    0    0  (Gen:  0)
   521880      4216   3015048  0.000  0.000    0.834    0.066    0    0  (Gen:  0)
   521568      4296   3015304  0.000  0.000    0.835    0.067    0    0  (Gen:  0)
   521768     10056   3021408  0.000  0.000    0.835    0.067    0    0  (Gen:  0)
   521784      5784   3021296  0.000  0.000    0.836    0.067    0    0  (Gen:  0)
   521712      4136   3021304  0.000  0.000    0.836    0.067    0    0  (Gen:  0)
   521528      4120   3021320  0.000  0.000    0.837    0.067    0    0  (Gen:  0)
   521472      4072   3021360  0.000  0.000    0.837    0.067    0    0  (Gen:  0)
   521512      4304   3021624  0.000  0.000    0.838    0.067    0    0  (Gen:  0)
   521768      4152   3021520  0.000  0.000    0.838    0.067    0    0  (Gen:  0)
   521792      4096   3021552  0.000  0.000    0.839    0.067    0    0  (Gen:  0)
   521712      4208   3021680  0.000  0.000    0.839    0.068    0    0  (Gen:  0)
   521784      4128   3021648  0.000  0.000    0.840    0.068    0    0  (Gen:  0)
   521632      7552   3025088  0.000  0.000    0.841    0.068    0    0  (Gen:  0)
   521464      6296   3026056  0.000  0.000    0.841    0.068    0    0  (Gen:  0)
   521520      5840   3026120  0.000  0.000    0.842    0.068    0    0  (Gen:  0)
   521592      4112   3026200  0.000  0.000    0.842    0.068    0    0  (Gen:  0)
   521632      4016   3026136  0.000  0.000    0.843    0.068    0    0  (Gen:  0)
   521424      3992   3026200  0.000  0.000    0.843    0.068    0    0  (Gen:  0)
   521536      4168   3026408  0.001  0.000    0.850    0.069    0    0  (Gen:  0)
   521808      4184   3026472  0.000  0.000    0.850    0.069    0    0  (Gen:  0)
   521736      4000   3026376  0.000  0.000    0.851    0.069    0    0  (Gen:  0)
   521760      4128   3026520  0.000  0.000    0.851    0.070    0    0  (Gen:  0)
   521704      4016   3026456  0.000  0.000    0.852    0.070    0    0  (Gen:  0)
   521688      9384   3031840  0.000  0.000    0.852    0.070    0    0  (Gen:  0)
   521544      6624   3031784  0.000  0.000    0.853    0.070    0    0  (Gen:  0)
   521576      4160   3031904  0.000  0.000    0.854    0.070    0    0  (Gen:  0)
   521544      4200   3031976  0.000  0.000    0.854    0.070    0    0  (Gen:  0)
   521592      4064   3031872  0.000  0.000    0.855    0.070    0    0  (Gen:  0)
   521488      3872   3031696  0.000  0.000    0.855    0.070    0    0  (Gen:  0)
   521536      4496   3032328  0.000  0.000    0.856    0.070    0    0  (Gen:  0)
   521824      4032   3032096  0.000  0.000    0.856    0.071    0    0  (Gen:  0)
   521656      4488   3032696  0.001  0.000    0.858    0.071    0    0  (Gen:  0)
   521664      4168   3032576  0.000  0.000    0.858    0.071    0    0  (Gen:  0)
   521480      4456   3033008  0.000  0.000    0.859    0.071    0    0  (Gen:  0)
   290248   2701456   2838664  0.011  0.001    0.870    0.072    0    0  (Gen:  1)
   517696      6296   2841320  0.000  0.000    0.871    0.072    0    0  (Gen:  0)
   521744      6136   2841192  0.000  0.000    0.872    0.072    0    0  (Gen:  0)
   521880      4216   2841408  0.000  0.000    0.872    0.073    0    0  (Gen:  0)
   521280      3944   2841168  0.000  0.000    0.873    0.073    0    0  (Gen:  0)
   521440      3928   2841240  0.000  0.000    0.874    0.073    0    0  (Gen:  0)
   521872      5896   2843240  0.001  0.000    0.875    0.073    0    0  (Gen:  0)
   521776      4056   2843080  0.000  0.000    0.876    0.073    0    0  (Gen:  0)
   521648      3968   2843080  0.000  0.000    0.876    0.073    0    0  (Gen:  0)
   521696      4096   2843224  0.000  0.000    0.877    0.074    0    0  (Gen:  0)
   521240      4000   2843176  0.000  0.000    0.878    0.074    0    0  (Gen:  0)
   521680      6568   2845760  0.000  0.000    0.878    0.074    0    0  (Gen:  0)
   521616      6432   2845688  0.000  0.000    0.879    0.074    0    0  (Gen:  0)
   521416      4488   2846136  0.000  0.000    0.879    0.074    0    0  (Gen:  0)
   521712      5688   2847752  0.000  0.000    0.880    0.074    0    0  (Gen:  0)
   521744      4112   2847624  0.000  0.000    0.880    0.074    0    0  (Gen:  0)
   521728      4072   2847600  0.000  0.000    0.881    0.074    0    0  (Gen:  0)
   521624      4320   2847864  0.000  0.000    0.881    0.075    0    0  (Gen:  0)
   521608      3864   2847472  0.024  0.002    0.906    0.077    0    0  (Gen:  0)
   521968      4176   2847872  0.000  0.000    0.907    0.077    0    0  (Gen:  0)
   521624      4016   2847744  0.000  0.000    0.907    0.077    0    0  (Gen:  0)
   521832      4200   2848016  0.000  0.000    0.908    0.077    0    0  (Gen:  0)
   521304      6184   2850032  0.000  0.000    0.908    0.077    0    0  (Gen:  0)
   521936      6080   2849992  0.000  0.000    0.909    0.078    0    0  (Gen:  0)
   521648      3968   2849936  0.000  0.000    0.909    0.078    0    0  (Gen:  0)
   521488      4304   2850288  0.000  0.000    0.910    0.078    0    0  (Gen:  0)
   521448      4128   2850160  0.000  0.000    0.910    0.078    0    0  (Gen:  0)
   521816      5864   2851912  0.000  0.000    0.911    0.078    0    0  (Gen:  0)
   521480      4056   2851920  0.000  0.000    0.912    0.078    0    0  (Gen:  0)
   521344      4104   2852128  0.000  0.000    0.912    0.078    0    0  (Gen:  0)
   521552      4288   2852344  0.000  0.000    0.913    0.078    0    0  (Gen:  0)
   521800      4128   2852216  0.000  0.000    0.913    0.078    0    0  (Gen:  0)
   521744      3984   2852088  0.000  0.000    0.914    0.079    0    0  (Gen:  0)
   521552      6488   2854608  0.000  0.000    0.914    0.079    0    0  (Gen:  0)
   521608      6488   2854688  0.000  0.000    0.915    0.079    0    0  (Gen:  0)
   521568      4344   2854888  0.000  0.000    0.915    0.079    0    0  (Gen:  0)
   521544      4256   2854832  0.000  0.000    0.916    0.079    0    0  (Gen:  0)
   521528      4288   2854952  0.001  0.000    0.917    0.079    0    0  (Gen:  0)
   521736      4376   2855072  0.000  0.000    0.918    0.079    0    0  (Gen:  0)
   521584      4088   2855056  0.001  0.000    0.920    0.080    0    0  (Gen:  0)
   521504      4016   2855144  0.001  0.000    0.922    0.080    0    0  (Gen:  0)
   521592      4344   2855504  0.000  0.000    0.922    0.080    0    0  (Gen:  0)
   521736      4280   2855696  0.000  0.000    0.923    0.080    0    0  (Gen:  0)
   521448      4952   2856608  0.000  0.000    0.924    0.080    0    0  (Gen:  0)
   521544      7176   2859712  0.000  0.000    0.924    0.080    0    0  (Gen:  0)
   521864      6328   2859744  0.000  0.000    0.925    0.081    0    0  (Gen:  0)
   521552      4360   2859960  0.000  0.000    0.925    0.081    0    0  (Gen:  0)
   521640      3768   2859400  0.000  0.000    0.926    0.081    0    0  (Gen:  0)
   521392      4088   2859808  0.000  0.000    0.927    0.081    0    0  (Gen:  0)
   521672      6168   2861920  0.000  0.000    0.927    0.081    0    0  (Gen:  0)
   521440      4184   2861912  0.000  0.000    0.928    0.081    0    0  (Gen:  0)
   521728      4112   2861928  0.000  0.000    0.928    0.081    0    0  (Gen:  0)
   521736      4160   2861992  0.000  0.000    0.929    0.082    0    0  (Gen:  0)
   521768      4112   2861992  0.000  0.000    0.930    0.082    0    0  (Gen:  0)
   521608      6608   2864504  0.000  0.000    0.930    0.082    0    0  (Gen:  0)
   521568      6616   2864576  0.000  0.000    0.931    0.082    0    0  (Gen:  0)
   521512      3960   2864328  0.000  0.000    0.932    0.082    0    0  (Gen:  0)
   521480      4032   2864432  0.000  0.000    0.932    0.082    0    0  (Gen:  0)
   521576      4144   2864576  0.000  0.000    0.933    0.082    0    0  (Gen:  0)
   521560      3960   2864408  0.000  0.000    0.933    0.082    0    0  (Gen:  0)
   521680      6328   2866792  0.000  0.000    0.934    0.083    0    0  (Gen:  0)
   521360      4200   2866792  0.000  0.000    0.934    0.083    0    0  (Gen:  0)
   521600      4248   2866928  0.000  0.000    0.935    0.083    0    0  (Gen:  0)
   521632      4024   2866736  0.000  0.000    0.936    0.083    0    0  (Gen:  0)
   521776      4176   2866976  0.000  0.000    0.936    0.083    0    0  (Gen:  0)
   521496      6712   2869544  0.000  0.000    0.937    0.083    0    0  (Gen:  0)
   521656      6736   2869632  0.000  0.000    0.937    0.083    0    0  (Gen:  0)
   521480      3912   2869304  0.000  0.000    0.938    0.083    0    0  (Gen:  0)
   521400      4272   2869680  0.000  0.000    0.939    0.084    0    0  (Gen:  0)
   521240      4096   2869552  0.000  0.000    0.939    0.084    0    0  (Gen:  0)
   521624      4640   2870112  0.000  0.000    0.940    0.084    0    0  (Gen:  0)
   521688      4216   2869960  0.000  0.000    0.940    0.084    0    0  (Gen:  0)
   521752      4200   2870104  0.000  0.000    0.941    0.084    0    0  (Gen:  0)
   521592      4408   2870344  0.000  0.000    0.942    0.084    0    0  (Gen:  0)
   521552      4448   2870640  0.000  0.000    0.942    0.084    0    0  (Gen:  0)
   521576      4376   2870808  0.000  0.000    0.943    0.085    0    0  (Gen:  0)
   521448      7232   2874064  0.000  0.000    0.944    0.085    0    0  (Gen:  0)
   521808      5840   2874192  0.001  0.000    0.944    0.085    0    0  (Gen:  0)
   521704      3920   2873928  0.000  0.000    0.945    0.085    0    0  (Gen:  0)
   521432      4080   2874104  0.000  0.000    0.946    0.085    0    0  (Gen:  0)
   521536      4104   2874176  0.000  0.000    0.946    0.085    0    0  (Gen:  0)
   521688      4360   2874448  0.000  0.000    0.947    0.085    0    0  (Gen:  0)
   521856      4144   2874280  0.000  0.000    0.947    0.085    0    0  (Gen:  0)
   521560      4040   2874336  0.000  0.000    0.948    0.086    0    0  (Gen:  0)
   521904      4104   2874432  0.000  0.000    0.949    0.086    0    0  (Gen:  0)
   521832      4000   2874360  0.000  0.000    0.949    0.086    0    0  (Gen:  0)
   521552      3976   2874352  0.000  0.000    0.950    0.086    0    0  (Gen:  0)
   521744      6096   2876488  0.000  0.000    0.950    0.086    0    0  (Gen:  0)
   521408      5992   2876464  0.000  0.000    0.951    0.086    0    0  (Gen:  0)
   521592      4216   2876536  0.000  0.000    0.952    0.086    0    0  (Gen:  0)
   521544      4128   2876480  0.000  0.000    0.952    0.086    0    0  (Gen:  0)
   521584      4200   2876640  0.000  0.000    0.953    0.087    0    0  (Gen:  0)
   521520      4120   2876592  0.000  0.000    0.953    0.087    0    0  (Gen:  0)
   521704      4112   2876632  0.000  0.000    0.954    0.087    0    0  (Gen:  0)
   521664      4016   2876624  0.000  0.000    0.955    0.087    0    0  (Gen:  0)
   521912      4000   2876624  0.000  0.000    0.955    0.087    0    0  (Gen:  0)
   521760      4064   2876736  0.000  0.000    0.956    0.087    0    0  (Gen:  0)
   521552      6784   2879472  0.000  0.000    0.957    0.087    0    0  (Gen:  0)
   521544      6664   2879416  0.000  0.000    0.957    0.088    0    0  (Gen:  0)
   521448      4120   2879456  0.000  0.000    0.958    0.088    0    0  (Gen:  0)
   521608      4200   2879568  0.000  0.000    0.958    0.088    0    0  (Gen:  0)
   521592      4064   2879464  0.000  0.000    0.959    0.088    0    0  (Gen:  0)
   521384      4056   2879472  0.000  0.000    0.959    0.088    0    0  (Gen:  0)
   521736      4600   2880032  0.000  0.000    0.960    0.088    0    0  (Gen:  0)
   521776      4120   2879840  0.000  0.000    0.961    0.088    0    0  (Gen:  0)
   521264      4392   2880200  0.000  0.000    0.961    0.088    0    0  (Gen:  0)
   521792      4168   2880232  0.000  0.000    0.962    0.089    0    0  (Gen:  0)
   521704      4528   2880680  0.000  0.000    0.962    0.089    0    0  (Gen:  0)
   517240      8080   2884640  0.000  0.000    0.963    0.089    0    0  (Gen:  0)
   521608      6256   2884768  0.000  0.000    0.964    0.089    0    0  (Gen:  0)
   521440      4032   2884896  0.000  0.000    0.964    0.089    0    0  (Gen:  0)
   521544      4072   2884968  0.000  0.000    0.965    0.089    0    0  (Gen:  0)
   521808      4056   2884984  0.000  0.000    0.966    0.089    0    0  (Gen:  0)
   521688      3912   2884856  0.000  0.000    0.966    0.089    0    0  (Gen:  0)
   521576      5752   2886712  0.000  0.000    0.967    0.090    0    0  (Gen:  0)
   521392      4048   2886704  0.000  0.000    0.968    0.090    0    0  (Gen:  0)
   521560      4288   2887032  0.000  0.000    0.968    0.090    0    0  (Gen:  0)
   521720      3976   2886752  0.000  0.000    0.969    0.090    0    0  (Gen:  0)
   521736      4128   2886992  0.000  0.000    0.969    0.090    0    0  (Gen:  0)
   521544      6336   2889232  0.000  0.000    0.970    0.090    0    0  (Gen:  0)
   521560      6528   2889488  0.000  0.000    0.971    0.090    0    0  (Gen:  0)
   521456      4528   2889792  0.005  0.000    0.976    0.091    0    0  (Gen:  0)
   521424      5296   2891120  0.000  0.000    0.977    0.091    0    0  (Gen:  0)
   521544      4072   2891040  0.000  0.000    0.978    0.091    0    0  (Gen:  0)
   521504      4248   2891232  0.000  0.000    0.978    0.091    0    0  (Gen:  0)
   521760      4184   2891216  0.000  0.000    0.979    0.091    0    0  (Gen:  0)
   521728      4144   2891336  0.000  0.000    0.979    0.092    0    0  (Gen:  0)
   521568      4184   2891408  0.000  0.000    0.980    0.092    0    0  (Gen:  0)
   521184      4352   2891608  0.000  0.000    0.981    0.092    0    0  (Gen:  0)
   521392      3920   2891192  0.000  0.000    0.981    0.092    0    0  (Gen:  0)
   521560      6208   2893496  0.000  0.000    0.982    0.092    0    0  (Gen:  0)
   521656      6096   2893464  0.000  0.000    0.982    0.092    0    0  (Gen:  0)
   521632      4256   2893680  0.000  0.000    0.983    0.092    0    0  (Gen:  0)
   521584      3976   2893432  0.000  0.000    0.984    0.093    0    0  (Gen:  0)
   521432      4144   2893688  0.000  0.000    0.984    0.093    0    0  (Gen:  0)
   521808      6072   2895648  0.000  0.000    0.985    0.093    0    0  (Gen:  0)
   521856      4184   2895576  0.000  0.000    0.985    0.093    0    0  (Gen:  0)
   521584      4056   2895536  0.000  0.000    0.986    0.093    0    0  (Gen:  0)
   521896      4080   2895576  0.000  0.000    0.987    0.093    0    0  (Gen:  0)
   521704      4120   2895664  0.000  0.000    0.987    0.093    0    0  (Gen:  0)
   521552      6688   2898248  0.000  0.000    0.988    0.093    0    0  (Gen:  0)
   521616      6488   2898112  0.000  0.000    0.989    0.094    0    0  (Gen:  0)
   521632      4168   2898208  0.000  0.000    0.989    0.094    0    0  (Gen:  0)
   521600      4128   2898200  0.000  0.000    0.990    0.094    0    0  (Gen:  0)
   521664      4144   2898248  0.000  0.000    0.990    0.094    0    0  (Gen:  0)
   521360      4128   2898248  0.000  0.000    0.991    0.094    0    0  (Gen:  0)
   521776      4584   2898720  0.000  0.000    0.991    0.094    0    0  (Gen:  0)
   521392      4240   2898664  0.000  0.000    0.992    0.094    0    0  (Gen:  0)
   521616      4288   2898800  0.000  0.000    0.993    0.094    0    0  (Gen:  0)
   521688      4016   2898784  0.000  0.000    0.993    0.095    0    0  (Gen:  0)
   521888      4168   2899024  0.000  0.000    0.994    0.095    0    0  (Gen:  0)
   521648      7840   2902952  0.001  0.000    0.995    0.095    0    0  (Gen:  0)
   521640      6200   2902976  0.001  0.000    0.997    0.095    0    0  (Gen:  0)
   521528      4008   2903040  0.000  0.000    0.998    0.095    0    0  (Gen:  0)
   521384      4232   2903296  0.000  0.000    0.998    0.095    0    0  (Gen:  0)
   521552      4040   2903136  0.000  0.000    0.999    0.096    0    0  (Gen:  0)
   521680      4000   2903112  0.000  0.000    0.999    0.096    0    0  (Gen:  0)
   521616      6248   2905376  0.000  0.000    1.000    0.096    0    0  (Gen:  0)
   521592      4176   2905296  0.000  0.000    1.001    0.096    0    0  (Gen:  0)
   521984      4072   2905280  0.000  0.000    1.001    0.096    0    0  (Gen:  0)
   521552      4056   2905296  0.000  0.000    1.002    0.096    0    0  (Gen:  0)
   521912      4104   2905432  0.000  0.000    1.002    0.096    0    0  (Gen:  0)
   521392      6600   2907960  0.000  0.000    1.003    0.096    0    0  (Gen:  0)
   521608      6360   2907784  0.000  0.000    1.004    0.097    0    0  (Gen:  0)
   521552      4040   2907800  0.000  0.000    1.004    0.097    0    0  (Gen:  0)
   521560      4288   2908064  0.000  0.000    1.005    0.097    0    0  (Gen:  0)
   521368      4080   2907904  0.000  0.000    1.005    0.097    0    0  (Gen:  0)
   521520      6368   2910208  0.000  0.000    1.006    0.097    0    0  (Gen:  0)
   521376      4144   2910096  0.000  0.000    1.006    0.097    0    0  (Gen:  0)
   521672      3984   2910096  0.000  0.000    1.007    0.097    0    0  (Gen:  0)
   521760      4232   2910376  0.000  0.000    1.008    0.097    0    0  (Gen:  0)
   521728      4088   2910264  0.000  0.000    1.008    0.097    0    0  (Gen:  0)
   521664      4056   2910248  0.000  0.000    1.009    0.098    0    0  (Gen:  0)
   521376      6744   2912952  0.000  0.000    1.009    0.098    0    0  (Gen:  0)
   521296      6704   2912992  0.000  0.000    1.010    0.098    0    0  (Gen:  0)
   521512      4264   2913048  0.000  0.000    1.010    0.098    0    0  (Gen:  0)
   521736      4000   2912816  0.000  0.000    1.011    0.098    0    0  (Gen:  0)
   521432      4128   2913032  0.000  0.000    1.012    0.098    0    0  (Gen:  0)
   521504      4600   2913536  0.000  0.000    1.012    0.098    0    0  (Gen:  0)
   521880      4224   2913432  0.000  0.000    1.013    0.098    0    0  (Gen:  0)
   521568      3968   2913264  0.000  0.000    1.013    0.099    0    0  (Gen:  0)
   521736      4440   2913752  0.000  0.000    1.014    0.099    0    0  (Gen:  0)
   521528      4440   2914024  0.000  0.000    1.014    0.099    0    0  (Gen:  0)
   521520      7392   2917216  0.000  0.000    1.015    0.099    0    0  (Gen:  0)
   521520      5688   2917336  0.000  0.000    1.016    0.099    0    0  (Gen:  0)
   521624      3984   2917344  0.000  0.000    1.016    0.099    0    0  (Gen:  0)
   521704      4160   2917536  0.000  0.000    1.017    0.099    0    0  (Gen:  0)
   521576      4016   2917424  0.002  0.000    1.019    0.100    0    0  (Gen:  0)
   521504      4088   2917584  0.000  0.000    1.019    0.100    0    0  (Gen:  0)
   521480      4232   2917760  0.000  0.000    1.020    0.100    0    0  (Gen:  0)
   521768      4176   2917752  0.000  0.000    1.020    0.100    0    0  (Gen:  0)
   521632      3896   2917560  0.000  0.000    1.021    0.100    0    0  (Gen:  0)
   521704      4232   2917912  0.000  0.000    1.021    0.100    0    0  (Gen:  0)
   521208      4056   2917784  0.000  0.000    1.022    0.100    0    0  (Gen:  0)
   521512      6112   2919856  0.000  0.000    1.023    0.100    0    0  (Gen:  0)
   521600      5760   2919568  0.000  0.000    1.023    0.101    0    0  (Gen:  0)
   521456      4184   2919912  0.000  0.000    1.024    0.101    0    0  (Gen:  0)
   521648      4144   2919904  0.000  0.000    1.024    0.101    0    0  (Gen:  0)
   521520      4128   2919920  0.000  0.000    1.025    0.101    0    0  (Gen:  0)
   521544      4056   2919864  0.000  0.000    1.026    0.101    0    0  (Gen:  0)
   521528      4392   2920216  0.000  0.000    1.026    0.101    0    0  (Gen:  0)
   521544      4272   2920160  0.000  0.000    1.027    0.101    0    0  (Gen:  0)
   521848      4008   2919984  0.001  0.000    1.028    0.101    0    0  (Gen:  0)
   521608      4032   2920040  0.000  0.000    1.029    0.102    0    0  (Gen:  0)
   521840      3928   2920024  0.000  0.000    1.029    0.102    0    0  (Gen:  0)
   521464      6816   2922944  0.000  0.000    1.030    0.102    0    0  (Gen:  0)
   521544      6608   2922800  0.000  0.000    1.030    0.102    0    0  (Gen:  0)
   521544      4040   2922744  0.000  0.000    1.031    0.102    0    0  (Gen:  0)
   521600      4232   2922952  0.000  0.000    1.032    0.102    0    0  (Gen:  0)
   521352      4056   2922824  0.000  0.000    1.032    0.102    0    0  (Gen:  0)
   521744      4656   2923440  0.000  0.000    1.033    0.102    0    0  (Gen:  0)
   521640      4008   2923064  0.000  0.000    1.033    0.103    0    0  (Gen:  0)
   521608      4088   2923304  0.000  0.000    1.034    0.103    0    0  (Gen:  0)
   521360      4472   2923720  0.000  0.000    1.035    0.103    0    0  (Gen:  0)
   521736      4232   2923736  0.000  0.000    1.035    0.103    0    0  (Gen:  0)
   521672      4456   2924200  0.000  0.000    1.036    0.103    0    0  (Gen:  0)
   521512      7824   2927968  0.000  0.000    1.037    0.103    0    0  (Gen:  0)
   521712      6048   2927872  0.000  0.000    1.037    0.103    0    0  (Gen:  0)
   521720      4400   2928144  0.000  0.000    1.038    0.103    0    0  (Gen:  0)
   521416      4240   2928016  0.000  0.000    1.038    0.104    0    0  (Gen:  0)
   521312      3968   2927832  0.000  0.000    1.039    0.104    0    0  (Gen:  0)
   521864      5808   2929704  0.000  0.000    1.040    0.104    0    0  (Gen:  0)
   521776      4144   2929720  0.000  0.000    1.041    0.104    0    0  (Gen:  0)
   521704      3920   2929656  0.001  0.000    1.042    0.104    0    0  (Gen:  0)
   521816      4072   2929840  0.001  0.000    1.044    0.104    0    0  (Gen:  0)
   521216      4112   2929912  0.028  0.003    1.139    0.114    0    0  (Gen:  0)
   521336      3944   2929760  0.001  0.000    1.142    0.115    0    0  (Gen:  0)
   521928      6496   2932328  0.001  0.000    1.145    0.115    0    0  (Gen:  0)
   521352      6216   2932128  0.001  0.000    1.147    0.116    0    0  (Gen:  0)
   521688      5648   2933864  0.001  0.000    1.150    0.116    0    0  (Gen:  0)
   521592      3984   2933808  0.001  0.000    1.152    0.116    0    0  (Gen:  0)
   521896      4120   2934032  0.001  0.000    1.153    0.117    0    0  (Gen:  0)
   521576      4136   2934080  0.000  0.000    1.154    0.117    0    0  (Gen:  0)
   521608      4096   2934088  0.000  0.000    1.156    0.117    0    0  (Gen:  0)
   521792      4040   2934120  0.001  0.000    1.157    0.117    0    0  (Gen:  0)
   521832      4192   2934288  0.001  0.000    1.158    0.118    0    0  (Gen:  0)
   521800      4104   2934248  0.001  0.000    1.160    0.118    0    0  (Gen:  0)
   521432      6416   2936576  0.001  0.000    1.161    0.118    0    0  (Gen:  0)
   521768      6152   2936376  0.002  0.000    1.164    0.118    0    0  (Gen:  0)
   521680      4056   2936408  0.026  0.002    1.191    0.121    0    0  (Gen:  0)
   521512      4016   2936400  0.006  0.001    1.198    0.122    0    0  (Gen:  0)
   521584      4032   2936448  0.001  0.000    1.208    0.123    0    0  (Gen:  0)
   521608      4000   2936432  0.001  0.000    1.210    0.123    0    0  (Gen:  0)
   521632      6072   2938520  0.001  0.000    1.212    0.124    0    0  (Gen:  0)
   521304      4024   2938304  0.001  0.000    1.214    0.124    0    0  (Gen:  0)
   521600      4200   2938568  0.001  0.000    1.216    0.124    0    0  (Gen:  0)
   521616      4072   2938472  0.001  0.000    1.218    0.125    0    0  (Gen:  0)
   521752      4216   2938704  0.001  0.000    1.219    0.125    0    0  (Gen:  0)
   521712      6672   2941192  0.000  0.000    1.220    0.125    0    0  (Gen:  0)
   521544      6472   2941056  0.001  0.000    1.221    0.125    0    0  (Gen:  0)
   521544      4072   2941000  0.000  0.000    1.222    0.125    0    0  (Gen:  0)
   521592      4216   2941160  0.001  0.000    1.224    0.126    0    0  (Gen:  0)
   521560      4072   2941064  0.000  0.000    1.225    0.126    0    0  (Gen:  0)
   521656      4616   2941624  0.000  0.000    1.231    0.127    0    0  (Gen:  0)
   521608      4296   2941576  0.001  0.000    1.233    0.127    0    0  (Gen:  0)
   521632      4128   2941568  0.001  0.000    1.234    0.127    0    0  (Gen:  0)
   521392      4472   2941944  0.001  0.000    1.235    0.127    0    0  (Gen:  0)
   521744      4504   2942232  0.001  0.000    1.237    0.128    0    0  (Gen:  0)
   521600      4408   2942376  0.001  0.000    1.238    0.128    0    0  (Gen:  0)
   521424      7544   2945912  0.000  0.000    1.239    0.128    0    0  (Gen:  0)
   521752      6224   2945952  0.001  0.000    1.240    0.128    0    0  (Gen:  0)
   521744      3888   2945800  0.000  0.000    1.241    0.128    0    0  (Gen:  0)
   521584      4088   2946016  0.000  0.000    1.242    0.129    0    0  (Gen:  0)
   521384      4072   2946048  0.000  0.000    1.243    0.129    0    0  (Gen:  0)
   521672      6144   2948136  0.000  0.000    1.244    0.129    0    0  (Gen:  0)
   521640      4112   2948080  0.000  0.000    1.244    0.129    0    0  (Gen:  0)
   521536      4160   2948288  0.000  0.000    1.245    0.129    0    0  (Gen:  0)
   521712      4160   2948320  0.000  0.000    1.246    0.129    0    0  (Gen:  0)
   521768      4152   2948344  0.000  0.000    1.247    0.129    0    0  (Gen:  0)
   521704      3872   2948080  0.000  0.000    1.248    0.130    0    0  (Gen:  0)
   521568      6520   2950744  0.000  0.000    1.249    0.130    0    0  (Gen:  0)
   521440      6408   2950712  0.000  0.000    1.250    0.130    0    0  (Gen:  0)
   521592      4096   2950736  0.000  0.000    1.250    0.130    0    0  (Gen:  0)
   521496      4056   2950728  0.000  0.000    1.251    0.130    0    0  (Gen:  0)
   521608      4160   2950920  0.000  0.000    1.252    0.130    0    0  (Gen:  0)
   521520      6224   2953016  0.000  0.000    1.253    0.131    0    0  (Gen:  0)
   521552      4352   2953256  0.000  0.000    1.254    0.131    0    0  (Gen:  0)
   521480      3848   2952840  0.000  0.000    1.255    0.131    0    0  (Gen:  0)
   521560      4192   2953200  0.000  0.000    1.256    0.131    0    0  (Gen:  0)
   521792      4072   2953128  0.000  0.000    1.256    0.131    0    0  (Gen:  0)
   521576      6784   2955856  0.000  0.000    1.257    0.131    0    0  (Gen:  0)
   521640      6552   2955688  0.000  0.000    1.258    0.131    0    0  (Gen:  0)
   521576      4088   2955792  0.000  0.000    1.259    0.132    0    0  (Gen:  0)
   521384      4248   2955984  0.000  0.000    1.260    0.132    0    0  (Gen:  0)
   521192      4200   2955968  0.000  0.000    1.261    0.132    0    0  (Gen:  0)
   521544      4128   2955912  0.000  0.000    1.262    0.132    0    0  (Gen:  0)
   521720      4392   2956192  0.000  0.000    1.263    0.132    0    0  (Gen:  0)
   521704      4192   2956280  0.000  0.000    1.263    0.132    0    0  (Gen:  0)
   521768      4512   2956688  0.000  0.000    1.264    0.132    0    0  (Gen:  0)
   521488      4200   2956632  0.000  0.000    1.265    0.133    0    0  (Gen:  0)
   521520      4528   2957048  0.000  0.000    1.266    0.133    0    0  (Gen:  0)
   521440      7560   2960496  0.000  0.000    1.267    0.133    0    0  (Gen:  0)
   521688      5896   2960496  0.001  0.000    1.269    0.133    0    0  (Gen:  0)
   521792      4168   2960424  0.000  0.000    1.272    0.134    0    0  (Gen:  0)
   521448      4024   2960296  0.000  0.000    1.273    0.134    0    0  (Gen:  0)
   521520      4000   2960320  0.000  0.000    1.274    0.134    0    0  (Gen:  0)
   521688      3856   2960192  0.000  0.000    1.275    0.134    0    0  (Gen:  0)
   521824      4032   2960384  0.000  0.000    1.275    0.134    0    0  (Gen:  0)
   521672      4088   2960504  0.000  0.000    1.276    0.134    0    0  (Gen:  0)
   521848      4144   2960648  0.000  0.000    1.277    0.134    0    0  (Gen:  0)
   521728      4128   2960664  0.000  0.000    1.278    0.135    0    0  (Gen:  0)
   521808      4032   2960656  0.000  0.000    1.279    0.135    0    0  (Gen:  0)
   521552      6080   2962736  0.000  0.000    1.280    0.135    0    0  (Gen:  0)
   521592      5880   2962600  0.001  0.000    1.282    0.135    0    0  (Gen:  0)
   521544      3976   2962544  0.001  0.000    1.284    0.136    0    0  (Gen:  0)
   521464      4048   2962632  0.001  0.000    1.286    0.136    0    0  (Gen:  0)
   521560      3928   2962560  0.001  0.000    1.288    0.136    0    0  (Gen:  0)
   521552      4288   2962936  0.001  0.000    1.291    0.136    0    0  (Gen:  0)
   521728      4256   2962952  0.000  0.000    1.292    0.137    0    0  (Gen:  0)
   521568      4144   2963000  0.000  0.000    1.293    0.137    0    0  (Gen:  0)
   521936      4200   2963088  0.000  0.000    1.293    0.137    0    0  (Gen:  0)
   521760      4256   2963176  0.000  0.000    1.294    0.137    0    0  (Gen:  0)
   521616      3960   2962896  0.000  0.000    1.295    0.137    0    0  (Gen:  0)
   521568      6664   2965616  0.000  0.000    1.296    0.137    0    0  (Gen:  0)
   521408      6496   2965528  0.000  0.000    1.297    0.138    0    0  (Gen:  0)
   521576      4176   2965720  0.000  0.000    1.298    0.138    0    0  (Gen:  0)
   521672      4064   2965640  0.000  0.000    1.299    0.138    0    0  (Gen:  0)
   521440      4072   2965736  0.000  0.000    1.299    0.138    0    0  (Gen:  0)
   521688      4488   2966184  0.000  0.000    1.300    0.138    0    0  (Gen:  0)
   521648      4216   2966184  0.000  0.000    1.301    0.138    0    0  (Gen:  0)
   521424      4032   2966088  0.000  0.000    1.302    0.138    0    0  (Gen:  0)
   521600      4456   2966528  0.000  0.000    1.303    0.139    0    0  (Gen:  0)
   521744      4392   2966736  0.000  0.000    1.304    0.139    0    0  (Gen:  0)
   521480      8472   2971048  0.000  0.000    1.305    0.139    0    0  (Gen:  0)
   521600      6400   2970992  0.000  0.000    1.306    0.139    0    0  (Gen:  0)
   521552      4256   2971208  0.000  0.000    1.307    0.139    0    0  (Gen:  0)
   521872      4168   2971152  0.000  0.000    1.307    0.139    0    0  (Gen:  0)
   521808      4176   2971192  0.000  0.000    1.308    0.139    0    0  (Gen:  0)
   521776      4024   2971056  0.000  0.000    1.309    0.140    0    0  (Gen:  0)
   521432      6080   2973128  0.000  0.000    1.310    0.140    0    0  (Gen:  0)
   521488      4328   2973072  0.000  0.000    1.311    0.140    0    0  (Gen:  0)
   521720      4312   2973144  0.000  0.000    1.312    0.140    0    0  (Gen:  0)
   521792      3808   2972672  0.000  0.000    1.312    0.140    0    0  (Gen:  0)
   521792      3976   2972928  0.000  0.000    1.313    0.140    0    0  (Gen:  0)
   521544      6536   2975520  0.000  0.000    1.314    0.140    0    0  (Gen:  0)
   521520      6288   2975336  0.000  0.000    1.315    0.141    0    0  (Gen:  0)
   521408      4416   2975856  0.000  0.000    1.316    0.141    0    0  (Gen:  0)
   521456      5552   2977408  0.000  0.000    1.317    0.141    0    0  (Gen:  0)
   521560      4032   2977336  0.000  0.000    1.318    0.141    0    0  (Gen:  0)
   521664      4000   2977320  0.000  0.000    1.318    0.141    0    0  (Gen:  0)
   521624      4336   2977672  0.000  0.000    1.319    0.141    0    0  (Gen:  0)
   521440      3840   2977240  0.001  0.000    1.323    0.142    0    0  (Gen:  0)
   521688      4216   2977704  0.000  0.000    1.324    0.142    0    0  (Gen:  0)
   521872      3976   2977496  0.000  0.000    1.325    0.142    0    0  (Gen:  0)
   521688      4128   2977736  0.000  0.000    1.326    0.142    0    0  (Gen:  0)
   521568      6184   2979824  0.000  0.000    1.327    0.142    0    0  (Gen:  0)
   521192      6128   2979832  0.000  0.000    1.328    0.143    0    0  (Gen:  0)
   521528      4032   2979792  0.000  0.000    1.329    0.143    0    0  (Gen:  0)
   521640      4128   2979904  0.000  0.000    1.329    0.143    0    0  (Gen:  0)
   521480      4040   2979864  0.000  0.000    1.330    0.143    0    0  (Gen:  0)
   521560      5992   2981832  0.000  0.000    1.331    0.143    0    0  (Gen:  0)
   521600      4120   2981776  0.000  0.000    1.332    0.143    0    0  (Gen:  0)
   521744      4016   2981832  0.000  0.000    1.333    0.143    0    0  (Gen:  0)
   521552      4200   2982048  0.000  0.000    1.334    0.144    0    0  (Gen:  0)
   521224      4200   2982080  0.000  0.000    1.334    0.144    0    0  (Gen:  0)
   521368      4000   2981896  0.000  0.000    1.335    0.144    0    0  (Gen:  0)
   521664      6592   2984504  0.000  0.000    1.336    0.144    0    0  (Gen:  0)
   521480      6456   2984448  0.000  0.000    1.337    0.144    0    0  (Gen:  0)
   521720      4248   2984584  0.000  0.000    1.338    0.144    0    0  (Gen:  0)
   521416      3984   2984352  0.000  0.000    1.339    0.144    0    0  (Gen:  0)
   521336      4200   2984656  0.000  0.000    1.340    0.145    0    0  (Gen:  0)
   521824      4504   2984992  0.000  0.000    1.340    0.145    0    0  (Gen:  0)
   521248      4272   2985032  0.000  0.000    1.341    0.145    0    0  (Gen:  0)
   521488      4128   2984976  0.000  0.000    1.342    0.145    0    0  (Gen:  0)
   521624      4456   2985320  0.000  0.000    1.343    0.145    0    0  (Gen:  0)
   521864      4352   2985488  0.001  0.000    1.345    0.145    0    0  (Gen:  0)
   521792      8128   2989504  0.001  0.000    1.347    0.146    0    0  (Gen:  0)
   521608      6312   2989352  0.000  0.000    1.347    0.146    0    0  (Gen:  0)
   521408      4240   2989536  0.000  0.000    1.348    0.146    0    0  (Gen:  0)
   521616      4008   2989336  0.000  0.000    1.348    0.146    0    0  (Gen:  0)
   521552      3944   2989304  0.000  0.000    1.349    0.146    0    0  (Gen:  0)
   521624      3872   2989320  0.000  0.000    1.350    0.146    0    0  (Gen:  0)
   521488      6160   2991640  0.000  0.000    1.350    0.146    0    0  (Gen:  0)
   521640      4112   2991568  0.000  0.000    1.351    0.147    0    0  (Gen:  0)
   521792      3896   2991440  0.000  0.000    1.351    0.147    0    0  (Gen:  0)
   521824      4152   2991712  0.000  0.000    1.352    0.147    0    0  (Gen:  0)
   521784      3992   2991600  0.000  0.000    1.352    0.147    0    0  (Gen:  0)
   521440      6536   2994160  0.000  0.000    1.353    0.147    0    0  (Gen:  0)
   521664      6344   2994032  0.000  0.000    1.353    0.147    0    0  (Gen:  0)
   521608      4024   2994120  0.000  0.000    1.354    0.147    0    0  (Gen:  0)
   521392      4088   2994216  0.000  0.000    1.355    0.147    0    0  (Gen:  0)
   521584      4056   2994216  0.000  0.000    1.355    0.147    0    0  (Gen:  0)
   521576      4056   2994232  0.000  0.000    1.356    0.148    0    0  (Gen:  0)
   521296      6376   2996568  0.000  0.000    1.356    0.148    0    0  (Gen:  0)
   521496      4216   2996536  0.000  0.000    1.357    0.148    0    0  (Gen:  0)
   521824      4344   2996752  0.000  0.000    1.357    0.148    0    0  (Gen:  0)
   521600      4128   2996568  0.000  0.000    1.358    0.148    0    0  (Gen:  0)
   521856      4184   2996712  0.000  0.000    1.358    0.148    0    0  (Gen:  0)
   521408      6592   2999152  0.000  0.000    1.359    0.148    0    0  (Gen:  0)
   521192      6648   2999272  0.000  0.000    1.360    0.148    0    0  (Gen:  0)
   521536      3928   2999048  0.000  0.000    1.360    0.149    0    0  (Gen:  0)
   521728      4208   2999344  0.000  0.000    1.361    0.149    0    0  (Gen:  0)
   521416      4184   2999368  0.000  0.000    1.361    0.149    0    0  (Gen:  0)
   521528      4424   2999624  0.000  0.000    1.362    0.149    0    0  (Gen:  0)
   521784      4184   2999656  0.000  0.000    1.362    0.149    0    0  (Gen:  0)
   521568      4104   2999736  0.000  0.000    1.363    0.149    0    0  (Gen:  0)
   521760      4456   3000120  0.000  0.000    1.364    0.149    0    0  (Gen:  0)
   521560      4376   3000296  0.000  0.000    1.364    0.149    0    0  (Gen:  0)
   521544      4304   3000464  0.000  0.000    1.365    0.149    0    0  (Gen:  0)
   521400      7384   3003944  0.000  0.000    1.365    0.150    0    0  (Gen:  0)
   521704      5728   3003808  0.000  0.000    1.366    0.150    0    0  (Gen:  0)
   521728      4240   3003976  0.000  0.000    1.366    0.150    0    0  (Gen:  0)
   521528      4168   3003936  0.000  0.000    1.367    0.150    0    0  (Gen:  0)
   521464      4160   3004016  0.000  0.000    1.367    0.150    0    0  (Gen:  0)
   521512      4360   3004248  0.000  0.000    1.368    0.150    0    0  (Gen:  0)
   521824      4336   3004272  0.000  0.000    1.369    0.150    0    0  (Gen:  0)
   521672      3736   3003760  0.000  0.000    1.369    0.150    0    0  (Gen:  0)
   521816      4080   3004120  0.000  0.000    1.370    0.151    0    0  (Gen:  0)
   521176      4088   3004176  0.000  0.000    1.370    0.151    0    0  (Gen:  0)
   521392      3768   3003872  0.000  0.000    1.371    0.151    0    0  (Gen:  0)
   521632      6040   3006160  0.000  0.000    1.371    0.151    0    0  (Gen:  0)
   521336      5960   3006160  0.000  0.000    1.372    0.151    0    0  (Gen:  0)
   521744      4288   3006336  0.001  0.000    1.374    0.151    0    0  (Gen:  0)
   521536      3928   3006008  0.000  0.000    1.374    0.151    0    0  (Gen:  0)
   521552      4184   3006352  0.000  0.000    1.375    0.152    0    0  (Gen:  0)
   521432      4248   3006448  0.000  0.000    1.375    0.152    0    0  (Gen:  0)
   521624      4112   3006360  0.000  0.000    1.376    0.152    0    0  (Gen:  0)
   521592      3968   3006304  0.000  0.000    1.376    0.152    0    0  (Gen:  0)
   521848      4208   3006560  0.000  0.000    1.377    0.152    0    0  (Gen:  0)
   521792      4088   3006488  0.000  0.000    1.378    0.152    0    0  (Gen:  0)
   521464      6696   3009112  0.000  0.000    1.379    0.152    0    0  (Gen:  0)
   521600      6640   3009120  0.000  0.000    1.379    0.152    0    0  (Gen:  0)
   521464      4216   3009280  0.000  0.000    1.380    0.153    0    0  (Gen:  0)
   521560      4240   3009336  0.000  0.000    1.381    0.153    0    0  (Gen:  0)
   521600      4128   3009256  0.000  0.000    1.382    0.153    0    0  (Gen:  0)
   521424      4016   3009160  0.000  0.000    1.383    0.153    0    0  (Gen:  0)
   521712      4408   3009568  0.000  0.000    1.384    0.153    0    0  (Gen:  0)
   521800      4216   3009664  0.000  0.000    1.384    0.153    0    0  (Gen:  0)
   521272      4408   3009944  0.000  0.000    1.385    0.153    0    0  (Gen:  0)
   521792      4024   3009816  0.000  0.000    1.386    0.154    0    0  (Gen:  0)
   521640      4488   3010368  0.000  0.000    1.387    0.154    0    0  (Gen:  0)
   521512      7952   3014248  0.000  0.000    1.388    0.154    0    0  (Gen:  0)
   521800      5976   3014096  0.000  0.000    1.389    0.154    0    0  (Gen:  0)
   521728      4032   3014072  0.000  0.000    1.390    0.154    0    0  (Gen:  0)
   521432      4216   3014272  0.000  0.000    1.390    0.154    0    0  (Gen:  0)
   521248      4024   3014128  0.000  0.000    1.391    0.155    0    0  (Gen:  0)
   521640      6064   3016184  0.000  0.000    1.392    0.155    0    0  (Gen:  0)
   521848      4080   3015880  0.000  0.000    1.393    0.155    0    0  (Gen:  0)
   521776      4144   3016104  0.000  0.000    1.394    0.155    0    0  (Gen:  0)
   521872      4216   3016208  0.000  0.000    1.409    0.156    0    0  (Gen:  0)
   521256      4208   3016232  0.000  0.000    1.410    0.157    0    0  (Gen:  0)
   521400      4024   3016064  0.000  0.000    1.411    0.157    0    0  (Gen:  0)
   521704      6344   3018400  0.000  0.000    1.422    0.158    0    0  (Gen:  0)
   521568      6336   3018472  0.000  0.000    1.423    0.158    0    0  (Gen:  0)
   521352      4672   3019096  0.000  0.000    1.424    0.158    0    0  (Gen:  0)
   521840      4912   3020168  0.000  0.000    1.425    0.158    0    0  (Gen:  0)
   521752      4128   3020208  0.000  0.000    1.426    0.158    0    0  (Gen:  0)
   521632      4160   3020256  0.000  0.000    1.426    0.159    0    0  (Gen:  0)
   521728      4088   3020232  0.000  0.000    1.427    0.159    0    0  (Gen:  0)
   521616      4088   3020392  0.000  0.000    1.428    0.159    0    0  (Gen:  0)
   521872      4080   3020416  0.000  0.000    1.429    0.159    0    0  (Gen:  0)
   521808      4112   3020480  0.000  0.000    1.430    0.159    0    0  (Gen:  0)
   521528      4056   3020440  0.000  0.000    1.431    0.159    0    0  (Gen:  0)
   521632      6264   3022664  0.000  0.000    1.432    0.159    0    0  (Gen:  0)
   521736      6152   3022632  0.000  0.000    1.432    0.160    0    0  (Gen:  0)
   521640      4272   3022808  0.000  0.000    1.433    0.160    0    0  (Gen:  0)
   521616      4104   3022672  0.000  0.000    1.434    0.160    0    0  (Gen:  0)
   521528      4112   3022768  0.000  0.000    1.435    0.160    0    0  (Gen:  0)
   521752      6016   3024704  0.000  0.000    1.436    0.160    0    0  (Gen:  0)
   521184      4200   3024704  0.000  0.000    1.437    0.160    0    0  (Gen:  0)
   521544      4056   3024648  0.000  0.000    1.438    0.161    0    0  (Gen:  0)
   521520      4272   3024880  0.000  0.000    1.438    0.161    0    0  (Gen:  0)
   521808      4080   3024736  0.000  0.000    1.439    0.161    0    0  (Gen:  0)
   521768      6616   3027288  0.000  0.000    1.440    0.161    0    0  (Gen:  0)
   521536      6328   3027064  0.000  0.000    1.441    0.161    0    0  (Gen:  0)
   521584      4016   3027168  0.000  0.000    1.442    0.161    0    0  (Gen:  0)
   521560      4272   3027456  0.000  0.000    1.443    0.161    0    0  (Gen:  0)
   521568      4184   3027400  0.000  0.000    1.444    0.162    0    0  (Gen:  0)
   521480      4072   3027304  0.000  0.000    1.445    0.162    0    0  (Gen:  0)
   521696      4512   3027760  0.000  0.000    1.445    0.162    0    0  (Gen:  0)
   521768      4216   3027752  0.000  0.000    1.446    0.162    0    0  (Gen:  0)
   521248      4480   3028104  0.000  0.000    1.447    0.162    0    0  (Gen:  0)
   521824      4272   3028152  0.000  0.000    1.448    0.162    0    0  (Gen:  0)
   521680      4456   3028424  0.000  0.000    1.449    0.162    0    0  (Gen:  0)
   521336      7872   3032256  0.000  0.000    1.450    0.163    0    0  (Gen:  0)
   521792      6192   3032080  0.000  0.000    1.451    0.163    0    0  (Gen:  0)
   521712      4040   3032112  0.000  0.000    1.451    0.163    0    0  (Gen:  0)
   521584      4216   3032304  0.000  0.000    1.452    0.163    0    0  (Gen:  0)
   521472      4256   3032392  0.000  0.000    1.453    0.163    0    0  (Gen:  0)
   521584      6648   3034800  0.000  0.000    1.454    0.163    0    0  (Gen:  0)
   521640      3880   3034008  0.000  0.000    1.455    0.163    0    0  (Gen:  0)
   521472      3976   3034264  0.000  0.000    1.456    0.164    0    0  (Gen:  0)
   521752      4088   3034408  0.000  0.000    1.456    0.164    0    0  (Gen:  0)
   521776      4072   3034424  0.000  0.000    1.457    0.164    0    0  (Gen:  0)
   521736      4016   3034456  0.000  0.000    1.458    0.164    0    0  (Gen:  0)
   521456      6472   3036944  0.000  0.000    1.459    0.164    0    0  (Gen:  0)
   521496      6376   3036912  0.000  0.000    1.460    0.164    0    0  (Gen:  0)
   521736      4016   3036888  0.000  0.000    1.461    0.164    0    0  (Gen:  0)
   521384      4192   3037080  0.000  0.000    1.462    0.165    0    0  (Gen:  0)
   521568      4088   3037024  0.000  0.000    1.462    0.165    0    0  (Gen:  0)
   521560      6312   3039264  0.000  0.000    1.463    0.165    0    0  (Gen:  0)
   521688      4176   3039240  0.000  0.000    1.464    0.165    0    0  (Gen:  0)
   521368      4016   3039240  0.000  0.000    1.465    0.165    0    0  (Gen:  0)
   521552      4200   3039456  0.000  0.000    1.466    0.165    0    0  (Gen:  0)
   521856      4184   3039472  0.000  0.000    1.467    0.166    0    0  (Gen:  0)
   521600      3904   3039208  0.000  0.000    1.468    0.166    0    0  (Gen:  0)
   521496      6728   3042048  0.000  0.000    1.468    0.166    0    0  (Gen:  0)
   521736      6576   3041976  0.000  0.000    1.469    0.166    0    0  (Gen:  0)
   521192      4224   3042120  0.001  0.000    1.471    0.166    0    0  (Gen:  0)
   521392      4016   3041944  0.001  0.000    1.474    0.167    0    0  (Gen:  0)
   521392      4000   3042016  0.001  0.000    1.476    0.167    0    0  (Gen:  0)
   521704      4296   3042344  0.000  0.000    1.477    0.167    0    0  (Gen:  0)
   521744      4216   3042536  0.000  0.000    1.477    0.167    0    0  (Gen:  0)
   521768      4032   3042440  0.000  0.000    1.478    0.167    0    0  (Gen:  0)
   521432      4240   3042664  0.000  0.000    1.479    0.167    0    0  (Gen:  0)
   521632      4344   3043040  0.000  0.000    1.479    0.168    0    0  (Gen:  0)
   521472      7648   3046584  0.000  0.000    1.480    0.168    0    0  (Gen:  0)
   521608      5672   3046432  0.000  0.000    1.480    0.168    0    0  (Gen:  0)
   521720      4176   3046664  0.000  0.000    1.481    0.168    0    0  (Gen:  0)
   521608      4072   3046592  0.000  0.000    1.482    0.168    0    0  (Gen:  0)
   521544      4240   3046792  0.000  0.000    1.482    0.168    0    0  (Gen:  0)
   521616      4088   3046656  0.000  0.000    1.483    0.168    0    0  (Gen:  0)
   521744      4376   3046960  0.001  0.000    1.484    0.168    0    0  (Gen:  0)
   521656      4240   3046888  0.000  0.000    1.484    0.169    0    0  (Gen:  0)
   521864      4360   3047096  0.000  0.000    1.485    0.169    0    0  (Gen:  0)
   521768      4080   3046848  0.000  0.000    1.485    0.169    0    0  (Gen:  0)
   521736      4200   3047056  0.000  0.000    1.486    0.169    0    0  (Gen:  0)
   521632      6024   3048912  0.000  0.000    1.487    0.169    0    0  (Gen:  0)
   521712      5864   3048816  0.000  0.000    1.487    0.169    0    0  (Gen:  0)
   521392      4016   3048888  0.000  0.000    1.488    0.169    0    0  (Gen:  0)
   521456      4192   3049096  0.000  0.000    1.488    0.170    0    0  (Gen:  0)
   521672      4048   3048984  0.000  0.000    1.489    0.170    0    0  (Gen:  0)
   521544      3976   3048928  0.000  0.000    1.489    0.170    0    0  (Gen:  0)
   521624      4304   3049272  0.000  0.000    1.490    0.170    0    0  (Gen:  0)
   521584      4144   3049176  0.000  0.000    1.491    0.170    0    0  (Gen:  0)
   521928      4072   3049192  0.000  0.000    1.491    0.170    0    0  (Gen:  0)
   521648      4040   3049192  0.000  0.000    1.492    0.170    0    0  (Gen:  0)
   521856      3784   3049024  0.000  0.000    1.492    0.170    0    0  (Gen:  0)
   521424      6672   3051944  0.000  0.000    1.493    0.171    0    0  (Gen:  0)
   521528      6592   3051928  0.000  0.000    1.493    0.171    0    0  (Gen:  0)
   521648      3952   3051800  0.000  0.000    1.494    0.171    0    0  (Gen:  0)
   521504      4232   3052096  0.000  0.000    1.495    0.171    0    0  (Gen:  0)
   521408      4160   3052072  0.000  0.000    1.495    0.171    0    0  (Gen:  0)
   521736      4616   3052544  0.000  0.000    1.496    0.171    0    0  (Gen:  0)
   521600      4056   3052256  0.000  0.000    1.496    0.171    0    0  (Gen:  0)
   521552      4240   3052600  0.000  0.000    1.497    0.171    0    0  (Gen:  0)
   521528      4256   3052648  0.000  0.000    1.497    0.172    0    0  (Gen:  0)
   521712      4192   3052840  0.000  0.000    1.498    0.172    0    0  (Gen:  0)
   521552      4368   3053256  0.000  0.000    1.499    0.172    0    0  (Gen:  0)
   521608      7784   3057072  0.000  0.000    1.499    0.172    0    0  (Gen:  0)
   521784      5992   3056960  0.000  0.000    1.500    0.172    0    0  (Gen:  0)
   521640      4344   3057232  0.000  0.000    1.500    0.172    0    0  (Gen:  0)
   521344      4056   3056976  0.000  0.000    1.501    0.172    0    0  (Gen:  0)
   521344      4040   3057048  0.000  0.000    1.502    0.172    0    0  (Gen:  0)
   521848      5936   3058976  0.000  0.000    1.502    0.173    0    0  (Gen:  0)
   521872      4096   3058816  0.000  0.000    1.503    0.173    0    0  (Gen:  0)
   521672      4000   3058808  0.000  0.000    1.503    0.173    0    0  (Gen:  0)
   521768      4248   3059072  0.000  0.000    1.504    0.173    0    0  (Gen:  0)
   521256      4144   3059016  0.000  0.000    1.504    0.173    0    0  (Gen:  0)
   521424      6640   3061528  0.000  0.000    1.505    0.173    0    0  (Gen:  0)
   521784      6464   3061416  0.000  0.000    1.506    0.173    0    0  (Gen:  0)
   521368      4600   3061944  0.000  0.000    1.506    0.173    0    0  (Gen:  0)
   521656      5800   3063560  0.000  0.000    1.507    0.174    0    0  (Gen:  0)
   521736      3720   3062928  0.000  0.000    1.507    0.174    0    0  (Gen:  0)
   521800      3936   3063160  0.000  0.000    1.508    0.174    0    0  (Gen:  0)
   521584      4176   3063400  0.000  0.000    1.509    0.174    0    0  (Gen:  0)
   521624      4040   3063312  0.000  0.000    1.509    0.174    0    0  (Gen:  0)
   521800      3888   3063248  0.000  0.000    1.510    0.174    0    0  (Gen:  0)
   521824      4136   3063512  0.000  0.000    1.510    0.174    0    0  (Gen:  0)
   521752      4128   3063552  0.000  0.000    1.511    0.174    0    0  (Gen:  0)
   521480      6360   3065800  0.000  0.000    1.511    0.175    0    0  (Gen:  0)
   521720      6016   3065520  0.000  0.000    1.512    0.175    0    0  (Gen:  0)
   521736      4128   3065760  0.000  0.000    1.513    0.175    0    0  (Gen:  0)
   521552      4232   3065896  0.000  0.000    1.513    0.175    0    0  (Gen:  0)
   521472      4072   3065768  0.001  0.000    1.515    0.175    0    0  (Gen:  0)
   521728      3944   3065656  0.001  0.000    1.517    0.175    0    0  (Gen:  0)
   521576      6016   3067744  0.001  0.000    1.519    0.176    0    0  (Gen:  0)
   521200      4040   3067600  0.001  0.000    1.521    0.176    0    0  (Gen:  0)
   521616      4312   3067960  0.001  0.000    1.523    0.176    0    0  (Gen:  0)
   521752      4016   3067696  0.000  0.000    1.524    0.176    0    0  (Gen:  0)
   521760      4160   3067928  0.000  0.000    1.525    0.177    0    0  (Gen:  0)
   521536      6632   3070432  0.000  0.000    1.526    0.177    0    0  (Gen:  0)
   521632      6480   3070344  0.000  0.000    1.527    0.177    0    0  (Gen:  0)
   521568      3968   3070176  0.000  0.000    1.527    0.177    0    0  (Gen:  0)
   521672      4120   3070344  0.000  0.000    1.528    0.177    0    0  (Gen:  0)
   521424      3976   3070248  0.000  0.000    1.529    0.177    0    0  (Gen:  0)
   521680      4488   3070776  0.000  0.000    1.530    0.177    0    0  (Gen:  0)
   521640      4200   3070760  0.000  0.000    1.531    0.178    0    0  (Gen:  0)
   521552      4128   3070848  0.000  0.000    1.532    0.178    0    0  (Gen:  0)
   521488      4288   3071040  0.000  0.000    1.532    0.178    0    0  (Gen:  0)
   521672      4464   3071472  0.000  0.000    1.533    0.178    0    0  (Gen:  0)
   521688      4352   3071600  0.000  0.000    1.534    0.178    0    0  (Gen:  0)
   521392      7544   3075192  0.000  0.000    1.535    0.178    0    0  (Gen:  0)
   521760      6296   3075304  0.000  0.000    1.536    0.178    0    0  (Gen:  0)
   521736      4272   3075464  0.000  0.000    1.537    0.179    0    0  (Gen:  0)
   521496      4032   3075256  0.000  0.000    1.537    0.179    0    0  (Gen:  0)
   521536      4176   3075488  0.000  0.000    1.538    0.179    0    0  (Gen:  0)
   521624      6280   3077624  0.000  0.000    1.539    0.179    0    0  (Gen:  0)
   521576      4240   3077560  0.000  0.000    1.540    0.179    0    0  (Gen:  0)
   521592      4096   3077504  0.000  0.000    1.541    0.179    0    0  (Gen:  0)
   521736      4272   3077696  0.000  0.000    1.542    0.179    0    0  (Gen:  0)
   521744      4224   3077696  0.000  0.000    1.542    0.180    0    0  (Gen:  0)
   521616      4944   3078432  0.000  0.000    1.543    0.180    0    0  (Gen:  0)
   521608      6408   3079960  0.000  0.000    1.544    0.180    0    0  (Gen:  0)
   521488      5536   3079904  0.000  0.000    1.545    0.180    0    0  (Gen:  0)
   521584      4200   3080088  0.000  0.000    1.546    0.180    0    0  (Gen:  0)
   521520      3984   3079904  0.000  0.000    1.547    0.180    0    0  (Gen:  0)
   521600      3840   3079848  0.000  0.000    1.548    0.180    0    0  (Gen:  0)
   521512      6168   3082208  0.000  0.000    1.548    0.181    0    0  (Gen:  0)
   521544      4256   3082408  0.000  0.000    1.549    0.181    0    0  (Gen:  0)
   521528      4000   3082240  0.000  0.000    1.550    0.181    0    0  (Gen:  0)
   521608      4128   3082384  0.000  0.000    1.551    0.181    0    0  (Gen:  0)
   521704      4016   3082320  0.000  0.000    1.552    0.181    0    0  (Gen:  0)
   521560      6744   3085064  0.000  0.000    1.553    0.181    0    0  (Gen:  0)
   521584      6536   3084920  0.000  0.000    1.553    0.182    0    0  (Gen:  0)
   521592      3968   3084920  0.000  0.000    1.554    0.182    0    0  (Gen:  0)
   521456      4120   3085104  0.000  0.000    1.555    0.182    0    0  (Gen:  0)
   521192      4128   3085144  0.000  0.000    1.556    0.182    0    0  (Gen:  0)
   521544      4056   3085088  0.000  0.000    1.557    0.182    0    0  (Gen:  0)
   521696      4544   3085592  0.000  0.000    1.558    0.182    0    0  (Gen:  0)
   521768      4200   3085536  0.000  0.000    1.558    0.182    0    0  (Gen:  0)
   521640      4384   3085808  0.000  0.000    1.559    0.183    0    0  (Gen:  0)
   521544      4072   3085752  0.000  0.000    1.560    0.183    0    0  (Gen:  0)
   521480      4472   3086240  0.000  0.000    1.561    0.183    0    0  (Gen:  0)
   521496      7504   3089688  0.000  0.000    1.562    0.183    0    0  (Gen:  0)
   521728      5880   3089728  0.000  0.000    1.563    0.183    0    0  (Gen:  0)
   521800      4032   3089536  0.000  0.000    1.563    0.183    0    0  (Gen:  0)
   521432      4192   3089712  0.000  0.000    1.564    0.183    0    0  (Gen:  0)
   521552      4200   3089768  0.000  0.000    1.565    0.184    0    0  (Gen:  0)
   521624      4288   3089872  0.000  0.000    1.566    0.184    0    0  (Gen:  0)
   521864      4144   3089776  0.000  0.000    1.567    0.184    0    0  (Gen:  0)
   521568      4184   3089976  0.000  0.000    1.568    0.184    0    0  (Gen:  0)
   521912      4216   3090040  0.000  0.000    1.568    0.184    0    0  (Gen:  0)
   521768      4080   3089936  0.000  0.000    1.569    0.184    0    0  (Gen:  0)
   521776      4112   3089984  0.001  0.000    1.571    0.184    0    0  (Gen:  0)
   521608      6208   3092096  0.001  0.000    1.572    0.185    0    0  (Gen:  0)
   521488      6072   3092040  0.001  0.000    1.573    0.185    0    0  (Gen:  0)
   521584      3952   3091768  0.001  0.000    1.575    0.185    0    0  (Gen:  0)
   521488      4000   3091848  0.001  0.000    1.576    0.185    0    0  (Gen:  0)
   521472      3952   3091888  0.001  0.000    1.577    0.185    0    0  (Gen:  0)
   521632      4192   3092160  0.001  0.000    1.579    0.186    0    0  (Gen:  0)
   521712      4072   3092088  0.000  0.000    1.579    0.186    0    0  (Gen:  0)
   521672      4064   3092240  0.000  0.000    1.580    0.186    0    0  (Gen:  0)
   521848      4128   3092336  0.000  0.000    1.581    0.186    0    0  (Gen:  0)
   521784      3984   3092224  0.000  0.000    1.582    0.186    0    0  (Gen:  0)
   521576      3904   3092160  0.000  0.000    1.583    0.186    0    0  (Gen:  0)
   521504      6728   3095000  0.000  0.000    1.584    0.187    0    0  (Gen:  0)
   521520      6440   3094792  0.000  0.000    1.585    0.187    0    0  (Gen:  0)
   521536      4160   3095024  0.000  0.000    1.585    0.187    0    0  (Gen:  0)
   521688      4104   3095000  0.000  0.000    1.586    0.187    0    0  (Gen:  0)
   521368      4016   3095000  0.000  0.000    1.587    0.187    0    0  (Gen:  0)
   521688      4512   3095528  0.000  0.000    1.588    0.187    0    0  (Gen:  0)
   521776      4104   3095392  0.000  0.000    1.589    0.187    0    0  (Gen:  0)
   521328      4048   3095424  0.000  0.000    1.590    0.188    0    0  (Gen:  0)
   521712      4472   3095864  0.000  0.000    1.591    0.188    0    0  (Gen:  0)
   521688      4320   3095984  0.000  0.000    1.591    0.188    0    0  (Gen:  0)
   521416      8416   3100312  0.000  0.000    1.592    0.188    0    0  (Gen:  0)
   521544      6344   3100256  0.000  0.000    1.593    0.188    0    0  (Gen:  0)
   521648      4048   3100320  0.000  0.000    1.594    0.188    0    0  (Gen:  0)
   521776      4248   3100552  0.001  0.000    1.599    0.189    0    0  (Gen:  0)
   521712      4096   3100432  0.000  0.000    1.600    0.189    0    0  (Gen:  0)
   521792      3952   3100304  0.000  0.000    1.600    0.189    0    0  (Gen:  0)
   521416      6024   3102392  0.000  0.000    1.601    0.189    0    0  (Gen:  0)
   521560      4024   3102088  0.000  0.000    1.602    0.189    0    0  (Gen:  0)
   521736      4328   3102480  0.000  0.000    1.603    0.190    0    0  (Gen:  0)
   521672      4184   3102368  0.000  0.000    1.604    0.190    0    0  (Gen:  0)
   521744      4096   3102368  0.000  0.000    1.605    0.190    0    0  (Gen:  0)
   521592      6408   3104712  0.000  0.000    1.606    0.190    0    0  (Gen:  0)
   521576      6456   3104824  0.000  0.000    1.606    0.190    0    0  (Gen:  0)
   521312      4480   3105152  0.000  0.000    1.607    0.190    0    0  (Gen:  0)
   521488      5600   3106672  0.000  0.000    1.608    0.191    0    0  (Gen:  0)
   521592      4216   3106592  0.000  0.000    1.609    0.191    0    0  (Gen:  0)
   521632      4416   3106808  0.000  0.000    1.610    0.191    0    0  (Gen:  0)
   521664      4216   3106656  0.000  0.000    1.611    0.191    0    0  (Gen:  0)
   521408      4240   3106840  0.000  0.000    1.611    0.191    0    0  (Gen:  0)
   521776      4152   3106784  0.000  0.000    1.612    0.191    0    0  (Gen:  0)
   521816      3920   3106584  0.000  0.000    1.613    0.191    0    0  (Gen:  0)
   521696      3976   3106728  0.000  0.000    1.614    0.192    0    0  (Gen:  0)
   521488      6144   3108928  0.000  0.000    1.615    0.192    0    0  (Gen:  0)
   521216      6152   3109000  0.000  0.000    1.616    0.192    0    0  (Gen:  0)
   521584      3848   3108752  0.000  0.000    1.616    0.192    0    0  (Gen:  0)
   521704      4120   3109040  0.000  0.000    1.617    0.192    0    0  (Gen:  0)
   521360      3984   3108952  0.000  0.000    1.618    0.192    0    0  (Gen:  0)
   521544      6056   3111040  0.000  0.000    1.619    0.192    0    0  (Gen:  0)
   521672      4288   3111088  0.000  0.000    1.620    0.193    0    0  (Gen:  0)
   521784      3960   3110920  0.000  0.000    1.621    0.193    0    0  (Gen:  0)
   521504      4144   3111136  0.000  0.000    1.621    0.193    0    0  (Gen:  0)
   521216      4128   3111152  0.000  0.000    1.622    0.193    0    0  (Gen:  0)
   521376      3944   3110984  0.000  0.000    1.623    0.193    0    0  (Gen:  0)
   521720      6536   3113592  0.000  0.000    1.624    0.193    0    0  (Gen:  0)
   521360      6456   3113592  0.000  0.000    1.625    0.193    0    0  (Gen:  0)
   521832      4272   3113752  0.000  0.000    1.626    0.194    0    0  (Gen:  0)
   521320      4032   3113544  0.000  0.000    1.626    0.194    0    0  (Gen:  0)
   521408      4200   3113800  0.000  0.000    1.627    0.194    0    0  (Gen:  0)
   521760      4696   3114328  0.000  0.000    1.628    0.194    0    0  (Gen:  0)
   521216      4144   3114048  0.000  0.000    1.629    0.194    0    0  (Gen:  0)
   521544      4000   3113992  0.000  0.000    1.630    0.194    0    0  (Gen:  0)
   521640      4400   3114408  0.000  0.000    1.631    0.194    0    0  (Gen:  0)
   521864      4216   3114496  0.000  0.000    1.631    0.195    0    0  (Gen:  0)
   521736      8072   3118592  0.000  0.000    1.632    0.195    0    0  (Gen:  0)
   521648      6328   3118512  0.000  0.000    1.633    0.195    0    0  (Gen:  0)
   521416      4144   3118584  0.000  0.000    1.634    0.195    0    0  (Gen:  0)
   521552      4072   3118544  0.000  0.000    1.635    0.195    0    0  (Gen:  0)
   521552      4280   3118784  0.000  0.000    1.636    0.195    0    0  (Gen:  0)
   521656      3920   3118440  0.000  0.000    1.636    0.195    0    0  (Gen:  0)
   521472      6152   3120688  0.000  0.000    1.637    0.196    0    0  (Gen:  0)
   521720      4176   3120704  0.000  0.000    1.638    0.196    0    0  (Gen:  0)
   521832      4256   3120872  0.000  0.000    1.639    0.196    0    0  (Gen:  0)
   521776      4296   3120944  0.000  0.000    1.640    0.196    0    0  (Gen:  0)
   521728      4200   3120936  0.000  0.000    1.641    0.196    0    0  (Gen:  0)
   521544      6640   3123408  0.000  0.000    1.641    0.196    0    0  (Gen:  0)
   521568      6544   3123376  0.000  0.000    1.642    0.196    0    0  (Gen:  0)
   521624      4280   3123448  0.000  0.000    1.643    0.197    0    0  (Gen:  0)
   521344      4064   3123248  0.000  0.000    1.644    0.197    0    0  (Gen:  0)
   521576      4016   3123248  0.000  0.000    1.645    0.197    0    0  (Gen:  0)
   521592      3856   3123104  0.000  0.000    1.646    0.197    0    0  (Gen:  0)
   521320      6328   3125592  0.000  0.000    1.646    0.197    0    0  (Gen:  0)
   521536      3896   3125288  0.000  0.000    1.647    0.197    0    0  (Gen:  0)
   521744      4216   3125696  0.000  0.000    1.648    0.197    0    0  (Gen:  0)
   521672      4072   3125584  0.000  0.000    1.649    0.198    0    0  (Gen:  0)
   521856      4128   3125728  0.000  0.000    1.650    0.198    0    0  (Gen:  0)
   521408      6536   3128168  0.000  0.000    1.651    0.198    0    0  (Gen:  0)
   521192      6592   3128288  0.000  0.000    1.651    0.198    0    0  (Gen:  0)
   521528      4032   3128224  0.000  0.000    1.652    0.198    0    0  (Gen:  0)
   521736      4152   3128360  0.000  0.000    1.653    0.198    0    0  (Gen:  0)
   521416      4128   3128384  0.000  0.000    1.654    0.198    0    0  (Gen:  0)
   521560      4336   3128608  0.000  0.000    1.655    0.199    0    0  (Gen:  0)
   521728      4128   3128672  0.000  0.000    1.656    0.199    0    0  (Gen:  0)
   521608      4120   3128824  0.000  0.000    1.656    0.199    0    0  (Gen:  0)
   521800      4440   3129176  0.000  0.000    1.657    0.199    0    0  (Gen:  0)
   521552      4320   3129312  0.000  0.000    1.658    0.199    0    0  (Gen:  0)
   521408      4584   3129816  0.000  0.000    1.659    0.199    0    0  (Gen:  0)
   521592      7120   3132912  0.000  0.000    1.660    0.199    0    0  (Gen:  0)
   521624      5568   3132720  0.000  0.000    1.661    0.200    0    0  (Gen:  0)
   521720      4168   3132976  0.000  0.000    1.662    0.200    0    0  (Gen:  0)
   521552      4072   3132912  0.000  0.000    1.662    0.200    0    0  (Gen:  0)
   521424      4104   3133032  0.000  0.000    1.663    0.200    0    0  (Gen:  0)
   521496      4320   3133280  0.000  0.000    1.664    0.200    0    0  (Gen:  0)
   521888      4200   3133208  0.000  0.000    1.665    0.200    0    0  (Gen:  0)
   521592      4112   3133208  0.000  0.000    1.666    0.200    0    0  (Gen:  0)
   521760      4112   3133224  0.000  0.000    1.666    0.201    0    0  (Gen:  0)
   521320      4056   3133216  0.000  0.000    1.667    0.201    0    0  (Gen:  0)
   521344      6120   3135296  0.000  0.000    1.668    0.201    0    0  (Gen:  0)
   521696      5888   3135128  0.000  0.000    1.669    0.201    0    0  (Gen:  0)
   521336      4040   3135200  0.000  0.000    1.670    0.201    0    0  (Gen:  0)
   521672      4256   3135448  0.000  0.000    1.671    0.201    0    0  (Gen:  0)
   521504      4256   3135480  0.000  0.000    1.671    0.202    0    0  (Gen:  0)
   521544      4184   3135424  0.000  0.000    1.672    0.202    0    0  (Gen:  0)
   521512      4112   3135368  0.000  0.000    1.673    0.202    0    0  (Gen:  0)
   521520      4072   3135392  0.000  0.000    1.674    0.202    0    0  (Gen:  0)
   521688      3856   3135264  0.000  0.000    1.675    0.202    0    0  (Gen:  0)
   521816      4152   3135576  0.000  0.000    1.676    0.202    0    0  (Gen:  0)
   521792      4032   3135504  0.000  0.000    1.676    0.202    0    0  (Gen:  0)
   521536      6688   3138176  0.000  0.000    1.677    0.203    0    0  (Gen:  0)
   521528      6584   3138136  0.000  0.000    1.678    0.203    0    0  (Gen:  0)
   521536      3912   3138048  0.000  0.000    1.679    0.203    0    0  (Gen:  0)
   521480      4144   3138312  0.000  0.000    1.680    0.203    0    0  (Gen:  0)
   521552      4096   3138296  0.000  0.000    1.681    0.203    0    0  (Gen:  0)
   521568      3952   3138168  0.000  0.000    1.681    0.203    0    0  (Gen:  0)
   521672      4432   3138664  0.000  0.000    1.682    0.203    0    0  (Gen:  0)
   521744      4144   3138664  0.000  0.000    1.683    0.204    0    0  (Gen:  0)
   521328      4352   3138960  0.000  0.000    1.684    0.204    0    0  (Gen:  0)
   521736      4072   3138936  0.000  0.000    1.685    0.204    0    0  (Gen:  0)
   521656      4600   3139552  0.000  0.000    1.685    0.204    0    0  (Gen:  0)
   521488      7912   3143280  0.000  0.000    1.686    0.204    0    0  (Gen:  0)
   521784      6072   3143264  0.000  0.000    1.687    0.204    0    0  (Gen:  0)
   521720      4224   3143336  0.000  0.000    1.688    0.204    0    0  (Gen:  0)
   521408      4176   3143304  0.000  0.000    1.689    0.205    0    0  (Gen:  0)
   521248      3984   3143160  0.000  0.000    1.690    0.205    0    0  (Gen:  0)
   521768      5848   3145040  0.000  0.000    1.691    0.205    0    0  (Gen:  0)
   521864      4144   3145016  0.000  0.000    1.691    0.205    0    0  (Gen:  0)
   521720      4160   3145192  0.000  0.000    1.692    0.205    0    0  (Gen:  0)
   521832      4176   3145240  0.000  0.000    1.693    0.205    0    0  (Gen:  0)
   521208      4168   3145264  0.000  0.000    1.694    0.205    0    0  (Gen:  0)
   521368      3968   3145080  0.000  0.000    1.695    0.206    0    0  (Gen:  0)
   521840      6712   3147840  0.000  0.000    1.696    0.206    0    0  (Gen:  0)
   521480      6360   3147568  0.000  0.000    1.696    0.206    0    0  (Gen:  0)
   521512      5904   3149416  0.000  0.000    1.697    0.206    0    0  (Gen:  0)
   521712      4072   3149192  0.001  0.000    1.699    0.206    0    0  (Gen:  0)
   521712      4216   3149424  0.000  0.000    1.700    0.206    0    0  (Gen:  0)
   521592      4344   3149584  0.000  0.000    1.701    0.207    0    0  (Gen:  0)
   521872      4216   3149504  0.014  0.001    1.716    0.208    0    0  (Gen:  0)
   521584      4112   3149488  0.001  0.000    1.718    0.208    0    0  (Gen:  0)
   521880      4272   3149664  0.001  0.000    1.720    0.209    0    0  (Gen:  0)
   521752      4184   3149624  0.001  0.000    1.723    0.209    0    0  (Gen:  0)
   521592      6136   3151592  0.013  0.001    1.737    0.211    0    0  (Gen:  0)
   521584      6056   3151576  0.000  0.000    1.738    0.211    0    0  (Gen:  0)
   521760      3976   3151624  0.000  0.000    1.739    0.211    0    0  (Gen:  0)
   521592      4176   3151856  0.000  0.000    1.739    0.211    0    0  (Gen:  0)
   521600      3960   3151672  0.001  0.000    1.740    0.211    0    0  (Gen:  0)
   521528      4088   3151888  0.001  0.000    1.741    0.211    0    0  (Gen:  0)
   521792      5976   3153808  0.001  0.000    1.742    0.212    0    0  (Gen:  0)
   521200      4144   3153792  0.000  0.000    1.743    0.212    0    0  (Gen:  0)
   521544      4000   3153736  0.000  0.000    1.743    0.212    0    0  (Gen:  0)
   521560      4176   3153928  0.000  0.000    1.744    0.212    0    0  (Gen:  0)
   521864      4160   3153960  0.000  0.000    1.744    0.212    0    0  (Gen:  0)
   521672      6560   3156376  0.000  0.000    1.745    0.212    0    0  (Gen:  0)
   521528      6432   3156312  0.000  0.000    1.746    0.213    0    0  (Gen:  0)
   521608      3944   3156240  0.000  0.000    1.746    0.213    0    0  (Gen:  0)
   521544      4216   3156544  0.000  0.000    1.747    0.213    0    0  (Gen:  0)
   521552      4168   3156528  0.000  0.000    1.747    0.213    0    0  (Gen:  0)
   521592      4024   3156400  0.000  0.000    1.748    0.213    0    0  (Gen:  0)
   521648      4456   3156848  0.000  0.000    1.749    0.213    0    0  (Gen:  0)
   521736      4144   3156824  0.000  0.000    1.749    0.213    0    0  (Gen:  0)
   521288      4424   3157192  0.000  0.000    1.750    0.213    0    0  (Gen:  0)
   521728      4144   3157168  0.000  0.000    1.750    0.214    0    0  (Gen:  0)
   521656      4584   3157696  0.000  0.000    1.751    0.214    0    0  (Gen:  0)
   521392      7728   3161256  0.000  0.000    1.751    0.214    0    0  (Gen:  0)
   521800      6264   3161296  0.000  0.000    1.752    0.214    0    0  (Gen:  0)
   521736      4112   3161328  0.000  0.000    1.753    0.214    0    0  (Gen:  0)
   521600      4176   3161408  0.000  0.000    1.753    0.214    0    0  (Gen:  0)
   521360      4128   3161408  0.000  0.000    1.754    0.214    0    0  (Gen:  0)
   521656      6304   3163600  0.000  0.000    1.754    0.214    0    0  (Gen:  0)
   521624      4200   3163472  0.000  0.000    1.755    0.215    0    0  (Gen:  0)
   521408      4096   3163528  0.000  0.000    1.755    0.215    0    0  (Gen:  0)
   521776      4216   3163680  0.000  0.000    1.756    0.215    0    0  (Gen:  0)
   521872      4024   3163520  0.000  0.000    1.756    0.215    0    0  (Gen:  0)
   521640      4032   3163544  0.000  0.000    1.757    0.215    0    0  (Gen:  0)
   521488      6608   3166136  0.001  0.000    1.759    0.215    0    0  (Gen:  0)
   521464      6504   3166112  0.001  0.000    1.761    0.216    0    0  (Gen:  0)
   521800      4232   3166176  0.001  0.000    1.763    0.216    0    0  (Gen:  0)
   521360      4200   3166176  0.001  0.000    1.764    0.216    0    0  (Gen:  0)
   521584      4200   3166264  0.001  0.000    1.766    0.216    0    0  (Gen:  0)
   521552      6216   3168312  0.001  0.000    1.768    0.217    0    0  (Gen:  0)
   521688      4032   3168240  0.000  0.000    1.769    0.217    0    0  (Gen:  0)
   521376      3960   3168328  0.000  0.000    1.769    0.217    0    0  (Gen:  0)
   521584      4032   3168432  0.000  0.000    1.770    0.217    0    0  (Gen:  0)
   521712      3984   3168416  0.000  0.000    1.771    0.217    0    0  (Gen:  0)
   521704      3976   3168424  0.000  0.000    1.771    0.217    0    0  (Gen:  0)
   521528      6672   3171136  0.000  0.000    1.772    0.217    0    0  (Gen:  0)
   521712      6520   3171064  0.000  0.000    1.772    0.217    0    0  (Gen:  0)
   521288      4304   3171344  0.000  0.000    1.773    0.217    0    0  (Gen:  0)
   521224      4128   3171200  0.000  0.000    1.773    0.218    0    0  (Gen:  0)
   521456      3896   3171056  0.000  0.000    1.774    0.218    0    0  (Gen:  0)
   521696      4488   3171680  0.002  0.000    1.776    0.218    0    0  (Gen:  0)
   521816      4200   3171664  0.000  0.000    1.777    0.218    0    0  (Gen:  0)
   521712      3976   3171528  0.000  0.000    1.777    0.218    0    0  (Gen:  0)
   521448      4296   3171864  0.000  0.000    1.778    0.218    0    0  (Gen:  0)
   521512      4336   3172176  0.001  0.000    1.779    0.219    0    0  (Gen:  0)
   521528      7760   3175840  0.000  0.000    1.780    0.219    0    0  (Gen:  0)
   521616      5864   3175768  0.000  0.000    1.780    0.219    0    0  (Gen:  0)
   521816      3960   3175592  0.000  0.000    1.781    0.219    0    0  (Gen:  0)
   521480      4032   3175696  0.000  0.000    1.782    0.219    0    0  (Gen:  0)
   521576      4144   3175840  0.000  0.000    1.782    0.219    0    0  (Gen:  0)
   521560      3960   3175672  0.000  0.000    1.783    0.219    0    0  (Gen:  0)
   521888      4296   3176024  0.000  0.000    1.783    0.219    0    0  (Gen:  0)
   521624      4168   3175960  0.000  0.000    1.784    0.220    0    0  (Gen:  0)
   521928      4128   3176008  0.000  0.000    1.784    0.220    0    0  (Gen:  0)
   521672      4040   3175952  0.000  0.000    1.785    0.220    0    0  (Gen:  0)
   521752      4144   3176144  0.000  0.000    1.785    0.220    0    0  (Gen:  0)
   521704      6040   3178072  0.000  0.000    1.786    0.220    0    0  (Gen:  0)
   521600      6000   3178096  0.000  0.000    1.787    0.220    0    0  (Gen:  0)
   521376      4056   3178000  0.000  0.000    1.787    0.220    0    0  (Gen:  0)
   521528      4216   3178176  0.000  0.000    1.788    0.220    0    0  (Gen:  0)
   521592      4112   3178120  0.000  0.000    1.788    0.221    0    0  (Gen:  0)
   521656      4272   3178296  0.000  0.000    1.789    0.221    0    0  (Gen:  0)
   521592      4168   3178240  0.000  0.000    1.789    0.221    0    0  (Gen:  0)
   521576      4200   3178432  0.000  0.000    1.790    0.221    0    0  (Gen:  0)
   521928      4288   3178552  0.000  0.000    1.791    0.221    0    0  (Gen:  0)
   521688      4256   3178552  0.000  0.000    1.791    0.221    0    0  (Gen:  0)
   521792      4168   3178480  0.000  0.000    1.792    0.221    0    0  (Gen:  0)
   521360      6688   3181016  0.000  0.000    1.792    0.221    0    0  (Gen:  0)
   521592      6552   3180960  0.000  0.000    1.793    0.221    0    0  (Gen:  0)
   521592      3912   3180832  0.000  0.000    1.793    0.222    0    0  (Gen:  0)
   521592      4248   3181184  0.000  0.000    1.794    0.222    0    0  (Gen:  0)
   521352      3944   3180928  0.000  0.000    1.795    0.222    0    0  (Gen:  0)
   521776      4560   3181560  0.000  0.000    1.795    0.222    0    0  (Gen:  0)
   521600      4000   3181272  0.000  0.000    1.796    0.222    0    0  (Gen:  0)
   521544      4144   3181576  0.000  0.000    1.796    0.222    0    0  (Gen:  0)
   521568      4496   3181960  0.000  0.000    1.797    0.222    0    0  (Gen:  0)
   521680      4088   3181808  0.000  0.000    1.797    0.222    0    0  (Gen:  0)
   521544      4544   3182504  0.000  0.000    1.798    0.223    0    0  (Gen:  0)
   521616      7592   3186112  0.000  0.000    1.799    0.223    0    0  (Gen:  0)
   521864      5880   3185920  0.000  0.000    1.799    0.223    0    0  (Gen:  0)
   521560      4288   3186248  0.000  0.000    1.800    0.223    0    0  (Gen:  0)
   521336      4160   3186152  0.000  0.000    1.800    0.223    0    0  (Gen:  0)
   521368      3968   3186048  0.000  0.000    1.801    0.223    0    0  (Gen:  0)
   521864      5936   3188048  0.000  0.000    1.801    0.223    0    0  (Gen:  0)
   521888      3992   3187784  0.000  0.000    1.802    0.223    0    0  (Gen:  0)
   521608      3960   3187840  0.000  0.000    1.803    0.224    0    0  (Gen:  0)
   521720      4152   3188048  0.000  0.000    1.803    0.224    0    0  (Gen:  0)
   521232      4056   3188000  0.000  0.000    1.804    0.224    0    0  (Gen:  0)
   521576      6456   3190416  0.000  0.000    1.804    0.224    0    0  (Gen:  0)
   521696      6288   3190312  0.000  0.000    1.805    0.224    0    0  (Gen:  0)
   521392      4544   3190960  0.000  0.000    1.806    0.224    0    0  (Gen:  0)
   521704      5664   3192496  0.000  0.000    1.806    0.224    0    0  (Gen:  0)
   521696      4168   3192448  0.000  0.000    1.807    0.224    0    0  (Gen:  0)
   521824      4200   3192496  0.000  0.000    1.807    0.225    0    0  (Gen:  0)
   521528      4312   3192624  0.000  0.000    1.808    0.225    0    0  (Gen:  0)
   521680      4160   3192536  0.000  0.000    1.808    0.225    0    0  (Gen:  0)
   521864      4328   3192792  0.000  0.000    1.809    0.225    0    0  (Gen:  0)
   521712      4072   3192568  0.000  0.000    1.809    0.225    0    0  (Gen:  0)
   521712      4216   3192800  0.000  0.000    1.810    0.225    0    0  (Gen:  0)
   521496      6288   3194904  0.000  0.000    1.811    0.225    0    0  (Gen:  0)
   521824      6352   3195032  0.000  0.000    1.811    0.225    0    0  (Gen:  0)
   521704      4008   3194744  0.000  0.000    1.812    0.226    0    0  (Gen:  0)
   521472      4360   3195112  0.000  0.000    1.812    0.226    0    0  (Gen:  0)
   521456      4224   3195024  0.000  0.000    1.813    0.226    0    0  (Gen:  0)
   521808      4304   3195112  0.000  0.000    1.814    0.226    0    0  (Gen:  0)
   521512      5512   3196760  0.000  0.000    1.814    0.226    0    0  (Gen:  0)
   521272      3840   3196616  0.000  0.000    1.815    0.226    0    0  (Gen:  0)
   521584      4176   3196968  0.000  0.000    1.815    0.226    0    0  (Gen:  0)
   521784      4032   3196856  0.001  0.000    1.817    0.227    0    0  (Gen:  0)
   521752      4088   3197000  0.000  0.000    1.818    0.227    0    0  (Gen:  0)
   521496      6576   3199520  0.000  0.000    1.818    0.227    0    0  (Gen:  0)
   521736      6440   3199448  0.000  0.000    1.819    0.227    0    0  (Gen:  0)
   521496      4040   3199392  0.000  0.000    1.819    0.227    0    0  (Gen:  0)
   521600      4272   3199640  0.000  0.000    1.820    0.227    0    0  (Gen:  0)
   521424      4016   3199432  0.000  0.000    1.820    0.227    0    0  (Gen:  0)
   521784      4504   3199936  0.000  0.000    1.821    0.227    0    0  (Gen:  0)
   521560      4144   3199848  0.000  0.000    1.822    0.228    0    0  (Gen:  0)
   521592      4072   3199936  0.000  0.000    1.822    0.228    0    0  (Gen:  0)
   521544      4400   3200296  0.000  0.000    1.823    0.228    0    0  (Gen:  0)
   521648      4376   3200528  0.000  0.000    1.823    0.228    0    0  (Gen:  0)
   521544      4576   3200968  0.000  0.000    1.824    0.228    0    0  (Gen:  0)
   521496      7592   3204544  0.000  0.000    1.824    0.228    0    0  (Gen:  0)
   521808      6248   3204400  0.000  0.000    1.825    0.228    0    0  (Gen:  0)
   521640      4192   3204528  0.000  0.000    1.826    0.228    0    0  (Gen:  0)
   521664      3912   3204280  0.000  0.000    1.826    0.229    0    0  (Gen:  0)
   521440      4088   3204544  0.000  0.000    1.827    0.229    0    0  (Gen:  0)
   521576      6232   3206720  0.000  0.000    1.827    0.229    0    0  (Gen:  0)
   521544      4200   3206664  0.000  0.000    1.828    0.229    0    0  (Gen:  0)
   521672      4000   3206552  0.000  0.000    1.829    0.229    0    0  (Gen:  0)
   521672      4216   3206784  0.000  0.000    1.829    0.229    0    0  (Gen:  0)
   521816      4168   3206784  0.000  0.000    1.830    0.229    0    0  (Gen:  0)
   521536      6512   3209144  0.000  0.000    1.830    0.229    0    0  (Gen:  0)
   521680      6424   3209120  0.000  0.000    1.831    0.230    0    0  (Gen:  0)
   521416      4176   3209280  0.000  0.000    1.831    0.230    0    0  (Gen:  0)
   521608      4072   3209208  0.000  0.000    1.832    0.230    0    0  (Gen:  0)
   521544      4240   3209408  0.000  0.000    1.833    0.230    0    0  (Gen:  0)
   521616      4088   3209272  0.000  0.000    1.833    0.230    0    0  (Gen:  0)
   521544      6368   3211568  0.000  0.000    1.834    0.230    0    0  (Gen:  0)
   521472      4328   3211656  0.000  0.000    1.834    0.230    0    0  (Gen:  0)
   521568      4344   3211760  0.000  0.000    1.835    0.230    0    0  (Gen:  0)
   521592      4080   3211528  0.000  0.000    1.835    0.230    0    0  (Gen:  0)
   521728      4312   3211848  0.000  0.000    1.836    0.231    0    0  (Gen:  0)
   521584      6728   3214296  0.000  0.000    1.837    0.231    0    0  (Gen:  0)
   521576      6424   3214056  0.000  0.000    1.837    0.231    0    0  (Gen:  0)
   521552      4072   3214272  0.000  0.000    1.838    0.231    0    0  (Gen:  0)
   521416      4144   3214376  0.000  0.000    1.838    0.231    0    0  (Gen:  0)
   521224      4088   3214352  0.000  0.000    1.839    0.231    0    0  (Gen:  0)
   521544      4016   3214296  0.000  0.000    1.839    0.231    0    0  (Gen:  0)
   521712      4408   3214704  0.000  0.000    1.840    0.231    0    0  (Gen:  0)
   521800      4216   3214800  0.000  0.000    1.841    0.232    0    0  (Gen:  0)
   521632      4480   3215152  0.000  0.000    1.841    0.232    0    0  (Gen:  0)
   521480      4024   3214952  0.000  0.000    1.842    0.232    0    0  (Gen:  0)
   521576      4416   3215432  0.000  0.000    1.842    0.232    0    0  (Gen:  0)
   521440      7448   3218880  0.000  0.000    1.843    0.232    0    0  (Gen:  0)
   521752      5824   3218920  0.000  0.000    1.843    0.232    0    0  (Gen:  0)
   521728      4056   3218808  0.000  0.000    1.844    0.232    0    0  (Gen:  0)
   521480      4136   3218904  0.000  0.000    1.845    0.232    0    0  (Gen:  0)
   521536      4160   3218976  0.000  0.000    1.845    0.233    0    0  (Gen:  0)
   521600      4344   3219176  0.000  0.000    1.846    0.233    0    0  (Gen:  0)
   521896      4048   3218928  0.000  0.000    1.846    0.233    0    0  (Gen:  0)
   521592      4088   3219128  0.000  0.000    1.847    0.233    0    0  (Gen:  0)
   521920      4160   3219232  0.000  0.000    1.847    0.233    0    0  (Gen:  0)
   521744      4024   3219128  0.000  0.000    1.848    0.233    0    0  (Gen:  0)
   521664      3912   3219032  0.000  0.000    1.848    0.233    0    0  (Gen:  0)
   521784      6096   3221232  0.000  0.000    1.849    0.233    0    0  (Gen:  0)
   521352      5888   3221104  0.000  0.000    1.850    0.234    0    0  (Gen:  0)
   521584      4272   3221336  0.000  0.000    1.850    0.234    0    0  (Gen:  0)
   521560      4168   3221264  0.000  0.000    1.851    0.234    0    0  (Gen:  0)
   521496      4048   3221232  0.000  0.000    1.851    0.234    0    0  (Gen:  0)
   521536      4336   3221552  0.000  0.000    1.852    0.234    0    0  (Gen:  0)
   521824      4152   3221416  0.000  0.000    1.852    0.234    0    0  (Gen:  0)
   521600      4072   3221424  0.000  0.000    1.853    0.234    0    0  (Gen:  0)
   521840      4304   3221672  0.000  0.000    1.855    0.235    0    0  (Gen:  0)
   521728      4168   3221584  0.000  0.000    1.856    0.235    0    0  (Gen:  0)
   521712      6840   3224272  0.000  0.000    1.856    0.235    0    0  (Gen:  0)
   521464      6720   3224216  0.000  0.000    1.857    0.235    0    0  (Gen:  0)
   521488      4240   3224320  0.000  0.000    1.858    0.235    0    0  (Gen:  0)
   521560      4064   3224176  0.000  0.000    1.858    0.235    0    0  (Gen:  0)
   521688      3960   3224104  0.000  0.000    1.859    0.235    0    0  (Gen:  0)
   521376      3960   3224192  0.000  0.000    1.859    0.235    0    0  (Gen:  0)
   521696      4360   3224624  0.000  0.000    1.860    0.236    0    0  (Gen:  0)
   521752      4040   3224576  0.000  0.000    1.860    0.236    0    0  (Gen:  0)
   521312      4000   3224624  0.000  0.000    1.861    0.236    0    0  (Gen:  0)
   521728      4344   3224984  0.000  0.000    1.861    0.236    0    0  (Gen:  0)
   521744      4280   3225192  0.000  0.000    1.862    0.236    0    0  (Gen:  0)
   521408      7880   3229032  0.000  0.000    1.863    0.236    0    0  (Gen:  0)
   521776      5936   3229072  0.000  0.000    1.863    0.236    0    0  (Gen:  0)
   521840      3928   3229056  0.000  0.000    1.864    0.236    0    0  (Gen:  0)
   521480      4160   3229320  0.000  0.000    1.864    0.237    0    0  (Gen:  0)
   521200      4184   3229376  0.000  0.000    1.865    0.237    0    0  (Gen:  0)
   521480      4072   3229280  0.000  0.000    1.865    0.237    0    0  (Gen:  0)
   521936      5880   3231104  0.000  0.000    1.866    0.237    0    0  (Gen:  0)
   521768      4184   3231104  0.000  0.000    1.867    0.237    0    0  (Gen:  0)
   521872      4272   3231280  0.000  0.000    1.867    0.237    0    0  (Gen:  0)
   521320      4032   3231072  0.000  0.000    1.868    0.237    0    0  (Gen:  0)
   521408      4200   3231328  0.000  0.000    1.868    0.237    0    0  (Gen:  0)
   521624      6480   3233640  0.000  0.000    1.869    0.238    0    0  (Gen:  0)
   521560      6416   3233640  0.000  0.000    1.869    0.238    0    0  (Gen:  0)
   521464      4288   3233816  0.000  0.000    1.870    0.238    0    0  (Gen:  0)
   521792      5504   3235432  0.000  0.000    1.871    0.238    0    0  (Gen:  0)
   521720      3976   3235208  0.000  0.000    1.871    0.238    0    0  (Gen:  0)
   521720      4232   3235480  0.000  0.000    1.872    0.238    0    0  (Gen:  0)
   521648      4184   3235480  0.000  0.000    1.872    0.238    0    0  (Gen:  0)
   521568      4104   3235560  0.000  0.000    1.873    0.238    0    0  (Gen:  0)
   521936      4248   3235736  0.000  0.000    1.873    0.238    0    0  (Gen:  0)
   521696      4168   3235688  0.000  0.000    1.874    0.239    0    0  (Gen:  0)
   521712      4080   3235616  0.000  0.000    1.874    0.239    0    0  (Gen:  0)
   521496      6304   3237856  0.000  0.000    1.875    0.239    0    0  (Gen:  0)
   521752      6168   3237800  0.000  0.000    1.876    0.239    0    0  (Gen:  0)
   521760      4272   3237960  0.000  0.000    1.876    0.239    0    0  (Gen:  0)
   521496      4128   3237848  0.000  0.000    1.877    0.239    0    0  (Gen:  0)
   521464      4200   3238008  0.000  0.000    1.877    0.239    0    0  (Gen:  0)
   521864      6096   3239936  0.000  0.000    1.878    0.239    0    0  (Gen:  0)
   521272      4312   3239968  0.000  0.000    1.878    0.240    0    0  (Gen:  0)
   521464      4144   3239888  0.000  0.000    1.879    0.240    0    0  (Gen:  0)
   521544      4240   3240000  0.000  0.000    1.880    0.240    0    0  (Gen:  0)
   521720      3960   3239768  0.000  0.000    1.880    0.240    0    0  (Gen:  0)
   521792      3944   3239768  0.000  0.000    1.881    0.240    0    0  (Gen:  0)
   521568      6496   3242336  0.000  0.000    1.881    0.240    0    0  (Gen:  0)
   521480      6456   3242376  0.000  0.000    1.882    0.240    0    0  (Gen:  0)
   521584      4176   3242440  0.000  0.000    1.882    0.240    0    0  (Gen:  0)
   521672      4032   3242328  0.000  0.000    1.883    0.241    0    0  (Gen:  0)
   521496      4016   3242400  0.000  0.000    1.883    0.241    0    0  (Gen:  0)
   521664      4448   3242864  0.001  0.000    1.885    0.241    0    0  (Gen:  0)
   521792      4288   3242976  0.000  0.000    1.885    0.241    0    0  (Gen:  0)
   521224      4056   3242832  0.000  0.000    1.886    0.241    0    0  (Gen:  0)
   521776      4096   3242888  0.000  0.000    1.886    0.241    0    0  (Gen:  0)
   521752      4272   3243336  0.000  0.000    1.887    0.241    0    0  (Gen:  0)
   521304      8112   3247416  0.000  0.000    1.887    0.241    0    0  (Gen:  0)
   521752      6184   3247152  0.000  0.000    1.888    0.242    0    0  (Gen:  0)
   521760      4160   3247384  0.000  0.000    1.889    0.242    0    0  (Gen:  0)
   521528      4192   3247448  0.000  0.000    1.889    0.242    0    0  (Gen:  0)
   521560      4088   3247376  0.000  0.000    1.890    0.242    0    0  (Gen:  0)
   521480      4112   3247416  0.000  0.000    1.890    0.242    0    0  (Gen:  0)
   521664      6048   3249368  0.000  0.000    1.891    0.242    0    0  (Gen:  0)
   521504      3984   3249296  0.000  0.000    1.891    0.242    0    0  (Gen:  0)
   521672      4272   3249672  0.000  0.000    1.892    0.242    0    0  (Gen:  0)
   521856      4048   3249480  0.000  0.000    1.893    0.243    0    0  (Gen:  0)
   521736      4176   3249696  0.000  0.000    1.893    0.243    0    0  (Gen:  0)
   521464      6472   3252024  0.000  0.000    1.894    0.243    0    0  (Gen:  0)
   521552      6504   3252120  0.000  0.000    1.894    0.243    0    0  (Gen:  0)
   521656      4032   3251984  0.000  0.000    1.895    0.243    0    0  (Gen:  0)
   521432      4192   3252160  0.000  0.000    1.895    0.243    0    0  (Gen:  0)
   521552      4200   3252216  0.000  0.000    1.896    0.243    0    0  (Gen:  0)
   521560      6456   3254488  0.000  0.000    1.897    0.243    0    0  (Gen:  0)
   521552      4104   3254248  0.000  0.000    1.897    0.244    0    0  (Gen:  0)
   521536      4176   3254480  0.000  0.000    1.898    0.244    0    0  (Gen:  0)
   521424      4256   3254592  0.000  0.000    1.898    0.244    0    0  (Gen:  0)
   521880      3992   3254360  0.000  0.000    1.899    0.244    0    0  (Gen:  0)
   521688      4104   3254488  0.000  0.000    1.899    0.244    0    0  (Gen:  0)
   521432      6768   3257168  0.000  0.000    1.900    0.244    0    0  (Gen:  0)
   521784      6664   3257144  0.001  0.000    1.901    0.244    0    0  (Gen:  0)
   521280      3776   3256752  0.001  0.000    1.902    0.244    0    0  (Gen:  0)
   521392      4016   3257024  0.001  0.000    1.903    0.245    0    0  (Gen:  0)
   521256      4016   3257096  0.001  0.000    1.904    0.245    0    0  (Gen:  0)
   521680      4384   3257480  0.001  0.000    1.906    0.245    0    0  (Gen:  0)
   521744      3984   3257352  0.001  0.000    1.907    0.245    0    0  (Gen:  0)
   521776      4144   3257672  0.001  0.000    1.908    0.245    0    0  (Gen:  0)
   521472      4288   3257848  0.001  0.000    1.909    0.246    0    0  (Gen:  0)
   521568      4192   3258008  0.000  0.000    1.910    0.246    0    0  (Gen:  0)
   521688      4776   3258832  0.000  0.000    1.910    0.246    0    0  (Gen:  0)
   521440      6984   3261760  0.000  0.000    1.911    0.246    0    0  (Gen:  0)
   521800      5744   3261720  0.000  0.000    1.912    0.246    0    0  (Gen:  0)
   521608      4200   3261832  0.000  0.000    1.912    0.246    0    0  (Gen:  0)
   521496      4112   3261776  0.000  0.000    1.913    0.246    0    0  (Gen:  0)
   521592      4200   3261952  0.000  0.000    1.913    0.246    0    0  (Gen:  0)
   521808      4280   3262064  0.000  0.000    1.914    0.247    0    0  (Gen:  0)
   521632      4144   3261976  0.000  0.000    1.914    0.247    0    0  (Gen:  0)
   521760      4040   3261960  0.000  0.000    1.915    0.247    0    0  (Gen:  0)
   521824      4248   3262184  0.000  0.000    1.915    0.247    0    0  (Gen:  0)
   521784      4168   3262152  0.000  0.000    1.916    0.247    0    0  (Gen:  0)
   521584      6000   3264000  0.000  0.000    1.917    0.247    0    0  (Gen:  0)
   521712      5896   3263960  0.000  0.000    1.917    0.247    0    0  (Gen:  0)
   521440      4072   3264056  0.000  0.000    1.918    0.247    0    0  (Gen:  0)
   521496      4040   3264056  0.000  0.000    1.918    0.248    0    0  (Gen:  0)
   521616      4128   3264176  0.000  0.000    1.919    0.248    0    0  (Gen:  0)
   521528      4072   3264136  0.000  0.000    1.919    0.248    0    0  (Gen:  0)
   521544      4320   3264400  0.000  0.000    1.920    0.248    0    0  (Gen:  0)
   521696      4272   3264416  0.000  0.000    1.921    0.248    0    0  (Gen:  0)
   521904      4360   3264592  0.000  0.000    1.921    0.248    0    0  (Gen:  0)
   521680      4008   3264272  0.000  0.000    1.922    0.248    0    0  (Gen:  0)
   521760      4136   3264488  0.000  0.000    1.922    0.248    0    0  (Gen:  0)
   521512      6728   3267112  0.000  0.000    1.923    0.249    0    0  (Gen:  0)
   521592      6560   3267008  0.000  0.000    1.924    0.249    0    0  (Gen:  0)
   521496      4040   3267000  0.000  0.000    1.924    0.249    0    0  (Gen:  0)
   521584      4216   3267192  0.000  0.000    1.925    0.249    0    0  (Gen:  0)
   521472      4256   3267280  0.000  0.000    1.925    0.249    0    0  (Gen:  0)
   521592      4712   3267752  0.000  0.000    1.926    0.249    0    0  (Gen:  0)
   521680      4272   3267584  0.000  0.000    1.926    0.249    0    0  (Gen:  0)
   521688      3792   3267264  0.000  0.000    1.927    0.249    0    0  (Gen:  0)
   521392      4344   3267848  0.000  0.000    1.927    0.250    0    0  (Gen:  0)
   521728      3976   3267736  0.000  0.000    1.928    0.250    0    0  (Gen:  0)
   521576      4240   3268088  0.000  0.000    1.929    0.250    0    0  (Gen:  0)
   521272      8160   3272416  0.000  0.000    1.929    0.250    0    0  (Gen:  0)
   521552      6400   3272512  0.000  0.000    1.930    0.250    0    0  (Gen:  0)
   521656      3976   3272376  0.000  0.000    1.930    0.250    0    0  (Gen:  0)
   521808      4216   3272632  0.000  0.000    1.931    0.250    0    0  (Gen:  0)
   521800      4184   3272648  0.000  0.000    1.932    0.250    0    0  (Gen:  0)
   521600      5880   3274360  0.000  0.000    1.932    0.251    0    0  (Gen:  0)
   521528      4160   3274320  0.000  0.000    1.933    0.251    0    0  (Gen:  0)
   521592      3912   3274232  0.000  0.000    1.933    0.251    0    0  (Gen:  0)
   521728      4192   3274544  0.000  0.000    1.934    0.251    0    0  (Gen:  0)
   521792      4112   3274496  0.000  0.000    1.934    0.251    0    0  (Gen:  0)
   521560      4024   3274424  0.000  0.000    1.935    0.251    0    0  (Gen:  0)
   521560      6472   3276888  0.000  0.000    1.936    0.251    0    0  (Gen:  0)
   521480      6472   3276968  0.000  0.000    1.936    0.251    0    0  (Gen:  0)
   521440      5656   3278456  0.000  0.000    1.937    0.252    0    0  (Gen:  0)
   521608      4032   3278440  0.000  0.000    1.937    0.252    0    0  (Gen:  0)
   521496      4016   3278512  0.000  0.000    1.938    0.252    0    0  (Gen:  0)
   521600      4104   3278632  0.000  0.000    1.938    0.252    0    0  (Gen:  0)
   521544      4256   3278832  0.000  0.000    1.939    0.252    0    0  (Gen:  0)
   521672      4032   3278696  0.000  0.000    1.940    0.252    0    0  (Gen:  0)
   521640      4128   3278808  0.000  0.000    1.940    0.252    0    0  (Gen:  0)
   521880      4072   3278800  0.000  0.000    1.941    0.252    0    0  (Gen:  0)
   521528      6360   3281104  0.000  0.000    1.941    0.253    0    0  (Gen:  0)
   521376      6024   3280832  0.000  0.000    1.942    0.253    0    0  (Gen:  0)
   521336      4200   3281136  0.000  0.000    1.942    0.253    0    0  (Gen:  0)
   521712      4176   3281144  0.000  0.000    1.943    0.253    0    0  (Gen:  0)
   521528      4104   3281104  0.000  0.000    1.944    0.253    0    0  (Gen:  0)
   521544      4032   3281048  0.000  0.000    1.944    0.253    0    0  (Gen:  0)
   521648      6120   3283152  0.000  0.000    1.945    0.253    0    0  (Gen:  0)
   521528      4224   3283088  0.000  0.000    1.945    0.253    0    0  (Gen:  0)
   521736      4320   3283272  0.000  0.000    1.946    0.254    0    0  (Gen:  0)
   521384      4088   3283072  0.000  0.000    1.946    0.254    0    0  (Gen:  0)
   521304      4312   3283384  0.000  0.000    1.947    0.254    0    0  (Gen:  0)
   521432      6728   3285832  0.000  0.000    1.948    0.254    0    0  (Gen:  0)
   521656      6248   3285416  0.000  0.000    1.948    0.254    0    0  (Gen:  0)
   521528      3992   3285576  0.000  0.000    1.949    0.254    0    0  (Gen:  0)
   521744      4016   3285632  0.000  0.000    1.949    0.254    0    0  (Gen:  0)
   521184      4032   3285680  0.000  0.000    1.950    0.254    0    0  (Gen:  0)
   521640      3944   3285608  0.000  0.000    1.950    0.255    0    0  (Gen:  0)
   521552      4544   3286224  0.000  0.000    1.951    0.255    0    0  (Gen:  0)
   521232      4048   3286016  0.000  0.000    1.952    0.255    0    0  (Gen:  0)
   521728      4344   3286400  0.000  0.000    1.952    0.255    0    0  (Gen:  0)
   521696      3984   3286296  0.000  0.000    1.953    0.255    0    0  (Gen:  0)
   521880      4472   3286872  0.000  0.000    1.953    0.255    0    0  (Gen:  0)
   521640      7640   3290456  0.000  0.000    1.954    0.255    0    0  (Gen:  0)
   521440      6296   3290616  0.000  0.000    1.954    0.255    0    0  (Gen:  0)
   521712      3976   3290480  0.000  0.000    1.955    0.256    0    0  (Gen:  0)
   521424      4032   3290552  0.000  0.000    1.956    0.256    0    0  (Gen:  0)
   521544      4184   3290752  0.000  0.000    1.956    0.256    0    0  (Gen:  0)
   521584      6264   3292848  0.000  0.000    1.957    0.256    0    0  (Gen:  0)
   521632      4096   3292656  0.000  0.000    1.957    0.256    0    0  (Gen:  0)
   521640      4144   3292864  0.000  0.000    1.958    0.256    0    0  (Gen:  0)
   521920      4216   3292968  0.000  0.000    1.958    0.256    0    0  (Gen:  0)
   521768      4208   3292992  0.000  0.000    1.959    0.256    0    0  (Gen:  0)
   521640      3944   3292744  0.000  0.000    1.959    0.257    0    0  (Gen:  0)
   521536      6440   3295256  0.000  0.000    1.960    0.257    0    0  (Gen:  0)
   521512      6288   3295184  0.000  0.000    1.961    0.257    0    0  (Gen:  0)
   521600      4168   3295400  0.000  0.000    1.961    0.257    0    0  (Gen:  0)
   521552      4072   3295336  0.000  0.000    1.962    0.257    0    0  (Gen:  0)
   521424      4104   3295456  0.000  0.000    1.962    0.257    0    0  (Gen:  0)
   521336      6224   3297608  0.000  0.000    1.963    0.257    0    0  (Gen:  0)
   521552      4352   3297848  0.000  0.000    1.964    0.257    0    0  (Gen:  0)
   521656      3920   3297504  0.000  0.000    1.964    0.257    0    0  (Gen:  0)
   521760      4248   3297848  0.000  0.000    1.965    0.258    0    0  (Gen:  0)
   521712      4160   3297808  0.000  0.000    1.965    0.258    0    0  (Gen:  0)
   521512      6808   3300472  0.000  0.000    1.966    0.258    0    0  (Gen:  0)
   521424      6536   3300264  0.000  0.000    1.966    0.258    0    0  (Gen:  0)
   521336      4040   3300336  0.000  0.000    1.967    0.258    0    0  (Gen:  0)
   521672      4256   3300584  0.000  0.000    1.968    0.258    0    0  (Gen:  0)
   521504      4256   3300616  0.000  0.000    1.968    0.258    0    0  (Gen:  0)
   521544      4184   3300560  0.000  0.000    1.969    0.258    0    0  (Gen:  0)
   521672      4264   3300656  0.000  0.000    1.969    0.259    0    0  (Gen:  0)
   521648      4072   3300752  0.000  0.000    1.970    0.259    0    0  (Gen:  0)
   521768      3856   3300624  0.000  0.000    1.970    0.259    0    0  (Gen:  0)
   521640      4360   3301144  0.000  0.000    1.971    0.259    0    0  (Gen:  0)
   521472      4296   3301352  0.000  0.000    1.972    0.259    0    0  (Gen:  0)
   521432      7504   3304800  0.000  0.000    1.972    0.259    0    0  (Gen:  0)
   521728      5696   3304816  0.000  0.000    1.973    0.259    0    0  (Gen:  0)
   521552      4160   3305008  0.000  0.000    1.973    0.259    0    0  (Gen:  0)
   521560      4184   3305064  0.000  0.000    1.974    0.260    0    0  (Gen:  0)
   521616      4056   3304968  0.000  0.000    1.974    0.260    0    0  (Gen:  0)
   521592      3984   3304912  0.000  0.000    1.975    0.260    0    0  (Gen:  0)
   521536      4184   3305128  0.000  0.000    1.976    0.260    0    0  (Gen:  0)
   521736      4176   3305184  0.000  0.000    1.976    0.260    0    0  (Gen:  0)
   521920      4248   3305344  0.000  0.000    1.977    0.260    0    0  (Gen:  0)
   521248      4096   3305224  0.000  0.000    1.977    0.260    0    0  (Gen:  0)
   521448      4080   3305296  0.000  0.000    1.978    0.260    0    0  (Gen:  0)
   521408      6176   3307424  0.000  0.000    1.978    0.261    0    0  (Gen:  0)
   521520      5904   3307216  0.000  0.000    1.979    0.261    0    0  (Gen:  0)
   521544      4000   3307160  0.000  0.000    1.980    0.261    0    0  (Gen:  0)
   521680      4176   3307352  0.000  0.000    1.980    0.261    0    0  (Gen:  0)
   521464      4048   3307272  0.000  0.000    1.981    0.261    0    0  (Gen:  0)
   521520      4344   3307584  0.000  0.000    1.981    0.261    0    0  (Gen:  0)
   521480      4096   3307384  0.000  0.000    1.982    0.261    0    0  (Gen:  0)
   521704      4104   3307552  0.000  0.000    1.982    0.261    0    0  (Gen:  0)
   521736      4232   3307712  0.000  0.000    1.983    0.262    0    0  (Gen:  0)
   521728      4240   3307752  0.000  0.000    1.983    0.262    0    0  (Gen:  0)
   521680      3984   3307512  0.000  0.000    1.984    0.262    0    0  (Gen:  0)
   521464      6600   3310144  0.000  0.000    1.985    0.262    0    0  (Gen:  0)
   521504      6600   3310224  0.000  0.000    1.985    0.262    0    0  (Gen:  0)
   521632      4328   3310464  0.000  0.000    1.986    0.262    0    0  (Gen:  0)
   521480      4200   3310368  0.000  0.000    1.986    0.262    0    0  (Gen:  0)
   521544      4160   3310416  0.000  0.000    1.987    0.262    0    0  (Gen:  0)
   521728      4488   3310776  0.000  0.000    1.987    0.263    0    0  (Gen:  0)
   521616      4368   3310928  0.000  0.000    1.988    0.263    0    0  (Gen:  0)
   521480      4184   3310832  0.000  0.000    1.989    0.263    0    0  (Gen:  0)
   521568      4512   3311176  0.000  0.000    1.989    0.263    0    0  (Gen:  0)
   521760      4408   3311344  0.000  0.000    1.990    0.263    0    0  (Gen:  0)
   521496      5320   3312488  0.001  0.000    1.991    0.263    0    0  (Gen:  0)
   521720      6552   3315160  0.000  0.000    1.992    0.263    0    0  (Gen:  0)
   521752      5952   3315144  0.000  0.000    1.993    0.264    0    0  (Gen:  0)
   521584      4216   3315328  0.000  0.000    1.994    0.264    0    0  (Gen:  0)
   521280      3944   3315088  0.000  0.000    1.995    0.264    0    0  (Gen:  0)
   521440      3928   3315160  0.000  0.000    1.996    0.264    0    0  (Gen:  0)
   521872      5896   3317160  0.000  0.000    1.997    0.264    0    0  (Gen:  0)
   521776      4056   3317000  0.000  0.000    1.998    0.264    0    0  (Gen:  0)
   521648      3968   3317000  0.000  0.000    1.999    0.264    0    0  (Gen:  0)
   521696      4096   3317144  0.000  0.000    1.999    0.265    0    0  (Gen:  0)
   521240      4000   3317096  0.000  0.000    2.000    0.265    0    0  (Gen:  0)
   521680      6568   3319680  0.000  0.000    2.001    0.265    0    0  (Gen:  0)
   521616      6432   3319608  0.000  0.000    2.002    0.265    0    0  (Gen:  0)
   521416      4488   3320056  0.000  0.000    2.003    0.265    0    0  (Gen:  0)
   521712      5688   3321672  0.000  0.000    2.004    0.265    0    0  (Gen:  0)
   521744      4112   3321544  0.000  0.000    2.005    0.266    0    0  (Gen:  0)
   521728      4072   3321520  0.000  0.000    2.006    0.266    0    0  (Gen:  0)
   521624      4320   3321784  0.000  0.000    2.007    0.266    0    0  (Gen:  0)
   521608      3864   3321392  0.000  0.000    2.008    0.266    0    0  (Gen:  0)
   521968      4176   3321792  0.000  0.000    2.009    0.266    0    0  (Gen:  0)
   521624      4016   3321664  0.000  0.000    2.010    0.266    0    0  (Gen:  0)
   521832      4200   3321936  0.000  0.000    2.010    0.266    0    0  (Gen:  0)
   521304      6184   3323952  0.000  0.000    2.011    0.267    0    0  (Gen:  0)
   521936      6080   3323912  0.000  0.000    2.012    0.267    0    0  (Gen:  0)
   521648      3968   3323856  0.000  0.000    2.013    0.267    0    0  (Gen:  0)
   521488      4304   3324208  0.000  0.000    2.014    0.267    0    0  (Gen:  0)
   521448      4128   3324080  0.000  0.000    2.015    0.267    0    0  (Gen:  0)
   521816      5864   3325832  0.000  0.000    2.016    0.267    0    0  (Gen:  0)
   521480      4056   3325840  0.000  0.000    2.017    0.268    0    0  (Gen:  0)
   521344      4104   3326048  0.000  0.000    2.018    0.268    0    0  (Gen:  0)
   521552      4288   3326264  0.000  0.000    2.018    0.268    0    0  (Gen:  0)
   521800      4128   3326136  0.000  0.000    2.019    0.268    0    0  (Gen:  0)
   521744      3984   3326008  0.000  0.000    2.020    0.268    0    0  (Gen:  0)
   521552      6488   3328528  0.001  0.000    2.022    0.268    0    0  (Gen:  0)
   521608      6488   3328608  0.001  0.000    2.023    0.269    0    0  (Gen:  0)
   521568      4344   3328808  0.001  0.000    2.025    0.269    0    0  (Gen:  0)
   521544      4256   3328752  0.001  0.000    2.026    0.269    0    0  (Gen:  0)
   521528      4288   3328872  0.001  0.000    2.028    0.269    0    0  (Gen:  0)
   521736      4376   3328992  0.001  0.000    2.029    0.269    0    0  (Gen:  0)
   521584      4088   3328976  0.001  0.000    2.030    0.270    0    0  (Gen:  0)
   521504      4016   3329064  0.000  0.000    2.031    0.270    0    0  (Gen:  0)
   521592      4344   3329424  0.000  0.000    2.032    0.270    0    0  (Gen:  0)
   521736      4280   3329616  0.000  0.000    2.033    0.270    0    0  (Gen:  0)
   521448      4952   3330528  0.000  0.000    2.034    0.270    0    0  (Gen:  0)
   521544      7176   3333632  0.000  0.000    2.035    0.270    0    0  (Gen:  0)
   521864      6328   3333664  0.000  0.000    2.036    0.271    0    0  (Gen:  0)
   521552      4360   3333880  0.000  0.000    2.037    0.271    0    0  (Gen:  0)
   521640      3768   3333320  0.000  0.000    2.038    0.271    0    0  (Gen:  0)
   521392      4088   3333728  0.000  0.000    2.039    0.271    0    0  (Gen:  0)
   521672      6168   3335840  0.000  0.000    2.039    0.271    0    0  (Gen:  0)
   521440      4184   3335832  0.000  0.000    2.040    0.271    0    0  (Gen:  0)
   521728      4112   3335848  0.000  0.000    2.041    0.271    0    0  (Gen:  0)
   521736      4160   3335912  0.000  0.000    2.042    0.272    0    0  (Gen:  0)
   521768      4112   3335912  0.000  0.000    2.043    0.272    0    0  (Gen:  0)
   521608      6608   3338424  0.000  0.000    2.044    0.272    0    0  (Gen:  0)
   521568      6616   3338496  0.000  0.000    2.045    0.272    0    0  (Gen:  0)
   521512      3960   3338248  0.000  0.000    2.046    0.272    0    0  (Gen:  0)
   521480      4032   3338352  0.000  0.000    2.047    0.272    0    0  (Gen:  0)
   521576      4144   3338496  0.000  0.000    2.047    0.272    0    0  (Gen:  0)
   521560      3960   3338328  0.000  0.000    2.048    0.273    0    0  (Gen:  0)
   521680      6328   3340712  0.000  0.000    2.049    0.273    0    0  (Gen:  0)
   521360      4200   3340712  0.000  0.000    2.050    0.273    0    0  (Gen:  0)
   521600      4248   3340848  0.000  0.000    2.051    0.273    0    0  (Gen:  0)
   521632      4024   3340656  0.000  0.000    2.052    0.273    0    0  (Gen:  0)
   521776      4176   3340896  0.000  0.000    2.053    0.273    0    0  (Gen:  0)
   521496      6712   3343464  0.000  0.000    2.054    0.274    0    0  (Gen:  0)
   521656      6736   3343552  0.000  0.000    2.054    0.274    0    0  (Gen:  0)
   521480      3912   3343224  0.000  0.000    2.055    0.274    0    0  (Gen:  0)
   521400      4272   3343600  0.000  0.000    2.056    0.274    0    0  (Gen:  0)
   521240      4096   3343472  0.000  0.000    2.057    0.274    0    0  (Gen:  0)
   521624      4640   3344032  0.000  0.000    2.058    0.274    0    0  (Gen:  0)
   521688      4216   3343880  0.000  0.000    2.059    0.274    0    0  (Gen:  0)
   521752      4200   3344024  0.000  0.000    2.060    0.275    0    0  (Gen:  0)
   521592      4408   3344264  0.000  0.000    2.061    0.275    0    0  (Gen:  0)
   521552      4448   3344560  0.000  0.000    2.061    0.275    0    0  (Gen:  0)
   521576      4376   3344728  0.000  0.000    2.062    0.275    0    0  (Gen:  0)
   521448      7232   3347984  0.000  0.000    2.063    0.275    0    0  (Gen:  0)
   521808      5840   3348112  0.000  0.000    2.064    0.275    0    0  (Gen:  0)
   521704      3920   3347848  0.000  0.000    2.065    0.275    0    0  (Gen:  0)
   521432      4080   3348024  0.000  0.000    2.066    0.276    0    0  (Gen:  0)
   521536      4104   3348096  0.000  0.000    2.067    0.276    0    0  (Gen:  0)
   521688      4360   3348368  0.000  0.000    2.068    0.276    0    0  (Gen:  0)
   521856      4144   3348200  0.000  0.000    2.068    0.276    0    0  (Gen:  0)
   521560      4040   3348256  0.000  0.000    2.069    0.276    0    0  (Gen:  0)
   521904      4104   3348352  0.000  0.000    2.070    0.276    0    0  (Gen:  0)
   521832      4000   3348280  0.000  0.000    2.071    0.276    0    0  (Gen:  0)
   521552      3976   3348272  0.000  0.000    2.072    0.277    0    0  (Gen:  0)
   521744      6096   3350408  0.000  0.000    2.073    0.277    0    0  (Gen:  0)
   521408      5992   3350384  0.000  0.000    2.074    0.277    0    0  (Gen:  0)
   521592      4216   3350456  0.000  0.000    2.075    0.277    0    0  (Gen:  0)
   521544      4128   3350400  0.000  0.000    2.076    0.277    0    0  (Gen:  0)
   521584      4200   3350560  0.000  0.000    2.076    0.277    0    0  (Gen:  0)
   521520      4120   3350512  0.000  0.000    2.077    0.278    0    0  (Gen:  0)
   521704      4112   3350552  0.000  0.000    2.078    0.278    0    0  (Gen:  0)
   521664      4016   3350544  0.000  0.000    2.079    0.278    0    0  (Gen:  0)
   521912      4000   3350544  0.000  0.000    2.080    0.278    0    0  (Gen:  0)
   521760      4064   3350656  0.000  0.000    2.081    0.278    0    0  (Gen:  0)
   521552      6784   3353392  0.000  0.000    2.082    0.278    0    0  (Gen:  0)
   521544      6664   3353336  0.000  0.000    2.083    0.278    0    0  (Gen:  0)
   521448      4120   3353376  0.000  0.000    2.083    0.279    0    0  (Gen:  0)
   521608      4200   3353488  0.000  0.000    2.084    0.279    0    0  (Gen:  0)
   521592      4064   3353384  0.000  0.000    2.085    0.279    0    0  (Gen:  0)
   521384      4056   3353392  0.000  0.000    2.086    0.279    0    0  (Gen:  0)
   521736      4600   3353952  0.000  0.000    2.087    0.279    0    0  (Gen:  0)
   521776      4120   3353760  0.000  0.000    2.088    0.279    0    0  (Gen:  0)
   521264      4392   3354120  0.000  0.000    2.089    0.279    0    0  (Gen:  0)
   521792      4168   3354152  0.000  0.000    2.090    0.280    0    0  (Gen:  0)
   521704      4528   3354600  0.000  0.000    2.090    0.280    0    0  (Gen:  0)
   521464      8000   3358488  0.000  0.000    2.091    0.280    0    0  (Gen:  0)
   521768      6200   3358512  0.000  0.000    2.092    0.280    0    0  (Gen:  0)
   521752      3736   3357968  0.000  0.000    2.093    0.280    0    0  (Gen:  0)
   521496      4080   3358328  0.000  0.000    2.094    0.280    0    0  (Gen:  0)
   521176      4088   3358384  0.000  0.000    2.095    0.281    0    0  (Gen:  0)
   521600      3912   3358224  0.000  0.000    2.096    0.281    0    0  (Gen:  0)
   521904      5952   3360280  0.000  0.000    2.097    0.281    0    0  (Gen:  0)
   521760      4112   3360136  0.000  0.000    2.098    0.281    0    0  (Gen:  0)
   521872      4176   3360288  0.000  0.000    2.099    0.281    0    0  (Gen:  0)
   521304      3976   3360120  0.000  0.000    2.099    0.281    0    0  (Gen:  0)
   521408      4144   3360376  0.000  0.000    2.100    0.281    0    0  (Gen:  0)
   521672      6376   3362640  0.000  0.000    2.101    0.282    0    0  (Gen:  0)
   521568      6360   3362688  0.000  0.000    2.102    0.282    0    0  (Gen:  0)
   521392      4576   3363208  0.000  0.000    2.103    0.282    0    0  (Gen:  0)
   521792      5304   3364496  0.000  0.000    2.104    0.282    0    0  (Gen:  0)
   521792      4088   3364424  0.000  0.000    2.105    0.282    0    0  (Gen:  0)
   521608      4112   3364464  0.000  0.000    2.106    0.282    0    0  (Gen:  0)
   521680      4128   3364528  0.000  0.000    2.107    0.282    0    0  (Gen:  0)
   521608      4120   3364680  0.000  0.000    2.107    0.283    0    0  (Gen:  0)
   521928      4272   3364864  0.000  0.000    2.108    0.283    0    0  (Gen:  0)
   521744      4112   3364736  0.000  0.000    2.109    0.283    0    0  (Gen:  0)
   521600      4128   3364768  0.000  0.000    2.110    0.283    0    0  (Gen:  0)
   521536      6264   3366920  0.000  0.000    2.111    0.283    0    0  (Gen:  0)
   521792      6112   3366848  0.000  0.000    2.112    0.283    0    0  (Gen:  0)
   521720      4232   3367024  0.000  0.000    2.113    0.284    0    0  (Gen:  0)
   521544      4144   3366968  0.000  0.000    2.114    0.284    0    0  (Gen:  0)
   521480      4120   3367032  0.000  0.000    2.114    0.284    0    0  (Gen:  0)
   521800      6056   3369000  0.000  0.000    2.115    0.284    0    0  (Gen:  0)
   521208      4288   3369048  0.000  0.000    2.116    0.284    0    0  (Gen:  0)
   521552      3960   3368808  0.000  0.000    2.117    0.284    0    0  (Gen:  0)
   521504      4304   3369168  0.001  0.000    2.119    0.285    0    0  (Gen:  0)
   521784      4144   3369056  0.001  0.000    2.120    0.285    0    0  (Gen:  0)
   521792      6648   3371576  0.001  0.000    2.121    0.285    0    0  (Gen:  0)
   521544      6528   3371520  0.001  0.000    2.123    0.285    0    0  (Gen:  0)
   521480      4056   3371464  0.001  0.000    2.124    0.285    0    0  (Gen:  0)
   521544      4272   3371712  0.000  0.000    2.125    0.286    0    0  (Gen:  0)
   521696      4136   3371608  0.000  0.000    2.126    0.286    0    0  (Gen:  0)
   521448      4112   3371600  0.000  0.000    2.127    0.286    0    0  (Gen:  0)
   521672      4512   3372016  0.000  0.000    2.128    0.286    0    0  (Gen:  0)
   521824      4224   3372016  0.000  0.000    2.128    0.286    0    0  (Gen:  0)
   521248      4608   3372488  0.000  0.000    2.129    0.286    0    0  (Gen:  0)
   521752      4240   3372376  0.000  0.000    2.130    0.286    0    0  (Gen:  0)
   521760      4392   3372616  0.000  0.000    2.131    0.287    0    0  (Gen:  0)
   521304      7816   3376456  0.000  0.000    2.132    0.287    0    0  (Gen:  0)
   521784      6200   3376344  0.000  0.000    2.133    0.287    0    0  (Gen:  0)
   521752      4088   3376488  0.000  0.000    2.134    0.287    0    0  (Gen:  0)
   521488      4016   3376448  0.000  0.000    2.135    0.287    0    0  (Gen:  0)
   521584      4032   3376496  0.000  0.000    2.136    0.287    0    0  (Gen:  0)
   521528      4032   3376512  0.000  0.000    2.136    0.287    0    0  (Gen:  0)
   521664      6264   3378760  0.000  0.000    2.137    0.288    0    0  (Gen:  0)
   521440      3840   3378328  0.000  0.000    2.138    0.288    0    0  (Gen:  0)
   521688      4216   3378792  0.000  0.000    2.139    0.288    0    0  (Gen:  0)
   521872      3976   3378584  0.000  0.000    2.140    0.288    0    0  (Gen:  0)
   521688      4128   3378824  0.000  0.000    2.141    0.288    0    0  (Gen:  0)
   521496      6416   3381144  0.000  0.000    2.142    0.288    0    0  (Gen:  0)
   521488      6504   3381296  0.000  0.000    2.143    0.289    0    0  (Gen:  0)
   521672      4056   3381184  0.000  0.000    2.144    0.289    0    0  (Gen:  0)
   521480      4136   3381280  0.000  0.000    2.144    0.289    0    0  (Gen:  0)
   521536      4160   3381352  0.000  0.000    2.145    0.289    0    0  (Gen:  0)
   521576      6344   3383552  0.000  0.000    2.146    0.289    0    0  (Gen:  0)
   521664      3984   3383304  0.000  0.000    2.147    0.289    0    0  (Gen:  0)
   521440      4088   3383568  0.000  0.000    2.148    0.289    0    0  (Gen:  0)
   521400      4160   3383672  0.000  0.000    2.149    0.290    0    0  (Gen:  0)
   521912      4056   3383600  0.000  0.000    2.150    0.290    0    0  (Gen:  0)
   521632      4056   3383616  0.000  0.000    2.151    0.290    0    0  (Gen:  0)
   521464      6712   3386288  0.000  0.000    2.152    0.290    0    0  (Gen:  0)
   521768      6624   3386280  0.000  0.000    2.152    0.290    0    0  (Gen:  0)
   521216      4328   3386480  0.000  0.000    2.153    0.290    0    0  (Gen:  0)
   521376      4152   3386336  0.000  0.000    2.154    0.290    0    0  (Gen:  0)
   521352      4000   3386272  0.000  0.000    2.155    0.291    0    0  (Gen:  0)
   521704      4528   3386832  0.000  0.000    2.156    0.291    0    0  (Gen:  0)
   521768      4256   3386832  0.000  0.000    2.157    0.291    0    0  (Gen:  0)
   521784      4056   3386720  0.000  0.000    2.158    0.291    0    0  (Gen:  0)
   521456      4384   3387064  0.000  0.000    2.159    0.291    0    0  (Gen:  0)
   521528      4312   3387264  0.000  0.000    2.159    0.291    0    0  (Gen:  0)
   521560      7960   3391152  0.000  0.000    2.160    0.292    0    0  (Gen:  0)
   521568      5448   3390464  0.000  0.000    2.161    0.292    0    0  (Gen:  0)
   521792      3976   3390720  0.000  0.000    2.162    0.292    0    0  (Gen:  0)
   521568      4144   3390920  0.000  0.000    2.163    0.292    0    0  (Gen:  0)
   521576      3944   3390752  0.000  0.000    2.164    0.292    0    0  (Gen:  0)
   521584      3944   3390840  0.000  0.000    2.165    0.292    0    0  (Gen:  0)
   521736      4304   3391232  0.000  0.000    2.166    0.292    0    0  (Gen:  0)
   521664      4104   3391080  0.000  0.000    2.167    0.293    0    0  (Gen:  0)
   521792      3944   3391008  0.000  0.000    2.167    0.293    0    0  (Gen:  0)
   521808      4192   3391272  0.000  0.000    2.168    0.293    0    0  (Gen:  0)
   521784      4112   3391240  0.000  0.000    2.169    0.293    0    0  (Gen:  0)
   521632      6024   3393168  0.000  0.000    2.170    0.293    0    0  (Gen:  0)
   521688      5936   3393144  0.000  0.000    2.171    0.293    0    0  (Gen:  0)
   521368      4016   3393144  0.000  0.000    2.172    0.293    0    0  (Gen:  0)
   521440      4056   3393216  0.000  0.000    2.173    0.294    0    0  (Gen:  0)
   521704      4240   3393432  0.000  0.000    2.174    0.294    0    0  (Gen:  0)
   521544      4016   3393224  0.000  0.000    2.174    0.294    0    0  (Gen:  0)
   521640      4336   3393560  0.000  0.000    2.175    0.294    0    0  (Gen:  0)
   521616      4200   3393488  0.000  0.000    2.176    0.294    0    0  (Gen:  0)
   521952      4288   3393664  0.000  0.000    2.177    0.294    0    0  (Gen:  0)
   521568      4024   3393432  0.000  0.000    2.178    0.294    0    0  (Gen:  0)
   521864      4144   3393640  0.000  0.000    2.179    0.295    0    0  (Gen:  0)
   521472      6632   3396160  0.000  0.000    2.180    0.295    0    0  (Gen:  0)
   521568      6664   3396256  0.000  0.000    2.181    0.295    0    0  (Gen:  0)
   521528      4112   3396216  0.000  0.000    2.181    0.295    0    0  (Gen:  0)
   521600      4176   3396296  0.000  0.000    2.182    0.295    0    0  (Gen:  0)
   521360      4128   3396296  0.000  0.000    2.183    0.295    0    0  (Gen:  0)
   521736      4408   3396592  0.000  0.000    2.184    0.296    0    0  (Gen:  0)
   521616      4112   3396568  0.000  0.000    2.185    0.296    0    0  (Gen:  0)
   521600      4144   3396760  0.000  0.000    2.186    0.296    0    0  (Gen:  0)
   521368      4392   3397040  0.000  0.000    2.187    0.296    0    0  (Gen:  0)
   521800      4344   3397248  0.000  0.000    2.187    0.296    0    0  (Gen:  0)
   521632      4440   3397584  0.000  0.000    2.188    0.296    0    0  (Gen:  0)
   521520      7688   3401232  0.000  0.000    2.189    0.296    0    0  (Gen:  0)
   521736      6064   3401288  0.000  0.000    2.190    0.297    0    0  (Gen:  0)
   521736      4360   3401504  0.000  0.000    2.191    0.297    0    0  (Gen:  0)
   521376      4256   3401432  0.000  0.000    2.192    0.297    0    0  (Gen:  0)
   521336      4160   3401424  0.000  0.000    2.193    0.297    0    0  (Gen:  0)
   521816      5872   3403168  0.000  0.000    2.194    0.297    0    0  (Gen:  0)
   521816      3992   3402968  0.000  0.000    2.195    0.297    0    0  (Gen:  0)
   521672      4088   3403224  0.000  0.000    2.196    0.297    0    0  (Gen:  0)
   521808      4016   3403184  0.000  0.000    2.196    0.298    0    0  (Gen:  0)
   521184      4032   3403232  0.000  0.000    2.197    0.298    0    0  (Gen:  0)
   521400      4000   3403216  0.000  0.000    2.198    0.298    0    0  (Gen:  0)
   521896      6456   3405688  0.000  0.000    2.199    0.298    0    0  (Gen:  0)
   521376      6336   3405648  0.000  0.000    2.200    0.298    0    0  (Gen:  0)
   521648      5648   3407264  0.000  0.000    2.201    0.298    0    0  (Gen:  0)
   521648      4040   3407264  0.000  0.000    2.202    0.299    0    0  (Gen:  0)
   521856      3784   3407096  0.000  0.000    2.203    0.299    0    0  (Gen:  0)
   521584      4304   3407648  0.000  0.000    2.203    0.299    0    0  (Gen:  0)
   521640      4072   3407464  0.000  0.000    2.204    0.299    0    0  (Gen:  0)
   521760      3968   3407448  0.000  0.000    2.205    0.299    0    0  (Gen:  0)
   521848      4208   3407704  0.000  0.000    2.206    0.299    0    0  (Gen:  0)
   521792      4088   3407632  0.000  0.000    2.207    0.299    0    0  (Gen:  0)
   521480      6376   3409936  0.000  0.000    2.208    0.300    0    0  (Gen:  0)
   521744      6168   3409792  0.000  0.000    2.209    0.300    0    0  (Gen:  0)
   521680      4160   3409912  0.000  0.000    2.210    0.300    0    0  (Gen:  0)
   521464      4288   3410072  0.000  0.000    2.210    0.300    0    0  (Gen:  0)
   521560      4208   3410024  0.000  0.000    2.211    0.300    0    0  (Gen:  0)
   521680      3904   3409736  0.000  0.000    2.212    0.300    0    0  (Gen:  0)
   521648      6032   3411880  0.000  0.000    2.213    0.300    0    0  (Gen:  0)
   521288      4128   3411808  0.000  0.000    2.214    0.301    0    0  (Gen:  0)
   521584      4248   3412016  0.000  0.000    2.215    0.301    0    0  (Gen:  0)
   521576      4072   3411872  0.000  0.000    2.216    0.301    0    0  (Gen:  0)
   521792      4016   3411904  0.000  0.000    2.217    0.301    0    0  (Gen:  0)
   521704      6576   3414496  0.000  0.000    2.218    0.301    0    0  (Gen:  0)
   521576      6512   3414496  0.000  0.000    2.218    0.301    0    0  (Gen:  0)
   521528      4128   3414456  0.000  0.000    2.219    0.301    0    0  (Gen:  0)
   521576      4120   3414464  0.000  0.000    2.220    0.302    0    0  (Gen:  0)
   521568      4088   3414480  0.000  0.000    2.221    0.302    0    0  (Gen:  0)
   521672      4696   3415104  0.000  0.000    2.222    0.302    0    0  (Gen:  0)
   521600      4104   3414784  0.000  0.000    2.223    0.302    0    0  (Gen:  0)
   521632      4184   3415024  0.000  0.000    2.224    0.302    0    0  (Gen:  0)
   521320      4480   3415352  0.000  0.000    2.224    0.302    0    0  (Gen:  0)
   521800      4408   3415536  0.000  0.000    2.225    0.303    0    0  (Gen:  0)
   521624      4336   3415704  0.000  0.000    2.226    0.303    0    0  (Gen:  0)
   521432      7720   3419488  0.000  0.000    2.227    0.303    0    0  (Gen:  0)
   521720      6128   3419256  0.000  0.000    2.228    0.303    0    0  (Gen:  0)
   521752      3904   3419216  0.000  0.000    2.229    0.303    0    0  (Gen:  0)
   521560      4032   3419360  0.000  0.000    2.230    0.303    0    0  (Gen:  0)
   521368      3976   3419352  0.000  0.000    2.231    0.303    0    0  (Gen:  0)
   521712      6056   3421448  0.000  0.000    2.232    0.304    0    0  (Gen:  0)
   521640      4104   3421472  0.000  0.000    2.232    0.304    0    0  (Gen:  0)
   521528      4008   3421536  0.000  0.000    2.233    0.304    0    0  (Gen:  0)
   521736      4192   3421752  0.000  0.000    2.234    0.304    0    0  (Gen:  0)
   521744      4056   3421648  0.000  0.000    2.235    0.304    0    0  (Gen:  0)
   521720      4088   3421696  0.000  0.000    2.236    0.304    0    0  (Gen:  0)
   521576      6368   3423992  0.000  0.000    2.237    0.304    0    0  (Gen:  0)
   521424      6424   3424128  0.000  0.000    2.238    0.305    0    0  (Gen:  0)
   521608      4200   3424240  0.000  0.000    2.239    0.305    0    0  (Gen:  0)
   521496      4112   3424184  0.000  0.000    2.240    0.305    0    0  (Gen:  0)
   521592      4200   3424360  0.000  0.000    2.240    0.305    0    0  (Gen:  0)
   521520      6344   3426536  0.000  0.000    2.241    0.305    0    0  (Gen:  0)
   521560      4160   3426464  0.000  0.000    2.242    0.305    0    0  (Gen:  0)
   521480      4112   3426504  0.000  0.000    2.243    0.306    0    0  (Gen:  0)
   521576      4232   3426640  0.000  0.000    2.244    0.306    0    0  (Gen:  0)
   521760      4040   3426496  0.000  0.000    2.245    0.306    0    0  (Gen:  0)
   521568      6688   3429160  0.000  0.000    2.246    0.306    0    0  (Gen:  0)
   521640      6608   3429144  0.000  0.000    2.247    0.306    0    0  (Gen:  0)
   521552      4128   3429232  0.000  0.000    2.248    0.306    0    0  (Gen:  0)
   521416      4176   3429312  0.000  0.000    2.248    0.306    0    0  (Gen:  0)
   521208      4168   3429336  0.000  0.000    2.249    0.307    0    0  (Gen:  0)
   521576      4088   3429272  0.000  0.000    2.250    0.307    0    0  (Gen:  0)
   521680      4576   3429776  0.000  0.000    2.251    0.307    0    0  (Gen:  0)
   521664      4272   3429760  0.000  0.000    2.252    0.307    0    0  (Gen:  0)
   521792      4448   3430024  0.000  0.000    2.253    0.307    0    0  (Gen:  0)
   521504      4000   3429832  0.000  0.000    2.254    0.307    0    0  (Gen:  0)
   521488      4472   3430392  0.000  0.000    2.254    0.307    0    0  (Gen:  0)
   521464      7488   3433824  0.000  0.000    2.255    0.308    0    0  (Gen:  0)
   521736      5856   3433856  0.000  0.000    2.256    0.308    0    0  (Gen:  0)
   521792      4096   3433752  0.000  0.000    2.257    0.308    0    0  (Gen:  0)
   521424      4360   3434032  0.000  0.000    2.258    0.308    0    0  (Gen:  0)
   521488      4256   3433976  0.000  0.000    2.259    0.308    0    0  (Gen:  0)
   521680      4328   3434064  0.000  0.000    2.260    0.308    0    0  (Gen:  0)
   521880      4080   3433864  0.000  0.000    2.261    0.308    0    0  (Gen:  0)
   521608      3976   3433920  0.000  0.000    2.262    0.309    0    0  (Gen:  0)
   521896      4160   3434136  0.000  0.000    2.263    0.309    0    0  (Gen:  0)
   521728      3976   3433984  0.000  0.000    2.264    0.309    0    0  (Gen:  0)
   521792      4072   3434168  0.000  0.000    2.265    0.309    0    0  (Gen:  0)
   521592      5880   3436008  0.000  0.000    2.266    0.309    0    0  (Gen:  0)
   521544      6016   3436208  0.000  0.000    2.267    0.309    0    0  (Gen:  0)
   521528      4000   3436040  0.000  0.000    2.267    0.310    0    0  (Gen:  0)
   521472      3984   3436040  0.000  0.000    2.268    0.310    0    0  (Gen:  0)
   521552      3928   3436032  0.000  0.000    2.269    0.310    0    0  (Gen:  0)
   521592      4304   3436424  0.000  0.000    2.270    0.310    0    0  (Gen:  0)
   521712      4120   3436288  0.000  0.000    2.271    0.310    0    0  (Gen:  0)
   521568      4160   3436488  0.000  0.000    2.272    0.310    0    0  (Gen:  0)
   521920      4232   3436592  0.000  0.000    2.273    0.310    0    0  (Gen:  0)
   521784      3936   3436328  0.000  0.000    2.273    0.311    0    0  (Gen:  0)
   521640      4048   3436456  0.000  0.000    2.274    0.311    0    0  (Gen:  0)
   521536      6816   3439240  0.000  0.000    2.275    0.311    0    0  (Gen:  0)
   521368      6576   3439080  0.000  0.000    2.276    0.311    0    0  (Gen:  0)
   521640      4192   3439208  0.000  0.000    2.277    0.311    0    0  (Gen:  0)
   521664      3912   3438960  0.000  0.000    2.278    0.311    0    0  (Gen:  0)
   521440      4088   3439224  0.000  0.000    2.279    0.312    0    0  (Gen:  0)
   521592      4512   3439680  0.000  0.000    2.280    0.312    0    0  (Gen:  0)
   521752      4256   3439696  0.000  0.000    2.281    0.312    0    0  (Gen:  0)
   521392      3808   3439336  0.000  0.000    2.281    0.312    0    0  (Gen:  0)
   521632      4472   3440016  0.000  0.000    2.282    0.312    0    0  (Gen:  0)
   521720      4336   3440152  0.000  0.000    2.283    0.312    0    0  (Gen:  0)
   521464      7984   3444040  0.000  0.000    2.284    0.312    0    0  (Gen:  0)
   521752      6016   3444056  0.000  0.000    2.285    0.313    0    0  (Gen:  0)
   521760      4216   3444248  0.000  0.000    2.286    0.313    0    0  (Gen:  0)
   521608      4136   3444200  0.000  0.000    2.287    0.313    0    0  (Gen:  0)
   521240      4224   3444320  0.000  0.000    2.288    0.313    0    0  (Gen:  0)
   521496      4072   3444184  0.000  0.000    2.289    0.313    0    0  (Gen:  0)
   521856      5952   3446080  0.000  0.000    2.289    0.313    0    0  (Gen:  0)
   521768      4240   3446064  0.000  0.000    2.290    0.313    0    0  (Gen:  0)
   521760      4288   3446200  0.000  0.000    2.291    0.314    0    0  (Gen:  0)
   521568      4200   3446144  0.000  0.000    2.292    0.314    0    0  (Gen:  0)
   521312      4200   3446232  0.000  0.000    2.293    0.314    0    0  (Gen:  0)
   521600      6472   3448536  0.000  0.000    2.294    0.314    0    0  (Gen:  0)
   521560      6360   3448488  0.000  0.000    2.295    0.314    0    0  (Gen:  0)
   521400      4488   3449008  0.000  0.000    2.296    0.314    0    0  (Gen:  0)
   521824      5544   3450480  0.000  0.000    2.297    0.315    0    0  (Gen:  0)
   521784      3984   3450368  0.000  0.000    2.297    0.315    0    0  (Gen:  0)
   521728      3944   3450344  0.000  0.000    2.298    0.315    0    0  (Gen:  0)
   521592      4304   3450720  0.000  0.000    2.299    0.315    0    0  (Gen:  0)
   521584      4144   3450624  0.000  0.000    2.300    0.315    0    0  (Gen:  0)
   521928      4072   3450640  0.000  0.000    2.301    0.315    0    0  (Gen:  0)
   521648      4040   3450640  0.000  0.000    2.302    0.315    0    0  (Gen:  0)
   521856      3784   3450472  0.000  0.000    2.303    0.316    0    0  (Gen:  0)
   521432      6152   3452872  0.000  0.000    2.304    0.316    0    0  (Gen:  0)
   521832      6152   3452936  0.000  0.000    2.304    0.316    0    0  (Gen:  0)
   521528      4056   3452896  0.000  0.000    2.305    0.316    0    0  (Gen:  0)
   521664      4080   3452936  0.000  0.000    2.306    0.316    0    0  (Gen:  0)
   521480      4104   3453008  0.000  0.000    2.307    0.316    0    0  (Gen:  0)
   521760      6128   3455048  0.000  0.000    2.308    0.316    0    0  (Gen:  0)
   521320      4272   3455008  0.000  0.000    2.309    0.317    0    0  (Gen:  0)
   521424      4256   3455152  0.000  0.000    2.310    0.317    0    0  (Gen:  0)
   521560      3880   3454808  0.000  0.000    2.311    0.317    0    0  (Gen:  0)
   521832      4032   3454992  0.000  0.000    2.311    0.317    0    0  (Gen:  0)
   521728      3904   3454880  0.000  0.000    2.312    0.317    0    0  (Gen:  0)
   521520      6592   3457584  0.000  0.000    2.313    0.317    0    0  (Gen:  0)
   521640      6528   3457600  0.000  0.000    2.314    0.318    0    0  (Gen:  0)
   521584      4248   3457664  0.000  0.000    2.315    0.318    0    0  (Gen:  0)
   521552      4032   3457480  0.000  0.000    2.316    0.318    0    0  (Gen:  0)
   521552      4144   3457680  0.000  0.000    2.317    0.318    0    0  (Gen:  0)
   521664      4528   3458096  0.000  0.000    2.318    0.318    0    0  (Gen:  0)
   521616      4272   3458112  0.000  0.000    2.318    0.318    0    0  (Gen:  0)
   521416      4080   3458008  0.000  0.000    2.319    0.318    0    0  (Gen:  0)
   521632      4448   3458392  0.000  0.000    2.320    0.319    0    0  (Gen:  0)
   521744      4328   3458544  0.000  0.000    2.321    0.319    0    0  (Gen:  0)
   521480      8032   3462488  0.000  0.000    2.322    0.319    0    0  (Gen:  0)
   521584      6352   3462472  0.000  0.000    2.323    0.319    0    0  (Gen:  0)
   521760      4256   3462632  0.000  0.000    2.324    0.319    0    0  (Gen:  0)
   521568      4096   3462504  0.000  0.000    2.325    0.319    0    0  (Gen:  0)
   521688      4296   3462736  0.000  0.000    2.326    0.319    0    0  (Gen:  0)
   521376      4112   3462568  0.000  0.000    2.326    0.320    0    0  (Gen:  0)
   521616      6120   3464592  0.000  0.000    2.327    0.320    0    0  (Gen:  0)
   521512      4056   3464520  0.000  0.000    2.328    0.320    0    0  (Gen:  0)
   521744      3840   3464392  0.000  0.000    2.329    0.320    0    0  (Gen:  0)
   521760      4192   3464760  0.000  0.000    2.330    0.320    0    0  (Gen:  0)
   521744      4016   3464632  0.000  0.000    2.331    0.320    0    0  (Gen:  0)
   521544      6480   3467112  0.000  0.000    2.332    0.320    0    0  (Gen:  0)
   521640      6360   3467056  0.000  0.000    2.333    0.321    0    0  (Gen:  0)
   521536      4160   3467264  0.000  0.000    2.334    0.321    0    0  (Gen:  0)
   521352      4216   3467352  0.000  0.000    2.334    0.321    0    0  (Gen:  0)
   521608      3936   3467104  0.000  0.000    2.335    0.321    0    0  (Gen:  0)
   521624      3960   3467144  0.000  0.000    2.336    0.321    0    0  (Gen:  0)
   521592      6240   3469440  0.000  0.000    2.337    0.321    0    0  (Gen:  0)
   521392      4000   3469328  0.000  0.000    2.338    0.322    0    0  (Gen:  0)
   521568      4240   3469656  0.000  0.000    2.339    0.322    0    0  (Gen:  0)
   521784      4072   3469520  0.000  0.000    2.340    0.322    0    0  (Gen:  0)
   521696      4128   3469664  0.000  0.000    2.340    0.322    0    0  (Gen:  0)
   521416      6784   3472352  0.000  0.000    2.341    0.322    0    0  (Gen:  0)
   521744      6616   3472248  0.000  0.000    2.342    0.322    0    0  (Gen:  0)
   521392      3944   3472072  0.000  0.000    2.343    0.322    0    0  (Gen:  0)
   521416      4152   3472296  0.000  0.000    2.344    0.323    0    0  (Gen:  0)
   521232      4056   3472248  0.000  0.000    2.345    0.323    0    0  (Gen:  0)
   521720      4456   3472664  0.000  0.000    2.346    0.323    0    0  (Gen:  0)
   521648      4184   3472664  0.000  0.000    2.347    0.323    0    0  (Gen:  0)
   521776      3992   3472632  0.000  0.000    2.347    0.323    0    0  (Gen:  0)
   521592      4368   3473040  0.000  0.000    2.349    0.323    0    0  (Gen:  0)
   521592      4320   3473248  0.000  0.000    2.350    0.324    0    0  (Gen:  0)
   521552      4416   3473584  0.000  0.000    2.351    0.324    0    0  (Gen:  0)
   521432      7344   3476912  0.000  0.000    2.352    0.324    0    0  (Gen:  0)
   521696      5672   3476760  0.000  0.000    2.353    0.324    0    0  (Gen:  0)
   521824      4312   3477056  0.000  0.000    2.353    0.324    0    0  (Gen:  0)
   521320      4168   3476944  0.001  0.000    2.355    0.324    0    0  (Gen:  0)
   521680      4048   3476912  0.001  0.000    2.356    0.325    0    0  (Gen:  0)
   521728      4336   3477232  0.001  0.000    2.357    0.325    0    0  (Gen:  0)
   521792      4368   3477312  0.001  0.000    2.359    0.325    0    0  (Gen:  0)
   521616      4056   3477088  0.000  0.000    2.360    0.325    0    0  (Gen:  0)
   521864      4328   3477376  0.000  0.000    2.361    0.325    0    0  (Gen:  0)
   521720      4224   3477320  0.000  0.000    2.361    0.325    0    0  (Gen:  0)
   521640      3656   3476760  0.000  0.000    2.362    0.326    0    0  (Gen:  0)
   521736      5936   3479048  0.000  0.000    2.363    0.326    0    0  (Gen:  0)
   521384      5904   3479080  0.000  0.000    2.364    0.326    0    0  (Gen:  0)
   521616      4176   3479200  0.000  0.000    2.365    0.326    0    0  (Gen:  0)
   521544      4088   3479144  0.000  0.000    2.366    0.326    0    0  (Gen:  0)
   521528      4064   3479208  0.000  0.000    2.367    0.326    0    0  (Gen:  0)
   521616      4320   3479496  0.001  0.000    2.369    0.327    0    0  (Gen:  0)
   521576      4184   3479408  0.000  0.000    2.369    0.327    0    0  (Gen:  0)
   521824      4144   3479456  0.000  0.000    2.370    0.327    0    0  (Gen:  0)
   521808      4120   3479448  0.000  0.000    2.371    0.327    0    0  (Gen:  0)
   521792      4128   3479504  0.000  0.000    2.371    0.327    0    0  (Gen:  0)
   521544      6856   3482248  0.000  0.000    2.372    0.327    0    0  (Gen:  0)
   521544      6584   3482040  0.000  0.000    2.372    0.327    0    0  (Gen:  0)
   521504      4160   3482200  0.000  0.000    2.373    0.327    0    0  (Gen:  0)
   521528      4192   3482264  0.000  0.000    2.373    0.328    0    0  (Gen:  0)
   521560      4088   3482192  0.000  0.000    2.374    0.328    0    0  (Gen:  0)
   521480      4112   3482232  0.000  0.000    2.375    0.328    0    0  (Gen:  0)
   521712      4424   3482560  0.000  0.000    2.375    0.328    0    0  (Gen:  0)
   521744      4088   3482512  0.000  0.000    2.376    0.328    0    0  (Gen:  0)
   521304      4440   3482952  0.000  0.000    2.376    0.328    0    0  (Gen:  0)
   521728      4072   3482840  0.000  0.000    2.377    0.328    0    0  (Gen:  0)
   521704      4456   3483312  0.000  0.000    2.377    0.328    0    0  (Gen:  0)
   521256      8288   3487552  0.000  0.000    2.378    0.329    0    0  (Gen:  0)
   521560      6360   3487480  0.000  0.000    2.379    0.329    0    0  (Gen:  0)
   521664      4056   3487464  0.000  0.000    2.379    0.329    0    0  (Gen:  0)
   521752      4304   3487728  0.000  0.000    2.380    0.329    0    0  (Gen:  0)
   521672      4080   3487552  0.000  0.000    2.380    0.329    0    0  (Gen:  0)
   521816      5976   3489464  0.000  0.000    2.381    0.329    0    0  (Gen:  0)
   521376      4200   3489368  0.000  0.000    2.382    0.329    0    0  (Gen:  0)
   521680      4136   3489464  0.000  0.000    2.382    0.329    0    0  (Gen:  0)
   521632      4288   3489648  0.000  0.000    2.383    0.330    0    0  (Gen:  0)
   521824      4280   3489672  0.000  0.000    2.383    0.330    0    0  (Gen:  0)
   521720      3984   3489392  0.000  0.000    2.384    0.330    0    0  (Gen:  0)
   521416      6696   3492120  0.000  0.000    2.384    0.330    0    0  (Gen:  0)
   521496      6472   3491976  0.000  0.000    2.385    0.330    0    0  (Gen:  0)
   521416      5400   3493200  0.000  0.000    2.386    0.330    0    0  (Gen:  0)
   521616      4104   3493432  0.000  0.000    2.386    0.330    0    0  (Gen:  0)
   521448      4016   3493504  0.000  0.000    2.387    0.330    0    0  (Gen:  0)
   521720      4232   3493736  0.000  0.000    2.387    0.331    0    0  (Gen:  0)
   521592      4056   3493608  0.000  0.000    2.388    0.331    0    0  (Gen:  0)
   521520      4144   3493856  0.000  0.000    2.388    0.331    0    0  (Gen:  0)
   521768      4120   3493864  0.000  0.000    2.389    0.331    0    0  (Gen:  0)
   521752      4128   3493904  0.000  0.000    2.390    0.331    0    0  (Gen:  0)
   521672      4000   3493792  0.000  0.000    2.390    0.331    0    0  (Gen:  0)
   521352      6216   3496024  0.000  0.000    2.391    0.331    0    0  (Gen:  0)
   521248      5920   3495808  0.000  0.000    2.391    0.331    0    0  (Gen:  0)
   521720      4272   3496216  0.000  0.000    2.392    0.332    0    0  (Gen:  0)
   521600      4000   3495976  0.000  0.000    2.392    0.332    0    0  (Gen:  0)
   521584      4016   3496080  0.000  0.000    2.393    0.332    0    0  (Gen:  0)
   521472      6128   3498224  0.000  0.000    2.394    0.332    0    0  (Gen:  0)
   521688      4160   3498072  0.000  0.000    2.394    0.332    0    0  (Gen:  0)
   521728      3960   3497960  0.000  0.000    2.395    0.332    0    0  (Gen:  0)
   521328      4144   3498160  0.000  0.000    2.395    0.332    0    0  (Gen:  0)
   521248      3952   3498016  0.001  0.000    2.397    0.333    0    0  (Gen:  0)
   521424      6424   3500504  0.000  0.000    2.397    0.333    0    0  (Gen:  0)
   521696      6256   3500400  0.000  0.000    2.398    0.333    0    0  (Gen:  0)
   521584      3992   3500552  0.000  0.000    2.399    0.333    0    0  (Gen:  0)
   521736      4200   3500792  0.000  0.000    2.399    0.333    0    0  (Gen:  0)
   521224      4200   3500824  0.000  0.000    2.400    0.333    0    0  (Gen:  0)
   521536      3856   3500496  0.000  0.000    2.400    0.333    0    0  (Gen:  0)
   521616      4464   3501120  0.000  0.000    2.401    0.333    0    0  (Gen:  0)
   521288      4128   3501072  0.000  0.000    2.402    0.334    0    0  (Gen:  0)
   521608      4568   3501600  0.000  0.000    2.402    0.334    0    0  (Gen:  0)
   521696      4024   3501312  0.000  0.000    2.403    0.334    0    0  (Gen:  0)
   521880      4512   3501888  0.000  0.000    2.403    0.334    0    0  (Gen:  0)
   521592      7832   3505624  0.000  0.000    2.404    0.334    0    0  (Gen:  0)
   521624      6296   3505592  0.000  0.000    2.404    0.334    0    0  (Gen:  0)
   521600      4056   3505536  0.000  0.000    2.405    0.334    0    0  (Gen:  0)
   521432      4248   3505744  0.000  0.000    2.406    0.334    0    0  (Gen:  0)
   521536      4032   3505576  0.000  0.000    2.406    0.335    0    0  (Gen:  0)
   521552      6168   3507728  0.000  0.000    2.407    0.335    0    0  (Gen:  0)
   521696      4240   3507776  0.000  0.000    2.407    0.335    0    0  (Gen:  0)
   521608      4232   3507928  0.000  0.000    2.408    0.335    0    0  (Gen:  0)
   521872      4384   3508112  0.000  0.000    2.408    0.335    0    0  (Gen:  0)
   521736      3720   3507480  0.000  0.000    2.409    0.335    0    0  (Gen:  0)
   521816      3944   3507720  0.000  0.000    2.410    0.335    0    0  (Gen:  0)
   521336      6496   3510272  0.000  0.000    2.410    0.335    0    0  (Gen:  0)
   521560      6360   3510200  0.000  0.000    2.411    0.336    0    0  (Gen:  0)
   521696      3896   3510072  0.000  0.000    2.411    0.336    0    0  (Gen:  0)
   521456      4176   3510368  0.000  0.000    2.412    0.336    0    0  (Gen:  0)
   521488      4072   3510312  0.000  0.000    2.412    0.336    0    0  (Gen:  0)
   521392      6336   3512592  0.000  0.000    2.413    0.336    0    0  (Gen:  0)
   521568      4096   3512464  0.000  0.000    2.414    0.336    0    0  (Gen:  0)
   521608      4024   3512552  0.000  0.000    2.414    0.336    0    0  (Gen:  0)
   521688      4176   3512736  0.000  0.000    2.415    0.336    0    0  (Gen:  0)
   521816      4128   3512720  0.000  0.000    2.415    0.336    0    0  (Gen:  0)
   521536      3928   3512536  0.000  0.000    2.416    0.337    0    0  (Gen:  0)
   521384      6704   3515328  0.000  0.000    2.416    0.337    0    0  (Gen:  0)
   521240      6496   3515200  0.000  0.000    2.417    0.337    0    0  (Gen:  0)
   521704      4192   3515392  0.000  0.000    2.418    0.337    0    0  (Gen:  0)
   521608      4144   3515376  0.000  0.000    2.418    0.337    0    0  (Gen:  0)
   521544      4128   3515448  0.000  0.000    2.419    0.337    0    0  (Gen:  0)
   521536      4344   3515696  0.000  0.000    2.419    0.337    0    0  (Gen:  0)
   521704      4112   3515736  0.000  0.000    2.420    0.337    0    0  (Gen:  0)
   521664      4016   3515728  0.000  0.000    2.420    0.338    0    0  (Gen:  0)
   521768      4376   3516104  0.000  0.000    2.421    0.338    0    0  (Gen:  0)
   521448      4280   3516280  0.000  0.000    2.421    0.338    0    0  (Gen:  0)
   521440      7616   3519856  0.000  0.000    2.422    0.338    0    0  (Gen:  0)
   521680      5768   3519832  0.000  0.000    2.423    0.338    0    0  (Gen:  0)
   521584      4184   3519976  0.000  0.000    2.423    0.338    0    0  (Gen:  0)
   521664      4160   3519984  0.000  0.000    2.424    0.338    0    0  (Gen:  0)
   521576      4128   3519984  0.000  0.000    2.424    0.338    0    0  (Gen:  0)
   521528      4072   3519944  0.000  0.000    2.425    0.339    0    0  (Gen:  0)
   521448      4320   3520208  0.000  0.000    2.425    0.339    0    0  (Gen:  0)
   521752      4272   3520224  0.000  0.000    2.426    0.339    0    0  (Gen:  0)
   521840      4296   3520336  0.000  0.000    2.427    0.339    0    0  (Gen:  0)
   521520      4056   3520128  0.000  0.000    2.427    0.339    0    0  (Gen:  0)
   521336      4040   3520200  0.000  0.000    2.428    0.339    0    0  (Gen:  0)
   521408      5760   3521952  0.000  0.000    2.428    0.339    0    0  (Gen:  0)
   521608      5824   3522080  0.000  0.000    2.429    0.339    0    0  (Gen:  0)
   521440      4032   3522208  0.000  0.000    2.429    0.340    0    0  (Gen:  0)
   521696      4000   3522208  0.000  0.000    2.430    0.340    0    0  (Gen:  0)
   521384      4144   3522384  0.000  0.000    2.431    0.340    0    0  (Gen:  0)
   521664      3976   3522232  0.000  0.000    2.431    0.340    0    0  (Gen:  0)
   521512      4136   3522408  0.000  0.000    2.432    0.340    0    0  (Gen:  0)
   521536      4200   3522536  0.000  0.000    2.432    0.340    0    0  (Gen:  0)
   521784      4192   3522616  0.000  0.000    2.433    0.340    0    0  (Gen:  0)
   521632      3968   3522424  0.000  0.000    2.433    0.340    0    0  (Gen:  0)
   521896      4160   3522704  0.000  0.000    2.434    0.341    0    0  (Gen:  0)
   521376      6616   3525192  0.000  0.000    2.435    0.341    0    0  (Gen:  0)
   521584      6552   3525192  0.000  0.000    2.435    0.341    0    0  (Gen:  0)
   521576      4056   3525208  0.000  0.000    2.436    0.341    0    0  (Gen:  0)
   521528      4160   3525328  0.000  0.000    2.436    0.341    0    0  (Gen:  0)
   521376      4096   3525312  0.000  0.000    2.437    0.341    0    0  (Gen:  0)
   521776      4600   3525832  0.001  0.000    2.438    0.341    0    0  (Gen:  0)
   521608      4176   3525680  0.000  0.000    2.439    0.342    0    0  (Gen:  0)
   521560      4048   3525712  0.000  0.000    2.440    0.342    0    0  (Gen:  0)
   521544      4480   3526176  0.000  0.000    2.440    0.342    0    0  (Gen:  0)
   521680      4448   3526400  0.000  0.000    2.441    0.342    0    0  (Gen:  0)
   521552      4272   3526464  0.000  0.000    2.441    0.342    0    0  (Gen:  0)
   521624      7672   3530264  0.000  0.000    2.442    0.342    0    0  (Gen:  0)
   521800      6032   3530304  0.000  0.000    2.443    0.342    0    0  (Gen:  0)
   521616      4144   3530336  0.000  0.000    2.444    0.342    0    0  (Gen:  0)
   521344      4128   3530352  0.000  0.000    2.444    0.343    0    0  (Gen:  0)
   521344      4160   3530472  0.000  0.000    2.445    0.343    0    0  (Gen:  0)
   521848      5976   3532320  0.000  0.000    2.445    0.343    0    0  (Gen:  0)
   521904      4312   3532336  0.000  0.000    2.446    0.343    0    0  (Gen:  0)
   521624      3936   3532048  0.000  0.000    2.447    0.343    0    0  (Gen:  0)
   521776      4176   3532304  0.000  0.000    2.447    0.343    0    0  (Gen:  0)
   521256      4128   3532304  0.000  0.000    2.448    0.343    0    0  (Gen:  0)
   521424      6648   3534840  0.000  0.000    2.448    0.343    0    0  (Gen:  0)
   521784      6240   3534496  0.000  0.000    2.449    0.344    0    0  (Gen:  0)
   521384      4568   3535216  0.000  0.000    2.449    0.344    0    0  (Gen:  0)
   521688      5704   3536768  0.000  0.000    2.450    0.344    0    0  (Gen:  0)
   521688      4256   3536768  0.000  0.000    2.451    0.344    0    0  (Gen:  0)
   521792      4168   3536696  0.000  0.000    2.451    0.344    0    0  (Gen:  0)
   521616      4040   3536584  0.000  0.000    2.452    0.344    0    0  (Gen:  0)
   521648      4072   3536680  0.000  0.000    2.452    0.344    0    0  (Gen:  0)
   521768      3856   3536552  0.000  0.000    2.453    0.344    0    0  (Gen:  0)
   521816      4152   3536864  0.000  0.000    2.453    0.345    0    0  (Gen:  0)
   521792      4032   3536792  0.000  0.000    2.454    0.345    0    0  (Gen:  0)
   521440      6160   3538936  0.000  0.000    2.455    0.345    0    0  (Gen:  0)
   521728      6072   3538912  0.000  0.000    2.455    0.345    0    0  (Gen:  0)
   521736      4104   3539072  0.000  0.000    2.456    0.345    0    0  (Gen:  0)
   521536      3984   3538984  0.000  0.000    2.456    0.345    0    0  (Gen:  0)
   521480      4112   3539144  0.000  0.000    2.457    0.345    0    0  (Gen:  0)
   521736      4000   3539048  0.000  0.000    2.458    0.345    0    0  (Gen:  0)
   521544      5976   3541040  0.000  0.000    2.458    0.346    0    0  (Gen:  0)
   521240      4016   3540912  0.000  0.000    2.459    0.346    0    0  (Gen:  0)
   521584      4216   3541200  0.000  0.000    2.459    0.346    0    0  (Gen:  0)
   521784      4072   3541088  0.000  0.000    2.460    0.346    0    0  (Gen:  0)
   521784      4120   3541224  0.000  0.000    2.460    0.346    0    0  (Gen:  0)
   521504      6464   3543600  0.000  0.000    2.461    0.346    0    0  (Gen:  0)
   521608      6408   3543608  0.000  0.000    2.462    0.346    0    0  (Gen:  0)
   521600      4072   3543616  0.000  0.000    2.462    0.346    0    0  (Gen:  0)
   521648      4216   3543776  0.000  0.000    2.463    0.347    0    0  (Gen:  0)
   521376      4152   3543760  0.000  0.000    2.463    0.347    0    0  (Gen:  0)
   521744      4456   3544080  0.000  0.000    2.464    0.347    0    0  (Gen:  0)
   521648      4048   3543944  0.000  0.000    2.464    0.347    0    0  (Gen:  0)
   521568      4088   3544144  0.000  0.000    2.465    0.347    0    0  (Gen:  0)
   521488      4376   3544464  0.000  0.000    2.465    0.347    0    0  (Gen:  0)
   521656      4336   3544680  0.000  0.000    2.466    0.347    0    0  (Gen:  0)
   521632      4264   3544848  0.000  0.000    2.467    0.347    0    0  (Gen:  0)
   521432      7784   3548768  0.000  0.000    2.467    0.348    0    0  (Gen:  0)
   521784      6312   3548656  0.000  0.000    2.468    0.348    0    0  (Gen:  0)
   521712      4136   3548664  0.000  0.000    2.468    0.348    0    0  (Gen:  0)
   521528      4120   3548680  0.000  0.000    2.469    0.348    0    0  (Gen:  0)
   521472      4072   3548720  0.000  0.000    2.469    0.348    0    0  (Gen:  0)
   521608      6088   3550768  0.000  0.000    2.470    0.348    0    0  (Gen:  0)
   521640      4384   3551040  0.000  0.000    2.471    0.348    0    0  (Gen:  0)
   521568      4000   3550744  0.000  0.000    2.471    0.348    0    0  (Gen:  0)
   521720      4232   3550992  0.000  0.000    2.472    0.349    0    0  (Gen:  0)
   521768      4168   3550976  0.000  0.000    2.472    0.349    0    0  (Gen:  0)
   521648      6776   3553600  0.000  0.000    2.473    0.349    0    0  (Gen:  0)
   521584      6128   3553016  0.000  0.000    2.474    0.349    0    0  (Gen:  0)
   521472      3976   3553272  0.000  0.000    2.474    0.349    0    0  (Gen:  0)
   521568      4144   3553472  0.000  0.000    2.475    0.349    0    0  (Gen:  0)
   521576      3944   3553304  0.000  0.000    2.475    0.349    0    0  (Gen:  0)
   521584      3944   3553392  0.000  0.000    2.476    0.349    0    0  (Gen:  0)
   521472      6168   3555648  0.000  0.000    2.476    0.350    0    0  (Gen:  0)
   521584      4104   3555696  0.000  0.000    2.477    0.350    0    0  (Gen:  0)
   521528      4032   3555712  0.000  0.000    2.478    0.350    0    0  (Gen:  0)
   521568      4192   3555888  0.000  0.000    2.478    0.350    0    0  (Gen:  0)
   521728      4112   3555856  0.000  0.000    2.479    0.350    0    0  (Gen:  0)
   521600      6704   3558464  0.000  0.000    2.479    0.350    0    0  (Gen:  0)
   521560      6552   3558376  0.000  0.000    2.480    0.350    0    0  (Gen:  0)
   521592      4072   3558464  0.000  0.000    2.480    0.350    0    0  (Gen:  0)
   521432      4192   3558616  0.000  0.000    2.481    0.351    0    0  (Gen:  0)
   521224      4080   3558536  0.000  0.000    2.482    0.351    0    0  (Gen:  0)
   521496      4056   3558528  0.000  0.000    2.482    0.351    0    0  (Gen:  0)
   521736      4600   3559088  0.000  0.000    2.483    0.351    0    0  (Gen:  0)
   521776      4120   3558896  0.000  0.000    2.483    0.351    0    0  (Gen:  0)
   521624      4464   3559328  0.000  0.000    2.484    0.351    0    0  (Gen:  0)
   521528      4168   3559288  0.000  0.000    2.484    0.351    0    0  (Gen:  0)
   521504      4376   3559584  0.001  0.000    2.486    0.351    0    0  (Gen:  0)
   521496      7504   3563128  0.000  0.000    2.487    0.352    0    0  (Gen:  0)
   521728      5728   3563016  0.000  0.000    2.487    0.352    0    0  (Gen:  0)
   521792      4000   3562944  0.000  0.000    2.488    0.352    0    0  (Gen:  0)
   521408      4304   3563264  0.000  0.000    2.488    0.352    0    0  (Gen:  0)
   521560      3952   3562960  0.000  0.000    2.489    0.352    0    0  (Gen:  0)
   521616      4360   3563384  0.001  0.000    2.490    0.352    0    0  (Gen:  0)
   521904      4344   3563416  0.001  0.000    2.491    0.352    0    0  (Gen:  0)
   521568      3976   3563208  0.001  0.000    2.492    0.353    0    0  (Gen:  0)
   521912      4232   3563496  0.001  0.000    2.493    0.353    0    0  (Gen:  0)
   521760      4056   3563352  0.001  0.000    2.495    0.353    0    0  (Gen:  0)
   521744      3912   3563224  0.001  0.000    2.496    0.353    0    0  (Gen:  0)
   521640      6080   3565408  0.001  0.000    2.497    0.353    0    0  (Gen:  0)
   521472      6088   3565496  0.001  0.000    2.499    0.354    0    0  (Gen:  0)
   521608      4328   3565584  0.000  0.000    2.499    0.354    0    0  (Gen:  0)
   521464      4216   3565504  0.000  0.000    2.500    0.354    0    0  (Gen:  0)
   521472      4224   3565600  0.000  0.000    2.500    0.354    0    0  (Gen:  0)
   521632      4208   3565616  0.000  0.000    2.501    0.354    0    0  (Gen:  0)
   521728      4048   3565504  0.000  0.000    2.501    0.354    0    0  (Gen:  0)
   521672      4144   3565760  0.000  0.000    2.502    0.354    0    0  (Gen:  0)
   521840      4088   3565736  0.000  0.000    2.502    0.355    0    0  (Gen:  0)
   521784      4040   3565720  0.000  0.000    2.503    0.355    0    0  (Gen:  0)
   521568      4000   3565696  0.000  0.000    2.503    0.355    0    0  (Gen:  0)
   521496      6632   3568344  0.000  0.000    2.504    0.355    0    0  (Gen:  0)
   521536      6656   3568448  0.000  0.000    2.505    0.355    0    0  (Gen:  0)
   521552      4360   3568664  0.000  0.000    2.505    0.355    0    0  (Gen:  0)
   521640      3768   3568104  0.000  0.000    2.506    0.355    0    0  (Gen:  0)
   521392      4088   3568512  0.000  0.000    2.506    0.355    0    0  (Gen:  0)
   521672      4440   3568896  0.000  0.000    2.507    0.355    0    0  (Gen:  0)
   521824      4192   3568920  0.000  0.000    2.507    0.356    0    0  (Gen:  0)
   521248      3856   3568672  0.000  0.000    2.508    0.356    0    0  (Gen:  0)
   521784      4424   3569256  0.000  0.000    2.509    0.356    0    0  (Gen:  0)
   521672      4280   3569384  0.000  0.000    2.509    0.356    0    0  (Gen:  0)
   521432      8240   3573584  0.000  0.000    2.510    0.356    0    0  (Gen:  0)
   521760      5912   3573240  0.001  0.000    2.511    0.356    0    0  (Gen:  0)
   521776      3944   3573264  0.001  0.000    2.512    0.357    0    0  (Gen:  0)
   521568      4080   3573432  0.001  0.000    2.513    0.357    0    0  (Gen:  0)
   521192      4168   3573552  0.001  0.000    2.515    0.357    0    0  (Gen:  0)
   521536      3928   3573328  0.001  0.000    2.516    0.357    0    0  (Gen:  0)
   521792      5848   3575264  0.001  0.000    2.517    0.357    0    0  (Gen:  0)
   521880      4144   3575256  0.001  0.000    2.518    0.357    0    0  (Gen:  0)
   521800      4232   3575432  0.001  0.000    2.519    0.358    0    0  (Gen:  0)
   521424      4104   3575336  0.000  0.000    2.520    0.358    0    0  (Gen:  0)
   521320      4104   3575424  0.000  0.000    2.520    0.358    0    0  (Gen:  0)
   521680      6512   3577864  0.000  0.000    2.521    0.358    0    0  (Gen:  0)
   521568      6416   3577832  0.000  0.000    2.521    0.358    0    0  (Gen:  0)
   521360      4496   3578216  0.000  0.000    2.522    0.358    0    0  (Gen:  0)
   521792      5560   3579680  0.000  0.000    2.523    0.358    0    0  (Gen:  0)
   521728      4168   3579592  0.000  0.000    2.523    0.358    0    0  (Gen:  0)
   521840      4272   3579712  0.000  0.000    2.524    0.359    0    0  (Gen:  0)
   521592      4168   3579656  0.000  0.000    2.524    0.359    0    0  (Gen:  0)
   521576      4200   3579848  0.000  0.000    2.525    0.359    0    0  (Gen:  0)
   521928      4288   3579968  0.000  0.000    2.525    0.359    0    0  (Gen:  0)
   521688      4256   3579968  0.000  0.000    2.526    0.359    0    0  (Gen:  0)
   521792      4168   3579896  0.000  0.000    2.526    0.359    0    0  (Gen:  0)
   521464      6096   3581840  0.000  0.000    2.527    0.359    0    0  (Gen:  0)
   521736      6112   3581936  0.000  0.000    2.528    0.359    0    0  (Gen:  0)
   521728      3904   3581784  0.000  0.000    2.528    0.360    0    0  (Gen:  0)
   521528      4016   3581912  0.000  0.000    2.529    0.360    0    0  (Gen:  0)
   521448      4128   3582072  0.000  0.000    2.529    0.360    0    0  (Gen:  0)
   521832      6072   3584032  0.000  0.000    2.530    0.360    0    0  (Gen:  0)
   521296      4216   3583992  0.000  0.000    2.531    0.360    0    0  (Gen:  0)
   521424      4000   3583936  0.000  0.000    2.531    0.360    0    0  (Gen:  0)
   521528      4232   3584200  0.000  0.000    2.532    0.360    0    0  (Gen:  0)
   521872      4224   3584224  0.000  0.000    2.532    0.360    0    0  (Gen:  0)
   521656      3944   3583960  0.000  0.000    2.533    0.361    0    0  (Gen:  0)
   521608      6536   3586568  0.000  0.000    2.533    0.361    0    0  (Gen:  0)
   521560      6384   3586496  0.000  0.000    2.534    0.361    0    0  (Gen:  0)
   521608      4256   3586712  0.000  0.000    2.535    0.361    0    0  (Gen:  0)
   521584      3976   3586464  0.000  0.000    2.535    0.361    0    0  (Gen:  0)
   521488      4144   3586720  0.000  0.000    2.536    0.361    0    0  (Gen:  0)
   521656      4512   3587120  0.000  0.000    2.536    0.361    0    0  (Gen:  0)
   521728      4256   3587136  0.000  0.000    2.537    0.361    0    0  (Gen:  0)
   521320      4128   3587096  0.000  0.000    2.537    0.362    0    0  (Gen:  0)
   521744      4456   3587440  0.000  0.000    2.538    0.362    0    0  (Gen:  0)
   521696      4144   3587400  0.000  0.000    2.539    0.362    0    0  (Gen:  0)
   521456      8048   3591544  0.000  0.000    2.539    0.362    0    0  (Gen:  0)
   521576      6240   3591400  0.000  0.000    2.540    0.362    0    0  (Gen:  0)
   521792      4016   3591432  0.000  0.000    2.540    0.362    0    0  (Gen:  0)
   521632      4088   3591536  0.000  0.000    2.541    0.362    0    0  (Gen:  0)
   521576      4200   3591680  0.000  0.000    2.542    0.362    0    0  (Gen:  0)
   521400      4072   3591568  0.000  0.000    2.542    0.363    0    0  (Gen:  0)
   521616      5984   3593496  0.000  0.000    2.543    0.363    0    0  (Gen:  0)
   521488      4192   3593696  0.000  0.000    2.543    0.363    0    0  (Gen:  0)
   521752      4248   3593840  0.000  0.000    2.544    0.363    0    0  (Gen:  0)
   521792      4112   3593736  0.000  0.000    2.544    0.363    0    0  (Gen:  0)
   521728      4144   3593856  0.000  0.000    2.545    0.363    0    0  (Gen:  0)
   521568      6616   3596360  0.000  0.000    2.546    0.363    0    0  (Gen:  0)
   521576      6488   3596296  0.000  0.000    2.546    0.363    0    0  (Gen:  0)
   521592      4096   3596240  0.000  0.000    2.547    0.364    0    0  (Gen:  0)
   521424      4360   3596520  0.000  0.000    2.547    0.364    0    0  (Gen:  0)
   521488      4256   3596464  0.000  0.000    2.548    0.364    0    0  (Gen:  0)
   521712      4760   3596976  0.000  0.000    2.548    0.364    0    0  (Gen:  0)
   521552      5464   3598392  0.000  0.000    2.549    0.364    0    0  (Gen:  0)
   521368      3992   3598488  0.000  0.000    2.549    0.364    0    0  (Gen:  0)
   521608      4144   3598672  0.000  0.000    2.550    0.364    0    0  (Gen:  0)
   521728      4000   3598560  0.000  0.000    2.551    0.364    0    0  (Gen:  0)
   521752      4056   3598704  0.000  0.000    2.551    0.365    0    0  (Gen:  0)
   521448      6648   3601328  0.001  0.000    2.553    0.365    0    0  (Gen:  0)
   521792      6696   3601440  0.001  0.000    2.554    0.365    0    0  (Gen:  0)
   521224      4056   3601296  0.001  0.000    2.556    0.365    0    0  (Gen:  0)
   521432      4096   3601352  0.001  0.000    2.558    0.365    0    0  (Gen:  0)
   521240      4000   3601304  0.001  0.000    2.559    0.366    0    0  (Gen:  0)
   521784      4384   3601704  0.001  0.000    2.561    0.366    0    0  (Gen:  0)
   521552      4128   3601720  0.001  0.000    2.562    0.366    0    0  (Gen:  0)
   521912      4104   3601856  0.001  0.000    2.564    0.366    0    0  (Gen:  0)
   521448      4480   3602264  0.001  0.000    2.566    0.367    0    0  (Gen:  0)
   521584      4312   3602352  0.001  0.000    2.567    0.367    0    0  (Gen:  0)
   521608      4528   3602808  0.001  0.000    2.569    0.367    0    0  (Gen:  0)
   521488      7088   3605928  0.001  0.000    2.571    0.367    0    0  (Gen:  0)
   521792      5552   3605752  0.001  0.000    2.572    0.367    0    0  (Gen:  0)
   521648      4216   3606072  0.001  0.000    2.574    0.368    0    0  (Gen:  0)
   521376      4072   3605960  0.000  0.000    2.574    0.368    0    0  (Gen:  0)
   521672      3984   3605960  0.000  0.000    2.575    0.368    0    0  (Gen:  0)
   521752      4152   3606160  0.000  0.000    2.575    0.368    0    0  (Gen:  0)
   521784      4184   3606240  0.001  0.000    2.577    0.368    0    0  (Gen:  0)
   521616      4000   3606144  0.001  0.000    2.578    0.369    0    0  (Gen:  0)
   521888      4272   3606432  0.001  0.000    2.579    0.369    0    0  (Gen:  0)
   521688      4128   3606336  0.001  0.000    2.580    0.369    0    0  (Gen:  0)
   521688      6192   3608416  0.001  0.000    2.582    0.369    0    0  (Gen:  0)
   521600      5864   3608152  0.001  0.000    2.583    0.369    0    0  (Gen:  0)
   521536      4176   3608384  0.001  0.000    2.584    0.370    0    0  (Gen:  0)
   521528      4184   3608424  0.001  0.000    2.585    0.370    0    0  (Gen:  0)
   521560      4128   3608400  0.000  0.000    2.586    0.370    0    0  (Gen:  0)
   521544      4056   3608344  0.000  0.000    2.586    0.370    0    0  (Gen:  0)
   521592      4376   3608680  0.000  0.000    2.587    0.370    0    0  (Gen:  0)
   521648      4312   3608680  0.000  0.000    2.588    0.370    0    0  (Gen:  0)
   521824      4344   3608800  0.000  0.000    2.588    0.370    0    0  (Gen:  0)
   521776      4152   3608640  0.000  0.000    2.589    0.371    0    0  (Gen:  0)
   521792      3864   3608440  0.000  0.000    2.589    0.371    0    0  (Gen:  0)
   521512      6688   3611296  0.000  0.000    2.590    0.371    0    0  (Gen:  0)
   521576      6512   3611184  0.000  0.000    2.591    0.371    0    0  (Gen:  0)
   521504      4088   3611344  0.000  0.000    2.591    0.371    0    0  (Gen:  0)
   521488      4016   3611304  0.000  0.000    2.592    0.371    0    0  (Gen:  0)
   521584      4032   3611352  0.000  0.000    2.592    0.371    0    0  (Gen:  0)
   521528      4032   3611368  0.000  0.000    2.593    0.371    0    0  (Gen:  0)
   521712      4488   3611840  0.000  0.000    2.593    0.372    0    0  (Gen:  0)
   521720      4184   3611824  0.000  0.000    2.594    0.372    0    0  (Gen:  0)
   521336      4384   3612112  0.000  0.000    2.595    0.372    0    0  (Gen:  0)
   521728      4016   3612000  0.000  0.000    2.595    0.372    0    0  (Gen:  0)
   521616      4384   3612456  0.000  0.000    2.596    0.372    0    0  (Gen:  0)
   521520      7912   3616400  0.000  0.000    2.596    0.372    0    0  (Gen:  0)
   521824      5928   3616240  0.000  0.000    2.597    0.372    0    0  (Gen:  0)
   521720      4000   3616232  0.000  0.000    2.598    0.372    0    0  (Gen:  0)
   521344      4136   3616384  0.000  0.000    2.598    0.373    0    0  (Gen:  0)
   521240      4184   3616480  0.000  0.000    2.599    0.373    0    0  (Gen:  0)
   521824      5840   3618152  0.000  0.000    2.599    0.373    0    0  (Gen:  0)
   521848      4088   3618080  0.000  0.000    2.600    0.373    0    0  (Gen:  0)
   521680      4088   3618240  0.000  0.000    2.600    0.373    0    0  (Gen:  0)
   521856      4200   3618384  0.000  0.000    2.601    0.373    0    0  (Gen:  0)
   521224      4200   3618416  0.000  0.000    2.602    0.373    0    0  (Gen:  0)
   521368      4000   3618232  0.000  0.000    2.602    0.373    0    0  (Gen:  0)
   521832      6552   3620800  0.000  0.000    2.603    0.374    0    0  (Gen:  0)
   521504      6272   3620600  0.000  0.000    2.603    0.374    0    0  (Gen:  0)
   521528      5936   3622568  0.000  0.000    2.604    0.374    0    0  (Gen:  0)
   521680      4008   3622248  0.000  0.000    2.604    0.374    0    0  (Gen:  0)
   521760      4136   3622464  0.000  0.000    2.605    0.374    0    0  (Gen:  0)
   521568      4336   3622696  0.000  0.000    2.606    0.374    0    0  (Gen:  0)
   521824      4152   3622560  0.000  0.000    2.606    0.374    0    0  (Gen:  0)
   521600      4072   3622568  0.000  0.000    2.607    0.374    0    0  (Gen:  0)
   521840      4304   3622816  0.000  0.000    2.607    0.375    0    0  (Gen:  0)
   521728      4168   3622728  0.000  0.000    2.608    0.375    0    0  (Gen:  0)
   521688      6472   3625048  0.000  0.000    2.608    0.375    0    0  (Gen:  0)
   521600      6224   3624864  0.000  0.000    2.609    0.375    0    0  (Gen:  0)
   521728      4240   3625008  0.000  0.000    2.610    0.375    0    0  (Gen:  0)
   521536      4312   3625112  0.000  0.000    2.610    0.375    0    0  (Gen:  0)
   521656      3760   3624592  0.000  0.000    2.611    0.375    0    0  (Gen:  0)
   521528      3936   3624784  0.000  0.000    2.611    0.375    0    0  (Gen:  0)
   521744      5920   3626784  0.000  0.000    2.612    0.376    0    0  (Gen:  0)
   521160      4184   3626880  0.000  0.000    2.612    0.376    0    0  (Gen:  0)
   521632      3984   3626768  0.000  0.000    2.613    0.376    0    0  (Gen:  0)
   521592      4024   3626824  0.000  0.000    2.613    0.376    0    0  (Gen:  0)
   521784      4032   3626880  0.000  0.000    2.614    0.376    0    0  (Gen:  0)
   521736      6576   3629440  0.000  0.000    2.615    0.376    0    0  (Gen:  0)
   521472      6472   3629400  0.000  0.000    2.615    0.376    0    0  (Gen:  0)
   521560      4112   3629456  0.000  0.000    2.616    0.376    0    0  (Gen:  0)
   521616      4088   3629464  0.000  0.000    2.616    0.377    0    0  (Gen:  0)
   521584      4104   3629512  0.000  0.000    2.617    0.377    0    0  (Gen:  0)
   521544      4032   3629456  0.000  0.000    2.618    0.377    0    0  (Gen:  0)
   521680      4488   3629928  0.000  0.000    2.618    0.377    0    0  (Gen:  0)
   521728      4176   3629904  0.000  0.000    2.619    0.377    0    0  (Gen:  0)
   521296      4248   3630064  0.000  0.000    2.619    0.377    0    0  (Gen:  0)
   521728      4056   3630128  0.000  0.000    2.620    0.377    0    0  (Gen:  0)
   521664      4456   3630616  0.000  0.000    2.621    0.377    0    0  (Gen:  0)
   521368      7520   3634096  0.000  0.000    2.621    0.378    0    0  (Gen:  0)
   521832      6200   3634280  0.000  0.000    2.622    0.378    0    0  (Gen:  0)
   521712      3920   3634184  0.000  0.000    2.622    0.378    0    0  (Gen:  0)
   521600      4104   3634384  0.000  0.000    2.623    0.378    0    0  (Gen:  0)
   521336      3984   3634312  0.000  0.000    2.623    0.378    0    0  (Gen:  0)
   521688      6216   3636560  0.000  0.000    2.624    0.378    0    0  (Gen:  0)
   521624      4184   3636504  0.000  0.000    2.625    0.378    0    0  (Gen:  0)
   521440      4144   3636624  0.000  0.000    2.625    0.378    0    0  (Gen:  0)
   521752      4232   3636744  0.000  0.000    2.626    0.379    0    0  (Gen:  0)
   521888      4128   3636672  0.000  0.000    2.626    0.379    0    0  (Gen:  0)
   521568      4112   3636672  0.000  0.000    2.627    0.379    0    0  (Gen:  0)
   521520      6656   3639232  0.000  0.000    2.627    0.379    0    0  (Gen:  0)
   521432      6352   3639008  0.000  0.000    2.628    0.379    0    0  (Gen:  0)
   521824      4312   3639304  0.000  0.000    2.629    0.379    0    0  (Gen:  0)
   521320      4168   3639192  0.000  0.000    2.629    0.379    0    0  (Gen:  0)
   521680      4048   3639160  0.000  0.000    2.630    0.379    0    0  (Gen:  0)
   521488      6248   3641392  0.000  0.000    2.630    0.380    0    0  (Gen:  0)
   521688      4368   3641624  0.000  0.000    2.631    0.380    0    0  (Gen:  0)
   521376      4112   3641456  0.000  0.000    2.631    0.380    0    0  (Gen:  0)
   521576      4168   3641528  0.000  0.000    2.632    0.380    0    0  (Gen:  0)
   521752      4016   3641424  0.000  0.000    2.633    0.380    0    0  (Gen:  0)
   521656      3928   3641352  0.000  0.000    2.633    0.380    0    0  (Gen:  0)
   521560      6664   3644104  0.001  0.000    2.634    0.380    0    0  (Gen:  0)
   521696      6536   3644056  0.001  0.000    2.635    0.380    0    0  (Gen:  0)
   521272      4176   3644192  0.001  0.000    2.636    0.381    0    0  (Gen:  0)
   521304      3976   3644024  0.001  0.000    2.637    0.381    0    0  (Gen:  0)
   521408      4144   3644280  0.001  0.000    2.638    0.381    0    0  (Gen:  0)
   521688      4512   3644680  0.001  0.000    2.640    0.381    0    0  (Gen:  0)
   521800      4256   3644696  0.001  0.000    2.641    0.381    0    0  (Gen:  0)
   521752      3880   3644408  0.000  0.000    2.641    0.382    0    0  (Gen:  0)
   521448      4328   3644872  0.000  0.000    2.642    0.382    0    0  (Gen:  0)
   521528      4328   3645144  0.000  0.000    2.643    0.382    0    0  (Gen:  0)
   521520      7608   3648664  0.000  0.000    2.643    0.382    0    0  (Gen:  0)
   521576      5640   3648520  0.000  0.000    2.644    0.382    0    0  (Gen:  0)
   521872      4064   3648672  0.000  0.000    2.644    0.382    0    0  (Gen:  0)
   521384      4288   3648928  0.000  0.000    2.645    0.382    0    0  (Gen:  0)
   521608      4240   3648912  0.000  0.000    2.645    0.382    0    0  (Gen:  0)
   521600      3936   3648624  0.000  0.000    2.646    0.382    0    0  (Gen:  0)
   521904      4104   3648808  0.000  0.000    2.646    0.383    0    0  (Gen:  0)
   521608      4120   3648888  0.000  0.000    2.647    0.383    0    0  (Gen:  0)
   521936      4120   3648976  0.000  0.000    2.648    0.383    0    0  (Gen:  0)
   521664      4072   3648960  0.000  0.000    2.648    0.383    0    0  (Gen:  0)
   521784      4120   3649096  0.000  0.000    2.649    0.383    0    0  (Gen:  0)
   521632      5992   3651000  0.000  0.000    2.649    0.383    0    0  (Gen:  0)
   521600      6016   3651088  0.000  0.000    2.650    0.383    0    0  (Gen:  0)
   521360      4168   3651088  0.000  0.000    2.650    0.383    0    0  (Gen:  0)
   521536      4088   3651024  0.000  0.000    2.651    0.384    0    0  (Gen:  0)
   521648      4000   3650984  0.000  0.000    2.651    0.384    0    0  (Gen:  0)
   521640      4304   3651304  0.000  0.000    2.652    0.384    0    0  (Gen:  0)
   521600      4200   3651248  0.000  0.000    2.653    0.384    0    0  (Gen:  0)
   521552      4256   3651464  0.000  0.000    2.653    0.384    0    0  (Gen:  0)
   521872      4168   3651408  0.000  0.000    2.654    0.384    0    0  (Gen:  0)
   521808      4176   3651448  0.000  0.000    2.655    0.384    0    0  (Gen:  0)
   521760      4016   3651304  0.000  0.000    2.655    0.384    0    0  (Gen:  0)
   521352      6840   3654144  0.001  0.000    2.656    0.385    0    0  (Gen:  0)
   521552      6488   3653872  0.000  0.000    2.657    0.385    0    0  (Gen:  0)
   521616      3904   3653800  0.000  0.000    2.657    0.385    0    0  (Gen:  0)
   521560      4032   3653944  0.000  0.000    2.658    0.385    0    0  (Gen:  0)
   521368      3976   3653936  0.000  0.000    2.658    0.385    0    0  (Gen:  0)
   521792      4456   3654432  0.000  0.000    2.659    0.385    0    0  (Gen:  0)
   521600      4216   3654464  0.000  0.000    2.660    0.385    0    0  (Gen:  0)
   521544      4016   3654424  0.000  0.000    2.660    0.385    0    0  (Gen:  0)
   521576      4304   3654744  0.000  0.000    2.661    0.386    0    0  (Gen:  0)
   521696      4424   3655120  0.000  0.000    2.661    0.386    0    0  (Gen:  0)
   521504      4704   3655640  0.000  0.000    2.662    0.386    0    0  (Gen:  0)
   521664      7424   3659080  0.000  0.000    2.662    0.386    0    0  (Gen:  0)
   521872      6088   3659104  0.000  0.000    2.663    0.386    0    0  (Gen:  0)
   521576      4208   3659144  0.000  0.000    2.664    0.386    0    0  (Gen:  0)
   521248      3928   3658896  0.000  0.000    2.664    0.386    0    0  (Gen:  0)
   521456      4184   3659240  0.000  0.000    2.665    0.386    0    0  (Gen:  0)
   521816      5880   3660968  0.000  0.000    2.665    0.387    0    0  (Gen:  0)
   521864      4328   3661096  0.000  0.000    2.666    0.387    0    0  (Gen:  0)
   521600      4056   3660912  0.000  0.000    2.666    0.387    0    0  (Gen:  0)
   521704      4160   3661032  0.000  0.000    2.667    0.387    0    0  (Gen:  0)
   521264      4240   3661160  0.000  0.000    2.668    0.387    0    0  (Gen:  0)
   521624      6664   3663600  0.000  0.000    2.668    0.387    0    0  (Gen:  0)
   521664      6320   3663320  0.000  0.000    2.669    0.387    0    0  (Gen:  0)
   521392      4488   3663880  0.000  0.000    2.670    0.387    0    0  (Gen:  0)
   521712      5576   3665384  0.000  0.000    2.670    0.388    0    0  (Gen:  0)
   521720      4024   3665280  0.000  0.000    2.671    0.388    0    0  (Gen:  0)
   521784      4040   3665312  0.000  0.000    2.671    0.388    0    0  (Gen:  0)
   521512      4320   3665608  0.000  0.000    2.672    0.388    0    0  (Gen:  0)
   521696      4272   3665624  0.000  0.000    2.672    0.388    0    0  (Gen:  0)
   521904      4360   3665800  0.001  0.000    2.673    0.388    0    0  (Gen:  0)
   521680      4008   3665480  0.001  0.000    2.675    0.388    0    0  (Gen:  0)
   521760      4136   3665696  0.001  0.000    2.676    0.389    0    0  (Gen:  0)
   521416      6288   3667880  0.001  0.000    2.677    0.389    0    0  (Gen:  0)
   521888      6208   3667864  0.001  0.000    2.678    0.389    0    0  (Gen:  0)
   521672      4224   3667936  0.001  0.000    2.679    0.389    0    0  (Gen:  0)
   521472      4304   3668032  0.001  0.000    2.680    0.389    0    0  (Gen:  0)
   521480      4160   3667936  0.001  0.000    2.681    0.390    0    0  (Gen:  0)
   521712      6224   3670016  0.000  0.000    2.681    0.390    0    0  (Gen:  0)
   521560      4312   3669920  0.000  0.000    2.682    0.390    0    0  (Gen:  0)
   521312      3968   3669736  0.000  0.000    2.682    0.390    0    0  (Gen:  0)
   521576      4088   3669888  0.000  0.000    2.683    0.390    0    0  (Gen:  0)
   521768      3928   3669760  0.000  0.000    2.684    0.390    0    0  (Gen:  0)
   521704      4032   3669952  0.000  0.000    2.684    0.390    0    0  (Gen:  0)
   521584      6552   3672504  0.000  0.000    2.685    0.390    0    0  (Gen:  0)
   521672      6376   3672392  0.000  0.000    2.685    0.391    0    0  (Gen:  0)
   521544      3976   3672336  0.000  0.000    2.686    0.391    0    0  (Gen:  0)
   521584      4088   3672464  0.000  0.000    2.686    0.391    0    0  (Gen:  0)
   521440      3928   3672352  0.000  0.000    2.687    0.391    0    0  (Gen:  0)
   521736      4544   3672984  0.000  0.000    2.688    0.391    0    0  (Gen:  0)
   521560      4200   3672912  0.000  0.000    2.688    0.391    0    0  (Gen:  0)
   521592      4008   3672880  0.000  0.000    2.689    0.391    0    0  (Gen:  0)
   521552      4440   3673344  0.000  0.000    2.689    0.391    0    0  (Gen:  0)
   521656      4424   3673584  0.000  0.000    2.690    0.391    0    0  (Gen:  0)
   521552      4472   3673872  0.000  0.000    2.690    0.392    0    0  (Gen:  0)
   521520      7528   3677488  0.000  0.000    2.691    0.392    0    0  (Gen:  0)
   521832      6296   3677456  0.000  0.000    2.692    0.392    0    0  (Gen:  0)
   521576      4256   3677600  0.000  0.000    2.692    0.392    0    0  (Gen:  0)
   521672      4168   3677544  0.000  0.000    2.693    0.392    0    0  (Gen:  0)
   521408      4184   3677648  0.001  0.000    2.694    0.392    0    0  (Gen:  0)
   521584      6104   3679600  0.001  0.000    2.695    0.392    0    0  (Gen:  0)
   521584      4128   3679600  0.001  0.000    2.696    0.393    0    0  (Gen:  0)
   521632      4056   3679616  0.001  0.000    2.698    0.393    0    0  (Gen:  0)
   521664      4248   3679824  0.001  0.000    2.699    0.393    0    0  (Gen:  0)
   521872      4144   3679768  0.001  0.000    2.700    0.393    0    0  (Gen:  0)
   521528      6520   3682160  0.001  0.000    2.701    0.393    0    0  (Gen:  0)
   521656      6464   3682168  0.001  0.000    2.702    0.394    0    0  (Gen:  0)
   521408      4216   3682328  0.000  0.000    2.703    0.394    0    0  (Gen:  0)
   521560      4240   3682384  0.000  0.000    2.703    0.394    0    0  (Gen:  0)
   521616      4112   3682288  0.000  0.000    2.704    0.394    0    0  (Gen:  0)
   521592      4040   3682232  0.000  0.000    2.705    0.394    0    0  (Gen:  0)
   521616      6312   3684520  0.000  0.000    2.705    0.394    0    0  (Gen:  0)
   521448      4256   3684592  0.000  0.000    2.706    0.394    0    0  (Gen:  0)
   521560      4200   3684624  0.000  0.000    2.706    0.394    0    0  (Gen:  0)
   521592      4112   3684568  0.000  0.000    2.707    0.395    0    0  (Gen:  0)
   521736      4184   3684728  0.000  0.000    2.707    0.395    0    0  (Gen:  0)
   521560      6952   3687528  0.000  0.000    2.708    0.395    0    0  (Gen:  0)
   521624      6168   3686808  0.000  0.000    2.709    0.395    0    0  (Gen:  0)
   521496      3944   3687080  0.000  0.000    2.709    0.395    0    0  (Gen:  0)
   521392      4016   3687152  0.000  0.000    2.710    0.395    0    0  (Gen:  0)
   521184      4032   3687200  0.000  0.000    2.710    0.395    0    0  (Gen:  0)
   521640      3944   3687128  0.000  0.000    2.711    0.395    0    0  (Gen:  0)
   521712      4456   3687656  0.000  0.000    2.711    0.396    0    0  (Gen:  0)
   521752      4088   3687576  0.000  0.000    2.712    0.396    0    0  (Gen:  0)
   521640      4384   3687960  0.000  0.000    2.712    0.396    0    0  (Gen:  0)
   521544      4072   3687904  0.000  0.000    2.713    0.396    0    0  (Gen:  0)
   521552      4456   3688376  0.000  0.000    2.714    0.396    0    0  (Gen:  0)
   521416      7472   3691808  0.000  0.000    2.714    0.396    0    0  (Gen:  0)
   521792      5680   3691680  0.000  0.000    2.715    0.396    0    0  (Gen:  0)
   521736      4000   3691656  0.000  0.000    2.715    0.396    0    0  (Gen:  0)
   521408      4200   3691872  0.000  0.000    2.716    0.397    0    0  (Gen:  0)
   521544      4072   3691792  0.000  0.000    2.716    0.397    0    0  (Gen:  0)
   521664      4392   3692128  0.000  0.000    2.717    0.397    0    0  (Gen:  0)
   521816      4096   3691880  0.000  0.000    2.718    0.397    0    0  (Gen:  0)
   521640      4144   3692088  0.000  0.000    2.718    0.397    0    0  (Gen:  0)
   521920      4216   3692192  0.000  0.000    2.719    0.397    0    0  (Gen:  0)
   521768      4208   3692216  0.000  0.000    2.719    0.397    0    0  (Gen:  0)
   521640      3944   3691968  0.000  0.000    2.720    0.397    0    0  (Gen:  0)
   521736      6008   3694048  0.000  0.000    2.720    0.397    0    0  (Gen:  0)
   521400      5712   3693832  0.000  0.000    2.721    0.398    0    0  (Gen:  0)
   521584      4256   3694224  0.000  0.000    2.721    0.398    0    0  (Gen:  0)
   521576      4160   3694160  0.000  0.000    2.722    0.398    0    0  (Gen:  0)
   521464      3968   3694056  0.000  0.000    2.723    0.398    0    0  (Gen:  0)
   521512      4376   3694496  0.000  0.000    2.723    0.398    0    0  (Gen:  0)
   521872      4352   3694520  0.000  0.000    2.724    0.398    0    0  (Gen:  0)
   521584      4016   3694272  0.000  0.000    2.724    0.398    0    0  (Gen:  0)
   521880      4248   3694520  0.000  0.000    2.725    0.398    0    0  (Gen:  0)
   521712      4160   3694480  0.000  0.000    2.725    0.399    0    0  (Gen:  0)
   521616      6744   3697080  0.000  0.000    2.726    0.399    0    0  (Gen:  0)
   521544      6624   3697024  0.000  0.000    2.726    0.399    0    0  (Gen:  0)
   521448      4256   3697240  0.000  0.000    2.727    0.399    0    0  (Gen:  0)
   521568      4096   3697112  0.000  0.000    2.728    0.399    0    0  (Gen:  0)
   521688      4296   3697344  0.000  0.000    2.728    0.399    0    0  (Gen:  0)
   521376      4112   3697176  0.000  0.000    2.729    0.399    0    0  (Gen:  0)
   521720      4320   3697400  0.000  0.000    2.729    0.399    0    0  (Gen:  0)
   521752      4072   3697440  0.000  0.000    2.730    0.400    0    0  (Gen:  0)
   521280      3960   3697416  0.000  0.000    2.730    0.400    0    0  (Gen:  0)
   521720      4168   3697640  0.000  0.000    2.731    0.400    0    0  (Gen:  0)
   521776      4296   3698040  0.000  0.000    2.731    0.400    0    0  (Gen:  0)
   521408      8128   3702112  0.000  0.000    2.732    0.400    0    0  (Gen:  0)
   521800      5952   3701920  0.000  0.000    2.733    0.400    0    0  (Gen:  0)
   521792      4176   3702136  0.000  0.000    2.733    0.400    0    0  (Gen:  0)
   521512      4200   3702192  0.000  0.000    2.734    0.400    0    0  (Gen:  0)
   521200      3992   3702016  0.000  0.000    2.734    0.401    0    0  (Gen:  0)
   521528      3992   3702032  0.000  0.000    2.735    0.401    0    0  (Gen:  0)
   521912      5816   3703872  0.000  0.000    2.736    0.401    0    0  (Gen:  0)
   521736      4176   3703928  0.000  0.000    2.736    0.401    0    0  (Gen:  0)
   521920      4248   3704088  0.000  0.000    2.737    0.401    0    0  (Gen:  0)
   521248      4096   3703968  0.000  0.000    2.737    0.401    0    0  (Gen:  0)
   521448      4080   3704040  0.000  0.000    2.738    0.401    0    0  (Gen:  0)
   521608      6568   3706560  0.000  0.000    2.738    0.401    0    0  (Gen:  0)
   521560      6440   3706496  0.000  0.000    2.739    0.402    0    0  (Gen:  0)
   521448      4248   3706600  0.000  0.000    2.740    0.402    0    0  (Gen:  0)
   521776      5320   3708128  0.000  0.000    2.740    0.402    0    0  (Gen:  0)
   521792      4184   3708184  0.000  0.000    2.741    0.402    0    0  (Gen:  0)
   521656      4360   3708376  0.000  0.000    2.741    0.402    0    0  (Gen:  0)
   521672      4176   3708240  0.000  0.000    2.742    0.402    0    0  (Gen:  0)
   521576      4112   3708336  0.000  0.000    2.742    0.402    0    0  (Gen:  0)
   521944      4160   3708416  0.000  0.000    2.743    0.402    0    0  (Gen:  0)
   521720      4024   3708312  0.000  0.000    2.744    0.402    0    0  (Gen:  0)
   521688      4032   3708336  0.000  0.000    2.744    0.403    0    0  (Gen:  0)
   521440      6416   3710736  0.000  0.000    2.745    0.403    0    0  (Gen:  0)
   521840      6016   3710416  0.000  0.000    2.745    0.403    0    0  (Gen:  0)
   521704      4216   3710672  0.000  0.000    2.746    0.403    0    0  (Gen:  0)
   521528      4144   3710632  0.000  0.000    2.746    0.403    0    0  (Gen:  0)
   521408      4048   3710624  0.000  0.000    2.747    0.403    0    0  (Gen:  0)
   521856      6072   3712680  0.000  0.000    2.748    0.403    0    0  (Gen:  0)
   521288      4272   3712696  0.000  0.000    2.748    0.403    0    0  (Gen:  0)
   521456      4096   3712608  0.000  0.000    2.749    0.404    0    0  (Gen:  0)
   521544      4288   3712816  0.000  0.000    2.749    0.404    0    0  (Gen:  0)
   521712      4144   3712720  0.000  0.000    2.750    0.404    0    0  (Gen:  0)
   521872      6312   3714904  0.000  0.000    2.750    0.404    0    0  (Gen:  0)
   521544      6328   3714984  0.000  0.000    2.751    0.404    0    0  (Gen:  0)
   521472      3952   3715024  0.001  0.000    2.752    0.404    0    0  (Gen:  0)
   521568      4200   3715304  0.001  0.000    2.753    0.404    0    0  (Gen:  0)
   521664      4072   3715208  0.001  0.000    2.754    0.405    0    0  (Gen:  0)
   521520      4000   3715224  0.001  0.000    2.755    0.405    0    0  (Gen:  0)
   521664      4368   3715624  0.001  0.000    2.756    0.405    0    0  (Gen:  0)
   521752      4160   3715688  0.001  0.000    2.757    0.405    0    0  (Gen:  0)
   521304      3904   3715520  0.001  0.000    2.758    0.405    0    0  (Gen:  0)
   521736      4440   3716072  0.000  0.000    2.758    0.405    0    0  (Gen:  0)
   521728      4312   3716216  0.000  0.000    2.759    0.406    0    0  (Gen:  0)
   521304      7888   3720032  0.000  0.000    2.759    0.406    0    0  (Gen:  0)
   521760      6208   3720016  0.000  0.000    2.760    0.406    0    0  (Gen:  0)
   521824      4080   3720144  0.000  0.000    2.760    0.406    0    0  (Gen:  0)
   521440      4144   3720240  0.000  0.000    2.761    0.406    0    0  (Gen:  0)
   521592      4008   3720136  0.000  0.000    2.762    0.406    0    0  (Gen:  0)
   521496      3984   3720128  0.000  0.000    2.762    0.406    0    0  (Gen:  0)
   521640      6248   3722408  0.000  0.000    2.763    0.406    0    0  (Gen:  0)
   521504      4240   3722392  0.000  0.000    2.763    0.406    0    0  (Gen:  0)
   521688      4312   3722552  0.000  0.000    2.764    0.407    0    0  (Gen:  0)
   521880      3936   3722208  0.000  0.000    2.764    0.407    0    0  (Gen:  0)
   521672      4048   3722408  0.000  0.000    2.765    0.407    0    0  (Gen:  0)
   521488      6496   3724888  0.000  0.000    2.766    0.407    0    0  (Gen:  0)
   521528      6416   3724872  0.000  0.000    2.766    0.407    0    0  (Gen:  0)
   521696      3952   3724744  0.000  0.000    2.767    0.407    0    0  (Gen:  0)
   521400      4232   3725040  0.000  0.000    2.767    0.407    0    0  (Gen:  0)
   521544      4128   3724984  0.000  0.000    2.768    0.407    0    0  (Gen:  0)
   521600      6464   3727336  0.000  0.000    2.768    0.408    0    0  (Gen:  0)
   521536      4152   3727136  0.000  0.000    2.769    0.408    0    0  (Gen:  0)
   521536      4000   3727144  0.000  0.000    2.769    0.408    0    0  (Gen:  0)
   521464      4192   3727368  0.000  0.000    2.770    0.408    0    0  (Gen:  0)
   521872      4240   3727448  0.000  0.000    2.771    0.408    0    0  (Gen:  0)
   521600      3984   3727208  0.000  0.000    2.771    0.408    0    0  (Gen:  0)
   521480      6800   3730040  0.000  0.000    2.772    0.408    0    0  (Gen:  0)
   521808      6608   3729928  0.000  0.000    2.772    0.408    0    0  (Gen:  0)
   521240      4232   3730048  0.000  0.000    2.773    0.409    0    0  (Gen:  0)
   521408      4200   3730048  0.000  0.000    2.774    0.409    0    0  (Gen:  0)
   521312      4200   3730136  0.000  0.000    2.774    0.409    0    0  (Gen:  0)
   521656      4416   3730384  0.000  0.000    2.775    0.409    0    0  (Gen:  0)
   521744      4016   3730256  0.002  0.000    2.798    0.411    0    0  (Gen:  0)
   521768      4008   3730408  0.000  0.000    2.798    0.411    0    0  (Gen:  0)
   521472      4152   3730584  0.000  0.000    2.799    0.411    0    0  (Gen:  0)
   521576      4312   3731000  0.000  0.000    2.800    0.412    0    0  (Gen:  0)
   521616      4848   3731776  0.000  0.000    2.800    0.412    0    0  (Gen:  0)
   521488      6848   3734656  0.000  0.000    2.801    0.412    0    0  (Gen:  0)
   521800      5824   3734672  0.000  0.000    2.801    0.412    0    0  (Gen:  0)
   521592      4136   3734640  0.000  0.000    2.802    0.412    0    0  (Gen:  0)
   521544      4048   3734584  0.000  0.000    2.802    0.412    0    0  (Gen:  0)
   521600      4064   3734688  0.000  0.000    2.803    0.412    0    0  (Gen:  0)
   521768      4136   3734792  0.000  0.000    2.804    0.412    0    0  (Gen:  0)
   521608      4096   3734800  0.000  0.000    2.804    0.413    0    0  (Gen:  0)
   521792      4040   3734832  0.000  0.000    2.805    0.413    0    0  (Gen:  0)
   521832      4192   3735000  0.000  0.000    2.805    0.413    0    0  (Gen:  0)
   521800      4104   3734960  0.000  0.000    2.806    0.413    0    0  (Gen:  0)
   521592      6016   3736888  0.000  0.000    2.806    0.413    0    0  (Gen:  0)
   521664      5776   3736712  0.000  0.000    2.807    0.413    0    0  (Gen:  0)
   521480      3960   3736816  0.000  0.000    2.808    0.413    0    0  (Gen:  0)
   521432      4144   3737032  0.000  0.000    2.808    0.413    0    0  (Gen:  0)
   521624      4184   3737104  0.000  0.000    2.809    0.414    0    0  (Gen:  0)
   521592      4088   3737024  0.000  0.000    2.809    0.414    0    0  (Gen:  0)
   521560      4168   3737120  0.000  0.000    2.810    0.414    0    0  (Gen:  0)
   521704      4192   3737208  0.000  0.000    2.810    0.414    0    0  (Gen:  0)
   521848      4200   3737304  0.000  0.000    2.811    0.414    0    0  (Gen:  0)
   521696      4112   3737248  0.000  0.000    2.812    0.414    0    0  (Gen:  0)
   521728      4144   3737368  0.000  0.000    2.812    0.414    0    0  (Gen:  0)
   521552      6616   3739872  0.000  0.000    2.813    0.414    0    0  (Gen:  0)
   521576      6696   3740016  0.000  0.000    2.813    0.415    0    0  (Gen:  0)
   521520      3976   3739808  0.000  0.000    2.814    0.415    0    0  (Gen:  0)
   521600      4160   3740008  0.000  0.000    2.814    0.415    0    0  (Gen:  0)
   521448      4184   3740080  0.000  0.000    2.815    0.415    0    0  (Gen:  0)
   521616      4656   3740568  0.000  0.000    2.816    0.415    0    0  (Gen:  0)
   521616      4184   3740368  0.000  0.000    2.816    0.415    0    0  (Gen:  0)
   521688      4128   3740472  0.000  0.000    2.817    0.415    0    0  (Gen:  0)
   521352      4496   3740872  0.000  0.000    2.817    0.415    0    0  (Gen:  0)
   521768      4576   3741208  0.000  0.000    2.818    0.416    0    0  (Gen:  0)
   521600      4304   3741176  0.000  0.000    2.818    0.416    0    0  (Gen:  0)
   521080      8104   3749352  0.000  0.000    2.819    0.416    0    0  (Gen:  0)
   521544      6336   3749296  0.000  0.000    2.820    0.416    0    0  (Gen:  0)
   521672      3936   3749184  0.000  0.000    2.820    0.416    0    0  (Gen:  0)
   521808      4184   3749448  0.000  0.000    2.821    0.416    0    0  (Gen:  0)
   521784      4104   3749416  0.000  0.000    2.821    0.416    0    0  (Gen:  0)
   521584      5896   3751224  0.000  0.000    2.822    0.416    0    0  (Gen:  0)
   521568      4088   3751096  0.000  0.000    2.822    0.417    0    0  (Gen:  0)
   521608      4016   3751184  0.000  0.000    2.823    0.417    0    0  (Gen:  0)
   521688      4168   3751368  0.000  0.000    2.824    0.417    0    0  (Gen:  0)
   521816      4120   3751352  0.000  0.000    2.824    0.417    0    0  (Gen:  0)
   521536      3920   3751168  0.000  0.000    2.825    0.417    0    0  (Gen:  0)
   521600      6552   3753816  0.000  0.000    2.825    0.417    0    0  (Gen:  0)
   521448      6352   3753696  0.000  0.000    2.826    0.417    0    0  (Gen:  0)
   521472      5856   3755504  0.000  0.000    2.827    0.417    0    0  (Gen:  0)
   521576      4120   3755376  0.000  0.000    2.827    0.418    0    0  (Gen:  0)
   521456      4088   3755432  0.000  0.000    2.828    0.418    0    0  (Gen:  0)
   521616      4096   3755472  0.000  0.000    2.828    0.418    0    0  (Gen:  0)
   521584      4096   3755520  0.000  0.000    2.829    0.418    0    0  (Gen:  0)
   521608      3992   3755504  0.000  0.000    2.829    0.418    0    0  (Gen:  0)
   521712      4168   3755696  0.000  0.000    2.830    0.418    0    0  (Gen:  0)
   521864      4152   3755728  0.000  0.000    2.830    0.418    0    0  (Gen:  0)
   521552      6240   3757832  0.000  0.000    2.831    0.418    0    0  (Gen:  0)
   521344      6136   3757792  0.000  0.000    2.832    0.419    0    0  (Gen:  0)
   521320      4096   3757880  0.000  0.000    2.832    0.419    0    0  (Gen:  0)
   521752      4208   3758024  0.000  0.000    2.833    0.419    0    0  (Gen:  0)
   521480      4216   3758064  0.000  0.000    2.833    0.419    0    0  (Gen:  0)
   521528      3784   3757648  0.000  0.000    2.834    0.419    0    0  (Gen:  0)
   521704      6192   3760072  0.000  0.000    2.834    0.419    0    0  (Gen:  0)
   521496      4120   3759832  0.000  0.000    2.835    0.419    0    0  (Gen:  0)
   521704      4120   3759920  0.000  0.000    2.836    0.419    0    0  (Gen:  0)
   521432      4176   3760008  0.000  0.000    2.836    0.420    0    0  (Gen:  0)
   521280      4064   3759984  0.000  0.000    2.837    0.420    0    0  (Gen:  0)
   521496      6624   3762576  0.000  0.000    2.837    0.420    0    0  (Gen:  0)
   521632      6560   3762576  0.000  0.000    2.838    0.420    0    0  (Gen:  0)
   521440      4144   3762504  0.000  0.000    2.838    0.420    0    0  (Gen:  0)
   521832      3872   3762248  0.000  0.000    2.839    0.420    0    0  (Gen:  0)
   521192      4040   3762464  0.000  0.000    2.840    0.420    0    0  (Gen:  0)
   521584      3880   3762320  0.000  0.000    2.840    0.420    0    0  (Gen:  0)
   521568      4440   3762896  0.000  0.000    2.841    0.421    0    0  (Gen:  0)
   521248      4192   3762936  0.000  0.000    2.841    0.421    0    0  (Gen:  0)
   521728      4432   3763264  0.000  0.000    2.842    0.421    0    0  (Gen:  0)
   521696      3888   3762976  0.000  0.000    2.842    0.421    0    0  (Gen:  0)
   521864      4392   3763568  0.000  0.000    2.843    0.421    0    0  (Gen:  0)
   521616      7864   3767456  0.000  0.000    2.844    0.421    0    0  (Gen:  0)
   521472      6232   3767328  0.000  0.000    2.844    0.421    0    0  (Gen:  0)
   521728      3936   3767216  0.000  0.000    2.845    0.421    0    0  (Gen:  0)
   521416      4144   3767440  0.000  0.000    2.845    0.422    0    0  (Gen:  0)
   521552      3888   3767232  0.000  0.000    2.846    0.422    0    0  (Gen:  0)
   521568      6032   3769392  0.000  0.000    2.846    0.422    0    0  (Gen:  0)
   521680      4120   3769456  0.000  0.000    2.847    0.422    0    0  (Gen:  0)
   521608      4112   3769608  0.000  0.000    2.848    0.422    0    0  (Gen:  0)
   521928      4264   3769792  0.000  0.000    2.848    0.422    0    0  (Gen:  0)
   521744      4104   3769664  0.000  0.000    2.849    0.422    0    0  (Gen:  0)
   521600      4120   3769696  0.000  0.000    2.849    0.422    0    0  (Gen:  0)
   521608      6392   3771984  0.000  0.000    2.850    0.422    0    0  (Gen:  0)
   521488      6400   3772072  0.000  0.000    2.850    0.423    0    0  (Gen:  0)
   521568      4264   3772272  0.000  0.000    2.851    0.423    0    0  (Gen:  0)
   521592      4152   3772192  0.000  0.000    2.852    0.423    0    0  (Gen:  0)
   521440      4136   3772264  0.000  0.000    2.852    0.423    0    0  (Gen:  0)
   521312      6336   3774496  0.000  0.000    2.853    0.423    0    0  (Gen:  0)
   521560      4152   3774424  0.000  0.000    2.853    0.423    0    0  (Gen:  0)
   521664      4048   3774408  0.000  0.000    2.854    0.423    0    0  (Gen:  0)
   521752      4296   3774672  0.000  0.000    2.854    0.423    0    0  (Gen:  0)
   521672      4072   3774496  0.000  0.000    2.855    0.424    0    0  (Gen:  0)
   521536      6704   3777144  0.000  0.000    2.856    0.424    0    0  (Gen:  0)
   521440      6584   3777088  0.000  0.000    2.856    0.424    0    0  (Gen:  0)
   521312      4064   3777136  0.000  0.000    2.857    0.424    0    0  (Gen:  0)
   521680      4152   3777256  0.000  0.000    2.857    0.424    0    0  (Gen:  0)
   521520      4216   3777352  0.000  0.000    2.858    0.424    0    0  (Gen:  0)
   521576      4136   3777288  0.000  0.000    2.859    0.424    0    0  (Gen:  0)
   521592      4592   3777760  0.000  0.000    2.860    0.425    0    0  (Gen:  0)
   521688      4280   3777736  0.000  0.000    2.861    0.425    0    0  (Gen:  0)
   521736      4456   3778000  0.000  0.000    2.861    0.425    0    0  (Gen:  0)
   521656      3984   3777784  0.000  0.000    2.862    0.425    0    0  (Gen:  0)
   521472      4232   3778120  0.000  0.000    2.862    0.425    0    0  (Gen:  0)
   521424      7496   3781640  0.000  0.000    2.863    0.425    0    0  (Gen:  0)
   521728      5648   3781616  0.000  0.000    2.864    0.425    0    0  (Gen:  0)
   521616      4080   3781776  0.000  0.000    2.864    0.425    0    0  (Gen:  0)
   521512      4080   3781808  0.000  0.000    2.865    0.426    0    0  (Gen:  0)
   521584      4048   3781808  0.000  0.000    2.865    0.426    0    0  (Gen:  0)
   521648      4032   3781808  0.000  0.000    2.866    0.426    0    0  (Gen:  0)
   521528      4232   3782024  0.000  0.000    2.867    0.426    0    0  (Gen:  0)
   521720      4152   3782008  0.000  0.000    2.867    0.426    0    0  (Gen:  0)
   521944      4320   3782264  0.000  0.000    2.868    0.426    0    0  (Gen:  0)
   521224      3992   3781968  0.000  0.000    2.868    0.426    0    0  (Gen:  0)
   521440      3976   3782040  0.000  0.000    2.869    0.426    0    0  (Gen:  0)
   521408      6072   3784168  0.000  0.000    2.869    0.427    0    0  (Gen:  0)
   521544      5976   3784136  0.000  0.000    2.870    0.427    0    0  (Gen:  0)
   521528      4088   3784096  0.000  0.000    2.871    0.427    0    0  (Gen:  0)
   521704      4072   3784096  0.000  0.000    2.871    0.427    0    0  (Gen:  0)
   521456      4008   3784080  0.000  0.000    2.872    0.427    0    0  (Gen:  0)
   521496      4264   3784352  0.000  0.000    2.872    0.427    0    0  (Gen:  0)
   521520      4136   3784272  0.000  0.000    2.873    0.427    0    0  (Gen:  0)
   521672      3976   3784272  0.000  0.000    2.874    0.427    0    0  (Gen:  0)
   521760      4224   3784552  0.000  0.000    2.874    0.428    0    0  (Gen:  0)
   521728      4080   3784440  0.000  0.000    2.875    0.428    0    0  (Gen:  0)
   521664      4048   3784424  0.000  0.000    2.875    0.428    0    0  (Gen:  0)
   521488      6840   3787232  0.000  0.000    2.876    0.428    0    0  (Gen:  0)
   521440      6352   3786824  0.000  0.000    2.876    0.428    0    0  (Gen:  0)
   521664      4248   3787232  0.000  0.000    2.877    0.428    0    0  (Gen:  0)
   521528      4152   3787168  0.000  0.000    2.878    0.428    0    0  (Gen:  0)
   521464      3960   3787064  0.000  0.000    2.879    0.429    0    0  (Gen:  0)
   521760      4552   3787688  0.001  0.000    2.880    0.429    0    0  (Gen:  0)
   521632      4272   3787680  0.000  0.000    2.880    0.429    0    0  (Gen:  0)
   521472      3976   3787472  0.000  0.000    2.881    0.429    0    0  (Gen:  0)
   521584      4480   3787992  0.000  0.000    2.882    0.429    0    0  (Gen:  0)
   521744      4416   3788200  0.000  0.000    2.882    0.429    0    0  (Gen:  0)
   521456      7144   3791168  0.000  0.000    2.883    0.429    0    0  (Gen:  0)
   521776      5808   3791816  0.000  0.000    2.884    0.429    0    0  (Gen:  0)
   521688      4808   3791920  0.000  0.000    2.884    0.430    0    0  (Gen:  0)
   521616      4112   3792040  0.000  0.000    2.885    0.430    0    0  (Gen:  0)
   521272      4048   3792008  0.000  0.000    2.885    0.430    0    0  (Gen:  0)
   521464      3992   3792040  0.000  0.000    2.886    0.430    0    0  (Gen:  0)
   521880      5856   3793936  0.000  0.000    2.886    0.430    0    0  (Gen:  0)
   521768      4168   3793928  0.000  0.000    2.887    0.430    0    0  (Gen:  0)
   521632      3888   3793736  0.000  0.000    2.888    0.430    0    0  (Gen:  0)
   521704      4224   3794088  0.000  0.000    2.888    0.430    0    0  (Gen:  0)
   521208      4048   3793960  0.000  0.000    2.889    0.431    0    0  (Gen:  0)
   521720      6576   3796504  0.000  0.000    2.889    0.431    0    0  (Gen:  0)
   521600      6224   3796216  0.000  0.000    2.890    0.431    0    0  (Gen:  0)
   521352      4504   3796888  0.000  0.000    2.890    0.431    0    0  (Gen:  0)
   521776      5584   3798384  0.000  0.000    2.891    0.431    0    0  (Gen:  0)
   521752      4176   3798424  0.000  0.000    2.892    0.431    0    0  (Gen:  0)
   521728      4048   3798312  0.000  0.000    2.892    0.431    0    0  (Gen:  0)
   521656      4232   3798512  0.000  0.000    2.893    0.431    0    0  (Gen:  0)
   521592      4192   3798536  0.000  0.000    2.893    0.431    0    0  (Gen:  0)
   521960      4320   3798752  0.000  0.000    2.894    0.432    0    0  (Gen:  0)
   521616      4216   3798680  0.000  0.000    2.894    0.432    0    0  (Gen:  0)
   521816      3952   3798504  0.000  0.000    2.895    0.432    0    0  (Gen:  0)
   521352      6224   3800808  0.000  0.000    2.895    0.432    0    0  (Gen:  0)
   521912      6088   3800736  0.000  0.000    2.896    0.432    0    0  (Gen:  0)
   521648      4032   3800736  0.000  0.000    2.897    0.432    0    0  (Gen:  0)
   521488      4096   3800816  0.000  0.000    2.897    0.432    0    0  (Gen:  0)
   521472      4136   3800904  0.000  0.000    2.898    0.432    0    0  (Gen:  0)
   521816      6096   3802880  0.000  0.000    2.899    0.433    0    0  (Gen:  0)
   521416      4048   3802648  0.000  0.000    2.899    0.433    0    0  (Gen:  0)
   521336      4192   3802952  0.000  0.000    2.900    0.433    0    0  (Gen:  0)
   521600      4080   3802872  0.000  0.000    2.900    0.433    0    0  (Gen:  0)
   521808      4088   3802912  0.000  0.000    2.901    0.433    0    0  (Gen:  0)
   521728      3960   3802800  0.000  0.000    2.901    0.433    0    0  (Gen:  0)
   521544      6512   3805368  0.000  0.000    2.902    0.433    0    0  (Gen:  0)
   521616      6256   3805192  0.000  0.000    2.902    0.433    0    0  (Gen:  0)
   521584      4304   3805584  0.000  0.000    2.903    0.434    0    0  (Gen:  0)
   521576      4208   3805520  0.000  0.000    2.904    0.434    0    0  (Gen:  0)
   521464      4016   3805416  0.000  0.000    2.904    0.434    0    0  (Gen:  0)
   521704      4544   3805976  0.000  0.000    2.905    0.434    0    0  (Gen:  0)
   521672      4344   3806048  0.000  0.000    2.905    0.434    0    0  (Gen:  0)
   521472      3840   3805632  0.000  0.000    2.906    0.434    0    0  (Gen:  0)
   521584      4280   3806088  0.000  0.000    2.906    0.434    0    0  (Gen:  0)
   521744      4216   3806296  0.000  0.000    2.907    0.434    0    0  (Gen:  0)
   521464      4760   3807080  0.000  0.000    2.907    0.435    0    0  (Gen:  0)
   521552      7184   3810384  0.000  0.000    2.908    0.435    0    0  (Gen:  0)
   521792      6232   3810312  0.000  0.000    2.909    0.435    0    0  (Gen:  0)
   521600      4184   3810448  0.000  0.000    2.909    0.435    0    0  (Gen:  0)
   521664      4136   3810432  0.000  0.000    2.910    0.435    0    0  (Gen:  0)
   521352      4136   3810520  0.000  0.000    2.910    0.435    0    0  (Gen:  0)
   521704      6008   3812424  0.000  0.000    2.911    0.435    0    0  (Gen:  0)
   521440      4192   3812584  0.000  0.000    2.911    0.435    0    0  (Gen:  0)
   521712      3968   3812448  0.000  0.000    2.912    0.436    0    0  (Gen:  0)
   521752      4208   3812704  0.000  0.000    2.913    0.436    0    0  (Gen:  0)
   521736      4136   3812680  0.000  0.000    2.913    0.436    0    0  (Gen:  0)
   521640      6616   3815176  0.000  0.000    2.914    0.436    0    0  (Gen:  0)
   521568      6384   3815008  0.000  0.000    2.914    0.436    0    0  (Gen:  0)
   521520      4176   3815208  0.000  0.000    2.915    0.436    0    0  (Gen:  0)
   521408      4248   3815312  0.001  0.000    2.916    0.436    0    0  (Gen:  0)
   521608      4040   3815136  0.001  0.000    2.917    0.436    0    0  (Gen:  0)
   521600      3968   3815080  0.001  0.000    2.918    0.437    0    0  (Gen:  0)
   521640      6376   3817504  0.002  0.000    2.920    0.437    0    0  (Gen:  0)
   521360      4120   3817376  0.001  0.000    2.922    0.437    0    0  (Gen:  0)
   521608      4016   3817360  0.001  0.000    2.923    0.437    0    0  (Gen:  0)
   521680      4048   3817424  0.001  0.000    2.924    0.438    0    0  (Gen:  0)
   521728      4152   3817616  0.001  0.000    2.925    0.438    0    0  (Gen:  0)
   521520      6760   3820256  0.000  0.000    2.926    0.438    0    0  (Gen:  0)
   521616      6392   3819952  0.000  0.000    2.927    0.438    0    0  (Gen:  0)
   521480      3904   3819960  0.000  0.000    2.927    0.438    0    0  (Gen:  0)
   521400      4208   3820280  0.000  0.000    2.928    0.438    0    0  (Gen:  0)
   521248      4016   3820136  0.000  0.000    2.928    0.438    0    0  (Gen:  0)
   521656      4560   3820696  0.000  0.000    2.929    0.438    0    0  (Gen:  0)
   521672      4360   3820768  0.000  0.000    2.929    0.439    0    0  (Gen:  0)
   521728      4192   3820760  0.000  0.000    2.930    0.439    0    0  (Gen:  0)
   521632      4328   3820928  0.000  0.000    2.931    0.439    0    0  (Gen:  0)
   521560      4512   3821368  0.000  0.000    2.931    0.439    0    0  (Gen:  0)
   521544      4472   3821568  0.000  0.000    2.932    0.439    0    0  (Gen:  0)
   521456      7240   3824736  0.000  0.000    2.932    0.439    0    0  (Gen:  0)
   521792      5648   3824664  0.000  0.000    2.933    0.439    0    0  (Gen:  0)
   521712      3920   3824592  0.000  0.000    2.933    0.439    0    0  (Gen:  0)
   521440      4168   3824856  0.000  0.000    2.934    0.440    0    0  (Gen:  0)
   521536      3816   3824552  0.000  0.000    2.935    0.440    0    0  (Gen:  0)
   521704      4224   3824976  0.000  0.000    2.935    0.440    0    0  (Gen:  0)
   521840      4152   3824952  0.000  0.000    2.936    0.440    0    0  (Gen:  0)
   521584      4080   3825040  0.000  0.000    2.936    0.440    0    0  (Gen:  0)
   521880      4192   3825184  0.000  0.000    2.937    0.440    0    0  (Gen:  0)
   521800      4176   3825200  0.000  0.000    2.937    0.440    0    0  (Gen:  0)
   521544      3728   3824768  0.000  0.000    2.938    0.440    0    0  (Gen:  0)
   521768      6016   3827072  0.000  0.000    2.939    0.441    0    0  (Gen:  0)
   521376      5920   3827056  0.000  0.000    2.939    0.441    0    0  (Gen:  0)
   521672      4168   3827152  0.000  0.000    2.940    0.441    0    0  (Gen:  0)
   521528      4096   3827112  0.000  0.000    2.940    0.441    0    0  (Gen:  0)
   521568      4208   3827312  0.000  0.000    2.941    0.441    0    0  (Gen:  0)
   521544      4336   3827472  0.000  0.000    2.941    0.441    0    0  (Gen:  0)
   521672      4360   3827544  0.000  0.000    2.942    0.441    0    0  (Gen:  0)
   521704      3928   3827200  0.000  0.000    2.943    0.441    0    0  (Gen:  0)
   521864      4128   3827416  0.000  0.000    2.943    0.442    0    0  (Gen:  0)
   521792      3904   3827240  0.000  0.000    2.944    0.442    0    0  (Gen:  0)
   521544      6688   3830040  0.000  0.000    2.944    0.442    0    0  (Gen:  0)
   521552      6560   3829976  0.000  0.000    2.945    0.442    0    0  (Gen:  0)
   521424      4096   3830096  0.000  0.000    2.945    0.442    0    0  (Gen:  0)
   521632      4208   3830240  0.000  0.000    2.946    0.442    0    0  (Gen:  0)
   521592      4160   3830224  0.000  0.000    2.947    0.442    0    0  (Gen:  0)
   521368      4088   3830168  0.000  0.000    2.947    0.442    0    0  (Gen:  0)
   521720      4496   3830592  0.000  0.000    2.948    0.443    0    0  (Gen:  0)
   521800      4168   3830552  0.000  0.000    2.948    0.443    0    0  (Gen:  0)
   521272      4360   3830832  0.000  0.000    2.949    0.443    0    0  (Gen:  0)
   521760      4088   3830816  0.000  0.000    2.949    0.443    0    0  (Gen:  0)
   521704      4576   3831392  0.000  0.000    2.950    0.443    0    0  (Gen:  0)
   521432      7960   3835192  0.000  0.000    2.951    0.443    0    0  (Gen:  0)
   521800      6096   3835152  0.000  0.000    2.951    0.443    0    0  (Gen:  0)
   521784      4064   3835040  0.000  0.000    2.952    0.443    0    0  (Gen:  0)
   521424      4248   3835240  0.000  0.000    2.952    0.444    0    0  (Gen:  0)
   521248      3984   3835024  0.000  0.000    2.953    0.444    0    0  (Gen:  0)
   521584      3896   3834952  0.000  0.000    2.953    0.444    0    0  (Gen:  0)
   521896      5872   3836944  0.000  0.000    2.954    0.444    0    0  (Gen:  0)
   521776      4064   3836832  0.000  0.000    2.955    0.444    0    0  (Gen:  0)
   521856      4048   3836904  0.000  0.000    2.955    0.444    0    0  (Gen:  0)
   521312      4064   3836952  0.000  0.000    2.956    0.444    0    0  (Gen:  0)
   521424      3984   3836960  0.000  0.000    2.956    0.444    0    0  (Gen:  0)
   521672      6472   3839480  0.000  0.000    2.957    0.445    0    0  (Gen:  0)
   521560      6408   3839480  0.000  0.000    2.957    0.445    0    0  (Gen:  0)
   521360      4576   3839952  0.000  0.000    2.958    0.445    0    0  (Gen:  0)
   521808      5120   3841216  0.000  0.000    2.959    0.445    0    0  (Gen:  0)
   521800      4096   3841176  0.000  0.000    2.959    0.445    0    0  (Gen:  0)
   521576      4208   3841304  0.000  0.000    2.960    0.445    0    0  (Gen:  0)
   521736      4136   3841280  0.000  0.000    2.960    0.445    0    0  (Gen:  0)
   521576      4120   3841424  0.000  0.000    2.961    0.445    0    0  (Gen:  0)
   521920      4168   3841504  0.000  0.000    2.961    0.446    0    0  (Gen:  0)
   521752      4176   3841544  0.000  0.000    2.962    0.446    0    0  (Gen:  0)
   521648      4080   3841464  0.000  0.000    2.963    0.446    0    0  (Gen:  0)
   521520      6296   3843696  0.000  0.000    2.963    0.446    0    0  (Gen:  0)
   521760      6072   3843552  0.000  0.000    2.964    0.446    0    0  (Gen:  0)
   521720      4152   3843688  0.000  0.000    2.964    0.446    0    0  (Gen:  0)
   521544      3984   3843552  0.000  0.000    2.965    0.446    0    0  (Gen:  0)
   521504      4192   3843848  0.000  0.000    2.965    0.446    0    0  (Gen:  0)
   521776      6120   3845808  0.000  0.000    2.966    0.447    0    0  (Gen:  0)
   521208      4208   3845712  0.000  0.000    2.967    0.447    0    0  (Gen:  0)
   521592      4040   3845632  0.000  0.000    2.967    0.447    0    0  (Gen:  0)
   521464      4280   3845888  0.000  0.000    2.968    0.447    0    0  (Gen:  0)
   521800      4192   3845848  0.000  0.000    2.968    0.447    0    0  (Gen:  0)
   521800      6576   3848248  0.000  0.000    2.969    0.447    0    0  (Gen:  0)
   521528      6320   3848056  0.000  0.000    2.969    0.447    0    0  (Gen:  0)
   521496      3976   3848128  0.000  0.000    2.970    0.447    0    0  (Gen:  0)
   521568      4192   3848376  0.000  0.000    2.971    0.448    0    0  (Gen:  0)
   521624      4232   3848448  0.000  0.000    2.971    0.448    0    0  (Gen:  0)
   521424      4120   3848352  0.000  0.000    2.972    0.448    0    0  (Gen:  0)
   521720      4448   3848696  0.000  0.000    2.972    0.448    0    0  (Gen:  0)
   521784      4176   3848712  0.000  0.000    2.973    0.448    0    0  (Gen:  0)
   521296      4520   3849144  0.000  0.000    2.973    0.448    0    0  (Gen:  0)
   521792      4160   3849040  0.000  0.000    2.974    0.448    0    0  (Gen:  0)
   521688      4488   3849456  0.000  0.000    2.975    0.448    0    0  (Gen:  0)
   521328      7792   3853176  0.000  0.000    2.975    0.449    0    0  (Gen:  0)
   521800      6160   3853048  0.000  0.000    2.976    0.449    0    0  (Gen:  0)
   521728      3984   3853128  0.000  0.000    2.976    0.449    0    0  (Gen:  0)
   521520      4112   3853288  0.000  0.000    2.977    0.449    0    0  (Gen:  0)
   521568      4176   3853384  0.000  0.000    2.977    0.449    0    0  (Gen:  0)
   521520      3952   3853176  0.000  0.000    2.978    0.449    0    0  (Gen:  0)
   521664      6008   3855248  0.000  0.000    2.979    0.449    0    0  (Gen:  0)
   521472      4208   3855440  0.000  0.000    2.979    0.449    0    0  (Gen:  0)
   521688      4224   3855544  0.000  0.000    2.980    0.450    0    0  (Gen:  0)
   521776      4160   3855512  0.000  0.000    2.980    0.450    0    0  (Gen:  0)
   521744      4024   3855464  0.000  0.000    2.981    0.450    0    0  (Gen:  0)
   521544      6496   3857968  0.000  0.000    2.981    0.450    0    0  (Gen:  0)
   521440      6424   3857960  0.000  0.000    2.982    0.450    0    0  (Gen:  0)
   521728      4104   3857976  0.000  0.000    2.983    0.450    0    0  (Gen:  0)
   521472      4216   3858104  0.000  0.000    2.983    0.450    0    0  (Gen:  0)
   521496      4136   3858072  0.000  0.000    2.984    0.450    0    0  (Gen:  0)
   521544      6472   3860424  0.000  0.000    2.984    0.451    0    0  (Gen:  0)
   521680      4192   3860256  0.000  0.000    2.985    0.451    0    0  (Gen:  0)
   521456      4024   3860248  0.000  0.000    2.985    0.451    0    0  (Gen:  0)
   521432      4168   3860424  0.000  0.000    2.986    0.451    0    0  (Gen:  0)
   521880      4032   3860320  0.000  0.000    2.987    0.451    0    0  (Gen:  0)
   521624      3848   3860152  0.000  0.000    2.987    0.451    0    0  (Gen:  0)
   521432      6664   3862984  0.000  0.000    2.988    0.451    0    0  (Gen:  0)
   521824      6584   3862984  0.000  0.000    2.988    0.451    0    0  (Gen:  0)
   521232      4336   3863232  0.000  0.000    2.989    0.451    0    0  (Gen:  0)
   521344      4048   3862976  0.000  0.000    2.989    0.452    0    0  (Gen:  0)
   521344      4032   3863048  0.000  0.000    2.990    0.452    0    0  (Gen:  0)
   521744      4368   3863416  0.000  0.000    2.991    0.452    0    0  (Gen:  0)
   521736      4176   3863496  0.000  0.000    2.991    0.452    0    0  (Gen:  0)
   521760      3992   3863400  0.000  0.000    2.992    0.452    0    0  (Gen:  0)
   521496      4344   3863768  0.001  0.000    2.993    0.452    0    0  (Gen:  0)
   521544      4320   3864016  0.001  0.000    2.994    0.453    0    0  (Gen:  0)
   521520      7680   3867616  0.001  0.000    2.996    0.453    0    0  (Gen:  0)
   521592      5800   3867560  0.001  0.000    2.997    0.453    0    0  (Gen:  0)
   521736      4232   3867720  0.001  0.000    2.998    0.453    0    0  (Gen:  0)
   521616      4000   3867520  0.001  0.000    3.000    0.453    0    0  (Gen:  0)
   521552      3936   3867488  0.001  0.000    3.001    0.454    0    0  (Gen:  0)
   521624      3864   3867504  0.001  0.000    3.002    0.454    0    0  (Gen:  0)
   521760      4200   3867872  0.000  0.000    3.003    0.454    0    0  (Gen:  0)
   521632      4152   3867872  0.000  0.000    3.003    0.454    0    0  (Gen:  0)
   521784      3952   3867760  0.000  0.000    3.004    0.454    0    0  (Gen:  0)
   521832      4136   3867960  0.000  0.000    3.004    0.454    0    0  (Gen:  0)
   521752      4008   3867880  0.000  0.000    3.005    0.454    0    0  (Gen:  0)
   521664      6216   3870104  0.000  0.000    3.006    0.454    0    0  (Gen:  0)
   521640      5592   3869544  0.000  0.000    3.006    0.455    0    0  (Gen:  0)
   521392      4080   3869952  0.000  0.000    3.007    0.455    0    0  (Gen:  0)
   521456      4024   3869928  0.000  0.000    3.007    0.455    0    0  (Gen:  0)
   521688      4096   3870032  0.000  0.000    3.008    0.455    0    0  (Gen:  0)
   521544      4024   3869976  0.000  0.000    3.008    0.455    0    0  (Gen:  0)
   521664      4280   3870248  0.000  0.000    3.009    0.455    0    0  (Gen:  0)
   521568      4192   3870224  0.000  0.000    3.010    0.455    0    0  (Gen:  0)
   521984      4168   3870288  0.000  0.000    3.010    0.455    0    0  (Gen:  0)
   521576      3992   3870144  0.000  0.000    3.011    0.456    0    0  (Gen:  0)
   521872      4056   3870296  0.000  0.000    3.011    0.456    0    0  (Gen:  0)
   521448      6640   3872912  0.000  0.000    3.012    0.456    0    0  (Gen:  0)
   521544      6600   3872936  0.000  0.000    3.012    0.456    0    0  (Gen:  0)
   521544      4032   3872880  0.000  0.000    3.013    0.456    0    0  (Gen:  0)
   521592      4224   3873088  0.000  0.000    3.014    0.456    0    0  (Gen:  0)
   521360      4048   3872960  0.000  0.000    3.014    0.456    0    0  (Gen:  0)
   521736      4536   3873464  0.000  0.000    3.015    0.456    0    0  (Gen:  0)
   521656      4064   3873264  0.000  0.000    3.015    0.457    0    0  (Gen:  0)
   521576      4152   3873512  0.000  0.000    3.016    0.457    0    0  (Gen:  0)
   521392      4432   3873824  0.000  0.000    3.016    0.457    0    0  (Gen:  0)
   521736      4416   3874064  0.000  0.000    3.017    0.457    0    0  (Gen:  0)
   521672      4528   3874416  0.000  0.000    3.018    0.457    0    0  (Gen:  0)
   521520      7832   3878120  0.000  0.000    3.018    0.457    0    0  (Gen:  0)
   521728      6040   3878008  0.000  0.000    3.019    0.457    0    0  (Gen:  0)
   521696      4288   3878176  0.000  0.000    3.019    0.457    0    0  (Gen:  0)
   521424      4048   3877968  0.000  0.000    3.020    0.458    0    0  (Gen:  0)
   521336      4032   3878040  0.000  0.000    3.021    0.458    0    0  (Gen:  0)
   521832      5968   3880008  0.000  0.000    3.021    0.458    0    0  (Gen:  0)
   521792      4320   3880040  0.000  0.000    3.022    0.458    0    0  (Gen:  0)
   521696      4072   3879880  0.000  0.000    3.022    0.458    0    0  (Gen:  0)
   521808      3872   3879696  0.000  0.000    3.023    0.458    0    0  (Gen:  0)
   521192      4040   3879912  0.000  0.000    3.023    0.458    0    0  (Gen:  0)
   521384      3824   3879712  0.000  0.000    3.024    0.458    0    0  (Gen:  0)
   521848      6488   3882392  0.000  0.000    3.025    0.459    0    0  (Gen:  0)
   521408      6104   3882088  0.000  0.000    3.025    0.459    0    0  (Gen:  0)
   521656      5760   3884048  0.000  0.000    3.026    0.459    0    0  (Gen:  0)
   521632      3960   3883856  0.000  0.000    3.026    0.459    0    0  (Gen:  0)
   521896      4152   3884136  0.000  0.000    3.027    0.459    0    0  (Gen:  0)
   521568      4352   3884368  0.000  0.000    3.027    0.459    0    0  (Gen:  0)
   521616      4000   3884064  0.000  0.000    3.028    0.459    0    0  (Gen:  0)
   521776      3952   3884104  0.000  0.000    3.029    0.459    0    0  (Gen:  0)
   521840      4184   3884352  0.000  0.000    3.029    0.460    0    0  (Gen:  0)
   521800      4096   3884312  0.000  0.000    3.030    0.460    0    0  (Gen:  0)
   521432      6304   3886536  0.000  0.000    3.030    0.460    0    0  (Gen:  0)
   521784      6104   3886400  0.000  0.000    3.031    0.460    0    0  (Gen:  0)
   521696      4120   3886544  0.000  0.000    3.031    0.460    0    0  (Gen:  0)
   521496      4208   3886664  0.000  0.000    3.032    0.460    0    0  (Gen:  0)
   521512      4104   3886592  0.000  0.000    3.033    0.460    0    0  (Gen:  0)
   521680      4064   3886568  0.000  0.000    3.033    0.460    0    0  (Gen:  0)
   521632      6024   3888544  0.000  0.000    3.034    0.461    0    0  (Gen:  0)
   521248      4048   3888400  0.000  0.000    3.034    0.461    0    0  (Gen:  0)
   521584      4192   3888632  0.000  0.000    3.035    0.461    0    0  (Gen:  0)
   521664      3984   3888456  0.000  0.000    3.035    0.461    0    0  (Gen:  0)
   521808      4064   3888624  0.001  0.000    3.037    0.461    0    0  (Gen:  0)
   521648      6496   3891088  0.000  0.000    3.038    0.461    0    0  (Gen:  0)
   521584      6488   3891144  0.000  0.000    3.038    0.461    0    0  (Gen:  0)
   521544      4088   3891088  0.000  0.000    3.039    0.461    0    0  (Gen:  0)
   521600      4240   3891256  0.000  0.000    3.039    0.462    0    0  (Gen:  0)
   521456      4104   3891168  0.000  0.000    3.040    0.462    0    0  (Gen:  0)
   521728      4448   3891528  0.000  0.000    3.040    0.462    0    0  (Gen:  0)
   521632      4152   3891504  0.000  0.000    3.041    0.462    0    0  (Gen:  0)
   521600      4120   3891632  0.000  0.000    3.041    0.462    0    0  (Gen:  0)
   521352      4336   3891880  0.000  0.000    3.042    0.462    0    0  (Gen:  0)
   521776      4456   3892256  0.000  0.000    3.043    0.462    0    0  (Gen:  0)
   521640      4400   3892440  0.000  0.000    3.043    0.462    0    0  (Gen:  0)
   521392      7816   3896256  0.000  0.000    3.044    0.463    0    0  (Gen:  0)
   521712      6384   3896184  0.000  0.000    3.044    0.463    0    0  (Gen:  0)
   521816      4488   3896472  0.000  0.000    3.045    0.463    0    0  (Gen:  0)
   521544      3840   3895856  0.000  0.000    3.046    0.463    0    0  (Gen:  0)
   521392      4000   3896104  0.000  0.000    3.046    0.463    0    0  (Gen:  0)
   521704      6152   3898288  0.000  0.000    3.047    0.463    0    0  (Gen:  0)
   521592      4048   3898160  0.000  0.000    3.047    0.463    0    0  (Gen:  0)
   521520      4136   3898408  0.000  0.000    3.048    0.463    0    0  (Gen:  0)
   521768      4112   3898416  0.000  0.000    3.048    0.464    0    0  (Gen:  0)
   521752      4120   3898456  0.000  0.000    3.049    0.464    0    0  (Gen:  0)
   521672      3992   3898344  0.000  0.000    3.049    0.464    0    0  (Gen:  0)
   521584      6592   3900960  0.000  0.000    3.050    0.464    0    0  (Gen:  0)
   521440      6080   3900528  0.000  0.000    3.051    0.464    0    0  (Gen:  0)
   521608      4152   3900936  0.000  0.000    3.051    0.464    0    0  (Gen:  0)
   521528      4080   3900896  0.000  0.000    3.052    0.464    0    0  (Gen:  0)
   521592      3904   3900808  0.000  0.000    3.052    0.464    0    0  (Gen:  0)
   521504      6112   3903048  0.000  0.000    3.053    0.465    0    0  (Gen:  0)
   521576      4208   3903256  0.000  0.000    3.054    0.465    0    0  (Gen:  0)
   521472      3992   3903128  0.000  0.000    3.054    0.465    0    0  (Gen:  0)
   521584      4192   3903344  0.000  0.000    3.055    0.465    0    0  (Gen:  0)
   521768      4136   3903336  0.000  0.000    3.055    0.465    0    0  (Gen:  0)
   521560      6648   3905864  0.000  0.000    3.056    0.465    0    0  (Gen:  0)
   521648      6448   3905728  0.000  0.000    3.056    0.465    0    0  (Gen:  0)
   521568      4080   3905928  0.000  0.000    3.057    0.465    0    0  (Gen:  0)
   521392      4224   3906104  0.000  0.000    3.058    0.466    0    0  (Gen:  0)
   521192      4232   3906144  0.000  0.000    3.058    0.466    0    0  (Gen:  0)
   521536      4016   3905944  0.000  0.000    3.059    0.466    0    0  (Gen:  0)
   521720      4552   3906496  0.000  0.000    3.059    0.466    0    0  (Gen:  0)
   521712      4192   3906424  0.000  0.000    3.060    0.466    0    0  (Gen:  0)
   521704      4504   3906824  0.000  0.000    3.060    0.466    0    0  (Gen:  0)
   521544      4192   3906768  0.000  0.000    3.061    0.466    0    0  (Gen:  0)
   521520      4664   3907328  0.000  0.000    3.061    0.466    0    0  (Gen:  0)
   521384      7552   3910632  0.000  0.000    3.062    0.467    0    0  (Gen:  0)
   521824      5912   3910656  0.000  0.000    3.063    0.467    0    0  (Gen:  0)
   521752      3992   3910392  0.000  0.000    3.063    0.467    0    0  (Gen:  0)
   521408      4240   3910656  0.000  0.000    3.064    0.467    0    0  (Gen:  0)
   521552      4176   3910640  0.000  0.000    3.064    0.467    0    0  (Gen:  0)
   521648      4520   3911000  0.000  0.000    3.065    0.467    0    0  (Gen:  0)
   521856      4304   3910832  0.000  0.000    3.065    0.467    0    0  (Gen:  0)
   521648      4144   3910832  0.000  0.000    3.066    0.467    0    0  (Gen:  0)
   521864      4096   3910816  0.000  0.000    3.067    0.468    0    0  (Gen:  0)
   521744      3936   3910688  0.000  0.000    3.067    0.468    0    0  (Gen:  0)
   521784      4008   3910848  0.000  0.000    3.068    0.468    0    0  (Gen:  0)
   521568      5872   3912744  0.000  0.000    3.068    0.468    0    0  (Gen:  0)
   521584      5856   3912792  0.000  0.000    3.069    0.468    0    0  (Gen:  0)
   521528      4024   3912808  0.000  0.000    3.069    0.468    0    0  (Gen:  0)
   521448      4080   3912880  0.000  0.000    3.070    0.468    0    0  (Gen:  0)
   521520      3920   3912768  0.000  0.000    3.070    0.468    0    0  (Gen:  0)
   521624      4240   3913104  0.000  0.000    3.071    0.469    0    0  (Gen:  0)
   521728      4080   3912992  0.000  0.000    3.072    0.469    0    0  (Gen:  0)
   521600      4112   3913184  0.000  0.000    3.072    0.469    0    0  (Gen:  0)
   521888      4192   3913296  0.000  0.000    3.073    0.469    0    0  (Gen:  0)
   521792      4032   3913168  0.000  0.000    3.073    0.469    0    0  (Gen:  0)
   521576      3848   3913000  0.000  0.000    3.074    0.469    0    0  (Gen:  0)
   521584      6824   3915992  0.000  0.000    3.074    0.469    0    0  (Gen:  0)
   521392      6616   3915864  0.000  0.000    3.075    0.469    0    0  (Gen:  0)
   521576      4320   3916080  0.000  0.000    3.076    0.470    0    0  (Gen:  0)
   521680      4120   3915912  0.000  0.000    3.076    0.470    0    0  (Gen:  0)
   521456      4024   3915904  0.000  0.000    3.077    0.470    0    0  (Gen:  0)
   521616      4480   3916392  0.000  0.000    3.077    0.470    0    0  (Gen:  0)
   521776      4048   3916232  0.000  0.000    3.078    0.470    0    0  (Gen:  0)
   521320      3904   3916176  0.000  0.000    3.078    0.470    0    0  (Gen:  0)
   521704      4424   3916712  0.000  0.000    3.079    0.470    0    0  (Gen:  0)
   521632      4240   3916800  0.000  0.000    3.080    0.470    0    0  (Gen:  0)
   521496      8016   3920816  0.000  0.000    3.080    0.471    0    0  (Gen:  0)
   521768      6024   3920808  0.000  0.000    3.081    0.471    0    0  (Gen:  0)
   521736      3872   3920648  0.000  0.000    3.081    0.471    0    0  (Gen:  0)
   521640      4184   3920992  0.000  0.000    3.082    0.471    0    0  (Gen:  0)
   521248      4192   3921032  0.000  0.000    3.082    0.471    0    0  (Gen:  0)
   521488      4120   3920976  0.000  0.000    3.083    0.471    0    0  (Gen:  0)
   521808      5984   3922856  0.000  0.000    3.084    0.471    0    0  (Gen:  0)
   521760      4144   3922712  0.000  0.000    3.084    0.471    0    0  (Gen:  0)
   521832      4296   3922952  0.000  0.000    3.085    0.471    0    0  (Gen:  0)
   521552      4080   3922768  0.000  0.000    3.085    0.472    0    0  (Gen:  0)
   521304      4304   3923080  0.000  0.000    3.086    0.472    0    0  (Gen:  0)
   521624      6480   3925288  0.000  0.000    3.086    0.472    0    0  (Gen:  0)
   521528      6256   3925128  0.000  0.000    3.087    0.472    0    0  (Gen:  0)
   521400      4328   3925592  0.000  0.000    3.088    0.472    0    0  (Gen:  0)
   521840      5496   3927176  0.001  0.000    3.089    0.472    0    0  (Gen:  0)
   521784      4032   3927160  0.001  0.000    3.090    0.473    0    0  (Gen:  0)
   521728      3904   3927048  0.001  0.000    3.091    0.473    0    0  (Gen:  0)
   521576      4200   3927360  0.001  0.000    3.093    0.473    0    0  (Gen:  0)
   521616      4152   3927376  0.001  0.000    3.094    0.473    0    0  (Gen:  0)
   521904      4184   3927496  0.001  0.000    3.095    0.473    0    0  (Gen:  0)
   521632      3960   3927304  0.001  0.000    3.096    0.474    0    0  (Gen:  0)
   521896      4152   3927584  0.001  0.000    3.097    0.474    0    0  (Gen:  0)
   521416      6200   3929664  0.000  0.000    3.098    0.474    0    0  (Gen:  0)
   521800      6088   3929616  0.000  0.000    3.098    0.474    0    0  (Gen:  0)
   521592      3976   3929560  0.000  0.000    3.099    0.474    0    0  (Gen:  0)
   521656      4160   3929760  0.000  0.000    3.100    0.474    0    0  (Gen:  0)
   521440      4080   3929728  0.000  0.000    3.100    0.474    0    0  (Gen:  0)
   521792      6136   3931800  0.000  0.000    3.101    0.474    0    0  (Gen:  0)
   521336      4224   3931704  0.000  0.000    3.101    0.475    0    0  (Gen:  0)
   521368      3960   3931600  0.000  0.000    3.102    0.475    0    0  (Gen:  0)
   521584      4208   3931880  0.000  0.000    3.102    0.475    0    0  (Gen:  0)
   521784      4160   3931864  0.000  0.000    3.103    0.475    0    0  (Gen:  0)
   521712      4072   3931792  0.000  0.000    3.103    0.475    0    0  (Gen:  0)
   521592      6512   3934248  0.000  0.000    3.104    0.475    0    0  (Gen:  0)
   521608      6336   3934152  0.000  0.000    3.105    0.475    0    0  (Gen:  0)
   521592      4224   3934384  0.000  0.000    3.105    0.475    0    0  (Gen:  0)
   521560      4120   3934312  0.000  0.000    3.106    0.476    0    0  (Gen:  0)
   521544      4080   3934360  0.000  0.000    3.106    0.476    0    0  (Gen:  0)
   521640      4464   3934776  0.000  0.000    3.107    0.476    0    0  (Gen:  0)
   521656      4320   3934904  0.000  0.000    3.107    0.476    0    0  (Gen:  0)
   521400      3976   3934648  0.000  0.000    3.108    0.476    0    0  (Gen:  0)
   521600      4520   3935208  0.000  0.000    3.109    0.476    0    0  (Gen:  0)
   521744      4456   3935416  0.001  0.000    3.110    0.476    0    0  (Gen:  0)
   521528      8080   3939280  0.001  0.000    3.111    0.477    0    0  (Gen:  0)
   521576      6288   3939152  0.001  0.000    3.112    0.477    0    0  (Gen:  0)
   521768      4160   3939280  0.001  0.000    3.113    0.477    0    0  (Gen:  0)
   521600      4120   3939272  0.001  0.000    3.115    0.477    0    0  (Gen:  0)
   521664      4136   3939320  0.001  0.000    3.116    0.477    0    0  (Gen:  0)
   521360      4120   3939320  0.001  0.000    3.117    0.477    0    0  (Gen:  0)
   521640      6336   3941552  0.001  0.000    3.118    0.478    0    0  (Gen:  0)
   521488      3912   3941120  0.000  0.000    3.119    0.478    0    0  (Gen:  0)
   521736      3824   3941120  0.000  0.000    3.119    0.478    0    0  (Gen:  0)
   521760      4032   3941344  0.000  0.000    3.120    0.478    0    0  (Gen:  0)
   521752      4024   3941384  0.000  0.000    3.120    0.478    0    0  (Gen:  0)
   521544      6384   3943760  0.000  0.000    3.121    0.478    0    0  (Gen:  0)
   521640      6344   3943784  0.000  0.000    3.121    0.478    0    0  (Gen:  0)
   521528      4000   3943848  0.000  0.000    3.122    0.479    0    0  (Gen:  0)
   521384      4224   3944104  0.000  0.000    3.123    0.479    0    0  (Gen:  0)
   521552      4032   3943944  0.000  0.000    3.123    0.479    0    0  (Gen:  0)
   521680      3992   3943920  0.000  0.000    3.124    0.479    0    0  (Gen:  0)
   521592      6192   3946136  0.000  0.000    3.124    0.479    0    0  (Gen:  0)
   521368      4112   3946184  0.000  0.000    3.125    0.479    0    0  (Gen:  0)
   521560      4136   3946296  0.000  0.000    3.125    0.479    0    0  (Gen:  0)
   521776      4120   3946312  0.000  0.000    3.126    0.479    0    0  (Gen:  0)
   521696      4152   3946432  0.000  0.000    3.126    0.479    0    0  (Gen:  0)
   521472      6704   3949016  0.000  0.000    3.127    0.480    0    0  (Gen:  0)
   521728      6656   3949032  0.000  0.000    3.128    0.480    0    0  (Gen:  0)
   521320      4120   3948992  0.000  0.000    3.128    0.480    0    0  (Gen:  0)
   521408      4320   3949208  0.000  0.000    3.129    0.480    0    0  (Gen:  0)
   521280      3952   3948888  0.000  0.000    3.129    0.480    0    0  (Gen:  0)
   521720      4432   3949384  0.001  0.000    3.131    0.480    0    0  (Gen:  0)
   521640      4104   3949328  0.001  0.000    3.132    0.481    0    0  (Gen:  0)
   521824      4072   3949456  0.001  0.000    3.133    0.481    0    0  (Gen:  0)
   521560      4408   3949824  0.001  0.000    3.134    0.481    0    0  (Gen:  0)
   521552      4224   3949896  0.001  0.000    3.136    0.481    0    0  (Gen:  0)
   521600      4376   3950288  0.001  0.000    3.137    0.481    0    0  (Gen:  0)
   521448      7184   3953496  0.001  0.000    3.138    0.481    0    0  (Gen:  0)
   521704      5752   3953584  0.001  0.000    3.140    0.482    0    0  (Gen:  0)
   521768      4248   3953736  0.000  0.000    3.140    0.482    0    0  (Gen:  0)
   521376      4120   3953640  0.000  0.000    3.141    0.482    0    0  (Gen:  0)
   521680      4128   3953736  0.000  0.000    3.141    0.482    0    0  (Gen:  0)
   521632      4336   3953976  0.000  0.000    3.142    0.482    0    0  (Gen:  0)
   521872      4208   3953896  0.000  0.000    3.142    0.482    0    0  (Gen:  0)
   521584      4104   3953880  0.000  0.000    3.143    0.482    0    0  (Gen:  0)
   521880      4264   3954056  0.000  0.000    3.143    0.483    0    0  (Gen:  0)
   521752      4176   3954016  0.000  0.000    3.144    0.483    0    0  (Gen:  0)
   521648      5784   3955640  0.000  0.000    3.145    0.483    0    0  (Gen:  0)
   521672      5808   3955728  0.000  0.000    3.145    0.483    0    0  (Gen:  0)
   521368      3968   3955792  0.000  0.000    3.146    0.483    0    0  (Gen:  0)
   521576      4192   3956032  0.000  0.000    3.146    0.483    0    0  (Gen:  0)
   521632      4048   3955920  0.000  0.000    3.147    0.483    0    0  (Gen:  0)
   521512      3832   3955792  0.000  0.000    3.147    0.483    0    0  (Gen:  0)
   521616      4160   3956152  0.000  0.000    3.148    0.484    0    0  (Gen:  0)
   521608      4248   3956288  0.000  0.000    3.149    0.484    0    0  (Gen:  0)
   521800      3968   3956096  0.000  0.000    3.149    0.484    0    0  (Gen:  0)
   521808      4208   3956352  0.000  0.000    3.150    0.484    0    0  (Gen:  0)
   521800      4176   3956368  0.000  0.000    3.150    0.484    0    0  (Gen:  0)
   521536      6712   3958920  0.000  0.000    3.151    0.484    0    0  (Gen:  0)
   521544      6592   3958864  0.000  0.000    3.151    0.484    0    0  (Gen:  0)
   521544      4112   3958968  0.000  0.000    3.152    0.484    0    0  (Gen:  0)
   521480      3960   3958848  0.000  0.000    3.153    0.485    0    0  (Gen:  0)
   521576      4136   3959056  0.000  0.000    3.153    0.485    0    0  (Gen:  0)
   521472      3992   3958928  0.000  0.000    3.154    0.485    0    0  (Gen:  0)
   521728      4520   3959472  0.000  0.000    3.154    0.485    0    0  (Gen:  0)
   521736      4160   3959400  0.000  0.000    3.155    0.485    0    0  (Gen:  0)
   521312      4512   3959840  0.000  0.000    3.155    0.485    0    0  (Gen:  0)
   521728      3968   3959552  0.000  0.000    3.156    0.485    0    0  (Gen:  0)
   521664      4408   3960080  0.000  0.000    3.156    0.485    0    0  (Gen:  0)
   521512      7872   3963960  0.000  0.000    3.157    0.486    0    0  (Gen:  0)
   521816      5968   3963880  0.000  0.000    3.158    0.486    0    0  (Gen:  0)
   521720      4032   3963864  0.000  0.000    3.158    0.486    0    0  (Gen:  0)
   521416      4240   3964088  0.000  0.000    3.159    0.486    0    0  (Gen:  0)
   521288      4120   3964016  0.000  0.000    3.159    0.486    0    0  (Gen:  0)
   521624      5968   3965880  0.000  0.000    3.160    0.486    0    0  (Gen:  0)
   521856      4080   3965672  0.000  0.000    3.161    0.486    0    0  (Gen:  0)
   521760      4152   3965904  0.000  0.000    3.161    0.486    0    0  (Gen:  0)
   521864      4224   3966008  0.000  0.000    3.162    0.487    0    0  (Gen:  0)
   521248      4136   3965952  0.000  0.000    3.162    0.487    0    0  (Gen:  0)
   521376      4104   3965936  0.000  0.000    3.163    0.487    0    0  (Gen:  0)
   521784      6528   3968376  0.000  0.000    3.163    0.487    0    0  (Gen:  0)
   521512      6440   3968368  0.000  0.000    3.164    0.487    0    0  (Gen:  0)
   521464      5912   3970144  0.000  0.000    3.165    0.487    0    0  (Gen:  0)
   521752      4144   3969984  0.000  0.000    3.165    0.487    0    0  (Gen:  0)
   521792      3856   3969784  0.000  0.000    3.166    0.487    0    0  (Gen:  0)
   521600      4200   3970160  0.000  0.000    3.166    0.488    0    0  (Gen:  0)
   521728      4040   3970048  0.000  0.000    3.167    0.488    0    0  (Gen:  0)
   521672      4136   3970304  0.000  0.000    3.168    0.488    0    0  (Gen:  0)
   521840      4080   3970280  0.000  0.000    3.168    0.488    0    0  (Gen:  0)
   521784      4032   3970264  0.000  0.000    3.169    0.488    0    0  (Gen:  0)
   521568      3992   3970240  0.000  0.000    3.169    0.488    0    0  (Gen:  0)
   521592      6272   3972536  0.000  0.000    3.170    0.488    0    0  (Gen:  0)
   521728      6024   3972368  0.000  0.000    3.170    0.488    0    0  (Gen:  0)
   521600      4136   3972536  0.000  0.000    3.171    0.489    0    0  (Gen:  0)
   521648      4104   3972536  0.000  0.000    3.172    0.489    0    0  (Gen:  0)
   521496      3776   3972296  0.000  0.000    3.172    0.489    0    0  (Gen:  0)
   521784      6008   3974560  0.000  0.000    3.173    0.489    0    0  (Gen:  0)
   521200      4248   3974616  0.000  0.000    3.173    0.489    0    0  (Gen:  0)
   521480      4064   3974520  0.000  0.000    3.174    0.489    0    0  (Gen:  0)
   521592      4208   3974680  0.000  0.000    3.174    0.489    0    0  (Gen:  0)
   521864      3968   3974488  0.000  0.000    3.175    0.489    0    0  (Gen:  0)
   521696      6568   3977104  0.000  0.000    3.176    0.489    0    0  (Gen:  0)
   521544      6448   3977048  0.000  0.000    3.176    0.490    0    0  (Gen:  0)
   521584      4192   3977208  0.000  0.000    3.177    0.490    0    0  (Gen:  0)
   521584      4016   3977064  0.000  0.000    3.177    0.490    0    0  (Gen:  0)
   521592      4112   3977192  0.000  0.000    3.178    0.490    0    0  (Gen:  0)
   521496      3832   3976928  0.000  0.000    3.178    0.490    0    0  (Gen:  0)
   521608      4400   3977512  0.000  0.000    3.179    0.490    0    0  (Gen:  0)
   521800      4208   3977608  0.000  0.000    3.180    0.490    0    0  (Gen:  0)
   521272      4400   3977888  0.000  0.000    3.180    0.490    0    0  (Gen:  0)
   521792      4016   3977760  0.000  0.000    3.181    0.491    0    0  (Gen:  0)
   521640      4480   3978312  0.000  0.000    3.181    0.491    0    0  (Gen:  0)
   521384      7888   3982136  0.000  0.000    3.182    0.491    0    0  (Gen:  0)
   521800      6232   3981984  0.000  0.000    3.183    0.491    0    0  (Gen:  0)
   521728      4024   3981960  0.000  0.000    3.183    0.491    0    0  (Gen:  0)
   521584      4136   3982088  0.000  0.000    3.184    0.491    0    0  (Gen:  0)
   521440      3976   3981976  0.000  0.000    3.184    0.491    0    0  (Gen:  0)
   521536      6160   3984176  0.000  0.000    3.185    0.491    0    0  (Gen:  0)
   521648      4176   3984168  0.000  0.000    3.185    0.492    0    0  (Gen:  0)
   521488      4168   3984320  0.000  0.000    3.186    0.492    0    0  (Gen:  0)
   521752      4280   3984464  0.000  0.000    3.186    0.492    0    0  (Gen:  0)
   521808      4160   3984376  0.000  0.000    3.187    0.492    0    0  (Gen:  0)
   521656      4176   3984408  0.000  0.000    3.188    0.492    0    0  (Gen:  0)
   521488      6448   3986696  0.001  0.000    3.189    0.492    0    0  (Gen:  0)
   521512      6296   3986624  0.001  0.000    3.190    0.493    0    0  (Gen:  0)
   521744      3832   3986496  0.001  0.000    3.191    0.493    0    0  (Gen:  0)
   521416      4096   3986776  0.001  0.000    3.193    0.493    0    0  (Gen:  0)
   521512      4048   3986776  0.001  0.000    3.194    0.493    0    0  (Gen:  0)
   521616      6344   3989088  0.001  0.000    3.195    0.493    0    0  (Gen:  0)
   521648      4176   3989032  0.001  0.000    3.196    0.493    0    0  (Gen:  0)
   521384      4096   3989112  0.001  0.000    3.197    0.494    0    0  (Gen:  0)
   521552      4152   3989200  0.000  0.000    3.198    0.494    0    0  (Gen:  0)
   521768      4144   3989224  0.000  0.000    3.199    0.494    0    0  (Gen:  0)
   521704      3864   3988960  0.000  0.000    3.199    0.494    0    0  (Gen:  0)
   521512      6680   3991792  0.000  0.000    3.200    0.494    0    0  (Gen:  0)
   521728      6576   3991768  0.000  0.000    3.200    0.494    0    0  (Gen:  0)
   521240      4112   3991800  0.000  0.000    3.201    0.494    0    0  (Gen:  0)
   521328      4112   3991832  0.000  0.000    3.201    0.495    0    0  (Gen:  0)
   521376      4112   3991920  0.000  0.000    3.202    0.495    0    0  (Gen:  0)
   521696      4536   3992376  0.000  0.000    3.203    0.495    0    0  (Gen:  0)
   521784      4208   3992320  0.000  0.000    3.203    0.495    0    0  (Gen:  0)
   521696      4016   3992216  0.000  0.000    3.204    0.495    0    0  (Gen:  0)
   521504      4280   3992496  0.000  0.000    3.204    0.495    0    0  (Gen:  0)
   521544      4288   3992776  0.000  0.000    3.205    0.495    0    0  (Gen:  0)
   521536      7552   3996280  0.000  0.000    3.206    0.495    0    0  (Gen:  0)
   521592      5672   3996224  0.000  0.000    3.207    0.496    0    0  (Gen:  0)
   521752      4136   3996416  0.000  0.000    3.207    0.496    0    0  (Gen:  0)
   521512      4136   3996448  0.000  0.000    3.208    0.496    0    0  (Gen:  0)
   521584      4104   3996448  0.000  0.000    3.208    0.496    0    0  (Gen:  0)
   521648      4088   3996448  0.000  0.000    3.209    0.496    0    0  (Gen:  0)
   521752      4304   3996680  0.000  0.000    3.209    0.496    0    0  (Gen:  0)
   521680      4152   3996592  0.000  0.000    3.210    0.496    0    0  (Gen:  0)
   521864      4320   3996848  0.000  0.000    3.210    0.496    0    0  (Gen:  0)
   521712      4064   3996624  0.000  0.000    3.211    0.497    0    0  (Gen:  0)
   521712      4208   3996856  0.000  0.000    3.212    0.497    0    0  (Gen:  0)
   521688      5952   3998632  0.000  0.000    3.212    0.497    0    0  (Gen:  0)
   521688      6120   3998864  0.000  0.000    3.213    0.497    0    0  (Gen:  0)
   521376      4104   3998696  0.000  0.000    3.213    0.497    0    0  (Gen:  0)
   521504      4048   3998656  0.000  0.000    3.214    0.497    0    0  (Gen:  0)
   521640      4064   3998720  0.000  0.000    3.214    0.497    0    0  (Gen:  0)
   521568      3880   3998552  0.000  0.000    3.215    0.497    0    0  (Gen:  0)
   521584      4024   3998712  0.000  0.000    3.216    0.498    0    0  (Gen:  0)
   521672      4080   3998832  0.000  0.000    3.216    0.498    0    0  (Gen:  0)
   521848      4136   3998976  0.000  0.000    3.217    0.498    0    0  (Gen:  0)
   521728      4120   3998992  0.000  0.000    3.217    0.498    0    0  (Gen:  0)
   521808      4024   3998984  0.000  0.000    3.218    0.498    0    0  (Gen:  0)
   521360      6536   4001528  0.000  0.000    3.218    0.498    0    0  (Gen:  0)
   521552      6712   4001768  0.000  0.000    3.219    0.498    0    0  (Gen:  0)
   521656      3856   4001424  0.000  0.000    3.220    0.498    0    0  (Gen:  0)
   521544      4040   4001624  0.000  0.000    3.220    0.499    0    0  (Gen:  0)
   521368      4040   4001672  0.000  0.000    3.221    0.499    0    0  (Gen:  0)
   521752      4536   4002184  0.000  0.000    3.221    0.499    0    0  (Gen:  0)
   521584      4120   4002040  0.000  0.000    3.222    0.499    0    0  (Gen:  0)
   521592      3960   4002040  0.000  0.000    3.222    0.499    0    0  (Gen:  0)
   521568      4408   4002520  0.000  0.000    3.223    0.499    0    0  (Gen:  0)
   521616      4416   4002784  0.000  0.000    3.223    0.499    0    0  (Gen:  0)
   521544      4552   4003160  0.000  0.000    3.224    0.499    0    0  (Gen:  0)
   521648      7544   4006712  0.000  0.000    3.225    0.500    0    0  (Gen:  0)
   521848      5896   4006584  0.000  0.000    3.225    0.500    0    0  (Gen:  0)
   521600      4064   4006672  0.000  0.000    3.226    0.500    0    0  (Gen:  0)
   521320      3976   4006616  0.000  0.000    3.226    0.500    0    0  (Gen:  0)
   521392      4136   4006864  0.000  0.000    3.227    0.500    0    0  (Gen:  0)
   521832      5872   4008632  0.000  0.000    3.228    0.500    0    0  (Gen:  0)
   521888      4176   4008616  0.001  0.000    3.229    0.500    0    0  (Gen:  0)
   521640      4032   4008560  0.001  0.000    3.230    0.501    0    0  (Gen:  0)
   521736      4208   4008752  0.001  0.000    3.231    0.501    0    0  (Gen:  0)
   521288      4048   4008640  0.001  0.000    3.232    0.501    0    0  (Gen:  0)
   521448      6632   4011240  0.001  0.000    3.234    0.501    0    0  (Gen:  0)
   521744      6424   4011096  0.001  0.000    3.235    0.501    0    0  (Gen:  0)
   521400      4592   4011656  0.001  0.000    3.236    0.501    0    0  (Gen:  0)
   521616      5576   4013056  0.001  0.000    3.237    0.502    0    0  (Gen:  0)
   521808      4168   4013096  0.000  0.000    3.237    0.502    0    0  (Gen:  0)
   521776      4016   4012960  0.000  0.000    3.238    0.502    0    0  (Gen:  0)
   521560      4368   4013328  0.000  0.000    3.238    0.502    0    0  (Gen:  0)
   521648      4304   4013328  0.000  0.000    3.239    0.502    0    0  (Gen:  0)
   521824      4336   4013448  0.000  0.000    3.240    0.502    0    0  (Gen:  0)
   521776      4144   4013288  0.000  0.000    3.240    0.502    0    0  (Gen:  0)
   521792      3856   4013088  0.000  0.000    3.241    0.502    0    0  (Gen:  0)
   521448      6080   4015344  0.000  0.000    3.241    0.503    0    0  (Gen:  0)
   521752      5960   4015288  0.000  0.000    3.242    0.503    0    0  (Gen:  0)
   521712      4040   4015496  0.000  0.000    3.242    0.503    0    0  (Gen:  0)
   521520      4152   4015640  0.000  0.000    3.243    0.503    0    0  (Gen:  0)
   521488      3976   4015496  0.000  0.000    3.244    0.503    0    0  (Gen:  0)
   521728      3936   4015472  0.000  0.000    3.244    0.503    0    0  (Gen:  0)
   521544      6080   4017632  0.000  0.000    3.245    0.503    0    0  (Gen:  0)
   521208      4120   4017504  0.000  0.000    3.245    0.503    0    0  (Gen:  0)
   521608      4016   4017488  0.000  0.000    3.246    0.504    0    0  (Gen:  0)
   521776      4024   4017528  0.000  0.000    3.246    0.504    0    0  (Gen:  0)
   521840      3920   4017512  0.000  0.000    3.247    0.504    0    0  (Gen:  0)
   521440      6408   4020032  0.000  0.000    3.248    0.504    0    0  (Gen:  0)
   521704      6560   4020248  0.000  0.000    3.248    0.504    0    0  (Gen:  0)
   521544      4008   4020040  0.000  0.000    3.249    0.504    0    0  (Gen:  0)
   521664      4096   4020144  0.000  0.000    3.249    0.504    0    0  (Gen:  0)
   521368      4096   4020192  0.000  0.000    3.250    0.504    0    0  (Gen:  0)
   521736      4608   4020720  0.000  0.000    3.250    0.505    0    0  (Gen:  0)
   521600      4048   4020432  0.000  0.000    3.251    0.505    0    0  (Gen:  0)
   521552      4232   4020776  0.001  0.000    3.253    0.505    0    0  (Gen:  0)
   521528      4248   4020824  0.001  0.000    3.254    0.505    0    0  (Gen:  0)
   521712      4184   4021016  0.000  0.000    3.255    0.505    0    0  (Gen:  0)
   521552      4360   4021432  0.000  0.000    3.255    0.505    0    0  (Gen:  0)
   521480      7720   4025192  0.000  0.000    3.256    0.505    0    0  (Gen:  0)
   521784      6248   4025080  0.000  0.000    3.257    0.506    0    0  (Gen:  0)
   521696      4232   4025248  0.000  0.000    3.257    0.506    0    0  (Gen:  0)
   521520      4120   4025168  0.000  0.000    3.258    0.506    0    0  (Gen:  0)
   521504      4096   4025232  0.000  0.000    3.258    0.506    0    0  (Gen:  0)
   521576      6224   4027392  0.000  0.000    3.259    0.506    0    0  (Gen:  0)
   521624      4160   4027304  0.000  0.000    3.259    0.506    0    0  (Gen:  0)
   521592      4016   4027248  0.000  0.000    3.260    0.506    0    0  (Gen:  0)
   521704      4224   4027472  0.000  0.000    3.261    0.506    0    0  (Gen:  0)
   521752      4192   4027488  0.000  0.000    3.261    0.507    0    0  (Gen:  0)
   521688      6584   4029896  0.000  0.000    3.262    0.507    0    0  (Gen:  0)
   521600      6464   4029840  0.000  0.000    3.262    0.507    0    0  (Gen:  0)
   521424      4192   4029976  0.000  0.000    3.263    0.507    0    0  (Gen:  0)
   521584      4320   4030136  0.000  0.000    3.263    0.507    0    0  (Gen:  0)
   521584      4040   4029888  0.000  0.000    3.264    0.507    0    0  (Gen:  0)
   521616      3896   4029760  0.000  0.000    3.265    0.507    0    0  (Gen:  0)
   521472      6192   4032072  0.000  0.000    3.265    0.507    0    0  (Gen:  0)
   521552      4176   4032184  0.000  0.000    3.266    0.508    0    0  (Gen:  0)
   521520      3904   4032000  0.000  0.000    3.266    0.508    0    0  (Gen:  0)
   521592      4128   4032240  0.000  0.000    3.267    0.508    0    0  (Gen:  0)
   521744      4040   4032200  0.000  0.000    3.267    0.508    0    0  (Gen:  0)
   521552      6736   4034912  0.000  0.000    3.268    0.508    0    0  (Gen:  0)
   521560      6600   4034840  0.000  0.000    3.269    0.508    0    0  (Gen:  0)
   521592      4000   4034808  0.001  0.000    3.270    0.508    0    0  (Gen:  0)
   521432      4136   4034976  0.001  0.000    3.271    0.509    0    0  (Gen:  0)
   521216      4120   4034992  0.001  0.000    3.272    0.509    0    0  (Gen:  0)
   521496      3896   4034784  0.000  0.000    3.272    0.509    0    0  (Gen:  0)
   521744      4552   4035456  0.001  0.000    3.273    0.509    0    0  (Gen:  0)
   521824      4160   4035352  0.000  0.000    3.274    0.509    0    0  (Gen:  0)
   521632      4392   4035672  0.000  0.000    3.275    0.509    0    0  (Gen:  0)
   521528      4096   4035632  0.000  0.000    3.275    0.510    0    0  (Gen:  0)
   521440      4416   4036040  0.000  0.000    3.276    0.510    0    0  (Gen:  0)
   521496      7424   4039464  0.000  0.000    3.276    0.510    0    0  (Gen:  0)
   521744      5656   4039360  0.000  0.000    3.277    0.510    0    0  (Gen:  0)
   521776      4048   4039408  0.000  0.000    3.278    0.510    0    0  (Gen:  0)
   521472      4152   4039528  0.000  0.000    3.278    0.510    0    0  (Gen:  0)
   521520      4120   4039544  0.000  0.000    3.279    0.510    0    0  (Gen:  0)
   521640      4192   4039632  0.000  0.000    3.279    0.510    0    0  (Gen:  0)
   521888      4176   4039664  0.000  0.000    3.280    0.511    0    0  (Gen:  0)
   521568      4096   4039744  0.000  0.000    3.280    0.511    0    0  (Gen:  0)
   521936      4240   4039920  0.000  0.000    3.281    0.511    0    0  (Gen:  0)
   521696      4160   4039872  0.000  0.000    3.281    0.511    0    0  (Gen:  0)
   521712      4072   4039800  0.000  0.000    3.282    0.511    0    0  (Gen:  0)
   521760      6016   4041760  0.000  0.000    3.283    0.511    0    0  (Gen:  0)
   521448      6008   4041832  0.000  0.000    3.283    0.511    0    0  (Gen:  0)
   521560      4280   4041952  0.000  0.000    3.284    0.511    0    0  (Gen:  0)
   521456      4160   4041864  0.000  0.000    3.284    0.512    0    0  (Gen:  0)
   521488      4224   4042016  0.000  0.000    3.285    0.512    0    0  (Gen:  0)
   521592      4352   4042176  0.000  0.000    3.285    0.512    0    0  (Gen:  0)
   521784      4288   4042160  0.000  0.000    3.286    0.512    0    0  (Gen:  0)
   521656      4232   4042192  0.000  0.000    3.286    0.512    0    0  (Gen:  0)
   521832      4032   4042008  0.000  0.000    3.287    0.512    0    0  (Gen:  0)
   521808      4024   4042048  0.000  0.000    3.288    0.512    0    0  (Gen:  0)
   521544      3952   4041992  0.000  0.000    3.288    0.512    0    0  (Gen:  0)
   521536      6448   4044504  0.000  0.000    3.289    0.512    0    0  (Gen:  0)
   521488      6520   4044656  0.000  0.000    3.289    0.513    0    0  (Gen:  0)
   521584      4192   4044840  0.000  0.000    3.290    0.513    0    0  (Gen:  0)
   521648      4104   4044784  0.000  0.000    3.290    0.513    0    0  (Gen:  0)
   521384      4096   4044864  0.000  0.000    3.291    0.513    0    0  (Gen:  0)
   521696      4608   4045408  0.000  0.000    3.292    0.513    0    0  (Gen:  0)
   521784      4064   4045136  0.000  0.000    3.292    0.513    0    0  (Gen:  0)
   521248      3992   4045152  0.000  0.000    3.293    0.513    0    0  (Gen:  0)
   521784      4424   4045600  0.001  0.000    3.294    0.514    0    0  (Gen:  0)
   521720      4208   4045656  0.000  0.000    3.295    0.514    0    0  (Gen:  0)
   521208      8432   4050112  0.000  0.000    3.296    0.514    0    0  (Gen:  0)
   521488      6360   4050056  0.000  0.000    3.296    0.514    0    0  (Gen:  0)
   521624      4168   4050224  0.000  0.000    3.297    0.514    0    0  (Gen:  0)
   521728      4208   4050296  0.000  0.000    3.297    0.514    0    0  (Gen:  0)
   521768      4200   4050320  0.000  0.000    3.298    0.514    0    0  (Gen:  0)
   521728      3896   4050032  0.000  0.000    3.298    0.514    0    0  (Gen:  0)
   521504      5888   4052040  0.000  0.000    3.299    0.515    0    0  (Gen:  0)
   521488      4096   4051944  0.000  0.000    3.300    0.515    0    0  (Gen:  0)
   521824      4136   4052072  0.000  0.000    3.300    0.515    0    0  (Gen:  0)
   521648      4104   4052072  0.000  0.000    3.301    0.515    0    0  (Gen:  0)
   521776      3984   4052040  0.000  0.000    3.301    0.515    0    0  (Gen:  0)
   521440      6472   4054560  0.000  0.000    3.302    0.515    0    0  (Gen:  0)
   521592      6320   4054472  0.000  0.000    3.302    0.515    0    0  (Gen:  0)
   521368      4544   4055000  0.000  0.000    3.303    0.515    0    0  (Gen:  0)
   521552      5320   4056176  0.000  0.000    3.304    0.516    0    0  (Gen:  0)
   521504      4096   4056256  0.000  0.000    3.304    0.516    0    0  (Gen:  0)
   521624      4336   4056512  0.000  0.000    3.305    0.516    0    0  (Gen:  0)
   521672      4232   4056456  0.000  0.000    3.305    0.516    0    0  (Gen:  0)
   521408      4176   4056560  0.000  0.000    3.306    0.516    0    0  (Gen:  0)
   521800      4184   4056600  0.000  0.000    3.306    0.516    0    0  (Gen:  0)
   521848      4232   4056680  0.000  0.000    3.307    0.516    0    0  (Gen:  0)
   521672      4136   4056600  0.000  0.000    3.308    0.516    0    0  (Gen:  0)
   521432      6320   4058800  0.000  0.000    3.308    0.517    0    0  (Gen:  0)
   521248      6024   4058584  0.000  0.000    3.309    0.517    0    0  (Gen:  0)
   521584      3896   4058512  0.000  0.000    3.309    0.517    0    0  (Gen:  0)
   521720      4088   4058720  0.000  0.000    3.310    0.517    0    0  (Gen:  0)
   521416      4064   4058744  0.000  0.000    3.310    0.517    0    0  (Gen:  0)
   521480      5976   4060672  0.000  0.000    3.311    0.517    0    0  (Gen:  0)
   521696      4032   4060544  0.000  0.000    3.312    0.517    0    0  (Gen:  0)
   521752      4040   4060712  0.000  0.000    3.312    0.517    0    0  (Gen:  0)
   521528      4096   4060800  0.000  0.000    3.313    0.517    0    0  (Gen:  0)
   521208      4088   4060824  0.000  0.000    3.313    0.518    0    0  (Gen:  0)
   521304      3904   4060656  0.000  0.000    3.314    0.518    0    0  (Gen:  0)
   521784      6456   4063224  0.000  0.000    3.314    0.518    0    0  (Gen:  0)
   521384      6264   4063112  0.000  0.000    3.315    0.518    0    0  (Gen:  0)
   521888      4320   4063512  0.000  0.000    3.315    0.518    0    0  (Gen:  0)
   521224      3992   4063216  0.000  0.000    3.316    0.518    0    0  (Gen:  0)
   521440      3976   4063288  0.000  0.000    3.317    0.518    0    0  (Gen:  0)
   521824      4416   4063760  0.000  0.000    3.317    0.518    0    0  (Gen:  0)
   521192      4152   4063768  0.000  0.000    3.318    0.519    0    0  (Gen:  0)
   521528      4024   4063728  0.000  0.000    3.318    0.519    0    0  (Gen:  0)
   521656      4416   4064136  0.000  0.000    3.319    0.519    0    0  (Gen:  0)
   521872      4328   4064320  0.000  0.000    3.319    0.519    0    0  (Gen:  0)
   521728      7992   4068224  0.000  0.000    3.320    0.519    0    0  (Gen:  0)
   521592      6272   4068168  0.000  0.000    3.321    0.519    0    0  (Gen:  0)
   521512      4072   4068224  0.000  0.000    3.321    0.519    0    0  (Gen:  0)
   521440      4136   4068320  0.000  0.000    3.322    0.519    0    0  (Gen:  0)
   521592      4000   4068216  0.000  0.000    3.322    0.520    0    0  (Gen:  0)
   521640      4008   4068240  0.000  0.000    3.323    0.520    0    0  (Gen:  0)
   521496      6240   4070488  0.000  0.000    3.323    0.520    0    0  (Gen:  0)
   521696      4264   4070504  0.000  0.000    3.324    0.520    0    0  (Gen:  0)
   521904      4352   4070680  0.000  0.000    3.324    0.520    0    0  (Gen:  0)
   521680      4000   4070360  0.000  0.000    3.325    0.520    0    0  (Gen:  0)
   521760      4128   4070576  0.000  0.000    3.326    0.520    0    0  (Gen:  0)
   521568      6544   4073024  0.000  0.000    3.326    0.520    0    0  (Gen:  0)
   521528      6464   4073008  0.000  0.000    3.327    0.520    0    0  (Gen:  0)
   521648      4000   4072880  0.000  0.000    3.327    0.521    0    0  (Gen:  0)
   521320      4336   4073232  0.000  0.000    3.328    0.521    0    0  (Gen:  0)
   521592      4208   4073152  0.000  0.000    3.328    0.521    0    0  (Gen:  0)
   521472      6440   4075400  0.000  0.000    3.329    0.521    0    0  (Gen:  0)
   521384      4128   4075200  0.000  0.000    3.330    0.521    0    0  (Gen:  0)
   521568      4024   4075256  0.000  0.000    3.330    0.521    0    0  (Gen:  0)
   521776      4024   4075288  0.000  0.000    3.331    0.521    0    0  (Gen:  0)
   521736      3968   4075264  0.000  0.000    3.331    0.521    0    0  (Gen:  0)
   521800      4040   4075424  0.000  0.000    3.332    0.522    0    0  (Gen:  0)
   521384      6624   4078040  0.000  0.000    3.333    0.522    0    0  (Gen:  0)
   521200      6544   4078024  0.000  0.000    3.333    0.522    0    0  (Gen:  0)
   521544      3992   4077968  0.000  0.000    3.334    0.522    0    0  (Gen:  0)
   521752      4152   4078144  0.000  0.000    3.334    0.522    0    0  (Gen:  0)
   521344      3992   4078032  0.000  0.000    3.335    0.522    0    0  (Gen:  0)
   521632      4464   4078520  0.000  0.000    3.335    0.522    0    0  (Gen:  0)
   521728      4080   4078408  0.000  0.000    3.336    0.522    0    0  (Gen:  0)
   521600      4112   4078600  0.000  0.000    3.336    0.523    0    0  (Gen:  0)
   521776      4304   4078824  0.000  0.000    3.337    0.523    0    0  (Gen:  0)
   521552      4400   4079176  0.000  0.000    3.338    0.523    0    0  (Gen:  0)
   521448      4504   4079520  0.000  0.000    3.338    0.523    0    0  (Gen:  0)
   521560      7216   4082792  0.000  0.000    3.339    0.523    0    0  (Gen:  0)
   521592      5800   4082736  0.000  0.000    3.339    0.523    0    0  (Gen:  0)
   521704      4112   4082704  0.000  0.000    3.340    0.523    0    0  (Gen:  0)
   521568      4024   4082648  0.000  0.000    3.340    0.523    0    0  (Gen:  0)
   521496      4008   4082720  0.000  0.000    3.341    0.524    0    0  (Gen:  0)
   521408      4240   4082984  0.000  0.000    3.342    0.524    0    0  (Gen:  0)
   521912      4120   4082912  0.000  0.000    3.342    0.524    0    0  (Gen:  0)
   521648      4032   4082912  0.000  0.000    3.343    0.524    0    0  (Gen:  0)
   521712      4144   4083040  0.000  0.000    3.343    0.524    0    0  (Gen:  0)
   521288      4048   4082992  0.000  0.000    3.344    0.524    0    0  (Gen:  0)
   521368      5976   4084936  0.000  0.000    3.344    0.524    0    0  (Gen:  0)
   521696      5808   4084832  0.000  0.000    3.345    0.524    0    0  (Gen:  0)
   521344      4096   4085040  0.000  0.000    3.346    0.524    0    0  (Gen:  0)
   521664      4176   4085152  0.000  0.000    3.346    0.525    0    0  (Gen:  0)
   521536      4248   4085256  0.000  0.000    3.347    0.525    0    0  (Gen:  0)
   521536      3904   4084928  0.000  0.000    3.347    0.525    0    0  (Gen:  0)
   521520      4200   4085240  0.000  0.000    3.348    0.525    0    0  (Gen:  0)
   521536      4264   4085368  0.000  0.000    3.348    0.525    0    0  (Gen:  0)
   521720      4352   4085544  0.000  0.000    3.349    0.525    0    0  (Gen:  0)
   521768      4072   4085296  0.000  0.000    3.349    0.525    0    0  (Gen:  0)
   521736      4192   4085504  0.000  0.000    3.350    0.525    0    0  (Gen:  0)
   521568      6656   4088000  0.000  0.000    3.350    0.526    0    0  (Gen:  0)
   521560      6520   4087928  0.000  0.000    3.351    0.526    0    0  (Gen:  0)
   521488      3984   4087976  0.000  0.000    3.352    0.526    0    0  (Gen:  0)
   521520      4112   4088136  0.000  0.000    3.352    0.526    0    0  (Gen:  0)
   521568      4176   4088232  0.000  0.000    3.353    0.526    0    0  (Gen:  0)
   521520      3952   4088024  0.000  0.000    3.353    0.526    0    0  (Gen:  0)
   521712      4464   4088552  0.000  0.000    3.354    0.526    0    0  (Gen:  0)
   521712      4104   4088480  0.000  0.000    3.354    0.526    0    0  (Gen:  0)
   521352      4416   4088880  0.001  0.000    3.356    0.527    0    0  (Gen:  0)
   521736      4064   4088784  0.000  0.000    3.357    0.527    0    0  (Gen:  0)
   521576      4272   4089080  0.000  0.000    3.357    0.527    0    0  (Gen:  0)
   521496      7920   4093144  0.000  0.000    3.358    0.527    0    0  (Gen:  0)
   521880      5992   4093040  0.000  0.000    3.359    0.527    0    0  (Gen:  0)
   521744      3944   4092912  0.000  0.000    3.359    0.527    0    0  (Gen:  0)
   521328      4184   4093168  0.000  0.000    3.360    0.527    0    0  (Gen:  0)
   521240      4008   4093040  0.000  0.000    3.360    0.527    0    0  (Gen:  0)
   521744      6024   4095072  0.000  0.000    3.361    0.528    0    0  (Gen:  0)
   521912      4176   4094904  0.000  0.000    3.361    0.528    0    0  (Gen:  0)
   521680      4048   4094936  0.000  0.000    3.362    0.528    0    0  (Gen:  0)
   521856      4096   4095016  0.000  0.000    3.362    0.528    0    0  (Gen:  0)
   521224      4040   4094992  0.000  0.000    3.363    0.528    0    0  (Gen:  0)
   521376      4008   4094976  0.000  0.000    3.364    0.528    0    0  (Gen:  0)
   521840      6456   4097440  0.000  0.000    3.364    0.528    0    0  (Gen:  0)
   521472      6264   4097328  0.000  0.000    3.365    0.528    0    0  (Gen:  0)
   521528      5664   4099032  0.000  0.000    3.365    0.529    0    0  (Gen:  0)
   521696      4104   4099080  0.000  0.000    3.366    0.529    0    0  (Gen:  0)
   521728      4208   4099272  0.000  0.000    3.367    0.529    0    0  (Gen:  0)
   521576      4248   4099344  0.000  0.000    3.367    0.529    0    0  (Gen:  0)
   521896      4176   4099320  0.000  0.000    3.368    0.529    0    0  (Gen:  0)
   521568      4032   4099264  0.000  0.000    3.368    0.529    0    0  (Gen:  0)
   521872      4224   4099472  0.000  0.000    3.369    0.529    0    0  (Gen:  0)
   521696      4024   4099320  0.000  0.000    3.369    0.529    0    0  (Gen:  0)
   521680      6264   4101576  0.000  0.000    3.370    0.530    0    0  (Gen:  0)
   521592      6144   4101520  0.000  0.000    3.371    0.530    0    0  (Gen:  0)
   521736      4176   4101680  0.000  0.000    3.371    0.530    0    0  (Gen:  0)
   521544      4168   4101704  0.000  0.000    3.372    0.530    0    0  (Gen:  0)
   521632      4216   4101784  0.000  0.000    3.372    0.530    0    0  (Gen:  0)
   521528      4160   4101744  0.000  0.000    3.373    0.530    0    0  (Gen:  0)
   521760      5928   4103528  0.000  0.000    3.373    0.530    0    0  (Gen:  0)
   521176      4152   4103584  0.000  0.000    3.374    0.530    0    0  (Gen:  0)
   521600      3904   4103424  0.000  0.000    3.374    0.530    0    0  (Gen:  0)
   521640      4104   4103640  0.000  0.000    3.375    0.531    0    0  (Gen:  0)
   521752      4040   4103624  0.000  0.000    3.375    0.531    0    0  (Gen:  0)
   521704      6512   4106112  0.000  0.000    3.376    0.531    0    0  (Gen:  0)
   521544      6392   4106056  0.000  0.000    3.377    0.531    0    0  (Gen:  0)
   521512      4008   4106088  0.000  0.000    3.377    0.531    0    0  (Gen:  0)
   521584      4080   4106192  0.000  0.000    3.378    0.531    0    0  (Gen:  0)
   521584      4232   4106376  0.000  0.000    3.378    0.531    0    0  (Gen:  0)
   521560      3688   4105848  0.000  0.000    3.379    0.531    0    0  (Gen:  0)
   521672      4424   4106600  0.000  0.000    3.379    0.532    0    0  (Gen:  0)
   521744      4136   4106600  0.000  0.000    3.380    0.532    0    0  (Gen:  0)
   521328      4344   4106896  0.000  0.000    3.381    0.532    0    0  (Gen:  0)
   521736      4064   4106872  0.000  0.000    3.381    0.532    0    0  (Gen:  0)
   521656      4592   4107488  0.000  0.000    3.382    0.532    0    0  (Gen:  0)
   521360      7848   4111160  0.000  0.000    3.382    0.532    0    0  (Gen:  0)
   521784      6328   4111144  0.000  0.000    3.383    0.532    0    0  (Gen:  0)
   521720      4216   4111216  0.000  0.000    3.383    0.532    0    0  (Gen:  0)
   521608      4096   4111112  0.000  0.000    3.384    0.533    0    0  (Gen:  0)
   521384      3936   4111000  0.000  0.000    3.385    0.533    0    0  (Gen:  0)
   521688      6224   4113304  0.000  0.000    3.385    0.533    0    0  (Gen:  0)
   521592      4248   4113304  0.000  0.000    3.386    0.533    0    0  (Gen:  0)
   521472      3984   4113200  0.000  0.000    3.386    0.533    0    0  (Gen:  0)
   521720      4152   4113400  0.000  0.000    3.387    0.533    0    0  (Gen:  0)
   521888      4104   4113384  0.000  0.000    3.387    0.533    0    0  (Gen:  0)
   521600      4120   4113416  0.000  0.000    3.388    0.533    0    0  (Gen:  0)
   521472      6312   4115624  0.000  0.000    3.388    0.533    0    0  (Gen:  0)
   521488      6432   4115824  0.000  0.000    3.389    0.534    0    0  (Gen:  0)
   521768      4248   4115976  0.000  0.000    3.390    0.534    0    0  (Gen:  0)
   521376      4120   4115880  0.000  0.000    3.390    0.534    0    0  (Gen:  0)
   521680      4128   4115976  0.000  0.000    3.391    0.534    0    0  (Gen:  0)
   521496      6272   4118152  0.000  0.000    3.391    0.534    0    0  (Gen:  0)
   521664      4208   4118200  0.000  0.000    3.392    0.534    0    0  (Gen:  0)
   521360      4120   4118200  0.000  0.000    3.392    0.534    0    0  (Gen:  0)
   521592      4264   4118360  0.000  0.000    3.393    0.534    0    0  (Gen:  0)
   521744      4216   4118360  0.000  0.000    3.394    0.535    0    0  (Gen:  0)
   521592      5232   4119392  0.000  0.000    3.394    0.535    0    0  (Gen:  0)
   521568      6544   4120768  0.000  0.000    3.395    0.535    0    0  (Gen:  0)
   521728      5352   4120656  0.000  0.000    3.395    0.535    0    0  (Gen:  0)
   521280      4048   4120768  0.000  0.000    3.396    0.535    0    0  (Gen:  0)
   521312      4064   4120816  0.000  0.000    3.396    0.535    0    0  (Gen:  0)
   521424      3984   4120824  0.000  0.000    3.397    0.535    0    0  (Gen:  0)
   521680      4480   4121352  0.000  0.000    3.398    0.535    0    0  (Gen:  0)
   521832      4048   4121192  0.000  0.000    3.398    0.536    0    0  (Gen:  0)
   521728      3976   4121208  0.000  0.000    3.399    0.536    0    0  (Gen:  0)
   521392      4376   4121624  0.000  0.000    3.399    0.536    0    0  (Gen:  0)
   521536      4240   4121760  0.000  0.000    3.400    0.536    0    0  (Gen:  0)
   521552      7696   4125456  0.000  0.000    3.400    0.536    0    0  (Gen:  0)
   521544      5584   4125168  0.000  0.000    3.401    0.536    0    0  (Gen:  0)
   521912      4112   4125424  0.000  0.000    3.402    0.536    0    0  (Gen:  0)
   521416      4240   4125584  0.000  0.000    3.402    0.536    0    0  (Gen:  0)
   521608      4032   4125408  0.000  0.000    3.403    0.537    0    0  (Gen:  0)
   521552      4032   4125424  0.000  0.000    3.403    0.537    0    0  (Gen:  0)
   521888      4312   4125720  0.000  0.000    3.404    0.537    0    0  (Gen:  0)
   521608      3856   4125328  0.000  0.000    3.404    0.537    0    0  (Gen:  0)
   521968      4168   4125728  0.000  0.000    3.405    0.537    0    0  (Gen:  0)
   521624      4008   4125600  0.000  0.000    3.405    0.537    0    0  (Gen:  0)
   521832      4192   4125872  0.000  0.000    3.406    0.537    0    0  (Gen:  0)
   521640      5944   4127656  0.000  0.000    3.407    0.537    0    0  (Gen:  0)
   521576      6024   4127800  0.000  0.000    3.407    0.538    0    0  (Gen:  0)
   521400      4064   4127688  0.000  0.000    3.409    0.538    0    0  (Gen:  0)
   521480      4120   4127760  0.000  0.000    3.409    0.538    0    0  (Gen:  0)
   521632      4176   4127864  0.000  0.000    3.410    0.538    0    0  (Gen:  0)
   521672      4312   4128016  0.000  0.000    3.410    0.538    0    0  (Gen:  0)
   521568      4136   4127888  0.000  0.000    3.411    0.538    0    0  (Gen:  0)
   521568      4176   4128088  0.000  0.000    3.411    0.538    0    0  (Gen:  0)
   521912      4208   4128152  0.000  0.000    3.412    0.538    0    0  (Gen:  0)
   521768      4072   4128048  0.000  0.000    3.413    0.539    0    0  (Gen:  0)
   521776      4104   4128096  0.000  0.000    3.413    0.539    0    0  (Gen:  0)
   521328      6696   4130704  0.000  0.000    3.414    0.539    0    0  (Gen:  0)
   521536      6744   4130832  0.000  0.000    3.414    0.539    0    0  (Gen:  0)
   521672      4488   4131088  0.000  0.000    3.415    0.539    0    0  (Gen:  0)
   521544      3840   4130472  0.000  0.000    3.415    0.539    0    0  (Gen:  0)
   521392      4000   4130720  0.000  0.000    3.416    0.539    0    0  (Gen:  0)
   521792      4520   4131272  0.000  0.000    3.417    0.539    0    0  (Gen:  0)
   521576      4008   4131032  0.000  0.000    3.417    0.540    0    0  (Gen:  0)
   521552      4064   4131248  0.000  0.000    3.418    0.540    0    0  (Gen:  0)
   521528      4432   4131648  0.000  0.000    3.418    0.540    0    0  (Gen:  0)
   521736      4216   4131688  0.000  0.000    3.419    0.540    0    0  (Gen:  0)
   521472      4640   4132352  0.000  0.000    3.419    0.540    0    0  (Gen:  0)
   521664      7336   4135768  0.000  0.000    3.420    0.540    0    0  (Gen:  0)
   521880      5840   4135632  0.000  0.000    3.421    0.540    0    0  (Gen:  0)
   521616      4048   4135760  0.000  0.000    3.421    0.540    0    0  (Gen:  0)
   521232      4040   4135784  0.000  0.000    3.422    0.541    0    0  (Gen:  0)
   521440      4080   4135912  0.000  0.000    3.422    0.541    0    0  (Gen:  0)
   521848      5872   4137736  0.000  0.000    3.423    0.541    0    0  (Gen:  0)
   521848      4120   4137664  0.000  0.000    3.424    0.541    0    0  (Gen:  0)
   521592      3976   4137608  0.000  0.000    3.424    0.541    0    0  (Gen:  0)
   521704      4136   4137784  0.000  0.000    3.425    0.541    0    0  (Gen:  0)
   521248      3944   4137640  0.000  0.000    3.425    0.541    0    0  (Gen:  0)
   521624      6416   4140128  0.000  0.000    3.426    0.541    0    0  (Gen:  0)
   521688      6328   4140104  0.000  0.000    3.426    0.542    0    0  (Gen:  0)
   521400      4536   4140704  0.000  0.000    3.427    0.542    0    0  (Gen:  0)
   521712      5656   4142240  0.000  0.000    3.428    0.542    0    0  (Gen:  0)
   521712      4088   4142120  0.000  0.000    3.428    0.542    0    0  (Gen:  0)
   521792      3944   4141992  0.000  0.000    3.429    0.542    0    0  (Gen:  0)
   521528      4328   4142392  0.000  0.000    3.429    0.542    0    0  (Gen:  0)
   521712      4224   4142352  0.000  0.000    3.430    0.542    0    0  (Gen:  0)
   521840      4088   4142304  0.000  0.000    3.430    0.542    0    0  (Gen:  0)
   521696      4104   4142352  0.000  0.000    3.431    0.543    0    0  (Gen:  0)
   521728      4208   4142544  0.000  0.000    3.431    0.543    0    0  (Gen:  0)
   521472      6256   4144624  0.000  0.000    3.432    0.543    0    0  (Gen:  0)
   521872      6272   4144704  0.000  0.000    3.433    0.543    0    0  (Gen:  0)
   521632      3992   4144480  0.000  0.000    3.433    0.543    0    0  (Gen:  0)
   521520      4184   4144688  0.000  0.000    3.434    0.543    0    0  (Gen:  0)
   521408      4160   4144712  0.000  0.000    3.434    0.543    0    0  (Gen:  0)
   521792      6192   4146760  0.000  0.000    3.435    0.543    0    0  (Gen:  0)
   521544      4320   4146704  0.000  0.000    3.435    0.544    0    0  (Gen:  0)
   521336      4152   4146696  0.000  0.000    3.436    0.544    0    0  (Gen:  0)
   521552      4296   4146872  0.000  0.000    3.437    0.544    0    0  (Gen:  0)
   521768      4288   4146896  0.000  0.000    3.437    0.544    0    0  (Gen:  0)
   521720      3896   4146520  0.000  0.000    3.438    0.544    0    0  (Gen:  0)
   521552      6296   4148936  0.000  0.000    3.438    0.544    0    0  (Gen:  0)
   521664      6392   4149112  0.000  0.000    3.439    0.544    0    0  (Gen:  0)
   521576      3936   4149000  0.000  0.000    3.439    0.544    0    0  (Gen:  0)
   521576      3992   4149072  0.000  0.000    3.440    0.545    0    0  (Gen:  0)
   521416      3920   4149048  0.000  0.000    3.441    0.545    0    0  (Gen:  0)
   521760      4552   4149696  0.000  0.000    3.441    0.545    0    0  (Gen:  0)
   521600      3992   4149408  0.000  0.000    3.442    0.545    0    0  (Gen:  0)
   521544      4136   4149712  0.000  0.000    3.442    0.545    0    0  (Gen:  0)
   521568      4488   4150096  0.000  0.000    3.443    0.545    0    0  (Gen:  0)
   521680      4080   4149944  0.000  0.000    3.443    0.545    0    0  (Gen:  0)
   521544      4536   4150640  0.000  0.000    3.444    0.545    0    0  (Gen:  0)
   521488      7528   4154192  0.000  0.000    3.445    0.545    0    0  (Gen:  0)
   521864      6136   4154000  0.000  0.000    3.445    0.546    0    0  (Gen:  0)
   521568      4176   4154224  0.000  0.000    3.446    0.546    0    0  (Gen:  0)
   521664      4136   4154216  0.000  0.000    3.446    0.546    0    0  (Gen:  0)
   521408      4040   4154208  0.000  0.000    3.447    0.546    0    0  (Gen:  0)
   521536      6176   4156376  0.000  0.000    3.447    0.546    0    0  (Gen:  0)
   521600      4120   4156296  0.000  0.000    3.448    0.546    0    0  (Gen:  0)
   521640      3976   4156240  0.000  0.000    3.449    0.546    0    0  (Gen:  0)
   521720      4168   4156448  0.000  0.000    3.449    0.546    0    0  (Gen:  0)
   521824      3888   4156216  0.000  0.000    3.450    0.547    0    0  (Gen:  0)
   521576      6544   4158888  0.000  0.000    3.450    0.547    0    0  (Gen:  0)
   521624      6424   4158832  0.000  0.000    3.451    0.547    0    0  (Gen:  0)
   521440      4136   4158952  0.000  0.000    3.451    0.547    0    0  (Gen:  0)
   521512      4136   4158984  0.000  0.000    3.452    0.547    0    0  (Gen:  0)
   521584      4104   4158984  0.000  0.000    3.452    0.547    0    0  (Gen:  0)
   521648      4088   4158984  0.000  0.000    3.453    0.547    0    0  (Gen:  0)
   521592      6288   4161200  0.000  0.000    3.454    0.547    0    0  (Gen:  0)
   521440      4048   4161088  0.000  0.000    3.454    0.548    0    0  (Gen:  0)
   521584      4248   4161376  0.000  0.000    3.455    0.548    0    0  (Gen:  0)
   521528      4176   4161336  0.000  0.000    3.455    0.548    0    0  (Gen:  0)
   521744      4088   4161336  0.000  0.000    3.456    0.548    0    0  (Gen:  0)
   521568      6720   4164000  0.000  0.000    3.456    0.548    0    0  (Gen:  0)
   521656      6784   4164128  0.000  0.000    3.457    0.548    0    0  (Gen:  0)
   521472      4160   4164000  0.000  0.000    3.458    0.548    0    0  (Gen:  0)
   521440      3872   4163728  0.000  0.000    3.458    0.548    0    0  (Gen:  0)
   521192      4040   4163944  0.000  0.000    3.459    0.549    0    0  (Gen:  0)
   521584      3880   4163800  0.000  0.000    3.459    0.549    0    0  (Gen:  0)
   521720      4312   4164248  0.000  0.000    3.460    0.549    0    0  (Gen:  0)
   521776      4120   4164344  0.000  0.000    3.460    0.549    0    0  (Gen:  0)
   521624      4416   4164728  0.000  0.000    3.461    0.549    0    0  (Gen:  0)
   521584      3912   4164480  0.000  0.000    3.461    0.549    0    0  (Gen:  0)
   521504      4408   4165064  0.000  0.000    3.462    0.549    0    0  (Gen:  0)
   521424      7368   4168440  0.000  0.000    3.463    0.549    0    0  (Gen:  0)
   521832      5632   4168368  0.000  0.000    3.463    0.549    0    0  (Gen:  0)
   521704      3976   4168368  0.000  0.000    3.464    0.550    0    0  (Gen:  0)
   521408      4096   4168504  0.000  0.000    3.464    0.550    0    0  (Gen:  0)
   521552      4080   4168536  0.000  0.000    3.465    0.550    0    0  (Gen:  0)
   521664      4104   4168576  0.000  0.000    3.465    0.550    0    0  (Gen:  0)
   521856      4120   4168640  0.000  0.000    3.466    0.550    0    0  (Gen:  0)
   521608      4112   4168792  0.000  0.000    3.466    0.550    0    0  (Gen:  0)
   521928      4264   4168976  0.000  0.000    3.467    0.550    0    0  (Gen:  0)
   521744      4104   4168848  0.000  0.000    3.468    0.550    0    0  (Gen:  0)
   521600      4120   4168880  0.000  0.000    3.468    0.551    0    0  (Gen:  0)
   521816      5960   4170736  0.000  0.000    3.469    0.551    0    0  (Gen:  0)
   521336      5808   4170664  0.000  0.000    3.469    0.551    0    0  (Gen:  0)
   521608      4320   4171024  0.000  0.000    3.470    0.551    0    0  (Gen:  0)
   521536      4088   4170824  0.000  0.000    3.471    0.551    0    0  (Gen:  0)
   521552      3992   4170816  0.000  0.000    3.471    0.551    0    0  (Gen:  0)
   521512      4296   4171152  0.000  0.000    3.472    0.551    0    0  (Gen:  0)
   521824      4248   4171152  0.000  0.000    3.472    0.551    0    0  (Gen:  0)
   521608      4008   4171000  0.000  0.000    3.473    0.552    0    0  (Gen:  0)
   521872      4296   4171304  0.000  0.000    3.473    0.552    0    0  (Gen:  0)
   521672      4072   4171128  0.000  0.000    3.474    0.552    0    0  (Gen:  0)
   521664      6792   4173864  0.000  0.000    3.475    0.552    0    0  (Gen:  0)
   521472      6688   4173824  0.000  0.000    3.475    0.552    0    0  (Gen:  0)
   521512      4160   4173880  0.000  0.000    3.476    0.552    0    0  (Gen:  0)
   521600      4120   4173872  0.000  0.000    3.476    0.552    0    0  (Gen:  0)
   521664      4136   4173920  0.000  0.000    3.477    0.552    0    0  (Gen:  0)
   521360      4120   4173920  0.000  0.000    3.478    0.552    0    0  (Gen:  0)
   521696      4560   4174376  0.000  0.000    3.478    0.553    0    0  (Gen:  0)
   521784      4248   4174352  0.000  0.000    3.479    0.553    0    0  (Gen:  0)
   521280      4024   4174216  0.000  0.000    3.479    0.553    0    0  (Gen:  0)
   521744      4000   4174448  0.000  0.000    3.480    0.553    0    0  (Gen:  0)
   521760      4152   4174688  0.000  0.000    3.480    0.553    0    0  (Gen:  0)
   521408      7968   4178760  0.000  0.000    3.481    0.553    0    0  (Gen:  0)
   521792      5912   4178688  0.000  0.000    3.482    0.553    0    0  (Gen:  0)
   521736      4080   4178848  0.000  0.000    3.482    0.553    0    0  (Gen:  0)
   521544      4120   4178920  0.000  0.000    3.483    0.554    0    0  (Gen:  0)
   521232      4120   4178952  0.000  0.000    3.483    0.554    0    0  (Gen:  0)
   521472      4064   4178912  0.000  0.000    3.484    0.554    0    0  (Gen:  0)
   521960      5864   4180728  0.000  0.000    3.484    0.554    0    0  (Gen:  0)
   521720      4152   4180712  0.000  0.000    3.485    0.554    0    0  (Gen:  0)
   521944      4320   4180968  0.000  0.000    3.485    0.554    0    0  (Gen:  0)
   521224      3992   4180672  0.000  0.000    3.486    0.554    0    0  (Gen:  0)
   521440      3976   4180744  0.000  0.000    3.486    0.554    0    0  (Gen:  0)
   521616      6544   4183344  0.000  0.000    3.487    0.555    0    0  (Gen:  0)
   521552      6360   4183224  0.000  0.000    3.488    0.555    0    0  (Gen:  0)
   521480      4592   4183760  0.000  0.000    3.488    0.555    0    0  (Gen:  0)
   521752      5232   4184960  0.000  0.000    3.489    0.555    0    0  (Gen:  0)
   521776      3936   4184808  0.000  0.000    3.489    0.555    0    0  (Gen:  0)
   521696      4200   4185088  0.000  0.000    3.490    0.555    0    0  (Gen:  0)
   521608      4136   4185072  0.000  0.000    3.490    0.555    0    0  (Gen:  0)
   521616      4008   4185104  0.000  0.000    3.491    0.555    0    0  (Gen:  0)
   521960      4240   4185368  0.000  0.000    3.492    0.555    0    0  (Gen:  0)
   521712      4088   4185248  0.000  0.000    3.492    0.556    0    0  (Gen:  0)
   521680      3800   4184976  0.000  0.000    3.493    0.556    0    0  (Gen:  0)
   521488      6312   4187504  0.000  0.000    3.493    0.556    0    0  (Gen:  0)
   521800      6192   4187464  0.000  0.000    3.494    0.556    0    0  (Gen:  0)
   521680      4232   4187560  0.000  0.000    3.494    0.556    0    0  (Gen:  0)
   521568      4072   4187432  0.000  0.000    3.495    0.556    0    0  (Gen:  0)
   521424      4128   4187576  0.000  0.000    3.496    0.556    0    0  (Gen:  0)
   521848      5984   4189464  0.000  0.000    3.496    0.556    0    0  (Gen:  0)
   521240      4288   4189584  0.000  0.000    3.497    0.557    0    0  (Gen:  0)
   521496      4064   4189448  0.000  0.000    3.497    0.557    0    0  (Gen:  0)
   521528      4144   4189544  0.000  0.000    3.498    0.557    0    0  (Gen:  0)
   521736      4152   4189600  0.000  0.000    3.498    0.557    0    0  (Gen:  0)
   521864      6640   4192104  0.000  0.000    3.499    0.557    0    0  (Gen:  0)
   521528      6536   4192064  0.000  0.000    3.500    0.557    0    0  (Gen:  0)
   521472      4216   4192160  0.000  0.000    3.500    0.557    0    0  (Gen:  0)
   521560      4096   4192072  0.000  0.000    3.501    0.557    0    0  (Gen:  0)
   521656      3992   4192000  0.000  0.000    3.501    0.557    0    0  (Gen:  0)
   521512      3936   4192032  0.000  0.000    3.502    0.558    0    0  (Gen:  0)
   521680      4352   4192480  0.000  0.000    3.502    0.558    0    0  (Gen:  0)
   521752      4032   4192432  0.000  0.000    3.503    0.558    0    0  (Gen:  0)
   521312      3992   4192480  0.000  0.000    3.503    0.558    0    0  (Gen:  0)
   521728      4336   4192840  0.000  0.000    3.504    0.558    0    0  (Gen:  0)
   521744      4272   4193048  0.000  0.000    3.505    0.558    0    0  (Gen:  0)
   521280      7816   4196832  0.000  0.000    3.505    0.558    0    0  (Gen:  0)
   521776      6192   4196872  0.000  0.000    3.506    0.558    0    0  (Gen:  0)
   521840      3920   4196856  0.000  0.000    3.506    0.559    0    0  (Gen:  0)
   521440      4152   4197120  0.000  0.000    3.507    0.559    0    0  (Gen:  0)
   521592      4104   4197104  0.000  0.000    3.507    0.559    0    0  (Gen:  0)
   521496      4032   4197048  0.000  0.000    3.508    0.559    0    0  (Gen:  0)
   521648      6256   4199288  0.000  0.000    3.509    0.559    0    0  (Gen:  0)
   521488      4208   4199232  0.000  0.000    3.509    0.559    0    0  (Gen:  0)
   521624      4224   4199336  0.000  0.000    3.510    0.559    0    0  (Gen:  0)
   521904      4032   4199176  0.000  0.000    3.510    0.559    0    0  (Gen:  0)
   521704      4136   4199368  0.000  0.000    3.511    0.560    0    0  (Gen:  0)
   521464      6432   4201696  0.000  0.000    3.511    0.560    0    0  (Gen:  0)
   521584      6368   4201696  0.000  0.000    3.512    0.560    0    0  (Gen:  0)
   521632      4048   4201712  0.000  0.000    3.512    0.560    0    0  (Gen:  0)
   521472      4152   4201832  0.000  0.000    3.513    0.560    0    0  (Gen:  0)
   521520      4120   4201848  0.000  0.000    3.514    0.560    0    0  (Gen:  0)
   521576      6384   4204128  0.000  0.000    3.514    0.560    0    0  (Gen:  0)
   521568      4192   4204048  0.000  0.000    3.515    0.560    0    0  (Gen:  0)
   521504      4096   4204112  0.000  0.000    3.515    0.560    0    0  (Gen:  0)
   521432      4320   4204368  0.000  0.000    3.516    0.561    0    0  (Gen:  0)
   521912      4120   4204200  0.000  0.000    3.516    0.561    0    0  (Gen:  0)
   521600      4048   4204144  0.000  0.000    3.517    0.561    0    0  (Gen:  0)
   521480      6736   4206848  0.000  0.000    3.518    0.561    0    0  (Gen:  0)
   521768      6600   4206792  0.000  0.000    3.518    0.561    0    0  (Gen:  0)
   521312      4312   4207000  0.000  0.000    3.519    0.561    0    0  (Gen:  0)
   521384      4080   4206800  0.000  0.000    3.519    0.561    0    0  (Gen:  0)
   521304      4304   4207112  0.000  0.000    3.520    0.561    0    0  (Gen:  0)
   521664      4616   4207456  0.000  0.000    3.520    0.562    0    0  (Gen:  0)
   521720      4416   4207528  0.000  0.000    3.521    0.562    0    0  (Gen:  0)
   521808      3984   4207184  0.000  0.000    3.521    0.562    0    0  (Gen:  0)
   521456      4296   4207512  0.000  0.000    3.522    0.562    0    0  (Gen:  0)
   521560      4288   4207776  0.000  0.000    3.523    0.562    0    0  (Gen:  0)
   521616      4744   4208472  0.000  0.000    3.523    0.562    0    0  (Gen:  0)
   521504      6816   4211424  0.000  0.000    3.524    0.562    0    0  (Gen:  0)
   521784      5744   4211392  0.000  0.000    3.524    0.562    0    0  (Gen:  0)
   521592      4264   4211568  0.000  0.000    3.525    0.563    0    0  (Gen:  0)
   521528      4064   4211400  0.000  0.000    3.525    0.563    0    0  (Gen:  0)
   521616      4104   4211528  0.000  0.000    3.526    0.563    0    0  (Gen:  0)
   521760      4296   4211752  0.000  0.000    3.527    0.563    0    0  (Gen:  0)
   521640      4064   4211568  0.000  0.000    3.527    0.563    0    0  (Gen:  0)
   521760      3960   4211552  0.000  0.000    3.528    0.563    0    0  (Gen:  0)
   521848      4200   4211808  0.000  0.000    3.528    0.563    0    0  (Gen:  0)
   521792      4080   4211736  0.000  0.000    3.529    0.563    0    0  (Gen:  0)
   521616      6112   4213784  0.000  0.000    3.529    0.563    0    0  (Gen:  0)
   521672      5992   4213728  0.000  0.000    3.530    0.564    0    0  (Gen:  0)
   521408      4176   4213832  0.000  0.000    3.530    0.564    0    0  (Gen:  0)
   521472      4040   4213728  0.000  0.000    3.531    0.564    0    0  (Gen:  0)
   521616      4104   4213824  0.000  0.000    3.532    0.564    0    0  (Gen:  0)
   521560      3992   4213728  0.000  0.000    3.532    0.564    0    0  (Gen:  0)
   521640      4248   4214000  0.000  0.000    3.533    0.564    0    0  (Gen:  0)
   521624      3992   4213808  0.000  0.000    3.533    0.564    0    0  (Gen:  0)
   521928      4304   4214208  0.000  0.000    3.534    0.564    0    0  (Gen:  0)
   521656      4008   4213944  0.000  0.000    3.534    0.565    0    0  (Gen:  0)
   521760      4152   4214176  0.000  0.000    3.535    0.565    0    0  (Gen:  0)
   521496      6792   4216848  0.000  0.000    3.536    0.565    0    0  (Gen:  0)
   521592      6592   4216712  0.000  0.000    3.536    0.565    0    0  (Gen:  0)
   521544      4024   4216656  0.000  0.000    3.537    0.565    0    0  (Gen:  0)
   521584      4136   4216784  0.000  0.000    3.537    0.565    0    0  (Gen:  0)
   521440      3976   4216672  0.000  0.000    3.538    0.565    0    0  (Gen:  0)
   521672      4608   4217320  0.000  0.000    3.538    0.565    0    0  (Gen:  0)
   521608      4288   4217272  0.000  0.000    3.539    0.566    0    0  (Gen:  0)
   521632      4120   4217264  0.000  0.000    3.539    0.566    0    0  (Gen:  0)
   521392      4464   4217640  0.000  0.000    3.540    0.566    0    0  (Gen:  0)
   521744      4496   4217928  0.000  0.000    3.541    0.566    0    0  (Gen:  0)
   521600      4400   4218072  0.000  0.000    3.541    0.566    0    0  (Gen:  0)
   521552      7592   4221664  0.000  0.000    3.542    0.566    0    0  (Gen:  0)
   521752      5952   4221704  0.000  0.000    3.542    0.566    0    0  (Gen:  0)
   521744      3880   4221552  0.000  0.000    3.543    0.566    0    0  (Gen:  0)
   521384      4152   4221840  0.000  0.000    3.544    0.567    0    0  (Gen:  0)
   521264      4096   4221832  0.000  0.000    3.544    0.567    0    0  (Gen:  0)
   521824      5888   4223640  0.000  0.000    3.545    0.567    0    0  (Gen:  0)
   521776      4048   4223480  0.000  0.000    3.545    0.567    0    0  (Gen:  0)
   521752      4000   4223592  0.000  0.000    3.546    0.567    0    0  (Gen:  0)
   521872      4152   4223776  0.000  0.000    3.546    0.567    0    0  (Gen:  0)
   521192      4160   4223816  0.000  0.000    3.547    0.567    0    0  (Gen:  0)
   521320      3800   4223472  0.000  0.000    3.547    0.567    0    0  (Gen:  0)
   521880      6480   4226168  0.000  0.000    3.548    0.568    0    0  (Gen:  0)
   521448      6336   4226104  0.000  0.000    3.549    0.568    0    0  (Gen:  0)
   521640      5712   4227784  0.000  0.000    3.549    0.568    0    0  (Gen:  0)
   521592      4048   4227728  0.000  0.000    3.550    0.568    0    0  (Gen:  0)
   521872      4152   4227920  0.000  0.000    3.550    0.568    0    0  (Gen:  0)
   521584      4216   4228016  0.000  0.000    3.551    0.568    0    0  (Gen:  0)
   521632      4304   4228152  0.000  0.000    3.552    0.568    0    0  (Gen:  0)
   521728      4104   4228040  0.000  0.000    3.552    0.568    0    0  (Gen:  0)
   521848      4136   4228088  0.000  0.000    3.553    0.569    0    0  (Gen:  0)
   521776      3936   4227936  0.000  0.000    3.553    0.569    0    0  (Gen:  0)
   521512      6192   4230208  0.000  0.000    3.554    0.569    0    0  (Gen:  0)
   521736      6104   4230184  0.000  0.000    3.554    0.569    0    0  (Gen:  0)
   521720      4152   4230360  0.000  0.000    3.555    0.569    0    0  (Gen:  0)
   521488      4080   4230320  0.000  0.000    3.555    0.569    0    0  (Gen:  0)
   521576      4048   4230320  0.000  0.000    3.556    0.569    0    0  (Gen:  0)
   521648      4032   4230320  0.000  0.000    3.557    0.569    0    0  (Gen:  0)
   521632      6080   4232384  0.000  0.000    3.557    0.569    0    0  (Gen:  0)
   521296      4288   4232424  0.000  0.000    3.558    0.570    0    0  (Gen:  0)
   521600      4192   4232416  0.000  0.000    3.558    0.570    0    0  (Gen:  0)
   521568      4104   4232360  0.000  0.000    3.559    0.570    0    0  (Gen:  0)
   521760      4208   4232552  0.000  0.000    3.559    0.570    0    0  (Gen:  0)
   521704      6536   4234912  0.000  0.000    3.560    0.570    0    0  (Gen:  0)
   521560      6448   4234888  0.000  0.000    3.561    0.570    0    0  (Gen:  0)
   521544      4048   4234832  0.000  0.000    3.561    0.570    0    0  (Gen:  0)
   521600      4152   4234952  0.000  0.000    3.562    0.570    0    0  (Gen:  0)
   521560      4032   4234880  0.000  0.000    3.562    0.571    0    0  (Gen:  0)
   521608      4704   4235568  0.000  0.000    3.563    0.571    0    0  (Gen:  0)
   521624      4264   4235400  0.000  0.000    3.563    0.571    0    0  (Gen:  0)
   521688      3784   4235080  0.000  0.000    3.564    0.571    0    0  (Gen:  0)
   521392      4336   4235664  0.000  0.000    3.565    0.571    0    0  (Gen:  0)
   521728      3968   4235552  0.000  0.000    3.565    0.571    0    0  (Gen:  0)
   521576      4232   4235904  0.000  0.000    3.566    0.571    0    0  (Gen:  0)
   521432      7808   4239896  0.000  0.000    3.566    0.571    0    0  (Gen:  0)
   521824      6200   4239792  0.000  0.000    3.567    0.572    0    0  (Gen:  0)
   521696      3960   4239736  0.000  0.000    3.567    0.572    0    0  (Gen:  0)
   521544      4152   4239944  0.000  0.000    3.568    0.572    0    0  (Gen:  0)
   521344      4120   4239960  0.000  0.000    3.569    0.572    0    0  (Gen:  0)
   521784      6128   4241984  0.000  0.000    3.569    0.572    0    0  (Gen:  0)
   521584      4136   4241968  0.000  0.000    3.570    0.572    0    0  (Gen:  0)
   521520      3968   4241960  0.000  0.000    3.570    0.572    0    0  (Gen:  0)
   521720      4192   4242216  0.000  0.000    3.571    0.572    0    0  (Gen:  0)
   521856      4176   4242232  0.000  0.000    3.571    0.573    0    0  (Gen:  0)
   521600      3896   4241968  0.000  0.000    3.572    0.573    0    0  (Gen:  0)
   521504      6576   4244664  0.000  0.000    3.573    0.573    0    0  (Gen:  0)
   521504      6480   4244648  0.000  0.000    3.573    0.573    0    0  (Gen:  0)
   521600      4360   4244864  0.000  0.000    3.574    0.573    0    0  (Gen:  0)
   521480      3912   4244448  0.000  0.000    3.574    0.573    0    0  (Gen:  0)
   521632      4008   4244632  0.000  0.000    3.575    0.573    0    0  (Gen:  0)
   521544      6360   4247016  0.000  0.000    3.575    0.573    0    0  (Gen:  0)
   521552      4232   4247000  0.000  0.000    3.576    0.574    0    0  (Gen:  0)
   521384      3944   4246800  0.000  0.000    3.577    0.574    0    0  (Gen:  0)
   521640      4168   4247040  0.000  0.000    3.577    0.574    0    0  (Gen:  0)
   521800      4136   4247056  0.000  0.000    3.578    0.574    0    0  (Gen:  0)
   521576      6848   4249784  0.000  0.000    3.578    0.574    0    0  (Gen:  0)
   521640      6408   4249408  0.000  0.000    3.579    0.574    0    0  (Gen:  0)
   521608      4080   4249648  0.000  0.000    3.579    0.574    0    0  (Gen:  0)
   521328      4224   4249824  0.000  0.000    3.580    0.574    0    0  (Gen:  0)
   521248      4136   4249768  0.000  0.000    3.581    0.575    0    0  (Gen:  0)
   521504      4024   4249672  0.000  0.000    3.581    0.575    0    0  (Gen:  0)
   521640      4488   4250152  0.000  0.000    3.582    0.575    0    0  (Gen:  0)
   521776      4248   4250200  0.000  0.000    3.582    0.575    0    0  (Gen:  0)
   521776      4488   4250528  0.000  0.000    3.583    0.575    0    0  (Gen:  0)
   521440      4176   4250472  0.000  0.000    3.583    0.575    0    0  (Gen:  0)
   521528      4560   4250944  0.000  0.000    3.584    0.575    0    0  (Gen:  0)
   521448      7424   4254224  0.000  0.000    3.585    0.575    0    0  (Gen:  0)
   521728      5608   4254072  0.000  0.000    3.585    0.576    0    0  (Gen:  0)
   521776      4080   4254272  0.000  0.000    3.586    0.576    0    0  (Gen:  0)
   521440      4152   4254376  0.000  0.000    3.586    0.576    0    0  (Gen:  0)
   521544      4064   4254320  0.000  0.000    3.587    0.576    0    0  (Gen:  0)
   521672      3936   4254208  0.000  0.000    3.587    0.576    0    0  (Gen:  0)
   521864      4296   4254584  0.000  0.000    3.588    0.576    0    0  (Gen:  0)
   521584      4136   4254488  0.000  0.000    3.589    0.576    0    0  (Gen:  0)
   521928      4064   4254504  0.000  0.000    3.589    0.576    0    0  (Gen:  0)
   521648      4032   4254504  0.000  0.000    3.590    0.577    0    0  (Gen:  0)
   521856      3776   4254336  0.000  0.000    3.590    0.577    0    0  (Gen:  0)
   521560      6000   4256592  0.000  0.000    3.591    0.577    0    0  (Gen:  0)
   521592      5832   4256488  0.000  0.000    3.591    0.577    0    0  (Gen:  0)
   521496      3976   4256480  0.000  0.000    3.592    0.577    0    0  (Gen:  0)
   521488      4200   4256720  0.000  0.000    3.592    0.577    0    0  (Gen:  0)
   521568      4192   4256760  0.000  0.000    3.593    0.577    0    0  (Gen:  0)
   521592      4208   4256792  0.000  0.000    3.594    0.577    0    0  (Gen:  0)
   521648      4160   4256792  0.000  0.000    3.594    0.577    0    0  (Gen:  0)
   521616      3800   4256592  0.000  0.000    3.595    0.578    0    0  (Gen:  0)
   521928      4112   4256936  0.000  0.000    3.595    0.578    0    0  (Gen:  0)
   521752      4120   4256976  0.000  0.000    3.596    0.578    0    0  (Gen:  0)
   521664      3992   4256864  0.000  0.000    3.596    0.578    0    0  (Gen:  0)
   521504      6608   4259496  0.000  0.000    3.597    0.578    0    0  (Gen:  0)
   521472      6520   4259488  0.000  0.000    3.597    0.578    0    0  (Gen:  0)
   521616      4232   4259712  0.000  0.000    3.598    0.578    0    0  (Gen:  0)
   521520      4120   4259632  0.000  0.000    3.599    0.578    0    0  (Gen:  0)
   521504      4096   4259696  0.000  0.000    3.599    0.579    0    0  (Gen:  0)
   521712      4384   4260016  0.000  0.000    3.600    0.579    0    0  (Gen:  0)
   521632      4248   4260152  0.000  0.000    3.600    0.579    0    0  (Gen:  0)
   521472      3976   4259968  0.000  0.000    3.601    0.579    0    0  (Gen:  0)
   521544      4352   4260360  0.000  0.000    3.601    0.579    0    0  (Gen:  0)
   521760      4344   4260624  0.000  0.000    3.602    0.579    0    0  (Gen:  0)
   521504      8288   4264808  0.000  0.000    3.603    0.579    0    0  (Gen:  0)
   521720      6024   4264528  0.000  0.000    3.603    0.579    0    0  (Gen:  0)
   521752      4264   4264760  0.000  0.000    3.604    0.580    0    0  (Gen:  0)
   521616      4264   4264792  0.000  0.000    3.604    0.580    0    0  (Gen:  0)
   521296      3896   4264456  0.000  0.000    3.605    0.580    0    0  (Gen:  0)
   521448      3920   4264496  0.000  0.000    3.605    0.580    0    0  (Gen:  0)
   521872      5760   4266352  0.000  0.000    3.606    0.580    0    0  (Gen:  0)
   521712      4048   4266336  0.000  0.000    3.607    0.580    0    0  (Gen:  0)
   521744      3832   4266208  0.000  0.000    3.607    0.580    0    0  (Gen:  0)
   521648      4224   4266616  0.000  0.000    3.608    0.580    0    0  (Gen:  0)
   521232      3968   4266408  0.000  0.000    3.608    0.581    0    0  (Gen:  0)
   521680      6616   4269072  0.000  0.000    3.609    0.581    0    0  (Gen:  0)
   521536      6224   4268744  0.000  0.000    3.609    0.581    0    0  (Gen:  0)
   521416      4416   4269328  0.000  0.000    3.610    0.581    0    0  (Gen:  0)
   521768      5584   4270912  0.000  0.000    3.611    0.581    0    0  (Gen:  0)
   521816      4120   4270896  0.000  0.000    3.611    0.581    0    0  (Gen:  0)
   521712      3968   4270760  0.000  0.000    3.612    0.581    0    0  (Gen:  0)
   521616      4272   4271080  0.000  0.000    3.612    0.581    0    0  (Gen:  0)
   521544      4176   4271048  0.000  0.000    3.613    0.582    0    0  (Gen:  0)
   522008      4136   4271096  0.000  0.000    3.613    0.582    0    0  (Gen:  0)
   521592      4048   4271040  0.000  0.000    3.614    0.582    0    0  (Gen:  0)
   521872      4152   4271232  0.000  0.000    3.615    0.582    0    0  (Gen:  0)
   521368      6280   4273392  0.000  0.000    3.615    0.582    0    0  (Gen:  0)
   521888      5952   4273128  0.000  0.000    3.616    0.582    0    0  (Gen:  0)
   521608      3952   4273184  0.000  0.000    3.616    0.582    0    0  (Gen:  0)
   521544      4096   4273344  0.000  0.000    3.617    0.582    0    0  (Gen:  0)
   521488      4176   4273472  0.000  0.000    3.617    0.583    0    0  (Gen:  0)
   521776      6120   4275432  0.000  0.000    3.618    0.583    0    0  (Gen:  0)
   521392      3944   4275072  0.000  0.000    3.619    0.583    0    0  (Gen:  0)
   521336      4064   4275352  0.000  0.000    3.619    0.583    0    0  (Gen:  0)
   521640      4240   4275560  0.000  0.000    3.620    0.583    0    0  (Gen:  0)
   521776      4072   4275424  0.000  0.000    3.620    0.583    0    0  (Gen:  0)
   521712      3960   4275328  0.000  0.000    3.621    0.583    0    0  (Gen:  0)
   521520      6440   4277824  0.000  0.000    3.621    0.583    0    0  (Gen:  0)
   521648      6320   4277784  0.000  0.000    3.622    0.584    0    0  (Gen:  0)
   521576      4304   4278112  0.000  0.000    3.622    0.584    0    0  (Gen:  0)
   521536      4048   4277888  0.000  0.000    3.623    0.584    0    0  (Gen:  0)
   521584      4064   4277992  0.000  0.000    3.624    0.584    0    0  (Gen:  0)
   521680      4472   4278432  0.000  0.000    3.624    0.584    0    0  (Gen:  0)
   521616      4320   4278552  0.000  0.000    3.625    0.584    0    0  (Gen:  0)
   521488      4008   4278328  0.000  0.000    3.625    0.584    0    0  (Gen:  0)
   521568      4504   4278840  0.000  0.000    3.626    0.584    0    0  (Gen:  0)
   521752      4384   4278992  0.000  0.000    3.626    0.584    0    0  (Gen:  0)
   521448      6176   4281024  0.000  0.000    3.627    0.585    0    0  (Gen:  0)
   521632      6344   4282856  0.000  0.000    3.628    0.585    0    0  (Gen:  0)
   521728      5712   4282744  0.001  0.000    3.629    0.585    0    0  (Gen:  0)
   521600      4184   4282880  0.000  0.000    3.630    0.585    0    0  (Gen:  0)
   521624      4120   4282848  0.000  0.000    3.630    0.585    0    0  (Gen:  0)
   521424      3952   4282768  0.000  0.000    3.631    0.585    0    0  (Gen:  0)
   521632      5992   4284840  0.000  0.000    3.631    0.585    0    0  (Gen:  0)
   521480      4176   4285000  0.000  0.000    3.632    0.586    0    0  (Gen:  0)
   521736      3992   4284904  0.000  0.000    3.633    0.586    0    0  (Gen:  0)
   521760      4120   4285048  0.000  0.000    3.633    0.586    0    0  (Gen:  0)
   521704      4008   4284984  0.000  0.000    3.634    0.586    0    0  (Gen:  0)
   521624      6616   4287608  0.000  0.000    3.634    0.586    0    0  (Gen:  0)
   521616      6416   4287472  0.000  0.000    3.635    0.586    0    0  (Gen:  0)
   521528      4104   4287568  0.000  0.000    3.635    0.586    0    0  (Gen:  0)
   521416      4200   4287696  0.000  0.000    3.636    0.586    0    0  (Gen:  0)
   521576      4104   4287632  0.000  0.000    3.636    0.586    0    0  (Gen:  0)
   521592      4032   4287576  0.000  0.000    3.637    0.587    0    0  (Gen:  0)
   521600      6400   4289960  0.000  0.000    3.638    0.587    0    0  (Gen:  0)
   521408      4080   4289768  0.000  0.000    3.638    0.587    0    0  (Gen:  0)
   521592      4080   4289856  0.000  0.000    3.639    0.587    0    0  (Gen:  0)
   521704      4048   4289856  0.000  0.000    3.639    0.587    0    0  (Gen:  0)
   521720      3904   4289800  0.001  0.000    3.641    0.587    0    0  (Gen:  0)
   521496      6680   4292608  0.000  0.000    3.642    0.587    0    0  (Gen:  0)
   521648      6616   4292608  0.000  0.000    3.642    0.588    0    0  (Gen:  0)
   521424      4024   4292512  0.000  0.000    3.643    0.588    0    0  (Gen:  0)
   521424      4208   4292712  0.000  0.000    3.643    0.588    0    0  (Gen:  0)
   521288      4048   4292600  0.000  0.000    3.644    0.588    0    0  (Gen:  0)
   521632      4520   4293088  0.000  0.000    3.644    0.588    0    0  (Gen:  0)
   521664      4096   4292936  0.000  0.000    3.645    0.588    0    0  (Gen:  0)
   521720      4168   4293168  0.000  0.000    3.646    0.588    0    0  (Gen:  0)
   521632      4328   4293360  0.000  0.000    3.646    0.588    0    0  (Gen:  0)
   521600      4416   4293704  0.000  0.000    3.647    0.589    0    0  (Gen:  0)
   521536      4472   4294000  0.000  0.000    3.647    0.589    0    0  (Gen:  0)
   521440      7432   4297360  0.000  0.000    3.648    0.589    0    0  (Gen:  0)
   521720      5856   4297304  0.000  0.000    3.648    0.589    0    0  (Gen:  0)
   521784      3912   4297016  0.000  0.000    3.649    0.589    0    0  (Gen:  0)
   521400      3920   4297056  0.000  0.000    3.650    0.589    0    0  (Gen:  0)
   521568      4000   4297224  0.000  0.000    3.650    0.589    0    0  (Gen:  0)
   521752      4144   4297400  0.000  0.000    3.651    0.589    0    0  (Gen:  0)
   521776      4064   4297368  0.000  0.000    3.651    0.590    0    0  (Gen:  0)
   521672      4056   4297520  0.000  0.000    3.652    0.590    0    0  (Gen:  0)
   521848      4120   4297616  0.000  0.000    3.652    0.590    0    0  (Gen:  0)
   521784      3976   4297504  0.000  0.000    3.653    0.590    0    0  (Gen:  0)
   521576      3896   4297440  0.000  0.000    3.653    0.590    0    0  (Gen:  0)
   521728      5976   4299536  0.000  0.000    3.654    0.590    0    0  (Gen:  0)
   521360      5896   4299536  0.000  0.000    3.655    0.590    0    0  (Gen:  0)
   521656      4208   4299696  0.000  0.000    3.655    0.590    0    0  (Gen:  0)
   521496      3968   4299488  0.000  0.000    3.656    0.590    0    0  (Gen:  0)
   521632      4064   4299672  0.000  0.000    3.656    0.591    0    0  (Gen:  0)
   521568      4264   4299904  0.000  0.000    3.657    0.591    0    0  (Gen:  0)
   521632      4152   4299840  0.000  0.000    3.657    0.591    0    0  (Gen:  0)
   521744      3960   4299736  0.000  0.000    3.658    0.591    0    0  (Gen:  0)
   521848      4280   4300072  0.000  0.000    3.658    0.591    0    0  (Gen:  0)
   521776      4040   4299880  0.000  0.000    3.659    0.591    0    0  (Gen:  0)
   521496      6720   4302576  0.000  0.000    3.660    0.591    0    0  (Gen:  0)
   521560      6560   4302480  0.000  0.000    3.660    0.591    0    0  (Gen:  0)
   521528      3936   4302440  0.000  0.000    3.661    0.592    0    0  (Gen:  0)
   521544      4208   4302744  0.000  0.000    3.661    0.592    0    0  (Gen:  0)
   521552      4160   4302728  0.000  0.000    3.662    0.592    0    0  (Gen:  0)
   521384      3944   4302528  0.000  0.000    3.662    0.592    0    0  (Gen:  0)
   521776      4480   4303080  0.000  0.000    3.663    0.592    0    0  (Gen:  0)
   521784      4224   4303112  0.000  0.000    3.664    0.592    0    0  (Gen:  0)
   521256      4400   4303376  0.000  0.000    3.664    0.592    0    0  (Gen:  0)
   521808      4120   4303352  0.000  0.000    3.665    0.592    0    0  (Gen:  0)
   521624      4616   4303936  0.000  0.000    3.665    0.593    0    0  (Gen:  0)
   521528      7880   4307616  0.000  0.000    3.666    0.593    0    0  (Gen:  0)
   521792      6136   4307696  0.000  0.000    3.667    0.593    0    0  (Gen:  0)
   521704      4048   4307528  0.000  0.000    3.667    0.593    0    0  (Gen:  0)
   521480      4208   4307704  0.000  0.000    3.668    0.593    0    0  (Gen:  0)
   521248      4016   4307560  0.000  0.000    3.668    0.593    0    0  (Gen:  0)
   521616      6072   4309632  0.000  0.000    3.669    0.593    0    0  (Gen:  0)
   521872      4144   4309384  0.000  0.000    3.669    0.593    0    0  (Gen:  0)
   521728      4304   4309704  0.000  0.000    3.670    0.594    0    0  (Gen:  0)
   521896      3888   4309320  0.000  0.000    3.670    0.594    0    0  (Gen:  0)
   521288      3984   4309448  0.000  0.000    3.671    0.594    0    0  (Gen:  0)
   521440      4024   4309576  0.000  0.000    3.672    0.594    0    0  (Gen:  0)
   521656      6400   4311984  0.000  0.000    3.672    0.594    0    0  (Gen:  0)
   521560      6328   4311976  0.000  0.000    3.673    0.594    0    0  (Gen:  0)
   521368      4640   4312592  0.000  0.000    3.673    0.594    0    0  (Gen:  0)
   521816      5024   4313696  0.000  0.000    3.674    0.594    0    0  (Gen:  0)
   521800      4136   4313792  0.000  0.000    3.675    0.595    0    0  (Gen:  0)
   521568      4352   4314024  0.000  0.000    3.675    0.595    0    0  (Gen:  0)
   521752      4016   4313736  0.000  0.000    3.676    0.595    0    0  (Gen:  0)
   521608      4072   4313952  0.000  0.000    3.676    0.595    0    0  (Gen:  0)
   521872      4168   4314080  0.000  0.000    3.677    0.595    0    0  (Gen:  0)
   521816      4120   4314064  0.000  0.000    3.677    0.595    0    0  (Gen:  0)
   521536      3920   4313880  0.000  0.000    3.678    0.595    0    0  (Gen:  0)
   521592      6224   4316200  0.000  0.000    3.678    0.595    0    0  (Gen:  0)
   521768      6144   4316200  0.000  0.000    3.679    0.596    0    0  (Gen:  0)
   521656      4264   4316376  0.000  0.000    3.680    0.596    0    0  (Gen:  0)
   521568      4064   4316208  0.000  0.000    3.680    0.596    0    0  (Gen:  0)
   521520      4176   4316408  0.000  0.000    3.681    0.596    0    0  (Gen:  0)
   521760      5952   4318216  0.000  0.000    3.681    0.596    0    0  (Gen:  0)
   521224      4112   4318192  0.000  0.000    3.682    0.596    0    0  (Gen:  0)
   521544      3968   4318136  0.000  0.000    3.682    0.596    0    0  (Gen:  0)
   521512      4096   4318280  0.000  0.000    3.683    0.596    0    0  (Gen:  0)
   521840      4048   4318280  0.000  0.000    3.684    0.597    0    0  (Gen:  0)
   521744      6608   4320856  0.000  0.000    3.684    0.597    0    0  (Gen:  0)
   521576      6480   4320792  0.000  0.000    3.685    0.597    0    0  (Gen:  0)
   521464      3960   4320688  0.000  0.000    3.685    0.597    0    0  (Gen:  0)
   521592      4224   4320984  0.000  0.000    3.686    0.597    0    0  (Gen:  0)
   521600      4216   4321008  0.000  0.000    3.686    0.597    0    0  (Gen:  0)
   521432      4000   4320808  0.000  0.000    3.687    0.597    0    0  (Gen:  0)
   521736      4520   4321344  0.000  0.000    3.688    0.597    0    0  (Gen:  0)
   521784      4208   4321320  0.000  0.000    3.688    0.598    0    0  (Gen:  0)
   521288      4488   4321688  0.000  0.000    3.689    0.598    0    0  (Gen:  0)
   521784      4120   4321576  0.000  0.000    3.689    0.598    0    0  (Gen:  0)
   521664      4488   4322032  0.000  0.000    3.690    0.598    0    0  (Gen:  0)
   521344      7960   4325920  0.000  0.000    3.690    0.598    0    0  (Gen:  0)
   521776      6296   4325760  0.000  0.000    3.691    0.598    0    0  (Gen:  0)
   521768      4104   4325752  0.000  0.000    3.692    0.598    0    0  (Gen:  0)
   521536      3800   4325464  0.000  0.000    3.692    0.598    0    0  (Gen:  0)
   521512      4008   4325720  0.000  0.000    3.693    0.599    0    0  (Gen:  0)
   521560      3840   4325568  0.000  0.000    3.693    0.599    0    0  (Gen:  0)
   521624      6024   4327768  0.000  0.000    3.694    0.599    0    0  (Gen:  0)
   521448      4192   4327928  0.000  0.000    3.694    0.599    0    0  (Gen:  0)
   521744      4080   4327904  0.000  0.000    3.695    0.599    0    0  (Gen:  0)
   521784      4024   4327880  0.000  0.000    3.695    0.599    0    0  (Gen:  0)
   521736      4096   4328040  0.000  0.000    3.696    0.599    0    0  (Gen:  0)
   521512      6576   4330552  0.000  0.000    3.697    0.599    0    0  (Gen:  0)
   521472      6384   4330424  0.000  0.000    3.697    0.599    0    0  (Gen:  0)
   521728      3936   4330312  0.000  0.000    3.698    0.600    0    0  (Gen:  0)
   521416      4144   4330536  0.000  0.000    3.698    0.600    0    0  (Gen:  0)
   521552      3888   4330328  0.000  0.000    3.699    0.600    0    0  (Gen:  0)
   521568      6304   4332760  0.000  0.000    3.700    0.600    0    0  (Gen:  0)
   521680      4168   4332736  0.000  0.000    3.700    0.600    0    0  (Gen:  0)
   521416      4168   4332896  0.001  0.000    3.701    0.600    0    0  (Gen:  0)
   521472      4176   4332936  0.001  0.000    3.702    0.600    0    0  (Gen:  0)
   521872      4192   4332984  0.001  0.000    3.704    0.601    0    0  (Gen:  0)
   521544      4120   4332928  0.035  0.003    3.739    0.604    0    0  (Gen:  0)
   521512      6696   4335520  0.000  0.000    3.741    0.604    0    0  (Gen:  0)
   521784      6584   4335488  0.001  0.000    3.743    0.605    0    0  (Gen:  0)
   521256      4192   4335592  0.001  0.000    3.744    0.605    0    0  (Gen:  0)
   521320      4048   4335480  0.001  0.000    3.745    0.605    0    0  (Gen:  0)
   521376      3920   4335440  0.000  0.000    3.746    0.605    0    0  (Gen:  0)
   521720      4536   4336088  0.000  0.000    3.747    0.606    0    0  (Gen:  0)
   521728      4304   4336128  0.000  0.000    3.747    0.606    0    0  (Gen:  0)
   521800      4024   4335936  0.000  0.000    3.748    0.606    0    0  (Gen:  0)
   521408      4344   4336272  0.001  0.000    3.749    0.606    0    0  (Gen:  0)
   521608      4384   4336584  0.001  0.000    3.750    0.606    0    0  (Gen:  0)
   521504      7680   4340120  0.001  0.000    3.751    0.607    0    0  (Gen:  0)
   521624      5928   4340192  0.000  0.000    3.752    0.607    0    0  (Gen:  0)
   521728      4192   4340184  0.000  0.000    3.752    0.607    0    0  (Gen:  0)
   521608      4168   4340192  0.016  0.001    3.769    0.608    0    0  (Gen:  0)
   521552      4232   4340288  0.001  0.000    3.771    0.609    0    0  (Gen:  0)
   521568      4048   4340120  0.002  0.000    3.774    0.609    0    0  (Gen:  0)
   521760      4408   4340496  0.000  0.000    3.775    0.609    0    0  (Gen:  0)
   521712      4200   4340352  0.000  0.000    3.776    0.610    0    0  (Gen:  0)
   521752      3824   4340064  0.000  0.000    3.776    0.610    0    0  (Gen:  0)
   521800      4168   4340424  0.000  0.000    3.777    0.610    0    0  (Gen:  0)
   521792      3992   4340296  0.000  0.000    3.777    0.610    0    0  (Gen:  0)
   521672      6016   4342336  0.000  0.000    3.778    0.610    0    0  (Gen:  0)
   521648      5816   4342200  0.001  0.000    3.780    0.610    0    0  (Gen:  0)
   521384      4152   4342456  0.001  0.000    3.782    0.611    0    0  (Gen:  0)
   521424      4064   4342400  0.001  0.000    3.784    0.611    0    0  (Gen:  0)
   521728      4120   4342488  0.000  0.000    3.785    0.611    0    0  (Gen:  0)
   521496      3992   4342376  0.000  0.000    3.785    0.611    0    0  (Gen:  0)
   521656      4312   4342712  0.000  0.000    3.786    0.611    0    0  (Gen:  0)
   521592      4168   4342632  0.000  0.000    3.786    0.611    0    0  (Gen:  0)
   521984      4064   4342616  0.000  0.000    3.787    0.612    0    0  (Gen:  0)
   521552      4048   4342632  0.000  0.000    3.787    0.612    0    0  (Gen:  0)
   521912      4096   4342768  0.000  0.000    3.788    0.612    0    0  (Gen:  0)
   521392      6808   4345512  0.000  0.000    3.789    0.612    0    0  (Gen:  0)
   521552      6584   4345352  0.001  0.000    3.790    0.612    0    0  (Gen:  0)
   521592      4016   4345296  0.000  0.000    3.790    0.612    0    0  (Gen:  0)
   521552      4248   4345544  0.000  0.000    3.791    0.612    0    0  (Gen:  0)
   521408      4008   4345352  0.000  0.000    3.791    0.613    0    0  (Gen:  0)
   521720      4536   4345896  0.000  0.000    3.792    0.613    0    0  (Gen:  0)
   521656      4064   4345696  0.000  0.000    3.792    0.613    0    0  (Gen:  0)
   521544      4080   4345872  0.000  0.000    3.793    0.613    0    0  (Gen:  0)
   521496      4408   4346232  0.000  0.000    3.793    0.613    0    0  (Gen:  0)
   521672      4152   4346232  0.000  0.000    3.794    0.613    0    0  (Gen:  0)
   521648      4360   4346680  0.000  0.000    3.795    0.613    0    0  (Gen:  0)
   521560      7800   4350520  0.000  0.000    3.795    0.614    0    0  (Gen:  0)
   521752      5760   4350160  0.000  0.000    3.796    0.614    0    0  (Gen:  0)
   521648      4264   4350584  0.000  0.000    3.796    0.614    0    0  (Gen:  0)
   521416      4048   4350400  0.000  0.000    3.797    0.614    0    0  (Gen:  0)
   521344      4032   4350472  0.000  0.000    3.798    0.614    0    0  (Gen:  0)
   521776      5968   4352440  0.000  0.000    3.798    0.614    0    0  (Gen:  0)
   521880      4056   4352208  0.000  0.000    3.799    0.614    0    0  (Gen:  0)
   521680      3992   4352232  0.000  0.000    3.799    0.614    0    0  (Gen:  0)
   521776      4184   4352440  0.000  0.000    3.800    0.614    0    0  (Gen:  0)
   521216      4232   4352536  0.000  0.000    3.800    0.615    0    0  (Gen:  0)
   521432      6320   4354640  0.000  0.000    3.801    0.615    0    0  (Gen:  0)
   521808      6368   4354752  0.000  0.000    3.802    0.615    0    0  (Gen:  0)
   521400      4168   4354944  0.000  0.000    3.802    0.615    0    0  (Gen:  0)
   521616      5640   4356672  0.000  0.000    3.803    0.615    0    0  (Gen:  0)
   521744      3904   4356544  0.000  0.000    3.803    0.615    0    0  (Gen:  0)
   521776      4136   4356864  0.000  0.000    3.804    0.615    0    0  (Gen:  0)
   521600      4184   4356944  0.000  0.000    3.804    0.615    0    0  (Gen:  0)
   521640      4032   4356840  0.000  0.000    3.805    0.616    0    0  (Gen:  0)
   521784      3976   4356872  0.000  0.000    3.805    0.616    0    0  (Gen:  0)
   521824      4088   4357000  0.001  0.000    3.807    0.616    0    0  (Gen:  0)
   521800      4136   4357096  0.000  0.000    3.808    0.616    0    0  (Gen:  0)
   521424      6280   4359256  0.000  0.000    3.808    0.616    0    0  (Gen:  0)
   521792      6008   4359048  0.000  0.000    3.809    0.616    0    0  (Gen:  0)
   521688      4120   4359288  0.000  0.000    3.809    0.616    0    0  (Gen:  0)
   521560      4144   4359344  0.000  0.000    3.810    0.617    0    0  (Gen:  0)
   521440      4104   4359336  0.000  0.000    3.810    0.617    0    0  (Gen:  0)
   521728      4104   4359352  0.000  0.000    3.811    0.617    0    0  (Gen:  0)
   521568      5992   4361256  0.000  0.000    3.812    0.617    0    0  (Gen:  0)
   521248      4016   4361112  0.000  0.000    3.812    0.617    0    0  (Gen:  0)
   521576      4320   4361504  0.000  0.000    3.813    0.617    0    0  (Gen:  0)
   521728      4176   4361392  0.000  0.000    3.813    0.617    0    0  (Gen:  0)
   521744      4088   4361392  0.000  0.000    3.814    0.617    0    0  (Gen:  0)
   521624      6496   4363832  0.000  0.000    3.814    0.617    0    0  (Gen:  0)
   521624      6504   4363904  0.000  0.000    3.815    0.618    0    0  (Gen:  0)
   521592      4080   4363824  0.000  0.000    3.816    0.618    0    0  (Gen:  0)
   521608      4280   4364040  0.000  0.000    3.816    0.618    0    0  (Gen:  0)
   521432      4064   4363872  0.000  0.000    3.817    0.618    0    0  (Gen:  0)
   521680      4576   4364400  0.000  0.000    3.817    0.618    0    0  (Gen:  0)
   521664      4192   4364288  0.000  0.000    3.818    0.618    0    0  (Gen:  0)
   521592      4120   4364376  0.000  0.000    3.818    0.618    0    0  (Gen:  0)
   521360      4504   4364792  0.004  0.000    3.822    0.619    0    0  (Gen:  0)
   521776      4424   4364968  0.000  0.000    3.823    0.619    0    0  (Gen:  0)
   521672      4360   4365144  0.000  0.000    3.823    0.619    0    0  (Gen:  0)
   521360      7816   4369000  0.000  0.000    3.824    0.619    0    0  (Gen:  0)
   521760      6312   4368856  0.000  0.000    3.824    0.619    0    0  (Gen:  0)
   521768      4224   4368952  0.000  0.000    3.825    0.619    0    0  (Gen:  0)
   521528      4152   4368912  0.000  0.000    3.826    0.619    0    0  (Gen:  0)
   521424      4232   4369080  0.000  0.000    3.826    0.620    0    0  (Gen:  0)
   521640      6320   4371200  0.000  0.000    3.827    0.620    0    0  (Gen:  0)
   521656      3824   4370680  0.000  0.000    3.827    0.620    0    0  (Gen:  0)
   521528      3928   4370872  0.000  0.000    3.828    0.620    0    0  (Gen:  0)
   521768      4016   4370976  0.001  0.000    3.829    0.620    0    0  (Gen:  0)
   521736      4064   4371072  0.000  0.000    3.830    0.620    0    0  (Gen:  0)
   521664      3992   4371016  0.004  0.000    3.835    0.621    0    0  (Gen:  0)
   521568      6480   4373520  0.001  0.000    3.836    0.621    0    0  (Gen:  0)
   521480      6304   4373424  0.000  0.000    3.837    0.621    0    0  (Gen:  0)
   521600      4136   4373592  0.000  0.000    3.838    0.621    0    0  (Gen:  0)
   521512      4080   4373568  0.000  0.000    3.838    0.621    0    0  (Gen:  0)
   521592      4096   4373672  0.000  0.000    3.839    0.622    0    0  (Gen:  0)
   521504      6176   4375784  0.000  0.000    3.839    0.622    0    0  (Gen:  0)
   521576      4208   4375928  0.000  0.000    3.840    0.622    0    0  (Gen:  0)
   521520      3912   4375720  0.000  0.000    3.841    0.622    0    0  (Gen:  0)
   521568      4208   4376032  0.000  0.000    3.841    0.622    0    0  (Gen:  0)
   521736      4136   4376008  0.000  0.000    3.842    0.622    0    0  (Gen:  0)
   521568      6816   4378704  0.000  0.000    3.842    0.622    0    0  (Gen:  0)
   521584      6528   4378480  0.000  0.000    3.843    0.622    0    0  (Gen:  0)
   521584      4064   4378584  0.000  0.000    3.843    0.623    0    0  (Gen:  0)
   521400      4376   4378928  0.000  0.000    3.844    0.623    0    0  (Gen:  0)
   521216      4064   4378648  0.001  0.000    3.846    0.623    0    0  (Gen:  0)
   521544      3992   4378592  0.001  0.000    3.847    0.623    0    0  (Gen:  0)
   521736      4304   4378920  0.001  0.000    3.849    0.623    0    0  (Gen:  0)
   521760      4128   4379032  0.001  0.000    3.850    0.624    0    0  (Gen:  0)
   521648      4544   4379536  0.001  0.000    3.852    0.624    0    0  (Gen:  0)
   521536      4088   4379336  0.001  0.000    3.853    0.624    0    0  (Gen:  0)
   521536      4464   4379800  0.000  0.000    3.854    0.624    0    0  (Gen:  0)
   521440      7328   4383080  0.000  0.000    3.855    0.624    0    0  (Gen:  0)
   521736      5744   4383160  0.000  0.000    3.855    0.624    0    0  (Gen:  0)
   521760      3992   4383064  0.000  0.000    3.856    0.625    0    0  (Gen:  0)
   521424      4048   4383136  0.000  0.000    3.856    0.625    0    0  (Gen:  0)
   521608      4112   4383248  0.000  0.000    3.857    0.625    0    0  (Gen:  0)
   521608      4408   4383560  0.000  0.000    3.857    0.625    0    0  (Gen:  0)
   521872      4136   4383336  0.000  0.000    3.858    0.625    0    0  (Gen:  0)
   521568      4176   4383536  0.000  0.000    3.859    0.625    0    0  (Gen:  0)
   521920      4248   4383640  0.000  0.000    3.859    0.625    0    0  (Gen:  0)
   521728      4056   4383480  0.000  0.000    3.860    0.625    0    0  (Gen:  0)
   521784      4120   4383560  0.000  0.000    3.860    0.625    0    0  (Gen:  0)
   521600      6048   4385504  0.000  0.000    3.861    0.626    0    0  (Gen:  0)
   521544      5912   4385448  0.000  0.000    3.861    0.626    0    0  (Gen:  0)
   521536      3992   4385376  0.000  0.000    3.862    0.626    0    0  (Gen:  0)
   521472      4080   4385480  0.000  0.000    3.863    0.626    0    0  (Gen:  0)
   521496      3816   4385264  0.000  0.000    3.863    0.626    0    0  (Gen:  0)
   521632      4224   4385688  0.000  0.000    3.864    0.626    0    0  (Gen:  0)
   521736      4152   4385664  0.000  0.000    3.864    0.626    0    0  (Gen:  0)
   521584      4080   4385752  0.000  0.000    3.865    0.626    0    0  (Gen:  0)
   521880      4192   4385896  0.000  0.000    3.865    0.627    0    0  (Gen:  0)
   521800      4176   4385912  0.000  0.000    3.866    0.627    0    0  (Gen:  0)
   521544      3728   4385480  0.000  0.000    3.866    0.627    0    0  (Gen:  0)
   521632      6680   4388448  0.000  0.000    3.867    0.627    0    0  (Gen:  0)
   521448      6592   4388440  0.000  0.000    3.868    0.627    0    0  (Gen:  0)
   521544      4152   4388512  0.000  0.000    3.868    0.627    0    0  (Gen:  0)
   521680      4096   4388488  0.000  0.000    3.869    0.627    0    0  (Gen:  0)
   521416      4168   4388648  0.000  0.000    3.869    0.627    0    0  (Gen:  0)
   521616      4504   4389016  0.000  0.000    3.870    0.628    0    0  (Gen:  0)
   521728      4320   4389104  0.000  0.000    3.871    0.628    0    0  (Gen:  0)
   521352      4088   4388960  0.000  0.000    3.871    0.628    0    0  (Gen:  0)
   521720      4264   4389152  0.000  0.000    3.872    0.628    0    0  (Gen:  0)
   521688      4304   4389464  0.000  0.000    3.872    0.628    0    0  (Gen:  0)
   521336      8440   4393832  0.000  0.000    3.873    0.628    0    0  (Gen:  0)
   521408      6336   4393744  0.000  0.000    3.874    0.628    0    0  (Gen:  0)
   521632      4136   4393904  0.000  0.000    3.874    0.628    0    0  (Gen:  0)
   521752      4248   4394048  0.000  0.000    3.875    0.629    0    0  (Gen:  0)
   521720      4088   4393920  0.000  0.000    3.875    0.629    0    0  (Gen:  0)
   521808      4048   4393896  0.000  0.000    3.876    0.629    0    0  (Gen:  0)
   521440      5800   4395664  0.000  0.000    3.876    0.629    0    0  (Gen:  0)
   521584      4032   4395592  0.000  0.000    3.877    0.629    0    0  (Gen:  0)
   521672      4320   4395968  0.000  0.000    3.878    0.629    0    0  (Gen:  0)
   521712      4064   4395744  0.000  0.000    3.878    0.629    0    0  (Gen:  0)
   521712      4208   4395976  0.000  0.000    3.879    0.629    0    0  (Gen:  0)
   521616      6504   4398304  0.000  0.000    3.879    0.630    0    0  (Gen:  0)
   521552      6592   4398456  0.000  0.000    3.880    0.630    0    0  (Gen:  0)
   521384      4472   4398640  0.000  0.000    3.880    0.630    0    0  (Gen:  0)
   521464      5560   4400128  0.000  0.000    3.881    0.630    0    0  (Gen:  0)
   521552      3984   4399856  0.000  0.000    3.882    0.630    0    0  (Gen:  0)
   521616      3896   4399784  0.000  0.000    3.882    0.630    0    0  (Gen:  0)
   521656      4216   4400120  0.000  0.000    3.883    0.630    0    0  (Gen:  0)
   521488      4096   4400064  0.000  0.000    3.883    0.630    0    0  (Gen:  0)
   521744      4136   4400192  0.000  0.000    3.884    0.630    0    0  (Gen:  0)
   521752      3992   4400080  0.000  0.000    3.884    0.631    0    0  (Gen:  0)
   521752      4048   4400224  0.000  0.000    3.885    0.631    0    0  (Gen:  0)
   521504      6192   4402400  0.000  0.000    3.885    0.631    0    0  (Gen:  0)
   521232      6160   4402432  0.000  0.000    3.886    0.631    0    0  (Gen:  0)
   521472      4064   4402392  0.000  0.000    3.887    0.631    0    0  (Gen:  0)
   521776      4048   4402392  0.000  0.000    3.887    0.631    0    0  (Gen:  0)
   521400      3992   4402384  0.000  0.000    3.888    0.631    0    0  (Gen:  0)
   521576      6008   4404416  0.000  0.000    3.888    0.631    0    0  (Gen:  0)
   521600      4136   4404360  0.000  0.000    3.889    0.632    0    0  (Gen:  0)
   521784      4112   4404496  0.000  0.000    3.889    0.632    0    0  (Gen:  0)
   521544      4104   4404520  0.000  0.000    3.890    0.632    0    0  (Gen:  0)
   521192      4080   4404528  0.000  0.000    3.891    0.632    0    0  (Gen:  0)
   521352      3976   4404440  0.000  0.000    3.891    0.632    0    0  (Gen:  0)
   521712      6568   4407048  0.000  0.000    3.892    0.632    0    0  (Gen:  0)
   521376      6472   4407032  0.000  0.000    3.892    0.632    0    0  (Gen:  0)
   521816      4064   4406968  0.000  0.000    3.893    0.632    0    0  (Gen:  0)
   521368      3936   4406872  0.000  0.000    3.893    0.633    0    0  (Gen:  0)
   521384      4064   4407088  0.000  0.000    3.894    0.633    0    0  (Gen:  0)
   521784      4536   4407592  0.000  0.000    3.895    0.633    0    0  (Gen:  0)
   521192      4304   4407632  0.000  0.000    3.895    0.633    0    0  (Gen:  0)
   521536      4016   4407432  0.000  0.000    3.896    0.633    0    0  (Gen:  0)
   521648      4392   4407824  0.000  0.000    3.896    0.633    0    0  (Gen:  0)
   521864      4288   4407992  0.000  0.000    3.897    0.633    0    0  (Gen:  0)
   521696      7952   4411896  0.000  0.000    3.897    0.633    0    0  (Gen:  0)
   521680      6264   4411872  0.000  0.000    3.898    0.633    0    0  (Gen:  0)
   521416      4168   4412032  0.000  0.000    3.899    0.634    0    0  (Gen:  0)
   521608      4064   4411960  0.000  0.000    3.899    0.634    0    0  (Gen:  0)
   521544      4232   4412160  0.000  0.000    3.900    0.634    0    0  (Gen:  0)
   521616      4080   4412024  0.000  0.000    3.900    0.634    0    0  (Gen:  0)
   521512      6272   4414232  0.000  0.000    3.901    0.634    0    0  (Gen:  0)
   521624      4248   4414200  0.000  0.000    3.901    0.634    0    0  (Gen:  0)
   521872      4208   4414248  0.000  0.000    3.902    0.634    0    0  (Gen:  0)
   521760      4160   4414232  0.000  0.000    3.902    0.634    0    0  (Gen:  0)
   521736      4232   4414392  0.000  0.000    3.903    0.635    0    0  (Gen:  0)
   521536      6488   4416680  0.000  0.000    3.904    0.635    0    0  (Gen:  0)
   521624      6256   4416512  0.001  0.000    3.905    0.635    0    0  (Gen:  0)
   521584      3936   4416600  0.000  0.000    3.906    0.635    0    0  (Gen:  0)
   521360      4208   4416904  0.000  0.000    3.906    0.635    0    0  (Gen:  0)
   521568      3944   4416672  0.000  0.000    3.907    0.635    0    0  (Gen:  0)
   521640      3952   4416696  0.000  0.000    3.907    0.635    0    0  (Gen:  0)
   521232      6336   4419096  0.000  0.000    3.908    0.636    0    0  (Gen:  0)
   521568      4152   4419040  0.000  0.000    3.909    0.636    0    0  (Gen:  0)
   521752      4232   4419208  0.000  0.000    3.909    0.636    0    0  (Gen:  0)
   521640      3952   4418960  0.001  0.000    3.911    0.636    0    0  (Gen:  0)
   521880      4136   4419232  0.001  0.000    3.913    0.636    0    0  (Gen:  0)
   521424      6696   4421824  0.001  0.000    3.915    0.637    0    0  (Gen:  0)
   521224      6552   4421744  0.001  0.000    3.917    0.637    0    0  (Gen:  0)
   521496      4048   4421736  0.001  0.000    3.918    0.637    0    0  (Gen:  0)
   521680      4224   4421928  0.001  0.000    3.920    0.637    0    0  (Gen:  0)
   521480      4120   4421872  0.000  0.000    3.921    0.638    0    0  (Gen:  0)
   521544      4536   4422304  0.000  0.000    3.922    0.638    0    0  (Gen:  0)
   521696      4160   4422200  0.000  0.000    3.923    0.638    0    0  (Gen:  0)
   521616      3800   4422000  0.000  0.000    3.924    0.638    0    0  (Gen:  0)
   521808      4320   4422552  0.000  0.000    3.925    0.638    0    0  (Gen:  0)
   521560      4328   4422816  0.000  0.000    3.925    0.638    0    0  (Gen:  0)
   521416      4336   4423064  0.000  0.000    3.926    0.638    0    0  (Gen:  0)
   521528      7336   4426464  0.000  0.000    3.927    0.639    0    0  (Gen:  0)
   521696      5664   4426312  0.000  0.000    3.928    0.639    0    0  (Gen:  0)
   521704      4264   4426568  0.000  0.000    3.929    0.639    0    0  (Gen:  0)
   521528      4192   4426528  0.000  0.000    3.930    0.639    0    0  (Gen:  0)
   521432      3872   4426296  0.000  0.000    3.930    0.639    0    0  (Gen:  0)
   521512      4272   4426728  0.000  0.000    3.931    0.639    0    0  (Gen:  0)
   521872      4304   4426808  0.000  0.000    3.932    0.639    0    0  (Gen:  0)
   521632      3992   4426584  0.000  0.000    3.933    0.640    0    0  (Gen:  0)
   521792      4264   4426872  0.000  0.000    3.934    0.640    0    0  (Gen:  0)
   521240      4088   4426744  0.000  0.000    3.935    0.640    0    0  (Gen:  0)
   521408      6224   4428896  0.000  0.000    3.936    0.640    0    0  (Gen:  0)
   521632      6064   4428800  0.000  0.000    3.936    0.640    0    0  (Gen:  0)
   521336      3960   4428616  0.000  0.000    3.937    0.640    0    0  (Gen:  0)
   521672      4088   4428776  0.000  0.000    3.938    0.641    0    0  (Gen:  0)
   521560      3928   4428648  0.000  0.000    3.939    0.641    0    0  (Gen:  0)
   521568      4040   4428848  0.000  0.000    3.940    0.641    0    0  (Gen:  0)
   521408      4224   4429064  0.000  0.000    3.941    0.641    0    0  (Gen:  0)
   521560      4104   4428992  0.000  0.000    3.941    0.641    0    0  (Gen:  0)
   521696      3888   4428864  0.000  0.000    3.942    0.641    0    0  (Gen:  0)
   521824      4144   4429136  0.000  0.000    3.943    0.641    0    0  (Gen:  0)
   521784      3984   4429024  0.000  0.000    3.944    0.642    0    0  (Gen:  0)
   521544      6616   4431672  0.000  0.000    3.945    0.642    0    0  (Gen:  0)
   521512      6504   4431624  0.000  0.000    3.946    0.642    0    0  (Gen:  0)
   521592      3920   4431624  0.000  0.000    3.947    0.642    0    0  (Gen:  0)
   521440      4152   4431888  0.000  0.000    3.947    0.642    0    0  (Gen:  0)
   521592      4104   4431872  0.000  0.000    3.948    0.642    0    0  (Gen:  0)
   521496      4032   4431816  0.000  0.000    3.949    0.642    0    0  (Gen:  0)
   521712      4424   4432224  0.000  0.000    3.950    0.643    0    0  (Gen:  0)
   521752      4096   4432184  0.000  0.000    3.951    0.643    0    0  (Gen:  0)
   521280      4560   4432736  0.001  0.000    3.953    0.643    0    0  (Gen:  0)
   521696      4016   4432448  0.001  0.000    3.958    0.644    0    0  (Gen:  0)
   521704      4504   4433024  0.000  0.000    3.958    0.644    0    0  (Gen:  0)
   521520      7824   4436760  0.000  0.000    3.959    0.644    0    0  (Gen:  0)
   521776      5968   4436728  0.000  0.000    3.960    0.644    0    0  (Gen:  0)
   521752      4064   4436744  0.000  0.000    3.960    0.644    0    0  (Gen:  0)
   521360      4208   4436904  0.000  0.000    3.961    0.644    0    0  (Gen:  0)
   521304      3944   4436688  0.000  0.000    3.961    0.644    0    0  (Gen:  0)
   521704      6016   4438776  0.000  0.000    3.962    0.644    0    0  (Gen:  0)
   521816      4088   4438528  0.000  0.000    3.962    0.645    0    0  (Gen:  0)
   521776      4168   4438768  0.000  0.000    3.963    0.645    0    0  (Gen:  0)
   521832      4208   4438840  0.000  0.000    3.963    0.645    0    0  (Gen:  0)
   521256      4128   4438792  0.000  0.000    3.964    0.645    0    0  (Gen:  0)
   521376      3976   4438656  0.000  0.000    3.964    0.645    0    0  (Gen:  0)
   521800      6560   4441256  0.000  0.000    3.965    0.645    0    0  (Gen:  0)
   521464      6392   4441168  0.000  0.000    3.966    0.645    0    0  (Gen:  0)
   521480      5952   4443032  0.000  0.000    3.966    0.645    0    0  (Gen:  0)
   521792      4136   4442824  0.000  0.000    3.967    0.645    0    0  (Gen:  0)
   521752      4192   4442968  0.000  0.000    3.967    0.646    0    0  (Gen:  0)
   521560      4352   4443160  0.000  0.000    3.968    0.646    0    0  (Gen:  0)
   521784      4288   4443144  0.000  0.000    3.968    0.646    0    0  (Gen:  0)
   521656      4232   4443176  0.000  0.000    3.969    0.646    0    0  (Gen:  0)
   521832      4032   4442992  0.000  0.000    3.969    0.646    0    0  (Gen:  0)
   521808      4024   4443032  0.000  0.000    3.970    0.646    0    0  (Gen:  0)
   521544      3952   4442976  0.000  0.000    3.970    0.646    0    0  (Gen:  0)
   521608      6296   4445336  0.000  0.000    3.971    0.646    0    0  (Gen:  0)
   521760      6072   4445192  0.000  0.000    3.972    0.647    0    0  (Gen:  0)
   521584      4168   4445344  0.000  0.000    3.972    0.647    0    0  (Gen:  0)
   521624      4008   4445216  0.000  0.000    3.973    0.647    0    0  (Gen:  0)
   521520      4120   4445416  0.000  0.000    3.973    0.647    0    0  (Gen:  0)
   521784      6048   4447376  0.000  0.000    3.974    0.647    0    0  (Gen:  0)
   521200      4056   4447200  0.000  0.000    3.974    0.647    0    0  (Gen:  0)
   521528      3984   4447216  0.000  0.000    3.975    0.647    0    0  (Gen:  0)
   521568      4200   4447448  0.000  0.000    3.975    0.647    0    0  (Gen:  0)
   521872      4176   4447472  0.000  0.000    3.976    0.647    0    0  (Gen:  0)
   521704      6520   4449832  0.000  0.000    3.976    0.648    0    0  (Gen:  0)
   521496      6448   4449824  0.000  0.000    3.977    0.648    0    0  (Gen:  0)
   521608      4040   4449832  0.000  0.000    3.977    0.648    0    0  (Gen:  0)
   521552      4208   4450032  0.000  0.000    3.978    0.648    0    0  (Gen:  0)
   521592      4160   4450016  0.000  0.000    3.979    0.648    0    0  (Gen:  0)
   521496      4088   4449960  0.000  0.000    3.979    0.648    0    0  (Gen:  0)
   521648      4416   4450304  0.000  0.000    3.980    0.648    0    0  (Gen:  0)
   521744      4080   4450256  0.000  0.000    3.980    0.648    0    0  (Gen:  0)
   521304      4432   4450696  0.000  0.000    3.981    0.649    0    0  (Gen:  0)
   521728      4064   4450584  0.000  0.000    3.981    0.649    0    0  (Gen:  0)
   521704      4448   4451056  0.000  0.000    3.982    0.649    0    0  (Gen:  0)
   521408      7880   4454904  0.000  0.000    3.982    0.649    0    0  (Gen:  0)
   521776      6240   4454768  0.000  0.000    3.983    0.649    0    0  (Gen:  0)
   521704      4064   4454776  0.000  0.000    3.983    0.649    0    0  (Gen:  0)
   521592      4208   4454936  0.000  0.000    3.984    0.649    0    0  (Gen:  0)
   521376      4144   4454920  0.000  0.000    3.984    0.649    0    0  (Gen:  0)
   521624      6264   4457056  0.000  0.000    3.985    0.649    0    0  (Gen:  0)
   521664      4112   4456880  0.000  0.000    3.986    0.650    0    0  (Gen:  0)
   521384      4208   4457136  0.000  0.000    3.986    0.650    0    0  (Gen:  0)
   521776      4248   4457208  0.000  0.000    3.987    0.650    0    0  (Gen:  0)
   521880      3984   4456976  0.000  0.000    3.987    0.650    0    0  (Gen:  0)
   521688      4096   4457104  0.000  0.000    3.988    0.650    0    0  (Gen:  0)
   521440      6704   4459728  0.000  0.000    3.988    0.650    0    0  (Gen:  0)
   521456      6536   4459640  0.000  0.000    3.989    0.650    0    0  (Gen:  0)
   521784      3912   4459352  0.000  0.000    3.989    0.650    0    0  (Gen:  0)
   521400      3920   4459392  0.000  0.000    3.990    0.651    0    0  (Gen:  0)
   521568      4000   4459560  0.000  0.000    3.990    0.651    0    0  (Gen:  0)
   521584      6336   4461928  0.000  0.000    3.991    0.651    0    0  (Gen:  0)
   521624      4192   4461896  0.000  0.000    3.992    0.651    0    0  (Gen:  0)
   521424      3952   4461816  0.000  0.000    3.992    0.651    0    0  (Gen:  0)
   521552      4136   4462032  0.000  0.000    3.993    0.651    0    0  (Gen:  0)
   521768      4096   4462024  0.000  0.000    3.993    0.651    0    0  (Gen:  0)
   521680      3816   4461760  0.000  0.000    3.994    0.651    0    0  (Gen:  0)
   521496      6640   4464600  0.000  0.000    3.994    0.651    0    0  (Gen:  0)
   521728      6528   4464568  0.000  0.000    3.995    0.652    0    0  (Gen:  0)
   521304      4320   4464856  0.000  0.000    3.995    0.652    0    0  (Gen:  0)
   521224      3992   4464560  0.000  0.000    3.996    0.652    0    0  (Gen:  0)
   521440      3976   4464632  0.000  0.000    3.996    0.652    0    0  (Gen:  0)
   521704      4480   4465168  0.000  0.000    3.997    0.652    0    0  (Gen:  0)
   521752      4248   4465208  0.000  0.000    3.997    0.652    0    0  (Gen:  0)
   521728      4048   4465096  0.000  0.000    3.998    0.652    0    0  (Gen:  0)
   521472      4272   4465336  0.000  0.000    3.998    0.652    0    0  (Gen:  0)
   521576      4344   4465680  0.000  0.000    3.999    0.653    0    0  (Gen:  0)
   521536      7584   4469160  0.000  0.000    4.000    0.653    0    0  (Gen:  0)
   521600      5704   4469104  0.000  0.000    4.000    0.653    0    0  (Gen:  0)
   521784      4112   4469240  0.000  0.000    4.001    0.653    0    0  (Gen:  0)
   521480      3960   4469120  0.000  0.000    4.001    0.653    0    0  (Gen:  0)
   521576      4136   4469328  0.000  0.000    4.002    0.653    0    0  (Gen:  0)
   521624      3992   4469200  0.000  0.000    4.002    0.653    0    0  (Gen:  0)
   521752      4312   4469536  0.000  0.000    4.003    0.653    0    0  (Gen:  0)
   521696      4264   4469552  0.000  0.000    4.003    0.653    0    0  (Gen:  0)
   521904      4352   4469728  0.000  0.000    4.004    0.654    0    0  (Gen:  0)
   521680      4000   4469408  0.000  0.000    4.004    0.654    0    0  (Gen:  0)
   521760      4128   4469624  0.000  0.000    4.005    0.654    0    0  (Gen:  0)
   521688      6168   4471696  0.000  0.000    4.006    0.654    0    0  (Gen:  0)
   521632      5992   4471584  0.000  0.000    4.006    0.654    0    0  (Gen:  0)
   521368      4048   4471488  0.000  0.000    4.007    0.654    0    0  (Gen:  0)
   521528      4392   4471848  0.000  0.000    4.007    0.654    0    0  (Gen:  0)
   521600      4104   4471608  0.000  0.000    4.008    0.654    0    0  (Gen:  0)
   521624      4464   4471984  0.000  0.000    4.008    0.655    0    0  (Gen:  0)
   521600      4128   4471696  0.000  0.000    4.009    0.655    0    0  (Gen:  0)
   521600      3984   4471712  0.000  0.000    4.009    0.655    0    0  (Gen:  0)
   521896      4024   4471784  0.000  0.000    4.010    0.655    0    0  (Gen:  0)
   521736      3968   4471760  0.000  0.000    4.010    0.655    0    0  (Gen:  0)
   521800      4040   4471920  0.000  0.000    4.011    0.655    0    0  (Gen:  0)
   521320      6680   4474592  0.000  0.000    4.011    0.655    0    0  (Gen:  0)
   521576      6528   4474504  0.000  0.000    4.012    0.655    0    0  (Gen:  0)
   521640      3960   4474448  0.000  0.000    4.012    0.655    0    0  (Gen:  0)
   521544      4152   4474656  0.000  0.000    4.013    0.656    0    0  (Gen:  0)
   521344      4120   4474672  0.000  0.000    4.014    0.656    0    0  (Gen:  0)
   521840      4456   4475024  0.000  0.000    4.014    0.656    0    0  (Gen:  0)
   521552      4008   4474848  0.000  0.000    4.015    0.656    0    0  (Gen:  0)
   521576      4096   4475096  0.000  0.000    4.015    0.656    0    0  (Gen:  0)
   521552      4264   4475296  0.000  0.000    4.016    0.656    0    0  (Gen:  0)
   521632      4360   4475648  0.000  0.000    4.016    0.656    0    0  (Gen:  0)
   521576      4560   4476088  0.000  0.000    4.017    0.656    0    0  (Gen:  0)
   521624      7600   4479688  0.001  0.000    4.018    0.657    0    0  (Gen:  0)
   521800      6096   4479704  0.000  0.000    4.019    0.657    0    0  (Gen:  0)
   521576      4216   4479744  0.000  0.000    4.019    0.657    0    0  (Gen:  0)
   521392      4008   4479568  0.000  0.000    4.020    0.657    0    0  (Gen:  0)
   521392      3992   4479640  0.000  0.000    4.021    0.657    0    0  (Gen:  0)
   521784      5872   4481552  0.000  0.000    4.021    0.657    0    0  (Gen:  0)
   521912      4120   4481480  0.000  0.000    4.022    0.657    0    0  (Gen:  0)
   521648      4032   4481480  0.000  0.000    4.022    0.657    0    0  (Gen:  0)
   521712      4144   4481608  0.000  0.000    4.023    0.658    0    0  (Gen:  0)
   521288      4048   4481560  0.000  0.000    4.023    0.658    0    0  (Gen:  0)
   521448      6672   4484200  0.000  0.000    4.024    0.658    0    0  (Gen:  0)
   521744      6480   4484072  0.000  0.000    4.024    0.658    0    0  (Gen:  0)
   521400      4464   4484448  0.000  0.000    4.025    0.658    0    0  (Gen:  0)
   521688      5624   4486024  0.000  0.000    4.025    0.658    0    0  (Gen:  0)
   521768      4176   4486024  0.000  0.000    4.026    0.658    0    0  (Gen:  0)
   521784      4048   4485912  0.000  0.000    4.026    0.658    0    0  (Gen:  0)
   521480      4352   4486232  0.000  0.000    4.027    0.659    0    0  (Gen:  0)
   521704      4152   4486096  0.000  0.000    4.028    0.659    0    0  (Gen:  0)
   521840      4376   4486408  0.000  0.000    4.028    0.659    0    0  (Gen:  0)
   521792      4136   4486200  0.024  0.002    4.052    0.661    0    0  (Gen:  0)
   521752      4192   4486344  0.000  0.000    4.053    0.661    0    0  (Gen:  0)
   521424      6216   4488400  0.000  0.000    4.054    0.661    0    0  (Gen:  0)
   521816      5952   4488200  0.000  0.000    4.054    0.661    0    0  (Gen:  0)
   521672      4080   4488456  0.000  0.000    4.055    0.662    0    0  (Gen:  0)
   521488      4096   4488504  0.000  0.000    4.055    0.662    0    0  (Gen:  0)
   521544      4008   4488448  0.000  0.000    4.056    0.662    0    0  (Gen:  0)
   521712      3920   4488376  0.000  0.000    4.056    0.662    0    0  (Gen:  0)
   521552      5952   4490424  0.000  0.000    4.057    0.662    0    0  (Gen:  0)
   521248      3976   4490280  0.000  0.000    4.057    0.662    0    0  (Gen:  0)
   521568      4264   4490656  0.000  0.000    4.058    0.662    0    0  (Gen:  0)
   521800      4040   4490464  0.000  0.000    4.059    0.662    0    0  (Gen:  0)
   521792      4168   4490680  0.000  0.000    4.059    0.663    0    0  (Gen:  0)
   521480      6440   4492984  0.000  0.000    4.060    0.663    0    0  (Gen:  0)
   521688      6432   4493040  0.000  0.000    4.060    0.663    0    0  (Gen:  0)
   521544      4032   4492984  0.000  0.000    4.061    0.663    0    0  (Gen:  0)
   521640      4224   4493192  0.000  0.000    4.061    0.663    0    0  (Gen:  0)
   521360      4048   4493064  0.000  0.000    4.062    0.663    0    0  (Gen:  0)
   521752      4520   4493552  0.000  0.000    4.062    0.663    0    0  (Gen:  0)
   521600      4192   4493496  0.000  0.000    4.063    0.663    0    0  (Gen:  0)
   521576      4048   4493512  0.000  0.000    4.063    0.663    0    0  (Gen:  0)
   521560      4352   4493848  0.000  0.000    4.064    0.664    0    0  (Gen:  0)
   521608      4440   4494192  0.000  0.000    4.065    0.664    0    0  (Gen:  0)
   521616      4632   4494624  0.000  0.000    4.065    0.664    0    0  (Gen:  0)
   521472      7416   4497968  0.000  0.000    4.066    0.664    0    0  (Gen:  0)
   521840      6216   4497968  0.000  0.000    4.066    0.664    0    0  (Gen:  0)
   521632      4248   4498184  0.001  0.000    4.068    0.664    0    0  (Gen:  0)
   521584      3968   4497936  0.001  0.000    4.069    0.664    0    0  (Gen:  0)
   521432      4136   4498192  0.001  0.000    4.070    0.665    0    0  (Gen:  0)
   521600      6240   4500328  0.001  0.000    4.071    0.665    0    0  (Gen:  0)
   521568      4232   4500296  0.001  0.000    4.073    0.665    0    0  (Gen:  0)
   521672      4192   4500344  0.001  0.000    4.074    0.665    0    0  (Gen:  0)
   521680      4224   4500392  0.001  0.000    4.075    0.665    0    0  (Gen:  0)
   521800      4136   4500352  0.001  0.000    4.077    0.666    0    0  (Gen:  0)
   521624      6648   4502880  0.000  0.000    4.077    0.666    0    0  (Gen:  0)
   521576      6440   4502736  0.000  0.000    4.078    0.666    0    0  (Gen:  0)
   521464      4192   4502896  0.000  0.000    4.078    0.666    0    0  (Gen:  0)
   521608      4168   4502904  0.000  0.000    4.079    0.666    0    0  (Gen:  0)
   521552      4232   4503000  0.000  0.000    4.079    0.666    0    0  (Gen:  0)
   521568      4048   4502832  0.000  0.000    4.080    0.666    0    0  (Gen:  0)
   521560      5952   4504752  0.000  0.000    4.081    0.667    0    0  (Gen:  0)
   521512      4080   4505008  0.000  0.000    4.081    0.667    0    0  (Gen:  0)
   521560      3840   4504856  0.000  0.000    4.082    0.667    0    0  (Gen:  0)
   521552      4152   4505184  0.000  0.000    4.082    0.667    0    0  (Gen:  0)
   521776      3992   4505072  0.000  0.000    4.083    0.667    0    0  (Gen:  0)
   521512      6776   4507872  0.000  0.000    4.083    0.667    0    0  (Gen:  0)
   521600      6472   4507632  0.000  0.000    4.084    0.667    0    0  (Gen:  0)
   521584      4008   4507736  0.000  0.000    4.084    0.667    0    0  (Gen:  0)
   521448      4152   4507912  0.000  0.000    4.085    0.668    0    0  (Gen:  0)
   521192      4160   4507952  0.000  0.000    4.085    0.668    0    0  (Gen:  0)
   521480      3944   4507752  0.000  0.000    4.086    0.668    0    0  (Gen:  0)
   521760      4496   4508320  0.000  0.000    4.086    0.668    0    0  (Gen:  0)
   521800      4168   4508280  0.000  0.000    4.087    0.668    0    0  (Gen:  0)
   521624      4488   4508688  0.000  0.000    4.088    0.668    0    0  (Gen:  0)
   521480      4136   4508592  0.001  0.000    4.089    0.668    0    0  (Gen:  0)
   521576      4576   4509120  0.001  0.000    4.090    0.668    0    0  (Gen:  0)
   521448      7480   4512440  0.001  0.000    4.091    0.669    0    0  (Gen:  0)
   521768      5840   4512464  0.001  0.000    4.093    0.669    0    0  (Gen:  0)
   521728      3896   4512176  0.001  0.000    4.094    0.669    0    0  (Gen:  0)
   521504      4040   4512336  0.001  0.000    4.095    0.669    0    0  (Gen:  0)
   521488      4080   4512424  0.001  0.000    4.097    0.669    0    0  (Gen:  0)
   521632      4280   4512640  0.001  0.000    4.098    0.670    0    0  (Gen:  0)
   521904      4168   4512576  0.000  0.000    4.098    0.670    0    0  (Gen:  0)
   521576      4104   4512672  0.000  0.000    4.099    0.670    0    0  (Gen:  0)
   521944      4152   4512752  0.000  0.000    4.099    0.670    0    0  (Gen:  0)
   521720      4016   4512648  0.000  0.000    4.100    0.670    0    0  (Gen:  0)
   521688      4024   4512672  0.000  0.000    4.100    0.670    0    0  (Gen:  0)
   521752      6048   4514712  0.000  0.000    4.101    0.670    0    0  (Gen:  0)
   521408      5880   4514624  0.000  0.000    4.101    0.670    0    0  (Gen:  0)
   521576      4224   4514816  0.000  0.000    4.102    0.671    0    0  (Gen:  0)
   521504      4096   4514720  0.000  0.000    4.102    0.671    0    0  (Gen:  0)
   521456      4120   4514832  0.000  0.000    4.103    0.671    0    0  (Gen:  0)
   521592      4352   4515096  0.000  0.000    4.103    0.671    0    0  (Gen:  0)
   521824      4144   4514936  0.000  0.000    4.104    0.671    0    0  (Gen:  0)
   521576      4016   4514896  0.000  0.000    4.105    0.671    0    0  (Gen:  0)
   521912      4296   4515192  0.000  0.000    4.105    0.671    0    0  (Gen:  0)
   521712      4176   4515120  0.000  0.000    4.106    0.671    0    0  (Gen:  0)
   521624      5688   4516648  0.000  0.000    4.106    0.672    0    0  (Gen:  0)
   521504      6560   4517584  0.000  0.000    4.107    0.672    0    0  (Gen:  0)
   521480      5104   4517584  0.000  0.000    4.107    0.672    0    0  (Gen:  0)
   521600      4184   4517720  0.000  0.000    4.108    0.672    0    0  (Gen:  0)
   521624      4120   4517688  0.000  0.000    4.108    0.672    0    0  (Gen:  0)
   521424      3952   4517608  0.000  0.000    4.109    0.672    0    0  (Gen:  0)
   521680      4448   4518136  0.000  0.000    4.109    0.672    0    0  (Gen:  0)
   521776      4016   4517976  0.000  0.000    4.110    0.672    0    0  (Gen:  0)
   521256      4008   4518056  0.000  0.000    4.111    0.673    0    0  (Gen:  0)
   521776      4504   4518568  0.000  0.000    4.111    0.673    0    0  (Gen:  0)
   521744      4240   4518576  0.000  0.000    4.112    0.673    0    0  (Gen:  0)
   521392      7960   4522536  0.000  0.000    4.112    0.673    0    0  (Gen:  0)
   521792      6008   4522568  0.000  0.000    4.113    0.673    0    0  (Gen:  0)
   521776      3984   4522536  0.000  0.000    4.114    0.673    0    0  (Gen:  0)
   521552      4112   4522696  0.000  0.000    4.114    0.673    0    0  (Gen:  0)
   521192      4120   4522736  0.000  0.000    4.115    0.673    0    0  (Gen:  0)
   521544      4048   4522680  0.000  0.000    4.115    0.674    0    0  (Gen:  0)
   521840      5944   4524592  0.000  0.000    4.116    0.674    0    0  (Gen:  0)
   521760      4104   4524448  0.000  0.000    4.116    0.674    0    0  (Gen:  0)
   521888      4064   4524496  0.000  0.000    4.117    0.674    0    0  (Gen:  0)
   521368      3936   4524400  0.000  0.000    4.117    0.674    0    0  (Gen:  0)
   521384      4064   4524616  0.000  0.000    4.118    0.674    0    0  (Gen:  0)
   521656      6440   4527024  0.000  0.000    4.118    0.674    0    0  (Gen:  0)
   521576      6408   4527056  0.000  0.000    4.119    0.674    0    0  (Gen:  0)
   521360      4360   4527312  0.000  0.000    4.120    0.675    0    0  (Gen:  0)
   521824      5512   4528864  0.000  0.000    4.120    0.675    0    0  (Gen:  0)
   521664      4192   4528848  0.000  0.000    4.121    0.675    0    0  (Gen:  0)
   521792      4160   4528832  0.000  0.000    4.121    0.675    0    0  (Gen:  0)
   521624      4152   4528872  0.000  0.000    4.122    0.675    0    0  (Gen:  0)
   521568      4096   4528976  0.000  0.000    4.122    0.675    0    0  (Gen:  0)
   521928      4208   4529120  0.000  0.000    4.123    0.675    0    0  (Gen:  0)
   521768      4176   4529120  0.000  0.000    4.123    0.675    0    0  (Gen:  0)
   521744      4032   4528992  0.000  0.000    4.124    0.675    0    0  (Gen:  0)
   521424      6296   4531272  0.000  0.000    4.124    0.676    0    0  (Gen:  0)
   521768      6200   4531256  0.001  0.000    4.126    0.676    0    0  (Gen:  0)
   521736      4224   4531336  0.000  0.000    4.127    0.676    0    0  (Gen:  0)
   521544      4136   4531280  0.000  0.000    4.127    0.676    0    0  (Gen:  0)
   521408      4232   4531464  0.001  0.000    4.128    0.676    0    0  (Gen:  0)
   521856      5936   4533200  0.001  0.000    4.130    0.677    0    0  (Gen:  0)
   521280      4096   4533176  0.001  0.000    4.131    0.677    0    0  (Gen:  0)
   521432      3920   4533160  0.001  0.000    4.132    0.677    0    0  (Gen:  0)
   521592      4096   4533368  0.001  0.000    4.133    0.677    0    0  (Gen:  0)
   521784      4096   4533400  0.001  0.000    4.134    0.677    0    0  (Gen:  0)
   521696      4064   4533384  0.001  0.000    4.135    0.677    0    0  (Gen:  0)
   521568      6584   4535920  0.001  0.000    4.137    0.678    0    0  (Gen:  0)
   521496      6320   4535736  0.000  0.000    4.137    0.678    0    0  (Gen:  0)
   521584      4208   4535968  0.000  0.000    4.138    0.678    0    0  (Gen:  0)
   521704      4136   4535928  0.000  0.000    4.138    0.678    0    0  (Gen:  0)
   521472      4024   4535904  0.000  0.000    4.139    0.678    0    0  (Gen:  0)
   521640      4408   4536320  0.000  0.000    4.139    0.678    0    0  (Gen:  0)
   521832      4304   4536488  0.000  0.000    4.140    0.678    0    0  (Gen:  0)
   521224      3920   4536192  0.000  0.000    4.141    0.679    0    0  (Gen:  0)
   521784      4408   4536696  0.000  0.000    4.141    0.679    0    0  (Gen:  0)
   521696      4288   4536848  0.000  0.000    4.142    0.679    0    0  (Gen:  0)
   521328      8120   4540920  0.000  0.000    4.142    0.679    0    0  (Gen:  0)
   521728      6344   4540808  0.000  0.000    4.143    0.679    0    0  (Gen:  0)
   521744      4088   4540808  0.000  0.000    4.144    0.679    0    0  (Gen:  0)
   521600      4080   4540832  0.000  0.000    4.144    0.679    0    0  (Gen:  0)
   521584      4096   4540880  0.000  0.000    4.145    0.679    0    0  (Gen:  0)
   521400      3992   4540792  0.000  0.000    4.145    0.680    0    0  (Gen:  0)
   521680      6240   4543056  0.000  0.000    4.146    0.680    0    0  (Gen:  0)
   521472      4040   4542848  0.000  0.000    4.146    0.680    0    0  (Gen:  0)
   521680      4320   4543216  0.000  0.000    4.147    0.680    0    0  (Gen:  0)
   521856      4120   4543048  0.000  0.000    4.147    0.680    0    0  (Gen:  0)
   521752      4176   4543192  0.000  0.000    4.148    0.680    0    0  (Gen:  0)
   521440      6296   4545344  0.000  0.000    4.149    0.680    0    0  (Gen:  0)
   521664      6456   4545568  0.000  0.000    4.149    0.680    0    0  (Gen:  0)
   521568      3992   4545440  0.000  0.000    4.150    0.681    0    0  (Gen:  0)
   521424      4048   4545512  0.000  0.000    4.150    0.681    0    0  (Gen:  0)
   521608      4112   4545624  0.000  0.000    4.151    0.681    0    0  (Gen:  0)
   521552      6472   4548000  0.000  0.000    4.152    0.681    0    0  (Gen:  0)
   521592      4224   4547864  0.000  0.000    4.152    0.681    0    0  (Gen:  0)
   521424      4232   4548032  0.000  0.000    4.153    0.681    0    0  (Gen:  0)
   521544      4248   4548080  0.000  0.000    4.153    0.681    0    0  (Gen:  0)
   521792      4248   4548112  0.000  0.000    4.154    0.681    0    0  (Gen:  0)
   521672      4144   4548024  0.000  0.000    4.154    0.682    0    0  (Gen:  0)
   521512      6608   4550504  0.000  0.000    4.155    0.682    0    0  (Gen:  0)
   521728      6504   4550480  0.000  0.000    4.156    0.682    0    0  (Gen:  0)
   521272      3976   4550448  0.000  0.000    4.156    0.682    0    0  (Gen:  0)
   521440      4224   4550712  0.000  0.000    4.157    0.682    0    0  (Gen:  0)
   521232      3968   4550504  0.000  0.000    4.157    0.682    0    0  (Gen:  0)
   521720      4496   4551048  0.000  0.000    4.158    0.682    0    0  (Gen:  0)
   521632      4032   4550856  0.000  0.000    4.159    0.682    0    0  (Gen:  0)
   521896      4152   4551136  0.000  0.000    4.159    0.683    0    0  (Gen:  0)
   521384      4360   4551376  0.000  0.000    4.160    0.683    0    0  (Gen:  0)
   521600      4152   4551424  0.000  0.000    4.160    0.683    0    0  (Gen:  0)
   521704      4496   4552008  0.000  0.000    4.161    0.683    0    0  (Gen:  0)
   521440      7136   4555208  0.000  0.000    4.161    0.683    0    0  (Gen:  0)
   521800      5736   4555168  0.000  0.000    4.162    0.683    0    0  (Gen:  0)
   521584      4176   4555264  0.000  0.000    4.163    0.683    0    0  (Gen:  0)
   521488      4088   4555208  0.000  0.000    4.163    0.683    0    0  (Gen:  0)
   521624      4168   4555376  0.000  0.000    4.164    0.684    0    0  (Gen:  0)
   521768      4296   4555536  0.000  0.000    4.164    0.684    0    0  (Gen:  0)
   521688      4080   4555368  0.000  0.000    4.165    0.684    0    0  (Gen:  0)
   521680      3968   4555344  0.000  0.000    4.165    0.684    0    0  (Gen:  0)
   521872      4168   4555560  0.000  0.000    4.166    0.684    0    0  (Gen:  0)
   521792      4176   4555616  0.000  0.000    4.167    0.684    0    0  (Gen:  0)
   521600      6072   4557528  0.000  0.000    4.167    0.684    0    0  (Gen:  0)
   521640      5952   4557472  0.000  0.000    4.168    0.684    0    0  (Gen:  0)
   521464      4064   4557504  0.000  0.000    4.168    0.685    0    0  (Gen:  0)
   521576      4136   4557608  0.000  0.000    4.169    0.685    0    0  (Gen:  0)
   521560      4320   4557824  0.000  0.000    4.170    0.685    0    0  (Gen:  0)
   521544      3896   4557416  0.000  0.000    4.170    0.685    0    0  (Gen:  0)
   521544      4344   4557880  0.000  0.000    4.171    0.685    0    0  (Gen:  0)
   521696      4264   4557864  0.000  0.000    4.171    0.685    0    0  (Gen:  0)
   521856      4176   4557864  0.000  0.000    4.172    0.685    0    0  (Gen:  0)
   521720      4088   4557808  0.000  0.000    4.172    0.685    0    0  (Gen:  0)
   521720      4176   4557984  0.000  0.000    4.173    0.686    0    0  (Gen:  0)
   521568      6720   4560560  0.000  0.000    4.174    0.686    0    0  (Gen:  0)
   521584      6656   4560560  0.000  0.000    4.174    0.686    0    0  (Gen:  0)
   521528      4104   4560520  0.000  0.000    4.175    0.686    0    0  (Gen:  0)
   521536      3800   4560232  0.000  0.000    4.175    0.686    0    0  (Gen:  0)
   521512      4008   4560488  0.000  0.000    4.176    0.686    0    0  (Gen:  0)
   521560      3840   4560336  0.000  0.000    4.176    0.686    0    0  (Gen:  0)
   521672      4480   4560992  0.000  0.000    4.177    0.686    0    0  (Gen:  0)
   521704      4048   4560848  0.000  0.000    4.177    0.687    0    0  (Gen:  0)
   521400      4504   4561392  0.000  0.000    4.178    0.687    0    0  (Gen:  0)
   521704      3984   4561128  0.000  0.000    4.179    0.687    0    0  (Gen:  0)
   521584      4336   4561568  0.000  0.000    4.179    0.687    0    0  (Gen:  0)
   521512      7800   4565448  0.000  0.000    4.180    0.687    0    0  (Gen:  0)
   521896      5952   4565424  0.000  0.000    4.181    0.687    0    0  (Gen:  0)
   521672      3976   4565368  0.000  0.000    4.181    0.687    0    0  (Gen:  0)
   521368      4184   4565592  0.000  0.000    4.182    0.688    0    0  (Gen:  0)
   521232      4064   4565520  0.000  0.000    4.182    0.688    0    0  (Gen:  0)
   521800      5952   4567424  0.000  0.000    4.183    0.688    0    0  (Gen:  0)
   521880      4136   4567288  0.000  0.000    4.184    0.688    0    0  (Gen:  0)
   521696      4120   4567432  0.000  0.000    4.184    0.688    0    0  (Gen:  0)
   521856      4152   4567496  0.000  0.000    4.185    0.688    0    0  (Gen:  0)
   521184      4120   4567496  0.000  0.000    4.185    0.688    0    0  (Gen:  0)
   521384      4032   4567424  0.001  0.000    4.186    0.688    0    0  (Gen:  0)
   521800      6488   4569896  0.000  0.000    4.187    0.689    0    0  (Gen:  0)
   521504      6264   4569752  0.000  0.000    4.188    0.689    0    0  (Gen:  0)
   521608      5712   4571504  0.001  0.000    4.189    0.689    0    0  (Gen:  0)
   521648      4104   4571504  0.001  0.000    4.190    0.689    0    0  (Gen:  0)
   521776      3984   4571472  0.001  0.000    4.191    0.689    0    0  (Gen:  0)
   521560      4312   4571832  0.000  0.000    4.192    0.689    0    0  (Gen:  0)
   521824      4160   4571728  0.000  0.000    4.193    0.690    0    0  (Gen:  0)
   521600      4016   4571672  0.000  0.000    4.193    0.690    0    0  (Gen:  0)
   521888      4256   4571928  0.000  0.000    4.194    0.690    0    0  (Gen:  0)
   521664      4192   4571912  0.000  0.000    4.194    0.690    0    0  (Gen:  0)
   521672      6264   4574000  0.000  0.000    4.195    0.690    0    0  (Gen:  0)
   521592      6144   4573944  0.000  0.000    4.195    0.690    0    0  (Gen:  0)
   521728      4136   4574064  0.000  0.000    4.196    0.690    0    0  (Gen:  0)
   521552      4064   4574024  0.000  0.000    4.197    0.690    0    0  (Gen:  0)
   521640      4304   4574296  0.000  0.000    4.197    0.691    0    0  (Gen:  0)
   521568      3992   4574000  0.000  0.000    4.198    0.691    0    0  (Gen:  0)
   521704      6064   4576088  0.000  0.000    4.198    0.691    0    0  (Gen:  0)
   521208      4160   4576016  0.000  0.000    4.199    0.691    0    0  (Gen:  0)
   521560      4304   4576248  0.000  0.000    4.199    0.691    0    0  (Gen:  0)
   521656      4304   4576280  0.000  0.000    4.200    0.691    0    0  (Gen:  0)
   521736      3928   4575992  0.000  0.000    4.201    0.691    0    0  (Gen:  0)
   521664      6472   4578568  0.000  0.000    4.201    0.691    0    0  (Gen:  0)
   521640      6336   4578496  0.000  0.000    4.202    0.692    0    0  (Gen:  0)
   521472      4008   4578584  0.000  0.000    4.202    0.692    0    0  (Gen:  0)
   521592      3976   4578584  0.000  0.000    4.203    0.692    0    0  (Gen:  0)
   521624      4064   4578704  0.000  0.000    4.203    0.692    0    0  (Gen:  0)
   521544      3912   4578568  0.000  0.000    4.204    0.692    0    0  (Gen:  0)
   521680      4456   4579128  0.001  0.000    4.206    0.692    0    0  (Gen:  0)
   521736      4136   4579096  0.001  0.000    4.207    0.693    0    0  (Gen:  0)
   521304      4488   4579536  0.001  0.000    4.208    0.693    0    0  (Gen:  0)
   521752      3944   4579248  0.001  0.000    4.209    0.693    0    0  (Gen:  0)
   521632      4424   4579816  0.001  0.000    4.211    0.693    0    0  (Gen:  0)
   521328      7832   4583640  0.001  0.000    4.212    0.693    0    0  (Gen:  0)
   521872      6248   4583560  0.001  0.000    4.213    0.694    0    0  (Gen:  0)
   521728      3952   4583448  0.001  0.000    4.215    0.694    0    0  (Gen:  0)
   521536      4200   4583712  0.000  0.000    4.215    0.694    0    0  (Gen:  0)
   521368      4024   4583584  0.000  0.000    4.216    0.694    0    0  (Gen:  0)
   521752      6088   4585664  0.000  0.000    4.216    0.694    0    0  (Gen:  0)
   521552      4080   4585632  0.000  0.000    4.217    0.694    0    0  (Gen:  0)
   521536      3920   4585632  0.000  0.000    4.217    0.694    0    0  (Gen:  0)
   521656      4152   4585896  0.000  0.000    4.218    0.694    0    0  (Gen:  0)
   521888      4024   4585800  0.000  0.000    4.219    0.695    0    0  (Gen:  0)
   521624      3976   4585768  0.000  0.000    4.219    0.695    0    0  (Gen:  0)
   521480      6536   4588344  0.000  0.000    4.220    0.695    0    0  (Gen:  0)
   521472      6440   4588328  0.000  0.000    4.220    0.695    0    0  (Gen:  0)
   521752      4248   4588472  0.000  0.000    4.221    0.695    0    0  (Gen:  0)
   521368      4160   4588416  0.000  0.000    4.221    0.695    0    0  (Gen:  0)
   521680      4208   4588552  0.000  0.000    4.222    0.695    0    0  (Gen:  0)
   521536      6272   4590648  0.000  0.000    4.223    0.696    0    0  (Gen:  0)
   521632      4264   4590752  0.000  0.000    4.223    0.696    0    0  (Gen:  0)
   521336      4048   4590624  0.000  0.000    4.224    0.696    0    0  (Gen:  0)
   521568      4264   4590856  0.000  0.000    4.224    0.696    0    0  (Gen:  0)
   521760      4072   4590712  0.000  0.000    4.225    0.696    0    0  (Gen:  0)
   521664      6832   4593488  0.000  0.000    4.226    0.696    0    0  (Gen:  0)
   521592      6688   4593408  0.000  0.000    4.226    0.696    0    0  (Gen:  0)
   521624      4160   4593448  0.001  0.000    4.227    0.696    0    0  (Gen:  0)
   521344      3888   4593208  0.001  0.000    4.228    0.697    0    0  (Gen:  0)
   521288      3984   4593336  0.001  0.000    4.230    0.697    0    0  (Gen:  0)
   521440      4024   4593464  0.001  0.000    4.231    0.697    0    0  (Gen:  0)
   521712      4392   4593864  0.001  0.000    4.232    0.697    0    0  (Gen:  0)
   521784      4104   4593848  0.001  0.000    4.233    0.697    0    0  (Gen:  0)
   521728      3904   4593736  0.001  0.000    4.234    0.698    0    0  (Gen:  0)
   521448      4296   4594144  0.000  0.000    4.235    0.698    0    0  (Gen:  0)
   521544      4304   4594424  0.000  0.000    4.235    0.698    0    0  (Gen:  0)
   521464      7496   4597856  0.000  0.000    4.236    0.698    0    0  (Gen:  0)
   521592      5616   4597800  0.000  0.000    4.237    0.698    0    0  (Gen:  0)
   521896      4112   4598024  0.000  0.000    4.237    0.698    0    0  (Gen:  0)
   521368      4080   4598024  0.000  0.000    4.238    0.698    0    0  (Gen:  0)
   521648      4088   4598064  0.000  0.000    4.238    0.699    0    0  (Gen:  0)
   521584      4032   4598024  0.000  0.000    4.239    0.699    0    0  (Gen:  0)
   521904      4288   4598296  0.000  0.000    4.239    0.699    0    0  (Gen:  0)
   521600      4168   4598240  0.000  0.000    4.240    0.699    0    0  (Gen:  0)
   521944      4336   4598496  0.000  0.000    4.240    0.699    0    0  (Gen:  0)
   521600      4120   4598312  0.000  0.000    4.241    0.699    0    0  (Gen:  0)
   521856      4176   4598456  0.000  0.000    4.242    0.699    0    0  (Gen:  0)
   521632      5944   4600256  0.000  0.000    4.242    0.699    0    0  (Gen:  0)
   521544      5952   4600328  0.000  0.000    4.243    0.700    0    0  (Gen:  0)
   521376      4064   4600288  0.000  0.000    4.243    0.700    0    0  (Gen:  0)
   521560      4008   4600248  0.000  0.000    4.244    0.700    0    0  (Gen:  0)
   521632      3976   4600264  0.000  0.000    4.244    0.700    0    0  (Gen:  0)
   521592      4352   4600656  0.000  0.000    4.245    0.700    0    0  (Gen:  0)
   521656      4168   4600520  0.000  0.000    4.246    0.700    0    0  (Gen:  0)
   521568      4208   4600720  0.000  0.000    4.246    0.700    0    0  (Gen:  0)
   521920      4280   4600824  0.000  0.000    4.247    0.700    0    0  (Gen:  0)
   521736      3984   4600560  0.000  0.000    4.247    0.701    0    0  (Gen:  0)
   521736      3904   4600496  0.000  0.000    4.248    0.701    0    0  (Gen:  0)
   521368      6736   4603344  0.000  0.000    4.248    0.701    0    0  (Gen:  0)
   521528      6640   4603328  0.000  0.000    4.249    0.701    0    0  (Gen:  0)
   521672      4224   4603424  0.000  0.000    4.250    0.701    0    0  (Gen:  0)
   521528      4152   4603384  0.000  0.000    4.250    0.701    0    0  (Gen:  0)
   521424      4232   4603552  0.000  0.000    4.251    0.701    0    0  (Gen:  0)
   521744      4544   4603896  0.000  0.000    4.251    0.701    0    0  (Gen:  0)
   521672      4344   4603968  0.000  0.000    4.252    0.702    0    0  (Gen:  0)
   521472      3840   4603552  0.000  0.000    4.252    0.702    0    0  (Gen:  0)
   521584      4280   4604008  0.000  0.000    4.253    0.702    0    0  (Gen:  0)
   521744      4216   4604216  0.000  0.000    4.254    0.702    0    0  (Gen:  0)
   521464      4760   4605000  0.000  0.000    4.254    0.702    0    0  (Gen:  0)
   521680      7240   4608360  0.000  0.000    4.255    0.702    0    0  (Gen:  0)
   521792      5968   4608288  0.000  0.000    4.255    0.702    0    0  (Gen:  0)
   521608      4032   4608272  0.000  0.000    4.256    0.702    0    0  (Gen:  0)
   521256      4080   4608352  0.000  0.000    4.257    0.703    0    0  (Gen:  0)
   521416      4064   4608424  0.000  0.000    4.257    0.703    0    0  (Gen:  0)
   521928      5848   4610240  0.000  0.000    4.258    0.703    0    0  (Gen:  0)
   521800      4120   4610192  0.000  0.000    4.258    0.703    0    0  (Gen:  0)
   521592      3976   4610136  0.000  0.000    4.259    0.703    0    0  (Gen:  0)
   521736      4152   4610328  0.000  0.000    4.259    0.703    0    0  (Gen:  0)
   521200      3960   4610184  0.000  0.000    4.260    0.703    0    0  (Gen:  0)
   521688      6616   4612856  0.000  0.000    4.261    0.703    0    0  (Gen:  0)
   521600      6496   4612800  0.000  0.000    4.261    0.704    0    0  (Gen:  0)
   521464      4520   4613216  0.000  0.000    4.262    0.704    0    0  (Gen:  0)
   521648      5536   4614648  0.000  0.000    4.262    0.704    0    0  (Gen:  0)
   521792      4048   4614608  0.000  0.000    4.263    0.704    0    0  (Gen:  0)
   521720      3976   4614552  0.000  0.000    4.263    0.704    0    0  (Gen:  0)
   521632      4368   4614960  0.000  0.000    4.264    0.704    0    0  (Gen:  0)
   521600      4064   4614720  0.000  0.000    4.265    0.704    0    0  (Gen:  0)
   521960      4136   4614880  0.000  0.000    4.265    0.704    0    0  (Gen:  0)
   521648      4104   4614880  0.000  0.000    4.266    0.705    0    0  (Gen:  0)
   521776      3984   4614848  0.000  0.000    4.266    0.705    0    0  (Gen:  0)
   521408      6296   4617192  0.000  0.000    4.267    0.705    0    0  (Gen:  0)
   521888      6160   4617120  0.000  0.000    4.268    0.705    0    0  (Gen:  0)
   521592      4104   4617120  0.000  0.000    4.268    0.705    0    0  (Gen:  0)
   521504      3960   4616992  0.000  0.000    4.269    0.705    0    0  (Gen:  0)
   521488      4112   4617192  0.000  0.000    4.269    0.705    0    0  (Gen:  0)
   521760      6048   4619144  0.000  0.000    4.270    0.705    0    0  (Gen:  0)
   521544      4176   4619088  0.000  0.000    4.270    0.706    0    0  (Gen:  0)
   521312      4064   4619136  0.000  0.000    4.271    0.706    0    0  (Gen:  0)
   521536      4168   4619272  0.000  0.000    4.272    0.706    0    0  (Gen:  0)
   521792      4160   4619296  0.000  0.000    4.272    0.706    0    0  (Gen:  0)
   521728      4032   4619184  0.000  0.000    4.273    0.706    0    0  (Gen:  0)
   521584      6640   4621808  0.000  0.000    4.273    0.706    0    0  (Gen:  0)
   521608      6528   4621776  0.000  0.000    4.274    0.706    0    0  (Gen:  0)
   521584      3856   4621448  0.000  0.000    4.274    0.706    0    0  (Gen:  0)
   521584      4056   4621664  0.000  0.000    4.275    0.707    0    0  (Gen:  0)
   521448      4080   4621736  0.000  0.000    4.276    0.707    0    0  (Gen:  0)
   521752      4376   4622048  0.000  0.000    4.276    0.707    0    0  (Gen:  0)
   521576      4096   4622040  0.000  0.000    4.277    0.707    0    0  (Gen:  0)
   521568      4136   4622240  0.000  0.000    4.277    0.707    0    0  (Gen:  0)
   521536      4320   4622456  0.000  0.000    4.278    0.707    0    0  (Gen:  0)
   521712      4304   4622696  0.000  0.000    4.278    0.707    0    0  (Gen:  0)
   521480      4664   4623296  0.000  0.000    4.279    0.707    0    0  (Gen:  0)
   521576      7320   4626672  0.000  0.000    4.280    0.708    0    0  (Gen:  0)
   521872      6072   4626464  0.000  0.000    4.280    0.708    0    0  (Gen:  0)
   521504      4176   4626752  0.000  0.000    4.281    0.708    0    0  (Gen:  0)
   521680      3952   4626560  0.000  0.000    4.281    0.708    0    0  (Gen:  0)
   521392      3936   4626632  0.000  0.000    4.282    0.708    0    0  (Gen:  0)
   521600      6240   4628968  0.000  0.000    4.282    0.708    0    0  (Gen:  0)
   521528      4224   4628928  0.000  0.000    4.283    0.708    0    0  (Gen:  0)
   521632      3944   4628736  0.000  0.000    4.284    0.708    0    0  (Gen:  0)
   521784      4280   4629088  0.000  0.000    4.284    0.709    0    0  (Gen:  0)
   521776      4120   4628976  0.000  0.000    4.285    0.709    0    0  (Gen:  0)
   521608      6544   4631416  0.000  0.000    4.285    0.709    0    0  (Gen:  0)
   521592      6424   4631360  0.000  0.000    4.286    0.709    0    0  (Gen:  0)
   521512      4072   4631416  0.000  0.000    4.287    0.709    0    0  (Gen:  0)
   521440      4136   4631512  0.000  0.000    4.287    0.709    0    0  (Gen:  0)
   521592      4000   4631408  0.000  0.000    4.288    0.709    0    0  (Gen:  0)
   521640      4008   4631432  0.000  0.000    4.288    0.709    0    0  (Gen:  0)
   521592      6288   4633728  0.000  0.000    4.289    0.710    0    0  (Gen:  0)
   521392      4048   4633616  0.000  0.000    4.290    0.710    0    0  (Gen:  0)
   521568      4288   4633944  0.000  0.000    4.290    0.710    0    0  (Gen:  0)
   521640      4008   4633696  0.000  0.000    4.291    0.710    0    0  (Gen:  0)
   521760      4152   4633928  0.000  0.000    4.291    0.710    0    0  (Gen:  0)
   521544      6752   4636560  0.000  0.000    4.292    0.710    0    0  (Gen:  0)
   521632      6680   4636552  0.001  0.000    4.294    0.710    0    0  (Gen:  0)
   521472      3976   4636344  0.000  0.000    4.294    0.711    0    0  (Gen:  0)
   521416      4184   4636568  0.000  0.000    4.295    0.711    0    0  (Gen:  0)
   521216      4232   4636664  0.000  0.000    4.295    0.711    0    0  (Gen:  0)
   521608      4648   4637096  0.001  0.000    4.297    0.711    0    0  (Gen:  0)
   521696      4216   4636936  0.001  0.000    4.299    0.711    0    0  (Gen:  0)
   521792      3856   4636736  0.001  0.000    4.301    0.712    0    0  (Gen:  0)
   521576      4352   4637264  0.001  0.000    4.302    0.712    0    0  (Gen:  0)
   521584      3952   4637120  0.001  0.000    4.304    0.712    0    0  (Gen:  0)
   521536      4304   4637560  0.001  0.000    4.306    0.712    0    0  (Gen:  0)
   521432      7440   4641112  0.001  0.000    4.308    0.713    0    0  (Gen:  0)
   521832      5616   4640952  0.001  0.000    4.309    0.713    0    0  (Gen:  0)
   521728      3976   4640968  0.001  0.000    4.311    0.713    0    0  (Gen:  0)
   521360      4224   4641232  0.001  0.000    4.313    0.713    0    0  (Gen:  0)
   521600      4088   4641144  0.001  0.000    4.316    0.714    0    0  (Gen:  0)
   521664      4136   4641208  0.001  0.000    4.318    0.714    0    0  (Gen:  0)
   521840      4120   4641240  0.002  0.000    4.320    0.714    0    0  (Gen:  0)
   521592      3984   4641264  0.012  0.001    4.483    0.729    0    0  (Gen:  0)
   521912      4184   4641496  0.026  0.002    4.542    0.735    0    0  (Gen:  0)
   521792      4104   4641448  0.013  0.001    4.556    0.736    0    0  (Gen:  0)
   521560      4016   4641376  0.001  0.000    4.557    0.736    0    0  (Gen:  0)
   521776      5944   4643320  0.001  0.000    4.558    0.737    0    0  (Gen:  0)
   521360      5992   4643448  0.001  0.000    4.560    0.737    0    0  (Gen:  0)
   521616      4152   4643456  0.001  0.000    4.561    0.737    0    0  (Gen:  0)
   521544      4064   4643400  0.001  0.000    4.562    0.737    0    0  (Gen:  0)
   521576      3992   4643416  0.001  0.000    4.563    0.737    0    0  (Gen:  0)
   521552      4232   4643688  0.001  0.000    4.564    0.738    0    0  (Gen:  0)
   521752      4224   4643728  0.001  0.000    4.565    0.738    0    0  (Gen:  0)
   521576      3992   4643584  0.000  0.000    4.566    0.738    0    0  (Gen:  0)
   521944      4168   4643776  0.001  0.000    4.567    0.738    0    0  (Gen:  0)
   521696      4136   4643792  0.000  0.000    4.567    0.739    0    0  (Gen:  0)
   521608      6936   4646608  0.000  0.000    4.568    0.739    0    0  (Gen:  0)
   521544      6464   4646200  0.000  0.000    4.569    0.739    0    0  (Gen:  0)
   521432      4136   4646456  0.000  0.000    4.570    0.739    0    0  (Gen:  0)
   521632      4120   4646472  0.000  0.000    4.571    0.739    0    0  (Gen:  0)
   521632      4192   4646576  0.001  0.000    4.572    0.739    0    0  (Gen:  0)
   521336      4048   4646448  0.001  0.000    4.572    0.739    0    0  (Gen:  0)
   521696      4448   4646864  0.000  0.000    4.573    0.740    0    0  (Gen:  0)
   521784      4176   4646880  0.000  0.000    4.574    0.740    0    0  (Gen:  0)
   521296      4520   4647312  0.000  0.000    4.574    0.740    0    0  (Gen:  0)
   521792      4160   4647208  0.000  0.000    4.575    0.740    0    0  (Gen:  0)
   521688      4488   4647624  0.000  0.000    4.576    0.740    0    0  (Gen:  0)
   521456      7848   4651400  0.000  0.000    4.577    0.740    0    0  (Gen:  0)
   521800      5896   4651272  0.000  0.000    4.577    0.740    0    0  (Gen:  0)
   521728      3984   4651352  0.000  0.000    4.578    0.741    0    0  (Gen:  0)
   521512      4064   4651464  0.000  0.000    4.579    0.741    0    0  (Gen:  0)
   521216      4104   4651536  0.000  0.000    4.580    0.741    0    0  (Gen:  0)
   521584      3840   4651288  0.000  0.000    4.580    0.741    0    0  (Gen:  0)
   521888      5920   4653384  0.000  0.000    4.581    0.741    0    0  (Gen:  0)
   521728      4056   4653216  0.000  0.000    4.582    0.741    0    0  (Gen:  0)
   521928      4296   4653544  0.000  0.000    4.582    0.741    0    0  (Gen:  0)
   521224      4120   4653400  0.000  0.000    4.583    0.742    0    0  (Gen:  0)
   521456      3888   4653256  0.000  0.000    4.584    0.742    0    0  (Gen:  0)
   521656      6464   4655864  0.000  0.000    4.584    0.742    0    0  (Gen:  0)
   521576      6408   4655872  0.000  0.000    4.585    0.742    0    0  (Gen:  0)
   521368      4576   4656344  0.000  0.000    4.586    0.742    0    0  (Gen:  0)
   521824      5304   4657632  0.000  0.000    4.587    0.742    0    0  (Gen:  0)
   521784      4136   4657608  0.000  0.000    4.587    0.742    0    0  (Gen:  0)
   521600      4280   4657768  0.000  0.000    4.588    0.742    0    0  (Gen:  0)
   521680      4208   4657744  0.000  0.000    4.589    0.743    0    0  (Gen:  0)
   521600      4176   4657872  0.000  0.000    4.589    0.743    0    0  (Gen:  0)
   521912      4120   4657848  0.000  0.000    4.590    0.743    0    0  (Gen:  0)
   521792      4048   4657808  0.000  0.000    4.591    0.743    0    0  (Gen:  0)
   521648      3864   4657640  0.000  0.000    4.591    0.743    0    0  (Gen:  0)
   521432      6312   4660104  0.000  0.000    4.592    0.743    0    0  (Gen:  0)
   521872      6176   4660048  0.000  0.000    4.593    0.743    0    0  (Gen:  0)
   521680      4192   4660120  0.000  0.000    4.593    0.744    0    0  (Gen:  0)
   521544      4104   4660064  0.000  0.000    4.594    0.744    0    0  (Gen:  0)
   521440      4136   4660184  0.000  0.000    4.595    0.744    0    0  (Gen:  0)
   521832      6064   4662144  0.000  0.000    4.596    0.744    0    0  (Gen:  0)
   521256      4200   4662096  0.000  0.000    4.596    0.744    0    0  (Gen:  0)
   521504      3920   4661904  0.000  0.000    4.597    0.744    0    0  (Gen:  0)
   521496      4184   4662184  0.000  0.000    4.598    0.744    0    0  (Gen:  0)
   521760      4192   4662240  0.000  0.000    4.598    0.744    0    0  (Gen:  0)
   521816      6624   4664688  0.000  0.000    4.599    0.745    0    0  (Gen:  0)
   521544      6408   4664536  0.000  0.000    4.600    0.745    0    0  (Gen:  0)
   521464      4248   4664792  0.000  0.000    4.600    0.745    0    0  (Gen:  0)
   521640      4136   4664712  0.000  0.000    4.601    0.745    0    0  (Gen:  0)
   521632      4208   4664816  0.000  0.000    4.602    0.745    0    0  (Gen:  0)
   521456      4104   4664728  0.000  0.000    4.603    0.745    0    0  (Gen:  0)
   521712      4720   4665360  0.000  0.000    4.603    0.745    0    0  (Gen:  0)
   521768      3872   4664800  0.000  0.000    4.604    0.746    0    0  (Gen:  0)
   521288      3912   4664928  0.000  0.000    4.605    0.746    0    0  (Gen:  0)
   521728      4312   4665344  0.000  0.000    4.605    0.746    0    0  (Gen:  0)
   521776      4160   4665464  0.000  0.000    4.606    0.746    0    0  (Gen:  0)
   521272      7848   4669392  0.000  0.000    4.607    0.746    0    0  (Gen:  0)
   521784      6216   4669424  0.000  0.000    4.607    0.746    0    0  (Gen:  0)
   521776      3904   4669368  0.000  0.000    4.608    0.746    0    0  (Gen:  0)
   521480      4136   4669632  0.000  0.000    4.609    0.746    0    0  (Gen:  0)
   521552      4088   4669616  0.000  0.000    4.609    0.747    0    0  (Gen:  0)
   521568      3944   4669488  0.000  0.000    4.610    0.747    0    0  (Gen:  0)
   521680      6296   4671856  0.000  0.000    4.611    0.747    0    0  (Gen:  0)
   521432      4024   4671576  0.000  0.000    4.612    0.747    0    0  (Gen:  0)
   521640      4224   4671864  0.000  0.000    4.612    0.747    0    0  (Gen:  0)
   521872      4032   4671704  0.000  0.000    4.613    0.747    0    0  (Gen:  0)
   521720      4096   4671856  0.000  0.000    4.614    0.747    0    0  (Gen:  0)
   521448      6560   4674352  0.000  0.000    4.614    0.747    0    0  (Gen:  0)
   521552      6352   4674208  0.000  0.000    4.615    0.748    0    0  (Gen:  0)
   521648      4016   4674208  0.000  0.000    4.616    0.748    0    0  (Gen:  0)
   521512      4112   4674320  0.000  0.000    4.616    0.748    0    0  (Gen:  0)
   521504      3992   4674248  0.000  0.000    4.617    0.748    0    0  (Gen:  0)
   521552      6400   4676672  0.000  0.000    4.618    0.748    0    0  (Gen:  0)
   521664      4168   4676552  0.000  0.000    4.618    0.748    0    0  (Gen:  0)
   521432      3888   4676432  0.000  0.000    4.619    0.748    0    0  (Gen:  0)
   521472      4152   4676728  0.000  0.000    4.619    0.749    0    0  (Gen:  0)
   521888      4104   4676712  0.000  0.000    4.620    0.749    0    0  (Gen:  0)
   521600      4120   4676744  0.000  0.000    4.621    0.749    0    0  (Gen:  0)
   521472      6696   4679336  0.000  0.000    4.621    0.749    0    0  (Gen:  0)
   521800      6576   4679296  0.000  0.000    4.622    0.749    0    0  (Gen:  0)
   521232      4240   4679456  0.000  0.000    4.622    0.749    0    0  (Gen:  0)
   521416      3976   4679224  0.000  0.000    4.623    0.749    0    0  (Gen:  0)
   521312      4120   4679456  0.000  0.000    4.624    0.749    0    0  (Gen:  0)
   521624      4472   4679840  0.000  0.000    4.624    0.750    0    0  (Gen:  0)
   521808      4240   4679880  0.000  0.000    4.625    0.750    0    0  (Gen:  0)
   521776      4016   4679744  0.000  0.000    4.625    0.750    0    0  (Gen:  0)
   521472      4616   4680360  0.000  0.000    4.626    0.750    0    0  (Gen:  0)
   521536      4456   4680472  0.000  0.000    4.626    0.750    0    0  (Gen:  0)
   521592      6104   4682360  0.000  0.000    4.627    0.750    0    0  (Gen:  0)
   521528      5592   4683672  0.000  0.000    4.628    0.750    0    0  (Gen:  0)
   521776      5648   4683768  0.000  0.000    4.628    0.750    0    0  (Gen:  0)
   521616      4264   4684000  0.000  0.000    4.629    0.751    0    0  (Gen:  0)
   521520      4024   4683792  0.000  0.000    4.629    0.751    0    0  (Gen:  0)
   521568      4136   4683992  0.000  0.000    4.630    0.751    0    0  (Gen:  0)
   521800      4280   4684168  0.000  0.000    4.631    0.751    0    0  (Gen:  0)
   521616      4104   4684040  0.000  0.000    4.631    0.751    0    0  (Gen:  0)
   521808      3992   4684016  0.000  0.000    4.632    0.751    0    0  (Gen:  0)
   521792      4168   4684208  0.000  0.000    4.632    0.751    0    0  (Gen:  0)
   521800      3760   4683848  0.000  0.000    4.633    0.751    0    0  (Gen:  0)
   521656      6112   4686216  0.000  0.000    4.633    0.752    0    0  (Gen:  0)
   521688      5920   4686088  0.000  0.000    4.634    0.752    0    0  (Gen:  0)
   521416      4128   4686216  0.000  0.000    4.635    0.752    0    0  (Gen:  0)
   521408      4096   4686216  0.000  0.000    4.635    0.752    0    0  (Gen:  0)
   521608      4072   4686224  0.000  0.000    4.636    0.752    0    0  (Gen:  0)
   521600      4064   4686232  0.001  0.000    4.637    0.752    0    0  (Gen:  0)
   521624      4312   4686496  0.001  0.000    4.638    0.752    0    0  (Gen:  0)
   521608      3856   4686104  0.001  0.000    4.639    0.753    0    0  (Gen:  0)
   521968      4168   4686504  0.001  0.000    4.639    0.753    0    0  (Gen:  0)
   521624      4008   4686376  0.001  0.000    4.640    0.753    0    0  (Gen:  0)
   521832      4192   4686648  0.000  0.000    4.641    0.753    0    0  (Gen:  0)
   521456      6592   4689080  0.000  0.000    4.642    0.753    0    0  (Gen:  0)
   521584      6576   4689128  0.000  0.000    4.642    0.753    0    0  (Gen:  0)
   521528      4080   4689144  0.000  0.000    4.643    0.753    0    0  (Gen:  0)
   521576      4136   4689216  0.000  0.000    4.644    0.754    0    0  (Gen:  0)
   521392      3976   4689104  0.000  0.000    4.644    0.754    0    0  (Gen:  0)
   521728      4448   4689592  0.000  0.000    4.645    0.754    0    0  (Gen:  0)
   521632      4152   4689568  0.000  0.000    4.645    0.754    0    0  (Gen:  0)
   521600      4120   4689696  0.000  0.000    4.646    0.754    0    0  (Gen:  0)
   521352      4336   4689944  0.000  0.000    4.646    0.754    0    0  (Gen:  0)
   521776      4456   4690320  0.000  0.000    4.647    0.754    0    0  (Gen:  0)
   521640      4400   4690504  0.000  0.000    4.647    0.754    0    0  (Gen:  0)
   521520      7872   4694376  0.000  0.000    4.648    0.755    0    0  (Gen:  0)
   521712      6120   4694304  0.000  0.000    4.649    0.755    0    0  (Gen:  0)
   521736      4360   4694464  0.000  0.000    4.649    0.755    0    0  (Gen:  0)
   521424      3912   4694048  0.000  0.000    4.650    0.755    0    0  (Gen:  0)
   521280      3984   4694208  0.000  0.000    4.650    0.755    0    0  (Gen:  0)
   521896      5728   4695984  0.000  0.000    4.651    0.755    0    0  (Gen:  0)
   521752      3992   4695928  0.000  0.000    4.652    0.755    0    0  (Gen:  0)
   521712      4040   4696136  0.000  0.000    4.652    0.755    0    0  (Gen:  0)
   521824      4136   4696264  0.000  0.000    4.653    0.756    0    0  (Gen:  0)
   521224      4080   4696240  0.000  0.000    4.653    0.756    0    0  (Gen:  0)
   521328      3864   4696040  0.000  0.000    4.654    0.756    0    0  (Gen:  0)
   521904      6504   4698696  0.000  0.000    4.654    0.756    0    0  (Gen:  0)
   521352      6376   4698648  0.000  0.000    4.655    0.756    0    0  (Gen:  0)
   521704      5712   4700288  0.000  0.000    4.658    0.756    0    0  (Gen:  0)
   521592      4048   4700232  0.000  0.000    4.658    0.756    0    0  (Gen:  0)
   521888      3968   4700240  0.000  0.000    4.659    0.757    0    0  (Gen:  0)
   521584      4256   4700560  0.000  0.000    4.659    0.757    0    0  (Gen:  0)
   521640      4288   4700640  0.000  0.000    4.660    0.757    0    0  (Gen:  0)
   521752      3936   4700376  0.000  0.000    4.660    0.757    0    0  (Gen:  0)
   521840      4208   4700664  0.000  0.000    4.661    0.757    0    0  (Gen:  0)
   521784      4136   4700640  0.000  0.000    4.662    0.757    0    0  (Gen:  0)
   521456      6376   4702896  0.000  0.000    4.662    0.757    0    0  (Gen:  0)
   521784      5968   4702552  0.000  0.000    4.663    0.757    0    0  (Gen:  0)
   521672      4040   4702752  0.000  0.000    4.663    0.758    0    0  (Gen:  0)
   521496      4080   4702824  0.000  0.000    4.664    0.758    0    0  (Gen:  0)
   521584      4048   4702824  0.000  0.000    4.664    0.758    0    0  (Gen:  0)
   521632      4048   4702840  0.000  0.000    4.665    0.758    0    0  (Gen:  0)
   521640      6000   4704808  0.000  0.000    4.666    0.758    0    0  (Gen:  0)
   521288      4120   4704760  0.000  0.000    4.666    0.758    0    0  (Gen:  0)
   521600      4176   4704904  0.000  0.000    4.667    0.758    0    0  (Gen:  0)
   521600      4088   4704848  0.000  0.000    4.667    0.758    0    0  (Gen:  0)
   521752      4112   4704960  0.000  0.000    4.668    0.759    0    0  (Gen:  0)
   521728      6496   4707376  0.000  0.000    4.669    0.759    0    0  (Gen:  0)
   521520      6448   4707392  0.000  0.000    4.669    0.759    0    0  (Gen:  0)
   521544      4048   4707336  0.000  0.000    4.670    0.759    0    0  (Gen:  0)
   521576      4208   4707512  0.000  0.000    4.670    0.759    0    0  (Gen:  0)
   521584      4088   4707440  0.000  0.000    4.671    0.759    0    0  (Gen:  0)
   521632      4480   4707848  0.000  0.000    4.671    0.759    0    0  (Gen:  0)
   521616      4104   4707744  0.000  0.000    4.672    0.759    0    0  (Gen:  0)
   521664      4096   4707896  0.000  0.000    4.672    0.760    0    0  (Gen:  0)
   521376      4488   4708320  0.000  0.000    4.673    0.760    0    0  (Gen:  0)
   521760      4528   4708616  0.000  0.000    4.674    0.760    0    0  (Gen:  0)
   521560      4472   4708800  0.000  0.000    4.674    0.760    0    0  (Gen:  0)
   521448      7560   4712288  0.000  0.000    4.675    0.760    0    0  (Gen:  0)
   521808      6216   4712304  0.001  0.000    4.676    0.760    0    0  (Gen:  0)
   521688      3904   4712176  0.001  0.000    4.677    0.761    0    0  (Gen:  0)
   521592      4240   4712528  0.001  0.000    4.678    0.761    0    0  (Gen:  0)
   521352      3936   4712272  0.001  0.000    4.680    0.761    0    0  (Gen:  0)
   521696      6128   4714480  0.001  0.000    4.681    0.761    0    0  (Gen:  0)
   521664      4136   4714464  0.000  0.000    4.681    0.761    0    0  (Gen:  0)
   521496      4192   4714680  0.000  0.000    4.682    0.761    0    0  (Gen:  0)
   521752      4104   4714624  0.000  0.000    4.682    0.761    0    0  (Gen:  0)
   521792      3976   4714528  0.000  0.000    4.683    0.762    0    0  (Gen:  0)
   521688      3832   4714400  0.000  0.000    4.684    0.762    0    0  (Gen:  0)
   521520      6552   4717136  0.000  0.000    4.684    0.762    0    0  (Gen:  0)
   521472      6408   4717072  0.000  0.000    4.685    0.762    0    0  (Gen:  0)
   521584      4224   4717224  0.000  0.000    4.685    0.762    0    0  (Gen:  0)
   521472      4064   4717096  0.000  0.000    4.686    0.762    0    0  (Gen:  0)
   521624      4176   4717296  0.000  0.000    4.686    0.762    0    0  (Gen:  0)
   521504      6384   4719536  0.000  0.000    4.687    0.762    0    0  (Gen:  0)
   521600      4192   4719456  0.000  0.000    4.688    0.763    0    0  (Gen:  0)
   521424      4008   4719360  0.000  0.000    4.688    0.763    0    0  (Gen:  0)
   521576      4168   4719536  0.000  0.000    4.689    0.763    0    0  (Gen:  0)
   521824      3888   4719304  0.000  0.000    4.689    0.763    0    0  (Gen:  0)
   521544      6736   4722168  0.000  0.000    4.690    0.763    0    0  (Gen:  0)
   521656      6472   4721968  0.000  0.000    4.691    0.763    0    0  (Gen:  0)
   521576      4152   4722216  0.000  0.000    4.691    0.763    0    0  (Gen:  0)
   521360      4224   4722320  0.000  0.000    4.692    0.763    0    0  (Gen:  0)
   521200      4176   4722304  0.000  0.000    4.692    0.764    0    0  (Gen:  0)
   521560      4088   4722232  0.000  0.000    4.693    0.764    0    0  (Gen:  0)
   521688      4552   4722712  0.000  0.000    4.693    0.764    0    0  (Gen:  0)
   521712      4224   4722672  0.000  0.000    4.694    0.764    0    0  (Gen:  0)
   521768      4448   4722984  0.000  0.000    4.695    0.764    0    0  (Gen:  0)
   521504      4096   4722888  0.000  0.000    4.695    0.764    0    0  (Gen:  0)
   521504      4560   4723440  0.000  0.000    4.696    0.764    0    0  (Gen:  0)
   521432      7576   4726872  0.000  0.000    4.696    0.764    0    0  (Gen:  0)
   521720      5984   4726944  0.000  0.000    4.697    0.765    0    0  (Gen:  0)
   521808      3984   4726600  0.001  0.000    4.699    0.765    0    0  (Gen:  0)
   521400      4088   4726720  0.001  0.000    4.700    0.765    0    0  (Gen:  0)
   521560      3968   4726648  0.001  0.000    4.702    0.765    0    0  (Gen:  0)
   521680      3920   4726616  0.001  0.000    4.703    0.765    0    0  (Gen:  0)
   521832      4256   4726968  0.001  0.000    4.705    0.766    0    0  (Gen:  0)
   521640      4120   4726896  0.001  0.000    4.707    0.766    0    0  (Gen:  0)
   521888      3960   4726824  0.001  0.000    4.708    0.766    0    0  (Gen:  0)
   521680      3992   4726888  0.001  0.000    4.710    0.766    0    0  (Gen:  0)
   521848      4000   4726984  0.001  0.000    4.711    0.767    0    0  (Gen:  0)
   521552      5960   4728976  0.001  0.000    4.713    0.767    0    0  (Gen:  0)
   521576      5896   4728976  0.001  0.000    4.715    0.767    0    0  (Gen:  0)
   521528      4008   4728936  0.001  0.000    4.716    0.767    0    0  (Gen:  0)
   521480      4168   4729112  0.001  0.000    4.718    0.768    0    0  (Gen:  0)
   521560      4048   4729040  0.001  0.000    4.719    0.768    0    0  (Gen:  0)
   521576      4104   4729112  0.001  0.000    4.721    0.768    0    0  (Gen:  0)
   521680      4120   4729176  0.001  0.000    4.723    0.768    0    0  (Gen:  0)
   521608      4112   4729328  0.001  0.000    4.725    0.769    0    0  (Gen:  0)
   521928      4264   4729512  0.001  0.000    4.727    0.769    0    0  (Gen:  0)
   521744      4104   4729384  0.001  0.000    4.728    0.769    0    0  (Gen:  0)
   521600      4120   4729416  0.001  0.000    4.730    0.769    0    0  (Gen:  0)
   521576      6608   4731920  0.001  0.000    4.732    0.770    0    0  (Gen:  0)
   521440      6416   4731808  0.001  0.000    4.733    0.770    0    0  (Gen:  0)
   521552      4248   4732152  0.001  0.000    4.735    0.770    0    0  (Gen:  0)
   521664      4096   4732032  0.001  0.000    4.739    0.771    0    0  (Gen:  0)
   521432      3888   4731912  0.001  0.000    4.741    0.771    0    0  (Gen:  0)
   521704      4464   4732520  0.001  0.000    4.742    0.771    0    0  (Gen:  0)
   521656      4320   4732648  0.001  0.000    4.744    0.771    0    0  (Gen:  0)
   521400      3976   4732392  0.001  0.000    4.747    0.772    0    0  (Gen:  0)
   521600      4520   4732952  0.001  0.000    4.749    0.772    0    0  (Gen:  0)
   521744      4456   4733160  0.001  0.000    4.770    0.774    0    0  (Gen:  0)
   521520      8104   4737048  0.001  0.000    4.772    0.775    0    0  (Gen:  0)
   521712      6024   4736952  0.001  0.000    4.774    0.775    0    0  (Gen:  0)
   521768      4160   4737080  0.001  0.000    4.776    0.775    0    0  (Gen:  0)
   521576      4192   4737144  0.001  0.000    4.777    0.775    0    0  (Gen:  0)
   521296      4176   4737160  0.001  0.000    4.779    0.776    0    0  (Gen:  0)
   521440      4104   4737104  0.001  0.000    4.781    0.776    0    0  (Gen:  0)
   521896      6000   4739016  0.001  0.000    4.783    0.776    0    0  (Gen:  0)
   521736      4360   4739072  0.001  0.000    4.785    0.777    0    0  (Gen:  0)
   521752      3728   4738528  0.001  0.000    4.787    0.777    0    0  (Gen:  0)
   521616      4008   4738840  0.001  0.000    4.794    0.778    0    0  (Gen:  0)
   521256      4024   4738896  0.001  0.000    4.796    0.778    0    0  (Gen:  0)
   521632      6600   4741504  0.001  0.000    4.798    0.778    0    0  (Gen:  0)
   521576      6120   4741088  0.001  0.000    4.800    0.779    0    0  (Gen:  0)
   521384      4448   4741808  0.001  0.000    4.802    0.779    0    0  (Gen:  0)
   521808      5488   4743264  0.001  0.000    4.804    0.779    0    0  (Gen:  0)
   521808      4104   4743328  0.001  0.000    4.806    0.780    0    0  (Gen:  0)
   521736      3992   4743232  0.001  0.000    4.808    0.780    0    0  (Gen:  0)
   521576      3952   4743208  0.001  0.000    4.810    0.780    0    0  (Gen:  0)
   521608      4128   4743448  0.001  0.000    4.812    0.781    0    0  (Gen:  0)
   521952      4136   4743544  0.001  0.000    4.814    0.781    0    0  (Gen:  0)
   521592      4048   4743488  0.001  0.000    4.816    0.781    0    0  (Gen:  0)
   521888      3968   4743496  0.001  0.000    4.818    0.782    0    0  (Gen:  0)
   521384      6208   4745768  0.001  0.000    4.820    0.782    0    0  (Gen:  0)
   521872      6120   4745744  0.001  0.000    4.822    0.782    0    0  (Gen:  0)
   521576      3920   4745600  0.001  0.000    4.824    0.783    0    0  (Gen:  0)
   521560      4224   4745920  0.001  0.000    4.826    0.783    0    0  (Gen:  0)
   521504      4160   4745904  0.001  0.000    4.828    0.783    0    0  (Gen:  0)
   521792      5920   4747680  0.001  0.000    4.830    0.784    0    0  (Gen:  0)
   521368      4008   4747584  0.001  0.000    4.832    0.784    0    0  (Gen:  0)
   521384      4064   4747800  0.001  0.000    4.834    0.784    0    0  (Gen:  0)
   521544      4080   4747848  0.001  0.000    4.836    0.785    0    0  (Gen:  0)
   521800      4088   4747888  0.001  0.000    4.838    0.785    0    0  (Gen:  0)
   521728      3960   4747776  0.024  0.002    4.863    0.788    0    0  (Gen:  0)
   521520      6600   4750432  0.001  0.000    4.865    0.788    0    0  (Gen:  0)
   521672      6304   4750216  0.001  0.000    4.867    0.788    0    0  (Gen:  0)
   521552      4304   4750560  0.001  0.000    4.869    0.789    0    0  (Gen:  0)
   521536      4176   4750464  0.001  0.000    4.871    0.789    0    0  (Gen:  0)
   521608      3944   4750320  0.001  0.000    4.873    0.789    0    0  (Gen:  0)
   521624      4504   4750912  0.001  0.000    4.875    0.790    0    0  (Gen:  0)
   521656      4320   4751000  0.001  0.000    4.877    0.790    0    0  (Gen:  0)
   521480      3904   4750672  0.001  0.000    4.879    0.790    0    0  (Gen:  0)
   521504      4520   4751304  0.001  0.000    4.881    0.791    0    0  (Gen:  0)
   521768      4384   4751440  0.001  0.000    4.903    0.793    0    0  (Gen:  0)
   521488      8032   4755328  0.001  0.000    4.905    0.793    0    0  (Gen:  0)
   521624      6312   4755272  0.001  0.000    4.907    0.794    0    0  (Gen:  0)
   521768      4232   4755448  0.001  0.000    4.909    0.794    0    0  (Gen:  0)
   521560      4056   4755304  0.001  0.000    4.911    0.794    0    0  (Gen:  0)
   521688      3952   4755232  0.001  0.000    4.912    0.794    0    0  (Gen:  0)
   521376      3952   4755320  0.001  0.000    4.914    0.795    0    0  (Gen:  0)
   521632      6144   4757544  0.001  0.000    4.916    0.795    0    0  (Gen:  0)
   521512      4264   4757640  0.001  0.000    4.918    0.795    0    0  (Gen:  0)
   521704      3912   4757376  0.002  0.000    4.922    0.796    0    0  (Gen:  0)
   521760      4152   4757632  0.003  0.000    4.926    0.796    0    0  (Gen:  0)
   521728      4080   4757608  0.001  0.000    4.928    0.797    0    0  (Gen:  0)
   521560      6656   4760200  0.001  0.000    4.930    0.797    0    0  (Gen:  0)
   521656      6248   4759856  0.001  0.000    4.932    0.797    0    0  (Gen:  0)
   521504      4136   4760152  0.001  0.000    4.934    0.798    0    0  (Gen:  0)
   521408      4128   4760176  0.001  0.000    4.939    0.798    0    0  (Gen:  0)
   521624      4064   4760144  0.001  0.000    4.941    0.799    0    0  (Gen:  0)
   521600      3992   4760088  0.001  0.000    4.943    0.799    0    0  (Gen:  0)
   521584      6376   4762488  0.008  0.001    4.951    0.800    0    0  (Gen:  0)
   521408      4224   4762464  0.001  0.000    4.953    0.800    0    0  (Gen:  0)
   521560      4168   4762496  0.001  0.000    4.955    0.801    0    0  (Gen:  0)
   521744      4032   4762392  0.001  0.000    4.957    0.801    0    0  (Gen:  0)
   521704      4136   4762584  0.001  0.000    4.959    0.801    0    0  (Gen:  0)
   521448      6680   4765160  0.001  0.000    4.961    0.801    0    0  (Gen:  0)
   521776      6456   4765000  0.001  0.000    4.963    0.802    0    0  (Gen:  0)
   521320      3904   4764944  0.001  0.000    4.965    0.802    0    0  (Gen:  0)
   521400      4208   4765264  0.001  0.000    4.967    0.802    0    0  (Gen:  0)
   521304      3944   4765048  0.001  0.000    4.969    0.803    0    0  (Gen:  0)
   521688      4504   4765624  0.001  0.000    4.970    0.803    0    0  (Gen:  0)
   521640      4176   4765568  0.001  0.000    4.972    0.803    0    0  (Gen:  0)
   521728      4136   4765688  0.001  0.000    4.974    0.804    0    0  (Gen:  0)
   521664      4360   4765944  0.001  0.000    4.976    0.804    0    0  (Gen:  0)
   521568      4496   4766336  0.001  0.000    4.977    0.804    0    0  (Gen:  0)
   521528      4392   4766472  0.001  0.000    4.979    0.804    0    0  (Gen:  0)
   521408      7288   4769768  0.001  0.000    4.986    0.805    0    0  (Gen:  0)
   521776      5816   4769816  0.001  0.000    4.987    0.805    0    0  (Gen:  0)
   521800      4224   4769880  0.001  0.000    4.988    0.806    0    0  (Gen:  0)
   521360      4192   4769880  0.000  0.000    4.989    0.806    0    0  (Gen:  0)
   521584      4192   4769968  0.000  0.000    4.989    0.806    0    0  (Gen:  0)
   521744      4392   4770200  0.000  0.000    4.990    0.806    0    0  (Gen:  0)
   521800      4112   4769968  0.000  0.000    4.991    0.806    0    0  (Gen:  0)
   521648      3864   4769808  0.000  0.000    4.991    0.806    0    0  (Gen:  0)
   521840      4056   4770016  0.001  0.000    4.993    0.807    0    0  (Gen:  0)
   521784      3976   4769984  0.001  0.000    4.995    0.807    0    0  (Gen:  0)
   521552      3896   4769920  0.001  0.000    4.997    0.807    0    0  (Gen:  0)
   521768      5960   4772000  0.001  0.000    4.999    0.808    0    0  (Gen:  0)
   521368      5968   4772088  0.001  0.000    5.001    0.808    0    0  (Gen:  0)
   521664      4208   4772176  0.001  0.000    5.003    0.808    0    0  (Gen:  0)
   521472      4136   4772136  0.001  0.000    5.005    0.809    0    0  (Gen:  0)
   521560      4104   4772192  0.001  0.000    5.007    0.809    0    0  (Gen:  0)
   521608      4296   4772416  0.001  0.000    5.009    0.809    0    0  (Gen:  0)
   521640      4064   4772232  0.001  0.000    5.011    0.809    0    0  (Gen:  0)
   521760      3960   4772216  0.001  0.000    5.016    0.810    0    0  (Gen:  0)
   521848      4200   4772472  0.000  0.000    5.017    0.810    0    0  (Gen:  0)
   521792      4080   4772400  0.000  0.000    5.018    0.810    0    0  (Gen:  0)
   521464      6688   4775024  0.000  0.000    5.019    0.811    0    0  (Gen:  0)
   521600      6632   4775032  0.000  0.000    5.020    0.811    0    0  (Gen:  0)
   521464      4208   4775192  0.000  0.000    5.021    0.811    0    0  (Gen:  0)
   521560      4232   4775248  0.000  0.000    5.022    0.811    0    0  (Gen:  0)
   521600      4120   4775168  0.000  0.000    5.023    0.811    0    0  (Gen:  0)
   521424      4008   4775072  0.000  0.000    5.024    0.811    0    0  (Gen:  0)
   521712      4400   4775480  0.000  0.000    5.025    0.812    0    0  (Gen:  0)
   521800      4208   4775576  0.000  0.000    5.026    0.812    0    0  (Gen:  0)
   521272      4400   4775856  0.000  0.000    5.027    0.812    0    0  (Gen:  0)
   521792      4016   4775728  0.000  0.000    5.027    0.812    0    0  (Gen:  0)
   521640      4480   4776280  0.000  0.000    5.029    0.812    0    0  (Gen:  0)
   521384      8400   4780608  0.001  0.000    5.030    0.813    0    0  (Gen:  0)
   521544      6408   4780472  0.001  0.000    5.031    0.813    0    0  (Gen:  0)
   521544      4064   4780416  0.001  0.000    5.033    0.813    0    0  (Gen:  0)
   521576      4224   4780592  0.001  0.000    5.034    0.813    0    0  (Gen:  0)
   521696      4024   4780440  0.000  0.000    5.035    0.813    0    0  (Gen:  0)
   521840      6096   4782528  0.000  0.000    5.036    0.814    0    0  (Gen:  0)
   521344      4168   4782280  0.000  0.000    5.037    0.814    0    0  (Gen:  0)
   521624      4208   4782480  0.000  0.000    5.038    0.814    0    0  (Gen:  0)
   521728      4248   4782552  0.000  0.000    5.039    0.814    0    0  (Gen:  0)
   521728      4056   4782392  0.000  0.000    5.039    0.814    0    0  (Gen:  0)
   521784      4120   4782472  0.000  0.000    5.040    0.814    0    0  (Gen:  0)
   521368      6424   4784792  0.000  0.000    5.041    0.814    0    0  (Gen:  0)
   521552      6280   4784728  0.000  0.000    5.042    0.815    0    0  (Gen:  0)
   521360      4744   4785496  0.000  0.000    5.043    0.815    0    0  (Gen:  0)
   521632      4872   4786504  0.000  0.000    5.044    0.815    0    0  (Gen:  0)
   521520      4064   4786520  0.000  0.000    5.045    0.815    0    0  (Gen:  0)
   521664      4256   4786728  0.000  0.000    5.046    0.815    0    0  (Gen:  0)
   521624      4080   4786600  0.000  0.000    5.046    0.815    0    0  (Gen:  0)
   521520      4120   4786800  0.000  0.000    5.047    0.815    0    0  (Gen:  0)
   521736      4168   4786880  0.000  0.000    5.048    0.816    0    0  (Gen:  0)
   521776      3976   4786720  0.000  0.000    5.049    0.816    0    0  (Gen:  0)
   521688      4064   4786824  0.000  0.000    5.050    0.816    0    0  (Gen:  0)
   521352      6256   4789032  0.000  0.000    5.051    0.816    0    0  (Gen:  0)
   521232      6104   4788960  0.000  0.000    5.052    0.816    0    0  (Gen:  0)
   521720      4224   4789136  0.000  0.000    5.053    0.816    0    0  (Gen:  0)
   521616      4120   4789064  0.000  0.000    5.053    0.816    0    0  (Gen:  0)
   521544      4080   4789112  0.000  0.000    5.054    0.817    0    0  (Gen:  0)
   521480      6104   4791168  0.000  0.000    5.055    0.817    0    0  (Gen:  0)
   521664      4160   4791040  0.000  0.000    5.056    0.817    0    0  (Gen:  0)
   521720      4016   4790984  0.000  0.000    5.057    0.817    0    0  (Gen:  0)
   521352      4320   4791304  0.000  0.000    5.058    0.817    0    0  (Gen:  0)
   521280      3952   4790984  0.000  0.000    5.059    0.817    0    0  (Gen:  0)
   521352      6568   4793616  0.000  0.000    5.059    0.818    0    0  (Gen:  0)
   521768      6376   4793488  0.000  0.000    5.060    0.818    0    0  (Gen:  0)
   521528      4048   4793576  0.000  0.000    5.061    0.818    0    0  (Gen:  0)
   521776      4168   4793728  0.000  0.000    5.064    0.818    0    0  (Gen:  0)
   521208      4160   4793752  0.000  0.000    5.065    0.818    0    0  (Gen:  0)
   521576      4080   4793688  0.000  0.000    5.066    0.818    0    0  (Gen:  0)
   521608      4520   4794144  0.000  0.000    5.067    0.819    0    0  (Gen:  0)
   521288      4120   4794032  0.000  0.000    5.067    0.819    0    0  (Gen:  0)
   521584      4512   4794512  0.000  0.000    5.068    0.819    0    0  (Gen:  0)
   521688      4008   4794264  0.000  0.000    5.069    0.819    0    0  (Gen:  0)
   521896      4432   4794776  0.000  0.000    5.070    0.819    0    0  (Gen:  0)
   521568      7872   4798632  0.000  0.000    5.071    0.819    0    0  (Gen:  0)
   521632      6256   4798520  0.000  0.000    5.072    0.819    0    0  (Gen:  0)
   521592      4016   4798464  0.000  0.000    5.073    0.820    0    0  (Gen:  0)
   521400      4320   4798784  0.000  0.000    5.073    0.820    0    0  (Gen:  0)
   521536      4176   4798688  0.000  0.000    5.074    0.820    0    0  (Gen:  0)
   521648      6000   4800520  0.000  0.000    5.075    0.820    0    0  (Gen:  0)
   521640      4528   4800576  0.000  0.000    5.076    0.820    0    0  (Gen:  0)
   521608      3968   4800632  0.000  0.000    5.077    0.820    0    0  (Gen:  0)
   521896      4152   4800848  0.000  0.000    5.078    0.821    0    0  (Gen:  0)
   521728      3968   4800696  0.000  0.000    5.079    0.821    0    0  (Gen:  0)
   521792      4064   4800880  0.000  0.000    5.080    0.821    0    0  (Gen:  0)
   521392      6408   4803256  0.000  0.000    5.080    0.821    0    0  (Gen:  0)
   521552      6440   4803352  0.000  0.000    5.081    0.821    0    0  (Gen:  0)
   521656      3968   4803216  0.000  0.000    5.082    0.821    0    0  (Gen:  0)
   521480      4024   4803288  0.000  0.000    5.083    0.821    0    0  (Gen:  0)
   521504      4136   4803448  0.000  0.000    5.084    0.822    0    0  (Gen:  0)
   521392      6376   4805704  0.000  0.000    5.085    0.822    0    0  (Gen:  0)
   521520      4056   4805496  0.000  0.000    5.086    0.822    0    0  (Gen:  0)
   521568      4096   4805696  0.000  0.000    5.086    0.822    0    0  (Gen:  0)
   521736      4224   4805856  0.000  0.000    5.087    0.822    0    0  (Gen:  0)
   521784      3928   4805592  0.000  0.000    5.088    0.822    0    0  (Gen:  0)
   521640      4040   4805720  0.000  0.000    5.089    0.822    0    0  (Gen:  0)
   521312      6664   4808360  0.000  0.000    5.090    0.823    0    0  (Gen:  0)
   521264      6712   4808488  0.000  0.000    5.091    0.823    0    0  (Gen:  0)
   521648      4080   4808352  0.000  0.000    5.092    0.823    0    0  (Gen:  0)
   521688      4024   4808328  0.000  0.000    5.093    0.823    0    0  (Gen:  0)
   521496      4064   4808456  0.000  0.000    5.093    0.823    0    0  (Gen:  0)
   521560      4456   4808880  0.000  0.000    5.094    0.823    0    0  (Gen:  0)
   521752      4224   4808920  0.000  0.000    5.095    0.823    0    0  (Gen:  0)
   521576      3992   4808776  0.000  0.000    5.096    0.824    0    0  (Gen:  0)
   521768      4376   4809176  0.000  0.000    5.097    0.824    0    0  (Gen:  0)
   521480      4248   4809320  0.000  0.000    5.098    0.824    0    0  (Gen:  0)
   521512      7656   4812968  0.000  0.000    5.099    0.824    0    0  (Gen:  0)
   521568      5704   4812840  0.000  0.000    5.100    0.824    0    0  (Gen:  0)
   521568      4176   4813040  0.000  0.000    5.100    0.824    0    0  (Gen:  0)
   521696      4120   4813016  0.000  0.000    5.101    0.825    0    0  (Gen:  0)
   521600      4176   4813104  0.000  0.000    5.102    0.825    0    0  (Gen:  0)
   521496      4048   4812992  0.000  0.000    5.103    0.825    0    0  (Gen:  0)
   521496      4312   4813272  0.000  0.000    5.104    0.825    0    0  (Gen:  0)
   521768      4232   4813256  0.000  0.000    5.105    0.825    0    0  (Gen:  0)
   521760      4280   4813392  0.000  0.000    5.105    0.825    0    0  (Gen:  0)
   521568      4192   4813336  0.000  0.000    5.106    0.825    0    0  (Gen:  0)
   521312      4192   4813424  0.000  0.000    5.107    0.826    0    0  (Gen:  0)
   521424      5904   4815168  0.000  0.000    5.108    0.826    0    0  (Gen:  0)
   521576      5880   4815208  0.000  0.000    5.109    0.826    0    0  (Gen:  0)
   521464      3992   4815240  0.000  0.000    5.110    0.826    0    0  (Gen:  0)
   521696      4072   4815352  0.000  0.000    5.111    0.826    0    0  (Gen:  0)
   521384      4104   4815416  0.000  0.000    5.111    0.826    0    0  (Gen:  0)
   521656      3992   4815320  0.000  0.000    5.112    0.826    0    0  (Gen:  0)
   521512      4272   4815616  0.000  0.000    5.113    0.827    0    0  (Gen:  0)
   521568      4152   4815560  0.000  0.000    5.114    0.827    0    0  (Gen:  0)
   521752      4232   4815728  0.000  0.000    5.115    0.827    0    0  (Gen:  0)
   521640      3952   4815480  0.000  0.000    5.116    0.827    0    0  (Gen:  0)
   521880      4136   4815752  0.000  0.000    5.117    0.827    0    0  (Gen:  0)
   521432      6736   4818384  0.000  0.000    5.118    0.827    0    0  (Gen:  0)
   521544      6616   4818328  0.000  0.000    5.118    0.827    0    0  (Gen:  0)
   521608      3952   4818176  0.000  0.000    5.119    0.828    0    0  (Gen:  0)
   521536      4200   4818440  0.000  0.000    5.120    0.828    0    0  (Gen:  0)
   521368      4024   4818312  0.000  0.000    5.121    0.828    0    0  (Gen:  0)
   521744      4648   4818952  0.000  0.000    5.122    0.828    0    0  (Gen:  0)
   521600      4216   4818792  0.000  0.000    5.123    0.828    0    0  (Gen:  0)
   521600      4080   4818816  0.000  0.000    5.124    0.828    0    0  (Gen:  0)
   521528      4216   4818984  0.000  0.000    5.124    0.828    0    0  (Gen:  0)
   521664      4400   4819424  0.000  0.000    5.125    0.829    0    0  (Gen:  0)
   521624      4360   4819624  0.000  0.000    5.126    0.829    0    0  (Gen:  0)
   521536      7816   4823480  0.000  0.000    5.127    0.829    0    0  (Gen:  0)
   521800      6096   4823440  0.000  0.000    5.128    0.829    0    0  (Gen:  0)
   521624      4280   4823544  0.000  0.000    5.129    0.829    0    0  (Gen:  0)
   521376      3976   4823272  0.000  0.000    5.130    0.829    0    0  (Gen:  0)
   521336      4192   4823576  0.000  0.000    5.131    0.830    0    0  (Gen:  0)
   521856      5904   4825320  0.000  0.000    5.132    0.830    0    0  (Gen:  0)
   521872      4304   4825400  0.000  0.000    5.132    0.830    0    0  (Gen:  0)
   521632      3992   4825176  0.000  0.000    5.133    0.830    0    0  (Gen:  0)
   521792      4264   4825464  0.000  0.000    5.134    0.830    0    0  (Gen:  0)
   521240      4088   4825336  0.000  0.000    5.135    0.830    0    0  (Gen:  0)
   521440      6656   4827920  0.000  0.000    5.136    0.830    0    0  (Gen:  0)
   521760      6408   4827736  0.000  0.000    5.137    0.831    0    0  (Gen:  0)
   521384      4576   4828296  0.000  0.000    5.138    0.831    0    0  (Gen:  0)
   521672      5512   4829648  0.000  0.000    5.139    0.831    0    0  (Gen:  0)
   521744      3936   4829520  0.000  0.000    5.139    0.831    0    0  (Gen:  0)
   521768      4000   4829672  0.000  0.000    5.140    0.831    0    0  (Gen:  0)
   521616      4200   4829904  0.000  0.000    5.141    0.831    0    0  (Gen:  0)
   521632      4152   4829904  0.000  0.000    5.142    0.831    0    0  (Gen:  0)
   521784      3952   4829792  0.000  0.000    5.143    0.832    0    0  (Gen:  0)
   521832      4136   4829992  0.000  0.000    5.144    0.832    0    0  (Gen:  0)
   521752      4008   4829912  0.000  0.000    5.144    0.832    0    0  (Gen:  0)
   521448      6296   4832216  0.000  0.000    5.145    0.832    0    0  (Gen:  0)
   521736      6032   4832016  0.000  0.000    5.146    0.832    0    0  (Gen:  0)
   521720      4080   4832192  0.000  0.000    5.147    0.832    0    0  (Gen:  0)
   521568      4024   4832168  0.000  0.000    5.148    0.832    0    0  (Gen:  0)
   521480      3992   4832168  0.000  0.000    5.149    0.833    0    0  (Gen:  0)
   521704      3976   4832168  0.000  0.000    5.150    0.833    0    0  (Gen:  0)
   521576      6024   4834232  0.000  0.000    5.151    0.833    0    0  (Gen:  0)
   521248      4232   4834272  0.000  0.000    5.151    0.833    0    0  (Gen:  0)
   521592      4168   4834296  0.001  0.000    5.153    0.833    0    0  (Gen:  0)
   521744      4032   4834192  0.001  0.000    5.155    0.834    0    0  (Gen:  0)
   521752      4136   4834384  0.001  0.000    5.157    0.834    0    0  (Gen:  0)
   521568      6680   4836960  0.001  0.000    5.159    0.834    0    0  (Gen:  0)
   521624      6352   4836696  0.001  0.000    5.161    0.834    0    0  (Gen:  0)
   521568      3952   4836640  0.001  0.000    5.164    0.835    0    0  (Gen:  0)
   521640      4152   4836856  0.001  0.000    5.166    0.835    0    0  (Gen:  0)
   521440      3992   4836744  0.001  0.000    5.168    0.835    0    0  (Gen:  0)
   521680      4416   4837184  0.001  0.000    5.169    0.835    0    0  (Gen:  0)
   521624      4104   4837144  0.001  0.000    5.171    0.836    0    0  (Gen:  0)
   521600      4056   4837256  0.001  0.000    5.173    0.836    0    0  (Gen:  0)
   521432      4448   4837680  0.001  0.000    5.175    0.836    0    0  (Gen:  0)
   521712      4432   4837920  0.001  0.000    5.177    0.836    0    0  (Gen:  0)
   521664      4432   4838160  0.001  0.000    5.179    0.837    0    0  (Gen:  0)
   521376      7664   4841792  0.001  0.000    5.181    0.837    0    0  (Gen:  0)
   521760      6360   4841848  0.001  0.000    5.182    0.837    0    0  (Gen:  0)
   521752      4320   4841992  0.001  0.000    5.184    0.837    0    0  (Gen:  0)
   521480      4192   4841896  0.001  0.000    5.186    0.838    0    0  (Gen:  0)
   521544      4152   4841944  0.001  0.000    5.188    0.838    0    0  (Gen:  0)
   521624      6312   4844136  0.001  0.000    5.190    0.838    0    0  (Gen:  0)
   521608      4160   4843960  0.001  0.000    5.192    0.838    0    0  (Gen:  0)
   521552      4088   4843976  0.001  0.000    5.193    0.839    0    0  (Gen:  0)
   521744      4280   4844184  0.001  0.000    5.195    0.839    0    0  (Gen:  0)
   521736      4288   4844240  0.001  0.000    5.197    0.839    0    0  (Gen:  0)
   521672      3840   4843808  0.001  0.000    5.199    0.839    0    0  (Gen:  0)
   521568      6424   4846408  0.001  0.000    5.201    0.840    0    0  (Gen:  0)
   521472      6368   4846432  0.001  0.000    5.203    0.840    0    0  (Gen:  0)
   521616      4264   4846664  0.001  0.000    5.205    0.840    0    0  (Gen:  0)
   521520      4024   4846456  0.001  0.000    5.207    0.840    0    0  (Gen:  0)
   521568      4136   4846656  0.001  0.000    5.209    0.841    0    0  (Gen:  0)
   521512      6288   4848840  0.001  0.000    5.211    0.841    0    0  (Gen:  0)
   521552      4160   4848824  0.001  0.000    5.213    0.841    0    0  (Gen:  0)
   521568      3944   4848696  0.001  0.000    5.214    0.841    0    0  (Gen:  0)
   521576      4144   4848912  0.001  0.000    5.216    0.842    0    0  (Gen:  0)
   521720      4080   4848896  0.001  0.000    5.218    0.842    0    0  (Gen:  0)
   521560      6832   4851664  0.001  0.000    5.220    0.842    0    0  (Gen:  0)
   521600      6352   4851248  0.001  0.000    5.222    0.842    0    0  (Gen:  0)
   521576      4096   4851560  0.001  0.000    5.224    0.843    0    0  (Gen:  0)
   521432      4152   4851648  0.001  0.000    5.225    0.843    0    0  (Gen:  0)
   521184      4120   4851648  0.001  0.000    5.227    0.843    0    0  (Gen:  0)
   521544      4048   4851592  0.001  0.000    5.229    0.843    0    0  (Gen:  0)
   521696      4448   4852008  0.001  0.000    5.231    0.844    0    0  (Gen:  0)
   521776      4008   4851856  0.001  0.000    5.233    0.844    0    0  (Gen:  0)
   521672      4352   4852288  0.001  0.000    5.235    0.844    0    0  (Gen:  0)
   521544      4040   4852232  0.001  0.000    5.236    0.844    0    0  (Gen:  0)
   521488      4520   4852800  0.001  0.000    5.238    0.844    0    0  (Gen:  0)
   521472      7520   4856216  0.001  0.000    5.240    0.845    0    0  (Gen:  0)
   521720      5728   4856088  0.001  0.000    5.242    0.845    0    0  (Gen:  0)
   521808      4048   4856064  0.001  0.000    5.244    0.845    0    0  (Gen:  0)
   521416      4248   4856280  0.001  0.000    5.246    0.845    0    0  (Gen:  0)
   521568      3992   4856072  0.001  0.000    5.247    0.846    0    0  (Gen:  0)
   521616      4368   4856464  0.001  0.000    5.249    0.846    0    0  (Gen:  0)
   521872      4160   4856304  0.001  0.000    5.251    0.846    0    0  (Gen:  0)
   521592      4208   4856512  0.001  0.000    5.253    0.846    0    0  (Gen:  0)
   521864      4280   4856616  0.001  0.000    5.255    0.847    0    0  (Gen:  0)
   521824      4272   4856640  0.001  0.000    5.256    0.847    0    0  (Gen:  0)
   521720      3976   4856360  0.001  0.000    5.258    0.847    0    0  (Gen:  0)
   521648      6232   4858632  0.001  0.000    5.260    0.847    0    0  (Gen:  0)
   521488      5744   4858224  0.001  0.000    5.262    0.848    0    0  (Gen:  0)
   521552      3864   4858192  0.001  0.000    5.264    0.848    0    0  (Gen:  0)
   521480      4112   4858456  0.001  0.000    5.266    0.848    0    0  (Gen:  0)
   521480      4048   4858440  0.001  0.000    5.267    0.848    0    0  (Gen:  0)
   521648      4208   4858616  0.001  0.000    5.269    0.849    0    0  (Gen:  0)
   521728      4048   4858504  0.001  0.000    5.271    0.849    0    0  (Gen:  0)
   521632      3928   4858544  0.001  0.000    5.273    0.849    0    0  (Gen:  0)
   521856      4128   4858776  0.001  0.000    5.275    0.849    0    0  (Gen:  0)
   521800      4048   4858728  0.001  0.000    5.277    0.850    0    0  (Gen:  0)
   521552      4064   4858760  0.001  0.000    5.278    0.850    0    0  (Gen:  0)
   521576      6552   4861264  0.001  0.000    5.280    0.850    0    0  (Gen:  0)
   521504      6400   4861192  0.001  0.000    5.282    0.850    0    0  (Gen:  0)
   521504      4176   4861480  0.001  0.000    5.284    0.850    0    0  (Gen:  0)
   521680      3952   4861288  0.001  0.000    5.286    0.851    0    0  (Gen:  0)
   521392      3936   4861360  0.001  0.000    5.288    0.851    0    0  (Gen:  0)
   521664      4408   4861864  0.001  0.000    5.289    0.851    0    0  (Gen:  0)
   521760      4264   4861992  0.001  0.000    5.291    0.851    0    0  (Gen:  0)
   521336      4080   4861896  0.001  0.000    5.293    0.852    0    0  (Gen:  0)
   521728      4368   4862200  0.001  0.000    5.295    0.852    0    0  (Gen:  0)
   521680      4400   4862504  0.001  0.000    5.297    0.852    0    0  (Gen:  0)
   521464      8048   4866392  0.001  0.000    5.299    0.852    0    0  (Gen:  0)
   521712      5888   4866216  0.001  0.000    5.301    0.853    0    0  (Gen:  0)
   521808      4064   4866384  0.001  0.000    5.303    0.853    0    0  (Gen:  0)
   521560      4264   4866616  0.001  0.000    5.305    0.853    0    0  (Gen:  0)
   521208      4136   4866520  0.001  0.000    5.306    0.853    0    0  (Gen:  0)
   521592      4040   4866440  0.001  0.000    5.308    0.854    0    0  (Gen:  0)
   521792      5960   4868376  0.001  0.000    5.310    0.854    0    0  (Gen:  0)
   521800      4224   4868336  0.001  0.000    5.312    0.854    0    0  (Gen:  0)
   521808      4280   4868480  0.001  0.000    5.314    0.854    0    0  (Gen:  0)
   521416      4144   4868376  0.001  0.000    5.316    0.855    0    0  (Gen:  0)
   521352      3992   4868312  0.001  0.000    5.317    0.855    0    0  (Gen:  0)
   521688      6544   4870896  0.001  0.000    5.319    0.855    0    0  (Gen:  0)
   521560      6504   4870920  0.001  0.000    5.321    0.855    0    0  (Gen:  0)
   521320      4240   4870960  0.001  0.000    5.323    0.856    0    0  (Gen:  0)
   521856      5520   4872640  0.001  0.000    5.324    0.856    0    0  (Gen:  0)
   521752      4176   4872600  0.001  0.000    5.325    0.856    0    0  (Gen:  0)
   521776      4392   4872832  0.001  0.000    5.327    0.856    0    0  (Gen:  0)
   521552      4304   4872792  0.001  0.000    5.328    0.856    0    0  (Gen:  0)
   521648      4144   4872792  0.001  0.000    5.329    0.857    0    0  (Gen:  0)
   521864      4096   4872776  0.001  0.000    5.331    0.857    0    0  (Gen:  0)
   521744      3936   4872648  0.001  0.000    5.332    0.857    0    0  (Gen:  0)
   521784      4008   4872808  0.001  0.000    5.334    0.857    0    0  (Gen:  0)
   521416      6136   4874968  0.001  0.000    5.335    0.857    0    0  (Gen:  0)
   521776      5912   4874808  0.001  0.000    5.336    0.858    0    0  (Gen:  0)
   521680      3920   4874872  0.001  0.000    5.338    0.858    0    0  (Gen:  0)
   521560      4168   4875136  0.001  0.000    5.339    0.858    0    0  (Gen:  0)
   521480      4104   4875120  0.001  0.000    5.341    0.858    0    0  (Gen:  0)
   521840      6136   4877168  0.001  0.000    5.342    0.858    0    0  (Gen:  0)
   521232      3872   4876720  0.001  0.000    5.344    0.859    0    0  (Gen:  0)
   521472      4008   4877016  0.001  0.000    5.346    0.859    0    0  (Gen:  0)
   521536      4184   4877224  0.001  0.000    5.347    0.859    0    0  (Gen:  0)
   521824      4016   4877088  0.001  0.000    5.348    0.859    0    0  (Gen:  0)
   521664      3904   4876992  0.001  0.000    5.350    0.859    0    0  (Gen:  0)
   521616      6520   4879624  0.001  0.000    5.351    0.860    0    0  (Gen:  0)
   521576      6352   4879536  0.001  0.000    5.352    0.860    0    0  (Gen:  0)
   521616      4232   4879760  0.001  0.000    5.354    0.860    0    0  (Gen:  0)
   521520      4120   4879680  0.001  0.000    5.355    0.860    0    0  (Gen:  0)
   521552      3992   4879640  0.001  0.000    5.357    0.860    0    0  (Gen:  0)
   521624      4400   4880080  0.001  0.000    5.358    0.861    0    0  (Gen:  0)
   521752      4048   4880000  0.001  0.000    5.359    0.861    0    0  (Gen:  0)
   521368      3864   4879904  0.001  0.000    5.361    0.861    0    0  (Gen:  0)
   521696      4504   4880560  0.001  0.000    5.362    0.861    0    0  (Gen:  0)
   521640      4288   4880616  0.001  0.000    5.363    0.861    0    0  (Gen:  0)
   521520      7976   4884544  0.001  0.000    5.365    0.862    0    0  (Gen:  0)
   521600      6256   4884488  0.001  0.000    5.366    0.862    0    0  (Gen:  0)
   521752      4112   4884600  0.001  0.000    5.368    0.862    0    0  (Gen:  0)
   521608      4192   4884712  0.001  0.000    5.369    0.862    0    0  (Gen:  0)
   521592      4056   4884608  0.001  0.000    5.370    0.862    0    0  (Gen:  0)
   521384      4048   4884616  0.001  0.000    5.372    0.863    0    0  (Gen:  0)
   521656      6168   4886752  0.001  0.000    5.374    0.863    0    0  (Gen:  0)
   521416      4264   4886840  0.001  0.000    5.375    0.863    0    0  (Gen:  0)
   521800      4376   4887040  0.001  0.000    5.376    0.863    0    0  (Gen:  0)
   521784      4000   4886696  0.001  0.000    5.378    0.863    0    0  (Gen:  0)
   521776      4136   4886920  0.001  0.000    5.379    0.864    0    0  (Gen:  0)
   521480      6688   4889504  0.001  0.000    5.381    0.864    0    0  (Gen:  0)
   521664      6608   4889488  0.001  0.000    5.382    0.864    0    0  (Gen:  0)
   521544      3984   4889200  0.001  0.000    5.383    0.864    0    0  (Gen:  0)
   521400      4088   4889320  0.001  0.000    5.385    0.864    0    0  (Gen:  0)
   521560      3968   4889248  0.001  0.000    5.386    0.865    0    0  (Gen:  0)
   521680      3920   4889216  0.001  0.000    5.387    0.865    0    0  (Gen:  0)
   521584      6392   4891704  0.001  0.000    5.389    0.865    0    0  (Gen:  0)
   521352      4008   4891448  0.001  0.000    5.390    0.865    0    0  (Gen:  0)
   521600      4112   4891640  0.001  0.000    5.392    0.866    0    0  (Gen:  0)
   521696      3976   4891536  0.001  0.000    5.394    0.866    0    0  (Gen:  0)
   521752      4000   4891648  0.001  0.000    5.395    0.866    0    0  (Gen:  0)
   521448      6624   4894304  0.001  0.000    5.396    0.866    0    0  (Gen:  0)
   521840      6440   4894184  0.001  0.000    5.398    0.866    0    0  (Gen:  0)
   521232      3968   4894208  0.001  0.000    5.399    0.867    0    0  (Gen:  0)
   521424      4152   4894408  0.001  0.000    5.401    0.867    0    0  (Gen:  0)
   521200      3960   4894264  0.001  0.000    5.402    0.867    0    0  (Gen:  0)
   521792      4448   4894768  0.001  0.000    5.403    0.867    0    0  (Gen:  0)
   521592      4120   4894712  0.001  0.000    5.405    0.867    0    0  (Gen:  0)
   521872      4152   4894904  0.001  0.000    5.406    0.868    0    0  (Gen:  0)
   521448      4256   4895040  0.001  0.000    5.407    0.868    0    0  (Gen:  0)
   521568      4456   4895496  0.001  0.000    5.409    0.868    0    0  (Gen:  0)
   521648      4608   4895888  0.001  0.000    5.410    0.868    0    0  (Gen:  0)
   521504      7208   4899048  0.001  0.000    5.412    0.868    0    0  (Gen:  0)
   521728      5736   4898936  0.001  0.000    5.413    0.869    0    0  (Gen:  0)
   521680      4184   4899040  0.001  0.000    5.414    0.869    0    0  (Gen:  0)
   521408      4064   4898952  0.001  0.000    5.416    0.869    0    0  (Gen:  0)
   521632      4136   4899112  0.001  0.000    5.418    0.869    0    0  (Gen:  0)
   521712      4296   4899304  0.001  0.000    5.419    0.869    0    0  (Gen:  0)
   521856      4176   4899232  0.001  0.000    5.421    0.870    0    0  (Gen:  0)
   521584      4048   4899192  0.001  0.000    5.422    0.870    0    0  (Gen:  0)
   521896      4072   4899232  0.001  0.000    5.423    0.870    0    0  (Gen:  0)
   521704      4112   4899320  0.001  0.000    5.425    0.870    0    0  (Gen:  0)
   521632      6040   4901264  0.001  0.000    5.426    0.870    0    0  (Gen:  0)
   521672      6008   4901296  0.001  0.000    5.428    0.871    0    0  (Gen:  0)
   521448      4152   4901360  0.001  0.000    5.429    0.871    0    0  (Gen:  0)
   521568      4320   4901560  0.001  0.000    5.431    0.871    0    0  (Gen:  0)
   521560      4216   4901488  0.001  0.000    5.432    0.871    0    0  (Gen:  0)
   521544      4144   4901432  0.001  0.000    5.434    0.871    0    0  (Gen:  0)
   521624      4032   4901336  0.001  0.000    5.435    0.872    0    0  (Gen:  0)
   521648      4064   4901432  0.001  0.000    5.437    0.872    0    0  (Gen:  0)
   521768      3848   4901304  0.001  0.000    5.438    0.872    0    0  (Gen:  0)
   521816      4144   4901616  0.001  0.000    5.439    0.872    0    0  (Gen:  0)
   521792      4024   4901544  0.001  0.000    5.441    0.873    0    0  (Gen:  0)
   521536      6680   4904216  0.001  0.000    5.443    0.873    0    0  (Gen:  0)
   521528      6576   4904176  0.001  0.000    5.444    0.873    0    0  (Gen:  0)
   521536      3904   4904088  0.001  0.000    5.446    0.873    0    0  (Gen:  0)
   521480      4136   4904352  0.001  0.000    5.447    0.873    0    0  (Gen:  0)
   521552      4088   4904336  0.001  0.000    5.448    0.874    0    0  (Gen:  0)
   521568      3944   4904208  0.001  0.000    5.450    0.874    0    0  (Gen:  0)
   521672      4424   4904704  0.001  0.000    5.451    0.874    0    0  (Gen:  0)
   521744      4136   4904704  0.001  0.000    5.452    0.874    0    0  (Gen:  0)
   521328      4344   4905000  0.001  0.000    5.454    0.874    0    0  (Gen:  0)
   521736      4064   4904976  0.001  0.000    5.455    0.875    0    0  (Gen:  0)
   521656      4592   4905592  0.001  0.000    5.457    0.875    0    0  (Gen:  0)
   521488      7904   4909320  0.001  0.000    5.458    0.875    0    0  (Gen:  0)
   521784      6064   4909304  0.001  0.000    5.459    0.875    0    0  (Gen:  0)
   521720      4216   4909376  0.001  0.000    5.461    0.875    0    0  (Gen:  0)
   521408      4168   4909344  0.001  0.000    5.462    0.876    0    0  (Gen:  0)
   521248      3976   4909200  0.001  0.000    5.464    0.876    0    0  (Gen:  0)
   521768      5840   4911080  0.001  0.000    5.466    0.876    0    0  (Gen:  0)
   521864      4136   4911056  0.001  0.000    5.467    0.876    0    0  (Gen:  0)
   521720      4152   4911232  0.001  0.000    5.468    0.876    0    0  (Gen:  0)
   521832      4168   4911280  0.001  0.000    5.470    0.877    0    0  (Gen:  0)
   521208      4160   4911304  0.001  0.000    5.471    0.877    0    0  (Gen:  0)
   521368      3960   4911120  0.001  0.000    5.472    0.877    0    0  (Gen:  0)
   521840      6704   4913880  0.001  0.000    5.474    0.877    0    0  (Gen:  0)
   521480      6352   4913608  0.001  0.000    5.475    0.877    0    0  (Gen:  0)
   521512      5896   4915456  0.001  0.000    5.477    0.878    0    0  (Gen:  0)
   521712      4064   4915232  0.001  0.000    5.479    0.878    0    0  (Gen:  0)
   521712      4208   4915464  0.001  0.000    5.480    0.878    0    0  (Gen:  0)
   521592      4336   4915624  0.001  0.000    5.482    0.878    0    0  (Gen:  0)
   521872      4208   4915544  0.001  0.000    5.483    0.878    0    0  (Gen:  0)
   521584      4104   4915528  0.001  0.000    5.484    0.879    0    0  (Gen:  0)
   521880      4264   4915704  0.001  0.000    5.486    0.879    0    0  (Gen:  0)
   521752      4176   4915664  0.001  0.000    5.487    0.879    0    0  (Gen:  0)
   521592      6128   4917632  0.001  0.000    5.488    0.879    0    0  (Gen:  0)
   521584      6048   4917616  0.001  0.000    5.490    0.879    0    0  (Gen:  0)
   521760      3968   4917664  0.001  0.000    5.491    0.880    0    0  (Gen:  0)
   521592      4168   4917896  0.001  0.000    5.492    0.880    0    0  (Gen:  0)
   521600      3952   4917712  0.001  0.000    5.494    0.880    0    0  (Gen:  0)
   521528      4080   4917928  0.001  0.000    5.495    0.880    0    0  (Gen:  0)
   521792      5968   4919848  0.001  0.000    5.497    0.880    0    0  (Gen:  0)
   521200      4136   4919832  0.001  0.000    5.498    0.881    0    0  (Gen:  0)
   521544      3992   4919776  0.001  0.000    5.500    0.881    0    0  (Gen:  0)
   521560      4168   4919968  0.001  0.000    5.501    0.881    0    0  (Gen:  0)
   521864      4152   4920000  0.001  0.000    5.503    0.881    0    0  (Gen:  0)
   521672      6552   4922416  0.001  0.000    5.504    0.882    0    0  (Gen:  0)
   521528      6424   4922352  0.001  0.000    5.506    0.882    0    0  (Gen:  0)
   521608      3936   4922280  0.001  0.000    5.507    0.882    0    0  (Gen:  0)
   521544      4208   4922584  0.001  0.000    5.508    0.882    0    0  (Gen:  0)
   521552      4160   4922568  0.001  0.000    5.510    0.882    0    0  (Gen:  0)
   521592      4016   4922440  0.001  0.000    5.511    0.882    0    0  (Gen:  0)
   521648      4448   4922888  0.001  0.000    5.512    0.883    0    0  (Gen:  0)
   521736      4136   4922864  0.001  0.000    5.514    0.883    0    0  (Gen:  0)
   521288      4416   4923232  0.001  0.000    5.515    0.883    0    0  (Gen:  0)
   521728      4136   4923208  0.001  0.000    5.516    0.883    0    0  (Gen:  0)
   521656      4576   4923736  0.001  0.000    5.518    0.883    0    0  (Gen:  0)
   521392      7720   4927296  0.001  0.000    5.519    0.884    0    0  (Gen:  0)
   521800      6256   4927336  0.001  0.000    5.521    0.884    0    0  (Gen:  0)
   521736      4104   4927368  0.001  0.000    5.522    0.884    0    0  (Gen:  0)
   521600      4168   4927448  0.001  0.000    5.524    0.884    0    0  (Gen:  0)
   521360      4120   4927448  0.001  0.000    5.526    0.885    0    0  (Gen:  0)
   521656      6296   4929640  0.001  0.000    5.527    0.885    0    0  (Gen:  0)
   521624      4192   4929512  0.001  0.000    5.528    0.885    0    0  (Gen:  0)
   521408      4088   4929568  0.001  0.000    5.530    0.885    0    0  (Gen:  0)
   521776      4208   4929720  0.001  0.000    5.532    0.885    0    0  (Gen:  0)
   521872      4016   4929560  0.001  0.000    5.533    0.886    0    0  (Gen:  0)
   521640      4024   4929584  0.001  0.000    5.535    0.886    0    0  (Gen:  0)
   521488      6600   4932176  0.001  0.000    5.536    0.886    0    0  (Gen:  0)
   521464      6496   4932152  0.001  0.000    5.537    0.886    0    0  (Gen:  0)
   521800      4224   4932216  0.001  0.000    5.539    0.886    0    0  (Gen:  0)
   521360      4192   4932216  0.001  0.000    5.540    0.887    0    0  (Gen:  0)
   521584      4192   4932304  0.001  0.000    5.541    0.887    0    0  (Gen:  0)
   521552      6208   4934352  0.001  0.000    5.543    0.887    0    0  (Gen:  0)
   521688      4024   4934280  0.001  0.000    5.544    0.887    0    0  (Gen:  0)
   521376      3952   4934368  0.001  0.000    5.546    0.887    0    0  (Gen:  0)
   521584      4024   4934472  0.001  0.000    5.547    0.888    0    0  (Gen:  0)
   521712      3976   4934456  0.001  0.000    5.548    0.888    0    0  (Gen:  0)
   521704      3968   4934464  0.001  0.000    5.550    0.888    0    0  (Gen:  0)
   521528      6664   4937176  0.001  0.000    5.551    0.888    0    0  (Gen:  0)
   521712      6512   4937104  0.001  0.000    5.552    0.888    0    0  (Gen:  0)
   521288      4296   4937384  0.001  0.000    5.554    0.889    0    0  (Gen:  0)
   521224      4120   4937240  0.001  0.000    5.555    0.889    0    0  (Gen:  0)
   521456      3888   4937096  0.001  0.000    5.557    0.889    0    0  (Gen:  0)
   521696      4480   4937720  0.001  0.000    5.558    0.889    0    0  (Gen:  0)
   521816      4192   4937704  0.001  0.000    5.559    0.889    0    0  (Gen:  0)
   521712      3968   4937568  0.001  0.000    5.561    0.890    0    0  (Gen:  0)
   521448      4288   4937904  0.001  0.000    5.562    0.890    0    0  (Gen:  0)
   521512      4328   4938216  0.001  0.000    5.563    0.890    0    0  (Gen:  0)
   521528      7752   4941880  0.001  0.000    5.565    0.890    0    0  (Gen:  0)
   521616      5856   4941808  0.001  0.000    5.566    0.890    0    0  (Gen:  0)
   521816      3952   4941632  0.001  0.000    5.568    0.891    0    0  (Gen:  0)
   521480      4024   4941736  0.001  0.000    5.569    0.891    0    0  (Gen:  0)
   521576      4136   4941880  0.001  0.000    5.570    0.891    0    0  (Gen:  0)
   521560      3952   4941712  0.001  0.000    5.572    0.891    0    0  (Gen:  0)
   521888      4288   4942064  0.001  0.000    5.573    0.891    0    0  (Gen:  0)
   521624      4160   4942000  0.001  0.000    5.575    0.892    0    0  (Gen:  0)
   521928      4120   4942048  0.001  0.000    5.576    0.892    0    0  (Gen:  0)
   521672      4032   4941992  0.001  0.000    5.577    0.892    0    0  (Gen:  0)
   521752      4136   4942184  0.001  0.000    5.579    0.892    0    0  (Gen:  0)
   521704      6032   4944112  0.001  0.000    5.580    0.892    0    0  (Gen:  0)
   521600      5992   4944136  0.001  0.000    5.582    0.893    0    0  (Gen:  0)
   521376      4048   4944040  0.001  0.000    5.583    0.893    0    0  (Gen:  0)
   521528      4208   4944216  0.001  0.000    5.585    0.893    0    0  (Gen:  0)
   521592      4104   4944160  0.000  0.000    5.586    0.893    0    0  (Gen:  0)
   521656      4264   4944336  0.000  0.000    5.586    0.893    0    0  (Gen:  0)
   521592      4160   4944280  0.000  0.000    5.587    0.893    0    0  (Gen:  0)
   521576      4192   4944472  0.000  0.000    5.587    0.894    0    0  (Gen:  0)
   521928      4280   4944592  0.000  0.000    5.588    0.894    0    0  (Gen:  0)
   521688      4248   4944592  0.000  0.000    5.588    0.894    0    0  (Gen:  0)
   521792      4160   4944520  0.000  0.000    5.589    0.894    0    0  (Gen:  0)
   521360      6680   4947056  0.000  0.000    5.590    0.894    0    0  (Gen:  0)
   521592      6544   4947000  0.000  0.000    5.590    0.894    0    0  (Gen:  0)
   521592      3904   4946872  0.000  0.000    5.591    0.894    0    0  (Gen:  0)
   521592      4240   4947224  0.000  0.000    5.591    0.894    0    0  (Gen:  0)
   521352      3936   4946968  0.000  0.000    5.592    0.895    0    0  (Gen:  0)
   521776      4552   4947600  0.000  0.000    5.592    0.895    0    0  (Gen:  0)
   521600      3992   4947312  0.000  0.000    5.593    0.895    0    0  (Gen:  0)
   521544      4136   4947616  0.000  0.000    5.593    0.895    0    0  (Gen:  0)
   521568      4488   4948000  0.000  0.000    5.594    0.895    0    0  (Gen:  0)
   521680      4080   4947848  0.000  0.000    5.595    0.895    0    0  (Gen:  0)
   521544      4536   4948544  0.000  0.000    5.595    0.895    0    0  (Gen:  0)
   521616      7584   4952152  0.000  0.000    5.596    0.895    0    0  (Gen:  0)
   521864      5872   4951960  0.000  0.000    5.596    0.896    0    0  (Gen:  0)
   521560      4280   4952288  0.000  0.000    5.597    0.896    0    0  (Gen:  0)
   521336      4152   4952192  0.000  0.000    5.597    0.896    0    0  (Gen:  0)
   521368      3960   4952088  0.000  0.000    5.598    0.896    0    0  (Gen:  0)
   521864      5928   4954088  0.000  0.000    5.599    0.896    0    0  (Gen:  0)
   521888      3984   4953824  0.001  0.000    5.600    0.896    0    0  (Gen:  0)
   521608      3952   4953880  0.001  0.000    5.600    0.896    0    0  (Gen:  0)
   521720      4144   4954088  0.001  0.000    5.601    0.897    0    0  (Gen:  0)
   521232      4048   4954040  0.001  0.000    5.602    0.897    0    0  (Gen:  0)
   521576      6448   4956456  0.000  0.000    5.603    0.897    0    0  (Gen:  0)
   521696      6280   4956352  0.000  0.000    5.603    0.897    0    0  (Gen:  0)
   521392      4536   4957000  0.000  0.000    5.604    0.897    0    0  (Gen:  0)
   521704      5656   4958536  0.001  0.000    5.605    0.897    0    0  (Gen:  0)
   521696      4160   4958488  0.001  0.000    5.607    0.898    0    0  (Gen:  0)
   521824      4192   4958536  0.001  0.000    5.609    0.898    0    0  (Gen:  0)
   521528      4304   4958664  0.001  0.000    5.611    0.898    0    0  (Gen:  0)
   521680      4152   4958576  0.001  0.000    5.613    0.898    0    0  (Gen:  0)
   521864      4320   4958832  0.001  0.000    5.615    0.899    0    0  (Gen:  0)
   521712      4064   4958608  0.001  0.000    5.617    0.899    0    0  (Gen:  0)
   521712      4208   4958840  0.001  0.000    5.618    0.899    0    0  (Gen:  0)
   521496      6280   4960944  0.001  0.000    5.620    0.899    0    0  (Gen:  0)
   521824      6344   4961072  0.002  0.000    5.624    0.900    0    0  (Gen:  0)
   521704      4000   4960784  0.000  0.000    5.625    0.900    0    0  (Gen:  0)
   521472      4352   4961152  0.001  0.000    5.626    0.900    0    0  (Gen:  0)
   521456      4216   4961064  0.000  0.000    5.627    0.900    0    0  (Gen:  0)
   521808      4296   4961152  0.000  0.000    5.628    0.900    0    0  (Gen:  0)
   521512      5504   4962800  0.000  0.000    5.628    0.901    0    0  (Gen:  0)
   521272      3832   4962656  0.000  0.000    5.629    0.901    0    0  (Gen:  0)
   521584      4168   4963008  0.001  0.000    5.631    0.901    0    0  (Gen:  0)
   521784      4024   4962896  0.001  0.000    5.633    0.901    0    0  (Gen:  0)
   521752      4080   4963040  0.001  0.000    5.635    0.902    0    0  (Gen:  0)
   521496      6568   4965560  0.001  0.000    5.637    0.902    0    0  (Gen:  0)
   521736      6432   4965488  0.001  0.000    5.639    0.902    0    0  (Gen:  0)
   521496      4032   4965432  0.001  0.000    5.641    0.903    0    0  (Gen:  0)
   521600      4264   4965680  0.001  0.000    5.643    0.903    0    0  (Gen:  0)
   521424      4008   4965472  0.001  0.000    5.645    0.903    0    0  (Gen:  0)
   521784      4496   4965976  0.001  0.000    5.647    0.903    0    0  (Gen:  0)
   521560      4136   4965888  0.001  0.000    5.649    0.904    0    0  (Gen:  0)
   521592      4064   4965976  0.001  0.000    5.651    0.904    0    0  (Gen:  0)
   521544      4392   4966336  0.001  0.000    5.653    0.904    0    0  (Gen:  0)
   521648      4368   4966568  0.001  0.000    5.655    0.905    0    0  (Gen:  0)
   521544      4568   4967008  0.001  0.000    5.660    0.905    0    0  (Gen:  0)
   521496      7584   4970584  0.001  0.000    5.662    0.906    0    0  (Gen:  0)
   521808      6240   4970440  0.001  0.000    5.664    0.906    0    0  (Gen:  0)
   521640      4184   4970568  0.001  0.000    5.667    0.907    0    0  (Gen:  0)
   521664      3904   4970320  0.001  0.000    5.668    0.907    0    0  (Gen:  0)
   521440      4080   4970584  0.001  0.000    5.670    0.907    0    0  (Gen:  0)
   521576      6224   4972760  0.001  0.000    5.672    0.907    0    0  (Gen:  0)
   521544      4192   4972704  0.001  0.000    5.674    0.908    0    0  (Gen:  0)
   521672      3992   4972592  0.001  0.000    5.675    0.908    0    0  (Gen:  0)
   521672      4208   4972824  0.001  0.000    5.677    0.908    0    0  (Gen:  0)
   521816      4160   4972824  0.001  0.000    5.679    0.909    0    0  (Gen:  0)
   521536      6504   4975184  0.001  0.000    5.681    0.909    0    0  (Gen:  0)
   521680      6416   4975160  0.001  0.000    5.683    0.909    0    0  (Gen:  0)
   521416      4168   4975320  0.001  0.000    5.685    0.910    0    0  (Gen:  0)
   521608      4064   4975248  0.001  0.000    5.687    0.910    0    0  (Gen:  0)
   521544      4232   4975448  0.001  0.000    5.689    0.910    0    0  (Gen:  0)
   521616      4080   4975312  0.001  0.000    5.691    0.911    0    0  (Gen:  0)
   521544      6360   4977608  0.016  0.001    5.707    0.912    0    0  (Gen:  0)
   521472      4320   4977696  0.001  0.000    5.708    0.912    0    0  (Gen:  0)
   521568      4336   4977800  0.001  0.000    5.709    0.913    0    0  (Gen:  0)
   521592      4072   4977568  0.000  0.000    5.710    0.913    0    0  (Gen:  0)
   521728      4304   4977888  0.000  0.000    5.711    0.913    0    0  (Gen:  0)
   521584      6720   4980336  0.001  0.000    5.712    0.913    0    0  (Gen:  0)
   521576      6416   4980096  0.001  0.000    5.713    0.913    0    0  (Gen:  0)
   521552      4064   4980312  0.000  0.000    5.713    0.913    0    0  (Gen:  0)
   521416      4136   4980416  0.000  0.000    5.714    0.913    0    0  (Gen:  0)
   521224      4080   4980392  0.000  0.000    5.714    0.914    0    0  (Gen:  0)
   521544      4008   4980336  0.000  0.000    5.715    0.914    0    0  (Gen:  0)
   521712      4400   4980744  0.000  0.000    5.715    0.914    0    0  (Gen:  0)
   521800      4208   4980840  0.000  0.000    5.716    0.914    0    0  (Gen:  0)
   521632      4472   4981192  0.000  0.000    5.717    0.914    0    0  (Gen:  0)
   521480      4016   4980992  0.000  0.000    5.717    0.914    0    0  (Gen:  0)
   521576      4408   4981472  0.000  0.000    5.718    0.914    0    0  (Gen:  0)
   521440      7440   4984920  0.000  0.000    5.718    0.914    0    0  (Gen:  0)
   521752      5816   4984960  0.000  0.000    5.719    0.915    0    0  (Gen:  0)
   521728      4048   4984848  0.000  0.000    5.720    0.915    0    0  (Gen:  0)
   521480      4128   4984944  0.000  0.000    5.720    0.915    0    0  (Gen:  0)
   521536      4152   4985016  0.000  0.000    5.721    0.915    0    0  (Gen:  0)
   521600      4336   4985216  0.000  0.000    5.721    0.915    0    0  (Gen:  0)
   521896      4040   4984968  0.000  0.000    5.722    0.915    0    0  (Gen:  0)
   521592      4080   4985168  0.000  0.000    5.722    0.915    0    0  (Gen:  0)
   521920      4152   4985272  0.000  0.000    5.723    0.915    0    0  (Gen:  0)
   521744      4016   4985168  0.000  0.000    5.723    0.916    0    0  (Gen:  0)
   521664      3904   4985072  0.000  0.000    5.724    0.916    0    0  (Gen:  0)
   521784      6088   4987272  0.000  0.000    5.724    0.916    0    0  (Gen:  0)
   521352      5880   4987144  0.000  0.000    5.725    0.916    0    0  (Gen:  0)
   521584      4264   4987376  0.001  0.000    5.727    0.916    0    0  (Gen:  0)
   521560      4160   4987304  0.001  0.000    5.729    0.917    0    0  (Gen:  0)
   521496      4040   4987272  0.001  0.000    5.731    0.917    0    0  (Gen:  0)
   521536      4328   4987592  0.001  0.000    5.733    0.917    0    0  (Gen:  0)
   521824      4144   4987456  0.001  0.000    5.735    0.917    0    0  (Gen:  0)
   521600      4064   4987464  0.001  0.000    5.737    0.918    0    0  (Gen:  0)
   521840      4296   4987712  0.001  0.000    5.739    0.918    0    0  (Gen:  0)
   521728      4160   4987624  0.001  0.000    5.741    0.918    0    0  (Gen:  0)
   521712      6832   4990312  0.001  0.000    5.743    0.919    0    0  (Gen:  0)
   521464      6712   4990256  0.001  0.000    5.744    0.919    0    0  (Gen:  0)
   521488      4232   4990360  0.001  0.000    5.746    0.919    0    0  (Gen:  0)
   521560      4056   4990216  0.001  0.000    5.747    0.919    0    0  (Gen:  0)
   521688      3952   4990144  0.001  0.000    5.751    0.920    0    0  (Gen:  0)
   521376      3952   4990232  0.000  0.000    5.751    0.920    0    0  (Gen:  0)
   521696      4352   4990664  0.000  0.000    5.752    0.920    0    0  (Gen:  0)
   521752      4032   4990616  0.001  0.000    5.753    0.920    0    0  (Gen:  0)
   521312      3992   4990664  0.001  0.000    5.754    0.920    0    0  (Gen:  0)
   521728      4336   4991024  0.001  0.000    5.755    0.921    0    0  (Gen:  0)
   521744      4272   4991232  0.001  0.000    5.756    0.921    0    0  (Gen:  0)
   521408      7872   4995072  0.001  0.000    5.757    0.921    0    0  (Gen:  0)
   521776      5928   4995112  0.000  0.000    5.758    0.921    0    0  (Gen:  0)
   521840      3920   4995096  0.000  0.000    5.758    0.921    0    0  (Gen:  0)
   521480      4152   4995360  0.000  0.000    5.759    0.921    0    0  (Gen:  0)
   521200      4176   4995416  0.000  0.000    5.759    0.922    0    0  (Gen:  0)
   521480      4064   4995320  0.000  0.000    5.760    0.922    0    0  (Gen:  0)
   521936      5872   4997144  0.000  0.000    5.761    0.922    0    0  (Gen:  0)
   521768      4176   4997144  0.000  0.000    5.761    0.922    0    0  (Gen:  0)
   521872      4264   4997320  0.000  0.000    5.762    0.922    0    0  (Gen:  0)
   521320      4024   4997112  0.000  0.000    5.762    0.922    0    0  (Gen:  0)
   521408      4192   4997368  0.000  0.000    5.763    0.922    0    0  (Gen:  0)
   521624      6472   4999680  0.000  0.000    5.763    0.922    0    0  (Gen:  0)
   521560      6408   4999680  0.000  0.000    5.764    0.923    0    0  (Gen:  0)
   521464      4280   4999856  0.000  0.000    5.765    0.923    0    0  (Gen:  0)
   521792      5496   5001472  0.000  0.000    5.765    0.923    0    0  (Gen:  0)
   521720      3968   5001248  0.000  0.000    5.766    0.923    0    0  (Gen:  0)
   521720      4224   5001520  0.000  0.000    5.767    0.923    0    0  (Gen:  0)
   521648      4176   5001520  0.000  0.000    5.767    0.923    0    0  (Gen:  0)
   521568      4096   5001600  0.000  0.000    5.768    0.923    0    0  (Gen:  0)
   521936      4240   5001776  0.000  0.000    5.768    0.923    0    0  (Gen:  0)
   521696      4160   5001728  0.000  0.000    5.769    0.924    0    0  (Gen:  0)
   521712      4072   5001656  0.000  0.000    5.770    0.924    0    0  (Gen:  0)
   521496      6296   5003896  0.001  0.000    5.771    0.924    0    0  (Gen:  0)
   521752      6160   5003840  0.000  0.000    5.771    0.924    0    0  (Gen:  0)
   521760      4264   5004000  0.000  0.000    5.779    0.925    0    0  (Gen:  0)
   521496      4120   5003888  0.000  0.000    5.780    0.925    0    0  (Gen:  0)
   521464      4192   5004048  0.000  0.000    5.780    0.925    0    0  (Gen:  0)
   521864      6088   5005976  0.000  0.000    5.781    0.925    0    0  (Gen:  0)
   521272      4304   5006008  0.000  0.000    5.781    0.925    0    0  (Gen:  0)
   521464      4136   5005928  0.000  0.000    5.782    0.925    0    0  (Gen:  0)
   521544      4232   5006040  0.000  0.000    5.782    0.926    0    0  (Gen:  0)
   521720      3952   5005808  0.000  0.000    5.783    0.926    0    0  (Gen:  0)
   521792      3936   5005808  0.000  0.000    5.783    0.926    0    0  (Gen:  0)
   521568      6488   5008376  0.000  0.000    5.784    0.926    0    0  (Gen:  0)
   521480      6448   5008416  0.000  0.000    5.785    0.926    0    0  (Gen:  0)
   521584      4168   5008480  0.000  0.000    5.785    0.926    0    0  (Gen:  0)
   521672      4024   5008368  0.000  0.000    5.786    0.926    0    0  (Gen:  0)
   521496      4008   5008440  0.000  0.000    5.786    0.926    0    0  (Gen:  0)
   521664      4440   5008904  0.000  0.000    5.787    0.926    0    0  (Gen:  0)
   521792      4280   5009016  0.000  0.000    5.787    0.927    0    0  (Gen:  0)
   521224      4048   5008872  0.000  0.000    5.788    0.927    0    0  (Gen:  0)
   521776      4088   5008928  0.000  0.000    5.789    0.927    0    0  (Gen:  0)
   521752      4264   5009376  0.000  0.000    5.789    0.927    0    0  (Gen:  0)
   521304      8104   5013456  0.000  0.000    5.790    0.927    0    0  (Gen:  0)
   521752      6176   5013192  0.000  0.000    5.790    0.927    0    0  (Gen:  0)
   521760      4152   5013424  0.000  0.000    5.791    0.927    0    0  (Gen:  0)
   521528      4184   5013488  0.000  0.000    5.792    0.928    0    0  (Gen:  0)
   521560      4080   5013416  0.000  0.000    5.792    0.928    0    0  (Gen:  0)
   521480      4104   5013456  0.003  0.000    5.795    0.928    0    0  (Gen:  0)
   521664      6040   5015408  0.000  0.000    5.796    0.928    0    0  (Gen:  0)
   521504      3976   5015336  0.001  0.000    5.797    0.928    0    0  (Gen:  0)
   521672      4264   5015712  0.001  0.000    5.798    0.929    0    0  (Gen:  0)
   521856      4040   5015520  0.001  0.000    5.799    0.929    0    0  (Gen:  0)
   521736      4168   5015736  0.001  0.000    5.801    0.929    0    0  (Gen:  0)
   521464      6464   5018064  0.001  0.000    5.802    0.929    0    0  (Gen:  0)
   521552      6496   5018160  0.001  0.000    5.803    0.929    0    0  (Gen:  0)
   521656      4024   5018024  0.001  0.000    5.804    0.929    0    0  (Gen:  0)
   521432      4184   5018200  0.001  0.000    5.805    0.930    0    0  (Gen:  0)
   521552      4192   5018256  0.000  0.000    5.806    0.930    0    0  (Gen:  0)
   521560      6448   5020528  0.000  0.000    5.806    0.930    0    0  (Gen:  0)
   521552      4096   5020288  0.000  0.000    5.807    0.930    0    0  (Gen:  0)
   521536      4168   5020520  0.000  0.000    5.807    0.930    0    0  (Gen:  0)
   521424      4248   5020632  0.000  0.000    5.808    0.930    0    0  (Gen:  0)
   521880      3984   5020400  0.000  0.000    5.808    0.930    0    0  (Gen:  0)
   521688      4096   5020528  0.000  0.000    5.809    0.930    0    0  (Gen:  0)
   521432      6760   5023208  0.000  0.000    5.810    0.931    0    0  (Gen:  0)
   521784      6656   5023184  0.000  0.000    5.810    0.931    0    0  (Gen:  0)
   521280      3768   5022792  0.000  0.000    5.811    0.931    0    0  (Gen:  0)
   521392      4008   5023064  0.000  0.000    5.811    0.931    0    0  (Gen:  0)
   521256      4008   5023136  0.000  0.000    5.812    0.931    0    0  (Gen:  0)
   521680      4376   5023520  0.000  0.000    5.812    0.931    0    0  (Gen:  0)
   521744      3976   5023392  0.000  0.000    5.813    0.931    0    0  (Gen:  0)
   521776      4136   5023712  0.000  0.000    5.814    0.931    0    0  (Gen:  0)
   521472      4280   5023888  0.000  0.000    5.814    0.932    0    0  (Gen:  0)
   521568      4184   5024048  0.000  0.000    5.815    0.932    0    0  (Gen:  0)
   521688      4768   5024872  0.000  0.000    5.815    0.932    0    0  (Gen:  0)
   521440      6976   5027800  0.000  0.000    5.816    0.932    0    0  (Gen:  0)
   521800      5736   5027760  0.000  0.000    5.817    0.932    0    0  (Gen:  0)
   521608      4192   5027872  0.000  0.000    5.817    0.932    0    0  (Gen:  0)
   521496      4104   5027816  0.000  0.000    5.818    0.932    0    0  (Gen:  0)
   521592      4192   5027992  0.000  0.000    5.818    0.932    0    0  (Gen:  0)
   521808      4272   5028104  0.000  0.000    5.819    0.933    0    0  (Gen:  0)
   521632      4136   5028016  0.000  0.000    5.819    0.933    0    0  (Gen:  0)
   521760      4032   5028000  0.000  0.000    5.820    0.933    0    0  (Gen:  0)
   521824      4240   5028224  0.000  0.000    5.820    0.933    0    0  (Gen:  0)
   521784      4160   5028192  0.000  0.000    5.821    0.933    0    0  (Gen:  0)
   521584      5992   5030040  0.000  0.000    5.822    0.933    0    0  (Gen:  0)
   521712      5888   5030000  0.000  0.000    5.822    0.933    0    0  (Gen:  0)
   521440      4064   5030096  0.000  0.000    5.823    0.933    0    0  (Gen:  0)
   521496      4032   5030096  0.000  0.000    5.823    0.934    0    0  (Gen:  0)
   521616      4120   5030216  0.000  0.000    5.824    0.934    0    0  (Gen:  0)
   521528      4064   5030176  0.000  0.000    5.824    0.934    0    0  (Gen:  0)
   521544      4312   5030440  0.000  0.000    5.825    0.934    0    0  (Gen:  0)
   521696      4264   5030456  0.000  0.000    5.825    0.934    0    0  (Gen:  0)
   521904      4352   5030632  0.000  0.000    5.826    0.934    0    0  (Gen:  0)
   521680      4000   5030312  0.000  0.000    5.826    0.934    0    0  (Gen:  0)
   521760      4128   5030528  0.000  0.000    5.827    0.934    0    0  (Gen:  0)
   521512      6720   5033152  0.001  0.000    5.829    0.935    0    0  (Gen:  0)
   521592      6552   5033048  0.000  0.000    5.829    0.935    0    0  (Gen:  0)
   521496      4032   5033040  0.000  0.000    5.830    0.935    0    0  (Gen:  0)
   521584      4208   5033232  0.000  0.000    5.830    0.935    0    0  (Gen:  0)
   521472      4248   5033320  0.000  0.000    5.831    0.935    0    0  (Gen:  0)
   521592      4704   5033792  0.000  0.000    5.831    0.935    0    0  (Gen:  0)
   521680      4264   5033624  0.000  0.000    5.832    0.935    0    0  (Gen:  0)
   521688      3784   5033304  0.000  0.000    5.832    0.935    0    0  (Gen:  0)
   521392      4336   5033888  0.000  0.000    5.833    0.936    0    0  (Gen:  0)
   521728      3968   5033776  0.000  0.000    5.834    0.936    0    0  (Gen:  0)
   521576      4232   5034128  0.000  0.000    5.834    0.936    0    0  (Gen:  0)
   521560      7864   5038176  0.000  0.000    5.835    0.936    0    0  (Gen:  0)
   521824      5936   5038072  0.000  0.000    5.835    0.936    0    0  (Gen:  0)
   521696      3960   5038016  0.001  0.000    5.837    0.936    0    0  (Gen:  0)
   521344      4224   5038296  0.001  0.000    5.838    0.937    0    0  (Gen:  0)
   521208      4048   5038168  0.001  0.000    5.839    0.937    0    0  (Gen:  0)
   521856      5928   5040064  0.001  0.000    5.840    0.937    0    0  (Gen:  0)
   521872      4040   5039856  0.001  0.000    5.841    0.937    0    0  (Gen:  0)
   521688      4120   5040096  0.001  0.000    5.842    0.937    0    0  (Gen:  0)
   521848      4208   5040216  0.001  0.000    5.843    0.937    0    0  (Gen:  0)
   521224      4152   5040192  0.000  0.000    5.844    0.938    0    0  (Gen:  0)
   521376      4120   5040176  0.000  0.000    5.845    0.938    0    0  (Gen:  0)
   521752      6456   5042528  0.000  0.000    5.845    0.938    0    0  (Gen:  0)
   521512      6424   5042576  0.000  0.000    5.846    0.938    0    0  (Gen:  0)
   521656      5576   5044032  0.000  0.000    5.846    0.938    0    0  (Gen:  0)
   521608      4024   5044088  0.000  0.000    5.847    0.938    0    0  (Gen:  0)
   521840      3920   5044072  0.000  0.000    5.847    0.938    0    0  (Gen:  0)
   521568      4352   5044536  0.000  0.000    5.848    0.938    0    0  (Gen:  0)
   521744      4176   5044408  0.000  0.000    5.849    0.939    0    0  (Gen:  0)
   521592      4032   5044352  0.000  0.000    5.849    0.939    0    0  (Gen:  0)
   521928      4240   5044576  0.000  0.000    5.850    0.939    0    0  (Gen:  0)
   521720      3968   5044352  0.000  0.000    5.850    0.939    0    0  (Gen:  0)
   521544      6264   5046664  0.000  0.000    5.851    0.939    0    0  (Gen:  0)
   521680      6176   5046640  0.000  0.000    5.851    0.939    0    0  (Gen:  0)
   521736      4208   5046800  0.000  0.000    5.852    0.939    0    0  (Gen:  0)
   521480      3944   5046568  0.000  0.000    5.852    0.939    0    0  (Gen:  0)
   521664      4136   5046792  0.000  0.000    5.853    0.940    0    0  (Gen:  0)
   521568      3992   5046664  0.000  0.000    5.854    0.940    0    0  (Gen:  0)
   521704      6120   5048808  0.000  0.000    5.854    0.940    0    0  (Gen:  0)
   521240      4160   5048680  0.000  0.000    5.855    0.940    0    0  (Gen:  0)
   521584      4224   5048832  0.000  0.000    5.855    0.940    0    0  (Gen:  0)
   521584      4176   5048816  0.000  0.000    5.856    0.940    0    0  (Gen:  0)
   521760      4248   5048976  0.000  0.000    5.856    0.940    0    0  (Gen:  0)
   521672      6608   5051368  0.000  0.000    5.857    0.940    0    0  (Gen:  0)
   521592      6440   5051264  0.000  0.000    5.858    0.941    0    0  (Gen:  0)
   521528      3936   5051104  0.000  0.000    5.858    0.941    0    0  (Gen:  0)
   521640      3952   5051136  0.000  0.000    5.859    0.941    0    0  (Gen:  0)
   521552      4064   5051296  0.000  0.000    5.859    0.941    0    0  (Gen:  0)
   521560      3952   5051200  0.000  0.000    5.860    0.941    0    0  (Gen:  0)
   521672      4456   5051720  0.000  0.000    5.860    0.941    0    0  (Gen:  0)
   521696      4120   5051672  0.000  0.000    5.861    0.941    0    0  (Gen:  0)
   521368      4288   5051928  0.000  0.000    5.861    0.941    0    0  (Gen:  0)
   521728      4008   5051904  0.000  0.000    5.862    0.942    0    0  (Gen:  0)
   521576      4464   5052448  0.000  0.000    5.863    0.942    0    0  (Gen:  0)
   521432      7784   5056184  0.000  0.000    5.863    0.942    0    0  (Gen:  0)
   521832      6288   5056192  0.000  0.000    5.864    0.942    0    0  (Gen:  0)
   521704      3992   5056080  0.000  0.000    5.864    0.942    0    0  (Gen:  0)
   521520      4080   5056184  0.000  0.000    5.865    0.942    0    0  (Gen:  0)
   521392      3920   5056072  0.000  0.000    5.865    0.942    0    0  (Gen:  0)
   521760      6152   5058320  0.000  0.000    5.866    0.942    0    0  (Gen:  0)
   521584      4136   5058280  0.000  0.000    5.867    0.943    0    0  (Gen:  0)
   521512      4056   5058360  0.000  0.000    5.867    0.943    0    0  (Gen:  0)
   521688      4264   5058600  0.000  0.000    5.868    0.943    0    0  (Gen:  0)
   521864      4232   5058600  0.000  0.000    5.868    0.943    0    0  (Gen:  0)
   521552      4000   5058384  0.000  0.000    5.869    0.943    0    0  (Gen:  0)
   521608      6376   5060776  0.000  0.000    5.869    0.943    0    0  (Gen:  0)
   521464      6376   5060856  0.000  0.000    5.870    0.943    0    0  (Gen:  0)
   521632      4248   5061064  0.000  0.000    5.871    0.943    0    0  (Gen:  0)
   521384      4016   5060864  0.000  0.000    5.871    0.944    0    0  (Gen:  0)
   521704      4096   5061032  0.000  0.000    5.872    0.944    0    0  (Gen:  0)
   521544      6272   5063240  0.000  0.000    5.872    0.944    0    0  (Gen:  0)
   521600      4248   5063328  0.000  0.000    5.873    0.944    0    0  (Gen:  0)
   521360      4160   5063328  0.000  0.000    5.873    0.944    0    0  (Gen:  0)
   521600      4224   5063408  0.000  0.000    5.874    0.944    0    0  (Gen:  0)
   521800      4136   5063368  0.000  0.000    5.874    0.944    0    0  (Gen:  0)
   521600      6808   5066056  0.001  0.000    5.876    0.944    0    0  (Gen:  0)
   521608      6696   5066008  0.000  0.000    5.877    0.945    0    0  (Gen:  0)
   521632      4120   5066000  0.000  0.000    5.877    0.945    0    0  (Gen:  0)
   521344      4208   5066120  0.000  0.000    5.878    0.945    0    0  (Gen:  0)
   521256      4200   5066144  0.000  0.000    5.878    0.945    0    0  (Gen:  0)
   521464      4160   5066120  0.000  0.000    5.879    0.945    0    0  (Gen:  0)
   521680      4704   5066680  0.000  0.000    5.880    0.945    0    0  (Gen:  0)
   521792      3912   5066176  0.000  0.000    5.880    0.945    0    0  (Gen:  0)
   521736      3824   5066176  0.000  0.000    5.881    0.945    0    0  (Gen:  0)
   521464      4336   5066704  0.000  0.000    5.881    0.946    0    0  (Gen:  0)
   521536      4200   5066840  0.000  0.000    5.882    0.946    0    0  (Gen:  0)
   521432      7616   5070496  0.000  0.000    5.882    0.946    0    0  (Gen:  0)
   521632      5600   5070304  0.000  0.000    5.883    0.946    0    0  (Gen:  0)
   521896      4152   5070584  0.000  0.000    5.883    0.946    0    0  (Gen:  0)
   521352      4208   5070672  0.000  0.000    5.884    0.946    0    0  (Gen:  0)
   521608      3928   5070424  0.000  0.000    5.885    0.946    0    0  (Gen:  0)
   521624      3952   5070464  0.000  0.000    5.885    0.946    0    0  (Gen:  0)
   521912      4288   5070816  0.000  0.000    5.886    0.947    0    0  (Gen:  0)
   521552      4040   5070632  0.000  0.000    5.886    0.947    0    0  (Gen:  0)
   522008      4192   5070872  0.000  0.000    5.887    0.947    0    0  (Gen:  0)
   521528      4120   5070832  0.000  0.000    5.887    0.947    0    0  (Gen:  0)
   521952      4104   5070904  0.000  0.000    5.888    0.947    0    0  (Gen:  0)
   521552      5928   5072760  0.000  0.000    5.888    0.947    0    0  (Gen:  0)
   521552      6104   5073000  0.000  0.000    5.889    0.947    0    0  (Gen:  0)
   521480      3840   5072584  0.000  0.000    5.890    0.947    0    0  (Gen:  0)
   521520      4080   5072840  0.000  0.000    5.890    0.948    0    0  (Gen:  0)
   521592      3976   5072784  0.000  0.000    5.891    0.948    0    0  (Gen:  0)
   521584      4352   5073176  0.000  0.000    5.891    0.948    0    0  (Gen:  0)
   521672      4168   5073040  0.000  0.000    5.892    0.948    0    0  (Gen:  0)
   521576      4104   5073136  0.000  0.000    5.892    0.948    0    0  (Gen:  0)
   521944      4152   5073216  0.000  0.000    5.893    0.948    0    0  (Gen:  0)
   521720      4016   5073112  0.000  0.000    5.893    0.948    0    0  (Gen:  0)
   521688      4024   5073136  0.000  0.000    5.894    0.948    0    0  (Gen:  0)
   521448      6656   5075784  0.000  0.000    5.894    0.949    0    0  (Gen:  0)
   521480      6616   5075824  0.000  0.000    5.895    0.949    0    0  (Gen:  0)
   521656      4264   5075984  0.000  0.000    5.896    0.949    0    0  (Gen:  0)
   521496      4024   5075776  0.000  0.000    5.896    0.949    0    0  (Gen:  0)
   521536      4168   5076008  0.000  0.000    5.897    0.949    0    0  (Gen:  0)
   521728      4472   5076344  0.000  0.000    5.897    0.949    0    0  (Gen:  0)
   521616      4320   5076464  0.000  0.000    5.898    0.949    0    0  (Gen:  0)
   521488      4008   5076240  0.000  0.000    5.898    0.949    0    0  (Gen:  0)
   521568      4504   5076752  0.000  0.000    5.899    0.949    0    0  (Gen:  0)
   521752      4384   5076904  0.001  0.000    5.901    0.950    0    0  (Gen:  0)
   521472      5664   5078424  0.001  0.000    5.903    0.950    0    0  (Gen:  0)
   521736      6080   5080824  0.000  0.000    5.904    0.950    0    0  (Gen:  0)
   521728      5952   5080712  0.000  0.000    5.904    0.950    0    0  (Gen:  0)
   521592      4048   5080712  0.000  0.000    5.905    0.950    0    0  (Gen:  0)
   521312      4064   5080760  0.000  0.000    5.906    0.951    0    0  (Gen:  0)
   521424      3984   5080768  0.000  0.000    5.906    0.951    0    0  (Gen:  0)
   521880      5904   5082720  0.000  0.000    5.907    0.951    0    0  (Gen:  0)
   521744      4120   5082616  0.000  0.000    5.907    0.951    0    0  (Gen:  0)
   521680      4008   5082592  0.002  0.000    5.909    0.951    0    0  (Gen:  0)
   521664      4136   5082736  0.000  0.000    5.910    0.951    0    0  (Gen:  0)
   521248      3872   5082520  0.000  0.000    5.911    0.951    0    0  (Gen:  0)
   521688      6432   5085096  0.000  0.000    5.911    0.952    0    0  (Gen:  0)
   521608      6352   5085080  0.000  0.000    5.912    0.952    0    0  (Gen:  0)
   521408      4504   5085624  0.000  0.000    5.912    0.952    0    0  (Gen:  0)
   521720      5608   5087144  0.000  0.000    5.913    0.952    0    0  (Gen:  0)
   521760      4248   5087232  0.000  0.000    5.914    0.952    0    0  (Gen:  0)
   521696      3944   5086944  0.000  0.000    5.914    0.952    0    0  (Gen:  0)
   521664      4352   5087368  0.000  0.000    5.915    0.952    0    0  (Gen:  0)
   521592      4232   5087312  0.000  0.000    5.915    0.953    0    0  (Gen:  0)
   521992      4000   5087168  0.000  0.000    5.916    0.953    0    0  (Gen:  0)
   521608      4024   5087224  0.000  0.000    5.916    0.953    0    0  (Gen:  0)
   521840      3920   5087208  0.000  0.000    5.917    0.953    0    0  (Gen:  0)
   521296      6296   5089616  0.000  0.000    5.918    0.953    0    0  (Gen:  0)
   521920      6256   5089640  0.000  0.000    5.918    0.953    0    0  (Gen:  0)
   521656      3936   5089376  0.000  0.000    5.919    0.953    0    0  (Gen:  0)
   521488      4184   5089640  0.001  0.000    5.920    0.953    0    0  (Gen:  0)
   521472      4120   5089624  0.000  0.000    5.921    0.954    0    0  (Gen:  0)
   521808      6136   5091656  0.000  0.000    5.922    0.954    0    0  (Gen:  0)
   521416      4216   5091552  0.000  0.000    5.922    0.954    0    0  (Gen:  0)
   521352      3992   5091488  0.000  0.000    5.923    0.954    0    0  (Gen:  0)
   521592      4168   5091696  0.000  0.000    5.923    0.954    0    0  (Gen:  0)
   521816      4160   5091720  0.000  0.000    5.924    0.954    0    0  (Gen:  0)
   521728      3952   5091528  0.000  0.000    5.924    0.954    0    0  (Gen:  0)
   521520      6512   5094104  0.000  0.000    5.925    0.954    0    0  (Gen:  0)
   521624      6504   5094176  0.000  0.000    5.925    0.955    0    0  (Gen:  0)
   521600      4352   5094368  0.000  0.000    5.926    0.955    0    0  (Gen:  0)
   521552      4080   5094128  0.000  0.000    5.926    0.955    0    0  (Gen:  0)
   521488      4248   5094384  0.000  0.000    5.927    0.955    0    0  (Gen:  0)
   521736      4744   5094912  0.000  0.000    5.928    0.955    0    0  (Gen:  0)
   521624      3752   5094192  0.000  0.000    5.928    0.955    0    0  (Gen:  0)
   521496      3936   5094464  0.000  0.000    5.929    0.955    0    0  (Gen:  0)
   521560      4304   5094832  0.000  0.000    5.929    0.955    0    0  (Gen:  0)
   521776      4144   5094928  0.000  0.000    5.930    0.956    0    0  (Gen:  0)
   521448      4696   5095720  0.000  0.000    5.930    0.956    0    0  (Gen:  0)
   521544      7168   5099072  0.000  0.000    5.931    0.956    0    0  (Gen:  0)
   521824      6056   5098840  0.000  0.000    5.931    0.956    0    0  (Gen:  0)
   521576      4208   5099176  0.000  0.000    5.932    0.956    0    0  (Gen:  0)
   521648      4176   5099176  0.000  0.000    5.932    0.956    0    0  (Gen:  0)
   521360      3816   5098904  0.001  0.000    5.934    0.956    0    0  (Gen:  0)
   521696      6280   5101400  0.001  0.000    5.935    0.957    0    0  (Gen:  0)
   521432      4104   5101200  0.001  0.000    5.936    0.957    0    0  (Gen:  0)
   521736      3992   5101176  0.001  0.000    5.938    0.957    0    0  (Gen:  0)
   521736      4168   5101368  0.001  0.000    5.939    0.957    0    0  (Gen:  0)
   521760      4080   5101328  0.001  0.000    5.941    0.957    0    0  (Gen:  0)
   521608      6528   5103792  0.001  0.000    5.942    0.958    0    0  (Gen:  0)
   521592      6408   5103736  0.001  0.000    5.943    0.958    0    0  (Gen:  0)
   521504      4136   5103872  0.000  0.000    5.944    0.958    0    0  (Gen:  0)
   521456      4096   5103864  0.000  0.000    5.944    0.958    0    0  (Gen:  0)
   521576      4064   5103864  0.000  0.000    5.945    0.958    0    0  (Gen:  0)
   521584      4008   5103824  0.000  0.000    5.945    0.958    0    0  (Gen:  0)
   521640      6288   5106120  0.000  0.000    5.946    0.958    0    0  (Gen:  0)
   521400      3944   5105904  0.000  0.000    5.947    0.958    0    0  (Gen:  0)
   521568      4264   5106312  0.000  0.000    5.947    0.959    0    0  (Gen:  0)
   521672      4120   5106200  0.000  0.000    5.948    0.959    0    0  (Gen:  0)
   521752      4176   5106344  0.000  0.000    5.948    0.959    0    0  (Gen:  0)
   521512      6584   5108784  0.000  0.000    5.949    0.959    0    0  (Gen:  0)
   521632      6656   5108920  0.000  0.000    5.949    0.959    0    0  (Gen:  0)
   521472      3976   5108736  0.000  0.000    5.950    0.959    0    0  (Gen:  0)
   521416      4240   5109016  0.000  0.000    5.950    0.959    0    0  (Gen:  0)
   521256      4136   5108960  0.000  0.000    5.951    0.959    0    0  (Gen:  0)
   521608      4384   5109224  0.000  0.000    5.951    0.960    0    0  (Gen:  0)
   521680      4136   5109248  0.000  0.000    5.952    0.960    0    0  (Gen:  0)
   521760      4168   5109440  0.000  0.000    5.952    0.960    0    0  (Gen:  0)
   521600      4544   5109848  0.000  0.000    5.953    0.960    0    0  (Gen:  0)
   521568      4368   5109928  0.000  0.000    5.954    0.960    0    0  (Gen:  0)
   521528      4544   5110344  0.000  0.000    5.954    0.960    0    0  (Gen:  0)
   521488      7208   5113408  0.000  0.000    5.955    0.960    0    0  (Gen:  0)
   521784      5672   5113392  0.000  0.000    5.955    0.960    0    0  (Gen:  0)
   521728      3904   5113280  0.000  0.000    5.956    0.960    0    0  (Gen:  0)
   521400      4040   5113432  0.000  0.000    5.956    0.961    0    0  (Gen:  0)
   521536      4120   5113560  0.001  0.000    5.957    0.961    0    0  (Gen:  0)
   521704      4120   5113576  0.001  0.000    5.959    0.961    0    0  (Gen:  0)
   521872      4120   5113624  0.001  0.000    5.960    0.961    0    0  (Gen:  0)
   521552      4152   5113816  0.000  0.000    5.961    0.961    0    0  (Gen:  0)
   521888      4152   5113848  0.000  0.000    5.961    0.961    0    0  (Gen:  0)
   521832      4064   5113792  0.000  0.000    5.962    0.962    0    0  (Gen:  0)
   521544      3992   5113736  0.000  0.000    5.962    0.962    0    0  (Gen:  0)
   521776      5840   5115600  0.000  0.000    5.963    0.962    0    0  (Gen:  0)
   521408      5944   5115784  0.000  0.000    5.963    0.962    0    0  (Gen:  0)
   521600      4208   5115896  0.000  0.000    5.964    0.962    0    0  (Gen:  0)
   521544      4120   5115840  0.000  0.000    5.964    0.962    0    0  (Gen:  0)
   521576      4152   5115960  0.000  0.000    5.965    0.962    0    0  (Gen:  0)
   521520      4296   5116136  0.000  0.000    5.965    0.962    0    0  (Gen:  0)
   521688      4080   5115968  0.000  0.000    5.966    0.962    0    0  (Gen:  0)
   521680      3968   5115944  0.000  0.000    5.966    0.963    0    0  (Gen:  0)
   521872      4168   5116160  0.000  0.000    5.967    0.963    0    0  (Gen:  0)
   521792      4176   5116216  0.000  0.000    5.968    0.963    0    0  (Gen:  0)
   521560      6736   5118792  0.000  0.000    5.968    0.963    0    0  (Gen:  0)
   521528      6632   5118752  0.000  0.000    5.969    0.963    0    0  (Gen:  0)
   521448      4208   5118912  0.000  0.000    5.969    0.963    0    0  (Gen:  0)
   521608      4120   5118856  0.000  0.000    5.970    0.963    0    0  (Gen:  0)
   521600      4176   5118944  0.000  0.000    5.970    0.963    0    0  (Gen:  0)
   521360      4160   5118944  0.000  0.000    5.971    0.964    0    0  (Gen:  0)
   521744      4520   5119320  0.000  0.000    5.971    0.964    0    0  (Gen:  0)
   521784      4208   5119296  0.000  0.000    5.972    0.964    0    0  (Gen:  0)
   521288      4488   5119664  0.000  0.000    5.973    0.964    0    0  (Gen:  0)
   521784      4120   5119552  0.000  0.000    5.973    0.964    0    0  (Gen:  0)
   521664      4488   5120008  0.000  0.000    5.974    0.964    0    0  (Gen:  0)
   521472      8016   5123952  0.000  0.000    5.974    0.964    0    0  (Gen:  0)
   521776      6032   5123792  0.001  0.000    5.976    0.965    0    0  (Gen:  0)
   521768      4104   5123784  0.000  0.000    5.977    0.965    0    0  (Gen:  0)
   521488      3872   5123568  0.000  0.000    5.977    0.965    0    0  (Gen:  0)
   521192      4040   5123784  0.000  0.000    5.978    0.965    0    0  (Gen:  0)
   521584      3880   5123640  0.000  0.000    5.978    0.965    0    0  (Gen:  0)
   521920      5904   5125680  0.000  0.000    5.979    0.965    0    0  (Gen:  0)
   521744      4080   5125552  0.000  0.000    5.979    0.965    0    0  (Gen:  0)
   521880      4208   5125768  0.000  0.000    5.980    0.965    0    0  (Gen:  0)
   521280      3936   5125528  0.000  0.000    5.980    0.966    0    0  (Gen:  0)
   521440      3920   5125600  0.000  0.000    5.981    0.966    0    0  (Gen:  0)
   521664      6488   5128200  0.000  0.000    5.981    0.966    0    0  (Gen:  0)
   521568      6288   5128064  0.000  0.000    5.982    0.966    0    0  (Gen:  0)
   521400      4528   5128608  0.000  0.000    5.983    0.966    0    0  (Gen:  0)
   521776      5304   5129944  0.000  0.000    5.983    0.966    0    0  (Gen:  0)
   521792      3952   5129736  0.000  0.000    5.984    0.966    0    0  (Gen:  0)
   521584      4280   5130080  0.000  0.000    5.984    0.966    0    0  (Gen:  0)
   521728      4248   5130096  0.000  0.000    5.985    0.966    0    0  (Gen:  0)
   521568      4136   5130144  0.000  0.000    5.985    0.967    0    0  (Gen:  0)
   521936      4192   5130232  0.000  0.000    5.986    0.967    0    0  (Gen:  0)
   521760      4248   5130320  0.000  0.000    5.986    0.967    0    0  (Gen:  0)
   521616      3952   5130040  0.000  0.000    5.987    0.967    0    0  (Gen:  0)
   521536      6088   5132192  0.000  0.000    5.987    0.967    0    0  (Gen:  0)
   521784      6064   5132248  0.000  0.000    5.988    0.967    0    0  (Gen:  0)
   521688      4192   5132432  0.000  0.000    5.989    0.967    0    0  (Gen:  0)
   521544      4104   5132376  0.000  0.000    5.989    0.967    0    0  (Gen:  0)
   521512      4072   5132432  0.000  0.000    5.990    0.968    0    0  (Gen:  0)
   521784      6024   5134416  0.000  0.000    5.990    0.968    0    0  (Gen:  0)
   521208      4232   5134440  0.000  0.000    5.991    0.968    0    0  (Gen:  0)
   521576      4080   5134376  0.000  0.000    5.991    0.968    0    0  (Gen:  0)
   521480      4184   5134496  0.000  0.000    5.992    0.968    0    0  (Gen:  0)
   521800      4096   5134456  0.000  0.000    5.992    0.968    0    0  (Gen:  0)
   521792      6600   5136976  0.000  0.000    5.993    0.968    0    0  (Gen:  0)
   521528      6408   5136848  0.000  0.000    5.994    0.968    0    0  (Gen:  0)
   521488      4192   5137048  0.000  0.000    5.994    0.969    0    0  (Gen:  0)
   521560      4192   5137080  0.000  0.000    5.995    0.969    0    0  (Gen:  0)
   521664      4208   5137128  0.000  0.000    5.995    0.969    0    0  (Gen:  0)
   521416      4088   5137024  0.000  0.000    5.996    0.969    0    0  (Gen:  0)
   521728      4592   5137544  0.000  0.000    5.996    0.969    0    0  (Gen:  0)
   521808      4192   5137432  0.000  0.000    5.997    0.969    0    0  (Gen:  0)
   521232      4368   5137696  0.000  0.000    5.997    0.969    0    0  (Gen:  0)
   521792      4160   5137744  0.000  0.000    5.998    0.969    0    0  (Gen:  0)
   521712      4560   5138232  0.000  0.000    5.998    0.970    0    0  (Gen:  0)
   521304      7688   5141776  0.000  0.000    5.999    0.970    0    0  (Gen:  0)
   521800      6120   5141712  0.000  0.000    6.000    0.970    0    0  (Gen:  0)
   521752      3920   5141768  0.000  0.000    6.000    0.970    0    0  (Gen:  0)
   521520      4224   5142104  0.000  0.000    6.001    0.970    0    0  (Gen:  0)
   521544      4048   5141960  0.000  0.000    6.001    0.970    0    0  (Gen:  0)
   521544      3976   5141904  0.000  0.000    6.002    0.970    0    0  (Gen:  0)
   521680      6272   5144216  0.000  0.000    6.002    0.970    0    0  (Gen:  0)
   521440      4248   5144184  0.000  0.000    6.003    0.970    0    0  (Gen:  0)
   521688      3944   5143968  0.000  0.000    6.003    0.971    0    0  (Gen:  0)
   521840      3992   5144048  0.000  0.000    6.004    0.971    0    0  (Gen:  0)
   521704      4096   5144240  0.000  0.000    6.004    0.971    0    0  (Gen:  0)
   521520      6536   5146712  0.000  0.000    6.005    0.971    0    0  (Gen:  0)
   521480      6248   5146488  0.000  0.000    6.006    0.971    0    0  (Gen:  0)
   521680      3976   5146552  0.000  0.000    6.006    0.971    0    0  (Gen:  0)
   521480      4256   5146848  0.000  0.000    6.007    0.971    0    0  (Gen:  0)
   521512      4160   5146800  0.000  0.000    6.007    0.971    0    0  (Gen:  0)
   521568      6296   5148952  0.000  0.000    6.008    0.972    0    0  (Gen:  0)
   521640      4008   5148776  0.000  0.000    6.008    0.972    0    0  (Gen:  0)
   521480      3952   5148880  0.001  0.000    6.010    0.972    0    0  (Gen:  0)
   521416      4152   5149112  0.000  0.000    6.010    0.972    0    0  (Gen:  0)
   521888      4024   5149016  0.000  0.000    6.011    0.972    0    0  (Gen:  0)
   521624      3976   5148984  0.000  0.000    6.012    0.972    0    0  (Gen:  0)
   521472      6680   5151704  0.000  0.000    6.012    0.972    0    0  (Gen:  0)
   521784      6632   5151736  0.000  0.000    6.013    0.973    0    0  (Gen:  0)
   521216      4280   5151880  0.000  0.000    6.013    0.973    0    0  (Gen:  0)
   521376      3976   5151608  0.000  0.000    6.014    0.973    0    0  (Gen:  0)
   521336      4192   5151912  0.000  0.000    6.014    0.973    0    0  (Gen:  0)
   521712      4536   5152288  0.000  0.000    6.015    0.973    0    0  (Gen:  0)
   521760      4120   5152144  0.000  0.000    6.015    0.973    0    0  (Gen:  0)
   521760      4016   5152128  0.000  0.000    6.016    0.973    0    0  (Gen:  0)
   521480      4432   5152560  0.000  0.000    6.016    0.973    0    0  (Gen:  0)
   521544      4360   5152760  0.000  0.000    6.017    0.974    0    0  (Gen:  0)
   521552      7608   5156248  0.000  0.000    6.018    0.974    0    0  (Gen:  0)
   521568      5784   5156248  0.000  0.000    6.018    0.974    0    0  (Gen:  0)
   521792      3856   5156048  0.000  0.000    6.019    0.974    0    0  (Gen:  0)
   521576      4096   5156320  0.000  0.000    6.019    0.974    0    0  (Gen:  0)
   521560      3912   5156168  0.000  0.000    6.020    0.974    0    0  (Gen:  0)
   521592      4080   5156424  0.000  0.000    6.020    0.974    0    0  (Gen:  0)
   521752      4224   5156600  0.000  0.000    6.021    0.974    0    0  (Gen:  0)
   521640      4104   5156528  0.000  0.000    6.021    0.974    0    0  (Gen:  0)
   521792      3888   5156400  0.000  0.000    6.022    0.975    0    0  (Gen:  0)
   521824      4144   5156672  0.000  0.000    6.022    0.975    0    0  (Gen:  0)
   521784      3984   5156560  0.000  0.000    6.023    0.975    0    0  (Gen:  0)
   521624      6032   5158624  0.000  0.000    6.023    0.975    0    0  (Gen:  0)
   521664      5952   5158608  0.000  0.000    6.024    0.975    0    0  (Gen:  0)
   521408      4056   5158632  0.000  0.000    6.025    0.975    0    0  (Gen:  0)
   521440      4152   5158760  0.000  0.000    6.025    0.975    0    0  (Gen:  0)
   521688      4120   5158760  0.000  0.000    6.026    0.975    0    0  (Gen:  0)
   521528      4064   5158720  0.000  0.000    6.026    0.976    0    0  (Gen:  0)
   521664      4288   5158960  0.000  0.000    6.027    0.976    0    0  (Gen:  0)
   521600      4168   5158904  0.000  0.000    6.027    0.976    0    0  (Gen:  0)
   521944      4336   5159160  0.000  0.000    6.028    0.976    0    0  (Gen:  0)
   521600      4120   5158976  0.000  0.000    6.028    0.976    0    0  (Gen:  0)
   521856      4176   5159120  0.000  0.000    6.029    0.976    0    0  (Gen:  0)
   521440      6592   5161568  0.000  0.000    6.030    0.976    0    0  (Gen:  0)
   521584      6632   5161672  0.000  0.000    6.030    0.976    0    0  (Gen:  0)
   521544      4064   5161616  0.000  0.000    6.031    0.977    0    0  (Gen:  0)
   521560      4136   5161704  0.000  0.000    6.031    0.977    0    0  (Gen:  0)
   521400      3872   5161488  0.000  0.000    6.032    0.977    0    0  (Gen:  0)
   521696      4576   5162208  0.000  0.000    6.032    0.977    0    0  (Gen:  0)
   521664      4192   5162096  0.000  0.000    6.033    0.977    0    0  (Gen:  0)
   521592      4120   5162184  0.000  0.000    6.033    0.977    0    0  (Gen:  0)
   521360      4504   5162600  0.000  0.000    6.034    0.977    0    0  (Gen:  0)
   521776      4424   5162776  0.000  0.000    6.034    0.977    0    0  (Gen:  0)
   521672      4360   5162952  0.000  0.000    6.035    0.978    0    0  (Gen:  0)
   521488      7872   5166864  0.000  0.000    6.036    0.978    0    0  (Gen:  0)
   521760      6048   5166720  0.000  0.000    6.036    0.978    0    0  (Gen:  0)
   521736      4312   5166904  0.000  0.000    6.037    0.978    0    0  (Gen:  0)
   521384      4080   5166704  0.000  0.000    6.037    0.978    0    0  (Gen:  0)
   521304      4304   5167016  0.000  0.000    6.038    0.978    0    0  (Gen:  0)
   521832      5984   5168728  0.000  0.000    6.038    0.978    0    0  (Gen:  0)
   521824      4328   5168752  0.001  0.000    6.040    0.979    0    0  (Gen:  0)
   521672      3728   5168240  0.001  0.000    6.042    0.979    0    0  (Gen:  0)
   521816      4072   5168600  0.001  0.000    6.043    0.979    0    0  (Gen:  0)
   521176      4080   5168656  0.001  0.000    6.045    0.979    0    0  (Gen:  0)
   521392      3760   5168352  0.001  0.000    6.047    0.980    0    0  (Gen:  0)
   521888      6424   5171032  0.001  0.000    6.048    0.980    0    0  (Gen:  0)
   521360      6352   5171040  0.001  0.000    6.050    0.980    0    0  (Gen:  0)
   521648      5712   5172704  0.001  0.000    6.051    0.980    0    0  (Gen:  0)
   521680      4080   5172680  0.000  0.000    6.052    0.980    0    0  (Gen:  0)
   521856      4192   5172880  0.000  0.000    6.052    0.981    0    0  (Gen:  0)
   521568      3936   5172656  0.000  0.000    6.053    0.981    0    0  (Gen:  0)
   521640      4120   5172888  0.000  0.000    6.053    0.981    0    0  (Gen:  0)
   521760      3936   5172792  0.000  0.000    6.054    0.981    0    0  (Gen:  0)
   521848      4208   5173080  0.000  0.000    6.055    0.981    0    0  (Gen:  0)
   521792      3952   5172872  0.000  0.000    6.055    0.981    0    0  (Gen:  0)
   521496      6328   5175264  0.000  0.000    6.056    0.981    0    0  (Gen:  0)
   521736      6032   5175032  0.000  0.000    6.056    0.981    0    0  (Gen:  0)
   521696      4192   5175320  0.000  0.000    6.057    0.982    0    0  (Gen:  0)
   521464      4208   5175368  0.000  0.000    6.058    0.982    0    0  (Gen:  0)
   521552      4032   5175224  0.000  0.000    6.058    0.982    0    0  (Gen:  0)
   521648      4016   5175224  0.000  0.000    6.059    0.982    0    0  (Gen:  0)
   521664      6000   5177224  0.000  0.000    6.059    0.982    0    0  (Gen:  0)
   521232      4120   5177176  0.000  0.000    6.060    0.982    0    0  (Gen:  0)
   521640      4192   5177336  0.000  0.000    6.060    0.982    0    0  (Gen:  0)
   521592      4104   5177280  0.000  0.000    6.061    0.982    0    0  (Gen:  0)
   521800      4136   5177400  0.000  0.000    6.062    0.983    0    0  (Gen:  0)
   521688      6480   5179776  0.000  0.000    6.062    0.983    0    0  (Gen:  0)
   521568      6480   5179840  0.000  0.000    6.063    0.983    0    0  (Gen:  0)
   521544      4080   5179784  0.000  0.000    6.063    0.983    0    0  (Gen:  0)
   521584      4192   5179912  0.000  0.000    6.064    0.983    0    0  (Gen:  0)
   521496      3928   5179696  0.000  0.000    6.065    0.983    0    0  (Gen:  0)
   521736      4416   5180200  0.000  0.000    6.065    0.983    0    0  (Gen:  0)
   521584      4104   5180160  0.000  0.000    6.066    0.983    0    0  (Gen:  0)
   521632      4152   5180368  0.000  0.000    6.066    0.984    0    0  (Gen:  0)
   521312      4504   5180752  0.000  0.000    6.067    0.984    0    0  (Gen:  0)
   521792      4512   5181016  0.000  0.000    6.067    0.984    0    0  (Gen:  0)
   521648      4392   5181136  0.000  0.000    6.068    0.984    0    0  (Gen:  0)
   521408      7792   5184936  0.000  0.000    6.069    0.984    0    0  (Gen:  0)
   521752      6384   5184888  0.000  0.000    6.069    0.984    0    0  (Gen:  0)
   521752      3648   5184344  0.000  0.000    6.070    0.984    0    0  (Gen:  0)
   521568      4024   5184744  0.000  0.000    6.070    0.984    0    0  (Gen:  0)
   521360      4024   5184744  0.000  0.000    6.071    0.985    0    0  (Gen:  0)
   521704      6168   5186904  0.000  0.000    6.072    0.985    0    0  (Gen:  0)
   521616      4120   5186832  0.000  0.000    6.072    0.985    0    0  (Gen:  0)
   521528      4024   5186896  0.000  0.000    6.073    0.985    0    0  (Gen:  0)
   521752      4136   5187040  0.000  0.000    6.073    0.985    0    0  (Gen:  0)
   521768      4096   5187032  0.000  0.000    6.074    0.985    0    0  (Gen:  0)
   521680      3816   5186768  0.000  0.000    6.074    0.985    0    0  (Gen:  0)
   521560      6392   5189360  0.000  0.000    6.075    0.985    0    0  (Gen:  0)
   521440      6440   5189488  0.000  0.000    6.076    0.986    0    0  (Gen:  0)
   521616      4224   5189608  0.000  0.000    6.076    0.986    0    0  (Gen:  0)
   521520      3984   5189400  0.000  0.000    6.077    0.986    0    0  (Gen:  0)
   521568      4096   5189600  0.000  0.000    6.077    0.986    0    0  (Gen:  0)
   521512      6360   5191896  0.000  0.000    6.078    0.986    0    0  (Gen:  0)
   521576      4160   5191808  0.000  0.000    6.078    0.986    0    0  (Gen:  0)
   521488      4016   5191752  0.000  0.000    6.079    0.986    0    0  (Gen:  0)
   521576      4280   5192032  0.000  0.000    6.079    0.986    0    0  (Gen:  0)
   521776      4120   5191920  0.000  0.000    6.080    0.987    0    0  (Gen:  0)
   521552      6736   5194552  0.000  0.000    6.081    0.987    0    0  (Gen:  0)
   521656      6472   5194352  0.000  0.000    6.081    0.987    0    0  (Gen:  0)
   521544      4080   5194528  0.000  0.000    6.082    0.987    0    0  (Gen:  0)
   521400      4264   5194744  0.000  0.000    6.082    0.987    0    0  (Gen:  0)
   521208      4136   5194648  0.000  0.000    6.083    0.987    0    0  (Gen:  0)
   521592      4040   5194568  0.000  0.000    6.084    0.987    0    0  (Gen:  0)
   521664      4576   5195120  0.000  0.000    6.084    0.987    0    0  (Gen:  0)
   521688      4192   5195024  0.000  0.000    6.085    0.988    0    0  (Gen:  0)
   521720      4488   5195408  0.000  0.000    6.085    0.988    0    0  (Gen:  0)
   521560      4160   5195336  0.000  0.000    6.086    0.988    0    0  (Gen:  0)
   521488      4480   5195744  0.000  0.000    6.087    0.988    0    0  (Gen:  0)
   521400      7432   5199112  0.000  0.000    6.087    0.988    0    0  (Gen:  0)
   521808      5808   5199152  0.001  0.000    6.089    0.988    0    0  (Gen:  0)
   521776      4016   5199016  0.001  0.000    6.090    0.989    0    0  (Gen:  0)
   521400      4320   5199336  0.001  0.000    6.091    0.989    0    0  (Gen:  0)
   521536      4176   5199240  0.001  0.000    6.093    0.989    0    0  (Gen:  0)
   521648      4480   5199560  0.001  0.000    6.094    0.989    0    0  (Gen:  0)
   521904      4128   5199256  0.001  0.000    6.095    0.989    0    0  (Gen:  0)
   521600      3984   5199272  0.001  0.000    6.096    0.990    0    0  (Gen:  0)
   521896      4024   5199344  0.001  0.000    6.097    0.990    0    0  (Gen:  0)
   521736      3968   5199320  0.000  0.000    6.098    0.990    0    0  (Gen:  0)
   521800      4040   5199480  0.000  0.000    6.099    0.990    0    0  (Gen:  0)
   521552      5944   5201416  0.000  0.000    6.099    0.990    0    0  (Gen:  0)
   521584      5880   5201416  0.000  0.000    6.100    0.990    0    0  (Gen:  0)
   521512      4008   5201392  0.000  0.000    6.100    0.990    0    0  (Gen:  0)
   521440      4152   5201552  0.000  0.000    6.101    0.991    0    0  (Gen:  0)
   521528      4088   5201536  0.000  0.000    6.101    0.991    0    0  (Gen:  0)
   521648      4168   5201632  0.000  0.000    6.102    0.991    0    0  (Gen:  0)
   521704      4120   5201632  0.000  0.000    6.103    0.991    0    0  (Gen:  0)
   521592      3984   5201656  0.000  0.000    6.103    0.991    0    0  (Gen:  0)
   521912      4184   5201888  0.000  0.000    6.104    0.991    0    0  (Gen:  0)
   521792      4104   5201840  0.000  0.000    6.104    0.991    0    0  (Gen:  0)
   521560      4016   5201768  0.000  0.000    6.105    0.991    0    0  (Gen:  0)
   521608      6768   5204536  0.000  0.000    6.105    0.992    0    0  (Gen:  0)
   521360      6688   5204536  0.000  0.000    6.106    0.992    0    0  (Gen:  0)
   521624      4144   5204504  0.000  0.000    6.107    0.992    0    0  (Gen:  0)
   521640      3936   5204328  0.000  0.000    6.107    0.992    0    0  (Gen:  0)
   521480      3952   5204432  0.000  0.000    6.108    0.992    0    0  (Gen:  0)
   521592      4424   5204936  0.000  0.000    6.108    0.992    0    0  (Gen:  0)
   521768      4176   5204960  0.000  0.000    6.109    0.992    0    0  (Gen:  0)
   521344      3976   5204848  0.000  0.000    6.109    0.992    0    0  (Gen:  0)
   521680      4296   5205184  0.000  0.000    6.110    0.993    0    0  (Gen:  0)
   521712      4288   5205448  0.000  0.000    6.111    0.993    0    0  (Gen:  0)
   521432      8472   5209864  0.000  0.000    6.111    0.993    0    0  (Gen:  0)
   521528      6264   5209672  0.000  0.000    6.112    0.993    0    0  (Gen:  0)
   521496      3976   5209744  0.000  0.000    6.112    0.993    0    0  (Gen:  0)
   521552      4208   5210008  0.000  0.000    6.113    0.993    0    0  (Gen:  0)
   521768      4176   5210008  0.000  0.000    6.114    0.993    0    0  (Gen:  0)
   521784      4048   5209896  0.000  0.000    6.114    0.993    0    0  (Gen:  0)
   521416      5832   5211696  0.000  0.000    6.115    0.994    0    0  (Gen:  0)
   521536      4264   5211824  0.000  0.000    6.115    0.994    0    0  (Gen:  0)
   521720      4352   5212000  0.000  0.000    6.116    0.994    0    0  (Gen:  0)
   521768      4072   5211752  0.000  0.000    6.116    0.994    0    0  (Gen:  0)
   521736      4192   5211960  0.000  0.000    6.117    0.994    0    0  (Gen:  0)
   521568      6432   5214232  0.000  0.000    6.118    0.994    0    0  (Gen:  0)
   521560      6216   5214080  0.000  0.000    6.118    0.994    0    0  (Gen:  0)
   521384      4336   5214592  0.000  0.000    6.119    0.994    0    0  (Gen:  0)
   521440      5624   5216296  0.000  0.000    6.119    0.995    0    0  (Gen:  0)
   521568      3944   5216064  0.000  0.000    6.120    0.995    0    0  (Gen:  0)
   521640      3952   5216088  0.000  0.000    6.121    0.995    0    0  (Gen:  0)
   521616      4256   5216408  0.000  0.000    6.121    0.995    0    0  (Gen:  0)
   521480      4176   5216392  0.000  0.000    6.122    0.995    0    0  (Gen:  0)
   521720      4184   5216488  0.000  0.000    6.122    0.995    0    0  (Gen:  0)
   521776      3992   5216328  0.000  0.000    6.123    0.995    0    0  (Gen:  0)
   521720      4080   5216504  0.000  0.000    6.123    0.995    0    0  (Gen:  0)
   521560      6224   5218680  0.000  0.000    6.124    0.996    0    0  (Gen:  0)
   521200      6216   5218736  0.000  0.000    6.125    0.996    0    0  (Gen:  0)
   521480      4064   5218640  0.000  0.000    6.125    0.996    0    0  (Gen:  0)
   521776      4280   5218872  0.000  0.000    6.126    0.996    0    0  (Gen:  0)
   521432      4064   5218704  0.000  0.000    6.126    0.996    0    0  (Gen:  0)
   521576      5976   5220632  0.000  0.000    6.127    0.996    0    0  (Gen:  0)
   521552      4176   5220648  0.000  0.000    6.128    0.996    0    0  (Gen:  0)
   521728      4208   5220840  0.000  0.000    6.128    0.996    0    0  (Gen:  0)
   521568      4376   5221040  0.000  0.000    6.129    0.997    0    0  (Gen:  0)
   521216      4064   5220760  0.000  0.000    6.129    0.997    0    0  (Gen:  0)
   521384      3936   5220648  0.000  0.000    6.130    0.997    0    0  (Gen:  0)
   521720      6528   5223256  0.000  0.000    6.130    0.997    0    0  (Gen:  0)
   521400      6360   5223168  0.000  0.000    6.131    0.997    0    0  (Gen:  0)
   521752      4136   5223288  0.000  0.000    6.132    0.997    0    0  (Gen:  0)
   521400      4120   5223304  0.000  0.000    6.132    0.997    0    0  (Gen:  0)
   521344      4152   5223424  0.000  0.000    6.133    0.997    0    0  (Gen:  0)
   521816      4536   5223840  0.000  0.000    6.133    0.998    0    0  (Gen:  0)
   521200      4248   5223824  0.000  0.000    6.134    0.998    0    0  (Gen:  0)
   521560      4088   5223752  0.000  0.000    6.134    0.998    0    0  (Gen:  0)
   521616      4448   5224128  0.000  0.000    6.135    0.998    0    0  (Gen:  0)
   521872      4328   5224280  0.000  0.000    6.136    0.998    0    0  (Gen:  0)
   521752      7944   5228136  0.000  0.000    6.136    0.998    0    0  (Gen:  0)
   521592      6272   5228128  0.000  0.000    6.137    0.998    0    0  (Gen:  0)
   521488      4168   5228280  0.000  0.000    6.137    0.998    0    0  (Gen:  0)
   521568      4336   5228480  0.000  0.000    6.138    0.999    0    0  (Gen:  0)
   521552      4144   5228320  0.000  0.000    6.138    0.999    0    0  (Gen:  0)
   521592      4072   5228264  0.000  0.000    6.139    0.999    0    0  (Gen:  0)
   521552      6072   5230280  0.000  0.000    6.140    0.999    0    0  (Gen:  0)
   521632      4136   5230336  0.000  0.000    6.140    0.999    0    0  (Gen:  0)
   521800      3920   5230208  0.000  0.000    6.141    0.999    0    0  (Gen:  0)
   521800      4000   5230304  0.000  0.000    6.141    0.999    0    0  (Gen:  0)
   521776      4048   5230400  0.000  0.000    6.142    0.999    0    0  (Gen:  0)
   521464      6560   5232928  0.000  0.000    6.142    1.000    0    0  (Gen:  0)
   521648      6416   5232848  0.000  0.000    6.143    1.000    0    0  (Gen:  0)
   521576      3968   5232808  0.000  0.000    6.144    1.000    0    0  (Gen:  0)
   521392      4008   5232880  0.000  0.000    6.144    1.000    0    0  (Gen:  0)
   521552      4216   5233120  0.000  0.000    6.145    1.000    0    0  (Gen:  0)
   521656      3856   5232776  0.000  0.000    6.145    1.000    0    0  (Gen:  0)
   521224      6248   5235184  0.000  0.000    6.146    1.000    0    0  (Gen:  0)
   521552      4152   5235216  0.000  0.000    6.147    1.000    0    0  (Gen:  0)
   521856      4264   5235416  0.000  0.000    6.147    1.001    0    0  (Gen:  0)
   521544      3944   5235128  0.000  0.000    6.148    1.001    0    0  (Gen:  0)
   521912      4112   5235384  0.000  0.000    6.148    1.001    0    0  (Gen:  0)
   521376      6688   5237992  0.000  0.000    6.149    1.001    0    0  (Gen:  0)
   521184      6824   5238192  0.000  0.000    6.150    1.001    0    0  (Gen:  0)
   521552      3712   5237576  0.000  0.000    6.150    1.001    0    0  (Gen:  0)
   521696      4152   5238032  0.001  0.000    6.152    1.001    0    0  (Gen:  0)
   521448      4048   5237976  0.000  0.000    6.152    1.002    0    0  (Gen:  0)
   521544      4536   5238480  0.000  0.000    6.153    1.002    0    0  (Gen:  0)
   521768      4168   5238384  0.000  0.000    6.154    1.002    0    0  (Gen:  0)
   521576      4104   5238480  0.000  0.000    6.154    1.002    0    0  (Gen:  0)
   521768      4360   5238768  0.000  0.000    6.155    1.002    0    0  (Gen:  0)
   521552      4400   5239064  0.000  0.000    6.155    1.002    0    0  (Gen:  0)
   521528      4400   5239304  0.000  0.000    6.156    1.002    0    0  (Gen:  0)
   521440      7368   5242672  0.000  0.000    6.156    1.002    0    0  (Gen:  0)
   521696      5832   5242656  0.000  0.000    6.157    1.003    0    0  (Gen:  0)
   521720      4264   5242744  0.000  0.000    6.157    1.003    0    0  (Gen:  0)
   521472      4192   5242704  0.000  0.000    6.158    1.003    0    0  (Gen:  0)
   521512      4160   5242760  0.000  0.000    6.158    1.003    0    0  (Gen:  0)
   521496      4296   5242928  0.000  0.000    6.159    1.003    0    0  (Gen:  0)
   521824      4376   5243056  0.000  0.000    6.160    1.003    0    0  (Gen:  0)
   521704      4000   5242768  0.000  0.000    6.160    1.003    0    0  (Gen:  0)
   521752      4336   5243120  0.000  0.000    6.161    1.003    0    0  (Gen:  0)
   521208      4160   5242992  0.000  0.000    6.161    1.003    0    0  (Gen:  0)
   521424      3896   5242744  0.000  0.000    6.162    1.004    0    0  (Gen:  0)
   521656      5896   5244808  0.224  0.020    6.386    1.024    0    0  (Gen:  0)
   521328      5888   5244840  0.001  0.000    6.388    1.024    0    0  (Gen:  0)
   521680      4152   5244912  0.001  0.000    6.390    1.025    0    0  (Gen:  0)
   521544      4064   5244856  0.001  0.000    6.392    1.025    0    0  (Gen:  0)
   521576      3992   5244872  0.001  0.000    6.394    1.025    0    0  (Gen:  0)
   521424      4256   5245168  0.001  0.000    6.395    1.025    0    0  (Gen:  0)
   521568      4176   5245136  0.001  0.000    6.397    1.026    0    0  (Gen:  0)
   521672      4136   5245184  0.001  0.000    6.399    1.026    0    0  (Gen:  0)
   521808      4112   5245176  0.001  0.000    6.401    1.026    0    0  (Gen:  0)
   521792      4120   5245232  0.001  0.000    6.403    1.026    0    0  (Gen:  0)
   521544      6848   5247976  0.001  0.000    6.405    1.027    0    0  (Gen:  0)
   521544      6576   5247768  0.001  0.000    6.406    1.027    0    0  (Gen:  0)
   521504      4152   5247928  0.001  0.000    6.408    1.027    0    0  (Gen:  0)
   521528      4184   5247992  0.001  0.000    6.410    1.027    0    0  (Gen:  0)
   521560      4080   5247920  0.001  0.000    6.412    1.028    0    0  (Gen:  0)
   521480      4104   5247960  0.001  0.000    6.414    1.028    0    0  (Gen:  0)
   521712      4416   5248288  0.001  0.000    6.416    1.028    0    0  (Gen:  0)
   521744      4080   5248240  0.001  0.000    6.418    1.028    0    0  (Gen:  0)
   521304      4432   5248680  0.001  0.000    6.420    1.029    0    0  (Gen:  0)
   521728      4064   5248568  0.001  0.000    6.421    1.029    0    0  (Gen:  0)
   521704      4448   5249040  0.001  0.000    6.423    1.029    0    0  (Gen:  0)
   521536      7936   5252944  0.001  0.000    6.425    1.029    0    0  (Gen:  0)
   521776      5976   5252808  0.001  0.000    6.427    1.030    0    0  (Gen:  0)
   521704      4064   5252816  0.001  0.000    6.429    1.030    0    0  (Gen:  0)
   521424      4224   5252992  0.001  0.000    6.431    1.030    0    0  (Gen:  0)
   521296      4216   5253032  0.001  0.000    6.433    1.030    0    0  (Gen:  0)
   521584      5984   5254816  0.001  0.000    6.434    1.031    0    0  (Gen:  0)
   521896      4176   5254688  0.001  0.000    6.436    1.031    0    0  (Gen:  0)
   521728      4136   5254808  0.001  0.000    6.438    1.031    0    0  (Gen:  0)
   521880      4248   5254952  0.001  0.000    6.440    1.031    0    0  (Gen:  0)
   521256      4216   5254952  0.001  0.000    6.442    1.032    0    0  (Gen:  0)
   521392      4048   5254800  0.001  0.000    6.444    1.032    0    0  (Gen:  0)
   521752      6600   5257368  0.001  0.000    6.446    1.032    0    0  (Gen:  0)
   521528      6320   5257168  0.001  0.000    6.447    1.032    0    0  (Gen:  0)
   521440      5504   5258656  0.001  0.000    6.449    1.033    0    0  (Gen:  0)
   521760      4168   5258912  0.001  0.000    6.451    1.033    0    0  (Gen:  0)
   521792      3992   5258784  0.001  0.000    6.453    1.033    0    0  (Gen:  0)
   521616      4184   5258992  0.001  0.000    6.455    1.033    0    0  (Gen:  0)
   521712      4064   5258920  0.001  0.000    6.457    1.033    0    0  (Gen:  0)
   521672      4056   5259072  0.001  0.000    6.459    1.034    0    0  (Gen:  0)
   521848      4120   5259168  0.001  0.000    6.460    1.034    0    0  (Gen:  0)
   521784      3976   5259056  0.001  0.000    6.462    1.034    0    0  (Gen:  0)
   521576      3896   5258992  0.001  0.000    6.464    1.034    0    0  (Gen:  0)
   521576      6240   5261352  0.001  0.000    6.466    1.035    0    0  (Gen:  0)
   521720      6104   5261296  0.001  0.000    6.468    1.035    0    0  (Gen:  0)
   521664      4136   5261384  0.001  0.000    6.470    1.035    0    0  (Gen:  0)
   521592      4048   5261328  0.001  0.000    6.472    1.035    0    0  (Gen:  0)
   521536      4112   5261480  0.001  0.000    6.473    1.036    0    0  (Gen:  0)
   521776      6040   5263440  0.001  0.000    6.475    1.036    0    0  (Gen:  0)
   521224      4144   5263360  0.001  0.000    6.477    1.036    0    0  (Gen:  0)
   521496      4048   5263352  0.001  0.000    6.480    1.037    0    0  (Gen:  0)
   521544      4200   5263520  0.001  0.000    6.482    1.037    0    0  (Gen:  0)
   521832      4120   5263488  0.001  0.000    6.485    1.037    0    0  (Gen:  0)
   521704      6792   5266176  0.001  0.000    6.487    1.038    0    0  (Gen:  0)
   521552      6112   5265560  0.001  0.000    6.490    1.038    0    0  (Gen:  0)
   521592      4040   5265904  0.001  0.000    6.492    1.038    0    0  (Gen:  0)
   521552      4136   5266032  0.001  0.000    6.495    1.039    0    0  (Gen:  0)
   521592      4024   5265952  0.001  0.000    6.497    1.039    0    0  (Gen:  0)
   521512      3984   5265928  0.001  0.000    6.499    1.039    0    0  (Gen:  0)
   521600      4480   5266440  0.001  0.000    6.501    1.039    0    0  (Gen:  0)
   521816      4152   5266400  0.001  0.000    6.503    1.040    0    0  (Gen:  0)
   521280      4328   5266664  0.001  0.000    6.505    1.040    0    0  (Gen:  0)
   521784      4104   5266696  0.001  0.000    6.506    1.040    0    0  (Gen:  0)
   521640      4424   5267104  0.001  0.000    6.508    1.040    0    0  (Gen:  0)
   521384      7808   5270904  0.001  0.000    6.510    1.041    0    0  (Gen:  0)
   521816      6328   5270928  0.001  0.000    6.512    1.041    0    0  (Gen:  0)
   521712      3968   5270752  0.001  0.000    6.514    1.041    0    0  (Gen:  0)
   521600      4152   5270952  0.001  0.000    6.516    1.041    0    0  (Gen:  0)
   521448      4176   5271024  0.001  0.000    6.518    1.042    0    0  (Gen:  0)
   521552      6208   5273072  0.001  0.000    6.520    1.042    0    0  (Gen:  0)
   521664      4216   5273056  0.001  0.000    6.522    1.042    0    0  (Gen:  0)
   521424      4192   5273192  0.001  0.000    6.523    1.042    0    0  (Gen:  0)
   521768      4264   5273296  0.001  0.000    6.525    1.042    0    0  (Gen:  0)
   521824      4256   5273320  0.001  0.000    6.527    1.043    0    0  (Gen:  0)
   521680      3912   5272992  0.001  0.000    6.529    1.043    0    0  (Gen:  0)
   521464      6520   5275616  0.001  0.000    6.531    1.043    0    0  (Gen:  0)
   521520      6352   5275528  0.001  0.000    6.533    1.043    0    0  (Gen:  0)
   521728      3904   5275416  0.001  0.000    6.534    1.044    0    0  (Gen:  0)
   521400      4040   5275568  0.001  0.000    6.536    1.044    0    0  (Gen:  0)
   521536      4120   5275696  0.001  0.000    6.538    1.044    0    0  (Gen:  0)
   521608      6360   5277952  0.001  0.000    6.540    1.044    0    0  (Gen:  0)
   521648      4248   5277952  0.001  0.000    6.543    1.045    0    0  (Gen:  0)
   521360      3816   5277680  0.001  0.000    6.545    1.045    0    0  (Gen:  0)
   521592      4128   5278024  0.001  0.000    6.547    1.045    0    0  (Gen:  0)
   521800      4048   5277976  0.001  0.000    6.549    1.046    0    0  (Gen:  0)
   521672      4104   5278048  0.001  0.000    6.552    1.046    0    0  (Gen:  0)
   521472      6624   5280584  0.001  0.000    6.553    1.046    0    0  (Gen:  0)
   521752      6504   5280544  0.001  0.000    6.555    1.046    0    0  (Gen:  0)
   521208      4264   5280800  0.001  0.000    6.557    1.047    0    0  (Gen:  0)
   521320      4024   5280592  0.001  0.000    6.559    1.047    0    0  (Gen:  0)
   521408      4192   5280848  0.001  0.000    6.561    1.047    0    0  (Gen:  0)
   521680      4432   5281120  0.001  0.000    6.563    1.047    0    0  (Gen:  0)
   521792      4120   5281080  0.001  0.000    6.565    1.048    0    0  (Gen:  0)
   521720      3976   5281024  0.001  0.000    6.566    1.048    0    0  (Gen:  0)
   521496      4376   5281440  0.001  0.000    6.568    1.048    0    0  (Gen:  0)
   521536      4216   5281552  0.001  0.000    6.570    1.048    0    0  (Gen:  0)
   521560      7552   5285128  0.001  0.000    6.572    1.049    0    0  (Gen:  0)
   521552      5744   5285144  0.001  0.000    6.574    1.049    0    0  (Gen:  0)
   521728      4208   5285336  0.001  0.000    6.576    1.049    0    0  (Gen:  0)
   521560      4232   5285392  0.001  0.000    6.578    1.049    0    0  (Gen:  0)
   521616      4104   5285296  0.001  0.000    6.579    1.050    0    0  (Gen:  0)
   521592      4032   5285240  0.001  0.000    6.581    1.050    0    0  (Gen:  0)
   521736      4216   5285440  0.001  0.000    6.583    1.050    0    0  (Gen:  0)
   521720      4168   5285456  0.001  0.000    6.585    1.050    0    0  (Gen:  0)
   521832      4248   5285624  0.001  0.000    6.587    1.051    0    0  (Gen:  0)
   521776      4288   5285696  0.001  0.000    6.589    1.051    0    0  (Gen:  0)
   521728      4192   5285688  0.001  0.000    6.590    1.051    0    0  (Gen:  0)
   521672      6144   5287672  0.001  0.000    6.592    1.051    0    0  (Gen:  0)
   521688      5656   5287248  0.001  0.000    6.594    1.052    0    0  (Gen:  0)
   521352      3848   5287288  0.001  0.000    6.596    1.052    0    0  (Gen:  0)
   521464      4112   5287568  0.001  0.000    6.598    1.052    0    0  (Gen:  0)
   521688      4064   5287568  0.001  0.000    6.600    1.052    0    0  (Gen:  0)
   521568      3920   5287440  0.001  0.000    6.602    1.053    0    0  (Gen:  0)
   521576      4312   5287848  0.001  0.000    6.604    1.053    0    0  (Gen:  0)
   521656      3984   5287584  0.001  0.000    6.606    1.053    0    0  (Gen:  0)
   521864      4208   5287896  0.001  0.000    6.608    1.053    0    0  (Gen:  0)
   521672      4064   5287784  0.001  0.000    6.610    1.054    0    0  (Gen:  0)
   521856      4120   5287928  0.001  0.000    6.612    1.054    0    0  (Gen:  0)
   521392      6536   5290376  0.001  0.000    6.613    1.054    0    0  (Gen:  0)
   521584      6520   5290424  0.086  0.009    6.701    1.063    0    0  (Gen:  0)
   521584      3992   5290408  0.001  0.000    6.703    1.063    0    0  (Gen:  0)
   521520      4080   5290512  0.001  0.000    6.705    1.064    0    0  (Gen:  0)
   521392      3920   5290400  0.001  0.000    6.706    1.064    0    0  (Gen:  0)
   521752      4520   5291016  0.001  0.000    6.708    1.064    0    0  (Gen:  0)
   521600      4192   5290960  0.001  0.000    6.710    1.064    0    0  (Gen:  0)
   521576      4048   5290976  0.001  0.000    6.712    1.065    0    0  (Gen:  0)
   521560      4352   5291312  0.001  0.000    6.714    1.065    0    0  (Gen:  0)
   521608      4440   5291656  0.001  0.000    6.716    1.065    0    0  (Gen:  0)
   521616      4632   5292088  0.001  0.000    6.718    1.065    0    0  (Gen:  0)
   521600      7472   5295488  0.001  0.000    6.719    1.066    0    0  (Gen:  0)
   521840      5952   5295488  0.001  0.000    6.723    1.066    0    0  (Gen:  0)
   521616      4264   5295720  0.002  0.000    6.727    1.067    0    0  (Gen:  0)
   521336      3872   5295360  0.002  0.000    6.731    1.067    0    0  (Gen:  0)
   521336      4064   5295640  0.002  0.000    6.734    1.067    0    0  (Gen:  0)
   521864      5944   5297552  0.002  0.000    6.738    1.068    0    0  (Gen:  0)
   521888      4192   5297480  0.001  0.000    6.740    1.068    0    0  (Gen:  0)
   521592      4104   5297480  0.001  0.000    6.742    1.068    0    0  (Gen:  0)
   521760      4104   5297496  0.001  0.000    6.743    1.069    0    0  (Gen:  0)
   521320      4048   5297488  0.001  0.000    6.745    1.069    0    0  (Gen:  0)
   521392      6672   5300128  0.001  0.000    6.747    1.069    0    0  (Gen:  0)
   521768      6408   5299928  0.001  0.000    6.749    1.069    0    0  (Gen:  0)
   521408      4536   5300448  0.001  0.000    6.751    1.070    0    0  (Gen:  0)
   521672      5664   5301992  0.001  0.000    6.754    1.070    0    0  (Gen:  0)
   521728      4056   5301832  0.001  0.000    6.755    1.070    0    0  (Gen:  0)
   521792      4088   5301880  0.001  0.000    6.756    1.070    0    0  (Gen:  0)
   521544      4408   5302216  0.105  0.011    6.862    1.082    0    0  (Gen:  0)
   521712      4200   5302072  0.001  0.000    6.865    1.082    0    0  (Gen:  0)
   521752      3824   5301784  0.001  0.000    6.866    1.082    0    0  (Gen:  0)
   521800      4168   5302144  0.001  0.000    6.868    1.083    0    0  (Gen:  0)
   521792      3992   5302016  0.001  0.000    6.869    1.083    0    0  (Gen:  0)
   521480      6280   5304320  0.001  0.000    6.871    1.083    0    0  (Gen:  0)
   521696      5928   5304032  0.001  0.000    6.872    1.083    0    0  (Gen:  0)
   521760      4056   5304288  0.000  0.000    6.873    1.084    0    0  (Gen:  0)
   521496      4152   5304416  0.000  0.000    6.874    1.084    0    0  (Gen:  0)
   521528      3976   5304272  0.000  0.000    6.875    1.084    0    0  (Gen:  0)
   521728      3976   5304288  0.000  0.000    6.876    1.084    0    0  (Gen:  0)
   521528      5944   5306272  0.001  0.000    6.877    1.084    0    0  (Gen:  0)
   521240      4064   5306224  0.001  0.000    6.878    1.085    0    0  (Gen:  0)
   521584      4080   5306328  0.001  0.000    6.879    1.085    0    0  (Gen:  0)
   521760      4032   5306312  0.001  0.000    6.881    1.085    0    0  (Gen:  0)
   521824      4072   5306440  0.000  0.000    6.882    1.085    0    0  (Gen:  0)
   521504      6472   5308872  0.000  0.000    6.883    1.085    0    0  (Gen:  0)
   521616      6504   5308968  0.001  0.000    6.884    1.086    0    0  (Gen:  0)
   521600      4104   5308912  0.000  0.000    6.885    1.086    0    0  (Gen:  0)
   521624      4136   5308960  0.000  0.000    6.885    1.086    0    0  (Gen:  0)
   521392      3976   5308848  0.000  0.000    6.886    1.086    0    0  (Gen:  0)
   521720      4272   5309160  0.000  0.000    6.886    1.086    0    0  (Gen:  0)
   521640      4064   5309224  0.000  0.000    6.887    1.086    0    0  (Gen:  0)
   521584      4056   5309376  0.000  0.000    6.887    1.086    0    0  (Gen:  0)
   521496      4488   5309840  0.001  0.000    6.889    1.087    0    0  (Gen:  0)
   521672      4256   5309864  0.000  0.000    6.890    1.087    0    0  (Gen:  0)
   521632      4408   5310256  0.000  0.000    6.890    1.087    0    0  (Gen:  0)
   521408      7664   5313912  0.000  0.000    6.891    1.087    0    0  (Gen:  0)
   521800      6264   5313872  0.000  0.000    6.892    1.087    0    0  (Gen:  0)
   521704      4304   5314096  0.000  0.000    6.892    1.087    0    0  (Gen:  0)
   521480      4072   5313896  0.000  0.000    6.893    1.087    0    0  (Gen:  0)
   521536      3992   5313904  0.000  0.000    6.893    1.088    0    0  (Gen:  0)
   521568      6152   5316096  0.000  0.000    6.894    1.088    0    0  (Gen:  0)
   521648      4216   5316136  0.000  0.000    6.894    1.088    0    0  (Gen:  0)
   521584      4088   5316096  0.000  0.000    6.895    1.088    0    0  (Gen:  0)
   521712      4200   5316224  0.000  0.000    6.896    1.088    0    0  (Gen:  0)
   521784      4120   5316192  0.000  0.000    6.896    1.088    0    0  (Gen:  0)
   521640      6600   5318688  0.000  0.000    6.897    1.088    0    0  (Gen:  0)
   521584      6496   5318648  0.000  0.000    6.897    1.088    0    0  (Gen:  0)
   521472      3856   5318416  0.000  0.000    6.898    1.089    0    0  (Gen:  0)
   521576      4096   5318688  0.000  0.000    6.899    1.089    0    0  (Gen:  0)
   521560      3912   5318536  0.000  0.000    6.899    1.089    0    0  (Gen:  0)
   521592      4080   5318792  0.000  0.000    6.900    1.089    0    0  (Gen:  0)
   521488      6376   5321120  0.000  0.000    6.900    1.089    0    0  (Gen:  0)
   521544      4120   5320976  0.000  0.000    6.901    1.089    0    0  (Gen:  0)
   521544      3976   5320920  0.000  0.000    6.901    1.089    0    0  (Gen:  0)
   521584      4200   5321160  0.000  0.000    6.902    1.089    0    0  (Gen:  0)
   521728      3984   5320992  0.000  0.000    6.903    1.090    0    0  (Gen:  0)
   521600      6656   5323680  0.000  0.000    6.903    1.090    0    0  (Gen:  0)
   521552      6416   5323504  0.000  0.000    6.904    1.090    0    0  (Gen:  0)
   521576      4096   5323752  0.000  0.000    6.904    1.090    0    0  (Gen:  0)
   521424      4208   5323896  0.000  0.000    6.905    1.090    0    0  (Gen:  0)
   521224      4152   5323872  0.000  0.000    6.905    1.090    0    0  (Gen:  0)
   521472      4032   5323768  0.000  0.000    6.906    1.090    0    0  (Gen:  0)
   521768      4520   5324272  0.000  0.000    6.906    1.090    0    0  (Gen:  0)
   521784      4208   5324248  0.000  0.000    6.907    1.091    0    0  (Gen:  0)
   521624      4432   5324560  0.000  0.000    6.908    1.091    0    0  (Gen:  0)
   521544      4120   5324504  0.000  0.000    6.908    1.091    0    0  (Gen:  0)
   521472      4488   5324960  0.000  0.000    6.909    1.091    0    0  (Gen:  0)
   521528      7512   5328400  0.000  0.000    6.909    1.091    0    0  (Gen:  0)
   521712      5728   5328280  0.000  0.000    6.910    1.091    0    0  (Gen:  0)
   521792      3944   5328152  0.000  0.000    6.910    1.091    0    0  (Gen:  0)
   521400      4224   5328448  0.000  0.000    6.911    1.091    0    0  (Gen:  0)
   521544      4120   5328392  0.000  0.000    6.912    1.091    0    0  (Gen:  0)
   521656      4312   5328600  0.000  0.000    6.912    1.092    0    0  (Gen:  0)
   521896      4192   5328528  0.000  0.000    6.913    1.092    0    0  (Gen:  0)
   521584      4176   5328672  0.000  0.000    6.913    1.092    0    0  (Gen:  0)
   521912      4056   5328584  0.000  0.000    6.914    1.092    0    0  (Gen:  0)
   521736      4104   5328664  0.000  0.000    6.914    1.092    0    0  (Gen:  0)
   521728      3976   5328552  0.000  0.000    6.915    1.092    0    0  (Gen:  0)
   521680      6000   5330592  0.000  0.000    6.915    1.092    0    0  (Gen:  0)
   521472      5912   5330584  0.000  0.000    6.916    1.092    0    0  (Gen:  0)
   521568      4288   5330808  0.000  0.000    6.917    1.093    0    0  (Gen:  0)
   521464      4232   5330784  0.000  0.000    6.917    1.093    0    0  (Gen:  0)
   521472      4208   5330848  0.000  0.000    6.918    1.093    0    0  (Gen:  0)
   521632      4016   5330688  0.000  0.000    6.918    1.093    0    0  (Gen:  0)
   521736      3968   5330688  0.000  0.000    6.919    1.093    0    0  (Gen:  0)
   521696      3864   5330744  0.000  0.000    6.919    1.093    0    0  (Gen:  0)
   521816      4112   5331024  0.000  0.000    6.920    1.093    0    0  (Gen:  0)
   521792      4008   5330952  0.000  0.000    6.920    1.093    0    0  (Gen:  0)
   521528      3976   5330936  0.000  0.000    6.921    1.093    0    0  (Gen:  0)
   521560      6672   5333648  0.000  0.000    6.921    1.094    0    0  (Gen:  0)
   521496      6384   5333440  0.000  0.000    6.922    1.094    0    0  (Gen:  0)
   521576      4208   5333776  0.000  0.000    6.923    1.094    0    0  (Gen:  0)
   521648      4176   5333776  0.000  0.000    6.923    1.094    0    0  (Gen:  0)
   521360      3816   5333504  0.000  0.000    6.924    1.094    0    0  (Gen:  0)
   521688      4408   5334128  0.000  0.000    6.924    1.094    0    0  (Gen:  0)
   521832      4304   5334296  0.000  0.000    6.925    1.094    0    0  (Gen:  0)
   521224      3920   5334000  0.000  0.000    6.925    1.094    0    0  (Gen:  0)
   521784      4408   5334504  0.000  0.000    6.926    1.095    0    0  (Gen:  0)
   521696      4288   5334656  0.000  0.000    6.927    1.095    0    0  (Gen:  0)
   521432      8176   5338784  0.000  0.000    6.927    1.095    0    0  (Gen:  0)
   521752      6080   5338672  0.000  0.000    6.928    1.095    0    0  (Gen:  0)
   521744      4088   5338672  0.000  0.000    6.928    1.095    0    0  (Gen:  0)
   521584      4096   5338712  0.000  0.000    6.929    1.095    0    0  (Gen:  0)
   521224      4040   5338688  0.000  0.000    6.929    1.095    0    0  (Gen:  0)
   521544      3968   5338632  0.000  0.000    6.930    1.095    0    0  (Gen:  0)
   521776      5960   5340640  0.000  0.000    6.931    1.096    0    0  (Gen:  0)
   521872      4208   5340584  0.000  0.000    6.931    1.096    0    0  (Gen:  0)
   521808      4136   5340600  0.000  0.000    6.932    1.096    0    0  (Gen:  0)
   521400      4120   5340616  0.000  0.000    6.932    1.096    0    0  (Gen:  0)
   521344      4152   5340736  0.000  0.000    6.933    1.096    0    0  (Gen:  0)
   521696      6688   5343304  0.000  0.000    6.933    1.096    0    0  (Gen:  0)
   521552      6424   5343104  0.000  0.000    6.934    1.096    0    0  (Gen:  0)
   521368      4272   5343256  0.000  0.000    6.935    1.096    0    0  (Gen:  0)
   521800      5480   5344864  0.000  0.000    6.935    1.097    0    0  (Gen:  0)
   521696      4192   5344880  0.000  0.000    6.936    1.097    0    0  (Gen:  0)
   521872      4480   5345184  0.024  0.002    6.960    1.099    0    0  (Gen:  0)
   521568      4136   5344888  0.000  0.000    6.961    1.099    0    0  (Gen:  0)
   521568      4176   5345088  0.000  0.000    6.962    1.099    0    0  (Gen:  0)
   521920      4248   5345192  0.000  0.000    6.962    1.099    0    0  (Gen:  0)
   521728      4056   5345032  0.000  0.000    6.963    1.099    0    0  (Gen:  0)
   521784      4120   5345112  0.000  0.000    6.963    1.100    0    0  (Gen:  0)
   521432      6112   5347120  0.000  0.000    6.964    1.100    0    0  (Gen:  0)
   521760      5976   5347064  0.000  0.000    6.964    1.100    0    0  (Gen:  0)
   521736      3896   5347040  0.000  0.000    6.965    1.100    0    0  (Gen:  0)
   521512      4072   5347232  0.000  0.000    6.966    1.100    0    0  (Gen:  0)
   521472      4048   5347256  0.000  0.000    6.966    1.100    0    0  (Gen:  0)
   521824      6024   5349248  0.000  0.000    6.967    1.100    0    0  (Gen:  0)
   521304      4040   5349080  0.000  0.000    6.967    1.100    0    0  (Gen:  0)
   521408      4136   5349336  0.000  0.000    6.968    1.101    0    0  (Gen:  0)
   521544      4152   5349384  0.000  0.000    6.968    1.101    0    0  (Gen:  0)
   521856      4048   5349312  0.000  0.000    6.969    1.101    0    0  (Gen:  0)
   521632      4048   5349328  0.000  0.000    6.969    1.101    0    0  (Gen:  0)
   521624      6400   5351696  0.000  0.000    6.970    1.101    0    0  (Gen:  0)
   521560      6248   5351624  0.001  0.000    6.972    1.101    0    0  (Gen:  0)
   521552      4248   5351968  0.000  0.000    6.974    1.101    0    0  (Gen:  0)
   521664      4096   5351848  0.001  0.000    6.975    1.102    0    0  (Gen:  0)
   521480      3888   5351728  0.000  0.000    6.976    1.102    0    0  (Gen:  0)
   521640      4432   5352304  0.000  0.000    6.976    1.102    0    0  (Gen:  0)
   521752      4248   5352392  0.001  0.000    6.978    1.102    0    0  (Gen:  0)
   521320      3952   5352184  0.000  0.000    6.978    1.102    0    0  (Gen:  0)
   521736      4488   5352736  0.000  0.000    6.979    1.102    0    0  (Gen:  0)
   521688      4344   5352864  0.000  0.000    6.980    1.103    0    0  (Gen:  0)
   521448      7992   5356752  0.000  0.000    6.980    1.103    0    0  (Gen:  0)
   521592      6272   5356696  0.001  0.000    6.982    1.103    0    0  (Gen:  0)
   521800      4136   5356816  0.000  0.000    6.982    1.103    0    0  (Gen:  0)
   521600      4152   5356864  0.000  0.000    6.983    1.103    0    0  (Gen:  0)
   521576      4120   5356864  0.000  0.000    6.983    1.103    0    0  (Gen:  0)
   521392      4032   5356792  0.000  0.000    6.984    1.103    0    0  (Gen:  0)
   521648      6256   5359032  0.000  0.000    6.985    1.104    0    0  (Gen:  0)
   521432      4144   5358912  0.000  0.000    6.985    1.104    0    0  (Gen:  0)
   521808      4200   5359056  0.000  0.000    6.986    1.104    0    0  (Gen:  0)
   521776      4032   5358920  0.000  0.000    6.986    1.104    0    0  (Gen:  0)
   521752      4136   5359112  0.001  0.000    6.990    1.104    0    0  (Gen:  0)
   521488      6584   5361592  0.000  0.000    6.991    1.104    0    0  (Gen:  0)
   521632      6408   5361480  0.000  0.000    6.992    1.105    0    0  (Gen:  0)
   521592      4016   5361424  0.001  0.000    6.994    1.105    0    0  (Gen:  0)
   521400      4320   5361744  0.000  0.000    6.994    1.105    0    0  (Gen:  0)
   521536      4176   5361648  0.001  0.000    6.995    1.105    0    0  (Gen:  0)
   521648      6000   5363480  0.000  0.000    6.996    1.105    0    0  (Gen:  0)
   521616      4688   5363696  0.000  0.000    6.996    1.105    0    0  (Gen:  0)
   521360      4040   5363800  0.000  0.000    6.997    1.106    0    0  (Gen:  0)
   521592      4008   5363800  0.000  0.000    6.998    1.106    0    0  (Gen:  0)
   521752      3920   5363744  0.000  0.000    6.998    1.106    0    0  (Gen:  0)
   521728      4024   5363936  0.000  0.000    6.999    1.106    0    0  (Gen:  0)
   521448      6648   5366592  0.000  0.000    6.999    1.106    0    0  (Gen:  0)
   521776      6424   5366432  0.001  0.000    7.001    1.106    0    0  (Gen:  0)
   521256      4008   5366512  0.000  0.000    7.002    1.106    0    0  (Gen:  0)
   521400      4136   5366656  0.000  0.000    7.002    1.107    0    0  (Gen:  0)
   521248      3872   5366440  0.000  0.000    7.003    1.107    0    0  (Gen:  0)
   521776      4448   5367032  0.000  0.000    7.004    1.107    0    0  (Gen:  0)
   521592      4120   5366976  0.000  0.000    7.004    1.107    0    0  (Gen:  0)
   521888      3968   5366984  0.000  0.000    7.005    1.107    0    0  (Gen:  0)
   521416      4272   5367320  0.000  0.000    7.005    1.107    0    0  (Gen:  0)
   521608      4440   5367744  0.002  0.000    7.008    1.108    0    0  (Gen:  0)
   521640      4448   5367992  0.000  0.000    7.008    1.108    0    0  (Gen:  0)
   521448      7088   5371192  0.000  0.000    7.009    1.108    0    0  (Gen:  0)
   521776      5576   5371040  0.000  0.000    7.010    1.108    0    0  (Gen:  0)
   521680      4184   5371304  0.000  0.000    7.010    1.108    0    0  (Gen:  0)
   521400      4064   5371216  0.000  0.000    7.011    1.108    0    0  (Gen:  0)
   521648      4040   5371280  0.000  0.000    7.011    1.108    0    0  (Gen:  0)
   521776      4272   5371544  0.000  0.000    7.012    1.108    0    0  (Gen:  0)
   521744      4072   5371392  0.000  0.000    7.012    1.109    0    0  (Gen:  0)
   521592      3976   5371384  0.001  0.000    7.014    1.109    0    0  (Gen:  0)
   521928      4240   5371664  0.000  0.000    7.014    1.109    0    0  (Gen:  0)
   521712      4120   5371592  0.000  0.000    7.015    1.109    0    0  (Gen:  0)
   521656      6112   5373600  0.000  0.000    7.015    1.109    0    0  (Gen:  0)
   521632      5984   5373536  0.000  0.000    7.016    1.109    0    0  (Gen:  0)
   521464      3960   5373432  0.000  0.000    7.017    1.109    0    0  (Gen:  0)
   521592      4224   5373728  0.000  0.000    7.017    1.109    0    0  (Gen:  0)
   521552      4216   5373752  0.000  0.000    7.018    1.110    0    0  (Gen:  0)
   521480      4000   5373552  0.000  0.000    7.018    1.110    0    0  (Gen:  0)
   521648      4344   5373912  0.000  0.000    7.019    1.110    0    0  (Gen:  0)
   521624      4248   5373880  0.001  0.000    7.020    1.110    0    0  (Gen:  0)
   521872      4208   5373928  0.001  0.000    7.023    1.110    0    0  (Gen:  0)
   521760      4160   5373912  0.001  0.000    7.024    1.111    0    0  (Gen:  0)
   521736      4232   5374072  0.000  0.000    7.026    1.111    0    0  (Gen:  0)
   521584      6680   5376552  0.000  0.000    7.026    1.111    0    0  (Gen:  0)
   521568      6488   5376424  0.000  0.000    7.027    1.111    0    0  (Gen:  0)
   521480      3920   5376440  0.000  0.000    7.027    1.111    0    0  (Gen:  0)
   521520      4224   5376776  0.000  0.000    7.028    1.111    0    0  (Gen:  0)
   521544      4048   5376632  0.000  0.000    7.029    1.111    0    0  (Gen:  0)
   521544      3976   5376576  0.000  0.000    7.029    1.112    0    0  (Gen:  0)
   521712      4456   5377072  0.000  0.000    7.030    1.112    0    0  (Gen:  0)
   521736      4136   5377040  0.000  0.000    7.030    1.112    0    0  (Gen:  0)
   521304      4488   5377480  0.000  0.000    7.031    1.112    0    0  (Gen:  0)
   521752      3944   5377192  0.000  0.000    7.031    1.112    0    0  (Gen:  0)
   521632      4424   5377760  0.000  0.000    7.032    1.112    0    0  (Gen:  0)
   521456      7888   5381640  0.001  0.000    7.033    1.112    0    0  (Gen:  0)
   521872      5984   5381560  0.000  0.000    7.034    1.113    0    0  (Gen:  0)
   521728      3952   5381448  0.000  0.000    7.035    1.113    0    0  (Gen:  0)
   521328      4136   5381648  0.000  0.000    7.035    1.113    0    0  (Gen:  0)
   521248      3944   5381504  0.000  0.000    7.036    1.113    0    0  (Gen:  0)
   521808      6024   5383600  0.000  0.000    7.037    1.113    0    0  (Gen:  0)
   521880      4000   5383256  0.000  0.000    7.037    1.113    0    0  (Gen:  0)
   521672      4040   5383456  0.000  0.000    7.038    1.113    0    0  (Gen:  0)
   521856      4072   5383520  0.000  0.000    7.038    1.113    0    0  (Gen:  0)
   521192      4160   5383640  0.000  0.000    7.039    1.114    0    0  (Gen:  0)
   521400      3976   5383472  0.000  0.000    7.039    1.114    0    0  (Gen:  0)
   521832      6504   5386016  0.000  0.000    7.040    1.114    0    0  (Gen:  0)
   521472      6336   5385928  0.000  0.000    7.040    1.114    0    0  (Gen:  0)
   521528      5896   5387792  0.000  0.000    7.041    1.114    0    0  (Gen:  0)
   521672      4176   5387680  0.000  0.000    7.042    1.114    0    0  (Gen:  0)
   521744      4088   5387680  0.000  0.000    7.042    1.114    0    0  (Gen:  0)
   521624      4288   5387912  0.000  0.000    7.043    1.114    0    0  (Gen:  0)
   521832      4248   5387920  0.000  0.000    7.043    1.115    0    0  (Gen:  0)
   521600      4104   5387864  0.000  0.000    7.044    1.115    0    0  (Gen:  0)
   521840      4224   5388000  0.001  0.000    7.045    1.115    0    0  (Gen:  0)
   521696      4192   5388016  0.001  0.000    7.047    1.115    0    0  (Gen:  0)
   521720      6296   5390136  0.001  0.000    7.049    1.115    0    0  (Gen:  0)
   521576      6088   5389992  0.000  0.000    7.049    1.115    0    0  (Gen:  0)
   521752      4208   5390240  0.000  0.000    7.050    1.116    0    0  (Gen:  0)
   521504      4336   5390400  0.000  0.000    7.050    1.116    0    0  (Gen:  0)
   521664      4288   5390384  0.000  0.000    7.051    1.116    0    0  (Gen:  0)
   521544      3984   5390096  0.000  0.000    7.051    1.116    0    0  (Gen:  0)
   521712      5880   5392008  0.000  0.000    7.052    1.116    0    0  (Gen:  0)
   521184      4096   5392056  0.000  0.000    7.053    1.116    0    0  (Gen:  0)
   521640      3936   5391984  0.000  0.000    7.053    1.116    0    0  (Gen:  0)
   521600      4144   5392208  0.000  0.000    7.054    1.116    0    0  (Gen:  0)
   521768      4064   5392176  0.000  0.000    7.054    1.117    0    0  (Gen:  0)
   521704      6536   5394664  0.000  0.000    7.055    1.117    0    0  (Gen:  0)
   521520      6392   5394584  0.001  0.000    7.056    1.117    0    0  (Gen:  0)
   521552      3936   5394544  0.001  0.000    7.058    1.117    0    0  (Gen:  0)
   521552      4248   5394888  0.001  0.000    7.060    1.117    0    0  (Gen:  0)
   521616      4120   5394792  0.001  0.000    7.062    1.118    0    0  (Gen:  0)
   521544      4048   5394736  0.001  0.000    7.064    1.118    0    0  (Gen:  0)
   521672      4448   5395152  0.001  0.000    7.066    1.118    0    0  (Gen:  0)
   521736      4192   5395184  0.001  0.000    7.068    1.119    0    0  (Gen:  0)
   521336      4416   5395496  0.001  0.000    7.070    1.119    0    0  (Gen:  0)
   521728      4176   5395512  0.001  0.000    7.071    1.119    0    0  (Gen:  0)
   521640      4376   5395800  0.001  0.000    7.072    1.119    0    0  (Gen:  0)
   521368      7888   5399728  0.001  0.000    7.073    1.120    0    0  (Gen:  0)
   521824      6152   5399496  0.000  0.000    7.074    1.120    0    0  (Gen:  0)
   521704      3936   5399464  0.000  0.000    7.074    1.120    0    0  (Gen:  0)
   521616      4072   5399616  0.000  0.000    7.075    1.120    0    0  (Gen:  0)
   521360      4064   5399656  0.000  0.000    7.075    1.120    0    0  (Gen:  0)
   521688      6336   5401944  0.000  0.000    7.076    1.120    0    0  (Gen:  0)
   521600      4152   5401736  0.000  0.000    7.076    1.120    0    0  (Gen:  0)
   521448      4152   5401896  0.000  0.000    7.077    1.120    0    0  (Gen:  0)
   521728      4192   5401968  0.000  0.000    7.077    1.121    0    0  (Gen:  0)
   521912      4032   5401840  0.000  0.000    7.078    1.121    0    0  (Gen:  0)
   521576      4064   5401888  0.000  0.000    7.079    1.121    0    0  (Gen:  0)
   521496      6576   5404416  0.000  0.000    7.079    1.121    0    0  (Gen:  0)
   521464      6472   5404392  0.000  0.000    7.080    1.121    0    0  (Gen:  0)
   521800      4280   5404536  0.000  0.000    7.080    1.121    0    0  (Gen:  0)
   521336      4120   5404408  0.000  0.000    7.081    1.121    0    0  (Gen:  0)
   521688      4168   5404544  0.000  0.000    7.081    1.121    0    0  (Gen:  0)
   521488      6344   5406752  0.004  0.000    7.086    1.122    0    0  (Gen:  0)
   521688      4232   5406752  0.000  0.000    7.087    1.122    0    0  (Gen:  0)
   521368      4088   5406696  0.000  0.000    7.087    1.122    0    0  (Gen:  0)
   521568      4280   5406904  0.000  0.000    7.088    1.122    0    0  (Gen:  0)
   521736      4288   5406960  0.000  0.000    7.088    1.122    0    0  (Gen:  0)
   521672      3840   5406528  0.000  0.000    7.089    1.123    0    0  (Gen:  0)
   521536      6680   5409384  0.000  0.000    7.090    1.123    0    0  (Gen:  0)
   521704      6456   5409240  0.000  0.000    7.090    1.123    0    0  (Gen:  0)
   521288      4208   5409488  0.000  0.000    7.091    1.123    0    0  (Gen:  0)
   521280      3936   5409248  0.000  0.000    7.091    1.123    0    0  (Gen:  0)
   521440      3920   5409320  0.000  0.000    7.092    1.123    0    0  (Gen:  0)
   521688      4384   5409816  0.000  0.000    7.092    1.123    0    0  (Gen:  0)
   521808      4176   5409880  0.000  0.000    7.093    1.123    0    0  (Gen:  0)
   521736      3992   5409784  0.000  0.000    7.094    1.124    0    0  (Gen:  0)
   521432      4200   5410008  0.000  0.000    7.094    1.124    0    0  (Gen:  0)
   521552      4280   5410360  0.000  0.000    7.095    1.124    0    0  (Gen:  0)
   521488      7568   5413888  0.000  0.000    7.095    1.124    0    0  (Gen:  0)
   521592      5688   5413832  0.000  0.000    7.096    1.124    0    0  (Gen:  0)
   521872      4152   5414024  0.000  0.000    7.097    1.124    0    0  (Gen:  0)
   521408      4112   5414016  0.000  0.000    7.097    1.124    0    0  (Gen:  0)
   521608      4160   5414096  0.000  0.000    7.098    1.124    0    0  (Gen:  0)
   521552      4104   5414056  0.000  0.000    7.098    1.125    0    0  (Gen:  0)
   521896      4128   5414096  0.000  0.000    7.099    1.125    0    0  (Gen:  0)
   521624      4136   5414168  0.000  0.000    7.099    1.125    0    0  (Gen:  0)
   521952      4120   5414240  0.000  0.000    7.100    1.125    0    0  (Gen:  0)
   521640      4032   5414184  0.000  0.000    7.100    1.125    0    0  (Gen:  0)
   521824      4072   5414312  0.000  0.000    7.101    1.125    0    0  (Gen:  0)
   521640      6072   5416344  0.000  0.000    7.102    1.125    0    0  (Gen:  0)
   521592      5992   5416328  0.000  0.000    7.103    1.125    0    0  (Gen:  0)
   521368      4088   5416272  0.000  0.000    7.103    1.126    0    0  (Gen:  0)
   521512      4280   5416480  0.000  0.000    7.104    1.126    0    0  (Gen:  0)
   521640      4064   5416312  0.000  0.000    7.105    1.126    0    0  (Gen:  0)
   521632      4264   5416528  0.000  0.000    7.106    1.126    0    0  (Gen:  0)
   521592      4160   5416472  0.000  0.000    7.107    1.126    0    0  (Gen:  0)
   521592      4208   5416680  0.000  0.000    7.107    1.126    0    0  (Gen:  0)
   521864      4280   5416784  0.000  0.000    7.108    1.126    0    0  (Gen:  0)
   521824      4272   5416808  0.000  0.000    7.109    1.127    0    0  (Gen:  0)
   521720      3976   5416528  0.000  0.000    7.110    1.127    0    0  (Gen:  0)
   521352      6824   5419392  0.000  0.000    7.111    1.127    0    0  (Gen:  0)
   521544      6712   5419360  0.000  0.000    7.112    1.127    0    0  (Gen:  0)
   521656      3648   5418816  0.000  0.000    7.113    1.127    0    0  (Gen:  0)
   521568      4024   5419216  0.000  0.000    7.113    1.127    0    0  (Gen:  0)
   521360      4024   5419216  0.000  0.000    7.114    1.127    0    0  (Gen:  0)
   521800      4376   5419584  0.000  0.000    7.115    1.128    0    0  (Gen:  0)
   521576      4096   5419576  0.000  0.000    7.116    1.128    0    0  (Gen:  0)
   521568      4136   5419776  0.000  0.000    7.117    1.128    0    0  (Gen:  0)
   521536      4320   5419992  0.000  0.000    7.118    1.128    0    0  (Gen:  0)
   521712      4304   5420232  0.000  0.000    7.119    1.128    0    0  (Gen:  0)
   521480      4664   5420832  0.000  0.000    7.119    1.128    0    0  (Gen:  0)
   521704      7376   5424264  0.000  0.000    7.120    1.129    0    0  (Gen:  0)
   521872      5808   5424056  0.000  0.000    7.121    1.129    0    0  (Gen:  0)
   521568      4320   5424488  0.000  0.000    7.122    1.129    0    0  (Gen:  0)
   521224      3992   5424192  0.000  0.000    7.123    1.129    0    0  (Gen:  0)
   521440      3976   5424264  0.000  0.000    7.124    1.129    0    0  (Gen:  0)
   521864      5856   5426176  0.000  0.000    7.124    1.129    0    0  (Gen:  0)
   521872      4152   5426152  0.000  0.000    7.125    1.129    0    0  (Gen:  0)
   521576      3920   5426008  0.000  0.000    7.126    1.130    0    0  (Gen:  0)
   521704      4128   5426232  0.000  0.000    7.127    1.130    0    0  (Gen:  0)
   521240      4176   5426328  0.000  0.000    7.128    1.130    0    0  (Gen:  0)
   521664      6384   5428552  0.000  0.000    7.129    1.130    0    0  (Gen:  0)
   521632      6280   5428512  0.000  0.000    7.129    1.130    0    0  (Gen:  0)
   521416      4392   5429016  0.000  0.000    7.130    1.130    0    0  (Gen:  0)
   521704      5640   5430680  0.000  0.000    7.131    1.130    0    0  (Gen:  0)
   521728      4080   5430568  0.000  0.000    7.132    1.131    0    0  (Gen:  0)
   521792      3992   5430496  0.000  0.000    7.133    1.131    0    0  (Gen:  0)
   521520      4312   5430832  0.000  0.000    7.134    1.131    0    0  (Gen:  0)
   521696      4096   5430680  0.000  0.000    7.135    1.131    0    0  (Gen:  0)
   521864      4320   5430992  0.000  0.000    7.135    1.131    0    0  (Gen:  0)
   521672      4176   5430880  0.000  0.000    7.136    1.131    0    0  (Gen:  0)
   521744      4088   5430880  0.000  0.000    7.137    1.131    0    0  (Gen:  0)
   521480      6280   5433104  0.000  0.000    7.138    1.132    0    0  (Gen:  0)
   521864      6128   5433016  0.000  0.000    7.139    1.132    0    0  (Gen:  0)
   521640      4016   5432960  0.000  0.000    7.139    1.132    0    0  (Gen:  0)
   521504      4248   5433208  0.000  0.000    7.140    1.132    0    0  (Gen:  0)
   521464      4176   5433184  0.000  0.000    7.141    1.132    0    0  (Gen:  0)
   521736      6136   5435160  0.000  0.000    7.142    1.132    0    0  (Gen:  0)
   521568      4264   5435104  0.000  0.000    7.143    1.132    0    0  (Gen:  0)
   521312      4192   5435192  0.000  0.000    7.144    1.133    0    0  (Gen:  0)
   521576      4216   5435248  0.000  0.000    7.145    1.133    0    0  (Gen:  0)
   521752      3896   5434960  0.000  0.000    7.145    1.133    0    0  (Gen:  0)
   521720      4008   5435160  0.000  0.000    7.146    1.133    0    0  (Gen:  0)
   521552      6568   5437752  0.000  0.000    7.147    1.133    0    0  (Gen:  0)
   521656      6432   5437680  0.000  0.000    7.148    1.133    0    0  (Gen:  0)
   521592      3960   5437552  0.000  0.000    7.149    1.133    0    0  (Gen:  0)
   521584      4128   5437736  0.000  0.000    7.150    1.134    0    0  (Gen:  0)
   521408      3992   5437648  0.000  0.000    7.150    1.134    0    0  (Gen:  0)
   521752      4408   5438080  0.000  0.000    7.151    1.134    0    0  (Gen:  0)
   521584      4120   5438064  0.000  0.000    7.152    1.134    0    0  (Gen:  0)
   521552      4048   5438152  0.000  0.000    7.153    1.134    0    0  (Gen:  0)
   521568      4072   5438208  0.000  0.000    7.154    1.134    0    0  (Gen:  0)
   521680      4344   5438736  0.000  0.000    7.154    1.134    0    0  (Gen:  0)
   521536      4608   5439240  0.000  0.000    7.155    1.135    0    0  (Gen:  0)
   521496      7544   5442736  0.000  0.000    7.156    1.135    0    0  (Gen:  0)
   521856      6304   5442696  0.000  0.000    7.157    1.135    0    0  (Gen:  0)
   521592      4248   5442824  0.000  0.000    7.158    1.135    0    0  (Gen:  0)
   521664      4040   5442648  0.000  0.000    7.159    1.135    0    0  (Gen:  0)
   521384      4208   5442904  0.000  0.000    7.160    1.135    0    0  (Gen:  0)
   521592      6024   5444752  0.000  0.000    7.160    1.135    0    0  (Gen:  0)
   521584      4096   5444800  0.000  0.000    7.161    1.136    0    0  (Gen:  0)
   521608      3992   5444784  0.000  0.000    7.162    1.136    0    0  (Gen:  0)
   521712      4168   5444976  0.000  0.000    7.163    1.136    0    0  (Gen:  0)
   521864      4152   5445008  0.000  0.000    7.164    1.136    0    0  (Gen:  0)
   521536      6616   5447488  0.000  0.000    7.165    1.136    0    0  (Gen:  0)
   521648      6472   5447408  0.000  0.000    7.165    1.136    0    0  (Gen:  0)
   521416      4136   5447480  0.000  0.000    7.166    1.136    0    0  (Gen:  0)
   521552      4064   5447440  0.000  0.000    7.167    1.137    0    0  (Gen:  0)
   521552      4272   5447680  0.000  0.000    7.168    1.137    0    0  (Gen:  0)
   521656      3912   5447336  0.000  0.000    7.169    1.137    0    0  (Gen:  0)
   521600      6280   5449720  0.000  0.000    7.170    1.137    0    0  (Gen:  0)
   521440      4176   5449744  0.000  0.000    7.170    1.137    0    0  (Gen:  0)
   521592      4320   5449976  0.001  0.000    7.172    1.137    0    0  (Gen:  0)
   521544      4000   5449688  0.001  0.000    7.174    1.138    0    0  (Gen:  0)
   521776      4136   5449912  0.001  0.000    7.176    1.138    0    0  (Gen:  0)
   521512      6744   5452552  0.001  0.000    7.178    1.138    0    0  (Gen:  0)
   521672      6752   5452624  0.001  0.000    7.179    1.138    0    0  (Gen:  0)
   521472      3840   5452208  0.001  0.000    7.181    1.139    0    0  (Gen:  0)
   521424      4072   5452456  0.000  0.000    7.182    1.139    0    0  (Gen:  0)
   521176      4080   5452512  0.000  0.000    7.182    1.139    0    0  (Gen:  0)
   521600      3904   5452352  0.000  0.000    7.183    1.139    0    0  (Gen:  0)
   521720      4440   5452904  0.000  0.000    7.183    1.139    0    0  (Gen:  0)
   521752      4192   5452944  0.000  0.000    7.184    1.139    0    0  (Gen:  0)
   521664      4392   5453232  0.000  0.000    7.184    1.139    0    0  (Gen:  0)
   521544      4080   5453176  0.000  0.000    7.185    1.139    0    0  (Gen:  0)
   521536      4480   5453664  0.000  0.000    7.185    1.140    0    0  (Gen:  0)
   521424      7440   5457040  0.000  0.000    7.186    1.140    0    0  (Gen:  0)
   521816      5760   5457024  0.000  0.000    7.187    1.140    0    0  (Gen:  0)
   521712      3968   5456888  0.000  0.000    7.187    1.140    0    0  (Gen:  0)
   521424      4024   5456960  0.000  0.000    7.188    1.140    0    0  (Gen:  0)
   521544      4176   5457160  0.000  0.000    7.188    1.140    0    0  (Gen:  0)
   521632      4408   5457408  0.000  0.000    7.189    1.140    0    0  (Gen:  0)
   521856      4192   5457240  0.000  0.000    7.189    1.140    0    0  (Gen:  0)
   521632      4136   5457344  0.000  0.000    7.190    1.141    0    0  (Gen:  0)
   521904      4224   5457464  0.000  0.000    7.190    1.141    0    0  (Gen:  0)
   521784      4136   5457408  0.000  0.000    7.191    1.141    0    0  (Gen:  0)
   521592      4088   5457376  0.000  0.000    7.191    1.141    0    0  (Gen:  0)
   521784      6088   5459392  0.000  0.000    7.192    1.141    0    0  (Gen:  0)
   521360      5880   5459264  0.000  0.000    7.193    1.141    0    0  (Gen:  0)
   521608      4224   5459456  0.000  0.000    7.193    1.141    0    0  (Gen:  0)
   521592      4112   5459376  0.000  0.000    7.194    1.141    0    0  (Gen:  0)
   521472      4064   5459416  0.000  0.000    7.194    1.141    0    0  (Gen:  0)
   521512      4296   5459680  0.000  0.000    7.195    1.142    0    0  (Gen:  0)
   521856      4176   5459608  0.000  0.000    7.195    1.142    0    0  (Gen:  0)
   521584      4048   5459568  0.000  0.000    7.196    1.142    0    0  (Gen:  0)
   521896      4072   5459608  0.000  0.000    7.196    1.142    0    0  (Gen:  0)
   521704      4112   5459696  0.000  0.000    7.197    1.142    0    0  (Gen:  0)
   521608      6832   5462432  0.000  0.000    7.197    1.142    0    0  (Gen:  0)
   521480      6568   5462232  0.000  0.000    7.198    1.142    0    0  (Gen:  0)
   521520      4208   5462456  0.000  0.000    7.199    1.142    0    0  (Gen:  0)
   521576      4192   5462472  0.000  0.000    7.200    1.143    0    0  (Gen:  0)
   521688      4160   5462472  0.000  0.000    7.201    1.143    0    0  (Gen:  0)
   521368      4088   5462416  0.000  0.000    7.202    1.143    0    0  (Gen:  0)
   521696      4720   5463064  0.000  0.000    7.202    1.143    0    0  (Gen:  0)
   521768      3872   5462504  0.000  0.000    7.203    1.143    0    0  (Gen:  0)
   521288      3912   5462632  0.000  0.000    7.204    1.143    0    0  (Gen:  0)
   521728      4312   5463048  0.000  0.000    7.205    1.144    0    0  (Gen:  0)
   521776      4160   5463168  0.000  0.000    7.206    1.144    0    0  (Gen:  0)
   521400      7904   5467152  0.000  0.000    7.207    1.144    0    0  (Gen:  0)
   521784      5952   5467184  0.000  0.000    7.208    1.144    0    0  (Gen:  0)
   521776      3904   5467128  0.000  0.000    7.208    1.144    0    0  (Gen:  0)
   521544      4152   5467408  0.001  0.000    7.210    1.144    0    0  (Gen:  0)
   521192      4160   5467448  0.001  0.000    7.211    1.145    0    0  (Gen:  0)
   521480      3944   5467248  0.005  0.000    7.217    1.145    0    0  (Gen:  0)
   521952      5904   5469224  0.001  0.000    7.220    1.145    0    0  (Gen:  0)
   521736      4176   5469192  0.001  0.000    7.221    1.146    0    0  (Gen:  0)
   521936      4200   5469304  0.001  0.000    7.223    1.146    0    0  (Gen:  0)
   521248      3920   5469056  0.001  0.000    7.224    1.146    0    0  (Gen:  0)
   521456      4176   5469400  0.001  0.000    7.226    1.146    0    0  (Gen:  0)
   521560      6440   5471696  0.000  0.000    7.226    1.146    0    0  (Gen:  0)
   521600      6480   5471800  0.000  0.000    7.227    1.147    0    0  (Gen:  0)
   521440      4632   5472256  0.000  0.000    7.228    1.147    0    0  (Gen:  0)
   521784      5224   5473408  0.000  0.000    7.229    1.147    0    0  (Gen:  0)
   521792      3904   5473232  0.000  0.000    7.230    1.147    0    0  (Gen:  0)
   521664      4224   5473568  0.000  0.000    7.231    1.147    0    0  (Gen:  0)
   521632      4192   5473584  0.000  0.000    7.231    1.147    0    0  (Gen:  0)
   521608      4040   5473592  0.000  0.000    7.232    1.148    0    0  (Gen:  0)
   521928      4224   5473808  0.000  0.000    7.233    1.148    0    0  (Gen:  0)
   521728      4080   5473696  0.000  0.000    7.234    1.148    0    0  (Gen:  0)
   521664      4048   5473680  0.000  0.000    7.235    1.148    0    0  (Gen:  0)
   521480      6336   5475984  0.000  0.000    7.236    1.148    0    0  (Gen:  0)
   521808      6232   5475960  0.000  0.000    7.237    1.148    0    0  (Gen:  0)
   521712      4184   5475968  0.000  0.000    7.237    1.148    0    0  (Gen:  0)
   521544      4096   5475912  0.000  0.000    7.238    1.149    0    0  (Gen:  0)
   521416      4168   5476072  0.000  0.000    7.239    1.149    0    0  (Gen:  0)
   521848      6104   5478040  0.000  0.000    7.240    1.149    0    0  (Gen:  0)
   521256      4288   5478040  0.000  0.000    7.241    1.149    0    0  (Gen:  0)
   521480      4008   5477848  0.000  0.000    7.242    1.149    0    0  (Gen:  0)
   521528      4264   5478120  0.000  0.000    7.242    1.149    0    0  (Gen:  0)
   521736      4192   5478096  0.000  0.000    7.243    1.149    0    0  (Gen:  0)
   521864      6680   5480600  0.000  0.000    7.244    1.150    0    0  (Gen:  0)
   521552      6456   5480440  0.000  0.000    7.245    1.150    0    0  (Gen:  0)
   521440      3968   5480368  0.000  0.000    7.246    1.150    0    0  (Gen:  0)
   521600      4072   5480504  0.000  0.000    7.247    1.150    0    0  (Gen:  0)
   521624      4008   5480472  0.000  0.000    7.247    1.150    0    0  (Gen:  0)
   521544      3968   5480520  0.000  0.000    7.248    1.150    0    0  (Gen:  0)
   521672      4424   5481008  0.000  0.000    7.249    1.150    0    0  (Gen:  0)
   521752      4192   5481048  0.000  0.000    7.250    1.151    0    0  (Gen:  0)
   521280      3864   5480808  0.000  0.000    7.251    1.151    0    0  (Gen:  0)
   521768      4312   5481272  0.000  0.000    7.252    1.151    0    0  (Gen:  0)
   521728      4320   5481552  0.000  0.000    7.252    1.151    0    0  (Gen:  0)
   521288      7936   5485408  0.000  0.000    7.253    1.151    0    0  (Gen:  0)
   521760      6176   5485312  0.000  0.000    7.254    1.151    0    0  (Gen:  0)
   521832      4192   5485584  0.000  0.000    7.255    1.151    0    0  (Gen:  0)
   521432      4064   5485488  0.000  0.000    7.256    1.152    0    0  (Gen:  0)
   521600      4120   5485576  0.000  0.000    7.257    1.152    0    0  (Gen:  0)
   521496      3992   5485464  0.000  0.000    7.257    1.152    0    0  (Gen:  0)
   521656      6240   5487728  0.000  0.000    7.258    1.152    0    0  (Gen:  0)
   521496      4112   5487592  0.000  0.000    7.259    1.152    0    0  (Gen:  0)
   521616      4304   5487872  0.000  0.000    7.260    1.152    0    0  (Gen:  0)
   521912      4104   5487704  0.000  0.000    7.261    1.152    0    0  (Gen:  0)
   521680      4048   5487736  0.000  0.000    7.262    1.153    0    0  (Gen:  0)
   521504      6360   5490080  0.000  0.000    7.262    1.153    0    0  (Gen:  0)
   521544      6496   5490280  0.000  0.000    7.263    1.153    0    0  (Gen:  0)
   521672      4024   5490144  0.000  0.000    7.264    1.153    0    0  (Gen:  0)
   521432      3976   5490112  0.000  0.000    7.265    1.153    0    0  (Gen:  0)
   521536      4080   5490264  0.000  0.000    7.266    1.153    0    0  (Gen:  0)
   521600      6416   5492616  0.000  0.000    7.267    1.153    0    0  (Gen:  0)
   521528      4264   5492576  0.000  0.000    7.267    1.154    0    0  (Gen:  0)
   521512      4160   5492632  0.000  0.000    7.268    1.154    0    0  (Gen:  0)
   521464      4208   5492712  0.000  0.000    7.269    1.154    0    0  (Gen:  0)
   521872      4016   5492552  0.000  0.000    7.270    1.154    0    0  (Gen:  0)
   521640      4024   5492576  0.000  0.000    7.271    1.154    0    0  (Gen:  0)
   521440      6648   5495216  0.000  0.000    7.272    1.154    0    0  (Gen:  0)
   521784      6584   5495232  0.000  0.000    7.272    1.154    0    0  (Gen:  0)
   521304      4352   5495496  0.000  0.000    7.273    1.155    0    0  (Gen:  0)
   521376      4248   5495424  0.000  0.000    7.274    1.155    0    0  (Gen:  0)
   521336      4152   5495416  0.000  0.000    7.275    1.155    0    0  (Gen:  0)
   521632      4688   5495984  0.000  0.000    7.276    1.155    0    0  (Gen:  0)
   521736      3784   5495352  0.000  0.000    7.277    1.155    0    0  (Gen:  0)
   521800      3928   5495584  0.000  0.000    7.278    1.155    0    0  (Gen:  0)
   521456      4320   5495976  0.000  0.000    7.278    1.155    0    0  (Gen:  0)
   521552      4184   5496096  0.000  0.000    7.279    1.156    0    0  (Gen:  0)
   521640      4768   5496920  0.000  0.000    7.280    1.156    0    0  (Gen:  0)
   521504      6720   5499752  0.000  0.000    7.281    1.156    0    0  (Gen:  0)
   521800      5776   5499848  0.000  0.000    7.282    1.156    0    0  (Gen:  0)
   521560      4176   5499904  0.000  0.000    7.283    1.156    0    0  (Gen:  0)
   521568      4016   5499776  0.000  0.000    7.283    1.156    0    0  (Gen:  0)
   521608      4016   5499864  0.000  0.000    7.284    1.157    0    0  (Gen:  0)
   521760      4272   5500152  0.000  0.000    7.285    1.157    0    0  (Gen:  0)
   521624      4192   5500120  0.000  0.000    7.286    1.157    0    0  (Gen:  0)
   521784      3992   5500008  0.000  0.000    7.287    1.157    0    0  (Gen:  0)
   521808      4240   5500272  0.000  0.000    7.288    1.157    0    0  (Gen:  0)
   521824      4088   5500168  0.000  0.000    7.288    1.157    0    0  (Gen:  0)
   521576      6184   5502280  0.000  0.000    7.289    1.157    0    0  (Gen:  0)
   521680      5952   5502112  0.000  0.000    7.290    1.158    0    0  (Gen:  0)
   521456      4024   5502104  0.000  0.000    7.291    1.158    0    0  (Gen:  0)
   521440      4064   5502176  0.000  0.000    7.292    1.158    0    0  (Gen:  0)
   521600      4120   5502264  0.000  0.000    7.293    1.158    0    0  (Gen:  0)
   521600      3816   5501976  0.000  0.000    7.293    1.158    0    0  (Gen:  0)
   521600      4288   5502464  0.000  0.000    7.294    1.158    0    0  (Gen:  0)
   521624      4160   5502400  0.000  0.000    7.295    1.158    0    0  (Gen:  0)
   521928      4120   5502448  0.000  0.000    7.296    1.159    0    0  (Gen:  0)
   521672      4032   5502392  0.000  0.000    7.297    1.159    0    0  (Gen:  0)
   521752      4136   5502584  0.000  0.000    7.298    1.159    0    0  (Gen:  0)
   521520      6680   5505160  0.000  0.000    7.298    1.159    0    0  (Gen:  0)
   521576      6616   5505160  0.000  0.000    7.299    1.159    0    0  (Gen:  0)
   521528      4064   5505120  0.000  0.000    7.300    1.159    0    0  (Gen:  0)
   521600      4128   5505200  0.000  0.000    7.301    1.159    0    0  (Gen:  0)
   521440      4104   5505224  0.000  0.000    7.302    1.160    0    0  (Gen:  0)
   521648      4480   5505616  0.000  0.000    7.303    1.160    0    0  (Gen:  0)
   521616      4104   5505512  0.000  0.000    7.303    1.160    0    0  (Gen:  0)
   521664      4096   5505664  0.000  0.000    7.304    1.160    0    0  (Gen:  0)
   521376      4488   5506088  0.000  0.000    7.305    1.160    0    0  (Gen:  0)
   521760      4528   5506384  0.001  0.000    7.306    1.160    0    0  (Gen:  0)
   521560      4472   5506568  0.001  0.000    7.308    1.161    0    0  (Gen:  0)
   521576      7616   5510112  0.001  0.000    7.310    1.161    0    0  (Gen:  0)
   521808      5952   5510128  0.001  0.000    7.311    1.161    0    0  (Gen:  0)
   521688      3904   5510000  0.001  0.000    7.326    1.163    0    0  (Gen:  0)
   521392      4224   5510336  0.001  0.000    7.327    1.163    0    0  (Gen:  0)
   521232      3968   5510128  0.001  0.000    7.328    1.163    0    0  (Gen:  0)
   521848      6000   5512176  0.001  0.000    7.330    1.163    0    0  (Gen:  0)
   521776      4040   5511896  0.000  0.000    7.330    1.163    0    0  (Gen:  0)
   521736      4120   5512136  0.000  0.000    7.331    1.163    0    0  (Gen:  0)
   521872      4192   5512240  0.000  0.000    7.331    1.164    0    0  (Gen:  0)
   521200      3984   5512064  0.000  0.000    7.332    1.164    0    0  (Gen:  0)
   521376      3952   5512048  0.000  0.000    7.333    1.164    0    0  (Gen:  0)
   521832      6504   5514616  0.000  0.000    7.333    1.164    0    0  (Gen:  0)
   521456      6408   5514600  0.000  0.000    7.334    1.164    0    0  (Gen:  0)
   521648      5744   5516240  0.000  0.000    7.335    1.164    0    0  (Gen:  0)
   521576      3992   5516096  0.000  0.000    7.335    1.164    0    0  (Gen:  0)
   521872      4056   5516248  0.000  0.000    7.336    1.164    0    0  (Gen:  0)
   521568      4336   5516560  0.000  0.000    7.336    1.165    0    0  (Gen:  0)
   521672      4360   5516632  0.000  0.000    7.337    1.165    0    0  (Gen:  0)
   521704      3928   5516288  0.000  0.000    7.337    1.165    0    0  (Gen:  0)
   521864      4128   5516504  0.000  0.000    7.338    1.165    0    0  (Gen:  0)
   521792      3904   5516328  0.000  0.000    7.338    1.165    0    0  (Gen:  0)
   521480      6264   5518704  0.000  0.000    7.339    1.165    0    0  (Gen:  0)
   521728      6216   5518720  0.000  0.000    7.340    1.165    0    0  (Gen:  0)
   521728      4080   5518712  0.000  0.000    7.340    1.165    0    0  (Gen:  0)
   521504      4112   5518776  0.000  0.000    7.341    1.166    0    0  (Gen:  0)
   521552      4176   5518872  0.000  0.000    7.341    1.166    0    0  (Gen:  0)
   521656      4024   5518736  0.000  0.000    7.342    1.166    0    0  (Gen:  0)
   521624      5960   5520688  0.000  0.000    7.342    1.166    0    0  (Gen:  0)
   521320      4120   5520680  0.000  0.000    7.343    1.166    0    0  (Gen:  0)
   521560      4264   5520912  0.000  0.000    7.344    1.166    0    0  (Gen:  0)
   521600      4176   5520856  0.000  0.000    7.344    1.166    0    0  (Gen:  0)
   521744      4064   5520832  0.000  0.000    7.345    1.166    0    0  (Gen:  0)
   521712      6528   5523328  0.000  0.000    7.345    1.167    0    0  (Gen:  0)
   521560      6472   5523336  0.000  0.000    7.346    1.167    0    0  (Gen:  0)
   521528      4088   5523296  0.000  0.000    7.347    1.167    0    0  (Gen:  0)
   521616      4280   5523504  0.000  0.000    7.347    1.167    0    0  (Gen:  0)
   521560      4160   5523432  0.000  0.000    7.348    1.167    0    0  (Gen:  0)
   521592      4832   5524120  0.000  0.000    7.348    1.167    0    0  (Gen:  0)
   521616      4040   5523600  0.000  0.000    7.349    1.167    0    0  (Gen:  0)
   521712      3984   5523704  0.000  0.000    7.349    1.167    0    0  (Gen:  0)
   521368      4288   5524040  0.000  0.000    7.350    1.168    0    0  (Gen:  0)
   521744      3904   5523912  0.000  0.000    7.350    1.168    0    0  (Gen:  0)
   521576      4464   5524560  0.000  0.000    7.351    1.168    0    0  (Gen:  0)
   521432      7792   5528304  0.000  0.000    7.352    1.168    0    0  (Gen:  0)
   521824      6288   5528304  0.000  0.000    7.352    1.168    0    0  (Gen:  0)
   521728      3992   5528192  0.001  0.000    7.354    1.168    0    0  (Gen:  0)
   521496      4224   5528440  0.001  0.000    7.356    1.169    0    0  (Gen:  0)
   521360      3800   5528064  0.001  0.000    7.357    1.169    0    0  (Gen:  0)
   521792      6152   5530432  0.001  0.000    7.359    1.169    0    0  (Gen:  0)
   521576      4192   5530448  0.001  0.000    7.360    1.169    0    0  (Gen:  0)
   521528      4096   5530512  0.001  0.000    7.362    1.169    0    0  (Gen:  0)
   521704      4152   5530600  0.001  0.000    7.363    1.170    0    0  (Gen:  0)
   521848      4048   5530528  0.001  0.000    7.365    1.170    0    0  (Gen:  0)
   521600      4064   5530560  0.000  0.000    7.365    1.170    0    0  (Gen:  0)
   521504      6648   5533160  0.000  0.000    7.366    1.170    0    0  (Gen:  0)
   521512      6440   5533032  0.000  0.000    7.367    1.170    0    0  (Gen:  0)
   521648      4208   5533136  0.000  0.000    7.368    1.170    0    0  (Gen:  0)
   521424      4080   5533040  0.000  0.000    7.369    1.171    0    0  (Gen:  0)
   521648      4096   5533144  0.000  0.000    7.370    1.171    0    0  (Gen:  0)
   521536      6272   5535352  0.000  0.000    7.371    1.171    0    0  (Gen:  0)
   521600      4168   5535360  0.000  0.000    7.371    1.171    0    0  (Gen:  0)
   521408      3992   5535272  0.000  0.000    7.372    1.171    0    0  (Gen:  0)
   521568      4208   5535504  0.000  0.000    7.373    1.171    0    0  (Gen:  0)
   521816      4160   5535504  0.000  0.000    7.374    1.172    0    0  (Gen:  0)
   521576      6648   5538008  0.000  0.000    7.375    1.172    0    0  (Gen:  0)
   521632      6560   5537984  0.000  0.000    7.376    1.172    0    0  (Gen:  0)
   521600      4120   5538112  0.000  0.000    7.377    1.172    0    0  (Gen:  0)
   521344      4128   5538152  0.000  0.000    7.378    1.172    0    0  (Gen:  0)
   521240      4216   5538272  0.000  0.000    7.378    1.172    0    0  (Gen:  0)
   521496      4064   5538136  0.000  0.000    7.379    1.172    0    0  (Gen:  0)
   521712      4536   5538624  0.000  0.000    7.380    1.173    0    0  (Gen:  0)
   521736      4224   5538600  0.000  0.000    7.381    1.173    0    0  (Gen:  0)
   521760      4512   5538976  0.000  0.000    7.382    1.173    0    0  (Gen:  0)
   521464      4232   5538952  0.000  0.000    7.383    1.173    0    0  (Gen:  0)
   521480      4632   5539440  0.000  0.000    7.383    1.173    0    0  (Gen:  0)
   521448      7336   5542560  0.000  0.000    7.384    1.173    0    0  (Gen:  0)
   521744      5544   5542432  0.000  0.000    7.385    1.173    0    0  (Gen:  0)
   521776      4136   5542752  0.000  0.000    7.386    1.174    0    0  (Gen:  0)
   521424      4024   5542672  0.000  0.000    7.387    1.174    0    0  (Gen:  0)
   521576      3992   5542672  0.000  0.000    7.388    1.174    0    0  (Gen:  0)
   521648      3976   5542672  0.000  0.000    7.389    1.174    0    0  (Gen:  0)
   521896      4328   5543040  0.000  0.000    7.389    1.174    0    0  (Gen:  0)
   521544      4208   5542984  0.000  0.000    7.390    1.174    0    0  (Gen:  0)
   521936      4232   5543096  0.000  0.000    7.391    1.174    0    0  (Gen:  0)
   521640      3952   5542848  0.000  0.000    7.392    1.175    0    0  (Gen:  0)
   521880      4136   5543120  0.000  0.000    7.393    1.175    0    0  (Gen:  0)
   521584      5824   5544840  0.000  0.000    7.394    1.175    0    0  (Gen:  0)
   521576      5968   5545048  0.000  0.000    7.394    1.175    0    0  (Gen:  0)
   521472   2711040   2852224  0.012  0.001    7.407    1.176    0    0  (Gen:  1)
   521480      4048   2852296  0.000  0.000    7.408    1.176    0    0  (Gen:  0)
   521600      4136   2852432  0.000  0.000    7.409    1.177    0    0  (Gen:  0)
   521568      4376   2852688  0.000  0.000    7.410    1.177    0    0  (Gen:  0)
   521680      4040   2852400  0.000  0.000    7.411    1.177    0    0  (Gen:  0)
   521592      4080   2852600  0.000  0.000    7.412    1.177    0    0  (Gen:  0)
   521920      4152   2852704  0.000  0.000    7.413    1.177    0    0  (Gen:  0)
   521744      4016   2852600  0.000  0.000    7.414    1.177    0    0  (Gen:  0)
   521664      3904   2852504  0.000  0.000    7.414    1.178    0    0  (Gen:  0)
   521504      6680   2855296  0.000  0.000    7.415    1.178    0    0  (Gen:  0)
   521472      6688   2855384  0.000  0.000    7.416    1.178    0    0  (Gen:  0)
   521664      4264   2855472  0.000  0.000    7.417    1.178    0    0  (Gen:  0)
   521472      4192   2855432  0.000  0.000    7.418    1.178    0    0  (Gen:  0)
   521512      4160   2855488  0.000  0.000    7.419    1.178    0    0  (Gen:  0)
   521712      4504   2855864  0.000  0.000    7.420    1.178    0    0  (Gen:  0)
   521656      4320   2855952  0.000  0.000    7.420    1.179    0    0  (Gen:  0)
   521480      3904   2855624  0.000  0.000    7.421    1.179    0    0  (Gen:  0)
   521504      4520   2856256  0.000  0.000    7.422    1.179    0    0  (Gen:  0)
   521768      4384   2856392  0.000  0.000    7.423    1.179    0    0  (Gen:  0)
   521528      8136   2860384  0.000  0.000    7.424    1.179    0    0  (Gen:  0)
   521712      6048   2860280  0.000  0.000    7.425    1.179    0    0  (Gen:  0)
   521768      4232   2860456  0.000  0.000    7.425    1.180    0    0  (Gen:  0)
   521592      3888   2860144  0.000  0.000    7.426    1.180    0    0  (Gen:  0)
   521288      3984   2860272  0.000  0.000    7.427    1.180    0    0  (Gen:  0)
   521440      4024   2860400  0.000  0.000    7.428    1.180    0    0  (Gen:  0)
   521872      5872   2862280  0.000  0.000    7.429    1.180    0    0  (Gen:  0)
   521736      4120   2862208  0.001  0.000    7.430    1.180    0    0  (Gen:  0)
   521728      4048   2862224  0.001  0.000    7.432    1.181    0    0  (Gen:  0)
   521640      4096   2862288  0.001  0.000    7.433    1.181    0    0  (Gen:  0)
   521248      3904   2862144  0.001  0.000    7.434    1.181    0    0  (Gen:  0)
   521672      6656   2864912  0.001  0.000    7.436    1.181    0    0  (Gen:  0)
   521536      6392   2864712  0.001  0.000    7.437    1.181    0    0  (Gen:  0)
   521456      4440   2865152  0.001  0.000    7.439    1.182    0    0  (Gen:  0)
   521744      5608   2866736  0.000  0.000    7.440    1.182    0    0  (Gen:  0)
   521792      4032   2866608  0.000  0.000    7.441    1.182    0    0  (Gen:  0)
   521736      3992   2866584  0.000  0.000    7.441    1.182    0    0  (Gen:  0)
   521632      4280   2866888  0.000  0.000    7.442    1.182    0    0  (Gen:  0)
   521568      4192   2866864  0.000  0.000    7.443    1.182    0    0  (Gen:  0)
   521984      4168   2866928  0.000  0.000    7.444    1.182    0    0  (Gen:  0)
   521576      3992   2866784  0.000  0.000    7.445    1.183    0    0  (Gen:  0)
   521872      4056   2866936  0.000  0.000    7.446    1.183    0    0  (Gen:  0)
   521360      6072   2868984  0.000  0.000    7.446    1.183    0    0  (Gen:  0)
   521872      6120   2869096  0.000  0.000    7.447    1.183    0    0  (Gen:  0)
   521624      3936   2868968  0.000  0.000    7.448    1.183    0    0  (Gen:  0)
   521568      4024   2869072  0.000  0.000    7.449    1.183    0    0  (Gen:  0)
   521464      4056   2869152  0.000  0.000    7.450    1.183    0    0  (Gen:  0)
   521760      5992   2871104  0.000  0.000    7.451    1.184    0    0  (Gen:  0)
   521400      4192   2871120  0.000  0.000    7.451    1.184    0    0  (Gen:  0)
   521344      4152   2871240  0.000  0.000    7.452    1.184    0    0  (Gen:  0)
   521624      4112   2871232  0.000  0.000    7.453    1.184    0    0  (Gen:  0)
   521784      4160   2871312  0.000  0.000    7.454    1.184    0    0  (Gen:  0)
   521728      4032   2871200  0.000  0.000    7.455    1.184    0    0  (Gen:  0)
   521560      6544   2873728  0.000  0.000    7.456    1.185    0    0  (Gen:  0)
   521600      6448   2873712  0.000  0.000    7.456    1.185    0    0  (Gen:  0)
   521600      4336   2873944  0.000  0.000    7.457    1.185    0    0  (Gen:  0)
   521536      3976   2873616  0.012  0.001    7.472    1.186    0    0  (Gen:  0)
   521552      4232   2873960  0.000  0.000    7.473    1.186    0    0  (Gen:  0)
   521680      4480   2874240  0.000  0.000    7.474    1.187    0    0  (Gen:  0)
   521616      4360   2874392  0.000  0.000    7.474    1.187    0    0  (Gen:  0)
   521480      4176   2874296  0.000  0.000    7.475    1.187    0    0  (Gen:  0)
   521568      4504   2874640  0.000  0.000    7.476    1.187    0    0  (Gen:  0)
   521760      4400   2874808  0.000  0.000    7.477    1.187    0    0  (Gen:  0)
   521496      5312   2875952  0.000  0.000    7.478    1.187    0    0  (Gen:  0)
   521592      6488   2878568  0.000  0.000    7.479    1.187    0    0  (Gen:  0)
   521752      6208   2878552  0.000  0.000    7.480    1.188    0    0  (Gen:  0)
   521592      4104   2878632  0.000  0.000    7.481    1.188    0    0  (Gen:  0)
   521632      4008   2878568  0.000  0.000    7.481    1.188    0    0  (Gen:  0)
   521424      3984   2878632  0.000  0.000    7.482    1.188    0    0  (Gen:  0)
   521632      6256   2880936  0.000  0.000    7.483    1.188    0    0  (Gen:  0)
   521440      4248   2880904  0.000  0.000    7.484    1.188    0    0  (Gen:  0)
   521752      3872   2880616  0.000  0.000    7.485    1.188    0    0  (Gen:  0)
   521760      4144   2880904  0.000  0.000    7.486    1.189    0    0  (Gen:  0)
   521720      4080   2880888  0.000  0.000    7.486    1.189    0    0  (Gen:  0)
   521600      6528   2883352  0.000  0.000    7.487    1.189    0    0  (Gen:  0)
   521648      6336   2883224  0.000  0.000    7.488    1.189    0    0  (Gen:  0)
   521496      4112   2883408  0.000  0.000    7.489    1.189    0    0  (Gen:  0)
   521416      4240   2883568  0.000  0.000    7.490    1.189    0    0  (Gen:  0)
   521608      4032   2883392  0.000  0.000    7.491    1.190    0    0  (Gen:  0)
   521552      4032   2883408  0.000  0.000    7.492    1.190    0    0  (Gen:  0)
   521656      6248   2885640  0.000  0.000    7.492    1.190    0    0  (Gen:  0)
   521384      4008   2885528  0.000  0.000    7.493    1.190    0    0  (Gen:  0)
   521576      4208   2885816  0.000  0.000    7.494    1.190    0    0  (Gen:  0)
   521712      4040   2885680  0.000  0.000    7.495    1.190    0    0  (Gen:  0)
   521736      4168   2885896  0.000  0.000    7.496    1.190    0    0  (Gen:  0)
   521472      6664   2888424  0.000  0.000    7.497    1.191    0    0  (Gen:  0)
   521656      6728   2888552  0.000  0.000    7.498    1.191    0    0  (Gen:  0)
   521400      3976   2888296  0.000  0.000    7.498    1.191    0    0  (Gen:  0)
   521432      4224   2888560  0.000  0.000    7.499    1.191    0    0  (Gen:  0)
   521296      4216   2888600  0.000  0.000    7.500    1.191    0    0  (Gen:  0)
   521616      4416   2888816  0.000  0.000    7.501    1.191    0    0  (Gen:  0)
   521672      4136   2888808  0.000  0.000    7.502    1.191    0    0  (Gen:  0)
   521712      4040   2888872  0.000  0.000    7.502    1.192    0    0  (Gen:  0)
   521680      4448   2889312  0.000  0.000    7.503    1.192    0    0  (Gen:  0)
   521560      4368   2889488  0.000  0.000    7.504    1.192    0    0  (Gen:  0)
   521544      4384   2889736  0.000  0.000    7.505    1.192    0    0  (Gen:  0)
   521424      7504   2893200  0.000  0.000    7.506    1.192    0    0  (Gen:  0)
   521792      5480   2892696  0.000  0.000    7.507    1.192    0    0  (Gen:  0)
   521736      3824   2892696  0.000  0.000    7.507    1.192    0    0  (Gen:  0)
   521400      4040   2892928  0.000  0.000    7.508    1.193    0    0  (Gen:  0)
   521568      4008   2892944  0.000  0.000    7.509    1.193    0    0  (Gen:  0)
   521752      4168   2893120  0.000  0.000    7.510    1.193    0    0  (Gen:  0)
   521792      4048   2893048  0.000  0.000    7.511    1.193    0    0  (Gen:  0)
   521632      3928   2893088  0.000  0.000    7.511    1.193    0    0  (Gen:  0)
   521856      4128   2893320  0.000  0.000    7.512    1.193    0    0  (Gen:  0)
   521800      4048   2893272  0.000  0.000    7.513    1.193    0    0  (Gen:  0)
   521552      4064   2893304  0.000  0.000    7.514    1.194    0    0  (Gen:  0)
   521760      5904   2895160  0.000  0.000    7.515    1.194    0    0  (Gen:  0)
   521368      5872   2895208  0.000  0.000    7.516    1.194    0    0  (Gen:  0)
   521632      4264   2895448  0.000  0.000    7.516    1.194    0    0  (Gen:  0)
   521480      4136   2895352  0.000  0.000    7.517    1.194    0    0  (Gen:  0)
   521664      4136   2895440  0.000  0.000    7.518    1.194    0    0  (Gen:  0)
   521544      4272   2895608  0.000  0.000    7.519    1.194    0    0  (Gen:  0)
   521632      4136   2895520  0.000  0.000    7.520    1.195    0    0  (Gen:  0)
   521760      4032   2895504  0.000  0.000    7.521    1.195    0    0  (Gen:  0)
   521824      4240   2895728  0.000  0.000    7.521    1.195    0    0  (Gen:  0)
   521784      4160   2895696  0.000  0.000    7.522    1.195    0    0  (Gen:  0)
   521496      6736   2898288  0.000  0.000    7.523    1.195    0    0  (Gen:  0)
   521600      6384   2898000  0.000  0.000    7.524    1.195    0    0  (Gen:  0)
   521480      4064   2898264  0.000  0.000    7.525    1.195    0    0  (Gen:  0)
   521552      4120   2898352  0.000  0.000    7.526    1.196    0    0  (Gen:  0)
   521600      4096   2898360  0.000  0.000    7.526    1.196    0    0  (Gen:  0)
   521408      3992   2898272  0.000  0.000    7.527    1.196    0    0  (Gen:  0)
   521720      4504   2898800  0.000  0.000    7.528    1.196    0    0  (Gen:  0)
   521768      4208   2898792  0.000  0.000    7.529    1.196    0    0  (Gen:  0)
   521248      4472   2899144  0.000  0.000    7.530    1.196    0    0  (Gen:  0)
   521824      4264   2899192  0.000  0.000    7.531    1.196    0    0  (Gen:  0)
   521680      4448   2899464  0.000  0.000    7.531    1.197    0    0  (Gen:  0)
   521464      7920   2903352  0.000  0.000    7.532    1.197    0    0  (Gen:  0)
   521792      5920   2903176  0.000  0.000    7.533    1.197    0    0  (Gen:  0)
   521712      4032   2903208  0.000  0.000    7.534    1.197    0    0  (Gen:  0)
   521504      4184   2903376  0.000  0.000    7.535    1.197    0    0  (Gen:  0)
   521216      4232   2903472  0.000  0.000    7.536    1.197    0    0  (Gen:  0)
   521616      6112   2905368  0.000  0.000    7.536    1.197    0    0  (Gen:  0)
   521864      4344   2905280  0.000  0.000    7.537    1.198    0    0  (Gen:  0)
   521752      3944   2905040  0.000  0.000    7.538    1.198    0    0  (Gen:  0)
   521888      4080   2905208  0.000  0.000    7.539    1.198    0    0  (Gen:  0)
   521280      4024   2905184  0.000  0.000    7.540    1.198    0    0  (Gen:  0)
   521456      3848   2905096  0.000  0.000    7.541    1.198    0    0  (Gen:  0)
   521640      6408   2907688  0.000  0.000    7.541    1.198    0    0  (Gen:  0)
   521576      6352   2907696  0.000  0.000    7.542    1.198    0    0  (Gen:  0)
   521376      4744   2908392  0.000  0.000    7.543    1.199    0    0  (Gen:  0)
   521792      5144   2909512  0.000  0.000    7.544    1.199    0    0  (Gen:  0)
   521800      4176   2909528  0.000  0.000    7.545    1.199    0    0  (Gen:  0)
   521600      4240   2909608  0.000  0.000    7.546    1.199    0    0  (Gen:  0)
   521728      4080   2909496  0.000  0.000    7.546    1.199    0    0  (Gen:  0)
   521600      4112   2909688  0.000  0.000    7.547    1.199    0    0  (Gen:  0)
   521888      4192   2909800  0.000  0.000    7.548    1.199    0    0  (Gen:  0)
   521792      4032   2909672  0.000  0.000    7.549    1.200    0    0  (Gen:  0)
   521576      3848   2909504  0.000  0.000    7.550    1.200    0    0  (Gen:  0)
   521560      6240   2911912  0.000  0.000    7.550    1.200    0    0  (Gen:  0)
   521792      6216   2911968  0.000  0.000    7.551    1.200    0    0  (Gen:  0)
   521624      4176   2911984  0.000  0.000    7.552    1.200    0    0  (Gen:  0)
   521592      4088   2911928  0.000  0.000    7.553    1.200    0    0  (Gen:  0)
   521504      4136   2912064  0.000  0.000    7.554    1.201    0    0  (Gen:  0)
   521792      5928   2913888  0.000  0.000    7.555    1.201    0    0  (Gen:  0)
   521192      4232   2914008  0.000  0.000    7.556    1.201    0    0  (Gen:  0)
   521536      3920   2913784  0.000  0.000    7.556    1.201    0    0  (Gen:  0)
   521552      4128   2914008  0.000  0.000    7.557    1.201    0    0  (Gen:  0)
   521800      4120   2914048  0.000  0.000    7.558    1.201    0    0  (Gen:  0)
   521768      6656   2916600  0.000  0.000    7.559    1.201    0    0  (Gen:  0)
   521552      6352   2916360  0.000  0.000    7.560    1.202    0    0  (Gen:  0)
   521488      4192   2916616  0.000  0.000    7.561    1.202    0    0  (Gen:  0)
   521576      4176   2916632  0.000  0.000    7.561    1.202    0    0  (Gen:  0)
   521600      4080   2916568  0.000  0.000    7.562    1.202    0    0  (Gen:  0)
   521488      4040   2916544  0.000  0.000    7.563    1.202    0    0  (Gen:  0)
   521704      4592   2917112  0.000  0.000    7.564    1.202    0    0  (Gen:  0)
   521776      4112   2916920  0.000  0.000    7.565    1.202    0    0  (Gen:  0)
   521264      4384   2917280  0.000  0.000    7.566    1.203    0    0  (Gen:  0)
   521792      4160   2917312  0.000  0.000    7.566    1.203    0    0  (Gen:  0)
   521704      4520   2917760  0.000  0.000    7.567    1.203    0    0  (Gen:  0)
   521336      7936   2921592  0.000  0.000    7.568    1.203    0    0  (Gen:  0)
   521768      6456   2921616  0.000  0.000    7.569    1.203    0    0  (Gen:  0)
   521752      3728   2921072  0.000  0.000    7.570    1.203    0    0  (Gen:  0)
   521536      4112   2921472  0.000  0.000    7.571    1.203    0    0  (Gen:  0)
   521504      4048   2921456  0.000  0.000    7.571    1.204    0    0  (Gen:  0)
   521576      3864   2921288  0.000  0.000    7.572    1.204    0    0  (Gen:  0)
   521632      6184   2923624  0.000  0.000    7.573    1.204    0    0  (Gen:  0)
   521456      4080   2923512  0.000  0.000    7.574    1.204    0    0  (Gen:  0)
   521720      4168   2923688  0.000  0.000    7.575    1.204    0    0  (Gen:  0)
   521776      3976   2923528  0.000  0.000    7.575    1.204    0    0  (Gen:  0)
   521752      4000   2923640  0.000  0.000    7.576    1.204    0    0  (Gen:  0)
   521512      6376   2926048  0.000  0.000    7.577    1.205    0    0  (Gen:  0)
   521480      6312   2926048  0.000  0.000    7.578    1.205    0    0  (Gen:  0)
   521704      3976   2926048  0.000  0.000    7.579    1.205    0    0  (Gen:  0)
   521408      4096   2926184  0.000  0.000    7.580    1.205    0    0  (Gen:  0)
   521552      4080   2926216  0.000  0.000    7.580    1.205    0    0  (Gen:  0)
   521592      6328   2928480  0.000  0.000    7.581    1.205    0    0  (Gen:  0)
   521664      4208   2928472  0.000  0.000    7.582    1.205    0    0  (Gen:  0)
   521408      4040   2928464  0.000  0.000    7.583    1.206    0    0  (Gen:  0)
   521488      4264   2928720  0.000  0.000    7.584    1.206    0    0  (Gen:  0)
   521864      4232   2928720  0.000  0.000    7.585    1.206    0    0  (Gen:  0)
   521552      4000   2928504  0.000  0.000    7.585    1.206    0    0  (Gen:  0)
   521520      6600   2931120  0.000  0.000    7.586    1.206    0    0  (Gen:  0)
   521800      6616   2931216  0.000  0.000    7.587    1.206    0    0  (Gen:  0)
   521248      4264   2931360  0.000  0.000    7.588    1.206    0    0  (Gen:  0)
   521336      3872   2931000  0.000  0.000    7.589    1.207    0    0  (Gen:  0)
   521336      4064   2931280  0.000  0.000    7.590    1.207    0    0  (Gen:  0)
   521736      4560   2931808  0.000  0.000    7.590    1.207    0    0  (Gen:  0)
   521720      4160   2931680  0.000  0.000    7.591    1.207    0    0  (Gen:  0)
   521808      4048   2931656  0.000  0.000    7.592    1.207    0    0  (Gen:  0)
   521416      4504   2932128  0.000  0.000    7.593    1.207    0    0  (Gen:  0)
   521592      4216   2932112  0.000  0.000    7.594    1.207    0    0  (Gen:  0)
   521536      7504   2935640  0.000  0.000    7.595    1.208    0    0  (Gen:  0)
   521584      5704   2935664  0.000  0.000    7.595    1.208    0    0  (Gen:  0)
   521760      4168   2935856  0.000  0.000    7.596    1.208    0    0  (Gen:  0)
   521568      4336   2936056  0.000  0.000    7.597    1.208    0    0  (Gen:  0)
   521552      4144   2935896  0.000  0.000    7.598    1.208    0    0  (Gen:  0)
   521592      4072   2935840  0.000  0.000    7.599    1.208    0    0  (Gen:  0)
   521808      4032   2935816  0.000  0.000    7.600    1.208    0    0  (Gen:  0)
   521648      4064   2935912  0.000  0.000    7.600    1.209    0    0  (Gen:  0)
   521768      3848   2935784  0.000  0.000    7.601    1.209    0    0  (Gen:  0)
   521816      4144   2936096  0.000  0.000    7.602    1.209    0    0  (Gen:  0)
   521792      4024   2936024  0.000  0.000    7.603    1.209    0    0  (Gen:  0)
   521640      6056   2938072  0.000  0.000    7.604    1.209    0    0  (Gen:  0)
   521648      5936   2938016  0.000  0.000    7.605    1.209    0    0  (Gen:  0)
   521384      4096   2938096  0.000  0.000    7.606    1.210    0    0  (Gen:  0)
   521416      4136   2938168  0.000  0.000    7.607    1.210    0    0  (Gen:  0)
   521744      4000   2938064  0.000  0.000    7.607    1.210    0    0  (Gen:  0)
   521512      3936   2938016  0.000  0.000    7.608    1.210    0    0  (Gen:  0)
   521664      4288   2938384  0.000  0.000    7.609    1.210    0    0  (Gen:  0)
   521552      4040   2938200  0.000  0.000    7.610    1.210    0    0  (Gen:  0)
   522008      4192   2938440  0.000  0.000    7.611    1.210    0    0  (Gen:  0)
   521528      4120   2938400  0.000  0.000    7.612    1.211    0    0  (Gen:  0)
   521952      4104   2938472  0.000  0.000    7.612    1.211    0    0  (Gen:  0)
   521384      6752   2941152  0.000  0.000    7.613    1.211    0    0  (Gen:  0)
   521544      6656   2941120  0.000  0.000    7.614    1.211    0    0  (Gen:  0)
   521568      4216   2941192  0.000  0.000    7.615    1.211    0    0  (Gen:  0)
   521608      4096   2941088  0.000  0.000    7.616    1.211    0    0  (Gen:  0)
   521384      3936   2940976  0.000  0.000    7.617    1.211    0    0  (Gen:  0)
   521704      4480   2941536  0.000  0.000    7.617    1.212    0    0  (Gen:  0)
   521640      4192   2941520  0.000  0.000    7.618    1.212    0    0  (Gen:  0)
   521552      4120   2941608  0.000  0.000    7.619    1.212    0    0  (Gen:  0)
   521488      4280   2941800  0.000  0.000    7.620    1.212    0    0  (Gen:  0)
   521672      4456   2942232  0.000  0.000    7.621    1.212    0    0  (Gen:  0)
   521688      4344   2942360  0.000  0.000    7.622    1.212    0    0  (Gen:  0)
   521520      7592   2946008  0.000  0.000    7.622    1.212    0    0  (Gen:  0)
   521760      6024   2946120  0.000  0.000    7.623    1.213    0    0  (Gen:  0)
   521680      4240   2946256  0.000  0.000    7.624    1.213    0    0  (Gen:  0)
   521416      3976   2946024  0.000  0.000    7.625    1.213    0    0  (Gen:  0)
   521312      4120   2946256  0.000  0.000    7.626    1.213    0    0  (Gen:  0)
   521824      5904   2948072  0.000  0.000    7.627    1.213    0    0  (Gen:  0)
   521848      4304   2948152  0.000  0.000    7.627    1.213    0    0  (Gen:  0)
   521688      4064   2948000  0.000  0.000    7.628    1.213    0    0  (Gen:  0)
   521768      4208   2948160  0.000  0.000    7.629    1.214    0    0  (Gen:  0)
   521208      4088   2948088  0.000  0.000    7.630    1.214    0    0  (Gen:  0)
   521440      5648   2949664  0.000  0.000    7.631    1.214    0    0  (Gen:  0)
   521824      6344   2950424  0.000  0.000    7.632    1.214    0    0  (Gen:  0)
   521368      5016   2950520  0.000  0.000    7.632    1.214    0    0  (Gen:  0)
   521632      5712   2952200  0.000  0.000    7.633    1.214    0    0  (Gen:  0)
   521728      4120   2952216  0.000  0.000    7.634    1.214    0    0  (Gen:  0)
   521808      4024   2952208  0.000  0.000    7.635    1.215    0    0  (Gen:  0)
   521600      4160   2952376  0.000  0.000    7.636    1.215    0    0  (Gen:  0)
   521608      4248   2952512  0.000  0.000    7.637    1.215    0    0  (Gen:  0)
   521800      3968   2952320  0.000  0.000    7.637    1.215    0    0  (Gen:  0)
   521808      4208   2952576  0.000  0.000    7.638    1.215    0    0  (Gen:  0)
   521800      4176   2952592  0.000  0.000    7.639    1.215    0    0  (Gen:  0)
   521456      6256   2954688  0.000  0.000    7.640    1.215    0    0  (Gen:  0)
   521776      6032   2954528  0.000  0.000    7.641    1.216    0    0  (Gen:  0)
   521688      4112   2954736  0.000  0.000    7.642    1.216    0    0  (Gen:  0)
   521544      4184   2954840  0.000  0.000    7.642    1.216    0    0  (Gen:  0)
   521480      3928   2954616  0.000  0.000    7.643    1.216    0    0  (Gen:  0)
   521680      3976   2954680  0.000  0.000    7.644    1.216    0    0  (Gen:  0)
   521592      5984   2956704  0.000  0.000    7.645    1.216    0    0  (Gen:  0)
   521240      4248   2956800  0.000  0.000    7.646    1.216    0    0  (Gen:  0)
   521608      4376   2957016  0.000  0.000    7.647    1.217    0    0  (Gen:  0)
   521704      4000   2956672  0.000  0.000    7.647    1.217    0    0  (Gen:  0)
   521776      3936   2956696  0.000  0.000    7.648    1.217    0    0  (Gen:  0)
   521648      6496   2959288  0.000  0.000    7.649    1.217    0    0  (Gen:  0)
   521584      6480   2959336  0.000  0.000    7.650    1.217    0    0  (Gen:  0)
   521560      4064   2959264  0.000  0.000    7.651    1.217    0    0  (Gen:  0)
   521600      4152   2959368  0.000  0.000    7.652    1.217    0    0  (Gen:  0)
   521464      3992   2959256  0.000  0.000    7.653    1.218    0    0  (Gen:  0)
   521696      4400   2959680  0.000  0.000    7.653    1.218    0    0  (Gen:  0)
   521616      4104   2959656  0.000  0.000    7.654    1.218    0    0  (Gen:  0)
   521600      4136   2959848  0.000  0.000    7.655    1.218    0    0  (Gen:  0)
   521368      4384   2960128  0.000  0.000    7.656    1.218    0    0  (Gen:  0)
   521800      4336   2960336  0.000  0.000    7.657    1.218    0    0  (Gen:  0)
   521632      4432   2960672  0.000  0.000    7.657    1.218    0    0  (Gen:  0)
   521392      7624   2964264  0.000  0.000    7.658    1.219    0    0  (Gen:  0)
   521736      6320   2964320  0.000  0.000    7.659    1.219    0    0  (Gen:  0)
   521768      4264   2964448  0.000  0.000    7.660    1.219    0    0  (Gen:  0)
   521544      4176   2964392  0.000  0.000    7.661    1.219    0    0  (Gen:  0)
   521448      4264   2964568  0.000  0.000    7.662    1.219    0    0  (Gen:  0)
   521640      6088   2966424  0.000  0.000    7.663    1.219    0    0  (Gen:  0)
   521616      4040   2966352  0.000  0.000    7.663    1.220    0    0  (Gen:  0)
   521528      4000   2966472  0.000  0.000    7.664    1.220    0    0  (Gen:  0)
   521784      4024   2966528  0.000  0.000    7.665    1.220    0    0  (Gen:  0)
   521712      3976   2966512  0.000  0.000    7.666    1.220    0    0  (Gen:  0)
   521704      3968   2966520  0.000  0.000    7.667    1.220    0    0  (Gen:  0)
   521536      6520   2969088  0.000  0.000    7.667    1.220    0    0  (Gen:  0)
   521480      6424   2969072  0.000  0.000    7.668    1.220    0    0  (Gen:  0)
   521592      4264   2969248  0.000  0.000    7.669    1.221    0    0  (Gen:  0)
   521528      4064   2969080  0.000  0.000    7.670    1.221    0    0  (Gen:  0)
   521616      4104   2969208  0.000  0.000    7.671    1.221    0    0  (Gen:  0)
   521480      6304   2971440  0.000  0.000    7.672    1.221    0    0  (Gen:  0)
   521592      4176   2971424  0.000  0.000    7.673    1.221    0    0  (Gen:  0)
   521496      4032   2971368  0.000  0.000    7.673    1.221    0    0  (Gen:  0)
   521568      4168   2971520  0.000  0.000    7.674    1.221    0    0  (Gen:  0)
   521760      4080   2971480  0.000  0.000    7.675    1.222    0    0  (Gen:  0)
   521560      6808   2974224  0.000  0.000    7.676    1.222    0    0  (Gen:  0)
   521600      6456   2973936  0.000  0.000    7.677    1.222    0    0  (Gen:  0)
   521552      4232   2974280  0.000  0.000    7.678    1.222    0    0  (Gen:  0)
   521424      4096   2974176  0.000  0.000    7.678    1.222    0    0  (Gen:  0)
   521224      4040   2974152  0.000  0.000    7.679    1.222    0    0  (Gen:  0)
   521544      3968   2974096  0.000  0.000    7.680    1.222    0    0  (Gen:  0)
   521736      4568   2974712  0.000  0.000    7.681    1.223    0    0  (Gen:  0)
   521728      4168   2974600  0.000  0.000    7.682    1.223    0    0  (Gen:  0)
   521664      4448   2974968  0.000  0.000    7.683    1.223    0    0  (Gen:  0)
   521592      4112   2974888  0.000  0.000    7.683    1.223    0    0  (Gen:  0)
   521464      4504   2975368  0.000  0.000    7.684    1.223    0    0  (Gen:  0)
   521432      7496   2978776  0.000  0.000    7.685    1.223    0    0  (Gen:  0)
   521760      5688   2978632  0.000  0.000    7.686    1.223    0    0  (Gen:  0)
   521760      4016   2978616  0.000  0.000    7.687    1.224    0    0  (Gen:  0)
   521472      4256   2978872  0.000  0.000    7.688    1.224    0    0  (Gen:  0)
   521544      4152   2978816  0.000  0.000    7.688    1.224    0    0  (Gen:  0)
   521616      4368   2979048  0.000  0.000    7.689    1.224    0    0  (Gen:  0)
   521880      4160   2978888  0.000  0.000    7.690    1.224    0    0  (Gen:  0)
   521576      4192   2979080  0.000  0.000    7.691    1.224    0    0  (Gen:  0)
   521928      4280   2979200  0.000  0.000    7.692    1.224    0    0  (Gen:  0)
   521688      4248   2979200  0.000  0.000    7.693    1.225    0    0  (Gen:  0)
   521792      4160   2979128  0.000  0.000    7.693    1.225    0    0  (Gen:  0)
   521608      5904   2980888  0.000  0.000    7.694    1.225    0    0  (Gen:  0)
   521552      5936   2981000  0.000  0.000    7.695    1.225    0    0  (Gen:  0)
   521520      3904   2980816  0.000  0.000    7.696    1.225    0    0  (Gen:  0)
   521488      4072   2981000  0.000  0.000    7.697    1.225    0    0  (Gen:  0)
   521480      4064   2981040  0.000  0.000    7.698    1.225    0    0  (Gen:  0)
   521664      4152   2981144  0.000  0.000    7.698    1.226    0    0  (Gen:  0)
   521728      4120   2981160  0.000  0.000    7.699    1.226    0    0  (Gen:  0)
   521552      4152   2981352  0.000  0.000    7.700    1.226    0    0  (Gen:  0)
   521888      4152   2981384  0.000  0.000    7.701    1.226    0    0  (Gen:  0)
   521832      4064   2981328  0.000  0.000    7.702    1.226    0    0  (Gen:  0)
   521544      3992   2981272  0.000  0.000    7.702    1.226    0    0  (Gen:  0)
   521624      6752   2984048  0.000  0.000    7.703    1.226    0    0  (Gen:  0)
   521416      6464   2983840  0.000  0.000    7.704    1.227    0    0  (Gen:  0)
   521568      4176   2984064  0.000  0.000    7.705    1.227    0    0  (Gen:  0)
   521664      4136   2984056  0.000  0.000    7.706    1.227    0    0  (Gen:  0)
   521408      4040   2984048  0.000  0.000    7.707    1.227    0    0  (Gen:  0)
   521616      4576   2984616  0.000  0.000    7.708    1.227    0    0  (Gen:  0)
   521744      4200   2984512  0.000  0.000    7.709    1.227    0    0  (Gen:  0)
   521392      3936   2984336  0.000  0.000    7.709    1.228    0    0  (Gen:  0)
   521720      4312   2984712  0.000  0.000    7.710    1.228    0    0  (Gen:  0)
   521648      4288   2984976  0.000  0.000    7.711    1.228    0    0  (Gen:  0)
   521344      8504   2989424  0.000  0.000    7.712    1.228    0    0  (Gen:  0)
   521576      6424   2989360  0.000  0.000    7.713    1.228    0    0  (Gen:  0)
   521464      3960   2989256  0.001  0.000    7.714    1.228    0    0  (Gen:  0)
   521576      4240   2989568  0.001  0.000    7.716    1.229    0    0  (Gen:  0)
   521696      4160   2989520  0.001  0.000    7.717    1.229    0    0  (Gen:  0)
   521824      4192   2989568  0.001  0.000    7.719    1.229    0    0  (Gen:  0)
   521424      5872   2991264  0.001  0.000    7.720    1.229    0    0  (Gen:  0)
   521592      4304   2991392  0.001  0.000    7.722    1.229    0    0  (Gen:  0)
   521680      4176   2991352  0.001  0.000    7.723    1.230    0    0  (Gen:  0)
   521720      4088   2991296  0.001  0.000    7.725    1.230    0    0  (Gen:  0)
   521720      4176   2991472  0.000  0.000    7.726    1.230    0    0  (Gen:  0)
   521584      6672   2994000  0.000  0.000    7.727    1.230    0    0  (Gen:  0)
   521584      6536   2993928  0.001  0.000    7.729    1.230    0    0  (Gen:  0)
   521360      4488   2994184  0.000  0.000    7.729    1.230    0    0  (Gen:  0)
   521456      5312   2995408  0.000  0.000    7.730    1.231    0    0  (Gen:  0)
   521576      4008   2995408  0.000  0.000    7.731    1.231    0    0  (Gen:  0)
   521592      3848   2995264  0.000  0.000    7.732    1.231    0    0  (Gen:  0)
   521672      4160   2995592  0.000  0.000    7.733    1.231    0    0  (Gen:  0)
   521472      4120   2995616  0.000  0.000    7.733    1.231    0    0  (Gen:  0)
   521744      4208   2995792  0.000  0.000    7.734    1.231    0    0  (Gen:  0)
   521752      3888   2995504  0.000  0.000    7.735    1.231    0    0  (Gen:  0)
   521760      4056   2995760  0.000  0.000    7.736    1.232    0    0  (Gen:  0)
   521544      6224   2997960  0.000  0.000    7.737    1.232    0    0  (Gen:  0)
   521192      6200   2998000  0.000  0.000    7.738    1.232    0    0  (Gen:  0)
   521480      3944   2997800  0.000  0.000    7.739    1.232    0    0  (Gen:  0)
   521776      4112   2997984  0.000  0.000    7.739    1.232    0    0  (Gen:  0)
   521424      3968   2997888  0.000  0.000    7.740    1.232    0    0  (Gen:  0)
   521560      6032   2999968  0.000  0.000    7.741    1.233    0    0  (Gen:  0)
   521584      4176   2999928  0.000  0.000    7.742    1.233    0    0  (Gen:  0)
   521776      3984   2999896  0.000  0.000    7.743    1.233    0    0  (Gen:  0)
   521552      4112   3000056  0.000  0.000    7.744    1.233    0    0  (Gen:  0)
   521192      4120   3000096  0.000  0.000    7.744    1.233    0    0  (Gen:  0)
   521384      3904   2999896  0.000  0.000    7.745    1.233    0    0  (Gen:  0)
   521720      6392   3002400  0.000  0.000    7.746    1.233    0    0  (Gen:  0)
   521384      6320   3002408  0.000  0.000    7.747    1.234    0    0  (Gen:  0)
   521784      4136   3002568  0.000  0.000    7.748    1.234    0    0  (Gen:  0)
   521360      4064   3002528  0.000  0.000    7.749    1.234    0    0  (Gen:  0)
   521376      4024   3002576  0.000  0.000    7.749    1.234    0    0  (Gen:  0)
   521784      4576   3003160  0.000  0.000    7.750    1.234    0    0  (Gen:  0)
   521208      4208   3003064  0.000  0.000    7.751    1.234    0    0  (Gen:  0)
   521592      4040   3002984  0.000  0.000    7.752    1.234    0    0  (Gen:  0)
   521576      4432   3003392  0.000  0.000    7.753    1.235    0    0  (Gen:  0)
   521880      4312   3003544  0.000  0.000    7.754    1.235    0    0  (Gen:  0)
   521696      7976   3007448  0.000  0.000    7.754    1.235    0    0  (Gen:  0)
   521664      6304   3007440  0.000  0.000    7.755    1.235    0    0  (Gen:  0)
   521408      4040   3007432  0.000  0.000    7.756    1.235    0    0  (Gen:  0)
   521632      4192   3007616  0.000  0.000    7.757    1.235    0    0  (Gen:  0)
   521528      4144   3007600  0.000  0.000    7.758    1.235    0    0  (Gen:  0)
   521648      4000   3007472  0.001  0.000    7.760    1.236    0    0  (Gen:  0)
   521496      6296   3009784  0.000  0.000    7.760    1.236    0    0  (Gen:  0)
   521648      4304   3009784  0.000  0.000    7.761    1.236    0    0  (Gen:  0)
   521824      4336   3009904  0.000  0.000    7.761    1.236    0    0  (Gen:  0)
   521776      4144   3009744  0.000  0.000    7.762    1.236    0    0  (Gen:  0)
   521792      3856   3009544  0.000  0.000    7.762    1.236    0    0  (Gen:  0)
   521488      6480   3012200  0.000  0.000    7.763    1.236    0    0  (Gen:  0)
   521600      6384   3012168  0.000  0.000    7.764    1.237    0    0  (Gen:  0)
   521584      4008   3012200  0.000  0.000    7.764    1.237    0    0  (Gen:  0)
   521384      3904   3012128  0.000  0.000    7.765    1.237    0    0  (Gen:  0)
   521576      4080   3012336  0.000  0.000    7.765    1.237    0    0  (Gen:  0)
   521624      3936   3012208  0.000  0.000    7.766    1.237    0    0  (Gen:  0)
   521224      6376   3014664  0.000  0.000    7.766    1.237    0    0  (Gen:  0)
   521600      4160   3014576  0.000  0.000    7.767    1.237    0    0  (Gen:  0)
   521784      4064   3014568  0.000  0.000    7.767    1.237    0    0  (Gen:  0)
   521592      3976   3014512  0.000  0.000    7.768    1.237    0    0  (Gen:  0)
   521896      4112   3014736  0.000  0.000    7.768    1.238    0    0  (Gen:  0)
   521424      6616   3017272  0.000  0.000    7.769    1.238    0    0  (Gen:  0)
   521192      6560   3017280  0.000  0.000    7.770    1.238    0    0  (Gen:  0)
   521528      4024   3017240  0.000  0.000    7.770    1.238    0    0  (Gen:  0)
   521640      4120   3017352  0.000  0.000    7.771    1.238    0    0  (Gen:  0)
   521480      4032   3017312  0.000  0.000    7.771    1.238    0    0  (Gen:  0)
   521552      4600   3017896  0.000  0.000    7.772    1.238    0    0  (Gen:  0)
   521728      4040   3017608  0.000  0.000    7.772    1.238    0    0  (Gen:  0)
   521592      4080   3017808  0.000  0.000    7.773    1.239    0    0  (Gen:  0)
   521800      4360   3018120  0.000  0.000    7.773    1.239    0    0  (Gen:  0)
   521576      4320   3018336  0.000  0.000    7.774    1.239    0    0  (Gen:  0)
   521408      4416   3018672  0.000  0.000    7.774    1.239    0    0  (Gen:  0)
   521512      7336   3021992  0.000  0.000    7.775    1.239    0    0  (Gen:  0)
   521696      5832   3022008  0.000  0.000    7.776    1.239    0    0  (Gen:  0)
   521720      4408   3022240  0.000  0.000    7.776    1.239    0    0  (Gen:  0)
   521544      3968   3021832  0.000  0.000    7.777    1.239    0    0  (Gen:  0)
   521432      4136   3022088  0.000  0.000    7.777    1.239    0    0  (Gen:  0)
   521504      4296   3022280  0.000  0.000    7.778    1.240    0    0  (Gen:  0)
   521864      4160   3022192  0.000  0.000    7.778    1.240    0    0  (Gen:  0)
   521640      4016   3022136  0.000  0.000    7.779    1.240    0    0  (Gen:  0)
   521800      4336   3022472  0.000  0.000    7.779    1.240    0    0  (Gen:  0)
   521232      4080   3022264  0.000  0.000    7.780    1.240    0    0  (Gen:  0)
   521424      6240   3024440  0.000  0.000    7.780    1.240    0    0  (Gen:  0)
   521608      5744   3024008  0.000  0.000    7.781    1.240    0    0  (Gen:  0)
   521328      3984   3024168  0.000  0.000    7.782    1.240    0    0  (Gen:  0)
   521672      4128   3024344  0.000  0.000    7.782    1.241    0    0  (Gen:  0)
   521560      4048   3024296  0.000  0.000    7.783    1.241    0    0  (Gen:  0)
   521592      4008   3024344  0.000  0.000    7.783    1.241    0    0  (Gen:  0)
   521440      4240   3024608  0.000  0.000    7.784    1.241    0    0  (Gen:  0)
   521544      4136   3024552  0.000  0.000    7.784    1.241    0    0  (Gen:  0)
   521672      3936   3024440  0.001  0.000    7.786    1.241    0    0  (Gen:  0)
   521808      4184   3024704  0.000  0.000    7.786    1.241    0    0  (Gen:  0)
   521784      4104   3024672  0.000  0.000    7.787    1.241    0    0  (Gen:  0)
   521552      6680   3027264  0.000  0.000    7.788    1.242    0    0  (Gen:  0)
   521528      6576   3027224  0.000  0.000    7.788    1.242    0    0  (Gen:  0)
   521568      4192   3027424  0.000  0.000    7.789    1.242    0    0  (Gen:  0)
   521432      4064   3027328  0.000  0.000    7.789    1.242    0    0  (Gen:  0)
   521600      4120   3027416  0.000  0.000    7.790    1.242    0    0  (Gen:  0)
   521496      3992   3027304  0.000  0.000    7.790    1.242    0    0  (Gen:  0)
   521728      4448   3027776  0.000  0.000    7.791    1.242    0    0  (Gen:  0)
   521736      4136   3027752  0.000  0.000    7.791    1.242    0    0  (Gen:  0)
   521288      4416   3028120  0.000  0.000    7.792    1.243    0    0  (Gen:  0)
   521728      4136   3028096  0.000  0.000    7.793    1.243    0    0  (Gen:  0)
   521656      4576   3028624  0.000  0.000    7.793    1.243    0    0  (Gen:  0)
   521520      7776   3032240  0.000  0.000    7.794    1.243    0    0  (Gen:  0)
   521800      5992   3032280  0.000  0.000    7.794    1.243    0    0  (Gen:  0)
   521736      4104   3032312  0.000  0.000    7.795    1.243    0    0  (Gen:  0)
   521408      4144   3032368  0.000  0.000    7.795    1.243    0    0  (Gen:  0)
   521288      4048   3032320  0.000  0.000    7.796    1.243    0    0  (Gen:  0)
   521680      5872   3034160  0.000  0.000    7.796    1.243    0    0  (Gen:  0)
   521848      4208   3034176  0.000  0.000    7.797    1.244    0    0  (Gen:  0)
   521736      4208   3034336  0.000  0.000    7.797    1.244    0    0  (Gen:  0)
   521872      4160   3034320  0.000  0.000    7.798    1.244    0    0  (Gen:  0)
   521256      4152   3034344  0.000  0.000    7.799    1.244    0    0  (Gen:  0)
   521368      3952   3034160  0.000  0.000    7.799    1.244    0    0  (Gen:  0)
   521768      6600   3036824  0.000  0.000    7.800    1.244    0    0  (Gen:  0)
   521504      6216   3036520  0.000  0.000    7.800    1.244    0    0  (Gen:  0)
   521472      5928   3038536  0.000  0.000    7.801    1.244    0    0  (Gen:  0)
   521768      4072   3038288  0.000  0.000    7.801    1.245    0    0  (Gen:  0)
   521736      4192   3038496  0.000  0.000    7.802    1.245    0    0  (Gen:  0)
   521568      4392   3038728  0.000  0.000    7.803    1.245    0    0  (Gen:  0)
   521800      4112   3038496  0.000  0.000    7.803    1.245    0    0  (Gen:  0)
   521648      3864   3038336  0.000  0.000    7.804    1.245    0    0  (Gen:  0)
   521840      4056   3038544  0.000  0.000    7.804    1.245    0    0  (Gen:  0)
   521784      3976   3038512  0.000  0.000    7.805    1.245    0    0  (Gen:  0)
   521552      3896   3038448  0.000  0.000    7.805    1.245    0    0  (Gen:  0)
   521624      6200   3040768  0.000  0.000    7.806    1.246    0    0  (Gen:  0)
   521744      6080   3040728  0.000  0.000    7.806    1.246    0    0  (Gen:  0)
   521584      4120   3040824  0.000  0.000    7.807    1.246    0    0  (Gen:  0)
   521640      4032   3040768  0.000  0.000    7.807    1.246    0    0  (Gen:  0)
   521536      4152   3040976  0.000  0.000    7.808    1.246    0    0  (Gen:  0)
   521760      5872   3042728  0.000  0.000    7.809    1.246    0    0  (Gen:  0)
   521192      4176   3042848  0.000  0.000    7.809    1.246    0    0  (Gen:  0)
   521528      4024   3042784  0.000  0.000    7.810    1.246    0    0  (Gen:  0)
   521560      4072   3042848  0.000  0.000    7.810    1.246    0    0  (Gen:  0)
   521888      4056   3042880  0.000  0.000    7.811    1.247    0    0  (Gen:  0)
   521696      6528   3045368  0.000  0.000    7.811    1.247    0    0  (Gen:  0)
   521528      6424   3045328  0.000  0.000    7.812    1.247    0    0  (Gen:  0)
   521568      4208   3045528  0.000  0.000    7.812    1.247    0    0  (Gen:  0)
   521552      4120   3045472  0.000  0.000    7.813    1.247    0    0  (Gen:  0)
   521600      4176   3045560  0.000  0.000    7.813    1.247    0    0  (Gen:  0)
   521496      4048   3045448  0.000  0.000    7.814    1.247    0    0  (Gen:  0)
   521640      4456   3045872  0.000  0.000    7.815    1.247    0    0  (Gen:  0)
   521784      4056   3045760  0.000  0.000    7.815    1.248    0    0  (Gen:  0)
   521264      4328   3046120  0.000  0.000    7.816    1.248    0    0  (Gen:  0)
   521776      4120   3046168  0.000  0.000    7.816    1.248    0    0  (Gen:  0)
   521664      4464   3046600  0.000  0.000    7.817    1.248    0    0  (Gen:  0)
   521400      7752   3050304  0.000  0.000    7.817    1.248    0    0  (Gen:  0)
   521784      6328   3050384  0.000  0.000    7.818    1.248    0    0  (Gen:  0)
   521712      4048   3050288  0.001  0.000    7.819    1.248    0    0  (Gen:  0)
   521624      4032   3050288  0.001  0.000    7.820    1.248    0    0  (Gen:  0)
   521400      3976   3050280  0.001  0.000    7.821    1.249    0    0  (Gen:  0)
   521552      6264   3052584  0.001  0.000    7.822    1.249    0    0  (Gen:  0)
   521672      4232   3052528  0.001  0.000    7.824    1.249    0    0  (Gen:  0)
   521408      4176   3052632  0.001  0.000    7.825    1.249    0    0  (Gen:  0)
   521800      4184   3052672  0.001  0.000    7.826    1.249    0    0  (Gen:  0)
   521848      4232   3052752  0.000  0.000    7.827    1.250    0    0  (Gen:  0)
   521672      4136   3052672  0.000  0.000    7.827    1.250    0    0  (Gen:  0)
   521472      6672   3055224  0.000  0.000    7.828    1.250    0    0  (Gen:  0)
   521488      6160   3054792  0.000  0.000    7.828    1.250    0    0  (Gen:  0)
   521736      3824   3054792  0.000  0.000    7.829    1.250    0    0  (Gen:  0)
   521400      4040   3055024  0.000  0.000    7.829    1.250    0    0  (Gen:  0)
   521568      4008   3055040  0.000  0.000    7.830    1.250    0    0  (Gen:  0)
   521592      6256   3057304  0.000  0.000    7.830    1.250    0    0  (Gen:  0)
   521632      4080   3057240  0.000  0.000    7.831    1.251    0    0  (Gen:  0)
   521424      3984   3057304  0.000  0.000    7.832    1.251    0    0  (Gen:  0)
   521536      4184   3057536  0.000  0.000    7.832    1.251    0    0  (Gen:  0)
   521744      4048   3057432  0.000  0.000    7.833    1.251    0    0  (Gen:  0)
   521720      4080   3057480  0.000  0.000    7.833    1.251    0    0  (Gen:  0)
   521472      6624   3060040  0.000  0.000    7.834    1.251    0    0  (Gen:  0)
   521744      6544   3060040  0.000  0.000    7.834    1.251    0    0  (Gen:  0)
   521288      4200   3060192  0.000  0.000    7.835    1.251    0    0  (Gen:  0)
   521248      3920   3059944  0.000  0.000    7.836    1.252    0    0  (Gen:  0)
   521456      4176   3060288  0.000  0.000    7.836    1.252    0    0  (Gen:  0)
   521672      4504   3060648  0.000  0.000    7.837    1.252    0    0  (Gen:  0)
   521760      4320   3060736  0.000  0.000    7.837    1.252    0    0  (Gen:  0)
   521696      3944   3060448  0.000  0.000    7.838    1.252    0    0  (Gen:  0)
   521512      4504   3061024  0.000  0.000    7.838    1.252    0    0  (Gen:  0)
   521544      4384   3061176  0.001  0.000    7.839    1.252    0    0  (Gen:  0)
   521552      7608   3064640  0.001  0.000    7.840    1.252    0    0  (Gen:  0)
   521584      5744   3064600  0.001  0.000    7.841    1.253    0    0  (Gen:  0)
   521776      3984   3064568  0.001  0.000    7.842    1.253    0    0  (Gen:  0)
   521488      4208   3064824  0.001  0.000    7.843    1.253    0    0  (Gen:  0)
   521576      4088   3064736  0.001  0.000    7.844    1.253    0    0  (Gen:  0)
   521640      4016   3064680  0.001  0.000    7.845    1.253    0    0  (Gen:  0)
   521728      4384   3065064  0.000  0.000    7.845    1.253    0    0  (Gen:  0)
   521728      4232   3064976  0.000  0.000    7.846    1.253    0    0  (Gen:  0)
   521872      4168   3065000  0.000  0.000    7.846    1.254    0    0  (Gen:  0)
   521728      4024   3064888  0.000  0.000    7.847    1.254    0    0  (Gen:  0)
   521720      4168   3065120  0.000  0.000    7.847    1.254    0    0  (Gen:  0)
   521688      5984   3066968  0.000  0.000    7.848    1.254    0    0  (Gen:  0)
   521664      5968   3067016  0.000  0.000    7.849    1.254    0    0  (Gen:  0)
   521360      4120   3067016  0.000  0.000    7.849    1.254    0    0  (Gen:  0)
   521528      4240   3067152  0.000  0.000    7.850    1.254    0    0  (Gen:  0)
   521608      4032   3066992  0.000  0.000    7.850    1.254    0    0  (Gen:  0)
   521584      4360   3067336  0.000  0.000    7.851    1.255    0    0  (Gen:  0)
   521608      4072   3067096  0.000  0.000    7.851    1.255    0    0  (Gen:  0)
   521608      3968   3067152  0.000  0.000    7.852    1.255    0    0  (Gen:  0)
   521896      4152   3067368  0.000  0.000    7.852    1.255    0    0  (Gen:  0)
   521728      3968   3067216  0.000  0.000    7.853    1.255    0    0  (Gen:  0)
   521792      4064   3067400  0.000  0.000    7.853    1.255    0    0  (Gen:  0)
   521360      6656   3070024  0.000  0.000    7.854    1.255    0    0  (Gen:  0)
   521560      6520   3069952  0.000  0.000    7.855    1.255    0    0  (Gen:  0)
   521664      3992   3069936  0.000  0.000    7.855    1.255    0    0  (Gen:  0)
   521496      4224   3070184  0.000  0.000    7.856    1.256    0    0  (Gen:  0)
   521360      3800   3069808  0.000  0.000    7.856    1.256    0    0  (Gen:  0)
   521832      4496   3070520  0.000  0.000    7.857    1.256    0    0  (Gen:  0)
   521560      4136   3070432  0.000  0.000    7.857    1.256    0    0  (Gen:  0)
   521592      4064   3070520  0.000  0.000    7.858    1.256    0    0  (Gen:  0)
   521544      4392   3070880  0.000  0.000    7.858    1.256    0    0  (Gen:  0)
   521648      4368   3071112  0.000  0.000    7.859    1.256    0    0  (Gen:  0)
   521544      4576   3071552  0.000  0.000    7.859    1.256    0    0  (Gen:  0)
   521624      7640   3075120  0.000  0.000    7.860    1.257    0    0  (Gen:  0)
   521808      5976   3074976  0.000  0.000    7.861    1.257    0    0  (Gen:  0)
   521616      4064   3074984  0.000  0.000    7.861    1.257    0    0  (Gen:  0)
   521368      3936   3074888  0.000  0.000    7.862    1.257    0    0  (Gen:  0)
   521384      4064   3075104  0.000  0.000    7.862    1.257    0    0  (Gen:  0)
   521760      5944   3077016  0.000  0.000    7.863    1.257    0    0  (Gen:  0)
   521920      4288   3077040  0.000  0.000    7.863    1.257    0    0  (Gen:  0)
   521656      3936   3076776  0.000  0.000    7.864    1.257    0    0  (Gen:  0)
   521720      4168   3077024  0.000  0.000    7.864    1.257    0    0  (Gen:  0)
   521304      4032   3076936  0.000  0.000    7.865    1.258    0    0  (Gen:  0)
   521424      6552   3079472  0.000  0.000    7.866    1.258    0    0  (Gen:  0)
   521768      6368   3079352  0.000  0.000    7.866    1.258    0    0  (Gen:  0)
   521400      4440   3079816  0.000  0.000    7.867    1.258    0    0  (Gen:  0)
   521648      5624   3081416  0.000  0.000    7.867    1.258    0    0  (Gen:  0)
   521768      4072   3081312  0.000  0.000    7.868    1.258    0    0  (Gen:  0)
   521792      4088   3081344  0.000  0.000    7.868    1.258    0    0  (Gen:  0)
   521536      4368   3081640  0.000  0.000    7.869    1.258    0    0  (Gen:  0)
   521656      4232   3081568  0.000  0.000    7.869    1.259    0    0  (Gen:  0)
   521864      4352   3081776  0.000  0.000    7.870    1.259    0    0  (Gen:  0)
   521768      4072   3081528  0.000  0.000    7.870    1.259    0    0  (Gen:  0)
   521736      4192   3081736  0.000  0.000    7.871    1.259    0    0  (Gen:  0)
   521464      6080   3083656  0.000  0.000    7.872    1.259    0    0  (Gen:  0)
   521792      5888   3083528  0.000  0.000    7.872    1.259    0    0  (Gen:  0)
   521696      4056   3083824  0.000  0.000    7.873    1.259    0    0  (Gen:  0)
   521496      4152   3083952  0.000  0.000    7.873    1.259    0    0  (Gen:  0)
   521520      4032   3083864  0.000  0.000    7.874    1.260    0    0  (Gen:  0)
   521728      3904   3083752  0.000  0.000    7.874    1.260    0    0  (Gen:  0)
   521552      5928   3085792  0.000  0.000    7.875    1.260    0    0  (Gen:  0)
   521216      4192   3085888  0.000  0.000    7.875    1.260    0    0  (Gen:  0)
   521576      4120   3085904  0.000  0.000    7.876    1.260    0    0  (Gen:  0)
   521808      4064   3085880  0.000  0.000    7.877    1.260    0    0  (Gen:  0)
   521776      4152   3086056  0.001  0.000    7.877    1.260    0    0  (Gen:  0)
   521496      6384   3088320  0.001  0.000    7.878    1.260    0    0  (Gen:  0)
   521688      6424   3088424  0.001  0.000    7.879    1.261    0    0  (Gen:  0)
   521544      4024   3088368  0.001  0.000    7.880    1.261    0    0  (Gen:  0)
   521624      4136   3088496  0.001  0.000    7.881    1.261    0    0  (Gen:  0)
   521400      3872   3088280  0.001  0.000    7.882    1.261    0    0  (Gen:  0)
   521736      4592   3089016  0.000  0.000    7.883    1.261    0    0  (Gen:  0)
   521608      4168   3088864  0.000  0.000    7.883    1.261    0    0  (Gen:  0)
   521560      4040   3088896  0.000  0.000    7.884    1.261    0    0  (Gen:  0)
   521544      4472   3089360  0.000  0.000    7.884    1.262    0    0  (Gen:  0)
   521680      4440   3089584  0.000  0.000    7.885    1.262    0    0  (Gen:  0)
   521552      4264   3089648  0.000  0.000    7.885    1.262    0    0  (Gen:  0)
   521496      7608   3093392  0.000  0.000    7.886    1.262    0    0  (Gen:  0)
   521800      6288   3093432  0.000  0.000    7.886    1.262    0    0  (Gen:  0)
   521672      4224   3093552  0.000  0.000    7.887    1.262    0    0  (Gen:  0)
   521544      4136   3093496  0.000  0.000    7.887    1.262    0    0  (Gen:  0)
   521464      4208   3093656  0.000  0.000    7.888    1.262    0    0  (Gen:  0)
   521576      6280   3095760  0.000  0.000    7.889    1.262    0    0  (Gen:  0)
   521608      4056   3095512  0.000  0.000    7.889    1.263    0    0  (Gen:  0)
   521624      4008   3095552  0.000  0.000    7.890    1.263    0    0  (Gen:  0)
   521720      4200   3095760  0.000  0.000    7.890    1.263    0    0  (Gen:  0)
   521776      4120   3095728  0.000  0.000    7.891    1.263    0    0  (Gen:  0)
   521608      6496   3098120  0.000  0.000    7.891    1.263    0    0  (Gen:  0)
   521592      6424   3098112  0.000  0.000    7.892    1.263    0    0  (Gen:  0)
   521488      4168   3098264  0.000  0.000    7.892    1.263    0    0  (Gen:  0)
   521568      4336   3098464  0.000  0.000    7.893    1.263    0    0  (Gen:  0)
   521552      4144   3098304  0.000  0.000    7.894    1.264    0    0  (Gen:  0)
   521592      4072   3098248  0.000  0.000    7.894    1.264    0    0  (Gen:  0)
   521552      6264   3100456  0.000  0.000    7.895    1.264    0    0  (Gen:  0)
   521504      4120   3100440  0.000  0.000    7.895    1.264    0    0  (Gen:  0)
   521576      3864   3100272  0.000  0.000    7.896    1.264    0    0  (Gen:  0)
   521568      4184   3100608  0.000  0.000    7.896    1.264    0    0  (Gen:  0)
   521744      4008   3100480  0.000  0.000    7.897    1.264    0    0  (Gen:  0)
   521544      6752   3103240  0.000  0.000    7.897    1.264    0    0  (Gen:  0)
   521600      6400   3102952  0.000  0.000    7.898    1.265    0    0  (Gen:  0)
   521544      4136   3103256  0.000  0.000    7.899    1.265    0    0  (Gen:  0)
   521456      4192   3103344  0.000  0.000    7.899    1.265    0    0  (Gen:  0)
   521200      3984   3103168  0.000  0.000    7.900    1.265    0    0  (Gen:  0)
   521528      3984   3103184  0.000  0.000    7.900    1.265    0    0  (Gen:  0)
   521720      4520   3103736  0.000  0.000    7.901    1.265    0    0  (Gen:  0)
   521792      4024   3103528  0.000  0.000    7.901    1.265    0    0  (Gen:  0)
   521648      4464   3104056  0.001  0.000    7.903    1.265    0    0  (Gen:  0)
   521472      4104   3103952  0.000  0.000    7.903    1.266    0    0  (Gen:  0)
   521544      4448   3104384  0.000  0.000    7.904    1.266    0    0  (Gen:  0)
   521448      7392   3107744  0.000  0.000    7.905    1.266    0    0  (Gen:  0)
   521792      5688   3107704  0.000  0.000    7.905    1.266    0    0  (Gen:  0)
   521720      3976   3107648  0.000  0.000    7.906    1.266    0    0  (Gen:  0)
   521504      4168   3107856  0.000  0.000    7.906    1.266    0    0  (Gen:  0)
   521488      4024   3107760  0.000  0.000    7.907    1.266    0    0  (Gen:  0)
   521640      4224   3107976  0.000  0.000    7.907    1.266    0    0  (Gen:  0)
   521912      4088   3107888  0.000  0.000    7.908    1.266    0    0  (Gen:  0)
   521568      4152   3108112  0.000  0.000    7.908    1.267    0    0  (Gen:  0)
   521920      4224   3108216  0.000  0.000    7.909    1.267    0    0  (Gen:  0)
   521728      4232   3108256  0.000  0.000    7.909    1.267    0    0  (Gen:  0)
   521680      3976   3108016  0.000  0.000    7.910    1.267    0    0  (Gen:  0)
   521760      6000   3110056  0.000  0.000    7.911    1.267    0    0  (Gen:  0)
   521440      5808   3109944  0.000  0.000    7.911    1.267    0    0  (Gen:  0)
   521552      4304   3110288  0.000  0.000    7.912    1.267    0    0  (Gen:  0)
   521496      4136   3110152  0.000  0.000    7.912    1.267    0    0  (Gen:  0)
   521472      3944   3110048  0.000  0.000    7.913    1.268    0    0  (Gen:  0)
   521608      4328   3110464  0.000  0.000    7.913    1.268    0    0  (Gen:  0)
   521792      4360   3110544  0.000  0.000    7.914    1.268    0    0  (Gen:  0)
   521616      4048   3110320  0.000  0.000    7.914    1.268    0    0  (Gen:  0)
   521864      4320   3110608  0.000  0.000    7.915    1.268    0    0  (Gen:  0)
   521720      4216   3110552  0.000  0.000    7.915    1.268    0    0  (Gen:  0)
   521640      3632   3109992  0.000  0.000    7.916    1.268    0    0  (Gen:  0)
   521480      6520   3112888  0.000  0.000    7.917    1.268    0    0  (Gen:  0)
   521520      6536   3112952  0.000  0.000    7.917    1.269    0    0  (Gen:  0)
   521592      4104   3113032  0.000  0.000    7.918    1.269    0    0  (Gen:  0)
   521632      4008   3112968  0.000  0.000    7.918    1.269    0    0  (Gen:  0)
   521424      3984   3113032  0.000  0.000    7.919    1.269    0    0  (Gen:  0)
   521664      4440   3113520  0.000  0.000    7.919    1.269    0    0  (Gen:  0)
   521792      4280   3113632  0.000  0.000    7.920    1.269    0    0  (Gen:  0)
   521224      4048   3113488  0.000  0.000    7.921    1.269    0    0  (Gen:  0)
   521776      4088   3113544  0.000  0.000    7.921    1.269    0    0  (Gen:  0)
   521752      4264   3113992  0.000  0.000    7.922    1.269    0    0  (Gen:  0)
   521432      8160   3118128  0.000  0.000    7.922    1.270    0    0  (Gen:  0)
   521752      5912   3117864  0.000  0.000    7.923    1.270    0    0  (Gen:  0)
   521760      4152   3118096  0.000  0.000    7.923    1.270    0    0  (Gen:  0)
   521560      4152   3118128  0.000  0.000    7.924    1.270    0    0  (Gen:  0)
   521184      4120   3118128  0.000  0.000    7.925    1.270    0    0  (Gen:  0)
   521544      4048   3118072  0.000  0.000    7.925    1.270    0    0  (Gen:  0)
   521856      5736   3119776  0.000  0.000    7.926    1.270    0    0  (Gen:  0)
   521784      4096   3119832  0.000  0.000    7.926    1.270    0    0  (Gen:  0)
   521872      4136   3119960  0.000  0.000    7.927    1.271    0    0  (Gen:  0)
   521360      4064   3119920  0.000  0.000    7.927    1.271    0    0  (Gen:  0)
   521376      4024   3119968  0.000  0.000    7.928    1.271    0    0  (Gen:  0)
   521672      6488   3122464  0.000  0.000    7.928    1.271    0    0  (Gen:  0)
   521560      6448   3122488  0.000  0.000    7.929    1.271    0    0  (Gen:  0)
   521352      4256   3122600  0.000  0.000    7.930    1.271    0    0  (Gen:  0)
   521832      5552   3124296  0.000  0.000    7.930    1.271    0    0  (Gen:  0)
   521672      4072   3124120  0.000  0.000    7.931    1.271    0    0  (Gen:  0)
   521848      4312   3124376  0.000  0.000    7.931    1.272    0    0  (Gen:  0)
   521568      4136   3124248  0.000  0.000    7.932    1.272    0    0  (Gen:  0)
   521568      4176   3124448  0.000  0.000    7.932    1.272    0    0  (Gen:  0)
   521912      4208   3124512  0.000  0.000    7.933    1.272    0    0  (Gen:  0)
   521768      4072   3124408  0.000  0.000    7.933    1.272    0    0  (Gen:  0)
   521776      4104   3124456  0.000  0.000    7.934    1.272    0    0  (Gen:  0)
   521424      6368   3126736  0.001  0.000    7.936    1.272    0    0  (Gen:  0)
   521776      6232   3126680  0.001  0.000    7.937    1.273    0    0  (Gen:  0)
   521720      4248   3126752  0.001  0.000    7.938    1.273    0    0  (Gen:  0)
   521528      4176   3126712  0.001  0.000    7.939    1.273    0    0  (Gen:  0)
   521472      3856   3126480  0.001  0.000    7.941    1.273    0    0  (Gen:  0)
   521800      6024   3128680  0.001  0.000    7.942    1.273    0    0  (Gen:  0)
   521272      4040   3128512  0.001  0.000    7.943    1.273    0    0  (Gen:  0)
   521472      4040   3128672  0.001  0.000    7.944    1.274    0    0  (Gen:  0)
   521552      4136   3128800  0.000  0.000    7.945    1.274    0    0  (Gen:  0)
   521776      3944   3128640  0.001  0.000    7.946    1.274    0    0  (Gen:  0)
   521696      3848   3128560  0.000  0.000    7.947    1.274    0    0  (Gen:  0)
   521584      6440   3131168  0.000  0.000    7.947    1.274    0    0  (Gen:  0)
   521520      6248   3131056  0.000  0.000    7.948    1.274    0    0  (Gen:  0)
   521616      4160   3131312  0.000  0.000    7.949    1.274    0    0  (Gen:  0)
   521656      3936   3131120  0.000  0.000    7.949    1.275    0    0  (Gen:  0)
   521480      3952   3131224  0.000  0.000    7.950    1.275    0    0  (Gen:  0)
   521632      4432   3131736  0.000  0.000    7.950    1.275    0    0  (Gen:  0)
   521824      4184   3131760  0.000  0.000    7.951    1.275    0    0  (Gen:  0)
   521248      3848   3131512  0.000  0.000    7.951    1.275    0    0  (Gen:  0)
   521784      4416   3132096  0.000  0.000    7.952    1.275    0    0  (Gen:  0)
   521672      4272   3132224  0.000  0.000    7.952    1.275    0    0  (Gen:  0)
   521360      8176   3136368  0.000  0.000    7.953    1.275    0    0  (Gen:  0)
   521704      6168   3136024  0.000  0.000    7.954    1.276    0    0  (Gen:  0)
   521776      3936   3136048  0.000  0.000    7.954    1.276    0    0  (Gen:  0)
   521584      4056   3136200  0.000  0.000    7.955    1.276    0    0  (Gen:  0)
   521568      4120   3136296  0.000  0.000    7.955    1.276    0    0  (Gen:  0)
   521376      3992   3136184  0.000  0.000    7.956    1.276    0    0  (Gen:  0)
   521680      6112   3138320  0.000  0.000    7.956    1.276    0    0  (Gen:  0)
   521472      4208   3138408  0.000  0.000    7.957    1.276    0    0  (Gen:  0)
   521720      4296   3138584  0.000  0.000    7.957    1.276    0    0  (Gen:  0)
   521816      4016   3138336  0.000  0.000    7.958    1.277    0    0  (Gen:  0)
   521776      4168   3138576  0.000  0.000    7.959    1.277    0    0  (Gen:  0)
   521456      6560   3141000  0.000  0.000    7.959    1.277    0    0  (Gen:  0)
   521624      6408   3140912  0.000  0.000    7.960    1.277    0    0  (Gen:  0)
   521592      4016   3140856  0.001  0.000    7.961    1.277    0    0  (Gen:  0)
   521472      4256   3141112  0.000  0.000    7.961    1.277    0    0  (Gen:  0)
   521544      4152   3141056  0.000  0.000    7.962    1.277    0    0  (Gen:  0)
   521560      6416   3143336  0.000  0.000    7.962    1.277    0    0  (Gen:  0)
   521600      4248   3143280  0.000  0.000    7.963    1.278    0    0  (Gen:  0)
   521448      4264   3143456  0.000  0.000    7.963    1.278    0    0  (Gen:  0)
   521504      4264   3143488  0.000  0.000    7.964    1.278    0    0  (Gen:  0)
   521824      4256   3143512  0.000  0.000    7.964    1.278    0    0  (Gen:  0)
   521680      3912   3143184  0.000  0.000    7.965    1.278    0    0  (Gen:  0)
   521464      6568   3145856  0.000  0.000    7.966    1.278    0    0  (Gen:  0)
   521752      6440   3145808  0.000  0.000    7.966    1.278    0    0  (Gen:  0)
   521312      3992   3145856  0.000  0.000    7.967    1.278    0    0  (Gen:  0)
   521376      4096   3145976  0.000  0.000    7.967    1.278    0    0  (Gen:  0)
   521248      3904   3145832  0.000  0.000    7.968    1.279    0    0  (Gen:  0)
   521704      4448   3146392  0.000  0.000    7.968    1.279    0    0  (Gen:  0)
   521680      4152   3146368  0.000  0.000    7.969    1.279    0    0  (Gen:  0)
   521856      4192   3146568  0.000  0.000    7.969    1.279    0    0  (Gen:  0)
   521424      4184   3146592  0.000  0.000    7.970    1.279    0    0  (Gen:  0)
   521584      4272   3146936  0.000  0.000    7.971    1.279    0    0  (Gen:  0)
   521680      4448   3147352  0.000  0.000    7.971    1.279    0    0  (Gen:  0)
   521456      7160   3150624  0.000  0.000    7.972    1.279    0    0  (Gen:  0)
   521784      5776   3150600  0.000  0.000    7.972    1.280    0    0  (Gen:  0)
   521600      4168   3150648  0.000  0.000    7.973    1.280    0    0  (Gen:  0)
   521480      4176   3150688  0.000  0.000    7.973    1.280    0    0  (Gen:  0)
   521616      4208   3150808  0.000  0.000    7.974    1.280    0    0  (Gen:  0)
   521768      4112   3150744  0.000  0.000    7.974    1.280    0    0  (Gen:  0)
   521704      4104   3150784  0.000  0.000    7.975    1.280    0    0  (Gen:  0)
   521664      4008   3150776  0.000  0.000    7.976    1.280    0    0  (Gen:  0)
   521912      3992   3150776  0.000  0.000    7.976    1.280    0    0  (Gen:  0)
   521760      4056   3150888  0.000  0.000    7.977    1.280    0    0  (Gen:  0)
   521608      6096   3152944  0.000  0.000    7.977    1.281    0    0  (Gen:  0)
   521616      5952   3152864  0.000  0.000    7.978    1.281    0    0  (Gen:  0)
   521504      4096   3152928  0.000  0.000    7.978    1.281    0    0  (Gen:  0)
   521552      4304   3153168  0.000  0.000    7.979    1.281    0    0  (Gen:  0)
   521544      4136   3153032  0.000  0.000    7.979    1.281    0    0  (Gen:  0)
   521544      4064   3152976  0.000  0.000    7.980    1.281    0    0  (Gen:  0)
   521544      4216   3153144  0.000  0.000    7.981    1.281    0    0  (Gen:  0)
   521720      4168   3153160  0.000  0.000    7.981    1.281    0    0  (Gen:  0)
   521832      4248   3153328  0.000  0.000    7.982    1.282    0    0  (Gen:  0)
   521776      4288   3153400  0.000  0.000    7.982    1.282    0    0  (Gen:  0)
   521728      4192   3153392  0.000  0.000    7.983    1.282    0    0  (Gen:  0)
   521544      6648   3155880  0.000  0.000    7.983    1.282    0    0  (Gen:  0)
   521552      6824   3156120  0.000  0.000    7.984    1.282    0    0  (Gen:  0)
   521536      3728   3155536  0.000  0.000    7.985    1.282    0    0  (Gen:  0)
   521536      4112   3155936  0.000  0.000    7.985    1.282    0    0  (Gen:  0)
   521504      4048   3155920  0.000  0.000    7.986    1.282    0    0  (Gen:  0)
   521576      3864   3155752  0.000  0.000    7.986    1.283    0    0  (Gen:  0)
   521688      4456   3156360  0.000  0.000    7.987    1.283    0    0  (Gen:  0)
   521696      4120   3156312  0.000  0.000    7.987    1.283    0    0  (Gen:  0)
   521368      4288   3156568  0.000  0.000    7.988    1.283    0    0  (Gen:  0)
   521728      4008   3156544  0.000  0.000    7.988    1.283    0    0  (Gen:  0)
   521576      4464   3157088  0.000  0.000    7.989    1.283    0    0  (Gen:  0)
   521560      7840   3160880  0.000  0.000    7.990    1.283    0    0  (Gen:  0)
   521832      6024   3160888  0.000  0.000    7.990    1.283    0    0  (Gen:  0)
   521704      3992   3160776  0.000  0.000    7.991    1.283    0    0  (Gen:  0)
   521368      4152   3160952  0.000  0.000    7.991    1.284    0    0  (Gen:  0)
   521200      3960   3160808  0.000  0.000    7.992    1.284    0    0  (Gen:  0)
   521808      5960   3162824  0.000  0.000    7.992    1.284    0    0  (Gen:  0)
   521904      4064   3162608  0.000  0.000    7.993    1.284    0    0  (Gen:  0)
   521696      4192   3162896  0.000  0.000    7.993    1.284    0    0  (Gen:  0)
   521824      4152   3162888  0.000  0.000    7.994    1.284    0    0  (Gen:  0)
   521208      4144   3162912  0.000  0.000    7.995    1.284    0    0  (Gen:  0)
   521360      4104   3162888  0.000  0.000    7.995    1.284    0    0  (Gen:  0)
   521808      6504   3165304  0.000  0.000    7.996    1.285    0    0  (Gen:  0)
   521536      6296   3165176  0.000  0.000    7.996    1.285    0    0  (Gen:  0)
   521576      5880   3167064  0.000  0.000    7.997    1.285    0    0  (Gen:  0)
   521656      4008   3166800  0.000  0.000    7.997    1.285    0    0  (Gen:  0)
   521760      4152   3167032  0.000  0.000    7.998    1.285    0    0  (Gen:  0)
   521576      4296   3167208  0.000  0.000    7.998    1.285    0    0  (Gen:  0)
   521824      4248   3167208  0.000  0.000    7.999    1.285    0    0  (Gen:  0)
   521608      4008   3167056  0.000  0.000    8.000    1.285    0    0  (Gen:  0)
   521872      4296   3167360  0.000  0.000    8.000    1.285    0    0  (Gen:  0)
   521672      4072   3167184  0.000  0.000    8.001    1.286    0    0  (Gen:  0)
   521696      6192   3169320  0.000  0.000    8.001    1.286    0    0  (Gen:  0)
   521552      6144   3169336  0.000  0.000    8.002    1.286    0    0  (Gen:  0)
   521728      4208   3169528  0.000  0.000    8.002    1.286    0    0  (Gen:  0)
   521560      4232   3169584  0.000  0.000    8.003    1.286    0    0  (Gen:  0)
   521632      4088   3169472  0.000  0.000    8.003    1.286    0    0  (Gen:  0)
   521592      4016   3169416  0.000  0.000    8.004    1.286    0    0  (Gen:  0)
   521680      6192   3171608  0.000  0.000    8.005    1.286    0    0  (Gen:  0)
   521208      4232   3171480  0.000  0.000    8.005    1.287    0    0  (Gen:  0)
   521608      4128   3171464  0.000  0.000    8.006    1.287    0    0  (Gen:  0)
   521624      3936   3171304  0.000  0.000    8.006    1.287    0    0  (Gen:  0)
   521736      4008   3171464  0.000  0.000    8.007    1.287    0    0  (Gen:  0)
   521664      6552   3174040  0.000  0.000    8.007    1.287    0    0  (Gen:  0)
   521632      6376   3173928  0.000  0.000    8.008    1.287    0    0  (Gen:  0)
   521512      3832   3173800  0.000  0.000    8.009    1.287    0    0  (Gen:  0)
   521576      4112   3174112  0.000  0.000    8.009    1.287    0    0  (Gen:  0)
   521600      4104   3174136  0.000  0.000    8.010    1.288    0    0  (Gen:  0)
   521544      4032   3174080  0.000  0.000    8.010    1.288    0    0  (Gen:  0)
   521696      4480   3174544  0.000  0.000    8.011    1.288    0    0  (Gen:  0)
   521720      4176   3174528  0.000  0.000    8.011    1.288    0    0  (Gen:  0)
   521336      4376   3174816  0.000  0.000    8.012    1.288    0    0  (Gen:  0)
   521728      4008   3174704  0.000  0.000    8.012    1.288    0    0  (Gen:  0)
   521616      4376   3175160  0.000  0.000    8.013    1.288    0    0  (Gen:  0)
   521392      7848   3179048  0.000  0.000    8.014    1.288    0    0  (Gen:  0)
   521824      6184   3178888  0.000  0.000    8.014    1.289    0    0  (Gen:  0)
   521720      3992   3178880  0.000  0.000    8.015    1.289    0    0  (Gen:  0)
   521528      4152   3179056  0.000  0.000    8.015    1.289    0    0  (Gen:  0)
   521368      4192   3179144  0.000  0.000    8.016    1.289    0    0  (Gen:  0)
   521752      6168   3181136  0.000  0.000    8.017    1.289    0    0  (Gen:  0)
   521592      4056   3181000  0.000  0.000    8.017    1.289    0    0  (Gen:  0)
   521504      4192   3181296  0.000  0.000    8.018    1.289    0    0  (Gen:  0)
   521648      4152   3181288  0.000  0.000    8.018    1.289    0    0  (Gen:  0)
   521912      4048   3181216  0.000  0.000    8.019    1.289    0    0  (Gen:  0)
   521632      4048   3181232  0.000  0.000    8.019    1.290    0    0  (Gen:  0)
   521472      6648   3183848  0.000  0.000    8.020    1.290    0    0  (Gen:  0)
   521448      6440   3183720  0.000  0.000    8.020    1.290    0    0  (Gen:  0)
   521760      4264   3183880  0.000  0.000    8.021    1.290    0    0  (Gen:  0)
   521360      4232   3183880  0.000  0.000    8.022    1.290    0    0  (Gen:  0)
   521704      4008   3183744  0.000  0.000    8.022    1.290    0    0  (Gen:  0)
   521536      6264   3186032  0.000  0.000    8.023    1.290    0    0  (Gen:  0)
   521632      4288   3186168  0.000  0.000    8.023    1.290    0    0  (Gen:  0)
   521320      4088   3186056  0.000  0.000    8.024    1.291    0    0  (Gen:  0)
   521616      4200   3186184  0.000  0.000    8.024    1.291    0    0  (Gen:  0)
   521784      4120   3186152  0.000  0.000    8.025    1.291    0    0  (Gen:  0)
   521608      6880   3188928  0.000  0.000    8.025    1.291    0    0  (Gen:  0)
   521576      6672   3188784  0.000  0.000    8.026    1.291    0    0  (Gen:  0)
   521688      3784   3188464  0.000  0.000    8.027    1.291    0    0  (Gen:  0)
   521288      4080   3188792  0.000  0.000    8.027    1.291    0    0  (Gen:  0)
   521280      4024   3188768  0.000  0.000    8.028    1.291    0    0  (Gen:  0)
   521432      3920   3188752  0.000  0.000    8.028    1.291    0    0  (Gen:  0)
   521720      4408   3189272  0.000  0.000    8.029    1.292    0    0  (Gen:  0)
   521808      4264   3189400  0.000  0.000    8.029    1.292    0    0  (Gen:  0)
   521704      3912   3189136  0.000  0.000    8.030    1.292    0    0  (Gen:  0)
   521456      4232   3189472  0.000  0.000    8.030    1.292    0    0  (Gen:  0)
   521544      4288   3189800  0.000  0.000    8.031    1.292    0    0  (Gen:  0)
   521472      7568   3193320  0.000  0.000    8.032    1.292    0    0  (Gen:  0)
   521592      5688   3193264  0.000  0.000    8.032    1.292    0    0  (Gen:  0)
   521888      3968   3193272  0.000  0.000    8.033    1.292    0    0  (Gen:  0)
   521392      4008   3193344  0.000  0.000    8.033    1.293    0    0  (Gen:  0)
   521640      4248   3193616  0.000  0.000    8.034    1.293    0    0  (Gen:  0)
   521568      3936   3193320  0.000  0.000    8.034    1.293    0    0  (Gen:  0)
   521896      4328   3193728  0.000  0.000    8.035    1.293    0    0  (Gen:  0)
   521616      4192   3193656  0.000  0.000    8.036    1.293    0    0  (Gen:  0)
   521952      4280   3193832  0.000  0.000    8.036    1.293    0    0  (Gen:  0)
   521568      4016   3193600  0.000  0.000    8.037    1.293    0    0  (Gen:  0)
   521864      4136   3193808  0.000  0.000    8.037    1.293    0    0  (Gen:  0)
   521624      6072   3195776  0.000  0.000    8.038    1.294    0    0  (Gen:  0)
   521552      5992   3195760  0.000  0.000    8.038    1.294    0    0  (Gen:  0)
   521384      3944   3195560  0.000  0.000    8.039    1.294    0    0  (Gen:  0)
   521552      4152   3195784  0.000  0.000    8.039    1.294    0    0  (Gen:  0)
   521648      4048   3195728  0.000  0.000    8.040    1.294    0    0  (Gen:  0)
   521568      4264   3195960  0.000  0.000    8.041    1.294    0    0  (Gen:  0)
   521680      4192   3195936  0.000  0.000    8.041    1.294    0    0  (Gen:  0)
   521584      4176   3196080  0.000  0.000    8.042    1.294    0    0  (Gen:  0)
   521912      4056   3195992  0.000  0.000    8.042    1.294    0    0  (Gen:  0)
   521736      4104   3196072  0.000  0.000    8.043    1.295    0    0  (Gen:  0)
   521728      3976   3195960  0.000  0.000    8.043    1.295    0    0  (Gen:  0)
   521368      6560   3198560  0.000  0.000    8.044    1.295    0    0  (Gen:  0)
   521584      6664   3198744  0.000  0.000    8.044    1.295    0    0  (Gen:  0)
   521600      4264   3198856  0.000  0.000    8.045    1.295    0    0  (Gen:  0)
   521544      4176   3198800  0.000  0.000    8.046    1.295    0    0  (Gen:  0)
   521448      4264   3198976  0.000  0.000    8.046    1.295    0    0  (Gen:  0)
   521752      4744   3199488  0.000  0.000    8.047    1.295    0    0  (Gen:  0)
   521624      3752   3198768  0.000  0.000    8.047    1.296    0    0  (Gen:  0)
   521496      3936   3199040  0.000  0.000    8.048    1.296    0    0  (Gen:  0)
   521560      4304   3199408  0.000  0.000    8.048    1.296    0    0  (Gen:  0)
   521776      4144   3199504  0.000  0.000    8.049    1.296    0    0  (Gen:  0)
   521448      4696   3200296  0.000  0.000    8.049    1.296    0    0  (Gen:  0)
   521672      7224   3203704  0.000  0.000    8.050    1.296    0    0  (Gen:  0)
   521824      5792   3203472  0.000  0.000    8.051    1.296    0    0  (Gen:  0)
   521600      4296   3203896  0.000  0.000    8.051    1.296    0    0  (Gen:  0)
   521224      4120   3203752  0.000  0.000    8.052    1.297    0    0  (Gen:  0)
   521456      3888   3203608  0.000  0.000    8.052    1.297    0    0  (Gen:  0)
   521888      5888   3205640  0.000  0.000    8.053    1.297    0    0  (Gen:  0)
   521832      4048   3205480  0.000  0.000    8.053    1.297    0    0  (Gen:  0)
   521552      3976   3205496  0.000  0.000    8.054    1.297    0    0  (Gen:  0)
   521744      4168   3205704  0.000  0.000    8.054    1.297    0    0  (Gen:  0)
   521248      4160   3205744  0.000  0.000    8.055    1.297    0    0  (Gen:  0)
   521656      6520   3208120  0.000  0.000    8.056    1.297    0    0  (Gen:  0)
   521608      6440   3208104  0.000  0.000    8.056    1.297    0    0  (Gen:  0)
   521440      4560   3208616  0.000  0.000    8.057    1.298    0    0  (Gen:  0)
   521680      5528   3210000  0.001  0.000    8.058    1.298    0    0  (Gen:  0)
   521752      4120   3210040  0.000  0.000    8.059    1.298    0    0  (Gen:  0)
   521728      3992   3209928  0.000  0.000    8.060    1.298    0    0  (Gen:  0)
   521640      4248   3210200  0.000  0.000    8.060    1.298    0    0  (Gen:  0)
   521624      3992   3210008  0.000  0.000    8.061    1.298    0    0  (Gen:  0)
   521928      4304   3210408  0.000  0.000    8.061    1.298    0    0  (Gen:  0)
   521656      4008   3210144  0.000  0.000    8.062    1.299    0    0  (Gen:  0)
   521760      4152   3210376  0.000  0.000    8.062    1.299    0    0  (Gen:  0)
   521408      6320   3212576  0.000  0.000    8.063    1.299    0    0  (Gen:  0)
   521904      6272   3212592  0.000  0.000    8.066    1.299    0    0  (Gen:  0)
   521624      3928   3212304  0.001  0.000    8.066    1.299    0    0  (Gen:  0)
   521488      4224   3212616  0.001  0.000    8.067    1.299    0    0  (Gen:  0)
   521464      4152   3212592  0.000  0.000    8.068    1.300    0    0  (Gen:  0)
   521768      6136   3214592  0.000  0.000    8.069    1.300    0    0  (Gen:  0)
   521560      4248   3214520  0.000  0.000    8.069    1.300    0    0  (Gen:  0)
   521280      4064   3214496  0.000  0.000    8.070    1.300    0    0  (Gen:  0)
   521552      4248   3214712  0.000  0.000    8.070    1.300    0    0  (Gen:  0)
   521792      4248   3214744  0.001  0.000    8.072    1.300    0    0  (Gen:  0)
   521712      3928   3214440  0.001  0.000    8.073    1.300    0    0  (Gen:  0)
   521592      6408   3216936  0.001  0.000    8.074    1.301    0    0  (Gen:  0)
   521640      6392   3217000  0.000  0.000    8.074    1.301    0    0  (Gen:  0)
   521568      3880   3216832  0.000  0.000    8.075    1.301    0    0  (Gen:  0)
   521592      4128   3217096  0.000  0.000    8.076    1.301    0    0  (Gen:  0)
   521432      3936   3216952  0.000  0.000    8.076    1.301    0    0  (Gen:  0)
   521736      4448   3217480  0.000  0.000    8.077    1.301    0    0  (Gen:  0)
   521600      4208   3217512  0.000  0.000    8.078    1.301    0    0  (Gen:  0)
   521544      4008   3217472  0.000  0.000    8.078    1.302    0    0  (Gen:  0)
   521576      4296   3217792  0.000  0.000    8.079    1.302    0    0  (Gen:  0)
   521696      4416   3218168  0.000  0.000    8.079    1.302    0    0  (Gen:  0)
   521504      4696   3218688  0.000  0.000    8.080    1.302    0    0  (Gen:  0)
   521536      7360   3222072  0.000  0.000    8.081    1.302    0    0  (Gen:  0)
   521872      6344   3222096  0.000  0.000    8.081    1.302    0    0  (Gen:  0)
   521544      4208   3222144  0.000  0.000    8.082    1.302    0    0  (Gen:  0)
   521656      4080   3222048  0.000  0.000    8.082    1.302    0    0  (Gen:  0)
   521376      4104   3222160  0.000  0.000    8.083    1.303    0    0  (Gen:  0)
   521608      6224   3224312  0.000  0.000    8.083    1.303    0    0  (Gen:  0)
   521512      4176   3224240  0.000  0.000    8.084    1.303    0    0  (Gen:  0)
   521680      4064   3224216  0.000  0.000    8.084    1.303    0    0  (Gen:  0)
   521752      4224   3224392  0.000  0.000    8.085    1.303    0    0  (Gen:  0)
   521760      4032   3224248  0.000  0.000    8.086    1.303    0    0  (Gen:  0)
   521632      6536   3226768  0.000  0.000    8.086    1.303    0    0  (Gen:  0)
   521608      6456   3226752  0.000  0.000    8.087    1.303    0    0  (Gen:  0)
   521480      4112   3226816  0.000  0.000    8.087    1.303    0    0  (Gen:  0)
   521480      3960   3226696  0.000  0.000    8.088    1.304    0    0  (Gen:  0)
   521576      4136   3226904  0.000  0.000    8.088    1.304    0    0  (Gen:  0)
   521624      3992   3226776  0.000  0.000    8.089    1.304    0    0  (Gen:  0)
   521600      6360   3229160  0.000  0.000    8.090    1.304    0    0  (Gen:  0)
   521376      4216   3229144  0.000  0.000    8.090    1.304    0    0  (Gen:  0)
   521632      4120   3229136  0.000  0.000    8.091    1.304    0    0  (Gen:  0)
   521592      4032   3229080  0.000  0.000    8.091    1.304    0    0  (Gen:  0)
   521752      4136   3229272  0.000  0.000    8.092    1.304    0    0  (Gen:  0)
   521568      6672   3231840  0.000  0.000    8.092    1.305    0    0  (Gen:  0)
   521616      6728   3231960  0.000  0.000    8.093    1.305    0    0  (Gen:  0)
   521488      4008   3231736  0.000  0.000    8.094    1.305    0    0  (Gen:  0)
   521400      4208   3231952  0.000  0.000    8.094    1.305    0    0  (Gen:  0)
   521208      4088   3231880  0.000  0.000    8.095    1.305    0    0  (Gen:  0)
   521616      4992   3232800  0.000  0.000    8.095    1.305    0    0  (Gen:  0)
   521688      3872   3231952  0.000  0.000    8.096    1.305    0    0  (Gen:  0)
   521792      3968   3232208  0.000  0.000    8.096    1.305    0    0  (Gen:  0)
   521568      4392   3232664  0.000  0.000    8.097    1.306    0    0  (Gen:  0)
   521600      3976   3232504  0.000  0.000    8.097    1.306    0    0  (Gen:  0)
   521520      4392   3233008  0.000  0.000    8.098    1.306    0    0  (Gen:  0)
   521448      7344   3236376  0.000  0.000    8.099    1.306    0    0  (Gen:  0)
   521808      5744   3236440  0.000  0.000    8.099    1.306    0    0  (Gen:  0)
   521736      3992   3236344  0.000  0.000    8.100    1.306    0    0  (Gen:  0)
   521368      3904   3236272  0.000  0.000    8.100    1.306    0    0  (Gen:  0)
   521624      4000   3236416  0.000  0.000    8.101    1.306    0    0  (Gen:  0)
   521632      4352   3236784  0.000  0.000    8.101    1.306    0    0  (Gen:  0)
   521856      4112   3236592  0.000  0.000    8.102    1.307    0    0  (Gen:  0)
   521568      4152   3236792  0.000  0.000    8.103    1.307    0    0  (Gen:  0)
   521920      4224   3236896  0.000  0.000    8.103    1.307    0    0  (Gen:  0)
   521784      3928   3236632  0.000  0.000    8.104    1.307    0    0  (Gen:  0)
   521640      4040   3236760  0.000  0.000    8.104    1.307    0    0  (Gen:  0)
   521704      6112   3238848  0.000  0.000    8.105    1.307    0    0  (Gen:  0)
   521408      5840   3238656  0.000  0.000    8.105    1.307    0    0  (Gen:  0)
   521600      4128   3238792  0.000  0.000    8.106    1.307    0    0  (Gen:  0)
   521544      4040   3238736  0.000  0.000    8.106    1.308    0    0  (Gen:  0)
   521560      3984   3238768  0.000  0.000    8.107    1.308    0    0  (Gen:  0)
   521536      4272   3239088  0.000  0.000    8.108    1.308    0    0  (Gen:  0)
   521744      4072   3238936  0.000  0.000    8.108    1.308    0    0  (Gen:  0)
   521592      3976   3238928  0.000  0.000    8.109    1.308    0    0  (Gen:  0)
   521928      4240   3239208  0.000  0.000    8.109    1.308    0    0  (Gen:  0)
   521712      4120   3239136  0.000  0.000    8.110    1.308    0    0  (Gen:  0)
   521592      6752   3241784  0.000  0.000    8.110    1.308    0    0  (Gen:  0)
   521544      6632   3241728  0.000  0.000    8.111    1.309    0    0  (Gen:  0)
   521464      4208   3241888  0.000  0.000    8.111    1.309    0    0  (Gen:  0)
   521624      4112   3241824  0.000  0.000    8.112    1.309    0    0  (Gen:  0)
   521632      4216   3241960  0.001  0.000    8.114    1.309    0    0  (Gen:  0)
   521320      4088   3241848  0.000  0.000    8.114    1.309    0    0  (Gen:  0)
   521728      4592   3242368  0.000  0.000    8.115    1.309    0    0  (Gen:  0)
   521808      4192   3242256  0.000  0.000    8.115    1.309    0    0  (Gen:  0)
   521232      4368   3242520  0.000  0.000    8.116    1.309    0    0  (Gen:  0)
   521792      4160   3242568  0.000  0.000    8.116    1.310    0    0  (Gen:  0)
   521712      4560   3243056  0.000  0.000    8.117    1.310    0    0  (Gen:  0)
   521432      7744   3246656  0.001  0.000    8.119    1.310    0    0  (Gen:  0)
   521800      5856   3246592  0.000  0.000    8.119    1.310    0    0  (Gen:  0)
   521752      3920   3246648  0.000  0.000    8.120    1.310    0    0  (Gen:  0)
   521520      4136   3246896  0.000  0.000    8.120    1.310    0    0  (Gen:  0)
   521224      4080   3246872  0.000  0.000    8.121    1.310    0    0  (Gen:  0)
   521544      4008   3246816  0.000  0.000    8.122    1.311    0    0  (Gen:  0)
   521896      5904   3248728  0.000  0.000    8.122    1.311    0    0  (Gen:  0)
   521728      4176   3248696  0.000  0.000    8.123    1.311    0    0  (Gen:  0)
   521928      4280   3248888  0.000  0.000    8.123    1.311    0    0  (Gen:  0)
   521232      3800   3248440  0.000  0.000    8.124    1.311    0    0  (Gen:  0)
   521472      4008   3248736  0.000  0.000    8.124    1.311    0    0  (Gen:  0)
   521648      6488   3251248  0.000  0.000    8.125    1.311    0    0  (Gen:  0)
   521568      6520   3251344  0.000  0.000    8.126    1.311    0    0  (Gen:  0)
   521416      4592   3251720  0.000  0.000    8.126    1.311    0    0  (Gen:  0)
   521792      5376   3253064  0.000  0.000    8.127    1.312    0    0  (Gen:  0)
   521776      4040   3252872  0.000  0.000    8.127    1.312    0    0  (Gen:  0)
   521616      4208   3253056  0.000  0.000    8.128    1.312    0    0  (Gen:  0)
   521648      4160   3253056  0.000  0.000    8.128    1.312    0    0  (Gen:  0)
   521616      3800   3252856  0.000  0.000    8.129    1.312    0    0  (Gen:  0)
   521928      4112   3253200  0.000  0.000    8.130    1.312    0    0  (Gen:  0)
   521752      4120   3253240  0.000  0.000    8.130    1.312    0    0  (Gen:  0)
   521664      3992   3253128  0.000  0.000    8.131    1.312    0    0  (Gen:  0)
   521432      6192   3255344  0.000  0.000    8.131    1.313    0    0  (Gen:  0)
   521880      6104   3255336  0.000  0.000    8.132    1.313    0    0  (Gen:  0)
   521696      4168   3255456  0.000  0.000    8.132    1.313    0    0  (Gen:  0)
   521528      4152   3255472  0.000  0.000    8.133    1.313    0    0  (Gen:  0)
   521416      4136   3255544  0.000  0.000    8.134    1.313    0    0  (Gen:  0)
   521880      6016   3257456  0.000  0.000    8.134    1.313    0    0  (Gen:  0)
   521256      4224   3257480  0.000  0.000    8.135    1.313    0    0  (Gen:  0)
   521472      4008   3257352  0.000  0.000    8.135    1.313    0    0  (Gen:  0)
   521496      4264   3257624  0.000  0.000    8.136    1.314    0    0  (Gen:  0)
   521760      4048   3257456  0.000  0.000    8.136    1.314    0    0  (Gen:  0)
   521816      6608   3260032  0.000  0.000    8.137    1.314    0    0  (Gen:  0)
   521544      6488   3259976  0.000  0.000    8.138    1.314    0    0  (Gen:  0)
   521488      4224   3260128  0.000  0.000    8.138    1.314    0    0  (Gen:  0)
   521624      4264   3260200  0.000  0.000    8.139    1.314    0    0  (Gen:  0)
   521632      4232   3260200  0.000  0.000    8.139    1.314    0    0  (Gen:  0)
   521440      4144   3260128  0.000  0.000    8.140    1.314    0    0  (Gen:  0)
   521736      4312   3260312  0.000  0.000    8.140    1.314    0    0  (Gen:  0)
   521752      4064   3260352  0.000  0.000    8.141    1.315    0    0  (Gen:  0)
   521280      3952   3260328  0.000  0.000    8.141    1.315    0    0  (Gen:  0)
   521720      4160   3260552  0.000  0.000    8.142    1.315    0    0  (Gen:  0)
   521776      4288   3260952  0.000  0.000    8.142    1.315    0    0  (Gen:  0)
   521280      8064   3264968  0.000  0.000    8.143    1.315    0    0  (Gen:  0)
   521800      6208   3264776  0.000  0.000    8.144    1.315    0    0  (Gen:  0)
   521792      4168   3264992  0.000  0.000    8.144    1.315    0    0  (Gen:  0)
   521440      4208   3265064  0.000  0.000    8.145    1.315    0    0  (Gen:  0)
   521592      4040   3264928  0.000  0.000    8.145    1.316    0    0  (Gen:  0)
   521544      3968   3264872  0.000  0.000    8.146    1.316    0    0  (Gen:  0)
   521680      6176   3267096  0.000  0.000    8.147    1.316    0    0  (Gen:  0)
   521440      4152   3267064  0.000  0.000    8.147    1.316    0    0  (Gen:  0)
   521656      4232   3267232  0.000  0.000    8.148    1.316    0    0  (Gen:  0)
   521880      4064   3267096  0.000  0.000    8.148    1.316    0    0  (Gen:  0)
   521696      4120   3267240  0.000  0.000    8.149    1.316    0    0  (Gen:  0)
   521424      6632   3269784  0.000  0.000    8.149    1.316    0    0  (Gen:  0)
   521560      6520   3269736  0.000  0.000    8.150    1.317    0    0  (Gen:  0)
   521680      3896   3269448  0.000  0.000    8.150    1.317    0    0  (Gen:  0)
   521504      4040   3269608  0.001  0.000    8.152    1.317    0    0  (Gen:  0)
   521488      4080   3269696  0.001  0.000    8.154    1.317    0    0  (Gen:  0)
   521560      6400   3272032  0.000  0.000    8.154    1.317    0    0  (Gen:  0)
   521640      4040   3271784  0.000  0.000    8.155    1.317    0    0  (Gen:  0)
   521432      4136   3272040  0.000  0.000    8.155    1.317    0    0  (Gen:  0)
   521480      4192   3272128  0.000  0.000    8.156    1.318    0    0  (Gen:  0)
   521912      4032   3272000  0.000  0.000    8.157    1.318    0    0  (Gen:  0)
   521576      4064   3272048  0.000  0.000    8.157    1.318    0    0  (Gen:  0)
   521488      6720   3274720  0.000  0.000    8.158    1.318    0    0  (Gen:  0)
   521784      6616   3274696  0.000  0.000    8.158    1.318    0    0  (Gen:  0)
   521224      4192   3274768  0.000  0.000    8.167    1.319    0    0  (Gen:  0)
   521440      4104   3274712  0.000  0.000    8.168    1.319    0    0  (Gen:  0)
   521312      4064   3274760  0.000  0.000    8.168    1.319    0    0  (Gen:  0)
   521680      4520   3275248  0.000  0.000    8.169    1.319    0    0  (Gen:  0)
   521736      4280   3275280  0.000  0.000    8.169    1.319    0    0  (Gen:  0)
   521792      4088   3275176  0.000  0.000    8.170    1.320    0    0  (Gen:  0)
   521480      4464   3275568  0.000  0.000    8.171    1.320    0    0  (Gen:  0)
   521544      4432   3275808  0.000  0.000    8.171    1.320    0    0  (Gen:  0)
   521560      5288   3276896  0.000  0.000    8.172    1.320    0    0  (Gen:  0)
   521544      6120   3279192  0.000  0.000    8.172    1.320    0    0  (Gen:  0)
   521752      5760   3279232  0.000  0.000    8.173    1.320    0    0  (Gen:  0)
   521616      4136   3279264  0.000  0.000    8.174    1.320    0    0  (Gen:  0)
   521544      4048   3279208  0.000  0.000    8.174    1.320    0    0  (Gen:  0)
   521584      4112   3279360  0.000  0.000    8.175    1.321    0    0  (Gen:  0)
   521800      4312   3279592  0.000  0.000    8.175    1.321    0    0  (Gen:  0)
   521576      4176   3279504  0.000  0.000    8.176    1.321    0    0  (Gen:  0)
   521824      4136   3279552  0.000  0.000    8.176    1.321    0    0  (Gen:  0)
   521808      4112   3279544  0.000  0.000    8.177    1.321    0    0  (Gen:  0)
   521792      4120   3279600  0.000  0.000    8.177    1.321    0    0  (Gen:  0)
   521648      6016   3281512  0.000  0.000    8.178    1.321    0    0  (Gen:  0)
   521680      5928   3281488  0.000  0.000    8.179    1.321    0    0  (Gen:  0)
   521416      4168   3281648  0.000  0.000    8.179    1.322    0    0  (Gen:  0)
   521416      4032   3281544  0.000  0.000    8.180    1.322    0    0  (Gen:  0)
   521640      4192   3281736  0.023  0.002    8.203    1.324    0    0  (Gen:  0)
   521576      4048   3281608  0.000  0.000    8.204    1.324    0    0  (Gen:  0)
   521608      4128   3281704  0.000  0.000    8.204    1.324    0    0  (Gen:  0)
   521624      4136   3281776  0.000  0.000    8.205    1.324    0    0  (Gen:  0)
   521952      4120   3281848  0.000  0.000    8.205    1.324    0    0  (Gen:  0)
   521640      4032   3281792  0.000  0.000    8.206    1.325    0    0  (Gen:  0)
   521824      4072   3281920  0.000  0.000    8.207    1.325    0    0  (Gen:  0)
   521464      6664   3284544  0.000  0.000    8.207    1.325    0    0  (Gen:  0)
   521584      6600   3284544  0.000  0.000    8.208    1.325    0    0  (Gen:  0)
   521512      4064   3284520  0.000  0.000    8.208    1.325    0    0  (Gen:  0)
   521592      4208   3284680  0.000  0.000    8.209    1.325    0    0  (Gen:  0)
   521376      4144   3284664  0.000  0.000    8.209    1.325    0    0  (Gen:  0)
   521776      4416   3284952  0.000  0.000    8.210    1.325    0    0  (Gen:  0)
   521584      4104   3284912  0.000  0.000    8.211    1.325    0    0  (Gen:  0)
   521632      4152   3285120  0.000  0.000    8.211    1.326    0    0  (Gen:  0)
   521312      4504   3285504  0.000  0.000    8.212    1.326    0    0  (Gen:  0)
   521792      4512   3285768  0.000  0.000    8.212    1.326    0    0  (Gen:  0)
   521648      4392   3285888  0.000  0.000    8.213    1.326    0    0  (Gen:  0)
   521536      7848   3289744  0.000  0.000    8.213    1.326    0    0  (Gen:  0)
   521752      6120   3289696  0.000  0.000    8.214    1.326    0    0  (Gen:  0)
   521720      3768   3289264  0.000  0.000    8.215    1.326    0    0  (Gen:  0)
   521392      4008   3289536  0.000  0.000    8.215    1.326    0    0  (Gen:  0)
   521256      4008   3289608  0.000  0.000    8.216    1.327    0    0  (Gen:  0)
   521888      5856   3291472  0.000  0.000    8.216    1.327    0    0  (Gen:  0)
   521752      4064   3291360  0.000  0.000    8.217    1.327    0    0  (Gen:  0)
   521752      4048   3291504  0.000  0.000    8.217    1.327    0    0  (Gen:  0)
   521824      4112   3291600  0.000  0.000    8.218    1.327    0    0  (Gen:  0)
   521200      4064   3291584  0.000  0.000    8.218    1.327    0    0  (Gen:  0)
   521328      3992   3291528  0.000  0.000    8.219    1.327    0    0  (Gen:  0)
   521904      6384   3293936  0.000  0.000    8.220    1.327    0    0  (Gen:  0)
   521408      6208   3293840  0.001  0.000    8.221    1.328    0    0  (Gen:  0)
   521672      5640   3295576  0.000  0.000    8.221    1.328    0    0  (Gen:  0)
   521552      4048   3295592  0.000  0.000    8.222    1.328    0    0  (Gen:  0)
   521912      4096   3295728  0.000  0.000    8.222    1.328    0    0  (Gen:  0)
   521600      4264   3295928  0.000  0.000    8.223    1.328    0    0  (Gen:  0)
   521632      4152   3295864  0.000  0.000    8.223    1.328    0    0  (Gen:  0)
   521744      3960   3295760  0.000  0.000    8.224    1.328    0    0  (Gen:  0)
   521848      4280   3296096  0.000  0.000    8.225    1.328    0    0  (Gen:  0)
   521776      4040   3295904  0.000  0.000    8.225    1.329    0    0  (Gen:  0)
   521488      6224   3298104  0.000  0.000    8.226    1.329    0    0  (Gen:  0)
   521728      6048   3297992  0.000  0.000    8.226    1.329    0    0  (Gen:  0)
   521680      4080   3298152  0.000  0.000    8.227    1.329    0    0  (Gen:  0)
   521528      4008   3298112  0.000  0.000    8.227    1.329    0    0  (Gen:  0)
   521544      4176   3298312  0.000  0.000    8.228    1.329    0    0  (Gen:  0)
   521672      4024   3298176  0.000  0.000    8.229    1.329    0    0  (Gen:  0)
   521624      6024   3300192  0.000  0.000    8.229    1.329    0    0  (Gen:  0)
   521304      4104   3300104  0.000  0.000    8.230    1.329    0    0  (Gen:  0)
   521576      4264   3300352  0.000  0.000    8.230    1.330    0    0  (Gen:  0)
   521608      4080   3300200  0.000  0.000    8.231    1.330    0    0  (Gen:  0)
   521736      4152   3300360  0.000  0.000    8.231    1.330    0    0  (Gen:  0)
   521720      6568   3302808  0.000  0.000    8.232    1.330    0    0  (Gen:  0)
   521544      6472   3302776  0.000  0.000    8.232    1.330    0    0  (Gen:  0)
   521520      4048   3302696  0.000  0.000    8.233    1.330    0    0  (Gen:  0)
   521576      4280   3302944  0.000  0.000    8.234    1.330    0    0  (Gen:  0)
   521616      4248   3302960  0.000  0.000    8.234    1.330    0    0  (Gen:  0)
   521600      4648   3303376  0.000  0.000    8.235    1.331    0    0  (Gen:  0)
   521616      4176   3303176  0.000  0.000    8.235    1.331    0    0  (Gen:  0)
   521688      4120   3303280  0.000  0.000    8.236    1.331    0    0  (Gen:  0)
   521352      4488   3303680  0.000  0.000    8.236    1.331    0    0  (Gen:  0)
   521768      4568   3304016  0.000  0.000    8.237    1.331    0    0  (Gen:  0)
   521600      4296   3303984  0.005  0.000    8.242    1.332    0    0  (Gen:  0)
   521448      7592   3307680  0.000  0.000    8.243    1.332    0    0  (Gen:  0)
   521784      6264   3307712  0.000  0.000    8.243    1.332    0    0  (Gen:  0)
   521696      3976   3307608  0.000  0.000    8.244    1.332    0    0  (Gen:  0)
   521560      4024   3307672  0.000  0.000    8.244    1.332    0    0  (Gen:  0)
   521392      3968   3307664  0.000  0.000    8.245    1.332    0    0  (Gen:  0)
   521680      6152   3309864  0.001  0.000    8.246    1.332    0    0  (Gen:  0)
   521648      4176   3309864  0.000  0.000    8.247    1.333    0    0  (Gen:  0)
   521496      3776   3309624  0.001  0.000    8.248    1.333    0    0  (Gen:  0)
   521760      4128   3310008  0.000  0.000    8.248    1.333    0    0  (Gen:  0)
   521800      4048   3309960  0.000  0.000    8.249    1.333    0    0  (Gen:  0)
   521672      4104   3310032  0.000  0.000    8.249    1.333    0    0  (Gen:  0)
   521512      6424   3312368  0.000  0.000    8.250    1.333    0    0  (Gen:  0)
   521480      6416   3312440  0.000  0.000    8.251    1.333    0    0  (Gen:  0)
   521584      4176   3312536  0.000  0.000    8.251    1.333    0    0  (Gen:  0)
   521488      4088   3312480  0.000  0.000    8.252    1.334    0    0  (Gen:  0)
   521624      4168   3312648  0.000  0.000    8.252    1.334    0    0  (Gen:  0)
   521536      6232   3314744  0.000  0.000    8.253    1.334    0    0  (Gen:  0)
   521584      4168   3314792  0.000  0.000    8.253    1.334    0    0  (Gen:  0)
   521400      3992   3314704  0.000  0.000    8.254    1.334    0    0  (Gen:  0)
   521560      4168   3314896  0.000  0.000    8.255    1.334    0    0  (Gen:  0)
   521864      4152   3314928  0.000  0.000    8.255    1.334    0    0  (Gen:  0)
   521512      6776   3317568  0.000  0.000    8.256    1.334    0    0  (Gen:  0)
   521664      6600   3317456  0.000  0.000    8.256    1.335    0    0  (Gen:  0)
   521592      4120   3317544  0.000  0.000    8.257    1.335    0    0  (Gen:  0)
   521344      4208   3317664  0.000  0.000    8.257    1.335    0    0  (Gen:  0)
   521256      4128   3317616  0.000  0.000    8.258    1.335    0    0  (Gen:  0)
   521504      3920   3317424  0.000  0.000    8.258    1.335    0    0  (Gen:  0)
   521688      4536   3318056  0.000  0.000    8.259    1.335    0    0  (Gen:  0)
   521696      4096   3317904  0.000  0.000    8.260    1.335    0    0  (Gen:  0)
   521784      4528   3318424  0.000  0.000    8.260    1.335    0    0  (Gen:  0)
   521496      4136   3318288  0.000  0.000    8.261    1.335    0    0  (Gen:  0)
   521512      4464   3318704  0.000  0.000    8.261    1.336    0    0  (Gen:  0)
   521416      7648   3322304  0.000  0.000    8.262    1.336    0    0  (Gen:  0)
   521736      5352   3321672  0.000  0.000    8.262    1.336    0    0  (Gen:  0)
   521800      3928   3321904  0.000  0.000    8.263    1.336    0    0  (Gen:  0)
   521400      4112   3322088  0.000  0.000    8.264    1.336    0    0  (Gen:  0)
   521576      3992   3322000  0.000  0.000    8.264    1.336    0    0  (Gen:  0)
   521656      3880   3321904  0.000  0.000    8.265    1.336    0    0  (Gen:  0)
   521848      4312   3322352  0.000  0.000    8.265    1.336    0    0  (Gen:  0)
   521656      3984   3322088  0.000  0.000    8.266    1.337    0    0  (Gen:  0)
   521864      4208   3322400  0.000  0.000    8.266    1.337    0    0  (Gen:  0)
   521672      4064   3322288  0.000  0.000    8.267    1.337    0    0  (Gen:  0)
   521856      4120   3322432  0.000  0.000    8.267    1.337    0    0  (Gen:  0)
   521576      5888   3324232  0.000  0.000    8.268    1.337    0    0  (Gen:  0)
   521576      5968   3324376  0.000  0.000    8.269    1.337    0    0  (Gen:  0)
   521520      3912   3324168  0.000  0.000    8.269    1.337    0    0  (Gen:  0)
   521456      4064   3324336  0.000  0.000    8.270    1.337    0    0  (Gen:  0)
   521592      4120   3324440  0.000  0.000    8.270    1.338    0    0  (Gen:  0)
   521552      4352   3324688  0.000  0.000    8.271    1.338    0    0  (Gen:  0)
   521672      4192   3324576  0.000  0.000    8.271    1.338    0    0  (Gen:  0)
   521632      4136   3324680  0.000  0.000    8.272    1.338    0    0  (Gen:  0)
   521904      4224   3324800  0.000  0.000    8.272    1.338    0    0  (Gen:  0)
   521784      4136   3324744  0.000  0.000    8.273    1.338    0    0  (Gen:  0)
   521592      4088   3324712  0.000  0.000    8.273    1.338    0    0  (Gen:  0)
   521568      6600   3327240  0.000  0.000    8.274    1.338    0    0  (Gen:  0)
   521440      6544   3327264  0.000  0.000    8.275    1.338    0    0  (Gen:  0)
   521608      4248   3327480  0.000  0.000    8.275    1.339    0    0  (Gen:  0)
   521584      3968   3327232  0.000  0.000    8.276    1.339    0    0  (Gen:  0)
   521432      4136   3327488  0.000  0.000    8.276    1.339    0    0  (Gen:  0)
   521728      4488   3327872  0.000  0.000    8.277    1.339    0    0  (Gen:  0)
   521656      4224   3327880  0.000  0.000    8.277    1.339    0    0  (Gen:  0)
   521416      3904   3327648  0.000  0.000    8.278    1.339    0    0  (Gen:  0)
   521576      4400   3328160  0.000  0.000    8.279    1.339    0    0  (Gen:  0)
   521768      4344   3328376  0.000  0.000    8.279    1.339    0    0  (Gen:  0)
   521504      8048   3332320  0.000  0.000    8.280    1.340    0    0  (Gen:  0)
   521688      5936   3332192  0.000  0.000    8.280    1.340    0    0  (Gen:  0)
   521792      4208   3332456  0.000  0.000    8.281    1.340    0    0  (Gen:  0)
   521616      4208   3332488  0.000  0.000    8.281    1.340    0    0  (Gen:  0)
   521256      4200   3332512  0.000  0.000    8.282    1.340    0    0  (Gen:  0)
   521464      4160   3332488  0.000  0.000    8.283    1.340    0    0  (Gen:  0)
   521864      5880   3334224  0.000  0.000    8.283    1.340    0    0  (Gen:  0)
   521752      4080   3334120  0.000  0.000    8.284    1.340    0    0  (Gen:  0)
   521744      3864   3333992  0.000  0.000    8.285    1.341    0    0  (Gen:  0)
   521600      4096   3334240  0.000  0.000    8.286    1.341    0    0  (Gen:  0)
   521272      3832   3334024  0.000  0.000    8.286    1.341    0    0  (Gen:  0)
   521648      6488   3336696  0.000  0.000    8.287    1.341    0    0  (Gen:  0)
   521544      6368   3336640  0.000  0.000    8.287    1.341    0    0  (Gen:  0)
   521400      4496   3337160  0.000  0.000    8.288    1.341    0    0  (Gen:  0)
   521792      5608   3338688  0.000  0.000    8.288    1.341    0    0  (Gen:  0)
   521800      4176   3338704  0.000  0.000    8.289    1.341    0    0  (Gen:  0)
   521752      3872   3338416  0.000  0.000    8.290    1.342    0    0  (Gen:  0)
   521584      4312   3338872  0.000  0.000    8.290    1.342    0    0  (Gen:  0)
   521592      4168   3338792  0.000  0.000    8.291    1.342    0    0  (Gen:  0)
   521984      4064   3338776  0.000  0.000    8.291    1.342    0    0  (Gen:  0)
   521552      4048   3338792  0.000  0.000    8.292    1.342    0    0  (Gen:  0)
   521912      4096   3338928  0.000  0.000    8.292    1.342    0    0  (Gen:  0)
   521368      6224   3341088  0.000  0.000    8.293    1.342    0    0  (Gen:  0)
   521864      6288   3341216  0.001  0.000    8.295    1.342    0    0  (Gen:  0)
   521600      4048   3341032  0.000  0.000    8.295    1.343    0    0  (Gen:  0)
   521536      4296   3341296  0.000  0.000    8.296    1.343    0    0  (Gen:  0)
   521512      4120   3341168  0.000  0.000    8.296    1.343    0    0  (Gen:  0)
   521808      5992   3343056  0.000  0.000    8.297    1.343    0    0  (Gen:  0)
   521360      4136   3343016  0.000  0.000    8.297    1.343    0    0  (Gen:  0)
   521376      4024   3343064  0.023  0.002    8.321    1.345    0    0  (Gen:  0)
   521576      4008   3343080  0.000  0.000    8.322    1.345    0    0  (Gen:  0)
   521816      4288   3343392  0.000  0.000    8.322    1.346    0    0  (Gen:  0)
   521720      3992   3343112  0.000  0.000    8.323    1.346    0    0  (Gen:  0)
   521488      6544   3345680  0.000  0.000    8.323    1.346    0    0  (Gen:  0)
   521656      6432   3345648  0.000  0.000    8.324    1.346    0    0  (Gen:  0)
   521576      4304   3345864  0.000  0.000    8.324    1.346    0    0  (Gen:  0)
   521528      3856   3345448  0.000  0.000    8.325    1.346    0    0  (Gen:  0)
   521608      4096   3345776  0.000  0.000    8.326    1.346    0    0  (Gen:  0)
   521640      4520   3346232  0.000  0.000    8.326    1.346    0    0  (Gen:  0)
   521640      4176   3346160  0.000  0.000    8.327    1.347    0    0  (Gen:  0)
   521488      4032   3346104  0.000  0.000    8.327    1.347    0    0  (Gen:  0)
   521512      4488   3346576  0.000  0.000    8.328    1.347    0    0  (Gen:  0)
   521792      4320   3346680  0.000  0.000    8.328    1.347    0    0  (Gen:  0)
   521432      8104   3350704  0.000  0.000    8.329    1.347    0    0  (Gen:  0)
   521656      6472   3350736  0.000  0.000    8.330    1.347    0    0  (Gen:  0)
   521736      3928   3350448  0.000  0.000    8.330    1.347    0    0  (Gen:  0)
   521576      4136   3350688  0.000  0.000    8.331    1.347    0    0  (Gen:  0)
   521680      3992   3350576  0.000  0.000    8.331    1.347    0    0  (Gen:  0)
   521408      3880   3350552  0.000  0.000    8.332    1.348    0    0  (Gen:  0)
   521616      6168   3352872  0.000  0.000    8.332    1.348    0    0  (Gen:  0)
   521488      4048   3352728  0.000  0.000    8.333    1.348    0    0  (Gen:  0)
   521728      3936   3352704  0.000  0.000    8.334    1.348    0    0  (Gen:  0)
   521760      4200   3352984  0.000  0.000    8.334    1.348    0    0  (Gen:  0)
   521728      3984   3352816  0.000  0.000    8.335    1.348    0    0  (Gen:  0)
   521608      6488   3355336  0.000  0.000    8.335    1.348    0    0  (Gen:  0)
   521592      6368   3355280  0.000  0.000    8.336    1.348    0    0  (Gen:  0)
   521536      4112   3355432  0.000  0.000    8.337    1.349    0    0  (Gen:  0)
   521368      4080   3355432  0.000  0.000    8.337    1.349    0    0  (Gen:  0)
   521648      4088   3355472  0.000  0.000    8.338    1.349    0    0  (Gen:  0)
   521584      4032   3355432  0.000  0.000    8.338    1.349    0    0  (Gen:  0)
   521616      6352   3357768  0.000  0.000    8.339    1.349    0    0  (Gen:  0)
   521368      4096   3357640  0.000  0.000    8.339    1.349    0    0  (Gen:  0)
   521560      4336   3357968  0.000  0.000    8.340    1.349    0    0  (Gen:  0)
   521768      4104   3357768  0.000  0.000    8.340    1.349    0    0  (Gen:  0)
   521680      4048   3357800  0.000  0.000    8.341    1.350    0    0  (Gen:  0)
   521456      6624   3360408  0.000  0.000    8.342    1.350    0    0  (Gen:  0)
   521768      6584   3360432  0.000  0.000    8.342    1.350    0    0  (Gen:  0)
   521344      3976   3360320  0.000  0.000    8.343    1.350    0    0  (Gen:  0)
   521432      4144   3360504  0.000  0.000    8.343    1.350    0    0  (Gen:  0)
   521288      4048   3360456  0.000  0.000    8.344    1.350    0    0  (Gen:  0)
   521680      4432   3360856  0.000  0.000    8.344    1.350    0    0  (Gen:  0)
   521608      4176   3360872  0.000  0.000    8.345    1.350    0    0  (Gen:  0)
   521728      4208   3361064  0.000  0.000    8.346    1.351    0    0  (Gen:  0)
   521680      4528   3361416  0.000  0.000    8.346    1.351    0    0  (Gen:  0)
   521592      4328   3361472  0.000  0.000    8.347    1.351    0    0  (Gen:  0)
   521504      4376   3361760  0.000  0.000    8.347    1.351    0    0  (Gen:  0)
   521472      7336   3365120  0.000  0.000    8.348    1.351    0    0  (Gen:  0)
   521736      5792   3365096  0.000  0.000    8.349    1.351    0    0  (Gen:  0)
   521784      4248   3365208  0.000  0.000    8.349    1.351    0    0  (Gen:  0)
   521368      4160   3365152  0.001  0.000    8.351    1.351    0    0  (Gen:  0)
   521552      4264   3365344  0.000  0.000    8.351    1.352    0    0  (Gen:  0)
   521768      4016   3365128  0.000  0.000    8.352    1.352    0    0  (Gen:  0)
   521784      3968   3365128  0.000  0.000    8.352    1.352    0    0  (Gen:  0)
   521696      3864   3365184  0.000  0.000    8.353    1.352    0    0  (Gen:  0)
   521816      4112   3365464  0.000  0.000    8.353    1.352    0    0  (Gen:  0)
   521792      4008   3365392  0.000  0.000    8.354    1.352    0    0  (Gen:  0)
   521528      3976   3365376  0.000  0.000    8.354    1.352    0    0  (Gen:  0)
   521792      5888   3367304  0.000  0.000    8.355    1.352    0    0  (Gen:  0)
   521336      5912   3367408  0.000  0.000    8.356    1.353    0    0  (Gen:  0)
   521664      4248   3367592  0.000  0.000    8.356    1.353    0    0  (Gen:  0)
   521480      4016   3367392  0.000  0.000    8.357    1.353    0    0  (Gen:  0)
   521616      3936   3367400  0.000  0.000    8.357    1.353    0    0  (Gen:  0)
   521576      4272   3367768  0.000  0.000    8.358    1.353    0    0  (Gen:  0)
   521624      4192   3367736  0.000  0.000    8.358    1.353    0    0  (Gen:  0)
   521784      3992   3367624  0.000  0.000    8.359    1.353    0    0  (Gen:  0)
   521808      4240   3367888  0.000  0.000    8.359    1.353    0    0  (Gen:  0)
   521824      4088   3367784  0.001  0.000    8.361    1.354    0    0  (Gen:  0)
   521472      6808   3370520  0.000  0.000    8.362    1.354    0    0  (Gen:  0)
   521576      6616   3370392  0.000  0.000    8.362    1.354    0    0  (Gen:  0)
   521456      4088   3370448  0.000  0.000    8.363    1.354    0    0  (Gen:  0)
   521600      4080   3370472  0.000  0.000    8.363    1.354    0    0  (Gen:  0)
   521584      4096   3370520  0.000  0.000    8.364    1.354    0    0  (Gen:  0)
   521400      3992   3370432  0.000  0.000    8.364    1.354    0    0  (Gen:  0)
   521704      4520   3370976  0.000  0.000    8.365    1.354    0    0  (Gen:  0)
   521800      4248   3370992  0.000  0.000    8.366    1.355    0    0  (Gen:  0)
   521288      4392   3371224  0.000  0.000    8.366    1.355    0    0  (Gen:  0)
   521792      4064   3371152  0.000  0.000    8.367    1.355    0    0  (Gen:  0)
   521624      4432   3371608  0.000  0.000    8.367    1.355    0    0  (Gen:  0)
   521520      7776   3375368  0.000  0.000    8.368    1.355    0    0  (Gen:  0)
   521808      5992   3375408  0.000  0.000    8.369    1.355    0    0  (Gen:  0)
   521712      4064   3375400  0.000  0.000    8.369    1.355    0    0  (Gen:  0)
   521464      4240   3375592  0.000  0.000    8.370    1.355    0    0  (Gen:  0)
   521256      4136   3375536  0.000  0.000    8.370    1.356    0    0  (Gen:  0)
   521616      5984   3377400  0.000  0.000    8.371    1.356    0    0  (Gen:  0)
   521872      4176   3377272  0.000  0.000    8.371    1.356    0    0  (Gen:  0)
   521736      4176   3377432  0.000  0.000    8.372    1.356    0    0  (Gen:  0)
   521888      4232   3377520  0.000  0.000    8.372    1.356    0    0  (Gen:  0)
   521272      4232   3377552  0.000  0.000    8.373    1.356    0    0  (Gen:  0)
   521424      4120   3377456  0.001  0.000    8.374    1.356    0    0  (Gen:  0)
   521672      6408   3379760  0.001  0.000    8.375    1.356    0    0  (Gen:  0)
   521560      6352   3379784  0.001  0.000    8.377    1.357    0    0  (Gen:  0)
   521376      4856   3380592  0.001  0.000    8.378    1.357    0    0  (Gen:  0)
   521832      4912   3381528  0.001  0.000    8.379    1.357    0    0  (Gen:  0)
   521752      4008   3381448  0.001  0.000    8.380    1.357    0    0  (Gen:  0)
   521616      4224   3381680  0.001  0.000    8.382    1.357    0    0  (Gen:  0)
   521736      4152   3381656  0.001  0.000    8.383    1.358    0    0  (Gen:  0)
   521584      4080   3381744  0.000  0.000    8.383    1.358    0    0  (Gen:  0)
   521880      4192   3381888  0.001  0.000    8.385    1.358    0    0  (Gen:  0)
   521800      4176   3381904  0.001  0.000    8.387    1.358    0    0  (Gen:  0)
   521544      3728   3381472  0.001  0.000    8.389    1.359    0    0  (Gen:  0)
   521640      6160   3383920  0.001  0.000    8.391    1.359    0    0  (Gen:  0)
   521736      6136   3383976  0.001  0.000    8.393    1.359    0    0  (Gen:  0)
   521624      4176   3384072  0.001  0.000    8.395    1.360    0    0  (Gen:  0)
   521648      4016   3383944  0.000  0.000    8.396    1.360    0    0  (Gen:  0)
   521496      4112   3384128  0.000  0.000    8.397    1.360    0    0  (Gen:  0)
   521744      6008   3386056  0.000  0.000    8.397    1.360    0    0  (Gen:  0)
   521208      4216   3386080  0.001  0.000    8.399    1.360    0    0  (Gen:  0)
   521528      4088   3386040  0.001  0.000    8.400    1.360    0    0  (Gen:  0)
   521536      3888   3385856  0.001  0.000    8.401    1.361    0    0  (Gen:  0)
   521840      3920   3385936  0.000  0.000    8.402    1.361    0    0  (Gen:  0)
   521752      6640   3388672  0.000  0.000    8.402    1.361    0    0  (Gen:  0)
   521536      6248   3388344  0.000  0.000    8.403    1.361    0    0  (Gen:  0)
   521552      4176   3388688  0.000  0.000    8.404    1.361    0    0  (Gen:  0)
   521552      4136   3388680  0.000  0.000    8.404    1.361    0    0  (Gen:  0)
   521608      4152   3388728  0.000  0.000    8.405    1.361    0    0  (Gen:  0)
   521456      4048   3388640  0.000  0.000    8.405    1.361    0    0  (Gen:  0)
   521704      4496   3389104  0.000  0.000    8.406    1.362    0    0  (Gen:  0)
   521760      4192   3389088  0.000  0.000    8.406    1.362    0    0  (Gen:  0)
   521280      4296   3389280  0.000  0.000    8.407    1.362    0    0  (Gen:  0)
   521776      4080   3389320  0.000  0.000    8.407    1.362    0    0  (Gen:  0)
   521720      4424   3389752  0.000  0.000    8.408    1.362    0    0  (Gen:  0)
   521304      7808   3393552  0.000  0.000    8.409    1.362    0    0  (Gen:  0)
   521792      6328   3393576  0.000  0.000    8.409    1.362    0    0  (Gen:  0)
   521768      4048   3393480  0.000  0.000    8.410    1.362    0    0  (Gen:  0)
   521520      4104   3393552  0.000  0.000    8.410    1.363    0    0  (Gen:  0)
   521504      4192   3393688  0.000  0.000    8.411    1.363    0    0  (Gen:  0)
   521560      5616   3395120  0.000  0.000    8.411    1.363    0    0  (Gen:  0)
   521648      4768   3395552  0.000  0.000    8.412    1.363    0    0  (Gen:  0)
   521464      4008   3395656  0.000  0.000    8.413    1.363    0    0  (Gen:  0)
   521784      4008   3395688  0.000  0.000    8.413    1.363    0    0  (Gen:  0)
   521752      3920   3395632  0.000  0.000    8.414    1.363    0    0  (Gen:  0)
   521728      4024   3395824  0.000  0.000    8.414    1.363    0    0  (Gen:  0)
   521456      6504   3398336  0.000  0.000    8.415    1.364    0    0  (Gen:  0)
   521528      6296   3398192  0.000  0.000    8.415    1.364    0    0  (Gen:  0)
   521728      3976   3398208  0.000  0.000    8.416    1.364    0    0  (Gen:  0)
   521360      4224   3398472  0.000  0.000    8.416    1.364    0    0  (Gen:  0)
   521600      4088   3398384  0.000  0.000    8.417    1.364    0    0  (Gen:  0)
   521544      6328   3400640  0.001  0.000    8.419    1.364    0    0  (Gen:  0)
   521680      4024   3400448  0.001  0.000    8.420    1.364    0    0  (Gen:  0)
   521392      3936   3400520  0.001  0.000    8.421    1.365    0    0  (Gen:  0)
   521520      4152   3400768  0.001  0.000    8.423    1.365    0    0  (Gen:  0)
   521848      4048   3400696  0.001  0.000    8.424    1.365    0    0  (Gen:  0)
   521600      4064   3400728  0.001  0.000    8.425    1.365    0    0  (Gen:  0)
   521496      6792   3403472  0.001  0.000    8.427    1.365    0    0  (Gen:  0)
   521736      6768   3403528  0.001  0.000    8.428    1.366    0    0  (Gen:  0)
   521248      4064   3403320  0.001  0.000    8.429    1.366    0    0  (Gen:  0)
   521368      3936   3403224  0.000  0.000    8.430    1.366    0    0  (Gen:  0)
   521384      4064   3403440  0.000  0.000    8.430    1.366    0    0  (Gen:  0)
   521720      4552   3403960  0.000  0.000    8.431    1.366    0    0  (Gen:  0)
   521712      4160   3403840  0.000  0.000    8.431    1.366    0    0  (Gen:  0)
   521792      3944   3403712  0.000  0.000    8.432    1.366    0    0  (Gen:  0)
   521408      4376   3404160  0.000  0.000    8.433    1.367    0    0  (Gen:  0)
   521632      4376   3404432  0.000  0.000    8.433    1.367    0    0  (Gen:  0)
   521496      7568   3407864  0.000  0.000    8.434    1.367    0    0  (Gen:  0)
   521584      5704   3407824  0.000  0.000    8.434    1.367    0    0  (Gen:  0)
   521712      4040   3407888  0.000  0.000    8.435    1.367    0    0  (Gen:  0)
   521632      4192   3408072  0.000  0.000    8.435    1.367    0    0  (Gen:  0)
   521528      4144   3408056  0.000  0.000    8.436    1.367    0    0  (Gen:  0)
   521648      4000   3407928  0.000  0.000    8.437    1.367    0    0  (Gen:  0)
   521744      4344   3408288  0.000  0.000    8.437    1.368    0    0  (Gen:  0)
   521624      4248   3408256  0.000  0.000    8.438    1.368    0    0  (Gen:  0)
   521872      4208   3408304  0.000  0.000    8.438    1.368    0    0  (Gen:  0)
   521760      4160   3408288  0.000  0.000    8.439    1.368    0    0  (Gen:  0)
   521736      4232   3408448  0.000  0.000    8.439    1.368    0    0  (Gen:  0)
   521672      6072   3410320  0.001  0.000    8.440    1.368    0    0  (Gen:  0)
   521664      5880   3410192  0.001  0.000    8.442    1.368    0    0  (Gen:  0)
   521424      4080   3410312  0.001  0.000    8.443    1.369    0    0  (Gen:  0)
   521424      4056   3410320  0.001  0.000    8.444    1.369    0    0  (Gen:  0)
   521696      4064   3410360  0.001  0.000    8.445    1.369    0    0  (Gen:  0)
   521528      4008   3410320  0.001  0.000    8.446    1.369    0    0  (Gen:  0)
   521656      4328   3410656  0.001  0.000    8.447    1.369    0    0  (Gen:  0)
   521544      4208   3410600  0.001  0.000    8.449    1.370    0    0  (Gen:  0)
   521936      4232   3410712  0.000  0.000    8.449    1.370    0    0  (Gen:  0)
   521640      3952   3410464  0.000  0.000    8.450    1.370    0    0  (Gen:  0)
   521880      4136   3410736  0.000  0.000    8.450    1.370    0    0  (Gen:  0)
   521432      6736   3413368  0.001  0.000    8.451    1.370    0    0  (Gen:  0)
   521544      6616   3413312  0.000  0.000    8.452    1.370    0    0  (Gen:  0)
   521608      3952   3413160  0.000  0.000    8.452    1.370    0    0  (Gen:  0)
   521536      4200   3413424  0.000  0.000    8.453    1.371    0    0  (Gen:  0)
   521368      4024   3413296  0.000  0.000    8.453    1.371    0    0  (Gen:  0)
   521744      4648   3413936  0.000  0.000    8.454    1.371    0    0  (Gen:  0)
   521600      4216   3413776  0.000  0.000    8.455    1.371    0    0  (Gen:  0)
   521600      4080   3413800  0.000  0.000    8.455    1.371    0    0  (Gen:  0)
   521528      4216   3413968  0.000  0.000    8.456    1.371    0    0  (Gen:  0)
   521664      4400   3414408  0.000  0.000    8.456    1.371    0    0  (Gen:  0)
   521624      4360   3414608  0.001  0.000    8.548    1.380    0    0  (Gen:  0)
   521536      7816   3418464  0.000  0.000    8.549    1.380    0    0  (Gen:  0)
   521800      6096   3418424  0.000  0.000    8.549    1.380    0    0  (Gen:  0)
   521624      4280   3418528  0.001  0.000    8.551    1.380    0    0  (Gen:  0)
   521376      3976   3418256  0.001  0.000    8.552    1.381    0    0  (Gen:  0)
   521336      4192   3418560  0.001  0.000    8.554    1.381    0    0  (Gen:  0)
   521856      5904   3420304  0.001  0.000    8.555    1.381    0    0  (Gen:  0)
   521872      4304   3420384  0.001  0.000    8.556    1.381    0    0  (Gen:  0)
   521632      3992   3420160  0.001  0.000    8.558    1.382    0    0  (Gen:  0)
   521792      4264   3420448  0.001  0.000    8.559    1.382    0    0  (Gen:  0)
   521240      4088   3420320  0.000  0.000    8.581    1.384    0    0  (Gen:  0)
   521440      6656   3422904  0.001  0.000    8.582    1.384    0    0  (Gen:  0)
   521760      6408   3422720  0.001  0.000    8.583    1.384    0    0  (Gen:  0)
   521384      4576   3423280  0.001  0.000    8.584    1.385    0    0  (Gen:  0)
   521672      5512   3424632  0.001  0.000    8.586    1.385    0    0  (Gen:  0)
   521744      3936   3424504  0.000  0.000    8.587    1.385    0    0  (Gen:  0)
   521768      4000   3424656  0.000  0.000    8.588    1.385    0    0  (Gen:  0)
   521616      4200   3424888  0.000  0.000    8.588    1.386    0    0  (Gen:  0)
   521632      4152   3424888  0.000  0.000    8.589    1.386    0    0  (Gen:  0)
   521784      3952   3424776  0.000  0.000    8.590    1.386    0    0  (Gen:  0)
   521832      4136   3424976  0.000  0.000    8.590    1.386    0    0  (Gen:  0)
   521752      4008   3424896  0.000  0.000    8.591    1.386    0    0  (Gen:  0)
   521448      6296   3427200  0.000  0.000    8.592    1.386    0    0  (Gen:  0)
   521736      6032   3427000  0.000  0.000    8.592    1.386    0    0  (Gen:  0)
   521720      4080   3427176  0.000  0.000    8.593    1.387    0    0  (Gen:  0)
   521568      4024   3427152  0.000  0.000    8.593    1.387    0    0  (Gen:  0)
   521480      3992   3427152  0.000  0.000    8.594    1.387    0    0  (Gen:  0)
   521704      3976   3427152  0.000  0.000    8.594    1.387    0    0  (Gen:  0)
   521576      6024   3429216  0.000  0.000    8.595    1.387    0    0  (Gen:  0)
   521248      4232   3429256  0.000  0.000    8.595    1.387    0    0  (Gen:  0)
   521592      4168   3429280  0.000  0.000    8.596    1.387    0    0  (Gen:  0)
   521744      4032   3429176  0.000  0.000    8.596    1.387    0    0  (Gen:  0)
   521752      4136   3429368  0.000  0.000    8.597    1.387    0    0  (Gen:  0)
   521568      6680   3431944  0.000  0.000    8.597    1.388    0    0  (Gen:  0)
   521624      6352   3431680  0.000  0.000    8.598    1.388    0    0  (Gen:  0)
   521568      3952   3431624  0.000  0.000    8.599    1.388    0    0  (Gen:  0)
   521640      4152   3431840  0.000  0.000    8.599    1.388    0    0  (Gen:  0)
   521440      3992   3431728  0.000  0.000    8.600    1.388    0    0  (Gen:  0)
   521680      4416   3432168  0.000  0.000    8.601    1.388    0    0  (Gen:  0)
   521624      4104   3432128  0.000  0.000    8.601    1.388    0    0  (Gen:  0)
   521600      4056   3432240  0.000  0.000    8.602    1.388    0    0  (Gen:  0)
   521432      4448   3432664  0.000  0.000    8.602    1.389    0    0  (Gen:  0)
   521712      4432   3432904  0.000  0.000    8.603    1.389    0    0  (Gen:  0)
   521664      4432   3433144  0.000  0.000    8.603    1.389    0    0  (Gen:  0)
   521376      7664   3436776  0.000  0.000    8.604    1.389    0    0  (Gen:  0)
   521760      6360   3436832  0.000  0.000    8.604    1.389    0    0  (Gen:  0)
   521752      4320   3436976  0.000  0.000    8.605    1.389    0    0  (Gen:  0)
   521480      4192   3436880  0.000  0.000    8.605    1.389    0    0  (Gen:  0)
   521544      4152   3436928  0.000  0.000    8.606    1.389    0    0  (Gen:  0)
   521624      6312   3439120  0.000  0.000    8.607    1.390    0    0  (Gen:  0)
   521608      4160   3438944  0.000  0.000    8.607    1.390    0    0  (Gen:  0)
   521552      4088   3438960  0.000  0.000    8.608    1.390    0    0  (Gen:  0)
   521744      4280   3439168  0.000  0.000    8.608    1.390    0    0  (Gen:  0)
   521736      4288   3439224  0.000  0.000    8.609    1.390    0    0  (Gen:  0)
   521672      3840   3438792  0.000  0.000    8.609    1.390    0    0  (Gen:  0)
   521568      6424   3441392  0.000  0.000    8.610    1.390    0    0  (Gen:  0)
   521472      6368   3441416  0.000  0.000    8.610    1.390    0    0  (Gen:  0)
   521616      4264   3441648  0.000  0.000    8.611    1.390    0    0  (Gen:  0)
   521520      4024   3441440  0.000  0.000    8.611    1.391    0    0  (Gen:  0)
   521568      4136   3441640  0.000  0.000    8.612    1.391    0    0  (Gen:  0)
   521512      6288   3443824  0.000  0.000    8.613    1.391    0    0  (Gen:  0)
   521552      4160   3443808  0.000  0.000    8.613    1.391    0    0  (Gen:  0)
   521568      3944   3443680  0.000  0.000    8.620    1.392    0    0  (Gen:  0)
   521576      4144   3443896  0.000  0.000    8.621    1.392    0    0  (Gen:  0)
   521720      4080   3443880  0.000  0.000    8.621    1.392    0    0  (Gen:  0)
   521560      6832   3446648  0.001  0.000    8.623    1.392    0    0  (Gen:  0)
   521600      6352   3446232  0.001  0.000    8.625    1.392    0    0  (Gen:  0)
   521576      4096   3446544  0.000  0.000    8.626    1.393    0    0  (Gen:  0)
   521432      4152   3446632  0.000  0.000    8.627    1.393    0    0  (Gen:  0)
   521184      4120   3446632  0.000  0.000    8.628    1.393    0    0  (Gen:  0)
   521544      4048   3446576  0.000  0.000    8.628    1.393    0    0  (Gen:  0)
   521696      4448   3446992  0.000  0.000    8.629    1.393    0    0  (Gen:  0)
   521776      4008   3446840  0.000  0.000    8.630    1.393    0    0  (Gen:  0)
   521672      4352   3447272  0.000  0.000    8.631    1.393    0    0  (Gen:  0)
   521544      4040   3447216  0.000  0.000    8.632    1.394    0    0  (Gen:  0)
   521488      4520   3447784  0.000  0.000    8.633    1.394    0    0  (Gen:  0)
   521472      7520   3451200  0.000  0.000    8.633    1.394    0    0  (Gen:  0)
   521720      5728   3451072  0.000  0.000    8.634    1.394    0    0  (Gen:  0)
   521808      4048   3451048  0.000  0.000    8.635    1.394    0    0  (Gen:  0)
   521416      4248   3451264  0.000  0.000    8.636    1.394    0    0  (Gen:  0)
   521568      3992   3451056  0.000  0.000    8.637    1.395    0    0  (Gen:  0)
   521616      4368   3451448  0.000  0.000    8.638    1.395    0    0  (Gen:  0)
   521872      4160   3451288  0.000  0.000    8.638    1.395    0    0  (Gen:  0)
   521592      4208   3451496  0.000  0.000    8.639    1.395    0    0  (Gen:  0)
   521864      4280   3451600  0.000  0.000    8.640    1.395    0    0  (Gen:  0)
   521824      4272   3451624  0.000  0.000    8.641    1.395    0    0  (Gen:  0)
   521720      3976   3451344  0.000  0.000    8.642    1.395    0    0  (Gen:  0)
   521648      6232   3453616  0.000  0.000    8.643    1.396    0    0  (Gen:  0)
   521488      5744   3453208  0.000  0.000    8.644    1.396    0    0  (Gen:  0)
   521552      3864   3453176  0.000  0.000    8.644    1.396    0    0  (Gen:  0)
   521480      4112   3453440  0.000  0.000    8.645    1.396    0    0  (Gen:  0)
   521480      4048   3453424  0.000  0.000    8.646    1.396    0    0  (Gen:  0)
   521648      4208   3453600  0.000  0.000    8.647    1.396    0    0  (Gen:  0)
   521728      4048   3453488  0.000  0.000    8.648    1.396    0    0  (Gen:  0)
   521632      3928   3453528  0.000  0.000    8.648    1.397    0    0  (Gen:  0)
   521856      4128   3453760  0.000  0.000    8.649    1.397    0    0  (Gen:  0)
   521800      4048   3453712  0.000  0.000    8.650    1.397    0    0  (Gen:  0)
   521552      4064   3453744  0.000  0.000    8.651    1.397    0    0  (Gen:  0)
   521576      6552   3456248  0.000  0.000    8.652    1.397    0    0  (Gen:  0)
   521504      6400   3456176  0.000  0.000    8.653    1.397    0    0  (Gen:  0)
   521504      4176   3456464  0.000  0.000    8.653    1.397    0    0  (Gen:  0)
   521680      3952   3456272  0.000  0.000    8.654    1.398    0    0  (Gen:  0)
   521392      3936   3456344  0.000  0.000    8.655    1.398    0    0  (Gen:  0)
   521664      4408   3456848  0.000  0.000    8.656    1.398    0    0  (Gen:  0)
   521760      4264   3456976  0.000  0.000    8.657    1.398    0    0  (Gen:  0)
   521336      4080   3456880  0.001  0.000    8.659    1.398    0    0  (Gen:  0)
   521728      4368   3457184  0.001  0.000    8.661    1.399    0    0  (Gen:  0)
   521680      4400   3457488  0.001  0.000    8.663    1.399    0    0  (Gen:  0)
   521464      8048   3461376  0.001  0.000    8.665    1.399    0    0  (Gen:  0)
   521712      5888   3461200  0.001  0.000    8.667    1.399    0    0  (Gen:  0)
   521808      4064   3461368  0.001  0.000    8.669    1.400    0    0  (Gen:  0)
   521560      4264   3461600  0.001  0.000    8.671    1.400    0    0  (Gen:  0)
   521208      4136   3461504  0.000  0.000    8.671    1.400    0    0  (Gen:  0)
   521592      4040   3461424  0.001  0.000    8.672    1.400    0    0  (Gen:  0)
   521792      5960   3463360  0.001  0.000    8.673    1.401    0    0  (Gen:  0)
   521800      4224   3463320  0.000  0.000    8.674    1.401    0    0  (Gen:  0)
   521808      4280   3463464  0.000  0.000    8.675    1.401    0    0  (Gen:  0)
   521416      4144   3463360  0.000  0.000    8.675    1.401    0    0  (Gen:  0)
   521352      3992   3463296  0.004  0.000    8.680    1.401    0    0  (Gen:  0)
   521688      6544   3465880  0.000  0.000    8.681    1.402    0    0  (Gen:  0)
   521560      6504   3465904  0.000  0.000    8.682    1.402    0    0  (Gen:  0)
   521320      4240   3465944  0.000  0.000    8.682    1.402    0    0  (Gen:  0)
   521856      5520   3467624  0.001  0.000    8.685    1.402    0    0  (Gen:  0)
   521752      4176   3467584  0.000  0.000    8.685    1.402    0    0  (Gen:  0)
   521776      4392   3467816  0.000  0.000    8.686    1.402    0    0  (Gen:  0)
   521552      4304   3467776  0.000  0.000    8.686    1.403    0    0  (Gen:  0)
   521648      4144   3467776  0.000  0.000    8.687    1.403    0    0  (Gen:  0)
   521864      4096   3467760  0.000  0.000    8.687    1.403    0    0  (Gen:  0)
   521744      3936   3467632  0.000  0.000    8.688    1.403    0    0  (Gen:  0)
   521784      4008   3467792  0.000  0.000    8.688    1.403    0    0  (Gen:  0)
   521416      6136   3469952  0.000  0.000    8.689    1.403    0    0  (Gen:  0)
   521776      5912   3469792  0.000  0.000    8.690    1.403    0    0  (Gen:  0)
   521680      3920   3469856  0.000  0.000    8.690    1.403    0    0  (Gen:  0)
   521560      4168   3470120  0.000  0.000    8.691    1.404    0    0  (Gen:  0)
   521480      4104   3470104  0.000  0.000    8.691    1.404    0    0  (Gen:  0)
   521840      6136   3472152  0.000  0.000    8.692    1.404    0    0  (Gen:  0)
   521232      3872   3471704  0.000  0.000    8.692    1.404    0    0  (Gen:  0)
   521472      4008   3472000  0.000  0.000    8.693    1.404    0    0  (Gen:  0)
   521536      4184   3472208  0.000  0.000    8.694    1.404    0    0  (Gen:  0)
   521824      4016   3472072  0.000  0.000    8.694    1.404    0    0  (Gen:  0)
   521664      3904   3471976  0.000  0.000    8.695    1.404    0    0  (Gen:  0)
   521616      6520   3474608  0.000  0.000    8.695    1.404    0    0  (Gen:  0)
   521576      6352   3474520  0.000  0.000    8.696    1.405    0    0  (Gen:  0)
   521616      4232   3474744  0.000  0.000    8.696    1.405    0    0  (Gen:  0)
   521520      4120   3474664  0.000  0.000    8.697    1.405    0    0  (Gen:  0)
   521552      3992   3474624  0.000  0.000    8.697    1.405    0    0  (Gen:  0)
   521624      4400   3475064  0.000  0.000    8.698    1.405    0    0  (Gen:  0)
   521752      4048   3474984  0.000  0.000    8.698    1.405    0    0  (Gen:  0)
   521368      3864   3474888  0.000  0.000    8.699    1.405    0    0  (Gen:  0)
   521696      4504   3475544  0.000  0.000    8.700    1.405    0    0  (Gen:  0)
   521640      4288   3475600  0.000  0.000    8.700    1.406    0    0  (Gen:  0)
   521520      7976   3479528  0.000  0.000    8.701    1.406    0    0  (Gen:  0)
   521600      6256   3479472  0.000  0.000    8.701    1.406    0    0  (Gen:  0)
   521752      4112   3479584  0.000  0.000    8.702    1.406    0    0  (Gen:  0)
   521608      4192   3479696  0.000  0.000    8.702    1.406    0    0  (Gen:  0)
   521592      4056   3479592  0.000  0.000    8.703    1.406    0    0  (Gen:  0)
   521384      4048   3479600  0.000  0.000    8.703    1.406    0    0  (Gen:  0)
   521656      6168   3481736  0.000  0.000    8.704    1.406    0    0  (Gen:  0)
   521416      4264   3481824  0.000  0.000    8.705    1.407    0    0  (Gen:  0)
   521800      4376   3482024  0.001  0.000    8.706    1.407    0    0  (Gen:  0)
   521784      4000   3481680  0.000  0.000    8.707    1.407    0    0  (Gen:  0)
   521776      4136   3481904  0.000  0.000    8.707    1.407    0    0  (Gen:  0)
   521480      6688   3484488  0.000  0.000    8.708    1.407    0    0  (Gen:  0)
   521664      6608   3484472  0.000  0.000    8.708    1.407    0    0  (Gen:  0)
   521544      3984   3484184  0.000  0.000    8.709    1.407    0    0  (Gen:  0)
   521400      4088   3484304  0.000  0.000    8.710    1.407    0    0  (Gen:  0)
   521560      3968   3484232  0.000  0.000    8.710    1.408    0    0  (Gen:  0)
   521680      3920   3484200  0.000  0.000    8.711    1.408    0    0  (Gen:  0)
   521584      6392   3486688  0.000  0.000    8.711    1.408    0    0  (Gen:  0)
   521352      4008   3486432  0.000  0.000    8.712    1.408    0    0  (Gen:  0)
   521600      4112   3486624  0.000  0.000    8.712    1.408    0    0  (Gen:  0)
   521696      3976   3486520  0.000  0.000    8.713    1.408    0    0  (Gen:  0)
   521752      4000   3486632  0.000  0.000    8.713    1.408    0    0  (Gen:  0)
   521448      6624   3489288  0.000  0.000    8.714    1.408    0    0  (Gen:  0)
   521840      6440   3489168  0.000  0.000    8.715    1.409    0    0  (Gen:  0)
   521232      3968   3489192  0.000  0.000    8.715    1.409    0    0  (Gen:  0)
   521424      4152   3489392  0.000  0.000    8.716    1.409    0    0  (Gen:  0)
   521200      3960   3489248  0.000  0.000    8.716    1.409    0    0  (Gen:  0)
   521792      4448   3489752  0.000  0.000    8.717    1.409    0    0  (Gen:  0)
   521592      4120   3489696  0.000  0.000    8.717    1.409    0    0  (Gen:  0)
   521872      4152   3489888  0.000  0.000    8.718    1.409    0    0  (Gen:  0)
   521448      4256   3490024  0.000  0.000    8.718    1.409    0    0  (Gen:  0)
   521568      4456   3490480  0.000  0.000    8.719    1.409    0    0  (Gen:  0)
   521648      4608   3490872  0.000  0.000    8.720    1.410    0    0  (Gen:  0)
   521504      7208   3494032  0.000  0.000    8.720    1.410    0    0  (Gen:  0)
   521728      5736   3493920  0.000  0.000    8.721    1.410    0    0  (Gen:  0)
   521680      4184   3494024  0.000  0.000    8.721    1.410    0    0  (Gen:  0)
   521408      4064   3493936  0.000  0.000    8.722    1.410    0    0  (Gen:  0)
   521632      4136   3494096  0.000  0.000    8.722    1.410    0    0  (Gen:  0)
   521712      4296   3494288  0.000  0.000    8.723    1.410    0    0  (Gen:  0)
   521856      4176   3494216  0.000  0.000    8.723    1.410    0    0  (Gen:  0)
   521584      4048   3494176  0.000  0.000    8.724    1.411    0    0  (Gen:  0)
   521896      4072   3494216  0.000  0.000    8.725    1.411    0    0  (Gen:  0)
   521704      4112   3494304  0.000  0.000    8.725    1.411    0    0  (Gen:  0)
   521632      6040   3496248  0.000  0.000    8.726    1.411    0    0  (Gen:  0)
   521672      6008   3496280  0.000  0.000    8.726    1.411    0    0  (Gen:  0)
   521448      4152   3496344  0.000  0.000    8.727    1.411    0    0  (Gen:  0)
   521568      4320   3496544  0.000  0.000    8.727    1.411    0    0  (Gen:  0)
   521560      4216   3496472  0.000  0.000    8.728    1.411    0    0  (Gen:  0)
   521544      4144   3496416  0.000  0.000    8.728    1.412    0    0  (Gen:  0)
   521624      4032   3496320  0.000  0.000    8.729    1.412    0    0  (Gen:  0)
   521648      4064   3496416  0.000  0.000    8.729    1.412    0    0  (Gen:  0)
   521768      3848   3496288  0.000  0.000    8.730    1.412    0    0  (Gen:  0)
   521816      4144   3496600  0.000  0.000    8.731    1.412    0    0  (Gen:  0)
   521792      4024   3496528  0.000  0.000    8.731    1.412    0    0  (Gen:  0)
   521536      6680   3499200  0.001  0.000    8.732    1.412    0    0  (Gen:  0)
   521528      6576   3499160  0.005  0.000    8.737    1.413    0    0  (Gen:  0)
   521536      3904   3499072  0.001  0.000    8.738    1.413    0    0  (Gen:  0)
   521480      4136   3499336  0.001  0.000    8.739    1.413    0    0  (Gen:  0)
   521552      4088   3499320  0.001  0.000    8.740    1.413    0    0  (Gen:  0)
   521568      3944   3499192  0.001  0.000    8.741    1.413    0    0  (Gen:  0)
   521672      4424   3499688  0.000  0.000    8.742    1.414    0    0  (Gen:  0)
   521744      4136   3499688  0.000  0.000    8.742    1.414    0    0  (Gen:  0)
   521328      4344   3499984  0.000  0.000    8.743    1.414    0    0  (Gen:  0)
   521736      4064   3499960  0.000  0.000    8.743    1.414    0    0  (Gen:  0)
   521656      4592   3500576  0.000  0.000    8.744    1.414    0    0  (Gen:  0)
   521256      8360   3504752  0.000  0.000    8.744    1.414    0    0  (Gen:  0)
   521632      6416   3504664  0.000  0.000    8.745    1.414    0    0  (Gen:  0)
   521568      3960   3504496  0.000  0.000    8.746    1.414    0    0  (Gen:  0)
   521600      4128   3504680  0.000  0.000    8.746    1.415    0    0  (Gen:  0)
   521792      3904   3504504  0.000  0.000    8.747    1.415    0    0  (Gen:  0)
   521632      5928   3506544  0.000  0.000    8.747    1.415    0    0  (Gen:  0)
   521376      4208   3506504  0.000  0.000    8.748    1.415    0    0  (Gen:  0)
   521704      4136   3506592  0.000  0.000    8.748    1.415    0    0  (Gen:  0)
   521752      4152   3506640  0.000  0.000    8.749    1.415    0    0  (Gen:  0)
   521720      4016   3506536  0.000  0.000    8.749    1.415    0    0  (Gen:  0)
   521688      4024   3506560  0.000  0.000    8.750    1.415    0    0  (Gen:  0)
   521472      6584   3509136  0.000  0.000    8.750    1.416    0    0  (Gen:  0)
   521456      6408   3509040  0.000  0.000    8.751    1.416    0    0  (Gen:  0)
   521480      5808   3510744  0.000  0.000    8.752    1.416    0    0  (Gen:  0)
   521568      4120   3510664  0.000  0.000    8.752    1.416    0    0  (Gen:  0)
   521504      4096   3510728  0.000  0.000    8.753    1.416    0    0  (Gen:  0)
   521616      4320   3510984  0.000  0.000    8.753    1.416    0    0  (Gen:  0)
   521632      4160   3510872  0.001  0.000    8.754    1.416    0    0  (Gen:  0)
   521592      4016   3510816  0.001  0.000    8.756    1.416    0    0  (Gen:  0)
   521728      4296   3511112  0.001  0.000    8.757    1.417    0    0  (Gen:  0)
   521776      4192   3511056  0.001  0.000    8.758    1.417    0    0  (Gen:  0)
   521616      5840   3512720  0.001  0.000    8.759    1.417    0    0  (Gen:  0)
   521392      6048   3512992  0.001  0.000    8.760    1.417    0    0  (Gen:  0)
   521256      4008   3513064  0.001  0.000    8.761    1.417    0    0  (Gen:  0)
   521664      3976   3513048  0.001  0.000    8.763    1.418    0    0  (Gen:  0)
   521600      4080   3513184  0.000  0.000    8.763    1.418    0    0  (Gen:  0)
   521560      4024   3513216  0.000  0.000    8.764    1.418    0    0  (Gen:  0)
   521520      6064   3515288  0.000  0.000    8.764    1.418    0    0  (Gen:  0)
   521704      4104   3515144  0.000  0.000    8.765    1.418    0    0  (Gen:  0)
   521696      3960   3515088  0.000  0.000    8.765    1.418    0    0  (Gen:  0)
   521344      4224   3515368  0.000  0.000    8.766    1.418    0    0  (Gen:  0)
   521208      4048   3515240  0.000  0.000    8.766    1.418    0    0  (Gen:  0)
   521528      6584   3517792  0.000  0.000    8.767    1.419    0    0  (Gen:  0)
   521720      6504   3517776  0.000  0.000    8.768    1.419    0    0  (Gen:  0)
   521432      3992   3517680  0.058  0.006    8.826    1.424    0    0  (Gen:  0)
   521840      4184   3517904  0.000  0.000    8.827    1.424    0    0  (Gen:  0)
   521224      4072   3517824  0.000  0.000    8.828    1.425    0    0  (Gen:  0)
   521496      4048   3517816  0.000  0.000    8.828    1.425    0    0  (Gen:  0)
   521576      4448   3518232  0.000  0.000    8.829    1.425    0    0  (Gen:  0)
   521248      4016   3518088  0.000  0.000    8.829    1.425    0    0  (Gen:  0)
   521696      4560   3518720  0.000  0.000    8.830    1.425    0    0  (Gen:  0)
   521768      4104   3518520  0.000  0.000    8.830    1.425    0    0  (Gen:  0)
   521816      4328   3518832  0.000  0.000    8.831    1.426    0    0  (Gen:  0)
   521592      7776   3522696  0.000  0.000    8.832    1.426    0    0  (Gen:  0)
   521528      6256   3522680  0.000  0.000    8.832    1.426    0    0  (Gen:  0)
   521696      3944   3522552  0.000  0.000    8.833    1.426    0    0  (Gen:  0)
   521400      4224   3522848  0.000  0.000    8.833    1.426    0    0  (Gen:  0)
   521544      4120   3522792  0.000  0.000    8.834    1.426    0    0  (Gen:  0)
   521624      6264   3524952  0.000  0.000    8.835    1.426    0    0  (Gen:  0)
   521672      4336   3525000  0.000  0.000    8.835    1.426    0    0  (Gen:  0)
   521568      3968   3524792  0.000  0.000    8.836    1.427    0    0  (Gen:  0)
   521912      4224   3525080  0.000  0.000    8.836    1.427    0    0  (Gen:  0)
   521760      4048   3524936  0.000  0.000    8.837    1.427    0    0  (Gen:  0)
   521744      3904   3524808  0.000  0.000    8.837    1.427    0    0  (Gen:  0)
   521424      6464   3527384  0.000  0.000    8.838    1.427    0    0  (Gen:  0)
   521536      6512   3527512  0.000  0.000    8.839    1.427    0    0  (Gen:  0)
   521592      4304   3527640  0.000  0.000    8.839    1.427    0    0  (Gen:  0)
   521544      4192   3527560  0.000  0.000    8.840    1.427    0    0  (Gen:  0)
   521448      4264   3527720  0.000  0.000    8.840    1.428    0    0  (Gen:  0)
   521416      6248   3529736  0.000  0.000    8.841    1.428    0    0  (Gen:  0)
   521560      3984   3529584  0.000  0.000    8.842    1.428    0    0  (Gen:  0)
   521592      4080   3529840  0.000  0.000    8.842    1.428    0    0  (Gen:  0)
   521736      4080   3529872  0.000  0.000    8.843    1.428    0    0  (Gen:  0)
   521784      4032   3529856  0.000  0.000    8.843    1.428    0    0  (Gen:  0)
   521568      3992   3529832  0.000  0.000    8.844    1.428    0    0  (Gen:  0)
   521344      6608   3532464  0.000  0.000    8.844    1.428    0    0  (Gen:  0)
   521208      6456   3532392  0.000  0.000    8.845    1.429    0    0  (Gen:  0)
   521736      4320   3532752  0.000  0.000    8.846    1.429    0    0  (Gen:  0)
   521536      4088   3532552  0.000  0.000    8.846    1.429    0    0  (Gen:  0)
   521616      4008   3532560  0.000  0.000    8.847    1.429    0    0  (Gen:  0)
   521584      4496   3533080  0.000  0.000    8.847    1.429    0    0  (Gen:  0)
   521624      4192   3533048  0.000  0.000    8.848    1.429    0    0  (Gen:  0)
   521784      3992   3532936  0.000  0.000    8.848    1.429    0    0  (Gen:  0)
   521672      4360   3533320  0.000  0.000    8.849    1.429    0    0  (Gen:  0)
   521472      4192   3533424  0.000  0.000    8.849    1.430    0    0  (Gen:  0)
   521392      7720   3537192  0.000  0.000    8.850    1.430    0    0  (Gen:  0)
   521680      5608   3536904  0.000  0.000    8.851    1.430    0    0  (Gen:  0)
   521592      4080   3537104  0.000  0.000    8.851    1.430    0    0  (Gen:  0)
   521680      4064   3537120  0.000  0.000    8.852    1.430    0    0  (Gen:  0)
   521584      4136   3537224  0.000  0.000    8.852    1.430    0    0  (Gen:  0)
   521544      4064   3537168  0.000  0.000    8.853    1.430    0    0  (Gen:  0)
   521392      4208   3537328  0.000  0.000    8.853    1.430    0    0  (Gen:  0)
   521880      4136   3537320  0.000  0.000    8.854    1.430    0    0  (Gen:  0)
   521800      4224   3537496  0.000  0.000    8.854    1.431    0    0  (Gen:  0)
   521424      4096   3537400  0.000  0.000    8.855    1.431    0    0  (Gen:  0)
   521320      4096   3537488  0.000  0.000    8.855    1.431    0    0  (Gen:  0)
   521488      6016   3539440  0.000  0.000    8.856    1.431    0    0  (Gen:  0)
   521552      5968   3539456  0.000  0.000    8.857    1.431    0    0  (Gen:  0)
   521504      4024   3539360  0.000  0.000    8.857    1.431    0    0  (Gen:  0)
   521704      4264   3539616  0.000  0.000    8.858    1.431    0    0  (Gen:  0)
   521344      4000   3539400  0.000  0.000    8.858    1.431    0    0  (Gen:  0)
   521616      4368   3539784  0.000  0.000    8.859    1.432    0    0  (Gen:  0)
   521544      4264   3539728  0.000  0.000    8.859    1.432    0    0  (Gen:  0)
   521584      4192   3539816  0.000  0.000    8.860    1.432    0    0  (Gen:  0)
   521752      4304   3539960  0.000  0.000    8.860    1.432    0    0  (Gen:  0)
   521720      4344   3540032  0.000  0.000    8.861    1.432    0    0  (Gen:  0)
   521800      3840   3539544  0.000  0.000    8.861    1.432    0    0  (Gen:  0)
   521360      6712   3542432  0.000  0.000    8.862    1.432    0    0  (Gen:  0)
   521560      6560   3542360  0.000  0.000    8.863    1.432    0    0  (Gen:  0)
   521616      3976   3542288  0.000  0.000    8.863    1.433    0    0  (Gen:  0)
   521560      4024   3542352  0.000  0.000    8.864    1.433    0    0  (Gen:  0)
   521392      3968   3542344  0.000  0.000    8.864    1.433    0    0  (Gen:  0)
   521752      4408   3542800  0.000  0.000    8.865    1.433    0    0  (Gen:  0)
   521584      4120   3542784  0.000  0.000    8.865    1.433    0    0  (Gen:  0)
   521552      4048   3542872  0.000  0.000    8.866    1.433    0    0  (Gen:  0)
   521568      4072   3542928  0.001  0.000    8.868    1.433    0    0  (Gen:  0)
   521680      4344   3543456  0.000  0.000    8.868    1.433    0    0  (Gen:  0)
   521536      4608   3543960  0.000  0.000    8.869    1.434    0    0  (Gen:  0)
   521624      7600   3547512  0.000  0.000    8.869    1.434    0    0  (Gen:  0)
   521856      6040   3547472  0.000  0.000    8.870    1.434    0    0  (Gen:  0)
   521576      4264   3547616  0.000  0.000    8.871    1.434    0    0  (Gen:  0)
   521320      4024   3547408  0.000  0.000    8.871    1.434    0    0  (Gen:  0)
   521408      4192   3547664  0.000  0.000    8.872    1.434    0    0  (Gen:  0)
   521840      5720   3549224  0.000  0.000    8.872    1.434    0    0  (Gen:  0)
   521872      4152   3549336  0.000  0.000    8.873    1.435    0    0  (Gen:  0)
   521624      3936   3549208  0.000  0.000    8.874    1.435    0    0  (Gen:  0)
   521728      4168   3549456  0.000  0.000    8.874    1.435    0    0  (Gen:  0)
   521288      4048   3549384  0.001  0.000    8.876    1.435    0    0  (Gen:  0)
   521496      6616   3551968  0.000  0.000    8.877    1.435    0    0  (Gen:  0)
   521720      6352   3551768  0.000  0.000    8.877    1.435    0    0  (Gen:  0)
   521376      4480   3552288  0.000  0.000    8.878    1.435    0    0  (Gen:  0)
   521704      5696   3553920  0.000  0.000    8.878    1.436    0    0  (Gen:  0)
   521736      3984   3553656  0.000  0.000    8.879    1.436    0    0  (Gen:  0)
   521776      4008   3553696  0.000  0.000    8.880    1.436    0    0  (Gen:  0)
   521536      4344   3554048  0.001  0.000    8.881    1.436    0    0  (Gen:  0)
   521696      4264   3554032  0.002  0.000    8.885    1.436    0    0  (Gen:  0)
   521856      4176   3554032  0.001  0.000    8.886    1.437    0    0  (Gen:  0)
   521720      4088   3553976  0.001  0.000    8.888    1.437    0    0  (Gen:  0)
   521720      4176   3554152  0.001  0.000    8.890    1.437    0    0  (Gen:  0)
   521496      6352   3556360  0.001  0.000    8.891    1.437    0    0  (Gen:  0)
   521808      6200   3556272  0.001  0.000    8.893    1.438    0    0  (Gen:  0)
   521696      4088   3556216  0.001  0.000    8.894    1.438    0    0  (Gen:  0)
   521504      4320   3556464  0.000  0.000    8.895    1.438    0    0  (Gen:  0)
   521488      3840   3556032  0.000  0.000    8.896    1.438    0    0  (Gen:  0)
   521736      3824   3556032  0.000  0.000    8.896    1.438    0    0  (Gen:  0)
   521552      5984   3558208  0.000  0.000    8.897    1.438    0    0  (Gen:  0)
   521248      4192   3558248  0.000  0.000    8.897    1.438    0    0  (Gen:  0)
   521576      4120   3558264  0.000  0.000    8.898    1.439    0    0  (Gen:  0)
   521792      3960   3558136  0.000  0.000    8.898    1.439    0    0  (Gen:  0)
   521752      4040   3558304  0.000  0.000    8.899    1.439    0    0  (Gen:  0)
   521496      6424   3560720  0.000  0.000    8.899    1.439    0    0  (Gen:  0)
   521728      6448   3560808  0.000  0.000    8.900    1.439    0    0  (Gen:  0)
   521496      3992   3560696  0.000  0.000    8.901    1.439    0    0  (Gen:  0)
   521664      4096   3560816  0.000  0.000    8.901    1.439    0    0  (Gen:  0)
   521384      3936   3560704  0.000  0.000    8.902    1.439    0    0  (Gen:  0)
   521752      4344   3561128  0.000  0.000    8.902    1.440    0    0  (Gen:  0)
   521560      4048   3561104  0.000  0.000    8.903    1.440    0    0  (Gen:  0)
   521600      4080   3561296  0.000  0.000    8.903    1.440    0    0  (Gen:  0)
   521576      4400   3561648  0.000  0.000    8.904    1.440    0    0  (Gen:  0)
   521616      4376   3561880  0.000  0.000    8.905    1.440    0    0  (Gen:  0)
   521544      4608   3562352  0.000  0.000    8.905    1.440    0    0  (Gen:  0)
   521512      7208   3565512  0.000  0.000    8.906    1.440    0    0  (Gen:  0)
   521840      6088   3565592  0.001  0.000    8.907    1.440    0    0  (Gen:  0)
   521592      4224   3565912  0.000  0.000    8.907    1.441    0    0  (Gen:  0)
   521664      4176   3565896  0.000  0.000    8.908    1.441    0    0  (Gen:  0)
   521432      3992   3565800  0.000  0.000    8.908    1.441    0    0  (Gen:  0)
   521576      6096   3567936  0.000  0.000    8.909    1.441    0    0  (Gen:  0)
   521576      4120   3567936  0.000  0.000    8.910    1.441    0    0  (Gen:  0)
   521648      4032   3567936  0.000  0.000    8.910    1.441    0    0  (Gen:  0)
   521704      4240   3568160  0.000  0.000    8.911    1.441    0    0  (Gen:  0)
   521800      4152   3568120  0.000  0.000    8.911    1.441    0    0  (Gen:  0)
   521536      6528   3570512  0.000  0.000    8.912    1.442    0    0  (Gen:  0)
   521664      6456   3570504  0.000  0.000    8.912    1.442    0    0  (Gen:  0)
   521408      4040   3570496  0.000  0.000    8.913    1.442    0    0  (Gen:  0)
   521632      4192   3570680  0.000  0.000    8.914    1.442    0    0  (Gen:  0)
   521528      4144   3570664  0.000  0.000    8.914    1.442    0    0  (Gen:  0)
   521648      4000   3570536  0.000  0.000    8.915    1.442    0    0  (Gen:  0)
   521504      6256   3572808  0.000  0.000    8.915    1.442    0    0  (Gen:  0)
   521504      4264   3572944  0.000  0.000    8.916    1.442    0    0  (Gen:  0)
   521544      4376   3573144  0.000  0.000    8.916    1.443    0    0  (Gen:  0)
   521584      4272   3573072  0.000  0.000    8.917    1.443    0    0  (Gen:  0)
   521752      3944   3572832  0.000  0.000    8.917    1.443    0    0  (Gen:  0)
   521576      6576   3575496  0.000  0.000    8.918    1.443    0    0  (Gen:  0)
   521576      6504   3575488  0.000  0.000    8.919    1.443    0    0  (Gen:  0)
   521568      4136   3575688  0.000  0.000    8.919    1.443    0    0  (Gen:  0)
   521424      4112   3575696  0.000  0.000    8.920    1.443    0    0  (Gen:  0)
   521200      4064   3575680  0.000  0.000    8.920    1.443    0    0  (Gen:  0)
   521544      3992   3575624  0.000  0.000    8.921    1.443    0    0  (Gen:  0)
   521704      4520   3576168  0.000  0.000    8.921    1.444    0    0  (Gen:  0)
   521800      4248   3576184  0.000  0.000    8.922    1.444    0    0  (Gen:  0)
   521640      4296   3576320  0.000  0.000    8.922    1.444    0    0  (Gen:  0)
   521528      4056   3576336  0.000  0.000    8.923    1.444    0    0  (Gen:  0)
   521520      4448   3576816  0.000  0.000    8.924    1.444    0    0  (Gen:  0)
   521456      7464   3580248  0.000  0.000    8.924    1.444    0    0  (Gen:  0)
   521760      5888   3580336  0.000  0.000    8.925    1.444    0    0  (Gen:  0)
   521696      3944   3580048  0.000  0.000    8.925    1.444    0    0  (Gen:  0)
   521480      4296   3580416  0.000  0.000    8.926    1.445    0    0  (Gen:  0)
   521544      4192   3580360  0.000  0.000    8.926    1.445    0    0  (Gen:  0)
   521600      4152   3580336  0.000  0.000    8.927    1.445    0    0  (Gen:  0)
   521904      4120   3580352  0.000  0.000    8.928    1.445    0    0  (Gen:  0)
   521608      4152   3580544  0.000  0.000    8.928    1.445    0    0  (Gen:  0)
   521936      3976   3580400  0.000  0.000    8.929    1.445    0    0  (Gen:  0)
   521744      4136   3580592  0.000  0.000    8.929    1.445    0    0  (Gen:  0)
   521640      3976   3580448  0.000  0.000    8.930    1.445    0    0  (Gen:  0)
   521760      6000   3582488  0.000  0.000    8.930    1.446    0    0  (Gen:  0)
   521392      5808   3582376  0.000  0.000    8.931    1.446    0    0  (Gen:  0)
   521616      4216   3582632  0.000  0.000    8.931    1.446    0    0  (Gen:  0)
   521504      3992   3582440  0.000  0.000    8.932    1.446    0    0  (Gen:  0)
   521496      3976   3582512  0.000  0.000    8.932    1.446    0    0  (Gen:  0)
   521520      4200   3582768  0.000  0.000    8.933    1.446    0    0  (Gen:  0)
   521872      4264   3582880  0.000  0.000    8.934    1.446    0    0  (Gen:  0)
   521576      4048   3582752  0.000  0.000    8.934    1.446    0    0  (Gen:  0)
   521832      4176   3582896  0.000  0.000    8.935    1.446    0    0  (Gen:  0)
   521776      4176   3582944  0.000  0.000    8.935    1.447    0    0  (Gen:  0)
   521672      6880   3585664  0.000  0.000    8.936    1.447    0    0  (Gen:  0)
   521440      6784   3585632  0.000  0.000    8.936    1.447    0    0  (Gen:  0)
   521488      3928   3585360  0.000  0.000    8.937    1.447    0    0  (Gen:  0)
   521576      4136   3585600  0.000  0.000    8.937    1.447    0    0  (Gen:  0)
   521680      3992   3585488  0.000  0.000    8.938    1.447    0    0  (Gen:  0)
   521408      3880   3585464  0.000  0.000    8.939    1.447    0    0  (Gen:  0)
   521688      4424   3586040  0.000  0.000    8.939    1.447    0    0  (Gen:  0)
   521752      4192   3586080  0.000  0.000    8.940    1.448    0    0  (Gen:  0)
   521280      3864   3585840  0.000  0.000    8.940    1.448    0    0  (Gen:  0)
   521768      4312   3586304  0.000  0.000    8.941    1.448    0    0  (Gen:  0)
   521728      4320   3586584  0.000  0.000    8.941    1.448    0    0  (Gen:  0)
   521416      7992   3590496  0.000  0.000    8.942    1.448    0    0  (Gen:  0)
   521760      5912   3590400  0.000  0.000    8.943    1.448    0    0  (Gen:  0)
   521832      4192   3590672  0.000  0.000    8.943    1.448    0    0  (Gen:  0)
   521488      4208   3590720  0.000  0.000    8.944    1.448    0    0  (Gen:  0)
   521224      4152   3590696  0.000  0.000    8.944    1.449    0    0  (Gen:  0)
   521472      4032   3590592  0.000  0.000    8.945    1.449    0    0  (Gen:  0)
   521912      5888   3592464  0.000  0.000    8.945    1.449    0    0  (Gen:  0)
   521792      4248   3592520  0.000  0.000    8.946    1.449    0    0  (Gen:  0)
   521840      4264   3592624  0.000  0.000    8.947    1.449    0    0  (Gen:  0)
   521320      4192   3592584  0.000  0.000    8.947    1.449    0    0  (Gen:  0)
   521424      4248   3592728  0.000  0.000    8.948    1.449    0    0  (Gen:  0)
   521616      6488   3595000  0.000  0.000    8.948    1.449    0    0  (Gen:  0)
   521600      6464   3595040  0.000  0.000    8.949    1.449    0    0  (Gen:  0)
   521440      4304   3595184  0.000  0.000    8.949    1.450    0    0  (Gen:  0)
   521792      5424   3596704  0.000  0.000    8.950    1.450    0    0  (Gen:  0)
   521696      4136   3596720  0.000  0.000    8.951    1.450    0    0  (Gen:  0)
   521736      4352   3596952  0.000  0.000    8.951    1.450    0    0  (Gen:  0)
   521656      4168   3596816  0.000  0.000    8.952    1.450    0    0  (Gen:  0)
   521568      4208   3597016  0.000  0.000    8.952    1.450    0    0  (Gen:  0)
   521920      4280   3597120  0.000  0.000    8.953    1.450    0    0  (Gen:  0)
   521736      3984   3596856  0.000  0.000    8.953    1.450    0    0  (Gen:  0)
   521736      3904   3596792  0.000  0.000    8.954    1.451    0    0  (Gen:  0)
   521424      6296   3599200  0.000  0.000    8.954    1.451    0    0  (Gen:  0)
   521752      6232   3599216  0.000  0.000    8.955    1.451    0    0  (Gen:  0)
   521776      4144   3599184  0.000  0.000    8.956    1.451    0    0  (Gen:  0)
   521496      4104   3599176  0.000  0.000    8.956    1.451    0    0  (Gen:  0)
   521488      4168   3599328  0.002  0.000    8.959    1.451    0    0  (Gen:  0)
   521848      6080   3601272  0.000  0.000    8.959    1.451    0    0  (Gen:  0)
   521256      4344   3601352  0.000  0.000    8.960    1.452    0    0  (Gen:  0)
   521488      4056   3601152  0.000  0.000    8.960    1.452    0    0  (Gen:  0)
   521512      4072   3601184  0.000  0.000    8.961    1.452    0    0  (Gen:  0)
   521744      3976   3601136  0.000  0.000    8.961    1.452    0    0  (Gen:  0)
   521768      4008   3601184  0.000  0.000    8.962    1.452    0    0  (Gen:  0)
   521576      6440   3603632  0.000  0.000    8.962    1.452    0    0  (Gen:  0)
   521496      6144   3603416  0.001  0.000    8.963    1.452    0    0  (Gen:  0)
   521584      4192   3603808  0.000  0.000    8.964    1.452    0    0  (Gen:  0)
   521656      4064   3603712  0.000  0.000    8.964    1.453    0    0  (Gen:  0)
   521528      3936   3603672  0.000  0.000    8.965    1.453    0    0  (Gen:  0)
   521648      4464   3604232  0.000  0.000    8.966    1.453    0    0  (Gen:  0)
   521776      4264   3604304  0.000  0.000    8.966    1.453    0    0  (Gen:  0)
   521232      3728   3603856  0.000  0.000    8.967    1.453    0    0  (Gen:  0)
   521784      4448   3604592  0.000  0.000    8.967    1.453    0    0  (Gen:  0)
   521736      4304   3604720  0.000  0.000    8.968    1.453    0    0  (Gen:  0)
   521328      7968   3608624  0.000  0.000    8.968    1.453    0    0  (Gen:  0)
   521744      6200   3608520  0.000  0.000    8.969    1.454    0    0  (Gen:  0)
   521752      4136   3608712  0.000  0.000    8.970    1.454    0    0  (Gen:  0)
   521512      4136   3608744  0.000  0.000    8.970    1.454    0    0  (Gen:  0)
   521584      4104   3608744  0.000  0.000    8.971    1.454    0    0  (Gen:  0)
   521472      4048   3608704  0.000  0.000    8.971    1.454    0    0  (Gen:  0)
   521672      6112   3610784  0.000  0.000    8.972    1.454    0    0  (Gen:  0)
   521488      4248   3610912  0.000  0.000    8.972    1.454    0    0  (Gen:  0)
   521680      4120   3610872  0.000  0.000    8.973    1.454    0    0  (Gen:  0)
   521864      4064   3610848  0.000  0.000    8.973    1.454    0    0  (Gen:  0)
   521720      4152   3611024  0.000  0.000    8.974    1.455    0    0  (Gen:  0)
   521456      6632   3613536  0.000  0.000    8.975    1.455    0    0  (Gen:  0)
   521552      6408   3613376  0.000  0.000    8.975    1.455    0    0  (Gen:  0)
   521680      4048   3613352  0.000  0.000    8.976    1.455    0    0  (Gen:  0)
   521416      4248   3613568  0.000  0.000    8.976    1.455    0    0  (Gen:  0)
   521568      3992   3613360  0.000  0.000    8.977    1.455    0    0  (Gen:  0)
   521544      6432   3615816  0.000  0.000    8.977    1.455    0    0  (Gen:  0)
   521544      4264   3615760  0.000  0.000    8.978    1.455    0    0  (Gen:  0)
   521544      4152   3615808  0.000  0.000    8.978    1.456    0    0  (Gen:  0)
   521472      4184   3615872  0.000  0.000    8.979    1.456    0    0  (Gen:  0)
   521848      4232   3615952  0.000  0.000    8.980    1.456    0    0  (Gen:  0)
   521672      4136   3615872  0.000  0.000    8.980    1.456    0    0  (Gen:  0)
   521456      6920   3618672  0.000  0.000    8.981    1.456    0    0  (Gen:  0)
   521768      6280   3618112  0.000  0.000    8.981    1.456    0    0  (Gen:  0)
   521288      3912   3618240  0.000  0.000    8.982    1.456    0    0  (Gen:  0)
   521376      4096   3618440  0.000  0.000    8.982    1.456    0    0  (Gen:  0)
   521272      3832   3618224  0.000  0.000    8.983    1.457    0    0  (Gen:  0)
   521680      4448   3618856  0.000  0.000    8.983    1.457    0    0  (Gen:  0)
   521728      4192   3618872  0.000  0.000    8.984    1.457    0    0  (Gen:  0)
   521808      4024   3618864  0.000  0.000    8.985    1.457    0    0  (Gen:  0)
   521448      4216   3619088  0.000  0.000    8.985    1.457    0    0  (Gen:  0)
   521560      4400   3619528  0.000  0.000    8.986    1.457    0    0  (Gen:  0)
   521688      4712   3620080  0.000  0.000    8.986    1.457    0    0  (Gen:  0)
   521456      7000   3623088  0.000  0.000    8.987    1.457    0    0  (Gen:  0)
   521792      5592   3622880  0.000  0.000    8.987    1.457    0    0  (Gen:  0)
   521600      4208   3623152  0.000  0.000    8.988    1.458    0    0  (Gen:  0)
   521496      4064   3623040  0.000  0.000    8.989    1.458    0    0  (Gen:  0)
   521592      4080   3623144  0.000  0.000    8.989    1.458    0    0  (Gen:  0)
   521808      4312   3623408  0.000  0.000    8.990    1.458    0    0  (Gen:  0)
   521640      4072   3623216  0.000  0.000    8.990    1.458    0    0  (Gen:  0)
   521744      4032   3623264  0.000  0.000    8.991    1.458    0    0  (Gen:  0)
   521848      4224   3623472  0.000  0.000    8.991    1.458    0    0  (Gen:  0)
   521768      4120   3623416  0.000  0.000    8.992    1.458    0    0  (Gen:  0)
   521584      6112   3625424  0.000  0.000    8.992    1.459    0    0  (Gen:  0)
   521712      5928   3625304  0.000  0.000    8.993    1.459    0    0  (Gen:  0)
   521432      3888   3625184  0.000  0.000    8.993    1.459    0    0  (Gen:  0)
   521536      4136   3625464  0.000  0.000    8.994    1.459    0    0  (Gen:  0)
   521584      4160   3625520  0.000  0.000    8.995    1.459    0    0  (Gen:  0)
   521544      4088   3625464  0.000  0.000    8.995    1.459    0    0  (Gen:  0)
   521520      4384   3625776  0.000  0.000    8.996    1.459    0    0  (Gen:  0)
   521728      4232   3625688  0.000  0.000    8.996    1.459    0    0  (Gen:  0)
   521872      4168   3625712  0.000  0.000    8.997    1.459    0    0  (Gen:  0)
   521728      4024   3625600  0.000  0.000    8.997    1.460    0    0  (Gen:  0)
   521720      4168   3625832  0.000  0.000    8.998    1.460    0    0  (Gen:  0)
   521552      6544   3628240  0.000  0.000    8.998    1.460    0    0  (Gen:  0)
   521576      6688   3628448  0.000  0.000    8.999    1.460    0    0  (Gen:  0)
   521528      4048   3628320  0.000  0.000    9.000    1.460    0    0  (Gen:  0)
   521520      4104   3628392  0.000  0.000    9.000    1.460    0    0  (Gen:  0)
   521504      4192   3628528  0.000  0.000    9.001    1.460    0    0  (Gen:  0)
   521584      4960   3629312  0.000  0.000    9.001    1.460    0    0  (Gen:  0)
   521656      4040   3628664  0.000  0.000    9.002    1.461    0    0  (Gen:  0)
   521712      3984   3628768  0.000  0.000    9.002    1.461    0    0  (Gen:  0)
   521368      4288   3629104  0.000  0.000    9.003    1.461    0    0  (Gen:  0)
   521744      3904   3628976  0.000  0.000    9.004    1.461    0    0  (Gen:  0)
   521576      4464   3629624  0.000  0.000    9.004    1.461    0    0  (Gen:  0)
   521560      7848   3633424  0.000  0.000    9.005    1.461    0    0  (Gen:  0)
   521824      6024   3633424  0.000  0.000    9.005    1.461    0    0  (Gen:  0)
   521728      3992   3633312  0.000  0.000    9.006    1.461    0    0  (Gen:  0)
   521304      4136   3633472  0.000  0.000    9.006    1.462    0    0  (Gen:  0)
   521248      3872   3633256  0.000  0.000    9.007    1.462    0    0  (Gen:  0)
   521808      6000   3635400  0.000  0.000    9.008    1.462    0    0  (Gen:  0)
   521896      4064   3635144  0.000  0.000    9.008    1.462    0    0  (Gen:  0)
   521688      4112   3635352  0.000  0.000    9.009    1.462    0    0  (Gen:  0)
   521864      4184   3635456  0.000  0.000    9.009    1.462    0    0  (Gen:  0)
   521224      4072   3635376  0.000  0.000    9.010    1.462    0    0  (Gen:  0)
   521336      3904   3635224  0.000  0.000    9.010    1.462    0    0  (Gen:  0)
   521800      6576   3637912  0.000  0.000    9.011    1.462    0    0  (Gen:  0)
   521472      6464   3637880  0.000  0.000    9.011    1.463    0    0  (Gen:  0)
   521648      5744   3639464  0.000  0.000    9.012    1.463    0    0  (Gen:  0)
   521624      4008   3639336  0.000  0.000    9.013    1.463    0    0  (Gen:  0)
   521832      4192   3639608  0.000  0.000    9.013    1.463    0    0  (Gen:  0)
   521576      4232   3639680  0.000  0.000    9.014    1.463    0    0  (Gen:  0)
   521752      4224   3639720  0.000  0.000    9.014    1.463    0    0  (Gen:  0)
   521576      3992   3639576  0.000  0.000    9.015    1.463    0    0  (Gen:  0)
   521944      4168   3639768  0.000  0.000    9.015    1.463    0    0  (Gen:  0)
   521696      4136   3639784  0.000  0.000    9.016    1.464    0    0  (Gen:  0)
   521584      6192   3641856  0.000  0.000    9.016    1.464    0    0  (Gen:  0)
   521648      6128   3641856  0.000  0.000    9.017    1.464    0    0  (Gen:  0)
   521760      3984   3641840  0.000  0.000    9.018    1.464    0    0  (Gen:  0)
   521488      4208   3642096  0.000  0.000    9.018    1.464    0    0  (Gen:  0)
   521624      4088   3642008  0.000  0.000    9.019    1.464    0    0  (Gen:  0)
   521592      4016   3641952  0.000  0.000    9.019    1.464    0    0  (Gen:  0)
   521712      6192   3644144  0.000  0.000    9.020    1.464    0    0  (Gen:  0)
   521232      4152   3643936  0.000  0.000    9.020    1.464    0    0  (Gen:  0)
   521576      4160   3644032  0.000  0.000    9.021    1.465    0    0  (Gen:  0)
   521576      4088   3643992  0.000  0.000    9.021    1.465    0    0  (Gen:  0)
   521776      4152   3644144  0.000  0.000    9.022    1.465    0    0  (Gen:  0)
   521696      6432   3646456  0.000  0.000    9.023    1.465    0    0  (Gen:  0)
   521584      6296   3646384  0.000  0.000    9.023    1.465    0    0  (Gen:  0)
   521520      3896   3646400  0.000  0.000    9.024    1.465    0    0  (Gen:  0)
   521616      4152   3646688  0.000  0.000    9.024    1.465    0    0  (Gen:  0)
   521544      4064   3646632  0.000  0.000    9.025    1.465    0    0  (Gen:  0)
   521560      3976   3646560  0.000  0.000    9.025    1.466    0    0  (Gen:  0)
   521704      4376   3646976  0.000  0.000    9.026    1.466    0    0  (Gen:  0)
   521704      4096   3646984  0.000  0.000    9.026    1.466    0    0  (Gen:  0)
   521352      4360   3647336  0.000  0.000    9.027    1.466    0    0  (Gen:  0)
   521736      4080   3647312  0.000  0.000    9.028    1.466    0    0  (Gen:  0)
   521544      4376   3647696  0.000  0.000    9.028    1.466    0    0  (Gen:  0)
   521440      7824   3651560  0.000  0.000    9.029    1.466    0    0  (Gen:  0)
   521824      6184   3651424  0.000  0.000    9.029    1.466    0    0  (Gen:  0)
   521720      4048   3651472  0.000  0.000    9.030    1.467    0    0  (Gen:  0)
   521528      4152   3651592  0.000  0.000    9.030    1.467    0    0  (Gen:  0)
   521376      4088   3651576  0.000  0.000    9.031    1.467    0    0  (Gen:  0)
   521768      6280   3653784  0.000  0.000    9.032    1.467    0    0  (Gen:  0)
   521568      4136   3653616  0.000  0.000    9.032    1.467    0    0  (Gen:  0)
   521520      4176   3653816  0.000  0.000    9.033    1.467    0    0  (Gen:  0)
   521696      4208   3653880  0.000  0.000    9.033    1.467    0    0  (Gen:  0)
   521888      3912   3653616  0.000  0.000    9.034    1.467    0    0  (Gen:  0)
   521568      3848   3653568  0.000  0.000    9.034    1.467    0    0  (Gen:  0)
   521552      6504   3656240  0.000  0.000    9.035    1.468    0    0  (Gen:  0)
   521472      6416   3656232  0.000  0.000    9.035    1.468    0    0  (Gen:  0)
   521680      4184   3656336  0.000  0.000    9.036    1.468    0    0  (Gen:  0)
   521408      4064   3656248  0.000  0.000    9.037    1.468    0    0  (Gen:  0)
   521632      4136   3656408  0.000  0.000    9.037    1.468    0    0  (Gen:  0)
   521560      6344   3658648  0.000  0.000    9.038    1.468    0    0  (Gen:  0)
   521592      4128   3658544  0.000  0.000    9.038    1.468    0    0  (Gen:  0)
   521384      4048   3658552  0.000  0.000    9.039    1.468    0    0  (Gen:  0)
   521600      4200   3658720  0.000  0.000    9.039    1.469    0    0  (Gen:  0)
   521776      4120   3658688  0.000  0.000    9.040    1.469    0    0  (Gen:  0)
   521584      6680   3661264  0.000  0.000    9.041    1.469    0    0  (Gen:  0)
   521616      6512   3661160  0.000  0.000    9.041    1.469    0    0  (Gen:  0)
   521664      4096   3661312  0.000  0.000    9.042    1.469    0    0  (Gen:  0)
   521328      4232   3661480  0.000  0.000    9.042    1.469    0    0  (Gen:  0)
   521272      4232   3661512  0.000  0.000    9.043    1.469    0    0  (Gen:  0)
   521464      4136   3661432  0.000  0.000    9.043    1.469    0    0  (Gen:  0)
   521664      4344   3661656  0.000  0.000    9.044    1.469    0    0  (Gen:  0)
   521808      4096   3661696  0.000  0.000    9.044    1.470    0    0  (Gen:  0)
   521728      3896   3661584  0.000  0.000    9.045    1.470    0    0  (Gen:  0)
   521432      4232   3661936  0.000  0.000    9.045    1.470    0    0  (Gen:  0)
   521584      4232   3662208  0.000  0.000    9.046    1.470    0    0  (Gen:  0)
   521384      7568   3665784  0.000  0.000    9.047    1.470    0    0  (Gen:  0)
   521680      5720   3665760  0.000  0.000    9.047    1.470    0    0  (Gen:  0)
   521856      4192   3665960  0.000  0.000    9.048    1.470    0    0  (Gen:  0)
   521360      3888   3665688  0.000  0.000    9.048    1.470    0    0  (Gen:  0)
   521664      4080   3665912  0.000  0.000    9.049    1.471    0    0  (Gen:  0)
   521568      3936   3665784  0.000  0.000    9.049    1.471    0    0  (Gen:  0)
   521912      4144   3666008  0.000  0.000    9.050    1.471    0    0  (Gen:  0)
   521536      4208   3666136  0.000  0.000    9.051    1.471    0    0  (Gen:  0)
   522040      4264   3666280  0.000  0.000    9.051    1.471    0    0  (Gen:  0)
   521544      3944   3665992  0.000  0.000    9.052    1.471    0    0  (Gen:  0)
   521912      4112   3666248  0.000  0.000    9.052    1.471    0    0  (Gen:  0)
   521552      6096   3668264  0.000  0.000    9.053    1.471    0    0  (Gen:  0)
   521600      5952   3668184  0.000  0.000    9.053    1.472    0    0  (Gen:  0)
   521424      4008   3668088  0.000  0.000    9.054    1.472    0    0  (Gen:  0)
   521544      4152   3668248  0.000  0.000    9.055    1.472    0    0  (Gen:  0)
   521608      4008   3668152  0.000  0.000    9.055    1.472    0    0  (Gen:  0)
   521552      4264   3668424  0.000  0.000    9.056    1.472    0    0  (Gen:  0)
   521696      4088   3668296  0.000  0.000    9.056    1.472    0    0  (Gen:  0)
   521568      4152   3668520  0.000  0.000    9.057    1.472    0    0  (Gen:  0)
   521920      4224   3668624  0.000  0.000    9.057    1.472    0    0  (Gen:  0)
   521728      4232   3668664  0.000  0.000    9.058    1.472    0    0  (Gen:  0)
   521680      3976   3668424  0.000  0.000    9.058    1.473    0    0  (Gen:  0)
   521464      6592   3671056  0.000  0.000    9.059    1.473    0    0  (Gen:  0)
   521504      6592   3671136  0.000  0.000    9.060    1.473    0    0  (Gen:  0)
   521632      4320   3671376  0.000  0.000    9.060    1.473    0    0  (Gen:  0)
   521480      4192   3671280  0.000  0.000    9.061    1.473    0    0  (Gen:  0)
   521544      4152   3671328  0.000  0.000    9.061    1.473    0    0  (Gen:  0)
   521728      4480   3671688  0.000  0.000    9.062    1.473    0    0  (Gen:  0)
   521616      4360   3671840  0.000  0.000    9.062    1.473    0    0  (Gen:  0)
   521480      4176   3671744  0.000  0.000    9.063    1.474    0    0  (Gen:  0)
   521568      4504   3672088  0.000  0.000    9.063    1.474    0    0  (Gen:  0)
   521760      4400   3672256  0.000  0.000    9.064    1.474    0    0  (Gen:  0)
   521496      5312   3673400  0.000  0.000    9.064    1.474    0    0  (Gen:  0)
   521720      6544   3676072  0.000  0.000    9.065    1.474    0    0  (Gen:  0)
   521752      5944   3676056  0.000  0.000    9.066    1.474    0    0  (Gen:  0)
   521584      4208   3676240  0.000  0.000    9.066    1.474    0    0  (Gen:  0)
   521280      3936   3676000  0.000  0.000    9.067    1.474    0    0  (Gen:  0)
   521440      3920   3676072  0.000  0.000    9.067    1.475    0    0  (Gen:  0)
   521872      5888   3678072  0.000  0.000    9.068    1.475    0    0  (Gen:  0)
   521776      4048   3677912  0.000  0.000    9.068    1.475    0    0  (Gen:  0)
   521648      3960   3677912  0.000  0.000    9.069    1.475    0    0  (Gen:  0)
   521696      4088   3678056  0.000  0.000    9.070    1.475    0    0  (Gen:  0)
   521240      3992   3678008  0.000  0.000    9.070    1.475    0    0  (Gen:  0)
   521680      6560   3680592  0.000  0.000    9.071    1.475    0    0  (Gen:  0)
   521616      6424   3680520  0.000  0.000    9.071    1.475    0    0  (Gen:  0)
   521416      4480   3680968  0.000  0.000    9.072    1.475    0    0  (Gen:  0)
   521712      5680   3682584  0.000  0.000    9.072    1.476    0    0  (Gen:  0)
   521744      4104   3682456  0.000  0.000    9.073    1.476    0    0  (Gen:  0)
   521728      4064   3682432  0.000  0.000    9.073    1.476    0    0  (Gen:  0)
   521624      4312   3682696  0.000  0.000    9.074    1.476    0    0  (Gen:  0)
   521608      3856   3682304  0.000  0.000    9.075    1.476    0    0  (Gen:  0)
   521968      4168   3682704  0.000  0.000    9.075    1.476    0    0  (Gen:  0)
   521624      4008   3682576  0.000  0.000    9.076    1.476    0    0  (Gen:  0)
   521832      4192   3682848  0.000  0.000    9.076    1.476    0    0  (Gen:  0)
   521304      6176   3684864  0.000  0.000    9.077    1.477    0    0  (Gen:  0)
   521936      6072   3684824  0.000  0.000    9.077    1.477    0    0  (Gen:  0)
   521648      3960   3684768  0.000  0.000    9.078    1.477    0    0  (Gen:  0)
   521488      4296   3685120  0.000  0.000    9.079    1.477    0    0  (Gen:  0)
   521448      4120   3684992  0.000  0.000    9.079    1.477    0    0  (Gen:  0)
   521816      5856   3686744  0.000  0.000    9.080    1.477    0    0  (Gen:  0)
   521480      4048   3686752  0.000  0.000    9.080    1.477    0    0  (Gen:  0)
   521344      4096   3686960  0.000  0.000    9.081    1.477    0    0  (Gen:  0)
   521552      4280   3687176  0.000  0.000    9.081    1.477    0    0  (Gen:  0)
   521800      4120   3687048  0.000  0.000    9.082    1.478    0    0  (Gen:  0)
   521744      3976   3686920  0.000  0.000    9.083    1.478    0    0  (Gen:  0)
   521552      6480   3689440  0.000  0.000    9.083    1.478    0    0  (Gen:  0)
   521608      6480   3689520  0.000  0.000    9.084    1.478    0    0  (Gen:  0)
   521568      4336   3689720  0.000  0.000    9.084    1.478    0    0  (Gen:  0)
   521544      4248   3689664  0.000  0.000    9.085    1.478    0    0  (Gen:  0)
   521528      4280   3689784  0.000  0.000    9.085    1.478    0    0  (Gen:  0)
   521736      4368   3689904  0.000  0.000    9.086    1.478    0    0  (Gen:  0)
   521584      4080   3689888  0.000  0.000    9.086    1.479    0    0  (Gen:  0)
   521504      4008   3689976  0.000  0.000    9.087    1.479    0    0  (Gen:  0)
   521592      4336   3690336  0.000  0.000    9.088    1.479    0    0  (Gen:  0)
   521736      4272   3690528  0.000  0.000    9.088    1.479    0    0  (Gen:  0)
   521448      4944   3691440  0.000  0.000    9.089    1.479    0    0  (Gen:  0)
   521544      7168   3694544  0.000  0.000    9.089    1.479    0    0  (Gen:  0)
   521864      6320   3694576  0.000  0.000    9.090    1.479    0    0  (Gen:  0)
   521552      4352   3694792  0.000  0.000    9.090    1.479    0    0  (Gen:  0)
   521640      3760   3694232  0.000  0.000    9.091    1.480    0    0  (Gen:  0)
   521392      4080   3694640  0.000  0.000    9.092    1.480    0    0  (Gen:  0)
   521672      6160   3696752  0.000  0.000    9.092    1.480    0    0  (Gen:  0)
   521440      4176   3696744  0.000  0.000    9.093    1.480    0    0  (Gen:  0)
   521728      4104   3696760  0.000  0.000    9.093    1.480    0    0  (Gen:  0)
   521736      4152   3696824  0.000  0.000    9.094    1.480    0    0  (Gen:  0)
   521768      4104   3696824  0.000  0.000    9.094    1.480    0    0  (Gen:  0)
   521608      6600   3699336  0.000  0.000    9.095    1.480    0    0  (Gen:  0)
   521568      6608   3699408  0.000  0.000    9.096    1.480    0    0  (Gen:  0)
   521512      3952   3699160  0.000  0.000    9.096    1.481    0    0  (Gen:  0)
   521480      4024   3699264  0.000  0.000    9.097    1.481    0    0  (Gen:  0)
   521576      4136   3699408  0.000  0.000    9.097    1.481    0    0  (Gen:  0)
   521560      3952   3699240  0.000  0.000    9.098    1.481    0    0  (Gen:  0)
   521680      6320   3701624  0.000  0.000    9.098    1.481    0    0  (Gen:  0)
   521360      4192   3701624  0.000  0.000    9.099    1.481    0    0  (Gen:  0)
   521600      4240   3701760  0.000  0.000    9.099    1.481    0    0  (Gen:  0)
   521632      4016   3701568  0.000  0.000    9.100    1.481    0    0  (Gen:  0)
   521776      4168   3701808  0.000  0.000    9.100    1.482    0    0  (Gen:  0)
   521496      6704   3704376  0.000  0.000    9.101    1.482    0    0  (Gen:  0)
   521656      6728   3704464  0.000  0.000    9.102    1.482    0    0  (Gen:  0)
   521480      3904   3704136  0.000  0.000    9.102    1.482    0    0  (Gen:  0)
   521400      4264   3704512  0.000  0.000    9.103    1.482    0    0  (Gen:  0)
   521240      4088   3704384  0.000  0.000    9.103    1.482    0    0  (Gen:  0)
   521624      4632   3704944  0.000  0.000    9.104    1.482    0    0  (Gen:  0)
   521688      4208   3704792  0.000  0.000    9.104    1.482    0    0  (Gen:  0)
   521752      4192   3704936  0.000  0.000    9.105    1.483    0    0  (Gen:  0)
   521592      4400   3705176  0.000  0.000    9.106    1.483    0    0  (Gen:  0)
   521552      4440   3705472  0.000  0.000    9.106    1.483    0    0  (Gen:  0)
   521576      4368   3705640  0.000  0.000    9.107    1.483    0    0  (Gen:  0)
   521448      7224   3708896  0.000  0.000    9.107    1.483    0    0  (Gen:  0)
   521808      5832   3709024  0.000  0.000    9.108    1.483    0    0  (Gen:  0)
   521704      3912   3708760  0.000  0.000    9.108    1.483    0    0  (Gen:  0)
   521432      4072   3708936  0.000  0.000    9.109    1.483    0    0  (Gen:  0)
   521536      4096   3709008  0.000  0.000    9.110    1.483    0    0  (Gen:  0)
   521688      4352   3709280  0.000  0.000    9.110    1.484    0    0  (Gen:  0)
   521856      4136   3709112  0.000  0.000    9.111    1.484    0    0  (Gen:  0)
   521560      4032   3709168  0.000  0.000    9.111    1.484    0    0  (Gen:  0)
   521904      4096   3709264  0.000  0.000    9.112    1.484    0    0  (Gen:  0)
   521832      3992   3709192  0.000  0.000    9.112    1.484    0    0  (Gen:  0)
   521552      3968   3709184  0.000  0.000    9.113    1.484    0    0  (Gen:  0)
   521744      6088   3711320  0.000  0.000    9.113    1.484    0    0  (Gen:  0)
   521408      5984   3711296  0.000  0.000    9.114    1.484    0    0  (Gen:  0)
   521592      4208   3711368  0.000  0.000    9.115    1.485    0    0  (Gen:  0)
   521544      4120   3711312  0.000  0.000    9.115    1.485    0    0  (Gen:  0)
   521584      4192   3711472  0.000  0.000    9.116    1.485    0    0  (Gen:  0)
   521520      4112   3711424  0.000  0.000    9.116    1.485    0    0  (Gen:  0)
   521704      4104   3711464  0.000  0.000    9.117    1.485    0    0  (Gen:  0)
   521664      4008   3711456  0.000  0.000    9.117    1.485    0    0  (Gen:  0)
   521912      3992   3711456  0.000  0.000    9.118    1.485    0    0  (Gen:  0)
   521760      4056   3711568  0.000  0.000    9.118    1.485    0    0  (Gen:  0)
   521552      6776   3714304  0.000  0.000    9.119    1.486    0    0  (Gen:  0)
   521544      6656   3714248  0.000  0.000    9.120    1.486    0    0  (Gen:  0)
   521448      4112   3714288  0.000  0.000    9.120    1.486    0    0  (Gen:  0)
   521608      4192   3714400  0.000  0.000    9.121    1.486    0    0  (Gen:  0)
   521592      4056   3714296  0.000  0.000    9.121    1.486    0    0  (Gen:  0)
   521384      4048   3714304  0.000  0.000    9.122    1.486    0    0  (Gen:  0)
   521736      4592   3714864  0.000  0.000    9.122    1.486    0    0  (Gen:  0)
   521776      4112   3714672  0.000  0.000    9.123    1.486    0    0  (Gen:  0)
   521264      4384   3715032  0.000  0.000    9.123    1.486    0    0  (Gen:  0)
   521792      4160   3715064  0.000  0.000    9.124    1.487    0    0  (Gen:  0)
   521704      4520   3715512  0.000  0.000    9.125    1.487    0    0  (Gen:  0)
   521464      7992   3719400  0.000  0.000    9.125    1.487    0    0  (Gen:  0)
   521768      6192   3719424  0.000  0.000    9.126    1.487    0    0  (Gen:  0)
   521752      3728   3718880  0.000  0.000    9.126    1.487    0    0  (Gen:  0)
   521496      4072   3719240  0.000  0.000    9.127    1.487    0    0  (Gen:  0)
   521176      4080   3719296  0.000  0.000    9.127    1.487    0    0  (Gen:  0)
   521600      3904   3719136  0.000  0.000    9.128    1.487    0    0  (Gen:  0)
   521904      5944   3721192  0.000  0.000    9.129    1.488    0    0  (Gen:  0)
   521760      4104   3721048  0.000  0.000    9.129    1.488    0    0  (Gen:  0)
   521872      4168   3721200  0.000  0.000    9.130    1.488    0    0  (Gen:  0)
   521304      3968   3721032  0.000  0.000    9.130    1.488    0    0  (Gen:  0)
   521408      4136   3721288  0.000  0.000    9.131    1.488    0    0  (Gen:  0)
   521672      6368   3723552  0.000  0.000    9.131    1.488    0    0  (Gen:  0)
   521568      6352   3723600  0.000  0.000    9.132    1.488    0    0  (Gen:  0)
   521392      4568   3724120  0.000  0.000    9.133    1.488    0    0  (Gen:  0)
   521792      5296   3725408  0.000  0.000    9.133    1.489    0    0  (Gen:  0)
   521792      4080   3725336  0.000  0.000    9.134    1.489    0    0  (Gen:  0)
   521608      4104   3725376  0.000  0.000    9.134    1.489    0    0  (Gen:  0)
   521680      4120   3725440  0.000  0.000    9.135    1.489    0    0  (Gen:  0)
   521608      4112   3725592  0.000  0.000    9.135    1.489    0    0  (Gen:  0)
   521928      4264   3725776  0.000  0.000    9.136    1.489    0    0  (Gen:  0)
   521744      4104   3725648  0.000  0.000    9.137    1.489    0    0  (Gen:  0)
   521600      4120   3725680  0.000  0.000    9.137    1.489    0    0  (Gen:  0)
   521536      6256   3727832  0.000  0.000    9.138    1.489    0    0  (Gen:  0)
   521792      6104   3727760  0.000  0.000    9.138    1.490    0    0  (Gen:  0)
   521720      4224   3727936  0.000  0.000    9.139    1.490    0    0  (Gen:  0)
   521544      4136   3727880  0.000  0.000    9.139    1.490    0    0  (Gen:  0)
   521480      4112   3727944  0.000  0.000    9.140    1.490    0    0  (Gen:  0)
   521800      6048   3729912  0.000  0.000    9.141    1.490    0    0  (Gen:  0)
   521208      4280   3729960  0.000  0.000    9.141    1.490    0    0  (Gen:  0)
   521552      3952   3729720  0.000  0.000    9.142    1.490    0    0  (Gen:  0)
   521504      4296   3730080  0.000  0.000    9.142    1.490    0    0  (Gen:  0)
   521784      4136   3729968  0.000  0.000    9.143    1.491    0    0  (Gen:  0)
   521792      6640   3732488  0.000  0.000    9.143    1.491    0    0  (Gen:  0)
   521544      6520   3732432  0.000  0.000    9.144    1.491    0    0  (Gen:  0)
   521480      4048   3732376  0.000  0.000    9.145    1.491    0    0  (Gen:  0)
   521544      4264   3732624  0.000  0.000    9.145    1.491    0    0  (Gen:  0)
   521696      4128   3732520  0.000  0.000    9.146    1.491    0    0  (Gen:  0)
   521448      4104   3732512  0.000  0.000    9.146    1.491    0    0  (Gen:  0)
   521672      4504   3732928  0.000  0.000    9.147    1.491    0    0  (Gen:  0)
   521824      4216   3732928  0.000  0.000    9.147    1.492    0    0  (Gen:  0)
   521248      4600   3733400  0.000  0.000    9.148    1.492    0    0  (Gen:  0)
   521752      4232   3733288  0.000  0.000    9.148    1.492    0    0  (Gen:  0)
   521760      4384   3733528  0.000  0.000    9.149    1.492    0    0  (Gen:  0)
   521304      7808   3737368  0.000  0.000    9.150    1.492    0    0  (Gen:  0)
   521784      6192   3737256  0.000  0.000    9.150    1.492    0    0  (Gen:  0)
   521752      4080   3737400  0.001  0.000    9.151    1.492    0    0  (Gen:  0)
   521488      4008   3737360  0.001  0.000    9.152    1.492    0    0  (Gen:  0)
   521584      4024   3737408  0.001  0.000    9.154    1.493    0    0  (Gen:  0)
   521528      4024   3737424  0.001  0.000    9.155    1.493    0    0  (Gen:  0)
   521664      6256   3739672  0.001  0.000    9.156    1.493    0    0  (Gen:  0)
   521440      3832   3739240  0.001  0.000    9.157    1.493    0    0  (Gen:  0)
   521688      4208   3739704  0.001  0.000    9.158    1.493    0    0  (Gen:  0)
   521872      3968   3739496  0.001  0.000    9.159    1.494    0    0  (Gen:  0)
   521688      4120   3739736  0.000  0.000    9.160    1.494    0    0  (Gen:  0)
   521496      6408   3742056  0.000  0.000    9.160    1.494    0    0  (Gen:  0)
   521488      6496   3742208  0.000  0.000    9.161    1.494    0    0  (Gen:  0)
   521672      4048   3742096  0.000  0.000    9.161    1.494    0    0  (Gen:  0)
   521480      4128   3742192  0.000  0.000    9.162    1.494    0    0  (Gen:  0)
   521536      4152   3742264  0.000  0.000    9.163    1.494    0    0  (Gen:  0)
   521576      6336   3744464  0.000  0.000    9.163    1.494    0    0  (Gen:  0)
   521664      3976   3744216  0.000  0.000    9.164    1.495    0    0  (Gen:  0)
   521440      4080   3744480  0.000  0.000    9.164    1.495    0    0  (Gen:  0)
   521400      4152   3744584  0.000  0.000    9.165    1.495    0    0  (Gen:  0)
   521912      4048   3744512  0.000  0.000    9.165    1.495    0    0  (Gen:  0)
   521632      4048   3744528  0.000  0.000    9.166    1.495    0    0  (Gen:  0)
   521464      6704   3747200  0.000  0.000    9.166    1.495    0    0  (Gen:  0)
   521768      6616   3747192  0.000  0.000    9.167    1.495    0    0  (Gen:  0)
   521216      4320   3747392  0.000  0.000    9.168    1.495    0    0  (Gen:  0)
   521376      4144   3747248  0.000  0.000    9.169    1.496    0    0  (Gen:  0)
   521352      3992   3747184  0.000  0.000    9.169    1.496    0    0  (Gen:  0)
   521704      4520   3747744  0.000  0.000    9.170    1.496    0    0  (Gen:  0)
   521768      4248   3747744  0.000  0.000    9.170    1.496    0    0  (Gen:  0)
   521784      4048   3747632  0.000  0.000    9.171    1.496    0    0  (Gen:  0)
   521456      4376   3747976  0.000  0.000    9.172    1.496    0    0  (Gen:  0)
   521528      4304   3748176  0.000  0.000    9.172    1.496    0    0  (Gen:  0)
   521560      7952   3752064  0.000  0.000    9.173    1.496    0    0  (Gen:  0)
   521568      5440   3751376  0.000  0.000    9.173    1.497    0    0  (Gen:  0)
   521792      3968   3751632  0.000  0.000    9.174    1.497    0    0  (Gen:  0)
   521568      4136   3751832  0.000  0.000    9.174    1.497    0    0  (Gen:  0)
   521576      3936   3751664  0.000  0.000    9.175    1.497    0    0  (Gen:  0)
   521584      3936   3751752  0.000  0.000    9.176    1.497    0    0  (Gen:  0)
   521736      4296   3752144  0.000  0.000    9.176    1.497    0    0  (Gen:  0)
   521664      4096   3751992  0.000  0.000    9.177    1.497    0    0  (Gen:  0)
   521792      3936   3751920  0.000  0.000    9.177    1.497    0    0  (Gen:  0)
   521808      4184   3752184  0.000  0.000    9.178    1.497    0    0  (Gen:  0)
   521784      4104   3752152  0.000  0.000    9.178    1.498    0    0  (Gen:  0)
   521632      6016   3754080  0.000  0.000    9.179    1.498    0    0  (Gen:  0)
   521688      5928   3754056  0.000  0.000    9.179    1.498    0    0  (Gen:  0)
   521368      4008   3754056  0.000  0.000    9.180    1.498    0    0  (Gen:  0)
   521440      4048   3754128  0.000  0.000    9.181    1.498    0    0  (Gen:  0)
   521704      4232   3754344  0.000  0.000    9.181    1.498    0    0  (Gen:  0)
   521544      4008   3754136  0.000  0.000    9.182    1.498    0    0  (Gen:  0)
   521640      4328   3754472  0.000  0.000    9.182    1.498    0    0  (Gen:  0)
   521616      4192   3754400  0.000  0.000    9.183    1.499    0    0  (Gen:  0)
   521952      4280   3754576  0.000  0.000    9.183    1.499    0    0  (Gen:  0)
   521568      4016   3754344  0.000  0.000    9.184    1.499    0    0  (Gen:  0)
   521864      4136   3754552  0.000  0.000    9.184    1.499    0    0  (Gen:  0)
   521472      6624   3757072  0.000  0.000    9.185    1.499    0    0  (Gen:  0)
   521568      6656   3757168  0.000  0.000    9.186    1.499    0    0  (Gen:  0)
   521528      4104   3757128  0.000  0.000    9.186    1.499    0    0  (Gen:  0)
   521600      4168   3757208  0.000  0.000    9.187    1.499    0    0  (Gen:  0)
   521360      4120   3757208  0.000  0.000    9.187    1.499    0    0  (Gen:  0)
   521736      4400   3757504  0.000  0.000    9.188    1.500    0    0  (Gen:  0)
   521616      4104   3757480  0.000  0.000    9.188    1.500    0    0  (Gen:  0)
   521600      4136   3757672  0.000  0.000    9.189    1.500    0    0  (Gen:  0)
   521368      4384   3757952  0.000  0.000    9.189    1.500    0    0  (Gen:  0)
   521800      4336   3758160  0.000  0.000    9.190    1.500    0    0  (Gen:  0)
   521632      4432   3758496  0.000  0.000    9.190    1.500    0    0  (Gen:  0)
   521520      7680   3762144  0.000  0.000    9.191    1.500    0    0  (Gen:  0)
   521736      6056   3762200  0.000  0.000    9.192    1.500    0    0  (Gen:  0)
   521736      4352   3762416  0.000  0.000    9.192    1.501    0    0  (Gen:  0)
   521376      4248   3762344  0.000  0.000    9.193    1.501    0    0  (Gen:  0)
   521336      4152   3762336  0.000  0.000    9.193    1.501    0    0  (Gen:  0)
   521816      5864   3764080  0.000  0.000    9.194    1.501    0    0  (Gen:  0)
   521816      3984   3763880  0.000  0.000    9.195    1.501    0    0  (Gen:  0)
   521672      4080   3764136  0.000  0.000    9.195    1.501    0    0  (Gen:  0)
   521808      4008   3764096  0.000  0.000    9.196    1.501    0    0  (Gen:  0)
   521184      4024   3764144  0.000  0.000    9.196    1.501    0    0  (Gen:  0)
   521400      3992   3764128  0.000  0.000    9.197    1.502    0    0  (Gen:  0)
   521896      6448   3766600  0.000  0.000    9.197    1.502    0    0  (Gen:  0)
   521376      6328   3766560  0.000  0.000    9.198    1.502    0    0  (Gen:  0)
   521648      5640   3768176  0.000  0.000    9.199    1.502    0    0  (Gen:  0)
   521648      4032   3768176  0.000  0.000    9.199    1.502    0    0  (Gen:  0)
   521856      3776   3768008  0.000  0.000    9.200    1.502    0    0  (Gen:  0)
   521584      4296   3768560  0.000  0.000    9.200    1.502    0    0  (Gen:  0)
   521640      4064   3768376  0.000  0.000    9.201    1.502    0    0  (Gen:  0)
   521760      3960   3768360  0.000  0.000    9.201    1.502    0    0  (Gen:  0)
   521848      4200   3768616  0.000  0.000    9.202    1.503    0    0  (Gen:  0)
   521792      4080   3768544  0.000  0.000    9.202    1.503    0    0  (Gen:  0)
   521480      6368   3770848  0.000  0.000    9.203    1.503    0    0  (Gen:  0)
   521744      6160   3770704  0.000  0.000    9.204    1.503    0    0  (Gen:  0)
   521680      4152   3770824  0.000  0.000    9.204    1.503    0    0  (Gen:  0)
   521464      4280   3770984  0.000  0.000    9.205    1.503    0    0  (Gen:  0)
   521560      4200   3770936  0.000  0.000    9.205    1.503    0    0  (Gen:  0)
   521680      3896   3770648  0.000  0.000    9.206    1.503    0    0  (Gen:  0)
   521648      6024   3772792  0.000  0.000    9.206    1.504    0    0  (Gen:  0)
   521288      4120   3772720  0.000  0.000    9.207    1.504    0    0  (Gen:  0)
   521584      4240   3772928  0.000  0.000    9.207    1.504    0    0  (Gen:  0)
   521576      4064   3772784  0.000  0.000    9.208    1.504    0    0  (Gen:  0)
   521792      4008   3772816  0.000  0.000    9.209    1.504    0    0  (Gen:  0)
   521704      6568   3775408  0.000  0.000    9.209    1.504    0    0  (Gen:  0)
   521576      6504   3775408  0.000  0.000    9.210    1.504    0    0  (Gen:  0)
   521528      4120   3775368  0.000  0.000    9.210    1.504    0    0  (Gen:  0)
   521576      4112   3775376  0.000  0.000    9.211    1.505    0    0  (Gen:  0)
   521568      4080   3775392  0.000  0.000    9.211    1.505    0    0  (Gen:  0)
   521672      4688   3776016  0.000  0.000    9.212    1.505    0    0  (Gen:  0)
   521600      4096   3775696  0.000  0.000    9.213    1.505    0    0  (Gen:  0)
   521632      4176   3775936  0.000  0.000    9.213    1.505    0    0  (Gen:  0)
   521320      4472   3776264  0.000  0.000    9.214    1.505    0    0  (Gen:  0)
   521800      4400   3776448  0.000  0.000    9.214    1.505    0    0  (Gen:  0)
   521624      4328   3776616  0.000  0.000    9.215    1.505    0    0  (Gen:  0)
   521432      7712   3780400  0.000  0.000    9.215    1.505    0    0  (Gen:  0)
   521720      6120   3780168  0.000  0.000    9.216    1.506    0    0  (Gen:  0)
   521752      3896   3780128  0.000  0.000    9.217    1.506    0    0  (Gen:  0)
   521560      4024   3780272  0.000  0.000    9.217    1.506    0    0  (Gen:  0)
   521368      3968   3780264  0.000  0.000    9.218    1.506    0    0  (Gen:  0)
   521712      6048   3782360  0.000  0.000    9.218    1.506    0    0  (Gen:  0)
   521640      4096   3782384  0.000  0.000    9.219    1.506    0    0  (Gen:  0)
   521528      4000   3782448  0.000  0.000    9.219    1.506    0    0  (Gen:  0)
   521736      4184   3782664  0.000  0.000    9.220    1.506    0    0  (Gen:  0)
   521744      4048   3782560  0.000  0.000    9.220    1.507    0    0  (Gen:  0)
   521720      4080   3782608  0.000  0.000    9.221    1.507    0    0  (Gen:  0)
   521576      6360   3784904  0.000  0.000    9.222    1.507    0    0  (Gen:  0)
   521424      6416   3785040  0.000  0.000    9.222    1.507    0    0  (Gen:  0)
   521608      4192   3785152  0.000  0.000    9.223    1.507    0    0  (Gen:  0)
   521496      4104   3785096  0.000  0.000    9.223    1.507    0    0  (Gen:  0)
   521592      4192   3785272  0.000  0.000    9.224    1.507    0    0  (Gen:  0)
   521520      6336   3787448  0.000  0.000    9.224    1.507    0    0  (Gen:  0)
   521560      4152   3787376  0.000  0.000    9.225    1.508    0    0  (Gen:  0)
   521480      4104   3787416  0.000  0.000    9.226    1.508    0    0  (Gen:  0)
   521576      4224   3787552  0.000  0.000    9.226    1.508    0    0  (Gen:  0)
   521760      4032   3787408  0.000  0.000    9.227    1.508    0    0  (Gen:  0)
   521568      6680   3790072  0.000  0.000    9.227    1.508    0    0  (Gen:  0)
   521640      6600   3790056  0.001  0.000    9.228    1.508    0    0  (Gen:  0)
   521552      4120   3790144  0.000  0.000    9.229    1.508    0    0  (Gen:  0)
   521416      4168   3790224  0.000  0.000    9.230    1.508    0    0  (Gen:  0)
   521208      4160   3790248  0.000  0.000    9.230    1.509    0    0  (Gen:  0)
   521576      4080   3790184  0.000  0.000    9.231    1.509    0    0  (Gen:  0)
   521680      4568   3790688  0.000  0.000    9.231    1.509    0    0  (Gen:  0)
   521664      4264   3790672  0.000  0.000    9.232    1.509    0    0  (Gen:  0)
   521792      4440   3790936  0.000  0.000    9.232    1.509    0    0  (Gen:  0)
   521504      3992   3790744  0.000  0.000    9.233    1.509    0    0  (Gen:  0)
   521488      4464   3791304  0.000  0.000    9.233    1.509    0    0  (Gen:  0)
   521464      7480   3794736  0.000  0.000    9.234    1.509    0    0  (Gen:  0)
   521736      5848   3794768  0.000  0.000    9.235    1.510    0    0  (Gen:  0)
   521792      4088   3794664  0.000  0.000    9.235    1.510    0    0  (Gen:  0)
   521424      4352   3794944  0.000  0.000    9.236    1.510    0    0  (Gen:  0)
   521488      4248   3794888  0.000  0.000    9.236    1.510    0    0  (Gen:  0)
   521680      4320   3794976  0.000  0.000    9.237    1.510    0    0  (Gen:  0)
   521880      4072   3794776  0.000  0.000    9.237    1.510    0    0  (Gen:  0)
   521608      3968   3794832  0.000  0.000    9.238    1.510    0    0  (Gen:  0)
   521896      4152   3795048  0.000  0.000    9.238    1.510    0    0  (Gen:  0)
   521728      3968   3794896  0.000  0.000    9.239    1.510    0    0  (Gen:  0)
   521792      4064   3795080  0.000  0.000    9.240    1.511    0    0  (Gen:  0)
   521592      5872   3796920  0.000  0.000    9.240    1.511    0    0  (Gen:  0)
   521544      6008   3797120  0.000  0.000    9.241    1.511    0    0  (Gen:  0)
   521528      3992   3796952  0.000  0.000    9.241    1.511    0    0  (Gen:  0)
   521472      3976   3796952  0.000  0.000    9.242    1.511    0    0  (Gen:  0)
   521552      3920   3796944  0.000  0.000    9.242    1.511    0    0  (Gen:  0)
   521592      4296   3797336  0.000  0.000    9.243    1.511    0    0  (Gen:  0)
   521712      4112   3797200  0.000  0.000    9.243    1.511    0    0  (Gen:  0)
   521568      4152   3797400  0.000  0.000    9.244    1.512    0    0  (Gen:  0)
   521920      4224   3797504  0.000  0.000    9.244    1.512    0    0  (Gen:  0)
   521784      3928   3797240  0.000  0.000    9.245    1.512    0    0  (Gen:  0)
   521640      4040   3797368  0.000  0.000    9.246    1.512    0    0  (Gen:  0)
   521536      6808   3800152  0.000  0.000    9.246    1.512    0    0  (Gen:  0)
   521368      6568   3799992  0.000  0.000    9.247    1.512    0    0  (Gen:  0)
   521640      4184   3800120  0.000  0.000    9.247    1.512    0    0  (Gen:  0)
   521664      3904   3799872  0.000  0.000    9.248    1.512    0    0  (Gen:  0)
   521440      4080   3800136  0.000  0.000    9.248    1.512    0    0  (Gen:  0)
   521592      4504   3800592  0.000  0.000    9.249    1.513    0    0  (Gen:  0)
   521752      4248   3800608  0.000  0.000    9.250    1.513    0    0  (Gen:  0)
   521392      3800   3800248  0.000  0.000    9.250    1.513    0    0  (Gen:  0)
   521632      4464   3800928  0.000  0.000    9.251    1.513    0    0  (Gen:  0)
   521720      4328   3801064  0.000  0.000    9.251    1.513    0    0  (Gen:  0)
   521464      7976   3804952  0.000  0.000    9.252    1.513    0    0  (Gen:  0)
   521752      6008   3804968  0.000  0.000    9.252    1.513    0    0  (Gen:  0)
   521760      4208   3805160  0.000  0.000    9.253    1.513    0    0  (Gen:  0)
   521608      4128   3805112  0.000  0.000    9.254    1.514    0    0  (Gen:  0)
   521240      4216   3805232  0.000  0.000    9.254    1.514    0    0  (Gen:  0)
   521496      4064   3805096  0.000  0.000    9.255    1.514    0    0  (Gen:  0)
   521856      5944   3806992  0.000  0.000    9.255    1.514    0    0  (Gen:  0)
   521768      4232   3806976  0.000  0.000    9.256    1.514    0    0  (Gen:  0)
   521760      4280   3807112  0.000  0.000    9.256    1.514    0    0  (Gen:  0)
   521568      4192   3807056  0.000  0.000    9.257    1.514    0    0  (Gen:  0)
   521312      4192   3807144  0.000  0.000    9.257    1.514    0    0  (Gen:  0)
   521600      6464   3809448  0.000  0.000    9.258    1.515    0    0  (Gen:  0)
   521560      6352   3809400  0.000  0.000    9.259    1.515    0    0  (Gen:  0)
   521400      4480   3809920  0.000  0.000    9.259    1.515    0    0  (Gen:  0)
   521824      5536   3811392  0.000  0.000    9.260    1.515    0    0  (Gen:  0)
   521784      3976   3811280  0.000  0.000    9.260    1.515    0    0  (Gen:  0)
   521728      3936   3811256  0.000  0.000    9.261    1.515    0    0  (Gen:  0)
   521592      4296   3811632  0.000  0.000    9.261    1.515    0    0  (Gen:  0)
   521584      4136   3811536  0.000  0.000    9.262    1.515    0    0  (Gen:  0)
   521928      4064   3811552  0.000  0.000    9.262    1.515    0    0  (Gen:  0)
   521648      4032   3811552  0.000  0.000    9.263    1.516    0    0  (Gen:  0)
   521856      3776   3811384  0.000  0.000    9.264    1.516    0    0  (Gen:  0)
   521432      6144   3813784  0.000  0.000    9.264    1.516    0    0  (Gen:  0)
   521832      6144   3813848  0.000  0.000    9.265    1.516    0    0  (Gen:  0)
   521528      4048   3813808  0.000  0.000    9.265    1.516    0    0  (Gen:  0)
   521664      4072   3813848  0.000  0.000    9.266    1.516    0    0  (Gen:  0)
   521480      4096   3813920  0.000  0.000    9.267    1.516    0    0  (Gen:  0)
   521760      6120   3815960  0.000  0.000    9.267    1.516    0    0  (Gen:  0)
   521320      4264   3815920  0.000  0.000    9.268    1.517    0    0  (Gen:  0)
   521424      4248   3816064  0.000  0.000    9.268    1.517    0    0  (Gen:  0)
   521560      3872   3815720  0.000  0.000    9.269    1.517    0    0  (Gen:  0)
   521832      4024   3815904  0.000  0.000    9.269    1.517    0    0  (Gen:  0)
   521728      3896   3815792  0.000  0.000    9.270    1.517    0    0  (Gen:  0)
   521520      6584   3818496  0.000  0.000    9.270    1.517    0    0  (Gen:  0)
   521640      6520   3818512  0.000  0.000    9.271    1.517    0    0  (Gen:  0)
   521584      4240   3818576  0.000  0.000    9.272    1.517    0    0  (Gen:  0)
   521552      4024   3818392  0.000  0.000    9.272    1.518    0    0  (Gen:  0)
   521552      4136   3818592  0.000  0.000    9.273    1.518    0    0  (Gen:  0)
   521664      4520   3819008  0.000  0.000    9.273    1.518    0    0  (Gen:  0)
   521616      4264   3819024  0.000  0.000    9.274    1.518    0    0  (Gen:  0)
   521416      4072   3818920  0.000  0.000    9.274    1.518    0    0  (Gen:  0)
   521632      4440   3819304  0.000  0.000    9.275    1.518    0    0  (Gen:  0)
   521744      4320   3819456  0.000  0.000    9.275    1.518    0    0  (Gen:  0)
   521480      8024   3823400  0.000  0.000    9.276    1.518    0    0  (Gen:  0)
   521584      6344   3823384  0.000  0.000    9.277    1.518    0    0  (Gen:  0)
   521760      4248   3823544  0.000  0.000    9.277    1.519    0    0  (Gen:  0)
   521568      4088   3823416  0.000  0.000    9.278    1.519    0    0  (Gen:  0)
   521688      4288   3823648  0.000  0.000    9.278    1.519    0    0  (Gen:  0)
   521376      4104   3823480  0.000  0.000    9.279    1.519    0    0  (Gen:  0)
   521616      6112   3825504  0.000  0.000    9.279    1.519    0    0  (Gen:  0)
   521512      4048   3825432  0.000  0.000    9.280    1.519    0    0  (Gen:  0)
   521744      3832   3825304  0.000  0.000    9.281    1.519    0    0  (Gen:  0)
   521760      4184   3825672  0.000  0.000    9.281    1.519    0    0  (Gen:  0)
   521744      4008   3825544  0.000  0.000    9.282    1.520    0    0  (Gen:  0)
   521544      6472   3828024  0.000  0.000    9.282    1.520    0    0  (Gen:  0)
   521640      6352   3827968  0.000  0.000    9.283    1.520    0    0  (Gen:  0)
   521536      4152   3828176  0.000  0.000    9.283    1.520    0    0  (Gen:  0)
   521352      4208   3828264  0.000  0.000    9.284    1.520    0    0  (Gen:  0)
   521608      3928   3828016  0.000  0.000    9.285    1.520    0    0  (Gen:  0)
   521624      3952   3828056  0.000  0.000    9.285    1.520    0    0  (Gen:  0)
   521592      6232   3830352  0.000  0.000    9.286    1.520    0    0  (Gen:  0)
   521392      3992   3830240  0.000  0.000    9.286    1.521    0    0  (Gen:  0)
   521568      4232   3830568  0.000  0.000    9.287    1.521    0    0  (Gen:  0)
   521784      4064   3830432  0.000  0.000    9.288    1.521    0    0  (Gen:  0)
   521696      4120   3830576  0.000  0.000    9.288    1.521    0    0  (Gen:  0)
   521416      6776   3833264  0.000  0.000    9.289    1.521    0    0  (Gen:  0)
   521744      6608   3833160  0.000  0.000    9.289    1.521    0    0  (Gen:  0)
   521392      3936   3832984  0.000  0.000    9.290    1.521    0    0  (Gen:  0)
   521416      4144   3833208  0.000  0.000    9.290    1.521    0    0  (Gen:  0)
   521232      4048   3833160  0.000  0.000    9.291    1.522    0    0  (Gen:  0)
   521720      4448   3833576  0.000  0.000    9.291    1.522    0    0  (Gen:  0)
   521648      4176   3833576  0.000  0.000    9.292    1.522    0    0  (Gen:  0)
   521776      3984   3833544  0.000  0.000    9.293    1.522    0    0  (Gen:  0)
   521592      4360   3833952  0.000  0.000    9.293    1.522    0    0  (Gen:  0)
   521592      4312   3834160  0.000  0.000    9.294    1.522    0    0  (Gen:  0)
   521552      4408   3834496  0.000  0.000    9.294    1.522    0    0  (Gen:  0)
   521432      7336   3837824  0.000  0.000    9.295    1.522    0    0  (Gen:  0)
   521696      5664   3837672  0.000  0.000    9.295    1.522    0    0  (Gen:  0)
   521824      4304   3837968  0.000  0.000    9.296    1.523    0    0  (Gen:  0)
   521320      4160   3837856  0.000  0.000    9.297    1.523    0    0  (Gen:  0)
   521680      4040   3837824  0.000  0.000    9.297    1.523    0    0  (Gen:  0)
   521728      4328   3838144  0.000  0.000    9.298    1.523    0    0  (Gen:  0)
   521792      4360   3838224  0.000  0.000    9.298    1.523    0    0  (Gen:  0)
   521616      4048   3838000  0.000  0.000    9.299    1.523    0    0  (Gen:  0)
   521864      4320   3838288  0.000  0.000    9.299    1.523    0    0  (Gen:  0)
   521720      4216   3838232  0.000  0.000    9.300    1.523    0    0  (Gen:  0)
   521640      3648   3837672  0.000  0.000    9.300    1.524    0    0  (Gen:  0)
   521736      5928   3839960  0.000  0.000    9.301    1.524    0    0  (Gen:  0)
   521384      5896   3839992  0.000  0.000    9.302    1.524    0    0  (Gen:  0)
   521616      4168   3840112  0.000  0.000    9.302    1.524    0    0  (Gen:  0)
   521544      4080   3840056  0.000  0.000    9.303    1.524    0    0  (Gen:  0)
   521528      4056   3840120  0.000  0.000    9.303    1.524    0    0  (Gen:  0)
   521616      4312   3840408  0.000  0.000    9.304    1.524    0    0  (Gen:  0)
   521576      4176   3840320  0.000  0.000    9.304    1.524    0    0  (Gen:  0)
   521824      4136   3840368  0.000  0.000    9.305    1.524    0    0  (Gen:  0)
   521808      4112   3840360  0.000  0.000    9.305    1.525    0    0  (Gen:  0)
   521792      4120   3840416  0.000  0.000    9.306    1.525    0    0  (Gen:  0)
   521544      6848   3843160  0.000  0.000    9.306    1.525    0    0  (Gen:  0)
   521544      6576   3842952  0.000  0.000    9.307    1.525    0    0  (Gen:  0)
   521504      4152   3843112  0.000  0.000    9.308    1.525    0    0  (Gen:  0)
   521528      4184   3843176  0.000  0.000    9.308    1.525    0    0  (Gen:  0)
   521560      4080   3843104  0.000  0.000    9.309    1.525    0    0  (Gen:  0)
   521480      4104   3843144  0.000  0.000    9.309    1.525    0    0  (Gen:  0)
   521712      4416   3843472  0.000  0.000    9.310    1.526    0    0  (Gen:  0)
   521744      4080   3843424  0.000  0.000    9.310    1.526    0    0  (Gen:  0)
   521304      4432   3843864  0.000  0.000    9.311    1.526    0    0  (Gen:  0)
   521728      4064   3843752  0.000  0.000    9.312    1.526    0    0  (Gen:  0)
   521704      4448   3844224  0.000  0.000    9.312    1.526    0    0  (Gen:  0)
   521536      7936   3848128  0.000  0.000    9.313    1.526    0    0  (Gen:  0)
   521776      5976   3847992  0.000  0.000    9.313    1.526    0    0  (Gen:  0)
   521704      4064   3848000  0.000  0.000    9.314    1.526    0    0  (Gen:  0)
   521424      4224   3848176  0.000  0.000    9.314    1.527    0    0  (Gen:  0)
   521296      4216   3848216  0.000  0.000    9.315    1.527    0    0  (Gen:  0)
   521584      5984   3850000  0.000  0.000    9.316    1.527    0    0  (Gen:  0)
   521896      4176   3849872  0.000  0.000    9.316    1.527    0    0  (Gen:  0)
   521728      4136   3849992  0.000  0.000    9.317    1.527    0    0  (Gen:  0)
   521880      4248   3850136  0.000  0.000    9.317    1.527    0    0  (Gen:  0)
   521256      4216   3850136  0.000  0.000    9.318    1.527    0    0  (Gen:  0)
   521392      4048   3849984  0.000  0.000    9.319    1.527    0    0  (Gen:  0)
   521752      6600   3852552  0.000  0.000    9.319    1.528    0    0  (Gen:  0)
   521528      6320   3852352  0.000  0.000    9.320    1.528    0    0  (Gen:  0)
   521440      5504   3853840  0.000  0.000    9.320    1.528    0    0  (Gen:  0)
   521760      4168   3854096  0.000  0.000    9.321    1.528    0    0  (Gen:  0)
   521792      3992   3853968  0.000  0.000    9.321    1.528    0    0  (Gen:  0)
   521616      4184   3854176  0.000  0.000    9.322    1.528    0    0  (Gen:  0)
   521712      4064   3854104  0.001  0.000    9.323    1.528    0    0  (Gen:  0)
   521672      4056   3854256  0.000  0.000    9.324    1.528    0    0  (Gen:  0)
   521848      4120   3854352  0.000  0.000    9.324    1.529    0    0  (Gen:  0)
   521784      3976   3854240  0.001  0.000    9.325    1.529    0    0  (Gen:  0)
   521576      3896   3854176  0.000  0.000    9.326    1.529    0    0  (Gen:  0)
   521576      6240   3856536  0.000  0.000    9.326    1.529    0    0  (Gen:  0)
   521720      6104   3856480  0.000  0.000    9.327    1.529    0    0  (Gen:  0)
   521664      4136   3856568  0.000  0.000    9.328    1.529    0    0  (Gen:  0)
   521592      4048   3856512  0.000  0.000    9.328    1.529    0    0  (Gen:  0)
   521536      4112   3856664  0.000  0.000    9.329    1.529    0    0  (Gen:  0)
   521776      6040   3858624  0.000  0.000    9.329    1.530    0    0  (Gen:  0)
   521224      4144   3858544  0.000  0.000    9.330    1.530    0    0  (Gen:  0)
   521496      4048   3858536  0.000  0.000    9.331    1.530    0    0  (Gen:  0)
   521544      4200   3858704  0.000  0.000    9.331    1.530    0    0  (Gen:  0)
   521832      4120   3858672  0.000  0.000    9.332    1.530    0    0  (Gen:  0)
   521704      6792   3861360  0.000  0.000    9.332    1.530    0    0  (Gen:  0)
   521552      6112   3860744  0.000  0.000    9.333    1.530    0    0  (Gen:  0)
   521592      4040   3861088  0.000  0.000    9.333    1.530    0    0  (Gen:  0)
   521552      4136   3861216  0.000  0.000    9.334    1.531    0    0  (Gen:  0)
   521592      4024   3861136  0.000  0.000    9.335    1.531    0    0  (Gen:  0)
   521512      3984   3861112  0.000  0.000    9.335    1.531    0    0  (Gen:  0)
   521600      4480   3861624  0.000  0.000    9.336    1.531    0    0  (Gen:  0)
   521816      4152   3861584  0.000  0.000    9.336    1.531    0    0  (Gen:  0)
   521280      4328   3861848  0.000  0.000    9.337    1.531    0    0  (Gen:  0)
   521784      4104   3861880  0.000  0.000    9.337    1.531    0    0  (Gen:  0)
   521640      4424   3862288  0.000  0.000    9.338    1.531    0    0  (Gen:  0)
   521384      7808   3866088  0.000  0.000    9.339    1.532    0    0  (Gen:  0)
   521816      6328   3866112  0.000  0.000    9.339    1.532    0    0  (Gen:  0)
   521712      3968   3865936  0.000  0.000    9.340    1.532    0    0  (Gen:  0)
   521600      4152   3866136  0.000  0.000    9.340    1.532    0    0  (Gen:  0)
   521448      4176   3866208  0.000  0.000    9.341    1.532    0    0  (Gen:  0)
   521552      6208   3868256  0.000  0.000    9.341    1.532    0    0  (Gen:  0)
   521664      4216   3868240  0.000  0.000    9.342    1.532    0    0  (Gen:  0)
   521424      4192   3868376  0.000  0.000    9.342    1.532    0    0  (Gen:  0)
   521768      4264   3868480  0.000  0.000    9.343    1.532    0    0  (Gen:  0)
   521824      4256   3868504  0.000  0.000    9.344    1.533    0    0  (Gen:  0)
   521680      3912   3868176  0.000  0.000    9.344    1.533    0    0  (Gen:  0)
   521464      6520   3870800  0.000  0.000    9.345    1.533    0    0  (Gen:  0)
   521520      6352   3870712  0.000  0.000    9.345    1.533    0    0  (Gen:  0)
   521728      3904   3870600  0.000  0.000    9.346    1.533    0    0  (Gen:  0)
   521400      4040   3870752  0.000  0.000    9.346    1.533    0    0  (Gen:  0)
   521536      4120   3870880  0.000  0.000    9.347    1.533    0    0  (Gen:  0)
   521608      6360   3873136  0.000  0.000    9.348    1.533    0    0  (Gen:  0)
   521648      4248   3873136  0.000  0.000    9.348    1.534    0    0  (Gen:  0)
   521360      3816   3872864  0.000  0.000    9.349    1.534    0    0  (Gen:  0)
   521592      4128   3873208  0.000  0.000    9.349    1.534    0    0  (Gen:  0)
   521800      4048   3873160  0.000  0.000    9.350    1.534    0    0  (Gen:  0)
   521672      4104   3873232  0.000  0.000    9.350    1.534    0    0  (Gen:  0)
   521472      6624   3875768  0.000  0.000    9.351    1.534    0    0  (Gen:  0)
   521752      6504   3875728  0.000  0.000    9.351    1.534    0    0  (Gen:  0)
   521208      4264   3875984  0.000  0.000    9.352    1.534    0    0  (Gen:  0)
   521320      4024   3875776  0.000  0.000    9.353    1.535    0    0  (Gen:  0)
   521408      4192   3876032  0.000  0.000    9.353    1.535    0    0  (Gen:  0)
   521680      4432   3876304  0.000  0.000    9.354    1.535    0    0  (Gen:  0)
   521792      4120   3876264  0.000  0.000    9.354    1.535    0    0  (Gen:  0)
   521720      3976   3876208  0.000  0.000    9.355    1.535    0    0  (Gen:  0)
   521496      4376   3876624  0.000  0.000    9.355    1.535    0    0  (Gen:  0)
   521536      4216   3876736  0.000  0.000    9.356    1.535    0    0  (Gen:  0)
   521560      7552   3880312  0.000  0.000    9.356    1.535    0    0  (Gen:  0)
   521552      5744   3880328  0.000  0.000    9.357    1.535    0    0  (Gen:  0)
   521728      4208   3880520  0.000  0.000    9.358    1.536    0    0  (Gen:  0)
   521560      4232   3880576  0.000  0.000    9.358    1.536    0    0  (Gen:  0)
   521616      4104   3880480  0.000  0.000    9.359    1.536    0    0  (Gen:  0)
   521592      4032   3880424  0.000  0.000    9.359    1.536    0    0  (Gen:  0)
   521736      4216   3880624  0.000  0.000    9.360    1.536    0    0  (Gen:  0)
   521720      4168   3880640  0.000  0.000    9.360    1.536    0    0  (Gen:  0)
   521832      4248   3880808  0.000  0.000    9.361    1.536    0    0  (Gen:  0)
   521776      4288   3880880  0.000  0.000    9.361    1.536    0    0  (Gen:  0)
   521728      4192   3880872  0.000  0.000    9.362    1.537    0    0  (Gen:  0)
   521672      6144   3882856  0.000  0.000    9.363    1.537    0    0  (Gen:  0)
   521688      5656   3882432  0.000  0.000    9.363    1.537    0    0  (Gen:  0)
   521352      3848   3882472  0.000  0.000    9.364    1.537    0    0  (Gen:  0)
   521464      4112   3882752  0.000  0.000    9.364    1.537    0    0  (Gen:  0)
   521688      4064   3882752  0.000  0.000    9.365    1.537    0    0  (Gen:  0)
   521568      3920   3882624  0.000  0.000    9.365    1.537    0    0  (Gen:  0)
   521576      4312   3883032  0.000  0.000    9.366    1.537    0    0  (Gen:  0)
   521656      3984   3882768  0.000  0.000    9.367    1.537    0    0  (Gen:  0)
   521864      4208   3883080  0.000  0.000    9.367    1.538    0    0  (Gen:  0)
   521672      4064   3882968  0.000  0.000    9.368    1.538    0    0  (Gen:  0)
   521856      4120   3883112  0.000  0.000    9.368    1.538    0    0  (Gen:  0)
   521392      6536   3885560  0.000  0.000    9.369    1.538    0    0  (Gen:  0)
   521584      6520   3885608  0.000  0.000    9.369    1.538    0    0  (Gen:  0)
   521584      3992   3885592  0.000  0.000    9.370    1.538    0    0  (Gen:  0)
   521520      4080   3885696  0.000  0.000    9.370    1.538    0    0  (Gen:  0)
   521392      3920   3885584  0.000  0.000    9.371    1.538    0    0  (Gen:  0)
   521752      4520   3886200  0.000  0.000    9.372    1.539    0    0  (Gen:  0)
   521600      4192   3886144  0.000  0.000    9.372    1.539    0    0  (Gen:  0)
   521576      4048   3886160  0.000  0.000    9.373    1.539    0    0  (Gen:  0)
   521560      4352   3886496  0.000  0.000    9.373    1.539    0    0  (Gen:  0)
   521608      4440   3886840  0.000  0.000    9.374    1.539    0    0  (Gen:  0)
   521616      4632   3887272  0.000  0.000    9.374    1.539    0    0  (Gen:  0)
   521600      7472   3890672  0.000  0.000    9.375    1.539    0    0  (Gen:  0)
   521840      5952   3890672  0.000  0.000    9.376    1.539    0    0  (Gen:  0)
   521616      4264   3890904  0.000  0.000    9.376    1.540    0    0  (Gen:  0)
   521336      3872   3890544  0.000  0.000    9.377    1.540    0    0  (Gen:  0)
   521336      4064   3890824  0.000  0.000    9.377    1.540    0    0  (Gen:  0)
   521864      5944   3892736  0.000  0.000    9.378    1.540    0    0  (Gen:  0)
   521888      4192   3892664  0.000  0.000    9.378    1.540    0    0  (Gen:  0)
   521592      4104   3892664  0.000  0.000    9.379    1.540    0    0  (Gen:  0)
   521760      4104   3892680  0.000  0.000    9.380    1.540    0    0  (Gen:  0)
   521320      4048   3892672  0.000  0.000    9.380    1.540    0    0  (Gen:  0)
   521392      6672   3895312  0.000  0.000    9.381    1.541    0    0  (Gen:  0)
   521768      6408   3895112  0.000  0.000    9.381    1.541    0    0  (Gen:  0)
   521408      4536   3895632  0.000  0.000    9.382    1.541    0    0  (Gen:  0)
   521672      5664   3897176  0.000  0.000    9.383    1.541    0    0  (Gen:  0)
   521728      4056   3897016  0.000  0.000    9.383    1.541    0    0  (Gen:  0)
   521792      4088   3897064  0.000  0.000    9.384    1.541    0    0  (Gen:  0)
   521544      4408   3897400  0.000  0.000    9.384    1.541    0    0  (Gen:  0)
   521712      4200   3897256  0.000  0.000    9.385    1.541    0    0  (Gen:  0)
   521752      3824   3896968  0.000  0.000    9.385    1.541    0    0  (Gen:  0)
   521800      4168   3897328  0.000  0.000    9.386    1.542    0    0  (Gen:  0)
   521792      3992   3897200  0.000  0.000    9.386    1.542    0    0  (Gen:  0)
   521480      6280   3899504  0.000  0.000    9.387    1.542    0    0  (Gen:  0)
   521696      5928   3899216  0.000  0.000    9.388    1.542    0    0  (Gen:  0)
   521760      4056   3899472  0.000  0.000    9.388    1.542    0    0  (Gen:  0)
   521496      4152   3899600  0.000  0.000    9.389    1.542    0    0  (Gen:  0)
   521528      3976   3899456  0.000  0.000    9.389    1.542    0    0  (Gen:  0)
   521728      3976   3899472  0.000  0.000    9.390    1.542    0    0  (Gen:  0)
   521528      5944   3901456  0.000  0.000    9.390    1.543    0    0  (Gen:  0)
   521240      4064   3901408  0.000  0.000    9.391    1.543    0    0  (Gen:  0)
   521584      4080   3901512  0.000  0.000    9.392    1.543    0    0  (Gen:  0)
   521760      4032   3901496  0.000  0.000    9.392    1.543    0    0  (Gen:  0)
   521824      4072   3901624  0.000  0.000    9.393    1.543    0    0  (Gen:  0)
   521504      6472   3904056  0.000  0.000    9.393    1.543    0    0  (Gen:  0)
   521616      6504   3904152  0.000  0.000    9.394    1.543    0    0  (Gen:  0)
   521600      4104   3904096  0.000  0.000    9.394    1.543    0    0  (Gen:  0)
   521624      4136   3904144  0.000  0.000    9.395    1.544    0    0  (Gen:  0)
   521392      3976   3904032  0.000  0.000    9.396    1.544    0    0  (Gen:  0)
   521720      4272   3904344  0.000  0.000    9.396    1.544    0    0  (Gen:  0)
   521640      4064   3904408  0.000  0.000    9.397    1.544    0    0  (Gen:  0)
   521584      4056   3904560  0.000  0.000    9.397    1.544    0    0  (Gen:  0)
   521496      4488   3905024  0.000  0.000    9.398    1.544    0    0  (Gen:  0)
   521672      4256   3905048  0.001  0.000    9.399    1.544    0    0  (Gen:  0)
   521632      4408   3905440  0.001  0.000    9.400    1.544    0    0  (Gen:  0)
   521408      7664   3909096  0.001  0.000    9.401    1.545    0    0  (Gen:  0)
   521800      6264   3909056  0.001  0.000    9.403    1.545    0    0  (Gen:  0)
   521704      4304   3909280  0.001  0.000    9.404    1.545    0    0  (Gen:  0)
   521480      4072   3909080  0.001  0.000    9.405    1.545    0    0  (Gen:  0)
   521536      3992   3909088  0.001  0.000    9.407    1.545    0    0  (Gen:  0)
   521568      6152   3911280  0.001  0.000    9.408    1.546    0    0  (Gen:  0)
   521648      4216   3911320  0.000  0.000    9.408    1.546    0    0  (Gen:  0)
   521584      4088   3911280  0.000  0.000    9.409    1.546    0    0  (Gen:  0)
   521712      4200   3911408  0.000  0.000    9.410    1.546    0    0  (Gen:  0)
   521784      4120   3911376  0.000  0.000    9.410    1.546    0    0  (Gen:  0)
   521640      6600   3913872  0.000  0.000    9.411    1.546    0    0  (Gen:  0)
   521584      6496   3913832  0.000  0.000    9.411    1.546    0    0  (Gen:  0)
   521472      3856   3913600  0.000  0.000    9.412    1.546    0    0  (Gen:  0)
   521576      4096   3913872  0.000  0.000    9.412    1.547    0    0  (Gen:  0)
   521560      3912   3913720  0.000  0.000    9.413    1.547    0    0  (Gen:  0)
   521592      4080   3913976  0.000  0.000    9.414    1.547    0    0  (Gen:  0)
   521488      6376   3916304  0.000  0.000    9.414    1.547    0    0  (Gen:  0)
   521544      4120   3916160  0.000  0.000    9.415    1.547    0    0  (Gen:  0)
   521544      3976   3916104  0.000  0.000    9.415    1.547    0    0  (Gen:  0)
   521584      4200   3916344  0.000  0.000    9.416    1.547    0    0  (Gen:  0)
   521728      3984   3916176  0.000  0.000    9.416    1.547    0    0  (Gen:  0)
   521600      6656   3918864  0.000  0.000    9.417    1.548    0    0  (Gen:  0)
   521552      6416   3918688  0.000  0.000    9.418    1.548    0    0  (Gen:  0)
   521576      4096   3918936  0.000  0.000    9.418    1.548    0    0  (Gen:  0)
   521424      4208   3919080  0.000  0.000    9.419    1.548    0    0  (Gen:  0)
   521224      4152   3919056  0.000  0.000    9.419    1.548    0    0  (Gen:  0)
   521472      4032   3918952  0.000  0.000    9.420    1.548    0    0  (Gen:  0)
   521768      4520   3919456  0.000  0.000    9.420    1.548    0    0  (Gen:  0)
   521784      4208   3919432  0.000  0.000    9.421    1.548    0    0  (Gen:  0)
   521624      4432   3919744  0.000  0.000    9.421    1.549    0    0  (Gen:  0)
   521544      4120   3919688  0.000  0.000    9.422    1.549    0    0  (Gen:  0)
   521472      4488   3920144  0.000  0.000    9.423    1.549    0    0  (Gen:  0)
   521528      7512   3923584  0.000  0.000    9.423    1.549    0    0  (Gen:  0)
   521712      5728   3923464  0.000  0.000    9.424    1.549    0    0  (Gen:  0)
   521792      3944   3923336  0.000  0.000    9.424    1.549    0    0  (Gen:  0)
   521400      4224   3923632  0.000  0.000    9.425    1.549    0    0  (Gen:  0)
   521544      4120   3923576  0.000  0.000    9.425    1.549    0    0  (Gen:  0)
   521656      4312   3923784  0.000  0.000    9.426    1.549    0    0  (Gen:  0)
   521896      4192   3923712  0.000  0.000    9.427    1.550    0    0  (Gen:  0)
   521584      4176   3923856  0.000  0.000    9.427    1.550    0    0  (Gen:  0)
   521912      4056   3923768  0.000  0.000    9.428    1.550    0    0  (Gen:  0)
   521736      4104   3923848  0.000  0.000    9.428    1.550    0    0  (Gen:  0)
   521728      3976   3923736  0.000  0.000    9.429    1.550    0    0  (Gen:  0)
   521680      6000   3925776  0.000  0.000    9.429    1.550    0    0  (Gen:  0)
   521472      5912   3925768  0.000  0.000    9.430    1.550    0    0  (Gen:  0)
   521568      4288   3925992  0.000  0.000    9.431    1.550    0    0  (Gen:  0)
   521464      4232   3925968  0.000  0.000    9.431    1.551    0    0  (Gen:  0)
   521472      4208   3926032  0.000  0.000    9.432    1.551    0    0  (Gen:  0)
   521632      4016   3925872  0.000  0.000    9.432    1.551    0    0  (Gen:  0)
   521736      3968   3925872  0.000  0.000    9.433    1.551    0    0  (Gen:  0)
   521696      3864   3925928  0.000  0.000    9.433    1.551    0    0  (Gen:  0)
   521816      4112   3926208  0.000  0.000    9.434    1.551    0    0  (Gen:  0)
   521792      4008   3926136  0.000  0.000    9.434    1.551    0    0  (Gen:  0)
   521528      3976   3926120  0.000  0.000    9.435    1.551    0    0  (Gen:  0)
   521560      6672   3928832  0.000  0.000    9.436    1.552    0    0  (Gen:  0)
   521496      6384   3928624  0.000  0.000    9.436    1.552    0    0  (Gen:  0)
   521576      4208   3928960  0.000  0.000    9.437    1.552    0    0  (Gen:  0)
   521648      4176   3928960  0.000  0.000    9.437    1.552    0    0  (Gen:  0)
   521360      3816   3928688  0.000  0.000    9.438    1.552    0    0  (Gen:  0)
   521688      4408   3929312  0.000  0.000    9.438    1.552    0    0  (Gen:  0)
   521832      4304   3929480  0.000  0.000    9.439    1.552    0    0  (Gen:  0)
   521224      3920   3929184  0.000  0.000    9.440    1.552    0    0  (Gen:  0)
   521784      4408   3929688  0.000  0.000    9.440    1.552    0    0  (Gen:  0)
   521696      4288   3929840  0.000  0.000    9.441    1.553    0    0  (Gen:  0)
   521432      8176   3933968  0.000  0.000    9.441    1.553    0    0  (Gen:  0)
   521752      6080   3933856  0.000  0.000    9.442    1.553    0    0  (Gen:  0)
   521744      4088   3933856  0.000  0.000    9.443    1.553    0    0  (Gen:  0)
   521584      4096   3933896  0.000  0.000    9.443    1.553    0    0  (Gen:  0)
   521224      4040   3933872  0.000  0.000    9.444    1.553    0    0  (Gen:  0)
   521544      3968   3933816  0.000  0.000    9.444    1.553    0    0  (Gen:  0)
   521776      5960   3935824  0.000  0.000    9.445    1.553    0    0  (Gen:  0)
   521872      4208   3935768  0.000  0.000    9.445    1.554    0    0  (Gen:  0)
   521808      4136   3935784  0.000  0.000    9.446    1.554    0    0  (Gen:  0)
   521400      4120   3935800  0.000  0.000    9.446    1.554    0    0  (Gen:  0)
   521344      4152   3935920  0.000  0.000    9.447    1.554    0    0  (Gen:  0)
   521696      6688   3938488  0.000  0.000    9.448    1.554    0    0  (Gen:  0)
   521552      6424   3938288  0.000  0.000    9.448    1.554    0    0  (Gen:  0)
   521368      4272   3938440  0.000  0.000    9.449    1.554    0    0  (Gen:  0)
   521800      5480   3940048  0.000  0.000    9.449    1.554    0    0  (Gen:  0)
   521696      4192   3940064  0.000  0.000    9.450    1.555    0    0  (Gen:  0)
   521872      4480   3940368  0.000  0.000    9.450    1.555    0    0  (Gen:  0)
   521568      4136   3940072  0.000  0.000    9.451    1.555    0    0  (Gen:  0)
   521568      4176   3940272  0.000  0.000    9.452    1.555    0    0  (Gen:  0)
   521920      4248   3940376  0.000  0.000    9.452    1.555    0    0  (Gen:  0)
   521728      4056   3940216  0.000  0.000    9.453    1.555    0    0  (Gen:  0)
   521784      4120   3940296  0.000  0.000    9.453    1.555    0    0  (Gen:  0)
   521432      6112   3942304  0.000  0.000    9.454    1.555    0    0  (Gen:  0)
   521760      5976   3942248  0.000  0.000    9.454    1.555    0    0  (Gen:  0)
   521736      3896   3942224  0.000  0.000    9.455    1.556    0    0  (Gen:  0)
   521512      4072   3942416  0.000  0.000    9.455    1.556    0    0  (Gen:  0)
   521472      4048   3942440  0.000  0.000    9.456    1.556    0    0  (Gen:  0)
   521824      6024   3944432  0.000  0.000    9.457    1.556    0    0  (Gen:  0)
   521304      4040   3944264  0.000  0.000    9.457    1.556    0    0  (Gen:  0)
   521408      4136   3944520  0.000  0.000    9.458    1.556    0    0  (Gen:  0)
   521544      4152   3944568  0.000  0.000    9.458    1.556    0    0  (Gen:  0)
   521856      4048   3944496  0.000  0.000    9.459    1.556    0    0  (Gen:  0)
   521632      4048   3944512  0.000  0.000    9.459    1.557    0    0  (Gen:  0)
   521624      6400   3946880  0.000  0.000    9.460    1.557    0    0  (Gen:  0)
   521560      6248   3946808  0.000  0.000    9.461    1.557    0    0  (Gen:  0)
   521552      4248   3947152  0.000  0.000    9.461    1.557    0    0  (Gen:  0)
   521664      4096   3947032  0.000  0.000    9.462    1.557    0    0  (Gen:  0)
   521480      3888   3946912  0.000  0.000    9.462    1.557    0    0  (Gen:  0)
   521640      4432   3947488  0.000  0.000    9.463    1.557    0    0  (Gen:  0)
   521752      4248   3947576  0.000  0.000    9.463    1.557    0    0  (Gen:  0)
   521320      3952   3947368  0.000  0.000    9.464    1.558    0    0  (Gen:  0)
   521736      4488   3947920  0.000  0.000    9.465    1.558    0    0  (Gen:  0)
   521688      4344   3948048  0.000  0.000    9.465    1.558    0    0  (Gen:  0)
   521448      7992   3951936  0.000  0.000    9.466    1.558    0    0  (Gen:  0)
   521592      6272   3951880  0.000  0.000    9.466    1.558    0    0  (Gen:  0)
   521800      4136   3952000  0.000  0.000    9.467    1.558    0    0  (Gen:  0)
   521600      4152   3952048  0.000  0.000    9.467    1.558    0    0  (Gen:  0)
   521576      4120   3952048  0.000  0.000    9.468    1.558    0    0  (Gen:  0)
   521392      4032   3951976  0.000  0.000    9.469    1.558    0    0  (Gen:  0)
   521648      6256   3954216  0.000  0.000    9.469    1.559    0    0  (Gen:  0)
   521432      4144   3954096  0.000  0.000    9.470    1.559    0    0  (Gen:  0)
   521808      4200   3954240  0.000  0.000    9.470    1.559    0    0  (Gen:  0)
   521776      4032   3954104  0.000  0.000    9.471    1.559    0    0  (Gen:  0)
   521752      4136   3954296  0.000  0.000    9.471    1.559    0    0  (Gen:  0)
   521488      6584   3956776  0.000  0.000    9.472    1.559    0    0  (Gen:  0)
   521632      6408   3956664  0.000  0.000    9.473    1.559    0    0  (Gen:  0)
   521592      4016   3956608  0.000  0.000    9.473    1.559    0    0  (Gen:  0)
   521400      4320   3956928  0.000  0.000    9.474    1.560    0    0  (Gen:  0)
   521536      4176   3956832  0.000  0.000    9.474    1.560    0    0  (Gen:  0)
   521648      6000   3958664  0.000  0.000    9.475    1.560    0    0  (Gen:  0)
   521616      4688   3958880  0.000  0.000    9.475    1.560    0    0  (Gen:  0)
   521360      4040   3958984  0.000  0.000    9.476    1.560    0    0  (Gen:  0)
   521592      4008   3958984  0.000  0.000    9.477    1.560    0    0  (Gen:  0)
   521752      3920   3958928  0.000  0.000    9.477    1.560    0    0  (Gen:  0)
   521728      4024   3959120  0.000  0.000    9.478    1.560    0    0  (Gen:  0)
   521448      6648   3961776  0.000  0.000    9.478    1.561    0    0  (Gen:  0)
   521776      6424   3961616  0.000  0.000    9.479    1.561    0    0  (Gen:  0)
   521256      4008   3961696  0.000  0.000    9.480    1.561    0    0  (Gen:  0)
   521400      4136   3961840  0.000  0.000    9.480    1.561    0    0  (Gen:  0)
   521248      3872   3961624  0.000  0.000    9.481    1.561    0    0  (Gen:  0)
   521776      4448   3962216  0.000  0.000    9.481    1.561    0    0  (Gen:  0)
   521592      4120   3962160  0.000  0.000    9.482    1.561    0    0  (Gen:  0)
   521888      3968   3962168  0.000  0.000    9.482    1.561    0    0  (Gen:  0)
   521416      4272   3962504  0.000  0.000    9.483    1.561    0    0  (Gen:  0)
   521608      4440   3962928  0.000  0.000    9.483    1.562    0    0  (Gen:  0)
   521640      4448   3963176  0.000  0.000    9.484    1.562    0    0  (Gen:  0)
   521448      7088   3966376  0.000  0.000    9.485    1.562    0    0  (Gen:  0)
   521776      5576   3966224  0.000  0.000    9.485    1.562    0    0  (Gen:  0)
   521680      4184   3966488  0.000  0.000    9.486    1.562    0    0  (Gen:  0)
   521400      4064   3966400  0.000  0.000    9.486    1.562    0    0  (Gen:  0)
   521648      4040   3966464  0.000  0.000    9.487    1.562    0    0  (Gen:  0)
   521776      4272   3966728  0.000  0.000    9.487    1.562    0    0  (Gen:  0)
   521744      4072   3966576  0.000  0.000    9.488    1.563    0    0  (Gen:  0)
   521592      3976   3966568  0.000  0.000    9.489    1.563    0    0  (Gen:  0)
   521928      4240   3966848  0.000  0.000    9.489    1.563    0    0  (Gen:  0)
   521712      4120   3966776  0.000  0.000    9.490    1.563    0    0  (Gen:  0)
   521656      6112   3968784  0.000  0.000    9.490    1.563    0    0  (Gen:  0)
   521632      5984   3968720  0.000  0.000    9.491    1.563    0    0  (Gen:  0)
   521464      3960   3968616  0.000  0.000    9.491    1.563    0    0  (Gen:  0)
   521592      4224   3968912  0.000  0.000    9.492    1.563    0    0  (Gen:  0)
   521552      4216   3968936  0.000  0.000    9.492    1.564    0    0  (Gen:  0)
   521480      4000   3968736  0.000  0.000    9.493    1.564    0    0  (Gen:  0)
   521648      4344   3969096  0.000  0.000    9.493    1.564    0    0  (Gen:  0)
   521624      4248   3969064  0.000  0.000    9.494    1.564    0    0  (Gen:  0)
   521872      4208   3969112  0.000  0.000    9.495    1.564    0    0  (Gen:  0)
   521760      4160   3969096  0.000  0.000    9.495    1.564    0    0  (Gen:  0)
   521736      4232   3969256  0.000  0.000    9.496    1.564    0    0  (Gen:  0)
   521584      6680   3971736  0.000  0.000    9.496    1.564    0    0  (Gen:  0)
   521568      6488   3971608  0.000  0.000    9.497    1.564    0    0  (Gen:  0)
   521480      3920   3971624  0.000  0.000    9.497    1.565    0    0  (Gen:  0)
   521520      4224   3971960  0.000  0.000    9.498    1.565    0    0  (Gen:  0)
   521544      4048   3971816  0.000  0.000    9.499    1.565    0    0  (Gen:  0)
   521544      3976   3971760  0.000  0.000    9.499    1.565    0    0  (Gen:  0)
   521712      4456   3972256  0.000  0.000    9.500    1.565    0    0  (Gen:  0)
   521736      4136   3972224  0.000  0.000    9.500    1.565    0    0  (Gen:  0)
   521304      4488   3972664  0.000  0.000    9.501    1.565    0    0  (Gen:  0)
   521752      3944   3972376  0.000  0.000    9.501    1.565    0    0  (Gen:  0)
   521632      4424   3972944  0.000  0.000    9.502    1.566    0    0  (Gen:  0)
   521456      7888   3976824  0.000  0.000    9.502    1.566    0    0  (Gen:  0)
   521872      5984   3976744  0.000  0.000    9.503    1.566    0    0  (Gen:  0)
   521728      3952   3976632  0.000  0.000    9.504    1.566    0    0  (Gen:  0)
   521328      4136   3976832  0.000  0.000    9.504    1.566    0    0  (Gen:  0)
   521248      3944   3976688  0.000  0.000    9.505    1.566    0    0  (Gen:  0)
   521808      6024   3978784  0.000  0.000    9.505    1.566    0    0  (Gen:  0)
   521880      4000   3978440  0.000  0.000    9.506    1.566    0    0  (Gen:  0)
   521672      4040   3978640  0.000  0.000    9.506    1.567    0    0  (Gen:  0)
   521856      4072   3978704  0.000  0.000    9.507    1.567    0    0  (Gen:  0)
   521192      4160   3978824  0.000  0.000    9.507    1.567    0    0  (Gen:  0)
   521400      3976   3978656  0.000  0.000    9.508    1.567    0    0  (Gen:  0)
   521832      6504   3981200  0.000  0.000    9.509    1.567    0    0  (Gen:  0)
   521472      6336   3981112  0.000  0.000    9.509    1.567    0    0  (Gen:  0)
   521528      5896   3982976  0.000  0.000    9.510    1.567    0    0  (Gen:  0)
   521672      4176   3982864  0.000  0.000    9.510    1.567    0    0  (Gen:  0)
   521744      4088   3982864  0.000  0.000    9.511    1.567    0    0  (Gen:  0)
   521624      4288   3983096  0.000  0.000    9.511    1.568    0    0  (Gen:  0)
   521832      4248   3983104  0.000  0.000    9.512    1.568    0    0  (Gen:  0)
   521600      4104   3983048  0.000  0.000    9.513    1.568    0    0  (Gen:  0)
   521840      4224   3983184  0.000  0.000    9.513    1.568    0    0  (Gen:  0)
   521696      4192   3983200  0.000  0.000    9.514    1.568    0    0  (Gen:  0)
   521720      6296   3985320  0.000  0.000    9.514    1.568    0    0  (Gen:  0)
   521576      6088   3985176  0.000  0.000    9.515    1.568    0    0  (Gen:  0)
   521752      4208   3985424  0.000  0.000    9.515    1.568    0    0  (Gen:  0)
   521504      4336   3985584  0.000  0.000    9.516    1.569    0    0  (Gen:  0)
   521664      4288   3985568  0.000  0.000    9.517    1.569    0    0  (Gen:  0)
   521544      3984   3985280  0.000  0.000    9.517    1.569    0    0  (Gen:  0)
   521712      5880   3987192  0.000  0.000    9.518    1.569    0    0  (Gen:  0)
   521184      4096   3987240  0.000  0.000    9.518    1.569    0    0  (Gen:  0)
   521640      3936   3987168  0.000  0.000    9.519    1.569    0    0  (Gen:  0)
   521600      4144   3987392  0.000  0.000    9.519    1.569    0    0  (Gen:  0)
   521768      4064   3987360  0.000  0.000    9.520    1.569    0    0  (Gen:  0)
   521704      6536   3989848  0.000  0.000    9.520    1.570    0    0  (Gen:  0)
   521520      6392   3989768  0.000  0.000    9.521    1.570    0    0  (Gen:  0)
   521552      3936   3989728  0.000  0.000    9.522    1.570    0    0  (Gen:  0)
   521552      4248   3990072  0.000  0.000    9.522    1.570    0    0  (Gen:  0)
   521616      4120   3989976  0.000  0.000    9.523    1.570    0    0  (Gen:  0)
   521544      4048   3989920  0.000  0.000    9.523    1.570    0    0  (Gen:  0)
   521672      4448   3990336  0.000  0.000    9.524    1.570    0    0  (Gen:  0)
   521736      4192   3990368  0.000  0.000    9.524    1.570    0    0  (Gen:  0)
   521336      4416   3990680  0.000  0.000    9.525    1.570    0    0  (Gen:  0)
   521728      4176   3990696  0.000  0.000    9.525    1.571    0    0  (Gen:  0)
   521640      4376   3990984  0.000  0.000    9.526    1.571    0    0  (Gen:  0)
   521368      7888   3994912  0.000  0.000    9.527    1.571    0    0  (Gen:  0)
   521824      6152   3994680  0.000  0.000    9.527    1.571    0    0  (Gen:  0)
   521704      3936   3994648  0.000  0.000    9.528    1.571    0    0  (Gen:  0)
   521616      4072   3994800  0.000  0.000    9.528    1.571    0    0  (Gen:  0)
   521360      4064   3994840  0.000  0.000    9.529    1.571    0    0  (Gen:  0)
   521688      6336   3997128  0.000  0.000    9.529    1.571    0    0  (Gen:  0)
   521600      4152   3996920  0.000  0.000    9.530    1.572    0    0  (Gen:  0)
   521448      4152   3997080  0.000  0.000    9.531    1.572    0    0  (Gen:  0)
   521728      4192   3997152  0.000  0.000    9.531    1.572    0    0  (Gen:  0)
   521912      4032   3997024  0.000  0.000    9.532    1.572    0    0  (Gen:  0)
   521576      4064   3997072  0.000  0.000    9.532    1.572    0    0  (Gen:  0)
   521496      6576   3999600  0.000  0.000    9.533    1.572    0    0  (Gen:  0)
   521464      6472   3999576  0.000  0.000    9.533    1.572    0    0  (Gen:  0)
   521800      4280   3999720  0.000  0.000    9.534    1.572    0    0  (Gen:  0)
   521336      4120   3999592  0.000  0.000    9.534    1.573    0    0  (Gen:  0)
   521688      4168   3999728  0.000  0.000    9.535    1.573    0    0  (Gen:  0)
   521488      6344   4001936  0.000  0.000    9.536    1.573    0    0  (Gen:  0)
   521688      4232   4001936  0.000  0.000    9.536    1.573    0    0  (Gen:  0)
   521368      4088   4001880  0.000  0.000    9.537    1.573    0    0  (Gen:  0)
   521568      4280   4002088  0.000  0.000    9.537    1.573    0    0  (Gen:  0)
   521736      4288   4002144  0.000  0.000    9.538    1.573    0    0  (Gen:  0)
   521672      3840   4001712  0.000  0.000    9.538    1.573    0    0  (Gen:  0)
   521536      6680   4004568  0.000  0.000    9.539    1.573    0    0  (Gen:  0)
   521704      6456   4004424  0.000  0.000    9.540    1.574    0    0  (Gen:  0)
   521288      4208   4004672  0.000  0.000    9.540    1.574    0    0  (Gen:  0)
   521280      3936   4004432  0.000  0.000    9.541    1.574    0    0  (Gen:  0)
   521440      3920   4004504  0.000  0.000    9.541    1.574    0    0  (Gen:  0)
   521688      4384   4005000  0.000  0.000    9.542    1.574    0    0  (Gen:  0)
   521808      4176   4005064  0.000  0.000    9.542    1.574    0    0  (Gen:  0)
   521736      3992   4004968  0.000  0.000    9.543    1.574    0    0  (Gen:  0)
   521432      4200   4005192  0.000  0.000    9.544    1.574    0    0  (Gen:  0)
   521552      4280   4005544  0.000  0.000    9.544    1.575    0    0  (Gen:  0)
   521488      7568   4009072  0.000  0.000    9.545    1.575    0    0  (Gen:  0)
   521592      5688   4009016  0.000  0.000    9.545    1.575    0    0  (Gen:  0)
   521872      4152   4009208  0.000  0.000    9.546    1.575    0    0  (Gen:  0)
   521408      4112   4009200  0.000  0.000    9.546    1.575    0    0  (Gen:  0)
   521608      4160   4009280  0.000  0.000    9.547    1.575    0    0  (Gen:  0)
   521552      4104   4009240  0.000  0.000    9.548    1.575    0    0  (Gen:  0)
   521896      4128   4009280  0.000  0.000    9.548    1.575    0    0  (Gen:  0)
   521624      4136   4009352  0.000  0.000    9.549    1.576    0    0  (Gen:  0)
   521952      4120   4009424  0.000  0.000    9.549    1.576    0    0  (Gen:  0)
   521640      4032   4009368  0.000  0.000    9.550    1.576    0    0  (Gen:  0)
   521824      4072   4009496  0.000  0.000    9.550    1.576    0    0  (Gen:  0)
   521640      6072   4011528  0.000  0.000    9.551    1.576    0    0  (Gen:  0)
   521592      5992   4011512  0.000  0.000    9.551    1.576    0    0  (Gen:  0)
   521368      4088   4011456  0.001  0.000    9.553    1.576    0    0  (Gen:  0)
   521512      4280   4011664  0.001  0.000    9.554    1.576    0    0  (Gen:  0)
   521640      4064   4011496  0.001  0.000    9.555    1.577    0    0  (Gen:  0)
   521632      4264   4011712  0.001  0.000    9.556    1.577    0    0  (Gen:  0)
   521592      4160   4011656  0.001  0.000    9.557    1.577    0    0  (Gen:  0)
   521592      4208   4011864  0.001  0.000    9.558    1.577    0    0  (Gen:  0)
   521864      4280   4011968  0.001  0.000    9.560    1.577    0    0  (Gen:  0)
   521824      4272   4011992  0.001  0.000    9.561    1.578    0    0  (Gen:  0)
   521720      3976   4011712  0.000  0.000    9.561    1.578    0    0  (Gen:  0)
   521352      6824   4014576  0.000  0.000    9.562    1.578    0    0  (Gen:  0)
   521544      6712   4014544  0.000  0.000    9.563    1.578    0    0  (Gen:  0)
   521656      3648   4014000  0.000  0.000    9.563    1.578    0    0  (Gen:  0)
   521568      4024   4014400  0.000  0.000    9.564    1.578    0    0  (Gen:  0)
   521360      4024   4014400  0.000  0.000    9.564    1.578    0    0  (Gen:  0)
   521800      4376   4014768  0.000  0.000    9.565    1.578    0    0  (Gen:  0)
   521576      4096   4014760  0.000  0.000    9.565    1.579    0    0  (Gen:  0)
   521568      4136   4014960  0.000  0.000    9.566    1.579    0    0  (Gen:  0)
   521536      4320   4015176  0.000  0.000    9.566    1.579    0    0  (Gen:  0)
   521712      4304   4015416  0.000  0.000    9.567    1.579    0    0  (Gen:  0)
   521480      4664   4016016  0.000  0.000    9.567    1.579    0    0  (Gen:  0)
   521704      7376   4019448  0.000  0.000    9.568    1.579    0    0  (Gen:  0)
   521872      5808   4019240  0.000  0.000    9.569    1.579    0    0  (Gen:  0)
   521568      4320   4019672  0.000  0.000    9.569    1.579    0    0  (Gen:  0)
   521224      3992   4019376  0.000  0.000    9.570    1.580    0    0  (Gen:  0)
   521440      3976   4019448  0.000  0.000    9.570    1.580    0    0  (Gen:  0)
   521864      5856   4021360  0.000  0.000    9.571    1.580    0    0  (Gen:  0)
   521872      4152   4021336  0.000  0.000    9.572    1.580    0    0  (Gen:  0)
   521576      3920   4021192  0.000  0.000    9.572    1.580    0    0  (Gen:  0)
   521704      4128   4021416  0.000  0.000    9.573    1.580    0    0  (Gen:  0)
   521240      4176   4021512  0.000  0.000    9.573    1.580    0    0  (Gen:  0)
   521664      6384   4023736  0.000  0.000    9.574    1.580    0    0  (Gen:  0)
   521632      6280   4023696  0.000  0.000    9.575    1.581    0    0  (Gen:  0)
   521416      4392   4024200  0.000  0.000    9.575    1.581    0    0  (Gen:  0)
   521704      5640   4025864  0.000  0.000    9.576    1.581    0    0  (Gen:  0)
   521728      4080   4025752  0.000  0.000    9.576    1.581    0    0  (Gen:  0)
   521792      3992   4025680  0.000  0.000    9.577    1.581    0    0  (Gen:  0)
   521520      4312   4026016  0.000  0.000    9.577    1.581    0    0  (Gen:  0)
   521696      4096   4025864  0.000  0.000    9.578    1.581    0    0  (Gen:  0)
   521864      4320   4026176  0.000  0.000    9.579    1.581    0    0  (Gen:  0)
   521672      4176   4026064  0.000  0.000    9.579    1.581    0    0  (Gen:  0)
   521744      4088   4026064  0.000  0.000    9.580    1.582    0    0  (Gen:  0)
   521480      6280   4028288  0.000  0.000    9.580    1.582    0    0  (Gen:  0)
   521864      6128   4028200  0.000  0.000    9.581    1.582    0    0  (Gen:  0)
   521640      4016   4028144  0.000  0.000    9.581    1.582    0    0  (Gen:  0)
   521504      4248   4028392  0.000  0.000    9.582    1.582    0    0  (Gen:  0)
   521464      4176   4028368  0.000  0.000    9.582    1.582    0    0  (Gen:  0)
   521736      6136   4030344  0.000  0.000    9.583    1.582    0    0  (Gen:  0)
   521568      4264   4030288  0.000  0.000    9.584    1.582    0    0  (Gen:  0)
   521312      4192   4030376  0.000  0.000    9.584    1.583    0    0  (Gen:  0)
   521576      4216   4030432  0.000  0.000    9.585    1.583    0    0  (Gen:  0)
   521752      3896   4030144  0.000  0.000    9.585    1.583    0    0  (Gen:  0)
   521720      4008   4030344  0.000  0.000    9.586    1.583    0    0  (Gen:  0)
   521552      6568   4032936  0.000  0.000    9.586    1.583    0    0  (Gen:  0)
   521656      6432   4032864  0.000  0.000    9.587    1.583    0    0  (Gen:  0)
   521592      3960   4032736  0.000  0.000    9.588    1.583    0    0  (Gen:  0)
   521584      4128   4032920  0.000  0.000    9.588    1.583    0    0  (Gen:  0)
   521408      3992   4032832  0.000  0.000    9.589    1.584    0    0  (Gen:  0)
   521752      4408   4033264  0.000  0.000    9.589    1.584    0    0  (Gen:  0)
   521584      4120   4033248  0.000  0.000    9.590    1.584    0    0  (Gen:  0)
   521552      4048   4033336  0.000  0.000    9.590    1.584    0    0  (Gen:  0)
   521568      4072   4033392  0.000  0.000    9.591    1.584    0    0  (Gen:  0)
   521680      4344   4033920  0.000  0.000    9.592    1.584    0    0  (Gen:  0)
   521536      4608   4034424  0.000  0.000    9.592    1.584    0    0  (Gen:  0)
   521496      7544   4037920  0.000  0.000    9.593    1.584    0    0  (Gen:  0)
   521856      6304   4037880  0.000  0.000    9.593    1.585    0    0  (Gen:  0)
   521592      4248   4038008  0.000  0.000    9.594    1.585    0    0  (Gen:  0)
   521664      4040   4037832  0.000  0.000    9.595    1.585    0    0  (Gen:  0)
   521384      4208   4038088  0.001  0.000    9.596    1.585    0    0  (Gen:  0)
   521592      6024   4039936  0.000  0.000    9.597    1.585    0    0  (Gen:  0)
   521584      4096   4039984  0.000  0.000    9.597    1.585    0    0  (Gen:  0)
   521608      3992   4039968  0.000  0.000    9.598    1.585    0    0  (Gen:  0)
   521712      4168   4040160  0.000  0.000    9.598    1.585    0    0  (Gen:  0)
   521864      4152   4040192  0.000  0.000    9.599    1.586    0    0  (Gen:  0)
   521536      6616   4042672  0.000  0.000    9.600    1.586    0    0  (Gen:  0)
   521648      6472   4042592  0.000  0.000    9.600    1.586    0    0  (Gen:  0)
   521416      4136   4042664  0.000  0.000    9.601    1.586    0    0  (Gen:  0)
   521552      4064   4042624  0.000  0.000    9.601    1.586    0    0  (Gen:  0)
   521552      4272   4042864  0.000  0.000    9.602    1.586    0    0  (Gen:  0)
   521656      3912   4042520  0.000  0.000    9.602    1.586    0    0  (Gen:  0)
   521600      6280   4044904  0.000  0.000    9.603    1.586    0    0  (Gen:  0)
   521440      4176   4044928  0.000  0.000    9.604    1.587    0    0  (Gen:  0)
   521592      4320   4045160  0.000  0.000    9.604    1.587    0    0  (Gen:  0)
   521544      4000   4044872  0.000  0.000    9.605    1.587    0    0  (Gen:  0)
   521776      4136   4045096  0.000  0.000    9.605    1.587    0    0  (Gen:  0)
   521512      6744   4047736  0.000  0.000    9.606    1.587    0    0  (Gen:  0)
   521672      6752   4047808  0.000  0.000    9.606    1.587    0    0  (Gen:  0)
   521472      3840   4047392  0.000  0.000    9.607    1.587    0    0  (Gen:  0)
   521424      4072   4047640  0.000  0.000    9.607    1.587    0    0  (Gen:  0)
   521176      4080   4047696  0.000  0.000    9.608    1.587    0    0  (Gen:  0)
   521600      3904   4047536  0.000  0.000    9.609    1.588    0    0  (Gen:  0)
   521720      4440   4048088  0.000  0.000    9.609    1.588    0    0  (Gen:  0)
   521752      4192   4048128  0.000  0.000    9.610    1.588    0    0  (Gen:  0)
   521664      4392   4048416  0.000  0.000    9.610    1.588    0    0  (Gen:  0)
   521544      4080   4048360  0.000  0.000    9.611    1.588    0    0  (Gen:  0)
   521536      4480   4048848  0.000  0.000    9.611    1.588    0    0  (Gen:  0)
   521424      7440   4052224  0.000  0.000    9.612    1.588    0    0  (Gen:  0)
   521816      5760   4052208  0.000  0.000    9.613    1.588    0    0  (Gen:  0)
   521712      3968   4052072  0.000  0.000    9.613    1.589    0    0  (Gen:  0)
   521424      4024   4052144  0.000  0.000    9.614    1.589    0    0  (Gen:  0)
   521544      4176   4052344  0.000  0.000    9.614    1.589    0    0  (Gen:  0)
   521632      4408   4052592  0.000  0.000    9.615    1.589    0    0  (Gen:  0)
   521856      4192   4052424  0.000  0.000    9.615    1.589    0    0  (Gen:  0)
   521632      4136   4052528  0.000  0.000    9.616    1.589    0    0  (Gen:  0)
   521904      4224   4052648  0.000  0.000    9.617    1.589    0    0  (Gen:  0)
   521784      4136   4052592  0.000  0.000    9.617    1.589    0    0  (Gen:  0)
   521592      4088   4052560  0.000  0.000    9.618    1.590    0    0  (Gen:  0)
   521784      6088   4054576  0.000  0.000    9.618    1.590    0    0  (Gen:  0)
   521360      5880   4054448  0.000  0.000    9.619    1.590    0    0  (Gen:  0)
   521608      4224   4054640  0.000  0.000    9.619    1.590    0    0  (Gen:  0)
   521592      4112   4054560  0.000  0.000    9.620    1.590    0    0  (Gen:  0)
   521472      4064   4054600  0.000  0.000    9.620    1.590    0    0  (Gen:  0)
   521512      4296   4054864  0.000  0.000    9.621    1.590    0    0  (Gen:  0)
   521856      4176   4054792  0.000  0.000    9.622    1.590    0    0  (Gen:  0)
   521584      4048   4054752  0.000  0.000    9.622    1.590    0    0  (Gen:  0)
   521896      4072   4054792  0.000  0.000    9.623    1.591    0    0  (Gen:  0)
   521704      4112   4054880  0.000  0.000    9.623    1.591    0    0  (Gen:  0)
   521608      6832   4057616  0.000  0.000    9.624    1.591    0    0  (Gen:  0)
   521480      6568   4057416  0.000  0.000    9.624    1.591    0    0  (Gen:  0)
   521520      4208   4057640  0.000  0.000    9.625    1.591    0    0  (Gen:  0)
   521576      4192   4057656  0.000  0.000    9.625    1.591    0    0  (Gen:  0)
   521688      4160   4057656  0.000  0.000    9.626    1.591    0    0  (Gen:  0)
   521368      4088   4057600  0.000  0.000    9.627    1.591    0    0  (Gen:  0)
   521696      4720   4058248  0.000  0.000    9.627    1.592    0    0  (Gen:  0)
   521768      3872   4057688  0.000  0.000    9.628    1.592    0    0  (Gen:  0)
   521288      3912   4057816  0.000  0.000    9.628    1.592    0    0  (Gen:  0)
   521728      4312   4058232  0.000  0.000    9.629    1.592    0    0  (Gen:  0)
   521776      4160   4058352  0.000  0.000    9.629    1.592    0    0  (Gen:  0)
   521320      8408   4062832  0.000  0.000    9.630    1.592    0    0  (Gen:  0)
   521544      6336   4062776  0.000  0.000    9.631    1.592    0    0  (Gen:  0)
   521512      4008   4062808  0.000  0.000    9.631    1.592    0    0  (Gen:  0)
   521552      4192   4063024  0.000  0.000    9.632    1.593    0    0  (Gen:  0)
   521800      4176   4063040  0.000  0.000    9.632    1.593    0    0  (Gen:  0)
   521752      3872   4062752  0.000  0.000    9.633    1.593    0    0  (Gen:  0)
   521416      5864   4064760  0.000  0.000    9.634    1.593    0    0  (Gen:  0)
   521552      3960   4064552  0.000  0.000    9.634    1.593    0    0  (Gen:  0)
   521824      4192   4064872  0.000  0.000    9.635    1.593    0    0  (Gen:  0)
   521528      4120   4064832  0.000  0.000    9.635    1.593    0    0  (Gen:  0)
   521952      4104   4064904  0.000  0.000    9.636    1.593    0    0  (Gen:  0)
   521336      6448   4067280  0.000  0.000    9.636    1.594    0    0  (Gen:  0)
   521552      6536   4067432  0.000  0.000    9.637    1.594    0    0  (Gen:  0)
   521504      4624   4067824  0.000  0.000    9.637    1.594    0    0  (Gen:  0)
   521560      5224   4068984  0.000  0.000    9.638    1.594    0    0  (Gen:  0)
   521408      3992   4068896  0.000  0.000    9.639    1.594    0    0  (Gen:  0)
   521728      4272   4069192  0.000  0.000    9.639    1.594    0    0  (Gen:  0)
   521608      4208   4069176  0.000  0.000    9.640    1.594    0    0  (Gen:  0)
   521480      4112   4069240  0.000  0.000    9.640    1.594    0    0  (Gen:  0)
   521640      4104   4069264  0.000  0.000    9.641    1.594    0    0  (Gen:  0)
   521936      4032   4069224  0.000  0.000    9.641    1.595    0    0  (Gen:  0)
   521632      3952   4069160  0.000  0.000    9.642    1.595    0    0  (Gen:  0)
   521424      6296   4071520  0.000  0.000    9.642    1.595    0    0  (Gen:  0)
   521296      6256   4071560  0.000  0.000    9.643    1.595    0    0  (Gen:  0)
   521512      4256   4071616  0.000  0.000    9.644    1.595    0    0  (Gen:  0)
   521736      3992   4071384  0.000  0.000    9.644    1.595    0    0  (Gen:  0)
   521432      4120   4071600  0.000  0.000    9.645    1.595    0    0  (Gen:  0)
   521584      6096   4073608  0.000  0.000    9.645    1.595    0    0  (Gen:  0)
   521624      4088   4073416  0.000  0.000    9.646    1.596    0    0  (Gen:  0)
   521712      4032   4073448  0.000  0.000    9.646    1.596    0    0  (Gen:  0)
   521504      4184   4073616  0.000  0.000    9.647    1.596    0    0  (Gen:  0)
   521216      4232   4073712  0.000  0.000    9.648    1.596    0    0  (Gen:  0)
   521336      6560   4076056  0.000  0.000    9.648    1.596    0    0  (Gen:  0)
   521744      6312   4075872  0.000  0.000    9.649    1.596    0    0  (Gen:  0)
   521472      4024   4076000  0.000  0.000    9.649    1.596    0    0  (Gen:  0)
   521800      4168   4076176  0.000  0.000    9.650    1.596    0    0  (Gen:  0)
   521272      3968   4076008  0.000  0.000    9.650    1.596    0    0  (Gen:  0)
   521472      4040   4076168  0.000  0.000    9.651    1.597    0    0  (Gen:  0)
   521736      4448   4076608  0.000  0.000    9.651    1.597    0    0  (Gen:  0)
   521224      4152   4076584  0.000  0.000    9.652    1.597    0    0  (Gen:  0)
   521544      4008   4076528  0.000  0.000    9.653    1.597    0    0  (Gen:  0)
   521712      4424   4076960  0.000  0.000    9.653    1.597    0    0  (Gen:  0)
   521856      4264   4077072  0.000  0.000    9.654    1.597    0    0  (Gen:  0)
   521720      7912   4080960  0.000  0.000    9.654    1.597    0    0  (Gen:  0)
   521584      6232   4080944  0.000  0.000    9.655    1.597    0    0  (Gen:  0)
   521520      3968   4080936  0.000  0.000    9.655    1.598    0    0  (Gen:  0)
   521392      4008   4081008  0.000  0.000    9.656    1.598    0    0  (Gen:  0)
   521640      4248   4081280  0.000  0.000    9.657    1.598    0    0  (Gen:  0)
   521568      3936   4080984  0.000  0.000    9.657    1.598    0    0  (Gen:  0)
   521648      6160   4083224  0.000  0.000    9.658    1.598    0    0  (Gen:  0)
   521592      4192   4083248  0.000  0.000    9.658    1.598    0    0  (Gen:  0)
   521960      4320   4083464  0.000  0.000    9.659    1.598    0    0  (Gen:  0)
   521616      4216   4083392  0.000  0.000    9.659    1.598    0    0  (Gen:  0)
   521816      3952   4083216  0.000  0.000    9.660    1.599    0    0  (Gen:  0)
   521424      6416   4085712  0.000  0.000    9.661    1.599    0    0  (Gen:  0)
   521600      6440   4085800  0.000  0.000    9.661    1.599    0    0  (Gen:  0)
   521616      4032   4085728  0.000  0.000    9.662    1.599    0    0  (Gen:  0)
   521480      4080   4085792  0.000  0.000    9.662    1.599    0    0  (Gen:  0)
   521472      4024   4085784  0.000  0.000    9.663    1.599    0    0  (Gen:  0)
   521464      6416   4088192  0.000  0.000    9.663    1.599    0    0  (Gen:  0)
   521360      4304   4088192  0.000  0.000    9.664    1.599    0    0  (Gen:  0)
   521704      4008   4088056  0.000  0.000    9.664    1.599    0    0  (Gen:  0)
   521696      4224   4088304  0.000  0.000    9.665    1.600    0    0  (Gen:  0)
   521760      4048   4088160  0.000  0.000    9.666    1.600    0    0  (Gen:  0)
   521744      3904   4088032  0.000  0.000    9.666    1.600    0    0  (Gen:  0)
   521336      6720   4090864  0.000  0.000    9.667    1.600    0    0  (Gen:  0)
   521248      6496   4090720  0.000  0.000    9.667    1.600    0    0  (Gen:  0)
   521544      4320   4091040  0.000  0.000    9.668    1.600    0    0  (Gen:  0)
   521704      4104   4090856  0.000  0.000    9.668    1.600    0    0  (Gen:  0)
   521440      4088   4090928  0.000  0.000    9.669    1.600    0    0  (Gen:  0)
   521600      4240   4091112  0.000  0.000    9.670    1.601    0    0  (Gen:  0)
   521736      3968   4091112  0.000  0.000    9.670    1.601    0    0  (Gen:  0)
   521696      3864   4091168  0.000  0.000    9.671    1.601    0    0  (Gen:  0)
   521664      4376   4091712  0.000  0.000    9.671    1.601    0    0  (Gen:  0)
   521544      4272   4091864  0.000  0.000    9.672    1.601    0    0  (Gen:  0)
   521488      4800   4092632  0.000  0.000    9.672    1.601    0    0  (Gen:  0)
   521568      6872   4095584  0.000  0.000    9.673    1.601    0    0  (Gen:  0)
   521544      5776   4095528  0.001  0.000    9.675    1.602    0    0  (Gen:  0)
   521776      4088   4095496  0.000  0.000    9.675    1.602    0    0  (Gen:  0)
   521512      4008   4095448  0.000  0.000    9.676    1.602    0    0  (Gen:  0)
   521592      3920   4095448  0.000  0.000    9.676    1.602    0    0  (Gen:  0)
   521424      4160   4095720  0.000  0.000    9.677    1.602    0    0  (Gen:  0)
   521832      4176   4095784  0.000  0.000    9.677    1.602    0    0  (Gen:  0)
   521528      4048   4095744  0.000  0.000    9.678    1.602    0    0  (Gen:  0)
   521760      4048   4095760  0.000  0.000    9.678    1.602    0    0  (Gen:  0)
   521264      4024   4095784  0.000  0.000    9.679    1.602    0    0  (Gen:  0)
   521416      6040   4097816  0.000  0.000    9.680    1.603    0    0  (Gen:  0)
   521664      5840   4097680  0.000  0.000    9.680    1.603    0    0  (Gen:  0)
   521392      3992   4097752  0.000  0.000    9.681    1.603    0    0  (Gen:  0)
   521648      4152   4097944  0.000  0.000    9.681    1.603    0    0  (Gen:  0)
   521560      4048   4097872  0.000  0.000    9.682    1.603    0    0  (Gen:  0)
   521544      3976   4097816  0.000  0.000    9.682    1.603    0    0  (Gen:  0)
   521528      4064   4097920  0.000  0.000    9.683    1.603    0    0  (Gen:  0)
   521536      4152   4098072  0.000  0.000    9.683    1.603    0    0  (Gen:  0)
   521768      4192   4098200  0.002  0.000    9.687    1.604    0    0  (Gen:  0)
   521696      4104   4098144  0.000  0.000    9.687    1.604    0    0  (Gen:  0)
   521728      4136   4098264  0.000  0.000    9.688    1.604    0    0  (Gen:  0)
   521552      6608   4100768  0.000  0.000    9.689    1.604    0    0  (Gen:  0)
   521576      6688   4100912  0.000  0.000    9.689    1.604    0    0  (Gen:  0)
   521520      3968   4100704  0.000  0.000    9.690    1.604    0    0  (Gen:  0)
   521600      4152   4100904  0.000  0.000    9.690    1.605    0    0  (Gen:  0)
   521448      4176   4100976  0.001  0.000    9.691    1.605    0    0  (Gen:  0)
   521616      4648   4101464  0.000  0.000    9.692    1.605    0    0  (Gen:  0)
   521616      4176   4101264  0.000  0.000    9.692    1.605    0    0  (Gen:  0)
   521688      4120   4101368  0.000  0.000    9.693    1.605    0    0  (Gen:  0)
   521352      4488   4101768  0.000  0.000    9.693    1.605    0    0  (Gen:  0)
   521768      4568   4102104  0.000  0.000    9.694    1.605    0    0  (Gen:  0)
   521600      4296   4102072  0.000  0.000    9.695    1.605    0    0  (Gen:  0)
   521576      7648   4105824  0.000  0.000    9.695    1.606    0    0  (Gen:  0)
   521784      6000   4105856  0.000  0.000    9.696    1.606    0    0  (Gen:  0)
   521696      3976   4105752  0.000  0.000    9.696    1.606    0    0  (Gen:  0)
   521360      4096   4105888  0.000  0.000    9.697    1.606    0    0  (Gen:  0)
   521248      3904   4105744  0.000  0.000    9.697    1.606    0    0  (Gen:  0)
   521856      5904   4107760  0.000  0.000    9.698    1.606    0    0  (Gen:  0)
   521776      4064   4107600  0.000  0.000    9.699    1.606    0    0  (Gen:  0)
   521720      4080   4107776  0.000  0.000    9.699    1.606    0    0  (Gen:  0)
   521880      4016   4107744  0.000  0.000    9.700    1.606    0    0  (Gen:  0)
   521192      4104   4107864  0.000  0.000    9.700    1.607    0    0  (Gen:  0)
   521368      3904   4107680  0.000  0.000    9.701    1.607    0    0  (Gen:  0)
   521848      6616   4110408  0.000  0.000    9.701    1.607    0    0  (Gen:  0)
   521440      6280   4110152  0.000  0.000    9.702    1.607    0    0  (Gen:  0)
   521648      5912   4112088  0.000  0.000    9.703    1.607    0    0  (Gen:  0)
   521600      4120   4111904  0.000  0.000    9.703    1.607    0    0  (Gen:  0)
   521856      4176   4112048  0.000  0.000    9.704    1.607    0    0  (Gen:  0)
   521568      4296   4112200  0.000  0.000    9.704    1.607    0    0  (Gen:  0)
   521688      4080   4112032  0.000  0.000    9.705    1.608    0    0  (Gen:  0)
   521680      3968   4112008  0.000  0.000    9.705    1.608    0    0  (Gen:  0)
   521872      4168   4112224  0.000  0.000    9.706    1.608    0    0  (Gen:  0)
   521792      4176   4112280  0.000  0.000    9.706    1.608    0    0  (Gen:  0)
   521520      6088   4114208  0.000  0.000    9.707    1.608    0    0  (Gen:  0)
   521680      6088   4114272  0.000  0.000    9.708    1.608    0    0  (Gen:  0)
   521728      4152   4114464  0.000  0.000    9.708    1.608    0    0  (Gen:  0)
   521504      4280   4114624  0.000  0.000    9.709    1.608    0    0  (Gen:  0)
   521552      4088   4114464  0.000  0.000    9.709    1.609    0    0  (Gen:  0)
   521680      4048   4114440  0.000  0.000    9.710    1.609    0    0  (Gen:  0)
   521664      6024   4116432  0.000  0.000    9.710    1.609    0    0  (Gen:  0)
   521256      4192   4116432  0.000  0.000    9.711    1.609    0    0  (Gen:  0)
   521560      4160   4116488  0.000  0.000    9.712    1.609    0    0  (Gen:  0)
   521600      4136   4116496  0.000  0.000    9.712    1.609    0    0  (Gen:  0)
   521784      4096   4116544  0.000  0.000    9.713    1.609    0    0  (Gen:  0)
   521688      6464   4118944  0.000  0.000    9.713    1.609    0    0  (Gen:  0)
   521568      6544   4119088  0.000  0.000    9.714    1.609    0    0  (Gen:  0)
   521544      4120   4119008  0.000  0.000    9.714    1.610    0    0  (Gen:  0)
   521576      4176   4119080  0.000  0.000    9.715    1.610    0    0  (Gen:  0)
   521592      4232   4119184  0.000  0.000    9.715    1.610    0    0  (Gen:  0)
   521560      4008   4118976  0.000  0.000    9.716    1.610    0    0  (Gen:  0)
   521632      4120   4119360  0.000  0.000    9.717    1.610    0    0  (Gen:  0)
   521696      3920   4119256  0.000  0.000    9.717    1.610    0    0  (Gen:  0)
   521408      4320   4119672  0.000  0.000    9.718    1.610    0    0  (Gen:  0)
   521712      3992   4119600  0.000  0.000    9.718    1.610    0    0  (Gen:  0)
   521600      4536   4120232  0.000  0.000    9.719    1.611    0    0  (Gen:  0)
   521400      7792   4123904  0.000  0.000    9.719    1.611    0    0  (Gen:  0)
   521856      6216   4123832  0.000  0.000    9.720    1.611    0    0  (Gen:  0)
   521704      4032   4123832  0.000  0.000    9.721    1.611    0    0  (Gen:  0)
   521528      4112   4123928  0.000  0.000    9.721    1.611    0    0  (Gen:  0)
   521360      4064   4123928  0.000  0.000    9.722    1.611    0    0  (Gen:  0)
   521752      6280   4126160  0.000  0.000    9.722    1.611    0    0  (Gen:  0)
   521616      4168   4126024  0.000  0.000    9.723    1.611    0    0  (Gen:  0)
   521528      4104   4126120  0.000  0.000    9.723    1.612    0    0  (Gen:  0)
   521680      4136   4126184  0.000  0.000    9.724    1.612    0    0  (Gen:  0)
   521872      4080   4126160  0.000  0.000    9.724    1.612    0    0  (Gen:  0)
   521576      4048   4126144  0.000  0.000    9.725    1.612    0    0  (Gen:  0)
   521504      6528   4128640  0.000  0.000    9.726    1.612    0    0  (Gen:  0)
   521504      6256   4128448  0.000  0.000    9.726    1.612    0    0  (Gen:  0)
   521680      4184   4128712  0.000  0.000    9.727    1.612    0    0  (Gen:  0)
   521400      4064   4128624  0.000  0.000    9.727    1.612    0    0  (Gen:  0)
   521648      4040   4128688  0.000  0.000    9.728    1.612    0    0  (Gen:  0)
   521568      6304   4130984  0.000  0.000    9.728    1.613    0    0  (Gen:  0)
   521576      4192   4130984  0.000  0.000    9.729    1.613    0    0  (Gen:  0)
   521392      4032   4130912  0.000  0.000    9.730    1.613    0    0  (Gen:  0)
   521600      4240   4131136  0.000  0.000    9.730    1.613    0    0  (Gen:  0)
   521800      4152   4131096  0.000  0.000    9.731    1.613    0    0  (Gen:  0)
   521608      6616   4133576  0.000  0.000    9.731    1.613    0    0  (Gen:  0)
   521584      6512   4133536  0.000  0.000    9.732    1.613    0    0  (Gen:  0)
   521632      4152   4133744  0.000  0.000    9.732    1.613    0    0  (Gen:  0)
   521312      4248   4133872  0.000  0.000    9.733    1.614    0    0  (Gen:  0)
   521256      4216   4133872  0.000  0.000    9.733    1.614    0    0  (Gen:  0)
   521480      4008   4133680  0.000  0.000    9.734    1.614    0    0  (Gen:  0)
   521712      4576   4134264  0.000  0.000    9.735    1.614    0    0  (Gen:  0)
   521752      4248   4134224  0.000  0.000    9.735    1.614    0    0  (Gen:  0)
   521776      4544   4134608  0.000  0.000    9.736    1.614    0    0  (Gen:  0)
   521464      4208   4134528  0.000  0.000    9.736    1.614    0    0  (Gen:  0)
   521488      4456   4134864  0.000  0.000    9.737    1.614    0    0  (Gen:  0)
   521424      7408   4138232  0.000  0.000    9.737    1.615    0    0  (Gen:  0)
   521728      5760   4138248  0.000  0.000    9.738    1.615    0    0  (Gen:  0)
   521808      4024   4138240  0.000  0.000    9.739    1.615    0    0  (Gen:  0)
   521424      4056   4138304  0.000  0.000    9.739    1.615    0    0  (Gen:  0)
   521552      4120   4138400  0.000  0.000    9.740    1.615    0    0  (Gen:  0)
   521656      3968   4138264  0.000  0.000    9.740    1.615    0    0  (Gen:  0)
   521880      4368   4138680  0.000  0.000    9.741    1.615    0    0  (Gen:  0)
   521552      4088   4138464  0.000  0.000    9.741    1.615    0    0  (Gen:  0)
   521992      4064   4138528  0.000  0.000    9.742    1.615    0    0  (Gen:  0)
   521592      3976   4138472  0.000  0.000    9.742    1.616    0    0  (Gen:  0)
   521896      4112   4138696  0.000  0.000    9.743    1.616    0    0  (Gen:  0)
   521552      6072   4140688  0.000  0.000    9.743    1.616    0    0  (Gen:  0)
   521576      5920   4140600  0.000  0.000    9.744    1.616    0    0  (Gen:  0)
   521488      4016   4140544  0.000  0.000    9.745    1.616    0    0  (Gen:  0)
   521496      4280   4140824  0.000  0.000    9.745    1.616    0    0  (Gen:  0)
   521568      4176   4140768  0.000  0.000    9.746    1.616    0    0  (Gen:  0)
   521616      4224   4140832  0.000  0.000    9.746    1.616    0    0  (Gen:  0)
   521640      4120   4140776  0.000  0.000    9.747    1.617    0    0  (Gen:  0)
   521608      4152   4140968  0.000  0.000    9.747    1.617    0    0  (Gen:  0)
   521936      3976   4140824  0.000  0.000    9.748    1.617    0    0  (Gen:  0)
   521744      4136   4141016  0.000  0.000    9.749    1.617    0    0  (Gen:  0)
   521640      3976   4140872  0.000  0.000    9.749    1.617    0    0  (Gen:  0)
   521480      6576   4143488  0.000  0.000    9.750    1.617    0    0  (Gen:  0)
   521480      6632   4143624  0.000  0.000    9.750    1.617    0    0  (Gen:  0)
   521664      4304   4143808  0.000  0.000    9.751    1.617    0    0  (Gen:  0)
   521480      4072   4143608  0.000  0.000    9.751    1.617    0    0  (Gen:  0)
   521536      3992   4143616  0.000  0.000    9.752    1.618    0    0  (Gen:  0)
   521704      4520   4144176  0.000  0.000    9.752    1.618    0    0  (Gen:  0)
   521640      4176   4144104  0.000  0.000    9.753    1.618    0    0  (Gen:  0)
   521488      4032   4144048  0.000  0.000    9.754    1.618    0    0  (Gen:  0)
   521512      4488   4144520  0.000  0.000    9.754    1.618    0    0  (Gen:  0)
   521792      4320   4144624  0.000  0.000    9.755    1.618    0    0  (Gen:  0)
   521480      8176   4148720  0.000  0.000    9.755    1.618    0    0  (Gen:  0)
   521736      6208   4148736  0.000  0.000    9.756    1.618    0    0  (Gen:  0)
   521736      3928   4148448  0.000  0.000    9.756    1.619    0    0  (Gen:  0)
   521608      4080   4148632  0.000  0.000    9.757    1.619    0    0  (Gen:  0)
   521280      4024   4148608  0.000  0.000    9.758    1.619    0    0  (Gen:  0)
   521432      3920   4148592  0.000  0.000    9.758    1.619    0    0  (Gen:  0)
   521880      5784   4150488  0.000  0.000    9.759    1.619    0    0  (Gen:  0)
   521776      3944   4150328  0.000  0.000    9.759    1.619    0    0  (Gen:  0)
   521680      3920   4150392  0.000  0.000    9.760    1.619    0    0  (Gen:  0)
   521680      4072   4150560  0.000  0.000    9.760    1.619    0    0  (Gen:  0)
   521216      4120   4150656  0.000  0.000    9.761    1.620    0    0  (Gen:  0)
   521672      6240   4152792  0.000  0.000    9.761    1.620    0    0  (Gen:  0)
   521600      6224   4152840  0.000  0.000    9.762    1.620    0    0  (Gen:  0)
   521392      4480   4153488  0.000  0.000    9.763    1.620    0    0  (Gen:  0)
   521760      5600   4155024  0.000  0.000    9.763    1.620    0    0  (Gen:  0)
   521792      4104   4154976  0.000  0.000    9.764    1.620    0    0  (Gen:  0)
   521728      4104   4154992  0.000  0.000    9.764    1.620    0    0  (Gen:  0)
   521624      4288   4155192  0.000  0.000    9.765    1.620    0    0  (Gen:  0)
   521600      4168   4155136  0.000  0.000    9.765    1.620    0    0  (Gen:  0)
   521944      4336   4155392  0.000  0.000    9.766    1.621    0    0  (Gen:  0)
   521600      4120   4155208  0.000  0.000    9.766    1.621    0    0  (Gen:  0)
   521856      4176   4155352  0.000  0.000    9.767    1.621    0    0  (Gen:  0)
   521352      6240   4157448  0.000  0.000    9.768    1.621    0    0  (Gen:  0)
   521880      6072   4157344  0.000  0.000    9.768    1.621    0    0  (Gen:  0)
   521640      3960   4157288  0.000  0.000    9.769    1.621    0    0  (Gen:  0)
   521544      4152   4157496  0.000  0.000    9.769    1.621    0    0  (Gen:  0)
   521472      4096   4157488  0.000  0.000    9.770    1.621    0    0  (Gen:  0)
   521768      6080   4159488  0.000  0.000    9.770    1.622    0    0  (Gen:  0)
   521424      4168   4159392  0.000  0.000    9.771    1.622    0    0  (Gen:  0)
   521320      4096   4159480  0.000  0.000    9.772    1.622    0    0  (Gen:  0)
   521608      4280   4159696  0.000  0.000    9.772    1.622    0    0  (Gen:  0)
   521824      4144   4159592  0.000  0.000    9.773    1.622    0    0  (Gen:  0)
   521736      3856   4159320  0.000  0.000    9.773    1.622    0    0  (Gen:  0)
   521536      6480   4161960  0.000  0.000    9.774    1.622    0    0  (Gen:  0)
   521576      6360   4161920  0.000  0.000    9.774    1.622    0    0  (Gen:  0)
   521608      4376   4162280  0.000  0.000    9.775    1.623    0    0  (Gen:  0)
   521536      4144   4162080  0.000  0.000    9.776    1.623    0    0  (Gen:  0)
   521552      4048   4162072  0.000  0.000    9.776    1.623    0    0  (Gen:  0)
   521680      4520   4162576  0.000  0.000    9.777    1.623    0    0  (Gen:  0)
   521632      4264   4162592  0.000  0.000    9.777    1.623    0    0  (Gen:  0)
   521488      4120   4162536  0.000  0.000    9.778    1.623    0    0  (Gen:  0)
   521544      4544   4162976  0.000  0.000    9.778    1.623    0    0  (Gen:  0)
   521768      4280   4162984  0.000  0.000    9.779    1.623    0    0  (Gen:  0)
   521488      5104   4164048  0.000  0.000    9.779    1.623    0    0  (Gen:  0)
   521592      6824   4166968  0.000  0.000    9.780    1.624    0    0  (Gen:  0)
   521768      6232   4166936  0.000  0.000    9.781    1.624    0    0  (Gen:  0)
   521592      4152   4167040  0.000  0.000    9.781    1.624    0    0  (Gen:  0)
   521648      3984   4166904  0.000  0.000    9.782    1.624    0    0  (Gen:  0)
   521384      4152   4167160  0.000  0.000    9.782    1.624    0    0  (Gen:  0)
   521640      6240   4169280  0.000  0.000    9.783    1.624    0    0  (Gen:  0)
   521472      4136   4169152  0.000  0.000    9.783    1.624    0    0  (Gen:  0)
   521728      3936   4169040  0.000  0.000    9.784    1.624    0    0  (Gen:  0)
   521752      4184   4169304  0.000  0.000    9.785    1.625    0    0  (Gen:  0)
   521736      4104   4169272  0.000  0.000    9.785    1.625    0    0  (Gen:  0)
   521624      6560   4171744  0.000  0.000    9.786    1.625    0    0  (Gen:  0)
   521608      6344   4171592  0.000  0.000    9.786    1.625    0    0  (Gen:  0)
   521496      4152   4171808  0.000  0.000    9.787    1.625    0    0  (Gen:  0)
   521408      4112   4171800  0.000  0.000    9.787    1.625    0    0  (Gen:  0)
   521608      4160   4171880  0.000  0.000    9.788    1.625    0    0  (Gen:  0)
   521552      4104   4171840  0.000  0.000    9.788    1.625    0    0  (Gen:  0)
   521696      6224   4173976  0.000  0.000    9.789    1.626    0    0  (Gen:  0)
   521360      4136   4174016  0.000  0.000    9.790    1.626    0    0  (Gen:  0)
   521560      4120   4174088  0.000  0.000    9.790    1.626    0    0  (Gen:  0)
   521736      4064   4174064  0.000  0.000    9.791    1.626    0    0  (Gen:  0)
   521720      4152   4174240  0.000  0.000    9.791    1.626    0    0  (Gen:  0)
   521488      6688   4176808  0.000  0.000    9.792    1.626    0    0  (Gen:  0)
   521656      6632   4176816  0.000  0.000    9.792    1.626    0    0  (Gen:  0)
   521416      3904   4176584  0.000  0.000    9.793    1.626    0    0  (Gen:  0)
   521408      4104   4176800  0.000  0.000    9.794    1.626    0    0  (Gen:  0)
   521320      4048   4176792  0.000  0.000    9.794    1.627    0    0  (Gen:  0)
   521616      4632   4177392  0.000  0.000    9.795    1.627    0    0  (Gen:  0)
   521632      4136   4177168  0.000  0.000    9.795    1.627    0    0  (Gen:  0)
   521712      4208   4177400  0.000  0.000    9.796    1.627    0    0  (Gen:  0)
   521688      4400   4177624  0.000  0.000    9.796    1.627    0    0  (Gen:  0)
   521576      4360   4177840  0.000  0.000    9.797    1.627    0    0  (Gen:  0)
   521544      4400   4178120  0.000  0.000    9.798    1.627    0    0  (Gen:  0)
   521424      7144   4181264  0.000  0.000    9.798    1.627    0    0  (Gen:  0)
   521808      5664   4181304  0.000  0.000    9.799    1.628    0    0  (Gen:  0)
   521728      3896   4181192  0.000  0.000    9.799    1.628    0    0  (Gen:  0)
   521408      3968   4181280  0.000  0.000    9.800    1.628    0    0  (Gen:  0)
   521528      4008   4181368  0.000  0.000    9.801    1.628    0    0  (Gen:  0)
   521760      4336   4181712  0.000  0.000    9.801    1.628    0    0  (Gen:  0)
   521792      4056   4181480  0.000  0.000    9.802    1.628    0    0  (Gen:  0)
   521624      4096   4181680  0.000  0.000    9.802    1.628    0    0  (Gen:  0)
   521864      4168   4181784  0.000  0.000    9.803    1.628    0    0  (Gen:  0)
   521832      3976   4181624  0.000  0.000    9.803    1.629    0    0  (Gen:  0)
   521520      4008   4181672  0.000  0.000    9.804    1.629    0    0  (Gen:  0)
   521768      6032   4183712  0.000  0.000    9.805    1.629    0    0  (Gen:  0)
   521352      5824   4183584  0.000  0.000    9.805    1.629    0    0  (Gen:  0)
   521672      4240   4183848  0.000  0.000    9.806    1.629    0    0  (Gen:  0)
   521472      4104   4183744  0.000  0.000    9.806    1.629    0    0  (Gen:  0)
   521632      4008   4183736  0.000  0.000    9.807    1.629    0    0  (Gen:  0)
   521552      4312   4184072  0.000  0.000    9.807    1.629    0    0  (Gen:  0)
   521640      4072   4183880  0.000  0.000    9.808    1.630    0    0  (Gen:  0)
   521744      4032   4183928  0.000  0.000    9.808    1.630    0    0  (Gen:  0)
   521848      4224   4184136  0.000  0.000    9.809    1.630    0    0  (Gen:  0)
   521768      4120   4184080  0.000  0.000    9.810    1.630    0    0  (Gen:  0)
   521536      6792   4186768  0.000  0.000    9.810    1.630    0    0  (Gen:  0)
   521592      6648   4186688  0.000  0.000    9.811    1.630    0    0  (Gen:  0)
   521440      4136   4186760  0.000  0.000    9.811    1.630    0    0  (Gen:  0)
   521600      4152   4186808  0.000  0.000    9.812    1.630    0    0  (Gen:  0)
   521576      4120   4186808  0.000  0.000    9.812    1.630    0    0  (Gen:  0)
   521392      4032   4186736  0.000  0.000    9.813    1.631    0    0  (Gen:  0)
   521736      4496   4187216  0.000  0.000    9.813    1.631    0    0  (Gen:  0)
   521760      4192   4187200  0.000  0.000    9.814    1.631    0    0  (Gen:  0)
   521280      4296   4187392  0.000  0.000    9.815    1.631    0    0  (Gen:  0)
   521776      4080   4187432  0.000  0.000    9.815    1.631    0    0  (Gen:  0)
   521720      4424   4187864  0.000  0.000    9.816    1.631    0    0  (Gen:  0)
   521432      7864   4191720  0.000  0.000    9.816    1.631    0    0  (Gen:  0)
   521792      6064   4191744  0.000  0.000    9.817    1.631    0    0  (Gen:  0)
   521768      4048   4191648  0.000  0.000    9.817    1.632    0    0  (Gen:  0)
   521464      4208   4191824  0.000  0.000    9.818    1.632    0    0  (Gen:  0)
   521208      4088   4191752  0.000  0.000    9.819    1.632    0    0  (Gen:  0)
   521600      5736   4193392  0.000  0.000    9.819    1.632    0    0  (Gen:  0)
   521880      4408   4193440  0.000  0.000    9.820    1.632    0    0  (Gen:  0)
   521760      3968   4193488  0.000  0.000    9.820    1.632    0    0  (Gen:  0)
   521880      4168   4193720  0.000  0.000    9.821    1.632    0    0  (Gen:  0)
   521272      3968   4193552  0.000  0.000    9.822    1.632    0    0  (Gen:  0)
   521464      4136   4193808  0.000  0.000    9.822    1.633    0    0  (Gen:  0)
   521648      6432   4196136  0.000  0.000    9.823    1.633    0    0  (Gen:  0)
   521584      6424   4196192  0.000  0.000    9.823    1.633    0    0  (Gen:  0)
   521376      4680   4196752  0.000  0.000    9.824    1.633    0    0  (Gen:  0)
   521768      5104   4197896  0.000  0.000    9.825    1.633    0    0  (Gen:  0)
   521800      3760   4197536  0.000  0.000    9.825    1.633    0    0  (Gen:  0)
   521624      4168   4197960  0.000  0.000    9.826    1.633    0    0  (Gen:  0)
   521704      4120   4197960  0.000  0.000    9.826    1.633    0    0  (Gen:  0)
   521592      3984   4197984  0.000  0.000    9.827    1.633    0    0  (Gen:  0)
   521912      4184   4198216  0.000  0.000    9.827    1.634    0    0  (Gen:  0)
   521792      4104   4198168  0.000  0.000    9.828    1.634    0    0  (Gen:  0)
   521560      4016   4198096  0.000  0.000    9.828    1.634    0    0  (Gen:  0)
   521576      6264   4200360  0.000  0.000    9.829    1.634    0    0  (Gen:  0)
   521768      6176   4200352  0.000  0.000    9.830    1.634    0    0  (Gen:  0)
   521648      4248   4200480  0.000  0.000    9.830    1.634    0    0  (Gen:  0)
   521568      4288   4200552  0.000  0.000    9.831    1.634    0    0  (Gen:  0)
   521512      3952   4200304  0.000  0.000    9.831    1.634    0    0  (Gen:  0)
   521792      6048   4202432  0.000  0.000    9.832    1.635    0    0  (Gen:  0)
   521224      4264   4202464  0.000  0.000    9.832    1.635    0    0  (Gen:  0)
   521536      3848   4202136  0.000  0.000    9.833    1.635    0    0  (Gen:  0)
   521520      4192   4202496  0.000  0.000    9.833    1.635    0    0  (Gen:  0)
   521792      3992   4202344  0.000  0.000    9.834    1.635    0    0  (Gen:  0)
   521776      6640   4205008  0.000  0.000    9.835    1.635    0    0  (Gen:  0)
   521544      6520   4204952  0.000  0.000    9.835    1.635    0    0  (Gen:  0)
   521528      4224   4205072  0.000  0.000    9.836    1.635    0    0  (Gen:  0)
   521536      4096   4204976  0.000  0.000    9.836    1.636    0    0  (Gen:  0)
   521616      4160   4205072  0.000  0.000    9.837    1.636    0    0  (Gen:  0)
   521480      4080   4205008  0.000  0.000    9.837    1.636    0    0  (Gen:  0)
   521696      4552   4205496  0.000  0.000    9.838    1.636    0    0  (Gen:  0)
   521784      4232   4205464  0.000  0.000    9.838    1.636    0    0  (Gen:  0)
   521312      4584   4205904  0.000  0.000    9.839    1.636    0    0  (Gen:  0)
   521752      4064   4205640  0.000  0.000    9.840    1.636    0    0  (Gen:  0)
   521720      4448   4206112  0.000  0.000    9.840    1.636    0    0  (Gen:  0)
   521336      7856   4209936  0.000  0.000    9.841    1.636    0    0  (Gen:  0)
   521752      6064   4209648  0.000  0.000    9.841    1.637    0    0  (Gen:  0)
   521752      3952   4209792  0.000  0.000    9.842    1.637    0    0  (Gen:  0)
   521520      4168   4210040  0.000  0.000    9.842    1.637    0    0  (Gen:  0)
   521544      4080   4209984  0.001  0.000    9.843    1.637    0    0  (Gen:  0)
   521536      3992   4209912  0.000  0.000    9.844    1.637    0    0  (Gen:  0)
   521648      6144   4212080  0.000  0.000    9.844    1.637    0    0  (Gen:  0)
   521480      4056   4211984  0.000  0.000    9.845    1.637    0    0  (Gen:  0)
   521704      4280   4212296  0.000  0.000    9.845    1.637    0    0  (Gen:  0)
   521776      3968   4212016  0.000  0.000    9.846    1.638    0    0  (Gen:  0)
   521736      4120   4212256  0.000  0.000    9.847    1.638    0    0  (Gen:  0)
   521560      6344   4214512  0.000  0.000    9.847    1.638    0    0  (Gen:  0)
   521440      6440   4214672  0.000  0.000    9.848    1.638    0    0  (Gen:  0)
   521712      3968   4214536  0.000  0.000    9.848    1.638    0    0  (Gen:  0)
   521424      4024   4214608  0.000  0.000    9.849    1.638    0    0  (Gen:  0)
   521544      4176   4214808  0.000  0.000    9.849    1.638    0    0  (Gen:  0)
   521584      6400   4217048  0.000  0.000    9.850    1.638    0    0  (Gen:  0)
   521664      4112   4216872  0.000  0.000    9.851    1.639    0    0  (Gen:  0)
   521384      4208   4217128  0.000  0.000    9.851    1.639    0    0  (Gen:  0)
   521504      4208   4217160  0.000  0.000    9.852    1.639    0    0  (Gen:  0)
   521888      3912   4216896  0.000  0.000    9.852    1.639    0    0  (Gen:  0)
   521568      3848   4216848  0.000  0.000    9.853    1.639    0    0  (Gen:  0)
   521472      6720   4219736  0.000  0.000    9.853    1.639    0    0  (Gen:  0)
   521800      6656   4219752  0.000  0.000    9.854    1.639    0    0  (Gen:  0)
   521240      4136   4219728  0.000  0.000    9.854    1.639    0    0  (Gen:  0)
   521344      4120   4219744  0.000  0.000    9.855    1.639    0    0  (Gen:  0)
   521344      4152   4219864  0.000  0.000    9.855    1.640    0    0  (Gen:  0)
   521744      4552   4220296  0.000  0.000    9.856    1.640    0    0  (Gen:  0)
   521696      4232   4220248  0.000  0.000    9.857    1.640    0    0  (Gen:  0)
   521824      4192   4220296  0.007  0.001    9.866    1.641    0    0  (Gen:  0)
   521424      4304   4220424  0.001  0.000    9.869    1.642    0    0  (Gen:  0)
   521584      4304   4220696  0.001  0.000    9.871    1.642    0    0  (Gen:  0)
   521528      7752   4224384  0.003  0.000    9.874    1.642    0    0  (Gen:  0)
   521608      5776   4224232  0.004  0.000    9.884    1.643    0    0  (Gen:  0)
   521752      4192   4224376  0.000  0.000    9.893    1.645    0    0  (Gen:  0)
   521576      4280   4224496  0.000  0.000    9.901    1.646    0    0  (Gen:  0)
   521544      4216   4224464  0.009  0.001    9.914    1.648    0    0  (Gen:  0)
   521624      4272   4224536  0.000  0.000    9.922    1.649    0    0  (Gen:  0)
   521768      4144   4224424  0.000  0.000    9.936    1.651    0    0  (Gen:  0)
   521632      4136   4224480  0.000  0.000    9.945    1.652    0    0  (Gen:  0)
   521800      3920   4224352  0.009  0.001    9.958    1.654    0    0  (Gen:  0)
   521800      4000   4224448  0.000  0.000    9.966    1.655    0    0  (Gen:  0)
   521776      4048   4224544  0.009  0.001    9.979    1.657    0    0  (Gen:  0)
   521664      6048   4226560  0.001  0.000    9.985    1.658    0    0  (Gen:  0)
   521664      5968   4226544  0.001  0.000    9.986    1.658    0    0  (Gen:  0)
   521352      4136   4226632  0.001  0.000    9.987    1.658    0    0  (Gen:  0)
   521456      3960   4226488  0.001  0.000    9.989    1.658    0    0  (Gen:  0)
   521712      4064   4226624  0.001  0.000    9.990    1.658    0    0  (Gen:  0)
   521528      4008   4226584  0.001  0.000    9.991    1.659    0    0  (Gen:  0)
   521648      4144   4226736  0.001  0.000    9.992    1.659    0    0  (Gen:  0)
   521536      4208   4226864  0.000  0.000    9.992    1.659    0    0  (Gen:  0)
   522040      4264   4227008  0.000  0.000    9.993    1.659    0    0  (Gen:  0)
   521544      3944   4226720  0.000  0.000    9.993    1.659    0    0  (Gen:  0)
   521912      4112   4226976  0.000  0.000    9.994    1.659    0    0  (Gen:  0)
   521384      6792   4229688  0.000  0.000    9.995    1.659    0    0  (Gen:  0)
   521584      6480   4229440  0.000  0.000    9.995    1.659    0    0  (Gen:  0)
   521552      3936   4229408  0.000  0.000    9.996    1.660    0    0  (Gen:  0)
   521616      4072   4229560  0.000  0.000    9.996    1.660    0    0  (Gen:  0)
   521360      4064   4229600  0.000  0.000    9.997    1.660    0    0  (Gen:  0)
   521712      4416   4229968  0.000  0.000    9.997    1.660    0    0  (Gen:  0)
   521624      4104   4229928  0.000  0.000    9.998    1.660    0    0  (Gen:  0)
   521600      4056   4230040  0.000  0.000    9.998    1.660    0    0  (Gen:  0)
   521432      4448   4230464  0.000  0.000    9.999    1.660    0    0  (Gen:  0)
   521712      4432   4230704  0.000  0.000    9.999    1.660    0    0  (Gen:  0)
   521664      4432   4230944  0.000  0.000   10.000    1.661    0    0  (Gen:  0)
   521504      7720   4234632  0.000  0.000   10.001    1.661    0    0  (Gen:  0)
   521760      6096   4234688  0.000  0.000   10.001    1.661    0    0  (Gen:  0)
   521680      4192   4234704  0.000  0.000   10.002    1.661    0    0  (Gen:  0)
   521440      4104   4234648  0.000  0.000   10.002    1.661    0    0  (Gen:  0)
   521312      4064   4234696  0.000  0.000   10.003    1.661    0    0  (Gen:  0)
   521824      5928   4236592  0.000  0.000   10.003    1.661    0    0  (Gen:  0)
   521824      4376   4236720  0.000  0.000   10.004    1.661    0    0  (Gen:  0)
   521704      4000   4236432  0.000  0.000   10.004    1.661    0    0  (Gen:  0)
   521752      4336   4236784  0.000  0.000   10.005    1.662    0    0  (Gen:  0)
   521208      4160   4236656  0.000  0.000   10.006    1.662    0    0  (Gen:  0)
   521440      4160   4236672  0.000  0.000   10.006    1.662    0    0  (Gen:  0)
   521848      6368   4238944  0.000  0.000   10.007    1.662    0    0  (Gen:  0)
   521384      6272   4238944  0.000  0.000   10.007    1.662    0    0  (Gen:  0)
   521640      5536   4240416  0.000  0.000   10.008    1.662    0    0  (Gen:  0)
   521680      3992   4240480  0.000  0.000   10.008    1.662    0    0  (Gen:  0)
   521848      4000   4240576  0.000  0.000   10.009    1.662    0    0  (Gen:  0)
   521568      4280   4240888  0.000  0.000   10.010    1.663    0    0  (Gen:  0)
   521616      4104   4240760  0.000  0.000   10.010    1.663    0    0  (Gen:  0)
   521808      3992   4240736  0.000  0.000   10.011    1.663    0    0  (Gen:  0)
   521792      4168   4240928  0.000  0.000   10.011    1.663    0    0  (Gen:  0)
   521800      3760   4240568  0.000  0.000   10.012    1.663    0    0  (Gen:  0)
   521448      6208   4243032  0.000  0.000   10.012    1.663    0    0  (Gen:  0)
   521776      6160   4243048  0.000  0.000   10.013    1.663    0    0  (Gen:  0)
   521696      4152   4243168  0.000  0.000   10.013    1.663    0    0  (Gen:  0)
   521536      4056   4243104  0.000  0.000   10.014    1.663    0    0  (Gen:  0)
   521488      4176   4243256  0.000  0.000   10.014    1.664    0    0  (Gen:  0)
   521672      4048   4243144  0.000  0.000   10.015    1.664    0    0  (Gen:  0)
   521616      6008   4245120  0.000  0.000   10.015    1.664    0    0  (Gen:  0)
   521264      4304   4245248  0.000  0.000   10.016    1.664    0    0  (Gen:  0)
   521584      4096   4245128  0.000  0.000   10.017    1.664    0    0  (Gen:  0)
   521680      4040   4245104  0.000  0.000   10.017    1.664    0    0  (Gen:  0)
   521800      4008   4245160  0.000  0.000   10.018    1.664    0    0  (Gen:  0)
   521648      6544   4247728  0.000  0.000   10.018    1.664    0    0  (Gen:  0)
   521592      6400   4247648  0.000  0.000   10.019    1.665    0    0  (Gen:  0)
   521552      3992   4247584  0.000  0.000   10.019    1.665    0    0  (Gen:  0)
   521576      4224   4247832  0.000  0.000   10.020    1.665    0    0  (Gen:  0)
   521480      4120   4247776  0.000  0.000   10.020    1.665    0    0  (Gen:  0)
   521720      4664   4248336  0.000  0.000   10.021    1.665    0    0  (Gen:  0)
   521600      4176   4248120  0.000  0.000   10.022    1.665    0    0  (Gen:  0)
   521592      4016   4248120  0.000  0.000   10.022    1.665    0    0  (Gen:  0)
   521416      4424   4248560  0.000  0.000   10.023    1.665    0    0  (Gen:  0)
   521744      4376   4248768  0.000  0.000   10.023    1.665    0    0  (Gen:  0)
   521624      4328   4248960  0.000  0.000   10.024    1.666    0    0  (Gen:  0)
   521400      7744   4252776  0.000  0.000   10.024    1.666    0    0  (Gen:  0)
   521736      6360   4252752  0.000  0.000   10.025    1.666    0    0  (Gen:  0)
   521760      4264   4252840  0.000  0.000   10.025    1.666    0    0  (Gen:  0)
   521544      4176   4252784  0.000  0.000   10.026    1.666    0    0  (Gen:  0)
   521456      4304   4253000  0.000  0.000   10.026    1.666    0    0  (Gen:  0)
   521656      6112   4254840  0.000  0.000   10.027    1.666    0    0  (Gen:  0)
   521592      3992   4254696  0.000  0.000   10.028    1.666    0    0  (Gen:  0)
   521528      3848   4254712  0.000  0.000   10.028    1.667    0    0  (Gen:  0)
   521784      4152   4255048  0.000  0.000   10.029    1.667    0    0  (Gen:  0)
   521736      4048   4254976  0.000  0.000   10.029    1.667    0    0  (Gen:  0)
   521704      3992   4254936  0.000  0.000   10.030    1.667    0    0  (Gen:  0)
   521560      6344   4257304  0.000  0.000   10.030    1.667    0    0  (Gen:  0)
   521472      6456   4257496  0.000  0.000   10.031    1.667    0    0  (Gen:  0)
   521560      4176   4257552  0.000  0.000   10.031    1.667    0    0  (Gen:  0)
   521568      4016   4257424  0.000  0.000   10.032    1.667    0    0  (Gen:  0)
   521608      4016   4257512  0.000  0.000   10.032    1.667    0    0  (Gen:  0)
   521440      6216   4259744  0.000  0.000   10.033    1.668    0    0  (Gen:  0)
   521600      4192   4259832  0.000  0.000   10.034    1.668    0    0  (Gen:  0)
   521496      3992   4259720  0.000  0.000   10.034    1.668    0    0  (Gen:  0)
   521576      4152   4259896  0.000  0.000   10.035    1.668    0    0  (Gen:  0)
   521768      4104   4259896  0.000  0.000   10.035    1.668    0    0  (Gen:  0)
   521544      6848   4262656  0.000  0.000   10.036    1.668    0    0  (Gen:  0)
   521600      6624   4262496  0.000  0.000   10.036    1.668    0    0  (Gen:  0)
   521600      4080   4262520  0.000  0.000   10.037    1.668    0    0  (Gen:  0)
   521408      4072   4262544  0.000  0.000   10.038    1.669    0    0  (Gen:  0)
   521192      4160   4262664  0.000  0.000   10.038    1.669    0    0  (Gen:  0)
   521536      3920   4262440  0.000  0.000   10.039    1.669    0    0  (Gen:  0)
   521744      4552   4263088  0.000  0.000   10.039    1.669    0    0  (Gen:  0)
   521720      4040   4262864  0.000  0.000   10.040    1.669    0    0  (Gen:  0)
   521688      4472   4263384  0.000  0.000   10.040    1.669    0    0  (Gen:  0)
   521576      4152   4263320  0.000  0.000   10.041    1.669    0    0  (Gen:  0)
   521480      4496   4263752  0.000  0.000   10.041    1.669    0    0  (Gen:  0)
   521424      7480   4267152  0.000  0.000   10.042    1.670    0    0  (Gen:  0)
   521768      5816   4267152  0.000  0.000   10.042    1.670    0    0  (Gen:  0)
   521784      4048   4267040  0.000  0.000   10.043    1.670    0    0  (Gen:  0)
   521432      4240   4267248  0.000  0.000   10.044    1.670    0    0  (Gen:  0)
   521536      4024   4267080  0.001  0.000   10.045    1.670    0    0  (Gen:  0)
   521624      4408   4267480  0.000  0.000   10.046    1.670    0    0  (Gen:  0)
   521896      4232   4267352  0.000  0.000   10.046    1.670    0    0  (Gen:  0)
   521568      4248   4267528  0.000  0.000   10.047    1.670    0    0  (Gen:  0)
   521912      4304   4267616  0.000  0.000   10.047    1.671    0    0  (Gen:  0)
   521720      4344   4267688  0.000  0.000   10.048    1.671    0    0  (Gen:  0)
   521800      3840   4267200  0.000  0.000   10.049    1.671    0    0  (Gen:  0)
   521584      5992   4269368  0.000  0.000   10.049    1.671    0    0  (Gen:  0)
   521568      6008   4269464  0.000  0.000   10.050    1.671    0    0  (Gen:  0)
   521520      3952   4269256  0.000  0.000   10.050    1.671    0    0  (Gen:  0)
   521472      4008   4269328  0.000  0.000   10.051    1.671    0    0  (Gen:  0)
   521504      4040   4269408  0.000  0.000   10.051    1.671    0    0  (Gen:  0)
   521624      4280   4269664  0.000  0.000   10.052    1.672    0    0  (Gen:  0)
   521736      4136   4269568  0.000  0.000   10.052    1.672    0    0  (Gen:  0)
   521560      4032   4269624  0.000  0.000   10.053    1.672    0    0  (Gen:  0)
   521904      4096   4269720  0.000  0.000   10.053    1.672    0    0  (Gen:  0)
   521832      3992   4269648  0.000  0.000   10.054    1.672    0    0  (Gen:  0)
   521552      3968   4269640  0.000  0.000   10.054    1.672    0    0  (Gen:  0)
   521584      6624   4272312  0.000  0.000   10.055    1.672    0    0  (Gen:  0)
   521416      6632   4272400  0.000  0.000   10.056    1.672    0    0  (Gen:  0)
   521592      4248   4272528  0.000  0.000   10.056    1.672    0    0  (Gen:  0)
   521664      4040   4272352  0.000  0.000   10.057    1.673    0    0  (Gen:  0)
   521384      4208   4272608  0.000  0.000   10.057    1.673    0    0  (Gen:  0)
   521664      4400   4272832  0.000  0.000   10.058    1.673    0    0  (Gen:  0)
   521752      4048   4272752  0.000  0.000   10.058    1.673    0    0  (Gen:  0)
   521368      3864   4272656  0.000  0.000   10.059    1.673    0    0  (Gen:  0)
   521696      4504   4273312  0.000  0.000   10.059    1.673    0    0  (Gen:  0)
   521640      4288   4273368  0.000  0.000   10.060    1.673    0    0  (Gen:  0)
   521472      8136   4277456  0.000  0.000   10.060    1.673    0    0  (Gen:  0)
   521776      5992   4277296  0.000  0.000   10.061    1.674    0    0  (Gen:  0)
   521752      4112   4277408  0.000  0.000   10.062    1.674    0    0  (Gen:  0)
   521592      4208   4277536  0.000  0.000   10.062    1.674    0    0  (Gen:  0)
   521256      4128   4277488  0.000  0.000   10.063    1.674    0    0  (Gen:  0)
   521504      3920   4277296  0.000  0.000   10.063    1.674    0    0  (Gen:  0)
   521840      5944   4279336  0.000  0.000   10.064    1.674    0    0  (Gen:  0)
   521752      4192   4279280  0.000  0.000   10.064    1.674    0    0  (Gen:  0)
   521800      4280   4279456  0.000  0.000   10.065    1.674    0    0  (Gen:  0)
   521560      4176   4279384  0.000  0.000   10.065    1.674    0    0  (Gen:  0)
   521280      4064   4279360  0.000  0.000   10.066    1.675    0    0  (Gen:  0)
   521640      6584   4281912  0.000  0.000   10.066    1.675    0    0  (Gen:  0)
   521552      6576   4281968  0.000  0.000   10.067    1.675    0    0  (Gen:  0)
   521376      4512   4282208  0.000  0.000   10.068    1.675    0    0  (Gen:  0)
   521824      5312   4283408  0.000  0.000   10.068    1.675    0    0  (Gen:  0)
   521784      3976   4283376  0.000  0.000   10.069    1.675    0    0  (Gen:  0)
   521744      3832   4283248  0.000  0.000   10.069    1.675    0    0  (Gen:  0)
   521568      4256   4283688  0.000  0.000   10.070    1.675    0    0  (Gen:  0)
   521640      4120   4283616  0.000  0.000   10.070    1.676    0    0  (Gen:  0)
   521888      3960   4283544  0.000  0.000   10.071    1.676    0    0  (Gen:  0)
   521680      3992   4283608  0.000  0.000   10.071    1.676    0    0  (Gen:  0)
   521848      4000   4283704  0.000  0.000   10.072    1.676    0    0  (Gen:  0)
   521400      6224   4285960  0.000  0.000   10.073    1.676    0    0  (Gen:  0)
   521768      6184   4285984  0.000  0.000   10.073    1.676    0    0  (Gen:  0)
   521640      3880   4285736  0.000  0.000   10.074    1.676    0    0  (Gen:  0)
   521680      4008   4285880  0.000  0.000   10.074    1.676    0    0  (Gen:  0)
   521424      4096   4286016  0.000  0.000   10.075    1.677    0    0  (Gen:  0)
   521832      6096   4288032  0.000  0.000   10.075    1.677    0    0  (Gen:  0)
   521248      4160   4287912  0.000  0.000   10.076    1.677    0    0  (Gen:  0)
   521448      4072   4287984  0.000  0.000   10.076    1.677    0    0  (Gen:  0)
   521568      4184   4288128  0.000  0.000   10.077    1.677    0    0  (Gen:  0)
   521792      4232   4288208  0.000  0.000   10.077    1.677    0    0  (Gen:  0)
   521680      3976   4287968  0.000  0.000   10.078    1.677    0    0  (Gen:  0)
   521592      6416   4290424  0.000  0.000   10.078    1.677    0    0  (Gen:  0)
   521616      6352   4290440  0.000  0.000   10.079    1.677    0    0  (Gen:  0)
   521600      4280   4290712  0.000  0.000   10.080    1.678    0    0  (Gen:  0)
   521536      3920   4290384  0.000  0.000   10.080    1.678    0    0  (Gen:  0)
   521544      4136   4290688  0.000  0.000   10.081    1.678    0    0  (Gen:  0)
   521640      4504   4291088  0.000  0.000   10.081    1.678    0    0  (Gen:  0)
   521672      4120   4290976  0.000  0.000   10.082    1.678    0    0  (Gen:  0)
   521400      4048   4290992  0.000  0.000   10.082    1.678    0    0  (Gen:  0)
   521640      4448   4291408  0.000  0.000   10.083    1.678    0    0  (Gen:  0)
   521744      4360   4291592  0.000  0.000   10.083    1.678    0    0  (Gen:  0)
   521480      8064   4295536  0.000  0.000   10.084    1.679    0    0  (Gen:  0)
   521600      6344   4295480  0.000  0.000   10.084    1.679    0    0  (Gen:  0)
   521744      4064   4295456  0.000  0.000   10.085    1.679    0    0  (Gen:  0)
   521632      4136   4295560  0.000  0.000   10.085    1.679    0    0  (Gen:  0)
   521640      4288   4295744  0.000  0.000   10.086    1.679    0    0  (Gen:  0)
   521344      4024   4295496  0.000  0.000   10.087    1.679    0    0  (Gen:  0)
   521632      6256   4297744  0.000  0.000   10.087    1.679    0    0  (Gen:  0)
   521472      4248   4297728  0.000  0.000   10.088    1.679    0    0  (Gen:  0)
   521776      4432   4298000  0.000  0.000   10.088    1.679    0    0  (Gen:  0)
   521744      4272   4297872  0.000  0.000   10.089    1.680    0    0  (Gen:  0)
   521752      3944   4297632  0.000  0.000   10.089    1.680    0    0  (Gen:  0)
   521576      6488   4300208  0.000  0.000   10.090    1.680    0    0  (Gen:  0)
   521592      6296   4300080  0.000  0.000   10.090    1.680    0    0  (Gen:  0)
   521520      4136   4300328  0.000  0.000   10.091    1.680    0    0  (Gen:  0)
   521424      4024   4300248  0.000  0.000   10.092    1.680    0    0  (Gen:  0)
   521576      3992   4300248  0.000  0.000   10.092    1.680    0    0  (Gen:  0)
   521648      3976   4300248  0.000  0.000   10.093    1.680    0    0  (Gen:  0)
   521568      6376   4302664  0.000  0.000   10.093    1.681    0    0  (Gen:  0)
   521360      3872   4302288  0.000  0.000   10.094    1.681    0    0  (Gen:  0)
   521600      4208   4302712  0.000  0.000   10.094    1.681    0    0  (Gen:  0)
   521792      3968   4302504  0.000  0.000   10.095    1.681    0    0  (Gen:  0)
   521688      4120   4302744  0.000  0.000   10.095    1.681    0    0  (Gen:  0)
   521456      6608   4305264  0.000  0.000   10.096    1.681    0    0  (Gen:  0)
   521760      6672   4305392  0.000  0.000   10.096    1.681    0    0  (Gen:  0)
   521336      4080   4305296  0.000  0.000   10.097    1.681    0    0  (Gen:  0)
   521376      4128   4305360  0.000  0.000   10.097    1.681    0    0  (Gen:  0)
   521240      4176   4305456  0.000  0.000   10.098    1.682    0    0  (Gen:  0)
   521784      4312   4305608  0.000  0.000   10.099    1.682    0    0  (Gen:  0)
   521608      4096   4305664  0.000  0.000   10.099    1.682    0    0  (Gen:  0)
   521840      3920   4305648  0.000  0.000   10.100    1.682    0    0  (Gen:  0)
   521480      4360   4306120  0.000  0.000   10.100    1.682    0    0  (Gen:  0)
   521632      4328   4306344  0.000  0.000   10.101    1.682    0    0  (Gen:  0)
   521568      4408   4306664  0.000  0.000   10.101    1.682    0    0  (Gen:  0)
   521464      7368   4310024  0.000  0.000   10.102    1.682    0    0  (Gen:  0)
   521664      5832   4310008  0.000  0.000   10.102    1.683    0    0  (Gen:  0)
   521776      4144   4309976  0.000  0.000   10.103    1.683    0    0  (Gen:  0)
   521384      4120   4309984  0.000  0.000   10.103    1.683    0    0  (Gen:  0)
   521720      3976   4309928  0.000  0.000   10.104    1.683    0    0  (Gen:  0)
   521624      4200   4310184  0.000  0.000   10.104    1.683    0    0  (Gen:  0)
   521872      4264   4310296  0.000  0.000   10.105    1.683    0    0  (Gen:  0)
   521576      4048   4310168  0.000  0.000   10.105    1.683    0    0  (Gen:  0)
   521832      4176   4310312  0.000  0.000   10.106    1.683    0    0  (Gen:  0)
   521776      4176   4310360  0.000  0.000   10.107    1.683    0    0  (Gen:  0)
   521648      6344   4312544  0.000  0.000   10.107    1.684    0    0  (Gen:  0)
   521696      5672   4311936  0.000  0.000   10.108    1.684    0    0  (Gen:  0)
   521392      4000   4312184  0.000  0.000   10.108    1.684    0    0  (Gen:  0)
   521568      4168   4312384  0.000  0.000   10.109    1.684    0    0  (Gen:  0)
   521600      3976   4312224  0.000  0.000   10.109    1.684    0    0  (Gen:  0)
   521496      3936   4312272  0.000  0.000   10.110    1.684    0    0  (Gen:  0)
   521608      4296   4312664  0.000  0.000   10.110    1.684    0    0  (Gen:  0)
   521664      4096   4312512  0.000  0.000   10.111    1.684    0    0  (Gen:  0)
   521792      3936   4312440  0.000  0.000   10.111    1.685    0    0  (Gen:  0)
   521808      4184   4312704  0.000  0.000   10.112    1.685    0    0  (Gen:  0)
   521784      4104   4312672  0.000  0.000   10.112    1.685    0    0  (Gen:  0)
   521552      6680   4315264  0.000  0.000   10.113    1.685    0    0  (Gen:  0)
   521528      6576   4315224  0.000  0.000   10.114    1.685    0    0  (Gen:  0)
   521568      4192   4315424  0.000  0.000   10.114    1.685    0    0  (Gen:  0)
   521432      4064   4315328  0.000  0.000   10.115    1.685    0    0  (Gen:  0)
   521600      4120   4315416  0.000  0.000   10.115    1.685    0    0  (Gen:  0)
   521496      3992   4315304  0.000  0.000   10.116    1.685    0    0  (Gen:  0)
   521728      4448   4315776  0.000  0.000   10.116    1.686    0    0  (Gen:  0)
   521736      4136   4315752  0.000  0.000   10.117    1.686    0    0  (Gen:  0)
   521288      4416   4316120  0.000  0.000   10.117    1.686    0    0  (Gen:  0)
   521728      4136   4316096  0.000  0.000   10.118    1.686    0    0  (Gen:  0)
   521656      4576   4316624  0.000  0.000   10.118    1.686    0    0  (Gen:  0)
   521520      7776   4320240  0.000  0.000   10.119    1.686    0    0  (Gen:  0)
   521800      5992   4320280  0.000  0.000   10.120    1.686    0    0  (Gen:  0)
   521736      4104   4320312  0.000  0.000   10.120    1.686    0    0  (Gen:  0)
   521408      4144   4320368  0.000  0.000   10.121    1.687    0    0  (Gen:  0)
   521288      4048   4320320  0.000  0.000   10.121    1.687    0    0  (Gen:  0)
   521680      5872   4322160  0.000  0.000   10.122    1.687    0    0  (Gen:  0)
   521848      4208   4322176  0.000  0.000   10.122    1.687    0    0  (Gen:  0)
   521736      4208   4322336  0.000  0.000   10.123    1.687    0    0  (Gen:  0)
   521872      4160   4322320  0.000  0.000   10.123    1.687    0    0  (Gen:  0)
   521256      4152   4322344  0.000  0.000   10.124    1.687    0    0  (Gen:  0)
   521368      3952   4322160  0.000  0.000   10.124    1.687    0    0  (Gen:  0)
   521768      6600   4324824  0.000  0.000   10.125    1.687    0    0  (Gen:  0)
   521504      6216   4324520  0.000  0.000   10.126    1.688    0    0  (Gen:  0)
   521472      5928   4326536  0.000  0.000   10.126    1.688    0    0  (Gen:  0)
   521768      4072   4326288  0.000  0.000   10.127    1.688    0    0  (Gen:  0)
   521736      4192   4326496  0.000  0.000   10.127    1.688    0    0  (Gen:  0)
   521568      4392   4326728  0.000  0.000   10.128    1.688    0    0  (Gen:  0)
   521800      4112   4326496  0.000  0.000   10.128    1.688    0    0  (Gen:  0)
   521648      3864   4326336  0.000  0.000   10.129    1.688    0    0  (Gen:  0)
   521840      4056   4326544  0.000  0.000   10.129    1.688    0    0  (Gen:  0)
   521784      3976   4326512  0.000  0.000   10.130    1.689    0    0  (Gen:  0)
   521552      3896   4326448  0.000  0.000   10.130    1.689    0    0  (Gen:  0)
   521624      6200   4328768  0.000  0.000   10.131    1.689    0    0  (Gen:  0)
   521744      6080   4328728  0.000  0.000   10.132    1.689    0    0  (Gen:  0)
   521584      4120   4328824  0.000  0.000   10.132    1.689    0    0  (Gen:  0)
   521640      4032   4328768  0.000  0.000   10.133    1.689    0    0  (Gen:  0)
   521536      4152   4328976  0.000  0.000   10.133    1.689    0    0  (Gen:  0)
   521760      5872   4330728  0.000  0.000   10.134    1.689    0    0  (Gen:  0)
   521192      4176   4330848  0.000  0.000   10.134    1.689    0    0  (Gen:  0)
   521528      4024   4330784  0.000  0.000   10.135    1.690    0    0  (Gen:  0)
   521560      4072   4330848  0.000  0.000   10.135    1.690    0    0  (Gen:  0)
   521888      4056   4330880  0.000  0.000   10.136    1.690    0    0  (Gen:  0)
   521696      6528   4333368  0.000  0.000   10.136    1.690    0    0  (Gen:  0)
   521528      6424   4333328  0.000  0.000   10.137    1.690    0    0  (Gen:  0)
   521568      4208   4333528  0.000  0.000   10.138    1.690    0    0  (Gen:  0)
   521552      4120   4333472  0.000  0.000   10.138    1.690    0    0  (Gen:  0)
   521600      4176   4333560  0.000  0.000   10.139    1.690    0    0  (Gen:  0)
   521496      4048   4333448  0.000  0.000   10.139    1.691    0    0  (Gen:  0)
   521640      4456   4333872  0.000  0.000   10.140    1.691    0    0  (Gen:  0)
   521784      4056   4333760  0.000  0.000   10.140    1.691    0    0  (Gen:  0)
   521264      4328   4334120  0.000  0.000   10.141    1.691    0    0  (Gen:  0)
   521776      4120   4334168  0.000  0.000   10.141    1.691    0    0  (Gen:  0)
   521664      4464   4334600  0.000  0.000   10.142    1.691    0    0  (Gen:  0)
   521400      7752   4338304  0.000  0.000   10.143    1.691    0    0  (Gen:  0)
   521784      6328   4338384  0.000  0.000   10.143    1.691    0    0  (Gen:  0)
   521712      4048   4338288  0.000  0.000   10.144    1.692    0    0  (Gen:  0)
   521624      4032   4338288  0.000  0.000   10.144    1.692    0    0  (Gen:  0)
   521400      3976   4338280  0.000  0.000   10.145    1.692    0    0  (Gen:  0)
   521552      6264   4340584  0.000  0.000   10.145    1.692    0    0  (Gen:  0)
   521672      4232   4340528  0.000  0.000   10.146    1.692    0    0  (Gen:  0)
   521408      4176   4340632  0.000  0.000   10.146    1.692    0    0  (Gen:  0)
   521800      4184   4340672  0.001  0.000   10.148    1.692    0    0  (Gen:  0)
   521848      4232   4340752  0.001  0.000   10.149    1.692    0    0  (Gen:  0)
   521672      4136   4340672  0.001  0.000   10.150    1.693    0    0  (Gen:  0)
   521472      6672   4343224  0.001  0.000   10.151    1.693    0    0  (Gen:  0)
   521488      6160   4342792  0.001  0.000   10.152    1.693    0    0  (Gen:  0)
   521736      3824   4342792  0.001  0.000   10.153    1.693    0    0  (Gen:  0)
   521400      4040   4343024  0.001  0.000   10.154    1.693    0    0  (Gen:  0)
   521568      4008   4343040  0.001  0.000   10.155    1.694    0    0  (Gen:  0)
   521592      6256   4345304  0.000  0.000   10.156    1.694    0    0  (Gen:  0)
   521632      4080   4345240  0.000  0.000   10.156    1.694    0    0  (Gen:  0)
   521424      3984   4345304  0.000  0.000   10.157    1.694    0    0  (Gen:  0)
   521536      4184   4345536  0.000  0.000   10.157    1.694    0    0  (Gen:  0)
   521744      4048   4345432  0.000  0.000   10.158    1.694    0    0  (Gen:  0)
   521720      4080   4345480  0.000  0.000   10.158    1.694    0    0  (Gen:  0)
   521472      6624   4348040  0.000  0.000   10.159    1.694    0    0  (Gen:  0)
   521744      6544   4348040  0.000  0.000   10.159    1.695    0    0  (Gen:  0)
   521288      4200   4348192  0.000  0.000   10.160    1.695    0    0  (Gen:  0)
   521248      3920   4347944  0.000  0.000   10.160    1.695    0    0  (Gen:  0)
   521456      4176   4348288  0.000  0.000   10.161    1.695    0    0  (Gen:  0)
   521672      4504   4348648  0.000  0.000   10.161    1.695    0    0  (Gen:  0)
   521760      4320   4348736  0.000  0.000   10.162    1.695    0    0  (Gen:  0)
   521696      3944   4348448  0.000  0.000   10.162    1.695    0    0  (Gen:  0)
   521512      4504   4349024  0.000  0.000   10.163    1.695    0    0  (Gen:  0)
   521544      4384   4349176  0.000  0.000   10.164    1.695    0    0  (Gen:  0)
   521552      7608   4352640  0.000  0.000   10.164    1.696    0    0  (Gen:  0)
   521584      5744   4352600  0.000  0.000   10.165    1.696    0    0  (Gen:  0)
   521776      3984   4352568  0.000  0.000   10.165    1.696    0    0  (Gen:  0)
   521488      4208   4352824  0.000  0.000   10.166    1.696    0    0  (Gen:  0)
   521576      4088   4352736  0.000  0.000   10.166    1.696    0    0  (Gen:  0)
   521640      4016   4352680  0.000  0.000   10.167    1.696    0    0  (Gen:  0)
   521728      4384   4353064  0.000  0.000   10.167    1.696    0    0  (Gen:  0)
   521728      4232   4352976  0.000  0.000   10.168    1.696    0    0  (Gen:  0)
   521872      4168   4353000  0.000  0.000   10.168    1.696    0    0  (Gen:  0)
   521728      4024   4352888  0.000  0.000   10.169    1.697    0    0  (Gen:  0)
   521720      4168   4353120  0.000  0.000   10.169    1.697    0    0  (Gen:  0)
   521688      5984   4354968  0.000  0.000   10.170    1.697    0    0  (Gen:  0)
   521664      5968   4355016  0.000  0.000   10.171    1.697    0    0  (Gen:  0)
   521360      4120   4355016  0.000  0.000   10.171    1.697    0    0  (Gen:  0)
   521528      4240   4355152  0.000  0.000   10.172    1.697    0    0  (Gen:  0)
   521608      4032   4354992  0.000  0.000   10.172    1.697    0    0  (Gen:  0)
   521584      4360   4355336  0.000  0.000   10.173    1.697    0    0  (Gen:  0)
   521608      4072   4355096  0.000  0.000   10.173    1.698    0    0  (Gen:  0)
   521608      3968   4355152  0.000  0.000   10.174    1.698    0    0  (Gen:  0)
   521896      4152   4355368  0.000  0.000   10.174    1.698    0    0  (Gen:  0)
   521728      3968   4355216  0.000  0.000   10.175    1.698    0    0  (Gen:  0)
   521792      4064   4355400  0.000  0.000   10.175    1.698    0    0  (Gen:  0)
   521360      6656   4358024  0.000  0.000   10.176    1.698    0    0  (Gen:  0)
   521560      6520   4357952  0.000  0.000   10.176    1.698    0    0  (Gen:  0)
   521664      3992   4357936  0.000  0.000   10.177    1.698    0    0  (Gen:  0)
   521496      4224   4358184  0.000  0.000   10.177    1.698    0    0  (Gen:  0)
   521360      3800   4357808  0.000  0.000   10.178    1.699    0    0  (Gen:  0)
   521832      4496   4358520  0.000  0.000   10.179    1.699    0    0  (Gen:  0)
   521560      4136   4358432  0.000  0.000   10.179    1.699    0    0  (Gen:  0)
   521592      4064   4358520  0.000  0.000   10.180    1.699    0    0  (Gen:  0)
   521544      4392   4358880  0.000  0.000   10.180    1.699    0    0  (Gen:  0)
   521648      4368   4359112  0.000  0.000   10.181    1.699    0    0  (Gen:  0)
   521544      4568   4359552  0.000  0.000   10.181    1.699    0    0  (Gen:  0)
   521624      7640   4363184  0.000  0.000   10.182    1.699    0    0  (Gen:  0)
   521808      5976   4363040  0.000  0.000   10.182    1.700    0    0  (Gen:  0)
   521616      4064   4363048  0.000  0.000   10.183    1.700    0    0  (Gen:  0)
   521368      3936   4362952  0.000  0.000   10.183    1.700    0    0  (Gen:  0)
   521384      4064   4363168  0.000  0.000   10.184    1.700    0    0  (Gen:  0)
   521760      5944   4365080  0.000  0.000   10.185    1.700    0    0  (Gen:  0)
   521920      4288   4365104  0.000  0.000   10.185    1.700    0    0  (Gen:  0)
   521656      3936   4364840  0.000  0.000   10.186    1.700    0    0  (Gen:  0)
   521720      4168   4365088  0.000  0.000   10.186    1.700    0    0  (Gen:  0)
   521304      4032   4365000  0.000  0.000   10.187    1.700    0    0  (Gen:  0)
   521424      6552   4367536  0.000  0.000   10.187    1.701    0    0  (Gen:  0)
   521768      6368   4367416  0.000  0.000   10.188    1.701    0    0  (Gen:  0)
   521400      4440   4367880  0.000  0.000   10.188    1.701    0    0  (Gen:  0)
   521648      5624   4369480  0.000  0.000   10.189    1.701    0    0  (Gen:  0)
   521768      4072   4369376  0.000  0.000   10.189    1.701    0    0  (Gen:  0)
   521792      4088   4369408  0.000  0.000   10.190    1.701    0    0  (Gen:  0)
   521536      4368   4369704  0.000  0.000   10.190    1.701    0    0  (Gen:  0)
   521656      4232   4369632  0.000  0.000   10.191    1.701    0    0  (Gen:  0)
   521864      4352   4369840  0.000  0.000   10.192    1.702    0    0  (Gen:  0)
   521768      4072   4369592  0.000  0.000   10.192    1.702    0    0  (Gen:  0)
   521736      4192   4369800  0.000  0.000   10.193    1.702    0    0  (Gen:  0)
   521464      6080   4371720  0.000  0.000   10.193    1.702    0    0  (Gen:  0)
   521792      5888   4371592  0.000  0.000   10.194    1.702    0    0  (Gen:  0)
   521696      4056   4371888  0.000  0.000   10.194    1.702    0    0  (Gen:  0)
   521496      4152   4372016  0.000  0.000   10.195    1.702    0    0  (Gen:  0)
   521520      4032   4371928  0.000  0.000   10.195    1.702    0    0  (Gen:  0)
   521728      3904   4371816  0.000  0.000   10.196    1.702    0    0  (Gen:  0)
   521552      5928   4373856  0.000  0.000   10.196    1.703    0    0  (Gen:  0)
   521216      4192   4373952  0.000  0.000   10.197    1.703    0    0  (Gen:  0)
   521576      4120   4373968  0.000  0.000   10.197    1.703    0    0  (Gen:  0)
   521808      4064   4373944  0.000  0.000   10.198    1.703    0    0  (Gen:  0)
   521776      4152   4374120  0.000  0.000   10.198    1.703    0    0  (Gen:  0)
   521496      6384   4376384  0.000  0.000   10.199    1.703    0    0  (Gen:  0)
   521688      6424   4376488  0.000  0.000   10.200    1.703    0    0  (Gen:  0)
   521544      4024   4376432  0.000  0.000   10.200    1.703    0    0  (Gen:  0)
   521624      4136   4376560  0.000  0.000   10.201    1.704    0    0  (Gen:  0)
   521400      3872   4376344  0.000  0.000   10.201    1.704    0    0  (Gen:  0)
   521736      4592   4377080  0.000  0.000   10.202    1.704    0    0  (Gen:  0)
   521608      4168   4376928  0.000  0.000   10.202    1.704    0    0  (Gen:  0)
   521560      4040   4376960  0.000  0.000   10.203    1.704    0    0  (Gen:  0)
   521544      4472   4377424  0.000  0.000   10.203    1.704    0    0  (Gen:  0)
   521680      4440   4377648  0.000  0.000   10.204    1.704    0    0  (Gen:  0)
   521552      4264   4377712  0.000  0.000   10.204    1.704    0    0  (Gen:  0)
   521496      7608   4381456  0.000  0.000   10.205    1.705    0    0  (Gen:  0)
   521800      6288   4381496  0.000  0.000   10.206    1.705    0    0  (Gen:  0)
   521672      4224   4381616  0.000  0.000   10.206    1.705    0    0  (Gen:  0)
   521544      4136   4381560  0.000  0.000   10.207    1.705    0    0  (Gen:  0)
   521464      4208   4381720  0.000  0.000   10.208    1.705    0    0  (Gen:  0)
   521576      6280   4383824  0.000  0.000   10.208    1.705    0    0  (Gen:  0)
   521608      4056   4383576  0.000  0.000   10.209    1.705    0    0  (Gen:  0)
   521624      4008   4383616  0.000  0.000   10.209    1.705    0    0  (Gen:  0)
   521720      4200   4383824  0.000  0.000   10.210    1.706    0    0  (Gen:  0)
   521776      4120   4383792  0.000  0.000   10.210    1.706    0    0  (Gen:  0)
   521608      6496   4386184  0.000  0.000   10.211    1.706    0    0  (Gen:  0)
   521592      6424   4386176  0.000  0.000   10.212    1.706    0    0  (Gen:  0)
   521488      4168   4386328  0.000  0.000   10.212    1.706    0    0  (Gen:  0)
   521568      4336   4386528  0.000  0.000   10.213    1.706    0    0  (Gen:  0)
   521552      4144   4386368  0.000  0.000   10.213    1.706    0    0  (Gen:  0)
   521592      4072   4386312  0.000  0.000   10.214    1.706    0    0  (Gen:  0)
   521552      6264   4388520  0.000  0.000   10.214    1.706    0    0  (Gen:  0)
   521504      4120   4388504  0.000  0.000   10.215    1.707    0    0  (Gen:  0)
   521576      3864   4388336  0.000  0.000   10.215    1.707    0    0  (Gen:  0)
   521568      4184   4388672  0.000  0.000   10.216    1.707    0    0  (Gen:  0)
   521744      4008   4388544  0.000  0.000   10.216    1.707    0    0  (Gen:  0)
   521544      6752   4391304  0.000  0.000   10.217    1.707    0    0  (Gen:  0)
   521600      6400   4391016  0.000  0.000   10.218    1.707    0    0  (Gen:  0)
   521544      4136   4391320  0.000  0.000   10.218    1.707    0    0  (Gen:  0)
   521456      4192   4391408  0.000  0.000   10.219    1.707    0    0  (Gen:  0)
   521200      3984   4391232  0.000  0.000   10.219    1.708    0    0  (Gen:  0)
   521528      3984   4391248  0.000  0.000   10.220    1.708    0    0  (Gen:  0)
   521720      4520   4391800  0.000  0.000   10.220    1.708    0    0  (Gen:  0)
   521792      4024   4391592  0.000  0.000   10.221    1.708    0    0  (Gen:  0)
   521648      4464   4392120  0.000  0.000   10.221    1.708    0    0  (Gen:  0)
   521472      4104   4392016  0.000  0.000   10.222    1.708    0    0  (Gen:  0)
   521544      4448   4392448  0.000  0.000   10.222    1.708    0    0  (Gen:  0)
   521448      7392   4395808  0.000  0.000   10.223    1.708    0    0  (Gen:  0)
   521792      5688   4395768  0.000  0.000   10.224    1.708    0    0  (Gen:  0)
   521720      3976   4395712  0.000  0.000   10.224    1.709    0    0  (Gen:  0)
   521504      4168   4395920  0.000  0.000   10.225    1.709    0    0  (Gen:  0)
   521488      4024   4395824  0.000  0.000   10.225    1.709    0    0  (Gen:  0)
   521640      4224   4396040  0.012  0.001   10.238    1.710    0    0  (Gen:  0)
   521912      4088   4395952  0.000  0.000   10.239    1.710    0    0  (Gen:  0)
   521568      4152   4396176  0.000  0.000   10.240    1.710    0    0  (Gen:  0)
   521920      4224   4396280  0.000  0.000   10.240    1.710    0    0  (Gen:  0)
   521728      4232   4396320  0.000  0.000   10.241    1.711    0    0  (Gen:  0)
   521680      3976   4396080  0.000  0.000   10.241    1.711    0    0  (Gen:  0)
   521760      6000   4398120  0.000  0.000   10.242    1.711    0    0  (Gen:  0)
   521440      5808   4398008  0.000  0.000   10.243    1.711    0    0  (Gen:  0)
   521552      4304   4398352  0.000  0.000   10.243    1.711    0    0  (Gen:  0)
   521496      4136   4398216  0.000  0.000   10.244    1.711    0    0  (Gen:  0)
   521472      3944   4398112  0.000  0.000   10.244    1.711    0    0  (Gen:  0)
   521608      4328   4398528  0.000  0.000   10.245    1.712    0    0  (Gen:  0)
   521792      4360   4398608  0.000  0.000   10.245    1.712    0    0  (Gen:  0)
   521616      4048   4398384  0.000  0.000   10.246    1.712    0    0  (Gen:  0)
   521864      4320   4398672  0.000  0.000   10.246    1.712    0    0  (Gen:  0)
   521720      4216   4398616  0.000  0.000   10.247    1.712    0    0  (Gen:  0)
   521640      3648   4398056  0.000  0.000   10.247    1.712    0    0  (Gen:  0)
   521480      6536   4400952  0.000  0.000   10.248    1.712    0    0  (Gen:  0)
   521520      6536   4401016  0.000  0.000   10.249    1.712    0    0  (Gen:  0)
   521592      4104   4401096  0.000  0.000   10.249    1.713    0    0  (Gen:  0)
   521632      4008   4401032  0.000  0.000   10.250    1.713    0    0  (Gen:  0)
   521424      3984   4401096  0.000  0.000   10.250    1.713    0    0  (Gen:  0)
   521664      4440   4401584  0.000  0.000   10.251    1.713    0    0  (Gen:  0)
   521792      4280   4401696  0.000  0.000   10.251    1.713    0    0  (Gen:  0)
   521224      4048   4401552  0.000  0.000   10.252    1.713    0    0  (Gen:  0)
   521776      4088   4401608  0.000  0.000   10.252    1.713    0    0  (Gen:  0)
   521752      4264   4402056  0.000  0.000   10.253    1.713    0    0  (Gen:  0)
   521432      8160   4406192  0.000  0.000   10.253    1.713    0    0  (Gen:  0)
   521752      5912   4405928  0.000  0.000   10.254    1.714    0    0  (Gen:  0)
   521760      4152   4406160  0.000  0.000   10.255    1.714    0    0  (Gen:  0)
   521560      4152   4406192  0.000  0.000   10.255    1.714    0    0  (Gen:  0)
   521184      4120   4406192  0.000  0.000   10.256    1.714    0    0  (Gen:  0)
   521544      4048   4406136  0.000  0.000   10.256    1.714    0    0  (Gen:  0)
   521856      5736   4407840  0.000  0.000   10.257    1.714    0    0  (Gen:  0)
   521784      4096   4407896  0.000  0.000   10.257    1.714    0    0  (Gen:  0)
   521872      4136   4408024  0.000  0.000   10.258    1.714    0    0  (Gen:  0)
   521360      4064   4407984  0.000  0.000   10.258    1.715    0    0  (Gen:  0)
   521376      4024   4408032  0.000  0.000   10.259    1.715    0    0  (Gen:  0)
   521672      6488   4410528  0.000  0.000   10.259    1.715    0    0  (Gen:  0)
   521560      6448   4410552  0.000  0.000   10.260    1.715    0    0  (Gen:  0)
   521352      4256   4410664  0.000  0.000   10.260    1.715    0    0  (Gen:  0)
   521832      5552   4412360  0.000  0.000   10.261    1.715    0    0  (Gen:  0)
   521672      4072   4412184  0.000  0.000   10.262    1.715    0    0  (Gen:  0)
   521848      4312   4412440  0.000  0.000   10.262    1.715    0    0  (Gen:  0)
   521568      4136   4412312  0.000  0.000   10.263    1.715    0    0  (Gen:  0)
   521568      4176   4412512  0.000  0.000   10.263    1.716    0    0  (Gen:  0)
   521912      4208   4412576  0.000  0.000   10.264    1.716    0    0  (Gen:  0)
   521768      4072   4412472  0.000  0.000   10.264    1.716    0    0  (Gen:  0)
   521776      4104   4412520  0.000  0.000   10.265    1.716    0    0  (Gen:  0)
   521424      6368   4414800  0.000  0.000   10.265    1.716    0    0  (Gen:  0)
   521776      6232   4414744  0.000  0.000   10.266    1.716    0    0  (Gen:  0)
   521720      4248   4414816  0.000  0.000   10.266    1.716    0    0  (Gen:  0)
   521528      4176   4414776  0.000  0.000   10.267    1.716    0    0  (Gen:  0)
   521472      3856   4414544  0.000  0.000   10.267    1.717    0    0  (Gen:  0)
   521800      6024   4416744  0.000  0.000   10.268    1.717    0    0  (Gen:  0)
   521272      4040   4416576  0.000  0.000   10.269    1.717    0    0  (Gen:  0)
   521472      4040   4416736  0.000  0.000   10.269    1.717    0    0  (Gen:  0)
   521552      4136   4416864  0.000  0.000   10.270    1.717    0    0  (Gen:  0)
   521776      3944   4416704  0.000  0.000   10.270    1.717    0    0  (Gen:  0)
   521696      3848   4416624  0.000  0.000   10.271    1.717    0    0  (Gen:  0)
   521584      6440   4419232  0.000  0.000   10.271    1.717    0    0  (Gen:  0)
   521520      6248   4419120  0.000  0.000   10.272    1.717    0    0  (Gen:  0)
   521616      4160   4419376  0.000  0.000   10.272    1.718    0    0  (Gen:  0)
   521656      3936   4419184  0.000  0.000   10.273    1.718    0    0  (Gen:  0)
   521480      3952   4419288  0.000  0.000   10.273    1.718    0    0  (Gen:  0)
   521632      4432   4419800  0.000  0.000   10.274    1.718    0    0  (Gen:  0)
   521824      4184   4419824  0.000  0.000   10.274    1.718    0    0  (Gen:  0)
   521248      3848   4419576  0.000  0.000   10.275    1.718    0    0  (Gen:  0)
   521784      4416   4420160  0.000  0.000   10.275    1.718    0    0  (Gen:  0)
   521672      4272   4420288  0.000  0.000   10.276    1.718    0    0  (Gen:  0)
   521360      8176   4424432  0.000  0.000   10.277    1.719    0    0  (Gen:  0)
   521704      6168   4424088  0.000  0.000   10.277    1.719    0    0  (Gen:  0)
   521776      3936   4424112  0.000  0.000   10.278    1.719    0    0  (Gen:  0)
   521584      4056   4424264  0.000  0.000   10.278    1.719    0    0  (Gen:  0)
   521568      4120   4424360  0.000  0.000   10.279    1.719    0    0  (Gen:  0)
   521376      3992   4424248  0.000  0.000   10.279    1.719    0    0  (Gen:  0)
   521680      6112   4426384  0.000  0.000   10.280    1.719    0    0  (Gen:  0)
   521472      4208   4426472  0.000  0.000   10.280    1.719    0    0  (Gen:  0)
   521720      4296   4426648  0.000  0.000   10.281    1.719    0    0  (Gen:  0)
   521816      4016   4426400  0.000  0.000   10.281    1.720    0    0  (Gen:  0)
   521776      4168   4426640  0.000  0.000   10.282    1.720    0    0  (Gen:  0)
   521456      6560   4429064  0.000  0.000   10.283    1.720    0    0  (Gen:  0)
   521624      6408   4428976  0.000  0.000   10.283    1.720    0    0  (Gen:  0)
   521592      4016   4428920  0.000  0.000   10.284    1.720    0    0  (Gen:  0)
   521472      4256   4429176  0.000  0.000   10.284    1.720    0    0  (Gen:  0)
   521544      4152   4429120  0.000  0.000   10.285    1.720    0    0  (Gen:  0)
   521560      6416   4431400  0.000  0.000   10.285    1.720    0    0  (Gen:  0)
   521600      4248   4431344  0.000  0.000   10.286    1.721    0    0  (Gen:  0)
   521448      4264   4431520  0.000  0.000   10.286    1.721    0    0  (Gen:  0)
   521504      4264   4431552  0.000  0.000   10.287    1.721    0    0  (Gen:  0)
   521824      4256   4431576  0.000  0.000   10.287    1.721    0    0  (Gen:  0)
   521680      3912   4431248  0.000  0.000   10.288    1.721    0    0  (Gen:  0)
   521464      6568   4433920  0.000  0.000   10.289    1.721    0    0  (Gen:  0)
   521752      6440   4433872  0.000  0.000   10.289    1.721    0    0  (Gen:  0)
   521312      3992   4433920  0.000  0.000   10.290    1.721    0    0  (Gen:  0)
   521376      4096   4434040  0.000  0.000   10.290    1.721    0    0  (Gen:  0)
   521248      3904   4433896  0.000  0.000   10.291    1.722    0    0  (Gen:  0)
   521704      4448   4434456  0.000  0.000   10.291    1.722    0    0  (Gen:  0)
   521680      4152   4434432  0.000  0.000   10.292    1.722    0    0  (Gen:  0)
   521856      4192   4434632  0.000  0.000   10.292    1.722    0    0  (Gen:  0)
   521424      4184   4434656  0.000  0.000   10.293    1.722    0    0  (Gen:  0)
   521584      4272   4435000  0.000  0.000   10.293    1.722    0    0  (Gen:  0)
   521680      4448   4435416  0.000  0.000   10.294    1.722    0    0  (Gen:  0)
   521456      7160   4438688  0.000  0.000   10.295    1.722    0    0  (Gen:  0)
   521784      5776   4438664  0.000  0.000   10.295    1.723    0    0  (Gen:  0)
   521600      4168   4438712  0.000  0.000   10.296    1.723    0    0  (Gen:  0)
   521480      4176   4438752  0.000  0.000   10.296    1.723    0    0  (Gen:  0)
   521616      4208   4438872  0.000  0.000   10.297    1.723    0    0  (Gen:  0)
   521768      4112   4438808  0.000  0.000   10.297    1.723    0    0  (Gen:  0)
   521704      4104   4438848  0.000  0.000   10.298    1.723    0    0  (Gen:  0)
   521664      4008   4438840  0.000  0.000   10.298    1.723    0    0  (Gen:  0)
   521912      3992   4438840  0.000  0.000   10.299    1.723    0    0  (Gen:  0)
   521760      4056   4438952  0.000  0.000   10.299    1.723    0    0  (Gen:  0)
   521608      6096   4441008  0.000  0.000   10.300    1.724    0    0  (Gen:  0)
   521616      5952   4440928  0.000  0.000   10.300    1.724    0    0  (Gen:  0)
   521504      4096   4440992  0.000  0.000   10.301    1.724    0    0  (Gen:  0)
   521552      4304   4441232  0.000  0.000   10.301    1.724    0    0  (Gen:  0)
   521544      4136   4441096  0.000  0.000   10.302    1.724    0    0  (Gen:  0)
   521544      4064   4441040  0.000  0.000   10.303    1.724    0    0  (Gen:  0)
   521544      4216   4441208  0.000  0.000   10.303    1.724    0    0  (Gen:  0)
   521720      4168   4441224  0.000  0.000   10.304    1.724    0    0  (Gen:  0)
   521832      4248   4441392  0.000  0.000   10.304    1.725    0    0  (Gen:  0)
   521776      4288   4441464  0.000  0.000   10.305    1.725    0    0  (Gen:  0)
   521728      4192   4441456  0.000  0.000   10.305    1.725    0    0  (Gen:  0)
   521544      6648   4443944  0.000  0.000   10.306    1.725    0    0  (Gen:  0)
   521552      6824   4444184  0.000  0.000   10.306    1.725    0    0  (Gen:  0)
   521536      3728   4443600  0.000  0.000   10.307    1.725    0    0  (Gen:  0)
   521536      4112   4444000  0.000  0.000   10.307    1.725    0    0  (Gen:  0)
   521504      4048   4443984  0.000  0.000   10.308    1.725    0    0  (Gen:  0)
   521576      3864   4443816  0.000  0.000   10.308    1.725    0    0  (Gen:  0)
   521688      4456   4444424  0.000  0.000   10.309    1.726    0    0  (Gen:  0)
   521696      4120   4444376  0.000  0.000   10.309    1.726    0    0  (Gen:  0)
   521368      4288   4444632  0.000  0.000   10.310    1.726    0    0  (Gen:  0)
   521728      4008   4444608  0.000  0.000   10.310    1.726    0    0  (Gen:  0)
   521576      4464   4445152  0.000  0.000   10.311    1.726    0    0  (Gen:  0)
   521560      7840   4448944  0.000  0.000   10.312    1.726    0    0  (Gen:  0)
   521832      6024   4448952  0.000  0.000   10.312    1.726    0    0  (Gen:  0)
   521704      3992   4448840  0.000  0.000   10.313    1.726    0    0  (Gen:  0)
   521368      4152   4449016  0.000  0.000   10.313    1.727    0    0  (Gen:  0)
   521200      3960   4448872  0.000  0.000   10.314    1.727    0    0  (Gen:  0)
   521808      5960   4450888  0.000  0.000   10.314    1.727    0    0  (Gen:  0)
   521904      4064   4450672  0.000  0.000   10.315    1.727    0    0  (Gen:  0)
   521696      4192   4450960  0.000  0.000   10.315    1.727    0    0  (Gen:  0)
   521824      4152   4450952  0.000  0.000   10.316    1.727    0    0  (Gen:  0)
   521208      4144   4450976  0.000  0.000   10.316    1.727    0    0  (Gen:  0)
   521360      4104   4450952  0.000  0.000   10.317    1.727    0    0  (Gen:  0)
   521808      6504   4453368  0.000  0.000   10.318    1.727    0    0  (Gen:  0)
   521536      6296   4453240  0.000  0.000   10.318    1.728    0    0  (Gen:  0)
   521576      5880   4455128  0.000  0.000   10.319    1.728    0    0  (Gen:  0)
   521656      4008   4454864  0.000  0.000   10.319    1.728    0    0  (Gen:  0)
   521760      4152   4455096  0.000  0.000   10.320    1.728    0    0  (Gen:  0)
   521576      4296   4455272  0.000  0.000   10.321    1.728    0    0  (Gen:  0)
   521824      4248   4455272  0.001  0.000   10.322    1.728    0    0  (Gen:  0)
   521608      4008   4455120  0.001  0.000   10.323    1.728    0    0  (Gen:  0)
   521872      4296   4455424  0.001  0.000   10.323    1.729    0    0  (Gen:  0)
   521672      4072   4455248  0.000  0.000   10.324    1.729    0    0  (Gen:  0)
   521696      6192   4457384  0.001  0.000   10.325    1.729    0    0  (Gen:  0)
   521552      6144   4457400  0.001  0.000   10.326    1.729    0    0  (Gen:  0)
   521728      4208   4457592  0.000  0.000   10.327    1.729    0    0  (Gen:  0)
   521560      4232   4457648  0.000  0.000   10.327    1.729    0    0  (Gen:  0)
   521632      4088   4457536  0.000  0.000   10.328    1.729    0    0  (Gen:  0)
   521592      4016   4457480  0.000  0.000   10.328    1.730    0    0  (Gen:  0)
   521680      6192   4459672  0.000  0.000   10.329    1.730    0    0  (Gen:  0)
   521208      4232   4459544  0.000  0.000   10.329    1.730    0    0  (Gen:  0)
   521608      4128   4459528  0.000  0.000   10.330    1.730    0    0  (Gen:  0)
   521624      3936   4459368  0.000  0.000   10.330    1.730    0    0  (Gen:  0)
   521736      4008   4459528  0.000  0.000   10.331    1.730    0    0  (Gen:  0)
   521664      6552   4462104  0.000  0.000   10.331    1.730    0    0  (Gen:  0)
   521632      6376   4461992  0.000  0.000   10.332    1.730    0    0  (Gen:  0)
   521512      3832   4461864  0.000  0.000   10.333    1.730    0    0  (Gen:  0)
   521576      4112   4462176  0.000  0.000   10.333    1.731    0    0  (Gen:  0)
   521600      4104   4462200  0.000  0.000   10.334    1.731    0    0  (Gen:  0)
   521544      4032   4462144  0.000  0.000   10.334    1.731    0    0  (Gen:  0)
   521696      4480   4462608  0.000  0.000   10.335    1.731    0    0  (Gen:  0)
   521720      4176   4462592  0.000  0.000   10.335    1.731    0    0  (Gen:  0)
   521336      4376   4462880  0.000  0.000   10.336    1.731    0    0  (Gen:  0)
   521728      4008   4462768  0.000  0.000   10.336    1.731    0    0  (Gen:  0)
   521616      4376   4463224  0.000  0.000   10.337    1.731    0    0  (Gen:  0)
   521392      7848   4467112  0.000  0.000   10.338    1.732    0    0  (Gen:  0)
   521824      6184   4466952  0.000  0.000   10.338    1.732    0    0  (Gen:  0)
   521720      3992   4466944  0.000  0.000   10.339    1.732    0    0  (Gen:  0)
   521528      4152   4467120  0.000  0.000   10.339    1.732    0    0  (Gen:  0)
   521368      4192   4467208  0.000  0.000   10.340    1.732    0    0  (Gen:  0)
   521752      6168   4469200  0.000  0.000   10.340    1.732    0    0  (Gen:  0)
   521592      4056   4469064  0.000  0.000   10.341    1.732    0    0  (Gen:  0)
   521504      4192   4469360  0.000  0.000   10.341    1.732    0    0  (Gen:  0)
   521648      4152   4469352  0.000  0.000   10.342    1.732    0    0  (Gen:  0)
   521912      4048   4469280  0.000  0.000   10.343    1.733    0    0  (Gen:  0)
   521632      4048   4469296  0.000  0.000   10.343    1.733    0    0  (Gen:  0)
   521472      6648   4471912  0.000  0.000   10.344    1.733    0    0  (Gen:  0)
   521448      6440   4471784  0.000  0.000   10.344    1.733    0    0  (Gen:  0)
   521760      4264   4471944  0.000  0.000   10.345    1.733    0    0  (Gen:  0)
   521360      4232   4471944  0.000  0.000   10.345    1.733    0    0  (Gen:  0)
   521704      4008   4471808  0.000  0.000   10.346    1.733    0    0  (Gen:  0)
   521536      6264   4474096  0.000  0.000   10.346    1.733    0    0  (Gen:  0)
   521632      4288   4474232  0.000  0.000   10.347    1.734    0    0  (Gen:  0)
   521320      4088   4474120  0.000  0.000   10.348    1.734    0    0  (Gen:  0)
   521616      4200   4474248  0.000  0.000   10.348    1.734    0    0  (Gen:  0)
   521784      4120   4474216  0.000  0.000   10.349    1.734    0    0  (Gen:  0)
   521608      6880   4476992  0.000  0.000   10.349    1.734    0    0  (Gen:  0)
   521576      6672   4476848  0.000  0.000   10.350    1.734    0    0  (Gen:  0)
   521688      3784   4476528  0.000  0.000   10.350    1.734    0    0  (Gen:  0)
   521288      4080   4476856  0.000  0.000   10.351    1.734    0    0  (Gen:  0)
   521280      4024   4476832  0.000  0.000   10.351    1.735    0    0  (Gen:  0)
   521432      3920   4476816  0.000  0.000   10.352    1.735    0    0  (Gen:  0)
   521720      4408   4477336  0.000  0.000   10.352    1.735    0    0  (Gen:  0)
   521808      4264   4477464  0.000  0.000   10.353    1.735    0    0  (Gen:  0)
   521704      3912   4477200  0.000  0.000   10.354    1.735    0    0  (Gen:  0)
   521456      4232   4477536  0.000  0.000   10.354    1.735    0    0  (Gen:  0)
   521544      4288   4477864  0.000  0.000   10.355    1.735    0    0  (Gen:  0)
   521472      7568   4481384  0.000  0.000   10.355    1.735    0    0  (Gen:  0)
   521592      5688   4481328  0.000  0.000   10.356    1.735    0    0  (Gen:  0)
   521888      3968   4481336  0.000  0.000   10.356    1.736    0    0  (Gen:  0)
   521392      4008   4481408  0.000  0.000   10.357    1.736    0    0  (Gen:  0)
   521640      4248   4481680  0.000  0.000   10.357    1.736    0    0  (Gen:  0)
   521568      3936   4481384  0.000  0.000   10.358    1.736    0    0  (Gen:  0)
   521896      4328   4481792  0.000  0.000   10.358    1.736    0    0  (Gen:  0)
   521616      4192   4481720  0.000  0.000   10.359    1.736    0    0  (Gen:  0)
   521952      4280   4481896  0.000  0.000   10.359    1.736    0    0  (Gen:  0)
   521568      4016   4481664  0.000  0.000   10.360    1.736    0    0  (Gen:  0)
   521864      4136   4481872  0.001  0.000   10.362    1.737    0    0  (Gen:  0)
   521624      6072   4483840  0.001  0.000   10.363    1.737    0    0  (Gen:  0)
   521552      5992   4483824  0.001  0.000   10.365    1.737    0    0  (Gen:  0)
   521384      3944   4483624  0.001  0.000   10.366    1.737    0    0  (Gen:  0)
   521552      4152   4483848  0.001  0.000   10.368    1.737    0    0  (Gen:  0)
   521648      4048   4483792  0.001  0.000   10.370    1.738    0    0  (Gen:  0)
   521568      4264   4484024  0.005  0.000   10.375    1.738    0    0  (Gen:  0)
   521680      4192   4484000  0.001  0.000   10.377    1.739    0    0  (Gen:  0)
   521584      4176   4484144  0.001  0.000   10.378    1.739    0    0  (Gen:  0)
   521912      4056   4484056  0.003  0.000   10.388    1.740    0    0  (Gen:  0)
   521736      4104   4484136  0.000  0.000   10.389    1.740    0    0  (Gen:  0)
   521728      3976   4484024  0.000  0.000   10.389    1.740    0    0  (Gen:  0)
   521368      6560   4486624  0.000  0.000   10.390    1.740    0    0  (Gen:  0)
   521584      6664   4486808  0.001  0.000   10.391    1.740    0    0  (Gen:  0)
   521600      4264   4486920  0.000  0.000   10.391    1.740    0    0  (Gen:  0)
   521544      4176   4486864  0.000  0.000   10.392    1.741    0    0  (Gen:  0)
   521448      4264   4487040  0.000  0.000   10.393    1.741    0    0  (Gen:  0)
   521752      4744   4487552  0.000  0.000   10.393    1.741    0    0  (Gen:  0)
   521624      3752   4486832  0.000  0.000   10.394    1.741    0    0  (Gen:  0)
   521496      3936   4487104  0.000  0.000   10.394    1.741    0    0  (Gen:  0)
   521560      4304   4487472  0.000  0.000   10.395    1.741    0    0  (Gen:  0)
   521776      4144   4487568  0.001  0.000   10.396    1.741    0    0  (Gen:  0)
   521448      4696   4488360  0.000  0.000   10.396    1.742    0    0  (Gen:  0)
   521672      7224   4491768  0.000  0.000   10.397    1.742    0    0  (Gen:  0)
   521824      5792   4491536  0.000  0.000   10.398    1.742    0    0  (Gen:  0)
   521600      4296   4491960  0.000  0.000   10.398    1.742    0    0  (Gen:  0)
   521224      4120   4491816  0.000  0.000   10.399    1.742    0    0  (Gen:  0)
   521456      3888   4491672  0.000  0.000   10.399    1.742    0    0  (Gen:  0)
   521888      5888   4493704  0.000  0.000   10.400    1.742    0    0  (Gen:  0)
   521832      4048   4493544  0.000  0.000   10.400    1.742    0    0  (Gen:  0)
   521552      3976   4493560  0.000  0.000   10.401    1.743    0    0  (Gen:  0)
   521744      4168   4493768  0.000  0.000   10.402    1.743    0    0  (Gen:  0)
   521248      4160   4493808  0.000  0.000   10.402    1.743    0    0  (Gen:  0)
   521656      6520   4496184  0.000  0.000   10.403    1.743    0    0  (Gen:  0)
   521608      6440   4496168  0.000  0.000   10.403    1.743    0    0  (Gen:  0)
   521440      4560   4496680  0.000  0.000   10.404    1.743    0    0  (Gen:  0)
   521680      5528   4498064  0.000  0.000   10.405    1.743    0    0  (Gen:  0)
   521752      4120   4498104  0.000  0.000   10.405    1.743    0    0  (Gen:  0)
   521728      3992   4497992  0.000  0.000   10.406    1.744    0    0  (Gen:  0)
   521640      4248   4498264  0.000  0.000   10.406    1.744    0    0  (Gen:  0)
   521624      3992   4498072  0.000  0.000   10.407    1.744    0    0  (Gen:  0)
   521928      4304   4498472  0.000  0.000   10.407    1.744    0    0  (Gen:  0)
   521656      4008   4498208  0.000  0.000   10.408    1.744    0    0  (Gen:  0)
   521760      4152   4498440  0.000  0.000   10.408    1.744    0    0  (Gen:  0)
   521408      6320   4500640  0.000  0.000   10.409    1.744    0    0  (Gen:  0)
   521904      6272   4500656  0.000  0.000   10.410    1.744    0    0  (Gen:  0)
   521624      3928   4500368  0.001  0.000   10.410    1.745    0    0  (Gen:  0)
   521488      4224   4500680  0.000  0.000   10.411    1.745    0    0  (Gen:  0)
   521464      4152   4500656  0.000  0.000   10.412    1.745    0    0  (Gen:  0)
   521768      6136   4502656  0.000  0.000   10.413    1.745    0    0  (Gen:  0)
   521560      4248   4502584  0.000  0.000   10.413    1.745    0    0  (Gen:  0)
   521280      4064   4502560  0.000  0.000   10.414    1.745    0    0  (Gen:  0)
   521552      4248   4502776  0.000  0.000   10.414    1.745    0    0  (Gen:  0)
   521792      4248   4502808  0.000  0.000   10.415    1.745    0    0  (Gen:  0)
   521712      3928   4502504  0.000  0.000   10.415    1.746    0    0  (Gen:  0)
   521592      6408   4505000  0.000  0.000   10.416    1.746    0    0  (Gen:  0)
   521640      6392   4505064  0.000  0.000   10.416    1.746    0    0  (Gen:  0)
   521568      3880   4504896  0.000  0.000   10.417    1.746    0    0  (Gen:  0)
   521592      4128   4505160  0.000  0.000   10.417    1.746    0    0  (Gen:  0)
   521432      3936   4505016  0.000  0.000   10.418    1.746    0    0  (Gen:  0)
   521736      4448   4505544  0.000  0.000   10.419    1.746    0    0  (Gen:  0)
   521600      4208   4505576  0.000  0.000   10.419    1.746    0    0  (Gen:  0)
   521544      4008   4505536  0.000  0.000   10.420    1.746    0    0  (Gen:  0)
   521576      4296   4505856  0.000  0.000   10.420    1.747    0    0  (Gen:  0)
   521696      4416   4506232  0.000  0.000   10.421    1.747    0    0  (Gen:  0)
   521504      4696   4506752  0.000  0.000   10.421    1.747    0    0  (Gen:  0)
   521536      7360   4510136  0.000  0.000   10.422    1.747    0    0  (Gen:  0)
   521872      6344   4510160  0.000  0.000   10.422    1.747    0    0  (Gen:  0)
   521544      4208   4510208  0.000  0.000   10.423    1.747    0    0  (Gen:  0)
   521656      4080   4510112  0.000  0.000   10.424    1.747    0    0  (Gen:  0)
   521376      4104   4510224  0.000  0.000   10.424    1.747    0    0  (Gen:  0)
   521608      6224   4512376  0.000  0.000   10.425    1.748    0    0  (Gen:  0)
   521512      4176   4512304  0.000  0.000   10.425    1.748    0    0  (Gen:  0)
   521680      4064   4512280  0.000  0.000   10.426    1.748    0    0  (Gen:  0)
   521752      4224   4512456  0.000  0.000   10.426    1.748    0    0  (Gen:  0)
   521760      4032   4512312  0.000  0.000   10.427    1.748    0    0  (Gen:  0)
   521632      6536   4514832  0.000  0.000   10.427    1.748    0    0  (Gen:  0)
   521608      6456   4514816  0.000  0.000   10.428    1.748    0    0  (Gen:  0)
   521480      4112   4514880  0.000  0.000   10.429    1.748    0    0  (Gen:  0)
   521480      3960   4514760  0.000  0.000   10.429    1.749    0    0  (Gen:  0)
   521576      4136   4514968  0.000  0.000   10.430    1.749    0    0  (Gen:  0)
   521624      3992   4514840  0.000  0.000   10.430    1.749    0    0  (Gen:  0)
   521600      6360   4517224  0.000  0.000   10.431    1.749    0    0  (Gen:  0)
   521376      4216   4517208  0.000  0.000   10.431    1.749    0    0  (Gen:  0)
   521632      4120   4517200  0.000  0.000   10.432    1.749    0    0  (Gen:  0)
   521592      4032   4517144  0.000  0.000   10.432    1.749    0    0  (Gen:  0)
   521752      4136   4517336  0.000  0.000   10.433    1.749    0    0  (Gen:  0)
   521568      6672   4519904  0.000  0.000   10.434    1.749    0    0  (Gen:  0)
   521616      6728   4520024  0.000  0.000   10.434    1.750    0    0  (Gen:  0)
   521488      4008   4519800  0.000  0.000   10.435    1.750    0    0  (Gen:  0)
   521400      4208   4520016  0.000  0.000   10.435    1.750    0    0  (Gen:  0)
   521208      4088   4519944  0.000  0.000   10.436    1.750    0    0  (Gen:  0)
   521616      4992   4520864  0.000  0.000   10.436    1.750    0    0  (Gen:  0)
   521688      3872   4520016  0.000  0.000   10.437    1.750    0    0  (Gen:  0)
   521792      3968   4520272  0.000  0.000   10.438    1.750    0    0  (Gen:  0)
   521568      4392   4520728  0.000  0.000   10.438    1.750    0    0  (Gen:  0)
   521600      3976   4520568  0.000  0.000   10.439    1.751    0    0  (Gen:  0)
   521520      4392   4521072  0.000  0.000   10.439    1.751    0    0  (Gen:  0)
   521448      7344   4524440  0.000  0.000   10.440    1.751    0    0  (Gen:  0)
   521808      5744   4524504  0.000  0.000   10.440    1.751    0    0  (Gen:  0)
   521736      3992   4524408  0.000  0.000   10.441    1.751    0    0  (Gen:  0)
   521368      3904   4524336  0.000  0.000   10.442    1.751    0    0  (Gen:  0)
   521624      4000   4524480  0.000  0.000   10.442    1.751    0    0  (Gen:  0)
   521632      4352   4524848  0.000  0.000   10.443    1.751    0    0  (Gen:  0)
   521856      4112   4524656  0.000  0.000   10.443    1.751    0    0  (Gen:  0)
   521568      4152   4524856  0.000  0.000   10.444    1.752    0    0  (Gen:  0)
   521920      4224   4524960  0.000  0.000   10.444    1.752    0    0  (Gen:  0)
   521784      3928   4524696  0.000  0.000   10.445    1.752    0    0  (Gen:  0)
   521640      4040   4524824  0.000  0.000   10.445    1.752    0    0  (Gen:  0)
   521704      6112   4526912  0.000  0.000   10.446    1.752    0    0  (Gen:  0)
   521408      5840   4526720  0.000  0.000   10.447    1.752    0    0  (Gen:  0)
   521600      4128   4526856  0.000  0.000   10.447    1.752    0    0  (Gen:  0)
   521544      4040   4526800  0.000  0.000   10.448    1.752    0    0  (Gen:  0)
   521560      3984   4526832  0.000  0.000   10.448    1.753    0    0  (Gen:  0)
   521536      4272   4527152  0.000  0.000   10.449    1.753    0    0  (Gen:  0)
   521744      4072   4527000  0.000  0.000   10.449    1.753    0    0  (Gen:  0)
   521592      3976   4526992  0.000  0.000   10.450    1.753    0    0  (Gen:  0)
   521928      4240   4527272  0.000  0.000   10.450    1.753    0    0  (Gen:  0)
   521712      4120   4527200  0.000  0.000   10.451    1.753    0    0  (Gen:  0)
   521592      6752   4529848  0.000  0.000   10.452    1.753    0    0  (Gen:  0)
   521544      6632   4529792  0.000  0.000   10.452    1.753    0    0  (Gen:  0)
   521464      4208   4529952  0.000  0.000   10.453    1.754    0    0  (Gen:  0)
   521624      4112   4529888  0.000  0.000   10.453    1.754    0    0  (Gen:  0)
   521632      4216   4530024  0.000  0.000   10.454    1.754    0    0  (Gen:  0)
   521320      4088   4529912  0.000  0.000   10.454    1.754    0    0  (Gen:  0)
   521728      4592   4530432  0.000  0.000   10.455    1.754    0    0  (Gen:  0)
   521808      4192   4530320  0.000  0.000   10.455    1.754    0    0  (Gen:  0)
   521232      4368   4530584  0.000  0.000   10.456    1.754    0    0  (Gen:  0)
   521792      4160   4530632  0.000  0.000   10.457    1.754    0    0  (Gen:  0)
   521712      4560   4531120  0.000  0.000   10.457    1.754    0    0  (Gen:  0)
   521432      7744   4534720  0.000  0.000   10.458    1.755    0    0  (Gen:  0)
   521800      5856   4534656  0.000  0.000   10.458    1.755    0    0  (Gen:  0)
   521752      3920   4534712  0.000  0.000   10.459    1.755    0    0  (Gen:  0)
   521520      4136   4534960  0.000  0.000   10.459    1.755    0    0  (Gen:  0)
   521224      4080   4534936  0.000  0.000   10.460    1.755    0    0  (Gen:  0)
   521544      4008   4534880  0.000  0.000   10.460    1.755    0    0  (Gen:  0)
   521896      5904   4536792  0.000  0.000   10.461    1.755    0    0  (Gen:  0)
   521728      4176   4536760  0.000  0.000   10.462    1.755    0    0  (Gen:  0)
   521928      4280   4536952  0.000  0.000   10.462    1.756    0    0  (Gen:  0)
   521232      3800   4536504  0.000  0.000   10.463    1.756    0    0  (Gen:  0)
   521472      4008   4536800  0.000  0.000   10.463    1.756    0    0  (Gen:  0)
   521648      6488   4539312  0.000  0.000   10.464    1.756    0    0  (Gen:  0)
   521568      6520   4539408  0.000  0.000   10.464    1.756    0    0  (Gen:  0)
   521416      4592   4539784  0.000  0.000   10.465    1.756    0    0  (Gen:  0)
   521792      5376   4541128  0.000  0.000   10.466    1.756    0    0  (Gen:  0)
   521776      4040   4540936  0.000  0.000   10.466    1.756    0    0  (Gen:  0)
   521616      4208   4541120  0.000  0.000   10.467    1.757    0    0  (Gen:  0)
   521648      4160   4541120  0.000  0.000   10.467    1.757    0    0  (Gen:  0)
   521616      3800   4540920  0.000  0.000   10.468    1.757    0    0  (Gen:  0)
   521928      4112   4541264  0.000  0.000   10.468    1.757    0    0  (Gen:  0)
   521752      4120   4541304  0.000  0.000   10.469    1.757    0    0  (Gen:  0)
   521664      3992   4541192  0.000  0.000   10.469    1.757    0    0  (Gen:  0)
   521432      6192   4543408  0.000  0.000   10.470    1.757    0    0  (Gen:  0)
   521880      6104   4543400  0.000  0.000   10.470    1.757    0    0  (Gen:  0)
   521696      4168   4543520  0.000  0.000   10.471    1.757    0    0  (Gen:  0)
   521528      4152   4543536  0.000  0.000   10.472    1.758    0    0  (Gen:  0)
   521416      4136   4543608  0.000  0.000   10.472    1.758    0    0  (Gen:  0)
   521880      6016   4545520  0.000  0.000   10.473    1.758    0    0  (Gen:  0)
   521256      4224   4545544  0.000  0.000   10.473    1.758    0    0  (Gen:  0)
   521472      4008   4545416  0.000  0.000   10.474    1.758    0    0  (Gen:  0)
   521496      4264   4545688  0.000  0.000   10.474    1.758    0    0  (Gen:  0)
   521760      4048   4545520  0.000  0.000   10.475    1.758    0    0  (Gen:  0)
   521816      6608   4548096  0.000  0.000   10.475    1.758    0    0  (Gen:  0)
   521544      6488   4548040  0.000  0.000   10.476    1.759    0    0  (Gen:  0)
   521488      4224   4548192  0.000  0.000   10.477    1.759    0    0  (Gen:  0)
   521624      4264   4548264  0.000  0.000   10.477    1.759    0    0  (Gen:  0)
   521632      4232   4548264  0.000  0.000   10.478    1.759    0    0  (Gen:  0)
   521440      4144   4548192  0.000  0.000   10.478    1.759    0    0  (Gen:  0)
   521736      4312   4548376  0.000  0.000   10.479    1.759    0    0  (Gen:  0)
   521752      4064   4548416  0.000  0.000   10.479    1.759    0    0  (Gen:  0)
   521280      3952   4548392  0.000  0.000   10.480    1.759    0    0  (Gen:  0)
   521720      4160   4548616  0.000  0.000   10.480    1.759    0    0  (Gen:  0)
   521776      4288   4549016  0.000  0.000   10.481    1.760    0    0  (Gen:  0)
   521280      8064   4553032  0.000  0.000   10.482    1.760    0    0  (Gen:  0)
   521800      6208   4552840  0.000  0.000   10.482    1.760    0    0  (Gen:  0)
   521792      4168   4553056  0.000  0.000   10.483    1.760    0    0  (Gen:  0)
   521440      4208   4553128  0.000  0.000   10.483    1.760    0    0  (Gen:  0)
   521592      4040   4552992  0.000  0.000   10.484    1.760    0    0  (Gen:  0)
   521544      3968   4552936  0.000  0.000   10.485    1.760    0    0  (Gen:  0)
   521680      6176   4555160  0.000  0.000   10.485    1.760    0    0  (Gen:  0)
   521440      4152   4555128  0.000  0.000   10.486    1.761    0    0  (Gen:  0)
   521656      4232   4555296  0.000  0.000   10.486    1.761    0    0  (Gen:  0)
   521880      4064   4555160  0.000  0.000   10.487    1.761    0    0  (Gen:  0)
   521696      4120   4555304  0.000  0.000   10.487    1.761    0    0  (Gen:  0)
   521424      6632   4557848  0.000  0.000   10.488    1.761    0    0  (Gen:  0)
   521560      6520   4557800  0.000  0.000   10.489    1.761    0    0  (Gen:  0)
   521680      3896   4557512  0.000  0.000   10.489    1.761    0    0  (Gen:  0)
   521504      4040   4557672  0.000  0.000   10.490    1.761    0    0  (Gen:  0)
   521488      4080   4557760  0.000  0.000   10.490    1.762    0    0  (Gen:  0)
   521560      6400   4560096  0.000  0.000   10.491    1.762    0    0  (Gen:  0)
   521640      4040   4559848  0.000  0.000   10.491    1.762    0    0  (Gen:  0)
   521432      4136   4560104  0.000  0.000   10.492    1.762    0    0  (Gen:  0)
   521480      4192   4560192  0.000  0.000   10.492    1.762    0    0  (Gen:  0)
   521912      4032   4560064  0.000  0.000   10.493    1.762    0    0  (Gen:  0)
   521576      4064   4560112  0.000  0.000   10.494    1.762    0    0  (Gen:  0)
   521488      6720   4562784  0.000  0.000   10.494    1.762    0    0  (Gen:  0)
   521784      6616   4562760  0.000  0.000   10.495    1.762    0    0  (Gen:  0)
   521224      4192   4562832  0.000  0.000   10.495    1.763    0    0  (Gen:  0)
   521440      4104   4562776  0.000  0.000   10.496    1.763    0    0  (Gen:  0)
   521312      4064   4562824  0.000  0.000   10.496    1.763    0    0  (Gen:  0)
   521680      4520   4563312  0.000  0.000   10.497    1.763    0    0  (Gen:  0)
   521736      4280   4563344  0.000  0.000   10.497    1.763    0    0  (Gen:  0)
   521792      4088   4563240  0.000  0.000   10.498    1.763    0    0  (Gen:  0)
   521480      4464   4563632  0.000  0.000   10.499    1.763    0    0  (Gen:  0)
   521544      4432   4563872  0.000  0.000   10.499    1.763    0    0  (Gen:  0)
   521560      5288   4564960  0.000  0.000   10.500    1.764    0    0  (Gen:  0)
   521544      6120   4567256  0.000  0.000   10.500    1.764    0    0  (Gen:  0)
   521752      5760   4567296  0.000  0.000   10.501    1.764    0    0  (Gen:  0)
   521616      4136   4567328  0.000  0.000   10.501    1.764    0    0  (Gen:  0)
   521544      4048   4567272  0.000  0.000   10.502    1.764    0    0  (Gen:  0)
   521584      4112   4567424  0.000  0.000   10.503    1.764    0    0  (Gen:  0)
   521800      4312   4567656  0.000  0.000   10.503    1.764    0    0  (Gen:  0)
   521576      4176   4567568  0.000  0.000   10.504    1.764    0    0  (Gen:  0)
   521824      4136   4567616  0.000  0.000   10.504    1.765    0    0  (Gen:  0)
   521808      4112   4567608  0.000  0.000   10.505    1.765    0    0  (Gen:  0)
   521792      4120   4567664  0.000  0.000   10.505    1.765    0    0  (Gen:  0)
   521648      6016   4569576  0.000  0.000   10.506    1.765    0    0  (Gen:  0)
   521680      5928   4569552  0.000  0.000   10.506    1.765    0    0  (Gen:  0)
   521416      4168   4569712  0.000  0.000   10.507    1.765    0    0  (Gen:  0)
   521416      4032   4569608  0.000  0.000   10.508    1.765    0    0  (Gen:  0)
   521640      4192   4569800  0.000  0.000   10.508    1.765    0    0  (Gen:  0)
   521576      4048   4569672  0.000  0.000   10.509    1.765    0    0  (Gen:  0)
   521608      4128   4569768  0.000  0.000   10.509    1.766    0    0  (Gen:  0)
   521624      4136   4569840  0.000  0.000   10.510    1.766    0    0  (Gen:  0)
   521952      4120   4569912  0.000  0.000   10.510    1.766    0    0  (Gen:  0)
   521640      4032   4569856  0.000  0.000   10.511    1.766    0    0  (Gen:  0)
   521824      4072   4569984  0.000  0.000   10.511    1.766    0    0  (Gen:  0)
   521464      6664   4572608  0.000  0.000   10.512    1.766    0    0  (Gen:  0)
   521584      6600   4572608  0.000  0.000   10.513    1.766    0    0  (Gen:  0)
   521512      4064   4572584  0.000  0.000   10.513    1.766    0    0  (Gen:  0)
   521592      4208   4572744  0.000  0.000   10.514    1.767    0    0  (Gen:  0)
   521376      4144   4572728  0.000  0.000   10.514    1.767    0    0  (Gen:  0)
   521776      4416   4573016  0.000  0.000   10.515    1.767    0    0  (Gen:  0)
   521584      4104   4572976  0.000  0.000   10.515    1.767    0    0  (Gen:  0)
   521632      4152   4573184  0.000  0.000   10.516    1.767    0    0  (Gen:  0)
   521312      4504   4573568  0.000  0.000   10.516    1.767    0    0  (Gen:  0)
   521792      4512   4573832  0.000  0.000   10.517    1.767    0    0  (Gen:  0)
   521648      4392   4573952  0.000  0.000   10.517    1.767    0    0  (Gen:  0)
   521536      7848   4577808  0.000  0.000   10.518    1.767    0    0  (Gen:  0)
   521752      6120   4577760  0.000  0.000   10.519    1.768    0    0  (Gen:  0)
   521720      3768   4577328  0.000  0.000   10.519    1.768    0    0  (Gen:  0)
   521392      4008   4577600  0.000  0.000   10.520    1.768    0    0  (Gen:  0)
   521256      4008   4577672  0.000  0.000   10.520    1.768    0    0  (Gen:  0)
   521888      5856   4579536  0.000  0.000   10.521    1.768    0    0  (Gen:  0)
   521752      4064   4579424  0.000  0.000   10.522    1.768    0    0  (Gen:  0)
   521752      4048   4579568  0.000  0.000   10.522    1.768    0    0  (Gen:  0)
   521824      4112   4579664  0.000  0.000   10.523    1.768    0    0  (Gen:  0)
   521200      4064   4579648  0.000  0.000   10.523    1.769    0    0  (Gen:  0)
   521328      3992   4579592  0.000  0.000   10.524    1.769    0    0  (Gen:  0)
   521904      6384   4582000  0.000  0.000   10.524    1.769    0    0  (Gen:  0)
   521408      6208   4581904  0.000  0.000   10.525    1.769    0    0  (Gen:  0)
   521672      5640   4583640  0.000  0.000   10.526    1.769    0    0  (Gen:  0)
   521552      4048   4583656  0.000  0.000   10.526    1.769    0    0  (Gen:  0)
   521912      4096   4583792  0.000  0.000   10.527    1.769    0    0  (Gen:  0)
   521600      4264   4583992  0.000  0.000   10.527    1.769    0    0  (Gen:  0)
   521632      4152   4583928  0.000  0.000   10.528    1.770    0    0  (Gen:  0)
   521744      3960   4583824  0.000  0.000   10.528    1.770    0    0  (Gen:  0)
   521848      4280   4584160  0.000  0.000   10.529    1.770    0    0  (Gen:  0)
   521776      4040   4583968  0.000  0.000   10.529    1.770    0    0  (Gen:  0)
   521488      6224   4586168  0.000  0.000   10.530    1.770    0    0  (Gen:  0)
   521728      6048   4586056  0.000  0.000   10.531    1.770    0    0  (Gen:  0)
   521680      4080   4586216  0.000  0.000   10.531    1.770    0    0  (Gen:  0)
   521528      4008   4586176  0.000  0.000   10.532    1.770    0    0  (Gen:  0)
   521544      4176   4586376  0.000  0.000   10.532    1.770    0    0  (Gen:  0)
   521672      4024   4586240  0.000  0.000   10.533    1.771    0    0  (Gen:  0)
   521624      6024   4588256  0.000  0.000   10.533    1.771    0    0  (Gen:  0)
   521304      4104   4588168  0.000  0.000   10.534    1.771    0    0  (Gen:  0)
   521576      4264   4588416  0.000  0.000   10.534    1.771    0    0  (Gen:  0)
   521608      4080   4588264  0.000  0.000   10.535    1.771    0    0  (Gen:  0)
   521736      4152   4588424  0.000  0.000   10.535    1.771    0    0  (Gen:  0)
   521720      6568   4590872  0.000  0.000   10.536    1.771    0    0  (Gen:  0)
   521544      6472   4590840  0.000  0.000   10.537    1.771    0    0  (Gen:  0)
   521520      4048   4590760  0.000  0.000   10.537    1.772    0    0  (Gen:  0)
   521576      4280   4591008  0.000  0.000   10.538    1.772    0    0  (Gen:  0)
   521616      4248   4591024  0.000  0.000   10.538    1.772    0    0  (Gen:  0)
   521600      4648   4591440  0.000  0.000   10.539    1.772    0    0  (Gen:  0)
   521616      4176   4591240  0.000  0.000   10.539    1.772    0    0  (Gen:  0)
   521688      4120   4591344  0.000  0.000   10.540    1.772    0    0  (Gen:  0)
   521352      4488   4591744  0.000  0.000   10.541    1.772    0    0  (Gen:  0)
   521768      4568   4592080  0.000  0.000   10.541    1.772    0    0  (Gen:  0)
   521600      4296   4592048  0.000  0.000   10.542    1.773    0    0  (Gen:  0)
   521448      7592   4595744  0.000  0.000   10.542    1.773    0    0  (Gen:  0)
   521784      6264   4595776  0.000  0.000   10.543    1.773    0    0  (Gen:  0)
   521696      3976   4595672  0.000  0.000   10.543    1.773    0    0  (Gen:  0)
   521560      4024   4595736  0.000  0.000   10.544    1.773    0    0  (Gen:  0)
   521392      3968   4595728  0.000  0.000   10.545    1.773    0    0  (Gen:  0)
   521680      6152   4597928  0.000  0.000   10.545    1.773    0    0  (Gen:  0)
   521648      4176   4597928  0.000  0.000   10.546    1.773    0    0  (Gen:  0)
   521496      3776   4597688  0.000  0.000   10.546    1.773    0    0  (Gen:  0)
   521760      4128   4598072  0.000  0.000   10.547    1.774    0    0  (Gen:  0)
   521800      4048   4598024  0.000  0.000   10.547    1.774    0    0  (Gen:  0)
   521672      4104   4598096  0.000  0.000   10.548    1.774    0    0  (Gen:  0)
   521512      6424   4600432  0.000  0.000   10.548    1.774    0    0  (Gen:  0)
   521480      6416   4600504  0.000  0.000   10.549    1.774    0    0  (Gen:  0)
   521584      4176   4600600  0.000  0.000   10.550    1.774    0    0  (Gen:  0)
   521488      4088   4600544  0.000  0.000   10.550    1.774    0    0  (Gen:  0)
   521624      4168   4600712  0.000  0.000   10.551    1.774    0    0  (Gen:  0)
   521536      6232   4602808  0.000  0.000   10.551    1.775    0    0  (Gen:  0)
   521584      4168   4602856  0.000  0.000   10.552    1.775    0    0  (Gen:  0)
   521400      3992   4602768  0.000  0.000   10.552    1.775    0    0  (Gen:  0)
   521560      4168   4602960  0.000  0.000   10.553    1.775    0    0  (Gen:  0)
   521864      4152   4602992  0.000  0.000   10.553    1.775    0    0  (Gen:  0)
   521512      6776   4605632  0.000  0.000   10.554    1.775    0    0  (Gen:  0)
   521664      6600   4605520  0.000  0.000   10.555    1.775    0    0  (Gen:  0)
   521592      4120   4605608  0.000  0.000   10.555    1.775    0    0  (Gen:  0)
   521344      4208   4605728  0.000  0.000   10.556    1.776    0    0  (Gen:  0)
   521256      4128   4605680  0.000  0.000   10.556    1.776    0    0  (Gen:  0)
   521504      3920   4605488  0.000  0.000   10.557    1.776    0    0  (Gen:  0)
   521688      4536   4606120  0.000  0.000   10.557    1.776    0    0  (Gen:  0)
   521696      4096   4605968  0.000  0.000   10.558    1.776    0    0  (Gen:  0)
   521784      4528   4606488  0.000  0.000   10.558    1.776    0    0  (Gen:  0)
   521496      4136   4606352  0.001  0.000   10.559    1.776    0    0  (Gen:  0)
   521512      4464   4606768  0.001  0.000   10.560    1.776    0    0  (Gen:  0)
   521416      7648   4610368  0.001  0.000   10.561    1.777    0    0  (Gen:  0)
   521736      5352   4609736  0.001  0.000   10.562    1.777    0    0  (Gen:  0)
   521800      3928   4609968  0.001  0.000   10.563    1.777    0    0  (Gen:  0)
   521400      4112   4610152  0.001  0.000   10.564    1.777    0    0  (Gen:  0)
   521576      3992   4610064  0.001  0.000   10.565    1.777    0    0  (Gen:  0)
   521656      3880   4609968  0.001  0.000   10.566    1.778    0    0  (Gen:  0)
   521848      4312   4610416  0.000  0.000   10.567    1.778    0    0  (Gen:  0)
   521656      3984   4610152  0.000  0.000   10.567    1.778    0    0  (Gen:  0)
   521864      4208   4610464  0.000  0.000   10.568    1.778    0    0  (Gen:  0)
   521672      4064   4610352  0.000  0.000   10.568    1.778    0    0  (Gen:  0)
   521856      4120   4610496  0.000  0.000   10.569    1.778    0    0  (Gen:  0)
   521576      5888   4612296  0.000  0.000   10.570    1.778    0    0  (Gen:  0)
   521576      5968   4612440  0.000  0.000   10.570    1.778    0    0  (Gen:  0)
   521520      3912   4612232  0.000  0.000   10.571    1.778    0    0  (Gen:  0)
   521456      4064   4612400  0.000  0.000   10.571    1.779    0    0  (Gen:  0)
   521592      4120   4612504  0.000  0.000   10.572    1.779    0    0  (Gen:  0)
   521552      4352   4612752  0.000  0.000   10.572    1.779    0    0  (Gen:  0)
   521672      4192   4612640  0.000  0.000   10.573    1.779    0    0  (Gen:  0)
   521632      4136   4612744  0.000  0.000   10.573    1.779    0    0  (Gen:  0)
   521904      4224   4612864  0.000  0.000   10.574    1.779    0    0  (Gen:  0)
   521784      4136   4612808  0.000  0.000   10.574    1.779    0    0  (Gen:  0)
   521592      4088   4612776  0.000  0.000   10.575    1.779    0    0  (Gen:  0)
   521568      6600   4615304  0.000  0.000   10.576    1.780    0    0  (Gen:  0)
   521440      6544   4615328  0.000  0.000   10.576    1.780    0    0  (Gen:  0)
   521608      4248   4615544  0.000  0.000   10.577    1.780    0    0  (Gen:  0)
   521584      3968   4615296  0.000  0.000   10.577    1.780    0    0  (Gen:  0)
   521432      4136   4615552  0.000  0.000   10.578    1.780    0    0  (Gen:  0)
   521728      4488   4615936  0.000  0.000   10.578    1.780    0    0  (Gen:  0)
   521656      4224   4615944  0.000  0.000   10.579    1.780    0    0  (Gen:  0)
   521416      3904   4615712  0.000  0.000   10.580    1.780    0    0  (Gen:  0)
   521576      4400   4616224  0.000  0.000   10.580    1.780    0    0  (Gen:  0)
   521768      4344   4616440  0.000  0.000   10.581    1.781    0    0  (Gen:  0)
   521504      8048   4620384  0.000  0.000   10.581    1.781    0    0  (Gen:  0)
   521688      5936   4620256  0.000  0.000   10.582    1.781    0    0  (Gen:  0)
   521792      4208   4620520  0.000  0.000   10.582    1.781    0    0  (Gen:  0)
   521616      4208   4620552  0.000  0.000   10.583    1.781    0    0  (Gen:  0)
   521256      4200   4620576  0.000  0.000   10.584    1.781    0    0  (Gen:  0)
   521464      4160   4620552  0.000  0.000   10.584    1.781    0    0  (Gen:  0)
   521864      5880   4622288  0.000  0.000   10.585    1.781    0    0  (Gen:  0)
   521752      4080   4622184  0.000  0.000   10.585    1.782    0    0  (Gen:  0)
   521744      3864   4622056  0.000  0.000   10.586    1.782    0    0  (Gen:  0)
   521600      4096   4622304  0.000  0.000   10.586    1.782    0    0  (Gen:  0)
   521272      3832   4622088  0.000  0.000   10.587    1.782    0    0  (Gen:  0)
   521648      6488   4624760  0.000  0.000   10.587    1.782    0    0  (Gen:  0)
   521544      6368   4624704  0.000  0.000   10.588    1.782    0    0  (Gen:  0)
   521400      4496   4625224  0.000  0.000   10.589    1.782    0    0  (Gen:  0)
   521792      5608   4626752  0.000  0.000   10.589    1.782    0    0  (Gen:  0)
   521800      4176   4626768  0.000  0.000   10.590    1.783    0    0  (Gen:  0)
   521752      3872   4626480  0.000  0.000   10.590    1.783    0    0  (Gen:  0)
   521584      4312   4626936  0.000  0.000   10.591    1.783    0    0  (Gen:  0)
   521592      4168   4626856  0.000  0.000   10.591    1.783    0    0  (Gen:  0)
   521984      4064   4626840  0.000  0.000   10.592    1.783    0    0  (Gen:  0)
   521552      4048   4626856  0.000  0.000   10.592    1.783    0    0  (Gen:  0)
   521912      4096   4626992  0.000  0.000   10.593    1.783    0    0  (Gen:  0)
   521368      6224   4629152  0.000  0.000   10.594    1.783    0    0  (Gen:  0)
   521864      6288   4629280  0.000  0.000   10.594    1.784    0    0  (Gen:  0)
   521600      4048   4629096  0.000  0.000   10.595    1.784    0    0  (Gen:  0)
   521536      4296   4629360  0.000  0.000   10.595    1.784    0    0  (Gen:  0)
   521512      4120   4629232  0.000  0.000   10.596    1.784    0    0  (Gen:  0)
   521808      5992   4631120  0.000  0.000   10.596    1.784    0    0  (Gen:  0)
   521360      4136   4631080  0.000  0.000   10.597    1.784    0    0  (Gen:  0)
   521376      4024   4631128  0.000  0.000   10.598    1.784    0    0  (Gen:  0)
   521576      4008   4631144  0.000  0.000   10.598    1.784    0    0  (Gen:  0)
   521816      4288   4631456  0.000  0.000   10.599    1.784    0    0  (Gen:  0)
   521720      3992   4631176  0.000  0.000   10.599    1.785    0    0  (Gen:  0)
   521488      6544   4633744  0.000  0.000   10.600    1.785    0    0  (Gen:  0)
   521656      6432   4633712  0.000  0.000   10.600    1.785    0    0  (Gen:  0)
   521576      4304   4633928  0.000  0.000   10.601    1.785    0    0  (Gen:  0)
   521528      3856   4633512  0.000  0.000   10.602    1.785    0    0  (Gen:  0)
   521608      4096   4633840  0.000  0.000   10.602    1.785    0    0  (Gen:  0)
   521640      4520   4634296  0.000  0.000   10.603    1.785    0    0  (Gen:  0)
   521640      4176   4634224  0.000  0.000   10.603    1.785    0    0  (Gen:  0)
   521488      4032   4634168  0.000  0.000   10.604    1.786    0    0  (Gen:  0)
   521512      4488   4634640  0.000  0.000   10.604    1.786    0    0  (Gen:  0)
   521792      4320   4634744  0.000  0.000   10.605    1.786    0    0  (Gen:  0)
   521432      8104   4638768  0.000  0.000   10.605    1.786    0    0  (Gen:  0)
   521656      6472   4638800  0.000  0.000   10.606    1.786    0    0  (Gen:  0)
   521736      3928   4638512  0.000  0.000   10.607    1.786    0    0  (Gen:  0)
   521576      4136   4638752  0.000  0.000   10.607    1.786    0    0  (Gen:  0)
   521680      3992   4638640  0.000  0.000   10.608    1.786    0    0  (Gen:  0)
   521408      3880   4638616  0.000  0.000   10.608    1.786    0    0  (Gen:  0)
   521616      6168   4640936  0.000  0.000   10.609    1.787    0    0  (Gen:  0)
   521488      4048   4640792  0.000  0.000   10.609    1.787    0    0  (Gen:  0)
   521728      3936   4640768  0.000  0.000   10.610    1.787    0    0  (Gen:  0)
   521760      4200   4641048  0.000  0.000   10.610    1.787    0    0  (Gen:  0)
   521728      3984   4640880  0.000  0.000   10.611    1.787    0    0  (Gen:  0)
   521608      6488   4643400  0.000  0.000   10.612    1.787    0    0  (Gen:  0)
   521592      6368   4643344  0.000  0.000   10.612    1.787    0    0  (Gen:  0)
   521536      4112   4643496  0.000  0.000   10.613    1.787    0    0  (Gen:  0)
   521368      4080   4643496  0.000  0.000   10.613    1.788    0    0  (Gen:  0)
   521648      4088   4643536  0.000  0.000   10.614    1.788    0    0  (Gen:  0)
   521584      4032   4643496  0.000  0.000   10.614    1.788    0    0  (Gen:  0)
   521616      6352   4645832  0.000  0.000   10.615    1.788    0    0  (Gen:  0)
   521368      4096   4645704  0.000  0.000   10.616    1.788    0    0  (Gen:  0)
   521560      4336   4646032  0.000  0.000   10.616    1.788    0    0  (Gen:  0)
   521768      4104   4645832  0.000  0.000   10.617    1.788    0    0  (Gen:  0)
   521680      4048   4645864  0.000  0.000   10.617    1.788    0    0  (Gen:  0)
   521456      6624   4648472  0.000  0.000   10.618    1.789    0    0  (Gen:  0)
   521768      6584   4648496  0.000  0.000   10.619    1.789    0    0  (Gen:  0)
   521344      3976   4648384  0.000  0.000   10.619    1.789    0    0  (Gen:  0)
   521432      4144   4648568  0.000  0.000   10.620    1.789    0    0  (Gen:  0)
   521288      4048   4648520  0.000  0.000   10.620    1.789    0    0  (Gen:  0)
   521680      4432   4648920  0.000  0.000   10.621    1.789    0    0  (Gen:  0)
   521608      4176   4648936  0.000  0.000   10.621    1.789    0    0  (Gen:  0)
   521728      4208   4649128  0.000  0.000   10.622    1.789    0    0  (Gen:  0)
   521680      4528   4649480  0.000  0.000   10.622    1.789    0    0  (Gen:  0)
   521592      4328   4649536  0.000  0.000   10.623    1.790    0    0  (Gen:  0)
   521504      4376   4649824  0.000  0.000   10.623    1.790    0    0  (Gen:  0)
   521472      7336   4653184  0.000  0.000   10.624    1.790    0    0  (Gen:  0)
   521736      5792   4653160  0.000  0.000   10.625    1.790    0    0  (Gen:  0)
   521784      4248   4653272  0.000  0.000   10.625    1.790    0    0  (Gen:  0)
   521368      4160   4653216  0.000  0.000   10.626    1.790    0    0  (Gen:  0)
   521552      4264   4653408  0.000  0.000   10.626    1.790    0    0  (Gen:  0)
   521768      4016   4653192  0.000  0.000   10.627    1.790    0    0  (Gen:  0)
   521784      3968   4653192  0.000  0.000   10.628    1.791    0    0  (Gen:  0)
   521696      3864   4653248  0.000  0.000   10.628    1.791    0    0  (Gen:  0)
   521816      4112   4653528  0.000  0.000   10.629    1.791    0    0  (Gen:  0)
   521792      4008   4653456  0.000  0.000   10.629    1.791    0    0  (Gen:  0)
   521528      3976   4653440  0.000  0.000   10.630    1.791    0    0  (Gen:  0)
   521792      5888   4655368  0.000  0.000   10.630    1.791    0    0  (Gen:  0)
   521336      5912   4655472  0.000  0.000   10.631    1.791    0    0  (Gen:  0)
   521664      4248   4655656  0.000  0.000   10.631    1.791    0    0  (Gen:  0)
   521480      4016   4655456  0.000  0.000   10.632    1.792    0    0  (Gen:  0)
   521616      3936   4655464  0.000  0.000   10.632    1.792    0    0  (Gen:  0)
   521576      4272   4655832  0.000  0.000   10.633    1.792    0    0  (Gen:  0)
   521624      4192   4655800  0.000  0.000   10.634    1.792    0    0  (Gen:  0)
   521784      3992   4655688  0.000  0.000   10.634    1.792    0    0  (Gen:  0)
   521808      4240   4655952  0.000  0.000   10.635    1.792    0    0  (Gen:  0)
   521824      4088   4655848  0.001  0.000   10.636    1.792    0    0  (Gen:  0)
   521472      6808   4658584  0.001  0.000   10.637    1.792    0    0  (Gen:  0)
   521576      6616   4658456  0.001  0.000   10.638    1.793    0    0  (Gen:  0)
   521456      4088   4658512  0.001  0.000   10.639    1.793    0    0  (Gen:  0)
   521600      4080   4658536  0.001  0.000   10.640    1.793    0    0  (Gen:  0)
   521584      4096   4658584  0.001  0.000   10.641    1.793    0    0  (Gen:  0)
   521400      3992   4658496  0.001  0.000   10.643    1.793    0    0  (Gen:  0)
   521704      4520   4659040  0.001  0.000   10.644    1.794    0    0  (Gen:  0)
   521800      4248   4659056  0.000  0.000   10.644    1.794    0    0  (Gen:  0)
   521288      4392   4659288  0.000  0.000   10.645    1.794    0    0  (Gen:  0)
   521792      4064   4659216  0.000  0.000   10.645    1.794    0    0  (Gen:  0)
   521624      4432   4659672  0.000  0.000   10.646    1.794    0    0  (Gen:  0)
   521328      8232   4663880  0.000  0.000   10.646    1.794    0    0  (Gen:  0)
   521520      6392   4663896  0.000  0.000   10.647    1.794    0    0  (Gen:  0)
   521544      4048   4663840  0.000  0.000   10.648    1.794    0    0  (Gen:  0)
   521560      4224   4664032  0.000  0.000   10.648    1.795    0    0  (Gen:  0)
   521696      4192   4664048  0.000  0.000   10.649    1.795    0    0  (Gen:  0)
   521840      5968   4665840  0.000  0.000   10.649    1.795    0    0  (Gen:  0)
   521368      4192   4665744  0.000  0.000   10.650    1.795    0    0  (Gen:  0)
   521616      4192   4665904  0.000  0.000   10.650    1.795    0    0  (Gen:  0)
   521752      4280   4666024  0.000  0.000   10.651    1.795    0    0  (Gen:  0)
   521688      4248   4666024  0.000  0.000   10.651    1.795    0    0  (Gen:  0)
   521792      4160   4665952  0.000  0.000   10.652    1.795    0    0  (Gen:  0)
   521368      6464   4668272  0.000  0.000   10.653    1.796    0    0  (Gen:  0)
   521584      6208   4668096  0.000  0.000   10.653    1.796    0    0  (Gen:  0)
   521344      4768   4668960  0.000  0.000   10.654    1.796    0    0  (Gen:  0)
   521656      4696   4669768  0.000  0.000   10.654    1.796    0    0  (Gen:  0)
   521488      4024   4669920  0.000  0.000   10.655    1.796    0    0  (Gen:  0)
   521656      4208   4670120  0.000  0.000   10.655    1.796    0    0  (Gen:  0)
   521640      4104   4670064  0.000  0.000   10.656    1.796    0    0  (Gen:  0)
   521536      4152   4670272  0.000  0.000   10.657    1.796    0    0  (Gen:  0)
   521712      4152   4670304  0.000  0.000   10.657    1.796    0    0  (Gen:  0)
   521768      4144   4670328  0.000  0.000   10.658    1.797    0    0  (Gen:  0)
   521704      3864   4670064  0.000  0.000   10.658    1.797    0    0  (Gen:  0)
   521360      6224   4672440  0.000  0.000   10.659    1.797    0    0  (Gen:  0)
   521200      6000   4672296  0.000  0.000   10.659    1.797    0    0  (Gen:  0)
   521760      4232   4672584  0.000  0.000   10.660    1.797    0    0  (Gen:  0)
   521576      3992   4672376  0.000  0.000   10.661    1.797    0    0  (Gen:  0)
   521576      4008   4672480  0.000  0.000   10.661    1.797    0    0  (Gen:  0)
   521472      6096   4674600  0.000  0.000   10.662    1.797    0    0  (Gen:  0)
   521640      4232   4674552  0.000  0.000   10.662    1.798    0    0  (Gen:  0)
   521720      4216   4674624  0.000  0.000   10.663    1.798    0    0  (Gen:  0)
   521408      4168   4674592  0.000  0.000   10.663    1.798    0    0  (Gen:  0)
   521248      3976   4674448  0.000  0.000   10.664    1.798    0    0  (Gen:  0)
   521328      6640   4677128  0.000  0.000   10.664    1.798    0    0  (Gen:  0)
   521800      6448   4677000  0.000  0.000   10.665    1.798    0    0  (Gen:  0)
   521544      4080   4677048  0.000  0.000   10.666    1.798    0    0  (Gen:  0)
   521752      4192   4677192  0.000  0.000   10.666    1.798    0    0  (Gen:  0)
   521208      4208   4677240  0.000  0.000   10.667    1.799    0    0  (Gen:  0)
   521552      3952   4677000  0.000  0.000   10.667    1.799    0    0  (Gen:  0)
   521616      4536   4677600  0.000  0.000   10.668    1.799    0    0  (Gen:  0)
   521296      4288   4677640  0.000  0.000   10.668    1.799    0    0  (Gen:  0)
   521608      4344   4677784  0.000  0.000   10.669    1.799    0    0  (Gen:  0)
   521672      4032   4677728  0.000  0.000   10.669    1.799    0    0  (Gen:  0)
   521896      4504   4678288  0.000  0.000   10.670    1.799    0    0  (Gen:  0)
   521624      7896   4682096  0.000  0.000   10.671    1.799    0    0  (Gen:  0)
   521576      6328   4682032  0.000  0.000   10.671    1.799    0    0  (Gen:  0)
   521592      4088   4681976  0.000  0.000   10.672    1.800    0    0  (Gen:  0)
   521424      4352   4682256  0.000  0.000   10.672    1.800    0    0  (Gen:  0)
   521488      4248   4682200  0.000  0.000   10.673    1.800    0    0  (Gen:  0)
   521712      4752   4682712  0.000  0.000   10.673    1.800    0    0  (Gen:  0)
   521584      5384   4684056  0.000  0.000   10.674    1.800    0    0  (Gen:  0)
   521624      3992   4684096  0.000  0.000   10.674    1.800    0    0  (Gen:  0)
   521872      4064   4684200  0.000  0.000   10.675    1.800    0    0  (Gen:  0)
   521744      3904   4684072  0.000  0.000   10.676    1.800    0    0  (Gen:  0)
   521776      4136   4684392  0.000  0.000   10.676    1.801    0    0  (Gen:  0)
   521392      6576   4686864  0.000  0.000   10.677    1.801    0    0  (Gen:  0)
   521552      6352   4686704  0.000  0.000   10.677    1.801    0    0  (Gen:  0)
   521680      3992   4686680  0.000  0.000   10.678    1.801    0    0  (Gen:  0)
   521464      4192   4686896  0.000  0.000   10.678    1.801    0    0  (Gen:  0)
   521520      3936   4686688  0.000  0.000   10.679    1.801    0    0  (Gen:  0)
   521400      6344   4689112  0.000  0.000   10.680    1.801    0    0  (Gen:  0)
   521496      4176   4689056  0.000  0.000   10.680    1.801    0    0  (Gen:  0)
   521592      4192   4689232  0.000  0.000   10.681    1.801    0    0  (Gen:  0)
   521736      4168   4689240  0.000  0.000   10.681    1.802    0    0  (Gen:  0)
   521752      4176   4689280  0.000  0.000   10.682    1.802    0    0  (Gen:  0)
   521648      4080   4689200  0.000  0.000   10.682    1.802    0    0  (Gen:  0)
   521312      6832   4691968  0.000  0.000   10.683    1.802    0    0  (Gen:  0)
   521280      6432   4691648  0.000  0.000   10.683    1.802    0    0  (Gen:  0)
   521680      4048   4691760  0.000  0.000   10.684    1.802    0    0  (Gen:  0)
   521632      3976   4691720  0.000  0.000   10.684    1.802    0    0  (Gen:  0)
   521520      4056   4691888  0.000  0.000   10.685    1.802    0    0  (Gen:  0)
   521544      4496   4692360  0.000  0.000   10.686    1.803    0    0  (Gen:  0)
   521744      4072   4692208  0.000  0.000   10.686    1.803    0    0  (Gen:  0)
   521592      3976   4692200  0.000  0.000   10.687    1.803    0    0  (Gen:  0)
   521752      4448   4692688  0.000  0.000   10.687    1.803    0    0  (Gen:  0)
   521480      4416   4692928  0.000  0.000   10.688    1.803    0    0  (Gen:  0)
   521512      7608   4696360  0.000  0.000   10.688    1.803    0    0  (Gen:  0)
   521592      5728   4696304  0.000  0.000   10.689    1.803    0    0  (Gen:  0)
   521592      4208   4696512  0.000  0.000   10.690    1.803    0    0  (Gen:  0)
   521672      4192   4696528  0.000  0.000   10.690    1.804    0    0  (Gen:  0)
   521592      4056   4696424  0.000  0.000   10.691    1.804    0    0  (Gen:  0)
   521496      4032   4696416  0.000  0.000   10.691    1.804    0    0  (Gen:  0)
   521512      4384   4696784  0.000  0.000   10.692    1.804    0    0  (Gen:  0)
   521776      4264   4696728  0.000  0.000   10.692    1.804    0    0  (Gen:  0)
   521736      4360   4696912  0.000  0.000   10.693    1.804    0    0  (Gen:  0)
   521560      4232   4696816  0.001  0.000   10.694    1.804    0    0  (Gen:  0)
   521312      3960   4696632  0.001  0.000   10.696    1.805    0    0  (Gen:  0)
   521440      6032   4698736  0.001  0.000   10.697    1.805    0    0  (Gen:  0)
   521616      5896   4698664  0.001  0.000   10.698    1.805    0    0  (Gen:  0)
   521424      3984   4698672  0.001  0.000   10.700    1.805    0    0  (Gen:  0)
   521696      4096   4698816  0.001  0.000   10.701    1.805    0    0  (Gen:  0)
   521384      4152   4698904  0.001  0.000   10.702    1.806    0    0  (Gen:  0)
   521680      3816   4698584  0.001  0.000   10.703    1.806    0    0  (Gen:  0)
   521472      4312   4699096  0.000  0.000   10.704    1.806    0    0  (Gen:  0)
   521600      4160   4699008  0.000  0.000   10.704    1.806    0    0  (Gen:  0)
   521784      4064   4699000  0.000  0.000   10.705    1.806    0    0  (Gen:  0)
   521592      3976   4698944  0.000  0.000   10.705    1.806    0    0  (Gen:  0)
   521896      4112   4699168  0.000  0.000   10.706    1.806    0    0  (Gen:  0)
   521392      6608   4701696  0.000  0.000   10.707    1.806    0    0  (Gen:  0)
   521576      6544   4701696  0.000  0.000   10.707    1.807    0    0  (Gen:  0)
   521584      3992   4701656  0.000  0.000   10.708    1.807    0    0  (Gen:  0)
   521528      4152   4701832  0.000  0.000   10.708    1.807    0    0  (Gen:  0)
   521368      4192   4701920  0.000  0.000   10.709    1.807    0    0  (Gen:  0)
   521760      4272   4702016  0.000  0.000   10.709    1.807    0    0  (Gen:  0)
   521640      4064   4702080  0.000  0.000   10.710    1.807    0    0  (Gen:  0)
   521584      4056   4702232  0.000  0.000   10.710    1.807    0    0  (Gen:  0)
   521496      4488   4702696  0.000  0.000   10.711    1.807    0    0  (Gen:  0)
   521672      4256   4702720  0.000  0.000   10.711    1.807    0    0  (Gen:  0)
   521632      4408   4703112  0.000  0.000   10.712    1.808    0    0  (Gen:  0)
   521536      7720   4706824  0.000  0.000   10.713    1.808    0    0  (Gen:  0)
   521800      6000   4706784  0.000  0.000   10.713    1.808    0    0  (Gen:  0)
   521608      4320   4707024  0.000  0.000   10.714    1.808    0    0  (Gen:  0)
   521376      4144   4706880  0.000  0.000   10.714    1.808    0    0  (Gen:  0)
   521352      3992   4706816  0.000  0.000   10.715    1.808    0    0  (Gen:  0)
   521856      5928   4708784  0.000  0.000   10.716    1.808    0    0  (Gen:  0)
   521864      4160   4708696  0.000  0.000   10.716    1.808    0    0  (Gen:  0)
   521640      4016   4708640  0.000  0.000   10.717    1.809    0    0  (Gen:  0)
   521800      4336   4708976  0.000  0.000   10.717    1.809    0    0  (Gen:  0)
   521232      4080   4708768  0.000  0.000   10.718    1.809    0    0  (Gen:  0)
   521424      6656   4711360  0.000  0.000   10.718    1.809    0    0  (Gen:  0)
   521792      6336   4711104  0.000  0.000   10.719    1.809    0    0  (Gen:  0)
   521392      4528   4711688  0.000  0.000   10.720    1.809    0    0  (Gen:  0)
   521656      5440   4713016  0.000  0.000   10.720    1.809    0    0  (Gen:  0)
   521736      3968   4712992  0.000  0.000   10.721    1.809    0    0  (Gen:  0)
   521744      3848   4712960  0.000  0.000   10.721    1.810    0    0  (Gen:  0)
   521616      4224   4713368  0.000  0.000   10.722    1.810    0    0  (Gen:  0)
   521640      4104   4713296  0.000  0.000   10.722    1.810    0    0  (Gen:  0)
   521792      3888   4713168  0.000  0.000   10.723    1.810    0    0  (Gen:  0)
   521824      4144   4713440  0.000  0.000   10.723    1.810    0    0  (Gen:  0)
   521784      3984   4713328  0.000  0.000   10.724    1.810    0    0  (Gen:  0)
   521416      6336   4715696  0.000  0.000   10.725    1.810    0    0  (Gen:  0)
   521736      6200   4715624  0.000  0.000   10.725    1.810    0    0  (Gen:  0)
   521744      4024   4715576  0.000  0.000   10.726    1.810    0    0  (Gen:  0)
   521592      3992   4715576  0.000  0.000   10.726    1.811    0    0  (Gen:  0)
   521440      4120   4715736  0.000  0.000   10.727    1.811    0    0  (Gen:  0)
   521712      3968   4715600  0.000  0.000   10.727    1.811    0    0  (Gen:  0)
   521568      5904   4717552  0.000  0.000   10.728    1.811    0    0  (Gen:  0)
   521264      4096   4717576  0.000  0.000   10.728    1.811    0    0  (Gen:  0)
   521568      4152   4717720  0.000  0.000   10.729    1.811    0    0  (Gen:  0)
   521760      4104   4717704  0.000  0.000   10.730    1.811    0    0  (Gen:  0)
   521728      4136   4717824  0.000  0.000   10.730    1.811    0    0  (Gen:  0)
   521592      6400   4720120  0.000  0.000   10.731    1.812    0    0  (Gen:  0)
   521616      6432   4720216  0.000  0.000   10.731    1.812    0    0  (Gen:  0)
   521560      3992   4720120  0.000  0.000   10.732    1.812    0    0  (Gen:  0)
   521656      4144   4720288  0.000  0.000   10.732    1.812    0    0  (Gen:  0)
   521416      4120   4720312  0.000  0.000   10.733    1.812    0    0  (Gen:  0)
   521712      4576   4720784  0.000  0.000   10.733    1.812    0    0  (Gen:  0)
   521640      4136   4720616  0.000  0.000   10.734    1.812    0    0  (Gen:  0)
   521576      4080   4720720  0.000  0.000   10.735    1.812    0    0  (Gen:  0)
   521424      4432   4721104  0.000  0.000   10.735    1.813    0    0  (Gen:  0)
   521712      4288   4721216  0.000  0.000   10.736    1.813    0    0  (Gen:  0)
   521680      4360   4721528  0.000  0.000   10.736    1.813    0    0  (Gen:  0)
   521360      7744   4725312  0.000  0.000   10.737    1.813    0    0  (Gen:  0)
   521760      6216   4725144  0.000  0.000   10.737    1.813    0    0  (Gen:  0)
   521776      4296   4725408  0.000  0.000   10.738    1.813    0    0  (Gen:  0)
   521472      4160   4725304  0.000  0.000   10.739    1.813    0    0  (Gen:  0)
   521512      4024   4725256  0.000  0.000   10.739    1.813    0    0  (Gen:  0)
   521624      6184   4727448  0.000  0.000   10.740    1.813    0    0  (Gen:  0)
   521632      4288   4727528  0.000  0.000   10.740    1.814    0    0  (Gen:  0)
   521528      4160   4727488  0.000  0.000   10.741    1.814    0    0  (Gen:  0)
   521760      4160   4727504  0.000  0.000   10.741    1.814    0    0  (Gen:  0)
   521752      4008   4727400  0.000  0.000   10.742    1.814    0    0  (Gen:  0)
   521656      3920   4727328  0.000  0.000   10.742    1.814    0    0  (Gen:  0)
   521576      6360   4729784  0.000  0.000   10.743    1.814    0    0  (Gen:  0)
   521448      6440   4729944  0.000  0.000   10.744    1.814    0    0  (Gen:  0)
   521616      4136   4729976  0.000  0.000   10.744    1.814    0    0  (Gen:  0)
   521544      4048   4729920  0.000  0.000   10.745    1.815    0    0  (Gen:  0)
   521584      4112   4730072  0.000  0.000   10.745    1.815    0    0  (Gen:  0)
   521472      6360   4732352  0.000  0.000   10.746    1.815    0    0  (Gen:  0)
   521592      4112   4732216  0.000  0.000   10.746    1.815    0    0  (Gen:  0)
   521544      3968   4732160  0.000  0.000   10.747    1.815    0    0  (Gen:  0)
   521568      4184   4732392  0.000  0.000   10.747    1.815    0    0  (Gen:  0)
   521736      4104   4732360  0.000  0.000   10.748    1.815    0    0  (Gen:  0)
   521544      6720   4734992  0.000  0.000   10.749    1.815    0    0  (Gen:  0)
   521600      6600   4734936  0.000  0.000   10.749    1.815    0    0  (Gen:  0)
   521576      4048   4734952  0.000  0.000   10.750    1.816    0    0  (Gen:  0)
   521424      4152   4735088  0.000  0.000   10.750    1.816    0    0  (Gen:  0)
   521208      4144   4735112  0.000  0.000   10.751    1.816    0    0  (Gen:  0)
   521528      4088   4735072  0.000  0.000   10.751    1.816    0    0  (Gen:  0)
   521728      4440   4735440  0.000  0.000   10.752    1.816    0    0  (Gen:  0)
   521792      3976   4735264  0.000  0.000   10.752    1.816    0    0  (Gen:  0)
   521624      4472   4735848  0.000  0.000   10.753    1.816    0    0  (Gen:  0)
   521536      3992   4735624  0.000  0.000   10.754    1.816    0    0  (Gen:  0)
   521528      4496   4736216  0.000  0.000   10.754    1.817    0    0  (Gen:  0)
   521456      7512   4739648  0.000  0.000   10.755    1.817    0    0  (Gen:  0)
   521696      5800   4739600  0.000  0.000   10.755    1.817    0    0  (Gen:  0)
   521824      4192   4739648  0.000  0.000   10.756    1.817    0    0  (Gen:  0)
   521440      4080   4739552  0.000  0.000   10.756    1.817    0    0  (Gen:  0)
   521584      3960   4739480  0.000  0.000   10.757    1.817    0    0  (Gen:  0)
   521576      4312   4739848  0.000  0.000   10.757    1.817    0    0  (Gen:  0)
   521904      4192   4739776  0.000  0.000   10.758    1.817    0    0  (Gen:  0)
   521552      4248   4739992  0.000  0.000   10.759    1.818    0    0  (Gen:  0)
   521872      4160   4739936  0.000  0.000   10.759    1.818    0    0  (Gen:  0)
   521808      4168   4739976  0.000  0.000   10.760    1.818    0    0  (Gen:  0)
   521760      4008   4739832  0.000  0.000   10.760    1.818    0    0  (Gen:  0)
   521616      5664   4741504  0.000  0.000   10.761    1.818    0    0  (Gen:  0)
   521512      5840   4741760  0.000  0.000   10.761    1.818    0    0  (Gen:  0)
   521560      3840   4741608  0.000  0.000   10.762    1.818    0    0  (Gen:  0)
   521440      4008   4741792  0.000  0.000   10.762    1.818    0    0  (Gen:  0)
   521520      4080   4741912  0.000  0.000   10.763    1.818    0    0  (Gen:  0)
   521640      4368   4742216  0.000  0.000   10.763    1.819    0    0  (Gen:  0)
   521704      4056   4741952  0.000  0.000   10.764    1.819    0    0  (Gen:  0)
   521624      4096   4742152  0.000  0.000   10.765    1.819    0    0  (Gen:  0)
   521864      4168   4742256  0.000  0.000   10.765    1.819    0    0  (Gen:  0)
   521832      3976   4742096  0.000  0.000   10.766    1.819    0    0  (Gen:  0)
   521520      4008   4742144  0.000  0.000   10.766    1.819    0    0  (Gen:  0)
   521592      6624   4744776  0.000  0.000   10.767    1.819    0    0  (Gen:  0)
   521488      6672   4744904  0.000  0.000   10.767    1.819    0    0  (Gen:  0)
   521544      4208   4744952  0.000  0.000   10.768    1.820    0    0  (Gen:  0)
   521656      4080   4744856  0.000  0.000   10.768    1.820    0    0  (Gen:  0)
   521376      4104   4744968  0.000  0.000   10.769    1.820    0    0  (Gen:  0)
   521680      4432   4745328  0.000  0.000   10.770    1.820    0    0  (Gen:  0)
   521752      4248   4745416  0.000  0.000   10.770    1.820    0    0  (Gen:  0)
   521320      3952   4745208  0.000  0.000   10.771    1.820    0    0  (Gen:  0)
   521736      4488   4745760  0.001  0.000   10.772    1.820    0    0  (Gen:  0)
   521688      4344   4745888  0.001  0.000   10.773    1.820    0    0  (Gen:  0)
   521456      8008   4749792  0.001  0.000   10.774    1.821    0    0  (Gen:  0)
   521712      6008   4749776  0.001  0.000   10.776    1.821    0    0  (Gen:  0)
   521800      4136   4749896  0.001  0.000   10.777    1.821    0    0  (Gen:  0)
   521584      4168   4749960  0.001  0.000   10.778    1.821    0    0  (Gen:  0)
   521208      4160   4749984  0.001  0.000   10.780    1.821    0    0  (Gen:  0)
   521576      4080   4749920  0.001  0.000   10.780    1.822    0    0  (Gen:  0)
   521784      5984   4751840  0.000  0.000   10.781    1.822    0    0  (Gen:  0)
   521808      4264   4751816  0.000  0.000   10.782    1.822    0    0  (Gen:  0)
   521808      4000   4751640  0.000  0.000   10.782    1.822    0    0  (Gen:  0)
   521480      3976   4751648  0.000  0.000   10.783    1.822    0    0  (Gen:  0)
   521344      4096   4751856  0.000  0.000   10.783    1.822    0    0  (Gen:  0)
   521632      6584   4754376  0.000  0.000   10.784    1.822    0    0  (Gen:  0)
   521568      6408   4754264  0.000  0.000   10.784    1.822    0    0  (Gen:  0)
   521304      4544   4754704  0.000  0.000   10.785    1.823    0    0  (Gen:  0)
   521896      5552   4756112  0.000  0.000   10.786    1.823    0    0  (Gen:  0)
   521712      4176   4756040  0.000  0.000   10.786    1.823    0    0  (Gen:  0)
   521776      4464   4756344  0.000  0.000   10.787    1.823    0    0  (Gen:  0)
   521600      4128   4756056  0.000  0.000   10.787    1.823    0    0  (Gen:  0)
   521600      3984   4756072  0.000  0.000   10.788    1.823    0    0  (Gen:  0)
   521896      4024   4756144  0.000  0.000   10.788    1.823    0    0  (Gen:  0)
   521736      3968   4756120  0.000  0.000   10.789    1.823    0    0  (Gen:  0)
   521800      4040   4756280  0.000  0.000   10.789    1.823    0    0  (Gen:  0)
   521408      6184   4758456  0.000  0.000   10.790    1.824    0    0  (Gen:  0)
   521752      6160   4758496  0.000  0.000   10.790    1.824    0    0  (Gen:  0)
   521672      3992   4758384  0.000  0.000   10.791    1.824    0    0  (Gen:  0)
   521608      3992   4758400  0.000  0.000   10.792    1.824    0    0  (Gen:  0)
   521472      4136   4758592  0.000  0.000   10.792    1.824    0    0  (Gen:  0)
   521824      5936   4760408  0.000  0.000   10.793    1.824    0    0  (Gen:  0)
   521248      4136   4760424  0.000  0.000   10.793    1.824    0    0  (Gen:  0)
   521456      3952   4760400  0.000  0.000   10.794    1.824    0    0  (Gen:  0)
   521512      4056   4760536  0.000  0.000   10.794    1.825    0    0  (Gen:  0)
   521872      4136   4760648  0.000  0.000   10.795    1.825    0    0  (Gen:  0)
   521640      3976   4760504  0.000  0.000   10.795    1.825    0    0  (Gen:  0)
   521600      6560   4763104  0.000  0.000   10.796    1.825    0    0  (Gen:  0)
   521568      6520   4763144  0.000  0.000   10.797    1.825    0    0  (Gen:  0)
   521664      4264   4763232  0.000  0.000   10.797    1.825    0    0  (Gen:  0)
   521472      4192   4763192  0.000  0.000   10.798    1.825    0    0  (Gen:  0)
   521560      4160   4763248  0.000  0.000   10.798    1.825    0    0  (Gen:  0)
   521648      4440   4763560  0.000  0.000   10.799    1.826    0    0  (Gen:  0)
   521744      4120   4763512  0.000  0.000   10.799    1.826    0    0  (Gen:  0)
   521360      3992   4763472  0.000  0.000   10.800    1.826    0    0  (Gen:  0)
   521696      4384   4763880  0.000  0.000   10.801    1.826    0    0  (Gen:  0)
   521624      4360   4764128  0.000  0.000   10.801    1.826    0    0  (Gen:  0)
   521536      8064   4768072  0.000  0.000   10.802    1.826    0    0  (Gen:  0)
   521608      6248   4767920  0.000  0.000   10.802    1.826    0    0  (Gen:  0)
   521736      4152   4768080  0.000  0.000   10.803    1.826    0    0  (Gen:  0)
   521648      4016   4767976  0.000  0.000   10.803    1.826    0    0  (Gen:  0)
   521608      4120   4768112  0.000  0.000   10.804    1.827    0    0  (Gen:  0)
   521360      4024   4768032  0.000  0.000   10.804    1.827    0    0  (Gen:  0)
   521656      6200   4770224  0.000  0.000   10.805    1.827    0    0  (Gen:  0)
   521408      4232   4770248  0.000  0.000   10.806    1.827    0    0  (Gen:  0)
   521808      4264   4770368  0.000  0.000   10.806    1.827    0    0  (Gen:  0)
   521792      4104   4770240  0.000  0.000   10.807    1.827    0    0  (Gen:  0)
   521736      4176   4770400  0.000  0.000   10.807    1.827    0    0  (Gen:  0)
   521504      6656   4772912  0.000  0.000   10.808    1.827    0    0  (Gen:  0)
   521656      6072   4772392  0.000  0.000   10.809    1.828    0    0  (Gen:  0)
   521528      3928   4772584  0.000  0.000   10.809    1.828    0    0  (Gen:  0)
   521400      4128   4772800  0.000  0.000   10.810    1.828    0    0  (Gen:  0)
   521576      3992   4772712  0.000  0.000   10.810    1.828    0    0  (Gen:  0)
   521656      3880   4772616  0.000  0.000   10.811    1.828    0    0  (Gen:  0)
   521584      6176   4774928  0.000  0.000   10.812    1.828    0    0  (Gen:  0)
   521392      4040   4774920  0.000  0.000   10.813    1.828    0    0  (Gen:  0)
   521560      4280   4775248  0.000  0.000   10.813    1.828    0    0  (Gen:  0)
   521720      3968   4774968  0.000  0.000   10.814    1.829    0    0  (Gen:  0)
   521736      4120   4775208  0.000  0.000   10.814    1.829    0    0  (Gen:  0)
   521456      6608   4777728  0.000  0.000   10.815    1.829    0    0  (Gen:  0)
   521832      6712   4777896  0.000  0.000   10.815    1.829    0    0  (Gen:  0)
   521224      3920   4777600  0.000  0.000   10.816    1.829    0    0  (Gen:  0)
   521432      4168   4777864  0.000  0.000   10.817    1.829    0    0  (Gen:  0)
   521248      4160   4777904  0.000  0.000   10.817    1.829    0    0  (Gen:  0)
   521776      4480   4778240  0.000  0.000   10.818    1.829    0    0  (Gen:  0)
   521576      4064   4778096  0.000  0.000   10.818    1.830    0    0  (Gen:  0)
   521872      4056   4778248  0.000  0.000   10.819    1.830    0    0  (Gen:  0)
   521440      4488   4778712  0.000  0.000   10.819    1.830    0    0  (Gen:  0)
   521600      4512   4778992  0.000  0.000   10.820    1.830    0    0  (Gen:  0)
   521608      4280   4779000  0.000  0.000   10.820    1.830    0    0  (Gen:  0)
   521504      7352   4782472  0.000  0.000   10.821    1.830    0    0  (Gen:  0)
   521720      5608   4782248  0.000  0.000   10.822    1.830    0    0  (Gen:  0)
   521704      4208   4782504  0.000  0.000   10.822    1.830    0    0  (Gen:  0)
   521392      4104   4782432  0.000  0.000   10.823    1.831    0    0  (Gen:  0)
   521672      3960   4782376  0.000  0.000   10.823    1.831    0    0  (Gen:  0)
   521664      4368   4782816  0.000  0.000   10.824    1.831    0    0  (Gen:  0)
   521872      4344   4782840  0.000  0.000   10.824    1.831    0    0  (Gen:  0)
   521584      4008   4782592  0.000  0.000   10.825    1.831    0    0  (Gen:  0)
   521880      4240   4782840  0.000  0.000   10.825    1.831    0    0  (Gen:  0)
   521712      4152   4782800  0.000  0.000   10.826    1.831    0    0  (Gen:  0)
   521664      6184   4784848  0.000  0.000   10.826    1.831    0    0  (Gen:  0)
   521672      5984   4784712  0.000  0.000   10.827    1.831    0    0  (Gen:  0)
   521424      4232   4784880  0.000  0.000   10.828    1.832    0    0  (Gen:  0)
   521568      4176   4784856  0.000  0.000   10.828    1.832    0    0  (Gen:  0)
   521544      4288   4785000  0.000  0.000   10.829    1.832    0    0  (Gen:  0)
   521544      4216   4784944  0.000  0.000   10.829    1.832    0    0  (Gen:  0)
   521640      4144   4784888  0.000  0.000   10.830    1.832    0    0  (Gen:  0)
   521632      4136   4784944  0.000  0.000   10.830    1.832    0    0  (Gen:  0)
   521800      3920   4784816  0.000  0.000   10.831    1.832    0    0  (Gen:  0)
   521800      4000   4784912  0.000  0.000   10.831    1.832    0    0  (Gen:  0)
   521776      4048   4785008  0.000  0.000   10.832    1.833    0    0  (Gen:  0)
   521568      6752   4787728  0.000  0.000   10.833    1.833    0    0  (Gen:  0)
   521520      6480   4787520  0.000  0.000   10.833    1.833    0    0  (Gen:  0)
   521552      4168   4787792  0.000  0.000   10.834    1.833    0    0  (Gen:  0)
   521440      4208   4787864  0.000  0.000   10.834    1.833    0    0  (Gen:  0)
   521592      4040   4787728  0.000  0.000   10.835    1.833    0    0  (Gen:  0)
   521544      3968   4787672  0.000  0.000   10.835    1.833    0    0  (Gen:  0)
   521680      4448   4788168  0.000  0.000   10.836    1.833    0    0  (Gen:  0)
   521736      4192   4788200  0.000  0.000   10.836    1.833    0    0  (Gen:  0)
   521336      4416   4788512  0.000  0.000   10.837    1.834    0    0  (Gen:  0)
   521728      4176   4788528  0.000  0.000   10.838    1.834    0    0  (Gen:  0)
   521640      4376   4788816  0.000  0.000   10.838    1.834    0    0  (Gen:  0)
   521496      7944   4792800  0.000  0.000   10.839    1.834    0    0  (Gen:  0)
   521824      5888   4792568  0.000  0.000   10.839    1.834    0    0  (Gen:  0)
   521704      3936   4792536  0.000  0.000   10.840    1.834    0    0  (Gen:  0)
   521416      4144   4792760  0.000  0.000   10.841    1.834    0    0  (Gen:  0)
   521232      4048   4792712  0.000  0.000   10.841    1.834    0    0  (Gen:  0)
   521744      5912   4794592  0.000  0.000   10.842    1.835    0    0  (Gen:  0)
   521880      4248   4794608  0.000  0.000   10.842    1.835    0    0  (Gen:  0)
   521728      4080   4794600  0.000  0.000   10.843    1.835    0    0  (Gen:  0)
   521832      4192   4794744  0.000  0.000   10.843    1.835    0    0  (Gen:  0)
   521208      4208   4794792  0.000  0.000   10.844    1.835    0    0  (Gen:  0)
   521368      3952   4794552  0.000  0.000   10.844    1.835    0    0  (Gen:  0)
   521816      6520   4797136  0.000  0.000   10.845    1.835    0    0  (Gen:  0)
   521512      6280   4796976  0.000  0.000   10.846    1.835    0    0  (Gen:  0)
   521496      5752   4798752  0.000  0.000   10.846    1.836    0    0  (Gen:  0)
   521720      4088   4798696  0.000  0.000   10.847    1.836    0    0  (Gen:  0)
   521720      4176   4798872  0.000  0.000   10.847    1.836    0    0  (Gen:  0)
   521624      4352   4799080  0.000  0.000   10.848    1.836    0    0  (Gen:  0)
   521824      4144   4798920  0.000  0.000   10.848    1.836    0    0  (Gen:  0)
   521576      4016   4798880  0.000  0.000   10.849    1.836    0    0  (Gen:  0)
   521912      4296   4799176  0.000  0.000   10.850    1.836    0    0  (Gen:  0)
   521712      4176   4799104  0.000  0.000   10.850    1.836    0    0  (Gen:  0)
   521592      5280   4800224  0.000  0.000   10.851    1.837    0    0  (Gen:  0)
   521624      6024   4801032  0.000  0.000   10.851    1.837    0    0  (Gen:  0)
   521752      4920   4801072  0.000  0.000   10.852    1.837    0    0  (Gen:  0)
   521592      4136   4801200  0.000  0.000   10.852    1.837    0    0  (Gen:  0)
   521592      3976   4801072  0.000  0.000   10.853    1.837    0    0  (Gen:  0)
   521520      4136   4801320  0.000  0.000   10.853    1.837    0    0  (Gen:  0)
   521792      5952   4803168  0.001  0.000   10.854    1.837    0    0  (Gen:  0)
   521208      4160   4803192  0.000  0.000   10.855    1.837    0    0  (Gen:  0)
   521520      3992   4803112  0.000  0.000   10.856    1.837    0    0  (Gen:  0)
   521560      4240   4803376  0.000  0.000   10.856    1.838    0    0  (Gen:  0)
   521872      4136   4803320  0.000  0.000   10.857    1.838    0    0  (Gen:  0)
   521696      6568   4805768  0.000  0.000   10.857    1.838    0    0  (Gen:  0)
   521496      6296   4805560  0.000  0.000   10.858    1.838    0    0  (Gen:  0)
   521632      4064   4805744  0.000  0.000   10.858    1.838    0    0  (Gen:  0)
   521528      4120   4805832  0.000  0.000   10.859    1.838    0    0  (Gen:  0)
   521600      4096   4805840  0.000  0.000   10.859    1.838    0    0  (Gen:  0)
   521544      4024   4805784  0.000  0.000   10.860    1.838    0    0  (Gen:  0)
   521664      4520   4806296  0.000  0.000   10.860    1.839    0    0  (Gen:  0)
   521712      4136   4806200  0.000  0.000   10.861    1.839    0    0  (Gen:  0)
   521328      4448   4806600  0.000  0.000   10.862    1.839    0    0  (Gen:  0)
   521696      4088   4806496  0.000  0.000   10.862    1.839    0    0  (Gen:  0)
   521680      4384   4806880  0.001  0.000   10.864    1.839    0    0  (Gen:  0)
   521400      7648   4810560  0.000  0.000   10.865    1.839    0    0  (Gen:  0)
   521816      6456   4810872  0.000  0.000   10.865    1.839    0    0  (Gen:  0)
   521704      4008   4810608  0.000  0.000   10.866    1.840    0    0  (Gen:  0)
   521608      4096   4810712  0.000  0.000   10.866    1.840    0    0  (Gen:  0)
   521368      4096   4810760  0.000  0.000   10.867    1.840    0    0  (Gen:  0)
   521624      6248   4812928  0.000  0.000   10.867    1.840    0    0  (Gen:  0)
   521664      4144   4812800  0.000  0.000   10.868    1.840    0    0  (Gen:  0)
   521424      4128   4812944  0.000  0.000   10.869    1.840    0    0  (Gen:  0)
   521752      4184   4813032  0.000  0.000   10.869    1.840    0    0  (Gen:  0)
   521872      4232   4813112  0.000  0.000   10.870    1.840    0    0  (Gen:  0)
   521600      3976   4812872  0.000  0.000   10.870    1.841    0    0  (Gen:  0)
   521512      6648   4815560  0.000  0.000   10.871    1.841    0    0  (Gen:  0)
   521480      6472   4815464  0.000  0.000   10.872    1.841    0    0  (Gen:  0)
   521784      4248   4815576  0.000  0.000   10.872    1.841    0    0  (Gen:  0)
   521368      4160   4815520  0.000  0.000   10.873    1.841    0    0  (Gen:  0)
   521552      4264   4815712  0.000  0.000   10.873    1.841    0    0  (Gen:  0)
   521568      6288   4817768  0.000  0.000   10.874    1.841    0    0  (Gen:  0)
   521680      4064   4817656  0.000  0.000   10.874    1.841    0    0  (Gen:  0)
   521408      3880   4817632  0.000  0.000   10.875    1.842    0    0  (Gen:  0)
   521544      4152   4817936  0.000  0.000   10.876    1.842    0    0  (Gen:  0)
   521736      4048   4817864  0.000  0.000   10.876    1.842    0    0  (Gen:  0)
   521704      3992   4817824  0.000  0.000   10.877    1.842    0    0  (Gen:  0)
   521528      6656   4820504  0.000  0.000   10.877    1.842    0    0  (Gen:  0)
   521736      6544   4820472  0.000  0.000   10.878    1.842    0    0  (Gen:  0)
   521248      4280   4820704  0.000  0.000   10.878    1.842    0    0  (Gen:  0)
   521232      3800   4820256  0.000  0.000   10.879    1.842    0    0  (Gen:  0)
   521472      4008   4820552  0.000  0.000   10.880    1.843    0    0  (Gen:  0)
   521688      4504   4821080  0.000  0.000   10.880    1.843    0    0  (Gen:  0)
   521792      4104   4820952  0.000  0.000   10.881    1.843    0    0  (Gen:  0)
   521736      3992   4820928  0.000  0.000   10.881    1.843    0    0  (Gen:  0)
   521480      4488   4821440  0.000  0.000   10.882    1.843    0    0  (Gen:  0)
   521520      4344   4821568  0.000  0.000   10.882    1.843    0    0  (Gen:  0)
   521504      7432   4824896  0.000  0.000   10.883    1.843    0    0  (Gen:  0)
   521608      5664   4824952  0.000  0.000   10.884    1.843    0    0  (Gen:  0)
   521840      3920   4824936  0.000  0.000   10.884    1.844    0    0  (Gen:  0)
   521440      4152   4825200  0.000  0.000   10.885    1.844    0    0  (Gen:  0)
   521592      4104   4825184  0.000  0.000   10.885    1.844    0    0  (Gen:  0)
   521544      4032   4825128  0.000  0.000   10.886    1.844    0    0  (Gen:  0)
   521872      4160   4825272  0.000  0.000   10.886    1.844    0    0  (Gen:  0)
   521704      4184   4825360  0.000  0.000   10.887    1.844    0    0  (Gen:  0)
   521848      4192   4825456  0.000  0.000   10.888    1.844    0    0  (Gen:  0)
   521696      4104   4825400  0.000  0.000   10.888    1.844    0    0  (Gen:  0)
   521728      4136   4825520  0.000  0.000   10.889    1.845    0    0  (Gen:  0)
   521712      5984   4827400  0.001  0.000   10.890    1.845    0    0  (Gen:  0)
   521632      6024   4827504  0.000  0.000   10.891    1.845    0    0  (Gen:  0)
   521336      4048   4827376  0.000  0.000   10.891    1.845    0    0  (Gen:  0)
   521552      4152   4827496  0.000  0.000   10.892    1.845    0    0  (Gen:  0)
   521616      3928   4827320  0.000  0.000   10.893    1.845    0    0  (Gen:  0)
   521632      4336   4827744  0.000  0.000   10.893    1.845    0    0  (Gen:  0)
   521592      4232   4827688  0.000  0.000   10.894    1.846    0    0  (Gen:  0)
   521568      4248   4827864  0.000  0.000   10.894    1.846    0    0  (Gen:  0)
   521912      4304   4827952  0.000  0.000   10.895    1.846    0    0  (Gen:  0)
   521720      4344   4828024  0.000  0.000   10.895    1.846    0    0  (Gen:  0)
   521800      3840   4827536  0.000  0.000   10.896    1.846    0    0  (Gen:  0)
   521360      6712   4830424  0.000  0.000   10.897    1.846    0    0  (Gen:  0)
   521560      6560   4830352  0.000  0.000   10.897    1.846    0    0  (Gen:  0)
   521616      3976   4830280  0.000  0.000   10.898    1.846    0    0  (Gen:  0)
   521560      4024   4830344  0.000  0.000   10.898    1.847    0    0  (Gen:  0)
   521392      3968   4830336  0.000  0.000   10.899    1.847    0    0  (Gen:  0)
   521752      4408   4830792  0.000  0.000   10.899    1.847    0    0  (Gen:  0)
   521584      4120   4830776  0.000  0.000   10.900    1.847    0    0  (Gen:  0)
   521552      4048   4830864  0.000  0.000   10.901    1.847    0    0  (Gen:  0)
   521568      4072   4830920  0.000  0.000   10.901    1.847    0    0  (Gen:  0)
   521680      4344   4831448  0.000  0.000   10.902    1.847    0    0  (Gen:  0)
   521536      4608   4831952  0.000  0.000   10.902    1.847    0    0  (Gen:  0)
   521624      7600   4835504  0.000  0.000   10.903    1.848    0    0  (Gen:  0)
   521856      6040   4835464  0.000  0.000   10.903    1.848    0    0  (Gen:  0)
   521576      4264   4835608  0.000  0.000   10.904    1.848    0    0  (Gen:  0)
   521320      4024   4835400  0.000  0.000   10.905    1.848    0    0  (Gen:  0)
   521408      4192   4835656  0.000  0.000   10.905    1.848    0    0  (Gen:  0)
   521840      5720   4837216  0.000  0.000   10.906    1.848    0    0  (Gen:  0)
   521872      4152   4837328  0.000  0.000   10.906    1.848    0    0  (Gen:  0)
   521624      3936   4837200  0.000  0.000   10.907    1.848    0    0  (Gen:  0)
   521728      4168   4837448  0.000  0.000   10.907    1.849    0    0  (Gen:  0)
   521288      4048   4837376  0.000  0.000   10.908    1.849    0    0  (Gen:  0)
   521496      6616   4839960  0.000  0.000   10.909    1.849    0    0  (Gen:  0)
   521720      6352   4839760  0.000  0.000   10.909    1.849    0    0  (Gen:  0)
   521376      4480   4840280  0.000  0.000   10.910    1.849    0    0  (Gen:  0)
   521704      5696   4841912  0.000  0.000   10.910    1.849    0    0  (Gen:  0)
   521736      3984   4841648  0.000  0.000   10.911    1.849    0    0  (Gen:  0)
   521776      4008   4841688  0.000  0.000   10.912    1.849    0    0  (Gen:  0)
   521536      4344   4842040  0.000  0.000   10.912    1.850    0    0  (Gen:  0)
   521696      4264   4842024  0.000  0.000   10.913    1.850    0    0  (Gen:  0)
   521856      4176   4842024  0.000  0.000   10.913    1.850    0    0  (Gen:  0)
   521720      4088   4841968  0.000  0.000   10.914    1.850    0    0  (Gen:  0)
   521720      4176   4842144  0.000  0.000   10.914    1.850    0    0  (Gen:  0)
   521496      6352   4844352  0.000  0.000   10.915    1.850    0    0  (Gen:  0)
   521808      6200   4844264  0.000  0.000   10.916    1.850    0    0  (Gen:  0)
   521696      4088   4844208  0.000  0.000   10.916    1.850    0    0  (Gen:  0)
   521504      4320   4844456  0.000  0.000   10.917    1.851    0    0  (Gen:  0)
   521488      3840   4844024  0.000  0.000   10.917    1.851    0    0  (Gen:  0)
   521736      3824   4844024  0.000  0.000   10.918    1.851    0    0  (Gen:  0)
   521552      5984   4846200  0.000  0.000   10.919    1.851    0    0  (Gen:  0)
   521248      4192   4846240  0.000  0.000   10.919    1.851    0    0  (Gen:  0)
   521576      4120   4846256  0.000  0.000   10.920    1.851    0    0  (Gen:  0)
   521792      3960   4846128  0.000  0.000   10.920    1.851    0    0  (Gen:  0)
   521752      4040   4846296  0.001  0.000   10.922    1.852    0    0  (Gen:  0)
   521496      6424   4848712  0.000  0.000   10.923    1.852    0    0  (Gen:  0)
   521728      6448   4848800  0.000  0.000   10.923    1.852    0    0  (Gen:  0)
   521496      3992   4848688  0.000  0.000   10.924    1.852    0    0  (Gen:  0)
   521664      4096   4848808  0.000  0.000   10.924    1.852    0    0  (Gen:  0)
   521384      3936   4848696  0.000  0.000   10.925    1.852    0    0  (Gen:  0)
   521752      4344   4849120  0.000  0.000   10.925    1.852    0    0  (Gen:  0)
   521560      4048   4849096  0.000  0.000   10.926    1.852    0    0  (Gen:  0)
   521600      4080   4849288  0.000  0.000   10.927    1.853    0    0  (Gen:  0)
   521576      4400   4849640  0.000  0.000   10.927    1.853    0    0  (Gen:  0)
   521616      4376   4849872  0.000  0.000   10.928    1.853    0    0  (Gen:  0)
   521544      4608   4850344  0.000  0.000   10.928    1.853    0    0  (Gen:  0)
   521512      7208   4853504  0.000  0.000   10.929    1.853    0    0  (Gen:  0)
   521840      6088   4853584  0.000  0.000   10.929    1.853    0    0  (Gen:  0)
   521592      4224   4853904  0.000  0.000   10.930    1.853    0    0  (Gen:  0)
   521664      4176   4853888  0.000  0.000   10.931    1.853    0    0  (Gen:  0)
   521432      3992   4853792  0.000  0.000   10.931    1.853    0    0  (Gen:  0)
   521576      6096   4855928  0.000  0.000   10.932    1.854    0    0  (Gen:  0)
   521576      4120   4855928  0.000  0.000   10.932    1.854    0    0  (Gen:  0)
   521648      4032   4855928  0.000  0.000   10.933    1.854    0    0  (Gen:  0)
   521704      4240   4856152  0.000  0.000   10.933    1.854    0    0  (Gen:  0)
   521800      4152   4856112  0.000  0.000   10.934    1.854    0    0  (Gen:  0)
   521536      6528   4858504  0.000  0.000   10.934    1.854    0    0  (Gen:  0)
   521664      6456   4858496  0.000  0.000   10.935    1.854    0    0  (Gen:  0)
   521408      4040   4858488  0.000  0.000   10.936    1.854    0    0  (Gen:  0)
   521632      4192   4858672  0.000  0.000   10.936    1.855    0    0  (Gen:  0)
   521528      4144   4858656  0.000  0.000   10.937    1.855    0    0  (Gen:  0)
   521648      4000   4858528  0.000  0.000   10.937    1.855    0    0  (Gen:  0)
   521504      6256   4860800  0.000  0.000   10.938    1.855    0    0  (Gen:  0)
   521504      4264   4860936  0.000  0.000   10.938    1.855    0    0  (Gen:  0)
   521544      4376   4861136  0.000  0.000   10.939    1.855    0    0  (Gen:  0)
   521584      4272   4861064  0.000  0.000   10.939    1.855    0    0  (Gen:  0)
   521752      3944   4860824  0.000  0.000   10.940    1.855    0    0  (Gen:  0)
   521576      6576   4863488  0.000  0.000   10.941    1.856    0    0  (Gen:  0)
   521576      6504   4863480  0.000  0.000   10.941    1.856    0    0  (Gen:  0)
   521568      4136   4863680  0.000  0.000   10.942    1.856    0    0  (Gen:  0)
   521424      4112   4863688  0.000  0.000   10.942    1.856    0    0  (Gen:  0)
   521200      4064   4863672  0.000  0.000   10.943    1.856    0    0  (Gen:  0)
   521544      3992   4863616  0.000  0.000   10.943    1.856    0    0  (Gen:  0)
   521704      4520   4864160  0.000  0.000   10.944    1.856    0    0  (Gen:  0)
   521800      4248   4864176  0.000  0.000   10.945    1.856    0    0  (Gen:  0)
   521640      4296   4864312  0.000  0.000   10.945    1.856    0    0  (Gen:  0)
   521528      4056   4864328  0.000  0.000   10.946    1.857    0    0  (Gen:  0)
   521520      4448   4864808  0.000  0.000   10.946    1.857    0    0  (Gen:  0)
   521456      7464   4868240  0.000  0.000   10.947    1.857    0    0  (Gen:  0)
   521760      5888   4868328  0.000  0.000   10.947    1.857    0    0  (Gen:  0)
   521696      3944   4868040  0.000  0.000   10.948    1.857    0    0  (Gen:  0)
   521480      4296   4868408  0.000  0.000   10.949    1.857    0    0  (Gen:  0)
   521544      4192   4868352  0.000  0.000   10.949    1.857    0    0  (Gen:  0)
   521600      4152   4868328  0.000  0.000   10.950    1.857    0    0  (Gen:  0)
   521904      4120   4868344  0.000  0.000   10.950    1.858    0    0  (Gen:  0)
   521608      4152   4868536  0.000  0.000   10.951    1.858    0    0  (Gen:  0)
   521936      3976   4868392  0.000  0.000   10.951    1.858    0    0  (Gen:  0)
   521744      4136   4868584  0.000  0.000   10.952    1.858    0    0  (Gen:  0)
   521640      3976   4868440  0.000  0.000   10.952    1.858    0    0  (Gen:  0)
   521760      6000   4870480  0.000  0.000   10.953    1.858    0    0  (Gen:  0)
   521392      5808   4870368  0.000  0.000   10.954    1.858    0    0  (Gen:  0)
   521616      4216   4870624  0.000  0.000   10.954    1.858    0    0  (Gen:  0)
   521504      3992   4870432  0.000  0.000   10.955    1.858    0    0  (Gen:  0)
   521496      3976   4870504  0.000  0.000   10.955    1.859    0    0  (Gen:  0)
   521520      4200   4870760  0.000  0.000   10.956    1.859    0    0  (Gen:  0)
   521872      4264   4870872  0.000  0.000   10.956    1.859    0    0  (Gen:  0)
   521576      4048   4870744  0.000  0.000   10.957    1.859    0    0  (Gen:  0)
   521832      4176   4870888  0.000  0.000   10.957    1.859    0    0  (Gen:  0)
   521776      4176   4870936  0.000  0.000   10.958    1.859    0    0  (Gen:  0)
   521672      6880   4873656  0.000  0.000   10.958    1.859    0    0  (Gen:  0)
   521440      6784   4873624  0.000  0.000   10.959    1.859    0    0  (Gen:  0)
   521488      3928   4873352  0.000  0.000   10.960    1.860    0    0  (Gen:  0)
   521576      4136   4873592  0.000  0.000   10.960    1.860    0    0  (Gen:  0)
   521680      3992   4873480  0.000  0.000   10.961    1.860    0    0  (Gen:  0)
   521408      3880   4873456  0.000  0.000   10.961    1.860    0    0  (Gen:  0)
   521688      4424   4874032  0.000  0.000   10.962    1.860    0    0  (Gen:  0)
   521752      4192   4874072  0.000  0.000   10.962    1.860    0    0  (Gen:  0)
   521280      3864   4873832  0.000  0.000   10.963    1.860    0    0  (Gen:  0)
   521768      4312   4874296  0.000  0.000   10.963    1.860    0    0  (Gen:  0)
   521728      4320   4874576  0.000  0.000   10.964    1.861    0    0  (Gen:  0)
   521416      7992   4878488  0.000  0.000   10.965    1.861    0    0  (Gen:  0)
   521760      5912   4878392  0.000  0.000   10.965    1.861    0    0  (Gen:  0)
   521832      4192   4878664  0.000  0.000   10.966    1.861    0    0  (Gen:  0)
   521488      4208   4878712  0.000  0.000   10.966    1.861    0    0  (Gen:  0)
   521224      4152   4878688  0.000  0.000   10.967    1.861    0    0  (Gen:  0)
   521472      4032   4878584  0.000  0.000   10.967    1.861    0    0  (Gen:  0)
   521912      5888   4880456  0.000  0.000   10.968    1.861    0    0  (Gen:  0)
   521792      4248   4880512  0.000  0.000   10.969    1.861    0    0  (Gen:  0)
   521840      4264   4880616  0.000  0.000   10.969    1.862    0    0  (Gen:  0)
   521320      4192   4880576  0.000  0.000   10.970    1.862    0    0  (Gen:  0)
   521424      4248   4880720  0.000  0.000   10.970    1.862    0    0  (Gen:  0)
   521616      6488   4882992  0.000  0.000   10.971    1.862    0    0  (Gen:  0)
   521600      6464   4883032  0.000  0.000   10.971    1.862    0    0  (Gen:  0)
   521440      4304   4883176  0.000  0.000   10.972    1.862    0    0  (Gen:  0)
   521792      5424   4884696  0.000  0.000   10.973    1.862    0    0  (Gen:  0)
   521696      4136   4884712  0.000  0.000   10.973    1.862    0    0  (Gen:  0)
   521736      4352   4884944  0.000  0.000   10.974    1.863    0    0  (Gen:  0)
   521656      4168   4884808  0.000  0.000   10.974    1.863    0    0  (Gen:  0)
   521568      4208   4885008  0.000  0.000   10.975    1.863    0    0  (Gen:  0)
   521920      4280   4885112  0.000  0.000   10.975    1.863    0    0  (Gen:  0)
   521736      3984   4884848  0.000  0.000   10.976    1.863    0    0  (Gen:  0)
   521736      3904   4884784  0.000  0.000   10.976    1.863    0    0  (Gen:  0)
   521424      6296   4887192  0.000  0.000   10.977    1.863    0    0  (Gen:  0)
   521752      6232   4887208  0.000  0.000   10.978    1.863    0    0  (Gen:  0)
   521776      4144   4887176  0.000  0.000   10.978    1.864    0    0  (Gen:  0)
   521496      4104   4887168  0.000  0.000   10.979    1.864    0    0  (Gen:  0)
   521488      4168   4887320  0.000  0.000   10.979    1.864    0    0  (Gen:  0)
   521848      6080   4889264  0.000  0.000   10.980    1.864    0    0  (Gen:  0)
   521256      4344   4889344  0.000  0.000   10.980    1.864    0    0  (Gen:  0)
   521488      4056   4889144  0.000  0.000   10.981    1.864    0    0  (Gen:  0)
   521512      4072   4889176  0.000  0.000   10.981    1.864    0    0  (Gen:  0)
   521744      3976   4889128  0.000  0.000   10.982    1.864    0    0  (Gen:  0)
   521768      4008   4889176  0.000  0.000   10.983    1.864    0    0  (Gen:  0)
   521576      6440   4891624  0.000  0.000   10.983    1.865    0    0  (Gen:  0)
   521496      6144   4891408  0.000  0.000   10.984    1.865    0    0  (Gen:  0)
   521584      4192   4891800  0.000  0.000   10.984    1.865    0    0  (Gen:  0)
   521656      4064   4891704  0.000  0.000   10.985    1.865    0    0  (Gen:  0)
   521528      3936   4891664  0.000  0.000   10.985    1.865    0    0  (Gen:  0)
   521648      4464   4892224  0.000  0.000   10.986    1.865    0    0  (Gen:  0)
   521776      4264   4892296  0.000  0.000   10.986    1.865    0    0  (Gen:  0)
   521232      3728   4891848  0.000  0.000   10.987    1.865    0    0  (Gen:  0)
   521784      4448   4892584  0.000  0.000   10.988    1.866    0    0  (Gen:  0)
   521736      4304   4892712  0.000  0.000   10.988    1.866    0    0  (Gen:  0)
   521328      7968   4896616  0.000  0.000   10.989    1.866    0    0  (Gen:  0)
   521744      6200   4896512  0.000  0.000   10.989    1.866    0    0  (Gen:  0)
   521752      4136   4896704  0.000  0.000   10.990    1.866    0    0  (Gen:  0)
   521512      4136   4896736  0.000  0.000   10.990    1.866    0    0  (Gen:  0)
   521584      4104   4896736  0.000  0.000   10.991    1.866    0    0  (Gen:  0)
   521472      4048   4896696  0.000  0.000   10.991    1.866    0    0  (Gen:  0)
   521672      6112   4898776  0.000  0.000   10.992    1.867    0    0  (Gen:  0)
   521488      4248   4898904  0.000  0.000   10.993    1.867    0    0  (Gen:  0)
   521680      4120   4898864  0.000  0.000   10.993    1.867    0    0  (Gen:  0)
   521864      4064   4898840  0.000  0.000   10.994    1.867    0    0  (Gen:  0)
   521720      4152   4899016  0.000  0.000   10.994    1.867    0    0  (Gen:  0)
   521456      6632   4901528  0.000  0.000   10.995    1.867    0    0  (Gen:  0)
   521552      6408   4901368  0.000  0.000   10.995    1.867    0    0  (Gen:  0)
   521680      4048   4901344  0.000  0.000   10.996    1.867    0    0  (Gen:  0)
   521416      4248   4901560  0.000  0.000   10.997    1.867    0    0  (Gen:  0)
   521568      3992   4901352  0.000  0.000   10.997    1.868    0    0  (Gen:  0)
   521544      6432   4903808  0.000  0.000   10.998    1.868    0    0  (Gen:  0)
   521544      4264   4903752  0.000  0.000   10.998    1.868    0    0  (Gen:  0)
   521544      4152   4903800  0.000  0.000   10.999    1.868    0    0  (Gen:  0)
   521472      4184   4903864  0.000  0.000   10.999    1.868    0    0  (Gen:  0)
   521848      4232   4903944  0.000  0.000   11.000    1.868    0    0  (Gen:  0)
   521672      4136   4903864  0.000  0.000   11.000    1.868    0    0  (Gen:  0)
   521456      6920   4906664  0.000  0.000   11.001    1.868    0    0  (Gen:  0)
   521768      6280   4906104  0.000  0.000   11.002    1.869    0    0  (Gen:  0)
   521288      3912   4906232  0.000  0.000   11.002    1.869    0    0  (Gen:  0)
   521376      4096   4906432  0.000  0.000   11.003    1.869    0    0  (Gen:  0)
   521272      3832   4906216  0.000  0.000   11.003    1.869    0    0  (Gen:  0)
   521680      4448   4906848  0.000  0.000   11.004    1.869    0    0  (Gen:  0)
   521728      4192   4906864  0.000  0.000   11.004    1.869    0    0  (Gen:  0)
   521808      4024   4906856  0.000  0.000   11.005    1.869    0    0  (Gen:  0)
   521448      4216   4907080  0.000  0.000   11.005    1.869    0    0  (Gen:  0)
   521560      4400   4907520  0.000  0.000   11.006    1.869    0    0  (Gen:  0)
   521688      4712   4908072  0.000  0.000   11.007    1.870    0    0  (Gen:  0)
   521456      7000   4911080  0.000  0.000   11.007    1.870    0    0  (Gen:  0)
   521792      5592   4910872  0.000  0.000   11.008    1.870    0    0  (Gen:  0)
   521600      4208   4911144  0.000  0.000   11.008    1.870    0    0  (Gen:  0)
   521496      4064   4911032  0.000  0.000   11.009    1.870    0    0  (Gen:  0)
   521592      4080   4911136  0.000  0.000   11.009    1.870    0    0  (Gen:  0)
   521808      4312   4911400  0.000  0.000   11.010    1.870    0    0  (Gen:  0)
   521640      4072   4911208  0.000  0.000   11.010    1.870    0    0  (Gen:  0)
   521744      4032   4911256  0.000  0.000   11.011    1.871    0    0  (Gen:  0)
   521848      4224   4911464  0.000  0.000   11.012    1.871    0    0  (Gen:  0)
   521768      4120   4911408  0.000  0.000   11.012    1.871    0    0  (Gen:  0)
   521584      6112   4913416  0.000  0.000   11.013    1.871    0    0  (Gen:  0)
   521712      5928   4913296  0.000  0.000   11.013    1.871    0    0  (Gen:  0)
   521432      3888   4913176  0.000  0.000   11.014    1.871    0    0  (Gen:  0)
   521536      4136   4913456  0.000  0.000   11.014    1.871    0    0  (Gen:  0)
   521584      4160   4913512  0.000  0.000   11.015    1.871    0    0  (Gen:  0)
   521544      4088   4913456  0.000  0.000   11.015    1.872    0    0  (Gen:  0)
   521520      4384   4913768  0.000  0.000   11.016    1.872    0    0  (Gen:  0)
   521728      4232   4913680  0.000  0.000   11.017    1.872    0    0  (Gen:  0)
   521872      4168   4913704  0.000  0.000   11.017    1.872    0    0  (Gen:  0)
   521728      4024   4913592  0.000  0.000   11.018    1.872    0    0  (Gen:  0)
   521720      4168   4913824  0.000  0.000   11.018    1.872    0    0  (Gen:  0)
   521552      6544   4916232  0.001  0.000   11.019    1.872    0    0  (Gen:  0)
   521576      6688   4916440  0.001  0.000   11.020    1.872    0    0  (Gen:  0)
   521528      4048   4916312  0.001  0.000   11.021    1.873    0    0  (Gen:  0)
   521520      4104   4916384  0.001  0.000   11.022    1.873    0    0  (Gen:  0)
   521504      4192   4916520  0.001  0.000   11.023    1.873    0    0  (Gen:  0)
   521584      4960   4917304  0.001  0.000   11.024    1.873    0    0  (Gen:  0)
   521656      4040   4916656  0.001  0.000   11.025    1.873    0    0  (Gen:  0)
   521712      3984   4916760  0.001  0.000   11.026    1.873    0    0  (Gen:  0)
   521368      4288   4917096  0.000  0.000   11.027    1.874    0    0  (Gen:  0)
   521744      3904   4916968  0.000  0.000   11.027    1.874    0    0  (Gen:  0)
   521576      4464   4917616  0.000  0.000   11.028    1.874    0    0  (Gen:  0)
   521560      7848   4921416  0.000  0.000   11.028    1.874    0    0  (Gen:  0)
   521824      6024   4921416  0.000  0.000   11.029    1.874    0    0  (Gen:  0)
   521728      3992   4921304  0.000  0.000   11.029    1.874    0    0  (Gen:  0)
   521304      4136   4921464  0.000  0.000   11.030    1.874    0    0  (Gen:  0)
   521248      3872   4921248  0.000  0.000   11.030    1.874    0    0  (Gen:  0)
   521808      6000   4923392  0.000  0.000   11.031    1.875    0    0  (Gen:  0)
   521896      4064   4923136  0.000  0.000   11.032    1.875    0    0  (Gen:  0)
   521688      4112   4923344  0.000  0.000   11.032    1.875    0    0  (Gen:  0)
   521864      4184   4923448  0.000  0.000   11.033    1.875    0    0  (Gen:  0)
   521224      4072   4923368  0.000  0.000   11.033    1.875    0    0  (Gen:  0)
   521336      3904   4923216  0.000  0.000   11.034    1.875    0    0  (Gen:  0)
   521800      6576   4925904  0.000  0.000   11.034    1.875    0    0  (Gen:  0)
   521472      6464   4925872  0.000  0.000   11.035    1.875    0    0  (Gen:  0)
   521648      5744   4927456  0.000  0.000   11.036    1.875    0    0  (Gen:  0)
   521624      4008   4927328  0.000  0.000   11.036    1.876    0    0  (Gen:  0)
   521832      4192   4927600  0.000  0.000   11.037    1.876    0    0  (Gen:  0)
   521576      4232   4927672  0.000  0.000   11.037    1.876    0    0  (Gen:  0)
   521752      4224   4927712  0.000  0.000   11.038    1.876    0    0  (Gen:  0)
   521576      3992   4927568  0.000  0.000   11.038    1.876    0    0  (Gen:  0)
   521944      4168   4927760  0.000  0.000   11.039    1.876    0    0  (Gen:  0)
   521696      4136   4927776  0.000  0.000   11.040    1.876    0    0  (Gen:  0)
   521584      6192   4929848  0.001  0.000   11.041    1.877    0    0  (Gen:  0)
   521648      6128   4929848  0.001  0.000   11.042    1.877    0    0  (Gen:  0)
   521760      3984   4929832  0.000  0.000   11.042    1.877    0    0  (Gen:  0)
   521488      4208   4930088  0.000  0.000   11.043    1.877    0    0  (Gen:  0)
   521624      4088   4930000  0.000  0.000   11.043    1.877    0    0  (Gen:  0)
   521592      4016   4929944  0.000  0.000   11.044    1.877    0    0  (Gen:  0)
   521712      6192   4932136  0.000  0.000   11.044    1.877    0    0  (Gen:  0)
   521232      4152   4931928  0.000  0.000   11.045    1.877    0    0  (Gen:  0)
   521576      4160   4932024  0.000  0.000   11.046    1.878    0    0  (Gen:  0)
   521576      4088   4931984  0.000  0.000   11.046    1.878    0    0  (Gen:  0)
   521776      4152   4932136  0.000  0.000   11.047    1.878    0    0  (Gen:  0)
   521696      6432   4934448  0.000  0.000   11.047    1.878    0    0  (Gen:  0)
   521584      6296   4934376  0.000  0.000   11.048    1.878    0    0  (Gen:  0)
   521520      3896   4934392  0.000  0.000   11.048    1.878    0    0  (Gen:  0)
   521616      4152   4934680  0.000  0.000   11.049    1.878    0    0  (Gen:  0)
   521544      4064   4934624  0.000  0.000   11.049    1.878    0    0  (Gen:  0)
   521560      3976   4934552  0.000  0.000   11.050    1.878    0    0  (Gen:  0)
   521704      4376   4934968  0.000  0.000   11.051    1.879    0    0  (Gen:  0)
   521704      4096   4934976  0.000  0.000   11.051    1.879    0    0  (Gen:  0)
   521352      4360   4935328  0.000  0.000   11.052    1.879    0    0  (Gen:  0)
   521736      4080   4935304  0.000  0.000   11.052    1.879    0    0  (Gen:  0)
   521544      4376   4935688  0.000  0.000   11.053    1.879    0    0  (Gen:  0)
   521440      7824   4939552  0.000  0.000   11.053    1.879    0    0  (Gen:  0)
   521824      6184   4939416  0.000  0.000   11.054    1.879    0    0  (Gen:  0)
   521720      4048   4939464  0.000  0.000   11.054    1.879    0    0  (Gen:  0)
   521528      4152   4939584  0.000  0.000   11.055    1.880    0    0  (Gen:  0)
   521376      4088   4939568  0.000  0.000   11.056    1.880    0    0  (Gen:  0)
   521768      6280   4941776  0.000  0.000   11.056    1.880    0    0  (Gen:  0)
   521568      4136   4941608  0.000  0.000   11.057    1.880    0    0  (Gen:  0)
   521520      4176   4941808  0.000  0.000   11.057    1.880    0    0  (Gen:  0)
   521696      4208   4941872  0.000  0.000   11.058    1.880    0    0  (Gen:  0)
   521888      3912   4941608  0.000  0.000   11.058    1.880    0    0  (Gen:  0)
   521568      3848   4941560  0.000  0.000   11.059    1.880    0    0  (Gen:  0)
   521552      6504   4944232  0.000  0.000   11.060    1.881    0    0  (Gen:  0)
   521472      6416   4944224  0.000  0.000   11.060    1.881    0    0  (Gen:  0)
   521680      4184   4944328  0.000  0.000   11.061    1.881    0    0  (Gen:  0)
   521408      4064   4944240  0.000  0.000   11.061    1.881    0    0  (Gen:  0)
   521632      4136   4944400  0.000  0.000   11.062    1.881    0    0  (Gen:  0)
   521560      6344   4946640  0.000  0.000   11.062    1.881    0    0  (Gen:  0)
   521592      4128   4946536  0.000  0.000   11.063    1.881    0    0  (Gen:  0)
   521384      4048   4946544  0.000  0.000   11.063    1.881    0    0  (Gen:  0)
   521600      4200   4946712  0.000  0.000   11.064    1.881    0    0  (Gen:  0)
   521776      4120   4946680  0.000  0.000   11.065    1.882    0    0  (Gen:  0)
   521584      6680   4949256  0.000  0.000   11.065    1.882    0    0  (Gen:  0)
   521616      6512   4949152  0.000  0.000   11.066    1.882    0    0  (Gen:  0)
   521664      4096   4949304  0.000  0.000   11.066    1.882    0    0  (Gen:  0)
   521328      4232   4949472  0.000  0.000   11.067    1.882    0    0  (Gen:  0)
   521272      4232   4949504  0.000  0.000   11.067    1.882    0    0  (Gen:  0)
   521464      4136   4949424  0.000  0.000   11.068    1.882    0    0  (Gen:  0)
   521664      4344   4949648  0.000  0.000   11.068    1.882    0    0  (Gen:  0)
   521808      4096   4949688  0.000  0.000   11.069    1.883    0    0  (Gen:  0)
   521728      3896   4949576  0.000  0.000   11.070    1.883    0    0  (Gen:  0)
   521432      4232   4949928  0.000  0.000   11.070    1.883    0    0  (Gen:  0)
   521584      4232   4950200  0.000  0.000   11.071    1.883    0    0  (Gen:  0)
   521384      7568   4953776  0.000  0.000   11.071    1.883    0    0  (Gen:  0)
   521680      5720   4953752  0.000  0.000   11.072    1.883    0    0  (Gen:  0)
   521856      4192   4953952  0.000  0.000   11.072    1.883    0    0  (Gen:  0)
   521360      3888   4953680  0.000  0.000   11.073    1.883    0    0  (Gen:  0)
   521664      4080   4953904  0.000  0.000   11.073    1.884    0    0  (Gen:  0)
   521568      3936   4953776  0.000  0.000   11.074    1.884    0    0  (Gen:  0)
   521912      4144   4954000  0.000  0.000   11.075    1.884    0    0  (Gen:  0)
   521536      4208   4954128  0.000  0.000   11.075    1.884    0    0  (Gen:  0)
   522040      4264   4954272  0.000  0.000   11.076    1.884    0    0  (Gen:  0)
   521544      3944   4953984  0.000  0.000   11.076    1.884    0    0  (Gen:  0)
   521912      4112   4954240  0.000  0.000   11.077    1.884    0    0  (Gen:  0)
   521552      6096   4956256  0.000  0.000   11.077    1.884    0    0  (Gen:  0)
   521600      5952   4956176  0.001  0.000   11.078    1.884    0    0  (Gen:  0)
   521424      4008   4956080  0.000  0.000   11.079    1.885    0    0  (Gen:  0)
   521544      4152   4956240  0.001  0.000   11.080    1.885    0    0  (Gen:  0)
   521608      4008   4956144  0.000  0.000   11.080    1.885    0    0  (Gen:  0)
   521552      4264   4956416  0.000  0.000   11.081    1.885    0    0  (Gen:  0)
   521696      4088   4956288  0.000  0.000   11.081    1.885    0    0  (Gen:  0)
   521568      4152   4956512  0.000  0.000   11.082    1.885    0    0  (Gen:  0)
   521920      4224   4956616  0.000  0.000   11.082    1.885    0    0  (Gen:  0)
   521728      4232   4956656  0.000  0.000   11.083    1.885    0    0  (Gen:  0)
   521680      3976   4956416  0.000  0.000   11.083    1.886    0    0  (Gen:  0)
   521464      6592   4959048  0.000  0.000   11.084    1.886    0    0  (Gen:  0)
   521504      6592   4959128  0.000  0.000   11.085    1.886    0    0  (Gen:  0)
   521632      4320   4959368  0.000  0.000   11.085    1.886    0    0  (Gen:  0)
   521480      4192   4959272  0.000  0.000   11.086    1.886    0    0  (Gen:  0)
   521544      4152   4959320  0.000  0.000   11.086    1.886    0    0  (Gen:  0)
   521728      4480   4959680  0.000  0.000   11.087    1.886    0    0  (Gen:  0)
   521616      4360   4959832  0.000  0.000   11.087    1.886    0    0  (Gen:  0)
   521480      4176   4959736  0.000  0.000   11.088    1.887    0    0  (Gen:  0)
   521568      4504   4960080  0.000  0.000   11.088    1.887    0    0  (Gen:  0)
   521760      4400   4960248  0.000  0.000   11.089    1.887    0    0  (Gen:  0)
   521496      5312   4961392  0.000  0.000   11.090    1.887    0    0  (Gen:  0)
   521720      6544   4964064  0.000  0.000   11.090    1.887    0    0  (Gen:  0)
   521752      5944   4964048  0.000  0.000   11.091    1.887    0    0  (Gen:  0)
   521584      4208   4964232  0.000  0.000   11.091    1.887    0    0  (Gen:  0)
   521280      3936   4963992  0.000  0.000   11.092    1.887    0    0  (Gen:  0)
   521440      3920   4964064  0.000  0.000   11.092    1.887    0    0  (Gen:  0)
   521872      5888   4966064  0.000  0.000   11.093    1.888    0    0  (Gen:  0)
   521776      4048   4965904  0.000  0.000   11.093    1.888    0    0  (Gen:  0)
   521648      3960   4965904  0.000  0.000   11.094    1.888    0    0  (Gen:  0)
   521696      4088   4966048  0.000  0.000   11.095    1.888    0    0  (Gen:  0)
   521240      3992   4966000  0.000  0.000   11.095    1.888    0    0  (Gen:  0)
   521680      6560   4968584  0.001  0.000   11.096    1.888    0    0  (Gen:  0)
   521616      6424   4968512  0.001  0.000   11.097    1.888    0    0  (Gen:  0)
   521416      4480   4968960  0.001  0.000   11.098    1.889    0    0  (Gen:  0)
   521712      5680   4970576  0.001  0.000   11.100    1.889    0    0  (Gen:  0)
   521744      4104   4970448  0.001  0.000   11.101    1.889    0    0  (Gen:  0)
   521728      4064   4970424  0.001  0.000   11.102    1.889    0    0  (Gen:  0)
   521624      4312   4970688  0.001  0.000   11.103    1.889    0    0  (Gen:  0)
   521608      3856   4970296  0.001  0.000   11.104    1.890    0    0  (Gen:  0)
   521968      4168   4970696  0.000  0.000   11.105    1.890    0    0  (Gen:  0)
   521624      4008   4970568  0.000  0.000   11.105    1.890    0    0  (Gen:  0)
   521832      4192   4970840  0.000  0.000   11.106    1.890    0    0  (Gen:  0)
   521304      6176   4972856  0.000  0.000   11.106    1.890    0    0  (Gen:  0)
   521936      6072   4972816  0.000  0.000   11.107    1.890    0    0  (Gen:  0)
   521648      3960   4972760  0.000  0.000   11.108    1.890    0    0  (Gen:  0)
   521488      4296   4973112  0.000  0.000   11.108    1.890    0    0  (Gen:  0)
   521448      4120   4972984  0.000  0.000   11.109    1.891    0    0  (Gen:  0)
   521816      5856   4974736  0.000  0.000   11.110    1.891    0    0  (Gen:  0)
   521480      4048   4974744  0.000  0.000   11.110    1.891    0    0  (Gen:  0)
   521344      4096   4974952  0.000  0.000   11.111    1.891    0    0  (Gen:  0)
   521552      4280   4975168  0.000  0.000   11.111    1.891    0    0  (Gen:  0)
   521800      4120   4975040  0.000  0.000   11.112    1.891    0    0  (Gen:  0)
   521744      3976   4974912  0.000  0.000   11.112    1.891    0    0  (Gen:  0)
   521552      6480   4977432  0.000  0.000   11.113    1.891    0    0  (Gen:  0)
   521608      6480   4977512  0.000  0.000   11.114    1.892    0    0  (Gen:  0)
   521568      4336   4977712  0.000  0.000   11.114    1.892    0    0  (Gen:  0)
   521544      4248   4977656  0.000  0.000   11.115    1.892    0    0  (Gen:  0)
   521528      4280   4977776  0.000  0.000   11.115    1.892    0    0  (Gen:  0)
   521736      4368   4977896  0.000  0.000   11.116    1.892    0    0  (Gen:  0)
   521584      4080   4977880  0.000  0.000   11.116    1.892    0    0  (Gen:  0)
   521504      4008   4977968  0.000  0.000   11.117    1.892    0    0  (Gen:  0)
   521592      4336   4978328  0.000  0.000   11.117    1.892    0    0  (Gen:  0)
   521736      4272   4978520  0.000  0.000   11.118    1.893    0    0  (Gen:  0)
   521448      4944   4979432  0.000  0.000   11.119    1.893    0    0  (Gen:  0)
   521544      7168   4982536  0.000  0.000   11.119    1.893    0    0  (Gen:  0)
   521864      6320   4982568  0.000  0.000   11.120    1.893    0    0  (Gen:  0)
   521552      4352   4982784  0.000  0.000   11.120    1.893    0    0  (Gen:  0)
   521640      3760   4982224  0.000  0.000   11.121    1.893    0    0  (Gen:  0)
   521392      4080   4982632  0.000  0.000   11.121    1.893    0    0  (Gen:  0)
   521672      6160   4984744  0.000  0.000   11.122    1.893    0    0  (Gen:  0)
   521440      4176   4984736  0.000  0.000   11.123    1.893    0    0  (Gen:  0)
   521728      4104   4984752  0.000  0.000   11.123    1.894    0    0  (Gen:  0)
   521736      4152   4984816  0.000  0.000   11.124    1.894    0    0  (Gen:  0)
   521768      4104   4984816  0.000  0.000   11.124    1.894    0    0  (Gen:  0)
   521608      6600   4987328  0.000  0.000   11.125    1.894    0    0  (Gen:  0)
   521568      6608   4987400  0.000  0.000   11.125    1.894    0    0  (Gen:  0)
   521512      3952   4987152  0.000  0.000   11.126    1.894    0    0  (Gen:  0)
   521480      4024   4987256  0.000  0.000   11.127    1.894    0    0  (Gen:  0)
   521576      4136   4987400  0.000  0.000   11.127    1.894    0    0  (Gen:  0)
   521560      3952   4987232  0.000  0.000   11.128    1.895    0    0  (Gen:  0)
   521680      6320   4989616  0.000  0.000   11.128    1.895    0    0  (Gen:  0)
   521360      4192   4989616  0.000  0.000   11.129    1.895    0    0  (Gen:  0)
   521600      4240   4989752  0.000  0.000   11.129    1.895    0    0  (Gen:  0)
   521632      4016   4989560  0.000  0.000   11.130    1.895    0    0  (Gen:  0)
   521776      4168   4989800  0.000  0.000   11.130    1.895    0    0  (Gen:  0)
   521496      6704   4992368  0.000  0.000   11.131    1.895    0    0  (Gen:  0)
   521656      6728   4992456  0.000  0.000   11.132    1.895    0    0  (Gen:  0)
   521480      3904   4992128  0.000  0.000   11.132    1.896    0    0  (Gen:  0)
   521400      4264   4992504  0.000  0.000   11.133    1.896    0    0  (Gen:  0)
   521240      4088   4992376  0.000  0.000   11.133    1.896    0    0  (Gen:  0)
   521624      4632   4992936  0.000  0.000   11.134    1.896    0    0  (Gen:  0)
   521688      4208   4992784  0.000  0.000   11.134    1.896    0    0  (Gen:  0)
   521752      4192   4992928  0.001  0.000   11.136    1.896    0    0  (Gen:  0)
   521592      4400   4993168  0.001  0.000   11.137    1.896    0    0  (Gen:  0)
   521552      4440   4993464  0.001  0.000   11.138    1.897    0    0  (Gen:  0)
   521576      4368   4993632  0.001  0.000   11.139    1.897    0    0  (Gen:  0)
   521448      7224   4996888  0.001  0.000   11.140    1.897    0    0  (Gen:  0)
   521808      5832   4997016  0.001  0.000   11.141    1.897    0    0  (Gen:  0)
   521704      3912   4996752  0.001  0.000   11.143    1.897    0    0  (Gen:  0)
   521432      4072   4996928  0.001  0.000   11.144    1.897    0    0  (Gen:  0)
   521536      4096   4997000  0.001  0.000   11.145    1.898    0    0  (Gen:  0)
   521688      4352   4997272  0.000  0.000   11.145    1.898    0    0  (Gen:  0)
   521856      4136   4997104  0.000  0.000   11.146    1.898    0    0  (Gen:  0)
   521560      4032   4997160  0.000  0.000   11.146    1.898    0    0  (Gen:  0)
   521904      4096   4997256  0.000  0.000   11.147    1.898    0    0  (Gen:  0)
   521832      3992   4997184  0.000  0.000   11.147    1.898    0    0  (Gen:  0)
   521552      3968   4997176  0.000  0.000   11.148    1.898    0    0  (Gen:  0)
   521744      6088   4999312  0.000  0.000   11.148    1.898    0    0  (Gen:  0)
   521408      5984   4999288  0.000  0.000   11.149    1.899    0    0  (Gen:  0)
   521592      4208   4999360  0.000  0.000   11.150    1.899    0    0  (Gen:  0)
   521544      4120   4999304  0.000  0.000   11.150    1.899    0    0  (Gen:  0)
   521584      4192   4999464  0.000  0.000   11.151    1.899    0    0  (Gen:  0)
   521520      4112   4999416  0.000  0.000   11.151    1.899    0    0  (Gen:  0)
   521704      4104   4999456  0.000  0.000   11.152    1.899    0    0  (Gen:  0)
   521664      4008   4999448  0.000  0.000   11.152    1.899    0    0  (Gen:  0)
   521912      3992   4999448  0.000  0.000   11.153    1.899    0    0  (Gen:  0)
   521760      4056   4999560  0.000  0.000   11.153    1.900    0    0  (Gen:  0)
   521552      6776   5002296  0.000  0.000   11.154    1.900    0    0  (Gen:  0)
   521544      6656   5002240  0.000  0.000   11.155    1.900    0    0  (Gen:  0)
   521448      4112   5002280  0.000  0.000   11.155    1.900    0    0  (Gen:  0)
   521608      4192   5002392  0.000  0.000   11.156    1.900    0    0  (Gen:  0)
   521592      4056   5002288  0.000  0.000   11.156    1.900    0    0  (Gen:  0)
   521384      4048   5002296  0.000  0.000   11.157    1.900    0    0  (Gen:  0)
   521736      4592   5002856  0.000  0.000   11.157    1.900    0    0  (Gen:  0)
   521776      4112   5002664  0.000  0.000   11.158    1.901    0    0  (Gen:  0)
   521264      4384   5003024  0.000  0.000   11.158    1.901    0    0  (Gen:  0)
   521792      4160   5003056  0.000  0.000   11.159    1.901    0    0  (Gen:  0)
   521704      4520   5003504  0.000  0.000   11.160    1.901    0    0  (Gen:  0)
   521464      7992   5007392  0.000  0.000   11.160    1.901    0    0  (Gen:  0)
   521768      6192   5007416  0.000  0.000   11.161    1.901    0    0  (Gen:  0)
   521752      3728   5006872  0.000  0.000   11.161    1.901    0    0  (Gen:  0)
   521496      4072   5007232  0.000  0.000   11.162    1.901    0    0  (Gen:  0)
   521176      4080   5007288  0.000  0.000   11.162    1.901    0    0  (Gen:  0)
   521600      3904   5007128  0.000  0.000   11.163    1.902    0    0  (Gen:  0)
   521904      5944   5009184  0.000  0.000   11.164    1.902    0    0  (Gen:  0)
   521760      4104   5009040  0.000  0.000   11.164    1.902    0    0  (Gen:  0)
   521872      4168   5009192  0.000  0.000   11.165    1.902    0    0  (Gen:  0)
   521304      3968   5009024  0.000  0.000   11.165    1.902    0    0  (Gen:  0)
   521408      4136   5009280  0.000  0.000   11.166    1.902    0    0  (Gen:  0)
   521672      6368   5011544  0.000  0.000   11.166    1.902    0    0  (Gen:  0)
   521568      6352   5011592  0.000  0.000   11.167    1.902    0    0  (Gen:  0)
   521392      4568   5012112  0.000  0.000   11.168    1.903    0    0  (Gen:  0)
   521792      5296   5013400  0.000  0.000   11.168    1.903    0    0  (Gen:  0)
   521792      4080   5013328  0.000  0.000   11.169    1.903    0    0  (Gen:  0)
   521608      4104   5013368  0.000  0.000   11.169    1.903    0    0  (Gen:  0)
   521680      4120   5013432  0.000  0.000   11.170    1.903    0    0  (Gen:  0)
   521608      4112   5013584  0.000  0.000   11.170    1.903    0    0  (Gen:  0)
   521928      4264   5013768  0.000  0.000   11.171    1.903    0    0  (Gen:  0)
   521744      4104   5013640  0.000  0.000   11.171    1.903    0    0  (Gen:  0)
   521600      4120   5013672  0.000  0.000   11.172    1.903    0    0  (Gen:  0)
   521536      6256   5015824  0.000  0.000   11.172    1.904    0    0  (Gen:  0)
   521792      6104   5015752  0.000  0.000   11.173    1.904    0    0  (Gen:  0)
   521720      4224   5015928  0.000  0.000   11.174    1.904    0    0  (Gen:  0)
   521544      4136   5015872  0.000  0.000   11.174    1.904    0    0  (Gen:  0)
   521480      4112   5015936  0.000  0.000   11.175    1.904    0    0  (Gen:  0)
   521800      6048   5017904  0.000  0.000   11.176    1.904    0    0  (Gen:  0)
   521208      4280   5017952  0.000  0.000   11.176    1.904    0    0  (Gen:  0)
   521552      3952   5017712  0.000  0.000   11.177    1.905    0    0  (Gen:  0)
   521504      4296   5018072  0.000  0.000   11.177    1.905    0    0  (Gen:  0)
   521784      4136   5017960  0.000  0.000   11.178    1.905    0    0  (Gen:  0)
   521792      6640   5020480  0.001  0.000   11.180    1.905    0    0  (Gen:  0)
   521544      6520   5020424  0.000  0.000   11.180    1.905    0    0  (Gen:  0)
   521480      4048   5020368  0.001  0.000   11.182    1.905    0    0  (Gen:  0)
   521544      4264   5020616  0.000  0.000   11.182    1.905    0    0  (Gen:  0)
   521696      4128   5020512  0.000  0.000   11.183    1.906    0    0  (Gen:  0)
   521448      4104   5020504  0.000  0.000   11.183    1.906    0    0  (Gen:  0)
   521672      4504   5020920  0.000  0.000   11.184    1.906    0    0  (Gen:  0)
   521824      4216   5020920  0.000  0.000   11.185    1.906    0    0  (Gen:  0)
   521248      4600   5021392  0.000  0.000   11.185    1.906    0    0  (Gen:  0)
   521752      4232   5021280  0.000  0.000   11.186    1.906    0    0  (Gen:  0)
   521760      4384   5021520  0.000  0.000   11.186    1.906    0    0  (Gen:  0)
   521304      7808   5025360  0.000  0.000   11.187    1.906    0    0  (Gen:  0)
   521784      6192   5025248  0.000  0.000   11.187    1.907    0    0  (Gen:  0)
   521752      4080   5025392  0.000  0.000   11.188    1.907    0    0  (Gen:  0)
   521488      4008   5025352  0.000  0.000   11.189    1.907    0    0  (Gen:  0)
   521584      4024   5025400  0.000  0.000   11.189    1.907    0    0  (Gen:  0)
   521528      4024   5025416  0.000  0.000   11.190    1.907    0    0  (Gen:  0)
   521664      6256   5027664  0.000  0.000   11.190    1.907    0    0  (Gen:  0)
   521440      3832   5027232  0.000  0.000   11.191    1.907    0    0  (Gen:  0)
   521688      4208   5027696  0.000  0.000   11.191    1.907    0    0  (Gen:  0)
   521872      3968   5027488  0.000  0.000   11.192    1.907    0    0  (Gen:  0)
   521688      4120   5027728  0.000  0.000   11.192    1.908    0    0  (Gen:  0)
   521496      6408   5030048  0.000  0.000   11.193    1.908    0    0  (Gen:  0)
   521488      6496   5030200  0.000  0.000   11.194    1.908    0    0  (Gen:  0)
   521672      4048   5030088  0.000  0.000   11.194    1.908    0    0  (Gen:  0)
   521480      4128   5030184  0.000  0.000   11.195    1.908    0    0  (Gen:  0)
   521536      4152   5030256  0.000  0.000   11.195    1.908    0    0  (Gen:  0)
   521576      6336   5032456  0.000  0.000   11.196    1.908    0    0  (Gen:  0)
   521664      3976   5032208  0.000  0.000   11.196    1.908    0    0  (Gen:  0)
   521440      4080   5032472  0.000  0.000   11.197    1.909    0    0  (Gen:  0)
   521400      4152   5032576  0.000  0.000   11.198    1.909    0    0  (Gen:  0)
   521912      4048   5032504  0.000  0.000   11.198    1.909    0    0  (Gen:  0)
   521632      4048   5032520  0.000  0.000   11.199    1.909    0    0  (Gen:  0)
   521464      6704   5035192  0.000  0.000   11.199    1.909    0    0  (Gen:  0)
   521768      6616   5035184  0.001  0.000   11.201    1.909    0    0  (Gen:  0)
   521216      4320   5035384  0.000  0.000   11.202    1.909    0    0  (Gen:  0)
   521376      4144   5035240  0.000  0.000   11.202    1.910    0    0  (Gen:  0)
   521352      3992   5035176  0.000  0.000   11.203    1.910    0    0  (Gen:  0)
   521704      4520   5035736  0.000  0.000   11.203    1.910    0    0  (Gen:  0)
   521768      4248   5035736  0.000  0.000   11.204    1.910    0    0  (Gen:  0)
   521784      4048   5035624  0.000  0.000   11.204    1.910    0    0  (Gen:  0)
   521456      4376   5035968  0.000  0.000   11.205    1.910    0    0  (Gen:  0)
   521528      4304   5036168  0.000  0.000   11.205    1.910    0    0  (Gen:  0)
   521560      7952   5040056  0.000  0.000   11.206    1.910    0    0  (Gen:  0)
   521568      5440   5039368  0.000  0.000   11.207    1.910    0    0  (Gen:  0)
   521792      3968   5039624  0.000  0.000   11.207    1.911    0    0  (Gen:  0)
   521568      4136   5039824  0.000  0.000   11.208    1.911    0    0  (Gen:  0)
   521576      3936   5039656  0.000  0.000   11.208    1.911    0    0  (Gen:  0)
   521584      3936   5039744  0.000  0.000   11.209    1.911    0    0  (Gen:  0)
   521736      4296   5040136  0.000  0.000   11.209    1.911    0    0  (Gen:  0)
   521664      4096   5039984  0.000  0.000   11.210    1.911    0    0  (Gen:  0)
   521792      3936   5039912  0.000  0.000   11.210    1.911    0    0  (Gen:  0)
   521808      4184   5040176  0.000  0.000   11.211    1.911    0    0  (Gen:  0)
   521784      4104   5040144  0.000  0.000   11.211    1.912    0    0  (Gen:  0)
   521632      6016   5042072  0.000  0.000   11.212    1.912    0    0  (Gen:  0)
   521688      5928   5042048  0.000  0.000   11.213    1.912    0    0  (Gen:  0)
   521368      4008   5042048  0.000  0.000   11.213    1.912    0    0  (Gen:  0)
   521440      4048   5042120  0.000  0.000   11.214    1.912    0    0  (Gen:  0)
   521704      4232   5042336  0.000  0.000   11.214    1.912    0    0  (Gen:  0)
   521544      4008   5042128  0.000  0.000   11.215    1.912    0    0  (Gen:  0)
   521640      4328   5042464  0.000  0.000   11.215    1.912    0    0  (Gen:  0)
   521616      4192   5042392  0.000  0.000   11.216    1.912    0    0  (Gen:  0)
   521952      4280   5042568  0.000  0.000   11.216    1.913    0    0  (Gen:  0)
   521568      4016   5042336  0.000  0.000   11.217    1.913    0    0  (Gen:  0)
   521864      4136   5042544  0.000  0.000   11.218    1.913    0    0  (Gen:  0)
   521472      6624   5045064  0.000  0.000   11.218    1.913    0    0  (Gen:  0)
   521568      6656   5045160  0.000  0.000   11.219    1.913    0    0  (Gen:  0)
   521528      4104   5045120  0.000  0.000   11.219    1.913    0    0  (Gen:  0)
   521600      4168   5045200  0.000  0.000   11.220    1.913    0    0  (Gen:  0)
   521360      4120   5045200  0.000  0.000   11.220    1.913    0    0  (Gen:  0)
   521736      4400   5045496  0.000  0.000   11.221    1.914    0    0  (Gen:  0)
   521616      4104   5045472  0.000  0.000   11.222    1.914    0    0  (Gen:  0)
   521600      4136   5045664  0.000  0.000   11.222    1.914    0    0  (Gen:  0)
   521368      4384   5045944  0.000  0.000   11.223    1.914    0    0  (Gen:  0)
   521800      4336   5046152  0.000  0.000   11.223    1.914    0    0  (Gen:  0)
   521632      4432   5046488  0.000  0.000   11.224    1.914    0    0  (Gen:  0)
   521520      7680   5050136  0.000  0.000   11.224    1.914    0    0  (Gen:  0)
   521736      6056   5050192  0.000  0.000   11.225    1.914    0    0  (Gen:  0)
   521736      4352   5050408  0.000  0.000   11.226    1.915    0    0  (Gen:  0)
   521376      4248   5050336  0.000  0.000   11.226    1.915    0    0  (Gen:  0)
   521336      4152   5050328  0.000  0.000   11.227    1.915    0    0  (Gen:  0)
   521816      5864   5052072  0.000  0.000   11.227    1.915    0    0  (Gen:  0)
   521816      3984   5051872  0.000  0.000   11.228    1.915    0    0  (Gen:  0)
   521672      4080   5052128  0.000  0.000   11.228    1.915    0    0  (Gen:  0)
   521808      4008   5052088  0.000  0.000   11.229    1.915    0    0  (Gen:  0)
   521184      4024   5052136  0.000  0.000   11.229    1.915    0    0  (Gen:  0)
   521400      3992   5052120  0.000  0.000   11.230    1.915    0    0  (Gen:  0)
   521896      6448   5054592  0.000  0.000   11.230    1.916    0    0  (Gen:  0)
   521376      6328   5054552  0.000  0.000   11.231    1.916    0    0  (Gen:  0)
   521648      5640   5056168  0.000  0.000   11.232    1.916    0    0  (Gen:  0)
   521648      4032   5056168  0.000  0.000   11.232    1.916    0    0  (Gen:  0)
   521856      3776   5056000  0.000  0.000   11.233    1.916    0    0  (Gen:  0)
   521584      4296   5056552  0.000  0.000   11.233    1.916    0    0  (Gen:  0)
   521640      4064   5056368  0.000  0.000   11.234    1.916    0    0  (Gen:  0)
   521760      3960   5056352  0.000  0.000   11.234    1.916    0    0  (Gen:  0)
   521848      4200   5056608  0.000  0.000   11.235    1.917    0    0  (Gen:  0)
   521792      4080   5056536  0.000  0.000   11.235    1.917    0    0  (Gen:  0)
   521480      6368   5058840  0.000  0.000   11.236    1.917    0    0  (Gen:  0)
   521744      6160   5058696  0.000  0.000   11.237    1.917    0    0  (Gen:  0)
   521680      4152   5058816  0.000  0.000   11.237    1.917    0    0  (Gen:  0)
   521464      4280   5058976  0.000  0.000   11.238    1.917    0    0  (Gen:  0)
   521560      4200   5058928  0.000  0.000   11.238    1.917    0    0  (Gen:  0)
   521680      3896   5058640  0.000  0.000   11.239    1.917    0    0  (Gen:  0)
   521648      6024   5060784  0.000  0.000   11.239    1.918    0    0  (Gen:  0)
   521288      4120   5060712  0.000  0.000   11.240    1.918    0    0  (Gen:  0)
   521584      4240   5060920  0.000  0.000   11.241    1.918    0    0  (Gen:  0)
   521576      4064   5060776  0.000  0.000   11.241    1.918    0    0  (Gen:  0)
   521792      4008   5060808  0.000  0.000   11.242    1.918    0    0  (Gen:  0)
   521704      6568   5063400  0.000  0.000   11.242    1.918    0    0  (Gen:  0)
   521576      6504   5063400  0.000  0.000   11.243    1.918    0    0  (Gen:  0)
   521528      4120   5063360  0.000  0.000   11.243    1.918    0    0  (Gen:  0)
   521576      4112   5063368  0.000  0.000   11.244    1.918    0    0  (Gen:  0)
   521568      4080   5063384  0.000  0.000   11.244    1.919    0    0  (Gen:  0)
   521672      4688   5064008  0.000  0.000   11.245    1.919    0    0  (Gen:  0)
   521600      4096   5063688  0.000  0.000   11.246    1.919    0    0  (Gen:  0)
   521632      4176   5063928  0.000  0.000   11.246    1.919    0    0  (Gen:  0)
   521320      4472   5064256  0.000  0.000   11.247    1.919    0    0  (Gen:  0)
   521800      4400   5064440  0.000  0.000   11.247    1.919    0    0  (Gen:  0)
   521624      4328   5064608  0.000  0.000   11.248    1.919    0    0  (Gen:  0)
   521432      7712   5068392  0.000  0.000   11.248    1.919    0    0  (Gen:  0)
   521720      6120   5068160  0.000  0.000   11.249    1.920    0    0  (Gen:  0)
   521752      3896   5068120  0.000  0.000   11.250    1.920    0    0  (Gen:  0)
   521560      4024   5068264  0.000  0.000   11.250    1.920    0    0  (Gen:  0)
   521368      3968   5068256  0.000  0.000   11.251    1.920    0    0  (Gen:  0)
   521712      6048   5070352  0.000  0.000   11.251    1.920    0    0  (Gen:  0)
   521640      4096   5070376  0.000  0.000   11.252    1.920    0    0  (Gen:  0)
   521528      4000   5070440  0.000  0.000   11.252    1.920    0    0  (Gen:  0)
   521736      4184   5070656  0.000  0.000   11.253    1.920    0    0  (Gen:  0)
   521744      4048   5070552  0.000  0.000   11.253    1.920    0    0  (Gen:  0)
   521720      4080   5070600  0.000  0.000   11.254    1.921    0    0  (Gen:  0)
   521576      6360   5072896  0.000  0.000   11.255    1.921    0    0  (Gen:  0)
   521424      6416   5073032  0.000  0.000   11.255    1.921    0    0  (Gen:  0)
   521608      4192   5073144  0.000  0.000   11.256    1.921    0    0  (Gen:  0)
   521496      4104   5073088  0.000  0.000   11.256    1.921    0    0  (Gen:  0)
   521592      4192   5073264  0.000  0.000   11.257    1.921    0    0  (Gen:  0)
   521520      6336   5075440  0.000  0.000   11.257    1.921    0    0  (Gen:  0)
   521560      4152   5075368  0.000  0.000   11.258    1.921    0    0  (Gen:  0)
   521480      4104   5075408  0.000  0.000   11.258    1.922    0    0  (Gen:  0)
   521576      4224   5075544  0.000  0.000   11.259    1.922    0    0  (Gen:  0)
   521760      4032   5075400  0.000  0.000   11.260    1.922    0    0  (Gen:  0)
   521568      6680   5078064  0.000  0.000   11.260    1.922    0    0  (Gen:  0)
   521640      6600   5078048  0.000  0.000   11.261    1.922    0    0  (Gen:  0)
   521552      4120   5078136  0.000  0.000   11.261    1.922    0    0  (Gen:  0)
   521416      4168   5078216  0.000  0.000   11.262    1.922    0    0  (Gen:  0)
   521208      4160   5078240  0.000  0.000   11.262    1.922    0    0  (Gen:  0)
   521576      4080   5078176  0.000  0.000   11.263    1.923    0    0  (Gen:  0)
   521680      4568   5078680  0.000  0.000   11.263    1.923    0    0  (Gen:  0)
   521664      4264   5078664  0.000  0.000   11.264    1.923    0    0  (Gen:  0)
   521792      4440   5078928  0.000  0.000   11.265    1.923    0    0  (Gen:  0)
   521504      3992   5078736  0.000  0.000   11.265    1.923    0    0  (Gen:  0)
   521488      4464   5079296  0.000  0.000   11.266    1.923    0    0  (Gen:  0)
   521464      7480   5082728  0.000  0.000   11.266    1.923    0    0  (Gen:  0)
   521736      5848   5082760  0.000  0.000   11.267    1.923    0    0  (Gen:  0)
   521792      4088   5082656  0.000  0.000   11.267    1.923    0    0  (Gen:  0)
   521424      4352   5082936  0.000  0.000   11.268    1.924    0    0  (Gen:  0)
   521488      4248   5082880  0.000  0.000   11.269    1.924    0    0  (Gen:  0)
   521680      4320   5082968  0.000  0.000   11.269    1.924    0    0  (Gen:  0)
   521880      4072   5082768  0.000  0.000   11.270    1.924    0    0  (Gen:  0)
   521608      3968   5082824  0.000  0.000   11.270    1.924    0    0  (Gen:  0)
   521896      4152   5083040  0.000  0.000   11.271    1.924    0    0  (Gen:  0)
   521728      3968   5082888  0.000  0.000   11.271    1.924    0    0  (Gen:  0)
   521792      4064   5083072  0.000  0.000   11.272    1.924    0    0  (Gen:  0)
   521592      5872   5084912  0.000  0.000   11.272    1.925    0    0  (Gen:  0)
   521544      6008   5085112  0.000  0.000   11.273    1.925    0    0  (Gen:  0)
   521528      3992   5084944  0.000  0.000   11.274    1.925    0    0  (Gen:  0)
   521472      3976   5084944  0.000  0.000   11.274    1.925    0    0  (Gen:  0)
   521552      3920   5084936  0.000  0.000   11.275    1.925    0    0  (Gen:  0)
   521592      4296   5085328  0.000  0.000   11.275    1.925    0    0  (Gen:  0)
   521712      4112   5085192  0.000  0.000   11.276    1.925    0    0  (Gen:  0)
   521568      4152   5085392  0.000  0.000   11.276    1.925    0    0  (Gen:  0)
   521920      4224   5085496  0.000  0.000   11.277    1.925    0    0  (Gen:  0)
   521784      3928   5085232  0.000  0.000   11.277    1.926    0    0  (Gen:  0)
   521640      4040   5085360  0.000  0.000   11.278    1.926    0    0  (Gen:  0)
   521536      6808   5088144  0.000  0.000   11.279    1.926    0    0  (Gen:  0)
   521368      6568   5087984  0.000  0.000   11.279    1.926    0    0  (Gen:  0)
   521640      4184   5088112  0.000  0.000   11.280    1.926    0    0  (Gen:  0)
   521664      3904   5087864  0.000  0.000   11.280    1.926    0    0  (Gen:  0)
   521440      4080   5088128  0.000  0.000   11.281    1.926    0    0  (Gen:  0)
   521592      4504   5088584  0.000  0.000   11.281    1.926    0    0  (Gen:  0)
   521752      4248   5088600  0.000  0.000   11.282    1.927    0    0  (Gen:  0)
   521392      3800   5088240  0.000  0.000   11.282    1.927    0    0  (Gen:  0)
   521632      4464   5088920  0.000  0.000   11.283    1.927    0    0  (Gen:  0)
   521720      4328   5089056  0.000  0.000   11.283    1.927    0    0  (Gen:  0)
   521464      7976   5092944  0.000  0.000   11.284    1.927    0    0  (Gen:  0)
   521752      6008   5092960  0.000  0.000   11.285    1.927    0    0  (Gen:  0)
   521760      4208   5093152  0.000  0.000   11.285    1.927    0    0  (Gen:  0)
   521608      4128   5093104  0.000  0.000   11.286    1.927    0    0  (Gen:  0)
   521240      4216   5093224  0.000  0.000   11.287    1.928    0    0  (Gen:  0)
   521496      4064   5093088  0.000  0.000   11.287    1.928    0    0  (Gen:  0)
   521856      5944   5094984  0.000  0.000   11.288    1.928    0    0  (Gen:  0)
   521768      4232   5094968  0.000  0.000   11.288    1.928    0    0  (Gen:  0)
   521760      4280   5095104  0.000  0.000   11.289    1.928    0    0  (Gen:  0)
   521568      4192   5095048  0.000  0.000   11.289    1.928    0    0  (Gen:  0)
   521312      4192   5095136  0.000  0.000   11.290    1.928    0    0  (Gen:  0)
   521600      6464   5097440  0.000  0.000   11.291    1.928    0    0  (Gen:  0)
   521560      6352   5097392  0.000  0.000   11.291    1.929    0    0  (Gen:  0)
   521400      4480   5097912  0.000  0.000   11.292    1.929    0    0  (Gen:  0)
   521824      5536   5099384  0.000  0.000   11.292    1.929    0    0  (Gen:  0)
   521784      3976   5099272  0.000  0.000   11.293    1.929    0    0  (Gen:  0)
   521728      3936   5099248  0.000  0.000   11.293    1.929    0    0  (Gen:  0)
   521592      4296   5099624  0.000  0.000   11.294    1.929    0    0  (Gen:  0)
   521584      4136   5099528  0.000  0.000   11.295    1.929    0    0  (Gen:  0)
   521928      4064   5099544  0.000  0.000   11.295    1.929    0    0  (Gen:  0)
   521648      4032   5099544  0.000  0.000   11.296    1.929    0    0  (Gen:  0)
   521856      3776   5099376  0.000  0.000   11.296    1.930    0    0  (Gen:  0)
   521432      6144   5101776  0.000  0.000   11.297    1.930    0    0  (Gen:  0)
   521832      6144   5101840  0.000  0.000   11.297    1.930    0    0  (Gen:  0)
   521528      4048   5101800  0.000  0.000   11.298    1.930    0    0  (Gen:  0)
   521664      4072   5101840  0.000  0.000   11.298    1.930    0    0  (Gen:  0)
   521480      4096   5101912  0.000  0.000   11.299    1.930    0    0  (Gen:  0)
   521760      6120   5103952  0.000  0.000   11.300    1.930    0    0  (Gen:  0)
   521320      4264   5103912  0.000  0.000   11.300    1.930    0    0  (Gen:  0)
   521424      4248   5104056  0.000  0.000   11.301    1.931    0    0  (Gen:  0)
   521560      3872   5103712  0.000  0.000   11.301    1.931    0    0  (Gen:  0)
   521832      4024   5103896  0.000  0.000   11.302    1.931    0    0  (Gen:  0)
   521728      3896   5103784  0.000  0.000   11.302    1.931    0    0  (Gen:  0)
   521520      6584   5106488  0.000  0.000   11.303    1.931    0    0  (Gen:  0)
   521640      6520   5106504  0.000  0.000   11.304    1.931    0    0  (Gen:  0)
   521584      4240   5106568  0.000  0.000   11.304    1.931    0    0  (Gen:  0)
   521552      4024   5106384  0.000  0.000   11.305    1.931    0    0  (Gen:  0)
   521552      4136   5106584  0.000  0.000   11.305    1.932    0    0  (Gen:  0)
   521664      4520   5107000  0.000  0.000   11.306    1.932    0    0  (Gen:  0)
   521616      4264   5107016  0.000  0.000   11.306    1.932    0    0  (Gen:  0)
   521416      4072   5106912  0.000  0.000   11.307    1.932    0    0  (Gen:  0)
   521632      4440   5107296  0.000  0.000   11.307    1.932    0    0  (Gen:  0)
   521744      4320   5107448  0.000  0.000   11.308    1.932    0    0  (Gen:  0)
   521480      8024   5111392  0.000  0.000   11.309    1.932    0    0  (Gen:  0)
   521584      6344   5111376  0.000  0.000   11.309    1.932    0    0  (Gen:  0)
   521760      4248   5111536  0.000  0.000   11.310    1.932    0    0  (Gen:  0)
   521568      4088   5111408  0.000  0.000   11.310    1.933    0    0  (Gen:  0)
   521688      4288   5111640  0.000  0.000   11.311    1.933    0    0  (Gen:  0)
   521376      4104   5111472  0.000  0.000   11.312    1.933    0    0  (Gen:  0)
   521616      6112   5113496  0.000  0.000   11.312    1.933    0    0  (Gen:  0)
   521512      4048   5113424  0.000  0.000   11.313    1.933    0    0  (Gen:  0)
   521744      3832   5113296  0.000  0.000   11.313    1.933    0    0  (Gen:  0)
   521760      4184   5113664  0.000  0.000   11.314    1.933    0    0  (Gen:  0)
   521744      4008   5113536  0.000  0.000   11.314    1.933    0    0  (Gen:  0)
   521544      6472   5116016  0.000  0.000   11.315    1.934    0    0  (Gen:  0)
   521640      6352   5115960  0.000  0.000   11.315    1.934    0    0  (Gen:  0)
   521536      4152   5116168  0.000  0.000   11.316    1.934    0    0  (Gen:  0)
   521352      4208   5116256  0.000  0.000   11.317    1.934    0    0  (Gen:  0)
   521608      3928   5116008  0.000  0.000   11.317    1.934    0    0  (Gen:  0)
   521624      3952   5116048  0.000  0.000   11.318    1.934    0    0  (Gen:  0)
   521592      6232   5118344  0.000  0.000   11.318    1.934    0    0  (Gen:  0)
   521392      3992   5118232  0.000  0.000   11.319    1.934    0    0  (Gen:  0)
   521568      4232   5118560  0.000  0.000   11.319    1.934    0    0  (Gen:  0)
   521784      4064   5118424  0.000  0.000   11.320    1.935    0    0  (Gen:  0)
   521696      4120   5118568  0.000  0.000   11.320    1.935    0    0  (Gen:  0)
   521416      6776   5121256  0.000  0.000   11.321    1.935    0    0  (Gen:  0)
   521744      6608   5121152  0.000  0.000   11.322    1.935    0    0  (Gen:  0)
   521392      3936   5120976  0.000  0.000   11.322    1.935    0    0  (Gen:  0)
   521416      4144   5121200  0.000  0.000   11.323    1.935    0    0  (Gen:  0)
   521232      4048   5121152  0.000  0.000   11.323    1.935    0    0  (Gen:  0)
   521720      4448   5121568  0.000  0.000   11.324    1.935    0    0  (Gen:  0)
   521648      4176   5121568  0.000  0.000   11.324    1.936    0    0  (Gen:  0)
   521776      3984   5121536  0.000  0.000   11.325    1.936    0    0  (Gen:  0)
   521592      4360   5121944  0.000  0.000   11.325    1.936    0    0  (Gen:  0)
   521592      4312   5122152  0.000  0.000   11.326    1.936    0    0  (Gen:  0)
   521552      4408   5122488  0.000  0.000   11.327    1.936    0    0  (Gen:  0)
   521432      7336   5125816  0.000  0.000   11.327    1.936    0    0  (Gen:  0)
   521696      5664   5125664  0.000  0.000   11.328    1.936    0    0  (Gen:  0)
   521824      4304   5125960  0.000  0.000   11.328    1.936    0    0  (Gen:  0)
   521320      4160   5125848  0.000  0.000   11.329    1.937    0    0  (Gen:  0)
   521680      4040   5125816  0.000  0.000   11.329    1.937    0    0  (Gen:  0)
   521728      4328   5126136  0.000  0.000   11.330    1.937    0    0  (Gen:  0)
   521792      4360   5126216  0.000  0.000   11.331    1.937    0    0  (Gen:  0)
   521616      4048   5125992  0.000  0.000   11.331    1.937    0    0  (Gen:  0)
   521864      4320   5126280  0.000  0.000   11.332    1.937    0    0  (Gen:  0)
   521720      4216   5126224  0.000  0.000   11.332    1.937    0    0  (Gen:  0)
   521640      3648   5125664  0.000  0.000   11.333    1.937    0    0  (Gen:  0)
   521736      5928   5127952  0.000  0.000   11.334    1.937    0    0  (Gen:  0)
   521384      5896   5127984  0.000  0.000   11.334    1.938    0    0  (Gen:  0)
   521616      4168   5128104  0.000  0.000   11.335    1.938    0    0  (Gen:  0)
   521544      4080   5128048  0.000  0.000   11.335    1.938    0    0  (Gen:  0)
   521528      4056   5128112  0.000  0.000   11.336    1.938    0    0  (Gen:  0)
   521616      4312   5128400  0.000  0.000   11.336    1.938    0    0  (Gen:  0)
   521576      4176   5128312  0.000  0.000   11.337    1.938    0    0  (Gen:  0)
   521824      4136   5128360  0.000  0.000   11.337    1.938    0    0  (Gen:  0)
   521808      4112   5128352  0.000  0.000   11.338    1.938    0    0  (Gen:  0)
   521792      4120   5128408  0.000  0.000   11.338    1.939    0    0  (Gen:  0)
   521544      6848   5131152  0.000  0.000   11.339    1.939    0    0  (Gen:  0)
   521544      6576   5130944  0.000  0.000   11.340    1.939    0    0  (Gen:  0)
   521504      4152   5131104  0.000  0.000   11.340    1.939    0    0  (Gen:  0)
   521528      4184   5131168  0.000  0.000   11.341    1.939    0    0  (Gen:  0)
   521560      4080   5131096  0.000  0.000   11.341    1.939    0    0  (Gen:  0)
   521480      4104   5131136  0.000  0.000   11.342    1.939    0    0  (Gen:  0)
   521712      4416   5131464  0.000  0.000   11.342    1.939    0    0  (Gen:  0)
   521744      4080   5131416  0.000  0.000   11.343    1.940    0    0  (Gen:  0)
   521304      4432   5131856  0.000  0.000   11.343    1.940    0    0  (Gen:  0)
   521728      4064   5131744  0.000  0.000   11.344    1.940    0    0  (Gen:  0)
   521704      4448   5132216  0.000  0.000   11.345    1.940    0    0  (Gen:  0)
   521536      7936   5136120  0.000  0.000   11.345    1.940    0    0  (Gen:  0)
   521776      5976   5135984  0.000  0.000   11.346    1.940    0    0  (Gen:  0)
   521704      4064   5135992  0.001  0.000   11.347    1.940    0    0  (Gen:  0)
   521424      4224   5136168  0.001  0.000   11.348    1.941    0    0  (Gen:  0)
   521296      4216   5136208  0.001  0.000   11.349    1.941    0    0  (Gen:  0)
   521584      5984   5137992  0.001  0.000   11.350    1.941    0    0  (Gen:  0)
   521896      4176   5137864  0.001  0.000   11.351    1.941    0    0  (Gen:  0)
   521728      4136   5137984  0.001  0.000   11.353    1.941    0    0  (Gen:  0)
   521880      4248   5138128  0.001  0.000   11.354    1.941    0    0  (Gen:  0)
   521256      4216   5138128  0.001  0.000   11.354    1.942    0    0  (Gen:  0)
   521392      4048   5137976  0.000  0.000   11.355    1.942    0    0  (Gen:  0)
   521752      6600   5140544  0.000  0.000   11.356    1.942    0    0  (Gen:  0)
   521528      6320   5140344  0.000  0.000   11.356    1.942    0    0  (Gen:  0)
   521440      5504   5141832  0.000  0.000   11.357    1.942    0    0  (Gen:  0)
   521760      4168   5142088  0.000  0.000   11.357    1.942    0    0  (Gen:  0)
   521792      3992   5141960  0.000  0.000   11.358    1.942    0    0  (Gen:  0)
   521616      4184   5142168  0.000  0.000   11.358    1.942    0    0  (Gen:  0)
   521712      4064   5142096  0.000  0.000   11.359    1.943    0    0  (Gen:  0)
   521672      4056   5142248  0.000  0.000   11.360    1.943    0    0  (Gen:  0)
   521848      4120   5142344  0.000  0.000   11.360    1.943    0    0  (Gen:  0)
   521784      3976   5142232  0.000  0.000   11.361    1.943    0    0  (Gen:  0)
   521576      3896   5142168  0.000  0.000   11.361    1.943    0    0  (Gen:  0)
   521576      6240   5144528  0.000  0.000   11.362    1.943    0    0  (Gen:  0)
   521720      6104   5144472  0.000  0.000   11.362    1.943    0    0  (Gen:  0)
   521664      4136   5144560  0.000  0.000   11.363    1.943    0    0  (Gen:  0)
   521592      4048   5144504  0.000  0.000   11.363    1.943    0    0  (Gen:  0)
   521536      4112   5144656  0.000  0.000   11.364    1.944    0    0  (Gen:  0)
   521776      6040   5146616  0.000  0.000   11.365    1.944    0    0  (Gen:  0)
   521224      4144   5146536  0.000  0.000   11.365    1.944    0    0  (Gen:  0)
   521496      4048   5146528  0.000  0.000   11.366    1.944    0    0  (Gen:  0)
   521544      4200   5146696  0.000  0.000   11.366    1.944    0    0  (Gen:  0)
   521832      4120   5146664  0.000  0.000   11.367    1.944    0    0  (Gen:  0)
   521704      6792   5149352  0.000  0.000   11.367    1.944    0    0  (Gen:  0)
   521552      6112   5148736  0.000  0.000   11.368    1.944    0    0  (Gen:  0)
   521592      4040   5149080  0.000  0.000   11.369    1.945    0    0  (Gen:  0)
   521552      4136   5149208  0.000  0.000   11.369    1.945    0    0  (Gen:  0)
   521592      4024   5149128  0.000  0.000   11.370    1.945    0    0  (Gen:  0)
   521512      3984   5149104  0.000  0.000   11.370    1.945    0    0  (Gen:  0)
   521600      4480   5149616  0.000  0.000   11.371    1.945    0    0  (Gen:  0)
   521816      4152   5149576  0.000  0.000   11.371    1.945    0    0  (Gen:  0)
   521280      4328   5149840  0.000  0.000   11.372    1.945    0    0  (Gen:  0)
   521784      4104   5149872  0.000  0.000   11.372    1.945    0    0  (Gen:  0)
   521640      4424   5150280  0.000  0.000   11.373    1.945    0    0  (Gen:  0)
   521384      7808   5154080  0.000  0.000   11.374    1.946    0    0  (Gen:  0)
   521816      6328   5154104  0.000  0.000   11.374    1.946    0    0  (Gen:  0)
   521712      3968   5153928  0.000  0.000   11.375    1.946    0    0  (Gen:  0)
   521600      4152   5154128  0.000  0.000   11.375    1.946    0    0  (Gen:  0)
   521448      4176   5154200  0.000  0.000   11.376    1.946    0    0  (Gen:  0)
   521552      6208   5156248  0.000  0.000   11.376    1.946    0    0  (Gen:  0)
   521664      4216   5156232  0.000  0.000   11.377    1.946    0    0  (Gen:  0)
   521424      4192   5156368  0.000  0.000   11.377    1.946    0    0  (Gen:  0)
   521768      4264   5156472  0.000  0.000   11.378    1.947    0    0  (Gen:  0)
   521824      4256   5156496  0.000  0.000   11.379    1.947    0    0  (Gen:  0)
   521680      3912   5156168  0.000  0.000   11.379    1.947    0    0  (Gen:  0)
   521464      6520   5158792  0.000  0.000   11.380    1.947    0    0  (Gen:  0)
   521520      6352   5158704  0.000  0.000   11.380    1.947    0    0  (Gen:  0)
   521728      3904   5158592  0.000  0.000   11.381    1.947    0    0  (Gen:  0)
   521400      4040   5158744  0.000  0.000   11.382    1.947    0    0  (Gen:  0)
   521536      4120   5158872  0.000  0.000   11.382    1.947    0    0  (Gen:  0)
   521608      6360   5161128  0.000  0.000   11.383    1.948    0    0  (Gen:  0)
   521648      4248   5161128  0.000  0.000   11.384    1.948    0    0  (Gen:  0)
   521360      3816   5160856  0.000  0.000   11.384    1.948    0    0  (Gen:  0)
   521592      4128   5161200  0.000  0.000   11.385    1.948    0    0  (Gen:  0)
   521800      4048   5161152  0.000  0.000   11.385    1.948    0    0  (Gen:  0)
   521672      4104   5161224  0.000  0.000   11.386    1.948    0    0  (Gen:  0)
   521472      6624   5163760  0.000  0.000   11.386    1.948    0    0  (Gen:  0)
   521752      6504   5163720  0.000  0.000   11.387    1.948    0    0  (Gen:  0)
   521208      4264   5163976  0.000  0.000   11.388    1.949    0    0  (Gen:  0)
   521320      4024   5163768  0.000  0.000   11.388    1.949    0    0  (Gen:  0)
   521408      4192   5164024  0.000  0.000   11.389    1.949    0    0  (Gen:  0)
   521680      4432   5164296  0.000  0.000   11.389    1.949    0    0  (Gen:  0)
   521792      4120   5164256  0.000  0.000   11.390    1.949    0    0  (Gen:  0)
   521720      3976   5164200  0.000  0.000   11.390    1.949    0    0  (Gen:  0)
   521496      4376   5164616  0.000  0.000   11.391    1.949    0    0  (Gen:  0)
   521536      4216   5164728  0.000  0.000   11.391    1.949    0    0  (Gen:  0)
   521560      7552   5168304  0.000  0.000   11.392    1.949    0    0  (Gen:  0)
   521552      5744   5168320  0.000  0.000   11.393    1.950    0    0  (Gen:  0)
   521728      4208   5168512  0.000  0.000   11.393    1.950    0    0  (Gen:  0)
   521560      4232   5168568  0.000  0.000   11.394    1.950    0    0  (Gen:  0)
   521616      4104   5168472  0.000  0.000   11.394    1.950    0    0  (Gen:  0)
   521592      4032   5168416  0.000  0.000   11.395    1.950    0    0  (Gen:  0)
   521736      4216   5168616  0.000  0.000   11.395    1.950    0    0  (Gen:  0)
   521720      4168   5168632  0.000  0.000   11.396    1.950    0    0  (Gen:  0)
   521832      4248   5168800  0.000  0.000   11.396    1.950    0    0  (Gen:  0)
   521776      4288   5168872  0.000  0.000   11.397    1.951    0    0  (Gen:  0)
   521728      4192   5168864  0.000  0.000   11.398    1.951    0    0  (Gen:  0)
   521672      6144   5170848  0.000  0.000   11.398    1.951    0    0  (Gen:  0)
   521688      5656   5170424  0.000  0.000   11.399    1.951    0    0  (Gen:  0)
   521352      3848   5170464  0.000  0.000   11.399    1.951    0    0  (Gen:  0)
   521464      4112   5170744  0.000  0.000   11.400    1.951    0    0  (Gen:  0)
   521688      4064   5170744  0.000  0.000   11.400    1.951    0    0  (Gen:  0)
   521568      3920   5170616  0.000  0.000   11.401    1.951    0    0  (Gen:  0)
   521576      4312   5171024  0.000  0.000   11.401    1.952    0    0  (Gen:  0)
   521656      3984   5170760  0.000  0.000   11.402    1.952    0    0  (Gen:  0)
   521864      4208   5171072  0.000  0.000   11.403    1.952    0    0  (Gen:  0)
   521672      4064   5170960  0.000  0.000   11.403    1.952    0    0  (Gen:  0)
   521856      4120   5171104  0.000  0.000   11.404    1.952    0    0  (Gen:  0)
   521392      6536   5173552  0.000  0.000   11.404    1.952    0    0  (Gen:  0)
   521584      6520   5173600  0.001  0.000   11.405    1.952    0    0  (Gen:  0)
   521584      3992   5173584  0.001  0.000   11.406    1.952    0    0  (Gen:  0)
   521520      4080   5173688  0.001  0.000   11.407    1.953    0    0  (Gen:  0)
   521392      3920   5173576  0.001  0.000   11.408    1.953    0    0  (Gen:  0)
   521752      4520   5174192  0.001  0.000   11.409    1.953    0    0  (Gen:  0)
   521600      4192   5174136  0.000  0.000   11.409    1.953    0    0  (Gen:  0)
   521576      4048   5174152  0.000  0.000   11.410    1.953    0    0  (Gen:  0)
   521560      4352   5174488  0.000  0.000   11.410    1.953    0    0  (Gen:  0)
   521608      4440   5174832  0.000  0.000   11.411    1.953    0    0  (Gen:  0)
   521616      4632   5175264  0.000  0.000   11.411    1.953    0    0  (Gen:  0)
   521600      7472   5178664  0.000  0.000   11.412    1.954    0    0  (Gen:  0)
   521840      5952   5178664  0.000  0.000   11.413    1.954    0    0  (Gen:  0)
   521616      4264   5178896  0.000  0.000   11.413    1.954    0    0  (Gen:  0)
   521336      3872   5178536  0.000  0.000   11.414    1.954    0    0  (Gen:  0)
   521336      4064   5178816  0.000  0.000   11.414    1.954    0    0  (Gen:  0)
   521864      5944   5180728  0.000  0.000   11.415    1.954    0    0  (Gen:  0)
   521888      4192   5180656  0.000  0.000   11.415    1.954    0    0  (Gen:  0)
   521592      4104   5180656  0.000  0.000   11.416    1.954    0    0  (Gen:  0)
   521760      4104   5180672  0.000  0.000   11.416    1.955    0    0  (Gen:  0)
   521320      4048   5180664  0.000  0.000   11.417    1.955    0    0  (Gen:  0)
   521392      6672   5183304  0.000  0.000   11.418    1.955    0    0  (Gen:  0)
   521768      6408   5183104  0.000  0.000   11.418    1.955    0    0  (Gen:  0)
   521408      4536   5183624  0.000  0.000   11.419    1.955    0    0  (Gen:  0)
   521672      5664   5185168  0.000  0.000   11.419    1.955    0    0  (Gen:  0)
   521728      4056   5185008  0.000  0.000   11.420    1.955    0    0  (Gen:  0)
   521792      4088   5185056  0.000  0.000   11.421    1.955    0    0  (Gen:  0)
   521544      4408   5185392  0.000  0.000   11.421    1.956    0    0  (Gen:  0)
   521712      4200   5185248  0.000  0.000   11.422    1.956    0    0  (Gen:  0)
   521752      3824   5184960  0.000  0.000   11.422    1.956    0    0  (Gen:  0)
   521800      4168   5185320  0.000  0.000   11.423    1.956    0    0  (Gen:  0)
   521792      3992   5185192  0.000  0.000   11.423    1.956    0    0  (Gen:  0)
   521480      6280   5187496  0.000  0.000   11.424    1.956    0    0  (Gen:  0)
   521696      5928   5187208  0.001  0.000   11.425    1.956    0    0  (Gen:  0)
   521760      4056   5187464  0.001  0.000   11.426    1.956    0    0  (Gen:  0)
   521496      4152   5187592  0.001  0.000   11.427    1.957    0    0  (Gen:  0)
   521528      3976   5187448  0.001  0.000   11.428    1.957    0    0  (Gen:  0)
   521728      3976   5187464  0.001  0.000   11.429    1.957    0    0  (Gen:  0)
   521528      5944   5189448  0.001  0.000   11.431    1.957    0    0  (Gen:  0)
   521240      4064   5189400  0.001  0.000   11.432    1.957    0    0  (Gen:  0)
   521584      4080   5189504  0.001  0.000   11.433    1.958    0    0  (Gen:  0)
   521760      4032   5189488  0.000  0.000   11.433    1.958    0    0  (Gen:  0)
   521824      4072   5189616  0.000  0.000   11.434    1.958    0    0  (Gen:  0)
   521504      6472   5192048  0.000  0.000   11.435    1.958    0    0  (Gen:  0)
   521616      6504   5192144  0.000  0.000   11.435    1.958    0    0  (Gen:  0)
   521600      4104   5192088  0.000  0.000   11.436    1.958    0    0  (Gen:  0)
   521624      4136   5192136  0.000  0.000   11.436    1.958    0    0  (Gen:  0)
   521392      3976   5192024  0.000  0.000   11.437    1.958    0    0  (Gen:  0)
   521720      4272   5192336  0.000  0.000   11.437    1.959    0    0  (Gen:  0)
   521640      4064   5192400  0.000  0.000   11.438    1.959    0    0  (Gen:  0)
   521584      4056   5192552  0.000  0.000   11.438    1.959    0    0  (Gen:  0)
   521496      4488   5193016  0.000  0.000   11.439    1.959    0    0  (Gen:  0)
   521672      4256   5193040  0.000  0.000   11.440    1.959    0    0  (Gen:  0)
   521632      4408   5193432  0.000  0.000   11.440    1.959    0    0  (Gen:  0)
   521408      7664   5197088  0.000  0.000   11.441    1.959    0    0  (Gen:  0)
   521800      6264   5197048  0.000  0.000   11.441    1.959    0    0  (Gen:  0)
   521704      4304   5197272  0.000  0.000   11.442    1.959    0    0  (Gen:  0)
   521480      4072   5197072  0.000  0.000   11.443    1.960    0    0  (Gen:  0)
   521536      3992   5197080  0.000  0.000   11.443    1.960    0    0  (Gen:  0)
   521568      6152   5199272  0.000  0.000   11.444    1.960    0    0  (Gen:  0)
   521648      4216   5199312  0.000  0.000   11.444    1.960    0    0  (Gen:  0)
   521584      4088   5199272  0.000  0.000   11.445    1.960    0    0  (Gen:  0)
   521712      4200   5199400  0.000  0.000   11.445    1.960    0    0  (Gen:  0)
   521784      4120   5199368  0.000  0.000   11.446    1.960    0    0  (Gen:  0)
   521640      6600   5201864  0.000  0.000   11.447    1.960    0    0  (Gen:  0)
   521584      6496   5201824  0.000  0.000   11.447    1.961    0    0  (Gen:  0)
   521472      3856   5201592  0.000  0.000   11.448    1.961    0    0  (Gen:  0)
   521576      4096   5201864  0.000  0.000   11.448    1.961    0    0  (Gen:  0)
   521560      3912   5201712  0.000  0.000   11.449    1.961    0    0  (Gen:  0)
   521592      4080   5201968  0.000  0.000   11.449    1.961    0    0  (Gen:  0)
   521488      6376   5204296  0.000  0.000   11.450    1.961    0    0  (Gen:  0)
   521544      4120   5204152  0.000  0.000   11.450    1.961    0    0  (Gen:  0)
   521544      3976   5204096  0.000  0.000   11.451    1.961    0    0  (Gen:  0)
   521584      4200   5204336  0.000  0.000   11.452    1.962    0    0  (Gen:  0)
   521728      3984   5204168  0.000  0.000   11.452    1.962    0    0  (Gen:  0)
   521600      6656   5206856  0.000  0.000   11.453    1.962    0    0  (Gen:  0)
   521552      6416   5206680  0.000  0.000   11.453    1.962    0    0  (Gen:  0)
   521576      4096   5206928  0.000  0.000   11.454    1.962    0    0  (Gen:  0)
   521424      4208   5207072  0.000  0.000   11.454    1.962    0    0  (Gen:  0)
   521224      4152   5207048  0.000  0.000   11.455    1.962    0    0  (Gen:  0)
   521472      4032   5206944  0.000  0.000   11.456    1.962    0    0  (Gen:  0)
   521768      4520   5207448  0.000  0.000   11.456    1.962    0    0  (Gen:  0)
   521784      4208   5207424  0.000  0.000   11.457    1.963    0    0  (Gen:  0)
   521624      4432   5207736  0.000  0.000   11.457    1.963    0    0  (Gen:  0)
   521544      4120   5207680  0.000  0.000   11.458    1.963    0    0  (Gen:  0)
   521472      4488   5208136  0.000  0.000   11.458    1.963    0    0  (Gen:  0)
   521528      7512   5211576  0.000  0.000   11.459    1.963    0    0  (Gen:  0)
   521712      5728   5211456  0.000  0.000   11.460    1.963    0    0  (Gen:  0)
   521792      3944   5211328  0.000  0.000   11.460    1.963    0    0  (Gen:  0)
   521400      4224   5211624  0.000  0.000   11.461    1.963    0    0  (Gen:  0)
   521544      4120   5211568  0.000  0.000   11.461    1.964    0    0  (Gen:  0)
   521656      4312   5211776  0.000  0.000   11.462    1.964    0    0  (Gen:  0)
   521896      4192   5211704  0.000  0.000   11.462    1.964    0    0  (Gen:  0)
   521584      4176   5211848  0.000  0.000   11.463    1.964    0    0  (Gen:  0)
   521912      4056   5211760  0.000  0.000   11.463    1.964    0    0  (Gen:  0)
   521736      4104   5211840  0.000  0.000   11.464    1.964    0    0  (Gen:  0)
   521728      3976   5211728  0.000  0.000   11.464    1.964    0    0  (Gen:  0)
   521680      6000   5213768  0.000  0.000   11.465    1.964    0    0  (Gen:  0)
   521472      5912   5213760  0.000  0.000   11.466    1.964    0    0  (Gen:  0)
   521568      4288   5213984  0.001  0.000   11.467    1.965    0    0  (Gen:  0)
   521464      4232   5213960  0.000  0.000   11.468    1.965    0    0  (Gen:  0)
   521472      4208   5214024  0.000  0.000   11.468    1.965    0    0  (Gen:  0)
   521632      4016   5213864  0.000  0.000   11.469    1.965    0    0  (Gen:  0)
   521736      3968   5213864  0.000  0.000   11.469    1.965    0    0  (Gen:  0)
   521696      3864   5213920  0.000  0.000   11.470    1.965    0    0  (Gen:  0)
   521816      4112   5214200  0.000  0.000   11.471    1.965    0    0  (Gen:  0)
   521792      4008   5214128  0.000  0.000   11.471    1.966    0    0  (Gen:  0)
   521528      3976   5214112  0.000  0.000   11.472    1.966    0    0  (Gen:  0)
   521560      6672   5216824  0.000  0.000   11.472    1.966    0    0  (Gen:  0)
   521496      6384   5216616  0.000  0.000   11.473    1.966    0    0  (Gen:  0)
   521576      4208   5216952  0.000  0.000   11.473    1.966    0    0  (Gen:  0)
   521648      4176   5216952  0.000  0.000   11.474    1.966    0    0  (Gen:  0)
   521360      3816   5216680  0.000  0.000   11.475    1.966    0    0  (Gen:  0)
   521688      4408   5217304  0.000  0.000   11.475    1.966    0    0  (Gen:  0)
   521832      4304   5217472  0.000  0.000   11.476    1.967    0    0  (Gen:  0)
   521224      3920   5217176  0.000  0.000   11.476    1.967    0    0  (Gen:  0)
   521784      4408   5217680  0.000  0.000   11.477    1.967    0    0  (Gen:  0)
   521696      4288   5217832  0.000  0.000   11.477    1.967    0    0  (Gen:  0)
   521432      8176   5221960  0.000  0.000   11.478    1.967    0    0  (Gen:  0)
   521752      6080   5221848  0.000  0.000   11.479    1.967    0    0  (Gen:  0)
   521744      4088   5221848  0.000  0.000   11.479    1.967    0    0  (Gen:  0)
   521584      4096   5221888  0.000  0.000   11.480    1.967    0    0  (Gen:  0)
   521224      4040   5221864  0.000  0.000   11.480    1.967    0    0  (Gen:  0)
   521544      3968   5221808  0.000  0.000   11.481    1.968    0    0  (Gen:  0)
   521776      5960   5223816  0.000  0.000   11.482    1.968    0    0  (Gen:  0)
   521872      4208   5223760  0.000  0.000   11.482    1.968    0    0  (Gen:  0)
   521808      4136   5223776  0.000  0.000   11.483    1.968    0    0  (Gen:  0)
   521400      4120   5223792  0.000  0.000   11.483    1.968    0    0  (Gen:  0)
   521344      4152   5223912  0.000  0.000   11.484    1.968    0    0  (Gen:  0)
   521696      6688   5226480  0.000  0.000   11.484    1.968    0    0  (Gen:  0)
   521552      6424   5226280  0.000  0.000   11.485    1.968    0    0  (Gen:  0)
   521368      4272   5226432  0.000  0.000   11.486    1.969    0    0  (Gen:  0)
   521800      5480   5228040  0.000  0.000   11.486    1.969    0    0  (Gen:  0)
   521696      4192   5228056  0.000  0.000   11.487    1.969    0    0  (Gen:  0)
   521872      4480   5228360  0.000  0.000   11.487    1.969    0    0  (Gen:  0)
   521568      4136   5228064  0.000  0.000   11.488    1.969    0    0  (Gen:  0)
   521568      4176   5228264  0.000  0.000   11.488    1.969    0    0  (Gen:  0)
   521920      4248   5228368  0.000  0.000   11.489    1.969    0    0  (Gen:  0)
   521728      4056   5228208  0.000  0.000   11.490    1.969    0    0  (Gen:  0)
   521784      4120   5228288  0.000  0.000   11.490    1.970    0    0  (Gen:  0)
   521432      6112   5230296  0.000  0.000   11.491    1.970    0    0  (Gen:  0)
   521760      5976   5230240  0.000  0.000   11.491    1.970    0    0  (Gen:  0)
   521736      3896   5230216  0.000  0.000   11.492    1.970    0    0  (Gen:  0)
   521512      4072   5230408  0.000  0.000   11.492    1.970    0    0  (Gen:  0)
   521472      4048   5230432  0.000  0.000   11.493    1.970    0    0  (Gen:  0)
   521824      6024   5232424  0.000  0.000   11.494    1.970    0    0  (Gen:  0)
   521304      4040   5232256  0.000  0.000   11.494    1.970    0    0  (Gen:  0)
   521408      4136   5232512  0.000  0.000   11.495    1.971    0    0  (Gen:  0)
   521544      4152   5232560  0.000  0.000   11.495    1.971    0    0  (Gen:  0)
   521856      4048   5232488  0.000  0.000   11.496    1.971    0    0  (Gen:  0)
   521632      4048   5232504  0.000  0.000   11.496    1.971    0    0  (Gen:  0)
   521624      6400   5234872  0.000  0.000   11.497    1.971    0    0  (Gen:  0)
   521560      6248   5234800  0.000  0.000   11.498    1.971    0    0  (Gen:  0)
   521552      4248   5235144  0.000  0.000   11.498    1.971    0    0  (Gen:  0)
   521664      4096   5235024  0.000  0.000   11.499    1.971    0    0  (Gen:  0)
   521480      3888   5234904  0.000  0.000   11.499    1.971    0    0  (Gen:  0)
   521640      4432   5235480  0.000  0.000   11.500    1.972    0    0  (Gen:  0)
   521752      4248   5235568  0.000  0.000   11.500    1.972    0    0  (Gen:  0)
   521320      3952   5235360  0.000  0.000   11.501    1.972    0    0  (Gen:  0)
   521736      4488   5235912  0.000  0.000   11.502    1.972    0    0  (Gen:  0)
   521688      4344   5236040  0.000  0.000   11.502    1.972    0    0  (Gen:  0)
   521448      7992   5239928  0.000  0.000   11.503    1.972    0    0  (Gen:  0)
   521592      6272   5239872  0.000  0.000   11.503    1.972    0    0  (Gen:  0)
   521800      4136   5239992  0.000  0.000   11.504    1.972    0    0  (Gen:  0)
   521600      4152   5240040  0.000  0.000   11.505    1.973    0    0  (Gen:  0)
   521576      4120   5240040  0.000  0.000   11.505    1.973    0    0  (Gen:  0)
   521392      4032   5239968  0.000  0.000   11.506    1.973    0    0  (Gen:  0)
   521648      6256   5242208  0.000  0.000   11.506    1.973    0    0  (Gen:  0)
   521432      4144   5242088  0.000  0.000   11.507    1.973    0    0  (Gen:  0)
   521808      4200   5242232  0.000  0.000   11.507    1.973    0    0  (Gen:  0)
   521776      4032   5242096  0.000  0.000   11.508    1.973    0    0  (Gen:  0)
   521752      4136   5242288  0.000  0.000   11.509    1.973    0    0  (Gen:  0)
   521488      6584   5244768  0.000  0.000   11.509    1.974    0    0  (Gen:  0)
   521632      6408   5244656  0.000  0.000   11.510    1.974    0    0  (Gen:  0)
   521592      4016   5244600  0.000  0.000   11.510    1.974    0    0  (Gen:  0)
   521400      4320   5244920  0.000  0.000   11.511    1.974    0    0  (Gen:  0)
   521536      4176   5244824  0.000  0.000   11.511    1.974    0    0  (Gen:  0)
   521648      6000   5246656  0.000  0.000   11.512    1.974    0    0  (Gen:  0)
   521616      4688   5246872  0.000  0.000   11.513    1.974    0    0  (Gen:  0)
   521360      4040   5246976  0.000  0.000   11.513    1.974    0    0  (Gen:  0)
   521592      4008   5246976  0.000  0.000   11.514    1.974    0    0  (Gen:  0)
   521752      3920   5246920  0.000  0.000   11.514    1.975    0    0  (Gen:  0)
   521728      4024   5247112  0.000  0.000   11.515    1.975    0    0  (Gen:  0)
   521448      6648   5249768  0.000  0.000   11.515    1.975    0    0  (Gen:  0)
   521776      6424   5249608  0.000  0.000   11.516    1.975    0    0  (Gen:  0)
   521256      4008   5249688  0.000  0.000   11.517    1.975    0    0  (Gen:  0)
   521400      4136   5249832  0.000  0.000   11.517    1.975    0    0  (Gen:  0)
   521248      3872   5249616  0.000  0.000   11.518    1.975    0    0  (Gen:  0)
   521776      4448   5250208  0.000  0.000   11.518    1.975    0    0  (Gen:  0)
   521592      4120   5250152  0.000  0.000   11.519    1.976    0    0  (Gen:  0)
   521888      3968   5250160  0.000  0.000   11.519    1.976    0    0  (Gen:  0)
   521416      4272   5250496  0.000  0.000   11.520    1.976    0    0  (Gen:  0)
   521608      4440   5250920  0.000  0.000   11.521    1.976    0    0  (Gen:  0)
   521640      4448   5251168  0.000  0.000   11.521    1.976    0    0  (Gen:  0)
   521448      7088   5254368  0.000  0.000   11.522    1.976    0    0  (Gen:  0)
   521776      5576   5254216  0.000  0.000   11.522    1.976    0    0  (Gen:  0)
   521680      4184   5254480  0.000  0.000   11.523    1.976    0    0  (Gen:  0)
   521400      4064   5254392  0.000  0.000   11.523    1.977    0    0  (Gen:  0)
   521648      4040   5254456  0.000  0.000   11.524    1.977    0    0  (Gen:  0)
   521776      4272   5254720  0.000  0.000   11.525    1.977    0    0  (Gen:  0)
   521744      4072   5254568  0.000  0.000   11.525    1.977    0    0  (Gen:  0)
   521592      3976   5254560  0.000  0.000   11.526    1.977    0    0  (Gen:  0)
   521928      4240   5254840  0.000  0.000   11.526    1.977    0    0  (Gen:  0)
   521712      4120   5254768  0.000  0.000   11.527    1.977    0    0  (Gen:  0)
   521656      6112   5256776  0.000  0.000   11.527    1.977    0    0  (Gen:  0)
   521632      5984   5256712  0.000  0.000   11.528    1.978    0    0  (Gen:  0)
   521464      3960   5256608  0.000  0.000   11.529    1.978    0    0  (Gen:  0)
   521592      4224   5256904  0.000  0.000   11.529    1.978    0    0  (Gen:  0)
   521552      4216   5256928  0.000  0.000   11.530    1.978    0    0  (Gen:  0)
   521480      4000   5256728  0.000  0.000   11.530    1.978    0    0  (Gen:  0)
   521648      4344   5257088  0.000  0.000   11.531    1.978    0    0  (Gen:  0)
   521624      4248   5257056  0.000  0.000   11.531    1.978    0    0  (Gen:  0)
   521872      4208   5257104  0.000  0.000   11.532    1.978    0    0  (Gen:  0)
   521760      4160   5257088  0.000  0.000   11.532    1.978    0    0  (Gen:  0)
   521736      4232   5257248  0.000  0.000   11.533    1.979    0    0  (Gen:  0)
   521584      6680   5259728  0.000  0.000   11.534    1.979    0    0  (Gen:  0)
   521568      6488   5259600  0.000  0.000   11.534    1.979    0    0  (Gen:  0)
   521480      3920   5259616  0.000  0.000   11.535    1.979    0    0  (Gen:  0)
   521520      4224   5259952  0.000  0.000   11.535    1.979    0    0  (Gen:  0)
   521544      4048   5259808  0.000  0.000   11.536    1.979    0    0  (Gen:  0)
   521544      3976   5259752  0.000  0.000   11.536    1.979    0    0  (Gen:  0)
   521712      4456   5260248  0.000  0.000   11.537    1.979    0    0  (Gen:  0)
   521736      4136   5260216  0.000  0.000   11.538    1.980    0    0  (Gen:  0)
   521304      4488   5260656  0.000  0.000   11.538    1.980    0    0  (Gen:  0)
   521752      3944   5260368  0.000  0.000   11.539    1.980    0    0  (Gen:  0)
   521632      4424   5260936  0.000  0.000   11.539    1.980    0    0  (Gen:  0)
   521456      7888   5264816  0.000  0.000   11.540    1.980    0    0  (Gen:  0)
   521872      5984   5264736  0.000  0.000   11.541    1.980    0    0  (Gen:  0)
   521728      3952   5264624  0.000  0.000   11.541    1.980    0    0  (Gen:  0)
   521328      4136   5264824  0.000  0.000   11.542    1.980    0    0  (Gen:  0)
   521248      3944   5264680  0.000  0.000   11.542    1.981    0    0  (Gen:  0)
   521808      6024   5266776  0.000  0.000   11.543    1.981    0    0  (Gen:  0)
   521880      4000   5266432  0.000  0.000   11.543    1.981    0    0  (Gen:  0)
   521672      4040   5266632  0.000  0.000   11.544    1.981    0    0  (Gen:  0)
   521856      4072   5266696  0.000  0.000   11.544    1.981    0    0  (Gen:  0)
   521192      4160   5266816  0.000  0.000   11.545    1.981    0    0  (Gen:  0)
   521400      3976   5266648  0.000  0.000   11.546    1.981    0    0  (Gen:  0)
   521832      6504   5269192  0.000  0.000   11.546    1.981    0    0  (Gen:  0)
   521472      6336   5269104  0.000  0.000   11.547    1.981    0    0  (Gen:  0)
   521528      5896   5270968  0.000  0.000   11.547    1.982    0    0  (Gen:  0)
   521672      4176   5270856  0.000  0.000   11.548    1.982    0    0  (Gen:  0)
   521744      4088   5270856  0.000  0.000   11.549    1.982    0    0  (Gen:  0)
   521624      4288   5271088  0.000  0.000   11.549    1.982    0    0  (Gen:  0)
   521832      4248   5271096  0.000  0.000   11.550    1.982    0    0  (Gen:  0)
   521600      4104   5271040  0.000  0.000   11.550    1.982    0    0  (Gen:  0)
   521840      4224   5271176  0.000  0.000   11.551    1.982    0    0  (Gen:  0)
   521696      4192   5271192  0.000  0.000   11.551    1.982    0    0  (Gen:  0)
   521720      6296   5273312  0.000  0.000   11.552    1.983    0    0  (Gen:  0)
   521576      6088   5273168  0.000  0.000   11.553    1.983    0    0  (Gen:  0)
   521752      4208   5273416  0.000  0.000   11.553    1.983    0    0  (Gen:  0)
   521504      4336   5273576  0.000  0.000   11.554    1.983    0    0  (Gen:  0)
   521664      4288   5273560  0.000  0.000   11.554    1.983    0    0  (Gen:  0)
   521544      3984   5273272  0.000  0.000   11.555    1.983    0    0  (Gen:  0)
   521712      5880   5275184  0.000  0.000   11.555    1.983    0    0  (Gen:  0)
   521184      4096   5275232  0.000  0.000   11.556    1.983    0    0  (Gen:  0)
   521640      3936   5275160  0.000  0.000   11.557    1.984    0    0  (Gen:  0)
   521600      4144   5275384  0.000  0.000   11.557    1.984    0    0  (Gen:  0)
   521768      4064   5275352  0.000  0.000   11.558    1.984    0    0  (Gen:  0)
   521704      6536   5277840  0.000  0.000   11.558    1.984    0    0  (Gen:  0)
   521520      6392   5277760  0.000  0.000   11.559    1.984    0    0  (Gen:  0)
   521552      3936   5277720  0.000  0.000   11.559    1.984    0    0  (Gen:  0)
   521552      4248   5278064  0.000  0.000   11.560    1.984    0    0  (Gen:  0)
   521616      4120   5277968  0.000  0.000   11.561    1.984    0    0  (Gen:  0)
   521544      4048   5277912  0.000  0.000   11.561    1.984    0    0  (Gen:  0)
   521672      4448   5278328  0.000  0.000   11.562    1.985    0    0  (Gen:  0)
   521736      4192   5278360  0.000  0.000   11.562    1.985    0    0  (Gen:  0)
   521336      4416   5278672  0.000  0.000   11.563    1.985    0    0  (Gen:  0)
   521728      4176   5278688  0.000  0.000   11.563    1.985    0    0  (Gen:  0)
   521640      4376   5278976  0.000  0.000   11.564    1.985    0    0  (Gen:  0)
   521368      7888   5282904  0.000  0.000   11.565    1.985    0    0  (Gen:  0)
   521824      6152   5282672  0.000  0.000   11.565    1.985    0    0  (Gen:  0)
   521704      3936   5282640  0.000  0.000   11.566    1.985    0    0  (Gen:  0)
   521616      4072   5282792  0.000  0.000   11.566    1.986    0    0  (Gen:  0)
   521360      4064   5282832  0.000  0.000   11.567    1.986    0    0  (Gen:  0)
   521688      6336   5285120  0.000  0.000   11.568    1.986    0    0  (Gen:  0)
   521600      4152   5284912  0.000  0.000   11.568    1.986    0    0  (Gen:  0)
   521448      4152   5285072  0.000  0.000   11.569    1.986    0    0  (Gen:  0)
   521728      4192   5285144  0.000  0.000   11.569    1.986    0    0  (Gen:  0)
   521912      4032   5285016  0.000  0.000   11.570    1.986    0    0  (Gen:  0)
   521576      4064   5285064  0.000  0.000   11.570    1.986    0    0  (Gen:  0)
   521496      6576   5287592  0.000  0.000   11.571    1.987    0    0  (Gen:  0)
   521464      6472   5287568  0.000  0.000   11.572    1.987    0    0  (Gen:  0)
   521800      4280   5287712  0.000  0.000   11.572    1.987    0    0  (Gen:  0)
   521336      4120   5287584  0.000  0.000   11.573    1.987    0    0  (Gen:  0)
   521688      4168   5287720  0.000  0.000   11.573    1.987    0    0  (Gen:  0)
   521488      6344   5289928  0.000  0.000   11.574    1.987    0    0  (Gen:  0)
   521688      4232   5289928  0.000  0.000   11.574    1.987    0    0  (Gen:  0)
   521368      4088   5289872  0.000  0.000   11.575    1.987    0    0  (Gen:  0)
   521568      4280   5290080  0.000  0.000   11.575    1.988    0    0  (Gen:  0)
   521736      4288   5290136  0.000  0.000   11.576    1.988    0    0  (Gen:  0)
   521672      3840   5289704  0.000  0.000   11.577    1.988    0    0  (Gen:  0)
   521536      6680   5292560  0.000  0.000   11.577    1.988    0    0  (Gen:  0)
   521704      6456   5292416  0.000  0.000   11.578    1.988    0    0  (Gen:  0)
   521288      4208   5292664  0.000  0.000   11.578    1.988    0    0  (Gen:  0)
   521280      3936   5292424  0.000  0.000   11.579    1.988    0    0  (Gen:  0)
   521440      3920   5292496  0.000  0.000   11.580    1.988    0    0  (Gen:  0)
   521688      4384   5292992  0.000  0.000   11.580    1.988    0    0  (Gen:  0)
   521808      4176   5293056  0.000  0.000   11.581    1.989    0    0  (Gen:  0)
   521736      3992   5292960  0.000  0.000   11.581    1.989    0    0  (Gen:  0)
   521432      4200   5293184  0.000  0.000   11.582    1.989    0    0  (Gen:  0)
   521552      4280   5293536  0.000  0.000   11.582    1.989    0    0  (Gen:  0)
   521488      7568   5297064  0.000  0.000   11.583    1.989    0    0  (Gen:  0)
   521592      5688   5297008  0.000  0.000   11.584    1.989    0    0  (Gen:  0)
   521872      4152   5297200  0.000  0.000   11.584    1.989    0    0  (Gen:  0)
   521408      4112   5297192  0.000  0.000   11.585    1.989    0    0  (Gen:  0)
   521608      4160   5297272  0.000  0.000   11.585    1.990    0    0  (Gen:  0)
   521552      4104   5297232  0.000  0.000   11.586    1.990    0    0  (Gen:  0)
   521896      4128   5297272  0.000  0.000   11.586    1.990    0    0  (Gen:  0)
   521624      4136   5297344  0.000  0.000   11.587    1.990    0    0  (Gen:  0)
   521952      4120   5297416  0.000  0.000   11.587    1.990    0    0  (Gen:  0)
   521640      4032   5297360  0.000  0.000   11.588    1.990    0    0  (Gen:  0)
   521824      4072   5297488  0.000  0.000   11.589    1.990    0    0  (Gen:  0)
   521640      6072   5299520  0.000  0.000   11.589    1.990    0    0  (Gen:  0)
   521592      5992   5299504  0.000  0.000   11.590    1.991    0    0  (Gen:  0)
   521368      4088   5299448  0.000  0.000   11.590    1.991    0    0  (Gen:  0)
   521512      4280   5299656  0.000  0.000   11.591    1.991    0    0  (Gen:  0)
   521640      4064   5299488  0.000  0.000   11.591    1.991    0    0  (Gen:  0)
   521632      4264   5299704  0.000  0.000   11.592    1.991    0    0  (Gen:  0)
   521592      4160   5299648  0.000  0.000   11.593    1.991    0    0  (Gen:  0)
   521592      4208   5299856  0.000  0.000   11.593    1.991    0    0  (Gen:  0)
   521864      4280   5299960  0.000  0.000   11.594    1.991    0    0  (Gen:  0)
   521824      4272   5299984  0.000  0.000   11.594    1.991    0    0  (Gen:  0)
   521720      3976   5299704  0.000  0.000   11.595    1.992    0    0  (Gen:  0)
   521352      6824   5302568  0.000  0.000   11.596    1.992    0    0  (Gen:  0)
   521544      6712   5302536  0.000  0.000   11.596    1.992    0    0  (Gen:  0)
   521656      3648   5301992  0.000  0.000   11.597    1.992    0    0  (Gen:  0)
   521568      4024   5302392  0.000  0.000   11.597    1.992    0    0  (Gen:  0)
   521360      4024   5302392  0.001  0.000   11.598    1.992    0    0  (Gen:  0)
   521800      4376   5302760  0.001  0.000   11.600    1.992    0    0  (Gen:  0)
   521576      4096   5302752  0.001  0.000   11.601    1.993    0    0  (Gen:  0)
   521568      4136   5302952  0.001  0.000   11.602    1.993    0    0  (Gen:  0)
   521536      4320   5303168  0.001  0.000   11.603    1.993    0    0  (Gen:  0)
   521712      4304   5303408  0.001  0.000   11.604    1.993    0    0  (Gen:  0)
   521480      4664   5304008  0.001  0.000   11.606    1.993    0    0  (Gen:  0)
   521376      7712   5307768  0.001  0.000   11.607    1.994    0    0  (Gen:  0)
   521544      6264   5307712  0.000  0.000   11.608    1.994    0    0  (Gen:  0)
   521600      4064   5307800  0.000  0.000   11.608    1.994    0    0  (Gen:  0)
   521552      4048   5307816  0.000  0.000   11.609    1.994    0    0  (Gen:  0)
   521912      4096   5307952  0.000  0.000   11.609    1.994    0    0  (Gen:  0)
   521440      5920   5309808  0.000  0.000   11.610    1.994    0    0  (Gen:  0)
   521576      4176   5309744  0.000  0.000   11.610    1.994    0    0  (Gen:  0)
   521592      4032   5309688  0.000  0.000   11.611    1.994    0    0  (Gen:  0)
   521824      4240   5309912  0.000  0.000   11.611    1.995    0    0  (Gen:  0)
   521784      4160   5309880  0.000  0.000   11.612    1.995    0    0  (Gen:  0)
   521608      6520   5312256  0.000  0.000   11.613    1.995    0    0  (Gen:  0)
   521400      6368   5312168  0.000  0.000   11.613    1.995    0    0  (Gen:  0)
   521552      4448   5312640  0.000  0.000   11.614    1.995    0    0  (Gen:  0)
   521496      5696   5314304  0.000  0.000   11.614    1.995    0    0  (Gen:  0)
   521544      4104   5314160  0.000  0.000   11.615    1.995    0    0  (Gen:  0)
   521544      4032   5314104  0.000  0.000   11.616    1.995    0    0  (Gen:  0)
   521552      4384   5314472  0.000  0.000   11.616    1.996    0    0  (Gen:  0)
   521448      4192   5314344  0.000  0.000   11.617    1.996    0    0  (Gen:  0)
   521744      4280   5314520  0.000  0.000   11.617    1.996    0    0  (Gen:  0)
   521832      4088   5314360  0.000  0.000   11.618    1.996    0    0  (Gen:  0)
   521760      3984   5314344  0.000  0.000   11.618    1.996    0    0  (Gen:  0)
   521528      6200   5316592  0.000  0.000   11.619    1.996    0    0  (Gen:  0)
   521240      6256   5316712  0.000  0.000   11.620    1.996    0    0  (Gen:  0)
   521496      4064   5316576  0.000  0.000   11.620    1.996    0    0  (Gen:  0)
   521712      4168   5316696  0.000  0.000   11.621    1.997    0    0  (Gen:  0)
   521376      4104   5316680  0.000  0.000   11.621    1.997    0    0  (Gen:  0)
   521616      6088   5318680  0.000  0.000   11.622    1.997    0    0  (Gen:  0)
   521640      4216   5318624  0.000  0.000   11.622    1.997    0    0  (Gen:  0)
   521672      4232   5318800  0.000  0.000   11.623    1.997    0    0  (Gen:  0)
   521592      3888   5318488  0.000  0.000   11.624    1.997    0    0  (Gen:  0)
   521288      3984   5318616  0.000  0.000   11.624    1.997    0    0  (Gen:  0)
   521440      4024   5318744  0.000  0.000   11.625    1.997    0    0  (Gen:  0)
   521488      6440   5321192  0.000  0.000   11.625    1.997    0    0  (Gen:  0)
   521544      6344   5321160  0.000  0.000   11.626    1.998    0    0  (Gen:  0)
   521584      3936   5321096  0.000  0.000   11.626    1.998    0    0  (Gen:  0)
   521616      4072   5321248  0.000  0.000   11.627    1.998    0    0  (Gen:  0)
   521216      4120   5321344  0.000  0.000   11.628    1.998    0    0  (Gen:  0)
   521864      4608   5321848  0.000  0.000   11.628    1.998    0    0  (Gen:  0)
   521224      4192   5321704  0.000  0.000   11.629    1.998    0    0  (Gen:  0)
   521456      3888   5321560  0.000  0.000   11.629    1.998    0    0  (Gen:  0)
   521704      4352   5322056  0.000  0.000   11.630    1.998    0    0  (Gen:  0)
   521784      4376   5322336  0.000  0.000   11.630    1.999    0    0  (Gen:  0)
   521816      4360   5322560  0.000  0.000   11.631    1.999    0    0  (Gen:  0)
   521584      7560   5326320  0.000  0.000   11.632    1.999    0    0  (Gen:  0)
   521488      6304   5326264  0.000  0.000   11.632    1.999    0    0  (Gen:  0)
   521600      4168   5326312  0.000  0.000   11.633    1.999    0    0  (Gen:  0)
   521480      4176   5326352  0.000  0.000   11.633    1.999    0    0  (Gen:  0)
   521616      4208   5326472  0.000  0.000   11.634    1.999    0    0  (Gen:  0)
   521552      6008   5328304  0.000  0.000   11.634    1.999    0    0  (Gen:  0)
   521672      4176   5328448  0.000  0.000   11.635    2.000    0    0  (Gen:  0)
   521664      3912   5328272  0.000  0.000   11.636    2.000    0    0  (Gen:  0)
   521928      4256   5328632  0.000  0.000   11.636    2.000    0    0  (Gen:  0)
   521728      4096   5328520  0.000  0.000   11.637    2.000    0    0  (Gen:  0)
   521520      6600   5331040  0.000  0.000   11.637    2.000    0    0  (Gen:  0)
   521544      6456   5330960  0.001  0.000   11.638    2.000    0    0  (Gen:  0)
   521672      4224   5331136  0.001  0.000   11.639    2.000    0    0  (Gen:  0)
   521440      4264   5331208  0.001  0.000   11.640    2.000    0    0  (Gen:  0)
   521592      4096   5331072  0.000  0.000   11.641    2.001    0    0  (Gen:  0)
   521544      4024   5331016  0.000  0.000   11.641    2.001    0    0  (Gen:  0)
   521264      6408   5333416  0.000  0.000   11.642    2.001    0    0  (Gen:  0)
   521544      4224   5333360  0.000  0.000   11.642    2.001    0    0  (Gen:  0)
   521680      4072   5333296  0.000  0.000   11.643    2.001    0    0  (Gen:  0)
   521760      4064   5333320  0.000  0.000   11.644    2.001    0    0  (Gen:  0)
   521760      4168   5333512  0.000  0.000   11.644    2.001    0    0  (Gen:  0)
   521464      6776   5336152  0.000  0.000   11.645    2.001    0    0  (Gen:  0)
   521296      6376   5335816  0.000  0.000   11.645    2.002    0    0  (Gen:  0)
   521448      3920   5335856  0.000  0.000   11.646    2.002    0    0  (Gen:  0)
   521680      4072   5336024  0.000  0.000   11.646    2.002    0    0  (Gen:  0)
   521360      4104   5336104  0.000  0.000   11.647    2.002    0    0  (Gen:  0)
   521664      3992   5336008  0.000  0.000   11.648    2.002    0    0  (Gen:  0)
   521680      4536   5336568  0.000  0.000   11.648    2.002    0    0  (Gen:  0)
   521656      3984   5336304  0.000  0.000   11.649    2.002    0    0  (Gen:  0)
   521688      4416   5336824  0.000  0.000   11.649    2.002    0    0  (Gen:  0)
   521656      4064   5336728  0.000  0.000   11.650    2.003    0    0  (Gen:  0)
   521520      4480   5337232  0.000  0.000   11.650    2.003    0    0  (Gen:  0)
   521448      7456   5340624  0.000  0.000   11.651    2.003    0    0  (Gen:  0)
   521624      5760   5340592  0.000  0.000   11.652    2.003    0    0  (Gen:  0)
   521784      3992   5340480  0.000  0.000   11.652    2.003    0    0  (Gen:  0)
   521552      4224   5340728  0.000  0.000   11.653    2.003    0    0  (Gen:  0)
   521416      3968   5340520  0.000  0.000   11.653    2.003    0    0  (Gen:  0)
   521544      4384   5340952  0.000  0.000   11.654    2.003    0    0  (Gen:  0)
   521744      4192   5340808  0.000  0.000   11.654    2.004    0    0  (Gen:  0)
   521680      4152   5340928  0.000  0.000   11.655    2.004    0    0  (Gen:  0)
   521848      4176   5340984  0.000  0.000   11.655    2.004    0    0  (Gen:  0)
   521184      4344   5341184  0.000  0.000   11.656    2.004    0    0  (Gen:  0)
   521392      3912   5340768  0.000  0.000   11.657    2.004    0    0  (Gen:  0)
   521632      6072   5342944  0.000  0.000   11.657    2.004    0    0  (Gen:  0)
   521400      5776   5342728  0.000  0.000   11.658    2.004    0    0  (Gen:  0)
   521560      4280   5343080  0.000  0.000   11.658    2.004    0    0  (Gen:  0)
   521720      4048   5342880  0.000  0.000   11.659    2.005    0    0  (Gen:  0)
   521440      4032   5342952  0.000  0.000   11.660    2.005    0    0  (Gen:  0)
   521520      4152   5343104  0.000  0.000   11.660    2.005    0    0  (Gen:  0)
   521552      4344   5343344  0.000  0.000   11.661    2.005    0    0  (Gen:  0)
   521656      3912   5343000  0.000  0.000   11.661    2.005    0    0  (Gen:  0)
   521760      4240   5343344  0.000  0.000   11.662    2.005    0    0  (Gen:  0)
   521712      4152   5343304  0.000  0.000   11.662    2.005    0    0  (Gen:  0)
   521616      6736   5345904  0.000  0.000   11.663    2.005    0    0  (Gen:  0)
   521544      6616   5345848  0.000  0.000   11.664    2.005    0    0  (Gen:  0)
   521448      4248   5346064  0.000  0.000   11.664    2.006    0    0  (Gen:  0)
   521568      4088   5345936  0.000  0.000   11.665    2.006    0    0  (Gen:  0)
   521688      4288   5346168  0.000  0.000   11.665    2.006    0    0  (Gen:  0)
   521376      4104   5346000  0.000  0.000   11.666    2.006    0    0  (Gen:  0)
   521720      4312   5346224  0.000  0.000   11.666    2.006    0    0  (Gen:  0)
   521752      4064   5346264  0.000  0.000   11.667    2.006    0    0  (Gen:  0)
   521280      3952   5346240  0.000  0.000   11.667    2.006    0    0  (Gen:  0)
   521720      4160   5346464  0.000  0.000   11.668    2.006    0    0  (Gen:  0)
   521776      4288   5346864  0.000  0.000   11.669    2.007    0    0  (Gen:  0)
   521408      8120   5350936  0.036  0.003   11.705    2.010    0    0  (Gen:  0)
   521800      5944   5350744  0.000  0.000   11.706    2.010    0    0  (Gen:  0)
   521792      4168   5350960  0.000  0.000   11.706    2.010    0    0  (Gen:  0)
   521512      4192   5351016  0.000  0.000   11.707    2.010    0    0  (Gen:  0)
   521200      3984   5350840  0.000  0.000   11.707    2.011    0    0  (Gen:  0)
   521528      3984   5350856  0.000  0.000   11.708    2.011    0    0  (Gen:  0)
   521912      5808   5352696  0.000  0.000   11.709    2.011    0    0  (Gen:  0)
   521736      4168   5352752  0.000  0.000   11.709    2.011    0    0  (Gen:  0)
   521920      4240   5352912  0.000  0.000   11.710    2.011    0    0  (Gen:  0)
   521248      4088   5352792  0.000  0.000   11.711    2.011    0    0  (Gen:  0)
   521448      4072   5352864  0.000  0.000   11.711    2.011    0    0  (Gen:  0)
   521608      6560   5355384  0.000  0.000   11.712    2.012    0    0  (Gen:  0)
   521560      6432   5355320  0.000  0.000   11.712    2.012    0    0  (Gen:  0)
   521448      4240   5355424  0.000  0.000   11.713    2.012    0    0  (Gen:  0)
   521776      5312   5356952  0.000  0.000   11.714    2.012    0    0  (Gen:  0)
   521792      4176   5357008  0.000  0.000   11.714    2.012    0    0  (Gen:  0)
   521656      4352   5357200  0.000  0.000   11.715    2.012    0    0  (Gen:  0)
   521672      4168   5357064  0.000  0.000   11.715    2.012    0    0  (Gen:  0)
   521576      4104   5357160  0.000  0.000   11.716    2.012    0    0  (Gen:  0)
   521944      4152   5357240  0.000  0.000   11.716    2.013    0    0  (Gen:  0)
   521720      4016   5357136  0.000  0.000   11.717    2.013    0    0  (Gen:  0)
   521688      4024   5357160  0.000  0.000   11.718    2.013    0    0  (Gen:  0)
   521440      6408   5359560  0.000  0.000   11.718    2.013    0    0  (Gen:  0)
   521840      6008   5359240  0.000  0.000   11.719    2.013    0    0  (Gen:  0)
   521704      4208   5359496  0.000  0.000   11.719    2.013    0    0  (Gen:  0)
   521528      4136   5359456  0.000  0.000   11.720    2.013    0    0  (Gen:  0)
   521408      4040   5359448  0.000  0.000   11.721    2.013    0    0  (Gen:  0)
   521856      6064   5361504  0.000  0.000   11.721    2.014    0    0  (Gen:  0)
   521288      4264   5361520  0.000  0.000   11.722    2.014    0    0  (Gen:  0)
   521456      4088   5361432  0.000  0.000   11.722    2.014    0    0  (Gen:  0)
   521544      4280   5361640  0.000  0.000   11.723    2.014    0    0  (Gen:  0)
   521712      4136   5361544  0.000  0.000   11.723    2.014    0    0  (Gen:  0)
   521872      6304   5363728  0.000  0.000   11.724    2.014    0    0  (Gen:  0)
   521544      6320   5363808  0.000  0.000   11.725    2.014    0    0  (Gen:  0)
   521472      3944   5363848  0.000  0.000   11.725    2.014    0    0  (Gen:  0)
   521568      4192   5364128  0.000  0.000   11.726    2.015    0    0  (Gen:  0)
   521664      4064   5364032  0.000  0.000   11.726    2.015    0    0  (Gen:  0)
   521520      3992   5364048  0.000  0.000   11.727    2.015    0    0  (Gen:  0)
   521664      4360   5364448  0.000  0.000   11.727    2.015    0    0  (Gen:  0)
   521752      4152   5364512  0.000  0.000   11.728    2.015    0    0  (Gen:  0)
   521304      3896   5364344  0.000  0.000   11.729    2.015    0    0  (Gen:  0)
   521736      4432   5364896  0.000  0.000   11.729    2.015    0    0  (Gen:  0)
   521728      4304   5365040  0.000  0.000   11.730    2.015    0    0  (Gen:  0)
   521304      7880   5368856  0.000  0.000   11.730    2.016    0    0  (Gen:  0)
   521760      6200   5368840  0.000  0.000   11.731    2.016    0    0  (Gen:  0)
   521824      4072   5368968  0.000  0.000   11.732    2.016    0    0  (Gen:  0)
   521440      4136   5369064  0.000  0.000   11.732    2.016    0    0  (Gen:  0)
   521592      4000   5368960  0.000  0.000   11.733    2.016    0    0  (Gen:  0)
   521496      3976   5368952  0.000  0.000   11.733    2.016    0    0  (Gen:  0)
   521640      6240   5371232  0.000  0.000   11.734    2.016    0    0  (Gen:  0)
   521504      4232   5371216  0.000  0.000   11.734    2.016    0    0  (Gen:  0)
   521688      4304   5371376  0.000  0.000   11.735    2.016    0    0  (Gen:  0)
   521880      3928   5371032  0.000  0.000   11.736    2.017    0    0  (Gen:  0)
   521672      4040   5371232  0.000  0.000   11.736    2.017    0    0  (Gen:  0)
   521488      6488   5373712  0.000  0.000   11.737    2.017    0    0  (Gen:  0)
   521528      6408   5373696  0.000  0.000   11.737    2.017    0    0  (Gen:  0)
   521696      3944   5373568  0.000  0.000   11.738    2.017    0    0  (Gen:  0)
   521400      4224   5373864  0.000  0.000   11.738    2.017    0    0  (Gen:  0)
   521544      4120   5373808  0.000  0.000   11.739    2.017    0    0  (Gen:  0)
   521600      6456   5376160  0.000  0.000   11.740    2.017    0    0  (Gen:  0)
   521536      4144   5375960  0.000  0.000   11.740    2.018    0    0  (Gen:  0)
   521536      3992   5375968  0.000  0.000   11.741    2.018    0    0  (Gen:  0)
   521464      4184   5376192  0.000  0.000   11.741    2.018    0    0  (Gen:  0)
   521872      4232   5376272  0.000  0.000   11.742    2.018    0    0  (Gen:  0)
   521600      3976   5376032  0.001  0.000   11.743    2.018    0    0  (Gen:  0)
   521480      6792   5378864  0.000  0.000   11.744    2.018    0    0  (Gen:  0)
   521808      6600   5378752  0.000  0.000   11.745    2.018    0    0  (Gen:  0)
   521240      4224   5378872  0.000  0.000   11.745    2.019    0    0  (Gen:  0)
   521408      4192   5378872  0.000  0.000   11.746    2.019    0    0  (Gen:  0)
   521312      4192   5378960  0.000  0.000   11.746    2.019    0    0  (Gen:  0)
   521656      4408   5379208  0.000  0.000   11.747    2.019    0    0  (Gen:  0)
   521744      4008   5379080  0.000  0.000   11.748    2.019    0    0  (Gen:  0)
   521768      4000   5379232  0.000  0.000   11.748    2.019    0    0  (Gen:  0)
   521472      4144   5379408  0.000  0.000   11.749    2.019    0    0  (Gen:  0)
   521576      4304   5379824  0.000  0.000   11.749    2.019    0    0  (Gen:  0)
   521616      4840   5380600  0.000  0.000   11.750    2.019    0    0  (Gen:  0)
   521488      6840   5383480  0.000  0.000   11.750    2.020    0    0  (Gen:  0)
   521800      5816   5383496  0.000  0.000   11.751    2.020    0    0  (Gen:  0)
   521592      4128   5383464  0.000  0.000   11.752    2.020    0    0  (Gen:  0)
   521544      4040   5383408  0.000  0.000   11.752    2.020    0    0  (Gen:  0)
   521600      4056   5383512  0.000  0.000   11.753    2.020    0    0  (Gen:  0)
   521768      4128   5383616  0.001  0.000   11.754    2.020    0    0  (Gen:  0)
   521608      4088   5383624  0.001  0.000   11.755    2.020    0    0  (Gen:  0)
   521792      4032   5383656  0.001  0.000   11.756    2.021    0    0  (Gen:  0)
   521832      4184   5383824  0.001  0.000   11.758    2.021    0    0  (Gen:  0)
   521800      4096   5383784  0.001  0.000   11.759    2.021    0    0  (Gen:  0)
   521592      6008   5385712  0.001  0.000   11.760    2.021    0    0  (Gen:  0)
   521664      5768   5385536  0.001  0.000   11.761    2.021    0    0  (Gen:  0)
   521480      3952   5385640  0.001  0.000   11.763    2.022    0    0  (Gen:  0)
   521432      4136   5385856  0.000  0.000   11.763    2.022    0    0  (Gen:  0)
   521624      4176   5385928  0.000  0.000   11.764    2.022    0    0  (Gen:  0)
   521592      4080   5385848  0.000  0.000   11.764    2.022    0    0  (Gen:  0)
   521560      4160   5385944  0.000  0.000   11.765    2.022    0    0  (Gen:  0)
   521704      4184   5386032  0.000  0.000   11.765    2.022    0    0  (Gen:  0)
   521848      4192   5386128  0.000  0.000   11.766    2.022    0    0  (Gen:  0)
   521696      4104   5386072  0.000  0.000   11.767    2.022    0    0  (Gen:  0)
   521728      4136   5386192  0.000  0.000   11.767    2.023    0    0  (Gen:  0)
   521552      6608   5388696  0.000  0.000   11.768    2.023    0    0  (Gen:  0)
   521576      6688   5388840  0.000  0.000   11.768    2.023    0    0  (Gen:  0)
   521520      3968   5388632  0.000  0.000   11.769    2.023    0    0  (Gen:  0)
   521600      4152   5388832  0.000  0.000   11.769    2.023    0    0  (Gen:  0)
   521448      4176   5388904  0.000  0.000   11.770    2.023    0    0  (Gen:  0)
   521616      4648   5389392  0.000  0.000   11.771    2.023    0    0  (Gen:  0)
   521616      4176   5389192  0.000  0.000   11.771    2.023    0    0  (Gen:  0)
   521688      4120   5389296  0.000  0.000   11.772    2.024    0    0  (Gen:  0)
   521352      4488   5389696  0.000  0.000   11.772    2.024    0    0  (Gen:  0)
   521768      4568   5390032  0.000  0.000   11.773    2.024    0    0  (Gen:  0)
   521600      4296   5390000  0.000  0.000   11.773    2.024    0    0  (Gen:  0)
   521576      7648   5393752  0.000  0.000   11.774    2.024    0    0  (Gen:  0)
   521784      6000   5393784  0.000  0.000   11.775    2.024    0    0  (Gen:  0)
   521696      3976   5393680  0.000  0.000   11.775    2.024    0    0  (Gen:  0)
   521360      4096   5393816  0.000  0.000   11.776    2.024    0    0  (Gen:  0)
   521248      3904   5393672  0.000  0.000   11.776    2.025    0    0  (Gen:  0)
   521856      5904   5395688  0.000  0.000   11.777    2.025    0    0  (Gen:  0)
   521776      4064   5395528  0.000  0.000   11.777    2.025    0    0  (Gen:  0)
   521720      4080   5395704  0.000  0.000   11.778    2.025    0    0  (Gen:  0)
   521880      4016   5395672  0.000  0.000   11.779    2.025    0    0  (Gen:  0)
   521192      4104   5395792  0.000  0.000   11.779    2.025    0    0  (Gen:  0)
   521368      3904   5395608  0.000  0.000   11.780    2.025    0    0  (Gen:  0)
   521848      6616   5398336  0.000  0.000   11.780    2.025    0    0  (Gen:  0)
   521440      6280   5398080  0.000  0.000   11.781    2.026    0    0  (Gen:  0)
   521648      5912   5400016  0.000  0.000   11.782    2.026    0    0  (Gen:  0)
   521600      4120   5399832  0.000  0.000   11.782    2.026    0    0  (Gen:  0)
   521856      4176   5399976  0.000  0.000   11.783    2.026    0    0  (Gen:  0)
   521568      4296   5400128  0.000  0.000   11.783    2.026    0    0  (Gen:  0)
   521688      4080   5399960  0.000  0.000   11.784    2.026    0    0  (Gen:  0)
   521680      3968   5399936  0.000  0.000   11.784    2.026    0    0  (Gen:  0)
   521872      4168   5400152  0.000  0.000   11.785    2.026    0    0  (Gen:  0)
   521792      4176   5400208  0.000  0.000   11.785    2.026    0    0  (Gen:  0)
   521520      6088   5402136  0.000  0.000   11.786    2.027    0    0  (Gen:  0)
   521680      6088   5402200  0.000  0.000   11.787    2.027    0    0  (Gen:  0)
   521728      4152   5402392  0.000  0.000   11.787    2.027    0    0  (Gen:  0)
   521504      4280   5402552  0.000  0.000   11.788    2.027    0    0  (Gen:  0)
   521552      4088   5402392  0.000  0.000   11.788    2.027    0    0  (Gen:  0)
   521680      4048   5402368  0.000  0.000   11.789    2.027    0    0  (Gen:  0)
   521664      6024   5404360  0.000  0.000   11.790    2.027    0    0  (Gen:  0)
   521256      4192   5404360  0.000  0.000   11.790    2.027    0    0  (Gen:  0)
   521560      4160   5404416  0.000  0.000   11.791    2.028    0    0  (Gen:  0)
   521600      4136   5404424  0.000  0.000   11.792    2.028    0    0  (Gen:  0)
   521784      4096   5404472  0.000  0.000   11.792    2.028    0    0  (Gen:  0)
   521688      6464   5406872  0.000  0.000   11.793    2.028    0    0  (Gen:  0)
   521568      6544   5407016  0.000  0.000   11.793    2.028    0    0  (Gen:  0)
   521544      4120   5406936  0.000  0.000   11.794    2.028    0    0  (Gen:  0)
   521576      4176   5407008  0.000  0.000   11.795    2.028    0    0  (Gen:  0)
   521592      4232   5407112  0.000  0.000   11.795    2.028    0    0  (Gen:  0)
   521560      4008   5406904  0.000  0.000   11.796    2.029    0    0  (Gen:  0)
   521632      4120   5407288  0.000  0.000   11.796    2.029    0    0  (Gen:  0)
   521696      3920   5407184  0.000  0.000   11.797    2.029    0    0  (Gen:  0)
   521408      4320   5407600  0.000  0.000   11.797    2.029    0    0  (Gen:  0)
   521712      3992   5407528  0.000  0.000   11.798    2.029    0    0  (Gen:  0)
   521600      4536   5408160  0.000  0.000   11.798    2.029    0    0  (Gen:  0)
   521400      7792   5411832  0.000  0.000   11.799    2.029    0    0  (Gen:  0)
   521856      6216   5411760  0.000  0.000   11.800    2.029    0    0  (Gen:  0)
   521704      4032   5411760  0.000  0.000   11.800    2.030    0    0  (Gen:  0)
   521528      4112   5411856  0.000  0.000   11.801    2.030    0    0  (Gen:  0)
   521360      4064   5411856  0.000  0.000   11.801    2.030    0    0  (Gen:  0)
   521752      6280   5414088  0.000  0.000   11.802    2.030    0    0  (Gen:  0)
   521616      4168   5413952  0.000  0.000   11.803    2.030    0    0  (Gen:  0)
   521528      4104   5414048  0.000  0.000   11.803    2.030    0    0  (Gen:  0)
   521680      4136   5414112  0.000  0.000   11.804    2.030    0    0  (Gen:  0)
   521872      4080   5414088  0.000  0.000   11.804    2.030    0    0  (Gen:  0)
   521576      4048   5414072  0.000  0.000   11.805    2.031    0    0  (Gen:  0)
   521504      6528   5416568  0.000  0.000   11.805    2.031    0    0  (Gen:  0)
   521504      6256   5416376  0.000  0.000   11.806    2.031    0    0  (Gen:  0)
   521680      4184   5416640  0.000  0.000   11.807    2.031    0    0  (Gen:  0)
   521400      4064   5416552  0.000  0.000   11.807    2.031    0    0  (Gen:  0)
   521648      4040   5416616  0.000  0.000   11.808    2.031    0    0  (Gen:  0)
   521568      6304   5418912  0.000  0.000   11.808    2.031    0    0  (Gen:  0)
   521576      4192   5418912  0.000  0.000   11.809    2.031    0    0  (Gen:  0)
   521392      4032   5418840  0.000  0.000   11.809    2.031    0    0  (Gen:  0)
   521600      4240   5419064  0.000  0.000   11.810    2.032    0    0  (Gen:  0)
   521800      4152   5419024  0.000  0.000   11.811    2.032    0    0  (Gen:  0)
   521608      6616   5421504  0.000  0.000   11.811    2.032    0    0  (Gen:  0)
   521584      6512   5421464  0.000  0.000   11.812    2.032    0    0  (Gen:  0)
   521632      4152   5421672  0.000  0.000   11.812    2.032    0    0  (Gen:  0)
   521312      4248   5421800  0.001  0.000   11.814    2.032    0    0  (Gen:  0)
   521256      4216   5421800  0.001  0.000   11.815    2.032    0    0  (Gen:  0)
   521480      4008   5421608  0.001  0.000   11.816    2.033    0    0  (Gen:  0)
   521712      4576   5422192  0.001  0.000   11.817    2.033    0    0  (Gen:  0)
   521752      4248   5422152  0.001  0.000   11.818    2.033    0    0  (Gen:  0)
   521776      4544   5422536  0.001  0.000   11.819    2.033    0    0  (Gen:  0)
   521464      4208   5422456  0.001  0.000   11.820    2.033    0    0  (Gen:  0)
   521488      4456   5422792  0.001  0.000   11.822    2.034    0    0  (Gen:  0)
   521424      7408   5426160  0.000  0.000   11.822    2.034    0    0  (Gen:  0)
   521728      5760   5426176  0.000  0.000   11.823    2.034    0    0  (Gen:  0)
   521808      4024   5426168  0.000  0.000   11.823    2.034    0    0  (Gen:  0)
   521424      4056   5426232  0.000  0.000   11.824    2.034    0    0  (Gen:  0)
   521552      4120   5426328  0.000  0.000   11.825    2.034    0    0  (Gen:  0)
   521656      3968   5426192  0.000  0.000   11.825    2.034    0    0  (Gen:  0)
   521880      4368   5426608  0.001  0.000   11.827    2.035    0    0  (Gen:  0)
   521552      4088   5426392  0.000  0.000   11.827    2.035    0    0  (Gen:  0)
   521992      4064   5426456  0.000  0.000   11.828    2.035    0    0  (Gen:  0)
   521592      3976   5426400  0.000  0.000   11.828    2.035    0    0  (Gen:  0)
   521896      4112   5426624  0.000  0.000   11.829    2.035    0    0  (Gen:  0)
   521552      6072   5428616  0.000  0.000   11.830    2.035    0    0  (Gen:  0)
   521576      5920   5428528  0.000  0.000   11.830    2.035    0    0  (Gen:  0)
   521488      4016   5428472  0.000  0.000   11.831    2.035    0    0  (Gen:  0)
   521496      4280   5428752  0.000  0.000   11.831    2.036    0    0  (Gen:  0)
   521568      4176   5428696  0.000  0.000   11.832    2.036    0    0  (Gen:  0)
   521616      4224   5428760  0.000  0.000   11.832    2.036    0    0  (Gen:  0)
   521640      4120   5428704  0.000  0.000   11.833    2.036    0    0  (Gen:  0)
   521608      4152   5428896  0.000  0.000   11.834    2.036    0    0  (Gen:  0)
   521936      3976   5428752  0.000  0.000   11.834    2.036    0    0  (Gen:  0)
   521744      4136   5428944  0.000  0.000   11.835    2.036    0    0  (Gen:  0)
   521640      3976   5428800  0.000  0.000   11.835    2.036    0    0  (Gen:  0)
   521480      6576   5431416  0.000  0.000   11.836    2.037    0    0  (Gen:  0)
   521480      6632   5431552  0.000  0.000   11.836    2.037    0    0  (Gen:  0)
   521664      4304   5431736  0.000  0.000   11.837    2.037    0    0  (Gen:  0)
   521480      4072   5431536  0.000  0.000   11.838    2.037    0    0  (Gen:  0)
   521536      3992   5431544  0.000  0.000   11.838    2.037    0    0  (Gen:  0)
   521704      4520   5432104  0.000  0.000   11.839    2.037    0    0  (Gen:  0)
   521640      4176   5432032  0.000  0.000   11.839    2.037    0    0  (Gen:  0)
   521488      4032   5431976  0.000  0.000   11.840    2.037    0    0  (Gen:  0)
   521512      4488   5432448  0.001  0.000   11.841    2.038    0    0  (Gen:  0)
   521792      4320   5432552  0.000  0.000   11.841    2.038    0    0  (Gen:  0)
   521480      8176   5436648  0.000  0.000   11.842    2.038    0    0  (Gen:  0)
   521736      6208   5436664  0.000  0.000   11.843    2.038    0    0  (Gen:  0)
   521736      3928   5436376  0.000  0.000   11.843    2.038    0    0  (Gen:  0)
   521608      4080   5436560  0.000  0.000   11.844    2.038    0    0  (Gen:  0)
   521280      4024   5436536  0.000  0.000   11.844    2.038    0    0  (Gen:  0)
   521432      3920   5436520  0.000  0.000   11.845    2.038    0    0  (Gen:  0)
   521880      5784   5438416  0.000  0.000   11.845    2.038    0    0  (Gen:  0)
   521776      3944   5438256  0.000  0.000   11.846    2.039    0    0  (Gen:  0)
   521680      3920   5438320  0.000  0.000   11.846    2.039    0    0  (Gen:  0)
   521680      4072   5438488  0.000  0.000   11.847    2.039    0    0  (Gen:  0)
   521216      4120   5438584  0.000  0.000   11.848    2.039    0    0  (Gen:  0)
   521672      6240   5440720  0.000  0.000   11.848    2.039    0    0  (Gen:  0)
   521600      6224   5440768  0.000  0.000   11.849    2.039    0    0  (Gen:  0)
   521392      4480   5441416  0.000  0.000   11.849    2.039    0    0  (Gen:  0)
   521760      5600   5442952  0.000  0.000   11.850    2.039    0    0  (Gen:  0)
   521792      4104   5442904  0.000  0.000   11.851    2.040    0    0  (Gen:  0)
   521728      4104   5442920  0.000  0.000   11.851    2.040    0    0  (Gen:  0)
   521624      4288   5443120  0.000  0.000   11.852    2.040    0    0  (Gen:  0)
   521600      4168   5443064  0.000  0.000   11.852    2.040    0    0  (Gen:  0)
   521944      4336   5443320  0.000  0.000   11.853    2.040    0    0  (Gen:  0)
   521600      4120   5443136  0.000  0.000   11.853    2.040    0    0  (Gen:  0)
   521856      4176   5443280  0.000  0.000   11.854    2.040    0    0  (Gen:  0)
   521352      6240   5445376  0.000  0.000   11.854    2.040    0    0  (Gen:  0)
   521880      6072   5445272  0.000  0.000   11.855    2.041    0    0  (Gen:  0)
   521640      3960   5445216  0.000  0.000   11.856    2.041    0    0  (Gen:  0)
   521544      4152   5445424  0.000  0.000   11.856    2.041    0    0  (Gen:  0)
   521472      4096   5445416  0.000  0.000   11.857    2.041    0    0  (Gen:  0)
   521768      6080   5447416  0.000  0.000   11.857    2.041    0    0  (Gen:  0)
   521424      4168   5447320  0.000  0.000   11.858    2.041    0    0  (Gen:  0)
   521320      4096   5447408  0.000  0.000   11.859    2.041    0    0  (Gen:  0)
   521608      4280   5447624  0.000  0.000   11.859    2.041    0    0  (Gen:  0)
   521824      4144   5447520  0.000  0.000   11.860    2.042    0    0  (Gen:  0)
   521736      3856   5447248  0.000  0.000   11.860    2.042    0    0  (Gen:  0)
   521536      6480   5449888  0.000  0.000   11.861    2.042    0    0  (Gen:  0)
   521576      6360   5449848  0.000  0.000   11.861    2.042    0    0  (Gen:  0)
   521608      4376   5450208  0.000  0.000   11.862    2.042    0    0  (Gen:  0)
   521536      4144   5450008  0.000  0.000   11.863    2.042    0    0  (Gen:  0)
   521552      4048   5450000  0.000  0.000   11.863    2.042    0    0  (Gen:  0)
   521680      4520   5450504  0.000  0.000   11.864    2.042    0    0  (Gen:  0)
   521632      4264   5450520  0.000  0.000   11.864    2.042    0    0  (Gen:  0)
   521488      4120   5450464  0.000  0.000   11.865    2.043    0    0  (Gen:  0)
   521544      4544   5450904  0.000  0.000   11.865    2.043    0    0  (Gen:  0)
   521768      4280   5450912  0.000  0.000   11.866    2.043    0    0  (Gen:  0)
   521488      5104   5451976  0.000  0.000   11.866    2.043    0    0  (Gen:  0)
   521592      6824   5454896  0.000  0.000   11.867    2.043    0    0  (Gen:  0)
   521768      6232   5454864  0.000  0.000   11.868    2.043    0    0  (Gen:  0)
   521592      4152   5454968  0.000  0.000   11.868    2.043    0    0  (Gen:  0)
   521648      3984   5454832  0.000  0.000   11.869    2.043    0    0  (Gen:  0)
   521384      4152   5455088  0.000  0.000   11.869    2.044    0    0  (Gen:  0)
   521640      6240   5457208  0.000  0.000   11.870    2.044    0    0  (Gen:  0)
   521472      4136   5457080  0.000  0.000   11.871    2.044    0    0  (Gen:  0)
   521728      3936   5456968  0.000  0.000   11.871    2.044    0    0  (Gen:  0)
   521752      4184   5457232  0.000  0.000   11.872    2.044    0    0  (Gen:  0)
   521736      4104   5457200  0.000  0.000   11.872    2.044    0    0  (Gen:  0)
   521624      6560   5459672  0.000  0.000   11.873    2.044    0    0  (Gen:  0)
   521608      6344   5459520  0.000  0.000   11.873    2.044    0    0  (Gen:  0)
   521496      4152   5459736  0.000  0.000   11.874    2.045    0    0  (Gen:  0)
   521408      4112   5459728  0.000  0.000   11.875    2.045    0    0  (Gen:  0)
   521608      4160   5459808  0.000  0.000   11.875    2.045    0    0  (Gen:  0)
   521552      4104   5459768  0.000  0.000   11.876    2.045    0    0  (Gen:  0)
   521696      6224   5461904  0.000  0.000   11.876    2.045    0    0  (Gen:  0)
   521360      4136   5461944  0.000  0.000   11.877    2.045    0    0  (Gen:  0)
   521560      4120   5462016  0.000  0.000   11.877    2.045    0    0  (Gen:  0)
   521736      4064   5461992  0.000  0.000   11.878    2.045    0    0  (Gen:  0)
   521720      4152   5462168  0.000  0.000   11.879    2.045    0    0  (Gen:  0)
   521488      6688   5464736  0.000  0.000   11.879    2.046    0    0  (Gen:  0)
   521656      6632   5464744  0.000  0.000   11.880    2.046    0    0  (Gen:  0)
   521416      3904   5464512  0.000  0.000   11.880    2.046    0    0  (Gen:  0)
   521408      4104   5464728  0.000  0.000   11.881    2.046    0    0  (Gen:  0)
   521320      4048   5464720  0.000  0.000   11.881    2.046    0    0  (Gen:  0)
   521616      4632   5465320  0.000  0.000   11.882    2.046    0    0  (Gen:  0)
   521632      4136   5465096  0.000  0.000   11.883    2.046    0    0  (Gen:  0)
   521712      4208   5465328  0.000  0.000   11.883    2.046    0    0  (Gen:  0)
   521688      4400   5465552  0.000  0.000   11.884    2.047    0    0  (Gen:  0)
   521576      4360   5465768  0.000  0.000   11.884    2.047    0    0  (Gen:  0)
   521544      4400   5466048  0.000  0.000   11.885    2.047    0    0  (Gen:  0)
   521424      7144   5469192  0.000  0.000   11.885    2.047    0    0  (Gen:  0)
   521808      5664   5469232  0.000  0.000   11.886    2.047    0    0  (Gen:  0)
   521728      3896   5469120  0.000  0.000   11.887    2.047    0    0  (Gen:  0)
   521408      3968   5469208  0.000  0.000   11.887    2.047    0    0  (Gen:  0)
   521528      4008   5469296  0.000  0.000   11.888    2.047    0    0  (Gen:  0)
   521760      4336   5469640  0.000  0.000   11.888    2.048    0    0  (Gen:  0)
   521792      4056   5469408  0.000  0.000   11.889    2.048    0    0  (Gen:  0)
   521624      4096   5469608  0.000  0.000   11.889    2.048    0    0  (Gen:  0)
   521864      4168   5469712  0.000  0.000   11.890    2.048    0    0  (Gen:  0)
   521832      3976   5469552  0.000  0.000   11.890    2.048    0    0  (Gen:  0)
   521520      4008   5469600  0.000  0.000   11.891    2.048    0    0  (Gen:  0)
   521768      6032   5471640  0.000  0.000   11.892    2.048    0    0  (Gen:  0)
   521352      5824   5471512  0.000  0.000   11.892    2.048    0    0  (Gen:  0)
   521672      4240   5471776  0.000  0.000   11.893    2.048    0    0  (Gen:  0)
   521472      4104   5471672  0.000  0.000   11.893    2.049    0    0  (Gen:  0)
   521632      4008   5471664  0.000  0.000   11.894    2.049    0    0  (Gen:  0)
   521552      4312   5472000  0.000  0.000   11.894    2.049    0    0  (Gen:  0)
   521640      4072   5471808  0.000  0.000   11.895    2.049    0    0  (Gen:  0)
   521744      4032   5471856  0.000  0.000   11.895    2.049    0    0  (Gen:  0)
   521848      4224   5472064  0.000  0.000   11.896    2.049    0    0  (Gen:  0)
   521768      4120   5472008  0.000  0.000   11.897    2.049    0    0  (Gen:  0)
   521536      6792   5474696  0.000  0.000   11.898    2.049    0    0  (Gen:  0)
   521592      6648   5474616  0.000  0.000   11.898    2.050    0    0  (Gen:  0)
   521440      4136   5474688  0.000  0.000   11.899    2.050    0    0  (Gen:  0)
   521600      4152   5474736  0.000  0.000   11.900    2.050    0    0  (Gen:  0)
   521576      4120   5474736  0.000  0.000   11.900    2.050    0    0  (Gen:  0)
   521392      4032   5474664  0.000  0.000   11.901    2.050    0    0  (Gen:  0)
   521736      4496   5475144  0.000  0.000   11.901    2.050    0    0  (Gen:  0)
   521760      4192   5475128  0.000  0.000   11.902    2.050    0    0  (Gen:  0)
   521280      4296   5475320  0.000  0.000   11.902    2.050    0    0  (Gen:  0)
   521776      4080   5475360  0.000  0.000   11.903    2.051    0    0  (Gen:  0)
   521720      4424   5475792  0.000  0.000   11.903    2.051    0    0  (Gen:  0)
   521432      7864   5479648  0.000  0.000   11.904    2.051    0    0  (Gen:  0)
   521792      6064   5479672  0.000  0.000   11.905    2.051    0    0  (Gen:  0)
   521768      4048   5479576  0.000  0.000   11.905    2.051    0    0  (Gen:  0)
   521464      4208   5479752  0.000  0.000   11.906    2.051    0    0  (Gen:  0)
   521208      4088   5479680  0.000  0.000   11.906    2.051    0    0  (Gen:  0)
   521600      5736   5481320  0.000  0.000   11.907    2.051    0    0  (Gen:  0)
   521880      4408   5481368  0.000  0.000   11.908    2.052    0    0  (Gen:  0)
   521760      3968   5481416  0.000  0.000   11.908    2.052    0    0  (Gen:  0)
   521880      4168   5481648  0.000  0.000   11.909    2.052    0    0  (Gen:  0)
   521272      3968   5481480  0.000  0.000   11.909    2.052    0    0  (Gen:  0)
   521464      4136   5481736  0.000  0.000   11.910    2.052    0    0  (Gen:  0)
   521648      6432   5484064  0.000  0.000   11.910    2.052    0    0  (Gen:  0)
   521584      6424   5484120  0.000  0.000   11.911    2.052    0    0  (Gen:  0)
   521376      4680   5484680  0.000  0.000   11.912    2.052    0    0  (Gen:  0)
   521768      5104   5485824  0.000  0.000   11.912    2.053    0    0  (Gen:  0)
   521800      3760   5485464  0.000  0.000   11.913    2.053    0    0  (Gen:  0)
   521624      4168   5485888  0.000  0.000   11.913    2.053    0    0  (Gen:  0)
   521704      4120   5485888  0.000  0.000   11.914    2.053    0    0  (Gen:  0)
   521592      3984   5485912  0.000  0.000   11.914    2.053    0    0  (Gen:  0)
   521912      4184   5486144  0.000  0.000   11.915    2.053    0    0  (Gen:  0)
   521792      4104   5486096  0.000  0.000   11.915    2.053    0    0  (Gen:  0)
   521560      4016   5486024  0.000  0.000   11.916    2.053    0    0  (Gen:  0)
   521576      6264   5488288  0.000  0.000   11.917    2.054    0    0  (Gen:  0)
   521768      6176   5488280  0.000  0.000   11.917    2.054    0    0  (Gen:  0)
   521648      4248   5488408  0.000  0.000   11.918    2.054    0    0  (Gen:  0)
   521568      4288   5488480  0.000  0.000   11.919    2.054    0    0  (Gen:  0)
   521512      3952   5488232  0.000  0.000   11.919    2.054    0    0  (Gen:  0)
   521792      6048   5490360  0.000  0.000   11.920    2.054    0    0  (Gen:  0)
   521224      4264   5490392  0.000  0.000   11.920    2.054    0    0  (Gen:  0)
   521536      3848   5490064  0.000  0.000   11.921    2.054    0    0  (Gen:  0)
   521520      4192   5490424  0.000  0.000   11.921    2.054    0    0  (Gen:  0)
   521792      3992   5490272  0.000  0.000   11.922    2.055    0    0  (Gen:  0)
   521776      6640   5492936  0.000  0.000   11.923    2.055    0    0  (Gen:  0)
   521544      6520   5492880  0.000  0.000   11.923    2.055    0    0  (Gen:  0)
   521528      4224   5493000  0.000  0.000   11.924    2.055    0    0  (Gen:  0)
   521536      4096   5492904  0.000  0.000   11.924    2.055    0    0  (Gen:  0)
   521616      4160   5493000  0.000  0.000   11.925    2.055    0    0  (Gen:  0)
   521480      4080   5492936  0.000  0.000   11.925    2.055    0    0  (Gen:  0)
   521696      4552   5493424  0.000  0.000   11.926    2.055    0    0  (Gen:  0)
   521784      4232   5493392  0.000  0.000   11.926    2.056    0    0  (Gen:  0)
   521312      4584   5493832  0.000  0.000   11.927    2.056    0    0  (Gen:  0)
   521752      4064   5493568  0.000  0.000   11.928    2.056    0    0  (Gen:  0)
   521720      4448   5494040  0.000  0.000   11.928    2.056    0    0  (Gen:  0)
   521336      7856   5497864  0.000  0.000   11.929    2.056    0    0  (Gen:  0)
   521752      6064   5497576  0.000  0.000   11.929    2.056    0    0  (Gen:  0)
   521752      3952   5497720  0.000  0.000   11.930    2.056    0    0  (Gen:  0)
   521520      4168   5497968  0.000  0.000   11.931    2.056    0    0  (Gen:  0)
   521544      4080   5497912  0.000  0.000   11.931    2.057    0    0  (Gen:  0)
   521536      3992   5497840  0.000  0.000   11.932    2.057    0    0  (Gen:  0)
   521648      6144   5500008  0.000  0.000   11.932    2.057    0    0  (Gen:  0)
   521480      4056   5499912  0.000  0.000   11.933    2.057    0    0  (Gen:  0)
   521704      4280   5500224  0.000  0.000   11.933    2.057    0    0  (Gen:  0)
   521776      3968   5499944  0.000  0.000   11.934    2.057    0    0  (Gen:  0)
   521736      4120   5500184  0.000  0.000   11.934    2.057    0    0  (Gen:  0)
   521560      6344   5502440  0.000  0.000   11.935    2.057    0    0  (Gen:  0)
   521440      6440   5502600  0.000  0.000   11.936    2.057    0    0  (Gen:  0)
   521712      3968   5502464  0.000  0.000   11.936    2.058    0    0  (Gen:  0)
   521424      4024   5502536  0.000  0.000   11.937    2.058    0    0  (Gen:  0)
   521544      4176   5502736  0.000  0.000   11.937    2.058    0    0  (Gen:  0)
   521584      6400   5504976  0.000  0.000   11.938    2.058    0    0  (Gen:  0)
   521664      4112   5504800  0.000  0.000   11.939    2.058    0    0  (Gen:  0)
   521384      4208   5505056  0.000  0.000   11.939    2.058    0    0  (Gen:  0)
   521504      4208   5505088  0.000  0.000   11.940    2.058    0    0  (Gen:  0)
   521888      3912   5504824  0.000  0.000   11.940    2.058    0    0  (Gen:  0)
   521568      3848   5504776  0.000  0.000   11.941    2.059    0    0  (Gen:  0)
   521472      6720   5507664  0.000  0.000   11.941    2.059    0    0  (Gen:  0)
   521800      6656   5507680  0.000  0.000   11.942    2.059    0    0  (Gen:  0)
   521240      4136   5507656  0.000  0.000   11.943    2.059    0    0  (Gen:  0)
   521344      4120   5507672  0.000  0.000   11.943    2.059    0    0  (Gen:  0)
   521344      4152   5507792  0.000  0.000   11.944    2.059    0    0  (Gen:  0)
   521744      4552   5508224  0.000  0.000   11.944    2.059    0    0  (Gen:  0)
   521696      4232   5508176  0.000  0.000   11.945    2.059    0    0  (Gen:  0)
   521824      4192   5508224  0.000  0.000   11.945    2.060    0    0  (Gen:  0)
   521424      4304   5508352  0.000  0.000   11.946    2.060    0    0  (Gen:  0)
   521584      4304   5508624  0.000  0.000   11.946    2.060    0    0  (Gen:  0)
   521528      7752   5512312  0.000  0.000   11.947    2.060    0    0  (Gen:  0)
   521608      5776   5512160  0.000  0.000   11.948    2.060    0    0  (Gen:  0)
   521752      4192   5512304  0.000  0.000   11.948    2.060    0    0  (Gen:  0)
   521576      4280   5512424  0.000  0.000   11.949    2.060    0    0  (Gen:  0)
   521544      4216   5512392  0.000  0.000   11.949    2.060    0    0  (Gen:  0)
   521624      4272   5512464  0.000  0.000   11.950    2.060    0    0  (Gen:  0)
   521768      4144   5512352  0.000  0.000   11.950    2.061    0    0  (Gen:  0)
   521632      4136   5512408  0.000  0.000   11.951    2.061    0    0  (Gen:  0)
   521800      3920   5512280  0.000  0.000   11.952    2.061    0    0  (Gen:  0)
   521800      4000   5512376  0.000  0.000   11.952    2.061    0    0  (Gen:  0)
   521776      4048   5512472  0.000  0.000   11.953    2.061    0    0  (Gen:  0)
   521664      6048   5514488  0.000  0.000   11.953    2.061    0    0  (Gen:  0)
   521664      5968   5514472  0.000  0.000   11.954    2.061    0    0  (Gen:  0)
   521352      4136   5514560  0.000  0.000   11.954    2.061    0    0  (Gen:  0)
   521456      3960   5514416  0.000  0.000   11.955    2.062    0    0  (Gen:  0)
   521712      4064   5514552  0.000  0.000   11.956    2.062    0    0  (Gen:  0)
   521528      4008   5514512  0.000  0.000   11.956    2.062    0    0  (Gen:  0)
   521648      4144   5514664  0.000  0.000   11.957    2.062    0    0  (Gen:  0)
   521536      4208   5514792  0.000  0.000   11.957    2.062    0    0  (Gen:  0)
   522040      4264   5514936  0.000  0.000   11.958    2.062    0    0  (Gen:  0)
   521544      3944   5514648  0.000  0.000   11.958    2.062    0    0  (Gen:  0)
   521912      4112   5514904  0.000  0.000   11.959    2.062    0    0  (Gen:  0)
   521384      6792   5517616  0.000  0.000   11.959    2.063    0    0  (Gen:  0)
   521584      6480   5517368  0.000  0.000   11.960    2.063    0    0  (Gen:  0)
   521552      3936   5517336  0.000  0.000   11.961    2.063    0    0  (Gen:  0)
   521616      4072   5517488  0.000  0.000   11.961    2.063    0    0  (Gen:  0)
   521360      4064   5517528  0.000  0.000   11.962    2.063    0    0  (Gen:  0)
   521712      4416   5517896  0.000  0.000   11.962    2.063    0    0  (Gen:  0)
   521624      4104   5517856  0.000  0.000   11.963    2.063    0    0  (Gen:  0)
   521600      4056   5517968  0.000  0.000   11.963    2.063    0    0  (Gen:  0)
   521432      4448   5518392  0.000  0.000   11.964    2.063    0    0  (Gen:  0)
   521712      4432   5518632  0.000  0.000   11.965    2.064    0    0  (Gen:  0)
   521664      4432   5518872  0.000  0.000   11.965    2.064    0    0  (Gen:  0)
   521504      7720   5522560  0.000  0.000   11.966    2.064    0    0  (Gen:  0)
   521760      6096   5522616  0.000  0.000   11.966    2.064    0    0  (Gen:  0)
   521680      4192   5522632  0.000  0.000   11.967    2.064    0    0  (Gen:  0)
   521440      4104   5522576  0.000  0.000   11.968    2.064    0    0  (Gen:  0)
   521312      4064   5522624  0.000  0.000   11.968    2.064    0    0  (Gen:  0)
   521824      5928   5524520  0.000  0.000   11.969    2.064    0    0  (Gen:  0)
   521824      4376   5524648  0.000  0.000   11.969    2.065    0    0  (Gen:  0)
   521704      4000   5524360  0.000  0.000   11.970    2.065    0    0  (Gen:  0)
   521752      4336   5524712  0.000  0.000   11.970    2.065    0    0  (Gen:  0)
   521208      4160   5524584  0.000  0.000   11.971    2.065    0    0  (Gen:  0)
   521440      4160   5524600  0.000  0.000   11.972    2.065    0    0  (Gen:  0)
   521848      6368   5526872  0.000  0.000   11.972    2.065    0    0  (Gen:  0)
   521384      6272   5526872  0.000  0.000   11.973    2.065    0    0  (Gen:  0)
   521640      5536   5528344  0.000  0.000   11.973    2.065    0    0  (Gen:  0)
   521680      3992   5528408  0.000  0.000   11.974    2.066    0    0  (Gen:  0)
   521848      4000   5528504  0.000  0.000   11.974    2.066    0    0  (Gen:  0)
   521568      4280   5528816  0.000  0.000   11.975    2.066    0    0  (Gen:  0)
   521616      4104   5528688  0.000  0.000   11.976    2.066    0    0  (Gen:  0)
   521808      3992   5528664  0.000  0.000   11.976    2.066    0    0  (Gen:  0)
   521792      4168   5528856  0.000  0.000   11.977    2.066    0    0  (Gen:  0)
   521800      3760   5528496  0.000  0.000   11.977    2.066    0    0  (Gen:  0)
   521448      6208   5530960  0.000  0.000   11.978    2.066    0    0  (Gen:  0)
   521776      6160   5530976  0.000  0.000   11.978    2.067    0    0  (Gen:  0)
   521696      4152   5531096  0.000  0.000   11.979    2.067    0    0  (Gen:  0)
   521536      4056   5531032  0.000  0.000   11.980    2.067    0    0  (Gen:  0)
   521488      4176   5531184  0.000  0.000   11.980    2.067    0    0  (Gen:  0)
   521672      4048   5531072  0.000  0.000   11.981    2.067    0    0  (Gen:  0)
   521616      6008   5533048  0.000  0.000   11.981    2.067    0    0  (Gen:  0)
   521264      4304   5533176  0.000  0.000   11.982    2.067    0    0  (Gen:  0)
   521584      4096   5533056  0.000  0.000   11.982    2.067    0    0  (Gen:  0)
   521680      4040   5533032  0.000  0.000   11.983    2.067    0    0  (Gen:  0)
   521800      4008   5533088  0.000  0.000   11.983    2.068    0    0  (Gen:  0)
   521648      6544   5535656  0.000  0.000   11.984    2.068    0    0  (Gen:  0)
   521592      6400   5535576  0.000  0.000   11.985    2.068    0    0  (Gen:  0)
   521552      3992   5535512  0.000  0.000   11.985    2.068    0    0  (Gen:  0)
   521576      4224   5535760  0.000  0.000   11.986    2.068    0    0  (Gen:  0)
   521480      4120   5535704  0.000  0.000   11.986    2.068    0    0  (Gen:  0)
   521720      4664   5536264  0.000  0.000   11.987    2.068    0    0  (Gen:  0)
   521600      4176   5536048  0.000  0.000   11.988    2.068    0    0  (Gen:  0)
   521592      4016   5536048  0.000  0.000   11.988    2.069    0    0  (Gen:  0)
   521416      4424   5536488  0.000  0.000   11.989    2.069    0    0  (Gen:  0)
   521744      4376   5536696  0.000  0.000   11.989    2.069    0    0  (Gen:  0)
   521624      4328   5536888  0.000  0.000   11.990    2.069    0    0  (Gen:  0)
   521400      7744   5540704  0.000  0.000   11.990    2.069    0    0  (Gen:  0)
   521736      6360   5540680  0.000  0.000   11.991    2.069    0    0  (Gen:  0)
   521760      4264   5540768  0.000  0.000   11.992    2.069    0    0  (Gen:  0)
   521544      4176   5540712  0.000  0.000   11.992    2.069    0    0  (Gen:  0)
   521456      4304   5540928  0.000  0.000   11.993    2.070    0    0  (Gen:  0)
   521656      6112   5542768  0.000  0.000   11.993    2.070    0    0  (Gen:  0)
   521592      3992   5542624  0.000  0.000   11.994    2.070    0    0  (Gen:  0)
   521528      3848   5542640  0.000  0.000   11.994    2.070    0    0  (Gen:  0)
   521784      4152   5542976  0.000  0.000   11.995    2.070    0    0  (Gen:  0)
   521736      4048   5542904  0.000  0.000   11.996    2.070    0    0  (Gen:  0)
   521704      3992   5542864  0.000  0.000   11.996    2.070    0    0  (Gen:  0)
   521560      6344   5545232  0.000  0.000   11.997    2.070    0    0  (Gen:  0)
   521472      6456   5545424  0.000  0.000   11.997    2.070    0    0  (Gen:  0)
   521560      4176   5545480  0.000  0.000   11.998    2.071    0    0  (Gen:  0)
   521568      4016   5545352  0.000  0.000   11.998    2.071    0    0  (Gen:  0)
   521608      4016   5545440  0.001  0.000   12.000    2.071    0    0  (Gen:  0)
   521440      6216   5547672  0.000  0.000   12.001    2.071    0    0  (Gen:  0)
   521600      4192   5547760  0.000  0.000   12.001    2.071    0    0  (Gen:  0)
   521496      3992   5547648  0.000  0.000   12.002    2.071    0    0  (Gen:  0)
   521576      4152   5547824  0.000  0.000   12.002    2.071    0    0  (Gen:  0)
   521768      4104   5547824  0.000  0.000   12.003    2.072    0    0  (Gen:  0)
   521544      6848   5550584  0.000  0.000   12.004    2.072    0    0  (Gen:  0)
   521600      6624   5550424  0.000  0.000   12.004    2.072    0    0  (Gen:  0)
   521600      4080   5550448  0.000  0.000   12.005    2.072    0    0  (Gen:  0)
   521408      4072   5550472  0.000  0.000   12.005    2.072    0    0  (Gen:  0)
   521192      4160   5550592  0.000  0.000   12.006    2.072    0    0  (Gen:  0)
   521536      3920   5550368  0.000  0.000   12.006    2.072    0    0  (Gen:  0)
   521744      4552   5551016  0.000  0.000   12.007    2.072    0    0  (Gen:  0)
   521720      4040   5550792  0.000  0.000   12.008    2.073    0    0  (Gen:  0)
   521688      4472   5551312  0.000  0.000   12.008    2.073    0    0  (Gen:  0)
   521576      4152   5551248  0.000  0.000   12.009    2.073    0    0  (Gen:  0)
   521480      4496   5551680  0.000  0.000   12.009    2.073    0    0  (Gen:  0)
   521424      7480   5555080  0.000  0.000   12.010    2.073    0    0  (Gen:  0)
   521768      5816   5555080  0.000  0.000   12.010    2.073    0    0  (Gen:  0)
   521784      4048   5554968  0.000  0.000   12.011    2.073    0    0  (Gen:  0)
   521432      4240   5555176  0.000  0.000   12.012    2.073    0    0  (Gen:  0)
   521536      4024   5555008  0.000  0.000   12.012    2.073    0    0  (Gen:  0)
   521624      4408   5555408  0.000  0.000   12.013    2.074    0    0  (Gen:  0)
   521896      4232   5555280  0.000  0.000   12.013    2.074    0    0  (Gen:  0)
   521568      4248   5555456  0.000  0.000   12.014    2.074    0    0  (Gen:  0)
   521912      4304   5555544  0.000  0.000   12.014    2.074    0    0  (Gen:  0)
   521720      4344   5555616  0.000  0.000   12.015    2.074    0    0  (Gen:  0)
   521800      3840   5555128  0.000  0.000   12.015    2.074    0    0  (Gen:  0)
   521584      5992   5557296  0.000  0.000   12.016    2.074    0    0  (Gen:  0)
   521568      6008   5557392  0.000  0.000   12.017    2.074    0    0  (Gen:  0)
   521520      3952   5557184  0.000  0.000   12.017    2.075    0    0  (Gen:  0)
   521472      4008   5557256  0.000  0.000   12.018    2.075    0    0  (Gen:  0)
   521504      4040   5557336  0.000  0.000   12.018    2.075    0    0  (Gen:  0)
   521624      4280   5557592  0.000  0.000   12.019    2.075    0    0  (Gen:  0)
   521736      4136   5557496  0.000  0.000   12.019    2.075    0    0  (Gen:  0)
   521560      4032   5557552  0.000  0.000   12.020    2.075    0    0  (Gen:  0)
   521904      4096   5557648  0.000  0.000   12.021    2.075    0    0  (Gen:  0)
   521832      3992   5557576  0.000  0.000   12.021    2.075    0    0  (Gen:  0)
   521552      3968   5557568  0.000  0.000   12.022    2.076    0    0  (Gen:  0)
   521584      6624   5560240  0.000  0.000   12.022    2.076    0    0  (Gen:  0)
   521416      6632   5560328  0.000  0.000   12.023    2.076    0    0  (Gen:  0)
   521592      4248   5560456  0.000  0.000   12.023    2.076    0    0  (Gen:  0)
   521664      4040   5560280  0.000  0.000   12.024    2.076    0    0  (Gen:  0)
   521384      4208   5560536  0.000  0.000   12.025    2.076    0    0  (Gen:  0)
   521664      4400   5560760  0.000  0.000   12.025    2.076    0    0  (Gen:  0)
   521752      4048   5560680  0.000  0.000   12.026    2.076    0    0  (Gen:  0)
   521368      3864   5560584  0.000  0.000   12.026    2.076    0    0  (Gen:  0)
   521696      4504   5561240  0.000  0.000   12.027    2.077    0    0  (Gen:  0)
   521640      4288   5561296  0.000  0.000   12.027    2.077    0    0  (Gen:  0)
   521472      8136   5565384  0.000  0.000   12.028    2.077    0    0  (Gen:  0)
   521776   2707064   2848248  0.007  0.001   12.036    2.078    0    0  (Gen:  1)
   521752      4112   2848360  0.000  0.000   12.036    2.078    0    0  (Gen:  0)
   521592      4208   2848488  0.000  0.000   12.037    2.078    0    0  (Gen:  0)
   521256      4128   2848440  0.000  0.000   12.037    2.078    0    0  (Gen:  0)
   521504      3920   2848248  0.000  0.000   12.038    2.078    0    0  (Gen:  0)
   521840      5944   2850288  0.000  0.000   12.039    2.078    0    0  (Gen:  0)
   521752      4192   2850232  0.000  0.000   12.039    2.078    0    0  (Gen:  0)
   521800      4280   2850408  0.000  0.000   12.040    2.079    0    0  (Gen:  0)
   521560      4176   2850336  0.000  0.000   12.040    2.079    0    0  (Gen:  0)
   521280      4064   2850312  0.000  0.000   12.041    2.079    0    0  (Gen:  0)
   521640      6584   2852864  0.000  0.000   12.042    2.079    0    0  (Gen:  0)
   521552      6576   2852920  0.000  0.000   12.042    2.079    0    0  (Gen:  0)
   521376      4520   2853160  0.000  0.000   12.043    2.079    0    0  (Gen:  0)
   521824      5312   2854296  0.000  0.000   12.043    2.079    0    0  (Gen:  0)
   521784      3976   2854264  0.000  0.000   12.044    2.080    0    0  (Gen:  0)
   521744      3832   2854136  0.000  0.000   12.044    2.080    0    0  (Gen:  0)
   521568      4256   2854576  0.000  0.000   12.045    2.080    0    0  (Gen:  0)
   521640      4120   2854504  0.000  0.000   12.045    2.080    0    0  (Gen:  0)
   521888      3960   2854432  0.000  0.000   12.046    2.080    0    0  (Gen:  0)
   521680      3992   2854496  0.001  0.000   12.047    2.080    0    0  (Gen:  0)
   521848      4000   2854592  0.001  0.000   12.048    2.081    0    0  (Gen:  0)
   521400      6224   2856848  0.001  0.000   12.049    2.081    0    0  (Gen:  0)
   521768      6184   2856872  0.001  0.000   12.050    2.081    0    0  (Gen:  0)
   521640      3880   2856624  0.001  0.000   12.052    2.081    0    0  (Gen:  0)
   521680      4008   2856768  0.001  0.000   12.053    2.081    0    0  (Gen:  0)
   521424      4096   2856904  0.000  0.000   12.053    2.081    0    0  (Gen:  0)
   521832      6096   2858920  0.001  0.000   12.054    2.082    0    0  (Gen:  0)
   521248      4160   2858800  0.000  0.000   12.055    2.082    0    0  (Gen:  0)
   521448      4072   2858872  0.000  0.000   12.055    2.082    0    0  (Gen:  0)
   521568      4184   2859016  0.000  0.000   12.056    2.082    0    0  (Gen:  0)
   521792      4232   2859096  0.000  0.000   12.057    2.082    0    0  (Gen:  0)
   521680      3976   2858856  0.000  0.000   12.057    2.082    0    0  (Gen:  0)
   521592      6416   2861312  0.000  0.000   12.058    2.082    0    0  (Gen:  0)
   521616      6352   2861328  0.000  0.000   12.058    2.082    0    0  (Gen:  0)
   521600      4280   2861600  0.000  0.000   12.059    2.083    0    0  (Gen:  0)
   521536      3920   2861272  0.000  0.000   12.059    2.083    0    0  (Gen:  0)
   521544      4136   2861576  0.000  0.000   12.060    2.083    0    0  (Gen:  0)
   521640      4512   2861976  0.000  0.000   12.060    2.083    0    0  (Gen:  0)
   521672      4184   2861864  0.000  0.000   12.061    2.083    0    0  (Gen:  0)
   521400      4048   2861880  0.000  0.000   12.062    2.083    0    0  (Gen:  0)
   521640      4456   2862296  0.000  0.000   12.062    2.083    0    0  (Gen:  0)
   521744      4360   2862416  0.000  0.000   12.063    2.083    0    0  (Gen:  0)
   521480      8064   2866360  0.000  0.000   12.063    2.083    0    0  (Gen:  0)
   521600      6344   2866304  0.000  0.000   12.064    2.084    0    0  (Gen:  0)
   521744      4064   2866280  0.000  0.000   12.064    2.084    0    0  (Gen:  0)
   521632      4136   2866384  0.000  0.000   12.065    2.084    0    0  (Gen:  0)
   521640      4288   2866568  0.000  0.000   12.065    2.084    0    0  (Gen:  0)
   521344      4024   2866320  0.000  0.000   12.066    2.084    0    0  (Gen:  0)
   521632      6256   2868568  0.000  0.000   12.067    2.084    0    0  (Gen:  0)
   521472      4248   2868552  0.000  0.000   12.067    2.084    0    0  (Gen:  0)
   521776      4432   2868824  0.000  0.000   12.068    2.084    0    0  (Gen:  0)
   521744      4272   2868696  0.000  0.000   12.068    2.085    0    0  (Gen:  0)
   521752      3944   2868456  0.000  0.000   12.069    2.085    0    0  (Gen:  0)
   521576      6488   2871032  0.000  0.000   12.069    2.085    0    0  (Gen:  0)
   521592      6296   2870904  0.000  0.000   12.070    2.085    0    0  (Gen:  0)
   521520      4136   2871152  0.000  0.000   12.070    2.085    0    0  (Gen:  0)
   521424      4024   2871072  0.000  0.000   12.071    2.085    0    0  (Gen:  0)
   521576      3992   2871072  0.000  0.000   12.072    2.085    0    0  (Gen:  0)
   521648      3976   2871072  0.000  0.000   12.072    2.085    0    0  (Gen:  0)
   521568      6376   2873488  0.000  0.000   12.073    2.086    0    0  (Gen:  0)
   521360      3872   2873112  0.000  0.000   12.073    2.086    0    0  (Gen:  0)
   521600      4208   2873536  0.000  0.000   12.074    2.086    0    0  (Gen:  0)
   521792      3968   2873328  0.000  0.000   12.074    2.086    0    0  (Gen:  0)
   521688      4120   2873568  0.000  0.000   12.075    2.086    0    0  (Gen:  0)
   521456      6608   2876088  0.000  0.000   12.075    2.086    0    0  (Gen:  0)
   521760      6672   2876216  0.000  0.000   12.076    2.086    0    0  (Gen:  0)
   521336      4080   2876120  0.000  0.000   12.076    2.086    0    0  (Gen:  0)
   521376      4128   2876184  0.000  0.000   12.077    2.086    0    0  (Gen:  0)
   521240      4176   2876280  0.000  0.000   12.078    2.087    0    0  (Gen:  0)
   521784      4320   2876432  0.000  0.000   12.078    2.087    0    0  (Gen:  0)
   521608      4160   2876488  0.000  0.000   12.079    2.087    0    0  (Gen:  0)
   521840      3920   2876472  0.000  0.000   12.079    2.087    0    0  (Gen:  0)
   521480      4360   2876944  0.000  0.000   12.080    2.087    0    0  (Gen:  0)
   521632      4328   2877168  0.000  0.000   12.080    2.087    0    0  (Gen:  0)
   521568      4416   2877488  0.000  0.000   12.081    2.087    0    0  (Gen:  0)
   521464      7368   2880784  0.000  0.000   12.081    2.087    0    0  (Gen:  0)
   521664      5832   2880768  0.000  0.000   12.082    2.088    0    0  (Gen:  0)
   521776      4144   2880736  0.000  0.000   12.082    2.088    0    0  (Gen:  0)
   521384      4120   2880744  0.000  0.000   12.083    2.088    0    0  (Gen:  0)
   521720      3976   2880688  0.000  0.000   12.084    2.088    0    0  (Gen:  0)
   521624      4200   2880944  0.000  0.000   12.084    2.088    0    0  (Gen:  0)
   521872      4264   2881056  0.000  0.000   12.085    2.088    0    0  (Gen:  0)
   521576      4048   2880928  0.000  0.000   12.085    2.088    0    0  (Gen:  0)
   521832      4176   2881072  0.000  0.000   12.086    2.088    0    0  (Gen:  0)
   521776      4176   2881120  0.000  0.000   12.086    2.088    0    0  (Gen:  0)
   521648      6344   2883304  0.000  0.000   12.087    2.089    0    0  (Gen:  0)
   521696      5672   2882696  0.000  0.000   12.087    2.089    0    0  (Gen:  0)
   521392      4000   2882944  0.000  0.000   12.088    2.089    0    0  (Gen:  0)
   521568      4168   2883144  0.000  0.000   12.088    2.089    0    0  (Gen:  0)
   521600      3976   2882984  0.000  0.000   12.089    2.089    0    0  (Gen:  0)
   521496      3936   2883032  0.000  0.000   12.089    2.089    0    0  (Gen:  0)
   521608      4296   2883424  0.000  0.000   12.090    2.089    0    0  (Gen:  0)
   521664      4096   2883272  0.000  0.000   12.091    2.089    0    0  (Gen:  0)
   521792      3936   2883200  0.000  0.000   12.091    2.090    0    0  (Gen:  0)
   521808      4184   2883464  0.000  0.000   12.092    2.090    0    0  (Gen:  0)
   521784      4104   2883432  0.000  0.000   12.092    2.090    0    0  (Gen:  0)
   521552      6680   2886024  0.000  0.000   12.093    2.090    0    0  (Gen:  0)
   521528      6576   2885984  0.000  0.000   12.093    2.090    0    0  (Gen:  0)
   521568      4192   2886184  0.000  0.000   12.094    2.090    0    0  (Gen:  0)
   521432      4064   2886088  0.000  0.000   12.094    2.090    0    0  (Gen:  0)
   521600      4120   2886176  0.000  0.000   12.095    2.090    0    0  (Gen:  0)
   521496      3992   2886064  0.000  0.000   12.095    2.090    0    0  (Gen:  0)
   521728      4456   2886536  0.000  0.000   12.096    2.091    0    0  (Gen:  0)
   521736      4200   2886512  0.000  0.000   12.097    2.091    0    0  (Gen:  0)
   521288      4424   2886880  0.000  0.000   12.097    2.091    0    0  (Gen:  0)
   521728      4200   2886856  0.000  0.000   12.098    2.091    0    0  (Gen:  0)
   521656      4584   2887384  0.000  0.000   12.098    2.091    0    0  (Gen:  0)
   521520      7776   2890936  0.000  0.000   12.099    2.091    0    0  (Gen:  0)
   521800      5992   2890976  0.000  0.000   12.099    2.091    0    0  (Gen:  0)
   521736      4104   2891008  0.000  0.000   12.100    2.091    0    0  (Gen:  0)
   521408      4144   2891064  0.000  0.000   12.100    2.092    0    0  (Gen:  0)
   521288      4048   2891016  0.000  0.000   12.101    2.092    0    0  (Gen:  0)
   521680      5872   2892856  0.000  0.000   12.101    2.092    0    0  (Gen:  0)
   521848      4208   2892872  0.000  0.000   12.102    2.092    0    0  (Gen:  0)
   521736      4208   2893032  0.000  0.000   12.103    2.092    0    0  (Gen:  0)
   521872      4160   2893016  0.000  0.000   12.103    2.092    0    0  (Gen:  0)
   521256      4152   2893040  0.000  0.000   12.104    2.092    0    0  (Gen:  0)
   521368      3952   2892856  0.000  0.000   12.104    2.092    0    0  (Gen:  0)
   521768      6600   2895520  0.000  0.000   12.105    2.093    0    0  (Gen:  0)
   521504      6216   2895216  0.000  0.000   12.105    2.093    0    0  (Gen:  0)
   521472      5928   2897232  0.000  0.000   12.106    2.093    0    0  (Gen:  0)
   521768      4072   2896984  0.000  0.000   12.106    2.093    0    0  (Gen:  0)
   521736      4192   2897192  0.000  0.000   12.107    2.093    0    0  (Gen:  0)
   521568      4392   2897424  0.000  0.000   12.107    2.093    0    0  (Gen:  0)
   521800      4112   2897192  0.000  0.000   12.108    2.093    0    0  (Gen:  0)
   521648      3864   2897032  0.000  0.000   12.109    2.093    0    0  (Gen:  0)
   521840      4056   2897240  0.000  0.000   12.109    2.093    0    0  (Gen:  0)
   521784      3976   2897208  0.000  0.000   12.110    2.094    0    0  (Gen:  0)
   521552      3896   2897144  0.000  0.000   12.110    2.094    0    0  (Gen:  0)
   521624      6200   2899464  0.000  0.000   12.111    2.094    0    0  (Gen:  0)
   521744      6080   2899424  0.000  0.000   12.111    2.094    0    0  (Gen:  0)
   521584      4120   2899520  0.000  0.000   12.112    2.094    0    0  (Gen:  0)
   521640      4032   2899464  0.000  0.000   12.112    2.094    0    0  (Gen:  0)
   521536      4152   2899672  0.000  0.000   12.113    2.094    0    0  (Gen:  0)
   521760      5872   2901424  0.000  0.000   12.114    2.094    0    0  (Gen:  0)
   521192      4176   2901544  0.000  0.000   12.114    2.095    0    0  (Gen:  0)
   521528      4024   2901480  0.000  0.000   12.115    2.095    0    0  (Gen:  0)
   521560      4072   2901544  0.000  0.000   12.115    2.095    0    0  (Gen:  0)
   521888      4056   2901576  0.000  0.000   12.116    2.095    0    0  (Gen:  0)
   521696      6528   2904064  0.000  0.000   12.116    2.095    0    0  (Gen:  0)
   521528      6424   2904024  0.000  0.000   12.117    2.095    0    0  (Gen:  0)
   521568      4208   2904224  0.000  0.000   12.117    2.095    0    0  (Gen:  0)
   521552      4120   2904168  0.000  0.000   12.118    2.095    0    0  (Gen:  0)
   521600      4176   2904256  0.000  0.000   12.118    2.095    0    0  (Gen:  0)
   521496      4048   2904144  0.000  0.000   12.119    2.096    0    0  (Gen:  0)
   521640      4464   2904568  0.000  0.000   12.119    2.096    0    0  (Gen:  0)
   521784      4120   2904456  0.000  0.000   12.120    2.096    0    0  (Gen:  0)
   521264      4336   2904816  0.000  0.000   12.121    2.096    0    0  (Gen:  0)
   521776      4184   2904864  0.000  0.000   12.121    2.096    0    0  (Gen:  0)
   521664      4472   2905296  0.000  0.000   12.122    2.096    0    0  (Gen:  0)
   521400      7752   2908936  0.000  0.000   12.122    2.096    0    0  (Gen:  0)
   521784      6328   2909016  0.000  0.000   12.123    2.096    0    0  (Gen:  0)
   521712      4048   2908920  0.000  0.000   12.123    2.097    0    0  (Gen:  0)
   521624      4032   2908920  0.000  0.000   12.124    2.097    0    0  (Gen:  0)
   521400      3976   2908912  0.000  0.000   12.124    2.097    0    0  (Gen:  0)
   521552      6264   2911216  0.000  0.000   12.125    2.097    0    0  (Gen:  0)
   521672      4232   2911160  0.000  0.000   12.125    2.097    0    0  (Gen:  0)
   521408      4176   2911264  0.000  0.000   12.126    2.097    0    0  (Gen:  0)
   521800      4184   2911304  0.000  0.000   12.127    2.097    0    0  (Gen:  0)
   521848      4232   2911384  0.000  0.000   12.127    2.097    0    0  (Gen:  0)
   521672      4136   2911304  0.000  0.000   12.128    2.098    0    0  (Gen:  0)
   521472      6672   2913856  0.000  0.000   12.128    2.098    0    0  (Gen:  0)
   521488      6160   2913424  0.000  0.000   12.129    2.098    0    0  (Gen:  0)
   521736      3824   2913424  0.000  0.000   12.129    2.098    0    0  (Gen:  0)
   521400      4040   2913656  0.000  0.000   12.130    2.098    0    0  (Gen:  0)
   521568      4008   2913672  0.000  0.000   12.130    2.098    0    0  (Gen:  0)
   521592      6256   2915936  0.000  0.000   12.131    2.098    0    0  (Gen:  0)
   521632      4080   2915872  0.000  0.000   12.132    2.098    0    0  (Gen:  0)
   521424      3984   2915936  0.000  0.000   12.132    2.098    0    0  (Gen:  0)
   521536      4184   2916168  0.000  0.000   12.133    2.099    0    0  (Gen:  0)
   521744      4048   2916064  0.000  0.000   12.133    2.099    0    0  (Gen:  0)
   521720      4080   2916112  0.000  0.000   12.134    2.099    0    0  (Gen:  0)
   521472      6624   2918672  0.000  0.000   12.134    2.099    0    0  (Gen:  0)
   521744      6544   2918672  0.000  0.000   12.135    2.099    0    0  (Gen:  0)
   521288      4200   2918824  0.000  0.000   12.135    2.099    0    0  (Gen:  0)
   521248      3920   2918576  0.000  0.000   12.136    2.099    0    0  (Gen:  0)
   521456      4176   2918920  0.000  0.000   12.136    2.099    0    0  (Gen:  0)
   521672      4512   2919280  0.000  0.000   12.137    2.100    0    0  (Gen:  0)
   521760      4384   2919368  0.000  0.000   12.137    2.100    0    0  (Gen:  0)
   521696      3944   2919080  0.000  0.000   12.138    2.100    0    0  (Gen:  0)
   521512      4544   2919688  0.000  0.000   12.139    2.100    0    0  (Gen:  0)
   521544      4392   2919808  0.000  0.000   12.139    2.100    0    0  (Gen:  0)
   521552      7608   2923208  0.000  0.000   12.140    2.100    0    0  (Gen:  0)
   521584      5744   2923168  0.000  0.000   12.140    2.100    0    0  (Gen:  0)
   521776      3984   2923136  0.000  0.000   12.141    2.100    0    0  (Gen:  0)
   521488      4208   2923392  0.000  0.000   12.141    2.100    0    0  (Gen:  0)
   521576      4088   2923304  0.000  0.000   12.142    2.101    0    0  (Gen:  0)
   521640      4016   2923248  0.000  0.000   12.142    2.101    0    0  (Gen:  0)
   521728      4384   2923632  0.000  0.000   12.143    2.101    0    0  (Gen:  0)
   521728      4232   2923544  0.000  0.000   12.143    2.101    0    0  (Gen:  0)
   521872      4168   2923568  0.000  0.000   12.144    2.101    0    0  (Gen:  0)
   521728      4024   2923456  0.000  0.000   12.145    2.101    0    0  (Gen:  0)
   521720      4168   2923688  0.000  0.000   12.145    2.101    0    0  (Gen:  0)
   521688      5984   2925536  0.001  0.000   12.147    2.102    0    0  (Gen:  0)
   521664      5968   2925584  0.000  0.000   12.147    2.102    0    0  (Gen:  0)
   521360      4120   2925584  0.000  0.000   12.148    2.102    0    0  (Gen:  0)
   521528      4240   2925720  0.000  0.000   12.148    2.102    0    0  (Gen:  0)
   521608      4032   2925560  0.000  0.000   12.149    2.102    0    0  (Gen:  0)
   521584      4360   2925904  0.000  0.000   12.149    2.102    0    0  (Gen:  0)
   521608      4072   2925664  0.000  0.000   12.150    2.102    0    0  (Gen:  0)
   521608      3968   2925720  0.000  0.000   12.151    2.102    0    0  (Gen:  0)
   521896      4152   2925936  0.000  0.000   12.151    2.102    0    0  (Gen:  0)
   521728      3968   2925784  0.000  0.000   12.152    2.103    0    0  (Gen:  0)
   521792      4064   2925968  0.000  0.000   12.152    2.103    0    0  (Gen:  0)
   521360      6656   2928592  0.000  0.000   12.153    2.103    0    0  (Gen:  0)
   521560      6520   2928520  0.000  0.000   12.153    2.103    0    0  (Gen:  0)
   521664      3992   2928504  0.000  0.000   12.154    2.103    0    0  (Gen:  0)
   521496      4224   2928752  0.000  0.000   12.154    2.103    0    0  (Gen:  0)
   521360      3800   2928376  0.000  0.000   12.155    2.103    0    0  (Gen:  0)
   521832      4504   2929088  0.000  0.000   12.155    2.103    0    0  (Gen:  0)
   521560      4200   2929000  0.000  0.000   12.156    2.104    0    0  (Gen:  0)
   521592      4064   2929088  0.000  0.000   12.157    2.104    0    0  (Gen:  0)
   521544      4400   2929448  0.000  0.000   12.157    2.104    0    0  (Gen:  0)
   521648      4376   2929616  0.000  0.000   12.158    2.104    0    0  (Gen:  0)
   521544      4576   2929992  0.000  0.000   12.158    2.104    0    0  (Gen:  0)
   521624      7640   2933560  0.000  0.000   12.159    2.104    0    0  (Gen:  0)
   521808      5976   2933416  0.000  0.000   12.159    2.104    0    0  (Gen:  0)
   521616      4064   2933424  0.000  0.000   12.160    2.104    0    0  (Gen:  0)
   521368      3936   2933328  0.000  0.000   12.160    2.105    0    0  (Gen:  0)
   521384      4064   2933544  0.000  0.000   12.161    2.105    0    0  (Gen:  0)
   521760      5944   2935456  0.000  0.000   12.162    2.105    0    0  (Gen:  0)
   521920      4288   2935480  0.000  0.000   12.162    2.105    0    0  (Gen:  0)
   521656      3936   2935216  0.000  0.000   12.163    2.105    0    0  (Gen:  0)
   521720      4168   2935464  0.000  0.000   12.163    2.105    0    0  (Gen:  0)
   521304      4032   2935376  0.000  0.000   12.164    2.105    0    0  (Gen:  0)
   521424      6552   2937912  0.000  0.000   12.164    2.105    0    0  (Gen:  0)
   521768      6368   2937792  0.000  0.000   12.165    2.105    0    0  (Gen:  0)
   521400      4448   2938256  0.000  0.000   12.165    2.106    0    0  (Gen:  0)
   521648      5624   2939792  0.000  0.000   12.166    2.106    0    0  (Gen:  0)
   521768      4072   2939688  0.000  0.000   12.167    2.106    0    0  (Gen:  0)
   521792      4088   2939720  0.000  0.000   12.167    2.106    0    0  (Gen:  0)
   521536      4368   2940016  0.000  0.000   12.168    2.106    0    0  (Gen:  0)
   521656      4232   2939944  0.000  0.000   12.168    2.106    0    0  (Gen:  0)
   521864      4352   2940152  0.000  0.000   12.169    2.106    0    0  (Gen:  0)
   521768      4072   2939904  0.000  0.000   12.169    2.106    0    0  (Gen:  0)
   521736      4192   2940112  0.000  0.000   12.170    2.107    0    0  (Gen:  0)
   521464      6080   2942032  0.000  0.000   12.170    2.107    0    0  (Gen:  0)
   521792      5888   2941904  0.000  0.000   12.171    2.107    0    0  (Gen:  0)
   521696      4056   2942200  0.000  0.000   12.171    2.107    0    0  (Gen:  0)
   521496      4152   2942328  0.000  0.000   12.172    2.107    0    0  (Gen:  0)
   521520      4032   2942240  0.000  0.000   12.172    2.107    0    0  (Gen:  0)
   521728      3904   2942128  0.000  0.000   12.173    2.107    0    0  (Gen:  0)
   521552      5928   2944168  0.000  0.000   12.174    2.107    0    0  (Gen:  0)
   521216      4192   2944264  0.000  0.000   12.174    2.108    0    0  (Gen:  0)
   521576      4120   2944280  0.000  0.000   12.175    2.108    0    0  (Gen:  0)
   521808      4064   2944256  0.000  0.000   12.176    2.108    0    0  (Gen:  0)
   521776      4152   2944432  0.000  0.000   12.176    2.108    0    0  (Gen:  0)
   521496      6384   2946696  0.000  0.000   12.177    2.108    0    0  (Gen:  0)
   521688      6424   2946800  0.000  0.000   12.177    2.108    0    0  (Gen:  0)
   521544      4024   2946744  0.000  0.000   12.178    2.108    0    0  (Gen:  0)
   521624      4136   2946872  0.000  0.000   12.178    2.108    0    0  (Gen:  0)
   521400      3872   2946656  0.000  0.000   12.179    2.108    0    0  (Gen:  0)
   521736      4600   2947392  0.000  0.000   12.179    2.109    0    0  (Gen:  0)
   521608      4232   2947240  0.000  0.000   12.180    2.109    0    0  (Gen:  0)
   521560      4040   2947272  0.000  0.000   12.180    2.109    0    0  (Gen:  0)
   521544      4544   2947800  0.000  0.000   12.181    2.109    0    0  (Gen:  0)
   521680      4480   2947992  0.000  0.000   12.182    2.109    0    0  (Gen:  0)
   521552      4272   2948024  0.000  0.000   12.182    2.109    0    0  (Gen:  0)
   521496      7608   2951704  0.000  0.000   12.183    2.109    0    0  (Gen:  0)
   521800      6288   2951744  0.000  0.000   12.183    2.109    0    0  (Gen:  0)
   521672      4224   2951864  0.000  0.000   12.184    2.110    0    0  (Gen:  0)
   521544      4136   2951808  0.000  0.000   12.185    2.110    0    0  (Gen:  0)
   521464      4208   2951968  0.000  0.000   12.185    2.110    0    0  (Gen:  0)
   521576      6280   2954072  0.000  0.000   12.186    2.110    0    0  (Gen:  0)
   521608      4056   2953824  0.000  0.000   12.186    2.110    0    0  (Gen:  0)
   521624      4008   2953864  0.000  0.000   12.187    2.110    0    0  (Gen:  0)
   521720      4200   2954072  0.000  0.000   12.187    2.110    0    0  (Gen:  0)
   521776      4120   2954040  0.000  0.000   12.188    2.110    0    0  (Gen:  0)
   521608      6496   2956432  0.000  0.000   12.188    2.111    0    0  (Gen:  0)
   521592      6424   2956424  0.000  0.000   12.189    2.111    0    0  (Gen:  0)
   521488      4168   2956576  0.000  0.000   12.190    2.111    0    0  (Gen:  0)
   521568      4336   2956776  0.000  0.000   12.190    2.111    0    0  (Gen:  0)
   521552      4144   2956616  0.000  0.000   12.191    2.111    0    0  (Gen:  0)
   521592      4072   2956560  0.000  0.000   12.191    2.111    0    0  (Gen:  0)
   521552      6264   2958768  0.000  0.000   12.192    2.111    0    0  (Gen:  0)
   521504      4120   2958752  0.000  0.000   12.192    2.111    0    0  (Gen:  0)
   521576      3864   2958584  0.000  0.000   12.193    2.111    0    0  (Gen:  0)
   521568      4184   2958920  0.000  0.000   12.193    2.112    0    0  (Gen:  0)
   521744      4008   2958792  0.000  0.000   12.194    2.112    0    0  (Gen:  0)
   521544      6752   2961552  0.000  0.000   12.194    2.112    0    0  (Gen:  0)
   521600      6400   2961264  0.000  0.000   12.195    2.112    0    0  (Gen:  0)
   521544      4136   2961568  0.000  0.000   12.196    2.112    0    0  (Gen:  0)
   521456      4192   2961656  0.001  0.000   12.197    2.112    0    0  (Gen:  0)
   521200      3984   2961480  0.001  0.000   12.197    2.112    0    0  (Gen:  0)
   521528      3984   2961496  0.000  0.000   12.198    2.113    0    0  (Gen:  0)
   521720      4552   2962080  0.001  0.000   12.199    2.113    0    0  (Gen:  0)
   521792      4024   2961840  0.001  0.000   12.200    2.113    0    0  (Gen:  0)
   521648      4472   2962368  0.001  0.000   12.201    2.113    0    0  (Gen:  0)
   521472      4168   2962264  0.000  0.000   12.202    2.113    0    0  (Gen:  0)
   521544      4456   2962696  0.000  0.000   12.202    2.113    0    0  (Gen:  0)
   521448      7392   2965992  0.000  0.000   12.203    2.113    0    0  (Gen:  0)
   521792      5688   2965952  0.000  0.000   12.204    2.114    0    0  (Gen:  0)
   521720      3976   2965896  0.000  0.000   12.204    2.114    0    0  (Gen:  0)
   521504      4168   2966104  0.000  0.000   12.205    2.114    0    0  (Gen:  0)
   521488      4024   2966008  0.000  0.000   12.205    2.114    0    0  (Gen:  0)
   521640      4224   2966224  0.000  0.000   12.206    2.114    0    0  (Gen:  0)
   521912      4088   2966136  0.000  0.000   12.206    2.114    0    0  (Gen:  0)
   521568      4152   2966360  0.000  0.000   12.207    2.114    0    0  (Gen:  0)
   521920      4224   2966464  0.000  0.000   12.207    2.114    0    0  (Gen:  0)
   521728      4232   2966504  0.000  0.000   12.208    2.114    0    0  (Gen:  0)
   521680      3976   2966264  0.000  0.000   12.208    2.115    0    0  (Gen:  0)
   521760      6000   2968304  0.000  0.000   12.209    2.115    0    0  (Gen:  0)
   521440      5808   2968192  0.000  0.000   12.209    2.115    0    0  (Gen:  0)
   521552      4304   2968536  0.000  0.000   12.210    2.115    0    0  (Gen:  0)
   521496      4136   2968400  0.000  0.000   12.211    2.115    0    0  (Gen:  0)
   521472      3944   2968296  0.000  0.000   12.211    2.115    0    0  (Gen:  0)
   521608      4328   2968712  0.000  0.000   12.212    2.115    0    0  (Gen:  0)
   521792      4360   2968792  0.000  0.000   12.212    2.115    0    0  (Gen:  0)
   521616      4048   2968568  0.000  0.000   12.213    2.116    0    0  (Gen:  0)
   521864      4320   2968856  0.000  0.000   12.213    2.116    0    0  (Gen:  0)
   521720      4216   2968800  0.000  0.000   12.214    2.116    0    0  (Gen:  0)
   521640      3648   2968240  0.000  0.000   12.214    2.116    0    0  (Gen:  0)
   521480      6536   2971136  0.000  0.000   12.215    2.116    0    0  (Gen:  0)
   521520      6536   2971200  0.000  0.000   12.215    2.116    0    0  (Gen:  0)
   521592      4104   2971280  0.000  0.000   12.216    2.116    0    0  (Gen:  0)
   521632      4008   2971216  0.000  0.000   12.216    2.116    0    0  (Gen:  0)
   521424      3984   2971280  0.000  0.000   12.217    2.117    0    0  (Gen:  0)
   521664      4448   2971768  0.000  0.000   12.218    2.117    0    0  (Gen:  0)
   521792      4344   2971880  0.000  0.000   12.218    2.117    0    0  (Gen:  0)
   521224      4048   2971736  0.000  0.000   12.219    2.117    0    0  (Gen:  0)
   521776      4096   2971792  0.000  0.000   12.219    2.117    0    0  (Gen:  0)
   521752      4312   2972208  0.000  0.000   12.220    2.117    0    0  (Gen:  0)
   521432      8160   2976280  0.000  0.000   12.220    2.117    0    0  (Gen:  0)
   521752      5912   2976016  0.000  0.000   12.221    2.117    0    0  (Gen:  0)
   521760      4152   2976248  0.000  0.000   12.221    2.117    0    0  (Gen:  0)
   521560      4152   2976280  0.000  0.000   12.222    2.118    0    0  (Gen:  0)
   521184      4120   2976280  0.000  0.000   12.222    2.118    0    0  (Gen:  0)
   521544      4048   2976224  0.000  0.000   12.223    2.118    0    0  (Gen:  0)
   521856      5736   2977928  0.000  0.000   12.224    2.118    0    0  (Gen:  0)
   521784      4096   2977984  0.000  0.000   12.224    2.118    0    0  (Gen:  0)
   521872      4136   2978112  0.000  0.000   12.225    2.118    0    0  (Gen:  0)
   521360      4064   2978072  0.000  0.000   12.225    2.118    0    0  (Gen:  0)
   521376      4024   2978120  0.000  0.000   12.226    2.118    0    0  (Gen:  0)
   521672      6488   2980616  0.000  0.000   12.226    2.119    0    0  (Gen:  0)
   521560      6448   2980640  0.000  0.000   12.227    2.119    0    0  (Gen:  0)
   521352      4264   2980752  0.000  0.000   12.227    2.119    0    0  (Gen:  0)
   521832      5552   2982384  0.000  0.000   12.228    2.119    0    0  (Gen:  0)
   521672      4072   2982208  0.000  0.000   12.228    2.119    0    0  (Gen:  0)
   521848      4312   2982464  0.000  0.000   12.229    2.119    0    0  (Gen:  0)
   521568      4136   2982336  0.000  0.000   12.230    2.119    0    0  (Gen:  0)
   521568      4176   2982536  0.000  0.000   12.230    2.119    0    0  (Gen:  0)
   521912      4208   2982600  0.000  0.000   12.231    2.119    0    0  (Gen:  0)
   521768      4072   2982496  0.000  0.000   12.231    2.120    0    0  (Gen:  0)
   521776      4104   2982544  0.000  0.000   12.232    2.120    0    0  (Gen:  0)
   521424      6368   2984824  0.000  0.000   12.232    2.120    0    0  (Gen:  0)
   521776      6232   2984768  0.000  0.000   12.233    2.120    0    0  (Gen:  0)
   521720      4248   2984840  0.000  0.000   12.233    2.120    0    0  (Gen:  0)
   521528      4176   2984800  0.000  0.000   12.234    2.120    0    0  (Gen:  0)
   521472      3856   2984568  0.000  0.000   12.235    2.120    0    0  (Gen:  0)
   521800      6024   2986768  0.000  0.000   12.235    2.120    0    0  (Gen:  0)
   521272      4040   2986600  0.000  0.000   12.236    2.121    0    0  (Gen:  0)
   521472      4040   2986760  0.000  0.000   12.236    2.121    0    0  (Gen:  0)
   521552      4136   2986888  0.000  0.000   12.237    2.121    0    0  (Gen:  0)
   521776      3944   2986728  0.000  0.000   12.237    2.121    0    0  (Gen:  0)
   521696      3848   2986648  0.000  0.000   12.238    2.121    0    0  (Gen:  0)
   521584      6440   2989256  0.000  0.000   12.238    2.121    0    0  (Gen:  0)
   521520      6248   2989144  0.000  0.000   12.239    2.121    0    0  (Gen:  0)
   521616      4160   2989400  0.000  0.000   12.239    2.121    0    0  (Gen:  0)
   521656      3936   2989208  0.000  0.000   12.240    2.122    0    0  (Gen:  0)
   521480      3952   2989312  0.000  0.000   12.241    2.122    0    0  (Gen:  0)
   521632      4440   2989824  0.000  0.000   12.241    2.122    0    0  (Gen:  0)
   521824      4248   2989848  0.000  0.000   12.242    2.122    0    0  (Gen:  0)
   521248      3848   2989600  0.000  0.000   12.242    2.122    0    0  (Gen:  0)
   521784      4416   2990184  0.000  0.000   12.243    2.122    0    0  (Gen:  0)
   521672      4304   2990344  0.000  0.000   12.243    2.122    0    0  (Gen:  0)
   521360      8176   2994456  0.000  0.000   12.244    2.122    0    0  (Gen:  0)
   521704      6168   2994112  0.000  0.000   12.244    2.122    0    0  (Gen:  0)
   521776      3936   2994136  0.000  0.000   12.245    2.123    0    0  (Gen:  0)
   521584      4056   2994288  0.000  0.000   12.245    2.123    0    0  (Gen:  0)
   521568      4120   2994384  0.000  0.000   12.246    2.123    0    0  (Gen:  0)
   521376      3992   2994272  0.000  0.000   12.246    2.123    0    0  (Gen:  0)
   521680      6112   2996408  0.000  0.000   12.247    2.123    0    0  (Gen:  0)
   521472      4208   2996496  0.000  0.000   12.248    2.123    0    0  (Gen:  0)
   521720      4296   2996672  0.000  0.000   12.248    2.123    0    0  (Gen:  0)
   521816      4016   2996424  0.000  0.000   12.249    2.123    0    0  (Gen:  0)
   521776      4168   2996664  0.000  0.000   12.249    2.124    0    0  (Gen:  0)
   521456      6560   2999088  0.000  0.000   12.250    2.124    0    0  (Gen:  0)
   521624      6408   2999000  0.000  0.000   12.250    2.124    0    0  (Gen:  0)
   521592      4016   2998944  0.000  0.000   12.251    2.124    0    0  (Gen:  0)
   521472      4256   2999200  0.000  0.000   12.251    2.124    0    0  (Gen:  0)
   521544      4152   2999144  0.000  0.000   12.252    2.124    0    0  (Gen:  0)
   521560      6416   3001424  0.000  0.000   12.253    2.124    0    0  (Gen:  0)
   521600      4248   3001368  0.000  0.000   12.253    2.124    0    0  (Gen:  0)
   521448      4264   3001544  0.000  0.000   12.254    2.124    0    0  (Gen:  0)
   521504      4264   3001576  0.000  0.000   12.254    2.125    0    0  (Gen:  0)
   521824      4256   3001600  0.000  0.000   12.255    2.125    0    0  (Gen:  0)
   521680      3912   3001272  0.000  0.000   12.255    2.125    0    0  (Gen:  0)
   521464      6568   3003944  0.000  0.000   12.256    2.125    0    0  (Gen:  0)
   521752      6440   3003896  0.000  0.000   12.256    2.125    0    0  (Gen:  0)
   521312      3992   3003944  0.000  0.000   12.257    2.125    0    0  (Gen:  0)
   521376      4096   3004064  0.000  0.000   12.258    2.125    0    0  (Gen:  0)
   521248      3904   3003920  0.000  0.000   12.258    2.125    0    0  (Gen:  0)
   521704      4456   3004480  0.000  0.000   12.259    2.126    0    0  (Gen:  0)
   521680      4216   3004456  0.000  0.000   12.259    2.126    0    0  (Gen:  0)
   521856      4192   3004656  0.000  0.000   12.260    2.126    0    0  (Gen:  0)
   521424      4192   3004680  0.000  0.000   12.260    2.126    0    0  (Gen:  0)
   521584      4280   3004960  0.000  0.000   12.261    2.126    0    0  (Gen:  0)
   521680      4456   3005312  0.000  0.000   12.261    2.126    0    0  (Gen:  0)
   521456      7160   3008520  0.000  0.000   12.262    2.126    0    0  (Gen:  0)
   521784      5776   3008496  0.000  0.000   12.262    2.126    0    0  (Gen:  0)
   521600      4168   3008544  0.000  0.000   12.263    2.127    0    0  (Gen:  0)
   521480      4176   3008584  0.000  0.000   12.264    2.127    0    0  (Gen:  0)
   521616      4208   3008704  0.000  0.000   12.264    2.127    0    0  (Gen:  0)
   521768      4112   3008640  0.000  0.000   12.265    2.127    0    0  (Gen:  0)
   521704      4104   3008680  0.000  0.000   12.265    2.127    0    0  (Gen:  0)
   521664      4008   3008672  0.000  0.000   12.266    2.127    0    0  (Gen:  0)
   521912      3992   3008672  0.000  0.000   12.266    2.127    0    0  (Gen:  0)
   521760      4056   3008784  0.000  0.000   12.267    2.127    0    0  (Gen:  0)
   521608      6096   3010840  0.000  0.000   12.267    2.127    0    0  (Gen:  0)
   521616      5952   3010760  0.000  0.000   12.268    2.128    0    0  (Gen:  0)
   521504      4096   3010824  0.000  0.000   12.268    2.128    0    0  (Gen:  0)
   521552      4304   3011064  0.001  0.000   12.269    2.128    0    0  (Gen:  0)
   521544      4136   3010928  0.000  0.000   12.270    2.128    0    0  (Gen:  0)
   521544      4064   3010872  0.001  0.000   12.271    2.128    0    0  (Gen:  0)
   521544      4216   3011040  0.001  0.000   12.272    2.128    0    0  (Gen:  0)
   521720      4168   3011056  0.001  0.000   12.273    2.129    0    0  (Gen:  0)
   521832      4248   3011224  0.001  0.000   12.274    2.129    0    0  (Gen:  0)
   521776      4288   3011296  0.000  0.000   12.274    2.129    0    0  (Gen:  0)
   521728      4192   3011288  0.000  0.000   12.275    2.129    0    0  (Gen:  0)
   521544      6648   3013776  0.000  0.000   12.276    2.129    0    0  (Gen:  0)
   521552      6824   3014016  0.000  0.000   12.276    2.129    0    0  (Gen:  0)
   521536      3728   3013432  0.000  0.000   12.277    2.129    0    0  (Gen:  0)
   521536      4112   3013832  0.000  0.000   12.277    2.129    0    0  (Gen:  0)
   521504      4048   3013816  0.000  0.000   12.278    2.130    0    0  (Gen:  0)
   521576      3864   3013648  0.000  0.000   12.278    2.130    0    0  (Gen:  0)
   521688      4464   3014256  0.000  0.000   12.279    2.130    0    0  (Gen:  0)
   521696      4184   3014208  0.000  0.000   12.279    2.130    0    0  (Gen:  0)
   521368      4296   3014464  0.000  0.000   12.280    2.130    0    0  (Gen:  0)
   521728      4072   3014440  0.000  0.000   12.280    2.130    0    0  (Gen:  0)
   521576      4472   3014984  0.000  0.000   12.281    2.130    0    0  (Gen:  0)
   521560      7840   3018712  0.000  0.000   12.282    2.130    0    0  (Gen:  0)
   521832      6024   3018720  0.000  0.000   12.282    2.130    0    0  (Gen:  0)
   521704      3992   3018608  0.000  0.000   12.283    2.131    0    0  (Gen:  0)
   521368      4152   3018784  0.000  0.000   12.283    2.131    0    0  (Gen:  0)
   521200      3960   3018640  0.000  0.000   12.284    2.131    0    0  (Gen:  0)
   521808      5960   3020656  0.000  0.000   12.284    2.131    0    0  (Gen:  0)
   521904      4064   3020440  0.000  0.000   12.285    2.131    0    0  (Gen:  0)
   521696      4192   3020728  0.000  0.000   12.285    2.131    0    0  (Gen:  0)
   521824      4152   3020720  0.000  0.000   12.286    2.131    0    0  (Gen:  0)
   521208      4144   3020744  0.000  0.000   12.287    2.131    0    0  (Gen:  0)
   521360      4104   3020720  0.000  0.000   12.287    2.132    0    0  (Gen:  0)
   521808      6504   3023136  0.000  0.000   12.288    2.132    0    0  (Gen:  0)
   521536      6296   3023008  0.000  0.000   12.288    2.132    0    0  (Gen:  0)
   521576      5880   3024896  0.000  0.000   12.289    2.132    0    0  (Gen:  0)
   521656      4008   3024632  0.000  0.000   12.289    2.132    0    0  (Gen:  0)
   521760      4152   3024864  0.000  0.000   12.290    2.132    0    0  (Gen:  0)
   521576      4296   3025040  0.000  0.000   12.290    2.132    0    0  (Gen:  0)
   521824      4248   3025040  0.000  0.000   12.291    2.132    0    0  (Gen:  0)
   521608      4008   3024888  0.000  0.000   12.292    2.132    0    0  (Gen:  0)
   521872      4296   3025192  0.000  0.000   12.292    2.133    0    0  (Gen:  0)
   521672      4072   3025016  0.000  0.000   12.293    2.133    0    0  (Gen:  0)
   521696      6192   3027152  0.000  0.000   12.293    2.133    0    0  (Gen:  0)
   521552      6144   3027168  0.000  0.000   12.294    2.133    0    0  (Gen:  0)
   521728      4208   3027360  0.000  0.000   12.294    2.133    0    0  (Gen:  0)
   521560      4232   3027416  0.000  0.000   12.295    2.133    0    0  (Gen:  0)
   521632      4088   3027304  0.000  0.000   12.295    2.133    0    0  (Gen:  0)
   521592      4016   3027248  0.000  0.000   12.296    2.133    0    0  (Gen:  0)
   521680      6192   3029440  0.000  0.000   12.297    2.134    0    0  (Gen:  0)
   521208      4232   3029312  0.000  0.000   12.297    2.134    0    0  (Gen:  0)
   521608      4128   3029296  0.000  0.000   12.298    2.134    0    0  (Gen:  0)
   521624      3936   3029136  0.000  0.000   12.298    2.134    0    0  (Gen:  0)
   521736      4008   3029296  0.000  0.000   12.299    2.134    0    0  (Gen:  0)
   521664      6552   3031872  0.000  0.000   12.299    2.134    0    0  (Gen:  0)
   521632      6376   3031760  0.000  0.000   12.300    2.134    0    0  (Gen:  0)
   521512      3832   3031632  0.000  0.000   12.300    2.134    0    0  (Gen:  0)
   521576      4112   3031944  0.000  0.000   12.301    2.135    0    0  (Gen:  0)
   521600      4104   3031968  0.000  0.000   12.301    2.135    0    0  (Gen:  0)
   521544      4032   3031912  0.000  0.000   12.302    2.135    0    0  (Gen:  0)
   521696      4488   3032376  0.000  0.000   12.302    2.135    0    0  (Gen:  0)
   521720      4240   3032360  0.000  0.000   12.303    2.135    0    0  (Gen:  0)
   521336      4384   3032648  0.000  0.000   12.304    2.135    0    0  (Gen:  0)
   521728      4072   3032536  0.000  0.000   12.304    2.135    0    0  (Gen:  0)
   521616      4384   3032992  0.000  0.000   12.305    2.135    0    0  (Gen:  0)
   521392      7848   3036816  0.000  0.000   12.305    2.135    0    0  (Gen:  0)
   521824      6184   3036656  0.000  0.000   12.306    2.136    0    0  (Gen:  0)
   521720      3992   3036648  0.000  0.000   12.306    2.136    0    0  (Gen:  0)
   521528      4152   3036824  0.000  0.000   12.307    2.136    0    0  (Gen:  0)
   521368      4192   3036912  0.000  0.000   12.307    2.136    0    0  (Gen:  0)
   521752      6168   3038904  0.000  0.000   12.308    2.136    0    0  (Gen:  0)
   521592      4056   3038768  0.000  0.000   12.308    2.136    0    0  (Gen:  0)
   521504      4192   3039064  0.000  0.000   12.309    2.136    0    0  (Gen:  0)
   521648      4152   3039056  0.000  0.000   12.310    2.136    0    0  (Gen:  0)
   521912      4048   3038984  0.000  0.000   12.310    2.137    0    0  (Gen:  0)
   521632      4048   3039000  0.000  0.000   12.311    2.137    0    0  (Gen:  0)
   521472      6648   3041616  0.000  0.000   12.311    2.137    0    0  (Gen:  0)
   521448      6440   3041488  0.000  0.000   12.312    2.137    0    0  (Gen:  0)
   521760      4264   3041648  0.000  0.000   12.312    2.137    0    0  (Gen:  0)
   521360      4232   3041648  0.000  0.000   12.313    2.137    0    0  (Gen:  0)
   521704      4008   3041512  0.000  0.000   12.313    2.137    0    0  (Gen:  0)
   521536      6264   3043800  0.000  0.000   12.314    2.137    0    0  (Gen:  0)
   521632      4288   3043936  0.000  0.000   12.314    2.137    0    0  (Gen:  0)
   521320      4088   3043824  0.000  0.000   12.315    2.138    0    0  (Gen:  0)
   521616      4200   3043952  0.000  0.000   12.316    2.138    0    0  (Gen:  0)
   521784      4120   3043920  0.000  0.000   12.316    2.138    0    0  (Gen:  0)
   521608      6880   3046696  0.000  0.000   12.317    2.138    0    0  (Gen:  0)
   521576      6672   3046552  0.000  0.000   12.317    2.138    0    0  (Gen:  0)
   521688      3784   3046232  0.000  0.000   12.318    2.138    0    0  (Gen:  0)
   521288      4080   3046560  0.000  0.000   12.318    2.138    0    0  (Gen:  0)
   521280      4024   3046536  0.000  0.000   12.319    2.138    0    0  (Gen:  0)
   521432      3920   3046520  0.000  0.000   12.319    2.139    0    0  (Gen:  0)
   521720      4408   3047040  0.000  0.000   12.320    2.139    0    0  (Gen:  0)
   521808      4264   3047168  0.000  0.000   12.321    2.139    0    0  (Gen:  0)
   521704      3912   3046904  0.000  0.000   12.321    2.139    0    0  (Gen:  0)
   521456      4240   3047240  0.000  0.000   12.322    2.139    0    0  (Gen:  0)
   521544      4296   3047504  0.000  0.000   12.322    2.139    0    0  (Gen:  0)
   521472      7568   3050960  0.000  0.000   12.323    2.139    0    0  (Gen:  0)
   521592      5688   3050904  0.000  0.000   12.323    2.139    0    0  (Gen:  0)
   521888      3968   3050912  0.000  0.000   12.324    2.139    0    0  (Gen:  0)
   521392      4008   3050984  0.000  0.000   12.324    2.140    0    0  (Gen:  0)
   521640      4248   3051256  0.000  0.000   12.325    2.140    0    0  (Gen:  0)
   521568      3936   3050960  0.000  0.000   12.325    2.140    0    0  (Gen:  0)
   521896      4328   3051368  0.000  0.000   12.326    2.140    0    0  (Gen:  0)
   521616      4192   3051296  0.000  0.000   12.326    2.140    0    0  (Gen:  0)
   521952      4280   3051472  0.000  0.000   12.327    2.140    0    0  (Gen:  0)
   521568      4016   3051240  0.000  0.000   12.328    2.140    0    0  (Gen:  0)
   521864      4136   3051448  0.000  0.000   12.328    2.140    0    0  (Gen:  0)
   521624      6072   3053416  0.000  0.000   12.329    2.141    0    0  (Gen:  0)
   521552      5992   3053400  0.000  0.000   12.329    2.141    0    0  (Gen:  0)
   521384      3944   3053200  0.000  0.000   12.330    2.141    0    0  (Gen:  0)
   521552      4152   3053424  0.000  0.000   12.330    2.141    0    0  (Gen:  0)
   521648      4048   3053368  0.000  0.000   12.331    2.141    0    0  (Gen:  0)
   521568      4264   3053600  0.000  0.000   12.331    2.141    0    0  (Gen:  0)
   521680      4192   3053576  0.000  0.000   12.332    2.141    0    0  (Gen:  0)
   521584      4176   3053720  0.000  0.000   12.332    2.141    0    0  (Gen:  0)
   521912      4056   3053632  0.000  0.000   12.333    2.141    0    0  (Gen:  0)
   521736      4104   3053712  0.000  0.000   12.334    2.142    0    0  (Gen:  0)
   521728      3976   3053600  0.000  0.000   12.334    2.142    0    0  (Gen:  0)
   521368      6560   3056200  0.000  0.000   12.335    2.142    0    0  (Gen:  0)
   521584      6664   3056384  0.000  0.000   12.335    2.142    0    0  (Gen:  0)
   521600      4264   3056496  0.000  0.000   12.336    2.142    0    0  (Gen:  0)
   521544      4176   3056440  0.000  0.000   12.336    2.142    0    0  (Gen:  0)
   521448      4264   3056616  0.000  0.000   12.337    2.142    0    0  (Gen:  0)
   521752      4752   3057128  0.000  0.000   12.337    2.142    0    0  (Gen:  0)
   521624      3816   3056408  0.000  0.000   12.338    2.143    0    0  (Gen:  0)
   521496      3936   3056680  0.000  0.000   12.338    2.143    0    0  (Gen:  0)
   521560      4312   3057048  0.000  0.000   12.339    2.143    0    0  (Gen:  0)
   521776      4152   3057080  0.000  0.000   12.340    2.143    0    0  (Gen:  0)
   521448      4704   3057808  0.000  0.000   12.340    2.143    0    0  (Gen:  0)
   521672      7224   3061152  0.000  0.000   12.341    2.143    0    0  (Gen:  0)
   521824      5792   3060920  0.000  0.000   12.341    2.143    0    0  (Gen:  0)
   521600      4296   3061344  0.000  0.000   12.342    2.143    0    0  (Gen:  0)
   521224      4120   3061200  0.000  0.000   12.342    2.144    0    0  (Gen:  0)
   521456      3888   3061056  0.000  0.000   12.343    2.144    0    0  (Gen:  0)
   521888      5888   3063088  0.000  0.000   12.343    2.144    0    0  (Gen:  0)
   521832      4048   3062928  0.000  0.000   12.344    2.144    0    0  (Gen:  0)
   521552      3976   3062944  0.000  0.000   12.344    2.144    0    0  (Gen:  0)
   521744      4168   3063152  0.000  0.000   12.345    2.144    0    0  (Gen:  0)
   521248      4160   3063192  0.001  0.000   12.346    2.144    0    0  (Gen:  0)
   521656      6520   3065568  0.001  0.000   12.347    2.144    0    0  (Gen:  0)
   521608      6440   3065552  0.001  0.000   12.348    2.145    0    0  (Gen:  0)
   521440      4568   3066064  0.001  0.000   12.349    2.145    0    0  (Gen:  0)
   521680      5528   3067384  0.001  0.000   12.350    2.145    0    0  (Gen:  0)
   521752      4120   3067424  0.001  0.000   12.351    2.145    0    0  (Gen:  0)
   521728      3992   3067312  0.001  0.000   12.351    2.145    0    0  (Gen:  0)
   521640      4248   3067584  0.000  0.000   12.352    2.145    0    0  (Gen:  0)
   521624      3992   3067392  0.000  0.000   12.353    2.145    0    0  (Gen:  0)
   521928      4304   3067792  0.000  0.000   12.353    2.146    0    0  (Gen:  0)
   521656      4008   3067528  0.000  0.000   12.354    2.146    0    0  (Gen:  0)
   521760      4152   3067760  0.000  0.000   12.354    2.146    0    0  (Gen:  0)
   521408      6320   3069960  0.000  0.000   12.355    2.146    0    0  (Gen:  0)
   521904      6272   3069976  0.000  0.000   12.355    2.146    0    0  (Gen:  0)
   521624      3928   3069688  0.000  0.000   12.356    2.146    0    0  (Gen:  0)
   521488      4224   3070000  0.000  0.000   12.356    2.146    0    0  (Gen:  0)
   521464      4152   3069976  0.000  0.000   12.357    2.146    0    0  (Gen:  0)
   521768      6136   3071976  0.000  0.000   12.357    2.147    0    0  (Gen:  0)
   521560      4248   3071904  0.000  0.000   12.358    2.147    0    0  (Gen:  0)
   521280      4064   3071880  0.000  0.000   12.359    2.147    0    0  (Gen:  0)
   521552      4248   3072096  0.000  0.000   12.359    2.147    0    0  (Gen:  0)
   521792      4248   3072128  0.000  0.000   12.360    2.147    0    0  (Gen:  0)
   521712      3928   3071824  0.000  0.000   12.360    2.147    0    0  (Gen:  0)
   521592      6408   3074320  0.000  0.000   12.361    2.147    0    0  (Gen:  0)
   521640      6392   3074384  0.000  0.000   12.361    2.147    0    0  (Gen:  0)
   521568      3880   3074216  0.000  0.000   12.362    2.147    0    0  (Gen:  0)
   521592      4128   3074480  0.000  0.000   12.362    2.148    0    0  (Gen:  0)
   521432      3936   3074336  0.000  0.000   12.363    2.148    0    0  (Gen:  0)
   521736      4456   3074864  0.000  0.000   12.363    2.148    0    0  (Gen:  0)
   521600      4272   3074896  0.000  0.000   12.364    2.148    0    0  (Gen:  0)
   521544      4008   3074856  0.000  0.000   12.364    2.148    0    0  (Gen:  0)
   521576      4304   3075176  0.000  0.000   12.365    2.148    0    0  (Gen:  0)
   521696      4416   3075488  0.000  0.000   12.366    2.148    0    0  (Gen:  0)
   521504      4704   3076008  0.000  0.000   12.366    2.148    0    0  (Gen:  0)
   521536      7360   3079328  0.000  0.000   12.367    2.149    0    0  (Gen:  0)
   521872      6344   3079352  0.000  0.000   12.367    2.149    0    0  (Gen:  0)
   521544      4208   3079400  0.000  0.000   12.368    2.149    0    0  (Gen:  0)
   521656      4080   3079304  0.000  0.000   12.368    2.149    0    0  (Gen:  0)
   521376      4104   3079416  0.000  0.000   12.369    2.149    0    0  (Gen:  0)
   521608      6224   3081568  0.000  0.000   12.370    2.149    0    0  (Gen:  0)
   521512      4176   3081496  0.000  0.000   12.370    2.149    0    0  (Gen:  0)
   521680      4064   3081472  0.000  0.000   12.371    2.149    0    0  (Gen:  0)
   521752      4224   3081648  0.000  0.000   12.371    2.149    0    0  (Gen:  0)
   521760      4032   3081504  0.000  0.000   12.372    2.150    0    0  (Gen:  0)
   521632      6536   3084024  0.000  0.000   12.372    2.150    0    0  (Gen:  0)
   521608      6456   3084008  0.000  0.000   12.373    2.150    0    0  (Gen:  0)
   521480      4112   3084072  0.000  0.000   12.373    2.150    0    0  (Gen:  0)
   521480      3960   3083952  0.000  0.000   12.374    2.150    0    0  (Gen:  0)
   521576      4136   3084160  0.000  0.000   12.374    2.150    0    0  (Gen:  0)
   521624      3992   3084032  0.000  0.000   12.375    2.150    0    0  (Gen:  0)
   521600      6360   3086416  0.000  0.000   12.375    2.150    0    0  (Gen:  0)
   521376      4216   3086400  0.000  0.000   12.376    2.151    0    0  (Gen:  0)
   521632      4120   3086392  0.000  0.000   12.377    2.151    0    0  (Gen:  0)
   521592      4032   3086336  0.000  0.000   12.377    2.151    0    0  (Gen:  0)
   521752      4136   3086528  0.000  0.000   12.378    2.151    0    0  (Gen:  0)
   521568      6672   3089096  0.000  0.000   12.378    2.151    0    0  (Gen:  0)
   521616      6728   3089216  0.000  0.000   12.379    2.151    0    0  (Gen:  0)
   521488      4008   3088992  0.000  0.000   12.379    2.151    0    0  (Gen:  0)
   521400      4208   3089208  0.000  0.000   12.380    2.151    0    0  (Gen:  0)
   521208      4088   3089136  0.000  0.000   12.380    2.151    0    0  (Gen:  0)
   521616      4992   3090056  0.000  0.000   12.381    2.152    0    0  (Gen:  0)
   521688      3872   3089208  0.000  0.000   12.381    2.152    0    0  (Gen:  0)
   521792      3968   3089464  0.000  0.000   12.382    2.152    0    0  (Gen:  0)
   521568      4392   3089920  0.000  0.000   12.383    2.152    0    0  (Gen:  0)
   521600      3976   3089760  0.000  0.000   12.383    2.152    0    0  (Gen:  0)
   521520      4400   3090264  0.000  0.000   12.384    2.152    0    0  (Gen:  0)
   521448      7344   3093568  0.000  0.000   12.384    2.152    0    0  (Gen:  0)
   521808      5744   3093632  0.000  0.000   12.385    2.152    0    0  (Gen:  0)
   521736      3992   3093536  0.000  0.000   12.386    2.153    0    0  (Gen:  0)
   521368      3904   3093464  0.000  0.000   12.386    2.153    0    0  (Gen:  0)
   521624      4000   3093608  0.000  0.000   12.387    2.153    0    0  (Gen:  0)
   521632      4352   3093976  0.000  0.000   12.388    2.153    0    0  (Gen:  0)
   521856      4112   3093784  0.000  0.000   12.388    2.153    0    0  (Gen:  0)
   521568      4152   3093984  0.000  0.000   12.389    2.153    0    0  (Gen:  0)
   521920      4224   3094088  0.000  0.000   12.389    2.153    0    0  (Gen:  0)
   521784      3928   3093824  0.000  0.000   12.390    2.153    0    0  (Gen:  0)
   521640      4040   3093952  0.000  0.000   12.390    2.154    0    0  (Gen:  0)
   521704      6112   3096040  0.000  0.000   12.391    2.154    0    0  (Gen:  0)
   521408      5840   3095848  0.000  0.000   12.391    2.154    0    0  (Gen:  0)
   521600      4128   3095984  0.000  0.000   12.392    2.154    0    0  (Gen:  0)
   521544      4040   3095928  0.000  0.000   12.392    2.154    0    0  (Gen:  0)
   521560      3984   3095960  0.000  0.000   12.393    2.154    0    0  (Gen:  0)
   521536      4272   3096280  0.000  0.000   12.393    2.154    0    0  (Gen:  0)
   521744      4072   3096128  0.000  0.000   12.394    2.154    0    0  (Gen:  0)
   521592      3976   3096120  0.000  0.000   12.394    2.155    0    0  (Gen:  0)
   521928      4240   3096400  0.000  0.000   12.395    2.155    0    0  (Gen:  0)
   521712      4120   3096328  0.000  0.000   12.395    2.155    0    0  (Gen:  0)
   521592      6752   3098976  0.000  0.000   12.396    2.155    0    0  (Gen:  0)
   521544      6632   3098920  0.000  0.000   12.396    2.155    0    0  (Gen:  0)
   521464      4208   3099080  0.000  0.000   12.397    2.155    0    0  (Gen:  0)
   521624      4112   3099016  0.000  0.000   12.398    2.155    0    0  (Gen:  0)
   521632      4216   3099152  0.000  0.000   12.398    2.155    0    0  (Gen:  0)
   521320      4088   3099040  0.000  0.000   12.399    2.155    0    0  (Gen:  0)
   521728      4592   3099560  0.000  0.000   12.399    2.156    0    0  (Gen:  0)
   521808      4192   3099448  0.000  0.000   12.400    2.156    0    0  (Gen:  0)
   521232      4368   3099712  0.000  0.000   12.400    2.156    0    0  (Gen:  0)
   521792      4160   3099760  0.000  0.000   12.401    2.156    0    0  (Gen:  0)
   521712      4568   3100248  0.000  0.000   12.401    2.156    0    0  (Gen:  0)
   521432      7744   3103784  0.000  0.000   12.402    2.156    0    0  (Gen:  0)
   521800      5856   3103720  0.000  0.000   12.402    2.156    0    0  (Gen:  0)
   521752      3920   3103776  0.000  0.000   12.403    2.156    0    0  (Gen:  0)
   521520      4136   3104024  0.000  0.000   12.403    2.157    0    0  (Gen:  0)
   521224      4080   3104000  0.000  0.000   12.404    2.157    0    0  (Gen:  0)
   521544      4008   3103944  0.000  0.000   12.404    2.157    0    0  (Gen:  0)
   521896      5904   3105856  0.000  0.000   12.405    2.157    0    0  (Gen:  0)
   521728      4176   3105824  0.000  0.000   12.405    2.157    0    0  (Gen:  0)
   521928      4280   3106016  0.000  0.000   12.406    2.157    0    0  (Gen:  0)
   521232      3800   3105568  0.000  0.000   12.406    2.157    0    0  (Gen:  0)
   521472      4008   3105864  0.000  0.000   12.407    2.157    0    0  (Gen:  0)
   521648      6488   3108376  0.000  0.000   12.407    2.157    0    0  (Gen:  0)
   521568      6520   3108472  0.000  0.000   12.408    2.158    0    0  (Gen:  0)
   521416      4600   3108848  0.000  0.000   12.409    2.158    0    0  (Gen:  0)
   521792      5376   3110128  0.000  0.000   12.409    2.158    0    0  (Gen:  0)
   521776      4040   3109936  0.000  0.000   12.410    2.158    0    0  (Gen:  0)
   521616      4208   3110120  0.000  0.000   12.410    2.158    0    0  (Gen:  0)
   521648      4160   3110120  0.000  0.000   12.411    2.158    0    0  (Gen:  0)
   521616      3800   3109920  0.000  0.000   12.411    2.158    0    0  (Gen:  0)
   521928      4112   3110264  0.000  0.000   12.412    2.158    0    0  (Gen:  0)
   521752      4120   3110304  0.000  0.000   12.412    2.158    0    0  (Gen:  0)
   521664      3992   3110192  0.000  0.000   12.413    2.159    0    0  (Gen:  0)
   521432      6192   3112408  0.000  0.000   12.413    2.159    0    0  (Gen:  0)
   521880      6104   3112400  0.000  0.000   12.414    2.159    0    0  (Gen:  0)
   521696      4168   3112520  0.000  0.000   12.414    2.159    0    0  (Gen:  0)
   521528      4152   3112536  0.000  0.000   12.415    2.159    0    0  (Gen:  0)
   521416      4136   3112608  0.000  0.000   12.415    2.159    0    0  (Gen:  0)
   521880      6016   3114520  0.000  0.000   12.416    2.159    0    0  (Gen:  0)
   521256      4224   3114544  0.000  0.000   12.416    2.159    0    0  (Gen:  0)
   521472      4008   3114416  0.000  0.000   12.417    2.160    0    0  (Gen:  0)
   521496      4264   3114688  0.000  0.000   12.417    2.160    0    0  (Gen:  0)
   521760      4048   3114520  0.000  0.000   12.418    2.160    0    0  (Gen:  0)
   521816      6608   3117096  0.000  0.000   12.419    2.160    0    0  (Gen:  0)
   521544      6488   3117040  0.000  0.000   12.419    2.160    0    0  (Gen:  0)
   521488      4224   3117192  0.000  0.000   12.420    2.160    0    0  (Gen:  0)
   521624      4264   3117264  0.000  0.000   12.420    2.160    0    0  (Gen:  0)
   521632      4232   3117264  0.000  0.000   12.421    2.160    0    0  (Gen:  0)
   521440      4144   3117192  0.000  0.000   12.421    2.160    0    0  (Gen:  0)
   521736      4312   3117376  0.000  0.000   12.422    2.161    0    0  (Gen:  0)
   521752      4064   3117416  0.000  0.000   12.422    2.161    0    0  (Gen:  0)
   521280      3952   3117392  0.000  0.000   12.423    2.161    0    0  (Gen:  0)
   521720      4168   3117616  0.000  0.000   12.423    2.161    0    0  (Gen:  0)
   521776      4288   3117952  0.000  0.000   12.424    2.161    0    0  (Gen:  0)
   521280      8064   3121968  0.000  0.000   12.424    2.161    0    0  (Gen:  0)
   521800      6208   3121776  0.000  0.000   12.425    2.161    0    0  (Gen:  0)
   521792      4168   3121992  0.000  0.000   12.425    2.161    0    0  (Gen:  0)
   521440      4208   3122064  0.000  0.000   12.426    2.162    0    0  (Gen:  0)
   521592      4040   3121928  0.000  0.000   12.426    2.162    0    0  (Gen:  0)
   521544      3968   3121872  0.000  0.000   12.427    2.162    0    0  (Gen:  0)
   521680      6176   3124096  0.000  0.000   12.428    2.162    0    0  (Gen:  0)
   521440      4152   3124064  0.000  0.000   12.428    2.162    0    0  (Gen:  0)
   521656      4232   3124232  0.000  0.000   12.429    2.162    0    0  (Gen:  0)
   521880      4064   3124096  0.000  0.000   12.429    2.162    0    0  (Gen:  0)
   521696      4120   3124240  0.000  0.000   12.430    2.162    0    0  (Gen:  0)
   521424      6632   3126784  0.000  0.000   12.430    2.162    0    0  (Gen:  0)
   521560      6520   3126736  0.000  0.000   12.431    2.163    0    0  (Gen:  0)
   521680      3896   3126448  0.000  0.000   12.431    2.163    0    0  (Gen:  0)
   521504      4040   3126608  0.000  0.000   12.432    2.163    0    0  (Gen:  0)
   521488      4080   3126696  0.000  0.000   12.432    2.163    0    0  (Gen:  0)
   521560      6400   3129032  0.000  0.000   12.433    2.163    0    0  (Gen:  0)
   521640      4040   3128784  0.000  0.000   12.433    2.163    0    0  (Gen:  0)
   521432      4136   3129040  0.000  0.000   12.434    2.163    0    0  (Gen:  0)
   521480      4192   3129128  0.000  0.000   12.434    2.163    0    0  (Gen:  0)
   521912      4032   3129000  0.000  0.000   12.435    2.164    0    0  (Gen:  0)
   521576      4064   3129048  0.000  0.000   12.435    2.164    0    0  (Gen:  0)
   521488      6720   3131720  0.000  0.000   12.436    2.164    0    0  (Gen:  0)
   521784      6616   3131696  0.000  0.000   12.436    2.164    0    0  (Gen:  0)
   521224      4192   3131768  0.000  0.000   12.437    2.164    0    0  (Gen:  0)
   521440      4104   3131712  0.000  0.000   12.437    2.164    0    0  (Gen:  0)
   521312      4064   3131760  0.000  0.000   12.438    2.164    0    0  (Gen:  0)
   521680      4520   3132248  0.000  0.000   12.439    2.164    0    0  (Gen:  0)
   521736      4280   3132280  0.000  0.000   12.439    2.164    0    0  (Gen:  0)
   521792      4088   3132176  0.000  0.000   12.440    2.165    0    0  (Gen:  0)
   521480      4496   3132600  0.000  0.000   12.440    2.165    0    0  (Gen:  0)
   521544      4432   3132808  0.000  0.000   12.441    2.165    0    0  (Gen:  0)
   521560      5288   3133896  0.000  0.000   12.441    2.165    0    0  (Gen:  0)
   521544      6120   3136192  0.000  0.000   12.442    2.165    0    0  (Gen:  0)
   521752      5760   3136232  0.000  0.000   12.442    2.165    0    0  (Gen:  0)
   521616      4136   3136264  0.000  0.000   12.443    2.165    0    0  (Gen:  0)
   521544      4048   3136208  0.000  0.000   12.443    2.165    0    0  (Gen:  0)
   521584      4112   3136360  0.000  0.000   12.444    2.166    0    0  (Gen:  0)
   521800      4312   3136592  0.000  0.000   12.444    2.166    0    0  (Gen:  0)
   521576      4176   3136504  0.000  0.000   12.445    2.166    0    0  (Gen:  0)
   521824      4136   3136552  0.000  0.000   12.445    2.166    0    0  (Gen:  0)
   521808      4112   3136544  0.000  0.000   12.446    2.166    0    0  (Gen:  0)
   521792      4120   3136600  0.000  0.000   12.446    2.166    0    0  (Gen:  0)
   521648      6016   3138512  0.000  0.000   12.447    2.166    0    0  (Gen:  0)
   521680      5928   3138488  0.000  0.000   12.448    2.166    0    0  (Gen:  0)
   521416      4168   3138648  0.000  0.000   12.448    2.166    0    0  (Gen:  0)
   521416      4032   3138544  0.000  0.000   12.449    2.167    0    0  (Gen:  0)
   521640      4192   3138736  0.000  0.000   12.449    2.167    0    0  (Gen:  0)
   521576      4048   3138608  0.000  0.000   12.450    2.167    0    0  (Gen:  0)
   521608      4128   3138704  0.000  0.000   12.450    2.167    0    0  (Gen:  0)
   521624      4136   3138776  0.001  0.000   12.452    2.167    0    0  (Gen:  0)
   521952      4120   3138848  0.000  0.000   12.452    2.167    0    0  (Gen:  0)
   521640      4032   3138792  0.000  0.000   12.453    2.167    0    0  (Gen:  0)
   521824      4072   3138920  0.000  0.000   12.453    2.168    0    0  (Gen:  0)
   521464      6664   3141544  0.000  0.000   12.454    2.168    0    0  (Gen:  0)
   521584      6600   3141544  0.000  0.000   12.455    2.168    0    0  (Gen:  0)
   521512      4064   3141520  0.000  0.000   12.455    2.168    0    0  (Gen:  0)
   521592      4208   3141680  0.000  0.000   12.456    2.168    0    0  (Gen:  0)
   521376      4144   3141664  0.000  0.000   12.456    2.168    0    0  (Gen:  0)
   521776      4416   3141952  0.001  0.000   12.457    2.168    0    0  (Gen:  0)
   521584      4104   3141912  0.001  0.000   12.458    2.168    0    0  (Gen:  0)
   521632      4152   3142120  0.001  0.000   12.460    2.169    0    0  (Gen:  0)
   521312      4504   3142504  0.001  0.000   12.461    2.169    0    0  (Gen:  0)
   521792      4512   3142768  0.001  0.000   12.462    2.169    0    0  (Gen:  0)
   521648      4392   3142888  0.001  0.000   12.463    2.169    0    0  (Gen:  0)
   521536      7848   3146744  0.001  0.000   12.465    2.169    0    0  (Gen:  0)
   521752      6120   3146696  0.001  0.000   12.466    2.170    0    0  (Gen:  0)
   521720      3768   3146264  0.000  0.000   12.466    2.170    0    0  (Gen:  0)
   521392      4008   3146536  0.000  0.000   12.467    2.170    0    0  (Gen:  0)
   521256      4008   3146608  0.000  0.000   12.468    2.170    0    0  (Gen:  0)
   521888      5856   3148472  0.000  0.000   12.468    2.170    0    0  (Gen:  0)
   521752      4064   3148360  0.000  0.000   12.469    2.170    0    0  (Gen:  0)
   521752      4048   3148504  0.000  0.000   12.469    2.170    0    0  (Gen:  0)
   521824      4112   3148600  0.000  0.000   12.470    2.170    0    0  (Gen:  0)
   521200      4064   3148584  0.000  0.000   12.470    2.171    0    0  (Gen:  0)
   521328      3992   3148528  0.000  0.000   12.471    2.171    0    0  (Gen:  0)
   521904      6384   3150936  0.000  0.000   12.471    2.171    0    0  (Gen:  0)
   521408      6208   3150840  0.000  0.000   12.472    2.171    0    0  (Gen:  0)
   521672      5640   3152576  0.000  0.000   12.472    2.171    0    0  (Gen:  0)
   521552      4048   3152592  0.000  0.000   12.473    2.171    0    0  (Gen:  0)
   521912      4096   3152728  0.000  0.000   12.473    2.171    0    0  (Gen:  0)
   521600      4264   3152928  0.000  0.000   12.474    2.171    0    0  (Gen:  0)
   521632      4152   3152864  0.000  0.000   12.474    2.171    0    0  (Gen:  0)
   521744      3960   3152760  0.000  0.000   12.475    2.172    0    0  (Gen:  0)
   521848      4280   3153096  0.000  0.000   12.476    2.172    0    0  (Gen:  0)
   521776      4040   3152904  0.000  0.000   12.476    2.172    0    0  (Gen:  0)
   521488      6224   3155104  0.000  0.000   12.477    2.172    0    0  (Gen:  0)
   521728      6048   3154992  0.000  0.000   12.477    2.172    0    0  (Gen:  0)
   521680      4080   3155152  0.000  0.000   12.478    2.172    0    0  (Gen:  0)
   521528      4008   3155112  0.000  0.000   12.478    2.172    0    0  (Gen:  0)
   521544      4176   3155312  0.000  0.000   12.479    2.172    0    0  (Gen:  0)
   521672      4024   3155176  0.000  0.000   12.479    2.173    0    0  (Gen:  0)
   521624      6024   3157192  0.000  0.000   12.480    2.173    0    0  (Gen:  0)
   521304      4104   3157104  0.000  0.000   12.480    2.173    0    0  (Gen:  0)
   521576      4264   3157352  0.000  0.000   12.481    2.173    0    0  (Gen:  0)
   521608      4080   3157200  0.000  0.000   12.481    2.173    0    0  (Gen:  0)
   521736      4152   3157360  0.000  0.000   12.482    2.173    0    0  (Gen:  0)
   521720      6568   3159808  0.000  0.000   12.482    2.173    0    0  (Gen:  0)
   521544      6472   3159776  0.000  0.000   12.483    2.173    0    0  (Gen:  0)
   521520      4048   3159696  0.000  0.000   12.483    2.173    0    0  (Gen:  0)
   521576      4280   3159944  0.000  0.000   12.484    2.174    0    0  (Gen:  0)
   521616      4248   3159960  0.000  0.000   12.485    2.174    0    0  (Gen:  0)
   521600      4648   3160376  0.000  0.000   12.485    2.174    0    0  (Gen:  0)
   521616      4176   3160176  0.000  0.000   12.486    2.174    0    0  (Gen:  0)
   521688      4120   3160280  0.000  0.000   12.486    2.174    0    0  (Gen:  0)
   521352      4488   3160680  0.000  0.000   12.487    2.174    0    0  (Gen:  0)
   521768      4568   3161016  0.000  0.000   12.487    2.174    0    0  (Gen:  0)
   521600      4304   3160984  0.000  0.000   12.488    2.174    0    0  (Gen:  0)
   521448      7592   3164616  0.000  0.000   12.488    2.175    0    0  (Gen:  0)
   521784      6264   3164648  0.000  0.000   12.489    2.175    0    0  (Gen:  0)
   521696      3976   3164544  0.000  0.000   12.489    2.175    0    0  (Gen:  0)
   521560      4024   3164608  0.000  0.000   12.490    2.175    0    0  (Gen:  0)
   521392      3968   3164600  0.000  0.000   12.490    2.175    0    0  (Gen:  0)
   521680      6152   3166800  0.000  0.000   12.491    2.175    0    0  (Gen:  0)
   521648      4176   3166800  0.000  0.000   12.491    2.175    0    0  (Gen:  0)
   521496      3776   3166560  0.000  0.000   12.492    2.175    0    0  (Gen:  0)
   521760      4128   3166944  0.000  0.000   12.492    2.175    0    0  (Gen:  0)
   521800      4048   3166896  0.000  0.000   12.493    2.176    0    0  (Gen:  0)
   521672      4104   3166968  0.000  0.000   12.493    2.176    0    0  (Gen:  0)
   521512      6424   3169304  0.000  0.000   12.494    2.176    0    0  (Gen:  0)
   521480      6416   3169376  0.000  0.000   12.494    2.176    0    0  (Gen:  0)
   521584      4176   3169472  0.000  0.000   12.495    2.176    0    0  (Gen:  0)
   521488      4088   3169416  0.000  0.000   12.496    2.176    0    0  (Gen:  0)
   521624      4168   3169584  0.000  0.000   12.496    2.176    0    0  (Gen:  0)
   521536      6232   3171680  0.000  0.000   12.497    2.176    0    0  (Gen:  0)
   521584      4168   3171728  0.000  0.000   12.497    2.177    0    0  (Gen:  0)
   521400      3992   3171640  0.000  0.000   12.498    2.177    0    0  (Gen:  0)
   521560      4168   3171832  0.000  0.000   12.498    2.177    0    0  (Gen:  0)
   521864      4152   3171864  0.000  0.000   12.499    2.177    0    0  (Gen:  0)
   521512      6776   3174504  0.000  0.000   12.499    2.177    0    0  (Gen:  0)
   521664      6600   3174392  0.000  0.000   12.500    2.177    0    0  (Gen:  0)
   521592      4120   3174480  0.000  0.000   12.500    2.177    0    0  (Gen:  0)
   521344      4208   3174600  0.000  0.000   12.501    2.177    0    0  (Gen:  0)
   521256      4128   3174552  0.000  0.000   12.501    2.177    0    0  (Gen:  0)
   521504      3920   3174360  0.000  0.000   12.502    2.178    0    0  (Gen:  0)
   521688      4536   3174992  0.000  0.000   12.502    2.178    0    0  (Gen:  0)
   521696      4096   3174840  0.000  0.000   12.503    2.178    0    0  (Gen:  0)
   521784      4528   3175360  0.000  0.000   12.503    2.178    0    0  (Gen:  0)
   521496      4136   3175224  0.000  0.000   12.504    2.178    0    0  (Gen:  0)
   521512      4512   3175672  0.000  0.000   12.504    2.178    0    0  (Gen:  0)
   521416      7648   3179208  0.000  0.000   12.505    2.178    0    0  (Gen:  0)
   521736      5352   3178576  0.000  0.000   12.506    2.178    0    0  (Gen:  0)
   521800      3928   3178808  0.000  0.000   12.506    2.179    0    0  (Gen:  0)
   521400      4112   3178992  0.000  0.000   12.507    2.179    0    0  (Gen:  0)
   521576      3992   3178904  0.000  0.000   12.507    2.179    0    0  (Gen:  0)
   521656      3880   3178808  0.000  0.000   12.508    2.179    0    0  (Gen:  0)
   521848      4312   3179256  0.000  0.000   12.508    2.179    0    0  (Gen:  0)
   521656      3984   3178992  0.000  0.000   12.509    2.179    0    0  (Gen:  0)
   521864      4208   3179304  0.000  0.000   12.509    2.179    0    0  (Gen:  0)
   521672      4064   3179192  0.000  0.000   12.510    2.179    0    0  (Gen:  0)
   521856      4120   3179336  0.000  0.000   12.510    2.179    0    0  (Gen:  0)
   521576      5888   3181136  0.000  0.000   12.511    2.180    0    0  (Gen:  0)
   521576      5968   3181280  0.000  0.000   12.511    2.180    0    0  (Gen:  0)
   521520      3912   3181072  0.000  0.000   12.512    2.180    0    0  (Gen:  0)
   521456      4064   3181240  0.000  0.000   12.512    2.180    0    0  (Gen:  0)
   521592      4120   3181344  0.000  0.000   12.513    2.180    0    0  (Gen:  0)
   521552      4352   3181592  0.000  0.000   12.513    2.180    0    0  (Gen:  0)
   521672      4192   3181480  0.000  0.000   12.514    2.180    0    0  (Gen:  0)
   521632      4136   3181584  0.000  0.000   12.515    2.180    0    0  (Gen:  0)
   521904      4224   3181704  0.000  0.000   12.515    2.181    0    0  (Gen:  0)
   521784      4136   3181648  0.000  0.000   12.516    2.181    0    0  (Gen:  0)
   521592      4088   3181616  0.000  0.000   12.516    2.181    0    0  (Gen:  0)
   521568      6600   3184144  0.000  0.000   12.517    2.181    0    0  (Gen:  0)
   521440      6544   3184168  0.000  0.000   12.517    2.181    0    0  (Gen:  0)
   521608      4248   3184384  0.000  0.000   12.518    2.181    0    0  (Gen:  0)
   521584      3968   3184136  0.000  0.000   12.518    2.181    0    0  (Gen:  0)
   521432      4136   3184392  0.000  0.000   12.519    2.181    0    0  (Gen:  0)
   521728      4488   3184776  0.000  0.000   12.519    2.181    0    0  (Gen:  0)
   521656      4224   3184784  0.000  0.000   12.520    2.182    0    0  (Gen:  0)
   521416      3904   3184552  0.000  0.000   12.520    2.182    0    0  (Gen:  0)
   521576      4400   3185064  0.000  0.000   12.521    2.182    0    0  (Gen:  0)
   521768      4344   3185280  0.000  0.000   12.521    2.182    0    0  (Gen:  0)
   521504      8048   3189224  0.000  0.000   12.522    2.182    0    0  (Gen:  0)
   521688      5936   3189096  0.000  0.000   12.523    2.182    0    0  (Gen:  0)
   521792      4208   3189360  0.000  0.000   12.523    2.182    0    0  (Gen:  0)
   521616      4208   3189392  0.000  0.000   12.524    2.182    0    0  (Gen:  0)
   521256      4200   3189416  0.000  0.000   12.524    2.183    0    0  (Gen:  0)
   521464      4160   3189392  0.000  0.000   12.525    2.183    0    0  (Gen:  0)
   521864      5880   3191128  0.000  0.000   12.525    2.183    0    0  (Gen:  0)
   521752      4080   3191024  0.000  0.000   12.526    2.183    0    0  (Gen:  0)
   521744      3864   3190896  0.000  0.000   12.526    2.183    0    0  (Gen:  0)
   521600      4096   3191144  0.000  0.000   12.527    2.183    0    0  (Gen:  0)
   521272      3832   3190928  0.000  0.000   12.527    2.183    0    0  (Gen:  0)
   521648      6488   3193600  0.000  0.000   12.528    2.183    0    0  (Gen:  0)
   521544      6368   3193544  0.000  0.000   12.528    2.183    0    0  (Gen:  0)
   521400      4496   3194064  0.000  0.000   12.529    2.184    0    0  (Gen:  0)
   521792      5608   3195592  0.000  0.000   12.530    2.184    0    0  (Gen:  0)
   521800      4176   3195608  0.000  0.000   12.530    2.184    0    0  (Gen:  0)
   521752      3872   3195320  0.000  0.000   12.531    2.184    0    0  (Gen:  0)
   521584      4312   3195776  0.000  0.000   12.531    2.184    0    0  (Gen:  0)
   521592      4168   3195696  0.000  0.000   12.532    2.184    0    0  (Gen:  0)
   521984      4064   3195680  0.000  0.000   12.532    2.184    0    0  (Gen:  0)
   521552      4048   3195696  0.000  0.000   12.533    2.184    0    0  (Gen:  0)
   521912      4096   3195832  0.000  0.000   12.533    2.185    0    0  (Gen:  0)
   521368      6224   3197992  0.000  0.000   12.534    2.185    0    0  (Gen:  0)
   521864      6288   3198120  0.000  0.000   12.534    2.185    0    0  (Gen:  0)
   521600      4048   3197936  0.000  0.000   12.535    2.185    0    0  (Gen:  0)
   521536      4296   3198200  0.000  0.000   12.535    2.185    0    0  (Gen:  0)
   521512      4120   3198072  0.000  0.000   12.536    2.185    0    0  (Gen:  0)
   521808      5992   3199960  0.000  0.000   12.536    2.185    0    0  (Gen:  0)
   521360      4136   3199920  0.000  0.000   12.537    2.185    0    0  (Gen:  0)
   521376      4024   3199968  0.000  0.000   12.537    2.185    0    0  (Gen:  0)
   521576      4008   3199984  0.000  0.000   12.538    2.186    0    0  (Gen:  0)
   521816      4288   3200296  0.000  0.000   12.538    2.186    0    0  (Gen:  0)
   521720      3992   3200016  0.000  0.000   12.539    2.186    0    0  (Gen:  0)
   521488      6544   3202584  0.000  0.000   12.540    2.186    0    0  (Gen:  0)
   521656      6432   3202552  0.000  0.000   12.540    2.186    0    0  (Gen:  0)
   521576      4304   3202768  0.000  0.000   12.541    2.186    0    0  (Gen:  0)
   521528      3856   3202352  0.000  0.000   12.541    2.186    0    0  (Gen:  0)
   521608      4096   3202680  0.000  0.000   12.542    2.186    0    0  (Gen:  0)
   521640      4520   3203136  0.000  0.000   12.542    2.186    0    0  (Gen:  0)
   521640      4176   3203064  0.000  0.000   12.543    2.187    0    0  (Gen:  0)
   521488      4032   3203008  0.000  0.000   12.543    2.187    0    0  (Gen:  0)
   521512      4488   3203480  0.000  0.000   12.544    2.187    0    0  (Gen:  0)
   521792      4320   3203584  0.000  0.000   12.544    2.187    0    0  (Gen:  0)
   521432      8104   3207608  0.000  0.000   12.545    2.187    0    0  (Gen:  0)
   521656      6472   3207640  0.000  0.000   12.545    2.187    0    0  (Gen:  0)
   521736      3928   3207352  0.000  0.000   12.546    2.187    0    0  (Gen:  0)
   521576      4136   3207592  0.000  0.000   12.546    2.187    0    0  (Gen:  0)
   521680      3992   3207480  0.000  0.000   12.547    2.188    0    0  (Gen:  0)
   521408      3880   3207456  0.000  0.000   12.547    2.188    0    0  (Gen:  0)
   521616      6168   3209776  0.000  0.000   12.548    2.188    0    0  (Gen:  0)
   521488      4048   3209632  0.000  0.000   12.548    2.188    0    0  (Gen:  0)
   521728      3936   3209608  0.000  0.000   12.549    2.188    0    0  (Gen:  0)
   521760      4200   3209888  0.000  0.000   12.550    2.188    0    0  (Gen:  0)
   521728      3984   3209720  0.000  0.000   12.550    2.188    0    0  (Gen:  0)
   521608      6488   3212240  0.000  0.000   12.551    2.188    0    0  (Gen:  0)
   521592      6368   3212184  0.000  0.000   12.551    2.189    0    0  (Gen:  0)
   521536      4112   3212336  0.000  0.000   12.552    2.189    0    0  (Gen:  0)
   521368      4080   3212336  0.000  0.000   12.552    2.189    0    0  (Gen:  0)
   521648      4088   3212376  0.000  0.000   12.553    2.189    0    0  (Gen:  0)
   521584      4032   3212336  0.000  0.000   12.554    2.189    0    0  (Gen:  0)
   521616      6352   3214672  0.000  0.000   12.554    2.189    0    0  (Gen:  0)
   521368      4096   3214544  0.000  0.000   12.555    2.189    0    0  (Gen:  0)
   521560      4336   3214872  0.000  0.000   12.555    2.189    0    0  (Gen:  0)
   521768      4104   3214672  0.000  0.000   12.556    2.189    0    0  (Gen:  0)
   521680      4048   3214704  0.000  0.000   12.556    2.190    0    0  (Gen:  0)
   521456      6624   3217312  0.000  0.000   12.557    2.190    0    0  (Gen:  0)
   521768      6584   3217336  0.000  0.000   12.557    2.190    0    0  (Gen:  0)
   521344      3976   3217224  0.000  0.000   12.558    2.190    0    0  (Gen:  0)
   521432      4144   3217408  0.000  0.000   12.558    2.190    0    0  (Gen:  0)
   521288      4048   3217360  0.000  0.000   12.559    2.190    0    0  (Gen:  0)
   521680      4432   3217760  0.000  0.000   12.559    2.190    0    0  (Gen:  0)
   521608      4176   3217776  0.000  0.000   12.560    2.190    0    0  (Gen:  0)
   521728      4208   3217968  0.000  0.000   12.560    2.191    0    0  (Gen:  0)
   521680      4528   3218320  0.000  0.000   12.561    2.191    0    0  (Gen:  0)
   521592      4328   3218376  0.000  0.000   12.562    2.191    0    0  (Gen:  0)
   521504      4384   3218664  0.000  0.000   12.562    2.191    0    0  (Gen:  0)
   521472      7336   3221960  0.000  0.000   12.563    2.191    0    0  (Gen:  0)
   521736      5792   3221936  0.000  0.000   12.563    2.191    0    0  (Gen:  0)
   521784      4248   3222048  0.000  0.000   12.564    2.191    0    0  (Gen:  0)
   521368      4160   3221992  0.000  0.000   12.564    2.191    0    0  (Gen:  0)
   521552      4264   3222184  0.000  0.000   12.565    2.191    0    0  (Gen:  0)
   521768      4016   3221968  0.000  0.000   12.565    2.192    0    0  (Gen:  0)
   521784      3968   3221968  0.000  0.000   12.566    2.192    0    0  (Gen:  0)
   521696      3864   3222024  0.000  0.000   12.566    2.192    0    0  (Gen:  0)
   521816      4112   3222304  0.000  0.000   12.567    2.192    0    0  (Gen:  0)
   521792      4008   3222232  0.000  0.000   12.567    2.192    0    0  (Gen:  0)
   521528      3976   3222216  0.000  0.000   12.568    2.192    0    0  (Gen:  0)
   521792      5888   3224144  0.000  0.000   12.568    2.192    0    0  (Gen:  0)
   521336      5912   3224248  0.000  0.000   12.569    2.192    0    0  (Gen:  0)
   521664      4248   3224432  0.000  0.000   12.569    2.193    0    0  (Gen:  0)
   521480      4016   3224232  0.000  0.000   12.570    2.193    0    0  (Gen:  0)
   521616      3936   3224240  0.000  0.000   12.571    2.193    0    0  (Gen:  0)
   521576      4272   3224608  0.000  0.000   12.571    2.193    0    0  (Gen:  0)
   521624      4192   3224576  0.000  0.000   12.572    2.193    0    0  (Gen:  0)
   521784      3992   3224464  0.000  0.000   12.572    2.193    0    0  (Gen:  0)
   521808      4240   3224728  0.000  0.000   12.573    2.193    0    0  (Gen:  0)
   521824      4088   3224624  0.000  0.000   12.573    2.193    0    0  (Gen:  0)
   521472      6808   3227360  0.000  0.000   12.574    2.193    0    0  (Gen:  0)
   521576      6616   3227232  0.000  0.000   12.574    2.194    0    0  (Gen:  0)
   521456      4088   3227288  0.000  0.000   12.575    2.194    0    0  (Gen:  0)
   521600      4080   3227312  0.000  0.000   12.575    2.194    0    0  (Gen:  0)
   521584      4096   3227360  0.000  0.000   12.576    2.194    0    0  (Gen:  0)
   521400      3992   3227272  0.000  0.000   12.576    2.194    0    0  (Gen:  0)
   521704      4520   3227816  0.000  0.000   12.577    2.194    0    0  (Gen:  0)
   521800      4248   3227832  0.000  0.000   12.577    2.194    0    0  (Gen:  0)
   521288      4392   3228064  0.000  0.000   12.578    2.194    0    0  (Gen:  0)
   521792      4064   3227992  0.000  0.000   12.578    2.194    0    0  (Gen:  0)
   521624      4440   3228448  0.000  0.000   12.579    2.195    0    0  (Gen:  0)
   521520      7776   3232144  0.000  0.000   12.580    2.195    0    0  (Gen:  0)
   521808      5992   3232184  0.000  0.000   12.580    2.195    0    0  (Gen:  0)
   521712      4064   3232176  0.000  0.000   12.581    2.195    0    0  (Gen:  0)
   521464      4240   3232368  0.000  0.000   12.581    2.195    0    0  (Gen:  0)
   521256      4136   3232312  0.000  0.000   12.582    2.195    0    0  (Gen:  0)
   521616      5984   3234176  0.000  0.000   12.582    2.195    0    0  (Gen:  0)
   521872      4176   3234048  0.000  0.000   12.583    2.195    0    0  (Gen:  0)
   521736      4176   3234208  0.000  0.000   12.583    2.196    0    0  (Gen:  0)
   521888      4232   3234296  0.000  0.000   12.584    2.196    0    0  (Gen:  0)
   521272      4232   3234328  0.000  0.000   12.584    2.196    0    0  (Gen:  0)
   521424      4120   3234232  0.000  0.000   12.585    2.196    0    0  (Gen:  0)
   521672      6408   3236536  0.000  0.000   12.585    2.196    0    0  (Gen:  0)
   521560      6352   3236560  0.000  0.000   12.586    2.196    0    0  (Gen:  0)
   521376      4864   3237368  0.000  0.000   12.587    2.196    0    0  (Gen:  0)
   521832      4912   3238240  0.000  0.000   12.587    2.196    0    0  (Gen:  0)
   521752      4008   3238160  0.000  0.000   12.588    2.197    0    0  (Gen:  0)
   521616      4224   3238392  0.000  0.000   12.588    2.197    0    0  (Gen:  0)
   521736      4152   3238368  0.000  0.000   12.589    2.197    0    0  (Gen:  0)
   521584      4080   3238456  0.000  0.000   12.589    2.197    0    0  (Gen:  0)
   521880      4192   3238600  0.000  0.000   12.590    2.197    0    0  (Gen:  0)
   521800      4176   3238616  0.000  0.000   12.590    2.197    0    0  (Gen:  0)
   521544      3728   3238184  0.000  0.000   12.591    2.197    0    0  (Gen:  0)
   521640      6160   3240632  0.000  0.000   12.591    2.197    0    0  (Gen:  0)
   521736      6136   3240688  0.000  0.000   12.592    2.197    0    0  (Gen:  0)
   521624      4176   3240784  0.000  0.000   12.592    2.198    0    0  (Gen:  0)
   521648      4016   3240656  0.000  0.000   12.593    2.198    0    0  (Gen:  0)
   521496      4112   3240840  0.000  0.000   12.593    2.198    0    0  (Gen:  0)
   521744      6008   3242768  0.000  0.000   12.594    2.198    0    0  (Gen:  0)
   521208      4216   3242792  0.000  0.000   12.595    2.198    0    0  (Gen:  0)
   521528      4088   3242752  0.000  0.000   12.595    2.198    0    0  (Gen:  0)
   521536      3888   3242568  0.000  0.000   12.596    2.198    0    0  (Gen:  0)
   521840      3920   3242648  0.000  0.000   12.596    2.198    0    0  (Gen:  0)
   521752      6640   3245384  0.000  0.000   12.597    2.199    0    0  (Gen:  0)
   521536      6248   3245056  0.000  0.000   12.597    2.199    0    0  (Gen:  0)
   521552      4176   3245400  0.000  0.000   12.598    2.199    0    0  (Gen:  0)
   521552      4136   3245392  0.000  0.000   12.598    2.199    0    0  (Gen:  0)
   521608      4152   3245440  0.000  0.000   12.599    2.199    0    0  (Gen:  0)
   521456      4048   3245352  0.000  0.000   12.599    2.199    0    0  (Gen:  0)
   521704      4496   3245816  0.000  0.000   12.600    2.199    0    0  (Gen:  0)
   521760      4192   3245800  0.000  0.000   12.600    2.199    0    0  (Gen:  0)
   521280      4296   3245992  0.000  0.000   12.601    2.199    0    0  (Gen:  0)
   521776      4080   3246032  0.000  0.000   12.601    2.200    0    0  (Gen:  0)
   521720      4432   3246464  0.000  0.000   12.602    2.200    0    0  (Gen:  0)
   521304      7808   3250200  0.000  0.000   12.602    2.200    0    0  (Gen:  0)
   521792      6328   3250224  0.000  0.000   12.603    2.200    0    0  (Gen:  0)
   521768      4048   3250128  0.000  0.000   12.604    2.200    0    0  (Gen:  0)
   521520      4104   3250200  0.000  0.000   12.604    2.200    0    0  (Gen:  0)
   521504      4192   3250336  0.000  0.000   12.605    2.200    0    0  (Gen:  0)
   521560      5616   3251768  0.000  0.000   12.605    2.200    0    0  (Gen:  0)
   521648      4768   3252200  0.000  0.000   12.606    2.200    0    0  (Gen:  0)
   521464      4008   3252304  0.000  0.000   12.606    2.201    0    0  (Gen:  0)
   521784      4008   3252336  0.000  0.000   12.607    2.201    0    0  (Gen:  0)
   521752      3920   3252280  0.000  0.000   12.607    2.201    0    0  (Gen:  0)
   521728      4024   3252472  0.000  0.000   12.608    2.201    0    0  (Gen:  0)
   521456      6504   3254984  0.000  0.000   12.608    2.201    0    0  (Gen:  0)
   521528      6296   3254840  0.000  0.000   12.609    2.201    0    0  (Gen:  0)
   521728      3976   3254856  0.000  0.000   12.610    2.201    0    0  (Gen:  0)
   521360      4224   3255120  0.000  0.000   12.610    2.201    0    0  (Gen:  0)
   521600      4088   3255032  0.000  0.000   12.611    2.202    0    0  (Gen:  0)
   521544      6328   3257288  0.000  0.000   12.611    2.202    0    0  (Gen:  0)
   521680      4024   3257096  0.000  0.000   12.612    2.202    0    0  (Gen:  0)
   521392      3936   3257168  0.000  0.000   12.612    2.202    0    0  (Gen:  0)
   521520      4152   3257416  0.000  0.000   12.613    2.202    0    0  (Gen:  0)
   521848      4048   3257344  0.000  0.000   12.613    2.202    0    0  (Gen:  0)
   521600      4064   3257376  0.000  0.000   12.614    2.202    0    0  (Gen:  0)
   521496      6792   3260120  0.000  0.000   12.614    2.202    0    0  (Gen:  0)
   521736      6768   3260176  0.000  0.000   12.615    2.203    0    0  (Gen:  0)
   521248      4064   3259968  0.000  0.000   12.615    2.203    0    0  (Gen:  0)
   521368      3936   3259872  0.000  0.000   12.616    2.203    0    0  (Gen:  0)
   521384      4064   3260088  0.000  0.000   12.616    2.203    0    0  (Gen:  0)
   521720      4584   3260640  0.000  0.000   12.617    2.203    0    0  (Gen:  0)
   521712      4160   3260488  0.000  0.000   12.617    2.203    0    0  (Gen:  0)
   521792      3944   3260360  0.000  0.000   12.618    2.203    0    0  (Gen:  0)
   521408      4376   3260808  0.000  0.000   12.618    2.203    0    0  (Gen:  0)
   521632      4376   3261080  0.000  0.000   12.619    2.203    0    0  (Gen:  0)
   521496      7568   3264512  0.000  0.000   12.620    2.204    0    0  (Gen:  0)
   521584      5704   3264472  0.000  0.000   12.620    2.204    0    0  (Gen:  0)
   521712      4040   3264536  0.000  0.000   12.621    2.204    0    0  (Gen:  0)
   521632      4192   3264720  0.000  0.000   12.621    2.204    0    0  (Gen:  0)
   521528      4144   3264704  0.000  0.000   12.622    2.204    0    0  (Gen:  0)
   521648      4000   3264576  0.000  0.000   12.622    2.204    0    0  (Gen:  0)
   521744      4344   3264936  0.000  0.000   12.623    2.204    0    0  (Gen:  0)
   521624      4248   3264904  0.000  0.000   12.623    2.204    0    0  (Gen:  0)
   521872      4208   3264952  0.000  0.000   12.624    2.204    0    0  (Gen:  0)
   521760      4160   3264936  0.000  0.000   12.624    2.205    0    0  (Gen:  0)
   521736      4232   3265096  0.000  0.000   12.625    2.205    0    0  (Gen:  0)
   521672      6072   3266968  0.000  0.000   12.625    2.205    0    0  (Gen:  0)
   521664      5880   3266840  0.000  0.000   12.626    2.205    0    0  (Gen:  0)
   521424      4080   3266960  0.000  0.000   12.626    2.205    0    0  (Gen:  0)
   521424      4056   3266968  0.000  0.000   12.627    2.205    0    0  (Gen:  0)
   521696      4064   3267008  0.000  0.000   12.627    2.205    0    0  (Gen:  0)
   521528      4008   3266968  0.000  0.000   12.628    2.205    0    0  (Gen:  0)
   521656      4328   3267304  0.000  0.000   12.628    2.206    0    0  (Gen:  0)
   521544      4208   3267248  0.000  0.000   12.629    2.206    0    0  (Gen:  0)
   521936      4232   3267360  0.000  0.000   12.629    2.206    0    0  (Gen:  0)
   521640      3952   3267112  0.000  0.000   12.630    2.206    0    0  (Gen:  0)
   521880      4136   3267384  0.000  0.000   12.630    2.206    0    0  (Gen:  0)
   521432      6736   3270016  0.000  0.000   12.631    2.206    0    0  (Gen:  0)
   521544      6616   3269960  0.000  0.000   12.632    2.206    0    0  (Gen:  0)
   521608      3952   3269808  0.000  0.000   12.632    2.206    0    0  (Gen:  0)
   521536      4200   3270072  0.000  0.000   12.633    2.206    0    0  (Gen:  0)
   521368      4024   3269944  0.000  0.000   12.633    2.207    0    0  (Gen:  0)
   521744      4720   3270648  0.000  0.000   12.634    2.207    0    0  (Gen:  0)
   521600      4248   3270456  0.000  0.000   12.634    2.207    0    0  (Gen:  0)
   521600      4080   3270480  0.000  0.000   12.635    2.207    0    0  (Gen:  0)
   521528      4296   3270712  0.000  0.000   12.635    2.207    0    0  (Gen:  0)
   521664      4400   3271088  0.000  0.000   12.636    2.207    0    0  (Gen:  0)
   521624      4360   3271288  0.000  0.000   12.636    2.207    0    0  (Gen:  0)
   521304      8176   3275496  0.000  0.000   12.637    2.207    0    0  (Gen:  0)
   521672      6248   3275280  0.000  0.000   12.637    2.208    0    0  (Gen:  0)
   521560      4248   3275568  0.000  0.000   12.638    2.208    0    0  (Gen:  0)
   521552      4176   3275528  0.000  0.000   12.638    2.208    0    0  (Gen:  0)
   521744      4088   3275528  0.000  0.000   12.639    2.208    0    0  (Gen:  0)
   521624      5856   3277328  0.000  0.000   12.640    2.208    0    0  (Gen:  0)
   521584      4176   3277328  0.000  0.000   12.640    2.208    0    0  (Gen:  0)
   521576      4104   3277344  0.000  0.000   12.641    2.208    0    0  (Gen:  0)
   521720      4296   3277552  0.000  0.000   12.641    2.208    0    0  (Gen:  0)
   521728      4160   3277464  0.000  0.000   12.642    2.208    0    0  (Gen:  0)
   521744      6584   3279904  0.000  0.000   12.642    2.209    0    0  (Gen:  0)
   521424      6464   3279848  0.000  0.000   12.643    2.209    0    0  (Gen:  0)
   521536      4560   3280336  0.000  0.000   12.643    2.209    0    0  (Gen:  0)
   521472      5568   3281760  0.000  0.000   12.644    2.209    0    0  (Gen:  0)
   521568      3952   3281592  0.000  0.000   12.644    2.209    0    0  (Gen:  0)
   521504      4040   3281768  0.000  0.000   12.645    2.209    0    0  (Gen:  0)
   521568      4240   3282000  0.000  0.000   12.645    2.209    0    0  (Gen:  0)
   521520      4104   3281912  0.000  0.000   12.646    2.209    0    0  (Gen:  0)
   521728      3904   3281800  0.000  0.000   12.646    2.210    0    0  (Gen:  0)
   521744      4128   3282040  0.000  0.000   12.647    2.210    0    0  (Gen:  0)
   521744      4040   3282000  0.000  0.000   12.647    2.210    0    0  (Gen:  0)
   521600      6368   3284344  0.000  0.000   12.648    2.210    0    0  (Gen:  0)
   521224      6160   3284200  0.000  0.000   12.649    2.210    0    0  (Gen:  0)
   521456      3888   3284056  0.000  0.000   12.649    2.210    0    0  (Gen:  0)
   521712      4096   3284296  0.000  0.000   12.650    2.210    0    0  (Gen:  0)
   521432      4136   3284368  0.000  0.000   12.650    2.210    0    0  (Gen:  0)
   521664      4104   3284352  0.000  0.000   12.651    2.210    0    0  (Gen:  0)
   521568      6136   3286400  0.000  0.000   12.651    2.211    0    0  (Gen:  0)
   521680      4040   3286136  0.000  0.000   12.652    2.211    0    0  (Gen:  0)
   521560      4280   3286464  0.000  0.000   12.652    2.211    0    0  (Gen:  0)
   521336      4152   3286368  0.000  0.000   12.653    2.211    0    0  (Gen:  0)
   521368      3960   3286264  0.000  0.000   12.653    2.211    0    0  (Gen:  0)
   521584      6376   3288712  0.000  0.000   12.654    2.211    0    0  (Gen:  0)
   521592      6440   3288840  0.000  0.000   12.655    2.211    0    0  (Gen:  0)
   521496      3832   3288576  0.000  0.000   12.655    2.211    0    0  (Gen:  0)
   521648      4168   3288928  0.000  0.000   12.656    2.212    0    0  (Gen:  0)
   521288      4048   3288856  0.000  0.000   12.656    2.212    0    0  (Gen:  0)
   521664      4576   3289400  0.000  0.000   12.657    2.212    0    0  (Gen:  0)
   521392      3944   3289040  0.000  0.000   12.657    2.212    0    0  (Gen:  0)
   521336      4064   3289320  0.000  0.000   12.658    2.212    0    0  (Gen:  0)
   521648      4416   3289704  0.000  0.000   12.658    2.212    0    0  (Gen:  0)
   521832      4360   3289904  0.000  0.000   12.659    2.212    0    0  (Gen:  0)
   521848      4416   3290200  0.000  0.000   12.659    2.212    0    0  (Gen:  0)
   521536      7776   3293960  0.000  0.000   12.660    2.212    0    0  (Gen:  0)
   521432      6192   3293736  0.000  0.000   12.661    2.213    0    0  (Gen:  0)
   521824      4304   3294032  0.000  0.000   12.661    2.213    0    0  (Gen:  0)
   521320      4160   3293920  0.000  0.000   12.662    2.213    0    0  (Gen:  0)
   521680      4040   3293888  0.000  0.000   12.662    2.213    0    0  (Gen:  0)
   521480      6280   3296160  0.000  0.000   12.663    2.213    0    0  (Gen:  0)
   521784      4216   3296072  0.000  0.000   12.663    2.213    0    0  (Gen:  0)
   521624      4072   3296016  0.000  0.000   12.664    2.213    0    0  (Gen:  0)
   521840      4392   3296352  0.000  0.000   12.664    2.213    0    0  (Gen:  0)
   521792      3840   3295848  0.000  0.000   12.665    2.214    0    0  (Gen:  0)
   521576      3912   3295936  0.000  0.000   12.665    2.214    0    0  (Gen:  0)
   521552      6448   3298488  0.000  0.000   12.666    2.214    0    0  (Gen:  0)
   521512      6368   3298488  0.000  0.000   12.666    2.214    0    0  (Gen:  0)
   521616      4128   3298584  0.000  0.000   12.667    2.214    0    0  (Gen:  0)
   521544      4040   3298528  0.000  0.000   12.667    2.214    0    0  (Gen:  0)
   521496      4080   3298656  0.000  0.000   12.668    2.214    0    0  (Gen:  0)
   521184      6360   3300968  0.000  0.000   12.669    2.214    0    0  (Gen:  0)
   521608      4000   3300720  0.000  0.000   12.669    2.214    0    0  (Gen:  0)
   521624      3952   3300760  0.000  0.000   12.670    2.215    0    0  (Gen:  0)
   521840      4184   3301008  0.000  0.000   12.670    2.215    0    0  (Gen:  0)
   521800      4096   3300968  0.000  0.000   12.671    2.215    0    0  (Gen:  0)
   521440      6624   3303512  0.000  0.000   12.671    2.215    0    0  (Gen:  0)
   521328      6592   3303544  0.000  0.000   12.672    2.215    0    0  (Gen:  0)
   521376      4112   3303632  0.000  0.000   12.672    2.215    0    0  (Gen:  0)
   521640      4104   3303656  0.000  0.000   12.673    2.215    0    0  (Gen:  0)
   521592      4176   3303760  0.000  0.000   12.673    2.215    0    0  (Gen:  0)
   521472      4120   3303720  0.000  0.000   12.674    2.216    0    0  (Gen:  0)
   521720      4352   3303968  0.000  0.000   12.674    2.216    0    0  (Gen:  0)
   521624      4136   3304040  0.000  0.000   12.675    2.216    0    0  (Gen:  0)
   521784      4464   3304456  0.000  0.000   12.675    2.216    0    0  (Gen:  0)
   521600      3920   3304168  0.000  0.000   12.676    2.216    0    0  (Gen:  0)
   521496      4536   3304872  0.000  0.000   12.676    2.216    0    0  (Gen:  0)
   521360      7480   3308232  0.000  0.000   12.677    2.216    0    0  (Gen:  0)
   521856      5744   3308160  0.000  0.000   12.678    2.216    0    0  (Gen:  0)
   521584      4048   3308120  0.000  0.000   12.678    2.216    0    0  (Gen:  0)
   521528      4128   3308216  0.000  0.000   12.679    2.217    0    0  (Gen:  0)
   521480      4120   3308256  0.000  0.000   12.679    2.217    0    0  (Gen:  0)
   521664      4208   3308360  0.000  0.000   12.680    2.217    0    0  (Gen:  0)
   521552      4176   3308376  0.000  0.000   12.680    2.217    0    0  (Gen:  0)
   521728      4208   3308568  0.000  0.000   12.681    2.217    0    0  (Gen:  0)
   521888      4208   3308600  0.000  0.000   12.681    2.217    0    0  (Gen:  0)
   521288      4192   3308616  0.000  0.000   12.682    2.217    0    0  (Gen:  0)
   521384      3976   3308416  0.000  0.000   12.682    2.217    0    0  (Gen:  0)
   521560      5696   3310152  0.000  0.000   12.683    2.218    0    0  (Gen:  0)
   521408      5872   3310408  0.000  0.000   12.683    2.218    0    0  (Gen:  0)
   521584      3880   3310264  0.000  0.000   12.684    2.218    0    0  (Gen:  0)
   521728      4112   3310512  0.000  0.000   12.685    2.218    0    0  (Gen:  0)
   521408      3920   3310368  0.000  0.000   12.685    2.218    0    0  (Gen:  0)
   521528      4352   3310816  0.000  0.000   12.686    2.218    0    0  (Gen:  0)
   521600      4096   3310608  0.000  0.000   12.686    2.218    0    0  (Gen:  0)
   521568      4136   3310808  0.000  0.000   12.687    2.218    0    0  (Gen:  0)
   521744      4168   3310872  0.000  0.000   12.687    2.218    0    0  (Gen:  0)
   521832      3976   3310712  0.000  0.000   12.688    2.219    0    0  (Gen:  0)
   521520      4008   3310760  0.000  0.000   12.688    2.219    0    0  (Gen:  0)
   521592      6624   3313392  0.000  0.000   12.689    2.219    0    0  (Gen:  0)
   521488      6672   3313520  0.000  0.000   12.689    2.219    0    0  (Gen:  0)
   521544      4208   3313568  0.000  0.000   12.690    2.219    0    0  (Gen:  0)
   521656      4080   3313472  0.000  0.000   12.690    2.219    0    0  (Gen:  0)
   521376      4104   3313584  0.000  0.000   12.691    2.219    0    0  (Gen:  0)
   521680      4432   3313944  0.000  0.000   12.691    2.219    0    0  (Gen:  0)
   521752      4248   3314032  0.000  0.000   12.692    2.220    0    0  (Gen:  0)
   521320      3952   3313824  0.000  0.000   12.692    2.220    0    0  (Gen:  0)
   521736      4528   3314408  0.000  0.000   12.693    2.220    0    0  (Gen:  0)
   521688      4392   3314536  0.000  0.000   12.693    2.220    0    0  (Gen:  0)
   521456      8008   3318376  0.000  0.000   12.694    2.220    0    0  (Gen:  0)
   521712      6008   3318360  0.000  0.000   12.695    2.220    0    0  (Gen:  0)
   521800      4136   3318480  0.000  0.000   12.695    2.220    0    0  (Gen:  0)
   521584      4168   3318544  0.000  0.000   12.696    2.220    0    0  (Gen:  0)
   521208      4160   3318568  0.000  0.000   12.696    2.220    0    0  (Gen:  0)
   521576      4080   3318504  0.000  0.000   12.697    2.221    0    0  (Gen:  0)
   521784      5984   3320424  0.000  0.000   12.697    2.221    0    0  (Gen:  0)
   521808      4264   3320400  0.000  0.000   12.698    2.221    0    0  (Gen:  0)
   521808      4000   3320224  0.000  0.000   12.698    2.221    0    0  (Gen:  0)
   521480      3976   3320232  0.000  0.000   12.699    2.221    0    0  (Gen:  0)
   521344      4096   3320440  0.000  0.000   12.699    2.221    0    0  (Gen:  0)
   521632      6584   3322960  0.000  0.000   12.700    2.221    0    0  (Gen:  0)
   521568      6408   3322848  0.000  0.000   12.700    2.221    0    0  (Gen:  0)
   521304      4552   3323288  0.000  0.000   12.701    2.222    0    0  (Gen:  0)
   521896      5552   3324632  0.000  0.000   12.701    2.222    0    0  (Gen:  0)
   521712      4176   3324560  0.000  0.000   12.702    2.222    0    0  (Gen:  0)
   521776      4464   3324864  0.000  0.000   12.702    2.222    0    0  (Gen:  0)
   521600      4128   3324576  0.000  0.000   12.703    2.222    0    0  (Gen:  0)
   521600      3984   3324592  0.000  0.000   12.704    2.222    0    0  (Gen:  0)
   521896      4024   3324664  0.000  0.000   12.704    2.222    0    0  (Gen:  0)
   521736      3968   3324640  0.000  0.000   12.705    2.222    0    0  (Gen:  0)
   521800      4040   3324800  0.000  0.000   12.705    2.222    0    0  (Gen:  0)
   521408      6184   3326976  0.000  0.000   12.706    2.223    0    0  (Gen:  0)
   521752      6160   3327016  0.000  0.000   12.706    2.223    0    0  (Gen:  0)
   521672      3992   3326904  0.000  0.000   12.707    2.223    0    0  (Gen:  0)
   521608      3992   3326920  0.000  0.000   12.707    2.223    0    0  (Gen:  0)
   521472      4136   3327112  0.000  0.000   12.708    2.223    0    0  (Gen:  0)
   521824      5936   3328928  0.000  0.000   12.708    2.223    0    0  (Gen:  0)
   521248      4136   3328944  0.000  0.000   12.709    2.223    0    0  (Gen:  0)
   521456      3952   3328920  0.000  0.000   12.709    2.223    0    0  (Gen:  0)
   521512      4056   3329056  0.000  0.000   12.710    2.224    0    0  (Gen:  0)
   521872      4136   3329168  0.000  0.000   12.710    2.224    0    0  (Gen:  0)
   521640      3976   3329024  0.000  0.000   12.711    2.224    0    0  (Gen:  0)
   521600      6560   3331624  0.000  0.000   12.711    2.224    0    0  (Gen:  0)
   521568      6520   3331664  0.000  0.000   12.712    2.224    0    0  (Gen:  0)
   521664      4264   3331752  0.000  0.000   12.713    2.224    0    0  (Gen:  0)
   521472      4192   3331712  0.000  0.000   12.713    2.224    0    0  (Gen:  0)
   521560      4160   3331768  0.000  0.000   12.714    2.224    0    0  (Gen:  0)
   521648      4440   3332080  0.000  0.000   12.714    2.224    0    0  (Gen:  0)
   521744      4120   3332032  0.000  0.000   12.715    2.225    0    0  (Gen:  0)
   521360      3992   3331992  0.000  0.000   12.715    2.225    0    0  (Gen:  0)
   521696      4384   3332400  0.000  0.000   12.716    2.225    0    0  (Gen:  0)
   521624      4360   3332648  0.000  0.000   12.716    2.225    0    0  (Gen:  0)
   521536      8064   3336592  0.000  0.000   12.717    2.225    0    0  (Gen:  0)
   521608      6248   3336440  0.000  0.000   12.717    2.225    0    0  (Gen:  0)
   521736      4152   3336600  0.000  0.000   12.718    2.225    0    0  (Gen:  0)
   521648      4016   3336496  0.000  0.000   12.718    2.225    0    0  (Gen:  0)
   521608      4120   3336632  0.000  0.000   12.719    2.226    0    0  (Gen:  0)
   521360      4024   3336552  0.000  0.000   12.719    2.226    0    0  (Gen:  0)
   521656      6200   3338744  0.000  0.000   12.720    2.226    0    0  (Gen:  0)
   521408      4232   3338768  0.000  0.000   12.721    2.226    0    0  (Gen:  0)
   521808      4264   3338888  0.000  0.000   12.721    2.226    0    0  (Gen:  0)
   521792      4104   3338760  0.000  0.000   12.722    2.226    0    0  (Gen:  0)
   521736      4176   3338920  0.000  0.000   12.722    2.226    0    0  (Gen:  0)
   521504      6656   3341432  0.000  0.000   12.723    2.226    0    0  (Gen:  0)
   521656      6072   3340912  0.000  0.000   12.723    2.226    0    0  (Gen:  0)
   521528      3928   3341104  0.000  0.000   12.724    2.227    0    0  (Gen:  0)
   521400      4128   3341320  0.000  0.000   12.724    2.227    0    0  (Gen:  0)
   521576      3992   3341232  0.000  0.000   12.725    2.227    0    0  (Gen:  0)
   521656      3880   3341136  0.000  0.000   12.725    2.227    0    0  (Gen:  0)
   521584      6176   3343448  0.000  0.000   12.726    2.227    0    0  (Gen:  0)
   521392      4040   3343440  0.000  0.000   12.726    2.227    0    0  (Gen:  0)
   521560      4280   3343768  0.000  0.000   12.727    2.227    0    0  (Gen:  0)
   521720      3968   3343488  0.000  0.000   12.727    2.227    0    0  (Gen:  0)
   521736      4120   3343728  0.000  0.000   12.728    2.228    0    0  (Gen:  0)
   521456      6608   3346248  0.000  0.000   12.729    2.228    0    0  (Gen:  0)
   521832      6712   3346416  0.000  0.000   12.729    2.228    0    0  (Gen:  0)
   521224      3920   3346120  0.000  0.000   12.730    2.228    0    0  (Gen:  0)
   521432      4168   3346384  0.000  0.000   12.730    2.228    0    0  (Gen:  0)
   521248      4160   3346424  0.000  0.000   12.731    2.228    0    0  (Gen:  0)
   521776      4480   3346760  0.000  0.000   12.731    2.228    0    0  (Gen:  0)
   521576      4064   3346616  0.000  0.000   12.732    2.228    0    0  (Gen:  0)
   521872      4056   3346768  0.000  0.000   12.732    2.228    0    0  (Gen:  0)
   521440      4488   3347232  0.000  0.000   12.733    2.229    0    0  (Gen:  0)
   521600      4512   3347512  0.000  0.000   12.734    2.229    0    0  (Gen:  0)
   521608      4280   3347520  0.000  0.000   12.734    2.229    0    0  (Gen:  0)
   521504      7352   3350992  0.000  0.000   12.735    2.229    0    0  (Gen:  0)
   521720      5608   3350768  0.000  0.000   12.735    2.229    0    0  (Gen:  0)
   521704      4208   3351024  0.000  0.000   12.736    2.229    0    0  (Gen:  0)
   521392      4104   3350952  0.000  0.000   12.736    2.229    0    0  (Gen:  0)
   521672      3960   3350896  0.000  0.000   12.737    2.229    0    0  (Gen:  0)
   521664      4368   3351336  0.000  0.000   12.737    2.230    0    0  (Gen:  0)
   521872      4344   3351360  0.000  0.000   12.738    2.230    0    0  (Gen:  0)
   521584      4008   3351112  0.000  0.000   12.738    2.230    0    0  (Gen:  0)
   521880      4240   3351360  0.000  0.000   12.739    2.230    0    0  (Gen:  0)
   521712      4152   3351320  0.000  0.000   12.739    2.230    0    0  (Gen:  0)
   521664      6184   3353368  0.000  0.000   12.740    2.230    0    0  (Gen:  0)
   521672      5984   3353232  0.000  0.000   12.741    2.230    0    0  (Gen:  0)
   521424      4232   3353400  0.000  0.000   12.741    2.230    0    0  (Gen:  0)
   521568      4176   3353376  0.000  0.000   12.742    2.230    0    0  (Gen:  0)
   521544      4288   3353520  0.000  0.000   12.742    2.231    0    0  (Gen:  0)
   521544      4216   3353464  0.000  0.000   12.743    2.231    0    0  (Gen:  0)
   521640      4144   3353408  0.000  0.000   12.743    2.231    0    0  (Gen:  0)
   521632      4136   3353464  0.000  0.000   12.744    2.231    0    0  (Gen:  0)
   521800      3920   3353336  0.000  0.000   12.744    2.231    0    0  (Gen:  0)
   521800      4000   3353432  0.000  0.000   12.745    2.231    0    0  (Gen:  0)
   521776      4048   3353528  0.000  0.000   12.745    2.231    0    0  (Gen:  0)
   521568      6752   3356248  0.000  0.000   12.746    2.231    0    0  (Gen:  0)
   521520      6480   3356040  0.000  0.000   12.746    2.232    0    0  (Gen:  0)
   521552      4168   3356312  0.000  0.000   12.747    2.232    0    0  (Gen:  0)
   521440      4208   3356384  0.000  0.000   12.747    2.232    0    0  (Gen:  0)
   521592      4040   3356248  0.000  0.000   12.748    2.232    0    0  (Gen:  0)
   521544      3968   3356192  0.000  0.000   12.748    2.232    0    0  (Gen:  0)
   521680      4456   3356688  0.000  0.000   12.749    2.232    0    0  (Gen:  0)
   521736      4256   3356720  0.000  0.000   12.750    2.232    0    0  (Gen:  0)
   521336      4416   3357032  0.000  0.000   12.750    2.232    0    0  (Gen:  0)
   521728      4176   3357048  0.000  0.000   12.751    2.232    0    0  (Gen:  0)
   521640      4384   3357336  0.000  0.000   12.751    2.233    0    0  (Gen:  0)
   521496      7944   3361256  0.000  0.000   12.752    2.233    0    0  (Gen:  0)
   521824      5888   3361024  0.000  0.000   12.752    2.233    0    0  (Gen:  0)
   521704      3936   3360992  0.000  0.000   12.753    2.233    0    0  (Gen:  0)
   521416      4144   3361216  0.000  0.000   12.753    2.233    0    0  (Gen:  0)
   521232      4048   3361168  0.000  0.000   12.754    2.233    0    0  (Gen:  0)
   521744      5912   3363048  0.000  0.000   12.754    2.233    0    0  (Gen:  0)
   521880      4248   3363064  0.000  0.000   12.755    2.233    0    0  (Gen:  0)
   521728      4080   3363056  0.000  0.000   12.755    2.234    0    0  (Gen:  0)
   521832      4192   3363200  0.000  0.000   12.756    2.234    0    0  (Gen:  0)
   521208      4208   3363248  0.000  0.000   12.756    2.234    0    0  (Gen:  0)
   521368      3952   3363008  0.000  0.000   12.757    2.234    0    0  (Gen:  0)
   521816      6520   3365592  0.000  0.000   12.758    2.234    0    0  (Gen:  0)
   521512      6280   3365432  0.000  0.000   12.758    2.234    0    0  (Gen:  0)
   521496      5752   3367208  0.000  0.000   12.759    2.234    0    0  (Gen:  0)
   521720      4088   3367152  0.000  0.000   12.759    2.234    0    0  (Gen:  0)
   521720      4176   3367328  0.000  0.000   12.760    2.234    0    0  (Gen:  0)
   521624      4352   3367536  0.000  0.000   12.760    2.235    0    0  (Gen:  0)
   521824      4144   3367376  0.000  0.000   12.761    2.235    0    0  (Gen:  0)
   521576      4016   3367336  0.000  0.000   12.761    2.235    0    0  (Gen:  0)
   521912      4296   3367632  0.000  0.000   12.762    2.235    0    0  (Gen:  0)
   521712      4176   3367560  0.000  0.000   12.762    2.235    0    0  (Gen:  0)
   521592      5280   3368680  0.000  0.000   12.763    2.235    0    0  (Gen:  0)
   521624      6024   3369488  0.000  0.000   12.764    2.235    0    0  (Gen:  0)
   521752      4920   3369528  0.000  0.000   12.764    2.235    0    0  (Gen:  0)
   521592      4136   3369656  0.000  0.000   12.765    2.236    0    0  (Gen:  0)
   521592      3976   3369528  0.000  0.000   12.765    2.236    0    0  (Gen:  0)
   521520      4136   3369776  0.000  0.000   12.766    2.236    0    0  (Gen:  0)
   521792      5952   3371624  0.000  0.000   12.766    2.236    0    0  (Gen:  0)
   521208      4160   3371648  0.000  0.000   12.767    2.236    0    0  (Gen:  0)
   521520      3992   3371568  0.000  0.000   12.767    2.236    0    0  (Gen:  0)
   521560      4240   3371832  0.000  0.000   12.768    2.236    0    0  (Gen:  0)
   521872      4136   3371776  0.000  0.000   12.768    2.236    0    0  (Gen:  0)
   521696      6568   3374224  0.000  0.000   12.769    2.236    0    0  (Gen:  0)
   521496      6296   3374016  0.000  0.000   12.769    2.237    0    0  (Gen:  0)
   521632      4064   3374200  0.000  0.000   12.770    2.237    0    0  (Gen:  0)
   521528      4120   3374288  0.000  0.000   12.770    2.237    0    0  (Gen:  0)
   521600      4096   3374296  0.000  0.000   12.771    2.237    0    0  (Gen:  0)
   521544      4024   3374240  0.000  0.000   12.771    2.237    0    0  (Gen:  0)
   521664      4520   3374752  0.000  0.000   12.772    2.237    0    0  (Gen:  0)
   521712      4136   3374656  0.000  0.000   12.772    2.237    0    0  (Gen:  0)
   521328      4456   3375056  0.000  0.000   12.773    2.237    0    0  (Gen:  0)
   521696      4152   3374952  0.000  0.000   12.773    2.238    0    0  (Gen:  0)
   521680      4384   3375336  0.000  0.000   12.774    2.238    0    0  (Gen:  0)
   521400      7648   3379016  0.000  0.000   12.775    2.238    0    0  (Gen:  0)
   521816      6456   3379328  0.000  0.000   12.775    2.238    0    0  (Gen:  0)
   521704      4008   3379064  0.000  0.000   12.776    2.238    0    0  (Gen:  0)
   521608      4096   3379168  0.000  0.000   12.776    2.238    0    0  (Gen:  0)
   521368      4096   3379216  0.000  0.000   12.777    2.238    0    0  (Gen:  0)
   521624      6248   3381384  0.000  0.000   12.777    2.238    0    0  (Gen:  0)
   521664      4144   3381256  0.000  0.000   12.778    2.238    0    0  (Gen:  0)
   521424      4128   3381400  0.000  0.000   12.778    2.239    0    0  (Gen:  0)
   521752      4184   3381488  0.000  0.000   12.779    2.239    0    0  (Gen:  0)
   521872      4232   3381568  0.000  0.000   12.779    2.239    0    0  (Gen:  0)
   521600      3976   3381328  0.000  0.000   12.780    2.239    0    0  (Gen:  0)
   521512      6648   3384016  0.000  0.000   12.781    2.239    0    0  (Gen:  0)
   521480      6472   3383920  0.000  0.000   12.781    2.239    0    0  (Gen:  0)
   521784      4248   3384032  0.000  0.000   12.782    2.239    0    0  (Gen:  0)
   521368      4160   3383976  0.000  0.000   12.782    2.239    0    0  (Gen:  0)
   521552      4264   3384168  0.000  0.000   12.783    2.240    0    0  (Gen:  0)
   521568      6288   3386224  0.000  0.000   12.783    2.240    0    0  (Gen:  0)
   521680      4064   3386112  0.000  0.000   12.784    2.240    0    0  (Gen:  0)
   521408      3880   3386088  0.000  0.000   12.784    2.240    0    0  (Gen:  0)
   521544      4152   3386392  0.000  0.000   12.785    2.240    0    0  (Gen:  0)
   521736      4048   3386320  0.000  0.000   12.785    2.240    0    0  (Gen:  0)
   521704      3992   3386280  0.000  0.000   12.786    2.240    0    0  (Gen:  0)
   521528      6656   3388960  0.000  0.000   12.786    2.240    0    0  (Gen:  0)
   521736      6544   3388928  0.000  0.000   12.787    2.240    0    0  (Gen:  0)
   521248      4280   3389160  0.000  0.000   12.788    2.241    0    0  (Gen:  0)
   521232      3800   3388712  0.000  0.000   12.788    2.241    0    0  (Gen:  0)
   521472      4008   3389008  0.000  0.000   12.789    2.241    0    0  (Gen:  0)
   521688      4512   3389536  0.000  0.000   12.789    2.241    0    0  (Gen:  0)
   521792      4168   3389408  0.000  0.000   12.790    2.241    0    0  (Gen:  0)
   521736      3992   3389384  0.000  0.000   12.790    2.241    0    0  (Gen:  0)
   521480      4488   3389896  0.000  0.000   12.791    2.241    0    0  (Gen:  0)
   521520      4344   3390024  0.000  0.000   12.791    2.241    0    0  (Gen:  0)
   521504      7432   3393352  0.000  0.000   12.792    2.242    0    0  (Gen:  0)
   521608      5664   3393408  0.000  0.000   12.792    2.242    0    0  (Gen:  0)
   521840      3920   3393392  0.000  0.000   12.793    2.242    0    0  (Gen:  0)
   521440      4152   3393656  0.000  0.000   12.793    2.242    0    0  (Gen:  0)
   521592      4104   3393640  0.000  0.000   12.794    2.242    0    0  (Gen:  0)
   521544      4032   3393584  0.000  0.000   12.794    2.242    0    0  (Gen:  0)
   521872      4160   3393728  0.000  0.000   12.795    2.242    0    0  (Gen:  0)
   521704      4184   3393816  0.001  0.000   12.797    2.242    0    0  (Gen:  0)
   521848      4192   3393912  0.000  0.000   12.797    2.243    0    0  (Gen:  0)
   521696      4104   3393856  0.000  0.000   12.798    2.243    0    0  (Gen:  0)
   521728      4136   3393976  0.000  0.000   12.798    2.243    0    0  (Gen:  0)
   521712      5984   3395856  0.000  0.000   12.799    2.243    0    0  (Gen:  0)
   521632      6024   3395960  0.000  0.000   12.799    2.243    0    0  (Gen:  0)
   521336      4048   3395832  0.000  0.000   12.800    2.243    0    0  (Gen:  0)
   521552      4152   3395952  0.000  0.000   12.800    2.243    0    0  (Gen:  0)
   521616      3928   3395776  0.000  0.000   12.801    2.243    0    0  (Gen:  0)
   521632      4336   3396200  0.000  0.000   12.801    2.244    0    0  (Gen:  0)
   521592      4232   3396144  0.000  0.000   12.802    2.244    0    0  (Gen:  0)
   521568      4248   3396320  0.000  0.000   12.802    2.244    0    0  (Gen:  0)
   521912      4304   3396408  0.000  0.000   12.803    2.244    0    0  (Gen:  0)
   521720      4344   3396480  0.000  0.000   12.803    2.244    0    0  (Gen:  0)
   521800      3840   3395992  0.000  0.000   12.804    2.244    0    0  (Gen:  0)
   521360      6712   3398880  0.001  0.000   12.805    2.244    0    0  (Gen:  0)
   521560      6560   3398808  0.001  0.000   12.807    2.245    0    0  (Gen:  0)
   521616      3976   3398736  0.001  0.000   12.808    2.245    0    0  (Gen:  0)
   521560      4024   3398800  0.001  0.000   12.809    2.245    0    0  (Gen:  0)
   521392      3968   3398792  0.001  0.000   12.810    2.245    0    0  (Gen:  0)
   521752      4408   3399248  0.001  0.000   12.812    2.245    0    0  (Gen:  0)
   521584      4120   3399232  0.001  0.000   12.813    2.245    0    0  (Gen:  0)
   521552      4048   3399320  0.001  0.000   12.814    2.246    0    0  (Gen:  0)
   521568      4080   3399376  0.000  0.000   12.815    2.246    0    0  (Gen:  0)
   521680      4344   3399840  0.000  0.000   12.815    2.246    0    0  (Gen:  0)
   521536      4608   3400344  0.000  0.000   12.816    2.246    0    0  (Gen:  0)
   521624      7600   3403896  0.000  0.000   12.816    2.246    0    0  (Gen:  0)
   521856      6040   3403856  0.000  0.000   12.817    2.246    0    0  (Gen:  0)
   521576      4264   3404000  0.000  0.000   12.817    2.246    0    0  (Gen:  0)
   521320      4024   3403792  0.000  0.000   12.818    2.246    0    0  (Gen:  0)
   521408      4192   3404048  0.000  0.000   12.818    2.247    0    0  (Gen:  0)
   521840      5720   3405608  0.000  0.000   12.819    2.247    0    0  (Gen:  0)
   521872      4152   3405720  0.000  0.000   12.820    2.247    0    0  (Gen:  0)
   521624      3936   3405592  0.000  0.000   12.820    2.247    0    0  (Gen:  0)
   521728      4168   3405840  0.000  0.000   12.821    2.247    0    0  (Gen:  0)
   521288      4048   3405768  0.000  0.000   12.821    2.247    0    0  (Gen:  0)
   521496      6616   3408352  0.000  0.000   12.822    2.247    0    0  (Gen:  0)
   521720      6352   3408152  0.000  0.000   12.822    2.247    0    0  (Gen:  0)
   521376      4480   3408672  0.000  0.000   12.823    2.248    0    0  (Gen:  0)
   521704      5696   3410304  0.000  0.000   12.823    2.248    0    0  (Gen:  0)
   521736      3984   3410040  0.000  0.000   12.824    2.248    0    0  (Gen:  0)
   521776      4008   3410080  0.000  0.000   12.824    2.248    0    0  (Gen:  0)
   521536      4344   3410432  0.000  0.000   12.825    2.248    0    0  (Gen:  0)
   521696      4264   3410416  0.000  0.000   12.825    2.248    0    0  (Gen:  0)
   521856      4176   3410416  0.000  0.000   12.826    2.248    0    0  (Gen:  0)
   521720      4088   3410360  0.000  0.000   12.827    2.248    0    0  (Gen:  0)
   521720      4176   3410536  0.000  0.000   12.827    2.249    0    0  (Gen:  0)
   521496      6352   3412744  0.000  0.000   12.828    2.249    0    0  (Gen:  0)
   521808      6200   3412656  0.000  0.000   12.828    2.249    0    0  (Gen:  0)
   521696      4088   3412600  0.000  0.000   12.829    2.249    0    0  (Gen:  0)
   521504      4320   3412848  0.000  0.000   12.829    2.249    0    0  (Gen:  0)
   521488      3840   3412416  0.000  0.000   12.830    2.249    0    0  (Gen:  0)
   521736      3824   3412416  0.000  0.000   12.830    2.249    0    0  (Gen:  0)
   521552      5984   3414592  0.000  0.000   12.831    2.249    0    0  (Gen:  0)
   521248      4192   3414632  0.000  0.000   12.831    2.249    0    0  (Gen:  0)
   521576      4120   3414648  0.000  0.000   12.832    2.250    0    0  (Gen:  0)
   521792      3960   3414520  0.000  0.000   12.832    2.250    0    0  (Gen:  0)
   521752      4040   3414688  0.000  0.000   12.833    2.250    0    0  (Gen:  0)
   521496      6424   3417104  0.000  0.000   12.834    2.250    0    0  (Gen:  0)
   521728      6448   3417192  0.000  0.000   12.834    2.250    0    0  (Gen:  0)
   521496      3992   3417080  0.000  0.000   12.835    2.250    0    0  (Gen:  0)
   521664      4096   3417200  0.000  0.000   12.835    2.250    0    0  (Gen:  0)
   521384      3936   3417088  0.000  0.000   12.836    2.250    0    0  (Gen:  0)
   521752      4352   3417512  0.000  0.000   12.836    2.251    0    0  (Gen:  0)
   521560      4112   3417488  0.000  0.000   12.837    2.251    0    0  (Gen:  0)
   521600      4080   3417680  0.000  0.000   12.837    2.251    0    0  (Gen:  0)
   521576      4408   3418032  0.000  0.000   12.838    2.251    0    0  (Gen:  0)
   521616      4376   3418200  0.000  0.000   12.838    2.251    0    0  (Gen:  0)
   521544      4616   3418672  0.000  0.000   12.839    2.251    0    0  (Gen:  0)
   521512      7208   3421768  0.000  0.000   12.839    2.251    0    0  (Gen:  0)
   521840      6088   3421848  0.000  0.000   12.840    2.251    0    0  (Gen:  0)
   521592      4224   3422168  0.000  0.000   12.841    2.251    0    0  (Gen:  0)
   521664      4176   3422152  0.000  0.000   12.841    2.252    0    0  (Gen:  0)
   521432      3992   3422056  0.000  0.000   12.842    2.252    0    0  (Gen:  0)
   521576      6096   3424192  0.000  0.000   12.842    2.252    0    0  (Gen:  0)
   521576      4120   3424192  0.000  0.000   12.843    2.252    0    0  (Gen:  0)
   521648      4032   3424192  0.000  0.000   12.843    2.252    0    0  (Gen:  0)
   521704      4240   3424416  0.000  0.000   12.844    2.252    0    0  (Gen:  0)
   521800      4152   3424376  0.000  0.000   12.844    2.252    0    0  (Gen:  0)
   521536      6528   3426768  0.000  0.000   12.845    2.252    0    0  (Gen:  0)
   521664      6456   3426760  0.000  0.000   12.845    2.253    0    0  (Gen:  0)
   521408      4040   3426752  0.000  0.000   12.846    2.253    0    0  (Gen:  0)
   521632      4192   3426936  0.000  0.000   12.846    2.253    0    0  (Gen:  0)
   521528      4144   3426920  0.000  0.000   12.847    2.253    0    0  (Gen:  0)
   521648      4000   3426792  0.000  0.000   12.847    2.253    0    0  (Gen:  0)
   521504      6256   3429064  0.000  0.000   12.848    2.253    0    0  (Gen:  0)
   521504      4264   3429200  0.000  0.000   12.849    2.253    0    0  (Gen:  0)
   521544      4376   3429400  0.000  0.000   12.849    2.253    0    0  (Gen:  0)
   521584      4272   3429328  0.000  0.000   12.850    2.253    0    0  (Gen:  0)
   521752      3944   3429088  0.000  0.000   12.850    2.254    0    0  (Gen:  0)
   521576      6576   3431752  0.000  0.000   12.851    2.254    0    0  (Gen:  0)
   521576      6504   3431744  0.000  0.000   12.851    2.254    0    0  (Gen:  0)
   521568      4136   3431944  0.000  0.000   12.852    2.254    0    0  (Gen:  0)
   521424      4112   3431952  0.000  0.000   12.852    2.254    0    0  (Gen:  0)
   521200      4064   3431936  0.000  0.000   12.853    2.254    0    0  (Gen:  0)
   521544      3992   3431880  0.000  0.000   12.854    2.254    0    0  (Gen:  0)
   521704      4520   3432424  0.000  0.000   12.854    2.254    0    0  (Gen:  0)
   521800      4248   3432440  0.000  0.000   12.855    2.255    0    0  (Gen:  0)
   521640      4296   3432576  0.000  0.000   12.855    2.255    0    0  (Gen:  0)
   521528      4056   3432592  0.000  0.000   12.856    2.255    0    0  (Gen:  0)
   521520      4456   3433072  0.000  0.000   12.856    2.255    0    0  (Gen:  0)
   521456      7464   3436440  0.000  0.000   12.857    2.255    0    0  (Gen:  0)
   521760      5888   3436528  0.000  0.000   12.857    2.255    0    0  (Gen:  0)
   521696      3944   3436240  0.000  0.000   12.858    2.255    0    0  (Gen:  0)
   521480      4296   3436608  0.000  0.000   12.858    2.255    0    0  (Gen:  0)
   521544      4192   3436552  0.000  0.000   12.859    2.255    0    0  (Gen:  0)
   521600      4152   3436528  0.000  0.000   12.860    2.256    0    0  (Gen:  0)
   521904      4120   3436544  0.000  0.000   12.860    2.256    0    0  (Gen:  0)
   521608      4152   3436736  0.000  0.000   12.861    2.256    0    0  (Gen:  0)
   521936      3976   3436592  0.000  0.000   12.861    2.256    0    0  (Gen:  0)
   521744      4136   3436784  0.000  0.000   12.862    2.256    0    0  (Gen:  0)
   521640      3976   3436640  0.000  0.000   12.862    2.256    0    0  (Gen:  0)
   521760      6000   3438680  0.000  0.000   12.863    2.256    0    0  (Gen:  0)
   521392      5808   3438568  0.000  0.000   12.863    2.256    0    0  (Gen:  0)
   521616      4216   3438824  0.000  0.000   12.864    2.257    0    0  (Gen:  0)
   521504      3992   3438632  0.000  0.000   12.864    2.257    0    0  (Gen:  0)
   521496      3976   3438704  0.000  0.000   12.865    2.257    0    0  (Gen:  0)
   521520      4200   3438960  0.000  0.000   12.865    2.257    0    0  (Gen:  0)
   521872      4264   3439072  0.000  0.000   12.866    2.257    0    0  (Gen:  0)
   521576      4048   3438944  0.000  0.000   12.866    2.257    0    0  (Gen:  0)
   521832      4176   3439088  0.000  0.000   12.867    2.257    0    0  (Gen:  0)
   521776      4176   3439136  0.000  0.000   12.867    2.257    0    0  (Gen:  0)
   521672      6880   3441856  0.000  0.000   12.868    2.257    0    0  (Gen:  0)
   521440      6784   3441824  0.000  0.000   12.869    2.258    0    0  (Gen:  0)
   521488      3928   3441552  0.000  0.000   12.869    2.258    0    0  (Gen:  0)
   521576      4136   3441792  0.000  0.000   12.870    2.258    0    0  (Gen:  0)
   521680      3992   3441680  0.000  0.000   12.870    2.258    0    0  (Gen:  0)
   521408      3880   3441656  0.000  0.000   12.871    2.258    0    0  (Gen:  0)
   521688      4424   3442232  0.000  0.000   12.871    2.258    0    0  (Gen:  0)
   521752      4192   3442272  0.000  0.000   12.872    2.258    0    0  (Gen:  0)
   521280      3864   3442032  0.000  0.000   12.872    2.258    0    0  (Gen:  0)
   521768      4320   3442496  0.000  0.000   12.873    2.259    0    0  (Gen:  0)
   521728      4320   3442712  0.000  0.000   12.873    2.259    0    0  (Gen:  0)
   521416      7992   3446624  0.000  0.000   12.874    2.259    0    0  (Gen:  0)
   521760      5912   3446528  0.000  0.000   12.875    2.259    0    0  (Gen:  0)
   521832      4192   3446800  0.000  0.000   12.875    2.259    0    0  (Gen:  0)
   521488      4208   3446848  0.000  0.000   12.876    2.259    0    0  (Gen:  0)
   521224      4152   3446824  0.000  0.000   12.876    2.259    0    0  (Gen:  0)
   521472      4032   3446720  0.000  0.000   12.877    2.259    0    0  (Gen:  0)
   521912      5888   3448592  0.000  0.000   12.877    2.259    0    0  (Gen:  0)
   521792      4248   3448648  0.000  0.000   12.878    2.260    0    0  (Gen:  0)
   521840      4264   3448752  0.000  0.000   12.878    2.260    0    0  (Gen:  0)
   521320      4192   3448712  0.000  0.000   12.879    2.260    0    0  (Gen:  0)
   521424      4248   3448856  0.000  0.000   12.879    2.260    0    0  (Gen:  0)
   521616      6488   3451128  0.000  0.000   12.880    2.260    0    0  (Gen:  0)
   521600      6464   3451168  0.000  0.000   12.881    2.260    0    0  (Gen:  0)
   521440      4304   3451312  0.000  0.000   12.881    2.260    0    0  (Gen:  0)
   521792      5424   3452832  0.000  0.000   12.882    2.260    0    0  (Gen:  0)
   521696      4136   3452848  0.000  0.000   12.882    2.261    0    0  (Gen:  0)
   521736      4352   3453080  0.000  0.000   12.883    2.261    0    0  (Gen:  0)
   521656      4168   3452944  0.000  0.000   12.883    2.261    0    0  (Gen:  0)
   521568      4208   3453144  0.000  0.000   12.884    2.261    0    0  (Gen:  0)
   521920      4280   3453248  0.000  0.000   12.884    2.261    0    0  (Gen:  0)
   521736      3984   3452984  0.000  0.000   12.885    2.261    0    0  (Gen:  0)
   521736      3904   3452920  0.000  0.000   12.885    2.261    0    0  (Gen:  0)
   521424      6296   3455328  0.000  0.000   12.886    2.261    0    0  (Gen:  0)
   521752      6232   3455344  0.000  0.000   12.887    2.261    0    0  (Gen:  0)
   521776      4144   3455312  0.000  0.000   12.887    2.262    0    0  (Gen:  0)
   521496      4104   3455304  0.000  0.000   12.888    2.262    0    0  (Gen:  0)
   521488      4168   3455456  0.000  0.000   12.888    2.262    0    0  (Gen:  0)
   521848      6080   3457400  0.000  0.000   12.889    2.262    0    0  (Gen:  0)
   521256      4344   3457480  0.000  0.000   12.889    2.262    0    0  (Gen:  0)
   521488      4056   3457280  0.000  0.000   12.890    2.262    0    0  (Gen:  0)
   521512      4072   3457312  0.000  0.000   12.890    2.262    0    0  (Gen:  0)
   521744      3976   3457264  0.000  0.000   12.891    2.262    0    0  (Gen:  0)
   521768      4008   3457312  0.000  0.000   12.891    2.263    0    0  (Gen:  0)
   521576      6440   3459760  0.000  0.000   12.892    2.263    0    0  (Gen:  0)
   521496      6144   3459544  0.000  0.000   12.892    2.263    0    0  (Gen:  0)
   521584      4192   3459936  0.000  0.000   12.893    2.263    0    0  (Gen:  0)
   521656      4064   3459840  0.000  0.000   12.893    2.263    0    0  (Gen:  0)
   521528      3936   3459800  0.000  0.000   12.894    2.263    0    0  (Gen:  0)
   521648      4464   3460360  0.000  0.000   12.894    2.263    0    0  (Gen:  0)
   521776      4264   3460432  0.000  0.000   12.895    2.263    0    0  (Gen:  0)
   521232      3728   3459984  0.000  0.000   12.896    2.263    0    0  (Gen:  0)
   521784      4448   3460720  0.000  0.000   12.896    2.264    0    0  (Gen:  0)
   521736      4304   3460848  0.000  0.000   12.897    2.264    0    0  (Gen:  0)
   521328      7968   3464752  0.000  0.000   12.897    2.264    0    0  (Gen:  0)
   521744      6200   3464648  0.000  0.000   12.898    2.264    0    0  (Gen:  0)
   521752      4136   3464840  0.000  0.000   12.898    2.264    0    0  (Gen:  0)
   521512      4136   3464872  0.000  0.000   12.899    2.264    0    0  (Gen:  0)
   521584      4104   3464872  0.000  0.000   12.899    2.264    0    0  (Gen:  0)
   521472      4048   3464832  0.000  0.000   12.900    2.264    0    0  (Gen:  0)
   521672      6112   3466912  0.000  0.000   12.900    2.265    0    0  (Gen:  0)
   521488      4248   3467040  0.000  0.000   12.901    2.265    0    0  (Gen:  0)
   521680      4120   3467000  0.000  0.000   12.901    2.265    0    0  (Gen:  0)
   521864      4064   3466976  0.000  0.000   12.902    2.265    0    0  (Gen:  0)
   521720      4152   3467152  0.000  0.000   12.903    2.265    0    0  (Gen:  0)
   521456      6632   3469664  0.000  0.000   12.903    2.265    0    0  (Gen:  0)
   521552      6408   3469504  0.000  0.000   12.904    2.265    0    0  (Gen:  0)
   521680      4048   3469480  0.000  0.000   12.904    2.265    0    0  (Gen:  0)
   521416      4248   3469696  0.000  0.000   12.905    2.265    0    0  (Gen:  0)
   521568      3992   3469488  0.000  0.000   12.905    2.266    0    0  (Gen:  0)
   521544      6432   3471944  0.000  0.000   12.906    2.266    0    0  (Gen:  0)
   521544      4264   3471888  0.000  0.000   12.906    2.266    0    0  (Gen:  0)
   521544      4152   3471936  0.000  0.000   12.907    2.266    0    0  (Gen:  0)
   521472      4184   3472000  0.000  0.000   12.907    2.266    0    0  (Gen:  0)
   521848      4232   3472080  0.000  0.000   12.908    2.266    0    0  (Gen:  0)
   521672      4136   3472000  0.000  0.000   12.908    2.266    0    0  (Gen:  0)
   521456      6920   3474800  0.000  0.000   12.909    2.266    0    0  (Gen:  0)
   521768      6280   3474240  0.000  0.000   12.910    2.267    0    0  (Gen:  0)
   521288      3912   3474368  0.000  0.000   12.910    2.267    0    0  (Gen:  0)
   521376      4096   3474568  0.000  0.000   12.911    2.267    0    0  (Gen:  0)
   521272      3832   3474352  0.000  0.000   12.911    2.267    0    0  (Gen:  0)
   521680      4456   3474984  0.000  0.000   12.912    2.267    0    0  (Gen:  0)
   521728      4256   3475000  0.000  0.000   12.912    2.267    0    0  (Gen:  0)
   521808      4024   3474992  0.000  0.000   12.913    2.267    0    0  (Gen:  0)
   521448      4224   3475216  0.000  0.000   12.913    2.267    0    0  (Gen:  0)
   521560      4400   3475592  0.000  0.000   12.914    2.267    0    0  (Gen:  0)
   521688      4720   3476144  0.000  0.000   12.914    2.268    0    0  (Gen:  0)
   521456      7000   3479088  0.000  0.000   12.915    2.268    0    0  (Gen:  0)
   521792      5592   3478880  0.000  0.000   12.915    2.268    0    0  (Gen:  0)
   521600      4208   3479152  0.000  0.000   12.916    2.268    0    0  (Gen:  0)
   521496      4064   3479040  0.000  0.000   12.916    2.268    0    0  (Gen:  0)
   521592      4080   3479144  0.000  0.000   12.917    2.268    0    0  (Gen:  0)
   521808      4312   3479408  0.000  0.000   12.918    2.268    0    0  (Gen:  0)
   521640      4072   3479216  0.000  0.000   12.918    2.268    0    0  (Gen:  0)
   521744      4032   3479264  0.000  0.000   12.919    2.269    0    0  (Gen:  0)
   521848      4224   3479472  0.000  0.000   12.919    2.269    0    0  (Gen:  0)
   521768      4120   3479416  0.000  0.000   12.920    2.269    0    0  (Gen:  0)
   521584      6112   3481424  0.000  0.000   12.920    2.269    0    0  (Gen:  0)
   521712      5928   3481304  0.000  0.000   12.921    2.269    0    0  (Gen:  0)
   521432      3888   3481184  0.000  0.000   12.921    2.269    0    0  (Gen:  0)
   521536      4136   3481464  0.000  0.000   12.922    2.269    0    0  (Gen:  0)
   521584      4160   3481520  0.000  0.000   12.922    2.269    0    0  (Gen:  0)
   521544      4088   3481464  0.000  0.000   12.923    2.269    0    0  (Gen:  0)
   521520      4384   3481776  0.000  0.000   12.923    2.270    0    0  (Gen:  0)
   521728      4232   3481688  0.000  0.000   12.924    2.270    0    0  (Gen:  0)
   521872      4168   3481712  0.000  0.000   12.924    2.270    0    0  (Gen:  0)
   521728      4024   3481600  0.000  0.000   12.925    2.270    0    0  (Gen:  0)
   521720      4168   3481832  0.000  0.000   12.925    2.270    0    0  (Gen:  0)
   521552      6544   3484240  0.000  0.000   12.926    2.270    0    0  (Gen:  0)
   521576      6688   3484448  0.000  0.000   12.927    2.270    0    0  (Gen:  0)
   521528      4048   3484320  0.000  0.000   12.927    2.270    0    0  (Gen:  0)
   521520      4104   3484392  0.000  0.000   12.928    2.271    0    0  (Gen:  0)
   521504      4192   3484528  0.000  0.000   12.928    2.271    0    0  (Gen:  0)
   521584      4960   3485312  0.000  0.000   12.929    2.271    0    0  (Gen:  0)
   521656      4040   3484664  0.000  0.000   12.929    2.271    0    0  (Gen:  0)
   521712      3984   3484768  0.000  0.000   12.930    2.271    0    0  (Gen:  0)
   521368      4296   3485104  0.000  0.000   12.930    2.271    0    0  (Gen:  0)
   521744      3968   3484976  0.000  0.000   12.931    2.271    0    0  (Gen:  0)
   521576      4472   3485624  0.000  0.000   12.931    2.271    0    0  (Gen:  0)
   521560      7848   3489360  0.000  0.000   12.932    2.271    0    0  (Gen:  0)
   521824      6024   3489360  0.000  0.000   12.933    2.272    0    0  (Gen:  0)
   521728      3992   3489248  0.000  0.000   12.933    2.272    0    0  (Gen:  0)
   521304      4136   3489408  0.000  0.000   12.934    2.272    0    0  (Gen:  0)
   521248      3872   3489192  0.000  0.000   12.934    2.272    0    0  (Gen:  0)
   521808      6000   3491336  0.000  0.000   12.935    2.272    0    0  (Gen:  0)
   521896      4064   3491080  0.000  0.000   12.935    2.272    0    0  (Gen:  0)
   521688      4112   3491288  0.000  0.000   12.936    2.272    0    0  (Gen:  0)
   521864      4184   3491392  0.000  0.000   12.936    2.272    0    0  (Gen:  0)
   521224      4072   3491312  0.000  0.000   12.937    2.273    0    0  (Gen:  0)
   521336      3904   3491160  0.000  0.000   12.937    2.273    0    0  (Gen:  0)
   521800      6576   3493848  0.000  0.000   12.938    2.273    0    0  (Gen:  0)
   521472      6464   3493816  0.000  0.000   12.939    2.273    0    0  (Gen:  0)
   521648      5744   3495400  0.000  0.000   12.939    2.273    0    0  (Gen:  0)
   521624      4008   3495272  0.000  0.000   12.940    2.273    0    0  (Gen:  0)
   521832      4192   3495544  0.000  0.000   12.940    2.273    0    0  (Gen:  0)
   521576      4232   3495616  0.000  0.000   12.941    2.273    0    0  (Gen:  0)
   521752      4224   3495656  0.000  0.000   12.941    2.273    0    0  (Gen:  0)
   521576      3992   3495512  0.000  0.000   12.942    2.274    0    0  (Gen:  0)
   521944      4168   3495704  0.000  0.000   12.942    2.274    0    0  (Gen:  0)
   521696      4136   3495720  0.000  0.000   12.943    2.274    0    0  (Gen:  0)
   521584      6192   3497792  0.000  0.000   12.943    2.274    0    0  (Gen:  0)
   521648      6128   3497792  0.000  0.000   12.944    2.274    0    0  (Gen:  0)
   521760      3984   3497776  0.000  0.000   12.944    2.274    0    0  (Gen:  0)
   521488      4208   3498032  0.000  0.000   12.945    2.274    0    0  (Gen:  0)
   521624      4088   3497944  0.000  0.000   12.945    2.274    0    0  (Gen:  0)
   521592      4016   3497888  0.000  0.000   12.946    2.275    0    0  (Gen:  0)
   521712      6192   3500080  0.000  0.000   12.947    2.275    0    0  (Gen:  0)
   521232      4152   3499872  0.000  0.000   12.947    2.275    0    0  (Gen:  0)
   521576      4160   3499968  0.000  0.000   12.948    2.275    0    0  (Gen:  0)
   521576      4088   3499928  0.000  0.000   12.948    2.275    0    0  (Gen:  0)
   521776      4152   3500080  0.000  0.000   12.949    2.275    0    0  (Gen:  0)
   521696      6432   3502392  0.000  0.000   12.949    2.275    0    0  (Gen:  0)
   521584      6296   3502320  0.000  0.000   12.950    2.275    0    0  (Gen:  0)
   521520      3896   3502336  0.000  0.000   12.950    2.275    0    0  (Gen:  0)
   521616      4152   3502624  0.000  0.000   12.951    2.276    0    0  (Gen:  0)
   521544      4064   3502568  0.000  0.000   12.951    2.276    0    0  (Gen:  0)
   521560      3976   3502496  0.000  0.000   12.952    2.276    0    0  (Gen:  0)
   521704      4384   3502912  0.000  0.000   12.952    2.276    0    0  (Gen:  0)
   521704      4160   3502920  0.000  0.000   12.953    2.276    0    0  (Gen:  0)
   521352      4360   3503272  0.000  0.000   12.953    2.276    0    0  (Gen:  0)
   521736      4080   3503248  0.000  0.000   12.954    2.276    0    0  (Gen:  0)
   521544      4384   3503632  0.000  0.000   12.955    2.276    0    0  (Gen:  0)
   521440      7824   3507432  0.000  0.000   12.955    2.277    0    0  (Gen:  0)
   521824      6184   3507296  0.000  0.000   12.956    2.277    0    0  (Gen:  0)
   521720      4048   3507344  0.000  0.000   12.956    2.277    0    0  (Gen:  0)
   521528      4152   3507464  0.000  0.000   12.957    2.277    0    0  (Gen:  0)
   521376      4088   3507448  0.000  0.000   12.957    2.277    0    0  (Gen:  0)
   521768      6280   3509656  0.000  0.000   12.958    2.277    0    0  (Gen:  0)
   521568      4136   3509488  0.000  0.000   12.958    2.277    0    0  (Gen:  0)
   521520      4176   3509688  0.000  0.000   12.959    2.277    0    0  (Gen:  0)
   521696      4208   3509752  0.000  0.000   12.959    2.277    0    0  (Gen:  0)
   521888      3912   3509488  0.000  0.000   12.960    2.278    0    0  (Gen:  0)
   521568      3848   3509440  0.000  0.000   12.961    2.278    0    0  (Gen:  0)
   521552      6504   3512112  0.000  0.000   12.961    2.278    0    0  (Gen:  0)
   521472      6416   3512104  0.000  0.000   12.962    2.278    0    0  (Gen:  0)
   521680      4184   3512208  0.000  0.000   12.962    2.278    0    0  (Gen:  0)
   521408      4064   3512120  0.000  0.000   12.963    2.278    0    0  (Gen:  0)
   521632      4136   3512280  0.000  0.000   12.963    2.278    0    0  (Gen:  0)
   521560      6344   3514520  0.000  0.000   12.964    2.278    0    0  (Gen:  0)
   521592      4128   3514416  0.000  0.000   12.964    2.279    0    0  (Gen:  0)
   521384      4048   3514424  0.000  0.000   12.965    2.279    0    0  (Gen:  0)
   521600      4200   3514592  0.000  0.000   12.965    2.279    0    0  (Gen:  0)
   521776      4120   3514560  0.000  0.000   12.966    2.279    0    0  (Gen:  0)
   521584      6680   3517136  0.000  0.000   12.966    2.279    0    0  (Gen:  0)
   521616      6512   3517032  0.000  0.000   12.967    2.279    0    0  (Gen:  0)
   521664      4096   3517184  0.000  0.000   12.968    2.279    0    0  (Gen:  0)
   521328      4232   3517352  0.000  0.000   12.968    2.279    0    0  (Gen:  0)
   521272      4232   3517384  0.000  0.000   12.969    2.279    0    0  (Gen:  0)
   521464      4136   3517304  0.000  0.000   12.969    2.280    0    0  (Gen:  0)
   521664      4344   3517528  0.000  0.000   12.970    2.280    0    0  (Gen:  0)
   521808      4096   3517568  0.000  0.000   12.970    2.280    0    0  (Gen:  0)
   521728      3896   3517456  0.000  0.000   12.971    2.280    0    0  (Gen:  0)
   521432      4240   3517808  0.000  0.000   12.971    2.280    0    0  (Gen:  0)
   521584      4232   3518016  0.000  0.000   12.972    2.280    0    0  (Gen:  0)
   521384      7568   3521592  0.000  0.000   12.972    2.280    0    0  (Gen:  0)
   521680      5720   3521568  0.000  0.000   12.973    2.280    0    0  (Gen:  0)
   521856      4192   3521768  0.000  0.000   12.973    2.281    0    0  (Gen:  0)
   521360      3888   3521496  0.000  0.000   12.974    2.281    0    0  (Gen:  0)
   521664      4080   3521720  0.000  0.000   12.975    2.281    0    0  (Gen:  0)
   521568      3936   3521592  0.000  0.000   12.975    2.281    0    0  (Gen:  0)
   521912      4144   3521816  0.000  0.000   12.976    2.281    0    0  (Gen:  0)
   521536      4208   3521944  0.000  0.000   12.976    2.281    0    0  (Gen:  0)
   522040      4264   3522088  0.000  0.000   12.977    2.281    0    0  (Gen:  0)
   521544      3944   3521800  0.000  0.000   12.977    2.281    0    0  (Gen:  0)
   521912      4112   3522056  0.000  0.000   12.978    2.281    0    0  (Gen:  0)
   521552      6096   3524072  0.000  0.000   12.978    2.282    0    0  (Gen:  0)
   521600      5952   3523992  0.000  0.000   12.979    2.282    0    0  (Gen:  0)
   521424      4008   3523896  0.000  0.000   12.979    2.282    0    0  (Gen:  0)
   521544      4152   3524056  0.000  0.000   12.980    2.282    0    0  (Gen:  0)
   521608      4008   3523960  0.000  0.000   12.980    2.282    0    0  (Gen:  0)
   521552      4264   3524232  0.000  0.000   12.981    2.282    0    0  (Gen:  0)
   521696      4088   3524104  0.000  0.000   12.981    2.282    0    0  (Gen:  0)
   521568      4152   3524328  0.000  0.000   12.982    2.282    0    0  (Gen:  0)
   521920      4224   3524432  0.000  0.000   12.983    2.283    0    0  (Gen:  0)
   521728      4232   3524472  0.000  0.000   12.983    2.283    0    0  (Gen:  0)
   521680      3976   3524232  0.000  0.000   12.984    2.283    0    0  (Gen:  0)
   521464      6592   3526864  0.000  0.000   12.984    2.283    0    0  (Gen:  0)
   521504      6592   3526944  0.000  0.000   12.985    2.283    0    0  (Gen:  0)
   521632      4320   3527184  0.000  0.000   12.985    2.283    0    0  (Gen:  0)
   521480      4192   3527088  0.000  0.000   12.986    2.283    0    0  (Gen:  0)
   521544      4152   3527136  0.000  0.000   12.986    2.283    0    0  (Gen:  0)
   521728      4488   3527496  0.000  0.000   12.987    2.283    0    0  (Gen:  0)
   521616      4424   3527648  0.000  0.000   12.987    2.284    0    0  (Gen:  0)
   521480      4176   3527552  0.000  0.000   12.988    2.284    0    0  (Gen:  0)
   521568      4512   3527896  0.000  0.000   12.988    2.284    0    0  (Gen:  0)
   521760      4408   3528000  0.000  0.000   12.989    2.284    0    0  (Gen:  0)
   521496      5312   3529080  0.000  0.000   12.989    2.284    0    0  (Gen:  0)
   521720      6544   3531752  0.000  0.000   12.990    2.284    0    0  (Gen:  0)
   521752      5944   3531736  0.000  0.000   12.991    2.284    0    0  (Gen:  0)
   521584      4208   3531920  0.000  0.000   12.991    2.284    0    0  (Gen:  0)
   521280      3936   3531680  0.000  0.000   12.992    2.285    0    0  (Gen:  0)
   521440      3920   3531752  0.000  0.000   12.992    2.285    0    0  (Gen:  0)
   521872      5888   3533752  0.000  0.000   12.993    2.285    0    0  (Gen:  0)
   521776      4048   3533592  0.000  0.000   12.993    2.285    0    0  (Gen:  0)
   521648      3960   3533592  0.000  0.000   12.994    2.285    0    0  (Gen:  0)
   521696      4088   3533736  0.000  0.000   12.994    2.285    0    0  (Gen:  0)
   521240      3992   3533688  0.000  0.000   12.995    2.285    0    0  (Gen:  0)
   521680      6560   3536272  0.000  0.000   12.995    2.285    0    0  (Gen:  0)
   521616      6424   3536200  0.000  0.000   12.996    2.285    0    0  (Gen:  0)
   521416      4480   3536648  0.000  0.000   12.997    2.286    0    0  (Gen:  0)
   521712      5680   3538264  0.000  0.000   12.997    2.286    0    0  (Gen:  0)
   521744      4104   3538136  0.000  0.000   12.998    2.286    0    0  (Gen:  0)
   521728      4064   3538112  0.000  0.000   12.998    2.286    0    0  (Gen:  0)
   521624      4312   3538376  0.000  0.000   12.999    2.286    0    0  (Gen:  0)
   521608      3856   3537984  0.000  0.000   12.999    2.286    0    0  (Gen:  0)
   521968      4168   3538384  0.000  0.000   13.000    2.286    0    0  (Gen:  0)
   521624      4008   3538256  0.000  0.000   13.000    2.286    0    0  (Gen:  0)
   521832      4192   3538528  0.000  0.000   13.001    2.287    0    0  (Gen:  0)
   521304      6176   3540544  0.000  0.000   13.001    2.287    0    0  (Gen:  0)
   521936      6072   3540504  0.000  0.000   13.002    2.287    0    0  (Gen:  0)
   521648      3960   3540448  0.000  0.000   13.002    2.287    0    0  (Gen:  0)
   521488      4296   3540800  0.000  0.000   13.003    2.287    0    0  (Gen:  0)
   521448      4120   3540672  0.000  0.000   13.003    2.287    0    0  (Gen:  0)
   521816      5856   3542424  0.000  0.000   13.004    2.287    0    0  (Gen:  0)
   521480      4048   3542432  0.000  0.000   13.005    2.287    0    0  (Gen:  0)
   521344      4096   3542640  0.000  0.000   13.005    2.287    0    0  (Gen:  0)
   521552      4280   3542856  0.000  0.000   13.006    2.288    0    0  (Gen:  0)
   521800      4120   3542728  0.000  0.000   13.006    2.288    0    0  (Gen:  0)
   521744      3976   3542600  0.000  0.000   13.007    2.288    0    0  (Gen:  0)
   521552      6480   3545120  0.000  0.000   13.007    2.288    0    0  (Gen:  0)
   521608      6480   3545200  0.000  0.000   13.008    2.288    0    0  (Gen:  0)
   521568      4336   3545400  0.000  0.000   13.008    2.288    0    0  (Gen:  0)
   521544      4248   3545344  0.000  0.000   13.009    2.288    0    0  (Gen:  0)
   521528      4280   3545464  0.000  0.000   13.010    2.288    0    0  (Gen:  0)
   521736      4400   3545616  0.000  0.000   13.010    2.289    0    0  (Gen:  0)
   521584      4080   3545568  0.000  0.000   13.011    2.289    0    0  (Gen:  0)
   521504      4008   3545656  0.000  0.000   13.011    2.289    0    0  (Gen:  0)
   521592      4344   3546016  0.000  0.000   13.012    2.289    0    0  (Gen:  0)
   521736      4272   3546144  0.000  0.000   13.012    2.289    0    0  (Gen:  0)
   521448      4952   3547056  0.000  0.000   13.013    2.289    0    0  (Gen:  0)
   521544      7168   3550096  0.000  0.000   13.013    2.289    0    0  (Gen:  0)
   521864      6320   3550128  0.000  0.000   13.014    2.289    0    0  (Gen:  0)
   521552      4352   3550344  0.000  0.000   13.014    2.289    0    0  (Gen:  0)
   521640      3760   3549784  0.000  0.000   13.015    2.290    0    0  (Gen:  0)
   521392      4080   3550192  0.000  0.000   13.015    2.290    0    0  (Gen:  0)
   521672      6160   3552304  0.000  0.000   13.016    2.290    0    0  (Gen:  0)
   521440      4176   3552296  0.000  0.000   13.017    2.290    0    0  (Gen:  0)
   521728      4104   3552312  0.000  0.000   13.017    2.290    0    0  (Gen:  0)
   521736      4152   3552376  0.000  0.000   13.018    2.290    0    0  (Gen:  0)
   521768      4104   3552376  0.000  0.000   13.018    2.290    0    0  (Gen:  0)
   521608      6600   3554888  0.000  0.000   13.019    2.290    0    0  (Gen:  0)
   521568      6608   3554960  0.000  0.000   13.019    2.291    0    0  (Gen:  0)
   521512      3952   3554712  0.000  0.000   13.020    2.291    0    0  (Gen:  0)
   521480      4024   3554816  0.000  0.000   13.020    2.291    0    0  (Gen:  0)
   521576      4136   3554960  0.000  0.000   13.021    2.291    0    0  (Gen:  0)
   521560      3952   3554792  0.000  0.000   13.021    2.291    0    0  (Gen:  0)
   521680      6320   3557176  0.000  0.000   13.022    2.291    0    0  (Gen:  0)
   521360      4192   3557176  0.000  0.000   13.022    2.291    0    0  (Gen:  0)
   521600      4240   3557312  0.000  0.000   13.023    2.291    0    0  (Gen:  0)
   521632      4016   3557120  0.000  0.000   13.024    2.291    0    0  (Gen:  0)
   521776      4168   3557360  0.000  0.000   13.024    2.292    0    0  (Gen:  0)
   521496      6704   3559928  0.000  0.000   13.025    2.292    0    0  (Gen:  0)
   521656      6728   3560016  0.000  0.000   13.025    2.292    0    0  (Gen:  0)
   521480      3904   3559688  0.000  0.000   13.026    2.292    0    0  (Gen:  0)
   521400      4264   3560064  0.000  0.000   13.026    2.292    0    0  (Gen:  0)
   521240      4088   3559936  0.000  0.000   13.027    2.292    0    0  (Gen:  0)
   521624      4640   3560496  0.000  0.000   13.027    2.292    0    0  (Gen:  0)
   521688      4272   3560344  0.000  0.000   13.028    2.292    0    0  (Gen:  0)
   521752      4192   3560488  0.000  0.000   13.028    2.293    0    0  (Gen:  0)
   521592      4408   3560728  0.000  0.000   13.029    2.293    0    0  (Gen:  0)
   521552      4448   3560960  0.000  0.000   13.029    2.293    0    0  (Gen:  0)
   521576      4376   3561064  0.000  0.000   13.030    2.293    0    0  (Gen:  0)
   521448      7224   3564256  0.000  0.000   13.031    2.293    0    0  (Gen:  0)
   521808      5832   3564384  0.000  0.000   13.031    2.293    0    0  (Gen:  0)
   521704      3912   3564120  0.000  0.000   13.032    2.293    0    0  (Gen:  0)
   521432      4072   3564296  0.000  0.000   13.032    2.293    0    0  (Gen:  0)
   521536      4096   3564368  0.000  0.000   13.033    2.293    0    0  (Gen:  0)
   521688      4352   3564640  0.000  0.000   13.033    2.294    0    0  (Gen:  0)
   521856      4136   3564472  0.000  0.000   13.034    2.294    0    0  (Gen:  0)
   521560      4032   3564528  0.000  0.000   13.034    2.294    0    0  (Gen:  0)
   521904      4096   3564624  0.000  0.000   13.035    2.294    0    0  (Gen:  0)
   521832      3992   3564552  0.000  0.000   13.035    2.294    0    0  (Gen:  0)
   521552      3968   3564544  0.000  0.000   13.036    2.294    0    0  (Gen:  0)
   521744      6088   3566680  0.000  0.000   13.036    2.294    0    0  (Gen:  0)
   521408      5984   3566656  0.000  0.000   13.037    2.294    0    0  (Gen:  0)
   521592      4208   3566728  0.000  0.000   13.038    2.295    0    0  (Gen:  0)
   521544      4120   3566672  0.000  0.000   13.038    2.295    0    0  (Gen:  0)
   521584      4192   3566832  0.000  0.000   13.039    2.295    0    0  (Gen:  0)
   521520      4112   3566784  0.000  0.000   13.039    2.295    0    0  (Gen:  0)
   521704      4104   3566824  0.000  0.000   13.040    2.295    0    0  (Gen:  0)
   521664      4008   3566816  0.000  0.000   13.040    2.295    0    0  (Gen:  0)
   521912      3992   3566816  0.000  0.000   13.041    2.295    0    0  (Gen:  0)
   521760      4056   3566928  0.000  0.000   13.041    2.295    0    0  (Gen:  0)
   521552      6776   3569664  0.000  0.000   13.042    2.295    0    0  (Gen:  0)
   521544      6656   3569608  0.000  0.000   13.042    2.296    0    0  (Gen:  0)
   521448      4112   3569648  0.000  0.000   13.043    2.296    0    0  (Gen:  0)
   521608      4192   3569760  0.000  0.000   13.043    2.296    0    0  (Gen:  0)
   521592      4056   3569656  0.000  0.000   13.044    2.296    0    0  (Gen:  0)
   521384      4048   3569664  0.000  0.000   13.044    2.296    0    0  (Gen:  0)
   521736      4592   3570224  0.000  0.000   13.045    2.296    0    0  (Gen:  0)
   521776      4112   3570032  0.000  0.000   13.046    2.296    0    0  (Gen:  0)
   521264      4392   3570392  0.000  0.000   13.046    2.296    0    0  (Gen:  0)
   521792      4224   3570424  0.000  0.000   13.047    2.297    0    0  (Gen:  0)
   521704      4528   3570872  0.000  0.000   13.047    2.297    0    0  (Gen:  0)
   521464      7992   3574696  0.000  0.000   13.048    2.297    0    0  (Gen:  0)
   521768      6192   3574720  0.000  0.000   13.048    2.297    0    0  (Gen:  0)
   521752      3728   3574176  0.000  0.000   13.049    2.297    0    0  (Gen:  0)
   521496      4072   3574536  0.000  0.000   13.049    2.297    0    0  (Gen:  0)
   521176      4080   3574592  0.000  0.000   13.050    2.297    0    0  (Gen:  0)
   521600      3904   3574432  0.000  0.000   13.050    2.297    0    0  (Gen:  0)
   521904      5944   3576488  0.000  0.000   13.051    2.297    0    0  (Gen:  0)
   521760      4104   3576344  0.000  0.000   13.051    2.298    0    0  (Gen:  0)
   521872      4168   3576496  0.000  0.000   13.052    2.298    0    0  (Gen:  0)
   521304      3968   3576328  0.000  0.000   13.053    2.298    0    0  (Gen:  0)
   521408      4136   3576584  0.000  0.000   13.053    2.298    0    0  (Gen:  0)
   521672      6368   3578848  0.000  0.000   13.054    2.298    0    0  (Gen:  0)
   521568      6352   3578896  0.000  0.000   13.054    2.298    0    0  (Gen:  0)
   521392      4568   3579416  0.000  0.000   13.055    2.298    0    0  (Gen:  0)
   521792      5296   3580704  0.000  0.000   13.055    2.298    0    0  (Gen:  0)
   521792      4080   3580632  0.000  0.000   13.056    2.299    0    0  (Gen:  0)
   521608      4104   3580672  0.000  0.000   13.056    2.299    0    0  (Gen:  0)
   521680      4120   3580736  0.000  0.000   13.057    2.299    0    0  (Gen:  0)
   521608      4112   3580888  0.000  0.000   13.057    2.299    0    0  (Gen:  0)
   521928      4264   3581072  0.000  0.000   13.058    2.299    0    0  (Gen:  0)
   521744      4104   3580944  0.000  0.000   13.058    2.299    0    0  (Gen:  0)
   521600      4120   3580976  0.000  0.000   13.059    2.299    0    0  (Gen:  0)
   521536      6256   3583128  0.000  0.000   13.060    2.299    0    0  (Gen:  0)
   521792      6104   3583056  0.000  0.000   13.060    2.299    0    0  (Gen:  0)
   521720      4224   3583232  0.000  0.000   13.061    2.300    0    0  (Gen:  0)
   521544      4136   3583176  0.000  0.000   13.061    2.300    0    0  (Gen:  0)
   521480      4112   3583240  0.000  0.000   13.062    2.300    0    0  (Gen:  0)
   521800      6048   3585208  0.000  0.000   13.062    2.300    0    0  (Gen:  0)
   521208      4280   3585256  0.000  0.000   13.063    2.300    0    0  (Gen:  0)
   521552      3952   3585016  0.000  0.000   13.063    2.300    0    0  (Gen:  0)
   521504      4296   3585376  0.000  0.000   13.064    2.300    0    0  (Gen:  0)
   521784      4136   3585264  0.000  0.000   13.064    2.300    0    0  (Gen:  0)
   521792      6640   3587784  0.000  0.000   13.065    2.301    0    0  (Gen:  0)
   521544      6520   3587728  0.000  0.000   13.066    2.301    0    0  (Gen:  0)
   521480      4048   3587672  0.000  0.000   13.066    2.301    0    0  (Gen:  0)
   521544      4264   3587920  0.000  0.000   13.067    2.301    0    0  (Gen:  0)
   521696      4128   3587816  0.000  0.000   13.067    2.301    0    0  (Gen:  0)
   521448      4104   3587808  0.000  0.000   13.068    2.301    0    0  (Gen:  0)
   521672      4504   3588224  0.000  0.000   13.068    2.301    0    0  (Gen:  0)
   521824      4216   3588224  0.000  0.000   13.069    2.301    0    0  (Gen:  0)
   521248      4608   3588696  0.000  0.000   13.069    2.301    0    0  (Gen:  0)
   521752      4296   3588584  0.000  0.000   13.070    2.302    0    0  (Gen:  0)
   521760      4392   3588824  0.000  0.000   13.070    2.302    0    0  (Gen:  0)
   521304      7808   3592600  0.000  0.000   13.071    2.302    0    0  (Gen:  0)
   521784      6192   3592488  0.000  0.000   13.072    2.302    0    0  (Gen:  0)
   521752      4080   3592632  0.000  0.000   13.072    2.302    0    0  (Gen:  0)
   521488      4008   3592592  0.000  0.000   13.073    2.302    0    0  (Gen:  0)
   521584      4024   3592640  0.000  0.000   13.073    2.302    0    0  (Gen:  0)
   521528      4024   3592656  0.000  0.000   13.074    2.302    0    0  (Gen:  0)
   521664      6256   3594904  0.000  0.000   13.074    2.303    0    0  (Gen:  0)
   521440      3832   3594472  0.000  0.000   13.075    2.303    0    0  (Gen:  0)
   521688      4208   3594936  0.000  0.000   13.075    2.303    0    0  (Gen:  0)
   521872      3968   3594728  0.000  0.000   13.076    2.303    0    0  (Gen:  0)
   521688      4120   3594968  0.000  0.000   13.076    2.303    0    0  (Gen:  0)
   521496      6408   3597288  0.000  0.000   13.077    2.303    0    0  (Gen:  0)
   521488      6496   3597440  0.000  0.000   13.077    2.303    0    0  (Gen:  0)
   521672      4048   3597328  0.000  0.000   13.078    2.303    0    0  (Gen:  0)
   521480      4128   3597424  0.000  0.000   13.078    2.303    0    0  (Gen:  0)
   521536      4152   3597496  0.000  0.000   13.079    2.304    0    0  (Gen:  0)
   521576      6336   3599696  0.000  0.000   13.080    2.304    0    0  (Gen:  0)
   521664      3976   3599448  0.000  0.000   13.080    2.304    0    0  (Gen:  0)
   521440      4080   3599712  0.000  0.000   13.081    2.304    0    0  (Gen:  0)
   521400      4152   3599816  0.000  0.000   13.081    2.304    0    0  (Gen:  0)
   521912      4048   3599744  0.000  0.000   13.082    2.304    0    0  (Gen:  0)
   521632      4048   3599760  0.000  0.000   13.082    2.304    0    0  (Gen:  0)
   521464      6704   3602432  0.000  0.000   13.083    2.304    0    0  (Gen:  0)
   521768      6616   3602424  0.000  0.000   13.083    2.305    0    0  (Gen:  0)
   521216      4320   3602624  0.000  0.000   13.084    2.305    0    0  (Gen:  0)
   521376      4144   3602480  0.000  0.000   13.084    2.305    0    0  (Gen:  0)
   521352      3992   3602416  0.000  0.000   13.085    2.305    0    0  (Gen:  0)
   521704      4520   3602976  0.000  0.000   13.085    2.305    0    0  (Gen:  0)
   521768      4248   3602976  0.000  0.000   13.086    2.305    0    0  (Gen:  0)
   521784      4048   3602864  0.000  0.000   13.087    2.305    0    0  (Gen:  0)
   521456      4384   3603208  0.000  0.000   13.087    2.305    0    0  (Gen:  0)
   521528      4304   3603344  0.000  0.000   13.088    2.305    0    0  (Gen:  0)
   521560      7952   3607232  0.000  0.000   13.088    2.306    0    0  (Gen:  0)
   521568      5440   3606544  0.000  0.000   13.089    2.306    0    0  (Gen:  0)
   521792      3968   3606800  0.000  0.000   13.089    2.306    0    0  (Gen:  0)
   521568      4136   3607000  0.000  0.000   13.090    2.306    0    0  (Gen:  0)
   521576      3936   3606832  0.000  0.000   13.090    2.306    0    0  (Gen:  0)
   521584      3936   3606920  0.000  0.000   13.091    2.306    0    0  (Gen:  0)
   521736      4296   3607312  0.000  0.000   13.091    2.306    0    0  (Gen:  0)
   521664      4096   3607160  0.000  0.000   13.092    2.306    0    0  (Gen:  0)
   521792      3936   3607088  0.000  0.000   13.092    2.307    0    0  (Gen:  0)
   521808      4184   3607352  0.000  0.000   13.093    2.307    0    0  (Gen:  0)
   521784      4104   3607320  0.000  0.000   13.093    2.307    0    0  (Gen:  0)
   521632      6016   3609248  0.000  0.000   13.094    2.307    0    0  (Gen:  0)
   521688      5928   3609224  0.000  0.000   13.095    2.307    0    0  (Gen:  0)
   521368      4008   3609224  0.000  0.000   13.095    2.307    0    0  (Gen:  0)
   521440      4048   3609296  0.000  0.000   13.096    2.307    0    0  (Gen:  0)
   521704      4232   3609512  0.000  0.000   13.096    2.307    0    0  (Gen:  0)
   521544      4008   3609304  0.000  0.000   13.097    2.307    0    0  (Gen:  0)
   521640      4328   3609640  0.000  0.000   13.097    2.308    0    0  (Gen:  0)
   521616      4192   3609568  0.000  0.000   13.098    2.308    0    0  (Gen:  0)
   521952      4280   3609744  0.000  0.000   13.098    2.308    0    0  (Gen:  0)
   521568      4016   3609512  0.000  0.000   13.099    2.308    0    0  (Gen:  0)
   521864      4136   3609720  0.000  0.000   13.099    2.308    0    0  (Gen:  0)
   521472      6624   3612240  0.000  0.000   13.100    2.308    0    0  (Gen:  0)
   521568      6656   3612336  0.000  0.000   13.101    2.308    0    0  (Gen:  0)
   521528      4104   3612296  0.000  0.000   13.101    2.308    0    0  (Gen:  0)
   521600      4168   3612376  0.000  0.000   13.102    2.309    0    0  (Gen:  0)
   521360      4120   3612376  0.000  0.000   13.102    2.309    0    0  (Gen:  0)
   521736      4408   3612672  0.000  0.000   13.103    2.309    0    0  (Gen:  0)
   521616      4168   3612648  0.000  0.000   13.103    2.309    0    0  (Gen:  0)
   521600      4136   3612840  0.000  0.000   13.104    2.309    0    0  (Gen:  0)
   521368      4392   3613120  0.000  0.000   13.104    2.309    0    0  (Gen:  0)
   521800      4336   3613264  0.000  0.000   13.105    2.309    0    0  (Gen:  0)
   521632      4432   3613600  0.000  0.000   13.105    2.309    0    0  (Gen:  0)
   521520      7680   3617248  0.000  0.000   13.106    2.309    0    0  (Gen:  0)
   521736      6056   3617304  0.000  0.000   13.106    2.310    0    0  (Gen:  0)
   521736      4352   3617520  0.000  0.000   13.107    2.310    0    0  (Gen:  0)
   521376      4248   3617448  0.001  0.000   13.108    2.310    0    0  (Gen:  0)
   521336      4152   3617440  0.000  0.000   13.109    2.310    0    0  (Gen:  0)
   521816      5864   3619184  0.000  0.000   13.109    2.310    0    0  (Gen:  0)
   521816      3984   3618984  0.001  0.000   13.110    2.310    0    0  (Gen:  0)
   521672      4080   3619240  0.000  0.000   13.111    2.310    0    0  (Gen:  0)
   521808      4008   3619200  0.000  0.000   13.111    2.311    0    0  (Gen:  0)
   521184      4024   3619248  0.000  0.000   13.112    2.311    0    0  (Gen:  0)
   521400      3992   3619232  0.000  0.000   13.112    2.311    0    0  (Gen:  0)
   521896      6448   3621704  0.000  0.000   13.113    2.311    0    0  (Gen:  0)
   521376      6328   3621664  0.000  0.000   13.113    2.311    0    0  (Gen:  0)
   521648      5640   3623280  0.000  0.000   13.114    2.311    0    0  (Gen:  0)
   521648      4032   3623280  0.000  0.000   13.115    2.311    0    0  (Gen:  0)
   521856      3776   3623112  0.000  0.000   13.115    2.311    0    0  (Gen:  0)
   521584      4296   3623664  0.000  0.000   13.116    2.311    0    0  (Gen:  0)
   521640      4064   3623480  0.000  0.000   13.116    2.312    0    0  (Gen:  0)
   521760      3960   3623464  0.000  0.000   13.117    2.312    0    0  (Gen:  0)
   521848      4200   3623720  0.000  0.000   13.117    2.312    0    0  (Gen:  0)
   521792      4080   3623648  0.000  0.000   13.118    2.312    0    0  (Gen:  0)
   521480      6368   3625952  0.000  0.000   13.118    2.312    0    0  (Gen:  0)
   521744      6160   3625808  0.000  0.000   13.119    2.312    0    0  (Gen:  0)
   521680      4152   3625928  0.000  0.000   13.120    2.312    0    0  (Gen:  0)
   521464      4280   3626088  0.000  0.000   13.120    2.312    0    0  (Gen:  0)
   521560      4200   3626040  0.000  0.000   13.121    2.313    0    0  (Gen:  0)
   521680      3896   3625752  0.000  0.000   13.121    2.313    0    0  (Gen:  0)
   521648      6024   3627896  0.000  0.000   13.122    2.313    0    0  (Gen:  0)
   521288      4120   3627824  0.000  0.000   13.122    2.313    0    0  (Gen:  0)
   521584      4240   3628032  0.000  0.000   13.123    2.313    0    0  (Gen:  0)
   521576      4064   3627888  0.000  0.000   13.123    2.313    0    0  (Gen:  0)
   521792      4008   3627920  0.000  0.000   13.124    2.313    0    0  (Gen:  0)
   521704      6568   3630512  0.000  0.000   13.124    2.313    0    0  (Gen:  0)
   521576      6504   3630512  0.000  0.000   13.125    2.313    0    0  (Gen:  0)
   521528      4120   3630472  0.000  0.000   13.125    2.314    0    0  (Gen:  0)
   521576      4112   3630480  0.000  0.000   13.126    2.314    0    0  (Gen:  0)
   521568      4080   3630496  0.000  0.000   13.126    2.314    0    0  (Gen:  0)
   521672      4688   3631120  0.000  0.000   13.127    2.314    0    0  (Gen:  0)
   521600      4096   3630800  0.000  0.000   13.128    2.314    0    0  (Gen:  0)
   521632      4176   3631040  0.000  0.000   13.128    2.314    0    0  (Gen:  0)
   521320      4472   3631368  0.000  0.000   13.129    2.314    0    0  (Gen:  0)
   521800      4400   3631552  0.000  0.000   13.129    2.314    0    0  (Gen:  0)
   521624      4336   3631720  0.000  0.000   13.130    2.315    0    0  (Gen:  0)
   521432      7712   3635440  0.000  0.000   13.130    2.315    0    0  (Gen:  0)
   521720      6120   3635208  0.000  0.000   13.131    2.315    0    0  (Gen:  0)
   521752      3896   3635168  0.000  0.000   13.131    2.315    0    0  (Gen:  0)
   521560      4024   3635312  0.000  0.000   13.132    2.315    0    0  (Gen:  0)
   521368      3968   3635304  0.000  0.000   13.132    2.315    0    0  (Gen:  0)
   521712      6048   3637400  0.000  0.000   13.133    2.315    0    0  (Gen:  0)
   521640      4096   3637424  0.000  0.000   13.133    2.315    0    0  (Gen:  0)
   521528      4000   3637488  0.000  0.000   13.134    2.315    0    0  (Gen:  0)
   521736      4184   3637704  0.000  0.000   13.134    2.316    0    0  (Gen:  0)
   521744      4048   3637600  0.000  0.000   13.135    2.316    0    0  (Gen:  0)
   521720      4080   3637648  0.000  0.000   13.136    2.316    0    0  (Gen:  0)
   521576      6360   3639944  0.000  0.000   13.136    2.316    0    0  (Gen:  0)
   521424      6416   3640080  0.000  0.000   13.137    2.316    0    0  (Gen:  0)
   521608      4192   3640192  0.000  0.000   13.137    2.316    0    0  (Gen:  0)
   521496      4104   3640136  0.000  0.000   13.138    2.316    0    0  (Gen:  0)
   521592      4192   3640312  0.000  0.000   13.138    2.316    0    0  (Gen:  0)
   521520      6336   3642488  0.000  0.000   13.139    2.317    0    0  (Gen:  0)
   521560      4152   3642416  0.000  0.000   13.139    2.317    0    0  (Gen:  0)
   521480      4104   3642456  0.000  0.000   13.140    2.317    0    0  (Gen:  0)
   521576      4224   3642592  0.000  0.000   13.140    2.317    0    0  (Gen:  0)
   521760      4032   3642448  0.000  0.000   13.141    2.317    0    0  (Gen:  0)
   521568      6680   3645112  0.000  0.000   13.142    2.317    0    0  (Gen:  0)
   521640      6600   3645096  0.000  0.000   13.142    2.317    0    0  (Gen:  0)
   521552      4120   3645184  0.000  0.000   13.143    2.317    0    0  (Gen:  0)
   521416      4168   3645264  0.000  0.000   13.143    2.317    0    0  (Gen:  0)
   521208      4160   3645288  0.000  0.000   13.144    2.318    0    0  (Gen:  0)
   521576      4080   3645224  0.000  0.000   13.144    2.318    0    0  (Gen:  0)
   521680      4568   3645728  0.000  0.000   13.145    2.318    0    0  (Gen:  0)
   521664      4264   3645712  0.000  0.000   13.145    2.318    0    0  (Gen:  0)
   521792      4440   3645976  0.000  0.000   13.146    2.318    0    0  (Gen:  0)
   521504      3992   3645784  0.000  0.000   13.146    2.318    0    0  (Gen:  0)
   521488      4472   3646344  0.000  0.000   13.147    2.318    0    0  (Gen:  0)
   521464      7480   3649712  0.000  0.000   13.147    2.318    0    0  (Gen:  0)
   521736      5848   3649744  0.000  0.000   13.148    2.319    0    0  (Gen:  0)
   521792      4088   3649640  0.000  0.000   13.149    2.319    0    0  (Gen:  0)
   521424      4352   3649920  0.000  0.000   13.149    2.319    0    0  (Gen:  0)
   521488      4248   3649864  0.000  0.000   13.150    2.319    0    0  (Gen:  0)
   521680      4320   3649952  0.000  0.000   13.150    2.319    0    0  (Gen:  0)
   521880      4072   3649752  0.000  0.000   13.151    2.319    0    0  (Gen:  0)
   521608      3968   3649808  0.000  0.000   13.151    2.319    0    0  (Gen:  0)
   521896      4152   3650024  0.000  0.000   13.152    2.319    0    0  (Gen:  0)
   521728      3968   3649872  0.000  0.000   13.152    2.319    0    0  (Gen:  0)
   521792      4064   3650056  0.000  0.000   13.153    2.320    0    0  (Gen:  0)
   521592      5872   3651896  0.000  0.000   13.153    2.320    0    0  (Gen:  0)
   521544      6008   3652096  0.000  0.000   13.154    2.320    0    0  (Gen:  0)
   521528      3992   3651928  0.000  0.000   13.154    2.320    0    0  (Gen:  0)
   521472      3976   3651928  0.000  0.000   13.155    2.320    0    0  (Gen:  0)
   521552      3920   3651920  0.000  0.000   13.155    2.320    0    0  (Gen:  0)
   521592      4296   3652312  0.000  0.000   13.156    2.320    0    0  (Gen:  0)
   521712      4112   3652176  0.000  0.000   13.157    2.320    0    0  (Gen:  0)
   521568      4152   3652376  0.000  0.000   13.157    2.321    0    0  (Gen:  0)
   521920      4224   3652480  0.000  0.000   13.158    2.321    0    0  (Gen:  0)
   521784      3928   3652216  0.000  0.000   13.158    2.321    0    0  (Gen:  0)
   521640      4040   3652344  0.000  0.000   13.159    2.321    0    0  (Gen:  0)
   521536      6808   3655128  0.000  0.000   13.159    2.321    0    0  (Gen:  0)
   521368      6568   3654968  0.000  0.000   13.160    2.321    0    0  (Gen:  0)
   521640      4184   3655096  0.000  0.000   13.160    2.321    0    0  (Gen:  0)
   521664      3904   3654848  0.000  0.000   13.161    2.321    0    0  (Gen:  0)
   521440      4080   3655112  0.000  0.000   13.161    2.321    0    0  (Gen:  0)
   521592      4504   3655568  0.000  0.000   13.162    2.322    0    0  (Gen:  0)
   521752      4248   3655584  0.000  0.000   13.162    2.322    0    0  (Gen:  0)
   521392      3800   3655224  0.000  0.000   13.163    2.322    0    0  (Gen:  0)
   521632      4464   3655904  0.000  0.000   13.163    2.322    0    0  (Gen:  0)
   521720      4328   3656040  0.000  0.000   13.164    2.322    0    0  (Gen:  0)
   521464      7976   3659928  0.000  0.000   13.165    2.322    0    0  (Gen:  0)
   521752      6008   3659944  0.000  0.000   13.165    2.322    0    0  (Gen:  0)
   521760      4208   3660136  0.000  0.000   13.166    2.322    0    0  (Gen:  0)
   521608      4128   3660088  0.000  0.000   13.166    2.323    0    0  (Gen:  0)
   521240      4216   3660208  0.000  0.000   13.167    2.323    0    0  (Gen:  0)
   521496      4064   3660072  0.000  0.000   13.167    2.323    0    0  (Gen:  0)
   521856      5944   3661968  0.000  0.000   13.168    2.323    0    0  (Gen:  0)
   521768      4232   3661952  0.000  0.000   13.168    2.323    0    0  (Gen:  0)
   521760      4280   3662088  0.000  0.000   13.169    2.323    0    0  (Gen:  0)
   521568      4192   3662032  0.000  0.000   13.169    2.323    0    0  (Gen:  0)
   521312      4192   3662120  0.000  0.000   13.170    2.323    0    0  (Gen:  0)
   521600      6464   3664424  0.000  0.000   13.171    2.323    0    0  (Gen:  0)
   521560      6352   3664376  0.000  0.000   13.171    2.324    0    0  (Gen:  0)
   521400      4488   3664896  0.000  0.000   13.172    2.324    0    0  (Gen:  0)
   521824      5536   3666304  0.000  0.000   13.172    2.324    0    0  (Gen:  0)
   521784      3976   3666192  0.000  0.000   13.173    2.324    0    0  (Gen:  0)
   521728      3936   3666168  0.000  0.000   13.173    2.324    0    0  (Gen:  0)
   521592      4296   3666544  0.000  0.000   13.174    2.324    0    0  (Gen:  0)
   521584      4136   3666448  0.000  0.000   13.174    2.324    0    0  (Gen:  0)
   521928      4064   3666464  0.000  0.000   13.175    2.324    0    0  (Gen:  0)
   521648      4032   3666464  0.000  0.000   13.175    2.325    0    0  (Gen:  0)
   521856      3776   3666296  0.000  0.000   13.176    2.325    0    0  (Gen:  0)
   521432      6144   3668696  0.000  0.000   13.176    2.325    0    0  (Gen:  0)
   521832      6144   3668760  0.000  0.000   13.177    2.325    0    0  (Gen:  0)
   521528      4048   3668720  0.000  0.000   13.178    2.325    0    0  (Gen:  0)
   521664      4072   3668760  0.000  0.000   13.178    2.325    0    0  (Gen:  0)
   521480      4096   3668832  0.000  0.000   13.179    2.325    0    0  (Gen:  0)
   521760      6120   3670872  0.000  0.000   13.179    2.325    0    0  (Gen:  0)
   521320      4264   3670832  0.000  0.000   13.180    2.325    0    0  (Gen:  0)
   521424      4248   3670976  0.000  0.000   13.180    2.326    0    0  (Gen:  0)
   521560      3872   3670632  0.000  0.000   13.181    2.326    0    0  (Gen:  0)
   521832      4024   3670816  0.000  0.000   13.181    2.326    0    0  (Gen:  0)
   521728      3896   3670704  0.000  0.000   13.182    2.326    0    0  (Gen:  0)
   521520      6584   3673408  0.000  0.000   13.182    2.326    0    0  (Gen:  0)
   521640      6520   3673424  0.000  0.000   13.183    2.326    0    0  (Gen:  0)
   521584      4240   3673488  0.000  0.000   13.184    2.326    0    0  (Gen:  0)
   521552      4024   3673304  0.000  0.000   13.184    2.326    0    0  (Gen:  0)
   521552      4136   3673504  0.000  0.000   13.185    2.327    0    0  (Gen:  0)
   521664      4560   3673952  0.000  0.000   13.185    2.327    0    0  (Gen:  0)
   521616      4296   3673968  0.000  0.000   13.186    2.327    0    0  (Gen:  0)
   521416      4072   3673864  0.000  0.000   13.186    2.327    0    0  (Gen:  0)
   521632      4440   3674248  0.000  0.000   13.187    2.327    0    0  (Gen:  0)
   521744      4320   3674400  0.000  0.000   13.187    2.327    0    0  (Gen:  0)
   521480      8024   3678344  0.000  0.000   13.188    2.327    0    0  (Gen:  0)
   521584      6344   3678328  0.000  0.000   13.188    2.327    0    0  (Gen:  0)
   521760      4248   3678488  0.000  0.000   13.189    2.327    0    0  (Gen:  0)
   521568      4088   3678360  0.000  0.000   13.189    2.328    0    0  (Gen:  0)
   521688      4288   3678592  0.000  0.000   13.190    2.328    0    0  (Gen:  0)
   521376      4104   3678424  0.000  0.000   13.191    2.328    0    0  (Gen:  0)
   521616      6112   3680448  0.000  0.000   13.191    2.328    0    0  (Gen:  0)
   521512      4048   3680376  0.001  0.000   13.192    2.328    0    0  (Gen:  0)
   521744      3832   3680248  0.001  0.000   13.194    2.328    0    0  (Gen:  0)
   521760      4184   3680616  0.001  0.000   13.195    2.329    0    0  (Gen:  0)
   521744      4008   3680488  0.001  0.000   13.196    2.329    0    0  (Gen:  0)
   521544      6472   3682968  0.001  0.000   13.197    2.329    0    0  (Gen:  0)
   521640      6352   3682912  0.001  0.000   13.198    2.329    0    0  (Gen:  0)
   521536      4152   3683120  0.001  0.000   13.199    2.329    0    0  (Gen:  0)
   521352      4208   3683208  0.001  0.000   13.200    2.329    0    0  (Gen:  0)
   521608      3928   3682960  0.000  0.000   13.201    2.330    0    0  (Gen:  0)
   521624      3952   3683000  0.000  0.000   13.202    2.330    0    0  (Gen:  0)
   521592      6232   3685296  0.000  0.000   13.203    2.330    0    0  (Gen:  0)
   521392      3992   3685184  0.000  0.000   13.203    2.330    0    0  (Gen:  0)
   521568      4232   3685512  0.000  0.000   13.204    2.330    0    0  (Gen:  0)
   521784      4064   3685376  0.000  0.000   13.204    2.330    0    0  (Gen:  0)
   521696      4120   3685520  0.000  0.000   13.205    2.330    0    0  (Gen:  0)
   521416      6776   3688208  0.000  0.000   13.205    2.330    0    0  (Gen:  0)
   521744      6608   3688104  0.000  0.000   13.206    2.331    0    0  (Gen:  0)
   521392      3936   3687928  0.000  0.000   13.206    2.331    0    0  (Gen:  0)
   521416      4144   3688152  0.000  0.000   13.207    2.331    0    0  (Gen:  0)
   521232      4048   3688104  0.000  0.000   13.207    2.331    0    0  (Gen:  0)
   521720      4448   3688520  0.000  0.000   13.208    2.331    0    0  (Gen:  0)
   521648      4176   3688520  0.000  0.000   13.209    2.331    0    0  (Gen:  0)
   521776      3984   3688488  0.000  0.000   13.209    2.331    0    0  (Gen:  0)
   521592      4360   3688896  0.000  0.000   13.210    2.331    0    0  (Gen:  0)
   521592      4312   3689104  0.000  0.000   13.210    2.332    0    0  (Gen:  0)
   521552      4408   3689440  0.000  0.000   13.211    2.332    0    0  (Gen:  0)
   521432      7336   3692768  0.000  0.000   13.211    2.332    0    0  (Gen:  0)
   521696      5664   3692616  0.000  0.000   13.212    2.332    0    0  (Gen:  0)
   521824      4304   3692912  0.000  0.000   13.212    2.332    0    0  (Gen:  0)
   521320      4160   3692800  0.000  0.000   13.213    2.332    0    0  (Gen:  0)
   521680      4040   3692768  0.000  0.000   13.213    2.332    0    0  (Gen:  0)
   521728      4328   3693088  0.000  0.000   13.214    2.332    0    0  (Gen:  0)
   521792      4360   3693168  0.000  0.000   13.214    2.332    0    0  (Gen:  0)
   521616      4048   3692944  0.000  0.000   13.215    2.333    0    0  (Gen:  0)
   521864      4320   3693232  0.000  0.000   13.216    2.333    0    0  (Gen:  0)
   521720      4216   3693176  0.000  0.000   13.216    2.333    0    0  (Gen:  0)
   521640      3648   3692616  0.000  0.000   13.217    2.333    0    0  (Gen:  0)
   521736      5928   3694904  0.000  0.000   13.217    2.333    0    0  (Gen:  0)
   521384      5896   3694936  0.000  0.000   13.218    2.333    0    0  (Gen:  0)
   521616      4168   3695056  0.000  0.000   13.218    2.333    0    0  (Gen:  0)
   521544      4080   3695000  0.000  0.000   13.219    2.333    0    0  (Gen:  0)
   521528      4056   3695064  0.000  0.000   13.219    2.334    0    0  (Gen:  0)
   521616      4312   3695352  0.000  0.000   13.220    2.334    0    0  (Gen:  0)
   521576      4176   3695264  0.000  0.000   13.220    2.334    0    0  (Gen:  0)
   521824      4136   3695312  0.000  0.000   13.221    2.334    0    0  (Gen:  0)
   521808      4112   3695304  0.000  0.000   13.221    2.334    0    0  (Gen:  0)
   521792      4120   3695360  0.000  0.000   13.222    2.334    0    0  (Gen:  0)
   521544      6848   3698104  0.000  0.000   13.223    2.334    0    0  (Gen:  0)
   521544      6576   3697896  0.000  0.000   13.223    2.334    0    0  (Gen:  0)
   521504      4152   3698056  0.000  0.000   13.224    2.334    0    0  (Gen:  0)
   521528      4184   3698120  0.000  0.000   13.224    2.335    0    0  (Gen:  0)
   521560      4080   3698048  0.000  0.000   13.225    2.335    0    0  (Gen:  0)
   521480      4104   3698088  0.000  0.000   13.225    2.335    0    0  (Gen:  0)
   521712      4424   3698416  0.000  0.000   13.226    2.335    0    0  (Gen:  0)
   521744      4144   3698368  0.000  0.000   13.226    2.335    0    0  (Gen:  0)
   521304      4440   3698808  0.000  0.000   13.227    2.335    0    0  (Gen:  0)
   521728      4128   3698696  0.000  0.000   13.227    2.335    0    0  (Gen:  0)
   521704      4456   3699168  0.000  0.000   13.228    2.335    0    0  (Gen:  0)
   521536      7936   3703008  0.000  0.000   13.229    2.336    0    0  (Gen:  0)
   521776      5976   3702872  0.000  0.000   13.229    2.336    0    0  (Gen:  0)
   521704      4064   3702880  0.000  0.000   13.230    2.336    0    0  (Gen:  0)
   521424      4224   3703056  0.000  0.000   13.230    2.336    0    0  (Gen:  0)
   521296      4216   3703096  0.000  0.000   13.231    2.336    0    0  (Gen:  0)
   521584      5984   3704880  0.000  0.000   13.231    2.336    0    0  (Gen:  0)
   521896      4176   3704752  0.000  0.000   13.232    2.336    0    0  (Gen:  0)
   521728      4136   3704872  0.000  0.000   13.232    2.336    0    0  (Gen:  0)
   521880      4248   3705016  0.000  0.000   13.233    2.336    0    0  (Gen:  0)
   521256      4216   3705016  0.000  0.000   13.233    2.337    0    0  (Gen:  0)
   521392      4048   3704864  0.000  0.000   13.234    2.337    0    0  (Gen:  0)
   521752      6600   3707432  0.000  0.000   13.235    2.337    0    0  (Gen:  0)
   521528      6320   3707232  0.000  0.000   13.235    2.337    0    0  (Gen:  0)
   521440      5504   3708720  0.000  0.000   13.236    2.337    0    0  (Gen:  0)
   521760      4168   3708976  0.000  0.000   13.236    2.337    0    0  (Gen:  0)
   521792      3992   3708848  0.000  0.000   13.237    2.337    0    0  (Gen:  0)
   521616      4184   3709056  0.000  0.000   13.237    2.337    0    0  (Gen:  0)
   521712      4064   3708984  0.000  0.000   13.238    2.338    0    0  (Gen:  0)
   521672      4056   3709136  0.000  0.000   13.238    2.338    0    0  (Gen:  0)
   521848      4120   3709232  0.000  0.000   13.239    2.338    0    0  (Gen:  0)
   521784      3976   3709120  0.000  0.000   13.239    2.338    0    0  (Gen:  0)
   521576      3896   3709056  0.000  0.000   13.240    2.338    0    0  (Gen:  0)
   521576      6240   3711416  0.000  0.000   13.241    2.338    0    0  (Gen:  0)
   521720      6104   3711360  0.000  0.000   13.241    2.338    0    0  (Gen:  0)
   521664      4136   3711448  0.000  0.000   13.242    2.338    0    0  (Gen:  0)
   521592      4048   3711392  0.000  0.000   13.242    2.339    0    0  (Gen:  0)
   521536      4112   3711544  0.000  0.000   13.243    2.339    0    0  (Gen:  0)
   521776      6040   3713504  0.000  0.000   13.243    2.339    0    0  (Gen:  0)
   521224      4144   3713424  0.000  0.000   13.244    2.339    0    0  (Gen:  0)
   521496      4048   3713416  0.000  0.000   13.244    2.339    0    0  (Gen:  0)
   521544      4200   3713584  0.000  0.000   13.245    2.339    0    0  (Gen:  0)
   521832      4120   3713552  0.000  0.000   13.245    2.339    0    0  (Gen:  0)
   521704      6792   3716240  0.000  0.000   13.246    2.339    0    0  (Gen:  0)
   521552      6112   3715624  0.000  0.000   13.247    2.339    0    0  (Gen:  0)
   521592      4040   3715968  0.000  0.000   13.247    2.340    0    0  (Gen:  0)
   521552      4136   3716096  0.000  0.000   13.248    2.340    0    0  (Gen:  0)
   521592      4024   3716016  0.000  0.000   13.248    2.340    0    0  (Gen:  0)
   521512      3984   3715992  0.000  0.000   13.249    2.340    0    0  (Gen:  0)
   521600      4480   3716504  0.000  0.000   13.249    2.340    0    0  (Gen:  0)
   521816      4152   3716464  0.000  0.000   13.250    2.340    0    0  (Gen:  0)
   521280      4336   3716728  0.000  0.000   13.250    2.340    0    0  (Gen:  0)
   521784      4168   3716760  0.000  0.000   13.251    2.340    0    0  (Gen:  0)
   521640      4432   3717168  0.000  0.000   13.251    2.341    0    0  (Gen:  0)
   521384      7808   3720904  0.000  0.000   13.252    2.341    0    0  (Gen:  0)
   521816      6328   3720928  0.000  0.000   13.253    2.341    0    0  (Gen:  0)
   521712      3968   3720752  0.000  0.000   13.253    2.341    0    0  (Gen:  0)
   521600      4152   3720952  0.000  0.000   13.254    2.341    0    0  (Gen:  0)
   521448      4176   3721024  0.000  0.000   13.254    2.341    0    0  (Gen:  0)
   521552      6208   3723072  0.000  0.000   13.255    2.341    0    0  (Gen:  0)
   521664      4216   3723056  0.000  0.000   13.255    2.341    0    0  (Gen:  0)
   521424      4192   3723192  0.000  0.000   13.256    2.341    0    0  (Gen:  0)
   521768      4264   3723296  0.000  0.000   13.256    2.342    0    0  (Gen:  0)
   521824      4256   3723320  0.000  0.000   13.257    2.342    0    0  (Gen:  0)
   521680      3912   3722992  0.000  0.000   13.257    2.342    0    0  (Gen:  0)
   521464      6520   3725616  0.000  0.000   13.258    2.342    0    0  (Gen:  0)
   521520      6352   3725528  0.000  0.000   13.259    2.342    0    0  (Gen:  0)
   521728      3904   3725416  0.000  0.000   13.259    2.342    0    0  (Gen:  0)
   521400      4040   3725568  0.000  0.000   13.260    2.342    0    0  (Gen:  0)
   521536      4120   3725696  0.000  0.000   13.260    2.342    0    0  (Gen:  0)
   521608      6360   3727952  0.000  0.000   13.261    2.343    0    0  (Gen:  0)
   521648      4248   3727952  0.000  0.000   13.261    2.343    0    0  (Gen:  0)
   521360      3816   3727680  0.000  0.000   13.262    2.343    0    0  (Gen:  0)
   521592      4128   3728024  0.000  0.000   13.262    2.343    0    0  (Gen:  0)
   521800      4048   3727976  0.000  0.000   13.263    2.343    0    0  (Gen:  0)
   521672      4104   3728048  0.000  0.000   13.263    2.343    0    0  (Gen:  0)
   521472      6624   3730584  0.000  0.000   13.264    2.343    0    0  (Gen:  0)
   521752      6504   3730544  0.000  0.000   13.265    2.343    0    0  (Gen:  0)
   521208      4264   3730800  0.000  0.000   13.265    2.343    0    0  (Gen:  0)
   521320      4024   3730592  0.000  0.000   13.266    2.344    0    0  (Gen:  0)
   521408      4192   3730848  0.000  0.000   13.266    2.344    0    0  (Gen:  0)
   521680      4440   3731120  0.000  0.000   13.267    2.344    0    0  (Gen:  0)
   521792      4184   3731080  0.000  0.000   13.267    2.344    0    0  (Gen:  0)
   521720      3976   3731024  0.000  0.000   13.268    2.344    0    0  (Gen:  0)
   521496      4376   3731440  0.000  0.000   13.268    2.344    0    0  (Gen:  0)
   521536      4216   3731552  0.000  0.000   13.269    2.344    0    0  (Gen:  0)
   521560      7552   3735128  0.000  0.000   13.269    2.344    0    0  (Gen:  0)
   521552      5744   3735144  0.000  0.000   13.270    2.345    0    0  (Gen:  0)
   521728      4208   3735336  0.000  0.000   13.271    2.345    0    0  (Gen:  0)
   521560      4232   3735392  0.000  0.000   13.271    2.345    0    0  (Gen:  0)
   521616      4104   3735296  0.000  0.000   13.272    2.345    0    0  (Gen:  0)
   521592      4032   3735240  0.000  0.000   13.272    2.345    0    0  (Gen:  0)
   521736      4216   3735440  0.000  0.000   13.273    2.345    0    0  (Gen:  0)
   521720      4168   3735456  0.000  0.000   13.273    2.345    0    0  (Gen:  0)
   521832      4248   3735624  0.000  0.000   13.274    2.345    0    0  (Gen:  0)
   521776      4288   3735696  0.000  0.000   13.274    2.345    0    0  (Gen:  0)
   521728      4192   3735688  0.000  0.000   13.275    2.346    0    0  (Gen:  0)
   521672      6144   3737672  0.000  0.000   13.275    2.346    0    0  (Gen:  0)
   521688      5656   3737248  0.000  0.000   13.276    2.346    0    0  (Gen:  0)
   521352      3848   3737288  0.000  0.000   13.276    2.346    0    0  (Gen:  0)
   521464      4112   3737568  0.000  0.000   13.277    2.346    0    0  (Gen:  0)
   521688      4064   3737568  0.000  0.000   13.278    2.346    0    0  (Gen:  0)
   521568      3920   3737440  0.000  0.000   13.278    2.346    0    0  (Gen:  0)
   521576      4312   3737848  0.000  0.000   13.279    2.346    0    0  (Gen:  0)
   521656      3984   3737584  0.000  0.000   13.279    2.347    0    0  (Gen:  0)
   521864      4208   3737896  0.000  0.000   13.280    2.347    0    0  (Gen:  0)
   521672      4064   3737784  0.000  0.000   13.280    2.347    0    0  (Gen:  0)
   521856      4120   3737928  0.000  0.000   13.281    2.347    0    0  (Gen:  0)
   521392      6536   3740376  0.000  0.000   13.281    2.347    0    0  (Gen:  0)
   521584      6520   3740424  0.000  0.000   13.282    2.347    0    0  (Gen:  0)
   521584      3992   3740408  0.000  0.000   13.282    2.347    0    0  (Gen:  0)
   521520      4080   3740512  0.000  0.000   13.283    2.347    0    0  (Gen:  0)
   521392      3920   3740400  0.000  0.000   13.284    2.347    0    0  (Gen:  0)
   521752      4520   3741016  0.000  0.000   13.284    2.348    0    0  (Gen:  0)
   521600      4192   3740960  0.000  0.000   13.285    2.348    0    0  (Gen:  0)
   521576      4048   3740976  0.000  0.000   13.285    2.348    0    0  (Gen:  0)
   521560      4352   3741312  0.000  0.000   13.286    2.348    0    0  (Gen:  0)
   521608      4440   3741656  0.000  0.000   13.286    2.348    0    0  (Gen:  0)
   521616      4640   3742088  0.000  0.000   13.287    2.348    0    0  (Gen:  0)
   521600      7472   3745424  0.000  0.000   13.287    2.348    0    0  (Gen:  0)
   521840      5952   3745424  0.000  0.000   13.288    2.348    0    0  (Gen:  0)
   521616      4264   3745656  0.000  0.000   13.288    2.349    0    0  (Gen:  0)
   521336      3872   3745296  0.000  0.000   13.289    2.349    0    0  (Gen:  0)
   521336      4064   3745576  0.000  0.000   13.290    2.349    0    0  (Gen:  0)
   521864      5944   3747488  0.000  0.000   13.290    2.349    0    0  (Gen:  0)
   521888      4192   3747416  0.000  0.000   13.291    2.349    0    0  (Gen:  0)
   521592      4104   3747416  0.000  0.000   13.291    2.349    0    0  (Gen:  0)
   521760      4104   3747432  0.000  0.000   13.292    2.349    0    0  (Gen:  0)
   521320      4048   3747424  0.000  0.000   13.292    2.349    0    0  (Gen:  0)
   521392      6672   3750064  0.000  0.000   13.293    2.350    0    0  (Gen:  0)
   521768      6408   3749864  0.000  0.000   13.293    2.350    0    0  (Gen:  0)
   521408      4544   3750384  0.000  0.000   13.294    2.350    0    0  (Gen:  0)
   521672      5664   3751864  0.000  0.000   13.294    2.350    0    0  (Gen:  0)
   521728      4056   3751704  0.000  0.000   13.295    2.350    0    0  (Gen:  0)
   521792      4088   3751752  0.000  0.000   13.296    2.350    0    0  (Gen:  0)
   521544      4408   3752088  0.000  0.000   13.296    2.350    0    0  (Gen:  0)
   521712      4200   3751944  0.000  0.000   13.297    2.350    0    0  (Gen:  0)
   521752      3824   3751656  0.000  0.000   13.297    2.350    0    0  (Gen:  0)
   521800      4168   3752016  0.000  0.000   13.298    2.351    0    0  (Gen:  0)
   521792      3992   3751888  0.000  0.000   13.298    2.351    0    0  (Gen:  0)
   521480      6280   3754192  0.000  0.000   13.299    2.351    0    0  (Gen:  0)
   521696      5928   3753904  0.000  0.000   13.299    2.351    0    0  (Gen:  0)
   521760      4056   3754160  0.000  0.000   13.300    2.351    0    0  (Gen:  0)
   521496      4152   3754288  0.000  0.000   13.300    2.351    0    0  (Gen:  0)
   521528      3976   3754144  0.000  0.000   13.301    2.351    0    0  (Gen:  0)
   521728      3976   3754160  0.000  0.000   13.302    2.351    0    0  (Gen:  0)
   521528      5944   3756144  0.000  0.000   13.302    2.352    0    0  (Gen:  0)
   521240      4064   3756096  0.000  0.000   13.303    2.352    0    0  (Gen:  0)
   521584      4080   3756200  0.000  0.000   13.303    2.352    0    0  (Gen:  0)
   521760      4032   3756184  0.000  0.000   13.304    2.352    0    0  (Gen:  0)
   521824      4072   3756312  0.000  0.000   13.305    2.352    0    0  (Gen:  0)
   521504      6472   3758744  0.000  0.000   13.305    2.352    0    0  (Gen:  0)
   521616      6504   3758840  0.000  0.000   13.306    2.352    0    0  (Gen:  0)
   521600      4104   3758784  0.000  0.000   13.306    2.352    0    0  (Gen:  0)
   521624      4136   3758832  0.000  0.000   13.307    2.353    0    0  (Gen:  0)
   521392      3976   3758720  0.000  0.000   13.307    2.353    0    0  (Gen:  0)
   521720      4280   3759032  0.000  0.000   13.308    2.353    0    0  (Gen:  0)
   521640      4128   3759096  0.000  0.000   13.308    2.353    0    0  (Gen:  0)
   521584      4056   3759248  0.000  0.000   13.309    2.353    0    0  (Gen:  0)
   521496      4488   3759712  0.000  0.000   13.309    2.353    0    0  (Gen:  0)
   521672      4256   3759736  0.000  0.000   13.310    2.353    0    0  (Gen:  0)
   521632      4408   3760128  0.000  0.000   13.311    2.353    0    0  (Gen:  0)
   521408      7664   3763784  0.000  0.000   13.311    2.353    0    0  (Gen:  0)
   521800      6264   3763744  0.000  0.000   13.312    2.354    0    0  (Gen:  0)
   521704      4304   3763968  0.000  0.000   13.312    2.354    0    0  (Gen:  0)
   521480      4072   3763768  0.000  0.000   13.313    2.354    0    0  (Gen:  0)
   521536      3992   3763776  0.000  0.000   13.313    2.354    0    0  (Gen:  0)
   521568      6152   3765968  0.000  0.000   13.314    2.354    0    0  (Gen:  0)
   521648      4216   3766008  0.000  0.000   13.314    2.354    0    0  (Gen:  0)
   521584      4088   3765968  0.000  0.000   13.315    2.354    0    0  (Gen:  0)
   521712      4200   3766096  0.000  0.000   13.315    2.354    0    0  (Gen:  0)
   521784      4120   3766064  0.000  0.000   13.316    2.355    0    0  (Gen:  0)
   521640      6600   3768560  0.000  0.000   13.317    2.355    0    0  (Gen:  0)
   521584      6496   3768520  0.000  0.000   13.317    2.355    0    0  (Gen:  0)
   521472      3856   3768288  0.000  0.000   13.318    2.355    0    0  (Gen:  0)
   521576      4096   3768560  0.000  0.000   13.318    2.355    0    0  (Gen:  0)
   521560      3912   3768408  0.000  0.000   13.319    2.355    0    0  (Gen:  0)
   521592      4080   3768664  0.000  0.000   13.319    2.355    0    0  (Gen:  0)
   521488      6376   3770992  0.000  0.000   13.320    2.355    0    0  (Gen:  0)
   521544      4120   3770848  0.000  0.000   13.320    2.355    0    0  (Gen:  0)
   521544      3976   3770792  0.000  0.000   13.321    2.356    0    0  (Gen:  0)
   521584      4200   3771032  0.000  0.000   13.321    2.356    0    0  (Gen:  0)
   521728      3984   3770864  0.000  0.000   13.322    2.356    0    0  (Gen:  0)
   521600      6656   3773552  0.000  0.000   13.323    2.356    0    0  (Gen:  0)
   521552      6416   3773376  0.000  0.000   13.323    2.356    0    0  (Gen:  0)
   521576      4096   3773624  0.000  0.000   13.324    2.356    0    0  (Gen:  0)
   521424      4208   3773768  0.000  0.000   13.324    2.356    0    0  (Gen:  0)
   521224      4152   3773744  0.000  0.000   13.325    2.356    0    0  (Gen:  0)
   521472      4032   3773640  0.000  0.000   13.325    2.357    0    0  (Gen:  0)
   521768      4520   3774144  0.000  0.000   13.326    2.357    0    0  (Gen:  0)
   521784      4208   3774120  0.000  0.000   13.327    2.357    0    0  (Gen:  0)
   521624      4464   3774464  0.000  0.000   13.327    2.357    0    0  (Gen:  0)
   521544      4120   3774376  0.000  0.000   13.328    2.357    0    0  (Gen:  0)
   521472      4496   3774832  0.000  0.000   13.328    2.357    0    0  (Gen:  0)
   521528      7512   3778208  0.000  0.000   13.329    2.357    0    0  (Gen:  0)
   521712      5728   3778088  0.000  0.000   13.329    2.357    0    0  (Gen:  0)
   521792      3944   3777960  0.000  0.000   13.330    2.357    0    0  (Gen:  0)
   521400      4224   3778256  0.000  0.000   13.330    2.358    0    0  (Gen:  0)
   521544      4120   3778200  0.000  0.000   13.331    2.358    0    0  (Gen:  0)
   521656      4312   3778408  0.000  0.000   13.331    2.358    0    0  (Gen:  0)
   521896      4192   3778336  0.000  0.000   13.332    2.358    0    0  (Gen:  0)
   521584      4176   3778480  0.000  0.000   13.332    2.358    0    0  (Gen:  0)
   521912      4056   3778392  0.000  0.000   13.333    2.358    0    0  (Gen:  0)
   521736      4104   3778472  0.000  0.000   13.334    2.358    0    0  (Gen:  0)
   521728      3976   3778360  0.000  0.000   13.334    2.358    0    0  (Gen:  0)
   521680      6000   3780400  0.000  0.000   13.335    2.359    0    0  (Gen:  0)
   521472      5912   3780392  0.000  0.000   13.335    2.359    0    0  (Gen:  0)
   521568      4288   3780616  0.000  0.000   13.336    2.359    0    0  (Gen:  0)
   521464      4232   3780592  0.000  0.000   13.336    2.359    0    0  (Gen:  0)
   521472      4208   3780656  0.000  0.000   13.337    2.359    0    0  (Gen:  0)
   521632      4016   3780496  0.000  0.000   13.337    2.359    0    0  (Gen:  0)
   521736      3968   3780496  0.000  0.000   13.338    2.359    0    0  (Gen:  0)
   521696      3864   3780552  0.000  0.000   13.338    2.359    0    0  (Gen:  0)
   521816      4112   3780832  0.000  0.000   13.339    2.359    0    0  (Gen:  0)
   521792      4008   3780760  0.000  0.000   13.339    2.360    0    0  (Gen:  0)
   521528      3976   3780744  0.000  0.000   13.340    2.360    0    0  (Gen:  0)
   521560      6672   3783456  0.000  0.000   13.341    2.360    0    0  (Gen:  0)
   521496      6384   3783248  0.000  0.000   13.341    2.360    0    0  (Gen:  0)
   521576      4208   3783584  0.000  0.000   13.342    2.360    0    0  (Gen:  0)
   521648      4176   3783584  0.000  0.000   13.342    2.360    0    0  (Gen:  0)
   521360      3816   3783312  0.000  0.000   13.343    2.360    0    0  (Gen:  0)
   521688      4416   3783936  0.000  0.000   13.343    2.360    0    0  (Gen:  0)
   521832      4368   3784104  0.000  0.000   13.344    2.361    0    0  (Gen:  0)
   521224      3920   3783808  0.000  0.000   13.344    2.361    0    0  (Gen:  0)
   521784      4408   3784312  0.000  0.000   13.345    2.361    0    0  (Gen:  0)
   521696      4296   3784464  0.000  0.000   13.346    2.361    0    0  (Gen:  0)
   521432      8176   3788528  0.000  0.000   13.346    2.361    0    0  (Gen:  0)
   521752      6080   3788416  0.000  0.000   13.347    2.361    0    0  (Gen:  0)
   521744      4088   3788416  0.000  0.000   13.347    2.361    0    0  (Gen:  0)
   521584      4096   3788456  0.000  0.000   13.348    2.361    0    0  (Gen:  0)
   521224      4040   3788432  0.000  0.000   13.348    2.362    0    0  (Gen:  0)
   521544      3968   3788376  0.000  0.000   13.349    2.362    0    0  (Gen:  0)
   521776      5960   3790384  0.000  0.000   13.349    2.362    0    0  (Gen:  0)
   521872      4208   3790328  0.000  0.000   13.350    2.362    0    0  (Gen:  0)
   521808      4136   3790344  0.000  0.000   13.350    2.362    0    0  (Gen:  0)
   521400      4120   3790360  0.000  0.000   13.351    2.362    0    0  (Gen:  0)
   521344      4152   3790480  0.000  0.000   13.352    2.362    0    0  (Gen:  0)
   521696      6688   3793048  0.000  0.000   13.352    2.362    0    0  (Gen:  0)
   521552      6424   3792848  0.000  0.000   13.353    2.362    0    0  (Gen:  0)
   521368      4320   3793032  0.000  0.000   13.353    2.363    0    0  (Gen:  0)
   521800      5480   3794576  0.000  0.000   13.354    2.363    0    0  (Gen:  0)
   521696      4192   3794592  0.000  0.000   13.354    2.363    0    0  (Gen:  0)
   521872      4480   3794896  0.000  0.000   13.355    2.363    0    0  (Gen:  0)
   521568      4136   3794600  0.000  0.000   13.355    2.363    0    0  (Gen:  0)
   521568      4176   3794800  0.000  0.000   13.356    2.363    0    0  (Gen:  0)
   521920      4248   3794904  0.000  0.000   13.356    2.363    0    0  (Gen:  0)
   521728      4056   3794744  0.000  0.000   13.357    2.363    0    0  (Gen:  0)
   521784      4120   3794824  0.000  0.000   13.358    2.364    0    0  (Gen:  0)
   521432      6112   3796832  0.000  0.000   13.358    2.364    0    0  (Gen:  0)
   521760      5976   3796776  0.000  0.000   13.359    2.364    0    0  (Gen:  0)
   521736      3896   3796752  0.000  0.000   13.359    2.364    0    0  (Gen:  0)
   521512      4072   3796944  0.000  0.000   13.360    2.364    0    0  (Gen:  0)
   521472      4048   3796968  0.000  0.000   13.360    2.364    0    0  (Gen:  0)
   521824      6024   3798960  0.001  0.000   13.362    2.364    0    0  (Gen:  0)
   521304      4040   3798792  0.001  0.000   13.363    2.364    0    0  (Gen:  0)
   521408      4136   3799048  0.001  0.000   13.364    2.365    0    0  (Gen:  0)
   521544      4152   3799096  0.001  0.000   13.365    2.365    0    0  (Gen:  0)
   521856      4048   3799024  0.001  0.000   13.367    2.365    0    0  (Gen:  0)
   521632      4048   3799040  0.001  0.000   13.368    2.365    0    0  (Gen:  0)
   521624      6400   3801408  0.001  0.000   13.369    2.365    0    0  (Gen:  0)
   521560      6248   3801336  0.001  0.000   13.370    2.366    0    0  (Gen:  0)
   521552      4248   3801680  0.000  0.000   13.371    2.366    0    0  (Gen:  0)
   521664      4096   3801560  0.000  0.000   13.371    2.366    0    0  (Gen:  0)
   521480      3888   3801440  0.000  0.000   13.372    2.366    0    0  (Gen:  0)
   521640      4440   3802016  0.000  0.000   13.373    2.366    0    0  (Gen:  0)
   521752      4312   3802104  0.000  0.000   13.373    2.366    0    0  (Gen:  0)
   521320      3952   3801896  0.000  0.000   13.374    2.366    0    0  (Gen:  0)
   521736      4496   3802448  0.000  0.000   13.374    2.366    0    0  (Gen:  0)
   521688      4344   3802512  0.000  0.000   13.375    2.367    0    0  (Gen:  0)
   521448      7992   3806400  0.000  0.000   13.375    2.367    0    0  (Gen:  0)
   521592      6272   3806344  0.000  0.000   13.376    2.367    0    0  (Gen:  0)
   521800      4136   3806464  0.000  0.000   13.376    2.367    0    0  (Gen:  0)
   521600      4152   3806512  0.000  0.000   13.377    2.367    0    0  (Gen:  0)
   521576      4120   3806512  0.000  0.000   13.377    2.367    0    0  (Gen:  0)
   521392      4032   3806440  0.000  0.000   13.378    2.367    0    0  (Gen:  0)
   521648      6256   3808680  0.000  0.000   13.379    2.367    0    0  (Gen:  0)
   521432      4144   3808560  0.000  0.000   13.379    2.368    0    0  (Gen:  0)
   521808      4200   3808704  0.000  0.000   13.380    2.368    0    0  (Gen:  0)
   521776      4032   3808568  0.000  0.000   13.380    2.368    0    0  (Gen:  0)
   521752      4136   3808760  0.000  0.000   13.381    2.368    0    0  (Gen:  0)
   521488      6584   3811240  0.000  0.000   13.381    2.368    0    0  (Gen:  0)
   521632      6408   3811128  0.000  0.000   13.382    2.368    0    0  (Gen:  0)
   521592      4016   3811072  0.000  0.000   13.382    2.368    0    0  (Gen:  0)
   521400      4320   3811392  0.000  0.000   13.383    2.368    0    0  (Gen:  0)
   521536      4176   3811296  0.000  0.000   13.383    2.369    0    0  (Gen:  0)
   521648      6000   3813128  0.000  0.000   13.384    2.369    0    0  (Gen:  0)
   521616      4688   3813344  0.000  0.000   13.385    2.369    0    0  (Gen:  0)
   521360      4040   3813448  0.000  0.000   13.385    2.369    0    0  (Gen:  0)
   521592      4008   3813448  0.000  0.000   13.386    2.369    0    0  (Gen:  0)
   521752      3920   3813392  0.000  0.000   13.386    2.369    0    0  (Gen:  0)
   521728      4024   3813584  0.000  0.000   13.387    2.369    0    0  (Gen:  0)
   521448      6648   3816240  0.000  0.000   13.387    2.369    0    0  (Gen:  0)
   521776      6424   3816080  0.000  0.000   13.388    2.369    0    0  (Gen:  0)
   521256      4008   3816160  0.000  0.000   13.388    2.370    0    0  (Gen:  0)
   521400      4136   3816304  0.000  0.000   13.389    2.370    0    0  (Gen:  0)
   521248      3872   3816088  0.000  0.000   13.389    2.370    0    0  (Gen:  0)
   521776      4448   3816680  0.000  0.000   13.390    2.370    0    0  (Gen:  0)
   521592      4120   3816624  0.000  0.000   13.390    2.370    0    0  (Gen:  0)
   521888      3968   3816632  0.000  0.000   13.391    2.370    0    0  (Gen:  0)
   521416      4272   3816968  0.000  0.000   13.391    2.370    0    0  (Gen:  0)
   521608      4440   3817392  0.000  0.000   13.392    2.370    0    0  (Gen:  0)
   521640      4456   3817640  0.000  0.000   13.393    2.371    0    0  (Gen:  0)
   521448      7088   3820776  0.000  0.000   13.393    2.371    0    0  (Gen:  0)
   521776      5576   3820624  0.000  0.000   13.394    2.371    0    0  (Gen:  0)
   521680      4184   3820888  0.000  0.000   13.394    2.371    0    0  (Gen:  0)
   521400      4064   3820800  0.000  0.000   13.395    2.371    0    0  (Gen:  0)
   521648      4040   3820864  0.000  0.000   13.395    2.371    0    0  (Gen:  0)
   521776      4272   3821128  0.000  0.000   13.396    2.371    0    0  (Gen:  0)
   521744      4072   3820976  0.000  0.000   13.396    2.371    0    0  (Gen:  0)
   521592      3976   3820968  0.000  0.000   13.397    2.371    0    0  (Gen:  0)
   521928      4240   3821248  0.000  0.000   13.398    2.372    0    0  (Gen:  0)
   521712      4120   3821176  0.000  0.000   13.398    2.372    0    0  (Gen:  0)
   521656      6112   3823184  0.000  0.000   13.399    2.372    0    0  (Gen:  0)
   521632      5984   3823120  0.000  0.000   13.399    2.372    0    0  (Gen:  0)
   521464      3960   3823016  0.000  0.000   13.400    2.372    0    0  (Gen:  0)
   521592      4224   3823312  0.000  0.000   13.400    2.372    0    0  (Gen:  0)
   521552      4216   3823336  0.000  0.000   13.401    2.372    0    0  (Gen:  0)
   521480      4000   3823136  0.000  0.000   13.401    2.372    0    0  (Gen:  0)
   521648      4344   3823496  0.000  0.000   13.402    2.373    0    0  (Gen:  0)
   521624      4248   3823464  0.000  0.000   13.402    2.373    0    0  (Gen:  0)
   521872      4208   3823512  0.000  0.000   13.403    2.373    0    0  (Gen:  0)
   521760      4160   3823496  0.000  0.000   13.404    2.373    0    0  (Gen:  0)
   521736      4232   3823656  0.000  0.000   13.404    2.373    0    0  (Gen:  0)
   521584      6680   3826136  0.000  0.000   13.405    2.373    0    0  (Gen:  0)
   521568      6488   3826008  0.000  0.000   13.405    2.373    0    0  (Gen:  0)
   521480      3920   3826024  0.000  0.000   13.406    2.373    0    0  (Gen:  0)
   521520      4224   3826360  0.000  0.000   13.406    2.373    0    0  (Gen:  0)
   521544      4048   3826216  0.000  0.000   13.407    2.374    0    0  (Gen:  0)
   521544      3976   3826160  0.000  0.000   13.407    2.374    0    0  (Gen:  0)
   521712      4456   3826656  0.000  0.000   13.408    2.374    0    0  (Gen:  0)
   521736      4136   3826624  0.000  0.000   13.408    2.374    0    0  (Gen:  0)
   521304      4488   3827064  0.000  0.000   13.409    2.374    0    0  (Gen:  0)
   521752      3944   3826776  0.000  0.000   13.409    2.374    0    0  (Gen:  0)
   521632      4432   3827344  0.000  0.000   13.410    2.374    0    0  (Gen:  0)
   521456      7888   3831160  0.000  0.000   13.411    2.374    0    0  (Gen:  0)
   521872      5984   3831080  0.000  0.000   13.411    2.375    0    0  (Gen:  0)
   521728      3952   3830968  0.000  0.000   13.412    2.375    0    0  (Gen:  0)
   521328      4136   3831168  0.000  0.000   13.412    2.375    0    0  (Gen:  0)
   521248      3944   3831024  0.000  0.000   13.413    2.375    0    0  (Gen:  0)
   521808      6024   3833120  0.000  0.000   13.413    2.375    0    0  (Gen:  0)
   521880      4000   3832776  0.000  0.000   13.414    2.375    0    0  (Gen:  0)
   521672      4040   3832976  0.000  0.000   13.414    2.375    0    0  (Gen:  0)
   521856      4072   3833040  0.000  0.000   13.415    2.375    0    0  (Gen:  0)
   521192      4160   3833160  0.000  0.000   13.415    2.375    0    0  (Gen:  0)
   521400      3976   3832992  0.000  0.000   13.416    2.376    0    0  (Gen:  0)
   521832      6504   3835536  0.000  0.000   13.417    2.376    0    0  (Gen:  0)
   521472      6336   3835448  0.000  0.000   13.417    2.376    0    0  (Gen:  0)
   521528      5896   3837312  0.001  0.000   13.419    2.376    0    0  (Gen:  0)
   521672      4176   3837200  0.001  0.000   13.420    2.376    0    0  (Gen:  0)
   521744      4088   3837200  0.000  0.000   13.421    2.376    0    0  (Gen:  0)
   521624      4288   3837432  0.000  0.000   13.421    2.377    0    0  (Gen:  0)
   521832      4248   3837440  0.000  0.000   13.422    2.377    0    0  (Gen:  0)
   521600      4104   3837384  0.000  0.000   13.423    2.377    0    0  (Gen:  0)
   521840      4224   3837520  0.000  0.000   13.423    2.377    0    0  (Gen:  0)
   521696      4192   3837536  0.000  0.000   13.424    2.377    0    0  (Gen:  0)
   521720      6296   3839656  0.000  0.000   13.424    2.377    0    0  (Gen:  0)
   521576      6088   3839512  0.000  0.000   13.425    2.377    0    0  (Gen:  0)
   521752      4208   3839760  0.000  0.000   13.425    2.377    0    0  (Gen:  0)
   521504      4336   3839920  0.000  0.000   13.426    2.378    0    0  (Gen:  0)
   521664      4288   3839904  0.000  0.000   13.426    2.378    0    0  (Gen:  0)
   521544      3984   3839616  0.000  0.000   13.427    2.378    0    0  (Gen:  0)
   521712      5880   3841528  0.000  0.000   13.428    2.378    0    0  (Gen:  0)
   521184      4096   3841576  0.000  0.000   13.428    2.378    0    0  (Gen:  0)
   521640      3936   3841504  0.000  0.000   13.429    2.378    0    0  (Gen:  0)
   521600      4144   3841728  0.000  0.000   13.429    2.378    0    0  (Gen:  0)
   521768      4064   3841696  0.000  0.000   13.430    2.378    0    0  (Gen:  0)
   521704      6536   3844184  0.000  0.000   13.430    2.378    0    0  (Gen:  0)
   521520      6392   3844104  0.000  0.000   13.431    2.379    0    0  (Gen:  0)
   521552      3936   3844064  0.000  0.000   13.431    2.379    0    0  (Gen:  0)
   521552      4248   3844408  0.000  0.000   13.432    2.379    0    0  (Gen:  0)
   521616      4120   3844312  0.000  0.000   13.433    2.379    0    0  (Gen:  0)
   521544      4048   3844256  0.000  0.000   13.433    2.379    0    0  (Gen:  0)
   521672      4456   3844672  0.000  0.000   13.434    2.379    0    0  (Gen:  0)
   521736      4256   3844704  0.000  0.000   13.434    2.379    0    0  (Gen:  0)
   521336      4424   3845016  0.000  0.000   13.435    2.379    0    0  (Gen:  0)
   521728      4240   3845032  0.000  0.000   13.435    2.380    0    0  (Gen:  0)
   521640      4384   3845320  0.000  0.000   13.436    2.380    0    0  (Gen:  0)
   521368      7888   3849184  0.000  0.000   13.436    2.380    0    0  (Gen:  0)
   521824      6152   3848952  0.000  0.000   13.437    2.380    0    0  (Gen:  0)
   521704      3936   3848920  0.000  0.000   13.437    2.380    0    0  (Gen:  0)
   521616      4072   3849072  0.000  0.000   13.438    2.380    0    0  (Gen:  0)
   521360      4064   3849112  0.000  0.000   13.439    2.380    0    0  (Gen:  0)
   521688      6336   3851400  0.000  0.000   13.439    2.380    0    0  (Gen:  0)
   521600      4152   3851192  0.000  0.000   13.440    2.381    0    0  (Gen:  0)
   521448      4152   3851352  0.000  0.000   13.440    2.381    0    0  (Gen:  0)
   521728      4192   3851424  0.000  0.000   13.441    2.381    0    0  (Gen:  0)
   521912      4032   3851296  0.000  0.000   13.441    2.381    0    0  (Gen:  0)
   521576      4064   3851344  0.000  0.000   13.442    2.381    0    0  (Gen:  0)
   521496      6576   3853872  0.000  0.000   13.442    2.381    0    0  (Gen:  0)
   521464      6472   3853848  0.000  0.000   13.443    2.381    0    0  (Gen:  0)
   521800      4280   3853992  0.000  0.000   13.444    2.381    0    0  (Gen:  0)
   521336      4120   3853864  0.000  0.000   13.444    2.381    0    0  (Gen:  0)
   521688      4168   3854000  0.000  0.000   13.445    2.382    0    0  (Gen:  0)
   521488      6344   3856208  0.000  0.000   13.445    2.382    0    0  (Gen:  0)
   521688      4232   3856208  0.000  0.000   13.446    2.382    0    0  (Gen:  0)
   521368      4088   3856152  0.000  0.000   13.446    2.382    0    0  (Gen:  0)
   521568      4280   3856360  0.000  0.000   13.447    2.382    0    0  (Gen:  0)
   521736      4288   3856416  0.000  0.000   13.447    2.382    0    0  (Gen:  0)
   521672      3840   3855984  0.000  0.000   13.448    2.382    0    0  (Gen:  0)
   521536      6680   3858840  0.000  0.000   13.449    2.382    0    0  (Gen:  0)
   521704      6456   3858696  0.000  0.000   13.449    2.383    0    0  (Gen:  0)
   521288      4208   3858944  0.000  0.000   13.450    2.383    0    0  (Gen:  0)
   521280      3936   3858704  0.000  0.000   13.450    2.383    0    0  (Gen:  0)
   521440      3920   3858776  0.000  0.000   13.451    2.383    0    0  (Gen:  0)
   521688      4392   3859272  0.000  0.000   13.451    2.383    0    0  (Gen:  0)
   521808      4240   3859336  0.000  0.000   13.452    2.383    0    0  (Gen:  0)
   521736      3992   3859240  0.000  0.000   13.452    2.383    0    0  (Gen:  0)
   521432      4208   3859464  0.000  0.000   13.453    2.383    0    0  (Gen:  0)
   521552      4288   3859752  0.000  0.000   13.454    2.384    0    0  (Gen:  0)
   521488      7568   3863216  0.000  0.000   13.454    2.384    0    0  (Gen:  0)
   521592      5688   3863160  0.000  0.000   13.455    2.384    0    0  (Gen:  0)
   521872      4152   3863352  0.000  0.000   13.455    2.384    0    0  (Gen:  0)
   521408      4112   3863344  0.000  0.000   13.456    2.384    0    0  (Gen:  0)
   521608      4160   3863424  0.000  0.000   13.456    2.384    0    0  (Gen:  0)
   521552      4104   3863384  0.001  0.000   13.457    2.384    0    0  (Gen:  0)
   521896      4128   3863424  0.001  0.000   13.458    2.384    0    0  (Gen:  0)
   521624      4136   3863496  0.001  0.000   13.460    2.385    0    0  (Gen:  0)
   521952      4120   3863568  0.001  0.000   13.461    2.385    0    0  (Gen:  0)
   521640      4032   3863512  0.002  0.000   13.463    2.385    0    0  (Gen:  0)
   521824      4072   3863640  0.001  0.000   13.465    2.385    0    0  (Gen:  0)
   521640      6072   3865672  0.001  0.000   13.467    2.386    0    0  (Gen:  0)
   521592      5992   3865656  0.001  0.000   13.469    2.386    0    0  (Gen:  0)
   521368      4088   3865600  0.001  0.000   13.470    2.386    0    0  (Gen:  0)
   521512      4280   3865808  0.001  0.000   13.471    2.386    0    0  (Gen:  0)
   521640      4064   3865640  0.001  0.000   13.473    2.387    0    0  (Gen:  0)
   521632      4264   3865856  0.001  0.000   13.474    2.387    0    0  (Gen:  0)
   521592      4160   3865800  0.001  0.000   13.476    2.387    0    0  (Gen:  0)
   521592      4208   3866008  0.001  0.000   13.477    2.387    0    0  (Gen:  0)
   521864      4280   3866112  0.001  0.000   13.478    2.387    0    0  (Gen:  0)
   521824      4272   3866136  0.001  0.000   13.480    2.388    0    0  (Gen:  0)
   521720      3976   3865856  0.001  0.000   13.481    2.388    0    0  (Gen:  0)
   521352      6824   3868720  0.001  0.000   13.483    2.388    0    0  (Gen:  0)
   521544      6712   3868688  0.001  0.000   13.484    2.388    0    0  (Gen:  0)
   521656      3648   3868144  0.001  0.000   13.486    2.388    0    0  (Gen:  0)
   521568      4024   3868544  0.001  0.000   13.487    2.389    0    0  (Gen:  0)
   521360      4024   3868544  0.001  0.000   13.488    2.389    0    0  (Gen:  0)
   521800      4376   3868912  0.001  0.000   13.490    2.389    0    0  (Gen:  0)
   521576      4096   3868904  0.001  0.000   13.491    2.389    0    0  (Gen:  0)
   521568      4136   3869104  0.001  0.000   13.493    2.389    0    0  (Gen:  0)
   521536      4320   3869320  0.001  0.000   13.494    2.390    0    0  (Gen:  0)
   521712      4304   3869560  0.001  0.000   13.496    2.390    0    0  (Gen:  0)
   521480      4664   3870160  0.001  0.000   13.497    2.390    0    0  (Gen:  0)
   521704      7376   3873592  0.001  0.000   13.499    2.390    0    0  (Gen:  0)
   521872      5808   3873384  0.001  0.000   13.500    2.390    0    0  (Gen:  0)
   521568      4320   3873816  0.001  0.000   13.501    2.391    0    0  (Gen:  0)
   521224      3992   3873520  0.001  0.000   13.503    2.391    0    0  (Gen:  0)
   521440      3976   3873592  0.001  0.000   13.504    2.391    0    0  (Gen:  0)
   521864      5856   3875504  0.001  0.000   13.506    2.391    0    0  (Gen:  0)
   521872      4152   3875480  0.001  0.000   13.507    2.391    0    0  (Gen:  0)
   521576      3920   3875336  0.001  0.000   13.509    2.392    0    0  (Gen:  0)
   521704      4128   3875560  0.001  0.000   13.510    2.392    0    0  (Gen:  0)
   521240      4176   3875656  0.001  0.000   13.511    2.392    0    0  (Gen:  0)
   521664      6384   3877880  0.001  0.000   13.513    2.392    0    0  (Gen:  0)
   521632      6280   3877840  0.001  0.000   13.514    2.392    0    0  (Gen:  0)
   521416      4392   3878344  0.001  0.000   13.516    2.393    0    0  (Gen:  0)
   521704      5640   3880008  0.001  0.000   13.517    2.393    0    0  (Gen:  0)
   521728      4080   3879896  0.001  0.000   13.519    2.393    0    0  (Gen:  0)
   521792      3992   3879824  0.001  0.000   13.520    2.393    0    0  (Gen:  0)
   521520      4312   3880160  0.001  0.000   13.522    2.393    0    0  (Gen:  0)
   521696      4096   3880008  0.001  0.000   13.523    2.394    0    0  (Gen:  0)
   521864      4320   3880320  0.001  0.000   13.524    2.394    0    0  (Gen:  0)
   521672      4176   3880208  0.001  0.000   13.526    2.394    0    0  (Gen:  0)
   521744      4088   3880208  0.001  0.000   13.527    2.394    0    0  (Gen:  0)
   521480      6280   3882432  0.001  0.000   13.529    2.394    0    0  (Gen:  0)
   521864      6128   3882344  0.001  0.000   13.530    2.395    0    0  (Gen:  0)
   521640      4016   3882288  0.001  0.000   13.532    2.395    0    0  (Gen:  0)
   521504      4248   3882536  0.001  0.000   13.533    2.395    0    0  (Gen:  0)
   521464      4176   3882512  0.001  0.000   13.534    2.395    0    0  (Gen:  0)
   521736      6136   3884488  0.001  0.000   13.536    2.395    0    0  (Gen:  0)
   521568      4264   3884432  0.001  0.000   13.537    2.396    0    0  (Gen:  0)
   521312      4192   3884520  0.001  0.000   13.539    2.396    0    0  (Gen:  0)
   521576      4216   3884576  0.001  0.000   13.540    2.396    0    0  (Gen:  0)
   521752      3896   3884288  0.001  0.000   13.542    2.396    0    0  (Gen:  0)
   521720      4008   3884488  0.001  0.000   13.543    2.396    0    0  (Gen:  0)
   521552      6568   3887080  0.002  0.000   13.545    2.397    0    0  (Gen:  0)
   521656      6432   3887008  0.001  0.000   13.547    2.397    0    0  (Gen:  0)
   521592      3960   3886880  0.001  0.000   13.549    2.397    0    0  (Gen:  0)
   521584      4128   3887064  0.001  0.000   13.550    2.397    0    0  (Gen:  0)
   521408      3992   3886976  0.001  0.000   13.552    2.398    0    0  (Gen:  0)
   521752      4408   3887408  0.001  0.000   13.554    2.398    0    0  (Gen:  0)
   521584      4120   3887392  0.001  0.000   13.556    2.398    0    0  (Gen:  0)
   521552      4048   3887480  0.001  0.000   13.557    2.398    0    0  (Gen:  0)
   521568      4072   3887536  0.001  0.000   13.559    2.399    0    0  (Gen:  0)
   521680      4344   3888064  0.001  0.000   13.560    2.399    0    0  (Gen:  0)
   521536      4608   3888568  0.001  0.000   13.562    2.399    0    0  (Gen:  0)
   521496      7544   3892064  0.001  0.000   13.563    2.399    0    0  (Gen:  0)
   521856      6304   3892024  0.001  0.000   13.565    2.399    0    0  (Gen:  0)
   521592      4248   3892152  0.001  0.000   13.566    2.400    0    0  (Gen:  0)
   521664      4040   3891976  0.001  0.000   13.567    2.400    0    0  (Gen:  0)
   521384      4208   3892232  0.001  0.000   13.569    2.400    0    0  (Gen:  0)
   521592      6024   3894080  0.001  0.000   13.570    2.400    0    0  (Gen:  0)
   521584      4096   3894128  0.001  0.000   13.572    2.400    0    0  (Gen:  0)
   521608      3992   3894112  0.001  0.000   13.573    2.401    0    0  (Gen:  0)
   521712      4168   3894304  0.001  0.000   13.575    2.401    0    0  (Gen:  0)
   521864      4152   3894336  0.001  0.000   13.576    2.401    0    0  (Gen:  0)
   521536      6616   3896816  0.001  0.000   13.578    2.401    0    0  (Gen:  0)
   521648      6472   3896736  0.001  0.000   13.579    2.401    0    0  (Gen:  0)
   521416      4136   3896808  0.001  0.000   13.580    2.402    0    0  (Gen:  0)
   521552      4064   3896768  0.001  0.000   13.582    2.402    0    0  (Gen:  0)
   521552      4272   3897008  0.001  0.000   13.583    2.402    0    0  (Gen:  0)
   521656      3912   3896664  0.001  0.000   13.585    2.402    0    0  (Gen:  0)
   521600      6280   3899048  0.001  0.000   13.586    2.402    0    0  (Gen:  0)
   521440      4176   3899072  0.001  0.000   13.588    2.403    0    0  (Gen:  0)
   521592      4320   3899304  0.001  0.000   13.589    2.403    0    0  (Gen:  0)
   521544      4000   3899016  0.001  0.000   13.591    2.403    0    0  (Gen:  0)
   521776      4136   3899240  0.001  0.000   13.592    2.403    0    0  (Gen:  0)
   521512      6744   3901880  0.001  0.000   13.594    2.404    0    0  (Gen:  0)
   521672      6752   3901952  0.001  0.000   13.595    2.404    0    0  (Gen:  0)
   521472      3840   3901536  0.001  0.000   13.597    2.404    0    0  (Gen:  0)
   521424      4072   3901784  0.001  0.000   13.598    2.404    0    0  (Gen:  0)
   521176      4080   3901840  0.001  0.000   13.600    2.404    0    0  (Gen:  0)
   521600      3904   3901680  0.001  0.000   13.601    2.405    0    0  (Gen:  0)
   521720      4440   3902232  0.001  0.000   13.603    2.405    0    0  (Gen:  0)
   521752      4192   3902272  0.001  0.000   13.604    2.405    0    0  (Gen:  0)
   521664      4392   3902560  0.001  0.000   13.606    2.405    0    0  (Gen:  0)
   521544      4080   3902504  0.001  0.000   13.608    2.405    0    0  (Gen:  0)
   521536      4480   3902992  0.001  0.000   13.609    2.406    0    0  (Gen:  0)
   521424      7440   3906368  0.001  0.000   13.611    2.406    0    0  (Gen:  0)
   521816      5760   3906352  0.001  0.000   13.612    2.406    0    0  (Gen:  0)
   521712      3968   3906216  0.001  0.000   13.614    2.406    0    0  (Gen:  0)
   521424      4024   3906288  0.001  0.000   13.615    2.406    0    0  (Gen:  0)
   521544      4176   3906488  0.001  0.000   13.617    2.407    0    0  (Gen:  0)
   521632      4408   3906736  0.001  0.000   13.618    2.407    0    0  (Gen:  0)
   521856      4192   3906568  0.001  0.000   13.620    2.407    0    0  (Gen:  0)
   521632      4136   3906672  0.001  0.000   13.621    2.407    0    0  (Gen:  0)
   521904      4224   3906792  0.001  0.000   13.623    2.408    0    0  (Gen:  0)
   521784      4136   3906736  0.001  0.000   13.624    2.408    0    0  (Gen:  0)
   521592      4088   3906704  0.001  0.000   13.626    2.408    0    0  (Gen:  0)
   521784      6088   3908720  0.001  0.000   13.627    2.408    0    0  (Gen:  0)
   521360      5880   3908592  0.001  0.000   13.629    2.408    0    0  (Gen:  0)
   521608      4224   3908784  0.001  0.000   13.631    2.409    0    0  (Gen:  0)
   521592      4112   3908704  0.001  0.000   13.632    2.409    0    0  (Gen:  0)
   521472      4064   3908744  0.001  0.000   13.634    2.409    0    0  (Gen:  0)
   521512      4296   3909008  0.001  0.000   13.635    2.409    0    0  (Gen:  0)
   521856      4176   3908936  0.001  0.000   13.637    2.409    0    0  (Gen:  0)
   521584      4048   3908896  0.001  0.000   13.638    2.410    0    0  (Gen:  0)
   521896      4072   3908936  0.001  0.000   13.640    2.410    0    0  (Gen:  0)
   521704      4112   3909024  0.001  0.000   13.641    2.410    0    0  (Gen:  0)
   521608      6832   3911760  0.001  0.000   13.643    2.410    0    0  (Gen:  0)
   521480      6568   3911560  0.001  0.000   13.644    2.410    0    0  (Gen:  0)
   521520      4208   3911784  0.001  0.000   13.646    2.411    0    0  (Gen:  0)
   521576      4192   3911800  0.001  0.000   13.647    2.411    0    0  (Gen:  0)
   521688      4160   3911800  0.001  0.000   13.649    2.411    0    0  (Gen:  0)
   521368      4088   3911744  0.001  0.000   13.650    2.411    0    0  (Gen:  0)
   521696      4720   3912392  0.001  0.000   13.652    2.412    0    0  (Gen:  0)
   521768      3872   3911832  0.001  0.000   13.654    2.412    0    0  (Gen:  0)
   521288      3912   3911960  0.001  0.000   13.655    2.412    0    0  (Gen:  0)
   521728      4312   3912376  0.001  0.000   13.657    2.412    0    0  (Gen:  0)
   521776      4160   3912496  0.001  0.000   13.658    2.412    0    0  (Gen:  0)
   521400      7904   3916480  0.001  0.000   13.660    2.413    0    0  (Gen:  0)
   521784      5952   3916512  0.001  0.000   13.661    2.413    0    0  (Gen:  0)
   521776      3904   3916456  0.001  0.000   13.663    2.413    0    0  (Gen:  0)
   521544      4152   3916736  0.001  0.000   13.664    2.413    0    0  (Gen:  0)
   521192      4160   3916776  0.001  0.000   13.666    2.413    0    0  (Gen:  0)
   521480      3944   3916576  0.001  0.000   13.667    2.414    0    0  (Gen:  0)
   521952      5904   3918552  0.001  0.000   13.669    2.414    0    0  (Gen:  0)
   521736      4176   3918520  0.001  0.000   13.670    2.414    0    0  (Gen:  0)
   521936      4200   3918632  0.001  0.000   13.672    2.414    0    0  (Gen:  0)
   521248      3920   3918384  0.001  0.000   13.673    2.414    0    0  (Gen:  0)
   521456      4176   3918728  0.001  0.000   13.675    2.415    0    0  (Gen:  0)
   521560      6440   3921024  0.001  0.000   13.676    2.415    0    0  (Gen:  0)
   521600      6480   3921128  0.001  0.000   13.678    2.415    0    0  (Gen:  0)
   521440      4632   3921584  0.001  0.000   13.680    2.415    0    0  (Gen:  0)
   521784      5224   3922736  0.001  0.000   13.681    2.416    0    0  (Gen:  0)
   521792      3904   3922560  0.001  0.000   13.683    2.416    0    0  (Gen:  0)
   521664      4224   3922896  0.001  0.000   13.684    2.416    0    0  (Gen:  0)
   521632      4192   3922912  0.001  0.000   13.686    2.416    0    0  (Gen:  0)
   521608      4040   3922920  0.001  0.000   13.687    2.416    0    0  (Gen:  0)
   521928      4224   3923136  0.001  0.000   13.689    2.417    0    0  (Gen:  0)
   521728      4080   3923024  0.001  0.000   13.690    2.417    0    0  (Gen:  0)
   521664      4048   3923008  0.001  0.000   13.692    2.417    0    0  (Gen:  0)
   521480      6336   3925312  0.001  0.000   13.693    2.417    0    0  (Gen:  0)
   521808      6232   3925288  0.001  0.000   13.695    2.417    0    0  (Gen:  0)
   521712      4184   3925296  0.001  0.000   13.696    2.418    0    0  (Gen:  0)
   521544      4096   3925240  0.001  0.000   13.698    2.418    0    0  (Gen:  0)
   521416      4168   3925400  0.001  0.000   13.699    2.418    0    0  (Gen:  0)
   521848      6104   3927368  0.001  0.000   13.701    2.418    0    0  (Gen:  0)
   521256      4288   3927368  0.001  0.000   13.703    2.418    0    0  (Gen:  0)
   521480      4008   3927176  0.001  0.000   13.704    2.419    0    0  (Gen:  0)
   521528      4264   3927448  0.002  0.000   13.706    2.419    0    0  (Gen:  0)
   521736      4192   3927424  0.001  0.000   13.708    2.419    0    0  (Gen:  0)
   521864      6680   3929928  0.001  0.000   13.709    2.419    0    0  (Gen:  0)
   521552      6456   3929768  0.001  0.000   13.711    2.420    0    0  (Gen:  0)
   521440      3968   3929696  0.001  0.000   13.712    2.420    0    0  (Gen:  0)
   521600      4072   3929832  0.001  0.000   13.714    2.420    0    0  (Gen:  0)
   521624      4008   3929800  0.001  0.000   13.715    2.420    0    0  (Gen:  0)
   521544      3968   3929848  0.001  0.000   13.718    2.421    0    0  (Gen:  0)
   521672      4424   3930336  0.001  0.000   13.719    2.421    0    0  (Gen:  0)
   521752      4192   3930376  0.001  0.000   13.721    2.421    0    0  (Gen:  0)
   521280      3864   3930136  0.001  0.000   13.722    2.421    0    0  (Gen:  0)
   521768      4312   3930600  0.001  0.000   13.724    2.421    0    0  (Gen:  0)
   521728      4320   3930880  0.001  0.000   13.725    2.422    0    0  (Gen:  0)
   521288      7936   3934736  0.001  0.000   13.727    2.422    0    0  (Gen:  0)
   521760      6176   3934640  0.001  0.000   13.728    2.422    0    0  (Gen:  0)
   521832      4192   3934912  0.001  0.000   13.730    2.422    0    0  (Gen:  0)
   521432      4064   3934816  0.001  0.000   13.731    2.422    0    0  (Gen:  0)
   521600      4120   3934904  0.001  0.000   13.733    2.423    0    0  (Gen:  0)
   521496      3992   3934792  0.001  0.000   13.734    2.423    0    0  (Gen:  0)
   521656      6240   3937056  0.001  0.000   13.736    2.423    0    0  (Gen:  0)
   521496      4112   3936920  0.001  0.000   13.737    2.423    0    0  (Gen:  0)
   521616      4304   3937200  0.001  0.000   13.739    2.424    0    0  (Gen:  0)
   521912      4104   3937032  0.001  0.000   13.741    2.424    0    0  (Gen:  0)
   521680      4048   3937064  0.001  0.000   13.742    2.424    0    0  (Gen:  0)
   521504      6360   3939408  0.001  0.000   13.744    2.424    0    0  (Gen:  0)
   521544      6496   3939608  0.001  0.000   13.745    2.424    0    0  (Gen:  0)
   521672      4024   3939472  0.001  0.000   13.747    2.425    0    0  (Gen:  0)
   521432      3976   3939440  0.001  0.000   13.748    2.425    0    0  (Gen:  0)
   521536      4080   3939592  0.001  0.000   13.750    2.425    0    0  (Gen:  0)
   521600      6416   3941944  0.001  0.000   13.751    2.425    0    0  (Gen:  0)
   521528      4264   3941904  0.001  0.000   13.753    2.425    0    0  (Gen:  0)
   521512      4160   3941960  0.001  0.000   13.754    2.426    0    0  (Gen:  0)
   521464      4208   3942040  0.001  0.000   13.756    2.426    0    0  (Gen:  0)
   521872      4016   3941880  0.001  0.000   13.757    2.426    0    0  (Gen:  0)
   521640      4024   3941904  0.001  0.000   13.759    2.426    0    0  (Gen:  0)
   521440      6648   3944544  0.001  0.000   13.760    2.426    0    0  (Gen:  0)
   521784      6584   3944560  0.001  0.000   13.762    2.427    0    0  (Gen:  0)
   521304      4352   3944824  0.001  0.000   13.764    2.427    0    0  (Gen:  0)
   521376      4248   3944752  0.001  0.000   13.765    2.427    0    0  (Gen:  0)
   521336      4152   3944744  0.001  0.000   13.767    2.427    0    0  (Gen:  0)
   521632      4688   3945312  0.001  0.000   13.768    2.428    0    0  (Gen:  0)
   521736      3784   3944680  0.001  0.000   13.770    2.428    0    0  (Gen:  0)
   521800      3928   3944912  0.001  0.000   13.771    2.428    0    0  (Gen:  0)
   521456      4320   3945304  0.001  0.000   13.772    2.428    0    0  (Gen:  0)
   521552      4184   3945424  0.000  0.000   13.773    2.428    0    0  (Gen:  0)
   521640      4768   3946248  0.000  0.000   13.773    2.428    0    0  (Gen:  0)
   521504      6720   3949080  0.000  0.000   13.774    2.428    0    0  (Gen:  0)
   521800      5776   3949176  0.000  0.000   13.775    2.429    0    0  (Gen:  0)
   521560      4176   3949232  0.000  0.000   13.775    2.429    0    0  (Gen:  0)
   521568      4016   3949104  0.000  0.000   13.776    2.429    0    0  (Gen:  0)
   521608      4016   3949192  0.000  0.000   13.776    2.429    0    0  (Gen:  0)
   521760      4272   3949480  0.000  0.000   13.777    2.429    0    0  (Gen:  0)
   521624      4192   3949448  0.000  0.000   13.777    2.429    0    0  (Gen:  0)
   521784      3992   3949336  0.000  0.000   13.778    2.429    0    0  (Gen:  0)
   521808      4240   3949600  0.000  0.000   13.778    2.429    0    0  (Gen:  0)
   521824      4088   3949496  0.000  0.000   13.779    2.430    0    0  (Gen:  0)
   521576      6184   3951608  0.000  0.000   13.780    2.430    0    0  (Gen:  0)
   521680      5952   3951440  0.000  0.000   13.780    2.430    0    0  (Gen:  0)
   521456      4024   3951432  0.000  0.000   13.781    2.430    0    0  (Gen:  0)
   521440      4064   3951504  0.000  0.000   13.781    2.430    0    0  (Gen:  0)
   521600      4120   3951592  0.000  0.000   13.782    2.430    0    0  (Gen:  0)
   521600      3816   3951304  0.000  0.000   13.782    2.430    0    0  (Gen:  0)
   521600      4288   3951792  0.000  0.000   13.783    2.430    0    0  (Gen:  0)
   521624      4160   3951728  0.000  0.000   13.784    2.430    0    0  (Gen:  0)
   521928      4120   3951776  0.000  0.000   13.784    2.431    0    0  (Gen:  0)
   521672      4032   3951720  0.000  0.000   13.785    2.431    0    0  (Gen:  0)
   521752      4136   3951912  0.000  0.000   13.785    2.431    0    0  (Gen:  0)
   521520      6680   3954488  0.000  0.000   13.786    2.431    0    0  (Gen:  0)
   521576      6616   3954488  0.000  0.000   13.786    2.431    0    0  (Gen:  0)
   521528      4064   3954448  0.000  0.000   13.787    2.431    0    0  (Gen:  0)
   521600      4128   3954528  0.000  0.000   13.788    2.431    0    0  (Gen:  0)
   521440      4104   3954552  0.000  0.000   13.788    2.431    0    0  (Gen:  0)
   521648      4480   3954944  0.000  0.000   13.789    2.432    0    0  (Gen:  0)
   521616      4104   3954840  0.000  0.000   13.789    2.432    0    0  (Gen:  0)
   521664      4096   3954992  0.000  0.000   13.790    2.432    0    0  (Gen:  0)
   521376      4488   3955416  0.000  0.000   13.790    2.432    0    0  (Gen:  0)
   521760      4528   3955712  0.000  0.000   13.791    2.432    0    0  (Gen:  0)
   521560      4472   3955896  0.000  0.000   13.792    2.432    0    0  (Gen:  0)
   521576      7616   3959440  0.000  0.000   13.792    2.432    0    0  (Gen:  0)
   521808      5952   3959456  0.000  0.000   13.793    2.432    0    0  (Gen:  0)
   521688      3904   3959328  0.000  0.000   13.793    2.433    0    0  (Gen:  0)
   521392      4224   3959664  0.000  0.000   13.794    2.433    0    0  (Gen:  0)
   521232      3968   3959456  0.000  0.000   13.795    2.433    0    0  (Gen:  0)
   521848      6000   3961504  0.000  0.000   13.795    2.433    0    0  (Gen:  0)
   521776      4040   3961224  0.000  0.000   13.796    2.433    0    0  (Gen:  0)
   521736      4120   3961464  0.000  0.000   13.796    2.433    0    0  (Gen:  0)
   521872      4192   3961568  0.000  0.000   13.797    2.433    0    0  (Gen:  0)
   521200      3984   3961392  0.000  0.000   13.797    2.433    0    0  (Gen:  0)
   521376      3952   3961376  0.000  0.000   13.798    2.434    0    0  (Gen:  0)
   521832      6504   3963944  0.000  0.000   13.799    2.434    0    0  (Gen:  0)
   521456      6408   3963928  0.000  0.000   13.799    2.434    0    0  (Gen:  0)
   521648      5744   3965568  0.000  0.000   13.800    2.434    0    0  (Gen:  0)
   521576      3992   3965424  0.000  0.000   13.800    2.434    0    0  (Gen:  0)
   521872      4056   3965576  0.000  0.000   13.801    2.434    0    0  (Gen:  0)
   521568      4336   3965888  0.000  0.000   13.801    2.434    0    0  (Gen:  0)
   521672      4360   3965960  0.000  0.000   13.802    2.434    0    0  (Gen:  0)
   521704      3928   3965616  0.000  0.000   13.803    2.435    0    0  (Gen:  0)
   521864      4128   3965832  0.000  0.000   13.803    2.435    0    0  (Gen:  0)
   521792      3904   3965656  0.000  0.000   13.804    2.435    0    0  (Gen:  0)
   521480      6264   3968032  0.000  0.000   13.804    2.435    0    0  (Gen:  0)
   521728      6216   3968048  0.000  0.000   13.805    2.435    0    0  (Gen:  0)
   521728      4080   3968040  0.000  0.000   13.805    2.435    0    0  (Gen:  0)
   521504      4112   3968104  0.000  0.000   13.806    2.435    0    0  (Gen:  0)
   521552      4176   3968200  0.000  0.000   13.807    2.435    0    0  (Gen:  0)
   521656      4024   3968064  0.000  0.000   13.807    2.435    0    0  (Gen:  0)
   521624      5960   3970016  0.000  0.000   13.808    2.436    0    0  (Gen:  0)
   521320      4120   3970008  0.000  0.000   13.808    2.436    0    0  (Gen:  0)
   521560      4264   3970240  0.000  0.000   13.809    2.436    0    0  (Gen:  0)
   521600      4176   3970184  0.000  0.000   13.809    2.436    0    0  (Gen:  0)
   521744      4064   3970160  0.000  0.000   13.810    2.436    0    0  (Gen:  0)
   521712      6528   3972656  0.000  0.000   13.811    2.436    0    0  (Gen:  0)
   521560      6472   3972664  0.000  0.000   13.811    2.436    0    0  (Gen:  0)
   521528      4088   3972624  0.000  0.000   13.812    2.436    0    0  (Gen:  0)
   521616      4280   3972832  0.000  0.000   13.812    2.437    0    0  (Gen:  0)
   521560      4160   3972760  0.000  0.000   13.813    2.437    0    0  (Gen:  0)
   521592      4832   3973448  0.000  0.000   13.813    2.437    0    0  (Gen:  0)
   521616      4040   3972928  0.000  0.000   13.814    2.437    0    0  (Gen:  0)
   521712      3984   3973032  0.000  0.000   13.815    2.437    0    0  (Gen:  0)
   521368      4288   3973368  0.000  0.000   13.815    2.437    0    0  (Gen:  0)
   521744      3904   3973240  0.000  0.000   13.816    2.437    0    0  (Gen:  0)
   521576      4464   3973888  0.000  0.000   13.816    2.437    0    0  (Gen:  0)
   521432      7792   3977632  0.000  0.000   13.817    2.438    0    0  (Gen:  0)
   521824      6288   3977632  0.000  0.000   13.817    2.438    0    0  (Gen:  0)
   521728      3992   3977520  0.000  0.000   13.818    2.438    0    0  (Gen:  0)
   521496      4224   3977768  0.000  0.000   13.819    2.438    0    0  (Gen:  0)
   521360      3800   3977392  0.001  0.000   13.820    2.438    0    0  (Gen:  0)
   521792      6152   3979760  0.001  0.000   13.822    2.438    0    0  (Gen:  0)
   521576      4192   3979776  0.001  0.000   13.824    2.439    0    0  (Gen:  0)
   521528      4096   3979840  0.001  0.000   13.825    2.439    0    0  (Gen:  0)
   521704      4152   3979928  0.001  0.000   13.827    2.439    0    0  (Gen:  0)
   521848      4048   3979856  0.001  0.000   13.829    2.439    0    0  (Gen:  0)
   521600      4064   3979888  0.001  0.000   13.830    2.439    0    0  (Gen:  0)
   521504      6648   3982488  0.001  0.000   13.832    2.440    0    0  (Gen:  0)
   521512      6440   3982360  0.001  0.000   13.835    2.440    0    0  (Gen:  0)
   521648      4208   3982464  0.000  0.000   13.835    2.440    0    0  (Gen:  0)
   521424      4080   3982368  0.000  0.000   13.836    2.440    0    0  (Gen:  0)
   521648      4096   3982472  0.000  0.000   13.837    2.440    0    0  (Gen:  0)
   521536      6272   3984680  0.000  0.000   13.837    2.441    0    0  (Gen:  0)
   521600      4168   3984688  0.000  0.000   13.838    2.441    0    0  (Gen:  0)
   521408      3992   3984600  0.000  0.000   13.838    2.441    0    0  (Gen:  0)
   521568      4208   3984832  0.000  0.000   13.839    2.441    0    0  (Gen:  0)
   521816      4160   3984832  0.000  0.000   13.839    2.441    0    0  (Gen:  0)
   521576      6648   3987336  0.000  0.000   13.840    2.441    0    0  (Gen:  0)
   521632      6560   3987312  0.000  0.000   13.841    2.441    0    0  (Gen:  0)
   521600      4120   3987440  0.000  0.000   13.841    2.441    0    0  (Gen:  0)
   521344      4128   3987480  0.000  0.000   13.842    2.442    0    0  (Gen:  0)
   521240      4216   3987600  0.000  0.000   13.842    2.442    0    0  (Gen:  0)
   521496      4064   3987464  0.000  0.000   13.843    2.442    0    0  (Gen:  0)
   521712      4536   3987952  0.000  0.000   13.844    2.442    0    0  (Gen:  0)
   521736      4224   3987928  0.000  0.000   13.844    2.442    0    0  (Gen:  0)
   521760      4512   3988304  0.000  0.000   13.845    2.442    0    0  (Gen:  0)
   521464      4232   3988280  0.000  0.000   13.845    2.442    0    0  (Gen:  0)
   521480      4632   3988768  0.000  0.000   13.846    2.442    0    0  (Gen:  0)
   521448      7336   3991888  0.000  0.000   13.846    2.443    0    0  (Gen:  0)
   521744      5544   3991760  0.000  0.000   13.847    2.443    0    0  (Gen:  0)
   521776      4136   3992080  0.000  0.000   13.848    2.443    0    0  (Gen:  0)
   521424      4024   3992000  0.000  0.000   13.848    2.443    0    0  (Gen:  0)
   521576      3992   3992000  0.000  0.000   13.849    2.443    0    0  (Gen:  0)
   521648      3976   3992000  0.000  0.000   13.849    2.443    0    0  (Gen:  0)
   521896      4328   3992368  0.000  0.000   13.850    2.443    0    0  (Gen:  0)
   521544      4208   3992312  0.000  0.000   13.850    2.443    0    0  (Gen:  0)
   521936      4232   3992424  0.000  0.000   13.851    2.444    0    0  (Gen:  0)
   521640      3952   3992176  0.000  0.000   13.851    2.444    0    0  (Gen:  0)
   521880      4136   3992448  0.000  0.000   13.852    2.444    0    0  (Gen:  0)
   521584      5824   3994168  0.000  0.000   13.853    2.444    0    0  (Gen:  0)
   521576      5968   3994376  0.000  0.000   13.853    2.444    0    0  (Gen:  0)
   521472      3992   3994248  0.000  0.000   13.854    2.444    0    0  (Gen:  0)
   521480      4048   3994320  0.001  0.000   13.855    2.444    0    0  (Gen:  0)
   521600      4136   3994456  0.001  0.000   13.856    2.444    0    0  (Gen:  0)
   521568      4376   3994712  0.001  0.000   13.857    2.445    0    0  (Gen:  0)
   521680      4040   3994424  0.001  0.000   13.859    2.445    0    0  (Gen:  0)
   521592      4080   3994624  0.001  0.000   13.860    2.445    0    0  (Gen:  0)
   521920      4152   3994728  0.001  0.000   13.861    2.445    0    0  (Gen:  0)
   521744      4016   3994624  0.001  0.000   13.862    2.445    0    0  (Gen:  0)
   521664      3904   3994528  0.001  0.000   13.864    2.446    0    0  (Gen:  0)
   521504      6680   3997320  0.000  0.000   13.864    2.446    0    0  (Gen:  0)
   521472      6688   3997408  0.000  0.000   13.865    2.446    0    0  (Gen:  0)
   521664      4264   3997496  0.000  0.000   13.865    2.446    0    0  (Gen:  0)
   521472      4192   3997456  0.000  0.000   13.866    2.446    0    0  (Gen:  0)
   521512      4160   3997512  0.000  0.000   13.866    2.446    0    0  (Gen:  0)
   521712      4504   3997888  0.000  0.000   13.867    2.446    0    0  (Gen:  0)
   521656      4320   3997976  0.000  0.000   13.868    2.446    0    0  (Gen:  0)
   521480      3904   3997648  0.000  0.000   13.868    2.447    0    0  (Gen:  0)
   521504      4520   3998280  0.000  0.000   13.869    2.447    0    0  (Gen:  0)
   521768      4384   3998416  0.000  0.000   13.869    2.447    0    0  (Gen:  0)
   521400      8616   4002880  0.000  0.000   13.870    2.447    0    0  (Gen:  0)
   521488      6400   4002680  0.000  0.000   13.871    2.447    0    0  (Gen:  0)
   521440      3968   4002608  0.000  0.000   13.871    2.447    0    0  (Gen:  0)
   521592      4024   4002696  0.000  0.000   13.872    2.447    0    0  (Gen:  0)
   521736      3968   4002672  0.000  0.000   13.872    2.447    0    0  (Gen:  0)
   521744      3848   4002640  0.000  0.000   13.873    2.448    0    0  (Gen:  0)
   521464      5872   4004696  0.000  0.000   13.873    2.448    0    0  (Gen:  0)
   521544      4136   4004640  0.000  0.000   13.874    2.448    0    0  (Gen:  0)
   521672      3936   4004528  0.000  0.000   13.874    2.448    0    0  (Gen:  0)
   521808      4184   4004792  0.000  0.000   13.875    2.448    0    0  (Gen:  0)
   521784      4104   4004760  0.000  0.000   13.876    2.448    0    0  (Gen:  0)
   521552      6464   4007136  0.000  0.000   13.876    2.448    0    0  (Gen:  0)
   521544      6344   4007080  0.000  0.000   13.877    2.448    0    0  (Gen:  0)
   521432      4376   4007504  0.000  0.000   13.877    2.449    0    0  (Gen:  0)
   521472      5552   4009096  0.000  0.000   13.878    2.449    0    0  (Gen:  0)
   521528      4088   4009080  0.000  0.000   13.879    2.449    0    0  (Gen:  0)
   521648      3944   4008952  0.000  0.000   13.879    2.449    0    0  (Gen:  0)
   521576      4328   4009352  0.000  0.000   13.880    2.449    0    0  (Gen:  0)
   521488      4208   4009296  0.000  0.000   13.880    2.449    0    0  (Gen:  0)
   521624      4224   4009400  0.000  0.000   13.881    2.449    0    0  (Gen:  0)
   521904      4032   4009240  0.000  0.000   13.881    2.449    0    0  (Gen:  0)
   521704      4136   4009432  0.000  0.000   13.882    2.450    0    0  (Gen:  0)
   521536      6144   4011472  0.000  0.000   13.883    2.450    0    0  (Gen:  0)
   521192      6200   4011592  0.000  0.000   13.883    2.450    0    0  (Gen:  0)
   521536      3920   4011368  0.000  0.000   13.884    2.450    0    0  (Gen:  0)
   521728      4200   4011664  0.000  0.000   13.884    2.450    0    0  (Gen:  0)
   521416      4176   4011688  0.000  0.000   13.885    2.450    0    0  (Gen:  0)
   521568      6032   4013560  0.000  0.000   13.885    2.450    0    0  (Gen:  0)
   521640      4160   4013504  0.000  0.000   13.886    2.450    0    0  (Gen:  0)
   521656      4112   4013616  0.000  0.000   13.887    2.450    0    0  (Gen:  0)
   521592      4208   4013744  0.000  0.000   13.887    2.451    0    0  (Gen:  0)
   521256      4128   4013696  0.000  0.000   13.888    2.451    0    0  (Gen:  0)
   521376      3976   4013560  0.000  0.000   13.888    2.451    0    0  (Gen:  0)
   521584      6568   4016168  0.000  0.000   13.889    2.451    0    0  (Gen:  0)
   521584      6416   4016096  0.000  0.000   13.889    2.451    0    0  (Gen:  0)
   521608      4288   4016312  0.000  0.000   13.890    2.451    0    0  (Gen:  0)
   521520      4048   4016104  0.000  0.000   13.891    2.451    0    0  (Gen:  0)
   521336      4032   4016176  0.000  0.000   13.891    2.451    0    0  (Gen:  0)
   521776      4544   4016720  0.000  0.000   13.892    2.452    0    0  (Gen:  0)
   521272      4304   4016752  0.000  0.000   13.892    2.452    0    0  (Gen:  0)
   521464      4136   4016672  0.000  0.000   13.893    2.452    0    0  (Gen:  0)
   521648      4384   4016936  0.000  0.000   13.893    2.452    0    0  (Gen:  0)
   521856      4160   4016984  0.000  0.000   13.894    2.452    0    0  (Gen:  0)
   521776      4960   4018024  0.000  0.000   13.895    2.452    0    0  (Gen:  0)
   521584      7008   4021112  0.000  0.000   13.895    2.452    0    0  (Gen:  0)
   521456      6176   4021000  0.000  0.000   13.896    2.452    0    0  (Gen:  0)
   521616      4112   4021120  0.000  0.000   13.897    2.453    0    0  (Gen:  0)
   521528      4096   4021136  0.000  0.000   13.897    2.453    0    0  (Gen:  0)
   521576      3968   4021096  0.000  0.000   13.898    2.453    0    0  (Gen:  0)
   521528      5864   4023024  0.000  0.000   13.898    2.453    0    0  (Gen:  0)
   521640      4120   4023256  0.000  0.000   13.899    2.453    0    0  (Gen:  0)
   521760      3936   4023160  0.000  0.000   13.899    2.453    0    0  (Gen:  0)
   521848      4208   4023448  0.000  0.000   13.900    2.453    0    0  (Gen:  0)
   521792      3952   4023240  0.000  0.000   13.900    2.453    0    0  (Gen:  0)
   521440      6544   4025848  0.000  0.000   13.901    2.454    0    0  (Gen:  0)
   521608      6384   4025752  0.000  0.000   13.902    2.454    0    0  (Gen:  0)
   521624      4176   4025952  0.000  0.000   13.902    2.454    0    0  (Gen:  0)
   521456      4224   4026032  0.000  0.000   13.903    2.454    0    0  (Gen:  0)
   521544      4160   4026000  0.000  0.000   13.903    2.454    0    0  (Gen:  0)
   521568      4216   4026072  0.000  0.000   13.904    2.454    0    0  (Gen:  0)
   521320      6320   4028192  0.000  0.000   13.905    2.454    0    0  (Gen:  0)
   521488      4096   4028096  0.000  0.000   13.905    2.454    0    0  (Gen:  0)
   521824      4136   4028224  0.000  0.000   13.906    2.454    0    0  (Gen:  0)
   521648      4104   4028224  0.000  0.000   13.906    2.455    0    0  (Gen:  0)
   521776      3984   4028192  0.000  0.000   13.907    2.455    0    0  (Gen:  0)
   521440      6736   4030976  0.000  0.000   13.907    2.455    0    0  (Gen:  0)
   521200      6656   4030960  0.000  0.000   13.908    2.455    0    0  (Gen:  0)
   521560      4088   4030888  0.000  0.000   13.908    2.455    0    0  (Gen:  0)
   521688      4184   4031000  0.000  0.000   13.909    2.455    0    0  (Gen:  0)
   521368      4032   4030896  0.000  0.000   13.910    2.455    0    0  (Gen:  0)
   521600      4576   4031456  0.000  0.000   13.910    2.455    0    0  (Gen:  0)
   521784      4192   4031344  0.000  0.000   13.911    2.456    0    0  (Gen:  0)
   521552      4248   4031560  0.000  0.000   13.911    2.456    0    0  (Gen:  0)
   521728      4312   4031656  0.000  0.000   13.912    2.456    0    0  (Gen:  0)
   521648      4384   4031984  0.000  0.000   13.912    2.456    0    0  (Gen:  0)
   521504      4432   4032272  0.000  0.000   13.913    2.456    0    0  (Gen:  0)
   521472      7168   4035408  0.000  0.000   13.914    2.456    0    0  (Gen:  0)
   521632      5704   4035464  0.000  0.000   13.914    2.456    0    0  (Gen:  0)
   521800      3920   4035336  0.000  0.000   13.915    2.456    0    0  (Gen:  0)
   521424      4024   4035456  0.000  0.000   13.915    2.457    0    0  (Gen:  0)
   521520      4040   4035520  0.000  0.000   13.916    2.457    0    0  (Gen:  0)
   521512      4168   4035664  0.000  0.000   13.916    2.457    0    0  (Gen:  0)
   521728      4096   4035640  0.000  0.000   13.917    2.457    0    0  (Gen:  0)
   521736      4096   4035800  0.000  0.000   13.918    2.457    0    0  (Gen:  0)
   521848      4120   4035856  0.000  0.000   13.918    2.457    0    0  (Gen:  0)
   521232      4120   4035888  0.000  0.000   13.919    2.457    0    0  (Gen:  0)
   521280      3976   4035760  0.000  0.000   13.919    2.457    0    0  (Gen:  0)
   521616      6016   4037816  0.000  0.000   13.920    2.458    0    0  (Gen:  0)
   521376      5792   4037672  0.000  0.000   13.920    2.458    0    0  (Gen:  0)
   521760      4232   4037960  0.000  0.000   13.921    2.458    0    0  (Gen:  0)
   521576      3992   4037752  0.000  0.000   13.922    2.458    0    0  (Gen:  0)
   521576      4008   4037856  0.000  0.000   13.922    2.458    0    0  (Gen:  0)
   521384      4200   4038080  0.000  0.000   13.923    2.458    0    0  (Gen:  0)
   521608      4232   4038160  0.000  0.000   13.923    2.458    0    0  (Gen:  0)
   521552      4104   4038120  0.000  0.000   13.924    2.458    0    0  (Gen:  0)
   521848      4136   4038168  0.000  0.000   13.924    2.458    0    0  (Gen:  0)
   521776      3936   4038016  0.000  0.000   13.925    2.459    0    0  (Gen:  0)
   521568      6768   4040864  0.000  0.000   13.926    2.459    0    0  (Gen:  0)
   521560      6632   4040792  0.000  0.000   13.926    2.459    0    0  (Gen:  0)
   521432      4008   4040752  0.000  0.000   13.927    2.459    0    0  (Gen:  0)
   521632      4080   4040856  0.001  0.000   13.928    2.459    0    0  (Gen:  0)
   521576      4192   4041000  0.000  0.000   13.929    2.459    0    0  (Gen:  0)
   521400      4064   4040888  0.000  0.000   13.929    2.459    0    0  (Gen:  0)
   521704      4536   4041376  0.000  0.000   13.930    2.460    0    0  (Gen:  0)
   521800      4144   4041272  0.000  0.000   13.931    2.460    0    0  (Gen:  0)
   521264      4416   4041632  0.000  0.000   13.931    2.460    0    0  (Gen:  0)
   521760      4064   4041536  0.000  0.000   13.932    2.460    0    0  (Gen:  0)
   521728      4448   4042008  0.000  0.000   13.932    2.460    0    0  (Gen:  0)
   521424      7944   4045920  0.000  0.000   13.933    2.460    0    0  (Gen:  0)
   521792      6152   4045952  0.000  0.000   13.934    2.460    0    0  (Gen:  0)
   521776      4072   4045792  0.000  0.000   13.934    2.460    0    0  (Gen:  0)
   521440      4336   4046072  0.000  0.000   13.935    2.461    0    0  (Gen:  0)
   521208      4160   4045944  0.000  0.000   13.935    2.461    0    0  (Gen:  0)
   521608      4472   4046264  0.000  0.000   13.936    2.461    0    0  (Gen:  0)
   521912      5256   4047584  0.000  0.000   13.936    2.461    0    0  (Gen:  0)
   521752      4040   4047728  0.000  0.000   13.937    2.461    0    0  (Gen:  0)
   521864      4112   4047832  0.000  0.000   13.938    2.461    0    0  (Gen:  0)
   521272      4048   4047800  0.000  0.000   13.938    2.461    0    0  (Gen:  0)
   521488      4112   4047952  0.000  0.000   13.939    2.461    0    0  (Gen:  0)
   521640      6504   4050376  0.000  0.000   13.939    2.461    0    0  (Gen:  0)
   521584      6392   4050328  0.000  0.000   13.940    2.462    0    0  (Gen:  0)
   521352      4696   4050936  0.000  0.000   13.940    2.462    0    0  (Gen:  0)
   521792      5048   4052008  0.000  0.000   13.941    2.462    0    0  (Gen:  0)
   521792      4120   4052064  0.000  0.000   13.942    2.462    0    0  (Gen:  0)
   521616      4296   4052256  0.000  0.000   13.942    2.462    0    0  (Gen:  0)
   521712      4112   4052120  0.000  0.000   13.943    2.462    0    0  (Gen:  0)
   521568      4152   4052320  0.000  0.000   13.943    2.462    0    0  (Gen:  0)
   521920      4224   4052424  0.000  0.000   13.944    2.462    0    0  (Gen:  0)
   521784      3928   4052160  0.000  0.000   13.944    2.463    0    0  (Gen:  0)
   521640      4040   4052288  0.000  0.000   13.945    2.463    0    0  (Gen:  0)
   521512      6352   4054616  0.000  0.000   13.946    2.463    0    0  (Gen:  0)
   521776      6160   4054504  0.000  0.000   13.946    2.463    0    0  (Gen:  0)
   521672      4072   4054472  0.000  0.000   13.947    2.463    0    0  (Gen:  0)
   521552      4008   4054440  0.000  0.000   13.947    2.463    0    0  (Gen:  0)
   521536      3920   4054440  0.000  0.000   13.948    2.463    0    0  (Gen:  0)
   521776      6080   4056632  0.000  0.000   13.949    2.463    0    0  (Gen:  0)
   521192      4304   4056672  0.000  0.000   13.949    2.464    0    0  (Gen:  0)
   521536      4016   4056472  0.000  0.000   13.950    2.464    0    0  (Gen:  0)
   521536      4240   4056712  0.000  0.000   13.950    2.464    0    0  (Gen:  0)
   521784      4080   4056600  0.000  0.000   13.951    2.464    0    0  (Gen:  0)
   521776      6624   4059160  0.000  0.000   13.951    2.464    0    0  (Gen:  0)
   521560      6488   4059088  0.000  0.000   13.952    2.464    0    0  (Gen:  0)
   521496      4040   4059056  0.000  0.000   13.953    2.464    0    0  (Gen:  0)
   521560      4120   4059168  0.000  0.000   13.953    2.464    0    0  (Gen:  0)
   521600      4176   4059256  0.000  0.000   13.954    2.465    0    0  (Gen:  0)
   521472      3952   4059048  0.000  0.000   13.954    2.465    0    0  (Gen:  0)
   521720      4536   4059648  0.000  0.000   13.955    2.465    0    0  (Gen:  0)
   521768      4192   4059592  0.000  0.000   13.955    2.465    0    0  (Gen:  0)
   521304      4480   4059968  0.000  0.000   13.956    2.465    0    0  (Gen:  0)
   521776      4088   4059832  0.000  0.000   13.956    2.465    0    0  (Gen:  0)
   521712      4576   4060408  0.000  0.000   13.957    2.465    0    0  (Gen:  0)
   521328      7720   4063968  0.000  0.000   13.958    2.465    0    0  (Gen:  0)
   521768      6088   4063840  0.000  0.000   13.958    2.465    0    0  (Gen:  0)
   521744      4040   4064048  0.000  0.000   13.959    2.466    0    0  (Gen:  0)
   521520      4024   4064064  0.000  0.000   13.959    2.466    0    0  (Gen:  0)
   521552      4104   4064176  0.000  0.000   13.960    2.466    0    0  (Gen:  0)
   521520      3904   4063992  0.000  0.000   13.961    2.466    0    0  (Gen:  0)
   521648      6184   4066288  0.000  0.000   13.961    2.466    0    0  (Gen:  0)
   521480      4176   4066272  0.000  0.000   13.962    2.466    0    0  (Gen:  0)
   521720      4184   4066368  0.000  0.000   13.962    2.466    0    0  (Gen:  0)
   521776      3992   4066208  0.000  0.000   13.963    2.466    0    0  (Gen:  0)
   521720      4080   4066384  0.000  0.000   13.963    2.467    0    0  (Gen:  0)
   521560      6616   4068952  0.000  0.000   13.964    2.467    0    0  (Gen:  0)
   521432      6352   4068752  0.000  0.000   13.965    2.467    0    0  (Gen:  0)
   521736      3992   4068728  0.000  0.000   13.965    2.467    0    0  (Gen:  0)
   521408      4192   4068944  0.000  0.000   13.966    2.467    0    0  (Gen:  0)
   521544      4064   4068864  0.000  0.000   13.966    2.467    0    0  (Gen:  0)
   521576      6400   4071216  0.000  0.000   13.967    2.467    0    0  (Gen:  0)
   521672      4232   4071160  0.000  0.000   13.967    2.467    0    0  (Gen:  0)
   521408      4176   4071264  0.000  0.000   13.968    2.468    0    0  (Gen:  0)
   521488      4000   4071120  0.000  0.000   13.969    2.468    0    0  (Gen:  0)
   521872      4080   4071232  0.000  0.000   13.969    2.468    0    0  (Gen:  0)
   521592      3920   4071088  0.000  0.000   13.970    2.468    0    0  (Gen:  0)
   521456      6680   4073864  0.000  0.000   13.970    2.468    0    0  (Gen:  0)
   521816      6560   4073824  0.000  0.000   13.971    2.468    0    0  (Gen:  0)
   521256      4168   4073928  0.000  0.000   13.972    2.468    0    0  (Gen:  0)
   521344      4096   4073888  0.000  0.000   13.972    2.468    0    0  (Gen:  0)
   521320      4096   4073976  0.000  0.000   13.973    2.469    0    0  (Gen:  0)
   521736      4592   4074504  0.000  0.000   13.973    2.469    0    0  (Gen:  0)
   521736      4056   4074240  0.000  0.000   13.974    2.469    0    0  (Gen:  0)
   521776      4008   4074280  0.000  0.000   13.974    2.469    0    0  (Gen:  0)
   521488      4408   4074696  0.000  0.000   13.975    2.469    0    0  (Gen:  0)
   521544      4416   4074976  0.000  0.000   13.975    2.469    0    0  (Gen:  0)
   521544      7728   4078528  0.000  0.000   13.976    2.469    0    0  (Gen:  0)
   521584      5712   4078336  0.000  0.000   13.977    2.469    0    0  (Gen:  0)
   521736      4192   4078544  0.000  0.000   13.977    2.469    0    0  (Gen:  0)
   521584      4320   4078704  0.000  0.000   13.978    2.470    0    0  (Gen:  0)
   521584      4040   4078456  0.000  0.000   13.978    2.470    0    0  (Gen:  0)
   521616      3896   4078328  0.000  0.000   13.979    2.470    0    0  (Gen:  0)
   521736      4184   4078632  0.000  0.000   13.980    2.470    0    0  (Gen:  0)
   521624      4032   4078544  0.000  0.000   13.980    2.470    0    0  (Gen:  0)
   521800      3880   4078480  0.000  0.000   13.981    2.470    0    0  (Gen:  0)
   521824      4128   4078744  0.000  0.000   13.981    2.470    0    0  (Gen:  0)
   521752      4120   4078784  0.000  0.000   13.982    2.470    0    0  (Gen:  0)
   521688      6072   4080752  0.000  0.000   13.982    2.471    0    0  (Gen:  0)
   521648      6008   4080752  0.000  0.000   13.983    2.471    0    0  (Gen:  0)
   521360      3816   4080480  0.000  0.000   13.984    2.471    0    0  (Gen:  0)
   521472      4080   4080776  0.000  0.000   13.984    2.471    0    0  (Gen:  0)
   521688      4104   4080832  0.000  0.000   13.985    2.471    0    0  (Gen:  0)
   521544      4032   4080776  0.000  0.000   13.985    2.471    0    0  (Gen:  0)
   521648      4272   4081032  0.000  0.000   13.986    2.471    0    0  (Gen:  0)
   521544      4176   4081000  0.000  0.000   13.986    2.471    0    0  (Gen:  0)
   522008      4136   4081048  0.000  0.000   13.987    2.472    0    0  (Gen:  0)
   521592      4048   4080992  0.000  0.000   13.987    2.472    0    0  (Gen:  0)
   521872      4152   4081184  0.000  0.000   13.988    2.472    0    0  (Gen:  0)
   521416      6472   4083536  0.000  0.000   13.989    2.472    0    0  (Gen:  0)
   521592      6560   4083688  0.000  0.000   13.989    2.472    0    0  (Gen:  0)
   521544      3912   4083552  0.000  0.000   13.990    2.472    0    0  (Gen:  0)
   521600      4096   4083752  0.000  0.000   13.990    2.472    0    0  (Gen:  0)
   521336      3976   4083680  0.000  0.000   13.991    2.472    0    0  (Gen:  0)
   521744      4576   4084296  0.000  0.000   13.991    2.473    0    0  (Gen:  0)
   521640      4136   4084128  0.000  0.000   13.992    2.473    0    0  (Gen:  0)
   521576      4080   4084232  0.000  0.000   13.993    2.473    0    0  (Gen:  0)
   521424      4432   4084616  0.000  0.000   13.993    2.473    0    0  (Gen:  0)
   521712      4288   4084728  0.000  0.000   13.994    2.473    0    0  (Gen:  0)
   521680      4360   4085040  0.000  0.000   13.994    2.473    0    0  (Gen:  0)
   521488      7800   4088880  0.000  0.000   13.995    2.473    0    0  (Gen:  0)
   521760      5952   4088712  0.000  0.000   13.996    2.473    0    0  (Gen:  0)
   521704      4120   4088800  0.000  0.000   13.996    2.473    0    0  (Gen:  0)
   521432      4176   4088888  0.000  0.000   13.997    2.474    0    0  (Gen:  0)
   521280      4064   4088864  0.000  0.000   13.997    2.474    0    0  (Gen:  0)
   521856      6000   4090832  0.000  0.000   13.998    2.474    0    0  (Gen:  0)
   521808      4232   4090744  0.000  0.000   13.998    2.474    0    0  (Gen:  0)
   521696      4088   4090688  0.000  0.000   13.999    2.474    0    0  (Gen:  0)
   521752      4248   4090864  0.000  0.000   14.000    2.474    0    0  (Gen:  0)
   521248      3984   4090648  0.000  0.000   14.000    2.474    0    0  (Gen:  0)
   521392      3840   4090520  0.000  0.000   14.001    2.474    0    0  (Gen:  0)
   521848      6448   4093144  0.000  0.000   14.001    2.475    0    0  (Gen:  0)
   521392      6408   4093184  0.000  0.000   14.002    2.475    0    0  (Gen:  0)
   521640      5784   4094864  0.000  0.000   14.003    2.475    0    0  (Gen:  0)
   521672      4064   4094752  0.000  0.000   14.003    2.475    0    0  (Gen:  0)
   521856      4120   4094896  0.000  0.000   14.004    2.475    0    0  (Gen:  0)
   521600      4312   4095120  0.000  0.000   14.004    2.475    0    0  (Gen:  0)
   521576      4176   4095032  0.000  0.000   14.005    2.475    0    0  (Gen:  0)
   521824      4136   4095080  0.000  0.000   14.005    2.475    0    0  (Gen:  0)
   521808      4112   4095072  0.000  0.000   14.006    2.476    0    0  (Gen:  0)
   521792      4120   4095128  0.000  0.000   14.006    2.476    0    0  (Gen:  0)
   521464      6136   4097160  0.000  0.000   14.007    2.476    0    0  (Gen:  0)
   521744      6072   4097160  0.000  0.000   14.008    2.476    0    0  (Gen:  0)
   521720      4096   4097312  0.000  0.000   14.008    2.476    0    0  (Gen:  0)
   521504      4224   4097472  0.000  0.000   14.009    2.476    0    0  (Gen:  0)
   521528      4152   4097432  0.000  0.000   14.009    2.476    0    0  (Gen:  0)
   521632      3944   4097240  0.000  0.000   14.010    2.476    0    0  (Gen:  0)
   521624      6176   4099488  0.000  0.000   14.010    2.477    0    0  (Gen:  0)
   521280      4024   4099168  0.000  0.000   14.011    2.477    0    0  (Gen:  0)
   521584      4120   4099352  0.000  0.000   14.012    2.477    0    0  (Gen:  0)
   521664      4080   4099344  0.000  0.000   14.012    2.477    0    0  (Gen:  0)
   521832      3936   4099288  0.000  0.000   14.013    2.477    0    0  (Gen:  0)
   521608      6392   4101776  0.000  0.000   14.013    2.477    0    0  (Gen:  0)
   521616      6448   4101896  0.000  0.000   14.014    2.477    0    0  (Gen:  0)
   521528      4064   4101856  0.000  0.000   14.014    2.477    0    0  (Gen:  0)
   521576      4120   4101928  0.000  0.000   14.015    2.477    0    0  (Gen:  0)
   521480      4032   4101888  0.000  0.000   14.016    2.478    0    0  (Gen:  0)
   521728      4648   4102520  0.000  0.000   14.016    2.478    0    0  (Gen:  0)
   521640      4000   4102144  0.000  0.000   14.017    2.478    0    0  (Gen:  0)
   521608      4080   4102384  0.000  0.000   14.017    2.478    0    0  (Gen:  0)
   521360      4464   4102800  0.000  0.000   14.018    2.478    0    0  (Gen:  0)
   521736      4224   4102816  0.000  0.000   14.018    2.478    0    0  (Gen:  0)
   521672      4448   4103280  0.000  0.000   14.019    2.478    0    0  (Gen:  0)
   521384      7760   4106992  0.000  0.000   14.020    2.478    0    0  (Gen:  0)
   521712      6304   4106896  0.000  0.000   14.020    2.479    0    0  (Gen:  0)
   521776      4288   4107064  0.000  0.000   14.021    2.479    0    0  (Gen:  0)
   521528      4216   4107024  0.000  0.000   14.021    2.479    0    0  (Gen:  0)
   521464      3928   4106824  0.000  0.000   14.022    2.479    0    0  (Gen:  0)
   521672      6184   4109112  0.000  0.000   14.022    2.479    0    0  (Gen:  0)
   521600      4024   4108928  0.000  0.000   14.023    2.479    0    0  (Gen:  0)
   521528      4080   4109144  0.000  0.000   14.024    2.479    0    0  (Gen:  0)
   521752      4064   4109160  0.000  0.000   14.024    2.479    0    0  (Gen:  0)
   521776      3872   4109000  0.000  0.000   14.025    2.480    0    0  (Gen:  0)
   521672      3952   4109096  0.000  0.000   14.025    2.480    0    0  (Gen:  0)
   521584      6608   4111768  0.000  0.000   14.026    2.480    0    0  (Gen:  0)
   521440      6496   4111736  0.000  0.000   14.026    2.480    0    0  (Gen:  0)
   521592      4128   4111704  0.000  0.000   14.027    2.480    0    0  (Gen:  0)
   521544      4040   4111648  0.000  0.000   14.028    2.480    0    0  (Gen:  0)
   521600      4056   4111752  0.000  0.000   14.028    2.480    0    0  (Gen:  0)
   521456      6288   4114016  0.000  0.000   14.029    2.480    0    0  (Gen:  0)
   521592      4072   4113912  0.000  0.000   14.029    2.480    0    0  (Gen:  0)
   521496      3976   4113904  0.000  0.000   14.030    2.481    0    0  (Gen:  0)
   521568      4168   4114112  0.000  0.000   14.030    2.481    0    0  (Gen:  0)
   521792      4176   4114168  0.000  0.000   14.031    2.481    0    0  (Gen:  0)
   521528      6472   4116480  0.000  0.000   14.032    2.481    0    0  (Gen:  0)
   521640      6472   4116544  0.000  0.000   14.032    2.481    0    0  (Gen:  0)
   521584      4056   4116696  0.000  0.000   14.033    2.481    0    0  (Gen:  0)
   521376      4192   4116864  0.000  0.000   14.033    2.481    0    0  (Gen:  0)
   521224      4192   4116896  0.000  0.000   14.034    2.481    0    0  (Gen:  0)
   521536      3848   4116568  0.000  0.000   14.034    2.482    0    0  (Gen:  0)
   521728      4480   4117216  0.000  0.000   14.035    2.482    0    0  (Gen:  0)
   521696      4208   4117232  0.000  0.000   14.036    2.482    0    0  (Gen:  0)
   521712      4520   4117632  0.000  0.000   14.036    2.482    0    0  (Gen:  0)
   521552      4024   4117392  0.000  0.000   14.037    2.482    0    0  (Gen:  0)
   521504      4520   4117976  0.000  0.000   14.037    2.482    0    0  (Gen:  0)
   521400      7480   4121352  0.000  0.000   14.038    2.482    0    0  (Gen:  0)
   521768      5712   4121248  0.000  0.000   14.039    2.482    0    0  (Gen:  0)
   521792      4088   4121280  0.000  0.000   14.039    2.483    0    0  (Gen:  0)
   521424      4112   4121320  0.000  0.000   14.040    2.483    0    0  (Gen:  0)
   521536      4192   4121448  0.000  0.000   14.040    2.483    0    0  (Gen:  0)
   521648      4232   4121504  0.000  0.000   14.041    2.483    0    0  (Gen:  0)
   521872      4232   4121552  0.000  0.000   14.041    2.483    0    0  (Gen:  0)
   521608      4224   4121704  0.000  0.000   14.042    2.483    0    0  (Gen:  0)
   521872      4376   4121888  0.000  0.000   14.042    2.483    0    0  (Gen:  0)
   521736      3712   4121256  0.000  0.000   14.043    2.483    0    0  (Gen:  0)
   521816      3936   4121496  0.000  0.000   14.044    2.483    0    0  (Gen:  0)
   521576      6088   4123648  0.000  0.000   14.044    2.484    0    0  (Gen:  0)
   521544      5880   4123504  0.000  0.000   14.045    2.484    0    0  (Gen:  0)
   521544      3976   4123448  0.000  0.000   14.045    2.484    0    0  (Gen:  0)
   521456      4224   4123712  0.000  0.000   14.046    2.484    0    0  (Gen:  0)
   521496      3992   4123528  0.000  0.000   14.046    2.484    0    0  (Gen:  0)
   521624      4352   4123904  0.001  0.000   14.047    2.484    0    0  (Gen:  0)
   521752      4016   4123616  0.001  0.000   14.049    2.484    0    0  (Gen:  0)
   521608      4072   4123832  0.001  0.000   14.050    2.485    0    0  (Gen:  0)
   521872      4168   4123960  0.001  0.000   14.051    2.485    0    0  (Gen:  0)
   521816      4120   4123944  0.001  0.000   14.052    2.485    0    0  (Gen:  0)
   521536      3920   4123760  0.001  0.000   14.054    2.485    0    0  (Gen:  0)
   521624      6656   4126512  0.001  0.000   14.055    2.485    0    0  (Gen:  0)
   521392      6616   4126552  0.001  0.000   14.056    2.486    0    0  (Gen:  0)
   521576      4248   4126696  0.000  0.000   14.056    2.486    0    0  (Gen:  0)
   521672      4160   4126640  0.000  0.000   14.057    2.486    0    0  (Gen:  0)
   521408      4176   4126744  0.000  0.000   14.057    2.486    0    0  (Gen:  0)
   521664      4440   4127040  0.000  0.000   14.058    2.486    0    0  (Gen:  0)
   521744      4120   4126992  0.000  0.000   14.058    2.486    0    0  (Gen:  0)
   521360      3992   4126952  0.000  0.000   14.059    2.486    0    0  (Gen:  0)
   521696      4384   4127360  0.000  0.000   14.060    2.486    0    0  (Gen:  0)
   521624      4360   4127608  0.000  0.000   14.060    2.487    0    0  (Gen:  0)
   521488      8080   4131568  0.000  0.000   14.061    2.487    0    0  (Gen:  0)
   521784      5984   4131456  0.000  0.000   14.061    2.487    0    0  (Gen:  0)
   521736      4152   4131616  0.000  0.000   14.062    2.487    0    0  (Gen:  0)
   521632      4160   4131656  0.000  0.000   14.063    2.487    0    0  (Gen:  0)
   521256      4152   4131680  0.000  0.000   14.063    2.487    0    0  (Gen:  0)
   521472      4008   4131552  0.000  0.000   14.064    2.487    0    0  (Gen:  0)
   521824      5944   4133504  0.000  0.000   14.064    2.487    0    0  (Gen:  0)
   521752      4264   4133520  0.000  0.000   14.065    2.488    0    0  (Gen:  0)
   521840      4288   4133632  0.000  0.000   14.065    2.488    0    0  (Gen:  0)
   521520      4048   4133424  0.000  0.000   14.066    2.488    0    0  (Gen:  0)
   521336      4032   4133496  0.000  0.000   14.067    2.488    0    0  (Gen:  0)
   521584      6656   4136152  0.000  0.000   14.067    2.488    0    0  (Gen:  0)
   521576      6400   4135960  0.000  0.000   14.068    2.488    0    0  (Gen:  0)
   521360      4160   4136024  0.000  0.000   14.068    2.488    0    0  (Gen:  0)
   521848      5544   4137648  0.000  0.000   14.069    2.488    0    0  (Gen:  0)
   521792      4008   4137576  0.000  0.000   14.070    2.489    0    0  (Gen:  0)
   521712      3920   4137504  0.000  0.000   14.070    2.489    0    0  (Gen:  0)
   521576      4312   4137912  0.000  0.000   14.071    2.489    0    0  (Gen:  0)
   521656      3984   4137648  0.000  0.000   14.071    2.489    0    0  (Gen:  0)
   521864      4208   4137960  0.000  0.000   14.072    2.489    0    0  (Gen:  0)
   521672      4064   4137848  0.000  0.000   14.072    2.489    0    0  (Gen:  0)
   521856      4120   4137992  0.000  0.000   14.073    2.489    0    0  (Gen:  0)
   521440      6176   4140080  0.000  0.000   14.074    2.489    0    0  (Gen:  0)
   521792      6016   4139984  0.000  0.000   14.074    2.490    0    0  (Gen:  0)
   521592      3904   4139928  0.000  0.000   14.075    2.490    0    0  (Gen:  0)
   521664      4280   4140320  0.000  0.000   14.075    2.490    0    0  (Gen:  0)
   521432      3952   4140040  0.000  0.000   14.076    2.490    0    0  (Gen:  0)
   521816      5968   4142072  0.000  0.000   14.077    2.490    0    0  (Gen:  0)
   521328      4184   4142104  0.000  0.000   14.077    2.490    0    0  (Gen:  0)
   521376      4112   4142192  0.000  0.000   14.078    2.490    0    0  (Gen:  0)
   521584      4208   4142320  0.000  0.000   14.078    2.490    0    0  (Gen:  0)
   521784      4088   4142232  0.000  0.000   14.079    2.490    0    0  (Gen:  0)
   521704      3904   4142064  0.000  0.000   14.079    2.491    0    0  (Gen:  0)
   521576      6440   4144616  0.000  0.000   14.080    2.491    0    0  (Gen:  0)
   521592      6304   4144560  0.000  0.000   14.081    2.491    0    0  (Gen:  0)
   521616      4136   4144736  0.000  0.000   14.081    2.491    0    0  (Gen:  0)
   521544      4048   4144680  0.000  0.000   14.082    2.491    0    0  (Gen:  0)
   521528      4048   4144768  0.000  0.000   14.082    2.491    0    0  (Gen:  0)
   521672      4480   4145232  0.000  0.000   14.083    2.491    0    0  (Gen:  0)
   521648      4208   4145232  0.000  0.000   14.083    2.491    0    0  (Gen:  0)
   521424      4024   4145136  0.000  0.000   14.084    2.492    0    0  (Gen:  0)
   521600      4448   4145576  0.000  0.000   14.084    2.492    0    0  (Gen:  0)
   521744      4384   4145784  0.000  0.000   14.085    2.492    0    0  (Gen:  0)
   521480      7960   4149600  0.000  0.000   14.086    2.492    0    0  (Gen:  0)
   521600      6304   4149608  0.000  0.000   14.086    2.492    0    0  (Gen:  0)
   521784      4096   4149656  0.000  0.000   14.087    2.492    0    0  (Gen:  0)
   521600      4304   4149896  0.000  0.000   14.087    2.492    0    0  (Gen:  0)
   521632      4160   4149784  0.000  0.000   14.088    2.492    0    0  (Gen:  0)
   521368      4048   4149688  0.000  0.000   14.089    2.493    0    0  (Gen:  0)
   521632      6368   4152024  0.000  0.000   14.089    2.493    0    0  (Gen:  0)
   521456      4288   4151936  0.000  0.000   14.090    2.493    0    0  (Gen:  0)
   521776      4016   4151752  0.000  0.000   14.090    2.493    0    0  (Gen:  0)
   521752      4008   4151776  0.000  0.000   14.091    2.493    0    0  (Gen:  0)
   521760      3968   4151824  0.000  0.000   14.091    2.493    0    0  (Gen:  0)
   521560      6504   4154392  0.000  0.000   14.092    2.493    0    0  (Gen:  0)
   521616      6368   4154320  0.000  0.000   14.093    2.493    0    0  (Gen:  0)
   521528      4024   4154384  0.000  0.000   14.093    2.493    0    0  (Gen:  0)
   521424      4056   4154448  0.000  0.000   14.094    2.494    0    0  (Gen:  0)
   521552      4120   4154544  0.000  0.000   14.094    2.494    0    0  (Gen:  0)
   521656      3968   4154408  0.000  0.000   14.095    2.494    0    0  (Gen:  0)
   521584      6264   4156720  0.000  0.000   14.095    2.494    0    0  (Gen:  0)
   521360      4136   4156720  0.000  0.000   14.096    2.494    0    0  (Gen:  0)
   521600      4184   4156856  0.000  0.000   14.097    2.494    0    0  (Gen:  0)
   521776      3992   4156696  0.000  0.000   14.097    2.494    0    0  (Gen:  0)
   521688      4112   4156904  0.000  0.000   14.098    2.494    0    0  (Gen:  0)
   521456      6632   4159456  0.000  0.000   14.098    2.495    0    0  (Gen:  0)
   521752      6656   4159544  0.000  0.000   14.099    2.495    0    0  (Gen:  0)
   521320      3952   4159336  0.000  0.000   14.099    2.495    0    0  (Gen:  0)
   521400      4152   4159552  0.000  0.000   14.100    2.495    0    0  (Gen:  0)
   521264      4232   4159680  0.000  0.000   14.101    2.495    0    0  (Gen:  0)
   521736      4480   4159944  0.000  0.000   14.101    2.495    0    0  (Gen:  0)
   521624      4080   4159816  0.000  0.000   14.102    2.495    0    0  (Gen:  0)
   521832      4192   4160088  0.000  0.000   14.102    2.495    0    0  (Gen:  0)
   521552      4360   4160288  0.000  0.000   14.103    2.496    0    0  (Gen:  0)
   521576      4376   4160560  0.000  0.000   14.103    2.496    0    0  (Gen:  0)
   521576      4328   4160752  0.000  0.000   14.104    2.496    0    0  (Gen:  0)
   521440      7408   4164232  0.000  0.000   14.105    2.496    0    0  (Gen:  0)
   521672      5712   4164056  0.000  0.000   14.105    2.496    0    0  (Gen:  0)
   521824      4208   4164208  0.000  0.000   14.106    2.496    0    0  (Gen:  0)
   521360      4096   4164128  0.000  0.000   14.106    2.496    0    0  (Gen:  0)
   521688      4248   4164368  0.000  0.000   14.107    2.496    0    0  (Gen:  0)
   521616      4368   4164520  0.000  0.000   14.107    2.497    0    0  (Gen:  0)
   521880      4216   4164416  0.000  0.000   14.108    2.497    0    0  (Gen:  0)
   521568      3960   4164248  0.000  0.000   14.109    2.497    0    0  (Gen:  0)
   521912      4224   4164528  0.000  0.000   14.109    2.497    0    0  (Gen:  0)
   521736      4152   4164504  0.000  0.000   14.110    2.497    0    0  (Gen:  0)
   521608      6120   4166488  0.000  0.000   14.110    2.497    0    0  (Gen:  0)
   521736      5856   4166288  0.000  0.000   14.111    2.497    0    0  (Gen:  0)
   521360      4040   4166392  0.000  0.000   14.111    2.497    0    0  (Gen:  0)
   521568      4112   4166496  0.000  0.000   14.112    2.497    0    0  (Gen:  0)
   521640      4008   4166424  0.000  0.000   14.113    2.498    0    0  (Gen:  0)
   521472      4008   4166512  0.000  0.000   14.113    2.498    0    0  (Gen:  0)
   521624      4184   4166720  0.000  0.000   14.114    2.498    0    0  (Gen:  0)
   521640      4032   4166616  0.000  0.000   14.114    2.498    0    0  (Gen:  0)
   521784      3976   4166648  0.000  0.000   14.115    2.498    0    0  (Gen:  0)
   521824      4088   4166776  0.000  0.000   14.115    2.498    0    0  (Gen:  0)
   521800      4136   4166872  0.000  0.000   14.116    2.498    0    0  (Gen:  0)
   521520      6720   4169472  0.000  0.000   14.117    2.498    0    0  (Gen:  0)
   521544      6600   4169416  0.000  0.000   14.117    2.499    0    0  (Gen:  0)
   521560      4072   4169472  0.000  0.000   14.118    2.499    0    0  (Gen:  0)
   521440      4136   4169568  0.000  0.000   14.118    2.499    0    0  (Gen:  0)
   521592      4000   4169464  0.000  0.000   14.119    2.499    0    0  (Gen:  0)
   521496      3976   4169456  0.000  0.000   14.119    2.499    0    0  (Gen:  0)
   521736      4520   4170016  0.000  0.000   14.120    2.499    0    0  (Gen:  0)
   521712      4136   4169920  0.000  0.000   14.120    2.499    0    0  (Gen:  0)
   521328      4448   4170320  0.000  0.000   14.121    2.499    0    0  (Gen:  0)
   521696      4088   4170216  0.000  0.000   14.122    2.500    0    0  (Gen:  0)
   521680      4384   4170600  0.000  0.000   14.122    2.500    0    0  (Gen:  0)
   521528      7704   4174336  0.000  0.000   14.123    2.500    0    0  (Gen:  0)
   521816      6192   4174648  0.000  0.000   14.123    2.500    0    0  (Gen:  0)
   521704      4008   4174384  0.000  0.000   14.124    2.500    0    0  (Gen:  0)
   521408      4168   4174560  0.000  0.000   14.125    2.500    0    0  (Gen:  0)
   521304      4032   4174472  0.000  0.000   14.125    2.500    0    0  (Gen:  0)
   521640      6000   4176456  0.000  0.000   14.126    2.500    0    0  (Gen:  0)
   521856      4160   4176296  0.000  0.000   14.126    2.501    0    0  (Gen:  0)
   521760      3984   4176280  0.000  0.000   14.127    2.501    0    0  (Gen:  0)
   521856      4184   4176512  0.000  0.000   14.127    2.501    0    0  (Gen:  0)
   521248      4192   4176552  0.000  0.000   14.128    2.501    0    0  (Gen:  0)
   521384      3976   4176352  0.000  0.000   14.129    2.501    0    0  (Gen:  0)
   521760      6504   4178896  0.000  0.000   14.129    2.501    0    0  (Gen:  0)
   521496      6464   4178936  0.000  0.000   14.130    2.501    0    0  (Gen:  0)
   521480      5784   4180560  0.000  0.000   14.130    2.501    0    0  (Gen:  0)
   521760      4160   4180544  0.000  0.000   14.131    2.501    0    0  (Gen:  0)
   521736      4232   4180704  0.000  0.000   14.132    2.502    0    0  (Gen:  0)
   521632      4016   4180520  0.000  0.000   14.132    2.502    0    0  (Gen:  0)
   521736      3968   4180520  0.000  0.000   14.133    2.502    0    0  (Gen:  0)
   521696      3864   4180576  0.000  0.000   14.133    2.502    0    0  (Gen:  0)
   521816      4112   4180856  0.000  0.000   14.134    2.502    0    0  (Gen:  0)
   521792      4008   4180784  0.000  0.000   14.134    2.502    0    0  (Gen:  0)
   521528      3976   4180768  0.000  0.000   14.135    2.502    0    0  (Gen:  0)
   521632      6224   4183032  0.000  0.000   14.135    2.502    0    0  (Gen:  0)
   521728      6120   4183008  0.000  0.000   14.136    2.503    0    0  (Gen:  0)
   521600      4112   4183056  0.000  0.000   14.137    2.503    0    0  (Gen:  0)
   521664      4064   4183040  0.000  0.000   14.137    2.503    0    0  (Gen:  0)
   521496      4192   4183256  0.000  0.000   14.138    2.503    0    0  (Gen:  0)
   521760      5992   4185088  0.000  0.000   14.138    2.503    0    0  (Gen:  0)
   521216      4192   4185104  0.000  0.000   14.139    2.503    0    0  (Gen:  0)
   521496      3896   4184896  0.000  0.000   14.139    2.503    0    0  (Gen:  0)
   521560      4240   4185256  0.000  0.000   14.140    2.503    0    0  (Gen:  0)
   521896      4096   4185160  0.000  0.000   14.141    2.504    0    0  (Gen:  0)
   521696      6568   4187648  0.000  0.000   14.141    2.504    0    0  (Gen:  0)
   521544      6448   4187592  0.000  0.000   14.142    2.504    0    0  (Gen:  0)
   521576      4152   4187712  0.000  0.000   14.142    2.504    0    0  (Gen:  0)
   521544      4192   4187784  0.000  0.000   14.143    2.504    0    0  (Gen:  0)
   521592      4056   4187680  0.000  0.000   14.143    2.504    0    0  (Gen:  0)
   521488      3864   4187504  0.000  0.000   14.144    2.504    0    0  (Gen:  0)
   521640      4496   4188152  0.000  0.000   14.145    2.504    0    0  (Gen:  0)
   521784      4176   4188120  0.000  0.000   14.145    2.505    0    0  (Gen:  0)
   521304      4448   4188480  0.000  0.000   14.146    2.505    0    0  (Gen:  0)
   521768      4096   4188384  0.000  0.000   14.146    2.505    0    0  (Gen:  0)
   521640      4344   4188720  0.000  0.000   14.147    2.505    0    0  (Gen:  0)
   521384      7920   4192712  0.000  0.000   14.147    2.505    0    0  (Gen:  0)
   521824      6312   4192608  0.000  0.000   14.148    2.505    0    0  (Gen:  0)
   521720      4000   4192480  0.000  0.000   14.149    2.505    0    0  (Gen:  0)
   521592      4184   4192680  0.000  0.000   14.149    2.505    0    0  (Gen:  0)
   521408      4048   4192592  0.000  0.000   14.150    2.505    0    0  (Gen:  0)
   521528      6336   4194896  0.000  0.000   14.150    2.506    0    0  (Gen:  0)
   521680      4192   4194728  0.000  0.000   14.151    2.506    0    0  (Gen:  0)
   521464      4192   4194888  0.000  0.000   14.152    2.506    0    0  (Gen:  0)
   521760      4208   4194936  0.001  0.000   14.153    2.506    0    0  (Gen:  0)
   521824      4304   4195064  0.000  0.000   14.154    2.506    0    0  (Gen:  0)
   521672      4008   4194784  0.000  0.000   14.154    2.506    0    0  (Gen:  0)
   521472      6368   4197160  0.000  0.000   14.155    2.506    0    0  (Gen:  0)
   521528      6344   4197216  0.000  0.000   14.155    2.507    0    0  (Gen:  0)
   521728      3896   4197104  0.000  0.000   14.156    2.507    0    0  (Gen:  0)
   521408      3968   4197192  0.000  0.000   14.157    2.507    0    0  (Gen:  0)
   521528      4008   4197280  0.000  0.000   14.157    2.507    0    0  (Gen:  0)
   521616      6304   4199592  0.000  0.000   14.158    2.507    0    0  (Gen:  0)
   521648      4056   4199456  0.000  0.000   14.158    2.507    0    0  (Gen:  0)
   521384      4152   4199712  0.000  0.000   14.159    2.507    0    0  (Gen:  0)
   521544      4168   4199760  0.000  0.000   14.159    2.507    0    0  (Gen:  0)
   521776      3976   4199600  0.000  0.000   14.160    2.507    0    0  (Gen:  0)
   521688      4064   4199704  0.000  0.000   14.160    2.508    0    0  (Gen:  0)
   521488      6648   4202304  0.000  0.000   14.161    2.508    0    0  (Gen:  0)
   521736      6600   4202336  0.000  0.000   14.162    2.508    0    0  (Gen:  0)
   521280      4240   4202472  0.000  0.000   14.162    2.508    0    0  (Gen:  0)
   521248      4088   4202352  0.000  0.000   14.163    2.508    0    0  (Gen:  0)
   521448      4072   4202424  0.001  0.000   14.164    2.508    0    0  (Gen:  0)
   521704      4576   4202960  0.001  0.000   14.165    2.508    0    0  (Gen:  0)
   521744      4176   4202832  0.001  0.000   14.166    2.509    0    0  (Gen:  0)
   521728      4064   4202808  0.001  0.000   14.167    2.509    0    0  (Gen:  0)
   521480      4560   4203320  0.001  0.000   14.168    2.509    0    0  (Gen:  0)
   521552      4008   4203040  0.001  0.000   14.169    2.509    0    0  (Gen:  0)
   521560      7768   4207040  0.001  0.000   14.170    2.509    0    0  (Gen:  0)
   521568      5648   4206744  0.001  0.000   14.171    2.510    0    0  (Gen:  0)
   521760      4152   4206976  0.000  0.000   14.172    2.510    0    0  (Gen:  0)
   521528      4184   4207040  0.000  0.000   14.173    2.510    0    0  (Gen:  0)
   521560      4080   4206968  0.000  0.000   14.173    2.510    0    0  (Gen:  0)
   521664      4048   4206952  0.000  0.000   14.174    2.510    0    0  (Gen:  0)
   521696      4264   4207184  0.000  0.000   14.174    2.510    0    0  (Gen:  0)
   521728      4064   4207048  0.000  0.000   14.175    2.510    0    0  (Gen:  0)
   521872      4104   4207176  0.000  0.000   14.175    2.510    0    0  (Gen:  0)
   521720      4064   4207168  0.000  0.000   14.176    2.511    0    0  (Gen:  0)
   521712      4040   4207232  0.000  0.000   14.177    2.511    0    0  (Gen:  0)
   521688      6056   4209280  0.000  0.000   14.177    2.511    0    0  (Gen:  0)
   521688      5992   4209280  0.000  0.000   14.178    2.511    0    0  (Gen:  0)
   521368      4088   4209224  0.000  0.000   14.178    2.511    0    0  (Gen:  0)
   521504      4280   4209432  0.000  0.000   14.179    2.511    0    0  (Gen:  0)
   521608      4200   4209400  0.000  0.000   14.179    2.511    0    0  (Gen:  0)
   521584      3856   4209072  0.000  0.000   14.180    2.511    0    0  (Gen:  0)
   521608      4176   4209408  0.000  0.000   14.181    2.512    0    0  (Gen:  0)
   521624      4048   4209344  0.000  0.000   14.181    2.512    0    0  (Gen:  0)
   521872      4064   4209448  0.000  0.000   14.182    2.512    0    0  (Gen:  0)
   521744      3904   4209320  0.000  0.000   14.182    2.512    0    0  (Gen:  0)
   521776      4136   4209640  0.000  0.000   14.183    2.512    0    0  (Gen:  0)
   521360      6608   4212144  0.000  0.000   14.183    2.512    0    0  (Gen:  0)
   521584      6544   4212144  0.001  0.000   14.185    2.512    0    0  (Gen:  0)
   521648      4032   4212144  0.001  0.000   14.186    2.513    0    0  (Gen:  0)
   521528      4112   4212240  0.001  0.000   14.187    2.513    0    0  (Gen:  0)
   521360      4064   4212240  0.001  0.000   14.188    2.513    0    0  (Gen:  0)
   521792      4344   4212536  0.001  0.000   14.190    2.513    0    0  (Gen:  0)
   521560      4048   4212512  0.001  0.000   14.191    2.513    0    0  (Gen:  0)
   521600      4080   4212704  0.001  0.000   14.192    2.513    0    0  (Gen:  0)
   521576      4400   4213056  0.001  0.000   14.193    2.514    0    0  (Gen:  0)
   521616      4376   4213288  0.000  0.000   14.194    2.514    0    0  (Gen:  0)
   521544      4608   4213760  0.000  0.000   14.194    2.514    0    0  (Gen:  0)
   521640      7264   4216976  0.000  0.000   14.195    2.514    0    0  (Gen:  0)
   521840      5824   4217056  0.000  0.000   14.195    2.514    0    0  (Gen:  0)
   521584      4136   4217288  0.000  0.000   14.196    2.514    0    0  (Gen:  0)
   521360      4064   4217248  0.000  0.000   14.197    2.514    0    0  (Gen:  0)
   521376      4024   4217296  0.000  0.000   14.197    2.515    0    0  (Gen:  0)
   521768      5824   4219128  0.000  0.000   14.198    2.515    0    0  (Gen:  0)
   521936      4104   4219088  0.000  0.000   14.198    2.515    0    0  (Gen:  0)
   521648      3960   4219032  0.000  0.000   14.199    2.515    0    0  (Gen:  0)
   521728      4240   4219328  0.000  0.000   14.199    2.515    0    0  (Gen:  0)
   521288      4120   4219256  0.000  0.000   14.200    2.515    0    0  (Gen:  0)
   521472      6592   4221744  0.000  0.000   14.201    2.515    0    0  (Gen:  0)
   521736      6296   4221512  0.000  0.000   14.201    2.515    0    0  (Gen:  0)
   521376      4560   4222168  0.000  0.000   14.202    2.516    0    0  (Gen:  0)
   521640      5696   4223720  0.000  0.000   14.202    2.516    0    0  (Gen:  0)
   521824      4272   4223744  0.000  0.000   14.203    2.516    0    0  (Gen:  0)
   521752      3992   4223480  0.000  0.000   14.203    2.516    0    0  (Gen:  0)
   521560      4344   4223848  0.000  0.000   14.204    2.516    0    0  (Gen:  0)
   521624      4248   4223816  0.000  0.000   14.205    2.516    0    0  (Gen:  0)
   521872      4208   4223864  0.001  0.000   14.206    2.516    0    0  (Gen:  0)
   521760      4160   4223848  0.001  0.000   14.207    2.517    0    0  (Gen:  0)
   521736      4232   4224008  0.001  0.000   14.208    2.517    0    0  (Gen:  0)
   521480      6152   4225960  0.001  0.000   14.209    2.517    0    0  (Gen:  0)
   521776      6104   4225976  0.001  0.000   14.211    2.517    0    0  (Gen:  0)
   521704      3912   4225912  0.001  0.000   14.212    2.517    0    0  (Gen:  0)
   521520      4128   4226160  0.001  0.000   14.213    2.517    0    0  (Gen:  0)
   521512      4192   4226256  0.001  0.000   14.215    2.518    0    0  (Gen:  0)
   521704      3912   4225992  0.000  0.000   14.215    2.518    0    0  (Gen:  0)
   521568      5952   4228048  0.000  0.000   14.216    2.518    0    0  (Gen:  0)
   521208      4048   4227976  0.000  0.000   14.216    2.518    0    0  (Gen:  0)
   521560      4192   4228208  0.000  0.000   14.217    2.518    0    0  (Gen:  0)
   521824      4208   4228256  0.000  0.000   14.218    2.518    0    0  (Gen:  0)
   521784      3952   4228088  0.000  0.000   14.218    2.518    0    0  (Gen:  0)
   521496      6512   4230680  0.000  0.000   14.219    2.519    0    0  (Gen:  0)
   521688      6448   4230680  0.000  0.000   14.219    2.519    0    0  (Gen:  0)
   521528      4064   4230640  0.000  0.000   14.220    2.519    0    0  (Gen:  0)
   521664      4168   4230760  0.000  0.000   14.220    2.519    0    0  (Gen:  0)
   521360      4120   4230760  0.000  0.000   14.221    2.519    0    0  (Gen:  0)
   521752      4616   4231272  0.000  0.000   14.222    2.519    0    0  (Gen:  0)
   521584      4120   4231048  0.000  0.000   14.222    2.519    0    0  (Gen:  0)
   521584      4064   4231152  0.000  0.000   14.223    2.519    0    0  (Gen:  0)
   521528      4432   4231552  0.000  0.000   14.223    2.520    0    0  (Gen:  0)
   521704      4248   4231624  0.000  0.000   14.224    2.520    0    0  (Gen:  0)
   521544      4288   4231904  0.000  0.000   14.224    2.520    0    0  (Gen:  0)
   521480      7672   4235688  0.000  0.000   14.225    2.520    0    0  (Gen:  0)
   521792      6160   4235536  0.000  0.000   14.226    2.520    0    0  (Gen:  0)
   521688      4208   4235768  0.000  0.000   14.226    2.520    0    0  (Gen:  0)
   521544      4120   4235712  0.000  0.000   14.227    2.520    0    0  (Gen:  0)
   521464      4064   4235744  0.000  0.000   14.227    2.520    0    0  (Gen:  0)
   521576      5960   4237672  0.000  0.000   14.228    2.520    0    0  (Gen:  0)
   521664      4208   4237896  0.000  0.000   14.229    2.521    0    0  (Gen:  0)
   521568      3992   4237768  0.000  0.000   14.229    2.521    0    0  (Gen:  0)
   521728      4224   4238016  0.000  0.000   14.230    2.521    0    0  (Gen:  0)
   521752      4120   4237960  0.000  0.000   14.230    2.521    0    0  (Gen:  0)
   521648      6600   4240456  0.000  0.000   14.231    2.521    0    0  (Gen:  0)
   521616      6440   4240360  0.000  0.000   14.231    2.521    0    0  (Gen:  0)
   521448      4192   4240520  0.000  0.000   14.232    2.521    0    0  (Gen:  0)
   521576      4280   4240640  0.000  0.000   14.233    2.521    0    0  (Gen:  0)
   521544      4216   4240608  0.000  0.000   14.233    2.522    0    0  (Gen:  0)
   521624      4272   4240680  0.000  0.000   14.234    2.522    0    0  (Gen:  0)
   521496      6336   4242760  0.000  0.000   14.234    2.522    0    0  (Gen:  0)
   521544      4152   4242704  0.000  0.000   14.235    2.522    0    0  (Gen:  0)
   521536      3992   4242632  0.000  0.000   14.235    2.522    0    0  (Gen:  0)
   521576      4224   4242880  0.000  0.000   14.236    2.522    0    0  (Gen:  0)
   521760      4032   4242736  0.000  0.000   14.237    2.522    0    0  (Gen:  0)
   521536      6608   4245328  0.000  0.000   14.237    2.522    0    0  (Gen:  0)
   521584      6528   4245312  0.000  0.000   14.238    2.523    0    0  (Gen:  0)
   521552      4048   4245400  0.000  0.000   14.238    2.523    0    0  (Gen:  0)
   521464      4016   4245400  0.000  0.000   14.239    2.523    0    0  (Gen:  0)
   521192      4104   4245520  0.000  0.000   14.239    2.523    0    0  (Gen:  0)
   521528      4024   4245456  0.000  0.000   14.240    2.523    0    0  (Gen:  0)
   521736      4512   4245960  0.000  0.000   14.241    2.523    0    0  (Gen:  0)
   521792      4152   4245888  0.000  0.000   14.241    2.523    0    0  (Gen:  0)
   521664      4384   4246208  0.000  0.000   14.242    2.523    0    0  (Gen:  0)
   521496      4120   4246200  0.000  0.000   14.242    2.524    0    0  (Gen:  0)
   521480      4520   4246688  0.000  0.000   14.243    2.524    0    0  (Gen:  0)
   521488      7384   4249968  0.000  0.000   14.243    2.524    0    0  (Gen:  0)
   521752      5760   4250008  0.000  0.000   14.244    2.524    0    0  (Gen:  0)
   521728      3992   4249896  0.000  0.000   14.245    2.524    0    0  (Gen:  0)
   521496      4080   4250000  0.000  0.000   14.245    2.524    0    0  (Gen:  0)
   521512      3960   4249928  0.000  0.000   14.246    2.524    0    0  (Gen:  0)
   521616      4224   4250208  0.000  0.000   14.246    2.524    0    0  (Gen:  0)
   521936      4136   4250168  0.000  0.000   14.247    2.524    0    0  (Gen:  0)
   521552      4192   4250384  0.000  0.000   14.247    2.525    0    0  (Gen:  0)
   521936      4248   4250472  0.000  0.000   14.248    2.525    0    0  (Gen:  0)
   521720      4088   4250344  0.000  0.000   14.249    2.525    0    0  (Gen:  0)
   521704      3904   4250176  0.000  0.000   14.249    2.525    0    0  (Gen:  0)
   521744      5992   4252280  0.000  0.000   14.250    2.525    0    0  (Gen:  0)
   521440      5936   4252304  0.000  0.000   14.250    2.525    0    0  (Gen:  0)
   521552      4304   4252520  0.000  0.000   14.251    2.525    0    0  (Gen:  0)
   521480      4080   4252328  0.000  0.000   14.251    2.525    0    0  (Gen:  0)
   521464      4248   4252584  0.000  0.000   14.252    2.526    0    0  (Gen:  0)
   521632      4352   4252720  0.000  0.000   14.253    2.526    0    0  (Gen:  0)
   521784      4216   4252632  0.000  0.000   14.253    2.526    0    0  (Gen:  0)
   521624      4072   4252576  0.000  0.000   14.254    2.526    0    0  (Gen:  0)
   521840      4392   4252912  0.000  0.000   14.254    2.526    0    0  (Gen:  0)
   521792      3840   4252408  0.000  0.000   14.255    2.526    0    0  (Gen:  0)
   521576      3912   4252496  0.000  0.000   14.255    2.526    0    0  (Gen:  0)
   521496      6624   4255224  0.000  0.000   14.256    2.526    0    0  (Gen:  0)
   521520      6560   4255240  0.000  0.000   14.257    2.527    0    0  (Gen:  0)
   521592      4152   4255344  0.000  0.000   14.257    2.527    0    0  (Gen:  0)
   521648      3984   4255208  0.000  0.000   14.258    2.527    0    0  (Gen:  0)
   521384      4152   4255464  0.000  0.000   14.258    2.527    0    0  (Gen:  0)
   521688      4464   4255808  0.000  0.000   14.259    2.527    0    0  (Gen:  0)
   521776      4264   4255880  0.000  0.000   14.259    2.527    0    0  (Gen:  0)
   521232      3728   4255432  0.000  0.000   14.260    2.527    0    0  (Gen:  0)
   521784      4448   4256168  0.000  0.000   14.260    2.527    0    0  (Gen:  0)
   521736      4304   4256296  0.000  0.000   14.261    2.527    0    0  (Gen:  0)
   521424      8056   4260288  0.000  0.000   14.262    2.528    0    0  (Gen:  0)
   521776      5936   4260152  0.000  0.000   14.262    2.528    0    0  (Gen:  0)
   521752      4136   4260344  0.000  0.000   14.263    2.528    0    0  (Gen:  0)
   521544      4152   4260392  0.000  0.000   14.264    2.528    0    0  (Gen:  0)
   521208      4144   4260416  0.000  0.000   14.264    2.528    0    0  (Gen:  0)
   521528      4088   4260376  0.001  0.000   14.265    2.528    0    0  (Gen:  0)
   521848      5904   4262208  0.001  0.000   14.267    2.529    0    0  (Gen:  0)
   521792      4136   4262136  0.001  0.000   14.268    2.529    0    0  (Gen:  0)
   521904      4064   4262152  0.001  0.000   14.269    2.529    0    0  (Gen:  0)
   521320      3976   4262096  0.001  0.000   14.270    2.529    0    0  (Gen:  0)
   521392      4136   4262344  0.001  0.000   14.272    2.529    0    0  (Gen:  0)
   521664      6528   4264768  0.001  0.000   14.273    2.529    0    0  (Gen:  0)
   521576      6440   4264744  0.001  0.000   14.274    2.530    0    0  (Gen:  0)
   521352      4488   4265096  0.000  0.000   14.275    2.530    0    0  (Gen:  0)
   521840      5328   4266336  0.000  0.000   14.275    2.530    0    0  (Gen:  0)
   521704      4112   4266424  0.000  0.000   14.276    2.530    0    0  (Gen:  0)
   521784      4264   4266592  0.000  0.000   14.276    2.530    0    0  (Gen:  0)
   521592      4160   4266536  0.000  0.000   14.277    2.530    0    0  (Gen:  0)
   521592      4208   4266744  0.000  0.000   14.278    2.530    0    0  (Gen:  0)
   521864      4280   4266848  0.000  0.000   14.278    2.531    0    0  (Gen:  0)
   521824      4272   4266872  0.000  0.000   14.279    2.531    0    0  (Gen:  0)
   521720      3976   4266592  0.000  0.000   14.279    2.531    0    0  (Gen:  0)
   521456      6336   4268968  0.000  0.000   14.280    2.531    0    0  (Gen:  0)
   521744      6256   4268968  0.000  0.000   14.280    2.531    0    0  (Gen:  0)
   521728      4416   4269184  0.000  0.000   14.281    2.531    0    0  (Gen:  0)
   521536      3800   4268600  0.000  0.000   14.282    2.531    0    0  (Gen:  0)
   521472      3968   4268856  0.000  0.000   14.282    2.531    0    0  (Gen:  0)
   521800      5968   4270888  0.000  0.000   14.283    2.531    0    0  (Gen:  0)
   521272      4120   4270856  0.000  0.000   14.283    2.532    0    0  (Gen:  0)
   521464      3992   4270888  0.000  0.000   14.284    2.532    0    0  (Gen:  0)
   521576      4000   4270928  0.000  0.000   14.284    2.532    0    0  (Gen:  0)
   521784      4048   4271008  0.000  0.000   14.285    2.532    0    0  (Gen:  0)
   521680      3920   4270896  0.000  0.000   14.286    2.532    0    0  (Gen:  0)
   521560      6512   4273504  0.000  0.000   14.286    2.532    0    0  (Gen:  0)
   521528      6416   4273488  0.000  0.000   14.287    2.532    0    0  (Gen:  0)
   521656      4184   4273600  0.000  0.000   14.287    2.532    0    0  (Gen:  0)
   521664      3904   4273352  0.000  0.000   14.288    2.533    0    0  (Gen:  0)
   521440      4080   4273616  0.000  0.000   14.289    2.533    0    0  (Gen:  0)
   521664      4464   4274032  0.000  0.000   14.289    2.533    0    0  (Gen:  0)
   521784      4224   4274064  0.000  0.000   14.290    2.533    0    0  (Gen:  0)
   521248      4016   4273944  0.000  0.000   14.290    2.533    0    0  (Gen:  0)
   521784      4424   4274368  0.000  0.000   14.291    2.533    0    0  (Gen:  0)
   521672      4288   4274504  0.000  0.000   14.291    2.533    0    0  (Gen:  0)
   521376      7896   4278352  0.000  0.000   14.292    2.533    0    0  (Gen:  0)
   521680      6208   4278328  0.000  0.000   14.293    2.534    0    0  (Gen:  0)
   521800      4008   4278384  0.000  0.000   14.293    2.534    0    0  (Gen:  0)
   521584      4080   4278488  0.000  0.000   14.294    2.534    0    0  (Gen:  0)
   521544      4120   4278560  0.000  0.000   14.294    2.534    0    0  (Gen:  0)
   521376      4064   4278520  0.000  0.000   14.295    2.534    0    0  (Gen:  0)
   521696      6200   4280672  0.000  0.000   14.296    2.534    0    0  (Gen:  0)
   521472      4192   4280656  0.000  0.000   14.296    2.534    0    0  (Gen:  0)
   521720      4152   4280704  0.000  0.000   14.297    2.534    0    0  (Gen:  0)
   521848      4136   4280720  0.000  0.000   14.297    2.535    0    0  (Gen:  0)
   521736      4208   4280880  0.000  0.000   14.298    2.535    0    0  (Gen:  0)
   521488      6536   4283240  0.000  0.000   14.298    2.535    0    0  (Gen:  0)
   521624      6440   4283208  0.000  0.000   14.299    2.535    0    0  (Gen:  0)
   521600      4048   4283152  0.000  0.000   14.300    2.535    0    0  (Gen:  0)
   521432      4240   4283360  0.000  0.000   14.300    2.535    0    0  (Gen:  0)
   521536      4024   4283192  0.000  0.000   14.301    2.535    0    0  (Gen:  0)
   521568      6416   4285600  0.000  0.000   14.301    2.535    0    0  (Gen:  0)
   521592      4248   4285544  0.000  0.000   14.302    2.535    0    0  (Gen:  0)
   521456      4304   4285760  0.000  0.000   14.302    2.536    0    0  (Gen:  0)
   521512      4144   4285632  0.000  0.000   14.303    2.536    0    0  (Gen:  0)
   521816      3912   4285432  0.000  0.000   14.303    2.536    0    0  (Gen:  0)
   521696      3968   4285576  0.000  0.000   14.304    2.536    0    0  (Gen:  0)
   521472      6624   4288264  0.000  0.000   14.305    2.536    0    0  (Gen:  0)
   521752      6600   4288304  0.000  0.000   14.305    2.536    0    0  (Gen:  0)
   521280      3864   4288064  0.000  0.000   14.306    2.536    0    0  (Gen:  0)
   521416      4072   4288288  0.000  0.000   14.306    2.536    0    0  (Gen:  0)
   521216      4120   4288384  0.000  0.000   14.307    2.537    0    0  (Gen:  0)
   521736      4376   4288656  0.000  0.000   14.308    2.537    0    0  (Gen:  0)
   521648      4104   4288656  0.000  0.000   14.308    2.537    0    0  (Gen:  0)
   521856      3776   4288488  0.000  0.000   14.309    2.537    0    0  (Gen:  0)
   521448      4304   4289048  0.000  0.000   14.309    2.537    0    0  (Gen:  0)
   521576      4216   4289216  0.000  0.000   14.310    2.537    0    0  (Gen:  0)
   521680      4440   4289680  0.000  0.000   14.310    2.537    0    0  (Gen:  0)
   521464      7232   4293032  0.000  0.000   14.311    2.537    0    0  (Gen:  0)
   521776      5680   4292840  0.000  0.000   14.312    2.538    0    0  (Gen:  0)
   521600      4192   4293008  0.000  0.000   14.312    2.538    0    0  (Gen:  0)
   521472      4120   4292968  0.000  0.000   14.313    2.538    0    0  (Gen:  0)
   521616      3832   4292768  0.000  0.000   14.313    2.538    0    0  (Gen:  0)
   521808      4080   4293048  0.000  0.000   14.314    2.538    0    0  (Gen:  0)
   521672      4176   4293192  0.000  0.000   14.314    2.538    0    0  (Gen:  0)
   521664      3912   4293016  0.000  0.000   14.315    2.538    0    0  (Gen:  0)
   521928      4256   4293376  0.000  0.000   14.315    2.538    0    0  (Gen:  0)
   521728      4096   4293264  0.000  0.000   14.316    2.539    0    0  (Gen:  0)
   521624      6088   4295272  0.000  0.000   14.317    2.539    0    0  (Gen:  0)
   521592      6024   4295272  0.000  0.000   14.317    2.539    0    0  (Gen:  0)
   521512      4160   4295328  0.000  0.000   14.318    2.539    0    0  (Gen:  0)
   521584      4136   4295336  0.000  0.000   14.318    2.539    0    0  (Gen:  0)
   521520      4120   4295352  0.000  0.000   14.319    2.539    0    0  (Gen:  0)
   521544      4048   4295296  0.000  0.000   14.319    2.539    0    0  (Gen:  0)
   521528      4384   4295648  0.000  0.000   14.320    2.539    0    0  (Gen:  0)
   521728      4208   4295536  0.000  0.000   14.321    2.539    0    0  (Gen:  0)
   521848      4072   4295488  0.000  0.000   14.321    2.540    0    0  (Gen:  0)
   521760      4064   4295512  0.000  0.000   14.322    2.540    0    0  (Gen:  0)
   521760      4168   4295704  0.000  0.000   14.322    2.540    0    0  (Gen:  0)
   521512      6816   4298384  0.000  0.000   14.323    2.540    0    0  (Gen:  0)
   521584      6424   4298056  0.000  0.000   14.323    2.540    0    0  (Gen:  0)
   521512      3952   4298168  0.000  0.000   14.324    2.540    0    0  (Gen:  0)
   521520      4168   4298416  0.000  0.000   14.325    2.540    0    0  (Gen:  0)
   521544      4080   4298360  0.000  0.000   14.325    2.540    0    0  (Gen:  0)
   521536      3992   4298288  0.000  0.000   14.326    2.541    0    0  (Gen:  0)
   521720      4376   4298688  0.000  0.000   14.326    2.541    0    0  (Gen:  0)
   521704      4096   4298696  0.000  0.000   14.327    2.541    0    0  (Gen:  0)
   521352      4360   4299048  0.000  0.000   14.327    2.541    0    0  (Gen:  0)
   521736      4080   4299024  0.000  0.000   14.328    2.541    0    0  (Gen:  0)
   521544      4376   4299408  0.000  0.000   14.329    2.541    0    0  (Gen:  0)
   521568      7880   4303328  0.000  0.000   14.329    2.541    0    0  (Gen:  0)
   521824      5920   4303192  0.000  0.000   14.330    2.541    0    0  (Gen:  0)
   521720      4048   4303240  0.000  0.000   14.330    2.542    0    0  (Gen:  0)
   521360      4168   4303376  0.000  0.000   14.331    2.542    0    0  (Gen:  0)
   521248      4160   4303416  0.000  0.000   14.332    2.542    0    0  (Gen:  0)
   521760      6000   4305272  0.000  0.000   14.332    2.542    0    0  (Gen:  0)
   521912      4192   4305144  0.000  0.000   14.333    2.542    0    0  (Gen:  0)
   521680      4152   4305264  0.000  0.000   14.333    2.542    0    0  (Gen:  0)
   521848      4176   4305320  0.000  0.000   14.334    2.542    0    0  (Gen:  0)
   521184      4344   4305520  0.000  0.000   14.334    2.542    0    0  (Gen:  0)
   521392      3912   4305104  0.000  0.000   14.335    2.542    0    0  (Gen:  0)
   521824      6560   4307768  0.000  0.000   14.336    2.543    0    0  (Gen:  0)
   521512      6320   4307608  0.000  0.000   14.336    2.543    0    0  (Gen:  0)
   521560      5696   4309288  0.000  0.000   14.337    2.543    0    0  (Gen:  0)
   521672      4032   4309232  0.000  0.000   14.337    2.543    0    0  (Gen:  0)
   521752      4136   4309424  0.000  0.000   14.338    2.543    0    0  (Gen:  0)
   521560      4296   4309616  0.000  0.000   14.338    2.543    0    0  (Gen:  0)
   521856      4176   4309544  0.000  0.000   14.339    2.543    0    0  (Gen:  0)
   521584      4048   4309504  0.000  0.000   14.340    2.543    0    0  (Gen:  0)
   521896      4072   4309544  0.000  0.000   14.340    2.544    0    0  (Gen:  0)
   521704      4112   4309632  0.000  0.000   14.341    2.544    0    0  (Gen:  0)
   521656      6320   4311856  0.000  0.000   14.341    2.544    0    0  (Gen:  0)
   521528      6216   4311816  0.000  0.000   14.342    2.544    0    0  (Gen:  0)
   521744      4088   4311816  0.000  0.000   14.342    2.544    0    0  (Gen:  0)
   521624      4256   4312016  0.000  0.000   14.343    2.544    0    0  (Gen:  0)
   521576      4160   4311952  0.000  0.000   14.344    2.544    0    0  (Gen:  0)
   521592      4088   4311896  0.000  0.000   14.344    2.544    0    0  (Gen:  0)
   521664      6104   4313928  0.000  0.000   14.345    2.545    0    0  (Gen:  0)
   521248      4056   4313712  0.000  0.000   14.345    2.545    0    0  (Gen:  0)
   521584      3896   4313640  0.000  0.000   14.346    2.545    0    0  (Gen:  0)
   521656      3952   4313712  0.000  0.000   14.346    2.545    0    0  (Gen:  0)
   521688      4008   4313816  0.000  0.000   14.347    2.545    0    0  (Gen:  0)
   521736      6552   4316376  0.000  0.000   14.348    2.545    0    0  (Gen:  0)
   521584      6240   4316128  0.000  0.000   14.348    2.545    0    0  (Gen:  0)
   521488      4080   4316384  0.000  0.000   14.349    2.545    0    0  (Gen:  0)
   521576      4064   4316400  0.000  0.000   14.349    2.546    0    0  (Gen:  0)
   521632      4136   4316504  0.000  0.000   14.350    2.546    0    0  (Gen:  0)
   521544      4064   4316448  0.000  0.000   14.350    2.546    0    0  (Gen:  0)
   521672      4624   4317024  0.000  0.000   14.351    2.546    0    0  (Gen:  0)
   521720      4000   4316688  0.000  0.000   14.352    2.546    0    0  (Gen:  0)
   521352      4304   4317080  0.000  0.000   14.352    2.546    0    0  (Gen:  0)
   521704      4048   4317080  0.000  0.000   14.353    2.546    0    0  (Gen:  0)
   521648      4408   4317528  0.000  0.000   14.353    2.546    0    0  (Gen:  0)
   521392      7824   4321360  0.000  0.000   14.354    2.546    0    0  (Gen:  0)
   521792      6400   4321440  0.000  0.000   14.354    2.547    0    0  (Gen:  0)
   521712      3992   4321216  0.000  0.000   14.355    2.547    0    0  (Gen:  0)
   521568      4080   4321320  0.000  0.000   14.356    2.547    0    0  (Gen:  0)
   521360      4160   4321448  0.000  0.000   14.356    2.547    0    0  (Gen:  0)
   521728      6208   4323512  0.000  0.000   14.357    2.547    0    0  (Gen:  0)
   521592      4176   4323456  0.000  0.000   14.357    2.547    0    0  (Gen:  0)
   521512      4072   4323512  0.000  0.000   14.358    2.547    0    0  (Gen:  0)
   521632      4224   4323696  0.000  0.000   14.358    2.547    0    0  (Gen:  0)
   521920      4216   4323720  0.000  0.000   14.359    2.548    0    0  (Gen:  0)
   521624      3920   4323440  0.000  0.000   14.359    2.548    0    0  (Gen:  0)
   521496      6552   4326088  0.000  0.000   14.360    2.548    0    0  (Gen:  0)
   521424      6512   4326128  0.000  0.000   14.361    2.548    0    0  (Gen:  0)
   521776      4144   4326096  0.000  0.000   14.361    2.548    0    0  (Gen:  0)
   521384      4120   4326104  0.000  0.000   14.362    2.548    0    0  (Gen:  0)
   521720      3976   4326048  0.000  0.000   14.362    2.548    0    0  (Gen:  0)
   521504      6288   4328392  0.000  0.000   14.363    2.548    0    0  (Gen:  0)
   521640      4360   4328576  0.000  0.000   14.364    2.549    0    0  (Gen:  0)
   521344      4024   4328328  0.000  0.000   14.364    2.549    0    0  (Gen:  0)
   521584      4224   4328544  0.000  0.000   14.365    2.549    0    0  (Gen:  0)
   521768      4160   4328528  0.000  0.000   14.365    2.549    0    0  (Gen:  0)
   521600      6816   4331200  0.000  0.000   14.366    2.549    0    0  (Gen:  0)
   521576      6448   4330896  0.000  0.000   14.366    2.549    0    0  (Gen:  0)
   521712      3984   4331000  0.000  0.000   14.367    2.549    0    0  (Gen:  0)
   521280      4168   4331216  0.000  0.000   14.368    2.549    0    0  (Gen:  0)
   521272      3968   4331048  0.000  0.000   14.368    2.549    0    0  (Gen:  0)
   521472      4040   4331208  0.000  0.000   14.369    2.550    0    0  (Gen:  0)
   521696      4432   4331632  0.000  0.000   14.369    2.550    0    0  (Gen:  0)
   521784      4048   4331520  0.000  0.000   14.370    2.550    0    0  (Gen:  0)
   521728      3936   4331496  0.000  0.000   14.370    2.550    0    0  (Gen:  0)
   521440      4448   4332024  0.000  0.000   14.371    2.550    0    0  (Gen:  0)
   521536      4288   4332136  0.000  0.000   14.372    2.550    0    0  (Gen:  0)
   521512      7496   4335584  0.000  0.000   14.372    2.550    0    0  (Gen:  0)
   521552      5688   4335600  0.000  0.000   14.373    2.550    0    0  (Gen:  0)
   521912      4096   4335736  0.000  0.000   14.373    2.551    0    0  (Gen:  0)
   521376      4176   4335848  0.000  0.000   14.374    2.551    0    0  (Gen:  0)
   521632      4032   4335736  0.000  0.000   14.374    2.551    0    0  (Gen:  0)
   521592      3960   4335680  0.000  0.000   14.375    2.551    0    0  (Gen:  0)
   521896      4232   4335968  0.000  0.000   14.376    2.551    0    0  (Gen:  0)
   521592      4192   4335992  0.000  0.000   14.376    2.551    0    0  (Gen:  0)
   521960      4320   4336208  0.000  0.000   14.377    2.551    0    0  (Gen:  0)
   521616      4216   4336136  0.000  0.000   14.377    2.551    0    0  (Gen:  0)
   521816      3952   4335960  0.000  0.000   14.378    2.552    0    0  (Gen:  0)
   521624      5984   4338024  0.000  0.000   14.378    2.552    0    0  (Gen:  0)
   521600      5928   4338032  0.000  0.000   14.379    2.552    0    0  (Gen:  0)
   521408      3992   4337944  0.000  0.000   14.380    2.552    0    0  (Gen:  0)
   521488      4240   4338208  0.000  0.000   14.380    2.552    0    0  (Gen:  0)
   521672      3976   4337992  0.000  0.000   14.381    2.552    0    0  (Gen:  0)
   521552      4336   4338368  0.000  0.000   14.381    2.552    0    0  (Gen:  0)
   521672      4336   4338416  0.000  0.000   14.382    2.552    0    0  (Gen:  0)
   521568      3968   4338208  0.000  0.000   14.382    2.553    0    0  (Gen:  0)
   521912      4224   4338496  0.000  0.000   14.383    2.553    0    0  (Gen:  0)
   521760      4048   4338352  0.000  0.000   14.383    2.553    0    0  (Gen:  0)
   521744      3904   4338224  0.000  0.000   14.384    2.553    0    0  (Gen:  0)
   521328      6864   4341200  0.000  0.000   14.385    2.553    0    0  (Gen:  0)
   521592      6704   4341120  0.000  0.000   14.385    2.553    0    0  (Gen:  0)
   521592      4264   4341192  0.000  0.000   14.386    2.553    0    0  (Gen:  0)
   521544      4176   4341136  0.000  0.000   14.386    2.553    0    0  (Gen:  0)
   521456      4304   4341352  0.000  0.000   14.387    2.553    0    0  (Gen:  0)
   521784      4368   4341448  0.000  0.000   14.387    2.554    0    0  (Gen:  0)
   521584      4080   4341432  0.000  0.000   14.388    2.554    0    0  (Gen:  0)
   521504      4008   4341520  0.000  0.000   14.389    2.554    0    0  (Gen:  0)
   521592      4336   4341880  0.000  0.000   14.389    2.554    0    0  (Gen:  0)
   521736      4272   4342072  0.000  0.000   14.390    2.554    0    0  (Gen:  0)
   521448      4944   4342984  0.000  0.000   14.390    2.554    0    0  (Gen:  0)
   521672      7224   4346144  0.000  0.000   14.391    2.554    0    0  (Gen:  0)
   521864      6056   4346176  0.000  0.000   14.392    2.554    0    0  (Gen:  0)
   521568      4280   4346320  0.000  0.000   14.392    2.555    0    0  (Gen:  0)
   521232      3800   4345872  0.000  0.000   14.393    2.555    0    0  (Gen:  0)
   521472      4008   4346168  0.001  0.000   14.394    2.555    0    0  (Gen:  0)
   521880      5792   4347984  0.000  0.000   14.394    2.555    0    0  (Gen:  0)
   521832      4176   4348048  0.000  0.000   14.395    2.555    0    0  (Gen:  0)
   521528      4048   4348008  0.000  0.000   14.395    2.555    0    0  (Gen:  0)
   521760      4048   4348024  0.000  0.000   14.396    2.555    0    0  (Gen:  0)
   521264      4024   4348048  0.000  0.000   14.396    2.555    0    0  (Gen:  0)
   521632      6640   4350680  0.000  0.000   14.397    2.556    0    0  (Gen:  0)
   521608      6480   4350584  0.000  0.000   14.398    2.556    0    0  (Gen:  0)
   521448      4184   4350680  0.000  0.000   14.398    2.556    0    0  (Gen:  0)
   521672      5568   4352480  0.000  0.000   14.399    2.556    0    0  (Gen:  0)
   521744      4016   4352376  0.000  0.000   14.399    2.556    0    0  (Gen:  0)
   521776      4048   4352424  0.000  0.000   14.400    2.556    0    0  (Gen:  0)
   521600      4288   4352680  0.000  0.000   14.401    2.556    0    0  (Gen:  0)
   521624      4160   4352616  0.000  0.000   14.401    2.556    0    0  (Gen:  0)
   521928      4120   4352664  0.000  0.000   14.402    2.557    0    0  (Gen:  0)
   521672      4032   4352608  0.000  0.000   14.402    2.557    0    0  (Gen:  0)
   521752      4136   4352800  0.000  0.000   14.403    2.557    0    0  (Gen:  0)
   521392      6392   4355088  0.000  0.000   14.403    2.557    0    0  (Gen:  0)
   521912      6160   4354920  0.000  0.000   14.404    2.557    0    0  (Gen:  0)
   521664      3952   4354768  0.000  0.000   14.405    2.557    0    0  (Gen:  0)
   521472      4296   4355128  0.000  0.000   14.405    2.557    0    0  (Gen:  0)
   521432      4024   4354904  0.000  0.000   14.406    2.557    0    0  (Gen:  0)
   521808      6144   4357040  0.000  0.000   14.406    2.558    0    0  (Gen:  0)
   521520      4120   4356832  0.000  0.000   14.407    2.558    0    0  (Gen:  0)
   521336      4032   4356904  0.000  0.000   14.407    2.558    0    0  (Gen:  0)
   521504      4264   4357168  0.000  0.000   14.408    2.558    0    0  (Gen:  0)
   521800      4192   4357128  0.000  0.000   14.409    2.558    0    0  (Gen:  0)
   521768      4136   4357088  0.000  0.000   14.409    2.558    0    0  (Gen:  0)
   521528      6432   4359400  0.000  0.000   14.410    2.558    0    0  (Gen:  0)
   521672      6368   4359416  0.000  0.000   14.410    2.558    0    0  (Gen:  0)
   521560      3952   4359344  0.000  0.000   14.411    2.558    0    0  (Gen:  0)
   521592      4096   4359504  0.000  0.000   14.411    2.559    0    0  (Gen:  0)
   521416      4024   4359480  0.000  0.000   14.412    2.559    0    0  (Gen:  0)
   521744      4272   4359744  0.000  0.000   14.413    2.559    0    0  (Gen:  0)
   521576      3992   4359736  0.000  0.000   14.413    2.559    0    0  (Gen:  0)
   521584      3984   4359888  0.000  0.000   14.414    2.559    0    0  (Gen:  0)
   521544      4416   4360352  0.000  0.000   14.414    2.559    0    0  (Gen:  0)
   521712      4320   4360512  0.000  0.000   14.415    2.559    0    0  (Gen:  0)
   521488      4736   4361168  0.000  0.000   14.415    2.559    0    0  (Gen:  0)
   521528      7232   4364384  0.000  0.000   14.416    2.560    0    0  (Gen:  0)
   521888      6224   4364416  0.000  0.000   14.417    2.560    0    0  (Gen:  0)
   521536      4248   4364624  0.000  0.000   14.417    2.560    0    0  (Gen:  0)
   521688      4088   4364496  0.000  0.000   14.418    2.560    0    0  (Gen:  0)
   521416      4128   4364624  0.000  0.000   14.418    2.560    0    0  (Gen:  0)
   521528      6224   4366752  0.000  0.000   14.419    2.560    0    0  (Gen:  0)
   521552      4104   4366608  0.000  0.000   14.419    2.560    0    0  (Gen:  0)
   521648      4016   4366608  0.000  0.000   14.420    2.560    0    0  (Gen:  0)
   521760      4016   4366624  0.000  0.000   14.421    2.561    0    0  (Gen:  0)
   521784      4024   4366680  0.000  0.000   14.421    2.561    0    0  (Gen:  0)
   521616      6560   4369232  0.000  0.000   14.422    2.561    0    0  (Gen:  0)
   521592      6496   4369232  0.000  0.000   14.422    2.561    0    0  (Gen:  0)
   521472      3984   4369128  0.000  0.000   14.423    2.561    0    0  (Gen:  0)
   521488      4208   4369384  0.000  0.000   14.424    2.561    0    0  (Gen:  0)
   521576      4088   4369296  0.000  0.000   14.424    2.561    0    0  (Gen:  0)
   521640      4016   4369240  0.000  0.000   14.425    2.561    0    0  (Gen:  0)
   521624      6184   4371424  0.000  0.000   14.425    2.562    0    0  (Gen:  0)
   521400      4048   4371416  0.000  0.000   14.426    2.562    0    0  (Gen:  0)
   521584      4192   4371648  0.000  0.000   14.426    2.562    0    0  (Gen:  0)
   521592      4104   4371592  0.000  0.000   14.427    2.562    0    0  (Gen:  0)
   521728      4136   4371712  0.000  0.000   14.428    2.562    0    0  (Gen:  0)
   521576      6680   4374288  0.000  0.000   14.428    2.562    0    0  (Gen:  0)
   521616      6768   4374440  0.000  0.000   14.429    2.562    0    0  (Gen:  0)
   521480      4176   4374344  0.000  0.000   14.429    2.562    0    0  (Gen:  0)
   521400      4336   4374520  0.000  0.000   14.430    2.562    0    0  (Gen:  0)
   521208      4160   4374392  0.000  0.000   14.430    2.563    0    0  (Gen:  0)
   521632      4296   4374544  0.000  0.000   14.431    2.563    0    0  (Gen:  0)
   521680      4192   4374712  0.000  0.000   14.432    2.563    0    0  (Gen:  0)
   521792      4008   4374688  0.000  0.000   14.432    2.563    0    0  (Gen:  0)
   521568      4336   4375048  0.000  0.000   14.433    2.563    0    0  (Gen:  0)
   521640      4008   4374976  0.000  0.000   14.433    2.563    0    0  (Gen:  0)
   521512      4376   4375432  0.000  0.000   14.434    2.563    0    0  (Gen:  0)
   521416      7464   4378936  0.000  0.000   14.434    2.563    0    0  (Gen:  0)
   521800      5816   4378952  0.000  0.000   14.435    2.564    0    0  (Gen:  0)
   521752      3872   4378664  0.000  0.000   14.436    2.564    0    0  (Gen:  0)
   521392      4168   4378976  0.000  0.000   14.436    2.564    0    0  (Gen:  0)
   521592      4040   4378896  0.000  0.000   14.437    2.564    0    0  (Gen:  0)
   521640      4208   4379080  0.000  0.000   14.437    2.564    0    0  (Gen:  0)
   521864      4136   4379056  0.000  0.000   14.438    2.564    0    0  (Gen:  0)
   521576      4120   4379200  0.000  0.000   14.438    2.564    0    0  (Gen:  0)
   521920      4168   4379280  0.000  0.000   14.439    2.564    0    0  (Gen:  0)
   521752      4176   4379320  0.000  0.000   14.439    2.565    0    0  (Gen:  0)
   521648      4080   4379240  0.000  0.000   14.440    2.565    0    0  (Gen:  0)
   521752      5960   4381136  0.000  0.000   14.441    2.565    0    0  (Gen:  0)
   521384      5768   4381024  0.000  0.000   14.441    2.565    0    0  (Gen:  0)
   521576      4248   4381352  0.000  0.000   14.442    2.565    0    0  (Gen:  0)
   521536      3992   4381128  0.000  0.000   14.442    2.565    0    0  (Gen:  0)
   521584      4008   4381232  0.000  0.000   14.443    2.565    0    0  (Gen:  0)
   521512      4144   4381400  0.000  0.000   14.443    2.565    0    0  (Gen:  0)
   521784      4176   4381480  0.000  0.000   14.444    2.565    0    0  (Gen:  0)
   521616      3992   4381384  0.000  0.000   14.445    2.566    0    0  (Gen:  0)
   521888      4264   4381672  0.000  0.000   14.445    2.566    0    0  (Gen:  0)
   521688      4120   4381576  0.000  0.000   14.446    2.566    0    0  (Gen:  0)
   521608      6736   4384208  0.000  0.000   14.446    2.566    0    0  (Gen:  0)
   521544      6616   4384152  0.000  0.000   14.447    2.566    0    0  (Gen:  0)
   521464      4064   4384184  0.000  0.000   14.447    2.566    0    0  (Gen:  0)
   521632      4136   4384288  0.000  0.000   14.448    2.566    0    0  (Gen:  0)
   521640      4288   4384472  0.000  0.000   14.449    2.566    0    0  (Gen:  0)
   521344      4024   4384224  0.000  0.000   14.449    2.567    0    0  (Gen:  0)
   521680      4504   4384720  0.000  0.000   14.450    2.567    0    0  (Gen:  0)
   521824      4216   4384720  0.000  0.000   14.450    2.567    0    0  (Gen:  0)
   521248      4600   4385192  0.000  0.000   14.451    2.567    0    0  (Gen:  0)
   521752      4232   4385080  0.000  0.000   14.451    2.567    0    0  (Gen:  0)
   521760      4384   4385320  0.000  0.000   14.452    2.567    0    0  (Gen:  0)
   521432      7864   4389216  0.000  0.000   14.453    2.567    0    0  (Gen:  0)
   521784      5928   4389104  0.000  0.000   14.453    2.567    0    0  (Gen:  0)
   521752      4080   4389248  0.000  0.000   14.454    2.568    0    0  (Gen:  0)
   521528      4112   4389312  0.000  0.000   14.454    2.568    0    0  (Gen:  0)
   521200      4064   4389296  0.000  0.000   14.455    2.568    0    0  (Gen:  0)
   521544      3992   4389240  0.000  0.000   14.455    2.568    0    0  (Gen:  0)
   521896      5888   4391152  0.000  0.000   14.456    2.568    0    0  (Gen:  0)
   521720      4136   4391096  0.000  0.000   14.457    2.568    0    0  (Gen:  0)
   521944      4080   4391128  0.000  0.000   14.457    2.568    0    0  (Gen:  0)
   521248      4064   4391144  0.000  0.000   14.458    2.568    0    0  (Gen:  0)
   521456      3952   4391120  0.000  0.000   14.458    2.569    0    0  (Gen:  0)
   521640      6600   4393800  0.000  0.000   14.459    2.569    0    0  (Gen:  0)
   521552      6392   4393656  0.000  0.000   14.460    2.569    0    0  (Gen:  0)
   521456      4568   4394136  0.000  0.000   14.460    2.569    0    0  (Gen:  0)
   521752      5336   4395464  0.000  0.000   14.461    2.569    0    0  (Gen:  0)
   521784      4160   4395432  0.000  0.000   14.461    2.569    0    0  (Gen:  0)
   521616      4376   4395664  0.000  0.000   14.462    2.569    0    0  (Gen:  0)
   521680      4040   4395376  0.000  0.000   14.462    2.569    0    0  (Gen:  0)
   521592      4080   4395576  0.000  0.000   14.463    2.569    0    0  (Gen:  0)
   521920      4152   4395680  0.000  0.000   14.463    2.570    0    0  (Gen:  0)
   521744      4016   4395576  0.000  0.000   14.464    2.570    0    0  (Gen:  0)
   521664      3904   4395480  0.000  0.000   14.465    2.570    0    0  (Gen:  0)
   521512      6240   4397832  0.000  0.000   14.465    2.570    0    0  (Gen:  0)
   521800      6176   4397848  0.000  0.000   14.466    2.570    0    0  (Gen:  0)
   521720      4192   4397920  0.000  0.000   14.466    2.570    0    0  (Gen:  0)
   521512      4136   4397896  0.000  0.000   14.467    2.570    0    0  (Gen:  0)
   521408      4208   4398056  0.000  0.000   14.467    2.570    0    0  (Gen:  0)
   521896      6040   4399920  0.000  0.000   14.468    2.571    0    0  (Gen:  0)
   521248      4264   4399960  0.000  0.000   14.469    2.571    0    0  (Gen:  0)
   521488      4120   4399904  0.000  0.000   14.469    2.571    0    0  (Gen:  0)
   521520      4296   4400096  0.000  0.000   14.470    2.571    0    0  (Gen:  0)
   521728      4136   4399984  0.000  0.000   14.470    2.571    0    0  (Gen:  0)
   521864      6624   4402488  0.000  0.000   14.471    2.571    0    0  (Gen:  0)
   521488      6504   4402432  0.000  0.000   14.472    2.571    0    0  (Gen:  0)
   521496      4080   4402424  0.000  0.000   14.472    2.571    0    0  (Gen:  0)
   521608      4160   4402536  0.000  0.000   14.473    2.572    0    0  (Gen:  0)
   521648      4376   4402784  0.000  0.000   14.473    2.572    0    0  (Gen:  0)
   521496      3768   4402192  0.000  0.000   14.474    2.572    0    0  (Gen:  0)
   521688      4336   4402776  0.000  0.000   14.474    2.572    0    0  (Gen:  0)
   521744      4152   4402880  0.000  0.000   14.475    2.572    0    0  (Gen:  0)
   521272      3896   4402712  0.000  0.000   14.475    2.572    0    0  (Gen:  0)
   521752      4392   4403224  0.000  0.000   14.476    2.572    0    0  (Gen:  0)
   521744      4200   4403304  0.000  0.000   14.477    2.572    0    0  (Gen:  0)
   521288      7920   4407264  0.000  0.000   14.477    2.572    0    0  (Gen:  0)
   521808      6232   4407240  0.000  0.000   14.478    2.573    0    0  (Gen:  0)
   521776      4152   4407416  0.000  0.000   14.478    2.573    0    0  (Gen:  0)
   521472      4096   4407392  0.000  0.000   14.479    2.573    0    0  (Gen:  0)
   521576      4064   4407392  0.000  0.000   14.479    2.573    0    0  (Gen:  0)
   521528      4008   4407352  0.000  0.000   14.480    2.573    0    0  (Gen:  0)
   521680      6216   4409576  0.000  0.000   14.481    2.573    0    0  (Gen:  0)
   521472      4160   4409512  0.000  0.000   14.481    2.573    0    0  (Gen:  0)
   521624      4240   4409680  0.000  0.000   14.482    2.573    0    0  (Gen:  0)
   521904      3992   4409464  0.000  0.000   14.482    2.574    0    0  (Gen:  0)
   521696      4192   4409752  0.000  0.000   14.483    2.574    0    0  (Gen:  0)
   521408      6512   4412104  0.000  0.000   14.483    2.574    0    0  (Gen:  0)
   521600      6368   4412024  0.000  0.000   14.484    2.574    0    0  (Gen:  0)
   521640      3976   4411968  0.000  0.000   14.485    2.574    0    0  (Gen:  0)
   521504      4168   4412176  0.000  0.000   14.485    2.574    0    0  (Gen:  0)
   521488      4024   4412080  0.000  0.000   14.486    2.574    0    0  (Gen:  0)
   521584      6376   4414448  0.000  0.000   14.486    2.574    0    0  (Gen:  0)
   521600      4208   4414392  0.000  0.000   14.487    2.575    0    0  (Gen:  0)
   521464      4208   4414552  0.000  0.000   14.488    2.575    0    0  (Gen:  0)
   521488      4224   4414600  0.000  0.000   14.488    2.575    0    0  (Gen:  0)
   521888      4120   4414528  0.000  0.000   14.489    2.575    0    0  (Gen:  0)
   521568      4104   4414528  0.000  0.000   14.489    2.575    0    0  (Gen:  0)
   521512      6792   4417232  0.000  0.000   14.490    2.575    0    0  (Gen:  0)
   521776      6520   4417040  0.000  0.000   14.490    2.575    0    0  (Gen:  0)
   521240      4120   4417136  0.000  0.000   14.491    2.575    0    0  (Gen:  0)
   521432      4176   4417224  0.000  0.000   14.492    2.576    0    0  (Gen:  0)
   521280      4064   4417200  0.000  0.000   14.492    2.576    0    0  (Gen:  0)
   521688      4560   4417728  0.000  0.000   14.493    2.576    0    0  (Gen:  0)
   521728      4128   4417568  0.000  0.000   14.493    2.576    0    0  (Gen:  0)
   521792      4088   4417616  0.000  0.000   14.494    2.576    0    0  (Gen:  0)
   521488      4504   4418048  0.000  0.000   14.494    2.576    0    0  (Gen:  0)
   521568      4352   4418168  0.000  0.000   14.495    2.576    0    0  (Gen:  0)
   521592      5176   4419232  0.000  0.000   14.495    2.576    0    0  (Gen:  0)
   521520      6448   4421704  0.000  0.000   14.496    2.576    0    0  (Gen:  0)
   521752      5648   4421624  0.000  0.000   14.497    2.577    0    0  (Gen:  0)
   521616      4112   4421744  0.000  0.000   14.497    2.577    0    0  (Gen:  0)
   521528      4096   4421760  0.000  0.000   14.498    2.577    0    0  (Gen:  0)
   521576      3968   4421720  0.000  0.000   14.498    2.577    0    0  (Gen:  0)
   521792      4352   4422136  0.000  0.000   14.499    2.577    0    0  (Gen:  0)
   521616      4000   4421832  0.000  0.000   14.499    2.577    0    0  (Gen:  0)
   521776      3952   4421872  0.000  0.000   14.500    2.577    0    0  (Gen:  0)
   521840      4184   4422120  0.000  0.000   14.501    2.577    0    0  (Gen:  0)
   521800      4096   4422080  0.000  0.000   14.501    2.578    0    0  (Gen:  0)
   521632      6040   4424040  0.000  0.000   14.502    2.578    0    0  (Gen:  0)
   521664      5968   4424032  0.000  0.000   14.502    2.578    0    0  (Gen:  0)
   521408      4040   4424024  0.000  0.000   14.503    2.578    0    0  (Gen:  0)
   521432      4264   4424280  0.000  0.000   14.503    2.578    0    0  (Gen:  0)
   521632      4144   4424192  0.000  0.000   14.504    2.578    0    0  (Gen:  0)
   521568      3960   4424024  0.000  0.000   14.505    2.578    0    0  (Gen:  0)
   521664      4096   4424176  0.000  0.000   14.505    2.578    0    0  (Gen:  0)
   521608      4112   4424256  0.000  0.000   14.506    2.579    0    0  (Gen:  0)
   521936      4112   4424344  0.000  0.000   14.506    2.579    0    0  (Gen:  0)
   521664      4064   4424328  0.000  0.000   14.507    2.579    0    0  (Gen:  0)
   521784      4112   4424464  0.000  0.000   14.507    2.579    0    0  (Gen:  0)
   521496      6592   4426976  0.000  0.000   14.508    2.579    0    0  (Gen:  0)
   521544      6728   4427176  0.000  0.000   14.509    2.579    0    0  (Gen:  0)
   521528      4048   4427008  0.000  0.000   14.509    2.579    0    0  (Gen:  0)
   521624      4032   4427008  0.000  0.000   14.510    2.579    0    0  (Gen:  0)
   521400      3976   4427000  0.000  0.000   14.510    2.579    0    0  (Gen:  0)
   521712      4688   4427728  0.000  0.000   14.511    2.580    0    0  (Gen:  0)
   521600      4096   4427408  0.000  0.000   14.511    2.580    0    0  (Gen:  0)
   521632      4176   4427648  0.000  0.000   14.512    2.580    0    0  (Gen:  0)
   521320      4472   4427976  0.000  0.000   14.513    2.580    0    0  (Gen:  0)
   521800      4400   4428160  0.000  0.000   14.513    2.580    0    0  (Gen:  0)
   521624      4328   4428328  0.001  0.000   14.514    2.580    0    0  (Gen:  0)
   521560      7768   4432168  0.001  0.000   14.516    2.580    0    0  (Gen:  0)
   521720      5856   4431936  0.001  0.000   14.517    2.581    0    0  (Gen:  0)
   521752      3896   4431896  0.001  0.000   14.518    2.581    0    0  (Gen:  0)
   521360      4096   4432112  0.001  0.000   14.519    2.581    0    0  (Gen:  0)
   521272      3832   4431896  0.001  0.000   14.520    2.581    0    0  (Gen:  0)
   521864      5928   4434008  0.001  0.000   14.521    2.581    0    0  (Gen:  0)
   521752      3960   4433720  0.001  0.000   14.522    2.582    0    0  (Gen:  0)
   521760      4056   4433976  0.000  0.000   14.523    2.582    0    0  (Gen:  0)
   521832      4096   4434048  0.000  0.000   14.524    2.582    0    0  (Gen:  0)
   521208      4088   4434072  0.000  0.000   14.524    2.582    0    0  (Gen:  0)
   521304      3904   4433904  0.000  0.000   14.525    2.582    0    0  (Gen:  0)
   521920      6448   4436464  0.000  0.000   14.525    2.582    0    0  (Gen:  0)
   521416      6280   4436376  0.000  0.000   14.526    2.582    0    0  (Gen:  0)
   521672      5768   4438168  0.000  0.000   14.526    2.582    0    0  (Gen:  0)
   521528      4120   4438128  0.000  0.000   14.527    2.583    0    0  (Gen:  0)
   521952      4104   4438200  0.000  0.000   14.528    2.583    0    0  (Gen:  0)
   521568      4272   4438400  0.000  0.000   14.528    2.583    0    0  (Gen:  0)
   521632      4136   4438312  0.000  0.000   14.529    2.583    0    0  (Gen:  0)
   521760      4032   4438296  0.000  0.000   14.529    2.583    0    0  (Gen:  0)
   521824      4240   4438520  0.000  0.000   14.530    2.583    0    0  (Gen:  0)
   521784      4160   4438488  0.000  0.000   14.530    2.583    0    0  (Gen:  0)
   521512      6152   4440496  0.000  0.000   14.531    2.583    0    0  (Gen:  0)
   521704      6088   4440496  0.000  0.000   14.532    2.584    0    0  (Gen:  0)
   521720      3904   4440440  0.000  0.000   14.532    2.584    0    0  (Gen:  0)
   521504      4136   4440704  0.000  0.000   14.533    2.584    0    0  (Gen:  0)
   521528      4088   4440688  0.000  0.000   14.533    2.584    0    0  (Gen:  0)
   521696      3944   4440560  0.000  0.000   14.534    2.584    0    0  (Gen:  0)
   521624      6096   4442728  0.000  0.000   14.534    2.584    0    0  (Gen:  0)
   521288      4192   4442656  0.000  0.000   14.535    2.584    0    0  (Gen:  0)
   521592      4192   4442744  0.000  0.000   14.536    2.584    0    0  (Gen:  0)
   521584      4120   4442704  0.000  0.000   14.536    2.585    0    0  (Gen:  0)
   521736      3872   4442544  0.000  0.000   14.537    2.585    0    0  (Gen:  0)
   521712      6464   4445168  0.000  0.000   14.537    2.585    0    0  (Gen:  0)
   521592      6504   4445272  0.000  0.000   14.538    2.585    0    0  (Gen:  0)
   521472      4120   4445232  0.000  0.000   14.538    2.585    0    0  (Gen:  0)
   521624      4104   4445232  0.000  0.000   14.539    2.585    0    0  (Gen:  0)
   521568      4032   4445208  0.000  0.000   14.540    2.585    0    0  (Gen:  0)
   521616      4632   4445824  0.000  0.000   14.540    2.585    0    0  (Gen:  0)
   521600      4072   4445536  0.000  0.000   14.541    2.586    0    0  (Gen:  0)
   521688      4248   4445872  0.000  0.000   14.541    2.586    0    0  (Gen:  0)
   521360      4528   4446184  0.000  0.000   14.542    2.586    0    0  (Gen:  0)
   521808      4192   4446104  0.000  0.000   14.542    2.586    0    0  (Gen:  0)
   521584      4120   4446272  0.000  0.000   14.543    2.586    0    0  (Gen:  0)
   521424      7792   4450184  0.000  0.000   14.544    2.586    0    0  (Gen:  0)
   521776      6112   4450024  0.000  0.000   14.544    2.586    0    0  (Gen:  0)
   521736      3952   4450048  0.000  0.000   14.545    2.586    0    0  (Gen:  0)
   521544      4096   4450208  0.000  0.000   14.545    2.586    0    0  (Gen:  0)
   521368      4136   4450296  0.000  0.000   14.546    2.587    0    0  (Gen:  0)
   521688      6320   4452496  0.000  0.000   14.547    2.587    0    0  (Gen:  0)
   521656      4000   4452152  0.000  0.000   14.547    2.587    0    0  (Gen:  0)
   521504      4136   4452448  0.000  0.000   14.548    2.587    0    0  (Gen:  0)
   521744      4168   4452512  0.000  0.000   14.548    2.587    0    0  (Gen:  0)
   521832      3976   4452352  0.000  0.000   14.549    2.587    0    0  (Gen:  0)
   521648      3984   4452376  0.000  0.000   14.549    2.587    0    0  (Gen:  0)
   521496      6592   4455000  0.000  0.000   14.550    2.587    0    0  (Gen:  0)
   521488      6456   4454944  0.000  0.000   14.551    2.588    0    0  (Gen:  0)
   521600      4168   4454992  0.000  0.000   14.551    2.588    0    0  (Gen:  0)
   521480      4176   4455032  0.000  0.000   14.552    2.588    0    0  (Gen:  0)
   521616      4208   4455152  0.000  0.000   14.552    2.588    0    0  (Gen:  0)
   521568      6208   4457184  0.000  0.000   14.553    2.588    0    0  (Gen:  0)
   521568      4192   4457280  0.000  0.000   14.553    2.588    0    0  (Gen:  0)
   521376      3992   4457168  0.000  0.000   14.554    2.588    0    0  (Gen:  0)
   521560      4240   4457432  0.000  0.000   14.555    2.588    0    0  (Gen:  0)
   521872      4136   4457376  0.000  0.000   14.555    2.589    0    0  (Gen:  0)
   521552      6600   4459856  0.000  0.000   14.556    2.589    0    0  (Gen:  0)
   521616      6512   4459832  0.000  0.000   14.556    2.589    0    0  (Gen:  0)
   521600      4136   4460024  0.000  0.000   14.557    2.589    0    0  (Gen:  0)
   521384      4160   4460080  0.000  0.000   14.557    2.589    0    0  (Gen:  0)
   521256      4152   4460104  0.000  0.000   14.558    2.589    0    0  (Gen:  0)
   521472      4008   4459976  0.000  0.000   14.559    2.589    0    0  (Gen:  0)
   521672      4536   4460520  0.000  0.000   14.559    2.589    0    0  (Gen:  0)
   521696      4264   4460536  0.000  0.000   14.560    2.590    0    0  (Gen:  0)
   521808      4528   4460888  0.000  0.000   14.560    2.590    0    0  (Gen:  0)
   521480      4080   4460696  0.000  0.000   14.561    2.590    0    0  (Gen:  0)
   521528      4488   4461192  0.000  0.000   14.561    2.590    0    0  (Gen:  0)
   521424      7368   4464488  0.000  0.000   14.562    2.590    0    0  (Gen:  0)
   521744      5576   4464360  0.000  0.000   14.563    2.590    0    0  (Gen:  0)
   521768      4000   4464512  0.000  0.000   14.563    2.590    0    0  (Gen:  0)
   521400      4056   4464600  0.000  0.000   14.564    2.590    0    0  (Gen:  0)
   521568      4120   4464696  0.000  0.000   14.564    2.590    0    0  (Gen:  0)
   521688      3952   4464544  0.000  0.000   14.565    2.591    0    0  (Gen:  0)
   521856      4200   4464808  0.000  0.000   14.565    2.591    0    0  (Gen:  0)
   521616      4152   4464824  0.000  0.000   14.566    2.591    0    0  (Gen:  0)
   521904      4184   4464944  0.000  0.000   14.566    2.591    0    0  (Gen:  0)
   521632      3960   4464752  0.000  0.000   14.567    2.591    0    0  (Gen:  0)
   521896      4152   4465032  0.000  0.000   14.568    2.591    0    0  (Gen:  0)
   521552      6016   4466928  0.000  0.000   14.568    2.591    0    0  (Gen:  0)
   521592      5936   4466912  0.000  0.000   14.569    2.591    0    0  (Gen:  0)
   521496      4032   4466856  0.000  0.000   14.569    2.592    0    0  (Gen:  0)
   521504      4264   4467104  0.000  0.000   14.570    2.592    0    0  (Gen:  0)
   521536      3992   4466880  0.000  0.000   14.570    2.592    0    0  (Gen:  0)
   521592      4328   4467232  0.000  0.000   14.571    2.592    0    0  (Gen:  0)
   521632      4088   4467040  0.000  0.000   14.572    2.592    0    0  (Gen:  0)
   521640      4136   4467248  0.000  0.000   14.572    2.592    0    0  (Gen:  0)
   521920      4208   4467352  0.000  0.000   14.573    2.592    0    0  (Gen:  0)
   521768      4200   4467376  0.000  0.000   14.573    2.592    0    0  (Gen:  0)
   521640      3936   4467128  0.000  0.000   14.574    2.593    0    0  (Gen:  0)
   521536      6624   4469832  0.000  0.000   14.574    2.593    0    0  (Gen:  0)
   521448      6616   4469904  0.000  0.000   14.575    2.593    0    0  (Gen:  0)
   521616      4224   4470024  0.000  0.000   14.576    2.593    0    0  (Gen:  0)
   521544      4136   4469968  0.000  0.000   14.576    2.593    0    0  (Gen:  0)
   521464      4208   4470128  0.000  0.000   14.577    2.593    0    0  (Gen:  0)
   521744      4520   4470472  0.000  0.000   14.577    2.593    0    0  (Gen:  0)
   521616      4264   4470488  0.000  0.000   14.578    2.593    0    0  (Gen:  0)
   521416      4072   4470384  0.000  0.000   14.578    2.593    0    0  (Gen:  0)
   521632      4440   4470768  0.000  0.000   14.579    2.594    0    0  (Gen:  0)
   521744      4320   4470920  0.000  0.000   14.580    2.594    0    0  (Gen:  0)
   521464      8048   4474888  0.000  0.000   14.580    2.594    0    0  (Gen:  0)
   521728      6080   4474904  0.000  0.000   14.581    2.594    0    0  (Gen:  0)
   521760      4248   4475064  0.000  0.000   14.581    2.594    0    0  (Gen:  0)
   521632      4232   4475080  0.000  0.000   14.582    2.594    0    0  (Gen:  0)
   521272      4232   4475112  0.000  0.000   14.582    2.594    0    0  (Gen:  0)
   521464      4136   4475032  0.000  0.000   14.583    2.594    0    0  (Gen:  0)
   521848      5760   4476672  0.000  0.000   14.584    2.595    0    0  (Gen:  0)
   521760      4008   4476616  0.000  0.000   14.584    2.595    0    0  (Gen:  0)
   521736      3896   4476592  0.000  0.000   14.585    2.595    0    0  (Gen:  0)
   521616      4128   4476840  0.000  0.000   14.585    2.595    0    0  (Gen:  0)
   521248      4120   4476880  0.000  0.000   14.586    2.595    0    0  (Gen:  0)
   521672      6464   4479240  0.000  0.000   14.586    2.595    0    0  (Gen:  0)
   521544      6344   4479184  0.000  0.000   14.587    2.595    0    0  (Gen:  0)
   521368      4480   4479712  0.000  0.000   14.588    2.595    0    0  (Gen:  0)
   521792      5568   4481216  0.000  0.000   14.588    2.596    0    0  (Gen:  0)
   521832      4064   4481160  0.000  0.000   14.589    2.596    0    0  (Gen:  0)
   521728      3936   4481048  0.000  0.000   14.589    2.596    0    0  (Gen:  0)
   521608      4288   4481416  0.000  0.000   14.590    2.596    0    0  (Gen:  0)
   521552      4040   4481232  0.000  0.000   14.590    2.596    0    0  (Gen:  0)
   522008      4192   4481472  0.000  0.000   14.591    2.596    0    0  (Gen:  0)
   521528      4120   4481432  0.000  0.000   14.592    2.596    0    0  (Gen:  0)
   521952      4104   4481504  0.000  0.000   14.592    2.596    0    0  (Gen:  0)
   521352      6248   4483680  0.000  0.000   14.593    2.597    0    0  (Gen:  0)
   521872      6232   4483728  0.000  0.000   14.593    2.597    0    0  (Gen:  0)
   521568      3944   4483496  0.000  0.000   14.594    2.597    0    0  (Gen:  0)
   521552      4176   4483744  0.000  0.000   14.594    2.597    0    0  (Gen:  0)
   521504      3936   4483552  0.000  0.000   14.595    2.597    0    0  (Gen:  0)
   521840      5920   4485552  0.000  0.000   14.596    2.597    0    0  (Gen:  0)
   521320      4048   4485496  0.000  0.000   14.596    2.597    0    0  (Gen:  0)
   521392      4136   4485744  0.000  0.000   14.597    2.597    0    0  (Gen:  0)
   521568      4176   4485816  0.000  0.000   14.597    2.597    0    0  (Gen:  0)
   521816      4064   4485736  0.000  0.000   14.598    2.598    0    0  (Gen:  0)
   521744      3920   4485608  0.000  0.000   14.598    2.598    0    0  (Gen:  0)
   521480      6480   4488184  0.000  0.000   14.599    2.598    0    0  (Gen:  0)
   521632      6504   4488288  0.000  0.000   14.600    2.598    0    0  (Gen:  0)
   521600      4208   4488336  0.000  0.000   14.600    2.598    0    0  (Gen:  0)
   521544      4120   4488280  0.000  0.000   14.601    2.598    0    0  (Gen:  0)
   521576      4048   4488296  0.000  0.000   14.601    2.598    0    0  (Gen:  0)
   521648      4576   4488856  0.000  0.000   14.602    2.598    0    0  (Gen:  0)
   521664      4208   4488760  0.000  0.000   14.602    2.599    0    0  (Gen:  0)
   521480      4104   4488744  0.000  0.000   14.603    2.599    0    0  (Gen:  0)
   521544      4504   4489160  0.000  0.000   14.604    2.599    0    0  (Gen:  0)
   521752      4344   4489272  0.000  0.000   14.604    2.599    0    0  (Gen:  0)
   521432      7928   4493096  0.000  0.000   14.605    2.599    0    0  (Gen:  0)
   521648      6104   4492936  0.000  0.000   14.605    2.599    0    0  (Gen:  0)
   521736      4008   4493096  0.000  0.000   14.606    2.599    0    0  (Gen:  0)
   521568      4152   4493272  0.000  0.000   14.606    2.599    0    0  (Gen:  0)
   521712      4024   4493176  0.000  0.000   14.607    2.600    0    0  (Gen:  0)
   521392      4008   4493248  0.000  0.000   14.608    2.600    0    0  (Gen:  0)
   521608      6128   4495400  0.000  0.000   14.608    2.600    0    0  (Gen:  0)
   521496      4120   4495368  0.000  0.000   14.609    2.600    0    0  (Gen:  0)
   521736      4008   4495344  0.000  0.000   14.609    2.600    0    0  (Gen:  0)
   521736      4184   4495536  0.000  0.000   14.610    2.600    0    0  (Gen:  0)
   521728      4104   4495504  0.000  0.000   14.610    2.600    0    0  (Gen:  0)
   521640      6464   4497880  0.000  0.000   14.611    2.600    0    0  (Gen:  0)
   521584      6384   4497864  0.000  0.000   14.612    2.601    0    0  (Gen:  0)
   521520      3968   4497856  0.000  0.000   14.612    2.601    0    0  (Gen:  0)
   521392      4008   4497928  0.000  0.000   14.613    2.601    0    0  (Gen:  0)
   521640      4248   4498200  0.000  0.000   14.613    2.601    0    0  (Gen:  0)
   521568      3936   4497904  0.000  0.000   14.614    2.601    0    0  (Gen:  0)
   521600      6304   4500288  0.000  0.000   14.614    2.601    0    0  (Gen:  0)
   521368      4264   4500376  0.000  0.000   14.615    2.601    0    0  (Gen:  0)
   521592      4304   4500504  0.000  0.000   14.616    2.601    0    0  (Gen:  0)
   521784      3928   4500160  0.000  0.000   14.616    2.601    0    0  (Gen:  0)
   521672      4040   4500360  0.000  0.000   14.617    2.602    0    0  (Gen:  0)
   521432      6704   4503056  0.000  0.000   14.617    2.602    0    0  (Gen:  0)
   521752      6656   4503072  0.000  0.000   14.618    2.602    0    0  (Gen:  0)
   521392      3800   4502712  0.000  0.000   14.618    2.602    0    0  (Gen:  0)
   521408      4168   4503096  0.000  0.000   14.619    2.602    0    0  (Gen:  0)
   521304      4032   4503008  0.000  0.000   14.620    2.602    0    0  (Gen:  0)
   521656      4520   4503512  0.000  0.000   14.620    2.602    0    0  (Gen:  0)
   521592      4248   4503512  0.000  0.000   14.621    2.602    0    0  (Gen:  0)
   521744      4088   4503512  0.000  0.000   14.621    2.603    0    0  (Gen:  0)
   521704      4360   4503816  0.000  0.000   14.622    2.603    0    0  (Gen:  0)
   521552      4400   4504112  0.000  0.000   14.622    2.603    0    0  (Gen:  0)
   521528      4400   4504352  0.000  0.000   14.623    2.603    0    0  (Gen:  0)
   521456      7376   4507728  0.000  0.000   14.624    2.603    0    0  (Gen:  0)
   521752      5816   4507688  0.000  0.000   14.624    2.603    0    0  (Gen:  0)
   521760      4376   4507904  0.000  0.000   14.625    2.603    0    0  (Gen:  0)
   521376      4176   4507736  0.000  0.000   14.625    2.603    0    0  (Gen:  0)
   521560      4144   4507792  0.000  0.000   14.626    2.604    0    0  (Gen:  0)
   521784      4200   4507880  0.000  0.000   14.626    2.604    0    0  (Gen:  0)
   521784      4040   4507768  0.000  0.000   14.627    2.604    0    0  (Gen:  0)
   521672      4136   4508024  0.000  0.000   14.628    2.604    0    0  (Gen:  0)
   521840      4080   4508000  0.000  0.000   14.628    2.604    0    0  (Gen:  0)
   521784      4032   4507984  0.000  0.000   14.629    2.604    0    0  (Gen:  0)
   521568      3992   4507960  0.000  0.000   14.629    2.604    0    0  (Gen:  0)
   521728      6016   4510000  0.000  0.000   14.630    2.604    0    0  (Gen:  0)
   521344      5952   4510016  0.000  0.000   14.630    2.605    0    0  (Gen:  0)
   521672      4072   4509984  0.000  0.000   14.631    2.605    0    0  (Gen:  0)
   521528      4056   4510000  0.000  0.000   14.632    2.605    0    0  (Gen:  0)
   521576      4008   4510040  0.000  0.000   14.632    2.605    0    0  (Gen:  0)
   521568      4128   4510192  0.000  0.000   14.633    2.605    0    0  (Gen:  0)
   521608      4088   4510200  0.000  0.000   14.633    2.605    0    0  (Gen:  0)
   521792      4032   4510232  0.000  0.000   14.634    2.605    0    0  (Gen:  0)
   521832      4184   4510400  0.000  0.000   14.634    2.605    0    0  (Gen:  0)
   521800      4096   4510360  0.000  0.000   14.635    2.605    0    0  (Gen:  0)
   521472      6760   4513040  0.001  0.000   14.636    2.606    0    0  (Gen:  0)
   521568      6528   4512872  0.000  0.000   14.636    2.606    0    0  (Gen:  0)
   521512      3936   4512864  0.000  0.000   14.637    2.606    0    0  (Gen:  0)
   521584      4056   4513016  0.000  0.000   14.638    2.606    0    0  (Gen:  0)
   521568      4120   4513112  0.000  0.000   14.638    2.606    0    0  (Gen:  0)
   521376      3992   4513000  0.000  0.000   14.639    2.606    0    0  (Gen:  0)
   521712      4480   4513504  0.000  0.000   14.639    2.606    0    0  (Gen:  0)
   521816      4152   4513464  0.000  0.000   14.640    2.606    0    0  (Gen:  0)
   521280      4328   4513728  0.001  0.000   14.679    2.610    0    0  (Gen:  0)
   521784      4104   4513760  0.000  0.000   14.680    2.610    0    0  (Gen:  0)
   521640      4424   4514168  0.000  0.000   14.680    2.610    0    0  (Gen:  0)
   521512      7864   4518024  0.000  0.000   14.681    2.611    0    0  (Gen:  0)
   521816      6064   4518048  0.000  0.000   14.682    2.611    0    0  (Gen:  0)
   521712      3968   4517872  0.000  0.000   14.682    2.611    0    0  (Gen:  0)
   521464      4264   4518184  0.000  0.000   14.683    2.611    0    0  (Gen:  0)
   521240      4088   4518056  0.000  0.000   14.683    2.611    0    0  (Gen:  0)
   521608      6056   4520040  0.000  0.000   14.684    2.611    0    0  (Gen:  0)
   521896      4120   4519784  0.000  0.000   14.685    2.611    0    0  (Gen:  0)
   521752      4208   4520032  0.000  0.000   14.685    2.612    0    0  (Gen:  0)
   521872      4224   4520080  0.000  0.000   14.686    2.612    0    0  (Gen:  0)
   521256      4272   4520160  0.000  0.000   14.686    2.612    0    0  (Gen:  0)
   521464      3944   4519848  0.000  0.000   14.687    2.612    0    0  (Gen:  0)
   521640      6344   4522264  0.000  0.000   14.688    2.612    0    0  (Gen:  0)
   521544      6352   4522352  0.001  0.000   14.688    2.612    0    0  (Gen:  0)
   521408      4928   4523232  0.000  0.000   14.689    2.612    0    0  (Gen:  0)
   521808      4920   4524104  0.000  0.000   14.690    2.613    0    0  (Gen:  0)
   521784      3984   4523992  0.000  0.000   14.690    2.613    0    0  (Gen:  0)
   521616      4152   4524176  0.000  0.000   14.691    2.613    0    0  (Gen:  0)
   521728      4120   4524192  0.000  0.000   14.691    2.613    0    0  (Gen:  0)
   521552      4152   4524384  0.000  0.000   14.692    2.613    0    0  (Gen:  0)
   521888      4152   4524416  0.000  0.000   14.692    2.613    0    0  (Gen:  0)
   521832      4064   4524360  0.000  0.000   14.693    2.613    0    0  (Gen:  0)
   521544      3992   4524304  0.000  0.000   14.694    2.613    0    0  (Gen:  0)
   521608      6280   4526608  0.000  0.000   14.694    2.614    0    0  (Gen:  0)
   521736      6176   4526584  0.000  0.000   14.695    2.614    0    0  (Gen:  0)
   521664      4208   4526672  0.000  0.000   14.695    2.614    0    0  (Gen:  0)
   521608      4024   4526520  0.000  0.000   14.696    2.614    0    0  (Gen:  0)
   521496      4152   4526736  0.000  0.000   14.696    2.614    0    0  (Gen:  0)
   521760      6032   4528648  0.000  0.000   14.697    2.614    0    0  (Gen:  0)
   521184      4416   4528848  0.000  0.000   14.698    2.614    0    0  (Gen:  0)
   521552      3712   4528232  0.000  0.000   14.698    2.614    0    0  (Gen:  0)
   521528      4168   4528704  0.000  0.000   14.699    2.615    0    0  (Gen:  0)
   521848      3992   4528576  0.000  0.000   14.699    2.615    0    0  (Gen:  0)
   521736      6680   4531280  0.000  0.000   14.700    2.615    0    0  (Gen:  0)
   521536      6416   4531080  0.000  0.000   14.701    2.615    0    0  (Gen:  0)
   521552      3992   4531072  0.000  0.000   14.701    2.615    0    0  (Gen:  0)
   521544      4208   4531320  0.000  0.000   14.702    2.615    0    0  (Gen:  0)
   521632      4176   4531320  0.000  0.000   14.702    2.615    0    0  (Gen:  0)
   521432      4048   4531208  0.000  0.000   14.703    2.615    0    0  (Gen:  0)
   521712      4536   4531712  0.000  0.000   14.703    2.616    0    0  (Gen:  0)
   521800      4144   4531608  0.000  0.000   14.704    2.616    0    0  (Gen:  0)
   521264      4416   4531968  0.000  0.000   14.705    2.616    0    0  (Gen:  0)
   521760      4064   4531872  0.000  0.000   14.705    2.616    0    0  (Gen:  0)
   521728      4448   4532344  0.000  0.000   14.706    2.616    0    0  (Gen:  0)
   521296      7888   4536200  0.000  0.000   14.706    2.616    0    0  (Gen:  0)
   521792      6416   4536232  0.000  0.000   14.707    2.616    0    0  (Gen:  0)
   521776      4072   4536072  0.000  0.000   14.707    2.616    0    0  (Gen:  0)
   521520      4336   4536352  0.000  0.000   14.708    2.617    0    0  (Gen:  0)
   521488      4232   4536296  0.000  0.000   14.709    2.617    0    0  (Gen:  0)
   521560      4360   4536440  0.000  0.000   14.709    2.617    0    0  (Gen:  0)
   521656      5672   4538272  0.000  0.000   14.710    2.617    0    0  (Gen:  0)
   521488      4024   4538288  0.000  0.000   14.710    2.617    0    0  (Gen:  0)
   521744      4136   4538416  0.000  0.000   14.711    2.617    0    0  (Gen:  0)
   521752      3992   4538304  0.000  0.000   14.711    2.617    0    0  (Gen:  0)
   521752      4048   4538448  0.000  0.000   14.712    2.617    0    0  (Gen:  0)
   521480      6328   4540760  0.000  0.000   14.713    2.617    0    0  (Gen:  0)
   521480      6424   4540920  0.000  0.000   14.713    2.618    0    0  (Gen:  0)
   521736      3992   4540824  0.000  0.000   14.714    2.618    0    0  (Gen:  0)
   521368      3904   4540752  0.000  0.000   14.714    2.618    0    0  (Gen:  0)
   521624      4000   4540896  0.000  0.000   14.715    2.618    0    0  (Gen:  0)
   521552      6360   4543272  0.000  0.000   14.715    2.618    0    0  (Gen:  0)
   521656      4152   4543176  0.001  0.000   14.717    2.618    0    0  (Gen:  0)
   521376      4104   4543288  0.000  0.000   14.718    2.618    0    0  (Gen:  0)
   521528      4136   4543352  0.000  0.000   14.718    2.619    0    0  (Gen:  0)
   521872      4080   4543328  0.000  0.000   14.719    2.619    0    0  (Gen:  0)
   521576      4048   4543312  0.000  0.000   14.719    2.619    0    0  (Gen:  0)
   521504      6616   4545896  0.000  0.000   14.720    2.619    0    0  (Gen:  0)
   521744      6488   4545848  0.000  0.000   14.721    2.619    0    0  (Gen:  0)
   521240      4136   4545992  0.000  0.000   14.721    2.619    0    0  (Gen:  0)
   521360      4064   4545952  0.000  0.000   14.722    2.619    0    0  (Gen:  0)
   521376      4024   4546000  0.000  0.000   14.722    2.619    0    0  (Gen:  0)
   521720      4536   4546544  0.000  0.000   14.723    2.620    0    0  (Gen:  0)
   521728      4152   4546432  0.000  0.000   14.723    2.620    0    0  (Gen:  0)
   521792      3992   4546360  0.000  0.000   14.724    2.620    0    0  (Gen:  0)
   521400      4464   4546848  0.000  0.000   14.725    2.620    0    0  (Gen:  0)
   521616      4248   4546904  0.000  0.000   14.725    2.620    0    0  (Gen:  0)
   521512      7696   4550592  0.000  0.000   14.726    2.620    0    0  (Gen:  0)
   521568      5704   4550424  0.000  0.000   14.726    2.620    0    0  (Gen:  0)
   521712      4208   4550656  0.000  0.000   14.727    2.620    0    0  (Gen:  0)
   521664      4264   4550744  0.000  0.000   14.728    2.621    0    0  (Gen:  0)
   521544      4176   4550688  0.000  0.000   14.728    2.621    0    0  (Gen:  0)
   521608      4008   4550536  0.000  0.000   14.729    2.621    0    0  (Gen:  0)
   521760      4368   4550912  0.000  0.000   14.729    2.621    0    0  (Gen:  0)
   521648      4304   4550912  0.000  0.000   14.730    2.621    0    0  (Gen:  0)
   521824      4336   4551032  0.000  0.000   14.730    2.621    0    0  (Gen:  0)
   521776      4144   4550872  0.000  0.000   14.731    2.621    0    0  (Gen:  0)
   521792      3856   4550672  0.000  0.000   14.731    2.621    0    0  (Gen:  0)
   521640      6048   4552896  0.000  0.000   14.732    2.621    0    0  (Gen:  0)
   521624      5952   4552864  0.000  0.000   14.733    2.622    0    0  (Gen:  0)
   521424      3952   4552784  0.000  0.000   14.733    2.622    0    0  (Gen:  0)
   521440      3992   4552856  0.000  0.000   14.734    2.622    0    0  (Gen:  0)
   521712      4136   4553032  0.000  0.000   14.734    2.622    0    0  (Gen:  0)
   521520      3912   4552824  0.000  0.000   14.735    2.622    0    0  (Gen:  0)
   521640      4368   4553296  0.000  0.000   14.735    2.622    0    0  (Gen:  0)
   521552      4088   4553080  0.000  0.000   14.736    2.622    0    0  (Gen:  0)
   521992      4064   4553144  0.000  0.000   14.737    2.622    0    0  (Gen:  0)
   521592      3976   4553088  0.000  0.000   14.737    2.623    0    0  (Gen:  0)
   521896      4112   4553312  0.000  0.000   14.738    2.623    0    0  (Gen:  0)
   521392      6608   4555840  0.000  0.000   14.738    2.623    0    0  (Gen:  0)
   521576      6544   4555840  0.000  0.000   14.739    2.623    0    0  (Gen:  0)
   521584      3992   4555800  0.000  0.000   14.739    2.623    0    0  (Gen:  0)
   521528      4152   4555976  0.000  0.000   14.740    2.623    0    0  (Gen:  0)
   521368      4192   4556064  0.000  0.000   14.741    2.623    0    0  (Gen:  0)
   521760      4272   4556160  0.000  0.000   14.741    2.623    0    0  (Gen:  0)
   521640      4064   4556224  0.000  0.000   14.742    2.624    0    0  (Gen:  0)
   521584      4056   4556376  0.000  0.000   14.742    2.624    0    0  (Gen:  0)
   521496      4488   4556840  0.000  0.000   14.743    2.624    0    0  (Gen:  0)
   521672      4256   4556864  0.000  0.000   14.743    2.624    0    0  (Gen:  0)
   521632      4408   4557256  0.000  0.000   14.744    2.624    0    0  (Gen:  0)
   521536      7720   4560968  0.000  0.000   14.745    2.624    0    0  (Gen:  0)
   521800      6000   4560928  0.000  0.000   14.745    2.624    0    0  (Gen:  0)
   521608      4320   4561168  0.000  0.000   14.746    2.624    0    0  (Gen:  0)
   521376      4144   4561024  0.000  0.000   14.746    2.625    0    0  (Gen:  0)
   521352      3992   4560960  0.000  0.000   14.747    2.625    0    0  (Gen:  0)
   521856      5928   4562928  0.000  0.000   14.748    2.625    0    0  (Gen:  0)
   521864      4160   4562840  0.000  0.000   14.748    2.625    0    0  (Gen:  0)
   521640      4016   4562784  0.000  0.000   14.749    2.625    0    0  (Gen:  0)
   521800      4336   4563120  0.000  0.000   14.749    2.625    0    0  (Gen:  0)
   521232      4080   4562912  0.000  0.000   14.750    2.625    0    0  (Gen:  0)
   521424      6656   4565504  0.000  0.000   14.750    2.625    0    0  (Gen:  0)
   521792      6336   4565248  0.000  0.000   14.751    2.625    0    0  (Gen:  0)
   521392      4528   4565832  0.000  0.000   14.752    2.626    0    0  (Gen:  0)
   521656      5440   4567160  0.000  0.000   14.752    2.626    0    0  (Gen:  0)
   521736      3968   4567136  0.000  0.000   14.753    2.626    0    0  (Gen:  0)
   521744      3848   4567104  0.000  0.000   14.753    2.626    0    0  (Gen:  0)
   521616      4224   4567512  0.000  0.000   14.754    2.626    0    0  (Gen:  0)
   521640      4104   4567440  0.000  0.000   14.754    2.626    0    0  (Gen:  0)
   521792      3888   4567312  0.000  0.000   14.755    2.626    0    0  (Gen:  0)
   521824      4144   4567584  0.000  0.000   14.756    2.626    0    0  (Gen:  0)
   521784      3984   4567472  0.000  0.000   14.756    2.627    0    0  (Gen:  0)
   521416      6336   4569840  0.000  0.000   14.757    2.627    0    0  (Gen:  0)
   521736      6200   4569768  0.000  0.000   14.757    2.627    0    0  (Gen:  0)
   521744      4024   4569720  0.000  0.000   14.758    2.627    0    0  (Gen:  0)
   521592      3992   4569720  0.000  0.000   14.758    2.627    0    0  (Gen:  0)
   521440      4120   4569880  0.000  0.000   14.759    2.627    0    0  (Gen:  0)
   521712      3968   4569744  0.000  0.000   14.760    2.627    0    0  (Gen:  0)
   521568      5904   4571696  0.000  0.000   14.760    2.627    0    0  (Gen:  0)
   521264      4096   4571720  0.000  0.000   14.761    2.628    0    0  (Gen:  0)
   521568      4152   4571864  0.000  0.000   14.761    2.628    0    0  (Gen:  0)
   521760      4104   4571848  0.000  0.000   14.762    2.628    0    0  (Gen:  0)
   521728      4136   4571968  0.000  0.000   14.762    2.628    0    0  (Gen:  0)
   521592      6400   4574264  0.000  0.000   14.763    2.628    0    0  (Gen:  0)
   521616      6432   4574360  0.000  0.000   14.764    2.628    0    0  (Gen:  0)
   521560      3992   4574264  0.001  0.000   14.765    2.628    0    0  (Gen:  0)
   521656      4144   4574432  0.001  0.000   14.767    2.629    0    0  (Gen:  0)
   521416      4120   4574456  0.001  0.000   14.769    2.629    0    0  (Gen:  0)
   521712      4576   4574928  0.001  0.000   14.770    2.629    0    0  (Gen:  0)
   521640      4136   4574760  0.001  0.000   14.772    2.629    0    0  (Gen:  0)
   521576      4080   4574864  0.001  0.000   14.773    2.629    0    0  (Gen:  0)
   521424      4432   4575248  0.001  0.000   14.775    2.630    0    0  (Gen:  0)
   521712      4288   4575360  0.001  0.000   14.777    2.630    0    0  (Gen:  0)
   521680      4360   4575672  0.001  0.000   14.778    2.630    0    0  (Gen:  0)
   521360      7744   4579456  0.001  0.000   14.780    2.630    0    0  (Gen:  0)
   521760      6216   4579288  0.001  0.000   14.782    2.631    0    0  (Gen:  0)
   521776      4296   4579552  0.001  0.000   14.783    2.631    0    0  (Gen:  0)
   521472      4160   4579448  0.001  0.000   14.785    2.631    0    0  (Gen:  0)
   521512      4024   4579400  0.001  0.000   14.787    2.631    0    0  (Gen:  0)
   521624      6184   4581592  0.001  0.000   14.788    2.632    0    0  (Gen:  0)
   521632      4288   4581672  0.016  0.002   14.805    2.633    0    0  (Gen:  0)
   521528      4160   4581632  0.001  0.000   14.807    2.634    0    0  (Gen:  0)
   521760      4160   4581648  0.001  0.000   14.809    2.634    0    0  (Gen:  0)
   521752      4008   4581544  0.001  0.000   14.810    2.634    0    0  (Gen:  0)
   521656      3920   4581472  0.001  0.000   14.812    2.634    0    0  (Gen:  0)
   521576      6360   4583928  0.001  0.000   14.816    2.635    0    0  (Gen:  0)
   521448      6440   4584088  0.001  0.000   14.817    2.635    0    0  (Gen:  0)
   521616      4136   4584120  0.001  0.000   14.819    2.635    0    0  (Gen:  0)
   521544      4048   4584064  0.001  0.000   14.820    2.636    0    0  (Gen:  0)
   521584      4112   4584216  0.001  0.000   14.822    2.636    0    0  (Gen:  0)
   521472      6360   4586496  0.001  0.000   14.824    2.636    0    0  (Gen:  0)
   521592      4112   4586360  0.001  0.000   14.825    2.636    0    0  (Gen:  0)
   521544      3968   4586304  0.001  0.000   14.827    2.637    0    0  (Gen:  0)
   521568      4184   4586536  0.001  0.000   14.829    2.637    0    0  (Gen:  0)
   521736      4104   4586504  0.001  0.000   14.831    2.637    0    0  (Gen:  0)
   521544      6720   4589136  0.001  0.000   14.832    2.637    0    0  (Gen:  0)
   521600      6600   4589080  0.001  0.000   14.834    2.638    0    0  (Gen:  0)
   521576      4048   4589096  0.001  0.000   14.835    2.638    0    0  (Gen:  0)
   521424      4152   4589232  0.001  0.000   14.837    2.638    0    0  (Gen:  0)
   521208      4144   4589256  0.001  0.000   14.838    2.638    0    0  (Gen:  0)
   521528      4088   4589216  0.001  0.000   14.840    2.639    0    0  (Gen:  0)
   521728      4440   4589584  0.001  0.000   14.841    2.639    0    0  (Gen:  0)
   521792      3976   4589408  0.001  0.000   14.843    2.639    0    0  (Gen:  0)
   521624      4472   4589992  0.001  0.000   14.844    2.639    0    0  (Gen:  0)
   521536      3992   4589768  0.001  0.000   14.846    2.639    0    0  (Gen:  0)
   521528      4496   4590360  0.001  0.000   14.847    2.640    0    0  (Gen:  0)
   521456      7512   4593792  0.001  0.000   14.849    2.640    0    0  (Gen:  0)
   521696      5800   4593744  0.001  0.000   14.851    2.640    0    0  (Gen:  0)
   521824      4192   4593792  0.001  0.000   14.852    2.640    0    0  (Gen:  0)
   521440      4080   4593696  0.001  0.000   14.854    2.641    0    0  (Gen:  0)
   521584      3960   4593624  0.001  0.000   14.855    2.641    0    0  (Gen:  0)
   521576      4312   4593992  0.001  0.000   14.857    2.641    0    0  (Gen:  0)
   521904      4192   4593920  0.001  0.000   14.858    2.641    0    0  (Gen:  0)
   521552      4248   4594136  0.001  0.000   14.860    2.641    0    0  (Gen:  0)
   521872      4160   4594080  0.001  0.000   14.861    2.642    0    0  (Gen:  0)
   521808      4168   4594120  0.001  0.000   14.863    2.642    0    0  (Gen:  0)
   521760      4008   4593976  0.001  0.000   14.864    2.642    0    0  (Gen:  0)
   521616      5664   4595648  0.001  0.000   14.866    2.642    0    0  (Gen:  0)
   521512      5840   4595904  0.001  0.000   14.867    2.643    0    0  (Gen:  0)
   521560      3840   4595752  0.001  0.000   14.869    2.643    0    0  (Gen:  0)
   521440      4008   4595936  0.001  0.000   14.870    2.643    0    0  (Gen:  0)
   521520      4080   4596056  0.001  0.000   14.872    2.643    0    0  (Gen:  0)
   521640      4368   4596360  0.001  0.000   14.873    2.643    0    0  (Gen:  0)
   521704      4056   4596096  0.001  0.000   14.875    2.644    0    0  (Gen:  0)
   521624      4096   4596296  0.001  0.000   14.876    2.644    0    0  (Gen:  0)
   521864      4168   4596400  0.001  0.000   14.878    2.644    0    0  (Gen:  0)
   521832      3976   4596240  0.001  0.000   14.879    2.644    0    0  (Gen:  0)
   521520      4008   4596288  0.001  0.000   14.881    2.644    0    0  (Gen:  0)
   521592      6624   4598920  0.001  0.000   14.882    2.645    0    0  (Gen:  0)
   521488      6672   4599048  0.001  0.000   14.884    2.645    0    0  (Gen:  0)
   521544      4208   4599096  0.001  0.000   14.885    2.645    0    0  (Gen:  0)
   521656      4080   4599000  0.001  0.000   14.887    2.645    0    0  (Gen:  0)
   521376      4104   4599112  0.001  0.000   14.888    2.646    0    0  (Gen:  0)
   521680      4432   4599472  0.001  0.000   14.890    2.646    0    0  (Gen:  0)
   521752      4248   4599560  0.001  0.000   14.891    2.646    0    0  (Gen:  0)
   521320      3952   4599352  0.001  0.000   14.893    2.646    0    0  (Gen:  0)
   521736      4488   4599904  0.001  0.000   14.894    2.646    0    0  (Gen:  0)
   521688      4344   4600032  0.026  0.002   14.958    2.652    0    0  (Gen:  0)
   521456      8008   4603936  0.012  0.001   14.971    2.654    0    0  (Gen:  0)
   521712      6008   4603920  0.001  0.000   14.973    2.654    0    0  (Gen:  0)
   521800      4136   4604040  0.000  0.000   14.974    2.654    0    0  (Gen:  0)
   521584      4168   4604104  0.000  0.000   14.975    2.654    0    0  (Gen:  0)
   521208      4160   4604128  0.000  0.000   14.976    2.654    0    0  (Gen:  0)
   521576      4080   4604064  0.000  0.000   14.976    2.655    0    0  (Gen:  0)
   521784      5984   4605984  0.000  0.000   14.977    2.655    0    0  (Gen:  0)
   521808      4264   4605960  0.000  0.000   14.978    2.655    0    0  (Gen:  0)
   521808      4000   4605784  0.000  0.000   14.979    2.655    0    0  (Gen:  0)
   521480      3976   4605792  0.000  0.000   14.979    2.655    0    0  (Gen:  0)
   521344      4096   4606000  0.000  0.000   14.980    2.655    0    0  (Gen:  0)
   521632      6584   4608520  0.001  0.000   14.981    2.656    0    0  (Gen:  0)
   521568      6408   4608408  0.000  0.000   14.982    2.656    0    0  (Gen:  0)
   521304      4544   4608848  0.000  0.000   14.983    2.656    0    0  (Gen:  0)
   521896      5552   4610256  0.000  0.000   14.983    2.656    0    0  (Gen:  0)
   521712      4176   4610184  0.000  0.000   14.984    2.656    0    0  (Gen:  0)
   521776      4464   4610488  0.000  0.000   14.985    2.656    0    0  (Gen:  0)
   521600      4128   4610200  0.000  0.000   14.985    2.657    0    0  (Gen:  0)
   521600      3984   4610216  0.000  0.000   14.986    2.657    0    0  (Gen:  0)
   521896      4024   4610288  0.000  0.000   14.986    2.657    0    0  (Gen:  0)
   521736      3968   4610264  0.000  0.000   14.987    2.657    0    0  (Gen:  0)
   521800      4040   4610424  0.000  0.000   14.988    2.657    0    0  (Gen:  0)
   521408      6184   4612600  0.000  0.000   14.988    2.657    0    0  (Gen:  0)
   521752      6160   4612640  0.000  0.000   14.989    2.657    0    0  (Gen:  0)
   521672      3992   4612528  0.000  0.000   14.990    2.658    0    0  (Gen:  0)
   521608      3992   4612544  0.000  0.000   14.990    2.658    0    0  (Gen:  0)
   521472      4136   4612736  0.000  0.000   14.991    2.658    0    0  (Gen:  0)
   521824      5936   4614552  0.000  0.000   14.991    2.658    0    0  (Gen:  0)
   521248      4136   4614568  0.000  0.000   14.992    2.658    0    0  (Gen:  0)
   521456      3952   4614544  0.000  0.000   14.993    2.658    0    0  (Gen:  0)
   521512      4056   4614680  0.000  0.000   14.993    2.658    0    0  (Gen:  0)
   521872      4136   4614792  0.000  0.000   14.994    2.658    0    0  (Gen:  0)
   521640      3976   4614648  0.000  0.000   14.994    2.659    0    0  (Gen:  0)
   521600      6560   4617248  0.000  0.000   14.995    2.659    0    0  (Gen:  0)
   521568      6520   4617288  0.000  0.000   14.996    2.659    0    0  (Gen:  0)
   521664      4264   4617376  0.000  0.000   14.996    2.659    0    0  (Gen:  0)
   521472      4192   4617336  0.000  0.000   14.997    2.659    0    0  (Gen:  0)
   521560      4160   4617392  0.000  0.000   14.997    2.659    0    0  (Gen:  0)
   521648      4440   4617704  0.000  0.000   14.998    2.659    0    0  (Gen:  0)
   521744      4120   4617656  0.000  0.000   14.998    2.659    0    0  (Gen:  0)
   521360      3992   4617616  0.000  0.000   14.999    2.660    0    0  (Gen:  0)
   521696      4384   4618024  0.001  0.000   15.001    2.660    0    0  (Gen:  0)
   521624      4360   4618272  0.001  0.000   15.002    2.660    0    0  (Gen:  0)
   521536      8064   4622216  0.001  0.000   15.004    2.660    0    0  (Gen:  0)
   521608      6248   4622064  0.001  0.000   15.006    2.660    0    0  (Gen:  0)
   521736      4152   4622224  0.001  0.000   15.007    2.661    0    0  (Gen:  0)
   521648      4016   4622120  0.001  0.000   15.009    2.661    0    0  (Gen:  0)
   521608      4120   4622256  0.001  0.000   15.011    2.661    0    0  (Gen:  0)
   521360      4024   4622176  0.000  0.000   15.011    2.661    0    0  (Gen:  0)
   521656      6200   4624368  0.000  0.000   15.012    2.661    0    0  (Gen:  0)
   521408      4232   4624392  0.000  0.000   15.013    2.662    0    0  (Gen:  0)
   521808      4264   4624512  0.000  0.000   15.013    2.662    0    0  (Gen:  0)
   521792      4104   4624384  0.000  0.000   15.014    2.662    0    0  (Gen:  0)
   521736      4176   4624544  0.000  0.000   15.014    2.662    0    0  (Gen:  0)
   521504      6656   4627056  0.000  0.000   15.015    2.662    0    0  (Gen:  0)
   521656      6072   4626536  0.000  0.000   15.015    2.662    0    0  (Gen:  0)
   521528      3928   4626728  0.000  0.000   15.016    2.662    0    0  (Gen:  0)
   521400      4128   4626944  0.000  0.000   15.017    2.662    0    0  (Gen:  0)
   521576      3992   4626856  0.000  0.000   15.017    2.663    0    0  (Gen:  0)
   521656      3880   4626760  0.000  0.000   15.018    2.663    0    0  (Gen:  0)
   521584      6176   4629072  0.000  0.000   15.018    2.663    0    0  (Gen:  0)
   521392      4040   4629064  0.000  0.000   15.019    2.663    0    0  (Gen:  0)
   521560      4280   4629392  0.000  0.000   15.020    2.663    0    0  (Gen:  0)
   521720      3968   4629112  0.000  0.000   15.020    2.663    0    0  (Gen:  0)
   521736      4120   4629352  0.000  0.000   15.021    2.663    0    0  (Gen:  0)
   521456      6608   4631872  0.000  0.000   15.021    2.663    0    0  (Gen:  0)
   521832      6712   4632040  0.000  0.000   15.022    2.663    0    0  (Gen:  0)
   521224      3920   4631744  0.000  0.000   15.022    2.664    0    0  (Gen:  0)
   521432      4168   4632008  0.000  0.000   15.023    2.664    0    0  (Gen:  0)
   521248      4160   4632048  0.000  0.000   15.024    2.664    0    0  (Gen:  0)
   521776      4480   4632384  0.000  0.000   15.025    2.664    0    0  (Gen:  0)
   521576      4064   4632240  0.000  0.000   15.027    2.664    0    0  (Gen:  0)
   521872      4056   4632392  0.000  0.000   15.027    2.664    0    0  (Gen:  0)
   521440      4488   4632856  0.000  0.000   15.028    2.665    0    0  (Gen:  0)
   521600      4512   4633136  0.000  0.000   15.029    2.665    0    0  (Gen:  0)
   521608      4280   4633144  0.000  0.000   15.029    2.665    0    0  (Gen:  0)
   521504      7352   4636616  0.000  0.000   15.030    2.665    0    0  (Gen:  0)
   521720      5608   4636392  0.000  0.000   15.030    2.665    0    0  (Gen:  0)
   521704      4208   4636648  0.000  0.000   15.031    2.665    0    0  (Gen:  0)
   521392      4104   4636576  0.000  0.000   15.031    2.665    0    0  (Gen:  0)
   521672      3960   4636520  0.000  0.000   15.032    2.665    0    0  (Gen:  0)
   521664      4368   4636960  0.000  0.000   15.033    2.666    0    0  (Gen:  0)
   521872      4344   4636984  0.000  0.000   15.033    2.666    0    0  (Gen:  0)
   521584      4008   4636736  0.000  0.000   15.034    2.666    0    0  (Gen:  0)
   521880      4240   4636984  0.000  0.000   15.034    2.666    0    0  (Gen:  0)
   521712      4152   4636944  0.000  0.000   15.035    2.666    0    0  (Gen:  0)
   521664      6184   4638992  0.000  0.000   15.035    2.666    0    0  (Gen:  0)
   521672      5984   4638856  0.000  0.000   15.036    2.666    0    0  (Gen:  0)
   521424      4232   4639024  0.000  0.000   15.037    2.666    0    0  (Gen:  0)
   521568      4176   4639000  0.000  0.000   15.037    2.666    0    0  (Gen:  0)
   521544      4288   4639144  0.000  0.000   15.038    2.667    0    0  (Gen:  0)
   521544      4216   4639088  0.000  0.000   15.038    2.667    0    0  (Gen:  0)
   521640      4144   4639032  0.000  0.000   15.039    2.667    0    0  (Gen:  0)
   521632      4136   4639088  0.000  0.000   15.039    2.667    0    0  (Gen:  0)
   521800      3920   4638960  0.000  0.000   15.040    2.667    0    0  (Gen:  0)
   521800      4000   4639056  0.000  0.000   15.041    2.667    0    0  (Gen:  0)
   521776      4048   4639152  0.000  0.000   15.041    2.667    0    0  (Gen:  0)
   521568      6752   4641872  0.000  0.000   15.042    2.667    0    0  (Gen:  0)
   521520      6480   4641664  0.000  0.000   15.042    2.668    0    0  (Gen:  0)
   521552      4168   4641936  0.000  0.000   15.043    2.668    0    0  (Gen:  0)
   521440      4208   4642008  0.000  0.000   15.043    2.668    0    0  (Gen:  0)
   521592      4040   4641872  0.000  0.000   15.044    2.668    0    0  (Gen:  0)
   521544      3968   4641816  0.000  0.000   15.045    2.668    0    0  (Gen:  0)
   521680      4448   4642312  0.000  0.000   15.045    2.668    0    0  (Gen:  0)
   521736      4192   4642344  0.000  0.000   15.046    2.668    0    0  (Gen:  0)
   521336      4416   4642656  0.000  0.000   15.046    2.668    0    0  (Gen:  0)
   521728      4176   4642672  0.000  0.000   15.047    2.669    0    0  (Gen:  0)
   521640      4376   4642960  0.000  0.000   15.047    2.669    0    0  (Gen:  0)
   521496      7944   4646944  0.000  0.000   15.048    2.669    0    0  (Gen:  0)
   521824      5888   4646712  0.000  0.000   15.049    2.669    0    0  (Gen:  0)
   521704      3936   4646680  0.000  0.000   15.049    2.669    0    0  (Gen:  0)
   521416      4144   4646904  0.000  0.000   15.050    2.669    0    0  (Gen:  0)
   521232      4048   4646856  0.000  0.000   15.050    2.669    0    0  (Gen:  0)
   521744      5912   4648736  0.000  0.000   15.051    2.669    0    0  (Gen:  0)
   521880      4248   4648752  0.000  0.000   15.052    2.669    0    0  (Gen:  0)
   521728      4080   4648744  0.000  0.000   15.052    2.670    0    0  (Gen:  0)
   521832      4192   4648888  0.000  0.000   15.053    2.670    0    0  (Gen:  0)
   521208      4208   4648936  0.000  0.000   15.053    2.670    0    0  (Gen:  0)
   521368      3952   4648696  0.000  0.000   15.054    2.670    0    0  (Gen:  0)
   521816      6520   4651280  0.000  0.000   15.054    2.670    0    0  (Gen:  0)
   521512      6280   4651120  0.000  0.000   15.055    2.670    0    0  (Gen:  0)
   521496      5752   4652896  0.000  0.000   15.056    2.670    0    0  (Gen:  0)
   521720      4088   4652840  0.000  0.000   15.056    2.670    0    0  (Gen:  0)
   521720      4176   4653016  0.000  0.000   15.057    2.671    0    0  (Gen:  0)
   521624      4352   4653224  0.000  0.000   15.057    2.671    0    0  (Gen:  0)
   521824      4144   4653064  0.000  0.000   15.058    2.671    0    0  (Gen:  0)
   521576      4016   4653024  0.000  0.000   15.058    2.671    0    0  (Gen:  0)
   521912      4296   4653320  0.000  0.000   15.059    2.671    0    0  (Gen:  0)
   521712      4176   4653248  0.000  0.000   15.060    2.671    0    0  (Gen:  0)
   521592      5280   4654368  0.000  0.000   15.060    2.671    0    0  (Gen:  0)
   521624      6024   4655176  0.000  0.000   15.061    2.671    0    0  (Gen:  0)
   521752      4920   4655216  0.000  0.000   15.061    2.672    0    0  (Gen:  0)
   521592      4136   4655344  0.000  0.000   15.062    2.672    0    0  (Gen:  0)
   521592      3976   4655216  0.000  0.000   15.062    2.672    0    0  (Gen:  0)
   521520      4136   4655464  0.000  0.000   15.063    2.672    0    0  (Gen:  0)
   521792      5952   4657312  0.000  0.000   15.064    2.672    0    0  (Gen:  0)
   521208      4160   4657336  0.000  0.000   15.064    2.672    0    0  (Gen:  0)
   521520      3992   4657256  0.000  0.000   15.065    2.672    0    0  (Gen:  0)
   521560      4240   4657520  0.000  0.000   15.065    2.672    0    0  (Gen:  0)
   521872      4136   4657464  0.000  0.000   15.066    2.673    0    0  (Gen:  0)
   521696      6568   4659912  0.000  0.000   15.067    2.673    0    0  (Gen:  0)
   521496      6296   4659704  0.000  0.000   15.067    2.673    0    0  (Gen:  0)
   521632      4064   4659888  0.000  0.000   15.068    2.673    0    0  (Gen:  0)
   521528      4120   4659976  0.000  0.000   15.068    2.673    0    0  (Gen:  0)
   521600      4096   4659984  0.000  0.000   15.069    2.673    0    0  (Gen:  0)
   521544      4024   4659928  0.000  0.000   15.069    2.673    0    0  (Gen:  0)
   521664      4520   4660440  0.000  0.000   15.070    2.673    0    0  (Gen:  0)
   521712      4136   4660344  0.000  0.000   15.071    2.673    0    0  (Gen:  0)
   521328      4448   4660744  0.000  0.000   15.071    2.674    0    0  (Gen:  0)
   521696      4088   4660640  0.000  0.000   15.072    2.674    0    0  (Gen:  0)
   521680      4384   4661024  0.000  0.000   15.072    2.674    0    0  (Gen:  0)
   521400      7648   4664704  0.000  0.000   15.073    2.674    0    0  (Gen:  0)
   521816      6456   4665016  0.000  0.000   15.074    2.674    0    0  (Gen:  0)
   521704      4008   4664752  0.000  0.000   15.074    2.674    0    0  (Gen:  0)
   521608      4096   4664856  0.000  0.000   15.075    2.674    0    0  (Gen:  0)
   521368      4096   4664904  0.000  0.000   15.075    2.674    0    0  (Gen:  0)
   521624      6248   4667072  0.000  0.000   15.076    2.675    0    0  (Gen:  0)
   521664      4144   4666944  0.000  0.000   15.076    2.675    0    0  (Gen:  0)
   521424      4128   4667088  0.000  0.000   15.077    2.675    0    0  (Gen:  0)
   521752      4184   4667176  0.000  0.000   15.078    2.675    0    0  (Gen:  0)
   521872      4232   4667256  0.000  0.000   15.078    2.675    0    0  (Gen:  0)
   521600      3976   4667016  0.000  0.000   15.079    2.675    0    0  (Gen:  0)
   521512      6648   4669704  0.000  0.000   15.079    2.675    0    0  (Gen:  0)
   521480      6472   4669608  0.000  0.000   15.080    2.675    0    0  (Gen:  0)
   521784      4248   4669720  0.000  0.000   15.080    2.676    0    0  (Gen:  0)
   521368      4160   4669664  0.000  0.000   15.081    2.676    0    0  (Gen:  0)
   521552      4264   4669856  0.000  0.000   15.082    2.676    0    0  (Gen:  0)
   521568      6288   4671912  0.000  0.000   15.082    2.676    0    0  (Gen:  0)
   521680      4064   4671800  0.000  0.000   15.083    2.676    0    0  (Gen:  0)
   521408      3880   4671776  0.000  0.000   15.083    2.676    0    0  (Gen:  0)
   521544      4152   4672080  0.000  0.000   15.084    2.676    0    0  (Gen:  0)
   521736      4048   4672008  0.000  0.000   15.084    2.676    0    0  (Gen:  0)
   521704      3992   4671968  0.000  0.000   15.085    2.676    0    0  (Gen:  0)
   521528      6656   4674648  0.000  0.000   15.086    2.677    0    0  (Gen:  0)
   521736      6544   4674616  0.000  0.000   15.086    2.677    0    0  (Gen:  0)
   521248      4280   4674848  0.000  0.000   15.087    2.677    0    0  (Gen:  0)
   521232      3800   4674400  0.000  0.000   15.087    2.677    0    0  (Gen:  0)
   521472      4008   4674696  0.000  0.000   15.088    2.677    0    0  (Gen:  0)
   521688      4504   4675224  0.000  0.000   15.088    2.677    0    0  (Gen:  0)
   521792      4104   4675096  0.000  0.000   15.089    2.677    0    0  (Gen:  0)
   521736      3992   4675072  0.000  0.000   15.090    2.677    0    0  (Gen:  0)
   521480      4488   4675584  0.000  0.000   15.090    2.678    0    0  (Gen:  0)
   521520      4344   4675712  0.000  0.000   15.091    2.678    0    0  (Gen:  0)
   521504      7432   4679040  0.000  0.000   15.091    2.678    0    0  (Gen:  0)
   521608      5664   4679096  0.000  0.000   15.092    2.678    0    0  (Gen:  0)
   521840      3920   4679080  0.000  0.000   15.092    2.678    0    0  (Gen:  0)
   521440      4152   4679344  0.000  0.000   15.093    2.678    0    0  (Gen:  0)
   521592      4104   4679328  0.000  0.000   15.094    2.678    0    0  (Gen:  0)
   521544      4032   4679272  0.000  0.000   15.094    2.678    0    0  (Gen:  0)
   521872      4160   4679416  0.000  0.000   15.095    2.679    0    0  (Gen:  0)
   521704      4184   4679504  0.000  0.000   15.095    2.679    0    0  (Gen:  0)
   521848      4192   4679600  0.000  0.000   15.096    2.679    0    0  (Gen:  0)
   521696      4104   4679544  0.000  0.000   15.096    2.679    0    0  (Gen:  0)
   521728      4136   4679664  0.000  0.000   15.097    2.679    0    0  (Gen:  0)
   521712      5984   4681544  0.000  0.000   15.098    2.679    0    0  (Gen:  0)
   521632      6024   4681648  0.000  0.000   15.098    2.679    0    0  (Gen:  0)
   521336      4048   4681520  0.000  0.000   15.099    2.679    0    0  (Gen:  0)
   521552      4152   4681640  0.000  0.000   15.099    2.680    0    0  (Gen:  0)
   521616      3928   4681464  0.000  0.000   15.100    2.680    0    0  (Gen:  0)
   521632      4336   4681888  0.000  0.000   15.100    2.680    0    0  (Gen:  0)
   521592      4232   4681832  0.000  0.000   15.101    2.680    0    0  (Gen:  0)
   521568      4248   4682008  0.000  0.000   15.102    2.680    0    0  (Gen:  0)
   521912      4304   4682096  0.000  0.000   15.102    2.680    0    0  (Gen:  0)
   521720      4344   4682168  0.000  0.000   15.103    2.680    0    0  (Gen:  0)
   521800      3840   4681680  0.000  0.000   15.103    2.680    0    0  (Gen:  0)
   521360      6712   4684568  0.000  0.000   15.104    2.680    0    0  (Gen:  0)
   521560      6560   4684496  0.000  0.000   15.104    2.681    0    0  (Gen:  0)
   521616      3976   4684424  0.000  0.000   15.105    2.681    0    0  (Gen:  0)
   521560      4024   4684488  0.000  0.000   15.106    2.681    0    0  (Gen:  0)
   521392      3968   4684480  0.000  0.000   15.106    2.681    0    0  (Gen:  0)
   521752      4408   4684936  0.000  0.000   15.107    2.681    0    0  (Gen:  0)
   521584      4120   4684920  0.000  0.000   15.107    2.681    0    0  (Gen:  0)
   521552      4048   4685008  0.000  0.000   15.108    2.681    0    0  (Gen:  0)
   521568      4072   4685064  0.000  0.000   15.108    2.681    0    0  (Gen:  0)
   521680      4344   4685592  0.000  0.000   15.109    2.682    0    0  (Gen:  0)
   521536      4608   4686096  0.000  0.000   15.110    2.682    0    0  (Gen:  0)
   521624      7600   4689648  0.000  0.000   15.110    2.682    0    0  (Gen:  0)
   521856      6040   4689608  0.000  0.000   15.111    2.682    0    0  (Gen:  0)
   521576      4264   4689752  0.000  0.000   15.111    2.682    0    0  (Gen:  0)
   521320      4024   4689544  0.000  0.000   15.112    2.682    0    0  (Gen:  0)
   521408      4192   4689800  0.000  0.000   15.112    2.682    0    0  (Gen:  0)
   521840      5720   4691360  0.000  0.000   15.113    2.682    0    0  (Gen:  0)
   521872      4152   4691472  0.000  0.000   15.114    2.683    0    0  (Gen:  0)
   521624      3936   4691344  0.000  0.000   15.114    2.683    0    0  (Gen:  0)
   521728      4168   4691592  0.000  0.000   15.115    2.683    0    0  (Gen:  0)
   521288      4048   4691520  0.000  0.000   15.115    2.683    0    0  (Gen:  0)
   521496      6616   4694104  0.000  0.000   15.116    2.683    0    0  (Gen:  0)
   521720      6352   4693904  0.000  0.000   15.117    2.683    0    0  (Gen:  0)
   521376      4480   4694424  0.000  0.000   15.117    2.683    0    0  (Gen:  0)
   521704      5696   4696056  0.000  0.000   15.118    2.683    0    0  (Gen:  0)
   521736      3984   4695792  0.000  0.000   15.118    2.684    0    0  (Gen:  0)
   521776      4008   4695832  0.000  0.000   15.119    2.684    0    0  (Gen:  0)
   521536      4344   4696184  0.000  0.000   15.119    2.684    0    0  (Gen:  0)
   521696      4264   4696168  0.000  0.000   15.120    2.684    0    0  (Gen:  0)
   521856      4176   4696168  0.000  0.000   15.120    2.684    0    0  (Gen:  0)
   521720      4088   4696112  0.000  0.000   15.121    2.684    0    0  (Gen:  0)
   521720      4176   4696288  0.000  0.000   15.122    2.684    0    0  (Gen:  0)
   521496      6352   4698496  0.000  0.000   15.122    2.684    0    0  (Gen:  0)
   521808      6200   4698408  0.000  0.000   15.123    2.684    0    0  (Gen:  0)
   521696      4088   4698352  0.000  0.000   15.123    2.685    0    0  (Gen:  0)
   521504      4320   4698600  0.000  0.000   15.124    2.685    0    0  (Gen:  0)
   521488      3840   4698168  0.000  0.000   15.124    2.685    0    0  (Gen:  0)
   521736      3824   4698168  0.000  0.000   15.125    2.685    0    0  (Gen:  0)
   521552      5984   4700344  0.000  0.000   15.126    2.685    0    0  (Gen:  0)
   521248      4192   4700384  0.000  0.000   15.126    2.685    0    0  (Gen:  0)
   521576      4120   4700400  0.000  0.000   15.127    2.685    0    0  (Gen:  0)
   521792      3960   4700272  0.000  0.000   15.127    2.685    0    0  (Gen:  0)
   521752      4040   4700440  0.000  0.000   15.128    2.686    0    0  (Gen:  0)
   521496      6424   4702856  0.000  0.000   15.128    2.686    0    0  (Gen:  0)
   521728      6448   4702944  0.000  0.000   15.129    2.686    0    0  (Gen:  0)
   521496      3992   4702832  0.000  0.000   15.130    2.686    0    0  (Gen:  0)
   521664      4096   4702952  0.000  0.000   15.130    2.686    0    0  (Gen:  0)
   521384      3936   4702840  0.000  0.000   15.131    2.686    0    0  (Gen:  0)
   521752      4344   4703264  0.000  0.000   15.131    2.686    0    0  (Gen:  0)
   521560      4048   4703240  0.000  0.000   15.132    2.686    0    0  (Gen:  0)
   521600      4080   4703432  0.000  0.000   15.132    2.687    0    0  (Gen:  0)
   521576      4400   4703784  0.000  0.000   15.133    2.687    0    0  (Gen:  0)
   521616      4376   4704016  0.000  0.000   15.134    2.687    0    0  (Gen:  0)
   521544      4608   4704488  0.000  0.000   15.134    2.687    0    0  (Gen:  0)
   521512      7208   4707648  0.000  0.000   15.135    2.687    0    0  (Gen:  0)
   521840      6088   4707728  0.000  0.000   15.135    2.687    0    0  (Gen:  0)
   521592      4224   4708048  0.000  0.000   15.136    2.687    0    0  (Gen:  0)
   521664      4176   4708032  0.000  0.000   15.136    2.687    0    0  (Gen:  0)
   521432      3992   4707936  0.000  0.000   15.137    2.687    0    0  (Gen:  0)
   521576      6096   4710072  0.000  0.000   15.138    2.688    0    0  (Gen:  0)
   521576      4120   4710072  0.000  0.000   15.138    2.688    0    0  (Gen:  0)
   521648      4032   4710072  0.000  0.000   15.139    2.688    0    0  (Gen:  0)
   521704      4240   4710296  0.000  0.000   15.139    2.688    0    0  (Gen:  0)
   521800      4152   4710256  0.000  0.000   15.140    2.688    0    0  (Gen:  0)
   521536      6528   4712648  0.001  0.000   15.141    2.688    0    0  (Gen:  0)
   521664      6456   4712640  0.001  0.000   15.142    2.688    0    0  (Gen:  0)
   521408      4040   4712632  0.001  0.000   15.143    2.689    0    0  (Gen:  0)
   521632      4192   4712816  0.001  0.000   15.144    2.689    0    0  (Gen:  0)
   521528      4144   4712800  0.000  0.000   15.144    2.689    0    0  (Gen:  0)
   521648      4000   4712672  0.000  0.000   15.145    2.689    0    0  (Gen:  0)
   521504      6256   4714944  0.000  0.000   15.145    2.689    0    0  (Gen:  0)
   521504      4264   4715080  0.000  0.000   15.146    2.689    0    0  (Gen:  0)
   521544      4376   4715280  0.000  0.000   15.147    2.689    0    0  (Gen:  0)
   521584      4272   4715208  0.000  0.000   15.147    2.690    0    0  (Gen:  0)
   521752      3944   4714968  0.000  0.000   15.148    2.690    0    0  (Gen:  0)
   521576      6576   4717632  0.000  0.000   15.148    2.690    0    0  (Gen:  0)
   521576      6504   4717624  0.000  0.000   15.149    2.690    0    0  (Gen:  0)
   521568      4136   4717824  0.000  0.000   15.150    2.690    0    0  (Gen:  0)
   521424      4112   4717832  0.000  0.000   15.150    2.690    0    0  (Gen:  0)
   521200      4064   4717816  0.000  0.000   15.151    2.690    0    0  (Gen:  0)
   521544      3992   4717760  0.000  0.000   15.151    2.690    0    0  (Gen:  0)
   521704      4520   4718304  0.000  0.000   15.152    2.690    0    0  (Gen:  0)
   521800      4248   4718320  0.000  0.000   15.152    2.691    0    0  (Gen:  0)
   521640      4296   4718456  0.000  0.000   15.153    2.691    0    0  (Gen:  0)
   521528      4056   4718472  0.000  0.000   15.153    2.691    0    0  (Gen:  0)
   521520      4448   4718952  0.000  0.000   15.154    2.691    0    0  (Gen:  0)
   521456      7464   4722384  0.000  0.000   15.155    2.691    0    0  (Gen:  0)
   521760      5888   4722472  0.000  0.000   15.155    2.691    0    0  (Gen:  0)
   521696      3944   4722184  0.000  0.000   15.156    2.691    0    0  (Gen:  0)
   521480      4296   4722552  0.000  0.000   15.156    2.691    0    0  (Gen:  0)
   521544      4192   4722496  0.000  0.000   15.157    2.692    0    0  (Gen:  0)
   521600      4152   4722472  0.000  0.000   15.157    2.692    0    0  (Gen:  0)
   521904      4120   4722488  0.000  0.000   15.158    2.692    0    0  (Gen:  0)
   521608      4152   4722680  0.000  0.000   15.159    2.692    0    0  (Gen:  0)
   521936      3976   4722536  0.000  0.000   15.159    2.692    0    0  (Gen:  0)
   521744      4136   4722728  0.000  0.000   15.160    2.692    0    0  (Gen:  0)
   521640      3976   4722584  0.000  0.000   15.160    2.692    0    0  (Gen:  0)
   521760      6000   4724624  0.000  0.000   15.161    2.692    0    0  (Gen:  0)
   521392      5808   4724512  0.000  0.000   15.161    2.693    0    0  (Gen:  0)
   521616      4216   4724768  0.000  0.000   15.162    2.693    0    0  (Gen:  0)
   521504      3992   4724576  0.000  0.000   15.163    2.693    0    0  (Gen:  0)
   521496      3976   4724648  0.000  0.000   15.163    2.693    0    0  (Gen:  0)
   521520      4200   4724904  0.000  0.000   15.164    2.693    0    0  (Gen:  0)
   521872      4264   4725016  0.000  0.000   15.164    2.693    0    0  (Gen:  0)
   521576      4048   4724888  0.000  0.000   15.165    2.693    0    0  (Gen:  0)
   521832      4176   4725032  0.000  0.000   15.165    2.693    0    0  (Gen:  0)
   521776      4176   4725080  0.000  0.000   15.166    2.694    0    0  (Gen:  0)
   521672      6880   4727800  0.000  0.000   15.167    2.694    0    0  (Gen:  0)
   521440      6784   4727768  0.000  0.000   15.167    2.694    0    0  (Gen:  0)
   521488      3928   4727496  0.000  0.000   15.168    2.694    0    0  (Gen:  0)
   521576      4136   4727736  0.000  0.000   15.168    2.694    0    0  (Gen:  0)
   521680      3992   4727624  0.000  0.000   15.169    2.694    0    0  (Gen:  0)
   521408      3880   4727600  0.000  0.000   15.169    2.694    0    0  (Gen:  0)
   521688      4424   4728176  0.000  0.000   15.170    2.694    0    0  (Gen:  0)
   521752      4192   4728216  0.000  0.000   15.170    2.694    0    0  (Gen:  0)
   521280      3864   4727976  0.000  0.000   15.171    2.695    0    0  (Gen:  0)
   521768      4312   4728440  0.000  0.000   15.172    2.695    0    0  (Gen:  0)
   521728      4320   4728720  0.000  0.000   15.172    2.695    0    0  (Gen:  0)
   521416      7992   4732632  0.000  0.000   15.173    2.695    0    0  (Gen:  0)
   521760      5912   4732536  0.000  0.000   15.173    2.695    0    0  (Gen:  0)
   521832      4192   4732808  0.000  0.000   15.174    2.695    0    0  (Gen:  0)
   521488      4208   4732856  0.000  0.000   15.175    2.695    0    0  (Gen:  0)
   521224      4152   4732832  0.000  0.000   15.175    2.695    0    0  (Gen:  0)
   521472      4032   4732728  0.000  0.000   15.176    2.696    0    0  (Gen:  0)
   521912      5888   4734600  0.000  0.000   15.176    2.696    0    0  (Gen:  0)
   521792      4248   4734656  0.000  0.000   15.177    2.696    0    0  (Gen:  0)
   521840      4264   4734760  0.000  0.000   15.177    2.696    0    0  (Gen:  0)
   521320      4192   4734720  0.000  0.000   15.178    2.696    0    0  (Gen:  0)
   521424      4248   4734864  0.000  0.000   15.178    2.696    0    0  (Gen:  0)
   521616      6488   4737136  0.000  0.000   15.179    2.696    0    0  (Gen:  0)
   521600      6464   4737176  0.000  0.000   15.180    2.696    0    0  (Gen:  0)
   521440      4304   4737320  0.000  0.000   15.180    2.697    0    0  (Gen:  0)
   521792      5424   4738840  0.000  0.000   15.181    2.697    0    0  (Gen:  0)
   521696      4136   4738856  0.000  0.000   15.181    2.697    0    0  (Gen:  0)
   521736      4352   4739088  0.000  0.000   15.182    2.697    0    0  (Gen:  0)
   521656      4168   4738952  0.000  0.000   15.183    2.697    0    0  (Gen:  0)
   521568      4208   4739152  0.000  0.000   15.183    2.697    0    0  (Gen:  0)
   521920      4280   4739256  0.000  0.000   15.184    2.697    0    0  (Gen:  0)
   521736      3984   4738992  0.000  0.000   15.184    2.697    0    0  (Gen:  0)
   521736      3904   4738928  0.000  0.000   15.185    2.697    0    0  (Gen:  0)
   521424      6296   4741336  0.000  0.000   15.185    2.698    0    0  (Gen:  0)
   521752      6232   4741352  0.000  0.000   15.186    2.698    0    0  (Gen:  0)
   521776      4144   4741320  0.000  0.000   15.186    2.698    0    0  (Gen:  0)
   521496      4104   4741312  0.000  0.000   15.187    2.698    0    0  (Gen:  0)
   521488      4168   4741464  0.000  0.000   15.188    2.698    0    0  (Gen:  0)
   521848      6080   4743408  0.000  0.000   15.188    2.698    0    0  (Gen:  0)
   521256      4344   4743488  0.000  0.000   15.189    2.698    0    0  (Gen:  0)
   521488      4056   4743288  0.000  0.000   15.189    2.698    0    0  (Gen:  0)
   521512      4072   4743320  0.000  0.000   15.190    2.699    0    0  (Gen:  0)
   521744      3976   4743272  0.000  0.000   15.190    2.699    0    0  (Gen:  0)
   521768      4008   4743320  0.000  0.000   15.191    2.699    0    0  (Gen:  0)
   521576      6440   4745768  0.000  0.000   15.192    2.699    0    0  (Gen:  0)
   521496      6144   4745552  0.000  0.000   15.192    2.699    0    0  (Gen:  0)
   521584      4192   4745944  0.000  0.000   15.193    2.699    0    0  (Gen:  0)
   521656      4064   4745848  0.000  0.000   15.193    2.699    0    0  (Gen:  0)
   521528      3936   4745808  0.000  0.000   15.194    2.699    0    0  (Gen:  0)
   521648      4464   4746368  0.000  0.000   15.194    2.700    0    0  (Gen:  0)
   521776      4264   4746440  0.000  0.000   15.195    2.700    0    0  (Gen:  0)
   521232      3728   4745992  0.000  0.000   15.195    2.700    0    0  (Gen:  0)
   521784      4448   4746728  0.000  0.000   15.196    2.700    0    0  (Gen:  0)
   521736      4304   4746856  0.000  0.000   15.197    2.700    0    0  (Gen:  0)
   521328      7968   4750760  0.000  0.000   15.197    2.700    0    0  (Gen:  0)
   521744      6200   4750656  0.000  0.000   15.198    2.700    0    0  (Gen:  0)
   521752      4136   4750848  0.000  0.000   15.198    2.700    0    0  (Gen:  0)
   521512      4136   4750880  0.000  0.000   15.199    2.701    0    0  (Gen:  0)
   521584      4104   4750880  0.000  0.000   15.200    2.701    0    0  (Gen:  0)
   521472      4048   4750840  0.000  0.000   15.200    2.701    0    0  (Gen:  0)
   521672      6112   4752920  0.000  0.000   15.201    2.701    0    0  (Gen:  0)
   521488      4248   4753048  0.000  0.000   15.201    2.701    0    0  (Gen:  0)
   521680      4120   4753008  0.000  0.000   15.202    2.701    0    0  (Gen:  0)
   521864      4064   4752984  0.000  0.000   15.202    2.701    0    0  (Gen:  0)
   521720      4152   4753160  0.000  0.000   15.203    2.701    0    0  (Gen:  0)
   521456      6632   4755672  0.000  0.000   15.204    2.701    0    0  (Gen:  0)
   521552      6408   4755512  0.000  0.000   15.204    2.702    0    0  (Gen:  0)
   521680      4048   4755488  0.000  0.000   15.205    2.702    0    0  (Gen:  0)
   521416      4248   4755704  0.000  0.000   15.205    2.702    0    0  (Gen:  0)
   521568      3992   4755496  0.000  0.000   15.206    2.702    0    0  (Gen:  0)
   521544      6432   4757952  0.000  0.000   15.206    2.702    0    0  (Gen:  0)
   521544      4264   4757896  0.000  0.000   15.207    2.702    0    0  (Gen:  0)
   521544      4152   4757944  0.000  0.000   15.208    2.702    0    0  (Gen:  0)
   521472      4184   4758008  0.000  0.000   15.208    2.702    0    0  (Gen:  0)
   521848      4232   4758088  0.000  0.000   15.209    2.703    0    0  (Gen:  0)
   521672      4136   4758008  0.000  0.000   15.209    2.703    0    0  (Gen:  0)
   521456      6920   4760808  0.000  0.000   15.210    2.703    0    0  (Gen:  0)
   521768      6280   4760248  0.000  0.000   15.210    2.703    0    0  (Gen:  0)
   521288      3912   4760376  0.000  0.000   15.211    2.703    0    0  (Gen:  0)
   521376      4096   4760576  0.000  0.000   15.212    2.703    0    0  (Gen:  0)
   521272      3832   4760360  0.000  0.000   15.212    2.703    0    0  (Gen:  0)
   521680      4448   4760992  0.000  0.000   15.213    2.703    0    0  (Gen:  0)
   521728      4192   4761008  0.000  0.000   15.213    2.704    0    0  (Gen:  0)
   521808      4024   4761000  0.000  0.000   15.214    2.704    0    0  (Gen:  0)
   521448      4216   4761224  0.000  0.000   15.214    2.704    0    0  (Gen:  0)
   521560      4400   4761664  0.000  0.000   15.215    2.704    0    0  (Gen:  0)
   521688      4712   4762216  0.000  0.000   15.216    2.704    0    0  (Gen:  0)
   521456      7000   4765224  0.000  0.000   15.216    2.704    0    0  (Gen:  0)
   521792      5592   4765016  0.000  0.000   15.217    2.704    0    0  (Gen:  0)
   521600      4208   4765288  0.000  0.000   15.217    2.704    0    0  (Gen:  0)
   521496      4064   4765176  0.000  0.000   15.218    2.705    0    0  (Gen:  0)
   521592      4080   4765280  0.000  0.000   15.218    2.705    0    0  (Gen:  0)
   521808      4312   4765544  0.000  0.000   15.219    2.705    0    0  (Gen:  0)
   521640      4072   4765352  0.000  0.000   15.220    2.705    0    0  (Gen:  0)
   521744      4032   4765400  0.000  0.000   15.220    2.705    0    0  (Gen:  0)
   521848      4224   4765608  0.000  0.000   15.221    2.705    0    0  (Gen:  0)
   521768      4120   4765552  0.000  0.000   15.221    2.705    0    0  (Gen:  0)
   521584      6112   4767560  0.000  0.000   15.222    2.705    0    0  (Gen:  0)
   521712      5928   4767440  0.000  0.000   15.222    2.705    0    0  (Gen:  0)
   521432      3888   4767320  0.000  0.000   15.223    2.706    0    0  (Gen:  0)
   521536      4136   4767600  0.000  0.000   15.224    2.706    0    0  (Gen:  0)
   521584      4160   4767656  0.000  0.000   15.224    2.706    0    0  (Gen:  0)
   521544      4088   4767600  0.000  0.000   15.225    2.706    0    0  (Gen:  0)
   521520      4384   4767912  0.000  0.000   15.225    2.706    0    0  (Gen:  0)
   521728      4232   4767824  0.000  0.000   15.226    2.706    0    0  (Gen:  0)
   521872      4168   4767848  0.000  0.000   15.226    2.706    0    0  (Gen:  0)
   521728      4024   4767736  0.000  0.000   15.227    2.706    0    0  (Gen:  0)
   521720      4168   4767968  0.000  0.000   15.227    2.707    0    0  (Gen:  0)
   521552      6544   4770376  0.001  0.000   15.229    2.707    0    0  (Gen:  0)
   521576      6688   4770584  0.000  0.000   15.230    2.707    0    0  (Gen:  0)
   521528      4048   4770456  0.000  0.000   15.231    2.707    0    0  (Gen:  0)
   521520      4104   4770528  0.000  0.000   15.232    2.707    0    0  (Gen:  0)
   521504      4192   4770664  0.000  0.000   15.233    2.707    0    0  (Gen:  0)
   521584      4960   4771448  0.000  0.000   15.233    2.708    0    0  (Gen:  0)
   521656      4040   4770800  0.000  0.000   15.234    2.708    0    0  (Gen:  0)
   521712      3984   4770904  0.000  0.000   15.235    2.708    0    0  (Gen:  0)
   521368      4288   4771240  0.000  0.000   15.236    2.708    0    0  (Gen:  0)
   521744      3904   4771112  0.000  0.000   15.237    2.708    0    0  (Gen:  0)
   521576      4464   4771760  0.000  0.000   15.238    2.708    0    0  (Gen:  0)
   521216      8304   4776008  0.000  0.000   15.239    2.708    0    0  (Gen:  0)
   521736      6376   4775936  0.000  0.000   15.240    2.709    0    0  (Gen:  0)
   521496      4032   4775880  0.000  0.000   15.240    2.709    0    0  (Gen:  0)
   521568      4168   4776032  0.000  0.000   15.241    2.709    0    0  (Gen:  0)
   521800      3760   4775672  0.000  0.000   15.242    2.709    0    0  (Gen:  0)
   521624      5944   4777872  0.000  0.000   15.243    2.709    0    0  (Gen:  0)
   521520      4056   4777664  0.000  0.000   15.244    2.709    0    0  (Gen:  0)
   521568      4096   4777864  0.000  0.000   15.245    2.709    0    0  (Gen:  0)
   521736      4224   4778024  0.000  0.000   15.246    2.710    0    0  (Gen:  0)
   521784      3928   4777760  0.000  0.000   15.246    2.710    0    0  (Gen:  0)
   521640      4040   4777888  0.000  0.000   15.247    2.710    0    0  (Gen:  0)
   521480      6632   4780496  0.000  0.000   15.248    2.710    0    0  (Gen:  0)
   521496      6408   4780352  0.000  0.000   15.249    2.710    0    0  (Gen:  0)
   521432      5768   4782016  0.000  0.000   15.250    2.710    0    0  (Gen:  0)
   521608      4064   4781920  0.000  0.000   15.251    2.710    0    0  (Gen:  0)
   521528      3936   4781880  0.000  0.000   15.252    2.711    0    0  (Gen:  0)
   521584      4224   4782200  0.000  0.000   15.253    2.711    0    0  (Gen:  0)
   521528      4160   4782184  0.000  0.000   15.253    2.711    0    0  (Gen:  0)
   521696      3944   4782056  0.000  0.000   15.254    2.711    0    0  (Gen:  0)
   521688      4168   4782296  0.000  0.000   15.255    2.711    0    0  (Gen:  0)
   521800      4136   4782312  0.000  0.000   15.256    2.711    0    0  (Gen:  0)
   521536      6392   4784584  0.000  0.000   15.257    2.712    0    0  (Gen:  0)
   521376      6184   4784440  0.000  0.000   15.258    2.712    0    0  (Gen:  0)
   521352      3992   4784376  0.000  0.000   15.259    2.712    0    0  (Gen:  0)
   521704      4152   4784568  0.000  0.000   15.260    2.712    0    0  (Gen:  0)
   521520      4216   4784664  0.000  0.000   15.260    2.712    0    0  (Gen:  0)
   521536      3976   4784440  0.000  0.000   15.261    2.712    0    0  (Gen:  0)
   521648      5984   4786464  0.000  0.000   15.262    2.712    0    0  (Gen:  0)
   521536      4224   4786536  0.000  0.000   15.263    2.713    0    0  (Gen:  0)
   521736      4352   4786752  0.000  0.000   15.264    2.713    0    0  (Gen:  0)
   521376      4248   4786680  0.000  0.000   15.265    2.713    0    0  (Gen:  0)
   521336      4152   4786672  0.000  0.000   15.266    2.713    0    0  (Gen:  0)
   521416      6456   4789008  0.000  0.000   15.266    2.713    0    0  (Gen:  0)
   521656      6320   4788936  0.000  0.000   15.267    2.713    0    0  (Gen:  0)
   521512      3936   4788968  0.000  0.000   15.268    2.713    0    0  (Gen:  0)
   521784      4040   4789104  0.000  0.000   15.269    2.714    0    0  (Gen:  0)
   521160      4104   4789200  0.000  0.000   15.270    2.714    0    0  (Gen:  0)
   521632      3976   4789088  0.000  0.000   15.271    2.714    0    0  (Gen:  0)
   521544      4408   4789536  0.000  0.000   15.272    2.714    0    0  (Gen:  0)
   521248      3976   4789392  0.000  0.000   15.272    2.714    0    0  (Gen:  0)
   521712      4504   4790008  0.000  0.000   15.273    2.714    0    0  (Gen:  0)
   521720      3968   4789728  0.000  0.000   15.274    2.714    0    0  (Gen:  0)
   521888      4392   4790240  0.000  0.000   15.275    2.715    0    0  (Gen:  0)
   521616      7904   4794168  0.000  0.000   15.276    2.715    0    0  (Gen:  0)
   521432      6200   4793968  0.000  0.000   15.277    2.715    0    0  (Gen:  0)
   521736      3992   4793944  0.000  0.000   15.278    2.715    0    0  (Gen:  0)
   521408      4192   4794160  0.000  0.000   15.279    2.715    0    0  (Gen:  0)
   521544      4064   4794080  0.000  0.000   15.279    2.715    0    0  (Gen:  0)
   521576      6208   4796240  0.000  0.000   15.280    2.716    0    0  (Gen:  0)
   521680      4208   4796216  0.000  0.000   15.281    2.716    0    0  (Gen:  0)
   521600      4176   4796344  0.000  0.000   15.282    2.716    0    0  (Gen:  0)
   521912      4120   4796320  0.000  0.000   15.283    2.716    0    0  (Gen:  0)
   521792      4048   4796280  0.000  0.000   15.284    2.716    0    0  (Gen:  0)
   521648      3864   4796112  0.001  0.000   15.285    2.716    0    0  (Gen:  0)
   521528      6504   4798768  0.001  0.000   15.286    2.717    0    0  (Gen:  0)
   521520      6440   4798784  0.001  0.000   15.288    2.717    0    0  (Gen:  0)
   521592      4208   4798888  0.001  0.000   15.289    2.717    0    0  (Gen:  0)
   521528      4136   4798848  0.001  0.000   15.290    2.717    0    0  (Gen:  0)
   521448      4208   4799008  0.000  0.000   15.291    2.717    0    0  (Gen:  0)
   521320      6384   4801216  0.000  0.000   15.293    2.718    0    0  (Gen:  0)
   521616      4176   4801120  0.000  0.000   15.293    2.718    0    0  (Gen:  0)
   521592      4032   4801064  0.000  0.000   15.294    2.718    0    0  (Gen:  0)
   521768      4224   4801272  0.000  0.000   15.295    2.718    0    0  (Gen:  0)
   521696      4024   4801120  0.000  0.000   15.296    2.718    0    0  (Gen:  0)
   521592      6824   4803936  0.000  0.000   15.297    2.718    0    0  (Gen:  0)
   521384      6560   4803736  0.000  0.000   15.298    2.718    0    0  (Gen:  0)
   521304      4304   4804048  0.000  0.000   15.299    2.719    0    0  (Gen:  0)
   521664      4248   4804024  0.000  0.000   15.299    2.719    0    0  (Gen:  0)
   521520      4232   4804040  0.000  0.000   15.300    2.719    0    0  (Gen:  0)
   521560      4144   4803968  0.000  0.000   15.301    2.719    0    0  (Gen:  0)
   521656      4368   4804208  0.000  0.000   15.302    2.719    0    0  (Gen:  0)
   521632      4136   4804264  0.000  0.000   15.303    2.719    0    0  (Gen:  0)
   521800      3920   4804136  0.000  0.000   15.304    2.719    0    0  (Gen:  0)
   521640      4320   4804552  0.000  0.000   15.305    2.720    0    0  (Gen:  0)
   521480      4264   4804768  0.000  0.000   15.305    2.720    0    0  (Gen:  0)
   521392      7624   4808368  0.000  0.000   15.306    2.720    0    0  (Gen:  0)
   521736      5704   4808272  0.000  0.000   15.307    2.720    0    0  (Gen:  0)
   521560      4032   4808328  0.000  0.000   15.308    2.720    0    0  (Gen:  0)
   521616      4008   4808336  0.000  0.000   15.309    2.720    0    0  (Gen:  0)
   521584      4024   4808384  0.000  0.000   15.310    2.720    0    0  (Gen:  0)
   521584      3992   4808368  0.000  0.000   15.311    2.721    0    0  (Gen:  0)
   521512      4296   4808688  0.000  0.000   15.312    2.721    0    0  (Gen:  0)
   521736      4208   4808664  0.000  0.000   15.312    2.721    0    0  (Gen:  0)
   521912      4112   4808656  0.000  0.000   15.313    2.721    0    0  (Gen:  0)
   521328      4112   4808688  0.000  0.000   15.314    2.721    0    0  (Gen:  0)
   521376      4112   4808776  0.000  0.000   15.315    2.721    0    0  (Gen:  0)
   521432      5976   4810672  0.000  0.000   15.316    2.721    0    0  (Gen:  0)
   521528      5872   4810632  0.000  0.000   15.317    2.722    0    0  (Gen:  0)
   521544      3968   4810576  0.000  0.000   15.318    2.722    0    0  (Gen:  0)
   521688      4224   4810848  0.000  0.000   15.318    2.722    0    0  (Gen:  0)
   521440      4064   4810736  0.000  0.000   15.319    2.722    0    0  (Gen:  0)
   521512      4240   4810928  0.000  0.000   15.320    2.722    0    0  (Gen:  0)
   521544      4136   4810872  0.000  0.000   15.321    2.722    0    0  (Gen:  0)
   521632      4136   4811032  0.000  0.000   15.322    2.723    0    0  (Gen:  0)
   521752      4248   4811176  0.000  0.000   15.323    2.723    0    0  (Gen:  0)
   521720      4088   4811048  0.000  0.000   15.323    2.723    0    0  (Gen:  0)
   521704      3904   4810880  0.000  0.000   15.324    2.723    0    0  (Gen:  0)
   521432      6808   4813800  0.000  0.000   15.325    2.723    0    0  (Gen:  0)
   521496      6544   4813616  0.000  0.000   15.326    2.723    0    0  (Gen:  0)
   521672      4296   4813880  0.000  0.000   15.327    2.723    0    0  (Gen:  0)
   521472      4160   4813776  0.000  0.000   15.328    2.724    0    0  (Gen:  0)
   521512      4024   4813728  0.000  0.000   15.329    2.724    0    0  (Gen:  0)
   521736      4520   4814256  0.000  0.000   15.329    2.724    0    0  (Gen:  0)
   521632      4264   4814272  0.000  0.000   15.330    2.724    0    0  (Gen:  0)
   521488      4120   4814216  0.000  0.000   15.331    2.724    0    0  (Gen:  0)
   521544      4544   4814656  0.000  0.000   15.332    2.724    0    0  (Gen:  0)
   521768      4280   4814664  0.000  0.000   15.333    2.724    0    0  (Gen:  0)
   521488      5104   4815728  0.000  0.000   15.334    2.725    0    0  (Gen:  0)
   521720      6880   4818704  0.000  0.000   15.335    2.725    0    0  (Gen:  0)
   521768      5968   4818672  0.000  0.000   15.336    2.725    0    0  (Gen:  0)
   521576      4168   4818792  0.000  0.000   15.336    2.725    0    0  (Gen:  0)
   521304      3968   4818624  0.000  0.000   15.337    2.725    0    0  (Gen:  0)
   521408      4136   4818880  0.000  0.000   15.338    2.725    0    0  (Gen:  0)
   521880      5872   4820648  0.000  0.000   15.339    2.725    0    0  (Gen:  0)
   521768      4216   4820672  0.000  0.000   15.340    2.726    0    0  (Gen:  0)
   521640      3880   4820424  0.000  0.000   15.341    2.726    0    0  (Gen:  0)
   521720      4112   4820672  0.000  0.000   15.342    2.726    0    0  (Gen:  0)
   521240      3936   4820544  0.000  0.000   15.342    2.726    0    0  (Gen:  0)
   521696      6568   4823192  0.000  0.000   15.343    2.726    0    0  (Gen:  0)
   521576      6296   4822984  0.000  0.000   15.344    2.726    0    0  (Gen:  0)
   521432      4464   4823544  0.000  0.000   15.345    2.727    0    0  (Gen:  0)
   521696      5640   4825136  0.000  0.000   15.346    2.727    0    0  (Gen:  0)
   521784      4136   4825080  0.000  0.000   15.347    2.727    0    0  (Gen:  0)
   521696      4016   4824976  0.000  0.000   15.348    2.727    0    0  (Gen:  0)
   521624      4128   4825104  0.000  0.000   15.349    2.727    0    0  (Gen:  0)
   521624      4136   4825176  0.000  0.000   15.349    2.727    0    0  (Gen:  0)
   521952      4120   4825248  0.000  0.000   15.350    2.727    0    0  (Gen:  0)
   521640      4032   4825192  0.000  0.000   15.351    2.728    0    0  (Gen:  0)
   521824      4072   4825320  0.000  0.000   15.352    2.728    0    0  (Gen:  0)
   521368      6224   4827504  0.001  0.000   15.354    2.728    0    0  (Gen:  0)
   521888      6144   4827488  0.000  0.000   15.355    2.728    0    0  (Gen:  0)
   521640      4032   4827432  0.000  0.000   15.355    2.728    0    0  (Gen:  0)
   521488      4200   4827616  0.000  0.000   15.356    2.728    0    0  (Gen:  0)
   521424      4192   4827656  0.000  0.000   15.357    2.728    0    0  (Gen:  0)
   521824      6120   4829600  0.000  0.000   15.357    2.729    0    0  (Gen:  0)
   521496      4120   4829416  0.000  0.000   15.358    2.729    0    0  (Gen:  0)
   521344      4032   4829488  0.000  0.000   15.358    2.729    0    0  (Gen:  0)
   521552      4184   4829672  0.000  0.000   15.359    2.729    0    0  (Gen:  0)
   521792      4232   4829752  0.000  0.000   15.359    2.729    0    0  (Gen:  0)
   521736      4144   4829680  0.000  0.000   15.360    2.729    0    0  (Gen:  0)
   521552      6752   4832304  0.000  0.000   15.361    2.729    0    0  (Gen:  0)
   521600      6432   4832064  0.000  0.000   15.361    2.729    0    0  (Gen:  0)
   521584      4320   4832296  0.000  0.000   15.362    2.730    0    0  (Gen:  0)
   521560      4216   4832224  0.000  0.000   15.362    2.730    0    0  (Gen:  0)
   521504      3712   4831808  0.000  0.000   15.363    2.730    0    0  (Gen:  0)
   521744      4304   4832432  0.000  0.000   15.363    2.730    0    0  (Gen:  0)
   521568      4152   4832552  0.000  0.000   15.364    2.730    0    0  (Gen:  0)
   521544      4040   4832600  0.000  0.000   15.364    2.730    0    0  (Gen:  0)
   521552      4360   4832952  0.000  0.000   15.365    2.730    0    0  (Gen:  0)
   521736      4344   4833192  0.000  0.000   15.366    2.730    0    0  (Gen:  0)
   521456      4656   4833744  0.000  0.000   15.366    2.730    0    0  (Gen:  0)
   521536      7400   4837208  0.000  0.000   15.367    2.731    0    0  (Gen:  0)
   521872      6304   4837152  0.000  0.000   15.367    2.731    0    0  (Gen:  0)
   521544      4168   4837200  0.000  0.000   15.368    2.731    0    0  (Gen:  0)
   521664      4120   4837184  0.000  0.000   15.369    2.731    0    0  (Gen:  0)
   521408      4056   4837208  0.000  0.000   15.369    2.731    0    0  (Gen:  0)
   521640      6200   4839384  0.000  0.000   15.370    2.731    0    0  (Gen:  0)
   521480      4000   4839160  0.000  0.000   15.370    2.731    0    0  (Gen:  0)
   521680      3976   4839224  0.000  0.000   15.371    2.731    0    0  (Gen:  0)
   521744      4168   4839432  0.000  0.000   15.371    2.732    0    0  (Gen:  0)
   521792      4176   4839488  0.000  0.000   15.372    2.732    0    0  (Gen:  0)
   521624      6424   4841752  0.000  0.000   15.372    2.732    0    0  (Gen:  0)
   521552      6328   4841720  0.000  0.000   15.373    2.732    0    0  (Gen:  0)
   521536      3920   4841720  0.000  0.000   15.374    2.732    0    0  (Gen:  0)
   521440      4152   4841984  0.000  0.000   15.374    2.732    0    0  (Gen:  0)
   521592      4104   4841968  0.000  0.000   15.375    2.732    0    0  (Gen:  0)
   521544      4032   4841912  0.000  0.000   15.375    2.732    0    0  (Gen:  0)
   521696      6248   4844144  0.000  0.000   15.376    2.733    0    0  (Gen:  0)
   521368      4168   4844192  0.000  0.000   15.377    2.733    0    0  (Gen:  0)
   521560      4192   4844304  0.000  0.000   15.377    2.733    0    0  (Gen:  0)
   521680      4136   4844280  0.000  0.000   15.378    2.733    0    0  (Gen:  0)
   521736      4208   4844440  0.000  0.000   15.378    2.733    0    0  (Gen:  0)
   521520      6720   4846984  0.000  0.000   15.379    2.733    0    0  (Gen:  0)
   521640      6584   4846912  0.000  0.000   15.380    2.733    0    0  (Gen:  0)
   521488      4032   4846856  0.000  0.000   15.380    2.733    0    0  (Gen:  0)
   521408      4336   4847176  0.000  0.000   15.381    2.734    0    0  (Gen:  0)
   521232      4080   4846968  0.000  0.000   15.381    2.734    0    0  (Gen:  0)
   521600      4704   4847608  0.000  0.000   15.382    2.734    0    0  (Gen:  0)
   521704      4144   4847320  0.000  0.000   15.382    2.734    0    0  (Gen:  0)
   521736      4192   4847528  0.000  0.000   15.383    2.734    0    0  (Gen:  0)
   521592      4472   4847840  0.000  0.000   15.383    2.734    0    0  (Gen:  0)
   521600      4264   4847888  0.000  0.000   15.384    2.734    0    0  (Gen:  0)
   521536      4104   4847968  0.000  0.000   15.385    2.734    0    0  (Gen:  0)
   521464      7408   4851512  0.000  0.000   15.385    2.735    0    0  (Gen:  0)
   521784      5616   4851400  0.000  0.000   15.386    2.735    0    0  (Gen:  0)
   521728      3936   4851376  0.000  0.000   15.386    2.735    0    0  (Gen:  0)
   521408      4240   4851696  0.000  0.000   15.387    2.735    0    0  (Gen:  0)
   521552      3952   4851456  0.000  0.000   15.387    2.735    0    0  (Gen:  0)
   521712      4384   4851904  0.000  0.000   15.388    2.735    0    0  (Gen:  0)
   521832      4016   4851584  0.000  0.000   15.389    2.735    0    0  (Gen:  0)
   521608      4072   4851800  0.000  0.000   15.389    2.735    0    0  (Gen:  0)
   521872      4168   4851928  0.000  0.000   15.390    2.735    0    0  (Gen:  0)
   521816      4120   4851912  0.000  0.000   15.390    2.736    0    0  (Gen:  0)
   521536      3920   4851728  0.000  0.000   15.391    2.736    0    0  (Gen:  0)
   521784      6064   4853888  0.000  0.000   15.391    2.736    0    0  (Gen:  0)
   521368      5856   4853760  0.000  0.000   15.392    2.736    0    0  (Gen:  0)
   521616      4232   4853984  0.000  0.000   15.393    2.736    0    0  (Gen:  0)
   521528      4160   4853944  0.000  0.000   15.393    2.736    0    0  (Gen:  0)
   521616      3872   4853744  0.000  0.000   15.394    2.736    0    0  (Gen:  0)
   521536      4080   4853984  0.000  0.000   15.394    2.736    0    0  (Gen:  0)
   521672      4176   4854128  0.000  0.000   15.395    2.737    0    0  (Gen:  0)
   521664      3912   4853952  0.000  0.000   15.395    2.737    0    0  (Gen:  0)
   521928      4256   4854312  0.000  0.000   15.396    2.737    0    0  (Gen:  0)
   521728      4096   4854200  0.000  0.000   15.396    2.737    0    0  (Gen:  0)
   521568      6768   4856888  0.000  0.000   15.397    2.737    0    0  (Gen:  0)
   521544      6648   4856832  0.000  0.000   15.398    2.737    0    0  (Gen:  0)
   521432      4152   4856920  0.000  0.000   15.398    2.737    0    0  (Gen:  0)
   521648      4016   4856816  0.000  0.000   15.399    2.737    0    0  (Gen:  0)
   521608      4120   4856952  0.000  0.000   15.399    2.738    0    0  (Gen:  0)
   521360      4024   4856872  0.000  0.000   15.400    2.738    0    0  (Gen:  0)
   521696      4552   4857416  0.000  0.000   15.400    2.738    0    0  (Gen:  0)
   521784      4232   4857384  0.000  0.000   15.401    2.738    0    0  (Gen:  0)
   521312      4584   4857824  0.000  0.000   15.401    2.738    0    0  (Gen:  0)
   521752      4064   4857560  0.000  0.000   15.402    2.738    0    0  (Gen:  0)
   521720      4448   4858032  0.000  0.000   15.403    2.738    0    0  (Gen:  0)
   521464      7912   4861912  0.000  0.000   15.403    2.738    0    0  (Gen:  0)
   521752      5800   4861624  0.000  0.000   15.404    2.738    0    0  (Gen:  0)
   521752      3952   4861768  0.000  0.000   15.404    2.739    0    0  (Gen:  0)
   521480      4008   4861856  0.000  0.000   15.405    2.739    0    0  (Gen:  0)
   521184      4024   4861904  0.000  0.000   15.406    2.739    0    0  (Gen:  0)
   521640      3936   4861832  0.000  0.000   15.406    2.739    0    0  (Gen:  0)
   521880      5848   4863760  0.000  0.000   15.407    2.739    0    0  (Gen:  0)
   521744      4112   4863720  0.001  0.000   15.408    2.739    0    0  (Gen:  0)
   521872      4208   4863904  0.000  0.000   15.409    2.739    0    0  (Gen:  0)
   521296      4136   4863864  0.000  0.000   15.409    2.740    0    0  (Gen:  0)
   521424      3992   4863808  0.000  0.000   15.410    2.740    0    0  (Gen:  0)
   521672      6432   4866280  0.000  0.000   15.411    2.740    0    0  (Gen:  0)
   521560      6392   4866304  0.000  0.000   15.411    2.740    0    0  (Gen:  0)
   521384      4440   4866656  0.000  0.000   15.412    2.740    0    0  (Gen:  0)
   521800      5336   4868112  0.000  0.000   15.412    2.740    0    0  (Gen:  0)
   521824      4088   4868008  0.000  0.000   15.413    2.740    0    0  (Gen:  0)
   521576      4352   4868288  0.000  0.000   15.414    2.740    0    0  (Gen:  0)
   521672      4192   4868176  0.000  0.000   15.414    2.741    0    0  (Gen:  0)
   521632      4136   4868280  0.000  0.000   15.415    2.741    0    0  (Gen:  0)
   521904      4224   4868400  0.000  0.000   15.415    2.741    0    0  (Gen:  0)
   521784      4136   4868344  0.000  0.000   15.416    2.741    0    0  (Gen:  0)
   521592      4088   4868312  0.000  0.000   15.416    2.741    0    0  (Gen:  0)
   521520      6240   4870480  0.000  0.000   15.417    2.741    0    0  (Gen:  0)
   521824      5928   4870248  0.000  0.000   15.418    2.741    0    0  (Gen:  0)
   521696      4248   4870624  0.000  0.000   15.418    2.741    0    0  (Gen:  0)
   521528      4176   4870584  0.000  0.000   15.419    2.741    0    0  (Gen:  0)
   521472      3984   4870480  0.000  0.000   15.419    2.742    0    0  (Gen:  0)
   521824      6096   4872624  0.000  0.000   15.420    2.742    0    0  (Gen:  0)
   521192      4264   4872608  0.000  0.000   15.420    2.742    0    0  (Gen:  0)
   521544      4120   4872552  0.000  0.000   15.421    2.742    0    0  (Gen:  0)
   521544      4264   4872712  0.000  0.000   15.421    2.742    0    0  (Gen:  0)
   521752      3856   4872352  0.000  0.000   15.422    2.742    0    0  (Gen:  0)
   521808      6544   4875056  0.000  0.000   15.423    2.742    0    0  (Gen:  0)
   521544      6424   4875000  0.000  0.000   15.423    2.742    0    0  (Gen:  0)
   521456      4120   4875112  0.000  0.000   15.424    2.743    0    0  (Gen:  0)
   521592      4088   4875112  0.000  0.000   15.424    2.743    0    0  (Gen:  0)
   521672      4176   4875232  0.000  0.000   15.425    2.743    0    0  (Gen:  0)
   521464      4080   4875152  0.000  0.000   15.425    2.743    0    0  (Gen:  0)
   521680      4536   4875624  0.000  0.000   15.426    2.743    0    0  (Gen:  0)
   521800      4208   4875584  0.000  0.000   15.427    2.743    0    0  (Gen:  0)
   521240      4656   4876120  0.000  0.000   15.427    2.743    0    0  (Gen:  0)
   521784      4056   4875776  0.000  0.000   15.428    2.743    0    0  (Gen:  0)
   521728      4176   4875984  0.000  0.000   15.428    2.744    0    0  (Gen:  0)
   521296      7920   4879984  0.000  0.000   15.429    2.744    0    0  (Gen:  0)
   521792      6128   4879856  0.000  0.000   15.429    2.744    0    0  (Gen:  0)
   521752      4040   4880024  0.000  0.000   15.430    2.744    0    0  (Gen:  0)
   521496      4080   4880096  0.000  0.000   15.431    2.744    0    0  (Gen:  0)
   521584      4048   4880096  0.000  0.000   15.431    2.744    0    0  (Gen:  0)
   521512      4008   4880072  0.000  0.000   15.432    2.744    0    0  (Gen:  0)
   521680      6056   4882136  0.000  0.000   15.432    2.744    0    0  (Gen:  0)
   521440      4192   4882264  0.000  0.000   15.433    2.744    0    0  (Gen:  0)
   521664      4280   4882440  0.000  0.000   15.433    2.745    0    0  (Gen:  0)
   521896      3992   4882184  0.000  0.000   15.434    2.745    0    0  (Gen:  0)
   521688      4112   4882392  0.000  0.000   15.435    2.745    0    0  (Gen:  0)
   521472      6576   4884888  0.000  0.000   15.435    2.745    0    0  (Gen:  0)
   521528      6472   4884848  0.000  0.000   15.436    2.745    0    0  (Gen:  0)
   521632      3944   4884656  0.000  0.000   15.436    2.745    0    0  (Gen:  0)
   521480      4296   4885024  0.000  0.000   15.437    2.745    0    0  (Gen:  0)
   521544      4192   4884968  0.000  0.000   15.437    2.745    0    0  (Gen:  0)
   521576      6376   4887168  0.000  0.000   15.438    2.746    0    0  (Gen:  0)
   521664      4248   4887152  0.000  0.000   15.439    2.746    0    0  (Gen:  0)
   521432      3992   4887056  0.000  0.000   15.439    2.746    0    0  (Gen:  0)
   521400      4224   4887320  0.000  0.000   15.440    2.746    0    0  (Gen:  0)
   521920      4216   4887344  0.000  0.000   15.440    2.746    0    0  (Gen:  0)
   521624      3920   4887064  0.000  0.000   15.441    2.746    0    0  (Gen:  0)
   521488      6696   4889856  0.000  0.000   15.441    2.746    0    0  (Gen:  0)
   521760      6600   4889840  0.000  0.000   15.442    2.746    0    0  (Gen:  0)
   521216      4000   4889736  0.000  0.000   15.443    2.747    0    0  (Gen:  0)
   521432      3976   4889744  0.000  0.000   15.443    2.747    0    0  (Gen:  0)
   521344      4096   4889952  0.000  0.000   15.444    2.747    0    0  (Gen:  0)
   521640      4520   4890408  0.000  0.000   15.444    2.747    0    0  (Gen:  0)
   521768      4144   4890304  0.000  0.000   15.445    2.747    0    0  (Gen:  0)
   521792      4088   4890336  0.000  0.000   15.445    2.747    0    0  (Gen:  0)
   521448      4376   4890640  0.000  0.000   15.446    2.747    0    0  (Gen:  0)
   521544      4384   4890920  0.000  0.000   15.446    2.747    0    0  (Gen:  0)
   521592      7560   4894336  0.000  0.000   15.447    2.748    0    0  (Gen:  0)
   521528      5760   4894360  0.000  0.000   15.448    2.748    0    0  (Gen:  0)
   521792      4008   4894336  0.000  0.000   15.448    2.748    0    0  (Gen:  0)
   521600      4168   4894528  0.000  0.000   15.449    2.748    0    0  (Gen:  0)
   521536      4064   4894456  0.000  0.000   15.449    2.748    0    0  (Gen:  0)
   521584      4008   4894488  0.000  0.000   15.450    2.748    0    0  (Gen:  0)
   521776      4184   4894696  0.001  0.000   15.451    2.748    0    0  (Gen:  0)
   521640      4032   4894592  0.001  0.000   15.452    2.748    0    0  (Gen:  0)
   521784      3976   4894624  0.001  0.000   15.453    2.749    0    0  (Gen:  0)
   521824      4088   4894752  0.001  0.000   15.454    2.749    0    0  (Gen:  0)
   521800      4136   4894848  0.001  0.000   15.455    2.749    0    0  (Gen:  0)
   521616      6040   4896768  0.001  0.000   15.456    2.749    0    0  (Gen:  0)
   521680      5784   4896576  0.000  0.000   15.457    2.749    0    0  (Gen:  0)
   521392      3936   4896648  0.000  0.000   15.458    2.749    0    0  (Gen:  0)
   521456      4248   4896992  0.000  0.000   15.458    2.750    0    0  (Gen:  0)
   521648      4104   4896880  0.000  0.000   15.459    2.750    0    0  (Gen:  0)
   521568      4032   4896824  0.000  0.000   15.459    2.750    0    0  (Gen:  0)
   521640      4232   4897040  0.000  0.000   15.460    2.750    0    0  (Gen:  0)
   521592      4192   4897064  0.000  0.000   15.461    2.750    0    0  (Gen:  0)
   521960      4320   4897280  0.000  0.000   15.461    2.750    0    0  (Gen:  0)
   521616      4216   4897208  0.000  0.000   15.462    2.750    0    0  (Gen:  0)
   521816      3952   4897032  0.000  0.000   15.462    2.750    0    0  (Gen:  0)
   521488      6648   4899760  0.000  0.000   15.463    2.751    0    0  (Gen:  0)
   521576      6728   4899904  0.001  0.000   15.464    2.751    0    0  (Gen:  0)
   521520      4008   4899696  0.000  0.000   15.465    2.751    0    0  (Gen:  0)
   521608      4096   4899800  0.000  0.000   15.465    2.751    0    0  (Gen:  0)
   521368      4096   4899848  0.000  0.000   15.466    2.751    0    0  (Gen:  0)
   521736      4664   4900432  0.000  0.000   15.466    2.751    0    0  (Gen:  0)
   521600      4176   4900216  0.000  0.000   15.467    2.751    0    0  (Gen:  0)
   521592      4016   4900216  0.000  0.000   15.467    2.751    0    0  (Gen:  0)
   521416      4424   4900656  0.000  0.000   15.468    2.752    0    0  (Gen:  0)
   521744      4376   4900864  0.000  0.000   15.469    2.752    0    0  (Gen:  0)
   521624      4328   4901056  0.000  0.000   15.469    2.752    0    0  (Gen:  0)
   521528      7800   4904928  0.000  0.000   15.470    2.752    0    0  (Gen:  0)
   521736      6096   4904904  0.000  0.000   15.470    2.752    0    0  (Gen:  0)
   521728      4224   4904952  0.000  0.000   15.471    2.752    0    0  (Gen:  0)
   521408      4192   4904952  0.000  0.000   15.472    2.752    0    0  (Gen:  0)
   521312      4192   4905040  0.000  0.000   15.472    2.752    0    0  (Gen:  0)
   521848      5728   4906608  0.000  0.000   15.473    2.753    0    0  (Gen:  0)
   521792      3920   4906480  0.000  0.000   15.473    2.753    0    0  (Gen:  0)
   521696      4056   4906776  0.000  0.000   15.474    2.753    0    0  (Gen:  0)
   521808      4040   4906792  0.000  0.000   15.474    2.753    0    0  (Gen:  0)
   521160      4104   4906888  0.000  0.000   15.475    2.753    0    0  (Gen:  0)
   521416      4064   4906864  0.000  0.000   15.475    2.753    0    0  (Gen:  0)
   521896      6520   4909336  0.000  0.000   15.476    2.753    0    0  (Gen:  0)
   521344      6280   4909176  0.000  0.000   15.477    2.753    0    0  (Gen:  0)
   521656      5808   4911008  0.000  0.000   15.477    2.754    0    0  (Gen:  0)
   521640      3952   4910760  0.000  0.000   15.478    2.754    0    0  (Gen:  0)
   521880      4136   4911032  0.000  0.000   15.478    2.754    0    0  (Gen:  0)
   521600      4272   4911200  0.000  0.000   15.479    2.754    0    0  (Gen:  0)
   521624      4192   4911168  0.000  0.000   15.480    2.754    0    0  (Gen:  0)
   521784      3992   4911056  0.000  0.000   15.480    2.754    0    0  (Gen:  0)
   521808      4240   4911320  0.000  0.000   15.481    2.754    0    0  (Gen:  0)
   521824      4088   4911216  0.000  0.000   15.481    2.754    0    0  (Gen:  0)
   521440      6240   4913384  0.000  0.000   15.482    2.754    0    0  (Gen:  0)
   521744      6072   4913280  0.000  0.000   15.482    2.755    0    0  (Gen:  0)
   521704      4136   4913472  0.000  0.000   15.483    2.755    0    0  (Gen:  0)
   521456      4160   4913528  0.000  0.000   15.484    2.755    0    0  (Gen:  0)
   521600      4048   4913448  0.000  0.000   15.484    2.755    0    0  (Gen:  0)
   521640      3976   4913392  0.000  0.000   15.485    2.755    0    0  (Gen:  0)
   521632      6024   4915456  0.000  0.000   15.485    2.755    0    0  (Gen:  0)
   521312      4168   4915432  0.000  0.000   15.486    2.755    0    0  (Gen:  0)
   521560      4088   4915440  0.000  0.000   15.486    2.755    0    0  (Gen:  0)
   521592      4048   4915432  0.000  0.000   15.487    2.756    0    0  (Gen:  0)
   521792      4096   4915568  0.000  0.000   15.487    2.756    0    0  (Gen:  0)
   521720      6496   4918000  0.000  0.000   15.488    2.756    0    0  (Gen:  0)
   521560      6648   4918216  0.000  0.000   15.489    2.756    0    0  (Gen:  0)
   521544      3896   4917808  0.000  0.000   15.489    2.756    0    0  (Gen:  0)
   521568      4136   4918064  0.000  0.000   15.490    2.756    0    0  (Gen:  0)
   521544      4032   4918008  0.000  0.000   15.490    2.756    0    0  (Gen:  0)
   521688      4568   4918560  0.000  0.000   15.491    2.756    0    0  (Gen:  0)
   521608      4120   4918384  0.000  0.000   15.491    2.757    0    0  (Gen:  0)
   521640      4248   4918672  0.000  0.000   15.492    2.757    0    0  (Gen:  0)
   521352      4488   4918944  0.000  0.000   15.493    2.757    0    0  (Gen:  0)
   521776      4376   4919088  0.000  0.000   15.493    2.757    0    0  (Gen:  0)
   521592      4544   4919496  0.000  0.000   15.494    2.757    0    0  (Gen:  0)
   521424      7552   4922904  0.000  0.000   15.494    2.757    0    0  (Gen:  0)
   521744      6144   4922856  0.000  0.000   15.495    2.757    0    0  (Gen:  0)
   521728      3848   4922744  0.000  0.000   15.496    2.757    0    0  (Gen:  0)
   521600      4056   4922968  0.000  0.000   15.496    2.758    0    0  (Gen:  0)
   521344      4048   4923008  0.000  0.000   15.497    2.758    0    0  (Gen:  0)
   521728      6184   4925160  0.000  0.000   15.497    2.758    0    0  (Gen:  0)
   521624      4080   4925032  0.000  0.000   15.498    2.758    0    0  (Gen:  0)
   521520      4120   4925232  0.000  0.000   15.498    2.758    0    0  (Gen:  0)
   521736      4168   4925312  0.000  0.000   15.499    2.758    0    0  (Gen:  0)
   521776      3976   4925152  0.000  0.000   15.500    2.758    0    0  (Gen:  0)
   521688      4064   4925256  0.000  0.000   15.500    2.758    0    0  (Gen:  0)
   521576      6632   4927840  0.000  0.000   15.501    2.758    0    0  (Gen:  0)
   521432      6272   4927560  0.000  0.000   15.501    2.759    0    0  (Gen:  0)
   521600      4208   4927832  0.000  0.000   15.502    2.759    0    0  (Gen:  0)
   521496      4064   4927720  0.000  0.000   15.502    2.759    0    0  (Gen:  0)
   521592      4080   4927824  0.000  0.000   15.503    2.759    0    0  (Gen:  0)
   521512      6288   4930064  0.000  0.000   15.504    2.759    0    0  (Gen:  0)
   521584      4176   4930064  0.000  0.000   15.504    2.759    0    0  (Gen:  0)
   521472      4048   4930024  0.000  0.000   15.505    2.759    0    0  (Gen:  0)
   521576      4016   4930008  0.000  0.000   15.505    2.759    0    0  (Gen:  0)
   521784      4024   4930064  0.000  0.000   15.506    2.760    0    0  (Gen:  0)
   521552      6616   4932672  0.000  0.000   15.506    2.760    0    0  (Gen:  0)
   521624      6512   4932632  0.000  0.000   15.507    2.760    0    0  (Gen:  0)
   521600      4056   4932744  0.000  0.000   15.508    2.760    0    0  (Gen:  0)
   521384      4192   4932912  0.000  0.000   15.508    2.760    0    0  (Gen:  0)
   521208      4208   4932960  0.000  0.000   15.509    2.760    0    0  (Gen:  0)
   521552      3952   4932720  0.000  0.000   15.509    2.760    0    0  (Gen:  0)
   521688      4608   4933392  0.000  0.000   15.510    2.760    0    0  (Gen:  0)
   521672      4144   4933216  0.000  0.000   15.510    2.761    0    0  (Gen:  0)
   521824      4464   4933624  0.000  0.000   15.511    2.761    0    0  (Gen:  0)
   521472      4080   4933496  0.000  0.000   15.512    2.761    0    0  (Gen:  0)
   521496      4488   4933992  0.000  0.000   15.513    2.761    0    0  (Gen:  0)
   521448      7520   4937440  0.000  0.000   15.513    2.761    0    0  (Gen:  0)
   521728      5696   4937280  0.000  0.000   15.514    2.761    0    0  (Gen:  0)
   521792      4088   4937328  0.000  0.000   15.514    2.761    0    0  (Gen:  0)
   521432      4392   4937648  0.000  0.000   15.515    2.761    0    0  (Gen:  0)
   521496      4128   4937432  0.000  0.000   15.515    2.762    0    0  (Gen:  0)
   521704      3824   4937144  0.000  0.000   15.516    2.762    0    0  (Gen:  0)
   521848      4176   4937512  0.000  0.000   15.517    2.762    0    0  (Gen:  0)
   521624      4048   4937448  0.000  0.000   15.517    2.762    0    0  (Gen:  0)
   521872      4064   4937552  0.000  0.000   15.518    2.762    0    0  (Gen:  0)
   521744      3904   4937424  0.000  0.000   15.518    2.762    0    0  (Gen:  0)
   521776      4136   4937744  0.000  0.000   15.519    2.762    0    0  (Gen:  0)
   521592      6000   4939640  0.000  0.000   15.519    2.762    0    0  (Gen:  0)
   521552      5920   4939624  0.000  0.000   15.520    2.763    0    0  (Gen:  0)
   521568      3944   4939496  0.000  0.000   15.520    2.763    0    0  (Gen:  0)
   521456      4096   4939664  0.000  0.000   15.521    2.763    0    0  (Gen:  0)
   521544      3992   4939608  0.000  0.000   15.522    2.763    0    0  (Gen:  0)
   521568      4208   4939840  0.000  0.000   15.522    2.763    0    0  (Gen:  0)
   521736      4136   4939816  0.000  0.000   15.523    2.763    0    0  (Gen:  0)
   521576      4120   4939960  0.000  0.000   15.523    2.763    0    0  (Gen:  0)
   521920      4168   4940040  0.000  0.000   15.524    2.763    0    0  (Gen:  0)
   521752      4176   4940080  0.000  0.000   15.524    2.763    0    0  (Gen:  0)
   521648      4080   4940000  0.000  0.000   15.525    2.764    0    0  (Gen:  0)
   521568      6488   4942424  0.000  0.000   15.526    2.764    0    0  (Gen:  0)
   521384      6416   4942432  0.000  0.000   15.526    2.764    0    0  (Gen:  0)
   521592      4224   4942752  0.000  0.000   15.527    2.764    0    0  (Gen:  0)
   521664      4176   4942736  0.000  0.000   15.527    2.764    0    0  (Gen:  0)
   521432      3992   4942640  0.000  0.000   15.528    2.764    0    0  (Gen:  0)
   521672      4504   4943184  0.000  0.000   15.529    2.764    0    0  (Gen:  0)
   521672      4120   4943072  0.000  0.000   15.529    2.764    0    0  (Gen:  0)
   521400      4048   4943088  0.000  0.000   15.530    2.765    0    0  (Gen:  0)
   521640      4448   4943504  0.000  0.000   15.530    2.765    0    0  (Gen:  0)
   521744      4360   4943688  0.000  0.000   15.531    2.765    0    0  (Gen:  0)
   521488      8080   4947648  0.000  0.000   15.531    2.765    0    0  (Gen:  0)
   521720      6080   4947632  0.000  0.000   15.532    2.765    0    0  (Gen:  0)
   521744      4064   4947608  0.000  0.000   15.533    2.765    0    0  (Gen:  0)
   521600      4248   4947824  0.000  0.000   15.533    2.765    0    0  (Gen:  0)
   521256      4216   4947824  0.000  0.000   15.534    2.765    0    0  (Gen:  0)
   521480      4008   4947632  0.000  0.000   15.534    2.766    0    0  (Gen:  0)
   521880      6016   4949656  0.000  0.000   15.535    2.766    0    0  (Gen:  0)
   521776      4264   4949600  0.000  0.000   15.535    2.766    0    0  (Gen:  0)
   521736      4360   4949784  0.000  0.000   15.536    2.766    0    0  (Gen:  0)
   521560      4232   4949688  0.000  0.000   15.537    2.766    0    0  (Gen:  0)
   521312      3960   4949504  0.000  0.000   15.537    2.766    0    0  (Gen:  0)
   521592      6312   4951888  0.001  0.000   15.539    2.766    0    0  (Gen:  0)
   521600      6384   4952024  0.000  0.000   15.539    2.766    0    0  (Gen:  0)
   521368      4520   4952552  0.000  0.000   15.540    2.767    0    0  (Gen:  0)
   521824      5544   4953992  0.000  0.000   15.541    2.767    0    0  (Gen:  0)
   521800      4048   4953944  0.000  0.000   15.541    2.767    0    0  (Gen:  0)
   521736      4008   4953920  0.000  0.000   15.542    2.767    0    0  (Gen:  0)
   521600      4328   4954256  0.000  0.000   15.542    2.767    0    0  (Gen:  0)
   521544      4208   4954200  0.000  0.000   15.543    2.767    0    0  (Gen:  0)
   521936      4232   4954312  0.000  0.000   15.543    2.767    0    0  (Gen:  0)
   521640      3952   4954064  0.000  0.000   15.544    2.767    0    0  (Gen:  0)
   521880      4136   4954336  0.000  0.000   15.544    2.768    0    0  (Gen:  0)
   521416      6264   4956496  0.000  0.000   15.545    2.768    0    0  (Gen:  0)
   521856      6216   4956512  0.000  0.000   15.546    2.768    0    0  (Gen:  0)
   521544      3872   4956224  0.000  0.000   15.546    2.768    0    0  (Gen:  0)
   521616      4240   4956608  0.000  0.000   15.547    2.768    0    0  (Gen:  0)
   521488      4136   4956552  0.000  0.000   15.547    2.768    0    0  (Gen:  0)
   521752      6192   4958624  0.000  0.000   15.548    2.768    0    0  (Gen:  0)
   521352      4232   4958480  0.000  0.000   15.548    2.768    0    0  (Gen:  0)
   521424      3968   4958376  0.000  0.000   15.549    2.769    0    0  (Gen:  0)
   521552      4152   4958592  0.000  0.000   15.550    2.769    0    0  (Gen:  0)
   521816      4064   4958536  0.000  0.000   15.550    2.769    0    0  (Gen:  0)
   521744      3920   4958408  0.000  0.000   15.551    2.769    0    0  (Gen:  0)
   521504      6368   4960872  0.000  0.000   15.551    2.769    0    0  (Gen:  0)
   521632      6304   4960888  0.000  0.000   15.552    2.769    0    0  (Gen:  0)
   521592      4280   4961208  0.000  0.000   15.552    2.769    0    0  (Gen:  0)
   521544      4192   4961152  0.000  0.000   15.553    2.769    0    0  (Gen:  0)
   521552      4048   4961096  0.000  0.000   15.554    2.770    0    0  (Gen:  0)
   521672      4560   4961640  0.000  0.000   15.554    2.770    0    0  (Gen:  0)
   521616      3984   4961336  0.000  0.000   15.555    2.770    0    0  (Gen:  0)
   521480      3904   4961344  0.000  0.000   15.555    2.770    0    0  (Gen:  0)
   521568      4480   4961936  0.000  0.000   15.556    2.770    0    0  (Gen:  0)
   521760      4344   4962072  0.000  0.000   15.556    2.770    0    0  (Gen:  0)
   521472      7960   4965928  0.000  0.000   15.557    2.770    0    0  (Gen:  0)
   521576      6256   4965888  0.000  0.000   15.558    2.770    0    0  (Gen:  0)
   521776      4152   4966040  0.000  0.000   15.558    2.770    0    0  (Gen:  0)
   521616      4296   4966216  0.000  0.000   15.559    2.771    0    0  (Gen:  0)
   521624      4200   4966152  0.000  0.000   15.559    2.771    0    0  (Gen:  0)
   521384      3984   4965952  0.000  0.000   15.560    2.771    0    0  (Gen:  0)
   521608      6128   4968112  0.000  0.000   15.560    2.771    0    0  (Gen:  0)
   521544      4080   4968056  0.000  0.000   15.561    2.771    0    0  (Gen:  0)
   521712      3920   4967984  0.000  0.000   15.562    2.771    0    0  (Gen:  0)
   521760      4224   4968304  0.000  0.000   15.562    2.771    0    0  (Gen:  0)
   521760      4032   4968160  0.000  0.000   15.563    2.771    0    0  (Gen:  0)
   521544      6464   4970608  0.000  0.000   15.563    2.772    0    0  (Gen:  0)
   521664      6384   4970592  0.000  0.000   15.564    2.772    0    0  (Gen:  0)
   521496      4192   4970808  0.000  0.000   15.564    2.772    0    0  (Gen:  0)
   521360      3888   4970536  0.000  0.000   15.565    2.772    0    0  (Gen:  0)
   521664      4080   4970760  0.000  0.000   15.565    2.772    0    0  (Gen:  0)
   521568      3936   4970632  0.000  0.000   15.566    2.772    0    0  (Gen:  0)
   521600      6304   4973016  0.000  0.000   15.567    2.772    0    0  (Gen:  0)
   521376      4160   4973000  0.000  0.000   15.567    2.772    0    0  (Gen:  0)
   521640      4256   4973184  0.000  0.000   15.568    2.773    0    0  (Gen:  0)
   521736      3992   4972952  0.000  0.000   15.568    2.773    0    0  (Gen:  0)
   521696      4192   4973240  0.000  0.000   15.569    2.773    0    0  (Gen:  0)
   521432      6600   4975680  0.000  0.000   15.569    2.773    0    0  (Gen:  0)
   521752      6456   4975600  0.000  0.000   15.570    2.773    0    0  (Gen:  0)
   521368      3864   4975504  0.000  0.000   15.571    2.773    0    0  (Gen:  0)
   521408      4168   4975824  0.000  0.000   15.571    2.773    0    0  (Gen:  0)
   521288      4048   4975752  0.000  0.000   15.572    2.773    0    0  (Gen:  0)
   521648      4616   4976336  0.000  0.000   15.572    2.773    0    0  (Gen:  0)
   521656      4080   4976072  0.000  0.000   15.573    2.774    0    0  (Gen:  0)
   521760      4152   4976304  0.000  0.000   15.573    2.774    0    0  (Gen:  0)
   521632      4344   4976528  0.000  0.000   15.574    2.774    0    0  (Gen:  0)
   521568      4400   4976840  0.000  0.000   15.574    2.774    0    0  (Gen:  0)
   521560      4432   4977112  0.000  0.000   15.575    2.774    0    0  (Gen:  0)
   521408      7336   4980416  0.000  0.000   15.576    2.774    0    0  (Gen:  0)
   521696      5832   4980432  0.000  0.000   15.576    2.774    0    0  (Gen:  0)
   521856      4376   4980632  0.000  0.000   15.577    2.774    0    0  (Gen:  0)
   521344      4096   4980384  0.000  0.000   15.577    2.775    0    0  (Gen:  0)
   521624      4208   4980584  0.000  0.000   15.578    2.775    0    0  (Gen:  0)
   521752      4352   4980760  0.000  0.000   15.579    2.775    0    0  (Gen:  0)
   521784      4216   4980672  0.000  0.000   15.579    2.775    0    0  (Gen:  0)
   521624      4072   4980616  0.000  0.000   15.580    2.775    0    0  (Gen:  0)
   521840      4392   4980952  0.000  0.000   15.580    2.775    0    0  (Gen:  0)
   521792      3840   4980448  0.000  0.000   15.581    2.775    0    0  (Gen:  0)
   521576      3912   4980536  0.000  0.000   15.581    2.775    0    0  (Gen:  0)
   521760      6104   4982744  0.000  0.000   15.582    2.776    0    0  (Gen:  0)
   521352      5768   4982488  0.000  0.000   15.582    2.776    0    0  (Gen:  0)
   521632      4152   4982720  0.000  0.000   15.583    2.776    0    0  (Gen:  0)
   521544      4064   4982664  0.000  0.000   15.584    2.776    0    0  (Gen:  0)
   521512      4008   4982696  0.000  0.000   15.584    2.776    0    0  (Gen:  0)
   521624      4352   4983072  0.000  0.000   15.585    2.776    0    0  (Gen:  0)
   521616      4000   4982768  0.000  0.000   15.585    2.776    0    0  (Gen:  0)
   521776      3952   4982808  0.000  0.000   15.586    2.776    0    0  (Gen:  0)
   521840      4184   4983056  0.000  0.000   15.586    2.776    0    0  (Gen:  0)
   521800      4096   4983016  0.000  0.000   15.587    2.777    0    0  (Gen:  0)
   521504      6720   4985656  0.000  0.000   15.588    2.777    0    0  (Gen:  0)
   521568      6600   4985600  0.000  0.000   15.588    2.777    0    0  (Gen:  0)
   521496      4136   4985720  0.000  0.000   15.589    2.777    0    0  (Gen:  0)
   521512      4136   4985752  0.000  0.000   15.589    2.777    0    0  (Gen:  0)
   521584      4104   4985752  0.000  0.000   15.590    2.777    0    0  (Gen:  0)
   521472      4048   4985712  0.000  0.000   15.590    2.777    0    0  (Gen:  0)
   521696      4456   4986136  0.000  0.000   15.591    2.777    0    0  (Gen:  0)
   521784      4056   4986024  0.000  0.000   15.591    2.778    0    0  (Gen:  0)
   521264      4328   4986384  0.000  0.000   15.592    2.778    0    0  (Gen:  0)
   521776      4120   4986432  0.000  0.000   15.593    2.778    0    0  (Gen:  0)
   521664      4464   4986864  0.000  0.000   15.593    2.778    0    0  (Gen:  0)
   521528      7808   4990624  0.000  0.000   15.594    2.778    0    0  (Gen:  0)
   521784      6064   4990704  0.000  0.000   15.594    2.778    0    0  (Gen:  0)
   521712      4048   4990608  0.000  0.000   15.595    2.778    0    0  (Gen:  0)
   521424      4104   4990680  0.000  0.000   15.596    2.778    0    0  (Gen:  0)
   521320      4048   4990672  0.000  0.000   15.596    2.779    0    0  (Gen:  0)
   521592      5808   4992448  0.000  0.000   15.597    2.779    0    0  (Gen:  0)
   521848      4176   4992496  0.000  0.000   15.597    2.779    0    0  (Gen:  0)
   521728      4208   4992688  0.000  0.000   15.598    2.779    0    0  (Gen:  0)
   521888      4208   4992720  0.000  0.000   15.599    2.779    0    0  (Gen:  0)
   521288      4192   4992736  0.000  0.000   15.599    2.779    0    0  (Gen:  0)
   521384      3976   4992536  0.000  0.000   15.600    2.779    0    0  (Gen:  0)
   521720      6672   4995248  0.000  0.000   15.600    2.779    0    0  (Gen:  0)
   521536      6488   4995144  0.000  0.000   15.601    2.780    0    0  (Gen:  0)
   521432      5024   4995984  0.000  0.000   15.601    2.780    0    0  (Gen:  0)
   521800      4600   4996760  0.000  0.000   15.602    2.780    0    0  (Gen:  0)
   521792      4024   4996688  0.000  0.000   15.603    2.780    0    0  (Gen:  0)
   521600      4208   4996888  0.000  0.000   15.603    2.780    0    0  (Gen:  0)
   521728      4048   4996776  0.000  0.000   15.604    2.780    0    0  (Gen:  0)
   521632      3928   4996816  0.000  0.000   15.604    2.780    0    0  (Gen:  0)
   521856      4128   4997048  0.000  0.000   15.605    2.780    0    0  (Gen:  0)
   521800      4048   4997000  0.000  0.000   15.605    2.781    0    0  (Gen:  0)
   521552      4064   4997032  0.000  0.000   15.606    2.781    0    0  (Gen:  0)
   521624      6192   4999176  0.000  0.000   15.607    2.781    0    0  (Gen:  0)
   521704      6048   4999112  0.000  0.000   15.607    2.781    0    0  (Gen:  0)
   521672      4112   4999232  0.000  0.000   15.608    2.781    0    0  (Gen:  0)
   521584      4064   4999216  0.000  0.000   15.608    2.781    0    0  (Gen:  0)
   521520      3968   4999208  0.000  0.000   15.609    2.781    0    0  (Gen:  0)
   521800      5960   5001232  0.000  0.000   15.609    2.781    0    0  (Gen:  0)
   521192      4152   5001240  0.000  0.000   15.610    2.781    0    0  (Gen:  0)
   521528      4024   5001200  0.000  0.000   15.611    2.782    0    0  (Gen:  0)
   521528      4224   5001416  0.000  0.000   15.611    2.782    0    0  (Gen:  0)
   521808      4120   5001360  0.000  0.000   15.612    2.782    0    0  (Gen:  0)
   521736      6512   5003768  0.000  0.000   15.612    2.782    0    0  (Gen:  0)
   521544      6392   5003712  0.000  0.000   15.613    2.782    0    0  (Gen:  0)
   521576      3992   5003728  0.000  0.000   15.613    2.782    0    0  (Gen:  0)
   521568      4128   5003896  0.000  0.000   15.614    2.782    0    0  (Gen:  0)
   521568      4192   5003992  0.000  0.000   15.615    2.782    0    0  (Gen:  0)
   521520      4024   5003840  0.000  0.000   15.615    2.783    0    0  (Gen:  0)
   521608      4464   5004296  0.000  0.000   15.616    2.783    0    0  (Gen:  0)
   521824      4176   5004296  0.000  0.000   15.616    2.783    0    0  (Gen:  0)
   521264      4544   5004752  0.000  0.000   15.617    2.783    0    0  (Gen:  0)
   521800      4096   5004560  0.000  0.000   15.617    2.783    0    0  (Gen:  0)
   521640      4448   5005000  0.000  0.000   15.618    2.783    0    0  (Gen:  0)
   521384      7920   5008888  0.000  0.000   15.619    2.783    0    0  (Gen:  0)
   521800      6288   5008760  0.000  0.000   15.619    2.783    0    0  (Gen:  0)
   521712      4088   5008744  0.000  0.000   15.620    2.784    0    0  (Gen:  0)
   521600      4320   5008992  0.000  0.000   15.620    2.784    0    0  (Gen:  0)
   521440      4048   5008768  0.000  0.000   15.621    2.784    0    0  (Gen:  0)
   521576      6336   5011072  0.000  0.000   15.621    2.784    0    0  (Gen:  0)
   521664      4208   5010920  0.000  0.000   15.622    2.784    0    0  (Gen:  0)
   521408      4232   5011104  0.000  0.000   15.623    2.784    0    0  (Gen:  0)
   521776      4144   5011048  0.000  0.000   15.623    2.784    0    0  (Gen:  0)
   521816      3912   5010848  0.000  0.000   15.624    2.784    0    0  (Gen:  0)
   521696      3968   5010992  0.000  0.000   15.624    2.784    0    0  (Gen:  0)
   521480      6480   5013536  0.000  0.000   15.625    2.785    0    0  (Gen:  0)
   521512      6512   5013632  0.000  0.000   15.625    2.785    0    0  (Gen:  0)
   521704      3912   5013368  0.000  0.000   15.626    2.785    0    0  (Gen:  0)
   521432      4072   5013544  0.000  0.000   15.626    2.785    0    0  (Gen:  0)
   521536      4096   5013616  0.000  0.000   15.627    2.785    0    0  (Gen:  0)
   521584      6504   5016040  0.000  0.000   15.628    2.785    0    0  (Gen:  0)
   521640      3832   5015480  0.000  0.000   15.628    2.785    0    0  (Gen:  0)
   521392      4080   5015888  0.000  0.000   15.629    2.785    0    0  (Gen:  0)
   521560      4168   5016008  0.000  0.000   15.629    2.786    0    0  (Gen:  0)
   521832      3976   5015848  0.000  0.000   15.630    2.786    0    0  (Gen:  0)
   521648      3984   5015872  0.000  0.000   15.630    2.786    0    0  (Gen:  0)
   521480      6648   5018552  0.000  0.000   15.631    2.786    0    0  (Gen:  0)
   521736      6544   5018528  0.000  0.000   15.632    2.786    0    0  (Gen:  0)
   521200      4264   5018744  0.000  0.000   15.632    2.786    0    0  (Gen:  0)
   521320      4192   5018704  0.000  0.000   15.633    2.786    0    0  (Gen:  0)
   521424      4248   5018848  0.000  0.000   15.633    2.786    0    0  (Gen:  0)
   521704      4424   5019056  0.000  0.000   15.634    2.787    0    0  (Gen:  0)
   521752      4192   5019096  0.000  0.000   15.634    2.787    0    0  (Gen:  0)
   521728      3992   5018984  0.000  0.000   15.635    2.787    0    0  (Gen:  0)
   521496      4336   5019344  0.000  0.000   15.636    2.787    0    0  (Gen:  0)
   521568      4144   5019424  0.000  0.000   15.636    2.787    0    0  (Gen:  0)
   521520      7680   5023200  0.000  0.000   15.637    2.787    0    0  (Gen:  0)
   521552      5816   5023160  0.000  0.000   15.637    2.787    0    0  (Gen:  0)
   521744      4088   5023160  0.000  0.000   15.638    2.787    0    0  (Gen:  0)
   521616      4064   5023168  0.000  0.000   15.638    2.788    0    0  (Gen:  0)
   521584      4080   5023216  0.000  0.000   15.639    2.788    0    0  (Gen:  0)
   521584      4048   5023200  0.000  0.000   15.640    2.788    0    0  (Gen:  0)
   521704      4384   5023552  0.000  0.000   15.640    2.788    0    0  (Gen:  0)
   521728      4208   5023440  0.000  0.000   15.641    2.788    0    0  (Gen:  0)
   521848      4072   5023392  0.000  0.000   15.641    2.788    0    0  (Gen:  0)
   521760      4064   5023416  0.001  0.000   15.642    2.788    0    0  (Gen:  0)
   521760      4168   5023608  0.000  0.000   15.643    2.788    0    0  (Gen:  0)
   521632      5920   5025392  0.001  0.000   15.644    2.789    0    0  (Gen:  0)
   521688      5784   5025320  0.001  0.000   15.645    2.789    0    0  (Gen:  0)
   521376      3952   5025408  0.001  0.000   15.646    2.789    0    0  (Gen:  0)
   521464      3920   5025408  0.000  0.000   15.647    2.789    0    0  (Gen:  0)
   521664      4064   5025584  0.001  0.000   15.648    2.789    0    0  (Gen:  0)
   521576      3936   5025472  0.001  0.000   15.649    2.789    0    0  (Gen:  0)
   521608      4200   5025752  0.000  0.000   15.649    2.790    0    0  (Gen:  0)
   521616      4152   5025768  0.000  0.000   15.650    2.790    0    0  (Gen:  0)
   521904      4184   5025888  0.000  0.000   15.651    2.790    0    0  (Gen:  0)
   521632      3960   5025696  0.000  0.000   15.651    2.790    0    0  (Gen:  0)
   521896      4152   5025976  0.000  0.000   15.652    2.790    0    0  (Gen:  0)
   521376      6608   5028464  0.000  0.000   15.652    2.790    0    0  (Gen:  0)
   521584      6544   5028464  0.000  0.000   15.653    2.790    0    0  (Gen:  0)
   521576      4048   5028480  0.000  0.000   15.653    2.790    0    0  (Gen:  0)
   521528      4152   5028600  0.000  0.000   15.654    2.791    0    0  (Gen:  0)
   521376      4088   5028584  0.000  0.000   15.655    2.791    0    0  (Gen:  0)
   521776      4592   5029104  0.000  0.000   15.655    2.791    0    0  (Gen:  0)
   521608      4168   5028952  0.000  0.000   15.656    2.791    0    0  (Gen:  0)
   521560      4040   5028984  0.000  0.000   15.656    2.791    0    0  (Gen:  0)
   521544      4472   5029448  0.000  0.000   15.657    2.791    0    0  (Gen:  0)
   521680      4440   5029672  0.000  0.000   15.657    2.791    0    0  (Gen:  0)
   521552      4264   5029736  0.000  0.000   15.658    2.791    0    0  (Gen:  0)
   521624      7664   5033536  0.000  0.000   15.659    2.792    0    0  (Gen:  0)
   521800      6024   5033576  0.000  0.000   15.659    2.792    0    0  (Gen:  0)
   521616      4136   5033608  0.000  0.000   15.660    2.792    0    0  (Gen:  0)
   521344      4120   5033624  0.000  0.000   15.660    2.792    0    0  (Gen:  0)
   521344      4152   5033744  0.000  0.000   15.661    2.792    0    0  (Gen:  0)
   521848      5968   5035592  0.000  0.000   15.661    2.792    0    0  (Gen:  0)
   521904      4304   5035608  0.001  0.000   15.663    2.792    0    0  (Gen:  0)
   521624      3928   5035320  0.001  0.000   15.664    2.792    0    0  (Gen:  0)
   521776      4168   5035576  0.001  0.000   15.665    2.793    0    0  (Gen:  0)
   521256      4120   5035576  0.001  0.000   15.667    2.793    0    0  (Gen:  0)
   521424      6640   5038112  0.001  0.000   15.668    2.793    0    0  (Gen:  0)
   521784      6232   5037768  0.001  0.000   15.669    2.793    0    0  (Gen:  0)
   521384      4560   5038488  0.001  0.000   15.670    2.793    0    0  (Gen:  0)
   521688      5696   5040040  0.001  0.000   15.671    2.794    0    0  (Gen:  0)
   521688      4248   5040040  0.000  0.000   15.672    2.794    0    0  (Gen:  0)
   521792      4160   5039968  0.000  0.000   15.673    2.794    0    0  (Gen:  0)
   521616      4032   5039856  0.000  0.000   15.673    2.794    0    0  (Gen:  0)
   521648      4064   5039952  0.000  0.000   15.674    2.794    0    0  (Gen:  0)
   521768      3848   5039824  0.000  0.000   15.674    2.794    0    0  (Gen:  0)
   521816      4144   5040136  0.000  0.000   15.675    2.794    0    0  (Gen:  0)
   521792      4024   5040064  0.000  0.000   15.675    2.795    0    0  (Gen:  0)
   521440      6152   5042208  0.000  0.000   15.676    2.795    0    0  (Gen:  0)
   521728      6064   5042184  0.000  0.000   15.677    2.795    0    0  (Gen:  0)
   521736      4096   5042344  0.000  0.000   15.677    2.795    0    0  (Gen:  0)
   521536      3976   5042256  0.000  0.000   15.678    2.795    0    0  (Gen:  0)
   521480      4104   5042416  0.000  0.000   15.678    2.795    0    0  (Gen:  0)
   521736      3992   5042320  0.000  0.000   15.679    2.795    0    0  (Gen:  0)
   521544      5968   5044312  0.000  0.000   15.679    2.795    0    0  (Gen:  0)
   521240      4008   5044184  0.000  0.000   15.680    2.795    0    0  (Gen:  0)
   521584      4208   5044472  0.000  0.000   15.681    2.796    0    0  (Gen:  0)
   521784      4064   5044360  0.000  0.000   15.681    2.796    0    0  (Gen:  0)
   521784      4112   5044496  0.000  0.000   15.682    2.796    0    0  (Gen:  0)
   521504      6456   5046872  0.000  0.000   15.682    2.796    0    0  (Gen:  0)
   521608      6400   5046880  0.000  0.000   15.683    2.796    0    0  (Gen:  0)
   521600      4064   5046888  0.000  0.000   15.683    2.796    0    0  (Gen:  0)
   521648      4208   5047048  0.000  0.000   15.684    2.796    0    0  (Gen:  0)
   521376      4144   5047032  0.000  0.000   15.685    2.796    0    0  (Gen:  0)
   521744      4448   5047352  0.000  0.000   15.685    2.797    0    0  (Gen:  0)
   521648      4040   5047216  0.000  0.000   15.686    2.797    0    0  (Gen:  0)
   521568      4080   5047416  0.000  0.000   15.686    2.797    0    0  (Gen:  0)
   521488      4368   5047736  0.000  0.000   15.687    2.797    0    0  (Gen:  0)
   521656      4328   5047952  0.000  0.000   15.687    2.797    0    0  (Gen:  0)
   521632      4256   5048120  0.000  0.000   15.688    2.797    0    0  (Gen:  0)
   521432      7776   5052040  0.000  0.000   15.689    2.797    0    0  (Gen:  0)
   521784      6304   5051928  0.000  0.000   15.689    2.797    0    0  (Gen:  0)
   521712      4128   5051936  0.000  0.000   15.690    2.798    0    0  (Gen:  0)
   521528      4112   5051952  0.000  0.000   15.690    2.798    0    0  (Gen:  0)
   521472      4064   5051992  0.000  0.000   15.691    2.798    0    0  (Gen:  0)
   521608      6080   5054040  0.000  0.000   15.691    2.798    0    0  (Gen:  0)
   521640      4376   5054312  0.000  0.000   15.692    2.798    0    0  (Gen:  0)
   521568      3992   5054016  0.000  0.000   15.693    2.798    0    0  (Gen:  0)
   521720      4224   5054264  0.000  0.000   15.693    2.798    0    0  (Gen:  0)
   521768      4160   5054248  0.000  0.000   15.694    2.798    0    0  (Gen:  0)
   521648      6768   5056872  0.000  0.000   15.694    2.798    0    0  (Gen:  0)
   521584      6120   5056288  0.000  0.000   15.695    2.799    0    0  (Gen:  0)
   521472      3968   5056544  0.000  0.000   15.695    2.799    0    0  (Gen:  0)
   521568      4136   5056744  0.000  0.000   15.696    2.799    0    0  (Gen:  0)
   521576      3936   5056576  0.000  0.000   15.697    2.799    0    0  (Gen:  0)
   521584      3936   5056664  0.000  0.000   15.697    2.799    0    0  (Gen:  0)
   521472      6160   5058920  0.000  0.000   15.698    2.799    0    0  (Gen:  0)
   521584      4096   5058968  0.000  0.000   15.698    2.799    0    0  (Gen:  0)
   521528      4024   5058984  0.000  0.000   15.699    2.799    0    0  (Gen:  0)
   521568      4184   5059160  0.000  0.000   15.699    2.800    0    0  (Gen:  0)
   521728      4104   5059128  0.000  0.000   15.700    2.800    0    0  (Gen:  0)
   521600      6696   5061736  0.000  0.000   15.701    2.800    0    0  (Gen:  0)
   521560      6544   5061648  0.000  0.000   15.701    2.800    0    0  (Gen:  0)
   521592      4064   5061736  0.000  0.000   15.702    2.800    0    0  (Gen:  0)
   521432      4184   5061888  0.000  0.000   15.702    2.800    0    0  (Gen:  0)
   521224      4072   5061808  0.000  0.000   15.703    2.800    0    0  (Gen:  0)
   521496      4048   5061800  0.000  0.000   15.704    2.800    0    0  (Gen:  0)
   521736      4592   5062360  0.000  0.000   15.704    2.801    0    0  (Gen:  0)
   521776      4112   5062168  0.000  0.000   15.705    2.801    0    0  (Gen:  0)
   521624      4456   5062600  0.000  0.000   15.705    2.801    0    0  (Gen:  0)
   521528      4160   5062560  0.000  0.000   15.706    2.801    0    0  (Gen:  0)
   521504      4368   5062856  0.000  0.000   15.706    2.801    0    0  (Gen:  0)
   521496      7496   5066400  0.000  0.000   15.707    2.801    0    0  (Gen:  0)
   521728      5720   5066288  0.000  0.000   15.708    2.801    0    0  (Gen:  0)
   521792      3992   5066216  0.000  0.000   15.708    2.801    0    0  (Gen:  0)
   521408      4296   5066536  0.000  0.000   15.709    2.802    0    0  (Gen:  0)
   521560      3944   5066232  0.000  0.000   15.709    2.802    0    0  (Gen:  0)
   521616      4352   5066656  0.000  0.000   15.710    2.802    0    0  (Gen:  0)
   521904      4336   5066688  0.000  0.000   15.710    2.802    0    0  (Gen:  0)
   521568      3968   5066480  0.000  0.000   15.711    2.802    0    0  (Gen:  0)
   521912      4224   5066768  0.000  0.000   15.711    2.802    0    0  (Gen:  0)
   521760      4048   5066624  0.000  0.000   15.712    2.802    0    0  (Gen:  0)
   521744      3904   5066496  0.000  0.000   15.713    2.802    0    0  (Gen:  0)
   521640      6072   5068680  0.000  0.000   15.713    2.802    0    0  (Gen:  0)
   521472      6080   5068768  0.000  0.000   15.714    2.803    0    0  (Gen:  0)
   521608      4320   5068856  0.000  0.000   15.714    2.803    0    0  (Gen:  0)
   521464      4208   5068776  0.000  0.000   15.715    2.803    0    0  (Gen:  0)
   521472      4216   5068872  0.000  0.000   15.715    2.803    0    0  (Gen:  0)
   521632      4200   5068888  0.000  0.000   15.716    2.803    0    0  (Gen:  0)
   521728      4040   5068776  0.000  0.000   15.717    2.803    0    0  (Gen:  0)
   521672      4136   5069032  0.000  0.000   15.717    2.803    0    0  (Gen:  0)
   521840      4080   5069008  0.000  0.000   15.718    2.803    0    0  (Gen:  0)
   521784      4032   5068992  0.000  0.000   15.718    2.804    0    0  (Gen:  0)
   521568      3992   5068968  0.000  0.000   15.719    2.804    0    0  (Gen:  0)
   521496      6624   5071616  0.000  0.000   15.719    2.804    0    0  (Gen:  0)
   521536      6648   5071720  0.000  0.000   15.720    2.804    0    0  (Gen:  0)
   521552      4352   5071936  0.000  0.000   15.721    2.804    0    0  (Gen:  0)
   521640      3760   5071376  0.000  0.000   15.721    2.804    0    0  (Gen:  0)
   521392      4080   5071784  0.000  0.000   15.722    2.804    0    0  (Gen:  0)
   521672      4432   5072168  0.000  0.000   15.722    2.804    0    0  (Gen:  0)
   521824      4184   5072192  0.000  0.000   15.723    2.805    0    0  (Gen:  0)
   521248      3848   5071944  0.000  0.000   15.723    2.805    0    0  (Gen:  0)
   521784      4416   5072528  0.000  0.000   15.724    2.805    0    0  (Gen:  0)
   521672      4272   5072656  0.000  0.000   15.724    2.805    0    0  (Gen:  0)
   521432      8232   5076856  0.000  0.000   15.725    2.805    0    0  (Gen:  0)
   521760      5904   5076512  0.000  0.000   15.726    2.805    0    0  (Gen:  0)
   521776      3936   5076536  0.000  0.000   15.726    2.805    0    0  (Gen:  0)
   521568      4072   5076704  0.000  0.000   15.727    2.805    0    0  (Gen:  0)
   521192      4160   5076824  0.000  0.000   15.727    2.805    0    0  (Gen:  0)
   521536      3920   5076600  0.000  0.000   15.728    2.806    0    0  (Gen:  0)
   521792      5840   5078536  0.000  0.000   15.729    2.806    0    0  (Gen:  0)
   521880      4136   5078528  0.000  0.000   15.729    2.806    0    0  (Gen:  0)
   521800      4224   5078704  0.000  0.000   15.730    2.806    0    0  (Gen:  0)
   521424      4096   5078608  0.000  0.000   15.730    2.806    0    0  (Gen:  0)
   521320      4096   5078696  0.000  0.000   15.731    2.806    0    0  (Gen:  0)
   521680      6504   5081136  0.000  0.000   15.731    2.806    0    0  (Gen:  0)
   521568      6408   5081104  0.000  0.000   15.732    2.806    0    0  (Gen:  0)
   521360      4488   5081488  0.000  0.000   15.733    2.807    0    0  (Gen:  0)
   521792      5552   5082952  0.000  0.000   15.733    2.807    0    0  (Gen:  0)
   521728      4160   5082864  0.000  0.000   15.734    2.807    0    0  (Gen:  0)
   521840      4264   5082984  0.000  0.000   15.734    2.807    0    0  (Gen:  0)
   521592      4160   5082928  0.000  0.000   15.735    2.807    0    0  (Gen:  0)
   521576      4192   5083120  0.000  0.000   15.735    2.807    0    0  (Gen:  0)
   521928      4280   5083240  0.000  0.000   15.736    2.807    0    0  (Gen:  0)
   521688      4248   5083240  0.000  0.000   15.737    2.807    0    0  (Gen:  0)
   521792      4160   5083168  0.000  0.000   15.737    2.808    0    0  (Gen:  0)
   521464      6088   5085112  0.000  0.000   15.738    2.808    0    0  (Gen:  0)
   521736      6104   5085208  0.000  0.000   15.738    2.808    0    0  (Gen:  0)
   521728      3896   5085056  0.000  0.000   15.739    2.808    0    0  (Gen:  0)
   521528      4008   5085184  0.000  0.000   15.739    2.808    0    0  (Gen:  0)
   521448      4120   5085344  0.000  0.000   15.740    2.808    0    0  (Gen:  0)
   521832      6064   5087304  0.000  0.000   15.741    2.808    0    0  (Gen:  0)
   521296      4208   5087264  0.000  0.000   15.741    2.808    0    0  (Gen:  0)
   521424      3992   5087208  0.000  0.000   15.742    2.809    0    0  (Gen:  0)
   521528      4224   5087472  0.000  0.000   15.742    2.809    0    0  (Gen:  0)
   521872      4216   5087496  0.001  0.000   15.743    2.809    0    0  (Gen:  0)
   521656      3936   5087232  0.000  0.000   15.744    2.809    0    0  (Gen:  0)
   521608      6528   5089840  0.000  0.000   15.745    2.809    0    0  (Gen:  0)
   521560      6376   5089768  0.000  0.000   15.745    2.809    0    0  (Gen:  0)
   521608      4248   5089984  0.000  0.000   15.746    2.809    0    0  (Gen:  0)
   521584      3968   5089736  0.000  0.000   15.746    2.809    0    0  (Gen:  0)
   521488      4136   5089992  0.000  0.000   15.747    2.810    0    0  (Gen:  0)
   521656      4504   5090392  0.000  0.000   15.747    2.810    0    0  (Gen:  0)
   521728      4248   5090408  0.000  0.000   15.748    2.810    0    0  (Gen:  0)
   521320      4120   5090368  0.000  0.000   15.749    2.810    0    0  (Gen:  0)
   521744      4448   5090712  0.000  0.000   15.749    2.810    0    0  (Gen:  0)
   521696      4136   5090672  0.000  0.000   15.750    2.810    0    0  (Gen:  0)
   521456      8040   5094816  0.000  0.000   15.750    2.810    0    0  (Gen:  0)
   521576      6232   5094672  0.000  0.000   15.751    2.810    0    0  (Gen:  0)
   521792      4008   5094704  0.000  0.000   15.751    2.811    0    0  (Gen:  0)
   521632      4080   5094808  0.000  0.000   15.752    2.811    0    0  (Gen:  0)
   521576      4192   5094952  0.000  0.000   15.753    2.811    0    0  (Gen:  0)
   521400      4064   5094840  0.000  0.000   15.753    2.811    0    0  (Gen:  0)
   521616      5976   5096768  0.000  0.000   15.754    2.811    0    0  (Gen:  0)
   521488      4184   5096968  0.000  0.000   15.754    2.811    0    0  (Gen:  0)
   521752      4240   5097112  0.000  0.000   15.755    2.811    0    0  (Gen:  0)
   521792      4104   5097008  0.000  0.000   15.755    2.811    0    0  (Gen:  0)
   521728      4136   5097128  0.000  0.000   15.756    2.811    0    0  (Gen:  0)
   521568      6608   5099632  0.000  0.000   15.757    2.812    0    0  (Gen:  0)
   521576      6480   5099568  0.000  0.000   15.757    2.812    0    0  (Gen:  0)
   521592      4088   5099512  0.000  0.000   15.758    2.812    0    0  (Gen:  0)
   521424      4352   5099792  0.000  0.000   15.758    2.812    0    0  (Gen:  0)
   521488      4248   5099736  0.000  0.000   15.759    2.812    0    0  (Gen:  0)
   521712      4752   5100248  0.000  0.000   15.759    2.812    0    0  (Gen:  0)
   521552      5456   5101664  0.000  0.000   15.760    2.812    0    0  (Gen:  0)
   521368      3984   5101760  0.000  0.000   15.761    2.812    0    0  (Gen:  0)
   521608      4136   5101944  0.000  0.000   15.761    2.813    0    0  (Gen:  0)
   521728      3992   5101832  0.000  0.000   15.762    2.813    0    0  (Gen:  0)
   521752      4048   5101976  0.000  0.000   15.762    2.813    0    0  (Gen:  0)
   521448      6640   5104600  0.000  0.000   15.763    2.813    0    0  (Gen:  0)
   521792      6688   5104712  0.000  0.000   15.764    2.813    0    0  (Gen:  0)
   521224      4048   5104568  0.000  0.000   15.764    2.813    0    0  (Gen:  0)
   521432      4088   5104624  0.000  0.000   15.765    2.813    0    0  (Gen:  0)
   521240      3992   5104576  0.000  0.000   15.765    2.813    0    0  (Gen:  0)
   521784      4376   5104976  0.000  0.000   15.766    2.814    0    0  (Gen:  0)
   521552      4120   5104992  0.000  0.000   15.766    2.814    0    0  (Gen:  0)
   521912      4096   5105128  0.000  0.000   15.767    2.814    0    0  (Gen:  0)
   521448      4472   5105536  0.000  0.000   15.767    2.814    0    0  (Gen:  0)
   521584      4304   5105624  0.000  0.000   15.768    2.814    0    0  (Gen:  0)
   521608      4520   5106080  0.000  0.000   15.769    2.814    0    0  (Gen:  0)
   521488      7080   5109200  0.000  0.000   15.769    2.814    0    0  (Gen:  0)
   521792      5544   5109024  0.000  0.000   15.770    2.814    0    0  (Gen:  0)
   521648      4208   5109344  0.000  0.000   15.770    2.815    0    0  (Gen:  0)
   521376      4064   5109232  0.000  0.000   15.771    2.815    0    0  (Gen:  0)
   521672      3976   5109232  0.000  0.000   15.772    2.815    0    0  (Gen:  0)
   521752      4144   5109432  0.000  0.000   15.772    2.815    0    0  (Gen:  0)
   521784      4176   5109512  0.000  0.000   15.773    2.815    0    0  (Gen:  0)
   521616      3992   5109416  0.000  0.000   15.773    2.815    0    0  (Gen:  0)
   521888      4264   5109704  0.000  0.000   15.774    2.815    0    0  (Gen:  0)
   521688      4120   5109608  0.000  0.000   15.774    2.815    0    0  (Gen:  0)
   521688      6184   5111688  0.000  0.000   15.775    2.815    0    0  (Gen:  0)
   521600      5856   5111424  0.000  0.000   15.775    2.816    0    0  (Gen:  0)
   521536      4168   5111656  0.000  0.000   15.776    2.816    0    0  (Gen:  0)
   521528      4176   5111696  0.000  0.000   15.777    2.816    0    0  (Gen:  0)
   521560      4120   5111672  0.000  0.000   15.777    2.816    0    0  (Gen:  0)
   521544      4048   5111616  0.000  0.000   15.778    2.816    0    0  (Gen:  0)
   521592      4368   5111952  0.000  0.000   15.778    2.816    0    0  (Gen:  0)
   521648      4304   5111952  0.000  0.000   15.779    2.816    0    0  (Gen:  0)
   521824      4336   5112072  0.000  0.000   15.780    2.816    0    0  (Gen:  0)
   521776      4144   5111912  0.000  0.000   15.780    2.817    0    0  (Gen:  0)
   521792      3856   5111712  0.000  0.000   15.781    2.817    0    0  (Gen:  0)
   521512      6680   5114568  0.000  0.000   15.781    2.817    0    0  (Gen:  0)
   521576      6504   5114456  0.000  0.000   15.782    2.817    0    0  (Gen:  0)
   521504      4080   5114616  0.000  0.000   15.782    2.817    0    0  (Gen:  0)
   521488      4008   5114576  0.000  0.000   15.783    2.817    0    0  (Gen:  0)
   521584      4024   5114624  0.000  0.000   15.784    2.817    0    0  (Gen:  0)
   521528      4024   5114640  0.000  0.000   15.784    2.817    0    0  (Gen:  0)
   521712      4480   5115112  0.000  0.000   15.785    2.818    0    0  (Gen:  0)
   521720      4176   5115096  0.000  0.000   15.785    2.818    0    0  (Gen:  0)
   521336      4376   5115384  0.000  0.000   15.786    2.818    0    0  (Gen:  0)
   521728      4008   5115272  0.000  0.000   15.786    2.818    0    0  (Gen:  0)
   521616      4376   5115728  0.000  0.000   15.787    2.818    0    0  (Gen:  0)
   521520      7904   5119672  0.000  0.000   15.788    2.818    0    0  (Gen:  0)
   521824      5920   5119512  0.000  0.000   15.788    2.818    0    0  (Gen:  0)
   521720      3992   5119504  0.000  0.000   15.789    2.818    0    0  (Gen:  0)
   521344      4128   5119656  0.000  0.000   15.789    2.818    0    0  (Gen:  0)
   521240      4176   5119752  0.000  0.000   15.790    2.819    0    0  (Gen:  0)
   521824      5832   5121424  0.000  0.000   15.790    2.819    0    0  (Gen:  0)
   521848      4080   5121352  0.000  0.000   15.791    2.819    0    0  (Gen:  0)
   521680      4080   5121512  0.000  0.000   15.792    2.819    0    0  (Gen:  0)
   521856      4192   5121656  0.000  0.000   15.792    2.819    0    0  (Gen:  0)
   521224      4192   5121688  0.000  0.000   15.793    2.819    0    0  (Gen:  0)
   521368      3992   5121504  0.000  0.000   15.793    2.819    0    0  (Gen:  0)
   521832      6544   5124072  0.000  0.000   15.794    2.819    0    0  (Gen:  0)
   521504      6264   5123872  0.000  0.000   15.794    2.820    0    0  (Gen:  0)
   521528      5928   5125840  0.000  0.000   15.795    2.820    0    0  (Gen:  0)
   521680      4000   5125520  0.000  0.000   15.796    2.820    0    0  (Gen:  0)
   521760      4128   5125736  0.000  0.000   15.796    2.820    0    0  (Gen:  0)
   521568      4328   5125968  0.000  0.000   15.797    2.820    0    0  (Gen:  0)
   521824      4144   5125832  0.000  0.000   15.797    2.820    0    0  (Gen:  0)
   521600      4064   5125840  0.000  0.000   15.798    2.820    0    0  (Gen:  0)
   521840      4296   5126088  0.000  0.000   15.798    2.820    0    0  (Gen:  0)
   521728      4160   5126000  0.000  0.000   15.799    2.821    0    0  (Gen:  0)
   521688      6464   5128320  0.000  0.000   15.800    2.821    0    0  (Gen:  0)
   521600      6216   5128136  0.000  0.000   15.800    2.821    0    0  (Gen:  0)
   521728      4232   5128280  0.000  0.000   15.801    2.821    0    0  (Gen:  0)
   521536      4304   5128384  0.000  0.000   15.801    2.821    0    0  (Gen:  0)
   521656      3752   5127864  0.000  0.000   15.802    2.821    0    0  (Gen:  0)
   521528      3928   5128056  0.000  0.000   15.802    2.821    0    0  (Gen:  0)
   521744      5912   5130056  0.000  0.000   15.803    2.821    0    0  (Gen:  0)
   521160      4176   5130152  0.000  0.000   15.804    2.822    0    0  (Gen:  0)
   521632      3976   5130040  0.000  0.000   15.804    2.822    0    0  (Gen:  0)
   521592      4016   5130096  0.000  0.000   15.805    2.822    0    0  (Gen:  0)
   521784      4024   5130152  0.000  0.000   15.805    2.822    0    0  (Gen:  0)
   521736      6568   5132712  0.000  0.000   15.806    2.822    0    0  (Gen:  0)
   521472      6464   5132672  0.000  0.000   15.807    2.822    0    0  (Gen:  0)
   521560      4104   5132728  0.000  0.000   15.807    2.822    0    0  (Gen:  0)
   521616      4080   5132736  0.000  0.000   15.808    2.822    0    0  (Gen:  0)
   521584      4096   5132784  0.000  0.000   15.808    2.822    0    0  (Gen:  0)
   521544      4024   5132728  0.000  0.000   15.809    2.823    0    0  (Gen:  0)
   521680      4480   5133200  0.000  0.000   15.809    2.823    0    0  (Gen:  0)
   521728      4168   5133176  0.000  0.000   15.810    2.823    0    0  (Gen:  0)
   521296      4240   5133336  0.000  0.000   15.810    2.823    0    0  (Gen:  0)
   521728      4048   5133400  0.000  0.000   15.811    2.823    0    0  (Gen:  0)
   521664      4448   5133888  0.000  0.000   15.812    2.823    0    0  (Gen:  0)
   521368      7512   5137368  0.000  0.000   15.812    2.823    0    0  (Gen:  0)
   521832      6192   5137552  0.000  0.000   15.813    2.823    0    0  (Gen:  0)
   521712      3912   5137456  0.000  0.000   15.813    2.824    0    0  (Gen:  0)
   521600      4096   5137656  0.000  0.000   15.814    2.824    0    0  (Gen:  0)
   521336      3976   5137584  0.000  0.000   15.814    2.824    0    0  (Gen:  0)
   521688      6208   5139832  0.000  0.000   15.815    2.824    0    0  (Gen:  0)
   521624      4176   5139776  0.000  0.000   15.816    2.824    0    0  (Gen:  0)
   521440      4136   5139896  0.000  0.000   15.816    2.824    0    0  (Gen:  0)
   521752      4224   5140016  0.000  0.000   15.817    2.824    0    0  (Gen:  0)
   521888      4120   5139944  0.000  0.000   15.817    2.824    0    0  (Gen:  0)
   521568      4104   5139944  0.000  0.000   15.818    2.825    0    0  (Gen:  0)
   521520      6648   5142504  0.000  0.000   15.819    2.825    0    0  (Gen:  0)
   521432      6344   5142280  0.000  0.000   15.819    2.825    0    0  (Gen:  0)
   521824      4304   5142576  0.000  0.000   15.820    2.825    0    0  (Gen:  0)
   521320      4160   5142464  0.000  0.000   15.820    2.825    0    0  (Gen:  0)
   521680      4040   5142432  0.000  0.000   15.821    2.825    0    0  (Gen:  0)
   521488      6240   5144664  0.000  0.000   15.821    2.825    0    0  (Gen:  0)
   521688      4360   5144896  0.000  0.000   15.822    2.825    0    0  (Gen:  0)
   521376      4104   5144728  0.000  0.000   15.823    2.826    0    0  (Gen:  0)
   521576      4160   5144800  0.000  0.000   15.823    2.826    0    0  (Gen:  0)
   521752      4008   5144696  0.000  0.000   15.824    2.826    0    0  (Gen:  0)
   521656      3920   5144624  0.000  0.000   15.824    2.826    0    0  (Gen:  0)
   521560      6656   5147376  0.000  0.000   15.825    2.826    0    0  (Gen:  0)
   521696      6528   5147328  0.000  0.000   15.825    2.826    0    0  (Gen:  0)
   521272      4168   5147464  0.000  0.000   15.826    2.826    0    0  (Gen:  0)
   521304      3968   5147296  0.000  0.000   15.827    2.826    0    0  (Gen:  0)
   521408      4136   5147552  0.000  0.000   15.827    2.826    0    0  (Gen:  0)
   521688      4504   5147952  0.000  0.000   15.828    2.827    0    0  (Gen:  0)
   521800      4248   5147968  0.000  0.000   15.828    2.827    0    0  (Gen:  0)
   521752      3872   5147680  0.000  0.000   15.829    2.827    0    0  (Gen:  0)
   521448      4320   5148144  0.000  0.000   15.829    2.827    0    0  (Gen:  0)
   521528      4320   5148416  0.000  0.000   15.830    2.827    0    0  (Gen:  0)
   521520      7600   5151936  0.000  0.000   15.831    2.827    0    0  (Gen:  0)
   521576      5632   5151792  0.000  0.000   15.831    2.827    0    0  (Gen:  0)
   521872      4056   5151944  0.000  0.000   15.832    2.827    0    0  (Gen:  0)
   521384      4280   5152200  0.000  0.000   15.832    2.828    0    0  (Gen:  0)
   521608      4232   5152184  0.000  0.000   15.833    2.828    0    0  (Gen:  0)
   521600      3928   5151896  0.000  0.000   15.833    2.828    0    0  (Gen:  0)
   521904      4096   5152080  0.000  0.000   15.834    2.828    0    0  (Gen:  0)
   521608      4112   5152160  0.000  0.000   15.834    2.828    0    0  (Gen:  0)
   521936      4112   5152248  0.000  0.000   15.835    2.828    0    0  (Gen:  0)
   521664      4064   5152232  0.000  0.000   15.836    2.828    0    0  (Gen:  0)
   521784      4112   5152368  0.000  0.000   15.836    2.828    0    0  (Gen:  0)
   521632      5984   5154272  0.000  0.000   15.837    2.829    0    0  (Gen:  0)
   521600      6008   5154360  0.000  0.000   15.837    2.829    0    0  (Gen:  0)
   521360      4160   5154360  0.000  0.000   15.838    2.829    0    0  (Gen:  0)
   521536      4080   5154296  0.000  0.000   15.838    2.829    0    0  (Gen:  0)
   521648      3992   5154256  0.000  0.000   15.839    2.829    0    0  (Gen:  0)
   521640      4296   5154576  0.000  0.000   15.840    2.829    0    0  (Gen:  0)
   521600      4192   5154520  0.000  0.000   15.840    2.829    0    0  (Gen:  0)
   521552      4248   5154736  0.000  0.000   15.841    2.829    0    0  (Gen:  0)
   521872      4160   5154680  0.000  0.000   15.841    2.829    0    0  (Gen:  0)
   521808      4168   5154720  0.000  0.000   15.842    2.830    0    0  (Gen:  0)
   521760      4008   5154576  0.000  0.000   15.842    2.830    0    0  (Gen:  0)
   521352      6832   5157416  0.000  0.000   15.843    2.830    0    0  (Gen:  0)
   521552      6480   5157144  0.000  0.000   15.844    2.830    0    0  (Gen:  0)
   521616      3896   5157072  0.000  0.000   15.844    2.830    0    0  (Gen:  0)
   521560      4024   5157216  0.000  0.000   15.845    2.830    0    0  (Gen:  0)
   521368      3968   5157208  0.000  0.000   15.845    2.830    0    0  (Gen:  0)
   521792      4448   5157704  0.000  0.000   15.846    2.830    0    0  (Gen:  0)
   521600      4208   5157736  0.000  0.000   15.846    2.831    0    0  (Gen:  0)
   521544      4008   5157696  0.000  0.000   15.847    2.831    0    0  (Gen:  0)
   521576      4296   5158016  0.000  0.000   15.848    2.831    0    0  (Gen:  0)
   521696      4416   5158392  0.000  0.000   15.848    2.831    0    0  (Gen:  0)
   521504      4696   5158912  0.000  0.000   15.849    2.831    0    0  (Gen:  0)
   521664      7416   5162352  0.000  0.000   15.849    2.831    0    0  (Gen:  0)
   521872      6080   5162376  0.000  0.000   15.850    2.831    0    0  (Gen:  0)
   521576      4200   5162416  0.000  0.000   15.851    2.831    0    0  (Gen:  0)
   521248      3920   5162168  0.000  0.000   15.851    2.832    0    0  (Gen:  0)
   521456      4176   5162512  0.000  0.000   15.852    2.832    0    0  (Gen:  0)
   521816      5872   5164240  0.000  0.000   15.852    2.832    0    0  (Gen:  0)
   521864      4320   5164368  0.000  0.000   15.853    2.832    0    0  (Gen:  0)
   521600      4048   5164184  0.000  0.000   15.853    2.832    0    0  (Gen:  0)
   521704      4152   5164304  0.000  0.000   15.854    2.832    0    0  (Gen:  0)
   521264      4232   5164432  0.000  0.000   15.855    2.832    0    0  (Gen:  0)
   521624      6656   5166872  0.000  0.000   15.855    2.832    0    0  (Gen:  0)
   521664      6312   5166592  0.000  0.000   15.856    2.833    0    0  (Gen:  0)
   521392      4480   5167152  0.000  0.000   15.856    2.833    0    0  (Gen:  0)
   521712      5568   5168656  0.000  0.000   15.857    2.833    0    0  (Gen:  0)
   521720      4016   5168552  0.000  0.000   15.857    2.833    0    0  (Gen:  0)
   521784      4032   5168584  0.000  0.000   15.858    2.833    0    0  (Gen:  0)
   521512      4312   5168880  0.000  0.000   15.859    2.833    0    0  (Gen:  0)
   521696      4264   5168896  0.000  0.000   15.859    2.833    0    0  (Gen:  0)
   521904      4352   5169072  0.000  0.000   15.860    2.833    0    0  (Gen:  0)
   521680      4000   5168752  0.000  0.000   15.860    2.833    0    0  (Gen:  0)
   521760      4128   5168968  0.000  0.000   15.861    2.834    0    0  (Gen:  0)
   521416      6280   5171152  0.000  0.000   15.861    2.834    0    0  (Gen:  0)
   521888      6200   5171136  0.000  0.000   15.862    2.834    0    0  (Gen:  0)
   521672      4216   5171208  0.000  0.000   15.863    2.834    0    0  (Gen:  0)
   521472      4296   5171304  0.000  0.000   15.863    2.834    0    0  (Gen:  0)
   521480      4152   5171208  0.000  0.000   15.864    2.834    0    0  (Gen:  0)
   521712      6216   5173288  0.000  0.000   15.864    2.834    0    0  (Gen:  0)
   521560      4304   5173192  0.000  0.000   15.865    2.834    0    0  (Gen:  0)
   521312      3960   5173008  0.000  0.000   15.865    2.835    0    0  (Gen:  0)
   521576      4080   5173160  0.000  0.000   15.866    2.835    0    0  (Gen:  0)
   521768      3920   5173032  0.000  0.000   15.866    2.835    0    0  (Gen:  0)
   521704      4024   5173224  0.000  0.000   15.867    2.835    0    0  (Gen:  0)
   521584      6544   5175776  0.000  0.000   15.868    2.835    0    0  (Gen:  0)
   521672      6368   5175664  0.000  0.000   15.868    2.835    0    0  (Gen:  0)
   521544      3968   5175608  0.000  0.000   15.869    2.835    0    0  (Gen:  0)
   521584      4080   5175736  0.000  0.000   15.869    2.835    0    0  (Gen:  0)
   521440      3920   5175624  0.000  0.000   15.870    2.836    0    0  (Gen:  0)
   521736      4536   5176256  0.000  0.000   15.870    2.836    0    0  (Gen:  0)
   521560      4192   5176184  0.000  0.000   15.871    2.836    0    0  (Gen:  0)
   521592      4000   5176152  0.000  0.000   15.872    2.836    0    0  (Gen:  0)
   521552      4432   5176616  0.000  0.000   15.872    2.836    0    0  (Gen:  0)
   521656      4416   5176856  0.000  0.000   15.873    2.836    0    0  (Gen:  0)
   521552      4464   5177144  0.000  0.000   15.873    2.836    0    0  (Gen:  0)
   521520      7520   5180760  0.000  0.000   15.874    2.836    0    0  (Gen:  0)
   521832      6288   5180728  0.000  0.000   15.875    2.837    0    0  (Gen:  0)
   521576      4248   5180872  0.000  0.000   15.875    2.837    0    0  (Gen:  0)
   521672      4160   5180816  0.000  0.000   15.876    2.837    0    0  (Gen:  0)
   521408      4176   5180920  0.000  0.000   15.876    2.837    0    0  (Gen:  0)
   521584      6096   5182872  0.000  0.000   15.877    2.837    0    0  (Gen:  0)
   521584      4120   5182872  0.000  0.000   15.877    2.837    0    0  (Gen:  0)
   521632      4048   5182888  0.000  0.000   15.878    2.837    0    0  (Gen:  0)
   521664      4240   5183096  0.000  0.000   15.879    2.837    0    0  (Gen:  0)
   521872      4136   5183040  0.000  0.000   15.879    2.837    0    0  (Gen:  0)
   521528      6512   5185432  0.000  0.000   15.880    2.838    0    0  (Gen:  0)
   521656      6456   5185440  0.000  0.000   15.880    2.838    0    0  (Gen:  0)
   521408      4208   5185600  0.000  0.000   15.881    2.838    0    0  (Gen:  0)
   521560      4232   5185656  0.000  0.000   15.881    2.838    0    0  (Gen:  0)
   521616      4104   5185560  0.000  0.000   15.882    2.838    0    0  (Gen:  0)
   521592      4032   5185504  0.000  0.000   15.883    2.838    0    0  (Gen:  0)
   521616      6304   5187792  0.000  0.000   15.883    2.838    0    0  (Gen:  0)
   521448      4248   5187864  0.000  0.000   15.884    2.838    0    0  (Gen:  0)
   521560      4192   5187896  0.000  0.000   15.884    2.839    0    0  (Gen:  0)
   521592      4104   5187840  0.000  0.000   15.885    2.839    0    0  (Gen:  0)
   521736      4176   5188000  0.000  0.000   15.885    2.839    0    0  (Gen:  0)
   521560      6944   5190800  0.000  0.000   15.886    2.839    0    0  (Gen:  0)
   521624      6160   5190080  0.001  0.000   15.888    2.839    0    0  (Gen:  0)
   521496      3936   5190352  0.001  0.000   15.889    2.839    0    0  (Gen:  0)
   521392      4008   5190424  0.000  0.000   15.889    2.839    0    0  (Gen:  0)
   521184      4024   5190472  0.000  0.000   15.890    2.840    0    0  (Gen:  0)
   521640      3936   5190400  0.000  0.000   15.890    2.840    0    0  (Gen:  0)
   521712      4448   5190928  0.000  0.000   15.891    2.840    0    0  (Gen:  0)
   521752      4080   5190848  0.000  0.000   15.891    2.840    0    0  (Gen:  0)
   521640      4376   5191232  0.000  0.000   15.892    2.840    0    0  (Gen:  0)
   521544      4064   5191176  0.000  0.000   15.893    2.840    0    0  (Gen:  0)
   521552      4448   5191648  0.000  0.000   15.893    2.840    0    0  (Gen:  0)
   521416      7464   5195080  0.000  0.000   15.894    2.840    0    0  (Gen:  0)
   521792      5672   5194952  0.000  0.000   15.895    2.841    0    0  (Gen:  0)
   521736      3992   5194928  0.000  0.000   15.895    2.841    0    0  (Gen:  0)
   521408      4192   5195144  0.000  0.000   15.896    2.841    0    0  (Gen:  0)
   521544      4064   5195064  0.000  0.000   15.896    2.841    0    0  (Gen:  0)
   521664      4384   5195400  0.000  0.000   15.897    2.841    0    0  (Gen:  0)
   521816      4088   5195152  0.000  0.000   15.897    2.841    0    0  (Gen:  0)
   521640      4136   5195360  0.000  0.000   15.898    2.841    0    0  (Gen:  0)
   521920      4208   5195464  0.000  0.000   15.898    2.841    0    0  (Gen:  0)
   521768      4200   5195488  0.000  0.000   15.899    2.842    0    0  (Gen:  0)
   521640      3936   5195240  0.000  0.000   15.900    2.842    0    0  (Gen:  0)
   521736      6000   5197320  0.000  0.000   15.900    2.842    0    0  (Gen:  0)
   521400      5704   5197104  0.000  0.000   15.901    2.842    0    0  (Gen:  0)
   521584      4248   5197496  0.000  0.000   15.901    2.842    0    0  (Gen:  0)
   521576      4152   5197432  0.000  0.000   15.902    2.842    0    0  (Gen:  0)
   521464      3960   5197328  0.000  0.000   15.902    2.842    0    0  (Gen:  0)
   521512      4368   5197768  0.000  0.000   15.903    2.842    0    0  (Gen:  0)
   521872      4344   5197792  0.000  0.000   15.904    2.843    0    0  (Gen:  0)
   521584      4008   5197544  0.000  0.000   15.904    2.843    0    0  (Gen:  0)
   521880      4240   5197792  0.000  0.000   15.905    2.843    0    0  (Gen:  0)
   521712      4152   5197752  0.000  0.000   15.905    2.843    0    0  (Gen:  0)
   521616      6736   5200352  0.000  0.000   15.906    2.843    0    0  (Gen:  0)
   521544      6616   5200296  0.000  0.000   15.907    2.843    0    0  (Gen:  0)
   521448      4248   5200512  0.000  0.000   15.907    2.843    0    0  (Gen:  0)
   521568      4088   5200384  0.000  0.000   15.908    2.843    0    0  (Gen:  0)
   521688      4288   5200616  0.000  0.000   15.908    2.844    0    0  (Gen:  0)
   521376      4104   5200448  0.000  0.000   15.909    2.844    0    0  (Gen:  0)
   521720      4312   5200672  0.000  0.000   15.909    2.844    0    0  (Gen:  0)
   521752      4064   5200712  0.000  0.000   15.910    2.844    0    0  (Gen:  0)
   521280      3952   5200688  0.000  0.000   15.911    2.844    0    0  (Gen:  0)
   521720      4160   5200912  0.001  0.000   15.912    2.844    0    0  (Gen:  0)
   521776      4288   5201312  0.001  0.000   15.913    2.845    0    0  (Gen:  0)
   521408      8120   5205384  0.001  0.000   15.914    2.845    0    0  (Gen:  0)
   521800      5944   5205192  0.001  0.000   15.916    2.845    0    0  (Gen:  0)
   521792      4168   5205408  0.001  0.000   15.917    2.845    0    0  (Gen:  0)
   521512      4192   5205464  0.001  0.000   15.918    2.845    0    0  (Gen:  0)
   521200      3984   5205288  0.001  0.000   15.919    2.846    0    0  (Gen:  0)
   521528      3984   5205304  0.001  0.000   15.920    2.846    0    0  (Gen:  0)
   521912      5808   5207144  0.000  0.000   15.921    2.846    0    0  (Gen:  0)
   521736      4168   5207200  0.000  0.000   15.922    2.846    0    0  (Gen:  0)
   521920      4240   5207360  0.000  0.000   15.922    2.846    0    0  (Gen:  0)
   521248      4088   5207240  0.000  0.000   15.923    2.846    0    0  (Gen:  0)
   521448      4072   5207312  0.000  0.000   15.923    2.846    0    0  (Gen:  0)
   521608      6560   5209832  0.000  0.000   15.924    2.846    0    0  (Gen:  0)
   521560      6432   5209768  0.000  0.000   15.925    2.847    0    0  (Gen:  0)
   521448      4240   5209872  0.000  0.000   15.925    2.847    0    0  (Gen:  0)
   521776      5312   5211400  0.000  0.000   15.926    2.847    0    0  (Gen:  0)
   521792      4176   5211456  0.000  0.000   15.926    2.847    0    0  (Gen:  0)
   521656      4352   5211648  0.000  0.000   15.927    2.847    0    0  (Gen:  0)
   521672      4168   5211512  0.000  0.000   15.927    2.847    0    0  (Gen:  0)
   521576      4104   5211608  0.000  0.000   15.928    2.847    0    0  (Gen:  0)
   521944      4152   5211688  0.000  0.000   15.929    2.847    0    0  (Gen:  0)
   521720      4016   5211584  0.000  0.000   15.929    2.848    0    0  (Gen:  0)
   521688      4024   5211608  0.000  0.000   15.930    2.848    0    0  (Gen:  0)
   521440      6408   5214008  0.000  0.000   15.930    2.848    0    0  (Gen:  0)
   521840      6008   5213688  0.000  0.000   15.931    2.848    0    0  (Gen:  0)
   521704      4208   5213944  0.000  0.000   15.932    2.848    0    0  (Gen:  0)
   521528      4136   5213904  0.001  0.000   15.933    2.848    0    0  (Gen:  0)
   521408      4040   5213896  0.001  0.000   15.934    2.848    0    0  (Gen:  0)
   521856      6064   5215952  0.001  0.000   15.935    2.849    0    0  (Gen:  0)
   521288      4264   5215968  0.001  0.000   15.936    2.849    0    0  (Gen:  0)
   521456      4088   5215880  0.001  0.000   15.937    2.849    0    0  (Gen:  0)
   521544      4280   5216088  0.001  0.000   15.938    2.849    0    0  (Gen:  0)
   521712      4136   5215992  0.001  0.000   15.939    2.849    0    0  (Gen:  0)
   521872      6304   5218176  0.001  0.000   15.940    2.850    0    0  (Gen:  0)
   521544      6320   5218256  0.000  0.000   15.941    2.850    0    0  (Gen:  0)
   521472      3944   5218296  0.000  0.000   15.942    2.850    0    0  (Gen:  0)
   521568      4192   5218576  0.000  0.000   15.942    2.850    0    0  (Gen:  0)
   521664      4064   5218480  0.000  0.000   15.943    2.850    0    0  (Gen:  0)
   521520      3992   5218496  0.000  0.000   15.943    2.850    0    0  (Gen:  0)
   521664      4360   5218896  0.000  0.000   15.944    2.850    0    0  (Gen:  0)
   521752      4152   5218960  0.000  0.000   15.945    2.850    0    0  (Gen:  0)
   521304      3896   5218792  0.000  0.000   15.945    2.851    0    0  (Gen:  0)
   521736      4432   5219344  0.000  0.000   15.946    2.851    0    0  (Gen:  0)
   521728      4304   5219488  0.000  0.000   15.946    2.851    0    0  (Gen:  0)
   521304      7880   5223304  0.000  0.000   15.947    2.851    0    0  (Gen:  0)
   521760      6200   5223288  0.000  0.000   15.948    2.851    0    0  (Gen:  0)
   521824      4072   5223416  0.000  0.000   15.948    2.851    0    0  (Gen:  0)
   521440      4136   5223512  0.001  0.000   15.950    2.852    0    0  (Gen:  0)
   521592      4000   5223408  0.000  0.000   15.951    2.852    0    0  (Gen:  0)
   521496      3976   5223400  0.000  0.000   15.951    2.852    0    0  (Gen:  0)
   521640      6240   5225680  0.000  0.000   15.952    2.852    0    0  (Gen:  0)
   521504      4232   5225664  0.000  0.000   15.952    2.852    0    0  (Gen:  0)
   521688      4304   5225824  0.000  0.000   15.953    2.852    0    0  (Gen:  0)
   521880      3928   5225480  0.001  0.000   15.954    2.852    0    0  (Gen:  0)
   521672      4040   5225680  0.001  0.000   15.955    2.852    0    0  (Gen:  0)
   521488      6488   5228160  0.001  0.000   15.956    2.853    0    0  (Gen:  0)
   521528      6408   5228144  0.001  0.000   15.957    2.853    0    0  (Gen:  0)
   521696      3944   5228016  0.001  0.000   15.959    2.853    0    0  (Gen:  0)
   521400      4224   5228312  0.001  0.000   15.960    2.853    0    0  (Gen:  0)
   521544      4120   5228256  0.001  0.000   15.961    2.853    0    0  (Gen:  0)
   521600      6456   5230608  0.001  0.000   15.962    2.854    0    0  (Gen:  0)
   521536      4144   5230408  0.000  0.000   15.963    2.854    0    0  (Gen:  0)
   521536      3992   5230416  0.000  0.000   15.963    2.854    0    0  (Gen:  0)
   521464      4184   5230640  0.000  0.000   15.964    2.854    0    0  (Gen:  0)
   521872      4232   5230720  0.000  0.000   15.964    2.854    0    0  (Gen:  0)
   521600      3976   5230480  0.000  0.000   15.965    2.854    0    0  (Gen:  0)
   521480      6792   5233312  0.000  0.000   15.966    2.854    0    0  (Gen:  0)
   521808      6600   5233200  0.000  0.000   15.966    2.854    0    0  (Gen:  0)
   521240      4224   5233320  0.000  0.000   15.967    2.855    0    0  (Gen:  0)
   521408      4192   5233320  0.000  0.000   15.967    2.855    0    0  (Gen:  0)
   521312      4192   5233408  0.000  0.000   15.968    2.855    0    0  (Gen:  0)
   521656      4408   5233656  0.000  0.000   15.968    2.855    0    0  (Gen:  0)
   521744      4008   5233528  0.000  0.000   15.969    2.855    0    0  (Gen:  0)
   521768      4000   5233680  0.000  0.000   15.970    2.855    0    0  (Gen:  0)
   521472      4144   5233856  0.000  0.000   15.970    2.855    0    0  (Gen:  0)
   521576      4304   5234272  0.000  0.000   15.971    2.855    0    0  (Gen:  0)
   521616      4840   5235048  0.000  0.000   15.971    2.856    0    0  (Gen:  0)
   521488      6840   5237928  0.000  0.000   15.972    2.856    0    0  (Gen:  0)
   521800      5816   5237944  0.000  0.000   15.972    2.856    0    0  (Gen:  0)
   521592      4128   5237912  0.000  0.000   15.973    2.856    0    0  (Gen:  0)
   521544      4040   5237856  0.000  0.000   15.974    2.856    0    0  (Gen:  0)
   521600      4056   5237960  0.000  0.000   15.974    2.856    0    0  (Gen:  0)
   521768      4128   5238064  0.000  0.000   15.975    2.856    0    0  (Gen:  0)
   521608      4088   5238072  0.000  0.000   15.975    2.856    0    0  (Gen:  0)
   521792      4032   5238104  0.000  0.000   15.976    2.857    0    0  (Gen:  0)
   521832      4184   5238272  0.000  0.000   15.976    2.857    0    0  (Gen:  0)
   521800      4096   5238232  0.000  0.000   15.977    2.857    0    0  (Gen:  0)
   521592      6008   5240160  0.000  0.000   15.978    2.857    0    0  (Gen:  0)
   521664      5768   5239984  0.000  0.000   15.978    2.857    0    0  (Gen:  0)
   521480      3952   5240088  0.000  0.000   15.979    2.857    0    0  (Gen:  0)
   521432      4136   5240304  0.000  0.000   15.979    2.857    0    0  (Gen:  0)
   521624      4176   5240376  0.000  0.000   15.980    2.857    0    0  (Gen:  0)
   521592      4080   5240296  0.000  0.000   15.980    2.857    0    0  (Gen:  0)
   521560      4160   5240392  0.000  0.000   15.981    2.858    0    0  (Gen:  0)
   521704      4184   5240480  0.000  0.000   15.982    2.858    0    0  (Gen:  0)
   521848      4192   5240576  0.000  0.000   15.982    2.858    0    0  (Gen:  0)
   521696      4104   5240520  0.000  0.000   15.983    2.858    0    0  (Gen:  0)
   521728      4136   5240640  0.000  0.000   15.983    2.858    0    0  (Gen:  0)
   521552      6608   5243144  0.000  0.000   15.984    2.858    0    0  (Gen:  0)
   521576      6688   5243288  0.000  0.000   15.984    2.858    0    0  (Gen:  0)
   521520      3968   5243080  0.000  0.000   15.985    2.858    0    0  (Gen:  0)
   521600      4152   5243280  0.000  0.000   15.986    2.859    0    0  (Gen:  0)
   521448      4176   5243352  0.000  0.000   15.986    2.859    0    0  (Gen:  0)
   521616      4648   5243840  0.000  0.000   15.987    2.859    0    0  (Gen:  0)
   521616      4176   5243640  0.000  0.000   15.987    2.859    0    0  (Gen:  0)
   521688      4120   5243744  0.000  0.000   15.988    2.859    0    0  (Gen:  0)
   521352      4488   5244144  0.000  0.000   15.988    2.859    0    0  (Gen:  0)
   521768      4568   5244480  0.000  0.000   15.989    2.859    0    0  (Gen:  0)
   521600      4296   5244448  0.000  0.000   15.990    2.859    0    0  (Gen:  0)
   521576      7648   5248200  0.000  0.000   15.990    2.860    0    0  (Gen:  0)
   521784      6000   5248232  0.000  0.000   15.991    2.860    0    0  (Gen:  0)
   521696      3976   5248128  0.000  0.000   15.991    2.860    0    0  (Gen:  0)
   521360      4096   5248264  0.000  0.000   15.992    2.860    0    0  (Gen:  0)
   521248      3904   5248120  0.000  0.000   15.992    2.860    0    0  (Gen:  0)
   521856      5904   5250136  0.000  0.000   15.993    2.860    0    0  (Gen:  0)
   521776      4064   5249976  0.000  0.000   15.994    2.860    0    0  (Gen:  0)
   521720      4080   5250152  0.000  0.000   15.994    2.860    0    0  (Gen:  0)
   521880      4016   5250120  0.000  0.000   15.995    2.861    0    0  (Gen:  0)
   521192      4104   5250240  0.000  0.000   15.995    2.861    0    0  (Gen:  0)
   521368      3904   5250056  0.000  0.000   15.996    2.861    0    0  (Gen:  0)
   521848      6616   5252784  0.000  0.000   15.996    2.861    0    0  (Gen:  0)
   521440      6280   5252528  0.000  0.000   15.997    2.861    0    0  (Gen:  0)
   521648      5912   5254464  0.000  0.000   15.998    2.861    0    0  (Gen:  0)
   521600      4120   5254280  0.000  0.000   15.998    2.861    0    0  (Gen:  0)
   521856      4176   5254424  0.000  0.000   15.999    2.861    0    0  (Gen:  0)
   521568      4296   5254576  0.000  0.000   15.999    2.861    0    0  (Gen:  0)
   521688      4080   5254408  0.000  0.000   16.000    2.862    0    0  (Gen:  0)
   521680      3968   5254384  0.000  0.000   16.000    2.862    0    0  (Gen:  0)
   521872      4168   5254600  0.000  0.000   16.001    2.862    0    0  (Gen:  0)
   521792      4176   5254656  0.000  0.000   16.002    2.862    0    0  (Gen:  0)
   521520      6088   5256584  0.000  0.000   16.002    2.862    0    0  (Gen:  0)
   521680      6088   5256648  0.000  0.000   16.003    2.862    0    0  (Gen:  0)
   521728      4152   5256840  0.000  0.000   16.003    2.862    0    0  (Gen:  0)
   521504      4280   5257000  0.000  0.000   16.004    2.862    0    0  (Gen:  0)
   521552      4088   5256840  0.000  0.000   16.004    2.863    0    0  (Gen:  0)
   521680      4048   5256816  0.000  0.000   16.005    2.863    0    0  (Gen:  0)
   521664      6024   5258808  0.000  0.000   16.006    2.863    0    0  (Gen:  0)
   521256      4192   5258808  0.000  0.000   16.006    2.863    0    0  (Gen:  0)
   521560      4160   5258864  0.000  0.000   16.007    2.863    0    0  (Gen:  0)
   521600      4136   5258872  0.000  0.000   16.007    2.863    0    0  (Gen:  0)
   521784      4096   5258920  0.000  0.000   16.008    2.863    0    0  (Gen:  0)
   521688      6464   5261320  0.000  0.000   16.008    2.863    0    0  (Gen:  0)
   521568      6544   5261464  0.000  0.000   16.009    2.864    0    0  (Gen:  0)
   521544      4120   5261384  0.000  0.000   16.010    2.864    0    0  (Gen:  0)
   521576      4176   5261456  0.000  0.000   16.010    2.864    0    0  (Gen:  0)
   521592      4232   5261560  0.000  0.000   16.011    2.864    0    0  (Gen:  0)
   521560      4008   5261352  0.000  0.000   16.011    2.864    0    0  (Gen:  0)
   521632      4120   5261736  0.000  0.000   16.012    2.864    0    0  (Gen:  0)
   521696      3920   5261632  0.000  0.000   16.012    2.864    0    0  (Gen:  0)
   521408      4320   5262048  0.000  0.000   16.013    2.864    0    0  (Gen:  0)
   521712      3992   5261976  0.000  0.000   16.014    2.865    0    0  (Gen:  0)
   521600      4536   5262608  0.000  0.000   16.014    2.865    0    0  (Gen:  0)
   521400      7792   5266280  0.000  0.000   16.015    2.865    0    0  (Gen:  0)
   521856      6216   5266208  0.000  0.000   16.015    2.865    0    0  (Gen:  0)
   521704      4032   5266208  0.000  0.000   16.016    2.865    0    0  (Gen:  0)
   521528      4112   5266304  0.000  0.000   16.017    2.865    0    0  (Gen:  0)
   521360      4064   5266304  0.000  0.000   16.017    2.865    0    0  (Gen:  0)
   521752      6280   5268536  0.000  0.000   16.018    2.865    0    0  (Gen:  0)
   521616      4168   5268400  0.000  0.000   16.018    2.865    0    0  (Gen:  0)
   521528      4104   5268496  0.000  0.000   16.019    2.866    0    0  (Gen:  0)
   521680      4136   5268560  0.000  0.000   16.019    2.866    0    0  (Gen:  0)
   521872      4080   5268536  0.000  0.000   16.020    2.866    0    0  (Gen:  0)
   521576      4048   5268520  0.000  0.000   16.020    2.866    0    0  (Gen:  0)
   521504      6528   5271016  0.000  0.000   16.021    2.866    0    0  (Gen:  0)
   521504      6256   5270824  0.000  0.000   16.022    2.866    0    0  (Gen:  0)
   521680      4184   5271088  0.000  0.000   16.022    2.866    0    0  (Gen:  0)
   521400      4064   5271000  0.000  0.000   16.023    2.866    0    0  (Gen:  0)
   521648      4040   5271064  0.000  0.000   16.023    2.867    0    0  (Gen:  0)
   521568      6304   5273360  0.000  0.000   16.024    2.867    0    0  (Gen:  0)
   521576      4192   5273360  0.000  0.000   16.025    2.867    0    0  (Gen:  0)
   521392      4032   5273288  0.000  0.000   16.025    2.867    0    0  (Gen:  0)
   521600      4240   5273512  0.000  0.000   16.026    2.867    0    0  (Gen:  0)
   521800      4152   5273472  0.000  0.000   16.026    2.867    0    0  (Gen:  0)
   521608      6616   5275952  0.000  0.000   16.027    2.867    0    0  (Gen:  0)
   521584      6512   5275912  0.000  0.000   16.027    2.867    0    0  (Gen:  0)
   521632      4152   5276120  0.000  0.000   16.028    2.868    0    0  (Gen:  0)
   521312      4248   5276248  0.000  0.000   16.029    2.868    0    0  (Gen:  0)
   521256      4216   5276248  0.000  0.000   16.029    2.868    0    0  (Gen:  0)
   521480      4008   5276056  0.000  0.000   16.030    2.868    0    0  (Gen:  0)
   521712      4576   5276640  0.000  0.000   16.030    2.868    0    0  (Gen:  0)
   521752      4248   5276600  0.000  0.000   16.031    2.868    0    0  (Gen:  0)
   521776      4544   5276984  0.000  0.000   16.031    2.868    0    0  (Gen:  0)
   521464      4208   5276904  0.001  0.000   16.032    2.868    0    0  (Gen:  0)
   521488      4456   5277240  0.001  0.000   16.033    2.869    0    0  (Gen:  0)
   521424      7408   5280608  0.001  0.000   16.034    2.869    0    0  (Gen:  0)
   521728      5760   5280624  0.001  0.000   16.035    2.869    0    0  (Gen:  0)
   521808      4024   5280616  0.001  0.000   16.036    2.869    0    0  (Gen:  0)
   521424      4056   5280680  0.001  0.000   16.037    2.869    0    0  (Gen:  0)
   521552      4120   5280776  0.000  0.000   16.038    2.869    0    0  (Gen:  0)
   521656      3968   5280640  0.000  0.000   16.038    2.870    0    0  (Gen:  0)
   521880      4368   5281056  0.000  0.000   16.039    2.870    0    0  (Gen:  0)
   521552      4088   5280840  0.000  0.000   16.043    2.870    0    0  (Gen:  0)
   521992      4064   5280904  0.000  0.000   16.043    2.870    0    0  (Gen:  0)
   521592      3976   5280848  0.000  0.000   16.044    2.870    0    0  (Gen:  0)
   521896      4112   5281072  0.000  0.000   16.044    2.870    0    0  (Gen:  0)
   521552      6072   5283064  0.000  0.000   16.045    2.871    0    0  (Gen:  0)
   521576      5920   5282976  0.000  0.000   16.046    2.871    0    0  (Gen:  0)
   521488      4016   5282920  0.000  0.000   16.046    2.871    0    0  (Gen:  0)
   521496      4280   5283200  0.000  0.000   16.047    2.871    0    0  (Gen:  0)
   521568      4176   5283144  0.000  0.000   16.047    2.871    0    0  (Gen:  0)
   521616      4224   5283208  0.000  0.000   16.048    2.871    0    0  (Gen:  0)
   521640      4120   5283152  0.000  0.000   16.049    2.871    0    0  (Gen:  0)
   521608      4152   5283344  0.000  0.000   16.049    2.871    0    0  (Gen:  0)
   521936      3976   5283200  0.000  0.000   16.050    2.872    0    0  (Gen:  0)
   521744      4136   5283392  0.000  0.000   16.051    2.872    0    0  (Gen:  0)
   521640      3976   5283248  0.000  0.000   16.051    2.872    0    0  (Gen:  0)
   521480      6576   5285864  0.000  0.000   16.052    2.872    0    0  (Gen:  0)
   521480      6632   5286000  0.000  0.000   16.052    2.872    0    0  (Gen:  0)
   521664      4304   5286184  0.000  0.000   16.053    2.872    0    0  (Gen:  0)
   521480      4072   5285984  0.002  0.000   16.055    2.872    0    0  (Gen:  0)
   521536      3992   5285992  0.000  0.000   16.055    2.873    0    0  (Gen:  0)
   521704      4520   5286552  0.000  0.000   16.056    2.873    0    0  (Gen:  0)
   521640      4176   5286480  0.001  0.000   16.057    2.873    0    0  (Gen:  0)
   521488      4032   5286424  0.000  0.000   16.058    2.873    0    0  (Gen:  0)
   521512      4488   5286896  0.000  0.000   16.058    2.873    0    0  (Gen:  0)
   521792      4320   5287000  0.000  0.000   16.059    2.873    0    0  (Gen:  0)
   521480      8176   5291096  0.001  0.000   16.060    2.873    0    0  (Gen:  0)
   521736      6208   5291112  0.000  0.000   16.061    2.873    0    0  (Gen:  0)
   521736      3928   5290824  0.000  0.000   16.061    2.874    0    0  (Gen:  0)
   521608      4080   5291008  0.000  0.000   16.062    2.874    0    0  (Gen:  0)
   521280      4024   5290984  0.000  0.000   16.062    2.874    0    0  (Gen:  0)
   521432      3920   5290968  0.000  0.000   16.063    2.874    0    0  (Gen:  0)
   521880      5784   5292864  0.000  0.000   16.063    2.874    0    0  (Gen:  0)
   521776      3944   5292704  0.000  0.000   16.064    2.874    0    0  (Gen:  0)
   521680      3920   5292768  0.000  0.000   16.064    2.874    0    0  (Gen:  0)
   521680      4072   5292936  0.000  0.000   16.065    2.874    0    0  (Gen:  0)
   521216      4120   5293032  0.000  0.000   16.066    2.875    0    0  (Gen:  0)
   521672      6240   5295168  0.001  0.000   16.066    2.875    0    0  (Gen:  0)
   521600      6224   5295216  0.000  0.000   16.067    2.875    0    0  (Gen:  0)
   521392      4480   5295864  0.000  0.000   16.068    2.875    0    0  (Gen:  0)
   521760      5600   5297400  0.000  0.000   16.068    2.875    0    0  (Gen:  0)
   521792      4104   5297352  0.000  0.000   16.071    2.875    0    0  (Gen:  0)
   521728      4104   5297368  0.000  0.000   16.072    2.876    0    0  (Gen:  0)
   521624      4288   5297568  0.000  0.000   16.072    2.876    0    0  (Gen:  0)
   521600      4168   5297512  0.000  0.000   16.074    2.876    0    0  (Gen:  0)
   521944      4336   5297768  0.000  0.000   16.075    2.876    0    0  (Gen:  0)
   521600      4120   5297584  0.000  0.000   16.076    2.876    0    0  (Gen:  0)
   521856      4176   5297728  0.001  0.000   16.077    2.876    0    0  (Gen:  0)
   521352      6240   5299824  0.001  0.000   16.078    2.877    0    0  (Gen:  0)
   521880      6072   5299720  0.001  0.000   16.079    2.877    0    0  (Gen:  0)
   521640      3960   5299664  0.002  0.000   16.082    2.877    0    0  (Gen:  0)
   521544      4152   5299872  0.001  0.000   16.083    2.877    0    0  (Gen:  0)
   521472      4096   5299864  0.001  0.000   16.084    2.877    0    0  (Gen:  0)
   521768      6080   5301864  0.000  0.000   16.086    2.878    0    0  (Gen:  0)
   521424      4168   5301768  0.001  0.000   16.087    2.878    0    0  (Gen:  0)
   521320      4096   5301856  0.000  0.000   16.088    2.878    0    0  (Gen:  0)
   521608      4280   5302072  0.000  0.000   16.088    2.878    0    0  (Gen:  0)
   521824      4144   5301968  0.000  0.000   16.090    2.878    0    0  (Gen:  0)
   521736      3856   5301696  0.000  0.000   16.090    2.878    0    0  (Gen:  0)
   521536      6480   5304336  0.000  0.000   16.091    2.879    0    0  (Gen:  0)
   521576      6360   5304296  0.000  0.000   16.091    2.879    0    0  (Gen:  0)
   521608      4376   5304656  0.000  0.000   16.093    2.879    0    0  (Gen:  0)
   521536      4144   5304456  0.000  0.000   16.093    2.879    0    0  (Gen:  0)
   521552      4048   5304448  0.000  0.000   16.094    2.879    0    0  (Gen:  0)
   521680      4520   5304952  0.000  0.000   16.095    2.879    0    0  (Gen:  0)
   521632      4264   5304968  0.000  0.000   16.101    2.880    0    0  (Gen:  0)
   521488      4120   5304912  0.000  0.000   16.102    2.880    0    0  (Gen:  0)
   521544      4544   5305352  0.000  0.000   16.104    2.880    0    0  (Gen:  0)
   521768      4280   5305360  0.000  0.000   16.104    2.880    0    0  (Gen:  0)
   521488      5104   5306424  0.000  0.000   16.105    2.881    0    0  (Gen:  0)
   521592      6824   5309344  0.000  0.000   16.106    2.881    0    0  (Gen:  0)
   521768      6232   5309312  0.005  0.000   16.111    2.881    0    0  (Gen:  0)
   521592      4152   5309416  0.000  0.000   16.111    2.881    0    0  (Gen:  0)
   521648      3984   5309280  0.000  0.000   16.114    2.882    0    0  (Gen:  0)
   521384      4152   5309536  0.000  0.000   16.115    2.882    0    0  (Gen:  0)
   521640      6240   5311656  0.000  0.000   16.116    2.882    0    0  (Gen:  0)
   521472      4136   5311528  0.000  0.000   16.117    2.882    0    0  (Gen:  0)
   521728      3936   5311416  0.000  0.000   16.118    2.882    0    0  (Gen:  0)
   521752      4184   5311680  0.000  0.000   16.118    2.882    0    0  (Gen:  0)
   521736      4104   5311648  0.000  0.000   16.119    2.883    0    0  (Gen:  0)
   521624      6560   5314120  0.000  0.000   16.120    2.883    0    0  (Gen:  0)
   521608      6344   5313968  0.000  0.000   16.120    2.883    0    0  (Gen:  0)
   521496      4152   5314184  0.000  0.000   16.121    2.883    0    0  (Gen:  0)
   521408      4112   5314176  0.000  0.000   16.121    2.883    0    0  (Gen:  0)
   521608      4160   5314256  0.000  0.000   16.122    2.883    0    0  (Gen:  0)
   521552      4104   5314216  0.000  0.000   16.122    2.883    0    0  (Gen:  0)
   521696      6224   5316352  0.000  0.000   16.123    2.883    0    0  (Gen:  0)
   521360      4136   5316392  0.000  0.000   16.124    2.884    0    0  (Gen:  0)
   521560      4120   5316464  0.000  0.000   16.127    2.884    0    0  (Gen:  0)
   521736      4064   5316440  0.000  0.000   16.127    2.884    0    0  (Gen:  0)
   521720      4152   5316616  0.000  0.000   16.128    2.884    0    0  (Gen:  0)
   521488      6688   5319184  0.000  0.000   16.129    2.884    0    0  (Gen:  0)
   521656      6632   5319192  0.000  0.000   16.129    2.884    0    0  (Gen:  0)
   521416      3904   5318960  0.000  0.000   16.130    2.885    0    0  (Gen:  0)
   521408      4104   5319176  0.000  0.000   16.130    2.885    0    0  (Gen:  0)
   521320      4048   5319168  0.000  0.000   16.131    2.885    0    0  (Gen:  0)
   521616      4632   5319768  0.000  0.000   16.132    2.885    0    0  (Gen:  0)
   521632      4136   5319544  0.000  0.000   16.132    2.885    0    0  (Gen:  0)
   521712      4208   5319776  0.000  0.000   16.133    2.885    0    0  (Gen:  0)
   521688      4400   5320000  0.000  0.000   16.133    2.885    0    0  (Gen:  0)
   521576      4360   5320216  0.000  0.000   16.134    2.885    0    0  (Gen:  0)
   521544      4400   5320496  0.000  0.000   16.134    2.885    0    0  (Gen:  0)
   521424      7144   5323640  0.000  0.000   16.135    2.886    0    0  (Gen:  0)
   521808      5664   5323680  0.000  0.000   16.136    2.886    0    0  (Gen:  0)
   521728      3896   5323568  0.000  0.000   16.136    2.886    0    0  (Gen:  0)
   521408      3968   5323656  0.000  0.000   16.137    2.886    0    0  (Gen:  0)
   521528      4008   5323744  0.000  0.000   16.137    2.886    0    0  (Gen:  0)
   521760      4336   5324088  0.000  0.000   16.138    2.886    0    0  (Gen:  0)
   521792      4056   5323856  0.000  0.000   16.138    2.886    0    0  (Gen:  0)
   521624      4096   5324056  0.000  0.000   16.139    2.886    0    0  (Gen:  0)
   521864      4168   5324160  0.000  0.000   16.139    2.887    0    0  (Gen:  0)
   521832      3976   5324000  0.000  0.000   16.140    2.887    0    0  (Gen:  0)
   521520      4008   5324048  0.000  0.000   16.141    2.887    0    0  (Gen:  0)
   521768      6032   5326088  0.000  0.000   16.141    2.887    0    0  (Gen:  0)
   521352      5824   5325960  0.000  0.000   16.142    2.887    0    0  (Gen:  0)
   521672      4240   5326224  0.000  0.000   16.142    2.887    0    0  (Gen:  0)
   521472      4104   5326120  0.000  0.000   16.143    2.887    0    0  (Gen:  0)
   521632      4008   5326112  0.000  0.000   16.143    2.887    0    0  (Gen:  0)
   521552      4312   5326448  0.000  0.000   16.144    2.888    0    0  (Gen:  0)
   521640      4072   5326256  0.000  0.000   16.145    2.888    0    0  (Gen:  0)
   521744      4032   5326304  0.000  0.000   16.145    2.888    0    0  (Gen:  0)
   521848      4224   5326512  0.000  0.000   16.146    2.888    0    0  (Gen:  0)
   521768      4120   5326456  0.000  0.000   16.146    2.888    0    0  (Gen:  0)
   521536      6792   5329144  0.000  0.000   16.147    2.888    0    0  (Gen:  0)
   521592      6648   5329064  0.000  0.000   16.148    2.888    0    0  (Gen:  0)
   521440      4136   5329136  0.000  0.000   16.148    2.888    0    0  (Gen:  0)
   521600      4152   5329184  0.000  0.000   16.149    2.889    0    0  (Gen:  0)
   521576      4120   5329184  0.000  0.000   16.149    2.889    0    0  (Gen:  0)
   521392      4032   5329112  0.000  0.000   16.150    2.889    0    0  (Gen:  0)
   521736      4496   5329592  0.000  0.000   16.150    2.889    0    0  (Gen:  0)
   521760      4192   5329576  0.000  0.000   16.151    2.889    0    0  (Gen:  0)
   521280      4296   5329768  0.000  0.000   16.151    2.889    0    0  (Gen:  0)
   521776      4080   5329808  0.000  0.000   16.152    2.889    0    0  (Gen:  0)
   521720      4424   5330240  0.000  0.000   16.153    2.889    0    0  (Gen:  0)
   521432      7864   5334096  0.000  0.000   16.153    2.889    0    0  (Gen:  0)
   521792      6064   5334120  0.000  0.000   16.154    2.890    0    0  (Gen:  0)
   521768      4048   5334024  0.000  0.000   16.154    2.890    0    0  (Gen:  0)
   521464      4208   5334200  0.000  0.000   16.155    2.890    0    0  (Gen:  0)
   521208      4088   5334128  0.000  0.000   16.156    2.890    0    0  (Gen:  0)
   521600      5736   5335768  0.000  0.000   16.156    2.890    0    0  (Gen:  0)
   521880      4408   5335816  0.000  0.000   16.157    2.890    0    0  (Gen:  0)
   521760      3968   5335864  0.000  0.000   16.157    2.890    0    0  (Gen:  0)
   521880      4168   5336096  0.000  0.000   16.158    2.890    0    0  (Gen:  0)
   521272      3968   5335928  0.000  0.000   16.158    2.891    0    0  (Gen:  0)
   521464      4136   5336184  0.001  0.000   16.160    2.891    0    0  (Gen:  0)
   521648      6432   5338512  0.000  0.000   16.161    2.891    0    0  (Gen:  0)
   521584      6424   5338568  0.000  0.000   16.161    2.891    0    0  (Gen:  0)
   521376      4680   5339128  0.000  0.000   16.162    2.891    0    0  (Gen:  0)
   521768      5104   5340272  0.000  0.000   16.163    2.891    0    0  (Gen:  0)
   521800      3760   5339912  0.000  0.000   16.163    2.891    0    0  (Gen:  0)
   521624      4168   5340336  0.000  0.000   16.164    2.892    0    0  (Gen:  0)
   521704      4120   5340336  0.000  0.000   16.164    2.892    0    0  (Gen:  0)
   521592      3984   5340360  0.000  0.000   16.165    2.892    0    0  (Gen:  0)
   521912      4184   5340592  0.000  0.000   16.165    2.892    0    0  (Gen:  0)
   521792      4104   5340544  0.000  0.000   16.166    2.892    0    0  (Gen:  0)
   521560      4016   5340472  0.000  0.000   16.166    2.892    0    0  (Gen:  0)
   521576      6264   5342736  0.000  0.000   16.167    2.892    0    0  (Gen:  0)
   521768      6176   5342728  0.000  0.000   16.168    2.892    0    0  (Gen:  0)
   521648      4248   5342856  0.000  0.000   16.168    2.893    0    0  (Gen:  0)
   521568      4288   5342928  0.000  0.000   16.169    2.893    0    0  (Gen:  0)
   521512      3952   5342680  0.000  0.000   16.169    2.893    0    0  (Gen:  0)
   521792      6048   5344808  0.000  0.000   16.170    2.893    0    0  (Gen:  0)
   521224      4264   5344840  0.001  0.000   16.172    2.893    0    0  (Gen:  0)
   521536      3848   5344512  0.000  0.000   16.172    2.893    0    0  (Gen:  0)
   521520      4192   5344872  0.000  0.000   16.173    2.893    0    0  (Gen:  0)
   521792      3992   5344720  0.000  0.000   16.173    2.893    0    0  (Gen:  0)
   521776      6640   5347384  0.000  0.000   16.174    2.894    0    0  (Gen:  0)
   521544      6520   5347328  0.000  0.000   16.174    2.894    0    0  (Gen:  0)
   521528      4224   5347448  0.000  0.000   16.175    2.894    0    0  (Gen:  0)
   521536      4096   5347352  0.000  0.000   16.176    2.894    0    0  (Gen:  0)
   521616      4160   5347448  0.000  0.000   16.176    2.894    0    0  (Gen:  0)
   521480      4080   5347384  0.000  0.000   16.177    2.894    0    0  (Gen:  0)
   521696      4552   5347872  0.000  0.000   16.177    2.894    0    0  (Gen:  0)
   521784      4232   5347840  0.000  0.000   16.178    2.894    0    0  (Gen:  0)
   521312      4584   5348280  0.000  0.000   16.178    2.895    0    0  (Gen:  0)
   521752      4064   5348016  0.000  0.000   16.179    2.895    0    0  (Gen:  0)
   521720      4448   5348488  0.000  0.000   16.180    2.895    0    0  (Gen:  0)
   521336      7856   5352312  0.000  0.000   16.180    2.895    0    0  (Gen:  0)
   521752      6064   5352024  0.000  0.000   16.181    2.895    0    0  (Gen:  0)
   521752      3952   5352168  0.000  0.000   16.181    2.895    0    0  (Gen:  0)
   521520      4168   5352416  0.000  0.000   16.182    2.895    0    0  (Gen:  0)
   521544      4080   5352360  0.000  0.000   16.182    2.895    0    0  (Gen:  0)
   521536      3992   5352288  0.000  0.000   16.183    2.896    0    0  (Gen:  0)
   521648      6144   5354456  0.000  0.000   16.184    2.896    0    0  (Gen:  0)
   521480      4056   5354360  0.000  0.000   16.184    2.896    0    0  (Gen:  0)
   521704      4280   5354672  0.000  0.000   16.185    2.896    0    0  (Gen:  0)
   521776      3968   5354392  0.000  0.000   16.185    2.896    0    0  (Gen:  0)
   521736      4120   5354632  0.000  0.000   16.186    2.896    0    0  (Gen:  0)
   521560      6344   5356888  0.001  0.000   16.187    2.896    0    0  (Gen:  0)
   521440      6440   5357048  0.001  0.000   16.188    2.896    0    0  (Gen:  0)
   521712      3968   5356912  0.001  0.000   16.189    2.897    0    0  (Gen:  0)
   521424      4024   5356984  0.001  0.000   16.190    2.897    0    0  (Gen:  0)
   521544      4176   5357184  0.001  0.000   16.191    2.897    0    0  (Gen:  0)
   521584      6400   5359424  0.001  0.000   16.193    2.897    0    0  (Gen:  0)
   521664      4112   5359248  0.001  0.000   16.194    2.897    0    0  (Gen:  0)
   521384      4208   5359504  0.000  0.000   16.194    2.898    0    0  (Gen:  0)
   521504      4208   5359536  0.000  0.000   16.195    2.898    0    0  (Gen:  0)
   521888      3912   5359272  0.000  0.000   16.195    2.898    0    0  (Gen:  0)
   521568      3848   5359224  0.000  0.000   16.196    2.898    0    0  (Gen:  0)
   521472      6720   5362112  0.000  0.000   16.197    2.898    0    0  (Gen:  0)
   521800      6656   5362128  0.000  0.000   16.197    2.898    0    0  (Gen:  0)
   521240      4136   5362104  0.000  0.000   16.198    2.898    0    0  (Gen:  0)
   521344      4120   5362120  0.000  0.000   16.198    2.898    0    0  (Gen:  0)
   521344      4152   5362240  0.000  0.000   16.199    2.899    0    0  (Gen:  0)
   521744      4552   5362672  0.000  0.000   16.199    2.899    0    0  (Gen:  0)
   521696      4232   5362624  0.000  0.000   16.200    2.899    0    0  (Gen:  0)
   521824      4192   5362672  0.000  0.000   16.200    2.899    0    0  (Gen:  0)
   521424      4304   5362800  0.000  0.000   16.201    2.899    0    0  (Gen:  0)
   521584      4304   5363072  0.000  0.000   16.202    2.899    0    0  (Gen:  0)
   521528      7752   5366760  0.000  0.000   16.202    2.899    0    0  (Gen:  0)
   521608      5776   5366608  0.000  0.000   16.203    2.899    0    0  (Gen:  0)
   521752      4192   5366752  0.000  0.000   16.203    2.899    0    0  (Gen:  0)
   521576      4280   5366872  0.000  0.000   16.204    2.900    0    0  (Gen:  0)
   521544      4216   5366840  0.000  0.000   16.205    2.900    0    0  (Gen:  0)
   521624      4272   5366912  0.000  0.000   16.205    2.900    0    0  (Gen:  0)
   521768      4144   5366800  0.000  0.000   16.206    2.900    0    0  (Gen:  0)
   521632      4136   5366856  0.000  0.000   16.206    2.900    0    0  (Gen:  0)
   521800      3920   5366728  0.000  0.000   16.207    2.900    0    0  (Gen:  0)
   521800      4000   5366824  0.000  0.000   16.207    2.900    0    0  (Gen:  0)
   521776      4048   5366920  0.001  0.000   16.208    2.901    0    0  (Gen:  0)
   521664      6048   5368936  0.000  0.000   16.209    2.901    0    0  (Gen:  0)
   521664      5968   5368920  0.000  0.000   16.210    2.901    0    0  (Gen:  0)
   521352      4136   5369008  0.000  0.000   16.210    2.901    0    0  (Gen:  0)
   521456      3960   5368864  0.000  0.000   16.211    2.901    0    0  (Gen:  0)
   521712      4064   5369000  0.000  0.000   16.211    2.901    0    0  (Gen:  0)
   521528      4008   5368960  0.000  0.000   16.212    2.901    0    0  (Gen:  0)
   521648      4144   5369112  0.000  0.000   16.213    2.901    0    0  (Gen:  0)
   521536      4208   5369240  0.000  0.000   16.213    2.902    0    0  (Gen:  0)
   522040      4264   5369384  0.000  0.000   16.214    2.902    0    0  (Gen:  0)
   521544      3944   5369096  0.000  0.000   16.214    2.902    0    0  (Gen:  0)
   521912      4112   5369352  0.000  0.000   16.215    2.902    0    0  (Gen:  0)
   521384      6792   5372064  0.000  0.000   16.215    2.902    0    0  (Gen:  0)
   521584      6480   5371816  0.000  0.000   16.216    2.902    0    0  (Gen:  0)
   521552      3936   5371784  0.000  0.000   16.217    2.902    0    0  (Gen:  0)
   521616      4072   5371936  0.000  0.000   16.217    2.902    0    0  (Gen:  0)
   521360      4064   5371976  0.000  0.000   16.218    2.902    0    0  (Gen:  0)
   521712      4416   5372344  0.000  0.000   16.218    2.903    0    0  (Gen:  0)
   521624      4104   5372304  0.000  0.000   16.219    2.903    0    0  (Gen:  0)
   521600      4056   5372416  0.000  0.000   16.219    2.903    0    0  (Gen:  0)
   521432      4448   5372840  0.000  0.000   16.220    2.903    0    0  (Gen:  0)
   521712      4432   5373080  0.000  0.000   16.221    2.903    0    0  (Gen:  0)
   521664      4432   5373320  0.000  0.000   16.221    2.903    0    0  (Gen:  0)
   521504      7720   5377008  0.000  0.000   16.222    2.903    0    0  (Gen:  0)
   521760      6096   5377064  0.000  0.000   16.222    2.903    0    0  (Gen:  0)
   521680      4192   5377080  0.000  0.000   16.223    2.904    0    0  (Gen:  0)
   521440      4104   5377024  0.000  0.000   16.223    2.904    0    0  (Gen:  0)
   521312      4064   5377072  0.000  0.000   16.224    2.904    0    0  (Gen:  0)
   521824      5928   5378968  0.000  0.000   16.225    2.904    0    0  (Gen:  0)
   521824      4376   5379096  0.000  0.000   16.225    2.904    0    0  (Gen:  0)
   521704      4000   5378808  0.000  0.000   16.226    2.904    0    0  (Gen:  0)
   521752      4336   5379160  0.000  0.000   16.226    2.904    0    0  (Gen:  0)
   521208      4160   5379032  0.000  0.000   16.227    2.904    0    0  (Gen:  0)
   521440      4160   5379048  0.000  0.000   16.228    2.905    0    0  (Gen:  0)
   521848      6368   5381320  0.000  0.000   16.228    2.905    0    0  (Gen:  0)
   521384      6272   5381320  0.000  0.000   16.229    2.905    0    0  (Gen:  0)
   521640      5536   5382792  0.000  0.000   16.229    2.905    0    0  (Gen:  0)
   521680      3992   5382856  0.000  0.000   16.230    2.905    0    0  (Gen:  0)
   521848      4000   5382952  0.000  0.000   16.230    2.905    0    0  (Gen:  0)
   521568      4280   5383264  0.000  0.000   16.231    2.905    0    0  (Gen:  0)
   521616      4104   5383136  0.000  0.000   16.232    2.905    0    0  (Gen:  0)
   521808      3992   5383112  0.000  0.000   16.232    2.906    0    0  (Gen:  0)
   521792      4168   5383304  0.000  0.000   16.233    2.906    0    0  (Gen:  0)
   521800      3760   5382944  0.000  0.000   16.234    2.906    0    0  (Gen:  0)
   521448      6208   5385408  0.000  0.000   16.234    2.906    0    0  (Gen:  0)
   521776      6160   5385424  0.000  0.000   16.235    2.906    0    0  (Gen:  0)
   521696      4152   5385544  0.000  0.000   16.235    2.906    0    0  (Gen:  0)
   521536      4056   5385480  0.000  0.000   16.236    2.906    0    0  (Gen:  0)
   521488      4176   5385632  0.000  0.000   16.236    2.906    0    0  (Gen:  0)
   521672      4048   5385520  0.000  0.000   16.237    2.907    0    0  (Gen:  0)
   521616      6008   5387496  0.000  0.000   16.238    2.907    0    0  (Gen:  0)
   521264      4304   5387624  0.000  0.000   16.238    2.907    0    0  (Gen:  0)
   521584      4096   5387504  0.000  0.000   16.239    2.907    0    0  (Gen:  0)
   521680      4040   5387480  0.001  0.000   16.240    2.907    0    0  (Gen:  0)
   521800      4008   5387536  0.000  0.000   16.241    2.907    0    0  (Gen:  0)
   521648      6544   5390104  0.000  0.000   16.242    2.907    0    0  (Gen:  0)
   521592      6400   5390024  0.000  0.000   16.242    2.907    0    0  (Gen:  0)
   521552      3992   5389960  0.000  0.000   16.243    2.908    0    0  (Gen:  0)
   521576      4224   5390208  0.000  0.000   16.243    2.908    0    0  (Gen:  0)
   521480      4120   5390152  0.000  0.000   16.244    2.908    0    0  (Gen:  0)
   521720      4664   5390712  0.000  0.000   16.244    2.908    0    0  (Gen:  0)
   521600      4176   5390496  0.000  0.000   16.245    2.908    0    0  (Gen:  0)
   521592      4016   5390496  0.000  0.000   16.246    2.908    0    0  (Gen:  0)
   521416      4424   5390936  0.000  0.000   16.246    2.908    0    0  (Gen:  0)
   521744      4376   5391144  0.000  0.000   16.247    2.908    0    0  (Gen:  0)
   521624      4328   5391336  0.000  0.000   16.247    2.909    0    0  (Gen:  0)
   521400      7744   5395152  0.000  0.000   16.248    2.909    0    0  (Gen:  0)
   521736      6360   5395128  0.000  0.000   16.249    2.909    0    0  (Gen:  0)
   521760      4264   5395216  0.000  0.000   16.249    2.909    0    0  (Gen:  0)
   521544      4176   5395160  0.000  0.000   16.250    2.909    0    0  (Gen:  0)
   521456      4304   5395376  0.000  0.000   16.250    2.909    0    0  (Gen:  0)
   521656      6112   5397216  0.000  0.000   16.251    2.909    0    0  (Gen:  0)
   521592      3992   5397072  0.000  0.000   16.251    2.909    0    0  (Gen:  0)
   521528      3848   5397088  0.000  0.000   16.252    2.910    0    0  (Gen:  0)
   521784      4152   5397424  0.000  0.000   16.253    2.910    0    0  (Gen:  0)
   521736      4048   5397352  0.000  0.000   16.253    2.910    0    0  (Gen:  0)
   521704      3992   5397312  0.000  0.000   16.254    2.910    0    0  (Gen:  0)
   521560      6344   5399680  0.000  0.000   16.254    2.910    0    0  (Gen:  0)
   521472      6456   5399872  0.000  0.000   16.255    2.910    0    0  (Gen:  0)
   521560      4176   5399928  0.000  0.000   16.256    2.910    0    0  (Gen:  0)
   521568      4016   5399800  0.000  0.000   16.256    2.910    0    0  (Gen:  0)
   521608      4016   5399888  0.000  0.000   16.257    2.911    0    0  (Gen:  0)
   521440      6216   5402120  0.000  0.000   16.257    2.911    0    0  (Gen:  0)
   521600      4192   5402208  0.000  0.000   16.258    2.911    0    0  (Gen:  0)
   521496      3992   5402096  0.000  0.000   16.258    2.911    0    0  (Gen:  0)
   521576      4152   5402272  0.000  0.000   16.259    2.911    0    0  (Gen:  0)
   521768      4104   5402272  0.000  0.000   16.259    2.911    0    0  (Gen:  0)
   521544      6848   5405032  0.000  0.000   16.260    2.911    0    0  (Gen:  0)
   521600      6624   5404872  0.000  0.000   16.261    2.911    0    0  (Gen:  0)
   521600      4080   5404896  0.000  0.000   16.261    2.912    0    0  (Gen:  0)
   521408      4072   5404920  0.000  0.000   16.262    2.912    0    0  (Gen:  0)
   521192      4160   5405040  0.000  0.000   16.262    2.912    0    0  (Gen:  0)
   521536      3920   5404816  0.000  0.000   16.263    2.912    0    0  (Gen:  0)
   521744      4552   5405464  0.000  0.000   16.264    2.912    0    0  (Gen:  0)
   521720      4040   5405240  0.000  0.000   16.264    2.912    0    0  (Gen:  0)
   521688      4472   5405760  0.001  0.000   16.265    2.912    0    0  (Gen:  0)
   521576      4152   5405696  0.001  0.000   16.266    2.912    0    0  (Gen:  0)
   521480      4496   5406128  0.001  0.000   16.267    2.913    0    0  (Gen:  0)
   521424      7480   5409528  0.001  0.000   16.268    2.913    0    0  (Gen:  0)
   521768      5816   5409528  0.001  0.000   16.269    2.913    0    0  (Gen:  0)
   521784      4048   5409416  0.001  0.000   16.270    2.913    0    0  (Gen:  0)
   521432      4240   5409624  0.001  0.000   16.271    2.913    0    0  (Gen:  0)
   521536      4024   5409456  0.000  0.000   16.272    2.913    0    0  (Gen:  0)
   521624      4408   5409856  0.001  0.000   16.273    2.914    0    0  (Gen:  0)
   521896      4232   5409728  0.000  0.000   16.274    2.914    0    0  (Gen:  0)
   521568      4248   5409904  0.000  0.000   16.275    2.914    0    0  (Gen:  0)
   521912      4304   5409992  0.000  0.000   16.275    2.914    0    0  (Gen:  0)
   521720      4344   5410064  0.000  0.000   16.276    2.914    0    0  (Gen:  0)
   521800      3840   5409576  0.000  0.000   16.276    2.914    0    0  (Gen:  0)
   521584      5992   5411744  0.000  0.000   16.277    2.914    0    0  (Gen:  0)
   521568      6008   5411840  0.000  0.000   16.277    2.915    0    0  (Gen:  0)
   521520      3952   5411632  0.000  0.000   16.278    2.915    0    0  (Gen:  0)
   521472      4008   5411704  0.000  0.000   16.279    2.915    0    0  (Gen:  0)
   521504      4040   5411784  0.000  0.000   16.279    2.915    0    0  (Gen:  0)
   521624      4280   5412040  0.000  0.000   16.280    2.915    0    0  (Gen:  0)
   521736      4136   5411944  0.000  0.000   16.280    2.915    0    0  (Gen:  0)
   521560      4032   5412000  0.000  0.000   16.281    2.915    0    0  (Gen:  0)
   521904      4096   5412096  0.000  0.000   16.281    2.915    0    0  (Gen:  0)
   521832      3992   5412024  0.000  0.000   16.282    2.915    0    0  (Gen:  0)
   521552      3968   5412016  0.000  0.000   16.283    2.916    0    0  (Gen:  0)
   521584      6624   5414688  0.000  0.000   16.283    2.916    0    0  (Gen:  0)
   521416      6632   5414776  0.000  0.000   16.284    2.916    0    0  (Gen:  0)
   521592      4248   5414904  0.000  0.000   16.284    2.916    0    0  (Gen:  0)
   521664      4040   5414728  0.000  0.000   16.285    2.916    0    0  (Gen:  0)
   521384      4208   5414984  0.000  0.000   16.285    2.916    0    0  (Gen:  0)
   521664      4400   5415208  0.000  0.000   16.286    2.916    0    0  (Gen:  0)
   521752      4048   5415128  0.000  0.000   16.287    2.916    0    0  (Gen:  0)
   521368      3864   5415032  0.000  0.000   16.287    2.917    0    0  (Gen:  0)
   521696      4504   5415688  0.000  0.000   16.288    2.917    0    0  (Gen:  0)
   521640      4288   5415744  0.000  0.000   16.288    2.917    0    0  (Gen:  0)
   521472      8136   5419832  0.000  0.000   16.289    2.917    0    0  (Gen:  0)
   521776      5992   5419672  0.000  0.000   16.290    2.917    0    0  (Gen:  0)
   521752      4112   5419784  0.000  0.000   16.290    2.917    0    0  (Gen:  0)
   521592      4208   5419912  0.000  0.000   16.291    2.917    0    0  (Gen:  0)
   521256      4128   5419864  0.000  0.000   16.291    2.917    0    0  (Gen:  0)
   521504      3920   5419672  0.000  0.000   16.292    2.918    0    0  (Gen:  0)
   521840      5944   5421712  0.000  0.000   16.292    2.918    0    0  (Gen:  0)
   521752      4192   5421656  0.000  0.000   16.293    2.918    0    0  (Gen:  0)
   521800      4280   5421832  0.000  0.000   16.294    2.918    0    0  (Gen:  0)
   521560      4176   5421760  0.000  0.000   16.294    2.918    0    0  (Gen:  0)
   521280      4064   5421736  0.000  0.000   16.295    2.918    0    0  (Gen:  0)
   521640      6584   5424288  0.000  0.000   16.295    2.918    0    0  (Gen:  0)
   521552      6576   5424344  0.000  0.000   16.296    2.918    0    0  (Gen:  0)
   521376      4512   5424584  0.000  0.000   16.297    2.919    0    0  (Gen:  0)
   521824      5312   5425784  0.000  0.000   16.297    2.919    0    0  (Gen:  0)
   521784      3976   5425752  0.000  0.000   16.298    2.919    0    0  (Gen:  0)
   521744      3832   5425624  0.000  0.000   16.298    2.919    0    0  (Gen:  0)
   521568      4256   5426064  0.000  0.000   16.299    2.919    0    0  (Gen:  0)
   521640      4120   5425992  0.000  0.000   16.299    2.919    0    0  (Gen:  0)
   521888      3960   5425920  0.000  0.000   16.300    2.919    0    0  (Gen:  0)
   521680      3992   5425984  0.000  0.000   16.300    2.919    0    0  (Gen:  0)
   521848      4000   5426080  0.000  0.000   16.301    2.919    0    0  (Gen:  0)
   521400      6224   5428336  0.000  0.000   16.302    2.920    0    0  (Gen:  0)
   521768      6184   5428360  0.000  0.000   16.302    2.920    0    0  (Gen:  0)
   521640      3880   5428112  0.000  0.000   16.303    2.920    0    0  (Gen:  0)
   521680      4008   5428256  0.000  0.000   16.303    2.920    0    0  (Gen:  0)
   521424      4096   5428392  0.000  0.000   16.304    2.920    0    0  (Gen:  0)
   521832      6096   5430408  0.000  0.000   16.305    2.920    0    0  (Gen:  0)
   521248      4160   5430288  0.000  0.000   16.305    2.920    0    0  (Gen:  0)
   521448      4072   5430360  0.000  0.000   16.306    2.920    0    0  (Gen:  0)
   521568      4184   5430504  0.000  0.000   16.306    2.921    0    0  (Gen:  0)
   521792      4232   5430584  0.000  0.000   16.307    2.921    0    0  (Gen:  0)
   521680      3976   5430344  0.000  0.000   16.307    2.921    0    0  (Gen:  0)
   521592      6416   5432800  0.000  0.000   16.308    2.921    0    0  (Gen:  0)
   521616      6352   5432816  0.000  0.000   16.309    2.921    0    0  (Gen:  0)
   521600      4280   5433088  0.000  0.000   16.309    2.921    0    0  (Gen:  0)
   521536      3920   5432760  0.000  0.000   16.310    2.921    0    0  (Gen:  0)
   521544      4136   5433064  0.000  0.000   16.310    2.921    0    0  (Gen:  0)
   521640      4504   5433464  0.000  0.000   16.311    2.922    0    0  (Gen:  0)
   521672      4120   5433352  0.000  0.000   16.311    2.922    0    0  (Gen:  0)
   521400      4048   5433368  0.000  0.000   16.312    2.922    0    0  (Gen:  0)
   521640      4448   5433784  0.000  0.000   16.313    2.922    0    0  (Gen:  0)
   521744      4360   5433968  0.000  0.000   16.313    2.922    0    0  (Gen:  0)
   521480      8064   5437912  0.000  0.000   16.314    2.922    0    0  (Gen:  0)
   521600      6344   5437856  0.000  0.000   16.314    2.922    0    0  (Gen:  0)
   521744      4064   5437832  0.000  0.000   16.315    2.922    0    0  (Gen:  0)
   521632      4136   5437936  0.000  0.000   16.316    2.923    0    0  (Gen:  0)
   521640      4288   5438120  0.000  0.000   16.316    2.923    0    0  (Gen:  0)
   521344      4024   5437872  0.000  0.000   16.317    2.923    0    0  (Gen:  0)
   521632      6256   5440120  0.000  0.000   16.317    2.923    0    0  (Gen:  0)
   521472      4248   5440104  0.000  0.000   16.318    2.923    0    0  (Gen:  0)
   521776      4432   5440376  0.000  0.000   16.318    2.923    0    0  (Gen:  0)
   521744      4272   5440248  0.000  0.000   16.319    2.923    0    0  (Gen:  0)
   521752      3944   5440008  0.000  0.000   16.320    2.923    0    0  (Gen:  0)
   521576      6488   5442584  0.000  0.000   16.320    2.923    0    0  (Gen:  0)
   521592      6296   5442456  0.000  0.000   16.321    2.924    0    0  (Gen:  0)
   521520      4136   5442704  0.000  0.000   16.321    2.924    0    0  (Gen:  0)
   521424      4024   5442624  0.000  0.000   16.322    2.924    0    0  (Gen:  0)
   521576      3992   5442624  0.000  0.000   16.322    2.924    0    0  (Gen:  0)
   521648      3976   5442624  0.000  0.000   16.323    2.924    0    0  (Gen:  0)
   521568      6376   5445040  0.000  0.000   16.324    2.924    0    0  (Gen:  0)
   521360      3872   5444664  0.000  0.000   16.324    2.924    0    0  (Gen:  0)
   521600      4208   5445088  0.001  0.000   16.325    2.925    0    0  (Gen:  0)
   521792      3968   5444880  0.001  0.000   16.326    2.925    0    0  (Gen:  0)
   521688      4120   5445120  0.001  0.000   16.327    2.925    0    0  (Gen:  0)
   521456      6608   5447640  0.000  0.000   16.327    2.925    0    0  (Gen:  0)
   521760      6672   5447768  0.000  0.000   16.328    2.925    0    0  (Gen:  0)
   521336      4080   5447672  0.000  0.000   16.329    2.925    0    0  (Gen:  0)
   521376      4128   5447736  0.000  0.000   16.329    2.925    0    0  (Gen:  0)
   521240      4176   5447832  0.000  0.000   16.330    2.925    0    0  (Gen:  0)
   521784      4312   5447984  0.000  0.000   16.330    2.926    0    0  (Gen:  0)
   521608      4096   5448040  0.000  0.000   16.331    2.926    0    0  (Gen:  0)
   521840      3920   5448024  0.000  0.000   16.331    2.926    0    0  (Gen:  0)
   521480      4360   5448496  0.000  0.000   16.332    2.926    0    0  (Gen:  0)
   521632      4328   5448720  0.000  0.000   16.333    2.926    0    0  (Gen:  0)
   521568      4408   5449040  0.000  0.000   16.333    2.926    0    0  (Gen:  0)
   521464      7368   5452400  0.000  0.000   16.334    2.926    0    0  (Gen:  0)
   521664      5832   5452384  0.000  0.000   16.334    2.926    0    0  (Gen:  0)
   521776      4144   5452352  0.000  0.000   16.335    2.927    0    0  (Gen:  0)
   521384      4120   5452360  0.000  0.000   16.335    2.927    0    0  (Gen:  0)
   521720      3976   5452304  0.000  0.000   16.336    2.927    0    0  (Gen:  0)
   521624      4200   5452560  0.000  0.000   16.337    2.927    0    0  (Gen:  0)
   521872      4264   5452672  0.000  0.000   16.337    2.927    0    0  (Gen:  0)
   521576      4048   5452544  0.000  0.000   16.338    2.927    0    0  (Gen:  0)
   521832      4176   5452688  0.000  0.000   16.338    2.927    0    0  (Gen:  0)
   521776      4176   5452736  0.000  0.000   16.339    2.927    0    0  (Gen:  0)
   521648      6344   5454920  0.000  0.000   16.339    2.927    0    0  (Gen:  0)
   521696      5672   5454312  0.000  0.000   16.340    2.928    0    0  (Gen:  0)
   521392      4000   5454560  0.000  0.000   16.341    2.928    0    0  (Gen:  0)
   521568      4168   5454760  0.000  0.000   16.341    2.928    0    0  (Gen:  0)
   521600      3976   5454600  0.000  0.000   16.342    2.928    0    0  (Gen:  0)
   521496      3936   5454648  0.000  0.000   16.342    2.928    0    0  (Gen:  0)
   521608      4296   5455040  0.000  0.000   16.343    2.928    0    0  (Gen:  0)
   521664      4096   5454888  0.000  0.000   16.344    2.928    0    0  (Gen:  0)
   521792      3936   5454816  0.000  0.000   16.344    2.928    0    0  (Gen:  0)
   521808      4184   5455080  0.000  0.000   16.345    2.929    0    0  (Gen:  0)
   521784      4104   5455048  0.000  0.000   16.345    2.929    0    0  (Gen:  0)
   521552      6680   5457640  0.000  0.000   16.346    2.929    0    0  (Gen:  0)
   521528      6576   5457600  0.000  0.000   16.347    2.929    0    0  (Gen:  0)
   521568      4192   5457800  0.000  0.000   16.347    2.929    0    0  (Gen:  0)
   521432      4064   5457704  0.000  0.000   16.348    2.929    0    0  (Gen:  0)
   521600      4120   5457792  0.000  0.000   16.348    2.929    0    0  (Gen:  0)
   521496      3992   5457680  0.000  0.000   16.349    2.929    0    0  (Gen:  0)
   521728      4448   5458152  0.000  0.000   16.349    2.930    0    0  (Gen:  0)
   521736      4136   5458128  0.000  0.000   16.350    2.930    0    0  (Gen:  0)
   521288      4416   5458496  0.000  0.000   16.350    2.930    0    0  (Gen:  0)
   521728      4136   5458472  0.000  0.000   16.351    2.930    0    0  (Gen:  0)
   521656      4576   5459000  0.000  0.000   16.352    2.930    0    0  (Gen:  0)
   521520      7776   5462616  0.000  0.000   16.352    2.930    0    0  (Gen:  0)
   521800      5992   5462656  0.000  0.000   16.353    2.930    0    0  (Gen:  0)
   521736      4104   5462688  0.000  0.000   16.353    2.930    0    0  (Gen:  0)
   521408      4144   5462744  0.000  0.000   16.354    2.931    0    0  (Gen:  0)
   521288      4048   5462696  0.000  0.000   16.355    2.931    0    0  (Gen:  0)
   521680      5872   5464536  0.000  0.000   16.355    2.931    0    0  (Gen:  0)
   521848      4208   5464552  0.000  0.000   16.356    2.931    0    0  (Gen:  0)
   521736      4208   5464712  0.000  0.000   16.356    2.931    0    0  (Gen:  0)
   521872      4160   5464696  0.000  0.000   16.357    2.931    0    0  (Gen:  0)
   521256      4152   5464720  0.000  0.000   16.357    2.931    0    0  (Gen:  0)
   521368      3952   5464536  0.000  0.000   16.358    2.931    0    0  (Gen:  0)
   521768      6600   5467200  0.000  0.000   16.359    2.931    0    0  (Gen:  0)
   521504      6216   5466896  0.000  0.000   16.359    2.932    0    0  (Gen:  0)
   521472      5928   5468912  0.000  0.000   16.360    2.932    0    0  (Gen:  0)
   521768      4072   5468664  0.000  0.000   16.360    2.932    0    0  (Gen:  0)
   521736      4192   5468872  0.000  0.000   16.361    2.932    0    0  (Gen:  0)
   521568      4392   5469104  0.000  0.000   16.361    2.932    0    0  (Gen:  0)
   521800      4112   5468872  0.001  0.000   16.363    2.932    0    0  (Gen:  0)
   521648      3864   5468712  0.001  0.000   16.364    2.932    0    0  (Gen:  0)
   521840      4056   5468920  0.001  0.000   16.365    2.933    0    0  (Gen:  0)
   521784      3976   5468888  0.001  0.000   16.366    2.933    0    0  (Gen:  0)
   521552      3896   5468824  0.001  0.000   16.367    2.933    0    0  (Gen:  0)
   521624      6200   5471144  0.001  0.000   16.368    2.933    0    0  (Gen:  0)
   521744      6080   5471104  0.001  0.000   16.370    2.933    0    0  (Gen:  0)
   521584      4120   5471200  0.001  0.000   16.370    2.934    0    0  (Gen:  0)
   521640      4032   5471144  0.000  0.000   16.371    2.934    0    0  (Gen:  0)
   521536      4152   5471352  0.000  0.000   16.371    2.934    0    0  (Gen:  0)
   521760      5872   5473104  0.000  0.000   16.372    2.934    0    0  (Gen:  0)
   521192      4176   5473224  0.000  0.000   16.373    2.934    0    0  (Gen:  0)
   521528      4024   5473160  0.000  0.000   16.373    2.934    0    0  (Gen:  0)
   521560      4072   5473224  0.000  0.000   16.374    2.934    0    0  (Gen:  0)
   521888      4056   5473256  0.000  0.000   16.374    2.934    0    0  (Gen:  0)
   521696      6528   5475744  0.000  0.000   16.375    2.935    0    0  (Gen:  0)
   521528      6424   5475704  0.000  0.000   16.376    2.935    0    0  (Gen:  0)
   521568      4208   5475904  0.000  0.000   16.376    2.935    0    0  (Gen:  0)
   521552      4120   5475848  0.000  0.000   16.377    2.935    0    0  (Gen:  0)
   521600      4176   5475936  0.000  0.000   16.377    2.935    0    0  (Gen:  0)
   521496      4048   5475824  0.000  0.000   16.378    2.935    0    0  (Gen:  0)
   521640      4456   5476248  0.000  0.000   16.378    2.935    0    0  (Gen:  0)
   521784      4056   5476136  0.000  0.000   16.379    2.935    0    0  (Gen:  0)
   521264      4328   5476496  0.000  0.000   16.380    2.936    0    0  (Gen:  0)
   521776      4120   5476544  0.000  0.000   16.380    2.936    0    0  (Gen:  0)
   521664      4464   5476976  0.000  0.000   16.381    2.936    0    0  (Gen:  0)
   521400      7752   5480680  0.000  0.000   16.381    2.936    0    0  (Gen:  0)
   521784      6328   5480760  0.000  0.000   16.382    2.936    0    0  (Gen:  0)
   521712      4048   5480664  0.000  0.000   16.382    2.936    0    0  (Gen:  0)
   521624      4032   5480664  0.000  0.000   16.383    2.936    0    0  (Gen:  0)
   521400      3976   5480656  0.000  0.000   16.384    2.936    0    0  (Gen:  0)
   521552      6264   5482960  0.000  0.000   16.384    2.936    0    0  (Gen:  0)
   521672      4232   5482904  0.000  0.000   16.385    2.937    0    0  (Gen:  0)
   521408      4176   5483008  0.000  0.000   16.385    2.937    0    0  (Gen:  0)
   521800      4184   5483048  0.000  0.000   16.386    2.937    0    0  (Gen:  0)
   521848      4232   5483128  0.000  0.000   16.386    2.937    0    0  (Gen:  0)
   521672      4136   5483048  0.000  0.000   16.387    2.937    0    0  (Gen:  0)
   521472      6672   5485600  0.000  0.000   16.388    2.937    0    0  (Gen:  0)
   521488      6160   5485168  0.000  0.000   16.388    2.937    0    0  (Gen:  0)
   521736      3824   5485168  0.000  0.000   16.389    2.937    0    0  (Gen:  0)
   521400      4040   5485400  0.000  0.000   16.389    2.938    0    0  (Gen:  0)
   521568      4008   5485416  0.000  0.000   16.390    2.938    0    0  (Gen:  0)
   521592      6256   5487680  0.000  0.000   16.390    2.938    0    0  (Gen:  0)
   521632      4080   5487616  0.000  0.000   16.391    2.938    0    0  (Gen:  0)
   521424      3984   5487680  0.000  0.000   16.392    2.938    0    0  (Gen:  0)
   521536      4184   5487912  0.000  0.000   16.392    2.938    0    0  (Gen:  0)
   521744      4048   5487808  0.000  0.000   16.393    2.938    0    0  (Gen:  0)
   521720      4080   5487856  0.000  0.000   16.393    2.938    0    0  (Gen:  0)
   521472      6624   5490416  0.000  0.000   16.394    2.939    0    0  (Gen:  0)
   521744      6544   5490416  0.000  0.000   16.394    2.939    0    0  (Gen:  0)
   521288      4200   5490568  0.000  0.000   16.395    2.939    0    0  (Gen:  0)
   521248      3920   5490320  0.000  0.000   16.396    2.939    0    0  (Gen:  0)
   521456      4176   5490664  0.000  0.000   16.396    2.939    0    0  (Gen:  0)
   521672      4504   5491024  0.000  0.000   16.397    2.939    0    0  (Gen:  0)
   521760      4320   5491112  0.000  0.000   16.397    2.939    0    0  (Gen:  0)
   521696      3944   5490824  0.000  0.000   16.398    2.939    0    0  (Gen:  0)
   521512      4504   5491400  0.000  0.000   16.398    2.940    0    0  (Gen:  0)
   521544      4384   5491552  0.000  0.000   16.399    2.940    0    0  (Gen:  0)
   521552      7608   5495016  0.000  0.000   16.400    2.940    0    0  (Gen:  0)
   521584      5744   5494976  0.000  0.000   16.400    2.940    0    0  (Gen:  0)
   521776      3984   5494944  0.000  0.000   16.401    2.940    0    0  (Gen:  0)
   521488      4208   5495200  0.000  0.000   16.401    2.940    0    0  (Gen:  0)
   521576      4088   5495112  0.000  0.000   16.402    2.940    0    0  (Gen:  0)
   521640      4016   5495056  0.000  0.000   16.403    2.940    0    0  (Gen:  0)
   521728      4384   5495440  0.000  0.000   16.403    2.940    0    0  (Gen:  0)
   521728      4232   5495352  0.000  0.000   16.404    2.941    0    0  (Gen:  0)
   521872      4168   5495376  0.000  0.000   16.404    2.941    0    0  (Gen:  0)
   521728      4024   5495264  0.000  0.000   16.405    2.941    0    0  (Gen:  0)
   521720      4168   5495496  0.000  0.000   16.405    2.941    0    0  (Gen:  0)
   521688      5984   5497344  0.000  0.000   16.406    2.941    0    0  (Gen:  0)
   521664      5968   5497392  0.000  0.000   16.407    2.941    0    0  (Gen:  0)
   521360      4120   5497392  0.000  0.000   16.407    2.941    0    0  (Gen:  0)
   521528      4240   5497528  0.000  0.000   16.408    2.941    0    0  (Gen:  0)
   521608      4032   5497368  0.000  0.000   16.408    2.942    0    0  (Gen:  0)
   521584      4360   5497712  0.000  0.000   16.409    2.942    0    0  (Gen:  0)
   521608      4072   5497472  0.000  0.000   16.409    2.942    0    0  (Gen:  0)
   521608      3968   5497528  0.000  0.000   16.410    2.942    0    0  (Gen:  0)
   521896      4152   5497744  0.000  0.000   16.410    2.942    0    0  (Gen:  0)
   521728      3968   5497592  0.000  0.000   16.411    2.942    0    0  (Gen:  0)
   521792      4064   5497776  0.000  0.000   16.412    2.942    0    0  (Gen:  0)
   521360      6656   5500400  0.000  0.000   16.412    2.942    0    0  (Gen:  0)
   521560      6520   5500328  0.000  0.000   16.413    2.943    0    0  (Gen:  0)
   521664      3992   5500312  0.000  0.000   16.413    2.943    0    0  (Gen:  0)
   521496      4224   5500560  0.000  0.000   16.414    2.943    0    0  (Gen:  0)
   521360      3800   5500184  0.000  0.000   16.414    2.943    0    0  (Gen:  0)
   521832      4496   5500896  0.000  0.000   16.415    2.943    0    0  (Gen:  0)
   521560      4136   5500808  0.000  0.000   16.416    2.943    0    0  (Gen:  0)
   521592      4064   5500896  0.000  0.000   16.416    2.943    0    0  (Gen:  0)
   521544      4392   5501256  0.000  0.000   16.417    2.943    0    0  (Gen:  0)
   521648      4368   5501488  0.000  0.000   16.417    2.944    0    0  (Gen:  0)
   521544      4568   5501928  0.000  0.000   16.418    2.944    0    0  (Gen:  0)
   521624      7640   5505560  0.000  0.000   16.419    2.944    0    0  (Gen:  0)
   521808      5976   5505416  0.000  0.000   16.419    2.944    0    0  (Gen:  0)
   521616      4064   5505424  0.000  0.000   16.420    2.944    0    0  (Gen:  0)
   521368      3936   5505328  0.000  0.000   16.420    2.944    0    0  (Gen:  0)
   521384      4064   5505544  0.000  0.000   16.421    2.944    0    0  (Gen:  0)
   521760      5944   5507456  0.000  0.000   16.421    2.944    0    0  (Gen:  0)
   521920      4288   5507480  0.000  0.000   16.422    2.944    0    0  (Gen:  0)
   521656      3936   5507216  0.000  0.000   16.423    2.945    0    0  (Gen:  0)
   521720      4168   5507464  0.000  0.000   16.423    2.945    0    0  (Gen:  0)
   521304      4032   5507376  0.000  0.000   16.424    2.945    0    0  (Gen:  0)
   521424      6552   5509912  0.001  0.000   16.425    2.945    0    0  (Gen:  0)
   521768      6368   5509792  0.000  0.000   16.426    2.945    0    0  (Gen:  0)
   521400      4440   5510256  0.000  0.000   16.426    2.945    0    0  (Gen:  0)
   521648      5624   5511856  0.000  0.000   16.427    2.945    0    0  (Gen:  0)
   521768      4072   5511752  0.000  0.000   16.427    2.946    0    0  (Gen:  0)
   521792      4088   5511784  0.000  0.000   16.428    2.946    0    0  (Gen:  0)
   521536      4368   5512080  0.000  0.000   16.428    2.946    0    0  (Gen:  0)
   521656      4232   5512008  0.000  0.000   16.429    2.946    0    0  (Gen:  0)
   521864      4352   5512216  0.000  0.000   16.430    2.946    0    0  (Gen:  0)
   521768      4072   5511968  0.000  0.000   16.430    2.946    0    0  (Gen:  0)
   521736      4192   5512176  0.000  0.000   16.431    2.946    0    0  (Gen:  0)
   521464      6080   5514096  0.000  0.000   16.431    2.946    0    0  (Gen:  0)
   521792      5888   5513968  0.000  0.000   16.432    2.946    0    0  (Gen:  0)
   521696      4056   5514264  0.000  0.000   16.432    2.947    0    0  (Gen:  0)
   521496      4152   5514392  0.000  0.000   16.433    2.947    0    0  (Gen:  0)
   521520      4032   5514304  0.000  0.000   16.434    2.947    0    0  (Gen:  0)
   521728      3904   5514192  0.000  0.000   16.434    2.947    0    0  (Gen:  0)
   521552      5928   5516232  0.000  0.000   16.435    2.947    0    0  (Gen:  0)
   521216      4192   5516328  0.000  0.000   16.435    2.947    0    0  (Gen:  0)
   521576      4120   5516344  0.000  0.000   16.436    2.947    0    0  (Gen:  0)
   521808      4064   5516320  0.000  0.000   16.436    2.947    0    0  (Gen:  0)
   521776      4152   5516496  0.000  0.000   16.437    2.948    0    0  (Gen:  0)
   521496      6384   5518760  0.000  0.000   16.438    2.948    0    0  (Gen:  0)
   521688      6424   5518864  0.000  0.000   16.438    2.948    0    0  (Gen:  0)
   521544      4024   5518808  0.000  0.000   16.439    2.948    0    0  (Gen:  0)
   521624      4136   5518936  0.000  0.000   16.439    2.948    0    0  (Gen:  0)
   521400      3872   5518720  0.000  0.000   16.440    2.948    0    0  (Gen:  0)
   521736      4592   5519456  0.000  0.000   16.440    2.948    0    0  (Gen:  0)
   521608      4168   5519304  0.000  0.000   16.441    2.948    0    0  (Gen:  0)
   521560      4040   5519336  0.000  0.000   16.442    2.949    0    0  (Gen:  0)
   521544      4472   5519800  0.000  0.000   16.442    2.949    0    0  (Gen:  0)
   521680      4440   5520024  0.000  0.000   16.443    2.949    0    0  (Gen:  0)
   521552      4264   5520088  0.000  0.000   16.443    2.949    0    0  (Gen:  0)
   521496      7608   5523832  0.000  0.000   16.444    2.949    0    0  (Gen:  0)
   521800      6288   5523872  0.000  0.000   16.444    2.949    0    0  (Gen:  0)
   521672      4224   5523992  0.000  0.000   16.445    2.949    0    0  (Gen:  0)
   521544      4136   5523936  0.000  0.000   16.446    2.949    0    0  (Gen:  0)
   521464      4208   5524096  0.000  0.000   16.446    2.950    0    0  (Gen:  0)
   521576      6280   5526200  0.000  0.000   16.447    2.950    0    0  (Gen:  0)
   521608      4056   5525952  0.000  0.000   16.447    2.950    0    0  (Gen:  0)
   521624      4008   5525992  0.000  0.000   16.448    2.950    0    0  (Gen:  0)
   521720      4200   5526200  0.000  0.000   16.448    2.950    0    0  (Gen:  0)
   521776      4120   5526168  0.000  0.000   16.449    2.950    0    0  (Gen:  0)
   521608      6496   5528560  0.000  0.000   16.450    2.950    0    0  (Gen:  0)
   521592      6424   5528552  0.000  0.000   16.450    2.950    0    0  (Gen:  0)
   521488      4168   5528704  0.000  0.000   16.451    2.950    0    0  (Gen:  0)
   521568      4336   5528904  0.000  0.000   16.451    2.951    0    0  (Gen:  0)
   521552      4144   5528744  0.000  0.000   16.452    2.951    0    0  (Gen:  0)
   521592      4072   5528688  0.000  0.000   16.452    2.951    0    0  (Gen:  0)
   521552      6264   5530896  0.000  0.000   16.453    2.951    0    0  (Gen:  0)
   521504      4120   5530880  0.000  0.000   16.454    2.951    0    0  (Gen:  0)
   521576      3864   5530712  0.000  0.000   16.454    2.951    0    0  (Gen:  0)
   521568      4184   5531048  0.000  0.000   16.455    2.951    0    0  (Gen:  0)
   521744      4008   5530920  0.000  0.000   16.455    2.951    0    0  (Gen:  0)
   521544      6752   5533680  0.000  0.000   16.456    2.952    0    0  (Gen:  0)
   521600      6400   5533392  0.000  0.000   16.457    2.952    0    0  (Gen:  0)
   521544      4136   5533696  0.000  0.000   16.457    2.952    0    0  (Gen:  0)
   521456      4192   5533784  0.000  0.000   16.458    2.952    0    0  (Gen:  0)
   521200      3984   5533608  0.000  0.000   16.458    2.952    0    0  (Gen:  0)
   521528      3984   5533624  0.000  0.000   16.459    2.952    0    0  (Gen:  0)
   521720      4520   5534176  0.000  0.000   16.459    2.952    0    0  (Gen:  0)
   521792      4024   5533968  0.000  0.000   16.460    2.952    0    0  (Gen:  0)
   521648      4464   5534496  0.000  0.000   16.461    2.953    0    0  (Gen:  0)
   521472      4104   5534392  0.000  0.000   16.461    2.953    0    0  (Gen:  0)
   521544      4448   5534824  0.000  0.000   16.462    2.953    0    0  (Gen:  0)
   521448      7392   5538184  0.000  0.000   16.462    2.953    0    0  (Gen:  0)
   521792      5688   5538144  0.000  0.000   16.463    2.953    0    0  (Gen:  0)
   521720      3976   5538088  0.000  0.000   16.463    2.953    0    0  (Gen:  0)
   521504      4168   5538296  0.000  0.000   16.464    2.953    0    0  (Gen:  0)
   521488      4024   5538200  0.000  0.000   16.465    2.953    0    0  (Gen:  0)
   521640      4224   5538416  0.000  0.000   16.465    2.954    0    0  (Gen:  0)
   521912      4088   5538328  0.000  0.000   16.466    2.954    0    0  (Gen:  0)
   521568      4152   5538552  0.000  0.000   16.466    2.954    0    0  (Gen:  0)
   521920      4224   5538656  0.000  0.000   16.467    2.954    0    0  (Gen:  0)
   521728      4232   5538696  0.000  0.000   16.467    2.954    0    0  (Gen:  0)
   521680      3976   5538456  0.000  0.000   16.468    2.954    0    0  (Gen:  0)
   521760      6000   5540496  0.000  0.000   16.469    2.954    0    0  (Gen:  0)
   521440      5808   5540384  0.000  0.000   16.469    2.954    0    0  (Gen:  0)
   521552      4304   5540728  0.000  0.000   16.470    2.954    0    0  (Gen:  0)
   521496      4136   5540592  0.000  0.000   16.470    2.955    0    0  (Gen:  0)
   521472      3944   5540488  0.000  0.000   16.471    2.955    0    0  (Gen:  0)
   521608      4328   5540904  0.000  0.000   16.471    2.955    0    0  (Gen:  0)
   521792      4360   5540984  0.000  0.000   16.472    2.955    0    0  (Gen:  0)
   521616      4048   5540760  0.000  0.000   16.472    2.955    0    0  (Gen:  0)
   521864      4320   5541048  0.000  0.000   16.473    2.955    0    0  (Gen:  0)
   521720      4216   5540992  0.000  0.000   16.474    2.955    0    0  (Gen:  0)
   521640      3648   5540432  0.000  0.000   16.474    2.955    0    0  (Gen:  0)
   521480      6536   5543328  0.000  0.000   16.475    2.956    0    0  (Gen:  0)
   521520      6536   5543392  0.000  0.000   16.475    2.956    0    0  (Gen:  0)
   521592      4104   5543472  0.000  0.000   16.476    2.956    0    0  (Gen:  0)
   521632      4008   5543408  0.000  0.000   16.476    2.956    0    0  (Gen:  0)
   521424      3984   5543472  0.000  0.000   16.477    2.956    0    0  (Gen:  0)
   521664      4440   5543960  0.000  0.000   16.478    2.956    0    0  (Gen:  0)
   521792      4280   5544072  0.000  0.000   16.478    2.956    0    0  (Gen:  0)
   521224      4048   5543928  0.000  0.000   16.479    2.956    0    0  (Gen:  0)
   521776      4088   5543984  0.000  0.000   16.479    2.957    0    0  (Gen:  0)
   521752      4264   5544432  0.000  0.000   16.480    2.957    0    0  (Gen:  0)
   521432      8160   5548568  0.000  0.000   16.480    2.957    0    0  (Gen:  0)
   521752      5912   5548304  0.000  0.000   16.481    2.957    0    0  (Gen:  0)
   521760      4152   5548536  0.000  0.000   16.482    2.957    0    0  (Gen:  0)
   521560      4152   5548568  0.000  0.000   16.482    2.957    0    0  (Gen:  0)
   521184      4120   5548568  0.000  0.000   16.483    2.957    0    0  (Gen:  0)
   521544      4048   5548512  0.000  0.000   16.483    2.957    0    0  (Gen:  0)
   521856      5736   5550216  0.000  0.000   16.484    2.958    0    0  (Gen:  0)
   521784      4096   5550272  0.000  0.000   16.484    2.958    0    0  (Gen:  0)
   521872      4136   5550400  0.000  0.000   16.485    2.958    0    0  (Gen:  0)
   521360      4064   5550360  0.000  0.000   16.486    2.958    0    0  (Gen:  0)
   521376      4024   5550408  0.000  0.000   16.486    2.958    0    0  (Gen:  0)
   521672      6488   5552904  0.000  0.000   16.487    2.958    0    0  (Gen:  0)
   521560      6448   5552928  0.000  0.000   16.487    2.958    0    0  (Gen:  0)
   521352   2709216   2850392  0.007  0.001   16.494    2.959    0    0  (Gen:  1)
   521832      5552   2852024  0.000  0.000   16.495    2.959    0    0  (Gen:  0)
   521672      4072   2851848  0.000  0.000   16.496    2.959    0    0  (Gen:  0)
   521848      4312   2852104  0.000  0.000   16.496    2.959    0    0  (Gen:  0)
   521568      4136   2851976  0.000  0.000   16.497    2.960    0    0  (Gen:  0)
   521568      4176   2852176  0.000  0.000   16.497    2.960    0    0  (Gen:  0)
   521912      4208   2852240  0.000  0.000   16.498    2.960    0    0  (Gen:  0)
   521768      4072   2852136  0.000  0.000   16.499    2.960    0    0  (Gen:  0)
   521776      4104   2852184  0.001  0.000   16.500    2.960    0    0  (Gen:  0)
   521424      6368   2854464  0.001  0.000   16.501    2.960    0    0  (Gen:  0)
   521776      6232   2854408  0.001  0.000   16.502    2.961    0    0  (Gen:  0)
   521720      4248   2854480  0.001  0.000   16.504    2.961    0    0  (Gen:  0)
   521528      4176   2854440  0.001  0.000   16.505    2.961    0    0  (Gen:  0)
   521472      3856   2854208  0.001  0.000   16.506    2.961    0    0  (Gen:  0)
   521800      6024   2856408  0.001  0.000   16.507    2.961    0    0  (Gen:  0)
   521272      4040   2856240  0.001  0.000   16.508    2.962    0    0  (Gen:  0)
   521472      4040   2856400  0.001  0.000   16.509    2.962    0    0  (Gen:  0)
   521552      4136   2856528  0.000  0.000   16.510    2.962    0    0  (Gen:  0)
   521776      3944   2856368  0.000  0.000   16.510    2.962    0    0  (Gen:  0)
   521696      3848   2856288  0.000  0.000   16.511    2.962    0    0  (Gen:  0)
   521584      6440   2858896  0.000  0.000   16.511    2.962    0    0  (Gen:  0)
   521520      6248   2858784  0.000  0.000   16.512    2.962    0    0  (Gen:  0)
   521616      4160   2859040  0.000  0.000   16.512    2.963    0    0  (Gen:  0)
   521656      3936   2858848  0.000  0.000   16.513    2.963    0    0  (Gen:  0)
   521480      3952   2858952  0.000  0.000   16.514    2.963    0    0  (Gen:  0)
   521632      4440   2859464  0.000  0.000   16.514    2.963    0    0  (Gen:  0)
   521824      4248   2859488  0.000  0.000   16.515    2.963    0    0  (Gen:  0)
   521248      3848   2859240  0.000  0.000   16.515    2.963    0    0  (Gen:  0)
   521784      4424   2859824  0.000  0.000   16.516    2.963    0    0  (Gen:  0)
   521672      4272   2859888  0.000  0.000   16.516    2.963    0    0  (Gen:  0)
   521360      8176   2864032  0.000  0.000   16.517    2.964    0    0  (Gen:  0)
   521704      6168   2863688  0.000  0.000   16.517    2.964    0    0  (Gen:  0)
   521776      3936   2863712  0.000  0.000   16.518    2.964    0    0  (Gen:  0)
   521584      4056   2863864  0.000  0.000   16.518    2.964    0    0  (Gen:  0)
   521568      4120   2863960  0.000  0.000   16.519    2.964    0    0  (Gen:  0)
   521376      3992   2863848  0.000  0.000   16.520    2.964    0    0  (Gen:  0)
   521680      6112   2865984  0.001  0.000   16.520    2.964    0    0  (Gen:  0)
   521472      4208   2866072  0.001  0.000   16.521    2.964    0    0  (Gen:  0)
   521720      4296   2866248  0.000  0.000   16.522    2.965    0    0  (Gen:  0)
   521816      4016   2866000  0.000  0.000   16.523    2.965    0    0  (Gen:  0)
   521776      4168   2866240  0.001  0.000   16.524    2.965    0    0  (Gen:  0)
   521456      6560   2868664  0.000  0.000   16.525    2.965    0    0  (Gen:  0)
   521624      6408   2868576  0.001  0.000   16.526    2.965    0    0  (Gen:  0)
   521592      4016   2868520  0.000  0.000   16.526    2.965    0    0  (Gen:  0)
   521472      4256   2868776  0.000  0.000   16.527    2.965    0    0  (Gen:  0)
   521544      4152   2868720  0.000  0.000   16.527    2.966    0    0  (Gen:  0)
   521560      6416   2871000  0.000  0.000   16.528    2.966    0    0  (Gen:  0)
   521600      4248   2870944  0.000  0.000   16.528    2.966    0    0  (Gen:  0)
   521448      4264   2871120  0.000  0.000   16.529    2.966    0    0  (Gen:  0)
   521504      4264   2871152  0.000  0.000   16.530    2.966    0    0  (Gen:  0)
   521824      4256   2871176  0.000  0.000   16.530    2.966    0    0  (Gen:  0)
   521680      3912   2870848  0.000  0.000   16.531    2.966    0    0  (Gen:  0)
   521464      6568   2873520  0.000  0.000   16.531    2.966    0    0  (Gen:  0)
   521752      6440   2873472  0.000  0.000   16.532    2.967    0    0  (Gen:  0)
   521312      3992   2873520  0.000  0.000   16.532    2.967    0    0  (Gen:  0)
   521376      4096   2873640  0.000  0.000   16.533    2.967    0    0  (Gen:  0)
   521248      3904   2873496  0.000  0.000   16.533    2.967    0    0  (Gen:  0)
   521704      4456   2874056  0.000  0.000   16.534    2.967    0    0  (Gen:  0)
   521680      4216   2874032  0.000  0.000   16.534    2.967    0    0  (Gen:  0)
   521856      4192   2874232  0.000  0.000   16.535    2.967    0    0  (Gen:  0)
   521424      4192   2874256  0.000  0.000   16.536    2.967    0    0  (Gen:  0)
   521584      4352   2874600  0.000  0.000   16.536    2.967    0    0  (Gen:  0)
   521680      4456   2874952  0.000  0.000   16.537    2.968    0    0  (Gen:  0)
   521456      7160   2878160  0.000  0.000   16.537    2.968    0    0  (Gen:  0)
   521784      5776   2878136  0.000  0.000   16.538    2.968    0    0  (Gen:  0)
   521600      4168   2878184  0.000  0.000   16.538    2.968    0    0  (Gen:  0)
   521480      4176   2878224  0.000  0.000   16.539    2.968    0    0  (Gen:  0)
   521616      4208   2878344  0.000  0.000   16.539    2.968    0    0  (Gen:  0)
   521768      4112   2878280  0.000  0.000   16.540    2.968    0    0  (Gen:  0)
   521704      4104   2878320  0.000  0.000   16.540    2.968    0    0  (Gen:  0)
   521664      4008   2878312  0.000  0.000   16.541    2.969    0    0  (Gen:  0)
   521912      3992   2878312  0.000  0.000   16.541    2.969    0    0  (Gen:  0)
   521760      4056   2878424  0.000  0.000   16.542    2.969    0    0  (Gen:  0)
   521608      6096   2880480  0.000  0.000   16.543    2.969    0    0  (Gen:  0)
   521616      5952   2880400  0.000  0.000   16.543    2.969    0    0  (Gen:  0)
   521504      4096   2880464  0.000  0.000   16.544    2.969    0    0  (Gen:  0)
   521552      4304   2880704  0.000  0.000   16.544    2.969    0    0  (Gen:  0)
   521544      4136   2880568  0.000  0.000   16.545    2.969    0    0  (Gen:  0)
   521544      4064   2880512  0.000  0.000   16.545    2.969    0    0  (Gen:  0)
   521544      4216   2880680  0.000  0.000   16.546    2.970    0    0  (Gen:  0)
   521720      4168   2880696  0.000  0.000   16.546    2.970    0    0  (Gen:  0)
   521832      4248   2880864  0.000  0.000   16.547    2.970    0    0  (Gen:  0)
   521776      4288   2880936  0.000  0.000   16.547    2.970    0    0  (Gen:  0)
   521728      4192   2880928  0.000  0.000   16.548    2.970    0    0  (Gen:  0)
   521544      6648   2883416  0.000  0.000   16.549    2.970    0    0  (Gen:  0)
   521552      6824   2883656  0.000  0.000   16.549    2.970    0    0  (Gen:  0)
   521536      3728   2883072  0.000  0.000   16.550    2.970    0    0  (Gen:  0)
   521536      4112   2883472  0.000  0.000   16.550    2.971    0    0  (Gen:  0)
   521504      4048   2883456  0.000  0.000   16.551    2.971    0    0  (Gen:  0)
   521576      3864   2883288  0.000  0.000   16.551    2.971    0    0  (Gen:  0)
   521688      4464   2883896  0.000  0.000   16.552    2.971    0    0  (Gen:  0)
   521696      4184   2883848  0.000  0.000   16.552    2.971    0    0  (Gen:  0)
   521368      4296   2884104  0.000  0.000   16.553    2.971    0    0  (Gen:  0)
   521728      4072   2884080  0.000  0.000   16.554    2.971    0    0  (Gen:  0)
   521576      4472   2884624  0.000  0.000   16.554    2.971    0    0  (Gen:  0)
   521232      8176   2888680  0.000  0.000   16.555    2.971    0    0  (Gen:  0)
   521688      6376   2888736  0.000  0.000   16.555    2.972    0    0  (Gen:  0)
   521544      4032   2888680  0.000  0.000   16.556    2.972    0    0  (Gen:  0)
   521584      4200   2888864  0.000  0.000   16.556    2.972    0    0  (Gen:  0)
   521792      4080   2888792  0.000  0.000   16.557    2.972    0    0  (Gen:  0)
   521608      5944   2890672  0.000  0.000   16.558    2.972    0    0  (Gen:  0)
   521472      4136   2890544  0.001  0.000   16.559    2.972    0    0  (Gen:  0)
   521624      4176   2890744  0.001  0.000   16.560    2.972    0    0  (Gen:  0)
   521728      4224   2890824  0.001  0.000   16.561    2.973    0    0  (Gen:  0)
   521784      4136   2890768  0.001  0.000   16.562    2.973    0    0  (Gen:  0)
   521592      4088   2890736  0.001  0.000   16.563    2.973    0    0  (Gen:  0)
   521576      6504   2893168  0.001  0.000   16.564    2.973    0    0  (Gen:  0)
   521392      6352   2893096  0.001  0.000   16.565    2.973    0    0  (Gen:  0)
   521528      5736   2894784  0.001  0.000   16.567    2.974    0    0  (Gen:  0)
   521600      4064   2894720  0.000  0.000   16.567    2.974    0    0  (Gen:  0)
   521424      4096   2894840  0.000  0.000   16.568    2.974    0    0  (Gen:  0)
   521640      4368   2895144  0.000  0.000   16.568    2.974    0    0  (Gen:  0)
   521552      4160   2894984  0.000  0.000   16.569    2.974    0    0  (Gen:  0)
   521680      4048   2894960  0.000  0.000   16.569    2.974    0    0  (Gen:  0)
   521656      4336   2895264  0.000  0.000   16.570    2.974    0    0  (Gen:  0)
   521840      3968   2894944  0.000  0.000   16.570    2.974    0    0  (Gen:  0)
   521544      6264   2897256  0.000  0.000   16.571    2.975    0    0  (Gen:  0)
   521440      6144   2897200  0.000  0.000   16.572    2.975    0    0  (Gen:  0)
   521312      4064   2897248  0.000  0.000   16.572    2.975    0    0  (Gen:  0)
   521680      4152   2897368  0.000  0.000   16.573    2.975    0    0  (Gen:  0)
   521520      4216   2897464  0.000  0.000   16.573    2.975    0    0  (Gen:  0)
   521576      4136   2897400  0.000  0.000   16.574    2.975    0    0  (Gen:  0)
   521528      6208   2899488  0.000  0.000   16.574    2.975    0    0  (Gen:  0)
   521632      4288   2899400  0.000  0.000   16.575    2.975    0    0  (Gen:  0)
   521720      3768   2898968  0.000  0.000   16.575    2.975    0    0  (Gen:  0)
   521392      4008   2899240  0.000  0.000   16.576    2.976    0    0  (Gen:  0)
   521256      4008   2899312  0.000  0.000   16.576    2.976    0    0  (Gen:  0)
   521480      6624   2901944  0.000  0.000   16.577    2.976    0    0  (Gen:  0)
   521680      6392   2901776  0.000  0.000   16.578    2.976    0    0  (Gen:  0)
   521488      3936   2901736  0.000  0.000   16.578    2.976    0    0  (Gen:  0)
   521800      4096   2901928  0.000  0.000   16.579    2.976    0    0  (Gen:  0)
   521208      4088   2901952  0.000  0.000   16.579    2.976    0    0  (Gen:  0)
   521520      3992   2901872  0.000  0.000   16.580    2.976    0    0  (Gen:  0)
   521568      4456   2902344  0.000  0.000   16.580    2.977    0    0  (Gen:  0)
   521248      4008   2902128  0.000  0.000   16.581    2.977    0    0  (Gen:  0)
   521712      4440   2902704  0.000  0.000   16.581    2.977    0    0  (Gen:  0)
   521792      4032   2902496  0.000  0.000   16.582    2.977    0    0  (Gen:  0)
   521800      4368   2902976  0.000  0.000   16.582    2.977    0    0  (Gen:  0)
   521584      7864   2906832  0.001  0.000   16.584    2.977    0    0  (Gen:  0)
   521528      6320   2906792  0.000  0.000   16.585    2.977    0    0  (Gen:  0)
   521632      3944   2906600  0.000  0.000   16.585    2.977    0    0  (Gen:  0)
   521480      4296   2906968  0.000  0.000   16.586    2.978    0    0  (Gen:  0)
   521544      4192   2906912  0.000  0.000   16.586    2.978    0    0  (Gen:  0)
   521632      6128   2908864  0.000  0.000   16.587    2.978    0    0  (Gen:  0)
   521608      4136   2908848  0.000  0.000   16.587    2.978    0    0  (Gen:  0)
   521616      4008   2908880  0.000  0.000   16.588    2.978    0    0  (Gen:  0)
   521960      4240   2909144  0.000  0.000   16.589    2.978    0    0  (Gen:  0)
   521712      4088   2909024  0.000  0.000   16.589    2.978    0    0  (Gen:  0)
   521680      3800   2908752  0.000  0.000   16.590    2.978    0    0  (Gen:  0)
   521488      6504   2911472  0.000  0.000   16.591    2.979    0    0  (Gen:  0)
   521584      6528   2911576  0.000  0.000   16.591    2.979    0    0  (Gen:  0)
   521552      4408   2911792  0.000  0.000   16.592    2.979    0    0  (Gen:  0)
   521544      3968   2911384  0.000  0.000   16.593    2.979    0    0  (Gen:  0)
   521432      4136   2911640  0.000  0.000   16.593    2.979    0    0  (Gen:  0)
   521408      6344   2913880  0.000  0.000   16.594    2.979    0    0  (Gen:  0)
   521528      4216   2913864  0.000  0.000   16.594    2.979    0    0  (Gen:  0)
   521648      4000   2913736  0.000  0.000   16.595    2.979    0    0  (Gen:  0)
   521736      4224   2913976  0.000  0.000   16.596    2.980    0    0  (Gen:  0)
   521736      4152   2913952  0.000  0.000   16.596    2.980    0    0  (Gen:  0)
   521496      6872   2916688  0.000  0.000   16.597    2.980    0    0  (Gen:  0)
   521424      6392   2916272  0.000  0.000   16.597    2.980    0    0  (Gen:  0)
   521280      3984   2916432  0.000  0.000   16.598    2.980    0    0  (Gen:  0)
   521672      4128   2916608  0.000  0.000   16.598    2.980    0    0  (Gen:  0)
   521560      4048   2916560  0.000  0.000   16.599    2.980    0    0  (Gen:  0)
   521592      4008   2916608  0.000  0.000   16.599    2.980    0    0  (Gen:  0)
   521568      4528   2917152  0.000  0.000   16.600    2.981    0    0  (Gen:  0)
   521664      4160   2917000  0.000  0.000   16.601    2.981    0    0  (Gen:  0)
   521792      3936   2916928  0.000  0.000   16.601    2.981    0    0  (Gen:  0)
   521632      4312   2917312  0.000  0.000   16.602    2.981    0    0  (Gen:  0)
   521512      4120   2917328  0.000  0.000   16.602    2.981    0    0  (Gen:  0)
   521384      7640   2921032  0.000  0.000   16.603    2.981    0    0  (Gen:  0)
   521712      5680   2920896  0.000  0.000   16.603    2.981    0    0  (Gen:  0)
   521568      4152   2921096  0.000  0.000   16.604    2.981    0    0  (Gen:  0)
   521664      4208   2921184  0.000  0.000   16.604    2.982    0    0  (Gen:  0)
   521544      4120   2921128  0.000  0.000   16.605    2.982    0    0  (Gen:  0)
   521608      3952   2920976  0.000  0.000   16.605    2.982    0    0  (Gen:  0)
   521464      4280   2921320  0.000  0.000   16.606    2.982    0    0  (Gen:  0)
   521768      4208   2921312  0.000  0.000   16.606    2.982    0    0  (Gen:  0)
   521840      4336   2921528  0.000  0.000   16.607    2.982    0    0  (Gen:  0)
   521352      4160   2921384  0.000  0.000   16.608    2.982    0    0  (Gen:  0)
   521424      3968   2921280  0.000  0.000   16.608    2.982    0    0  (Gen:  0)
   521440      6056   2923400  0.000  0.000   16.609    2.982    0    0  (Gen:  0)
   521512      5968   2923376  0.000  0.000   16.610    2.983    0    0  (Gen:  0)
   521592      4040   2923296  0.000  0.000   16.610    2.983    0    0  (Gen:  0)
   521664      4208   2923480  0.000  0.000   16.611    2.983    0    0  (Gen:  0)
   521352      4016   2923336  0.000  0.000   16.611    2.983    0    0  (Gen:  0)
   521544      4408   2923744  0.000  0.000   16.612    2.983    0    0  (Gen:  0)
   521544      4304   2923688  0.000  0.000   16.612    2.983    0    0  (Gen:  0)
   521704      4008   2923552  0.000  0.000   16.613    2.983    0    0  (Gen:  0)
   521696      4224   2923800  0.000  0.000   16.613    2.983    0    0  (Gen:  0)
   521760      4048   2923656  0.001  0.000   16.615    2.984    0    0  (Gen:  0)
   521744      3904   2923528  0.000  0.000   16.616    2.984    0    0  (Gen:  0)
   521328      6864   2926504  0.000  0.000   16.617    2.984    0    0  (Gen:  0)
   521592      6704   2926424  0.000  0.000   16.617    2.984    0    0  (Gen:  0)
   521592      4264   2926496  0.000  0.000   16.618    2.984    0    0  (Gen:  0)
   521544      4176   2926440  0.000  0.000   16.618    2.984    0    0  (Gen:  0)
   521456      4304   2926656  0.000  0.000   16.619    2.984    0    0  (Gen:  0)
   521784      4376   2926752  0.001  0.000   16.620    2.985    0    0  (Gen:  0)
   521584      4144   2926736  0.000  0.000   16.621    2.985    0    0  (Gen:  0)
   521504      4008   2926824  0.000  0.000   16.621    2.985    0    0  (Gen:  0)
   521592      4344   2927184  0.000  0.000   16.622    2.985    0    0  (Gen:  0)
   521736      4280   2927312  0.000  0.000   16.622    2.985    0    0  (Gen:  0)
   521448      4952   2928160  0.000  0.000   16.623    2.985    0    0  (Gen:  0)
   521672      7224   2931256  0.000  0.000   16.624    2.985    0    0  (Gen:  0)
   521864      6056   2931288  0.000  0.000   16.624    2.986    0    0  (Gen:  0)
   521568      4280   2931432  0.000  0.000   16.625    2.986    0    0  (Gen:  0)
   521232      3800   2930984  0.000  0.000   16.625    2.986    0    0  (Gen:  0)
   521472      4008   2931280  0.000  0.000   16.626    2.986    0    0  (Gen:  0)
   521880      5792   2933096  0.000  0.000   16.626    2.986    0    0  (Gen:  0)
   521832      4176   2933160  0.000  0.000   16.627    2.986    0    0  (Gen:  0)
   521528      4048   2933120  0.000  0.000   16.627    2.986    0    0  (Gen:  0)
   521760      4048   2933136  0.000  0.000   16.628    2.986    0    0  (Gen:  0)
   521264      4024   2933160  0.000  0.000   16.628    2.986    0    0  (Gen:  0)
   521632      6640   2935792  0.000  0.000   16.629    2.987    0    0  (Gen:  0)
   521608      6480   2935696  0.000  0.000   16.630    2.987    0    0  (Gen:  0)
   521448      4192   2935792  0.000  0.000   16.630    2.987    0    0  (Gen:  0)
   521672      5568   2937528  0.000  0.000   16.631    2.987    0    0  (Gen:  0)
   521744      4016   2937424  0.000  0.000   16.631    2.987    0    0  (Gen:  0)
   521776      4048   2937472  0.000  0.000   16.632    2.987    0    0  (Gen:  0)
   521600      4288   2937728  0.000  0.000   16.632    2.987    0    0  (Gen:  0)
   521624      4160   2937664  0.000  0.000   16.633    2.987    0    0  (Gen:  0)
   521928      4120   2937712  0.000  0.000   16.633    2.988    0    0  (Gen:  0)
   521672      4032   2937656  0.000  0.000   16.634    2.988    0    0  (Gen:  0)
   521752      4136   2937848  0.000  0.000   16.634    2.988    0    0  (Gen:  0)
   521392      6392   2940136  0.000  0.000   16.635    2.988    0    0  (Gen:  0)
   521912      6160   2939968  0.000  0.000   16.636    2.988    0    0  (Gen:  0)
   521664      3952   2939816  0.001  0.000   16.637    2.988    0    0  (Gen:  0)
   521472      4296   2940176  0.001  0.000   16.639    2.988    0    0  (Gen:  0)
   521432      4024   2939952  0.001  0.000   16.641    2.989    0    0  (Gen:  0)
   521808      6144   2942088  0.001  0.000   16.642    2.989    0    0  (Gen:  0)
   521520      4120   2941880  0.000  0.000   16.644    2.989    0    0  (Gen:  0)
   521336      4032   2941952  0.000  0.000   16.645    2.989    0    0  (Gen:  0)
   521504      4264   2942216  0.001  0.000   16.646    2.989    0    0  (Gen:  0)
   521800      4192   2942176  0.000  0.000   16.647    2.990    0    0  (Gen:  0)
   521768      4136   2942136  0.000  0.000   16.648    2.990    0    0  (Gen:  0)
   521528      6432   2944448  0.000  0.000   16.648    2.990    0    0  (Gen:  0)
   521672      6368   2944464  0.000  0.000   16.649    2.990    0    0  (Gen:  0)
   521560      3952   2944392  0.000  0.000   16.649    2.990    0    0  (Gen:  0)
   521592      4096   2944552  0.000  0.000   16.650    2.990    0    0  (Gen:  0)
   521416      4024   2944528  0.000  0.000   16.650    2.990    0    0  (Gen:  0)
   521744      4280   2944792  0.000  0.000   16.651    2.990    0    0  (Gen:  0)
   521576      4056   2944784  0.000  0.000   16.651    2.991    0    0  (Gen:  0)
   521584      3984   2944936  0.000  0.000   16.652    2.991    0    0  (Gen:  0)
   521544      4424   2945400  0.000  0.000   16.652    2.991    0    0  (Gen:  0)
   521712      4328   2945496  0.000  0.000   16.653    2.991    0    0  (Gen:  0)
   521488      4744   2946088  0.000  0.000   16.654    2.991    0    0  (Gen:  0)
   521528      7232   2949240  0.000  0.000   16.654    2.991    0    0  (Gen:  0)
   521888      6224   2949272  0.000  0.000   16.655    2.991    0    0  (Gen:  0)
   521536      4248   2949480  0.000  0.000   16.655    2.991    0    0  (Gen:  0)
   521688      4088   2949352  0.000  0.000   16.656    2.992    0    0  (Gen:  0)
   521416      4128   2949480  0.000  0.000   16.656    2.992    0    0  (Gen:  0)
   521528      6224   2951608  0.000  0.000   16.657    2.992    0    0  (Gen:  0)
   521552      4104   2951464  0.000  0.000   16.657    2.992    0    0  (Gen:  0)
   521648      4016   2951464  0.000  0.000   16.658    2.992    0    0  (Gen:  0)
   521760      4016   2951480  0.000  0.000   16.659    2.992    0    0  (Gen:  0)
   521784      4024   2951536  0.000  0.000   16.659    2.992    0    0  (Gen:  0)
   521616      6560   2954088  0.000  0.000   16.660    2.992    0    0  (Gen:  0)
   521592      6496   2954088  0.000  0.000   16.660    2.993    0    0  (Gen:  0)
   521472      3984   2953984  0.000  0.000   16.661    2.993    0    0  (Gen:  0)
   521488      4208   2954240  0.000  0.000   16.661    2.993    0    0  (Gen:  0)
   521576      4088   2954152  0.000  0.000   16.662    2.993    0    0  (Gen:  0)
   521640      4016   2954096  0.000  0.000   16.662    2.993    0    0  (Gen:  0)
   521624      6184   2956280  0.000  0.000   16.663    2.993    0    0  (Gen:  0)
   521400      4048   2956272  0.000  0.000   16.664    2.993    0    0  (Gen:  0)
   521584      4192   2956504  0.000  0.000   16.664    2.993    0    0  (Gen:  0)
   521592      4104   2956448  0.000  0.000   16.665    2.993    0    0  (Gen:  0)
   521728      4136   2956568  0.000  0.000   16.665    2.994    0    0  (Gen:  0)
   521576      6680   2959144  0.000  0.000   16.666    2.994    0    0  (Gen:  0)
   521616      6768   2959296  0.000  0.000   16.666    2.994    0    0  (Gen:  0)
   521480      4176   2959200  0.001  0.000   16.668    2.994    0    0  (Gen:  0)
   521400      4336   2959376  0.000  0.000   16.668    2.994    0    0  (Gen:  0)
   521208      4160   2959248  0.000  0.000   16.669    2.994    0    0  (Gen:  0)
   521632      4304   2959400  0.000  0.000   16.670    2.994    0    0  (Gen:  0)
   521680      4256   2959568  0.000  0.000   16.670    2.995    0    0  (Gen:  0)
   521792      4008   2959544  0.000  0.000   16.671    2.995    0    0  (Gen:  0)
   521568      4344   2959904  0.000  0.000   16.671    2.995    0    0  (Gen:  0)
   521640      4072   2959832  0.000  0.000   16.672    2.995    0    0  (Gen:  0)
   521512      4384   2960288  0.000  0.000   16.672    2.995    0    0  (Gen:  0)
   521416      7464   2963728  0.000  0.000   16.673    2.995    0    0  (Gen:  0)
   521800      5816   2963744  0.000  0.000   16.673    2.995    0    0  (Gen:  0)
   521752      3872   2963456  0.000  0.000   16.674    2.995    0    0  (Gen:  0)
   521392      4168   2963768  0.000  0.000   16.674    2.995    0    0  (Gen:  0)
   521592      4040   2963688  0.000  0.000   16.675    2.996    0    0  (Gen:  0)
   521640      4208   2963872  0.000  0.000   16.675    2.996    0    0  (Gen:  0)
   521864      4136   2963848  0.000  0.000   16.676    2.996    0    0  (Gen:  0)
   521576      4120   2963992  0.000  0.000   16.677    2.996    0    0  (Gen:  0)
   521920      4168   2964072  0.000  0.000   16.677    2.996    0    0  (Gen:  0)
   521752      4176   2964112  0.000  0.000   16.678    2.996    0    0  (Gen:  0)
   521648      4080   2964032  0.000  0.000   16.678    2.996    0    0  (Gen:  0)
   521752      5960   2965928  0.000  0.000   16.679    2.996    0    0  (Gen:  0)
   521384      5768   2965816  0.000  0.000   16.679    2.997    0    0  (Gen:  0)
   521576      4248   2966144  0.000  0.000   16.680    2.997    0    0  (Gen:  0)
   521536      3992   2965920  0.000  0.000   16.680    2.997    0    0  (Gen:  0)
   521584      4008   2966024  0.000  0.000   16.681    2.997    0    0  (Gen:  0)
   521512      4144   2966192  0.000  0.000   16.681    2.997    0    0  (Gen:  0)
   521784      4176   2966272  0.000  0.000   16.682    2.997    0    0  (Gen:  0)
   521616      3992   2966176  0.000  0.000   16.683    2.997    0    0  (Gen:  0)
   521888      4264   2966464  0.000  0.000   16.683    2.997    0    0  (Gen:  0)
   521688      4120   2966368  0.000  0.000   16.684    2.997    0    0  (Gen:  0)
   521608      6736   2969000  0.000  0.000   16.684    2.998    0    0  (Gen:  0)
   521544      6616   2968944  0.000  0.000   16.685    2.998    0    0  (Gen:  0)
   521464      4064   2968976  0.000  0.000   16.685    2.998    0    0  (Gen:  0)
   521632      4136   2969080  0.000  0.000   16.686    2.998    0    0  (Gen:  0)
   521640      4288   2969264  0.000  0.000   16.686    2.998    0    0  (Gen:  0)
   521344      4024   2969016  0.000  0.000   16.687    2.998    0    0  (Gen:  0)
   521680      4512   2969512  0.000  0.000   16.687    2.998    0    0  (Gen:  0)
   521824      4280   2969512  0.000  0.000   16.688    2.998    0    0  (Gen:  0)
   521248      4640   2970016  0.000  0.000   16.688    2.999    0    0  (Gen:  0)
   521752      4264   2969904  0.000  0.000   16.689    2.999    0    0  (Gen:  0)
   521760      4392   2970144  0.000  0.000   16.690    2.999    0    0  (Gen:  0)
   521432      7864   2973976  0.000  0.000   16.690    2.999    0    0  (Gen:  0)
   521784      5928   2973864  0.000  0.000   16.691    2.999    0    0  (Gen:  0)
   521752      4080   2974008  0.000  0.000   16.691    2.999    0    0  (Gen:  0)
   521528      4112   2974072  0.000  0.000   16.692    2.999    0    0  (Gen:  0)
   521200      4064   2974056  0.000  0.000   16.692    2.999    0    0  (Gen:  0)
   521544      3992   2974000  0.000  0.000   16.693    3.000    0    0  (Gen:  0)
   521896      5888   2975912  0.000  0.000   16.693    3.000    0    0  (Gen:  0)
   521720      4136   2975856  0.000  0.000   16.694    3.000    0    0  (Gen:  0)
   521944      4080   2975888  0.000  0.000   16.694    3.000    0    0  (Gen:  0)
   521248      4064   2975904  0.000  0.000   16.695    3.000    0    0  (Gen:  0)
   521456      3952   2975880  0.000  0.000   16.696    3.000    0    0  (Gen:  0)
   521640      6600   2978560  0.001  0.000   16.697    3.000    0    0  (Gen:  0)
   521552      6392   2978416  0.001  0.000   16.698    3.000    0    0  (Gen:  0)
   521456      4576   2978896  0.001  0.000   16.699    3.001    0    0  (Gen:  0)
   521752      5336   2980160  0.001  0.000   16.700    3.001    0    0  (Gen:  0)
   521784      4160   2980128  0.001  0.000   16.701    3.001    0    0  (Gen:  0)
   521616      4376   2980360  0.000  0.000   16.702    3.001    0    0  (Gen:  0)
   521680      4040   2980072  0.000  0.000   16.703    3.001    0    0  (Gen:  0)
   521592      4080   2980272  0.000  0.000   16.703    3.001    0    0  (Gen:  0)
   521920      4152   2980376  0.000  0.000   16.704    3.002    0    0  (Gen:  0)
   521744      4016   2980272  0.000  0.000   16.704    3.002    0    0  (Gen:  0)
   521664      3904   2980176  0.000  0.000   16.705    3.002    0    0  (Gen:  0)
   521512      6240   2982528  0.000  0.000   16.705    3.002    0    0  (Gen:  0)
   521800      6176   2982544  0.000  0.000   16.706    3.002    0    0  (Gen:  0)
   521720      4192   2982616  0.000  0.000   16.706    3.002    0    0  (Gen:  0)
   521512      4136   2982592  0.000  0.000   16.707    3.002    0    0  (Gen:  0)
   521408      4208   2982752  0.000  0.000   16.708    3.002    0    0  (Gen:  0)
   521896      6040   2984616  0.000  0.000   16.708    3.003    0    0  (Gen:  0)
   521248      4264   2984656  0.000  0.000   16.709    3.003    0    0  (Gen:  0)
   521488      4120   2984600  0.000  0.000   16.709    3.003    0    0  (Gen:  0)
   521520      4296   2984792  0.000  0.000   16.710    3.003    0    0  (Gen:  0)
   521728      4136   2984680  0.000  0.000   16.710    3.003    0    0  (Gen:  0)
   521864      6624   2987184  0.000  0.000   16.711    3.003    0    0  (Gen:  0)
   521488      6504   2987128  0.000  0.000   16.711    3.003    0    0  (Gen:  0)
   521496      4080   2987120  0.000  0.000   16.712    3.003    0    0  (Gen:  0)
   521608      4160   2987232  0.000  0.000   16.713    3.003    0    0  (Gen:  0)
   521648      4376   2987480  0.000  0.000   16.713    3.004    0    0  (Gen:  0)
   521496      3768   2986888  0.000  0.000   16.714    3.004    0    0  (Gen:  0)
   521688      4344   2987472  0.000  0.000   16.714    3.004    0    0  (Gen:  0)
   521744      4216   2987576  0.000  0.000   16.715    3.004    0    0  (Gen:  0)
   521272      3896   2987408  0.001  0.000   16.716    3.004    0    0  (Gen:  0)
   521752      4400   2987920  0.000  0.000   16.717    3.004    0    0  (Gen:  0)
   521744      4208   2987936  0.000  0.000   16.717    3.004    0    0  (Gen:  0)
   521288      7920   2991832  0.000  0.000   16.718    3.005    0    0  (Gen:  0)
   521808      6232   2991808  0.000  0.000   16.719    3.005    0    0  (Gen:  0)
   521776      4152   2991984  0.000  0.000   16.719    3.005    0    0  (Gen:  0)
   521472      4096   2991960  0.000  0.000   16.720    3.005    0    0  (Gen:  0)
   521576      4064   2991960  0.000  0.000   16.720    3.005    0    0  (Gen:  0)
   521528      4008   2991920  0.000  0.000   16.721    3.005    0    0  (Gen:  0)
   521680      6216   2994144  0.000  0.000   16.721    3.005    0    0  (Gen:  0)
   521472      4160   2994080  0.000  0.000   16.722    3.005    0    0  (Gen:  0)
   521624      4240   2994248  0.000  0.000   16.722    3.006    0    0  (Gen:  0)
   521904      3992   2994032  0.000  0.000   16.723    3.006    0    0  (Gen:  0)
   521696      4192   2994320  0.000  0.000   16.723    3.006    0    0  (Gen:  0)
   521408      6512   2996672  0.000  0.000   16.724    3.006    0    0  (Gen:  0)
   521600      6368   2996592  0.000  0.000   16.725    3.006    0    0  (Gen:  0)
   521640      3976   2996536  0.000  0.000   16.725    3.006    0    0  (Gen:  0)
   521504      4168   2996744  0.000  0.000   16.726    3.006    0    0  (Gen:  0)
   521488      4024   2996648  0.000  0.000   16.726    3.006    0    0  (Gen:  0)
   521584      6376   2999016  0.000  0.000   16.727    3.006    0    0  (Gen:  0)
   521600      4208   2998960  0.000  0.000   16.727    3.007    0    0  (Gen:  0)
   521464      4208   2999120  0.000  0.000   16.728    3.007    0    0  (Gen:  0)
   521488      4224   2999168  0.000  0.000   16.728    3.007    0    0  (Gen:  0)
   521888      4120   2999096  0.000  0.000   16.729    3.007    0    0  (Gen:  0)
   521568      4104   2999096  0.000  0.000   16.729    3.007    0    0  (Gen:  0)
   521512      6792   3001800  0.000  0.000   16.730    3.007    0    0  (Gen:  0)
   521776      6520   3001608  0.000  0.000   16.731    3.007    0    0  (Gen:  0)
   521240      4120   3001704  0.000  0.000   16.731    3.007    0    0  (Gen:  0)
   521432      4176   3001792  0.000  0.000   16.732    3.008    0    0  (Gen:  0)
   521280      4064   3001768  0.000  0.000   16.732    3.008    0    0  (Gen:  0)
   521688      4568   3002296  0.000  0.000   16.733    3.008    0    0  (Gen:  0)
   521728      4192   3002136  0.000  0.000   16.733    3.008    0    0  (Gen:  0)
   521792      4088   3002184  0.000  0.000   16.734    3.008    0    0  (Gen:  0)
   521488      4512   3002616  0.000  0.000   16.734    3.008    0    0  (Gen:  0)
   521568      4360   3002672  0.000  0.000   16.735    3.008    0    0  (Gen:  0)
   521592      5184   3003672  0.000  0.000   16.735    3.008    0    0  (Gen:  0)
   521520      6448   3006080  0.000  0.000   16.736    3.008    0    0  (Gen:  0)
   521752      5648   3006000  0.000  0.000   16.737    3.009    0    0  (Gen:  0)
   521616      4112   3006120  0.000  0.000   16.737    3.009    0    0  (Gen:  0)
   521528      4096   3006136  0.000  0.000   16.738    3.009    0    0  (Gen:  0)
   521576      3968   3006096  0.000  0.000   16.738    3.009    0    0  (Gen:  0)
   521792      4352   3006512  0.000  0.000   16.739    3.009    0    0  (Gen:  0)
   521616      4000   3006208  0.000  0.000   16.739    3.009    0    0  (Gen:  0)
   521776      3952   3006248  0.000  0.000   16.740    3.009    0    0  (Gen:  0)
   521840      4184   3006496  0.000  0.000   16.740    3.009    0    0  (Gen:  0)
   521800      4096   3006456  0.000  0.000   16.741    3.010    0    0  (Gen:  0)
   521632      6040   3008416  0.000  0.000   16.741    3.010    0    0  (Gen:  0)
   521664      5968   3008408  0.000  0.000   16.742    3.010    0    0  (Gen:  0)
   521408      4040   3008400  0.000  0.000   16.743    3.010    0    0  (Gen:  0)
   521432      4264   3008656  0.000  0.000   16.743    3.010    0    0  (Gen:  0)
   521632      4144   3008568  0.000  0.000   16.744    3.010    0    0  (Gen:  0)
   521568      3960   3008400  0.000  0.000   16.744    3.010    0    0  (Gen:  0)
   521664      4096   3008552  0.000  0.000   16.745    3.010    0    0  (Gen:  0)
   521608      4112   3008632  0.000  0.000   16.745    3.010    0    0  (Gen:  0)
   521936      4112   3008720  0.000  0.000   16.746    3.011    0    0  (Gen:  0)
   521664      4064   3008704  0.000  0.000   16.746    3.011    0    0  (Gen:  0)
   521784      4112   3008840  0.000  0.000   16.747    3.011    0    0  (Gen:  0)
   521496      6592   3011352  0.000  0.000   16.747    3.011    0    0  (Gen:  0)
   521544      6728   3011552  0.000  0.000   16.748    3.011    0    0  (Gen:  0)
   521528      4048   3011384  0.000  0.000   16.749    3.011    0    0  (Gen:  0)
   521624      4032   3011384  0.000  0.000   16.749    3.011    0    0  (Gen:  0)
   521400      3976   3011376  0.000  0.000   16.750    3.011    0    0  (Gen:  0)
   521712      4696   3012104  0.000  0.000   16.750    3.012    0    0  (Gen:  0)
   521600      4160   3011784  0.000  0.000   16.751    3.012    0    0  (Gen:  0)
   521632      4176   3012024  0.000  0.000   16.751    3.012    0    0  (Gen:  0)
   521320      4480   3012352  0.000  0.000   16.752    3.012    0    0  (Gen:  0)
   521800      4400   3012472  0.000  0.000   16.752    3.012    0    0  (Gen:  0)
   521624      4336   3012640  0.000  0.000   16.753    3.012    0    0  (Gen:  0)
   521560      7768   3016416  0.000  0.000   16.753    3.012    0    0  (Gen:  0)
   521720      5856   3016184  0.000  0.000   16.754    3.012    0    0  (Gen:  0)
   521752      3896   3016144  0.000  0.000   16.754    3.013    0    0  (Gen:  0)
   521360      4096   3016360  0.000  0.000   16.755    3.013    0    0  (Gen:  0)
   521272      3832   3016144  0.000  0.000   16.756    3.013    0    0  (Gen:  0)
   521864      5928   3018256  0.000  0.000   16.756    3.013    0    0  (Gen:  0)
   521752      3960   3017968  0.000  0.000   16.757    3.013    0    0  (Gen:  0)
   521760      4056   3018224  0.000  0.000   16.757    3.013    0    0  (Gen:  0)
   521832      4096   3018296  0.000  0.000   16.758    3.013    0    0  (Gen:  0)
   521208      4088   3018320  0.000  0.000   16.758    3.013    0    0  (Gen:  0)
   521304      3904   3018152  0.000  0.000   16.759    3.013    0    0  (Gen:  0)
   521920      6448   3020712  0.000  0.000   16.759    3.014    0    0  (Gen:  0)
   521416      6280   3020624  0.000  0.000   16.760    3.014    0    0  (Gen:  0)
   521672      5768   3022416  0.000  0.000   16.761    3.014    0    0  (Gen:  0)
   521528      4120   3022376  0.000  0.000   16.761    3.014    0    0  (Gen:  0)
   521952      4104   3022448  0.000  0.000   16.762    3.014    0    0  (Gen:  0)
   521568      4272   3022648  0.000  0.000   16.762    3.014    0    0  (Gen:  0)
   521632      4136   3022560  0.000  0.000   16.763    3.014    0    0  (Gen:  0)
   521760      4032   3022544  0.000  0.000   16.763    3.014    0    0  (Gen:  0)
   521824      4240   3022768  0.000  0.000   16.764    3.015    0    0  (Gen:  0)
   521784      4160   3022736  0.000  0.000   16.764    3.015    0    0  (Gen:  0)
   521512      6152   3024744  0.000  0.000   16.765    3.015    0    0  (Gen:  0)
   521704      6088   3024744  0.000  0.000   16.765    3.015    0    0  (Gen:  0)
   521720      3904   3024688  0.000  0.000   16.766    3.015    0    0  (Gen:  0)
   521504      4136   3024952  0.000  0.000   16.767    3.015    0    0  (Gen:  0)
   521528      4088   3024936  0.000  0.000   16.767    3.015    0    0  (Gen:  0)
   521696      3944   3024808  0.000  0.000   16.768    3.015    0    0  (Gen:  0)
   521624      6096   3026976  0.000  0.000   16.768    3.016    0    0  (Gen:  0)
   521288      4192   3026904  0.000  0.000   16.769    3.016    0    0  (Gen:  0)
   521592      4192   3026992  0.000  0.000   16.769    3.016    0    0  (Gen:  0)
   521584      4120   3026952  0.000  0.000   16.770    3.016    0    0  (Gen:  0)
   521736      3872   3026792  0.000  0.000   16.770    3.016    0    0  (Gen:  0)
   521712      6464   3029416  0.000  0.000   16.771    3.016    0    0  (Gen:  0)
   521592      6504   3029520  0.001  0.000   16.772    3.016    0    0  (Gen:  0)
   521472      4120   3029480  0.001  0.000   16.773    3.016    0    0  (Gen:  0)
   521624      4104   3029480  0.001  0.000   16.774    3.017    0    0  (Gen:  0)
   521568      4032   3029456  0.001  0.000   16.776    3.017    0    0  (Gen:  0)
   521616      4632   3030072  0.001  0.000   16.777    3.017    0    0  (Gen:  0)
   521600      4072   3029784  0.001  0.000   16.778    3.017    0    0  (Gen:  0)
   521688      4248   3030120  0.001  0.000   16.779    3.017    0    0  (Gen:  0)
   521360      4536   3030432  0.001  0.000   16.780    3.018    0    0  (Gen:  0)
   521808      4200   3030288  0.000  0.000   16.781    3.018    0    0  (Gen:  0)
   521584      4128   3030392  0.000  0.000   16.781    3.018    0    0  (Gen:  0)
   521424      7792   3034240  0.000  0.000   16.782    3.018    0    0  (Gen:  0)
   521776      6112   3034080  0.000  0.000   16.782    3.018    0    0  (Gen:  0)
   521736      3952   3034104  0.000  0.000   16.783    3.018    0    0  (Gen:  0)
   521544      4096   3034264  0.000  0.000   16.783    3.018    0    0  (Gen:  0)
   521368      4136   3034352  0.000  0.000   16.784    3.018    0    0  (Gen:  0)
   521688      6320   3036552  0.000  0.000   16.785    3.019    0    0  (Gen:  0)
   521656      4000   3036208  0.000  0.000   16.785    3.019    0    0  (Gen:  0)
   521504      4136   3036504  0.000  0.000   16.786    3.019    0    0  (Gen:  0)
   521744      4168   3036568  0.000  0.000   16.786    3.019    0    0  (Gen:  0)
   521832      3976   3036408  0.000  0.000   16.787    3.019    0    0  (Gen:  0)
   521648      3984   3036432  0.000  0.000   16.787    3.019    0    0  (Gen:  0)
   521496      6592   3039056  0.000  0.000   16.788    3.019    0    0  (Gen:  0)
   521488      6456   3039000  0.000  0.000   16.788    3.019    0    0  (Gen:  0)
   521600      4168   3039048  0.000  0.000   16.789    3.020    0    0  (Gen:  0)
   521480      4176   3039088  0.000  0.000   16.789    3.020    0    0  (Gen:  0)
   521616      4208   3039208  0.000  0.000   16.790    3.020    0    0  (Gen:  0)
   521568      6208   3041240  0.000  0.000   16.790    3.020    0    0  (Gen:  0)
   521568      4192   3041336  0.000  0.000   16.791    3.020    0    0  (Gen:  0)
   521376      3992   3041224  0.000  0.000   16.792    3.020    0    0  (Gen:  0)
   521560      4240   3041488  0.000  0.000   16.792    3.020    0    0  (Gen:  0)
   521872      4136   3041432  0.000  0.000   16.793    3.020    0    0  (Gen:  0)
   521552      6600   3043912  0.000  0.000   16.793    3.020    0    0  (Gen:  0)
   521616      6512   3043888  0.000  0.000   16.794    3.021    0    0  (Gen:  0)
   521600      4136   3044080  0.000  0.000   16.794    3.021    0    0  (Gen:  0)
   521384      4160   3044136  0.000  0.000   16.795    3.021    0    0  (Gen:  0)
   521256      4152   3044160  0.000  0.000   16.795    3.021    0    0  (Gen:  0)
   521472      4008   3044032  0.000  0.000   16.796    3.021    0    0  (Gen:  0)
   521672      4576   3044608  0.000  0.000   16.796    3.021    0    0  (Gen:  0)
   521696      4296   3044624  0.000  0.000   16.797    3.021    0    0  (Gen:  0)
   521808      4536   3044976  0.000  0.000   16.798    3.021    0    0  (Gen:  0)
   521480      4144   3044784  0.000  0.000   16.798    3.022    0    0  (Gen:  0)
   521528      4496   3045280  0.000  0.000   16.799    3.022    0    0  (Gen:  0)
   521424      7368   3048512  0.000  0.000   16.799    3.022    0    0  (Gen:  0)
   521744      5576   3048384  0.000  0.000   16.800    3.022    0    0  (Gen:  0)
   521768      4000   3048536  0.000  0.000   16.800    3.022    0    0  (Gen:  0)
   521400      4056   3048624  0.000  0.000   16.801    3.022    0    0  (Gen:  0)
   521568      4120   3048720  0.000  0.000   16.801    3.022    0    0  (Gen:  0)
   521688      3952   3048568  0.000  0.000   16.802    3.022    0    0  (Gen:  0)
   521856      4200   3048832  0.000  0.000   16.802    3.023    0    0  (Gen:  0)
   521616      4152   3048848  0.000  0.000   16.803    3.023    0    0  (Gen:  0)
   521904      4184   3048968  0.000  0.000   16.803    3.023    0    0  (Gen:  0)
   521632      3960   3048776  0.000  0.000   16.804    3.023    0    0  (Gen:  0)
   521896      4152   3049056  0.000  0.000   16.805    3.023    0    0  (Gen:  0)
   521552      6016   3050952  0.000  0.000   16.805    3.023    0    0  (Gen:  0)
   521592      5936   3050936  0.000  0.000   16.806    3.023    0    0  (Gen:  0)
   521496      4032   3050880  0.000  0.000   16.806    3.023    0    0  (Gen:  0)
   521504      4264   3051128  0.000  0.000   16.807    3.023    0    0  (Gen:  0)
   521536      3992   3050904  0.000  0.000   16.807    3.024    0    0  (Gen:  0)
   521592      4328   3051256  0.000  0.000   16.808    3.024    0    0  (Gen:  0)
   521632      4088   3051064  0.000  0.000   16.808    3.024    0    0  (Gen:  0)
   521640      4136   3051272  0.000  0.000   16.809    3.024    0    0  (Gen:  0)
   521920      4208   3051376  0.000  0.000   16.809    3.024    0    0  (Gen:  0)
   521768      4200   3051400  0.000  0.000   16.810    3.024    0    0  (Gen:  0)
   521640      3936   3051152  0.000  0.000   16.810    3.024    0    0  (Gen:  0)
   521536      6624   3053856  0.000  0.000   16.811    3.024    0    0  (Gen:  0)
   521448      6616   3053928  0.000  0.000   16.812    3.025    0    0  (Gen:  0)
   521616      4224   3054048  0.000  0.000   16.812    3.025    0    0  (Gen:  0)
   521544      4136   3053992  0.000  0.000   16.813    3.025    0    0  (Gen:  0)
   521464      4208   3054152  0.000  0.000   16.813    3.025    0    0  (Gen:  0)
   521744      4528   3054496  0.000  0.000   16.814    3.025    0    0  (Gen:  0)
   521616      4328   3054512  0.000  0.000   16.814    3.025    0    0  (Gen:  0)
   521416      4072   3054408  0.000  0.000   16.815    3.025    0    0  (Gen:  0)
   521632      4440   3054792  0.000  0.000   16.815    3.025    0    0  (Gen:  0)
   521744      4320   3054944  0.000  0.000   16.816    3.025    0    0  (Gen:  0)
   521464      8048   3058912  0.000  0.000   16.816    3.026    0    0  (Gen:  0)
   521728      6080   3058928  0.000  0.000   16.817    3.026    0    0  (Gen:  0)
   521760      4248   3059088  0.000  0.000   16.818    3.026    0    0  (Gen:  0)
   521632      4232   3059104  0.000  0.000   16.818    3.026    0    0  (Gen:  0)
   521272      4232   3059136  0.000  0.000   16.819    3.026    0    0  (Gen:  0)
   521464      4136   3059056  0.000  0.000   16.819    3.026    0    0  (Gen:  0)
   521848      5760   3060696  0.000  0.000   16.820    3.026    0    0  (Gen:  0)
   521760      4008   3060640  0.000  0.000   16.820    3.026    0    0  (Gen:  0)
   521736      3896   3060616  0.000  0.000   16.821    3.027    0    0  (Gen:  0)
   521616      4128   3060864  0.000  0.000   16.821    3.027    0    0  (Gen:  0)
   521248      4120   3060904  0.000  0.000   16.822    3.027    0    0  (Gen:  0)
   521672      6464   3063264  0.000  0.000   16.822    3.027    0    0  (Gen:  0)
   521544      6344   3063208  0.000  0.000   16.823    3.027    0    0  (Gen:  0)
   521368      4488   3063736  0.000  0.000   16.824    3.027    0    0  (Gen:  0)
   521792      5568   3065176  0.000  0.000   16.824    3.027    0    0  (Gen:  0)
   521832      4064   3065120  0.000  0.000   16.825    3.027    0    0  (Gen:  0)
   521728      3936   3065008  0.000  0.000   16.825    3.027    0    0  (Gen:  0)
   521608      4288   3065376  0.000  0.000   16.826    3.028    0    0  (Gen:  0)
   521552      4040   3065192  0.000  0.000   16.826    3.028    0    0  (Gen:  0)
   522008      4192   3065432  0.000  0.000   16.827    3.028    0    0  (Gen:  0)
   521528      4120   3065392  0.001  0.000   16.829    3.028    0    0  (Gen:  0)
   521952      4104   3065464  0.000  0.000   16.829    3.028    0    0  (Gen:  0)
   521352      6248   3067640  0.000  0.000   16.830    3.028    0    0  (Gen:  0)
   521872      6232   3067688  0.000  0.000   16.830    3.028    0    0  (Gen:  0)
   521568      3944   3067456  0.000  0.000   16.831    3.029    0    0  (Gen:  0)
   521552      4176   3067704  0.000  0.000   16.831    3.029    0    0  (Gen:  0)
   521504      3936   3067512  0.000  0.000   16.832    3.029    0    0  (Gen:  0)
   521840      5920   3069512  0.000  0.000   16.833    3.029    0    0  (Gen:  0)
   521320      4048   3069456  0.000  0.000   16.833    3.029    0    0  (Gen:  0)
   521392      4136   3069704  0.000  0.000   16.834    3.029    0    0  (Gen:  0)
   521568      4176   3069776  0.000  0.000   16.834    3.029    0    0  (Gen:  0)
   521816      4064   3069696  0.000  0.000   16.835    3.029    0    0  (Gen:  0)
   521744      3920   3069568  0.000  0.000   16.835    3.029    0    0  (Gen:  0)
   521480      6480   3072144  0.000  0.000   16.836    3.030    0    0  (Gen:  0)
   521632      6504   3072248  0.000  0.000   16.836    3.030    0    0  (Gen:  0)
   521600      4208   3072296  0.000  0.000   16.837    3.030    0    0  (Gen:  0)
   521544      4120   3072240  0.000  0.000   16.837    3.030    0    0  (Gen:  0)
   521576      4048   3072256  0.000  0.000   16.838    3.030    0    0  (Gen:  0)
   521648      4576   3072816  0.000  0.000   16.838    3.030    0    0  (Gen:  0)
   521664      4208   3072720  0.000  0.000   16.839    3.030    0    0  (Gen:  0)
   521480      4104   3072704  0.000  0.000   16.839    3.030    0    0  (Gen:  0)
   521544      4504   3073120  0.000  0.000   16.840    3.031    0    0  (Gen:  0)
   521752      4352   3073232  0.000  0.000   16.841    3.031    0    0  (Gen:  0)
   521432      7928   3076992  0.000  0.000   16.841    3.031    0    0  (Gen:  0)
   521648      6104   3076832  0.000  0.000   16.842    3.031    0    0  (Gen:  0)
   521736      4008   3076992  0.000  0.000   16.842    3.031    0    0  (Gen:  0)
   521568      4152   3077168  0.000  0.000   16.843    3.031    0    0  (Gen:  0)
   521712      4024   3077072  0.000  0.000   16.843    3.031    0    0  (Gen:  0)
   521392      4008   3077144  0.000  0.000   16.844    3.031    0    0  (Gen:  0)
   521608      6128   3079296  0.000  0.000   16.844    3.032    0    0  (Gen:  0)
   521496      4120   3079264  0.000  0.000   16.845    3.032    0    0  (Gen:  0)
   521736      4008   3079240  0.000  0.000   16.845    3.032    0    0  (Gen:  0)
   521736      4184   3079432  0.000  0.000   16.846    3.032    0    0  (Gen:  0)
   521728      4104   3079400  0.000  0.000   16.847    3.032    0    0  (Gen:  0)
   521640      6464   3081776  0.000  0.000   16.847    3.032    0    0  (Gen:  0)
   521584      6384   3081760  0.001  0.000   16.848    3.032    0    0  (Gen:  0)
   521520      3968   3081752  0.001  0.000   16.850    3.033    0    0  (Gen:  0)
   521392      4008   3081824  0.001  0.000   16.851    3.033    0    0  (Gen:  0)
   521640      4248   3082096  0.001  0.000   16.852    3.033    0    0  (Gen:  0)
   521568      3936   3081800  0.001  0.000   16.853    3.033    0    0  (Gen:  0)
   521600      6304   3084184  0.001  0.000   16.854    3.033    0    0  (Gen:  0)
   521368      4264   3084272  0.001  0.000   16.855    3.033    0    0  (Gen:  0)
   521592      4304   3084400  0.001  0.000   16.856    3.034    0    0  (Gen:  0)
   521784      3928   3084056  0.000  0.000   16.857    3.034    0    0  (Gen:  0)
   521672      4040   3084256  0.000  0.000   16.858    3.034    0    0  (Gen:  0)
   521432      6704   3086952  0.000  0.000   16.858    3.034    0    0  (Gen:  0)
   521752      6656   3086968  0.000  0.000   16.859    3.034    0    0  (Gen:  0)
   521392      3800   3086608  0.000  0.000   16.859    3.034    0    0  (Gen:  0)
   521408      4168   3086992  0.000  0.000   16.860    3.034    0    0  (Gen:  0)
   521304      4032   3086904  0.000  0.000   16.860    3.034    0    0  (Gen:  0)
   521656      4528   3087408  0.000  0.000   16.861    3.035    0    0  (Gen:  0)
   521592      4312   3087408  0.000  0.000   16.861    3.035    0    0  (Gen:  0)
   521744      4088   3087408  0.000  0.000   16.862    3.035    0    0  (Gen:  0)
   521704      4368   3087712  0.000  0.000   16.863    3.035    0    0  (Gen:  0)
   521552      4408   3087944  0.000  0.000   16.863    3.035    0    0  (Gen:  0)
   521528      4408   3088120  0.000  0.000   16.864    3.035    0    0  (Gen:  0)
   521456      7376   3091432  0.000  0.000   16.864    3.035    0    0  (Gen:  0)
   521752      5816   3091392  0.000  0.000   16.865    3.035    0    0  (Gen:  0)
   521760      4376   3091608  0.000  0.000   16.865    3.036    0    0  (Gen:  0)
   521376      4176   3091440  0.000  0.000   16.866    3.036    0    0  (Gen:  0)
   521560      4144   3091496  0.000  0.000   16.866    3.036    0    0  (Gen:  0)
   521784      4200   3091584  0.000  0.000   16.867    3.036    0    0  (Gen:  0)
   521784      4040   3091472  0.000  0.000   16.867    3.036    0    0  (Gen:  0)
   521672      4136   3091728  0.000  0.000   16.868    3.036    0    0  (Gen:  0)
   521840      4080   3091704  0.000  0.000   16.868    3.036    0    0  (Gen:  0)
   521784      4032   3091688  0.000  0.000   16.869    3.036    0    0  (Gen:  0)
   521568      3992   3091664  0.000  0.000   16.869    3.036    0    0  (Gen:  0)
   521728      6016   3093704  0.000  0.000   16.870    3.037    0    0  (Gen:  0)
   521344      5952   3093720  0.000  0.000   16.871    3.037    0    0  (Gen:  0)
   521672      4072   3093688  0.000  0.000   16.871    3.037    0    0  (Gen:  0)
   521528      4056   3093704  0.000  0.000   16.872    3.037    0    0  (Gen:  0)
   521576      4008   3093744  0.000  0.000   16.872    3.037    0    0  (Gen:  0)
   521568      4128   3093896  0.000  0.000   16.873    3.037    0    0  (Gen:  0)
   521608      4088   3093904  0.000  0.000   16.873    3.037    0    0  (Gen:  0)
   521792      4032   3093936  0.000  0.000   16.874    3.037    0    0  (Gen:  0)
   521832      4184   3094104  0.000  0.000   16.874    3.038    0    0  (Gen:  0)
   521800      4096   3094064  0.000  0.000   16.875    3.038    0    0  (Gen:  0)
   521472      6760   3096744  0.000  0.000   16.875    3.038    0    0  (Gen:  0)
   521568      6528   3096576  0.000  0.000   16.876    3.038    0    0  (Gen:  0)
   521512      3936   3096568  0.000  0.000   16.876    3.038    0    0  (Gen:  0)
   521584      4056   3096720  0.000  0.000   16.877    3.038    0    0  (Gen:  0)
   521568      4120   3096816  0.000  0.000   16.878    3.038    0    0  (Gen:  0)
   521376      3992   3096704  0.000  0.000   16.878    3.038    0    0  (Gen:  0)
   521712      4488   3097208  0.000  0.000   16.879    3.038    0    0  (Gen:  0)
   521816      4216   3097168  0.000  0.000   16.879    3.039    0    0  (Gen:  0)
   521280      4336   3097432  0.000  0.000   16.880    3.039    0    0  (Gen:  0)
   521784      4168   3097464  0.000  0.000   16.880    3.039    0    0  (Gen:  0)
   521640      4432   3097872  0.000  0.000   16.881    3.039    0    0  (Gen:  0)
   521512      7864   3101664  0.000  0.000   16.881    3.039    0    0  (Gen:  0)
   521816      6064   3101688  0.000  0.000   16.882    3.039    0    0  (Gen:  0)
   521712      3968   3101512  0.000  0.000   16.882    3.039    0    0  (Gen:  0)
   521464      4264   3101824  0.000  0.000   16.883    3.039    0    0  (Gen:  0)
   521240      4088   3101696  0.001  0.000   16.884    3.040    0    0  (Gen:  0)
   521608      6056   3103680  0.000  0.000   16.885    3.040    0    0  (Gen:  0)
   521896      4120   3103424  0.000  0.000   16.885    3.040    0    0  (Gen:  0)
   521752      4208   3103672  0.000  0.000   16.886    3.040    0    0  (Gen:  0)
   521872      4224   3103720  0.000  0.000   16.886    3.040    0    0  (Gen:  0)
   521256      4272   3103800  0.000  0.000   16.887    3.040    0    0  (Gen:  0)
   521464      3944   3103488  0.000  0.000   16.887    3.040    0    0  (Gen:  0)
   521640      6344   3105904  0.000  0.000   16.888    3.040    0    0  (Gen:  0)
   521544      6352   3105992  0.000  0.000   16.888    3.041    0    0  (Gen:  0)
   521408      4936   3106872  0.000  0.000   16.889    3.041    0    0  (Gen:  0)
   521808      4920   3107680  0.000  0.000   16.890    3.041    0    0  (Gen:  0)
   521784      3984   3107568  0.000  0.000   16.890    3.041    0    0  (Gen:  0)
   521616      4152   3107752  0.000  0.000   16.891    3.041    0    0  (Gen:  0)
   521728      4120   3107768  0.000  0.000   16.891    3.041    0    0  (Gen:  0)
   521552      4152   3107960  0.000  0.000   16.892    3.041    0    0  (Gen:  0)
   521888      4152   3107992  0.000  0.000   16.892    3.041    0    0  (Gen:  0)
   521832      4064   3107936  0.000  0.000   16.893    3.041    0    0  (Gen:  0)
   521544      3992   3107880  0.000  0.000   16.893    3.042    0    0  (Gen:  0)
   521608      6280   3110184  0.000  0.000   16.894    3.042    0    0  (Gen:  0)
   521736      6176   3110160  0.000  0.000   16.894    3.042    0    0  (Gen:  0)
   521664      4208   3110248  0.000  0.000   16.895    3.042    0    0  (Gen:  0)
   521608      4024   3110096  0.000  0.000   16.895    3.042    0    0  (Gen:  0)
   521496      4152   3110312  0.000  0.000   16.896    3.042    0    0  (Gen:  0)
   521760      6032   3112224  0.000  0.000   16.897    3.042    0    0  (Gen:  0)
   521184      4416   3112424  0.000  0.000   16.897    3.042    0    0  (Gen:  0)
   521552      3712   3111808  0.000  0.000   16.898    3.043    0    0  (Gen:  0)
   521528      4168   3112280  0.000  0.000   16.898    3.043    0    0  (Gen:  0)
   521848      3992   3112152  0.000  0.000   16.899    3.043    0    0  (Gen:  0)
   521736      6680   3114856  0.000  0.000   16.899    3.043    0    0  (Gen:  0)
   521536      6416   3114656  0.000  0.000   16.900    3.043    0    0  (Gen:  0)
   521552      3992   3114648  0.000  0.000   16.900    3.043    0    0  (Gen:  0)
   521544      4208   3114896  0.000  0.000   16.901    3.043    0    0  (Gen:  0)
   521632      4176   3114896  0.000  0.000   16.901    3.043    0    0  (Gen:  0)
   521432      4048   3114784  0.000  0.000   16.902    3.044    0    0  (Gen:  0)
   521712      4544   3115288  0.000  0.000   16.902    3.044    0    0  (Gen:  0)
   521800      4208   3115184  0.000  0.000   16.903    3.044    0    0  (Gen:  0)
   521264      4424   3115544  0.000  0.000   16.904    3.044    0    0  (Gen:  0)
   521760      4128   3115448  0.000  0.000   16.904    3.044    0    0  (Gen:  0)
   521728      4456   3115920  0.000  0.000   16.905    3.044    0    0  (Gen:  0)
   521296      7888   3119712  0.001  0.000   16.906    3.044    0    0  (Gen:  0)
   521792      6416   3119744  0.001  0.000   16.907    3.044    0    0  (Gen:  0)
   521776      4072   3119584  0.001  0.000   16.908    3.045    0    0  (Gen:  0)
   521520      4336   3119864  0.001  0.000   16.909    3.045    0    0  (Gen:  0)
   521488      4232   3119808  0.001  0.000   16.910    3.045    0    0  (Gen:  0)
   521560      4368   3119952  0.001  0.000   16.911    3.045    0    0  (Gen:  0)
   521656      5672   3121720  0.001  0.000   16.912    3.045    0    0  (Gen:  0)
   521488      4024   3121736  0.000  0.000   16.912    3.045    0    0  (Gen:  0)
   521744      4136   3121864  0.000  0.000   16.913    3.046    0    0  (Gen:  0)
   521752      3992   3121752  0.000  0.000   16.913    3.046    0    0  (Gen:  0)
   521752      4048   3121896  0.000  0.000   16.914    3.046    0    0  (Gen:  0)
   521480      6328   3124208  0.000  0.000   16.914    3.046    0    0  (Gen:  0)
   521480      6424   3124368  0.000  0.000   16.915    3.046    0    0  (Gen:  0)
   521736      3992   3124272  0.000  0.000   16.916    3.046    0    0  (Gen:  0)
   521368      3904   3124200  0.000  0.000   16.916    3.046    0    0  (Gen:  0)
   521624      4000   3124344  0.000  0.000   16.917    3.046    0    0  (Gen:  0)
   521552      6360   3126720  0.000  0.000   16.917    3.047    0    0  (Gen:  0)
   521656      4152   3126624  0.000  0.000   16.918    3.047    0    0  (Gen:  0)
   521376      4104   3126736  0.000  0.000   16.918    3.047    0    0  (Gen:  0)
   521528      4136   3126800  0.000  0.000   16.919    3.047    0    0  (Gen:  0)
   521872      4080   3126776  0.000  0.000   16.919    3.047    0    0  (Gen:  0)
   521576      4048   3126760  0.000  0.000   16.920    3.047    0    0  (Gen:  0)
   521504      6616   3129344  0.000  0.000   16.921    3.047    0    0  (Gen:  0)
   521744      6488   3129296  0.000  0.000   16.921    3.047    0    0  (Gen:  0)
   521240      4136   3129440  0.000  0.000   16.922    3.047    0    0  (Gen:  0)
   521360      4064   3129400  0.000  0.000   16.922    3.048    0    0  (Gen:  0)
   521376      4024   3129448  0.000  0.000   16.923    3.048    0    0  (Gen:  0)
   521720      4536   3129992  0.000  0.000   16.923    3.048    0    0  (Gen:  0)
   521728      4152   3129880  0.000  0.000   16.924    3.048    0    0  (Gen:  0)
   521792      3992   3129808  0.000  0.000   16.924    3.048    0    0  (Gen:  0)
   521400      4536   3130360  0.000  0.000   16.925    3.048    0    0  (Gen:  0)
   521616      4256   3130352  0.000  0.000   16.925    3.048    0    0  (Gen:  0)
   521512      7696   3133976  0.000  0.000   16.926    3.048    0    0  (Gen:  0)
   521568      5704   3133808  0.000  0.000   16.926    3.049    0    0  (Gen:  0)
   521712      4208   3134040  0.000  0.000   16.927    3.049    0    0  (Gen:  0)
   521664      4264   3134128  0.000  0.000   16.928    3.049    0    0  (Gen:  0)
   521544      4176   3134072  0.000  0.000   16.928    3.049    0    0  (Gen:  0)
   521608      4008   3133920  0.000  0.000   16.929    3.049    0    0  (Gen:  0)
   521760      4368   3134296  0.000  0.000   16.929    3.049    0    0  (Gen:  0)
   521648      4304   3134296  0.000  0.000   16.930    3.049    0    0  (Gen:  0)
   521824      4336   3134416  0.000  0.000   16.930    3.049    0    0  (Gen:  0)
   521776      4144   3134256  0.000  0.000   16.931    3.049    0    0  (Gen:  0)
   521792      3856   3134056  0.000  0.000   16.931    3.050    0    0  (Gen:  0)
   521640      6048   3136280  0.000  0.000   16.932    3.050    0    0  (Gen:  0)
   521624      5952   3136248  0.000  0.000   16.932    3.050    0    0  (Gen:  0)
   521424      3952   3136168  0.000  0.000   16.933    3.050    0    0  (Gen:  0)
   521440      3992   3136240  0.000  0.000   16.933    3.050    0    0  (Gen:  0)
   521712      4136   3136416  0.000  0.000   16.934    3.050    0    0  (Gen:  0)
   521520      3912   3136208  0.000  0.000   16.935    3.050    0    0  (Gen:  0)
   521640      4368   3136680  0.000  0.000   16.935    3.050    0    0  (Gen:  0)
   521552      4088   3136464  0.000  0.000   16.936    3.051    0    0  (Gen:  0)
   521992      4064   3136528  0.000  0.000   16.936    3.051    0    0  (Gen:  0)
   521592      3976   3136472  0.000  0.000   16.937    3.051    0    0  (Gen:  0)
   521896      4112   3136696  0.000  0.000   16.937    3.051    0    0  (Gen:  0)
   521392      6608   3139224  0.000  0.000   16.938    3.051    0    0  (Gen:  0)
   521576      6544   3139224  0.000  0.000   16.938    3.051    0    0  (Gen:  0)
   521584      3992   3139184  0.000  0.000   16.939    3.051    0    0  (Gen:  0)
   521528      4152   3139360  0.000  0.000   16.939    3.051    0    0  (Gen:  0)
   521368      4192   3139448  0.000  0.000   16.940    3.051    0    0  (Gen:  0)
   521760      4280   3139544  0.000  0.000   16.940    3.052    0    0  (Gen:  0)
   521640      4128   3139608  0.000  0.000   16.941    3.052    0    0  (Gen:  0)
   521584      4056   3139760  0.000  0.000   16.942    3.052    0    0  (Gen:  0)
   521496      4488   3140224  0.000  0.000   16.942    3.052    0    0  (Gen:  0)
   521672      4264   3140248  0.000  0.000   16.943    3.052    0    0  (Gen:  0)
   521632      4416   3140576  0.000  0.000   16.943    3.052    0    0  (Gen:  0)
   521536      7720   3144224  0.000  0.000   16.944    3.052    0    0  (Gen:  0)
   521800      6000   3144184  0.000  0.000   16.944    3.052    0    0  (Gen:  0)
   521608      4320   3144424  0.000  0.000   16.945    3.053    0    0  (Gen:  0)
   521376      4144   3144280  0.000  0.000   16.945    3.053    0    0  (Gen:  0)
   521352      3992   3144216  0.000  0.000   16.946    3.053    0    0  (Gen:  0)
   521856      5928   3146184  0.000  0.000   16.947    3.053    0    0  (Gen:  0)
   521864      4160   3146096  0.000  0.000   16.947    3.053    0    0  (Gen:  0)
   521640      4016   3146040  0.000  0.000   16.948    3.053    0    0  (Gen:  0)
   521800      4336   3146376  0.000  0.000   16.948    3.053    0    0  (Gen:  0)
   521232      4080   3146168  0.000  0.000   16.949    3.053    0    0  (Gen:  0)
   521424      6656   3148760  0.000  0.000   16.949    3.054    0    0  (Gen:  0)
   521792      6336   3148504  0.000  0.000   16.950    3.054    0    0  (Gen:  0)
   521392      4536   3149088  0.000  0.000   16.950    3.054    0    0  (Gen:  0)
   521656      5440   3150352  0.000  0.000   16.951    3.054    0    0  (Gen:  0)
   521736      3968   3150328  0.000  0.000   16.951    3.054    0    0  (Gen:  0)
   521744      3848   3150296  0.000  0.000   16.952    3.054    0    0  (Gen:  0)
   521616      4224   3150704  0.000  0.000   16.953    3.054    0    0  (Gen:  0)
   521640      4104   3150632  0.000  0.000   16.953    3.054    0    0  (Gen:  0)
   521792      3888   3150504  0.000  0.000   16.954    3.054    0    0  (Gen:  0)
   521824      4144   3150776  0.000  0.000   16.954    3.055    0    0  (Gen:  0)
   521784      3984   3150664  0.000  0.000   16.955    3.055    0    0  (Gen:  0)
   521416      6336   3153032  0.000  0.000   16.955    3.055    0    0  (Gen:  0)
   521736      6200   3152960  0.000  0.000   16.956    3.055    0    0  (Gen:  0)
   521744      4024   3152912  0.000  0.000   16.956    3.055    0    0  (Gen:  0)
   521592      3992   3152912  0.000  0.000   16.957    3.055    0    0  (Gen:  0)
   521440      4120   3153072  0.000  0.000   16.957    3.055    0    0  (Gen:  0)
   521712      3968   3152936  0.000  0.000   16.958    3.055    0    0  (Gen:  0)
   521568      5904   3154888  0.000  0.000   16.959    3.056    0    0  (Gen:  0)
   521264      4096   3154912  0.000  0.000   16.959    3.056    0    0  (Gen:  0)
   521568      4152   3155056  0.000  0.000   16.960    3.056    0    0  (Gen:  0)
   521760      4104   3155040  0.000  0.000   16.960    3.056    0    0  (Gen:  0)
   521728      4136   3155160  0.000  0.000   16.961    3.056    0    0  (Gen:  0)
   521592      6400   3157456  0.000  0.000   16.962    3.056    0    0  (Gen:  0)
   521616      6432   3157552  0.001  0.000   16.963    3.056    0    0  (Gen:  0)
   521560      3992   3157456  0.001  0.000   16.964    3.057    0    0  (Gen:  0)
   521656      4144   3157624  0.001  0.000   16.965    3.057    0    0  (Gen:  0)
   521416      4120   3157648  0.001  0.000   16.966    3.057    0    0  (Gen:  0)
   521712      4616   3158152  0.001  0.000   16.967    3.057    0    0  (Gen:  0)
   521640      4168   3157984  0.001  0.000   16.968    3.057    0    0  (Gen:  0)
   521576      4080   3158088  0.001  0.000   16.969    3.057    0    0  (Gen:  0)
   521424      4440   3158472  0.001  0.000   16.970    3.058    0    0  (Gen:  0)
   521712      4328   3158552  0.000  0.000   16.971    3.058    0    0  (Gen:  0)
   521680      4368   3158832  0.000  0.000   16.972    3.058    0    0  (Gen:  0)
   521360      7744   3162552  0.000  0.000   16.972    3.058    0    0  (Gen:  0)
   521760      6216   3162384  0.000  0.000   16.973    3.058    0    0  (Gen:  0)
   521776      4296   3162648  0.000  0.000   16.973    3.058    0    0  (Gen:  0)
   521472      4160   3162544  0.000  0.000   16.974    3.058    0    0  (Gen:  0)
   521512      4024   3162496  0.000  0.000   16.974    3.058    0    0  (Gen:  0)
   521624      6184   3164688  0.000  0.000   16.975    3.059    0    0  (Gen:  0)
   521632      4288   3164768  0.000  0.000   16.975    3.059    0    0  (Gen:  0)
   521528      4160   3164728  0.000  0.000   16.976    3.059    0    0  (Gen:  0)
   521760      4160   3164744  0.000  0.000   16.977    3.059    0    0  (Gen:  0)
   521752      4008   3164640  0.000  0.000   16.977    3.059    0    0  (Gen:  0)
   521656      3920   3164568  0.000  0.000   16.978    3.059    0    0  (Gen:  0)
   521576      6360   3167024  0.000  0.000   16.978    3.059    0    0  (Gen:  0)
   521448      6440   3167184  0.000  0.000   16.979    3.059    0    0  (Gen:  0)
   521616      4136   3167216  0.000  0.000   16.979    3.060    0    0  (Gen:  0)
   521544      4048   3167160  0.000  0.000   16.980    3.060    0    0  (Gen:  0)
   521584      4112   3167312  0.000  0.000   16.980    3.060    0    0  (Gen:  0)
   521472      6360   3169592  0.000  0.000   16.981    3.060    0    0  (Gen:  0)
   521592      4112   3169456  0.000  0.000   16.981    3.060    0    0  (Gen:  0)
   521544      3968   3169400  0.000  0.000   16.982    3.060    0    0  (Gen:  0)
   521568      4184   3169632  0.000  0.000   16.983    3.060    0    0  (Gen:  0)
   521736      4104   3169600  0.000  0.000   16.983    3.060    0    0  (Gen:  0)
   521544      6720   3172232  0.000  0.000   16.984    3.061    0    0  (Gen:  0)
   521600      6600   3172176  0.000  0.000   16.984    3.061    0    0  (Gen:  0)
   521576      4048   3172192  0.000  0.000   16.985    3.061    0    0  (Gen:  0)
   521424      4152   3172328  0.000  0.000   16.985    3.061    0    0  (Gen:  0)
   521208      4144   3172352  0.000  0.000   16.986    3.061    0    0  (Gen:  0)
   521528      4088   3172312  0.000  0.000   16.987    3.061    0    0  (Gen:  0)
   521728      4448   3172680  0.000  0.000   16.987    3.061    0    0  (Gen:  0)
   521792      4040   3172504  0.000  0.000   16.988    3.061    0    0  (Gen:  0)
   521624      4472   3173088  0.000  0.000   16.988    3.061    0    0  (Gen:  0)
   521536      3992   3172864  0.000  0.000   16.989    3.062    0    0  (Gen:  0)
   521528      4504   3173456  0.000  0.000   16.989    3.062    0    0  (Gen:  0)
   521456      7512   3176824  0.000  0.000   16.990    3.062    0    0  (Gen:  0)
   521696      5800   3176776  0.000  0.000   16.990    3.062    0    0  (Gen:  0)
   521824      4192   3176824  0.000  0.000   16.991    3.062    0    0  (Gen:  0)
   521440      4080   3176728  0.000  0.000   16.991    3.062    0    0  (Gen:  0)
   521584      3960   3176656  0.000  0.000   16.992    3.062    0    0  (Gen:  0)
   521576      4312   3177024  0.000  0.000   16.992    3.062    0    0  (Gen:  0)
   521904      4192   3176952  0.000  0.000   16.993    3.063    0    0  (Gen:  0)
   521552      4248   3177168  0.000  0.000   16.994    3.063    0    0  (Gen:  0)
   521872      4160   3177112  0.000  0.000   16.994    3.063    0    0  (Gen:  0)
   521808      4168   3177152  0.000  0.000   16.995    3.063    0    0  (Gen:  0)
   521760      4008   3177008  0.000  0.000   16.995    3.063    0    0  (Gen:  0)
   521616      5664   3178680  0.000  0.000   16.996    3.063    0    0  (Gen:  0)
   521512      5840   3178936  0.000  0.000   16.996    3.063    0    0  (Gen:  0)
   521560      3840   3178784  0.000  0.000   16.997    3.063    0    0  (Gen:  0)
   521440      4008   3178968  0.000  0.000   16.997    3.064    0    0  (Gen:  0)
   521520      4080   3179088  0.000  0.000   16.998    3.064    0    0  (Gen:  0)
   521640      4368   3179392  0.000  0.000   16.998    3.064    0    0  (Gen:  0)
   521704      4056   3179128  0.000  0.000   16.999    3.064    0    0  (Gen:  0)
   521624      4096   3179328  0.000  0.000   16.999    3.064    0    0  (Gen:  0)
   521864      4168   3179432  0.000  0.000   17.000    3.064    0    0  (Gen:  0)
   521832      3976   3179272  0.001  0.000   17.001    3.064    0    0  (Gen:  0)
   521520      4008   3179320  0.001  0.000   17.002    3.064    0    0  (Gen:  0)
   521592      6624   3181952  0.001  0.000   17.003    3.065    0    0  (Gen:  0)
   521488      6672   3182080  0.001  0.000   17.004    3.065    0    0  (Gen:  0)
   521544      4208   3182128  0.001  0.000   17.005    3.065    0    0  (Gen:  0)
   521656      4080   3182032  0.001  0.000   17.007    3.065    0    0  (Gen:  0)
   521376      4104   3182144  0.001  0.000   17.007    3.065    0    0  (Gen:  0)
   521680      4440   3182504  0.001  0.000   17.008    3.066    0    0  (Gen:  0)
   521752      4312   3182592  0.000  0.000   17.009    3.066    0    0  (Gen:  0)
   521320      3952   3182384  0.000  0.000   17.010    3.066    0    0  (Gen:  0)
   521736      4496   3182936  0.000  0.000   17.010    3.066    0    0  (Gen:  0)
   521688      4352   3183000  0.000  0.000   17.011    3.066    0    0  (Gen:  0)
   521456      8008   3186840  0.000  0.000   17.011    3.066    0    0  (Gen:  0)
   521712      6008   3186824  0.000  0.000   17.012    3.066    0    0  (Gen:  0)
   521800      4136   3186944  0.000  0.000   17.012    3.066    0    0  (Gen:  0)
   521584      4168   3187008  0.000  0.000   17.013    3.066    0    0  (Gen:  0)
   521208      4160   3187032  0.000  0.000   17.013    3.067    0    0  (Gen:  0)
   521576      4080   3186968  0.000  0.000   17.014    3.067    0    0  (Gen:  0)
   521784      5984   3188888  0.000  0.000   17.014    3.067    0    0  (Gen:  0)
   521808      4264   3188864  0.000  0.000   17.015    3.067    0    0  (Gen:  0)
   521808      4000   3188688  0.000  0.000   17.015    3.067    0    0  (Gen:  0)
   521480      3976   3188696  0.000  0.000   17.016    3.067    0    0  (Gen:  0)
   521344      4096   3188904  0.000  0.000   17.017    3.067    0    0  (Gen:  0)
   521632      6584   3191424  0.000  0.000   17.017    3.067    0    0  (Gen:  0)
   521568      6408   3191312  0.000  0.000   17.018    3.068    0    0  (Gen:  0)
   521304      4544   3191752  0.000  0.000   17.018    3.068    0    0  (Gen:  0)
   521896      5552   3193160  0.000  0.000   17.019    3.068    0    0  (Gen:  0)
   521712      4176   3193088  0.000  0.000   17.019    3.068    0    0  (Gen:  0)
   521776      4464   3193392  0.000  0.000   17.020    3.068    0    0  (Gen:  0)
   521600      4128   3193104  0.000  0.000   17.020    3.068    0    0  (Gen:  0)
   521600      3984   3193120  0.000  0.000   17.021    3.068    0    0  (Gen:  0)
   521896      4024   3193192  0.001  0.000   17.022    3.068    0    0  (Gen:  0)
   521736      3968   3193168  0.001  0.000   17.023    3.069    0    0  (Gen:  0)
   521800      4040   3193328  0.001  0.000   17.025    3.069    0    0  (Gen:  0)
   521408      6184   3195504  0.001  0.000   17.026    3.069    0    0  (Gen:  0)
   521752      6160   3195544  0.001  0.000   17.027    3.069    0    0  (Gen:  0)
   521672      3992   3195432  0.001  0.000   17.029    3.069    0    0  (Gen:  0)
   521608      3992   3195448  0.001  0.000   17.030    3.070    0    0  (Gen:  0)
   521472      4136   3195640  0.000  0.000   17.030    3.070    0    0  (Gen:  0)
   521824      5936   3197456  0.000  0.000   17.031    3.070    0    0  (Gen:  0)
   521248      4136   3197472  0.000  0.000   17.031    3.070    0    0  (Gen:  0)
   521456      3952   3197448  0.000  0.000   17.032    3.070    0    0  (Gen:  0)
   521512      4056   3197584  0.000  0.000   17.033    3.070    0    0  (Gen:  0)
   521872      4136   3197696  0.000  0.000   17.033    3.070    0    0  (Gen:  0)
   521640      3976   3197552  0.000  0.000   17.034    3.070    0    0  (Gen:  0)
   521600      6560   3200152  0.000  0.000   17.034    3.071    0    0  (Gen:  0)
   521568      6520   3200192  0.000  0.000   17.035    3.071    0    0  (Gen:  0)
   521664      4264   3200280  0.000  0.000   17.035    3.071    0    0  (Gen:  0)
   521472      4192   3200240  0.001  0.000   17.037    3.071    0    0  (Gen:  0)
   521560      4160   3200296  0.000  0.000   17.038    3.071    0    0  (Gen:  0)
   521648      4440   3200608  0.000  0.000   17.038    3.071    0    0  (Gen:  0)
   521744      4120   3200560  0.000  0.000   17.039    3.071    0    0  (Gen:  0)
   521360      3992   3200520  0.000  0.000   17.039    3.072    0    0  (Gen:  0)
   521696      4384   3200928  0.000  0.000   17.040    3.072    0    0  (Gen:  0)
   521624      4360   3201176  0.000  0.000   17.040    3.072    0    0  (Gen:  0)
   521536      8064   3205120  0.000  0.000   17.041    3.072    0    0  (Gen:  0)
   521608      6248   3204968  0.000  0.000   17.042    3.072    0    0  (Gen:  0)
   521736      4152   3205128  0.000  0.000   17.042    3.072    0    0  (Gen:  0)
   521648      4016   3205024  0.000  0.000   17.043    3.072    0    0  (Gen:  0)
   521608      4120   3205160  0.000  0.000   17.043    3.072    0    0  (Gen:  0)
   521360      4024   3205080  0.000  0.000   17.044    3.073    0    0  (Gen:  0)
   521656      6200   3207272  0.000  0.000   17.044    3.073    0    0  (Gen:  0)
   521408      4232   3207296  0.000  0.000   17.045    3.073    0    0  (Gen:  0)
   521808      4264   3207416  0.000  0.000   17.046    3.073    0    0  (Gen:  0)
   521792      4104   3207288  0.000  0.000   17.046    3.073    0    0  (Gen:  0)
   521736      4176   3207448  0.000  0.000   17.047    3.073    0    0  (Gen:  0)
   521504      6656   3209960  0.000  0.000   17.047    3.073    0    0  (Gen:  0)
   521656      6072   3209440  0.000  0.000   17.048    3.073    0    0  (Gen:  0)
   521528      3928   3209632  0.000  0.000   17.048    3.074    0    0  (Gen:  0)
   521400      4128   3209848  0.000  0.000   17.049    3.074    0    0  (Gen:  0)
   521576      3992   3209760  0.000  0.000   17.049    3.074    0    0  (Gen:  0)
   521656      3880   3209664  0.000  0.000   17.050    3.074    0    0  (Gen:  0)
   521584      6176   3211976  0.000  0.000   17.051    3.074    0    0  (Gen:  0)
   521392      4040   3211968  0.000  0.000   17.051    3.074    0    0  (Gen:  0)
   521560      4280   3212296  0.000  0.000   17.052    3.074    0    0  (Gen:  0)
   521720      3968   3212016  0.000  0.000   17.052    3.074    0    0  (Gen:  0)
   521736      4120   3212256  0.000  0.000   17.053    3.075    0    0  (Gen:  0)
   521456      6608   3214776  0.000  0.000   17.053    3.075    0    0  (Gen:  0)
   521832      6712   3214944  0.000  0.000   17.054    3.075    0    0  (Gen:  0)
   521224      3920   3214648  0.000  0.000   17.054    3.075    0    0  (Gen:  0)
   521432      4168   3214912  0.000  0.000   17.055    3.075    0    0  (Gen:  0)
   521248      4160   3214952  0.000  0.000   17.056    3.075    0    0  (Gen:  0)
   521776      4488   3215288  0.000  0.000   17.056    3.075    0    0  (Gen:  0)
   521576      4128   3215144  0.000  0.000   17.057    3.075    0    0  (Gen:  0)
   521872      4056   3215296  0.000  0.000   17.057    3.076    0    0  (Gen:  0)
   521440      4488   3215760  0.000  0.000   17.058    3.076    0    0  (Gen:  0)
   521600      4512   3216040  0.000  0.000   17.058    3.076    0    0  (Gen:  0)
   521608      4280   3216048  0.000  0.000   17.059    3.076    0    0  (Gen:  0)
   521504      7352   3219520  0.000  0.000   17.059    3.076    0    0  (Gen:  0)
   521720      5608   3219296  0.000  0.000   17.060    3.076    0    0  (Gen:  0)
   521704      4208   3219552  0.000  0.000   17.061    3.076    0    0  (Gen:  0)
   521392      4104   3219480  0.000  0.000   17.061    3.076    0    0  (Gen:  0)
   521672      3960   3219424  0.000  0.000   17.062    3.077    0    0  (Gen:  0)
   521664      4368   3219864  0.000  0.000   17.062    3.077    0    0  (Gen:  0)
   521872      4344   3219888  0.000  0.000   17.063    3.077    0    0  (Gen:  0)
   521584      4008   3219640  0.000  0.000   17.063    3.077    0    0  (Gen:  0)
   521880      4240   3219888  0.000  0.000   17.064    3.077    0    0  (Gen:  0)
   521712      4152   3219848  0.000  0.000   17.064    3.077    0    0  (Gen:  0)
   521664      6184   3221896  0.000  0.000   17.065    3.077    0    0  (Gen:  0)
   521672      5984   3221760  0.000  0.000   17.066    3.077    0    0  (Gen:  0)
   521424      4232   3221928  0.000  0.000   17.066    3.078    0    0  (Gen:  0)
   521568      4176   3221904  0.000  0.000   17.067    3.078    0    0  (Gen:  0)
   521544      4288   3222048  0.000  0.000   17.067    3.078    0    0  (Gen:  0)
   521544      4216   3221992  0.000  0.000   17.068    3.078    0    0  (Gen:  0)
   521640      4144   3221936  0.000  0.000   17.068    3.078    0    0  (Gen:  0)
   521632      4136   3221992  0.000  0.000   17.069    3.078    0    0  (Gen:  0)
   521800      3920   3221864  0.000  0.000   17.069    3.078    0    0  (Gen:  0)
   521800      4000   3221960  0.000  0.000   17.070    3.078    0    0  (Gen:  0)
   521776      4048   3222056  0.000  0.000   17.071    3.079    0    0  (Gen:  0)
   521568      6752   3224776  0.000  0.000   17.071    3.079    0    0  (Gen:  0)
   521520      6480   3224568  0.000  0.000   17.072    3.079    0    0  (Gen:  0)
   521552      4168   3224840  0.000  0.000   17.072    3.079    0    0  (Gen:  0)
   521440      4208   3224912  0.000  0.000   17.073    3.079    0    0  (Gen:  0)
   521592      4040   3224776  0.000  0.000   17.074    3.079    0    0  (Gen:  0)
   521544      3968   3224720  0.000  0.000   17.074    3.079    0    0  (Gen:  0)
   521680      4448   3225216  0.000  0.000   17.075    3.079    0    0  (Gen:  0)
   521736      4192   3225248  0.000  0.000   17.075    3.080    0    0  (Gen:  0)
   521336      4448   3225592  0.000  0.000   17.076    3.080    0    0  (Gen:  0)
   521728      4176   3225576  0.000  0.000   17.076    3.080    0    0  (Gen:  0)
   521640      4384   3225864  0.000  0.000   17.077    3.080    0    0  (Gen:  0)
   521496      7944   3229784  0.000  0.000   17.077    3.080    0    0  (Gen:  0)
   521824      5888   3229552  0.000  0.000   17.078    3.080    0    0  (Gen:  0)
   521704      3936   3229520  0.000  0.000   17.079    3.080    0    0  (Gen:  0)
   521416      4144   3229744  0.000  0.000   17.079    3.080    0    0  (Gen:  0)
   521232      4048   3229696  0.000  0.000   17.080    3.081    0    0  (Gen:  0)
   521744      5912   3231576  0.000  0.000   17.080    3.081    0    0  (Gen:  0)
   521880      4248   3231592  0.000  0.000   17.081    3.081    0    0  (Gen:  0)
   521728      4080   3231584  0.000  0.000   17.081    3.081    0    0  (Gen:  0)
   521832      4192   3231728  0.000  0.000   17.082    3.081    0    0  (Gen:  0)
   521208      4208   3231776  0.000  0.000   17.083    3.081    0    0  (Gen:  0)
   521368      3952   3231536  0.000  0.000   17.083    3.081    0    0  (Gen:  0)
   521816      6520   3234120  0.000  0.000   17.084    3.081    0    0  (Gen:  0)
   521512      6280   3233960  0.000  0.000   17.084    3.082    0    0  (Gen:  0)
   521496      5752   3235736  0.000  0.000   17.085    3.082    0    0  (Gen:  0)
   521720      4088   3235680  0.000  0.000   17.085    3.082    0    0  (Gen:  0)
   521720      4176   3235856  0.000  0.000   17.086    3.082    0    0  (Gen:  0)
   521624      4352   3236064  0.000  0.000   17.086    3.082    0    0  (Gen:  0)
   521824      4144   3235904  0.000  0.000   17.087    3.082    0    0  (Gen:  0)
   521576      4016   3235864  0.000  0.000   17.088    3.082    0    0  (Gen:  0)
   521912      4296   3236160  0.000  0.000   17.088    3.082    0    0  (Gen:  0)
   521712      4176   3236088  0.000  0.000   17.089    3.083    0    0  (Gen:  0)
   521592      5280   3237208  0.000  0.000   17.089    3.083    0    0  (Gen:  0)
   521624      6024   3238016  0.000  0.000   17.090    3.083    0    0  (Gen:  0)
   521752      4920   3238056  0.000  0.000   17.090    3.083    0    0  (Gen:  0)
   521592      4136   3238184  0.000  0.000   17.091    3.083    0    0  (Gen:  0)
   521592      3976   3238056  0.000  0.000   17.092    3.083    0    0  (Gen:  0)
   521520      4136   3238304  0.000  0.000   17.092    3.083    0    0  (Gen:  0)
   521792      5952   3240152  0.000  0.000   17.093    3.083    0    0  (Gen:  0)
   521208      4160   3240176  0.000  0.000   17.093    3.084    0    0  (Gen:  0)
   521520      3992   3240096  0.000  0.000   17.094    3.084    0    0  (Gen:  0)
   521560      4240   3240360  0.000  0.000   17.094    3.084    0    0  (Gen:  0)
   521872      4136   3240304  0.000  0.000   17.095    3.084    0    0  (Gen:  0)
   521696      6568   3242752  0.000  0.000   17.096    3.084    0    0  (Gen:  0)
   521496      6296   3242544  0.000  0.000   17.096    3.084    0    0  (Gen:  0)
   521632      4064   3242728  0.000  0.000   17.097    3.084    0    0  (Gen:  0)
   521528      4120   3242816  0.000  0.000   17.097    3.084    0    0  (Gen:  0)
   521600      4096   3242824  0.000  0.000   17.098    3.085    0    0  (Gen:  0)
   521544      4024   3242768  0.000  0.000   17.098    3.085    0    0  (Gen:  0)
   521664      4520   3243280  0.000  0.000   17.099    3.085    0    0  (Gen:  0)
   521712      4136   3243184  0.000  0.000   17.099    3.085    0    0  (Gen:  0)
   521328      4448   3243584  0.000  0.000   17.100    3.085    0    0  (Gen:  0)
   521696      4088   3243480  0.000  0.000   17.101    3.085    0    0  (Gen:  0)
   521680      4392   3243864  0.000  0.000   17.101    3.085    0    0  (Gen:  0)
   521400      7648   3247480  0.000  0.000   17.102    3.085    0    0  (Gen:  0)
   521816      6456   3247792  0.000  0.000   17.102    3.086    0    0  (Gen:  0)
   521704      4008   3247528  0.000  0.000   17.103    3.086    0    0  (Gen:  0)
   521608      4096   3247632  0.000  0.000   17.103    3.086    0    0  (Gen:  0)
   521368      4096   3247680  0.000  0.000   17.104    3.086    0    0  (Gen:  0)
   521624      6248   3249848  0.000  0.000   17.105    3.086    0    0  (Gen:  0)
   521664      4144   3249720  0.000  0.000   17.105    3.086    0    0  (Gen:  0)
   521424      4128   3249864  0.000  0.000   17.106    3.086    0    0  (Gen:  0)
   521752      4184   3249952  0.000  0.000   17.106    3.086    0    0  (Gen:  0)
   521872      4232   3250032  0.000  0.000   17.107    3.087    0    0  (Gen:  0)
   521600      3976   3249792  0.000  0.000   17.107    3.087    0    0  (Gen:  0)
   521512      6648   3252480  0.000  0.000   17.108    3.087    0    0  (Gen:  0)
   521480      6472   3252384  0.000  0.000   17.108    3.087    0    0  (Gen:  0)
   521784      4248   3252496  0.000  0.000   17.109    3.087    0    0  (Gen:  0)
   521368      4160   3252440  0.000  0.000   17.110    3.087    0    0  (Gen:  0)
   521552      4264   3252632  0.000  0.000   17.110    3.087    0    0  (Gen:  0)
   521568      6288   3254688  0.000  0.000   17.111    3.087    0    0  (Gen:  0)
   521680      4064   3254576  0.000  0.000   17.111    3.088    0    0  (Gen:  0)
   521408      3880   3254552  0.000  0.000   17.112    3.088    0    0  (Gen:  0)
   521544      4152   3254856  0.000  0.000   17.112    3.088    0    0  (Gen:  0)
   521736      4048   3254784  0.000  0.000   17.113    3.088    0    0  (Gen:  0)
   521704      3992   3254744  0.000  0.000   17.113    3.088    0    0  (Gen:  0)
   521528      6656   3257424  0.000  0.000   17.114    3.088    0    0  (Gen:  0)
   521736      6544   3257392  0.000  0.000   17.115    3.088    0    0  (Gen:  0)
   521248      4280   3257624  0.000  0.000   17.115    3.088    0    0  (Gen:  0)
   521232      3800   3257176  0.000  0.000   17.116    3.089    0    0  (Gen:  0)
   521472      4008   3257472  0.000  0.000   17.116    3.089    0    0  (Gen:  0)
   521688      4504   3258000  0.000  0.000   17.117    3.089    0    0  (Gen:  0)
   521792      4104   3257872  0.000  0.000   17.117    3.089    0    0  (Gen:  0)
   521736      3992   3257848  0.000  0.000   17.118    3.089    0    0  (Gen:  0)
   521480      4488   3258360  0.000  0.000   17.118    3.089    0    0  (Gen:  0)
   521520      4344   3258488  0.000  0.000   17.119    3.089    0    0  (Gen:  0)
   521504      7432   3261816  0.000  0.000   17.120    3.089    0    0  (Gen:  0)
   521608      5664   3261872  0.000  0.000   17.120    3.090    0    0  (Gen:  0)
   521840      3920   3261856  0.000  0.000   17.121    3.090    0    0  (Gen:  0)
   521440      4152   3262120  0.000  0.000   17.121    3.090    0    0  (Gen:  0)
   521592      4104   3262104  0.000  0.000   17.122    3.090    0    0  (Gen:  0)
   521544      4032   3262048  0.000  0.000   17.122    3.090    0    0  (Gen:  0)
   521872      4160   3262192  0.000  0.000   17.123    3.090    0    0  (Gen:  0)
   521704      4184   3262280  0.000  0.000   17.124    3.090    0    0  (Gen:  0)
   521848      4192   3262376  0.000  0.000   17.124    3.090    0    0  (Gen:  0)
   521696      4104   3262320  0.000  0.000   17.125    3.091    0    0  (Gen:  0)
   521728      4136   3262440  0.000  0.000   17.125    3.091    0    0  (Gen:  0)
   521712      5984   3264320  0.000  0.000   17.126    3.091    0    0  (Gen:  0)
   521632      6024   3264424  0.000  0.000   17.126    3.091    0    0  (Gen:  0)
   521336      4048   3264296  0.000  0.000   17.127    3.091    0    0  (Gen:  0)
   521552      4152   3264416  0.000  0.000   17.127    3.091    0    0  (Gen:  0)
   521616      3928   3264240  0.000  0.000   17.128    3.091    0    0  (Gen:  0)
   521632      4336   3264664  0.000  0.000   17.129    3.091    0    0  (Gen:  0)
   521592      4232   3264608  0.000  0.000   17.129    3.092    0    0  (Gen:  0)
   521568      4248   3264784  0.000  0.000   17.130    3.092    0    0  (Gen:  0)
   521912      4304   3264872  0.000  0.000   17.130    3.092    0    0  (Gen:  0)
   521720      4344   3264944  0.000  0.000   17.131    3.092    0    0  (Gen:  0)
   521800      3840   3264456  0.000  0.000   17.131    3.092    0    0  (Gen:  0)
   521360      6712   3267344  0.000  0.000   17.132    3.092    0    0  (Gen:  0)
   521560      6560   3267272  0.000  0.000   17.132    3.092    0    0  (Gen:  0)
   521616      3976   3267200  0.000  0.000   17.133    3.092    0    0  (Gen:  0)
   521560      4024   3267264  0.000  0.000   17.134    3.093    0    0  (Gen:  0)
   521392      3968   3267256  0.000  0.000   17.134    3.093    0    0  (Gen:  0)
   521752      4408   3267712  0.000  0.000   17.135    3.093    0    0  (Gen:  0)
   521584      4120   3267696  0.000  0.000   17.135    3.093    0    0  (Gen:  0)
   521552      4048   3267784  0.000  0.000   17.136    3.093    0    0  (Gen:  0)
   521568      4080   3267840  0.000  0.000   17.136    3.093    0    0  (Gen:  0)
   521680      4344   3268304  0.000  0.000   17.137    3.093    0    0  (Gen:  0)
   521536      4616   3268808  0.000  0.000   17.137    3.093    0    0  (Gen:  0)
   521624      7600   3272296  0.000  0.000   17.138    3.094    0    0  (Gen:  0)
   521856      6040   3272256  0.000  0.000   17.139    3.094    0    0  (Gen:  0)
   521576      4264   3272400  0.000  0.000   17.139    3.094    0    0  (Gen:  0)
   521320      4024   3272192  0.000  0.000   17.140    3.094    0    0  (Gen:  0)
   521408      4192   3272448  0.000  0.000   17.140    3.094    0    0  (Gen:  0)
   521840      5720   3274008  0.000  0.000   17.141    3.094    0    0  (Gen:  0)
   521872      4152   3274120  0.000  0.000   17.141    3.094    0    0  (Gen:  0)
   521624      3936   3273992  0.000  0.000   17.142    3.094    0    0  (Gen:  0)
   521728      4168   3274240  0.000  0.000   17.143    3.094    0    0  (Gen:  0)
   521288      4048   3274168  0.000  0.000   17.143    3.095    0    0  (Gen:  0)
   521496      6616   3276752  0.000  0.000   17.144    3.095    0    0  (Gen:  0)
   521720      6352   3276552  0.000  0.000   17.144    3.095    0    0  (Gen:  0)
   521376      4488   3277072  0.000  0.000   17.145    3.095    0    0  (Gen:  0)
   521704      5696   3278640  0.000  0.000   17.145    3.095    0    0  (Gen:  0)
   521736      3984   3278376  0.000  0.000   17.146    3.095    0    0  (Gen:  0)
   521776      4008   3278416  0.000  0.000   17.146    3.095    0    0  (Gen:  0)
   521536      4344   3278768  0.000  0.000   17.147    3.095    0    0  (Gen:  0)
   521696      4264   3278752  0.000  0.000   17.148    3.096    0    0  (Gen:  0)
   521856      4176   3278752  0.000  0.000   17.148    3.096    0    0  (Gen:  0)
   521720      4088   3278696  0.000  0.000   17.149    3.096    0    0  (Gen:  0)
   521720      4176   3278872  0.000  0.000   17.149    3.096    0    0  (Gen:  0)
   521496      6352   3281080  0.001  0.000   17.151    3.096    0    0  (Gen:  0)
   521808      6200   3280992  0.001  0.000   17.153    3.096    0    0  (Gen:  0)
   521696      4088   3280936  0.001  0.000   17.154    3.097    0    0  (Gen:  0)
   521504      4320   3281184  0.001  0.000   17.156    3.097    0    0  (Gen:  0)
   521488      3840   3280752  0.001  0.000   17.157    3.097    0    0  (Gen:  0)
   521736      3824   3280752  0.001  0.000   17.159    3.097    0    0  (Gen:  0)
   521552      5984   3282928  0.001  0.000   17.160    3.097    0    0  (Gen:  0)
   521248      4192   3282968  0.001  0.000   17.162    3.098    0    0  (Gen:  0)
   521576      4120   3282984  0.001  0.000   17.163    3.098    0    0  (Gen:  0)
   521792      3960   3282856  0.001  0.000   17.165    3.098    0    0  (Gen:  0)
   521752      4040   3283024  0.001  0.000   17.166    3.098    0    0  (Gen:  0)
   521496      6424   3285440  0.001  0.000   17.168    3.099    0    0  (Gen:  0)
   521728      6448   3285528  0.001  0.000   17.169    3.099    0    0  (Gen:  0)
   521496      3992   3285416  0.001  0.000   17.171    3.099    0    0  (Gen:  0)
   521664      4096   3285536  0.001  0.000   17.172    3.099    0    0  (Gen:  0)
   521384      3936   3285424  0.001  0.000   17.174    3.099    0    0  (Gen:  0)
   521752      4352   3285848  0.001  0.000   17.176    3.100    0    0  (Gen:  0)
   521560      4112   3285824  0.001  0.000   17.177    3.100    0    0  (Gen:  0)
   521600      4080   3286016  0.001  0.000   17.179    3.100    0    0  (Gen:  0)
   521576      4400   3286368  0.001  0.000   17.180    3.100    0    0  (Gen:  0)
   521616      4376   3286600  0.001  0.000   17.182    3.100    0    0  (Gen:  0)
   521544      4608   3287072  0.001  0.000   17.183    3.101    0    0  (Gen:  0)
   521512      7208   3290232  0.001  0.000   17.185    3.101    0    0  (Gen:  0)
   521840      6088   3290312  0.001  0.000   17.186    3.101    0    0  (Gen:  0)
   521592      4224   3290632  0.001  0.000   17.188    3.101    0    0  (Gen:  0)
   521664      4176   3290616  0.001  0.000   17.189    3.102    0    0  (Gen:  0)
   521432      3992   3290520  0.000  0.000   17.190    3.102    0    0  (Gen:  0)
   521576      6096   3292656  0.000  0.000   17.190    3.102    0    0  (Gen:  0)
   521576      4120   3292656  0.000  0.000   17.191    3.102    0    0  (Gen:  0)
   521648      4032   3292656  0.000  0.000   17.191    3.102    0    0  (Gen:  0)
   521704      4240   3292880  0.000  0.000   17.192    3.102    0    0  (Gen:  0)
   521800      4152   3292840  0.000  0.000   17.192    3.102    0    0  (Gen:  0)
   521536      6528   3295232  0.000  0.000   17.193    3.102    0    0  (Gen:  0)
   521664      6456   3295224  0.000  0.000   17.194    3.102    0    0  (Gen:  0)
   521408      4040   3295216  0.000  0.000   17.194    3.103    0    0  (Gen:  0)
   521632      4192   3295400  0.000  0.000   17.195    3.103    0    0  (Gen:  0)
   521528      4144   3295384  0.000  0.000   17.195    3.103    0    0  (Gen:  0)
   521648      4000   3295256  0.000  0.000   17.196    3.103    0    0  (Gen:  0)
   521504      6256   3297528  0.000  0.000   17.196    3.103    0    0  (Gen:  0)
   521504      4264   3297664  0.000  0.000   17.197    3.103    0    0  (Gen:  0)
   521544      4376   3297864  0.000  0.000   17.197    3.103    0    0  (Gen:  0)
   521584      4272   3297792  0.000  0.000   17.198    3.103    0    0  (Gen:  0)
   521752      3944   3297552  0.000  0.000   17.198    3.104    0    0  (Gen:  0)
   521576      6576   3300216  0.000  0.000   17.199    3.104    0    0  (Gen:  0)
   521576      6504   3300208  0.000  0.000   17.200    3.104    0    0  (Gen:  0)
   521568      4136   3300408  0.000  0.000   17.200    3.104    0    0  (Gen:  0)
   521424      4112   3300416  0.000  0.000   17.201    3.104    0    0  (Gen:  0)
   521200      4064   3300400  0.000  0.000   17.201    3.104    0    0  (Gen:  0)
   521544      3992   3300344  0.001  0.000   17.202    3.104    0    0  (Gen:  0)
   521704      4520   3300888  0.001  0.000   17.203    3.105    0    0  (Gen:  0)
   521800      4248   3300904  0.001  0.000   17.204    3.105    0    0  (Gen:  0)
   521640      4296   3301040  0.001  0.000   17.206    3.105    0    0  (Gen:  0)
   521528      4056   3301056  0.001  0.000   17.207    3.105    0    0  (Gen:  0)
   521520      4448   3301536  0.001  0.000   17.208    3.105    0    0  (Gen:  0)
   521456      7464   3304968  0.001  0.000   17.209    3.105    0    0  (Gen:  0)
   521760      5888   3305056  0.001  0.000   17.211    3.106    0    0  (Gen:  0)
   521696      3944   3304768  0.000  0.000   17.211    3.106    0    0  (Gen:  0)
   521480      4296   3305136  0.000  0.000   17.212    3.106    0    0  (Gen:  0)
   521544      4192   3305080  0.000  0.000   17.212    3.106    0    0  (Gen:  0)
   521600      4152   3305056  0.000  0.000   17.213    3.106    0    0  (Gen:  0)
   521904      4120   3305072  0.000  0.000   17.213    3.106    0    0  (Gen:  0)
   521608      4152   3305264  0.000  0.000   17.214    3.106    0    0  (Gen:  0)
   521936      3976   3305120  0.000  0.000   17.214    3.107    0    0  (Gen:  0)
   521744      4136   3305312  0.000  0.000   17.215    3.107    0    0  (Gen:  0)
   521640      3976   3305168  0.000  0.000   17.216    3.107    0    0  (Gen:  0)
   521760      6000   3307208  0.000  0.000   17.216    3.107    0    0  (Gen:  0)
   521392      5808   3307096  0.000  0.000   17.217    3.107    0    0  (Gen:  0)
   521616      4216   3307352  0.000  0.000   17.217    3.107    0    0  (Gen:  0)
   521504      3992   3307160  0.000  0.000   17.218    3.107    0    0  (Gen:  0)
   521496      3976   3307232  0.000  0.000   17.218    3.107    0    0  (Gen:  0)
   521520      4200   3307488  0.000  0.000   17.219    3.107    0    0  (Gen:  0)
   521872      4264   3307600  0.000  0.000   17.219    3.108    0    0  (Gen:  0)
   521576      4048   3307472  0.000  0.000   17.220    3.108    0    0  (Gen:  0)
   521832      4176   3307616  0.000  0.000   17.220    3.108    0    0  (Gen:  0)
   521776      4176   3307664  0.000  0.000   17.221    3.108    0    0  (Gen:  0)
   521672      6880   3310384  0.000  0.000   17.221    3.108    0    0  (Gen:  0)
   521440      6784   3310352  0.000  0.000   17.222    3.108    0    0  (Gen:  0)
   521488      3928   3310080  0.000  0.000   17.223    3.108    0    0  (Gen:  0)
   521576      4136   3310320  0.000  0.000   17.223    3.108    0    0  (Gen:  0)
   521680      3992   3310208  0.000  0.000   17.224    3.109    0    0  (Gen:  0)
   521408      3880   3310184  0.000  0.000   17.224    3.109    0    0  (Gen:  0)
   521688      4432   3310760  0.000  0.000   17.225    3.109    0    0  (Gen:  0)
   521752      4256   3310800  0.000  0.000   17.225    3.109    0    0  (Gen:  0)
   521280      3864   3310560  0.000  0.000   17.226    3.109    0    0  (Gen:  0)
   521768      4320   3311024  0.000  0.000   17.226    3.109    0    0  (Gen:  0)
   521728      4320   3311240  0.000  0.000   17.227    3.109    0    0  (Gen:  0)
   521416      7992   3315152  0.000  0.000   17.227    3.109    0    0  (Gen:  0)
   521760      5912   3315056  0.000  0.000   17.228    3.109    0    0  (Gen:  0)
   521832      4192   3315328  0.000  0.000   17.228    3.110    0    0  (Gen:  0)
   521488      4208   3315376  0.000  0.000   17.229    3.110    0    0  (Gen:  0)
   521224      4152   3315352  0.000  0.000   17.230    3.110    0    0  (Gen:  0)
   521472      4032   3315248  0.000  0.000   17.230    3.110    0    0  (Gen:  0)
   521912      5888   3317120  0.000  0.000   17.231    3.110    0    0  (Gen:  0)
   521792      4248   3317176  0.000  0.000   17.231    3.110    0    0  (Gen:  0)
   521840      4264   3317280  0.000  0.000   17.232    3.110    0    0  (Gen:  0)
   521320      4192   3317240  0.000  0.000   17.232    3.110    0    0  (Gen:  0)
   521424      4248   3317384  0.000  0.000   17.233    3.111    0    0  (Gen:  0)
   521616      6488   3319656  0.000  0.000   17.234    3.111    0    0  (Gen:  0)
   521600      6464   3319696  0.000  0.000   17.234    3.111    0    0  (Gen:  0)
   521440      4312   3319840  0.000  0.000   17.235    3.111    0    0  (Gen:  0)
   521792      5424   3321296  0.000  0.000   17.235    3.111    0    0  (Gen:  0)
   521696      4136   3321312  0.000  0.000   17.236    3.111    0    0  (Gen:  0)
   521736      4352   3321544  0.000  0.000   17.236    3.111    0    0  (Gen:  0)
   521656      4168   3321408  0.000  0.000   17.237    3.111    0    0  (Gen:  0)
   521568      4208   3321608  0.000  0.000   17.237    3.111    0    0  (Gen:  0)
   521920      4280   3321712  0.000  0.000   17.238    3.112    0    0  (Gen:  0)
   521736      3984   3321448  0.000  0.000   17.238    3.112    0    0  (Gen:  0)
   521736      3904   3321384  0.000  0.000   17.239    3.112    0    0  (Gen:  0)
   521424      6296   3323792  0.000  0.000   17.239    3.112    0    0  (Gen:  0)
   521752      6232   3323808  0.001  0.000   17.241    3.112    0    0  (Gen:  0)
   521776      4144   3323776  0.001  0.000   17.243    3.112    0    0  (Gen:  0)
   521496      4104   3323768  0.001  0.000   17.244    3.113    0    0  (Gen:  0)
   521488      4168   3323920  0.001  0.000   17.246    3.113    0    0  (Gen:  0)
   521848      6080   3325864  0.001  0.000   17.247    3.113    0    0  (Gen:  0)
   521256      4344   3325944  0.001  0.000   17.249    3.113    0    0  (Gen:  0)
   521488      4056   3325744  0.001  0.000   17.251    3.113    0    0  (Gen:  0)
   521512      4072   3325776  0.001  0.000   17.252    3.114    0    0  (Gen:  0)
   521744      3976   3325728  0.001  0.000   17.254    3.114    0    0  (Gen:  0)
   521768      4008   3325776  0.001  0.000   17.255    3.114    0    0  (Gen:  0)
   521576      6440   3328224  0.001  0.000   17.257    3.114    0    0  (Gen:  0)
   521496      6144   3328008  0.001  0.000   17.258    3.115    0    0  (Gen:  0)
   521584      4192   3328400  0.001  0.000   17.260    3.115    0    0  (Gen:  0)
   521656      4064   3328304  0.001  0.000   17.262    3.115    0    0  (Gen:  0)
   521528      3936   3328264  0.001  0.000   17.263    3.115    0    0  (Gen:  0)
   521648      4472   3328824  0.001  0.000   17.265    3.115    0    0  (Gen:  0)
   521776      4328   3328896  0.001  0.000   17.266    3.116    0    0  (Gen:  0)
   521232      3728   3328448  0.001  0.000   17.268    3.116    0    0  (Gen:  0)
   521784      4456   3329184  0.001  0.000   17.269    3.116    0    0  (Gen:  0)
   521736      4312   3329248  0.001  0.000   17.271    3.116    0    0  (Gen:  0)
   521328      7968   3333088  0.001  0.000   17.273    3.116    0    0  (Gen:  0)
   521744      6200   3332984  0.001  0.000   17.274    3.117    0    0  (Gen:  0)
   521752      4136   3333176  0.001  0.000   17.276    3.117    0    0  (Gen:  0)
   521512      4136   3333208  0.001  0.000   17.277    3.117    0    0  (Gen:  0)
   521584      4104   3333208  0.001  0.000   17.279    3.117    0    0  (Gen:  0)
   521472      4048   3333168  0.001  0.000   17.281    3.118    0    0  (Gen:  0)
   521672      6112   3335248  0.001  0.000   17.282    3.118    0    0  (Gen:  0)
   521488      4248   3335376  0.001  0.000   17.284    3.118    0    0  (Gen:  0)
   521680      4120   3335336  0.001  0.000   17.285    3.118    0    0  (Gen:  0)
   521864      4064   3335312  0.001  0.000   17.287    3.118    0    0  (Gen:  0)
   521720      4152   3335488  0.001  0.000   17.288    3.119    0    0  (Gen:  0)
   521456      6632   3338000  0.001  0.000   17.290    3.119    0    0  (Gen:  0)
   521552      6408   3337840  0.001  0.000   17.292    3.119    0    0  (Gen:  0)
   521680      4048   3337816  0.001  0.000   17.293    3.119    0    0  (Gen:  0)
   521416      4248   3338032  0.001  0.000   17.295    3.119    0    0  (Gen:  0)
   521568      3992   3337824  0.001  0.000   17.296    3.120    0    0  (Gen:  0)
   521544      6432   3340280  0.001  0.000   17.298    3.120    0    0  (Gen:  0)
   521544      4264   3340224  0.001  0.000   17.299    3.120    0    0  (Gen:  0)
   521544      4152   3340272  0.001  0.000   17.301    3.120    0    0  (Gen:  0)
   521472      4184   3340336  0.001  0.000   17.303    3.121    0    0  (Gen:  0)
   521848      4232   3340416  0.001  0.000   17.304    3.121    0    0  (Gen:  0)
   521672      4136   3340336  0.001  0.000   17.306    3.121    0    0  (Gen:  0)
   521456      6920   3343136  0.001  0.000   17.307    3.121    0    0  (Gen:  0)
   521768      6280   3342576  0.001  0.000   17.309    3.121    0    0  (Gen:  0)
   521288      3912   3342704  0.001  0.000   17.311    3.122    0    0  (Gen:  0)
   521376      4096   3342904  0.001  0.000   17.312    3.122    0    0  (Gen:  0)
   521272      3832   3342688  0.001  0.000   17.314    3.122    0    0  (Gen:  0)
   521680      4456   3343320  0.001  0.000   17.315    3.122    0    0  (Gen:  0)
   521728      4256   3343336  0.001  0.000   17.317    3.122    0    0  (Gen:  0)
   521808      4024   3343328  0.001  0.000   17.318    3.123    0    0  (Gen:  0)
   521448      4224   3343552  0.001  0.000   17.320    3.123    0    0  (Gen:  0)
   521560      4408   3343928  0.001  0.000   17.322    3.123    0    0  (Gen:  0)
   521688      4720   3344416  0.001  0.000   17.323    3.123    0    0  (Gen:  0)
   521456      7000   3347360  0.001  0.000   17.325    3.124    0    0  (Gen:  0)
   521792      5592   3347152  0.001  0.000   17.326    3.124    0    0  (Gen:  0)
   521600      4208   3347424  0.001  0.000   17.328    3.124    0    0  (Gen:  0)
   521496      4064   3347312  0.001  0.000   17.329    3.124    0    0  (Gen:  0)
   521592      4080   3347416  0.001  0.000   17.330    3.124    0    0  (Gen:  0)
   521808      4312   3347680  0.001  0.000   17.332    3.125    0    0  (Gen:  0)
   521640      4072   3347488  0.001  0.000   17.333    3.125    0    0  (Gen:  0)
   521744      4032   3347536  0.001  0.000   17.334    3.125    0    0  (Gen:  0)
   521848      4224   3347744  0.001  0.000   17.336    3.125    0    0  (Gen:  0)
   521768      4120   3347688  0.001  0.000   17.337    3.125    0    0  (Gen:  0)
   521584      6112   3349696  0.001  0.000   17.339    3.126    0    0  (Gen:  0)
   521712      5928   3349576  0.001  0.000   17.340    3.126    0    0  (Gen:  0)
   521432      3888   3349456  0.001  0.000   17.341    3.126    0    0  (Gen:  0)
   521536      4136   3349736  0.001  0.000   17.343    3.126    0    0  (Gen:  0)
   521584      4160   3349792  0.001  0.000   17.344    3.126    0    0  (Gen:  0)
   521544      4088   3349736  0.001  0.000   17.345    3.126    0    0  (Gen:  0)
   521520      4384   3350048  0.001  0.000   17.347    3.127    0    0  (Gen:  0)
   521728      4232   3349960  0.001  0.000   17.348    3.127    0    0  (Gen:  0)
   521872      4168   3349984  0.001  0.000   17.349    3.127    0    0  (Gen:  0)
   521728      4024   3349872  0.001  0.000   17.351    3.127    0    0  (Gen:  0)
   521720      4168   3350104  0.001  0.000   17.352    3.127    0    0  (Gen:  0)
   521552      6544   3352512  0.001  0.000   17.354    3.128    0    0  (Gen:  0)
   521576      6688   3352720  0.001  0.000   17.355    3.128    0    0  (Gen:  0)
   521528      4048   3352592  0.001  0.000   17.357    3.128    0    0  (Gen:  0)
   521520      4104   3352664  0.001  0.000   17.358    3.128    0    0  (Gen:  0)
   521504      4192   3352800  0.001  0.000   17.360    3.129    0    0  (Gen:  0)
   521584      4968   3353584  0.001  0.000   17.362    3.129    0    0  (Gen:  0)
   521656      4104   3352936  0.001  0.000   17.363    3.129    0    0  (Gen:  0)
   521712      3984   3353040  0.001  0.000   17.364    3.129    0    0  (Gen:  0)
   521368      4296   3353376  0.001  0.000   17.366    3.129    0    0  (Gen:  0)
   521744      3968   3353248  0.001  0.000   17.367    3.130    0    0  (Gen:  0)
   521576      4472   3353896  0.001  0.000   17.369    3.130    0    0  (Gen:  0)
   521560      7848   3357632  0.001  0.000   17.370    3.130    0    0  (Gen:  0)
   521824      6024   3357632  0.001  0.000   17.371    3.130    0    0  (Gen:  0)
   521728      3992   3357520  0.001  0.000   17.373    3.130    0    0  (Gen:  0)
   521304      4136   3357680  0.001  0.000   17.374    3.131    0    0  (Gen:  0)
   521248      3872   3357464  0.001  0.000   17.375    3.131    0    0  (Gen:  0)
   521808      6000   3359608  0.001  0.000   17.377    3.131    0    0  (Gen:  0)
   521896      4064   3359352  0.001  0.000   17.378    3.131    0    0  (Gen:  0)
   521688      4112   3359560  0.001  0.000   17.380    3.131    0    0  (Gen:  0)
   521864      4184   3359664  0.001  0.000   17.381    3.132    0    0  (Gen:  0)
   521224      4072   3359584  0.001  0.000   17.382    3.132    0    0  (Gen:  0)
   521336      3904   3359432  0.001  0.000   17.384    3.132    0    0  (Gen:  0)
   521800      6576   3362120  0.001  0.000   17.385    3.132    0    0  (Gen:  0)
   521472      6464   3362088  0.001  0.000   17.387    3.132    0    0  (Gen:  0)
   521648      5744   3363672  0.001  0.000   17.388    3.132    0    0  (Gen:  0)
   521624      4008   3363544  0.001  0.000   17.389    3.133    0    0  (Gen:  0)
   521832      4192   3363816  0.001  0.000   17.391    3.133    0    0  (Gen:  0)
   521576      4232   3363888  0.001  0.000   17.392    3.133    0    0  (Gen:  0)
   521752      4224   3363928  0.001  0.000   17.393    3.133    0    0  (Gen:  0)
   521576      3992   3363784  0.001  0.000   17.395    3.133    0    0  (Gen:  0)
   521944      4168   3363976  0.001  0.000   17.396    3.134    0    0  (Gen:  0)
   521696      4136   3363992  0.001  0.000   17.398    3.134    0    0  (Gen:  0)
   521584      6192   3366064  0.001  0.000   17.399    3.134    0    0  (Gen:  0)
   521648      6128   3366064  0.001  0.000   17.400    3.134    0    0  (Gen:  0)
   521760      3984   3366048  0.001  0.000   17.402    3.134    0    0  (Gen:  0)
   521488      4208   3366304  0.001  0.000   17.403    3.135    0    0  (Gen:  0)
   521624      4088   3366216  0.001  0.000   17.404    3.135    0    0  (Gen:  0)
   521592      4016   3366160  0.001  0.000   17.406    3.135    0    0  (Gen:  0)
   521712      6192   3368352  0.001  0.000   17.407    3.135    0    0  (Gen:  0)
   521232      4152   3368144  0.001  0.000   17.409    3.135    0    0  (Gen:  0)
   521576      4160   3368240  0.001  0.000   17.410    3.136    0    0  (Gen:  0)
   521576      4088   3368200  0.001  0.000   17.411    3.136    0    0  (Gen:  0)
   521776      4152   3368352  0.001  0.000   17.413    3.136    0    0  (Gen:  0)
   521696      6432   3370664  0.001  0.000   17.414    3.136    0    0  (Gen:  0)
   521584      6296   3370592  0.001  0.000   17.415    3.136    0    0  (Gen:  0)
   521520      3896   3370608  0.001  0.000   17.417    3.137    0    0  (Gen:  0)
   521616      4152   3370896  0.001  0.000   17.418    3.137    0    0  (Gen:  0)
   521544      4064   3370840  0.001  0.000   17.420    3.137    0    0  (Gen:  0)
   521560      3976   3370768  0.001  0.000   17.421    3.137    0    0  (Gen:  0)
   521704      4384   3371184  0.001  0.000   17.422    3.137    0    0  (Gen:  0)
   521704      4160   3371192  0.001  0.000   17.424    3.138    0    0  (Gen:  0)
   521352      4368   3371544  0.001  0.000   17.425    3.138    0    0  (Gen:  0)
   521736      4144   3371520  0.001  0.000   17.426    3.138    0    0  (Gen:  0)
   521544      4384   3371904  0.001  0.000   17.428    3.138    0    0  (Gen:  0)
   521440      7824   3375704  0.001  0.000   17.429    3.138    0    0  (Gen:  0)
   521824      6184   3375568  0.001  0.000   17.431    3.139    0    0  (Gen:  0)
   521720      4048   3375616  0.001  0.000   17.432    3.139    0    0  (Gen:  0)
   521528      4152   3375736  0.001  0.000   17.433    3.139    0    0  (Gen:  0)
   521376      4088   3375720  0.001  0.000   17.435    3.139    0    0  (Gen:  0)
   521768      6280   3377928  0.001  0.000   17.436    3.139    0    0  (Gen:  0)
   521568      4136   3377760  0.001  0.000   17.437    3.140    0    0  (Gen:  0)
   521520      4176   3377960  0.001  0.000   17.439    3.140    0    0  (Gen:  0)
   521696      4208   3378024  0.001  0.000   17.440    3.140    0    0  (Gen:  0)
   521888      3912   3377760  0.001  0.000   17.442    3.140    0    0  (Gen:  0)
   521568      3848   3377712  0.001  0.000   17.444    3.140    0    0  (Gen:  0)
   521552      6504   3380384  0.001  0.000   17.446    3.141    0    0  (Gen:  0)
   521472      6416   3380376  0.001  0.000   17.448    3.141    0    0  (Gen:  0)
   521680      4184   3380480  0.001  0.000   17.451    3.141    0    0  (Gen:  0)
   521408      4064   3380392  0.001  0.000   17.453    3.142    0    0  (Gen:  0)
   521632      4136   3380552  0.001  0.000   17.455    3.142    0    0  (Gen:  0)
   521560      6344   3382792  0.001  0.000   17.457    3.142    0    0  (Gen:  0)
   521592      4128   3382688  0.001  0.000   17.459    3.143    0    0  (Gen:  0)
   521384      4048   3382696  0.001  0.000   17.461    3.143    0    0  (Gen:  0)
   521600      4200   3382864  0.001  0.000   17.463    3.143    0    0  (Gen:  0)
   521776      4120   3382832  0.001  0.000   17.464    3.143    0    0  (Gen:  0)
   521584      6680   3385408  0.001  0.000   17.466    3.143    0    0  (Gen:  0)
   521616      6512   3385304  0.001  0.000   17.467    3.144    0    0  (Gen:  0)
   521664      4096   3385456  0.001  0.000   17.469    3.144    0    0  (Gen:  0)
   521328      4232   3385624  0.001  0.000   17.470    3.144    0    0  (Gen:  0)
   521272      4232   3385656  0.001  0.000   17.472    3.144    0    0  (Gen:  0)
   521464      4136   3385576  0.001  0.000   17.474    3.144    0    0  (Gen:  0)
   521664      4352   3385800  0.001  0.000   17.475    3.145    0    0  (Gen:  0)
   521808      4160   3385840  0.001  0.000   17.477    3.145    0    0  (Gen:  0)
   521728      3896   3385728  0.001  0.000   17.478    3.145    0    0  (Gen:  0)
   521432      4240   3386080  0.001  0.000   17.479    3.145    0    0  (Gen:  0)
   521584      4240   3386288  0.001  0.000   17.481    3.145    0    0  (Gen:  0)
   521384      7568   3389800  0.001  0.000   17.482    3.146    0    0  (Gen:  0)
   521680      5720   3389776  0.001  0.000   17.483    3.146    0    0  (Gen:  0)
   521856      4192   3389976  0.001  0.000   17.485    3.146    0    0  (Gen:  0)
   521360      3888   3389704  0.001  0.000   17.486    3.146    0    0  (Gen:  0)
   521664      4080   3389928  0.001  0.000   17.488    3.146    0    0  (Gen:  0)
   521568      3936   3389800  0.001  0.000   17.489    3.147    0    0  (Gen:  0)
   521912      4144   3390024  0.001  0.000   17.490    3.147    0    0  (Gen:  0)
   521536      4208   3390152  0.001  0.000   17.492    3.147    0    0  (Gen:  0)
   522040      4264   3390296  0.001  0.000   17.493    3.147    0    0  (Gen:  0)
   521544      3944   3390008  0.001  0.000   17.494    3.147    0    0  (Gen:  0)
   521912      4112   3390264  0.001  0.000   17.496    3.148    0    0  (Gen:  0)
   521552      6096   3392280  0.001  0.000   17.497    3.148    0    0  (Gen:  0)
   521600      5952   3392200  0.001  0.000   17.499    3.148    0    0  (Gen:  0)
   521424      4008   3392104  0.001  0.000   17.500    3.148    0    0  (Gen:  0)
   521544      4152   3392264  0.001  0.000   17.501    3.148    0    0  (Gen:  0)
   521608      4008   3392168  0.001  0.000   17.503    3.149    0    0  (Gen:  0)
   521552      4264   3392440  0.001  0.000   17.504    3.149    0    0  (Gen:  0)
   521696      4088   3392312  0.001  0.000   17.505    3.149    0    0  (Gen:  0)
   521568      4152   3392536  0.001  0.000   17.507    3.149    0    0  (Gen:  0)
   521920      4224   3392640  0.001  0.000   17.508    3.149    0    0  (Gen:  0)
   521728      4232   3392680  0.001  0.000   17.510    3.150    0    0  (Gen:  0)
   521680      3976   3392440  0.001  0.000   17.511    3.150    0    0  (Gen:  0)
   521464      6592   3395072  0.001  0.000   17.512    3.150    0    0  (Gen:  0)
   521504      6592   3395152  0.001  0.000   17.514    3.150    0    0  (Gen:  0)
   521632      4320   3395392  0.001  0.000   17.515    3.150    0    0  (Gen:  0)
   521480      4192   3395296  0.001  0.000   17.516    3.151    0    0  (Gen:  0)
   521544      4152   3395344  0.001  0.000   17.518    3.151    0    0  (Gen:  0)
   521728      4488   3395704  0.001  0.000   17.519    3.151    0    0  (Gen:  0)
   521616      4424   3395856  0.001  0.000   17.521    3.151    0    0  (Gen:  0)
   521480      4176   3395760  0.001  0.000   17.522    3.151    0    0  (Gen:  0)
   521568      4504   3396104  0.001  0.000   17.523    3.152    0    0  (Gen:  0)
   521760      4408   3396272  0.001  0.000   17.525    3.152    0    0  (Gen:  0)
   521496      5312   3397352  0.001  0.000   17.526    3.152    0    0  (Gen:  0)
   521720      6544   3400024  0.001  0.000   17.527    3.152    0    0  (Gen:  0)
   521752      5944   3400008  0.001  0.000   17.529    3.152    0    0  (Gen:  0)
   521584      4208   3400192  0.001  0.000   17.530    3.153    0    0  (Gen:  0)
   521280      3936   3399952  0.001  0.000   17.532    3.153    0    0  (Gen:  0)
   521440      3920   3400024  0.001  0.000   17.533    3.153    0    0  (Gen:  0)
   521872      5888   3402024  0.001  0.000   17.534    3.153    0    0  (Gen:  0)
   521776      4048   3401864  0.001  0.000   17.536    3.153    0    0  (Gen:  0)
   521648      3960   3401864  0.001  0.000   17.537    3.154    0    0  (Gen:  0)
   521696      4088   3402008  0.001  0.000   17.538    3.154    0    0  (Gen:  0)
   521240      3992   3401960  0.001  0.000   17.540    3.154    0    0  (Gen:  0)
   521680      6560   3404544  0.001  0.000   17.541    3.154    0    0  (Gen:  0)
   521616      6424   3404472  0.001  0.000   17.543    3.154    0    0  (Gen:  0)
   521416      4488   3404920  0.001  0.000   17.544    3.155    0    0  (Gen:  0)
   521712      5680   3406472  0.001  0.000   17.545    3.155    0    0  (Gen:  0)
   521744      4104   3406344  0.001  0.000   17.547    3.155    0    0  (Gen:  0)
   521728      4064   3406320  0.001  0.000   17.548    3.155    0    0  (Gen:  0)
   521624      4312   3406584  0.001  0.000   17.549    3.155    0    0  (Gen:  0)
   521608      3856   3406192  0.001  0.000   17.551    3.155    0    0  (Gen:  0)
   521968      4168   3406592  0.001  0.000   17.552    3.156    0    0  (Gen:  0)
   521624      4008   3406464  0.001  0.000   17.554    3.156    0    0  (Gen:  0)
   521832      4192   3406736  0.001  0.000   17.555    3.156    0    0  (Gen:  0)
   521304      6176   3408752  0.001  0.000   17.556    3.156    0    0  (Gen:  0)
   521936      6072   3408712  0.001  0.000   17.558    3.156    0    0  (Gen:  0)
   521648      3960   3408656  0.001  0.000   17.559    3.157    0    0  (Gen:  0)
   521488      4296   3409008  0.001  0.000   17.561    3.157    0    0  (Gen:  0)
   521448      4120   3408880  0.001  0.000   17.562    3.157    0    0  (Gen:  0)
   521816      5856   3410632  0.001  0.000   17.563    3.157    0    0  (Gen:  0)
   521480      4048   3410640  0.001  0.000   17.565    3.157    0    0  (Gen:  0)
   521344      4096   3410848  0.001  0.000   17.566    3.158    0    0  (Gen:  0)
   521552      4280   3411064  0.001  0.000   17.567    3.158    0    0  (Gen:  0)
   521800      4120   3410936  0.001  0.000   17.569    3.158    0    0  (Gen:  0)
   521744      3976   3410808  0.001  0.000   17.570    3.158    0    0  (Gen:  0)
   521552      6480   3413328  0.001  0.000   17.572    3.158    0    0  (Gen:  0)
   521608      6480   3413408  0.001  0.000   17.573    3.159    0    0  (Gen:  0)
   521568      4336   3413608  0.001  0.000   17.574    3.159    0    0  (Gen:  0)
   521544      4248   3413552  0.001  0.000   17.576    3.159    0    0  (Gen:  0)
   521528      4280   3413672  0.001  0.000   17.577    3.159    0    0  (Gen:  0)
   521736      4376   3413792  0.001  0.000   17.578    3.159    0    0  (Gen:  0)
   521584      4144   3413776  0.001  0.000   17.580    3.160    0    0  (Gen:  0)
   521504      4008   3413864  0.001  0.000   17.581    3.160    0    0  (Gen:  0)
   521592      4344   3414224  0.001  0.000   17.583    3.160    0    0  (Gen:  0)
   521736      4280   3414352  0.001  0.000   17.584    3.160    0    0  (Gen:  0)
   521448      4952   3415200  0.001  0.000   17.585    3.160    0    0  (Gen:  0)
   521544      7168   3418240  0.001  0.000   17.587    3.161    0    0  (Gen:  0)
   521864      6320   3418272  0.001  0.000   17.588    3.161    0    0  (Gen:  0)
   521552      4352   3418488  0.001  0.000   17.589    3.161    0    0  (Gen:  0)
   521640      3760   3417928  0.001  0.000   17.591    3.161    0    0  (Gen:  0)
   521392      4080   3418336  0.001  0.000   17.592    3.161    0    0  (Gen:  0)
   521672      6160   3420448  0.001  0.000   17.594    3.162    0    0  (Gen:  0)
   521440      4176   3420440  0.001  0.000   17.595    3.162    0    0  (Gen:  0)
   521728      4104   3420456  0.001  0.000   17.596    3.162    0    0  (Gen:  0)
   521736      4152   3420520  0.001  0.000   17.598    3.162    0    0  (Gen:  0)
   521768      4104   3420520  0.001  0.000   17.599    3.162    0    0  (Gen:  0)
   521608      6600   3423032  0.001  0.000   17.600    3.163    0    0  (Gen:  0)
   521568      6608   3423104  0.001  0.000   17.602    3.163    0    0  (Gen:  0)
   521512      3952   3422856  0.001  0.000   17.603    3.163    0    0  (Gen:  0)
   521480      4024   3422960  0.001  0.000   17.605    3.163    0    0  (Gen:  0)
   521576      4136   3423104  0.001  0.000   17.606    3.163    0    0  (Gen:  0)
   521560      3952   3422936  0.001  0.000   17.607    3.164    0    0  (Gen:  0)
   521680      6320   3425320  0.001  0.000   17.609    3.164    0    0  (Gen:  0)
   521360      4192   3425320  0.001  0.000   17.610    3.164    0    0  (Gen:  0)
   521600      4240   3425456  0.001  0.000   17.611    3.164    0    0  (Gen:  0)
   521632      4016   3425264  0.001  0.000   17.613    3.164    0    0  (Gen:  0)
   521776      4168   3425504  0.001  0.000   17.614    3.165    0    0  (Gen:  0)
   521496      6704   3428072  0.001  0.000   17.616    3.165    0    0  (Gen:  0)
   521656      6728   3428160  0.001  0.000   17.617    3.165    0    0  (Gen:  0)
   521480      3904   3427832  0.001  0.000   17.618    3.165    0    0  (Gen:  0)
   521400      4264   3428208  0.001  0.000   17.620    3.165    0    0  (Gen:  0)
   521240      4088   3428080  0.001  0.000   17.621    3.166    0    0  (Gen:  0)
   521624      4640   3428640  0.001  0.000   17.622    3.166    0    0  (Gen:  0)
   521688      4272   3428488  0.001  0.000   17.624    3.166    0    0  (Gen:  0)
   521752      4192   3428632  0.001  0.000   17.625    3.166    0    0  (Gen:  0)
   521592      4408   3428872  0.001  0.000   17.627    3.166    0    0  (Gen:  0)
   521552      4448   3429104  0.001  0.000   17.628    3.166    0    0  (Gen:  0)
   521576      4376   3429208  0.001  0.000   17.629    3.167    0    0  (Gen:  0)
   521448      7224   3432400  0.001  0.000   17.631    3.167    0    0  (Gen:  0)
   521808      5832   3432528  0.001  0.000   17.632    3.167    0    0  (Gen:  0)
   521704      3912   3432264  0.001  0.000   17.633    3.167    0    0  (Gen:  0)
   521432      4072   3432440  0.001  0.000   17.635    3.167    0    0  (Gen:  0)
   521536      4096   3432512  0.001  0.000   17.636    3.168    0    0  (Gen:  0)
   521688      4352   3432784  0.001  0.000   17.638    3.168    0    0  (Gen:  0)
   521856      4136   3432616  0.001  0.000   17.639    3.168    0    0  (Gen:  0)
   521560      4032   3432672  0.001  0.000   17.640    3.168    0    0  (Gen:  0)
   521904      4096   3432768  0.001  0.000   17.642    3.168    0    0  (Gen:  0)
   521832      3992   3432696  0.001  0.000   17.643    3.169    0    0  (Gen:  0)
   521552      3968   3432688  0.001  0.000   17.645    3.169    0    0  (Gen:  0)
   521744      6088   3434824  0.001  0.000   17.646    3.169    0    0  (Gen:  0)
   521408      5984   3434800  0.001  0.000   17.647    3.169    0    0  (Gen:  0)
   521592      4208   3434872  0.001  0.000   17.649    3.169    0    0  (Gen:  0)
   521544      4120   3434816  0.001  0.000   17.650    3.170    0    0  (Gen:  0)
   521584      4192   3434976  0.001  0.000   17.651    3.170    0    0  (Gen:  0)
   521520      4112   3434928  0.001  0.000   17.653    3.170    0    0  (Gen:  0)
   521704      4104   3434968  0.001  0.000   17.654    3.170    0    0  (Gen:  0)
   521664      4008   3434960  0.001  0.000   17.656    3.170    0    0  (Gen:  0)
   521912      3992   3434960  0.001  0.000   17.657    3.171    0    0  (Gen:  0)
   521760      4056   3435072  0.001  0.000   17.658    3.171    0    0  (Gen:  0)
   521552      6776   3437808  0.001  0.000   17.660    3.171    0    0  (Gen:  0)
   521544      6656   3437752  0.001  0.000   17.661    3.171    0    0  (Gen:  0)
   521448      4112   3437792  0.001  0.000   17.662    3.171    0    0  (Gen:  0)
   521608      4192   3437904  0.001  0.000   17.664    3.172    0    0  (Gen:  0)
   521592      4056   3437800  0.001  0.000   17.665    3.172    0    0  (Gen:  0)
   521384      4048   3437808  0.001  0.000   17.667    3.172    0    0  (Gen:  0)
   521736      4600   3438368  0.001  0.000   17.668    3.172    0    0  (Gen:  0)
   521776      4176   3438176  0.001  0.000   17.670    3.172    0    0  (Gen:  0)
   521264      4384   3438536  0.001  0.000   17.672    3.173    0    0  (Gen:  0)
   521792      4160   3438568  0.001  0.000   17.675    3.173    0    0  (Gen:  0)
   521704      4520   3439016  0.001  0.000   17.677    3.173    0    0  (Gen:  0)
   521464      7992   3442904  0.001  0.000   17.680    3.174    0    0  (Gen:  0)
   521768      6192   3442928  0.001  0.000   17.682    3.174    0    0  (Gen:  0)
   521752      3728   3442384  0.001  0.000   17.684    3.174    0    0  (Gen:  0)
   521496      4072   3442744  0.001  0.000   17.686    3.175    0    0  (Gen:  0)
   521176      4080   3442800  0.001  0.000   17.688    3.175    0    0  (Gen:  0)
   521600      3904   3442640  0.001  0.000   17.689    3.175    0    0  (Gen:  0)
   521904      5944   3444696  0.001  0.000   17.691    3.175    0    0  (Gen:  0)
   521760      4104   3444552  0.001  0.000   17.693    3.175    0    0  (Gen:  0)
   521872      4168   3444704  0.001  0.000   17.694    3.176    0    0  (Gen:  0)
   521304      3968   3444536  0.001  0.000   17.696    3.176    0    0  (Gen:  0)
   521408      4136   3444792  0.001  0.000   17.697    3.176    0    0  (Gen:  0)
   521672      6368   3447056  0.001  0.000   17.699    3.176    0    0  (Gen:  0)
   521568      6352   3447104  0.001  0.000   17.701    3.177    0    0  (Gen:  0)
   521392      4576   3447624  0.001  0.000   17.702    3.177    0    0  (Gen:  0)
   521792      5296   3448848  0.001  0.000   17.704    3.177    0    0  (Gen:  0)
   521792      4080   3448776  0.001  0.000   17.705    3.177    0    0  (Gen:  0)
   521608      4104   3448816  0.001  0.000   17.707    3.177    0    0  (Gen:  0)
   521680      4120   3448880  0.001  0.000   17.709    3.178    0    0  (Gen:  0)
   521608      4112   3449032  0.001  0.000   17.710    3.178    0    0  (Gen:  0)
   521928      4264   3449216  0.001  0.000   17.711    3.178    0    0  (Gen:  0)
   521744      4104   3449088  0.001  0.000   17.713    3.178    0    0  (Gen:  0)
   521600      4120   3449120  0.001  0.000   17.714    3.178    0    0  (Gen:  0)
   521536      6256   3451272  0.001  0.000   17.715    3.179    0    0  (Gen:  0)
   521792      6104   3451200  0.001  0.000   17.717    3.179    0    0  (Gen:  0)
   521720      4224   3451376  0.001  0.000   17.718    3.179    0    0  (Gen:  0)
   521544      4136   3451320  0.001  0.000   17.720    3.179    0    0  (Gen:  0)
   521480      4112   3451384  0.001  0.000   17.721    3.179    0    0  (Gen:  0)
   521800      6048   3453352  0.001  0.000   17.722    3.180    0    0  (Gen:  0)
   521208      4280   3453400  0.001  0.000   17.724    3.180    0    0  (Gen:  0)
   521552      3952   3453160  0.001  0.000   17.725    3.180    0    0  (Gen:  0)
   521504      4296   3453520  0.001  0.000   17.727    3.180    0    0  (Gen:  0)
   521784      4136   3453408  0.001  0.000   17.728    3.180    0    0  (Gen:  0)
   521792      6640   3455928  0.001  0.000   17.729    3.181    0    0  (Gen:  0)
   521544      6520   3455872  0.001  0.000   17.731    3.181    0    0  (Gen:  0)
   521480      4048   3455816  0.001  0.000   17.732    3.181    0    0  (Gen:  0)
   521544      4264   3456064  0.001  0.000   17.733    3.181    0    0  (Gen:  0)
   521696      4128   3455960  0.001  0.000   17.735    3.181    0    0  (Gen:  0)
   521448      4104   3455952  0.001  0.000   17.736    3.182    0    0  (Gen:  0)
   521672      4512   3456368  0.001  0.000   17.738    3.182    0    0  (Gen:  0)
   521824      4280   3456368  0.001  0.000   17.739    3.182    0    0  (Gen:  0)
   521248      4608   3456840  0.001  0.000   17.740    3.182    0    0  (Gen:  0)
   521752      4296   3456728  0.001  0.000   17.742    3.182    0    0  (Gen:  0)
   521760      4392   3456968  0.001  0.000   17.743    3.182    0    0  (Gen:  0)
   521304      7808   3460744  0.001  0.000   17.744    3.183    0    0  (Gen:  0)
   521784      6192   3460632  0.001  0.000   17.746    3.183    0    0  (Gen:  0)
   521752      4080   3460776  0.001  0.000   17.747    3.183    0    0  (Gen:  0)
   521488      4008   3460736  0.001  0.000   17.749    3.183    0    0  (Gen:  0)
   521584      4024   3460784  0.001  0.000   17.750    3.183    0    0  (Gen:  0)
   521528      4024   3460800  0.001  0.000   17.751    3.184    0    0  (Gen:  0)
   521664      6256   3463048  0.001  0.000   17.753    3.184    0    0  (Gen:  0)
   521440      3832   3462616  0.001  0.000   17.754    3.184    0    0  (Gen:  0)
   521688      4208   3463080  0.001  0.000   17.755    3.184    0    0  (Gen:  0)
   521872      3968   3462872  0.001  0.000   17.757    3.184    0    0  (Gen:  0)
   521688      4120   3463112  0.001  0.000   17.758    3.185    0    0  (Gen:  0)
   521496      6408   3465432  0.001  0.000   17.760    3.185    0    0  (Gen:  0)
   521488      6496   3465584  0.001  0.000   17.761    3.185    0    0  (Gen:  0)
   521672      4048   3465472  0.001  0.000   17.762    3.185    0    0  (Gen:  0)
   521480      4128   3465568  0.001  0.000   17.764    3.185    0    0  (Gen:  0)
   521536      4152   3465640  0.001  0.000   17.765    3.186    0    0  (Gen:  0)
   521576      6336   3467840  0.001  0.000   17.766    3.186    0    0  (Gen:  0)
   521664      3976   3467592  0.001  0.000   17.768    3.186    0    0  (Gen:  0)
   521440      4080   3467856  0.001  0.000   17.769    3.186    0    0  (Gen:  0)
   521400      4152   3467960  0.001  0.000   17.771    3.186    0    0  (Gen:  0)
   521912      4048   3467888  0.001  0.000   17.772    3.187    0    0  (Gen:  0)
   521632      4048   3467904  0.001  0.000   17.773    3.187    0    0  (Gen:  0)
   521464      6704   3470576  0.001  0.000   17.775    3.187    0    0  (Gen:  0)
   521768      6616   3470568  0.001  0.000   17.776    3.187    0    0  (Gen:  0)
   521216      4320   3470768  0.001  0.000   17.777    3.187    0    0  (Gen:  0)
   521376      4144   3470624  0.001  0.000   17.779    3.188    0    0  (Gen:  0)
   521352      3992   3470560  0.001  0.000   17.780    3.188    0    0  (Gen:  0)
   521704      4528   3471120  0.001  0.000   17.782    3.188    0    0  (Gen:  0)
   521768      4312   3471120  0.001  0.000   17.783    3.188    0    0  (Gen:  0)
   521784      4048   3471008  0.001  0.000   17.785    3.188    0    0  (Gen:  0)
   521456      4376   3471352  0.001  0.000   17.787    3.189    0    0  (Gen:  0)
   521528      4304   3471552  0.001  0.000   17.790    3.189    0    0  (Gen:  0)
   521560      7952   3475440  0.001  0.000   17.792    3.189    0    0  (Gen:  0)
   521568      5440   3474752  0.001  0.000   17.794    3.190    0    0  (Gen:  0)
   521792      3968   3475008  0.001  0.000   17.796    3.190    0    0  (Gen:  0)
   521568      4136   3475208  0.001  0.000   17.799    3.190    0    0  (Gen:  0)
   521576      3936   3475040  0.001  0.000   17.801    3.191    0    0  (Gen:  0)
   521584      3936   3475128  0.001  0.000   17.803    3.191    0    0  (Gen:  0)
   521736      4296   3475520  0.001  0.000   17.804    3.191    0    0  (Gen:  0)
   521664      4096   3475368  0.001  0.000   17.806    3.191    0    0  (Gen:  0)
   521792      3936   3475296  0.001  0.000   17.808    3.191    0    0  (Gen:  0)
   521808      4184   3475560  0.001  0.000   17.809    3.192    0    0  (Gen:  0)
   521784      4104   3475528  0.001  0.000   17.811    3.192    0    0  (Gen:  0)
   521632      6016   3477456  0.001  0.000   17.812    3.192    0    0  (Gen:  0)
   521688      5928   3477432  0.001  0.000   17.814    3.192    0    0  (Gen:  0)
   521368      4008   3477432  0.001  0.000   17.815    3.193    0    0  (Gen:  0)
   521440      4048   3477504  0.001  0.000   17.817    3.193    0    0  (Gen:  0)
   521704      4232   3477720  0.001  0.000   17.819    3.193    0    0  (Gen:  0)
   521544      4008   3477512  0.001  0.000   17.820    3.193    0    0  (Gen:  0)
   521640      4328   3477848  0.001  0.000   17.822    3.193    0    0  (Gen:  0)
   521616      4192   3477776  0.001  0.000   17.823    3.194    0    0  (Gen:  0)
   521952      4280   3477952  0.001  0.000   17.825    3.194    0    0  (Gen:  0)
   521568      4016   3477720  0.001  0.000   17.826    3.194    0    0  (Gen:  0)
   521864      4136   3477928  0.001  0.000   17.828    3.194    0    0  (Gen:  0)
   521472      6624   3480448  0.001  0.000   17.829    3.194    0    0  (Gen:  0)
   521568      6656   3480544  0.001  0.000   17.831    3.195    0    0  (Gen:  0)
   521528      4104   3480504  0.001  0.000   17.832    3.195    0    0  (Gen:  0)
   521600      4168   3480584  0.001  0.000   17.833    3.195    0    0  (Gen:  0)
   521360      4120   3480584  0.001  0.000   17.835    3.195    0    0  (Gen:  0)
   521736      4408   3480880  0.001  0.000   17.836    3.195    0    0  (Gen:  0)
   521616      4168   3480856  0.001  0.000   17.837    3.196    0    0  (Gen:  0)
   521600      4136   3481048  0.001  0.000   17.839    3.196    0    0  (Gen:  0)
   521368      4392   3481328  0.001  0.000   17.840    3.196    0    0  (Gen:  0)
   521800      4344   3481472  0.001  0.000   17.842    3.196    0    0  (Gen:  0)
   521632      4432   3481744  0.001  0.000   17.844    3.196    0    0  (Gen:  0)
   521520      7680   3485392  0.001  0.000   17.846    3.197    0    0  (Gen:  0)
   521736      6056   3485448  0.001  0.000   17.848    3.197    0    0  (Gen:  0)
   521736      4352   3485664  0.001  0.000   17.850    3.197    0    0  (Gen:  0)
   521376      4248   3485592  0.001  0.000   17.853    3.198    0    0  (Gen:  0)
   521336      4152   3485584  0.001  0.000   17.855    3.198    0    0  (Gen:  0)
   521816      5864   3487328  0.001  0.000   17.857    3.198    0    0  (Gen:  0)
   521816      3984   3487128  0.001  0.000   17.860    3.199    0    0  (Gen:  0)
   521672      4080   3487384  0.001  0.000   17.861    3.199    0    0  (Gen:  0)
   521808      4008   3487344  0.001  0.000   17.863    3.199    0    0  (Gen:  0)
   521184      4024   3487392  0.001  0.000   17.864    3.199    0    0  (Gen:  0)
   521400      3992   3487376  0.001  0.000   17.866    3.199    0    0  (Gen:  0)
   521896      6448   3489848  0.001  0.000   17.867    3.200    0    0  (Gen:  0)
   521376      6328   3489808  0.001  0.000   17.869    3.200    0    0  (Gen:  0)
   521648      5640   3491424  0.001  0.000   17.870    3.200    0    0  (Gen:  0)
   521648      4032   3491424  0.001  0.000   17.872    3.200    0    0  (Gen:  0)
   521856      3776   3491256  0.001  0.000   17.873    3.200    0    0  (Gen:  0)
   521584      4296   3491808  0.001  0.000   17.875    3.201    0    0  (Gen:  0)
   521640      4064   3491624  0.001  0.000   17.876    3.201    0    0  (Gen:  0)
   521760      3960   3491608  0.001  0.000   17.878    3.201    0    0  (Gen:  0)
   521848      4200   3491864  0.001  0.000   17.880    3.201    0    0  (Gen:  0)
   521792      4080   3491792  0.001  0.000   17.881    3.201    0    0  (Gen:  0)
   521480      6368   3494096  0.001  0.000   17.882    3.202    0    0  (Gen:  0)
   521744      6160   3493952  0.001  0.000   17.883    3.202    0    0  (Gen:  0)
   521680      4152   3494072  0.001  0.000   17.885    3.202    0    0  (Gen:  0)
   521464      4280   3494232  0.001  0.000   17.886    3.202    0    0  (Gen:  0)
   521560      4200   3494184  0.001  0.000   17.888    3.202    0    0  (Gen:  0)
   521680      3896   3493896  0.001  0.000   17.889    3.203    0    0  (Gen:  0)
   521648      6024   3496040  0.001  0.000   17.890    3.203    0    0  (Gen:  0)
   521288      4120   3495968  0.001  0.000   17.892    3.203    0    0  (Gen:  0)
   521584      4240   3496176  0.001  0.000   17.893    3.203    0    0  (Gen:  0)
   521576      4064   3496032  0.001  0.000   17.895    3.203    0    0  (Gen:  0)
   521792      4008   3496064  0.001  0.000   17.896    3.204    0    0  (Gen:  0)
   521704      6568   3498656  0.001  0.000   17.897    3.204    0    0  (Gen:  0)
   521576      6504   3498656  0.001  0.000   17.899    3.204    0    0  (Gen:  0)
   521528      4120   3498616  0.001  0.000   17.900    3.204    0    0  (Gen:  0)
   521576      4112   3498624  0.001  0.000   17.902    3.204    0    0  (Gen:  0)
   521568      4080   3498640  0.001  0.000   17.903    3.205    0    0  (Gen:  0)
   521672      4696   3499264  0.001  0.000   17.905    3.205    0    0  (Gen:  0)
   521600      4160   3498944  0.001  0.000   17.906    3.205    0    0  (Gen:  0)
   521632      4176   3499184  0.001  0.000   17.907    3.205    0    0  (Gen:  0)
   521320      4480   3499512  0.001  0.000   17.909    3.205    0    0  (Gen:  0)
   521800      4408   3499632  0.001  0.000   17.910    3.206    0    0  (Gen:  0)
   521624      4336   3499736  0.001  0.000   17.912    3.206    0    0  (Gen:  0)
   521432      7712   3503456  0.001  0.000   17.913    3.206    0    0  (Gen:  0)
   521720      6120   3503224  0.001  0.000   17.914    3.206    0    0  (Gen:  0)
   521752      3896   3503184  0.001  0.000   17.916    3.206    0    0  (Gen:  0)
   521560      4024   3503328  0.001  0.000   17.917    3.207    0    0  (Gen:  0)
   521368      3968   3503320  0.001  0.000   17.919    3.207    0    0  (Gen:  0)
   521712      6048   3505416  0.001  0.000   17.921    3.207    0    0  (Gen:  0)
   521640      4096   3505440  0.001  0.000   17.922    3.207    0    0  (Gen:  0)
   521528      4000   3505504  0.001  0.000   17.923    3.207    0    0  (Gen:  0)
   521736      4184   3505720  0.001  0.000   17.925    3.208    0    0  (Gen:  0)
   521744      4048   3505616  0.001  0.000   17.926    3.208    0    0  (Gen:  0)
   521720      4080   3505664  0.001  0.000   17.928    3.208    0    0  (Gen:  0)
   521576      6360   3507960  0.001  0.000   17.929    3.208    0    0  (Gen:  0)
   521424      6416   3508096  0.001  0.000   17.930    3.209    0    0  (Gen:  0)
   521608      4192   3508208  0.001  0.000   17.932    3.209    0    0  (Gen:  0)
   521496      4104   3508152  0.001  0.000   17.933    3.209    0    0  (Gen:  0)
   521592      4192   3508328  0.001  0.000   17.935    3.209    0    0  (Gen:  0)
   521520      6336   3510504  0.001  0.000   17.936    3.209    0    0  (Gen:  0)
   521560      4152   3510432  0.001  0.000   17.938    3.210    0    0  (Gen:  0)
   521480      4104   3510472  0.001  0.000   17.939    3.210    0    0  (Gen:  0)
   521576      4224   3510608  0.000  0.000   17.940    3.210    0    0  (Gen:  0)
   521760      4032   3510464  0.000  0.000   17.940    3.210    0    0  (Gen:  0)
   521568      6680   3513128  0.000  0.000   17.941    3.210    0    0  (Gen:  0)
   521640      6600   3513112  0.000  0.000   17.941    3.210    0    0  (Gen:  0)
   521552      4120   3513200  0.000  0.000   17.942    3.211    0    0  (Gen:  0)
   521416      4168   3513280  0.000  0.000   17.942    3.211    0    0  (Gen:  0)
   521208      4160   3513304  0.000  0.000   17.943    3.211    0    0  (Gen:  0)
   521576      4080   3513240  0.000  0.000   17.944    3.211    0    0  (Gen:  0)
   521680      4568   3513744  0.000  0.000   17.944    3.211    0    0  (Gen:  0)
   521664      4264   3513728  0.000  0.000   17.945    3.211    0    0  (Gen:  0)
   521792      4448   3513992  0.000  0.000   17.945    3.211    0    0  (Gen:  0)
   521504      4056   3513800  0.000  0.000   17.946    3.211    0    0  (Gen:  0)
   521488      4464   3514360  0.000  0.000   17.946    3.212    0    0  (Gen:  0)
   521464      7480   3517792  0.000  0.000   17.947    3.212    0    0  (Gen:  0)
   521736      5848   3517824  0.000  0.000   17.947    3.212    0    0  (Gen:  0)
   521792      4088   3517720  0.000  0.000   17.948    3.212    0    0  (Gen:  0)
   521424      4352   3518000  0.000  0.000   17.949    3.212    0    0  (Gen:  0)
   521488      4248   3517944  0.000  0.000   17.949    3.212    0    0  (Gen:  0)
   521680      4320   3518032  0.000  0.000   17.950    3.212    0    0  (Gen:  0)
   521880      4072   3517832  0.000  0.000   17.950    3.212    0    0  (Gen:  0)
   521608      3968   3517888  0.000  0.000   17.951    3.213    0    0  (Gen:  0)
   521896      4152   3518104  0.000  0.000   17.951    3.213    0    0  (Gen:  0)
   521728      3968   3517952  0.000  0.000   17.952    3.213    0    0  (Gen:  0)
   521792      4064   3518136  0.000  0.000   17.952    3.213    0    0  (Gen:  0)
   521592      5872   3519976  0.000  0.000   17.953    3.213    0    0  (Gen:  0)
   521544      6008   3520176  0.000  0.000   17.953    3.213    0    0  (Gen:  0)
   521528      3992   3520008  0.000  0.000   17.954    3.213    0    0  (Gen:  0)
   521472      3976   3520008  0.000  0.000   17.955    3.213    0    0  (Gen:  0)
   521552      3920   3520000  0.000  0.000   17.955    3.214    0    0  (Gen:  0)
   521592      4296   3520392  0.000  0.000   17.956    3.214    0    0  (Gen:  0)
   521712      4112   3520256  0.000  0.000   17.956    3.214    0    0  (Gen:  0)
   521568      4152   3520456  0.000  0.000   17.957    3.214    0    0  (Gen:  0)
   521920      4224   3520560  0.000  0.000   17.957    3.214    0    0  (Gen:  0)
   521784      3928   3520296  0.000  0.000   17.958    3.214    0    0  (Gen:  0)
   521640      4040   3520424  0.000  0.000   17.958    3.214    0    0  (Gen:  0)
   521536      6808   3523208  0.000  0.000   17.959    3.214    0    0  (Gen:  0)
   521368      6568   3523048  0.000  0.000   17.959    3.214    0    0  (Gen:  0)
   521640      4184   3523176  0.000  0.000   17.960    3.215    0    0  (Gen:  0)
   521664      3904   3522928  0.000  0.000   17.960    3.215    0    0  (Gen:  0)
   521440      4080   3523192  0.000  0.000   17.961    3.215    0    0  (Gen:  0)
   521592      4504   3523648  0.000  0.000   17.961    3.215    0    0  (Gen:  0)
   521752      4248   3523664  0.000  0.000   17.962    3.215    0    0  (Gen:  0)
   521392      3800   3523304  0.000  0.000   17.963    3.215    0    0  (Gen:  0)
   521632      4464   3523984  0.000  0.000   17.963    3.215    0    0  (Gen:  0)
   521720      4328   3524120  0.000  0.000   17.964    3.215    0    0  (Gen:  0)
   521464      7976   3528008  0.000  0.000   17.964    3.216    0    0  (Gen:  0)
   521752      6008   3528024  0.000  0.000   17.965    3.216    0    0  (Gen:  0)
   521760      4208   3528216  0.000  0.000   17.965    3.216    0    0  (Gen:  0)
   521608      4128   3528168  0.000  0.000   17.966    3.216    0    0  (Gen:  0)
   521240      4216   3528288  0.000  0.000   17.966    3.216    0    0  (Gen:  0)
   521496      4064   3528152  0.000  0.000   17.967    3.216    0    0  (Gen:  0)
   521856      5944   3530048  0.001  0.000   17.968    3.216    0    0  (Gen:  0)
   521768      4232   3530032  0.000  0.000   17.969    3.216    0    0  (Gen:  0)
   521760      4280   3530168  0.000  0.000   17.969    3.217    0    0  (Gen:  0)
   521568      4192   3530112  0.000  0.000   17.970    3.217    0    0  (Gen:  0)
   521312      4192   3530200  0.001  0.000   17.971    3.217    0    0  (Gen:  0)
   521600      6464   3532504  0.001  0.000   17.972    3.217    0    0  (Gen:  0)
   521560      6352   3532456  0.001  0.000   17.974    3.217    0    0  (Gen:  0)
   521400      4480   3532976  0.000  0.000   17.975    3.217    0    0  (Gen:  0)
   521824      5536   3534448  0.000  0.000   17.975    3.218    0    0  (Gen:  0)
   521784      3976   3534336  0.000  0.000   17.976    3.218    0    0  (Gen:  0)
   521728      3936   3534312  0.002  0.000   17.978    3.218    0    0  (Gen:  0)
   521592      4296   3534688  0.000  0.000   17.979    3.218    0    0  (Gen:  0)
   521584      4136   3534592  0.000  0.000   17.979    3.218    0    0  (Gen:  0)
   521928      4064   3534608  0.000  0.000   17.980    3.218    0    0  (Gen:  0)
   521648      4032   3534608  0.000  0.000   17.980    3.218    0    0  (Gen:  0)
   521856      3776   3534440  0.000  0.000   17.981    3.219    0    0  (Gen:  0)
   521432      6144   3536840  0.000  0.000   17.981    3.219    0    0  (Gen:  0)
   521832      6144   3536904  0.000  0.000   17.982    3.219    0    0  (Gen:  0)
   521528      4048   3536864  0.000  0.000   17.983    3.219    0    0  (Gen:  0)
   521664      4072   3536904  0.000  0.000   17.983    3.219    0    0  (Gen:  0)
   521480      4096   3536976  0.000  0.000   17.984    3.219    0    0  (Gen:  0)
   521760      6120   3539016  0.000  0.000   17.984    3.219    0    0  (Gen:  0)
   521320      4264   3538976  0.000  0.000   17.985    3.219    0    0  (Gen:  0)
   521424      4248   3539120  0.000  0.000   17.985    3.220    0    0  (Gen:  0)
   521560      3872   3538776  0.000  0.000   17.986    3.220    0    0  (Gen:  0)
   521832      4024   3538960  0.000  0.000   17.986    3.220    0    0  (Gen:  0)
   521728      3896   3538848  0.000  0.000   17.987    3.220    0    0  (Gen:  0)
   521520      6584   3541552  0.000  0.000   17.987    3.220    0    0  (Gen:  0)
   521640      6520   3541568  0.000  0.000   17.988    3.220    0    0  (Gen:  0)
   521584      4240   3541632  0.000  0.000   17.989    3.220    0    0  (Gen:  0)
   521552      4024   3541448  0.000  0.000   17.989    3.220    0    0  (Gen:  0)
   521552      4136   3541648  0.000  0.000   17.990    3.220    0    0  (Gen:  0)
   521664      4520   3542064  0.000  0.000   17.990    3.221    0    0  (Gen:  0)
   521616      4264   3542080  0.000  0.000   17.991    3.221    0    0  (Gen:  0)
   521416      4072   3541976  0.000  0.000   17.991    3.221    0    0  (Gen:  0)
   521632      4440   3542360  0.000  0.000   17.992    3.221    0    0  (Gen:  0)
   521744      4320   3542512  0.000  0.000   17.992    3.221    0    0  (Gen:  0)
   521480      8024   3546456  0.000  0.000   17.993    3.221    0    0  (Gen:  0)
   521584      6344   3546440  0.000  0.000   17.993    3.221    0    0  (Gen:  0)
   521760      4248   3546600  0.000  0.000   17.994    3.221    0    0  (Gen:  0)
   521568      4088   3546472  0.000  0.000   17.994    3.222    0    0  (Gen:  0)
   521688      4288   3546704  0.000  0.000   17.995    3.222    0    0  (Gen:  0)
   521376      4104   3546536  0.000  0.000   17.995    3.222    0    0  (Gen:  0)
   521616      6112   3548560  0.000  0.000   17.996    3.222    0    0  (Gen:  0)
   521512      4048   3548488  0.000  0.000   17.997    3.222    0    0  (Gen:  0)
   521744      3832   3548360  0.000  0.000   17.997    3.222    0    0  (Gen:  0)
   521760      4184   3548728  0.000  0.000   17.998    3.222    0    0  (Gen:  0)
   521744      4008   3548600  0.000  0.000   17.998    3.222    0    0  (Gen:  0)
   521544      6472   3551080  0.000  0.000   17.999    3.223    0    0  (Gen:  0)
   521640      6352   3551024  0.000  0.000   17.999    3.223    0    0  (Gen:  0)
   521536      4152   3551232  0.000  0.000   18.000    3.223    0    0  (Gen:  0)
   521352      4208   3551320  0.000  0.000   18.000    3.223    0    0  (Gen:  0)
   521608      3928   3551072  0.000  0.000   18.001    3.223    0    0  (Gen:  0)
   521624      3952   3551112  0.000  0.000   18.001    3.223    0    0  (Gen:  0)
   521592      6232   3553408  0.000  0.000   18.002    3.223    0    0  (Gen:  0)
   521392      3992   3553296  0.000  0.000   18.003    3.223    0    0  (Gen:  0)
   521568      4232   3553624  0.000  0.000   18.003    3.223    0    0  (Gen:  0)
   521784      4064   3553488  0.000  0.000   18.004    3.224    0    0  (Gen:  0)
   521696      4120   3553632  0.000  0.000   18.004    3.224    0    0  (Gen:  0)
   521416      6776   3556320  0.001  0.000   18.006    3.224    0    0  (Gen:  0)
   521744      6608   3556216  0.000  0.000   18.006    3.224    0    0  (Gen:  0)
   521392      3936   3556040  0.000  0.000   18.007    3.224    0    0  (Gen:  0)
   521416      4144   3556264  0.000  0.000   18.007    3.224    0    0  (Gen:  0)
   521232      4048   3556216  0.000  0.000   18.008    3.224    0    0  (Gen:  0)
   521720      4448   3556632  0.000  0.000   18.009    3.225    0    0  (Gen:  0)
   521648      4176   3556632  0.000  0.000   18.009    3.225    0    0  (Gen:  0)
   521776      3984   3556600  0.000  0.000   18.010    3.225    0    0  (Gen:  0)
   521592      4360   3557008  0.000  0.000   18.010    3.225    0    0  (Gen:  0)
   521592      4312   3557216  0.000  0.000   18.011    3.225    0    0  (Gen:  0)
   521552      4408   3557552  0.000  0.000   18.011    3.225    0    0  (Gen:  0)
   521432      7336   3560880  0.000  0.000   18.012    3.225    0    0  (Gen:  0)
   521696      5664   3560728  0.000  0.000   18.012    3.225    0    0  (Gen:  0)
   521824      4304   3561024  0.000  0.000   18.013    3.225    0    0  (Gen:  0)
   521320      4160   3560912  0.000  0.000   18.013    3.226    0    0  (Gen:  0)
   521680      4040   3560880  0.000  0.000   18.014    3.226    0    0  (Gen:  0)
   521728      4328   3561200  0.000  0.000   18.014    3.226    0    0  (Gen:  0)
   521792      4360   3561280  0.000  0.000   18.015    3.226    0    0  (Gen:  0)
   521616      4048   3561056  0.000  0.000   18.015    3.226    0    0  (Gen:  0)
   521864      4320   3561344  0.000  0.000   18.016    3.226    0    0  (Gen:  0)
   521720      4216   3561288  0.000  0.000   18.016    3.226    0    0  (Gen:  0)
   521640      3648   3560728  0.000  0.000   18.017    3.226    0    0  (Gen:  0)
   521736      5928   3563016  0.000  0.000   18.018    3.227    0    0  (Gen:  0)
   521384      5896   3563048  0.000  0.000   18.018    3.227    0    0  (Gen:  0)
   521616      4168   3563168  0.000  0.000   18.019    3.227    0    0  (Gen:  0)
   521544      4080   3563112  0.000  0.000   18.019    3.227    0    0  (Gen:  0)
   521528      4056   3563176  0.000  0.000   18.020    3.227    0    0  (Gen:  0)
   521616      4312   3563464  0.000  0.000   18.020    3.227    0    0  (Gen:  0)
   521576      4176   3563376  0.000  0.000   18.021    3.227    0    0  (Gen:  0)
   521824      4136   3563424  0.000  0.000   18.021    3.227    0    0  (Gen:  0)
   521808      4112   3563416  0.000  0.000   18.022    3.227    0    0  (Gen:  0)
   521792      4120   3563472  0.000  0.000   18.022    3.228    0    0  (Gen:  0)
   521544      6848   3566216  0.000  0.000   18.023    3.228    0    0  (Gen:  0)
   521544      6576   3566008  0.000  0.000   18.023    3.228    0    0  (Gen:  0)
   521504      4152   3566168  0.000  0.000   18.024    3.228    0    0  (Gen:  0)
   521528      4184   3566232  0.000  0.000   18.025    3.228    0    0  (Gen:  0)
   521560      4080   3566160  0.000  0.000   18.025    3.228    0    0  (Gen:  0)
   521480      4104   3566200  0.000  0.000   18.026    3.228    0    0  (Gen:  0)
   521712      4424   3566528  0.000  0.000   18.026    3.228    0    0  (Gen:  0)
   521744      4144   3566480  0.000  0.000   18.027    3.229    0    0  (Gen:  0)
   521304      4432   3566920  0.000  0.000   18.027    3.229    0    0  (Gen:  0)
   521728      4064   3566808  0.000  0.000   18.028    3.229    0    0  (Gen:  0)
   521704      4456   3567280  0.000  0.000   18.028    3.229    0    0  (Gen:  0)
   521536      7936   3571120  0.000  0.000   18.029    3.229    0    0  (Gen:  0)
   521776      5976   3570984  0.000  0.000   18.029    3.229    0    0  (Gen:  0)
   521704      4064   3570992  0.000  0.000   18.030    3.229    0    0  (Gen:  0)
   521424      4224   3571168  0.000  0.000   18.030    3.229    0    0  (Gen:  0)
   521296      4216   3571208  0.000  0.000   18.031    3.229    0    0  (Gen:  0)
   521584      5984   3572992  0.000  0.000   18.032    3.230    0    0  (Gen:  0)
   521896      4176   3572864  0.000  0.000   18.032    3.230    0    0  (Gen:  0)
   521728      4136   3572984  0.000  0.000   18.033    3.230    0    0  (Gen:  0)
   521880      4248   3573128  0.000  0.000   18.033    3.230    0    0  (Gen:  0)
   521256      4216   3573128  0.000  0.000   18.034    3.230    0    0  (Gen:  0)
   521392      4048   3572976  0.000  0.000   18.034    3.230    0    0  (Gen:  0)
   521752      6600   3575544  0.000  0.000   18.035    3.230    0    0  (Gen:  0)
   521528      6320   3575344  0.000  0.000   18.035    3.230    0    0  (Gen:  0)
   521440      5504   3576832  0.000  0.000   18.036    3.231    0    0  (Gen:  0)
   521760      4168   3577088  0.000  0.000   18.037    3.231    0    0  (Gen:  0)
   521792      3992   3576960  0.000  0.000   18.037    3.231    0    0  (Gen:  0)
   521616      4184   3577168  0.000  0.000   18.038    3.231    0    0  (Gen:  0)
   521712      4064   3577096  0.000  0.000   18.038    3.231    0    0  (Gen:  0)
   521672      4056   3577248  0.000  0.000   18.039    3.231    0    0  (Gen:  0)
   521848      4120   3577344  0.000  0.000   18.039    3.231    0    0  (Gen:  0)
   521784      3976   3577232  0.000  0.000   18.040    3.231    0    0  (Gen:  0)
   521576      3896   3577168  0.000  0.000   18.040    3.231    0    0  (Gen:  0)
   521576      6240   3579528  0.000  0.000   18.041    3.232    0    0  (Gen:  0)
   521720      6104   3579472  0.000  0.000   18.041    3.232    0    0  (Gen:  0)
   521664      4136   3579560  0.000  0.000   18.042    3.232    0    0  (Gen:  0)
   521592      4048   3579504  0.000  0.000   18.042    3.232    0    0  (Gen:  0)
   521536      4112   3579656  0.000  0.000   18.043    3.232    0    0  (Gen:  0)
   521776      6040   3581616  0.000  0.000   18.044    3.232    0    0  (Gen:  0)
   521224      4144   3581536  0.000  0.000   18.044    3.232    0    0  (Gen:  0)
   521496      4048   3581528  0.000  0.000   18.045    3.232    0    0  (Gen:  0)
   521544      4200   3581696  0.000  0.000   18.045    3.233    0    0  (Gen:  0)
   521832      4120   3581664  0.000  0.000   18.046    3.233    0    0  (Gen:  0)
   521704      6792   3584352  0.000  0.000   18.046    3.233    0    0  (Gen:  0)
   521552      6112   3583736  0.000  0.000   18.047    3.233    0    0  (Gen:  0)
   521592      4040   3584080  0.000  0.000   18.047    3.233    0    0  (Gen:  0)
   521552      4136   3584208  0.000  0.000   18.048    3.233    0    0  (Gen:  0)
   521592      4024   3584128  0.000  0.000   18.048    3.233    0    0  (Gen:  0)
   521512      3984   3584104  0.000  0.000   18.049    3.233    0    0  (Gen:  0)
   521600      4480   3584616  0.000  0.000   18.049    3.233    0    0  (Gen:  0)
   521816      4152   3584576  0.000  0.000   18.050    3.234    0    0  (Gen:  0)
   521280      4328   3584840  0.000  0.000   18.050    3.234    0    0  (Gen:  0)
   521784      4104   3584872  0.000  0.000   18.051    3.234    0    0  (Gen:  0)
   521640      4432   3585280  0.000  0.000   18.052    3.234    0    0  (Gen:  0)
   521384      7808   3589016  0.000  0.000   18.052    3.234    0    0  (Gen:  0)
   521816      6328   3589040  0.000  0.000   18.053    3.234    0    0  (Gen:  0)
   521712      3968   3588864  0.000  0.000   18.053    3.234    0    0  (Gen:  0)
   521600      4152   3589064  0.000  0.000   18.054    3.234    0    0  (Gen:  0)
   521448      4176   3589136  0.001  0.000   18.055    3.235    0    0  (Gen:  0)
   521552      6208   3591184  0.000  0.000   18.056    3.235    0    0  (Gen:  0)
   521664      4216   3591168  0.000  0.000   18.056    3.235    0    0  (Gen:  0)
   521424      4192   3591304  0.000  0.000   18.057    3.235    0    0  (Gen:  0)
   521768      4264   3591408  0.000  0.000   18.058    3.235    0    0  (Gen:  0)
   521824      4256   3591432  0.000  0.000   18.058    3.235    0    0  (Gen:  0)
   521680      3912   3591104  0.000  0.000   18.059    3.235    0    0  (Gen:  0)
   521464      6520   3593728  0.000  0.000   18.059    3.235    0    0  (Gen:  0)
   521520      6352   3593640  0.000  0.000   18.060    3.236    0    0  (Gen:  0)
   521728      3904   3593528  0.000  0.000   18.060    3.236    0    0  (Gen:  0)
   521400      4040   3593680  0.000  0.000   18.061    3.236    0    0  (Gen:  0)
   521536      4120   3593808  0.000  0.000   18.061    3.236    0    0  (Gen:  0)
   521608      6360   3596064  0.000  0.000   18.062    3.236    0    0  (Gen:  0)
   521648      4248   3596064  0.000  0.000   18.062    3.236    0    0  (Gen:  0)
   521360      3816   3595792  0.000  0.000   18.063    3.236    0    0  (Gen:  0)
   521592      4128   3596136  0.000  0.000   18.064    3.236    0    0  (Gen:  0)
   521800      4048   3596088  0.000  0.000   18.064    3.237    0    0  (Gen:  0)
   521672      4104   3596160  0.000  0.000   18.065    3.237    0    0  (Gen:  0)
   521472      6624   3598696  0.000  0.000   18.065    3.237    0    0  (Gen:  0)
   521752      6504   3598656  0.000  0.000   18.066    3.237    0    0  (Gen:  0)
   521208      4264   3598912  0.000  0.000   18.066    3.237    0    0  (Gen:  0)
   521320      4024   3598704  0.000  0.000   18.067    3.237    0    0  (Gen:  0)
   521408      4192   3598960  0.000  0.000   18.067    3.237    0    0  (Gen:  0)
   521680      4432   3599232  0.000  0.000   18.068    3.237    0    0  (Gen:  0)
   521792      4120   3599192  0.000  0.000   18.068    3.237    0    0  (Gen:  0)
   521720      3976   3599136  0.000  0.000   18.069    3.238    0    0  (Gen:  0)
   521496      4384   3599552  0.000  0.000   18.069    3.238    0    0  (Gen:  0)
   521536      4216   3599600  0.000  0.000   18.070    3.238    0    0  (Gen:  0)
   521560      7552   3603176  0.000  0.000   18.071    3.238    0    0  (Gen:  0)
   521552      5744   3603192  0.000  0.000   18.071    3.238    0    0  (Gen:  0)
   521728      4208   3603384  0.000  0.000   18.072    3.238    0    0  (Gen:  0)
   521560      4232   3603440  0.000  0.000   18.072    3.238    0    0  (Gen:  0)
   521616      4104   3603344  0.000  0.000   18.073    3.238    0    0  (Gen:  0)
   521592      4032   3603288  0.000  0.000   18.073    3.239    0    0  (Gen:  0)
   521736      4216   3603488  0.000  0.000   18.074    3.239    0    0  (Gen:  0)
   521720      4168   3603504  0.000  0.000   18.074    3.239    0    0  (Gen:  0)
   521832      4248   3603672  0.000  0.000   18.075    3.239    0    0  (Gen:  0)
   521776      4288   3603744  0.000  0.000   18.075    3.239    0    0  (Gen:  0)
   521728      4192   3603736  0.000  0.000   18.076    3.239    0    0  (Gen:  0)
   521672      6144   3605720  0.000  0.000   18.076    3.239    0    0  (Gen:  0)
   521688      5656   3605296  0.000  0.000   18.077    3.239    0    0  (Gen:  0)
   521352      3848   3605336  0.000  0.000   18.077    3.239    0    0  (Gen:  0)
   521464      4112   3605616  0.000  0.000   18.078    3.240    0    0  (Gen:  0)
   521688      4064   3605616  0.000  0.000   18.078    3.240    0    0  (Gen:  0)
   521568      3920   3605488  0.001  0.000   18.079    3.240    0    0  (Gen:  0)
   521576      4312   3605896  0.000  0.000   18.080    3.240    0    0  (Gen:  0)
   521656      3984   3605632  0.000  0.000   18.080    3.240    0    0  (Gen:  0)
   521864      4208   3605944  0.001  0.000   18.082    3.240    0    0  (Gen:  0)
   521672      4064   3605832  0.001  0.000   18.083    3.240    0    0  (Gen:  0)
   521856      4120   3605976  0.001  0.000   18.084    3.241    0    0  (Gen:  0)
   521392      6536   3608424  0.001  0.000   18.085    3.241    0    0  (Gen:  0)
   521584      6520   3608472  0.001  0.000   18.086    3.241    0    0  (Gen:  0)
   521584      3992   3608456  0.001  0.000   18.087    3.241    0    0  (Gen:  0)
   521520      4080   3608560  0.001  0.000   18.088    3.241    0    0  (Gen:  0)
   521392      3920   3608448  0.001  0.000   18.089    3.242    0    0  (Gen:  0)
   521752      4520   3609064  0.000  0.000   18.090    3.242    0    0  (Gen:  0)
   521600      4192   3609008  0.000  0.000   18.090    3.242    0    0  (Gen:  0)
   521576      4048   3609024  0.000  0.000   18.091    3.242    0    0  (Gen:  0)
   521560      4352   3609360  0.000  0.000   18.091    3.242    0    0  (Gen:  0)
   521608      4440   3609704  0.000  0.000   18.092    3.242    0    0  (Gen:  0)
   521616      4640   3610136  0.000  0.000   18.093    3.242    0    0  (Gen:  0)
   521600      7472   3613472  0.000  0.000   18.093    3.242    0    0  (Gen:  0)
   521840      5952   3613472  0.000  0.000   18.094    3.243    0    0  (Gen:  0)
   521616      4264   3613704  0.000  0.000   18.094    3.243    0    0  (Gen:  0)
   521336      3872   3613344  0.000  0.000   18.095    3.243    0    0  (Gen:  0)
   521336      4064   3613624  0.000  0.000   18.095    3.243    0    0  (Gen:  0)
   521864      5944   3615536  0.000  0.000   18.096    3.243    0    0  (Gen:  0)
   521888      4192   3615464  0.000  0.000   18.096    3.243    0    0  (Gen:  0)
   521592      4104   3615464  0.000  0.000   18.097    3.243    0    0  (Gen:  0)
   521760      4104   3615480  0.000  0.000   18.097    3.243    0    0  (Gen:  0)
   521320      4048   3615472  0.001  0.000   18.099    3.244    0    0  (Gen:  0)
   521392      6672   3618112  0.000  0.000   18.100    3.244    0    0  (Gen:  0)
   521768      6408   3617912  0.000  0.000   18.100    3.244    0    0  (Gen:  0)
   521408      4536   3618432  0.000  0.000   18.101    3.244    0    0  (Gen:  0)
   521672      5664   3619976  0.000  0.000   18.101    3.244    0    0  (Gen:  0)
   521728      4056   3619816  0.001  0.000   18.103    3.244    0    0  (Gen:  0)
   521792      4088   3619864  0.001  0.000   18.104    3.244    0    0  (Gen:  0)
   521544      4408   3620200  0.001  0.000   18.105    3.245    0    0  (Gen:  0)
   521712      4200   3620056  0.001  0.000   18.106    3.245    0    0  (Gen:  0)
   521752      3824   3619768  0.001  0.000   18.107    3.245    0    0  (Gen:  0)
   521800      4168   3620128  0.001  0.000   18.109    3.245    0    0  (Gen:  0)
   521792      3992   3620000  0.001  0.000   18.110    3.245    0    0  (Gen:  0)
   521480      6280   3622304  0.001  0.000   18.111    3.246    0    0  (Gen:  0)
   521696      5928   3622016  0.000  0.000   18.112    3.246    0    0  (Gen:  0)
   521760      4056   3622272  0.000  0.000   18.112    3.246    0    0  (Gen:  0)
   521496      4152   3622400  0.000  0.000   18.113    3.246    0    0  (Gen:  0)
   521528      3976   3622256  0.000  0.000   18.113    3.246    0    0  (Gen:  0)
   521728      3976   3622272  0.000  0.000   18.114    3.246    0    0  (Gen:  0)
   521528      5944   3624256  0.000  0.000   18.115    3.246    0    0  (Gen:  0)
   521240      4064   3624208  0.000  0.000   18.115    3.246    0    0  (Gen:  0)
   521584      4080   3624312  0.000  0.000   18.116    3.247    0    0  (Gen:  0)
   521760      4032   3624296  0.000  0.000   18.116    3.247    0    0  (Gen:  0)
   521824      4072   3624424  0.000  0.000   18.117    3.247    0    0  (Gen:  0)
   521504      6472   3626856  0.000  0.000   18.117    3.247    0    0  (Gen:  0)
   521616      6504   3626952  0.000  0.000   18.118    3.247    0    0  (Gen:  0)
   521600      4104   3626896  0.000  0.000   18.118    3.247    0    0  (Gen:  0)
   521624      4136   3626944  0.000  0.000   18.119    3.247    0    0  (Gen:  0)
   521392      3976   3626832  0.000  0.000   18.119    3.247    0    0  (Gen:  0)
   521720      4280   3627144  0.000  0.000   18.120    3.248    0    0  (Gen:  0)
   521640      4128   3627208  0.000  0.000   18.121    3.248    0    0  (Gen:  0)
   521584      4056   3627360  0.000  0.000   18.121    3.248    0    0  (Gen:  0)
   521496      4488   3627824  0.000  0.000   18.122    3.248    0    0  (Gen:  0)
   521672      4264   3627848  0.000  0.000   18.122    3.248    0    0  (Gen:  0)
   521632      4408   3628176  0.000  0.000   18.123    3.248    0    0  (Gen:  0)
   521408      7664   3631832  0.000  0.000   18.123    3.248    0    0  (Gen:  0)
   521800      6264   3631792  0.000  0.000   18.124    3.248    0    0  (Gen:  0)
   521704      4304   3632016  0.000  0.000   18.124    3.249    0    0  (Gen:  0)
   521480      4072   3631816  0.000  0.000   18.125    3.249    0    0  (Gen:  0)
   521536      3992   3631824  0.000  0.000   18.125    3.249    0    0  (Gen:  0)
   521568      6152   3634016  0.000  0.000   18.126    3.249    0    0  (Gen:  0)
   521648      4216   3634056  0.000  0.000   18.127    3.249    0    0  (Gen:  0)
   521584      4088   3634016  0.000  0.000   18.127    3.249    0    0  (Gen:  0)
   521712      4200   3634144  0.000  0.000   18.128    3.249    0    0  (Gen:  0)
   521784      4120   3634112  0.000  0.000   18.128    3.249    0    0  (Gen:  0)
   521640      6600   3636608  0.000  0.000   18.129    3.249    0    0  (Gen:  0)
   521584      6496   3636568  0.000  0.000   18.129    3.250    0    0  (Gen:  0)
   521472      3856   3636336  0.000  0.000   18.130    3.250    0    0  (Gen:  0)
   521576      4096   3636608  0.000  0.000   18.130    3.250    0    0  (Gen:  0)
   521560      3912   3636456  0.000  0.000   18.131    3.250    0    0  (Gen:  0)
   521592      4080   3636712  0.000  0.000   18.131    3.250    0    0  (Gen:  0)
   521488      6376   3639040  0.000  0.000   18.132    3.250    0    0  (Gen:  0)
   521544      4120   3638896  0.000  0.000   18.133    3.250    0    0  (Gen:  0)
   521544      3976   3638840  0.000  0.000   18.133    3.250    0    0  (Gen:  0)
   521584      4200   3639080  0.000  0.000   18.134    3.251    0    0  (Gen:  0)
   521728      3984   3638912  0.000  0.000   18.134    3.251    0    0  (Gen:  0)
   521600      6656   3641600  0.000  0.000   18.135    3.251    0    0  (Gen:  0)
   521552      6416   3641424  0.000  0.000   18.135    3.251    0    0  (Gen:  0)
   521576      4096   3641672  0.000  0.000   18.136    3.251    0    0  (Gen:  0)
   521424      4208   3641816  0.000  0.000   18.136    3.251    0    0  (Gen:  0)
   521224      4152   3641792  0.000  0.000   18.137    3.251    0    0  (Gen:  0)
   521472      4032   3641688  0.000  0.000   18.137    3.251    0    0  (Gen:  0)
   521768      4520   3642192  0.000  0.000   18.138    3.251    0    0  (Gen:  0)
   521784      4208   3642168  0.000  0.000   18.138    3.252    0    0  (Gen:  0)
   521624      4432   3642480  0.000  0.000   18.139    3.252    0    0  (Gen:  0)
   521544      4120   3642424  0.000  0.000   18.139    3.252    0    0  (Gen:  0)
   521472      4496   3642880  0.000  0.000   18.140    3.252    0    0  (Gen:  0)
   521528      7512   3646256  0.000  0.000   18.141    3.252    0    0  (Gen:  0)
   521712      5728   3646136  0.000  0.000   18.141    3.252    0    0  (Gen:  0)
   521792      3944   3646008  0.000  0.000   18.142    3.252    0    0  (Gen:  0)
   521400      4224   3646304  0.000  0.000   18.142    3.252    0    0  (Gen:  0)
   521544      4120   3646248  0.000  0.000   18.143    3.253    0    0  (Gen:  0)
   521656      4312   3646456  0.000  0.000   18.143    3.253    0    0  (Gen:  0)
   521896      4192   3646384  0.000  0.000   18.144    3.253    0    0  (Gen:  0)
   521584      4176   3646528  0.000  0.000   18.144    3.253    0    0  (Gen:  0)
   521912      4056   3646440  0.000  0.000   18.145    3.253    0    0  (Gen:  0)
   521736      4104   3646520  0.000  0.000   18.145    3.253    0    0  (Gen:  0)
   521728      3976   3646408  0.000  0.000   18.146    3.253    0    0  (Gen:  0)
   521680      6000   3648448  0.000  0.000   18.147    3.253    0    0  (Gen:  0)
   521472      5912   3648440  0.000  0.000   18.147    3.253    0    0  (Gen:  0)
   521568      4288   3648664  0.000  0.000   18.148    3.254    0    0  (Gen:  0)
   521464      4232   3648640  0.000  0.000   18.148    3.254    0    0  (Gen:  0)
   521472      4208   3648704  0.000  0.000   18.149    3.254    0    0  (Gen:  0)
   521632      4016   3648544  0.000  0.000   18.149    3.254    0    0  (Gen:  0)
   521736      3968   3648544  0.000  0.000   18.150    3.254    0    0  (Gen:  0)
   521696      3864   3648600  0.000  0.000   18.150    3.254    0    0  (Gen:  0)
   521816      4112   3648880  0.000  0.000   18.151    3.254    0    0  (Gen:  0)
   521792      4008   3648808  0.000  0.000   18.151    3.254    0    0  (Gen:  0)
   521528      3976   3648792  0.000  0.000   18.152    3.255    0    0  (Gen:  0)
   521560      6672   3651504  0.000  0.000   18.152    3.255    0    0  (Gen:  0)
   521496      6384   3651296  0.000  0.000   18.153    3.255    0    0  (Gen:  0)
   521576      4208   3651632  0.000  0.000   18.153    3.255    0    0  (Gen:  0)
   521648      4176   3651632  0.000  0.000   18.154    3.255    0    0  (Gen:  0)
   521360      3816   3651360  0.000  0.000   18.154    3.255    0    0  (Gen:  0)
   521688      4456   3652016  0.000  0.000   18.155    3.255    0    0  (Gen:  0)
   521832      4368   3652184  0.000  0.000   18.156    3.255    0    0  (Gen:  0)
   521224      3920   3651888  0.000  0.000   18.156    3.255    0    0  (Gen:  0)
   521784      4416   3652392  0.000  0.000   18.157    3.256    0    0  (Gen:  0)
   521696      4288   3652480  0.000  0.000   18.157    3.256    0    0  (Gen:  0)
   521432      8176   3656608  0.000  0.000   18.158    3.256    0    0  (Gen:  0)
   521752      6080   3656496  0.000  0.000   18.158    3.256    0    0  (Gen:  0)
   521744      4088   3656496  0.000  0.000   18.159    3.256    0    0  (Gen:  0)
   521584      4096   3656536  0.000  0.000   18.159    3.256    0    0  (Gen:  0)
   521224      4040   3656512  0.000  0.000   18.160    3.256    0    0  (Gen:  0)
   521544      3968   3656456  0.000  0.000   18.160    3.256    0    0  (Gen:  0)
   521776      5960   3658464  0.000  0.000   18.161    3.257    0    0  (Gen:  0)
   521872      4208   3658408  0.000  0.000   18.161    3.257    0    0  (Gen:  0)
   521808      4136   3658424  0.000  0.000   18.162    3.257    0    0  (Gen:  0)
   521400      4120   3658440  0.000  0.000   18.163    3.257    0    0  (Gen:  0)
   521344      4152   3658560  0.000  0.000   18.163    3.257    0    0  (Gen:  0)
   521696      6688   3661128  0.000  0.000   18.164    3.257    0    0  (Gen:  0)
   521552      6424   3660928  0.000  0.000   18.164    3.257    0    0  (Gen:  0)
   521368      4280   3661080  0.000  0.000   18.165    3.257    0    0  (Gen:  0)
   521800      5480   3662624  0.000  0.000   18.165    3.257    0    0  (Gen:  0)
   521696      4192   3662640  0.000  0.000   18.166    3.258    0    0  (Gen:  0)
   521872      4480   3662944  0.000  0.000   18.166    3.258    0    0  (Gen:  0)
   521568      4136   3662648  0.000  0.000   18.167    3.258    0    0  (Gen:  0)
   521568      4176   3662848  0.000  0.000   18.167    3.258    0    0  (Gen:  0)
   521920      4248   3662952  0.000  0.000   18.168    3.258    0    0  (Gen:  0)
   521728      4056   3662792  0.000  0.000   18.168    3.258    0    0  (Gen:  0)
   521784      4120   3662872  0.000  0.000   18.169    3.258    0    0  (Gen:  0)
   521432      6112   3664880  0.000  0.000   18.170    3.258    0    0  (Gen:  0)
   521760      5976   3664824  0.000  0.000   18.170    3.259    0    0  (Gen:  0)
   521736      3896   3664800  0.000  0.000   18.171    3.259    0    0  (Gen:  0)
   521512      4072   3664992  0.000  0.000   18.171    3.259    0    0  (Gen:  0)
   521472      4048   3665016  0.000  0.000   18.172    3.259    0    0  (Gen:  0)
   521824      6024   3667008  0.000  0.000   18.172    3.259    0    0  (Gen:  0)
   521304      4040   3666840  0.000  0.000   18.173    3.259    0    0  (Gen:  0)
   521408      4136   3667096  0.000  0.000   18.173    3.259    0    0  (Gen:  0)
   521544      4152   3667144  0.000  0.000   18.174    3.259    0    0  (Gen:  0)
   521856      4048   3667072  0.000  0.000   18.174    3.259    0    0  (Gen:  0)
   521632      4048   3667088  0.000  0.000   18.175    3.260    0    0  (Gen:  0)
   521624      6400   3669456  0.000  0.000   18.175    3.260    0    0  (Gen:  0)
   521560      6248   3669384  0.000  0.000   18.176    3.260    0    0  (Gen:  0)
   521552      4248   3669728  0.000  0.000   18.176    3.260    0    0  (Gen:  0)
   521664      4096   3669608  0.000  0.000   18.177    3.260    0    0  (Gen:  0)
   521480      3888   3669488  0.000  0.000   18.178    3.260    0    0  (Gen:  0)
   521640      4432   3670064  0.000  0.000   18.178    3.260    0    0  (Gen:  0)
   521752      4248   3670152  0.000  0.000   18.179    3.260    0    0  (Gen:  0)
   521320      3952   3669944  0.000  0.000   18.179    3.261    0    0  (Gen:  0)
   521736      4488   3670496  0.000  0.000   18.180    3.261    0    0  (Gen:  0)
   521688      4392   3670656  0.000  0.000   18.180    3.261    0    0  (Gen:  0)
   521448      7992   3674480  0.000  0.000   18.181    3.261    0    0  (Gen:  0)
   521592      6272   3674424  0.000  0.000   18.181    3.261    0    0  (Gen:  0)
   521800      4136   3674544  0.000  0.000   18.182    3.261    0    0  (Gen:  0)
   521600      4152   3674592  0.000  0.000   18.182    3.261    0    0  (Gen:  0)
   521576      4120   3674592  0.000  0.000   18.183    3.261    0    0  (Gen:  0)
   521392      4032   3674520  0.000  0.000   18.184    3.261    0    0  (Gen:  0)
   521648      6256   3676760  0.000  0.000   18.184    3.262    0    0  (Gen:  0)
   521432      4144   3676640  0.000  0.000   18.185    3.262    0    0  (Gen:  0)
   521808      4200   3676784  0.000  0.000   18.185    3.262    0    0  (Gen:  0)
   521776      4032   3676648  0.000  0.000   18.186    3.262    0    0  (Gen:  0)
   521752      4136   3676840  0.000  0.000   18.186    3.262    0    0  (Gen:  0)
   521488      6584   3679320  0.000  0.000   18.187    3.262    0    0  (Gen:  0)
   521632      6408   3679208  0.000  0.000   18.187    3.262    0    0  (Gen:  0)
   521592      4016   3679152  0.000  0.000   18.188    3.262    0    0  (Gen:  0)
   521400      4320   3679472  0.000  0.000   18.188    3.263    0    0  (Gen:  0)
   521536      4176   3679376  0.000  0.000   18.189    3.263    0    0  (Gen:  0)
   521648      6000   3681208  0.000  0.000   18.190    3.263    0    0  (Gen:  0)
   521616      4688   3681424  0.000  0.000   18.190    3.263    0    0  (Gen:  0)
   521360      4040   3681528  0.000  0.000   18.191    3.263    0    0  (Gen:  0)
   521592      4008   3681528  0.000  0.000   18.191    3.263    0    0  (Gen:  0)
   521752      3920   3681472  0.000  0.000   18.192    3.263    0    0  (Gen:  0)
   521728      4024   3681664  0.000  0.000   18.192    3.263    0    0  (Gen:  0)
   521448      6648   3684320  0.000  0.000   18.193    3.263    0    0  (Gen:  0)
   521776      6424   3684160  0.000  0.000   18.193    3.264    0    0  (Gen:  0)
   521256      4008   3684240  0.000  0.000   18.194    3.264    0    0  (Gen:  0)
   521400      4136   3684384  0.000  0.000   18.194    3.264    0    0  (Gen:  0)
   521248      3872   3684168  0.000  0.000   18.195    3.264    0    0  (Gen:  0)
   521776      4448   3684760  0.000  0.000   18.195    3.264    0    0  (Gen:  0)
   521592      4120   3684704  0.000  0.000   18.196    3.264    0    0  (Gen:  0)
   521888      3968   3684712  0.000  0.000   18.196    3.264    0    0  (Gen:  0)
   521416      4272   3685048  0.000  0.000   18.197    3.264    0    0  (Gen:  0)
   521608      4440   3685472  0.000  0.000   18.197    3.265    0    0  (Gen:  0)
   521640      4456   3685720  0.000  0.000   18.198    3.265    0    0  (Gen:  0)
   521448      7088   3688856  0.000  0.000   18.199    3.265    0    0  (Gen:  0)
   521776      5576   3688704  0.000  0.000   18.199    3.265    0    0  (Gen:  0)
   521680      4184   3688968  0.000  0.000   18.200    3.265    0    0  (Gen:  0)
   521400      4064   3688880  0.000  0.000   18.200    3.265    0    0  (Gen:  0)
   521648      4040   3688944  0.000  0.000   18.201    3.265    0    0  (Gen:  0)
   521776      4272   3689208  0.000  0.000   18.201    3.265    0    0  (Gen:  0)
   521744      4072   3689056  0.001  0.000   18.203    3.266    0    0  (Gen:  0)
   521592      3976   3689048  0.000  0.000   18.203    3.266    0    0  (Gen:  0)
   521928      4240   3689328  0.000  0.000   18.204    3.266    0    0  (Gen:  0)
   521712      4120   3689256  0.000  0.000   18.204    3.266    0    0  (Gen:  0)
   521656      6112   3691264  0.000  0.000   18.205    3.266    0    0  (Gen:  0)
   521632      5984   3691200  0.000  0.000   18.206    3.266    0    0  (Gen:  0)
   521464      3960   3691096  0.000  0.000   18.206    3.266    0    0  (Gen:  0)
   521592      4224   3691392  0.000  0.000   18.207    3.266    0    0  (Gen:  0)
   521552      4216   3691416  0.000  0.000   18.207    3.267    0    0  (Gen:  0)
   521480      4000   3691216  0.000  0.000   18.208    3.267    0    0  (Gen:  0)
   521648      4344   3691576  0.000  0.000   18.208    3.267    0    0  (Gen:  0)
   521624      4248   3691544  0.000  0.000   18.209    3.267    0    0  (Gen:  0)
   521872      4208   3691592  0.000  0.000   18.209    3.267    0    0  (Gen:  0)
   521760      4160   3691576  0.000  0.000   18.210    3.267    0    0  (Gen:  0)
   521736      4232   3691736  0.000  0.000   18.210    3.267    0    0  (Gen:  0)
   521584      6680   3694216  0.000  0.000   18.211    3.267    0    0  (Gen:  0)
   521568      6488   3694088  0.000  0.000   18.212    3.267    0    0  (Gen:  0)
   521480      3920   3694104  0.000  0.000   18.212    3.268    0    0  (Gen:  0)
   521520      4224   3694440  0.000  0.000   18.213    3.268    0    0  (Gen:  0)
   521544      4048   3694296  0.000  0.000   18.213    3.268    0    0  (Gen:  0)
   521544      3976   3694240  0.000  0.000   18.214    3.268    0    0  (Gen:  0)
   521712      4456   3694736  0.000  0.000   18.214    3.268    0    0  (Gen:  0)
   521736      4136   3694704  0.000  0.000   18.215    3.268    0    0  (Gen:  0)
   521304      4496   3695144  0.000  0.000   18.215    3.268    0    0  (Gen:  0)
   521752      4008   3694856  0.000  0.000   18.216    3.268    0    0  (Gen:  0)
   521632      4432   3695424  0.000  0.000   18.216    3.269    0    0  (Gen:  0)
   521456      7888   3699240  0.000  0.000   18.217    3.269    0    0  (Gen:  0)
   521872      5984   3699160  0.000  0.000   18.217    3.269    0    0  (Gen:  0)
   521728      3952   3699048  0.000  0.000   18.218    3.269    0    0  (Gen:  0)
   521328      4136   3699248  0.000  0.000   18.219    3.269    0    0  (Gen:  0)
   521248      3944   3699104  0.000  0.000   18.219    3.269    0    0  (Gen:  0)
   521808      6024   3701200  0.000  0.000   18.220    3.269    0    0  (Gen:  0)
   521880      4000   3700856  0.000  0.000   18.220    3.269    0    0  (Gen:  0)
   521672      4040   3701056  0.000  0.000   18.221    3.269    0    0  (Gen:  0)
   521856      4072   3701120  0.000  0.000   18.221    3.270    0    0  (Gen:  0)
   521192      4160   3701240  0.000  0.000   18.222    3.270    0    0  (Gen:  0)
   521400      3976   3701072  0.000  0.000   18.222    3.270    0    0  (Gen:  0)
   521832      6504   3703616  0.000  0.000   18.223    3.270    0    0  (Gen:  0)
   521472      6336   3703528  0.000  0.000   18.223    3.270    0    0  (Gen:  0)
   521528      5896   3705392  0.000  0.000   18.224    3.270    0    0  (Gen:  0)
   521672      4176   3705280  0.000  0.000   18.224    3.270    0    0  (Gen:  0)
   521744      4088   3705280  0.000  0.000   18.225    3.270    0    0  (Gen:  0)
   521624      4288   3705512  0.000  0.000   18.226    3.271    0    0  (Gen:  0)
   521832      4248   3705520  0.000  0.000   18.226    3.271    0    0  (Gen:  0)
   521600      4104   3705464  0.000  0.000   18.227    3.271    0    0  (Gen:  0)
   521840      4224   3705600  0.000  0.000   18.227    3.271    0    0  (Gen:  0)
   521696      4192   3705616  0.000  0.000   18.228    3.271    0    0  (Gen:  0)
   521720      6296   3707736  0.000  0.000   18.228    3.271    0    0  (Gen:  0)
   521576      6088   3707592  0.000  0.000   18.229    3.271    0    0  (Gen:  0)
   521752      4208   3707840  0.000  0.000   18.229    3.271    0    0  (Gen:  0)
   521504      4336   3708000  0.000  0.000   18.230    3.271    0    0  (Gen:  0)
   521664      4288   3707984  0.000  0.000   18.230    3.272    0    0  (Gen:  0)
   521544      3984   3707696  0.000  0.000   18.231    3.272    0    0  (Gen:  0)
   521712      5880   3709608  0.000  0.000   18.232    3.272    0    0  (Gen:  0)
   521184      4096   3709656  0.000  0.000   18.232    3.272    0    0  (Gen:  0)
   521640      3936   3709584  0.000  0.000   18.233    3.272    0    0  (Gen:  0)
   521600      4144   3709808  0.001  0.000   18.234    3.272    0    0  (Gen:  0)
   521768      4064   3709776  0.001  0.000   18.235    3.272    0    0  (Gen:  0)
   521704      6536   3712264  0.001  0.000   18.236    3.273    0    0  (Gen:  0)
   521520      6392   3712184  0.001  0.000   18.237    3.273    0    0  (Gen:  0)
   521552      3936   3712144  0.001  0.000   18.238    3.273    0    0  (Gen:  0)
   521552      4248   3712488  0.001  0.000   18.240    3.273    0    0  (Gen:  0)
   521616      4120   3712392  0.001  0.000   18.241    3.273    0    0  (Gen:  0)
   521544      4048   3712336  0.001  0.000   18.242    3.274    0    0  (Gen:  0)
   521672      4456   3712752  0.001  0.000   18.244    3.274    0    0  (Gen:  0)
   521736      4256   3712784  0.001  0.000   18.245    3.274    0    0  (Gen:  0)
   521336      4416   3713096  0.001  0.000   18.247    3.274    0    0  (Gen:  0)
   521728      4176   3713112  0.001  0.000   18.248    3.274    0    0  (Gen:  0)
   521640      4384   3713400  0.001  0.000   18.250    3.275    0    0  (Gen:  0)
   521368      7888   3717264  0.001  0.000   18.251    3.275    0    0  (Gen:  0)
   521824      6152   3717032  0.001  0.000   18.253    3.275    0    0  (Gen:  0)
   521704      3936   3717000  0.001  0.000   18.254    3.275    0    0  (Gen:  0)
   521616      4072   3717152  0.001  0.000   18.256    3.275    0    0  (Gen:  0)
   521360      4064   3717192  0.001  0.000   18.257    3.276    0    0  (Gen:  0)
   521688      6336   3719480  0.001  0.000   18.259    3.276    0    0  (Gen:  0)
   521600      4152   3719272  0.001  0.000   18.260    3.276    0    0  (Gen:  0)
   521448      4152   3719432  0.001  0.000   18.262    3.276    0    0  (Gen:  0)
   521728      4192   3719504  0.001  0.000   18.263    3.276    0    0  (Gen:  0)
   521912      4032   3719376  0.001  0.000   18.265    3.277    0    0  (Gen:  0)
   521576      4064   3719424  0.001  0.000   18.266    3.277    0    0  (Gen:  0)
   521496      6576   3721952  0.001  0.000   18.268    3.277    0    0  (Gen:  0)
   521464      6472   3721928  0.001  0.000   18.269    3.277    0    0  (Gen:  0)
   521800      4280   3722072  0.001  0.000   18.271    3.278    0    0  (Gen:  0)
   521336      4120   3721944  0.001  0.000   18.272    3.278    0    0  (Gen:  0)
   521688      4168   3722080  0.001  0.000   18.274    3.278    0    0  (Gen:  0)
   521488      6344   3724288  0.001  0.000   18.275    3.278    0    0  (Gen:  0)
   521688      4232   3724288  0.001  0.000   18.277    3.278    0    0  (Gen:  0)
   521368      4088   3724232  0.001  0.000   18.278    3.279    0    0  (Gen:  0)
   521568      4280   3724440  0.001  0.000   18.280    3.279    0    0  (Gen:  0)
   521736      4288   3724496  0.001  0.000   18.281    3.279    0    0  (Gen:  0)
   521672      3840   3724064  0.001  0.000   18.283    3.279    0    0  (Gen:  0)
   521536      6680   3726920  0.001  0.000   18.284    3.279    0    0  (Gen:  0)
   521704      6456   3726776  0.001  0.000   18.286    3.280    0    0  (Gen:  0)
   521288      4208   3727024  0.001  0.000   18.287    3.280    0    0  (Gen:  0)
   521280      3936   3726784  0.001  0.000   18.289    3.280    0    0  (Gen:  0)
   521440      3920   3726856  0.001  0.000   18.290    3.280    0    0  (Gen:  0)
   521688      4384   3727352  0.001  0.000   18.292    3.280    0    0  (Gen:  0)
   521808      4176   3727416  0.001  0.000   18.293    3.281    0    0  (Gen:  0)
   521736      3992   3727320  0.001  0.000   18.295    3.281    0    0  (Gen:  0)
   521432      4208   3727544  0.001  0.000   18.296    3.281    0    0  (Gen:  0)
   521552      4280   3727832  0.001  0.000   18.298    3.281    0    0  (Gen:  0)
   521488      7568   3731360  0.001  0.000   18.299    3.281    0    0  (Gen:  0)
   521592      5688   3731304  0.001  0.000   18.301    3.282    0    0  (Gen:  0)
   521872      4152   3731496  0.001  0.000   18.302    3.282    0    0  (Gen:  0)
   521408      4112   3731488  0.001  0.000   18.303    3.282    0    0  (Gen:  0)
   521608      4160   3731568  0.001  0.000   18.305    3.282    0    0  (Gen:  0)
   521552      4104   3731528  0.001  0.000   18.306    3.282    0    0  (Gen:  0)
   521896      4128   3731568  0.001  0.000   18.308    3.283    0    0  (Gen:  0)
   521624      4136   3731640  0.001  0.000   18.309    3.283    0    0  (Gen:  0)
   521952      4120   3731712  0.001  0.000   18.311    3.283    0    0  (Gen:  0)
   521640      4032   3731656  0.001  0.000   18.312    3.283    0    0  (Gen:  0)
   521824      4072   3731784  0.001  0.000   18.314    3.283    0    0  (Gen:  0)
   521640      6072   3733816  0.001  0.000   18.315    3.284    0    0  (Gen:  0)
   521592      5992   3733800  0.001  0.000   18.317    3.284    0    0  (Gen:  0)
   521368      4088   3733744  0.001  0.000   18.318    3.284    0    0  (Gen:  0)
   521512      4280   3733952  0.001  0.000   18.320    3.284    0    0  (Gen:  0)
   521640      4064   3733784  0.001  0.000   18.321    3.285    0    0  (Gen:  0)
   521632      4264   3734000  0.001  0.000   18.323    3.285    0    0  (Gen:  0)
   521592      4160   3733944  0.001  0.000   18.324    3.285    0    0  (Gen:  0)
   521592      4208   3734152  0.001  0.000   18.326    3.285    0    0  (Gen:  0)
   521864      4280   3734256  0.001  0.000   18.327    3.285    0    0  (Gen:  0)
   521824      4272   3734280  0.001  0.000   18.329    3.286    0    0  (Gen:  0)
   521720      3976   3734000  0.001  0.000   18.330    3.286    0    0  (Gen:  0)
   521352      6824   3736864  0.001  0.000   18.332    3.286    0    0  (Gen:  0)
   521544      6712   3736832  0.001  0.000   18.333    3.286    0    0  (Gen:  0)
   521656      3648   3736288  0.001  0.000   18.335    3.286    0    0  (Gen:  0)
   521568      4024   3736688  0.001  0.000   18.336    3.287    0    0  (Gen:  0)
   521360      4024   3736688  0.001  0.000   18.337    3.287    0    0  (Gen:  0)
   521800      4376   3737056  0.001  0.000   18.339    3.287    0    0  (Gen:  0)
   521576      4096   3737048  0.001  0.000   18.340    3.287    0    0  (Gen:  0)
   521568      4136   3737248  0.001  0.000   18.342    3.287    0    0  (Gen:  0)
   521536      4320   3737464  0.001  0.000   18.343    3.288    0    0  (Gen:  0)
   521712      4304   3737704  0.001  0.000   18.345    3.288    0    0  (Gen:  0)
   521480      4664   3738304  0.001  0.000   18.346    3.288    0    0  (Gen:  0)
   521376      7712   3742064  0.001  0.000   18.347    3.288    0    0  (Gen:  0)
   521544      6264   3742008  0.001  0.000   18.349    3.288    0    0  (Gen:  0)
   521600      4064   3742096  0.001  0.000   18.350    3.289    0    0  (Gen:  0)
   521552      4048   3742112  0.001  0.000   18.352    3.289    0    0  (Gen:  0)
   521912      4096   3742248  0.001  0.000   18.353    3.289    0    0  (Gen:  0)
   521440      5920   3744104  0.001  0.000   18.355    3.289    0    0  (Gen:  0)
   521576      4176   3744040  0.001  0.000   18.356    3.289    0    0  (Gen:  0)
   521592      4032   3743984  0.001  0.000   18.358    3.290    0    0  (Gen:  0)
   521824      4240   3744208  0.001  0.000   18.359    3.290    0    0  (Gen:  0)
   521784      4160   3744176  0.001  0.000   18.360    3.290    0    0  (Gen:  0)
   521608      6520   3746552  0.001  0.000   18.362    3.290    0    0  (Gen:  0)
   521400      6368   3746464  0.001  0.000   18.363    3.290    0    0  (Gen:  0)
   521552      4448   3746936  0.001  0.000   18.365    3.291    0    0  (Gen:  0)
   521496      5696   3748600  0.001  0.000   18.366    3.291    0    0  (Gen:  0)
   521544      4104   3748456  0.001  0.000   18.368    3.291    0    0  (Gen:  0)
   521544      4032   3748400  0.001  0.000   18.369    3.291    0    0  (Gen:  0)
   521552      4384   3748768  0.001  0.000   18.371    3.291    0    0  (Gen:  0)
   521448      4192   3748640  0.001  0.000   18.372    3.292    0    0  (Gen:  0)
   521744      4280   3748816  0.001  0.000   18.374    3.292    0    0  (Gen:  0)
   521832      4088   3748656  0.001  0.000   18.375    3.292    0    0  (Gen:  0)
   521760      3984   3748640  0.001  0.000   18.376    3.292    0    0  (Gen:  0)
   521528      6200   3750888  0.001  0.000   18.378    3.292    0    0  (Gen:  0)
   521240      6256   3751008  0.001  0.000   18.379    3.293    0    0  (Gen:  0)
   521496      4064   3750872  0.001  0.000   18.381    3.293    0    0  (Gen:  0)
   521712      4168   3750992  0.001  0.000   18.382    3.293    0    0  (Gen:  0)
   521376      4104   3750976  0.001  0.000   18.384    3.293    0    0  (Gen:  0)
   521616      6088   3752976  0.001  0.000   18.385    3.293    0    0  (Gen:  0)
   521640      4216   3752920  0.001  0.000   18.387    3.294    0    0  (Gen:  0)
   521672      4232   3753096  0.001  0.000   18.388    3.294    0    0  (Gen:  0)
   521592      3888   3752784  0.001  0.000   18.389    3.294    0    0  (Gen:  0)
   521288      3984   3752912  0.001  0.000   18.391    3.294    0    0  (Gen:  0)
   521440      4024   3753040  0.001  0.000   18.392    3.294    0    0  (Gen:  0)
   521488      6440   3755488  0.001  0.000   18.394    3.295    0    0  (Gen:  0)
   521544      6344   3755456  0.001  0.000   18.395    3.295    0    0  (Gen:  0)
   521584      3936   3755392  0.001  0.000   18.397    3.295    0    0  (Gen:  0)
   521616      4072   3755544  0.001  0.000   18.398    3.295    0    0  (Gen:  0)
   521216      4120   3755640  0.001  0.000   18.400    3.295    0    0  (Gen:  0)
   521864      4608   3756144  0.001  0.000   18.401    3.296    0    0  (Gen:  0)
   521224      4192   3756000  0.001  0.000   18.402    3.296    0    0  (Gen:  0)
   521456      3888   3755856  0.001  0.000   18.404    3.296    0    0  (Gen:  0)
   521704      4352   3756352  0.001  0.000   18.405    3.296    0    0  (Gen:  0)
   521784      4376   3756632  0.001  0.000   18.407    3.297    0    0  (Gen:  0)
   521816      4360   3756856  0.001  0.000   18.408    3.297    0    0  (Gen:  0)
   521584      7560   3760616  0.001  0.000   18.410    3.297    0    0  (Gen:  0)
   521488      6304   3760560  0.001  0.000   18.411    3.297    0    0  (Gen:  0)
   521600      4168   3760608  0.001  0.000   18.413    3.297    0    0  (Gen:  0)
   521480      4176   3760648  0.001  0.000   18.414    3.298    0    0  (Gen:  0)
   521616      4208   3760768  0.001  0.000   18.415    3.298    0    0  (Gen:  0)
   521552      6008   3762600  0.001  0.000   18.417    3.298    0    0  (Gen:  0)
   521672      4176   3762744  0.001  0.000   18.418    3.298    0    0  (Gen:  0)
   521664      3912   3762568  0.001  0.000   18.420    3.298    0    0  (Gen:  0)
   521928      4256   3762928  0.001  0.000   18.421    3.299    0    0  (Gen:  0)
   521728      4096   3762816  0.001  0.000   18.423    3.299    0    0  (Gen:  0)
   521520      6600   3765336  0.001  0.000   18.424    3.299    0    0  (Gen:  0)
   521544      6456   3765256  0.001  0.000   18.426    3.299    0    0  (Gen:  0)
   521672      4224   3765432  0.001  0.000   18.427    3.299    0    0  (Gen:  0)
   521440      4264   3765504  0.001  0.000   18.428    3.300    0    0  (Gen:  0)
   521592      4096   3765368  0.001  0.000   18.430    3.300    0    0  (Gen:  0)
   521544      4024   3765312  0.001  0.000   18.431    3.300    0    0  (Gen:  0)
   521264      6408   3767712  0.001  0.000   18.433    3.300    0    0  (Gen:  0)
   521544      4224   3767656  0.001  0.000   18.434    3.300    0    0  (Gen:  0)
   521680      4072   3767592  0.001  0.000   18.436    3.301    0    0  (Gen:  0)
   521760      4064   3767616  0.001  0.000   18.437    3.301    0    0  (Gen:  0)
   521760      4168   3767808  0.001  0.000   18.439    3.301    0    0  (Gen:  0)
   521464      6776   3770448  0.001  0.000   18.440    3.301    0    0  (Gen:  0)
   521296      6376   3770112  0.001  0.000   18.441    3.301    0    0  (Gen:  0)
   521448      3920   3770152  0.001  0.000   18.443    3.302    0    0  (Gen:  0)
   521680      4072   3770320  0.001  0.000   18.444    3.302    0    0  (Gen:  0)
   521360      4104   3770400  0.001  0.000   18.446    3.302    0    0  (Gen:  0)
   521664      3992   3770304  0.001  0.000   18.447    3.302    0    0  (Gen:  0)
   521680      4536   3770864  0.001  0.000   18.449    3.302    0    0  (Gen:  0)
   521656      3984   3770600  0.001  0.000   18.450    3.303    0    0  (Gen:  0)
   521688      4416   3771120  0.001  0.000   18.452    3.303    0    0  (Gen:  0)
   521656      4064   3771024  0.001  0.000   18.453    3.303    0    0  (Gen:  0)
   521520      4480   3771528  0.001  0.000   18.454    3.303    0    0  (Gen:  0)
   521448      7456   3774920  0.001  0.000   18.456    3.303    0    0  (Gen:  0)
   521624      5760   3774888  0.001  0.000   18.457    3.304    0    0  (Gen:  0)
   521784      3992   3774776  0.001  0.000   18.459    3.304    0    0  (Gen:  0)
   521552      4224   3775024  0.001  0.000   18.460    3.304    0    0  (Gen:  0)
   521416      3968   3774816  0.001  0.000   18.462    3.304    0    0  (Gen:  0)
   521544      4384   3775248  0.001  0.000   18.463    3.304    0    0  (Gen:  0)
   521744      4192   3775104  0.001  0.000   18.465    3.305    0    0  (Gen:  0)
   521680      4152   3775224  0.001  0.000   18.467    3.305    0    0  (Gen:  0)
   521848      4176   3775280  0.001  0.000   18.468    3.305    0    0  (Gen:  0)
   521184      4344   3775480  0.001  0.000   18.471    3.305    0    0  (Gen:  0)
   521392      3912   3775064  0.002  0.000   18.473    3.306    0    0  (Gen:  0)
   521632      6072   3777240  0.001  0.000   18.475    3.306    0    0  (Gen:  0)
   521400      5776   3777024  0.002  0.000   18.477    3.306    0    0  (Gen:  0)
   521560      4280   3777376  0.001  0.000   18.478    3.306    0    0  (Gen:  0)
   521720      4048   3777176  0.001  0.000   18.480    3.307    0    0  (Gen:  0)
   521440      4032   3777248  0.001  0.000   18.481    3.307    0    0  (Gen:  0)
   521520      4152   3777400  0.001  0.000   18.482    3.307    0    0  (Gen:  0)
   521552      4344   3777640  0.001  0.000   18.484    3.307    0    0  (Gen:  0)
   521656      3912   3777296  0.000  0.000   18.484    3.307    0    0  (Gen:  0)
   521760      4240   3777640  0.001  0.000   18.486    3.308    0    0  (Gen:  0)
   521712      4152   3777600  0.000  0.000   18.487    3.308    0    0  (Gen:  0)
   521616      6736   3780200  0.000  0.000   18.488    3.308    0    0  (Gen:  0)
   521544      6616   3780144  0.000  0.000   18.489    3.308    0    0  (Gen:  0)
   521448      4248   3780360  0.001  0.000   18.490    3.308    0    0  (Gen:  0)
   521568      4088   3780232  0.001  0.000   18.492    3.309    0    0  (Gen:  0)
   521688      4288   3780464  0.001  0.000   18.493    3.309    0    0  (Gen:  0)
   521376      4104   3780296  0.001  0.000   18.494    3.309    0    0  (Gen:  0)
   521720      4312   3780520  0.001  0.000   18.496    3.309    0    0  (Gen:  0)
   521752      4064   3780560  0.001  0.000   18.497    3.309    0    0  (Gen:  0)
   521280      3952   3780536  0.001  0.000   18.499    3.310    0    0  (Gen:  0)
   521720      4160   3780760  0.001  0.000   18.500    3.310    0    0  (Gen:  0)
   521776      4288   3781160  0.000  0.000   18.501    3.310    0    0  (Gen:  0)
   521408      8120   3785232  0.000  0.000   18.502    3.310    0    0  (Gen:  0)
   521800      5944   3785040  0.000  0.000   18.503    3.310    0    0  (Gen:  0)
   521792      4168   3785256  0.000  0.000   18.504    3.310    0    0  (Gen:  0)
   521512      4192   3785312  0.000  0.000   18.505    3.311    0    0  (Gen:  0)
   521200      3984   3785136  0.000  0.000   18.506    3.311    0    0  (Gen:  0)
   521528      3984   3785152  0.000  0.000   18.507    3.311    0    0  (Gen:  0)
   521912      5808   3786992  0.000  0.000   18.508    3.311    0    0  (Gen:  0)
   521736      4168   3787048  0.000  0.000   18.508    3.311    0    0  (Gen:  0)
   521920      4240   3787208  0.000  0.000   18.509    3.311    0    0  (Gen:  0)
   521248      4088   3787088  0.000  0.000   18.510    3.311    0    0  (Gen:  0)
   521448      4072   3787160  0.000  0.000   18.511    3.312    0    0  (Gen:  0)
   521608      6560   3789680  0.000  0.000   18.512    3.312    0    0  (Gen:  0)
   521560      6432   3789616  0.000  0.000   18.513    3.312    0    0  (Gen:  0)
   521448      4240   3789720  0.000  0.000   18.514    3.312    0    0  (Gen:  0)
   521776      5312   3791248  0.000  0.000   18.515    3.312    0    0  (Gen:  0)
   521792      4176   3791304  0.000  0.000   18.515    3.312    0    0  (Gen:  0)
   521656      4352   3791496  0.000  0.000   18.516    3.313    0    0  (Gen:  0)
   521672      4168   3791360  0.000  0.000   18.517    3.313    0    0  (Gen:  0)
   521576      4104   3791456  0.000  0.000   18.518    3.313    0    0  (Gen:  0)
   521944      4152   3791536  0.000  0.000   18.519    3.313    0    0  (Gen:  0)
   521720      4016   3791432  0.000  0.000   18.520    3.313    0    0  (Gen:  0)
   521688      4024   3791456  0.000  0.000   18.520    3.313    0    0  (Gen:  0)
   521440      6408   3793856  0.000  0.000   18.521    3.313    0    0  (Gen:  0)
   521840      6008   3793536  0.000  0.000   18.522    3.314    0    0  (Gen:  0)
   521704      4208   3793792  0.000  0.000   18.523    3.314    0    0  (Gen:  0)
   521528      4136   3793752  0.000  0.000   18.524    3.314    0    0  (Gen:  0)
   521408      4040   3793744  0.000  0.000   18.525    3.314    0    0  (Gen:  0)
   521856      6064   3795800  0.000  0.000   18.526    3.314    0    0  (Gen:  0)
   521288      4264   3795816  0.000  0.000   18.526    3.314    0    0  (Gen:  0)
   521456      4088   3795728  0.000  0.000   18.527    3.314    0    0  (Gen:  0)
   521544      4280   3795936  0.000  0.000   18.528    3.315    0    0  (Gen:  0)
   521712      4136   3795840  0.000  0.000   18.529    3.315    0    0  (Gen:  0)
   521872      6304   3798024  0.000  0.000   18.530    3.315    0    0  (Gen:  0)
   521544      6320   3798104  0.000  0.000   18.531    3.315    0    0  (Gen:  0)
   521472      3944   3798144  0.000  0.000   18.531    3.315    0    0  (Gen:  0)
   521568      4192   3798424  0.000  0.000   18.532    3.315    0    0  (Gen:  0)
   521664      4064   3798328  0.000  0.000   18.533    3.315    0    0  (Gen:  0)
   521520      3992   3798344  0.000  0.000   18.534    3.316    0    0  (Gen:  0)
   521664      4360   3798744  0.000  0.000   18.535    3.316    0    0  (Gen:  0)
   521752      4152   3798808  0.000  0.000   18.536    3.316    0    0  (Gen:  0)
   521304      3896   3798640  0.000  0.000   18.536    3.316    0    0  (Gen:  0)
   521736      4432   3799192  0.000  0.000   18.537    3.316    0    0  (Gen:  0)
   521728      4304   3799336  0.000  0.000   18.538    3.316    0    0  (Gen:  0)
   521304      7880   3803152  0.000  0.000   18.539    3.316    0    0  (Gen:  0)
   521760      6200   3803136  0.000  0.000   18.540    3.317    0    0  (Gen:  0)
   521824      4072   3803264  0.000  0.000   18.541    3.317    0    0  (Gen:  0)
   521440      4136   3803360  0.000  0.000   18.542    3.317    0    0  (Gen:  0)
   521592      4000   3803256  0.000  0.000   18.543    3.317    0    0  (Gen:  0)
   521496      3976   3803248  0.000  0.000   18.543    3.317    0    0  (Gen:  0)
   521640      6240   3805528  0.000  0.000   18.544    3.317    0    0  (Gen:  0)
   521504      4232   3805512  0.000  0.000   18.545    3.317    0    0  (Gen:  0)
   521688      4304   3805672  0.000  0.000   18.546    3.318    0    0  (Gen:  0)
   521880      3928   3805328  0.000  0.000   18.547    3.318    0    0  (Gen:  0)
   521672      4040   3805528  0.000  0.000   18.548    3.318    0    0  (Gen:  0)
   521488      6488   3808008  0.000  0.000   18.548    3.318    0    0  (Gen:  0)
   521528      6408   3807992  0.000  0.000   18.549    3.318    0    0  (Gen:  0)
   521696      3944   3807864  0.000  0.000   18.550    3.318    0    0  (Gen:  0)
   521400      4224   3808160  0.000  0.000   18.551    3.319    0    0  (Gen:  0)
   521544      4120   3808104  0.000  0.000   18.552    3.319    0    0  (Gen:  0)
   521600      6456   3810456  0.000  0.000   18.553    3.319    0    0  (Gen:  0)
   521536      4144   3810256  0.000  0.000   18.554    3.319    0    0  (Gen:  0)
   521536      3992   3810264  0.000  0.000   18.554    3.319    0    0  (Gen:  0)
   521464      4184   3810488  0.000  0.000   18.555    3.319    0    0  (Gen:  0)
   521872      4232   3810568  0.000  0.000   18.556    3.319    0    0  (Gen:  0)
   521600      3976   3810328  0.000  0.000   18.557    3.320    0    0  (Gen:  0)
   521480      6792   3813160  0.000  0.000   18.558    3.320    0    0  (Gen:  0)
   521808      6600   3813048  0.000  0.000   18.559    3.320    0    0  (Gen:  0)
   521240      4224   3813168  0.000  0.000   18.560    3.320    0    0  (Gen:  0)
   521408      4192   3813168  0.000  0.000   18.560    3.320    0    0  (Gen:  0)
   521312      4192   3813256  0.000  0.000   18.561    3.320    0    0  (Gen:  0)
   521656      4408   3813504  0.000  0.000   18.562    3.320    0    0  (Gen:  0)
   521744      4008   3813376  0.000  0.000   18.563    3.321    0    0  (Gen:  0)
   521768      4000   3813528  0.000  0.000   18.564    3.321    0    0  (Gen:  0)
   521472      4144   3813704  0.000  0.000   18.565    3.321    0    0  (Gen:  0)
   521576      4304   3814120  0.000  0.000   18.566    3.321    0    0  (Gen:  0)
   521616      4840   3814896  0.000  0.000   18.566    3.321    0    0  (Gen:  0)
   521488      6840   3817776  0.000  0.000   18.567    3.321    0    0  (Gen:  0)
   521800      5816   3817792  0.000  0.000   18.568    3.321    0    0  (Gen:  0)
   521592      4128   3817760  0.000  0.000   18.569    3.322    0    0  (Gen:  0)
   521544      4040   3817704  0.000  0.000   18.570    3.322    0    0  (Gen:  0)
   521600      4056   3817808  0.000  0.000   18.571    3.322    0    0  (Gen:  0)
   521768      4128   3817912  0.000  0.000   18.572    3.322    0    0  (Gen:  0)
   521608      4088   3817920  0.000  0.000   18.572    3.322    0    0  (Gen:  0)
   521792      4032   3817952  0.000  0.000   18.573    3.322    0    0  (Gen:  0)
   521832      4184   3818120  0.000  0.000   18.574    3.322    0    0  (Gen:  0)
   521800      4096   3818080  0.000  0.000   18.575    3.323    0    0  (Gen:  0)
   521592      6008   3820008  0.000  0.000   18.576    3.323    0    0  (Gen:  0)
   521664      5768   3819832  0.000  0.000   18.577    3.323    0    0  (Gen:  0)
   521480      3952   3819936  0.000  0.000   18.578    3.323    0    0  (Gen:  0)
   521432      4136   3820152  0.000  0.000   18.578    3.323    0    0  (Gen:  0)
   521624      4176   3820224  0.000  0.000   18.579    3.323    0    0  (Gen:  0)
   521592      4080   3820144  0.000  0.000   18.580    3.323    0    0  (Gen:  0)
   521560      4160   3820240  0.000  0.000   18.581    3.324    0    0  (Gen:  0)
   521704      4184   3820328  0.000  0.000   18.582    3.324    0    0  (Gen:  0)
   521848      4192   3820424  0.000  0.000   18.583    3.324    0    0  (Gen:  0)
   521696      4104   3820368  0.000  0.000   18.583    3.324    0    0  (Gen:  0)
   521728      4136   3820488  0.000  0.000   18.584    3.324    0    0  (Gen:  0)
   521552      6608   3822992  0.000  0.000   18.585    3.324    0    0  (Gen:  0)
   521576      6688   3823136  0.000  0.000   18.586    3.325    0    0  (Gen:  0)
   521520      3968   3822928  0.000  0.000   18.587    3.325    0    0  (Gen:  0)
   521600      4152   3823128  0.000  0.000   18.588    3.325    0    0  (Gen:  0)
   521448      4176   3823200  0.000  0.000   18.588    3.325    0    0  (Gen:  0)
   521616      4648   3823688  0.000  0.000   18.589    3.325    0    0  (Gen:  0)
   521616      4176   3823488  0.000  0.000   18.590    3.325    0    0  (Gen:  0)
   521688      4120   3823592  0.000  0.000   18.591    3.325    0    0  (Gen:  0)
   521352      4488   3823992  0.000  0.000   18.592    3.326    0    0  (Gen:  0)
   521768      4568   3824328  0.000  0.000   18.593    3.326    0    0  (Gen:  0)
   521600      4296   3824296  0.000  0.000   18.594    3.326    0    0  (Gen:  0)
   521576      7648   3828048  0.000  0.000   18.594    3.326    0    0  (Gen:  0)
   521784      6000   3828080  0.000  0.000   18.595    3.326    0    0  (Gen:  0)
   521696      3976   3827976  0.000  0.000   18.596    3.326    0    0  (Gen:  0)
   521360      4096   3828112  0.000  0.000   18.597    3.326    0    0  (Gen:  0)
   521248      3904   3827968  0.000  0.000   18.598    3.327    0    0  (Gen:  0)
   521856      5904   3829984  0.000  0.000   18.599    3.327    0    0  (Gen:  0)
   521776      4064   3829824  0.000  0.000   18.600    3.327    0    0  (Gen:  0)
   521720      4080   3830000  0.000  0.000   18.600    3.327    0    0  (Gen:  0)
   521880      4016   3829968  0.000  0.000   18.601    3.327    0    0  (Gen:  0)
   521192      4104   3830088  0.000  0.000   18.602    3.327    0    0  (Gen:  0)
   521368      3904   3829904  0.000  0.000   18.603    3.327    0    0  (Gen:  0)
   521848      6616   3832632  0.000  0.000   18.604    3.328    0    0  (Gen:  0)
   521440      6280   3832376  0.000  0.000   18.605    3.328    0    0  (Gen:  0)
   521648      5912   3834312  0.000  0.000   18.606    3.328    0    0  (Gen:  0)
   521600      4120   3834128  0.000  0.000   18.606    3.328    0    0  (Gen:  0)
   521856      4176   3834272  0.000  0.000   18.607    3.328    0    0  (Gen:  0)
   521568      4296   3834424  0.000  0.000   18.608    3.328    0    0  (Gen:  0)
   521688      4080   3834256  0.000  0.000   18.609    3.328    0    0  (Gen:  0)
   521680      3968   3834232  0.000  0.000   18.610    3.329    0    0  (Gen:  0)
   521872      4168   3834448  0.000  0.000   18.611    3.329    0    0  (Gen:  0)
   521792      4176   3834504  0.000  0.000   18.612    3.329    0    0  (Gen:  0)
   521520      6088   3836432  0.000  0.000   18.612    3.329    0    0  (Gen:  0)
   521680      6088   3836496  0.000  0.000   18.613    3.329    0    0  (Gen:  0)
   521728      4152   3836688  0.000  0.000   18.614    3.329    0    0  (Gen:  0)
   521504      4280   3836848  0.000  0.000   18.615    3.329    0    0  (Gen:  0)
   521552      4088   3836688  0.000  0.000   18.616    3.330    0    0  (Gen:  0)
   521680      4048   3836664  0.000  0.000   18.617    3.330    0    0  (Gen:  0)
   521664      6024   3838656  0.000  0.000   18.618    3.330    0    0  (Gen:  0)
   521256      4192   3838656  0.000  0.000   18.618    3.330    0    0  (Gen:  0)
   521560      4160   3838712  0.000  0.000   18.619    3.330    0    0  (Gen:  0)
   521600      4136   3838720  0.000  0.000   18.620    3.330    0    0  (Gen:  0)
   521784      4096   3838768  0.000  0.000   18.621    3.331    0    0  (Gen:  0)
   521688      6464   3841168  0.000  0.000   18.622    3.331    0    0  (Gen:  0)
   521568      6544   3841312  0.000  0.000   18.623    3.331    0    0  (Gen:  0)
   521544      4120   3841232  0.000  0.000   18.624    3.331    0    0  (Gen:  0)
   521576      4176   3841304  0.000  0.000   18.624    3.331    0    0  (Gen:  0)
   521592      4232   3841408  0.000  0.000   18.625    3.331    0    0  (Gen:  0)
   521560      4008   3841200  0.000  0.000   18.626    3.331    0    0  (Gen:  0)
   521632      4120   3841584  0.000  0.000   18.627    3.332    0    0  (Gen:  0)
   521696      3920   3841480  0.000  0.000   18.628    3.332    0    0  (Gen:  0)
   521408      4320   3841896  0.000  0.000   18.629    3.332    0    0  (Gen:  0)
   521712      3992   3841824  0.000  0.000   18.629    3.332    0    0  (Gen:  0)
   521600      4536   3842456  0.000  0.000   18.630    3.332    0    0  (Gen:  0)
   521400      7792   3846128  0.000  0.000   18.631    3.332    0    0  (Gen:  0)
   521856      6216   3846056  0.000  0.000   18.632    3.332    0    0  (Gen:  0)
   521704      4032   3846056  0.000  0.000   18.633    3.333    0    0  (Gen:  0)
   521528      4112   3846152  0.000  0.000   18.634    3.333    0    0  (Gen:  0)
   521360      4064   3846152  0.000  0.000   18.635    3.333    0    0  (Gen:  0)
   521752      6280   3848384  0.000  0.000   18.635    3.333    0    0  (Gen:  0)
   521616      4168   3848248  0.000  0.000   18.636    3.333    0    0  (Gen:  0)
   521528      4104   3848344  0.000  0.000   18.637    3.333    0    0  (Gen:  0)
   521680      4136   3848408  0.000  0.000   18.638    3.333    0    0  (Gen:  0)
   521872      4080   3848384  0.000  0.000   18.639    3.334    0    0  (Gen:  0)
   521576      4048   3848368  0.000  0.000   18.640    3.334    0    0  (Gen:  0)
   521504      6528   3850864  0.000  0.000   18.641    3.334    0    0  (Gen:  0)
   521504      6256   3850672  0.000  0.000   18.641    3.334    0    0  (Gen:  0)
   521680      4184   3850936  0.000  0.000   18.642    3.334    0    0  (Gen:  0)
   521400      4064   3850848  0.000  0.000   18.643    3.334    0    0  (Gen:  0)
   521648      4040   3850912  0.000  0.000   18.644    3.334    0    0  (Gen:  0)
   521568      6304   3853208  0.000  0.000   18.645    3.335    0    0  (Gen:  0)
   521576      4192   3853208  0.000  0.000   18.646    3.335    0    0  (Gen:  0)
   521392      4032   3853136  0.000  0.000   18.647    3.335    0    0  (Gen:  0)
   521600      4240   3853360  0.000  0.000   18.647    3.335    0    0  (Gen:  0)
   521800      4152   3853320  0.000  0.000   18.648    3.335    0    0  (Gen:  0)
   521608      6616   3855800  0.000  0.000   18.649    3.335    0    0  (Gen:  0)
   521584      6512   3855760  0.000  0.000   18.650    3.336    0    0  (Gen:  0)
   521632      4152   3855968  0.000  0.000   18.651    3.336    0    0  (Gen:  0)
   521312      4248   3856096  0.000  0.000   18.652    3.336    0    0  (Gen:  0)
   521256      4216   3856096  0.000  0.000   18.652    3.336    0    0  (Gen:  0)
   521480      4008   3855904  0.000  0.000   18.653    3.336    0    0  (Gen:  0)
   521712      4576   3856488  0.000  0.000   18.654    3.336    0    0  (Gen:  0)
   521752      4248   3856448  0.000  0.000   18.655    3.336    0    0  (Gen:  0)
   521776      4544   3856832  0.000  0.000   18.656    3.337    0    0  (Gen:  0)
   521464      4208   3856752  0.000  0.000   18.657    3.337    0    0  (Gen:  0)
   521488      4456   3857088  0.000  0.000   18.658    3.337    0    0  (Gen:  0)
   521424      7408   3860456  0.000  0.000   18.659    3.337    0    0  (Gen:  0)
   521728      5760   3860472  0.000  0.000   18.659    3.337    0    0  (Gen:  0)
   521808      4024   3860464  0.000  0.000   18.660    3.337    0    0  (Gen:  0)
   521424      4056   3860528  0.000  0.000   18.661    3.337    0    0  (Gen:  0)
   521552      4120   3860624  0.000  0.000   18.662    3.338    0    0  (Gen:  0)
   521656      3968   3860488  0.000  0.000   18.663    3.338    0    0  (Gen:  0)
   521880      4368   3860904  0.000  0.000   18.664    3.338    0    0  (Gen:  0)
   521552      4088   3860688  0.000  0.000   18.664    3.338    0    0  (Gen:  0)
   521992      4064   3860752  0.000  0.000   18.665    3.338    0    0  (Gen:  0)
   521592      3976   3860696  0.000  0.000   18.666    3.338    0    0  (Gen:  0)
   521896      4112   3860920  0.000  0.000   18.667    3.338    0    0  (Gen:  0)
   521552      6072   3862912  0.000  0.000   18.668    3.339    0    0  (Gen:  0)
   521576      5920   3862824  0.000  0.000   18.669    3.339    0    0  (Gen:  0)
   521488      4016   3862768  0.000  0.000   18.669    3.339    0    0  (Gen:  0)
   521496      4280   3863048  0.000  0.000   18.670    3.339    0    0  (Gen:  0)
   521568      4176   3862992  0.000  0.000   18.671    3.339    0    0  (Gen:  0)
   521616      4224   3863056  0.000  0.000   18.672    3.339    0    0  (Gen:  0)
   521640      4120   3863000  0.000  0.000   18.673    3.339    0    0  (Gen:  0)
   521608      4152   3863192  0.000  0.000   18.674    3.340    0    0  (Gen:  0)
   521936      3976   3863048  0.000  0.000   18.674    3.340    0    0  (Gen:  0)
   521744      4136   3863240  0.000  0.000   18.675    3.340    0    0  (Gen:  0)
   521640      3976   3863096  0.000  0.000   18.676    3.340    0    0  (Gen:  0)
   521480      6576   3865712  0.000  0.000   18.677    3.340    0    0  (Gen:  0)
   521480      6632   3865848  0.000  0.000   18.678    3.340    0    0  (Gen:  0)
   521664      4304   3866032  0.000  0.000   18.679    3.340    0    0  (Gen:  0)
   521480      4072   3865832  0.000  0.000   18.680    3.341    0    0  (Gen:  0)
   521536      3992   3865840  0.000  0.000   18.681    3.341    0    0  (Gen:  0)
   521704      4520   3866400  0.000  0.000   18.681    3.341    0    0  (Gen:  0)
   521640      4176   3866328  0.000  0.000   18.682    3.341    0    0  (Gen:  0)
   521488      4032   3866272  0.000  0.000   18.683    3.341    0    0  (Gen:  0)
   521512      4488   3866744  0.000  0.000   18.684    3.341    0    0  (Gen:  0)
   521792      4320   3866848  0.000  0.000   18.685    3.341    0    0  (Gen:  0)
   521480      8176   3870944  0.000  0.000   18.686    3.342    0    0  (Gen:  0)
   521736      6208   3870960  0.000  0.000   18.687    3.342    0    0  (Gen:  0)
   521736      3928   3870672  0.000  0.000   18.687    3.342    0    0  (Gen:  0)
   521608      4080   3870856  0.000  0.000   18.688    3.342    0    0  (Gen:  0)
   521280      4024   3870832  0.000  0.000   18.689    3.342    0    0  (Gen:  0)
   521432      3920   3870816  0.000  0.000   18.690    3.342    0    0  (Gen:  0)
   521880      5784   3872712  0.000  0.000   18.691    3.343    0    0  (Gen:  0)
   521776      3944   3872552  0.000  0.000   18.692    3.343    0    0  (Gen:  0)
   521680      3920   3872616  0.000  0.000   18.692    3.343    0    0  (Gen:  0)
   521680      4072   3872784  0.000  0.000   18.693    3.343    0    0  (Gen:  0)
   521216      4120   3872880  0.000  0.000   18.694    3.343    0    0  (Gen:  0)
   521672      6240   3875016  0.000  0.000   18.695    3.343    0    0  (Gen:  0)
   521600      6224   3875064  0.000  0.000   18.696    3.343    0    0  (Gen:  0)
   521392      4480   3875712  0.000  0.000   18.697    3.344    0    0  (Gen:  0)
   521760      5600   3877248  0.000  0.000   18.698    3.344    0    0  (Gen:  0)
   521792      4104   3877200  0.000  0.000   18.698    3.344    0    0  (Gen:  0)
   521728      4104   3877216  0.000  0.000   18.699    3.344    0    0  (Gen:  0)
   521624      4288   3877416  0.000  0.000   18.700    3.344    0    0  (Gen:  0)
   521600      4168   3877360  0.000  0.000   18.701    3.344    0    0  (Gen:  0)
   521944      4336   3877616  0.000  0.000   18.702    3.344    0    0  (Gen:  0)
   521600      4120   3877432  0.000  0.000   18.703    3.345    0    0  (Gen:  0)
   521856      4176   3877576  0.000  0.000   18.704    3.345    0    0  (Gen:  0)
   521352      6240   3879672  0.000  0.000   18.704    3.345    0    0  (Gen:  0)
   521880      6072   3879568  0.000  0.000   18.705    3.345    0    0  (Gen:  0)
   521640      3960   3879512  0.000  0.000   18.706    3.345    0    0  (Gen:  0)
   521544      4152   3879720  0.000  0.000   18.707    3.345    0    0  (Gen:  0)
   521472      4096   3879712  0.000  0.000   18.708    3.345    0    0  (Gen:  0)
   521768      6080   3881712  0.000  0.000   18.709    3.346    0    0  (Gen:  0)
   521424      4168   3881616  0.000  0.000   18.710    3.346    0    0  (Gen:  0)
   521320      4096   3881704  0.000  0.000   18.710    3.346    0    0  (Gen:  0)
   521608      4280   3881920  0.000  0.000   18.711    3.346    0    0  (Gen:  0)
   521824      4144   3881816  0.000  0.000   18.712    3.346    0    0  (Gen:  0)
   521736      3856   3881544  0.000  0.000   18.713    3.346    0    0  (Gen:  0)
   521536      6480   3884184  0.000  0.000   18.714    3.346    0    0  (Gen:  0)
   521576      6360   3884144  0.000  0.000   18.715    3.347    0    0  (Gen:  0)
   521608      4376   3884504  0.000  0.000   18.716    3.347    0    0  (Gen:  0)
   521536      4144   3884304  0.000  0.000   18.716    3.347    0    0  (Gen:  0)
   521552      4048   3884296  0.000  0.000   18.717    3.347    0    0  (Gen:  0)
   521680      4520   3884800  0.000  0.000   18.718    3.347    0    0  (Gen:  0)
   521632      4264   3884816  0.000  0.000   18.719    3.347    0    0  (Gen:  0)
   521488      4120   3884760  0.000  0.000   18.720    3.348    0    0  (Gen:  0)
   521544      4544   3885200  0.000  0.000   18.721    3.348    0    0  (Gen:  0)
   521768      4280   3885208  0.000  0.000   18.721    3.348    0    0  (Gen:  0)
   521488      5104   3886272  0.000  0.000   18.722    3.348    0    0  (Gen:  0)
   521592      6824   3889192  0.000  0.000   18.723    3.348    0    0  (Gen:  0)
   521768      6232   3889160  0.001  0.000   18.725    3.348    0    0  (Gen:  0)
   521592      4152   3889264  0.001  0.000   18.726    3.348    0    0  (Gen:  0)
   521648      3984   3889128  0.001  0.000   18.727    3.349    0    0  (Gen:  0)
   521384      4152   3889384  0.001  0.000   18.728    3.349    0    0  (Gen:  0)
   521640      6240   3891504  0.001  0.000   18.729    3.349    0    0  (Gen:  0)
   521472      4136   3891376  0.001  0.000   18.730    3.349    0    0  (Gen:  0)
   521728      3936   3891264  0.000  0.000   18.731    3.349    0    0  (Gen:  0)
   521752      4184   3891528  0.000  0.000   18.732    3.350    0    0  (Gen:  0)
   521736      4104   3891496  0.000  0.000   18.733    3.350    0    0  (Gen:  0)
   521624      6560   3893968  0.000  0.000   18.734    3.350    0    0  (Gen:  0)
   521608      6344   3893816  0.000  0.000   18.735    3.350    0    0  (Gen:  0)
   521496      4152   3894032  0.000  0.000   18.736    3.350    0    0  (Gen:  0)
   521408      4112   3894024  0.000  0.000   18.736    3.350    0    0  (Gen:  0)
   521608      4160   3894104  0.000  0.000   18.737    3.350    0    0  (Gen:  0)
   521552      4104   3894064  0.000  0.000   18.738    3.351    0    0  (Gen:  0)
   521696      6224   3896200  0.000  0.000   18.739    3.351    0    0  (Gen:  0)
   521360      4136   3896240  0.000  0.000   18.740    3.351    0    0  (Gen:  0)
   521560      4120   3896312  0.000  0.000   18.741    3.351    0    0  (Gen:  0)
   521736      4064   3896288  0.000  0.000   18.742    3.351    0    0  (Gen:  0)
   521720      4152   3896464  0.000  0.000   18.742    3.351    0    0  (Gen:  0)
   521488      6688   3899032  0.000  0.000   18.744    3.351    0    0  (Gen:  0)
   521656      6632   3899040  0.000  0.000   18.745    3.352    0    0  (Gen:  0)
   521416      3904   3898808  0.000  0.000   18.746    3.352    0    0  (Gen:  0)
   521408      4104   3899024  0.000  0.000   18.747    3.352    0    0  (Gen:  0)
   521320      4048   3899016  0.000  0.000   18.747    3.352    0    0  (Gen:  0)
   521616      4632   3899616  0.000  0.000   18.748    3.352    0    0  (Gen:  0)
   521632      4136   3899392  0.000  0.000   18.749    3.352    0    0  (Gen:  0)
   521712      4208   3899624  0.000  0.000   18.750    3.353    0    0  (Gen:  0)
   521688      4400   3899848  0.000  0.000   18.751    3.353    0    0  (Gen:  0)
   521576      4360   3900064  0.000  0.000   18.752    3.353    0    0  (Gen:  0)
   521544      4400   3900344  0.000  0.000   18.752    3.353    0    0  (Gen:  0)
   521424      7144   3903488  0.000  0.000   18.753    3.353    0    0  (Gen:  0)
   521808      5664   3903528  0.000  0.000   18.754    3.353    0    0  (Gen:  0)
   521728      3896   3903416  0.000  0.000   18.755    3.353    0    0  (Gen:  0)
   521408      3968   3903504  0.000  0.000   18.756    3.354    0    0  (Gen:  0)
   521528      4008   3903592  0.000  0.000   18.757    3.354    0    0  (Gen:  0)
   521760      4336   3903936  0.000  0.000   18.758    3.354    0    0  (Gen:  0)
   521792      4056   3903704  0.000  0.000   18.758    3.354    0    0  (Gen:  0)
   521624      4096   3903904  0.000  0.000   18.759    3.354    0    0  (Gen:  0)
   521864      4168   3904008  0.000  0.000   18.760    3.354    0    0  (Gen:  0)
   521832      3976   3903848  0.000  0.000   18.761    3.354    0    0  (Gen:  0)
   521520      4008   3903896  0.000  0.000   18.762    3.355    0    0  (Gen:  0)
   521768      6032   3905936  0.000  0.000   18.763    3.355    0    0  (Gen:  0)
   521352      5824   3905808  0.000  0.000   18.764    3.355    0    0  (Gen:  0)
   521672      4240   3906072  0.000  0.000   18.764    3.355    0    0  (Gen:  0)
   521472      4104   3905968  0.000  0.000   18.765    3.355    0    0  (Gen:  0)
   521632      4008   3905960  0.000  0.000   18.766    3.355    0    0  (Gen:  0)
   521552      4312   3906296  0.000  0.000   18.767    3.355    0    0  (Gen:  0)
   521640      4072   3906104  0.000  0.000   18.768    3.356    0    0  (Gen:  0)
   521744      4032   3906152  0.000  0.000   18.769    3.356    0    0  (Gen:  0)
   521848      4224   3906360  0.000  0.000   18.770    3.356    0    0  (Gen:  0)
   521768      4120   3906304  0.000  0.000   18.770    3.356    0    0  (Gen:  0)
   521536      6792   3908992  0.000  0.000   18.771    3.356    0    0  (Gen:  0)
   521592      6648   3908912  0.000  0.000   18.772    3.356    0    0  (Gen:  0)
   521440      4136   3908984  0.000  0.000   18.773    3.356    0    0  (Gen:  0)
   521600      4152   3909032  0.000  0.000   18.774    3.357    0    0  (Gen:  0)
   521576      4120   3909032  0.000  0.000   18.775    3.357    0    0  (Gen:  0)
   521392      4032   3908960  0.000  0.000   18.776    3.357    0    0  (Gen:  0)
   521736      4496   3909440  0.000  0.000   18.776    3.357    0    0  (Gen:  0)
   521760      4192   3909424  0.000  0.000   18.777    3.357    0    0  (Gen:  0)
   521280      4296   3909616  0.000  0.000   18.778    3.357    0    0  (Gen:  0)
   521776      4080   3909656  0.000  0.000   18.779    3.357    0    0  (Gen:  0)
   521720      4424   3910088  0.000  0.000   18.780    3.358    0    0  (Gen:  0)
   521432      7864   3913944  0.000  0.000   18.781    3.358    0    0  (Gen:  0)
   521792      6064   3913968  0.000  0.000   18.782    3.358    0    0  (Gen:  0)
   521768      4048   3913872  0.000  0.000   18.782    3.358    0    0  (Gen:  0)
   521464      4208   3914048  0.000  0.000   18.783    3.358    0    0  (Gen:  0)
   521208      4088   3913976  0.000  0.000   18.784    3.358    0    0  (Gen:  0)
   521600      5736   3915616  0.000  0.000   18.785    3.359    0    0  (Gen:  0)
   521880      4408   3915664  0.000  0.000   18.786    3.359    0    0  (Gen:  0)
   521760      3968   3915712  0.000  0.000   18.787    3.359    0    0  (Gen:  0)
   521880      4168   3915944  0.000  0.000   18.787    3.359    0    0  (Gen:  0)
   521272      3968   3915776  0.000  0.000   18.788    3.359    0    0  (Gen:  0)
   521464      4136   3916032  0.000  0.000   18.789    3.359    0    0  (Gen:  0)
   521648      6432   3918360  0.000  0.000   18.790    3.359    0    0  (Gen:  0)
   521584      6424   3918416  0.000  0.000   18.791    3.360    0    0  (Gen:  0)
   521376      4680   3918976  0.000  0.000   18.792    3.360    0    0  (Gen:  0)
   521768      5104   3920120  0.000  0.000   18.793    3.360    0    0  (Gen:  0)
   521800      3760   3919760  0.000  0.000   18.794    3.360    0    0  (Gen:  0)
   521624      4168   3920184  0.000  0.000   18.794    3.360    0    0  (Gen:  0)
   521704      4120   3920184  0.000  0.000   18.795    3.360    0    0  (Gen:  0)
   521592      3984   3920208  0.000  0.000   18.796    3.360    0    0  (Gen:  0)
   521912      4184   3920440  0.000  0.000   18.797    3.361    0    0  (Gen:  0)
   521792      4104   3920392  0.000  0.000   18.798    3.361    0    0  (Gen:  0)
   521560      4016   3920320  0.000  0.000   18.799    3.361    0    0  (Gen:  0)
   521576      6264   3922584  0.000  0.000   18.799    3.361    0    0  (Gen:  0)
   521768      6176   3922576  0.000  0.000   18.800    3.361    0    0  (Gen:  0)
   521648      4248   3922704  0.000  0.000   18.801    3.361    0    0  (Gen:  0)
   521568      4288   3922776  0.000  0.000   18.802    3.361    0    0  (Gen:  0)
   521512      3952   3922528  0.000  0.000   18.803    3.362    0    0  (Gen:  0)
   521792      6048   3924656  0.000  0.000   18.804    3.362    0    0  (Gen:  0)
   521224      4264   3924688  0.000  0.000   18.805    3.362    0    0  (Gen:  0)
   521536      3848   3924360  0.000  0.000   18.805    3.362    0    0  (Gen:  0)
   521520      4192   3924720  0.000  0.000   18.806    3.362    0    0  (Gen:  0)
   521792      3992   3924568  0.000  0.000   18.807    3.362    0    0  (Gen:  0)
   521776      6640   3927232  0.000  0.000   18.808    3.362    0    0  (Gen:  0)
   521544      6520   3927176  0.000  0.000   18.809    3.363    0    0  (Gen:  0)
   521528      4224   3927296  0.000  0.000   18.810    3.363    0    0  (Gen:  0)
   521536      4096   3927200  0.000  0.000   18.811    3.363    0    0  (Gen:  0)
   521616      4160   3927296  0.000  0.000   18.811    3.363    0    0  (Gen:  0)
   521480      4080   3927232  0.000  0.000   18.812    3.363    0    0  (Gen:  0)
   521696      4552   3927720  0.000  0.000   18.813    3.363    0    0  (Gen:  0)
   521784      4232   3927688  0.000  0.000   18.814    3.364    0    0  (Gen:  0)
   521312      4584   3928128  0.000  0.000   18.815    3.364    0    0  (Gen:  0)
   521752      4064   3927864  0.000  0.000   18.816    3.364    0    0  (Gen:  0)
   521720      4448   3928336  0.000  0.000   18.816    3.364    0    0  (Gen:  0)
   521336      7856   3932160  0.000  0.000   18.817    3.364    0    0  (Gen:  0)
   521752      6064   3931872  0.000  0.000   18.818    3.364    0    0  (Gen:  0)
   521752      3952   3932016  0.000  0.000   18.819    3.364    0    0  (Gen:  0)
   521520      4168   3932264  0.000  0.000   18.820    3.365    0    0  (Gen:  0)
   521544      4080   3932208  0.000  0.000   18.821    3.365    0    0  (Gen:  0)
   521536      3992   3932136  0.000  0.000   18.822    3.365    0    0  (Gen:  0)
   521648      6144   3934304  0.000  0.000   18.823    3.365    0    0  (Gen:  0)
   521480      4056   3934208  0.000  0.000   18.823    3.365    0    0  (Gen:  0)
   521704      4280   3934520  0.000  0.000   18.824    3.365    0    0  (Gen:  0)
   521776      3968   3934240  0.000  0.000   18.825    3.365    0    0  (Gen:  0)
   521736      4120   3934480  0.000  0.000   18.826    3.366    0    0  (Gen:  0)
   521560      6344   3936736  0.000  0.000   18.827    3.366    0    0  (Gen:  0)
   521440      6440   3936896  0.000  0.000   18.828    3.366    0    0  (Gen:  0)
   521712      3968   3936760  0.000  0.000   18.829    3.366    0    0  (Gen:  0)
   521424      4024   3936832  0.000  0.000   18.829    3.366    0    0  (Gen:  0)
   521544      4176   3937032  0.000  0.000   18.830    3.366    0    0  (Gen:  0)
   521584      6400   3939272  0.000  0.000   18.831    3.366    0    0  (Gen:  0)
   521664      4112   3939096  0.000  0.000   18.832    3.367    0    0  (Gen:  0)
   521384      4208   3939352  0.000  0.000   18.833    3.367    0    0  (Gen:  0)
   521504      4208   3939384  0.000  0.000   18.834    3.367    0    0  (Gen:  0)
   521888      3912   3939120  0.000  0.000   18.834    3.367    0    0  (Gen:  0)
   521568      3848   3939072  0.000  0.000   18.835    3.367    0    0  (Gen:  0)
   521472      6720   3941960  0.000  0.000   18.836    3.367    0    0  (Gen:  0)
   521800      6656   3941976  0.000  0.000   18.837    3.367    0    0  (Gen:  0)
   521240      4136   3941952  0.000  0.000   18.838    3.368    0    0  (Gen:  0)
   521344      4120   3941968  0.000  0.000   18.839    3.368    0    0  (Gen:  0)
   521344      4152   3942088  0.000  0.000   18.840    3.368    0    0  (Gen:  0)
   521744      4552   3942520  0.000  0.000   18.840    3.368    0    0  (Gen:  0)
   521696      4232   3942472  0.000  0.000   18.841    3.368    0    0  (Gen:  0)
   521824      4192   3942520  0.000  0.000   18.842    3.368    0    0  (Gen:  0)
   521424      4304   3942648  0.000  0.000   18.843    3.368    0    0  (Gen:  0)
   521584      4304   3942920  0.000  0.000   18.844    3.369    0    0  (Gen:  0)
   521528      7752   3946608  0.000  0.000   18.845    3.369    0    0  (Gen:  0)
   521608      5776   3946456  0.000  0.000   18.846    3.369    0    0  (Gen:  0)
   521752      4192   3946600  0.000  0.000   18.846    3.369    0    0  (Gen:  0)
   521576      4280   3946720  0.000  0.000   18.847    3.369    0    0  (Gen:  0)
   521544      4216   3946688  0.000  0.000   18.848    3.369    0    0  (Gen:  0)
   521624      4272   3946760  0.000  0.000   18.849    3.370    0    0  (Gen:  0)
   521768      4144   3946648  0.000  0.000   18.850    3.370    0    0  (Gen:  0)
   521632      4136   3946704  0.000  0.000   18.851    3.370    0    0  (Gen:  0)
   521800      3920   3946576  0.000  0.000   18.851    3.370    0    0  (Gen:  0)
   521800      4000   3946672  0.000  0.000   18.852    3.370    0    0  (Gen:  0)
   521776      4048   3946768  0.000  0.000   18.853    3.370    0    0  (Gen:  0)
   521664      6048   3948784  0.000  0.000   18.854    3.370    0    0  (Gen:  0)
   521664      5968   3948768  0.000  0.000   18.855    3.371    0    0  (Gen:  0)
   521352      4136   3948856  0.000  0.000   18.856    3.371    0    0  (Gen:  0)
   521456      3960   3948712  0.000  0.000   18.857    3.371    0    0  (Gen:  0)
   521712      4064   3948848  0.000  0.000   18.857    3.371    0    0  (Gen:  0)
   521528      4008   3948808  0.000  0.000   18.858    3.371    0    0  (Gen:  0)
   521648      4144   3948960  0.000  0.000   18.859    3.371    0    0  (Gen:  0)
   521536      4208   3949088  0.000  0.000   18.860    3.371    0    0  (Gen:  0)
   522040      4264   3949232  0.000  0.000   18.861    3.372    0    0  (Gen:  0)
   521544      3944   3948944  0.000  0.000   18.862    3.372    0    0  (Gen:  0)
   521912      4112   3949200  0.000  0.000   18.862    3.372    0    0  (Gen:  0)
   521384      6792   3951912  0.000  0.000   18.863    3.372    0    0  (Gen:  0)
   521584      6480   3951664  0.000  0.000   18.864    3.372    0    0  (Gen:  0)
   521552      3936   3951632  0.000  0.000   18.865    3.372    0    0  (Gen:  0)
   521616      4072   3951784  0.000  0.000   18.866    3.372    0    0  (Gen:  0)
   521360      4064   3951824  0.000  0.000   18.867    3.373    0    0  (Gen:  0)
   521712      4416   3952192  0.000  0.000   18.868    3.373    0    0  (Gen:  0)
   521624      4104   3952152  0.000  0.000   18.868    3.373    0    0  (Gen:  0)
   521600      4056   3952264  0.000  0.000   18.869    3.373    0    0  (Gen:  0)
   521432      4448   3952688  0.000  0.000   18.870    3.373    0    0  (Gen:  0)
   521712      4432   3952928  0.000  0.000   18.871    3.373    0    0  (Gen:  0)
   521664      4432   3953168  0.000  0.000   18.872    3.373    0    0  (Gen:  0)
   521504      7720   3956856  0.000  0.000   18.873    3.374    0    0  (Gen:  0)
   521760      6096   3956912  0.000  0.000   18.874    3.374    0    0  (Gen:  0)
   521680      4192   3956928  0.000  0.000   18.874    3.374    0    0  (Gen:  0)
   521440      4104   3956872  0.000  0.000   18.875    3.374    0    0  (Gen:  0)
   521312      4064   3956920  0.000  0.000   18.876    3.374    0    0  (Gen:  0)
   521824      5928   3958816  0.000  0.000   18.877    3.374    0    0  (Gen:  0)
   521824      4376   3958944  0.000  0.000   18.878    3.374    0    0  (Gen:  0)
   521704      4000   3958656  0.000  0.000   18.879    3.375    0    0  (Gen:  0)
   521752      4336   3959008  0.000  0.000   18.880    3.375    0    0  (Gen:  0)
   521208      4160   3958880  0.000  0.000   18.880    3.375    0    0  (Gen:  0)
   521440      4160   3958896  0.000  0.000   18.881    3.375    0    0  (Gen:  0)
   521848      6368   3961168  0.000  0.000   18.882    3.375    0    0  (Gen:  0)
   521384      6272   3961168  0.000  0.000   18.883    3.375    0    0  (Gen:  0)
   521640      5536   3962640  0.000  0.000   18.884    3.376    0    0  (Gen:  0)
   521680      3992   3962704  0.000  0.000   18.885    3.376    0    0  (Gen:  0)
   521848      4000   3962800  0.000  0.000   18.886    3.376    0    0  (Gen:  0)
   521568      4280   3963112  0.000  0.000   18.886    3.376    0    0  (Gen:  0)
   521616      4104   3962984  0.000  0.000   18.887    3.376    0    0  (Gen:  0)
   521808      3992   3962960  0.001  0.000   18.889    3.376    0    0  (Gen:  0)
   521792      4168   3963152  0.001  0.000   18.890    3.377    0    0  (Gen:  0)
   521800      3760   3962792  0.001  0.000   18.892    3.377    0    0  (Gen:  0)
   521448      6208   3965256  0.001  0.000   18.893    3.377    0    0  (Gen:  0)
   521776      6160   3965272  0.001  0.000   18.895    3.377    0    0  (Gen:  0)
   521696      4152   3965392  0.001  0.000   18.896    3.377    0    0  (Gen:  0)
   521536      4056   3965328  0.001  0.000   18.898    3.378    0    0  (Gen:  0)
   521488      4176   3965480  0.001  0.000   18.899    3.378    0    0  (Gen:  0)
   521672      4048   3965368  0.000  0.000   18.900    3.378    0    0  (Gen:  0)
   521616      6008   3967344  0.000  0.000   18.901    3.378    0    0  (Gen:  0)
   521264      4304   3967472  0.000  0.000   18.902    3.378    0    0  (Gen:  0)
   521584      4096   3967352  0.000  0.000   18.903    3.378    0    0  (Gen:  0)
   521680      4040   3967328  0.000  0.000   18.904    3.379    0    0  (Gen:  0)
   521800      4008   3967384  0.000  0.000   18.904    3.379    0    0  (Gen:  0)
   521648      6544   3969952  0.000  0.000   18.905    3.379    0    0  (Gen:  0)
   521592      6400   3969872  0.000  0.000   18.906    3.379    0    0  (Gen:  0)
   521552      3992   3969808  0.000  0.000   18.907    3.379    0    0  (Gen:  0)
   521576      4224   3970056  0.000  0.000   18.908    3.379    0    0  (Gen:  0)
   521480      4120   3970000  0.000  0.000   18.909    3.379    0    0  (Gen:  0)
   521720      4664   3970560  0.000  0.000   18.910    3.380    0    0  (Gen:  0)
   521600      4176   3970344  0.000  0.000   18.910    3.380    0    0  (Gen:  0)
   521592      4016   3970344  0.000  0.000   18.911    3.380    0    0  (Gen:  0)
   521416      4424   3970784  0.000  0.000   18.912    3.380    0    0  (Gen:  0)
   521744      4376   3970992  0.000  0.000   18.913    3.380    0    0  (Gen:  0)
   521624      4328   3971184  0.000  0.000   18.914    3.380    0    0  (Gen:  0)
   521400      7744   3975000  0.000  0.000   18.915    3.381    0    0  (Gen:  0)
   521736      6360   3974976  0.001  0.000   18.916    3.381    0    0  (Gen:  0)
   521760      4264   3975064  0.000  0.000   18.917    3.381    0    0  (Gen:  0)
   521544      4176   3975008  0.000  0.000   18.918    3.381    0    0  (Gen:  0)
   521456      4304   3975224  0.000  0.000   18.919    3.381    0    0  (Gen:  0)
   521656      6112   3977064  0.000  0.000   18.920    3.381    0    0  (Gen:  0)
   521592      3992   3976920  0.000  0.000   18.920    3.381    0    0  (Gen:  0)
   521528      3848   3976936  0.000  0.000   18.921    3.382    0    0  (Gen:  0)
   521784      4152   3977272  0.001  0.000   18.923    3.382    0    0  (Gen:  0)
   521736      4048   3977200  0.000  0.000   18.924    3.382    0    0  (Gen:  0)
   521704      3992   3977160  0.000  0.000   18.925    3.382    0    0  (Gen:  0)
   521560      6344   3979528  0.000  0.000   18.925    3.382    0    0  (Gen:  0)
   521472      6456   3979720  0.000  0.000   18.926    3.382    0    0  (Gen:  0)
   521560      4176   3979776  0.000  0.000   18.927    3.383    0    0  (Gen:  0)
   521568      4016   3979648  0.000  0.000   18.928    3.383    0    0  (Gen:  0)
   521608      4016   3979736  0.000  0.000   18.929    3.383    0    0  (Gen:  0)
   521440      6216   3981968  0.000  0.000   18.930    3.383    0    0  (Gen:  0)
   521600      4192   3982056  0.000  0.000   18.931    3.383    0    0  (Gen:  0)
   521496      3992   3981944  0.000  0.000   18.931    3.383    0    0  (Gen:  0)
   521576      4152   3982120  0.000  0.000   18.932    3.383    0    0  (Gen:  0)
   521768      4104   3982120  0.000  0.000   18.933    3.384    0    0  (Gen:  0)
   521544      6848   3984880  0.000  0.000   18.934    3.384    0    0  (Gen:  0)
   521600      6624   3984720  0.000  0.000   18.935    3.384    0    0  (Gen:  0)
   521600      4080   3984744  0.000  0.000   18.936    3.384    0    0  (Gen:  0)
   521408      4072   3984768  0.000  0.000   18.937    3.384    0    0  (Gen:  0)
   521192      4160   3984888  0.000  0.000   18.937    3.384    0    0  (Gen:  0)
   521536      3920   3984664  0.000  0.000   18.938    3.384    0    0  (Gen:  0)
   521744      4552   3985312  0.000  0.000   18.939    3.385    0    0  (Gen:  0)
   521720      4040   3985088  0.000  0.000   18.940    3.385    0    0  (Gen:  0)
   521688      4472   3985608  0.000  0.000   18.941    3.385    0    0  (Gen:  0)
   521576      4152   3985544  0.000  0.000   18.942    3.385    0    0  (Gen:  0)
   521480      4496   3985976  0.000  0.000   18.942    3.385    0    0  (Gen:  0)
   521424      7480   3989376  0.000  0.000   18.943    3.385    0    0  (Gen:  0)
   521768      5816   3989376  0.000  0.000   18.944    3.385    0    0  (Gen:  0)
   521784      4048   3989264  0.000  0.000   18.945    3.386    0    0  (Gen:  0)
   521432      4240   3989472  0.000  0.000   18.946    3.386    0    0  (Gen:  0)
   521536      4024   3989304  0.000  0.000   18.947    3.386    0    0  (Gen:  0)
   521624      4408   3989704  0.000  0.000   18.948    3.386    0    0  (Gen:  0)
   521896      4232   3989576  0.000  0.000   18.948    3.386    0    0  (Gen:  0)
   521568      4248   3989752  0.000  0.000   18.949    3.386    0    0  (Gen:  0)
   521912      4304   3989840  0.000  0.000   18.950    3.386    0    0  (Gen:  0)
   521720      4344   3989912  0.000  0.000   18.951    3.387    0    0  (Gen:  0)
   521800      3840   3989424  0.000  0.000   18.952    3.387    0    0  (Gen:  0)
   521584      5992   3991592  0.000  0.000   18.953    3.387    0    0  (Gen:  0)
   521568      6008   3991688  0.000  0.000   18.954    3.387    0    0  (Gen:  0)
   521520      3952   3991480  0.000  0.000   18.954    3.387    0    0  (Gen:  0)
   521472      4008   3991552  0.000  0.000   18.955    3.387    0    0  (Gen:  0)
   521504      4040   3991632  0.000  0.000   18.956    3.388    0    0  (Gen:  0)
   521624      4280   3991888  0.000  0.000   18.957    3.388    0    0  (Gen:  0)
   521736      4136   3991792  0.000  0.000   18.958    3.388    0    0  (Gen:  0)
   521560      4032   3991848  0.000  0.000   18.959    3.388    0    0  (Gen:  0)
   521904      4096   3991944  0.000  0.000   18.959    3.388    0    0  (Gen:  0)
   521832      3992   3991872  0.000  0.000   18.960    3.388    0    0  (Gen:  0)
   521552      3968   3991864  0.000  0.000   18.961    3.388    0    0  (Gen:  0)
   521584      6624   3994536  0.000  0.000   18.962    3.389    0    0  (Gen:  0)
   521416      6632   3994624  0.000  0.000   18.963    3.389    0    0  (Gen:  0)
   521592      4248   3994752  0.000  0.000   18.964    3.389    0    0  (Gen:  0)
   521664      4040   3994576  0.000  0.000   18.965    3.389    0    0  (Gen:  0)
   521384      4208   3994832  0.000  0.000   18.965    3.389    0    0  (Gen:  0)
   521664      4400   3995056  0.000  0.000   18.966    3.389    0    0  (Gen:  0)
   521752      4048   3994976  0.000  0.000   18.967    3.389    0    0  (Gen:  0)
   521368      3864   3994880  0.000  0.000   18.968    3.390    0    0  (Gen:  0)
   521696      4504   3995536  0.000  0.000   18.969    3.390    0    0  (Gen:  0)
   521640      4288   3995592  0.000  0.000   18.970    3.390    0    0  (Gen:  0)
   521472      8136   3999680  0.000  0.000   18.971    3.390    0    0  (Gen:  0)
   521776      5992   3999520  0.000  0.000   18.971    3.390    0    0  (Gen:  0)
   521752      4112   3999632  0.000  0.000   18.972    3.390    0    0  (Gen:  0)
   521592      4208   3999760  0.000  0.000   18.973    3.390    0    0  (Gen:  0)
   521256      4128   3999712  0.000  0.000   18.974    3.391    0    0  (Gen:  0)
   521504      3920   3999520  0.000  0.000   18.975    3.391    0    0  (Gen:  0)
   521840      5944   4001560  0.000  0.000   18.976    3.391    0    0  (Gen:  0)
   521752      4192   4001504  0.000  0.000   18.976    3.391    0    0  (Gen:  0)
   521800      4280   4001680  0.000  0.000   18.977    3.391    0    0  (Gen:  0)
   521560      4176   4001608  0.000  0.000   18.978    3.391    0    0  (Gen:  0)
   521280      4064   4001584  0.000  0.000   18.979    3.391    0    0  (Gen:  0)
   521640      6584   4004136  0.000  0.000   18.980    3.392    0    0  (Gen:  0)
   521552      6576   4004192  0.000  0.000   18.981    3.392    0    0  (Gen:  0)
   521376      4512   4004432  0.000  0.000   18.982    3.392    0    0  (Gen:  0)
   521824      5312   4005632  0.000  0.000   18.983    3.392    0    0  (Gen:  0)
   521784      3976   4005600  0.000  0.000   18.983    3.392    0    0  (Gen:  0)
   521744      3832   4005472  0.000  0.000   18.984    3.392    0    0  (Gen:  0)
   521568      4256   4005912  0.000  0.000   18.985    3.392    0    0  (Gen:  0)
   521640      4120   4005840  0.000  0.000   18.986    3.393    0    0  (Gen:  0)
   521888      3960   4005768  0.000  0.000   18.987    3.393    0    0  (Gen:  0)
   521680      3992   4005832  0.000  0.000   18.988    3.393    0    0  (Gen:  0)
   521848      4000   4005928  0.000  0.000   18.988    3.393    0    0  (Gen:  0)
   521400      6224   4008184  0.000  0.000   18.989    3.393    0    0  (Gen:  0)
   521768      6184   4008208  0.000  0.000   18.990    3.393    0    0  (Gen:  0)
   521640      3880   4007960  0.000  0.000   18.991    3.394    0    0  (Gen:  0)
   521680      4008   4008104  0.000  0.000   18.992    3.394    0    0  (Gen:  0)
   521424      4096   4008240  0.000  0.000   18.993    3.394    0    0  (Gen:  0)
   521832      6096   4010256  0.000  0.000   18.994    3.394    0    0  (Gen:  0)
   521248      4160   4010136  0.000  0.000   18.995    3.394    0    0  (Gen:  0)
   521448      4072   4010208  0.000  0.000   18.995    3.394    0    0  (Gen:  0)
   521568      4184   4010352  0.000  0.000   18.996    3.394    0    0  (Gen:  0)
   521792      4232   4010432  0.000  0.000   18.997    3.395    0    0  (Gen:  0)
   521680      3976   4010192  0.000  0.000   18.998    3.395    0    0  (Gen:  0)
   521592      6416   4012648  0.000  0.000   18.999    3.395    0    0  (Gen:  0)
   521616      6352   4012664  0.000  0.000   19.000    3.395    0    0  (Gen:  0)
   521600      4280   4012936  0.000  0.000   19.001    3.395    0    0  (Gen:  0)
   521536      3920   4012608  0.000  0.000   19.001    3.395    0    0  (Gen:  0)
   521544      4136   4012912  0.000  0.000   19.002    3.395    0    0  (Gen:  0)
   521640      4504   4013312  0.000  0.000   19.003    3.396    0    0  (Gen:  0)
   521672      4120   4013200  0.000  0.000   19.004    3.396    0    0  (Gen:  0)
   521400      4048   4013216  0.000  0.000   19.005    3.396    0    0  (Gen:  0)
   521640      4448   4013632  0.000  0.000   19.006    3.396    0    0  (Gen:  0)
   521744      4360   4013816  0.000  0.000   19.006    3.396    0    0  (Gen:  0)
   521480      8064   4017760  0.000  0.000   19.007    3.396    0    0  (Gen:  0)
   521600      6344   4017704  0.000  0.000   19.008    3.396    0    0  (Gen:  0)
   521744      4064   4017680  0.000  0.000   19.009    3.397    0    0  (Gen:  0)
   521632      4136   4017784  0.000  0.000   19.010    3.397    0    0  (Gen:  0)
   521640      4288   4017968  0.000  0.000   19.011    3.397    0    0  (Gen:  0)
   521344      4024   4017720  0.000  0.000   19.012    3.397    0    0  (Gen:  0)
   521632      6256   4019968  0.000  0.000   19.013    3.397    0    0  (Gen:  0)
   521472      4248   4019952  0.000  0.000   19.013    3.397    0    0  (Gen:  0)
   521776      4432   4020224  0.000  0.000   19.014    3.397    0    0  (Gen:  0)
   521744      4272   4020096  0.000  0.000   19.015    3.398    0    0  (Gen:  0)
   521752      3944   4019856  0.000  0.000   19.016    3.398    0    0  (Gen:  0)
   521576      6488   4022432  0.000  0.000   19.017    3.398    0    0  (Gen:  0)
   521592      6296   4022304  0.000  0.000   19.018    3.398    0    0  (Gen:  0)
   521520      4136   4022552  0.000  0.000   19.018    3.398    0    0  (Gen:  0)
   521424      4024   4022472  0.000  0.000   19.019    3.398    0    0  (Gen:  0)
   521576      3992   4022472  0.000  0.000   19.020    3.398    0    0  (Gen:  0)
   521648      3976   4022472  0.000  0.000   19.021    3.399    0    0  (Gen:  0)
   521568      6376   4024888  0.000  0.000   19.022    3.399    0    0  (Gen:  0)
   521360      3872   4024512  0.000  0.000   19.023    3.399    0    0  (Gen:  0)
   521600      4208   4024936  0.000  0.000   19.024    3.399    0    0  (Gen:  0)
   521792      3968   4024728  0.000  0.000   19.024    3.399    0    0  (Gen:  0)
   521688      4120   4024968  0.000  0.000   19.025    3.399    0    0  (Gen:  0)
   521456      6608   4027488  0.000  0.000   19.026    3.400    0    0  (Gen:  0)
   521760      6672   4027616  0.000  0.000   19.027    3.400    0    0  (Gen:  0)
   521336      4080   4027520  0.000  0.000   19.028    3.400    0    0  (Gen:  0)
   521376      4128   4027584  0.000  0.000   19.029    3.400    0    0  (Gen:  0)
   521240      4176   4027680  0.000  0.000   19.030    3.400    0    0  (Gen:  0)
   521784      4312   4027832  0.001  0.000   19.031    3.400    0    0  (Gen:  0)
   521608      4096   4027888  0.001  0.000   19.033    3.401    0    0  (Gen:  0)
   521840      3920   4027872  0.001  0.000   19.034    3.401    0    0  (Gen:  0)
   521480      4360   4028344  0.001  0.000   19.036    3.401    0    0  (Gen:  0)
   521632      4328   4028568  0.001  0.000   19.037    3.401    0    0  (Gen:  0)
   521568      4408   4028888  0.001  0.000   19.039    3.401    0    0  (Gen:  0)
   521464      7368   4032248  0.001  0.000   19.041    3.402    0    0  (Gen:  0)
   521664      5832   4032232  0.001  0.000   19.042    3.402    0    0  (Gen:  0)
   521776      4144   4032200  0.000  0.000   19.043    3.402    0    0  (Gen:  0)
   521384      4120   4032208  0.000  0.000   19.044    3.402    0    0  (Gen:  0)
   521720      3976   4032152  0.000  0.000   19.045    3.402    0    0  (Gen:  0)
   521624      4200   4032408  0.000  0.000   19.046    3.402    0    0  (Gen:  0)
   521872      4264   4032520  0.000  0.000   19.046    3.403    0    0  (Gen:  0)
   521576      4048   4032392  0.000  0.000   19.047    3.403    0    0  (Gen:  0)
   521832      4176   4032536  0.000  0.000   19.048    3.403    0    0  (Gen:  0)
   521776      4176   4032584  0.000  0.000   19.049    3.403    0    0  (Gen:  0)
   521648      6344   4034768  0.000  0.000   19.050    3.403    0    0  (Gen:  0)
   521696      5672   4034160  0.000  0.000   19.051    3.403    0    0  (Gen:  0)
   521392      4000   4034408  0.000  0.000   19.052    3.404    0    0  (Gen:  0)
   521568      4168   4034608  0.000  0.000   19.052    3.404    0    0  (Gen:  0)
   521600      3976   4034448  0.000  0.000   19.053    3.404    0    0  (Gen:  0)
   521496      3936   4034496  0.000  0.000   19.054    3.404    0    0  (Gen:  0)
   521608      4296   4034888  0.000  0.000   19.055    3.404    0    0  (Gen:  0)
   521664      4096   4034736  0.000  0.000   19.056    3.404    0    0  (Gen:  0)
   521792      3936   4034664  0.000  0.000   19.057    3.404    0    0  (Gen:  0)
   521808      4184   4034928  0.000  0.000   19.057    3.405    0    0  (Gen:  0)
   521784      4104   4034896  0.000  0.000   19.058    3.405    0    0  (Gen:  0)
   521552      6680   4037488  0.000  0.000   19.059    3.405    0    0  (Gen:  0)
   521528      6576   4037448  0.000  0.000   19.060    3.405    0    0  (Gen:  0)
   521568      4192   4037648  0.000  0.000   19.061    3.405    0    0  (Gen:  0)
   521432      4064   4037552  0.000  0.000   19.062    3.405    0    0  (Gen:  0)
   521600      4120   4037640  0.000  0.000   19.063    3.405    0    0  (Gen:  0)
   521496      3992   4037528  0.000  0.000   19.063    3.406    0    0  (Gen:  0)
   521728      4448   4038000  0.000  0.000   19.064    3.406    0    0  (Gen:  0)
   521736      4136   4037976  0.000  0.000   19.065    3.406    0    0  (Gen:  0)
   521288      4416   4038344  0.000  0.000   19.066    3.406    0    0  (Gen:  0)
   521728      4136   4038320  0.000  0.000   19.067    3.406    0    0  (Gen:  0)
   521656      4576   4038848  0.000  0.000   19.068    3.406    0    0  (Gen:  0)
   521520      7776   4042464  0.000  0.000   19.069    3.406    0    0  (Gen:  0)
   521800      5992   4042504  0.000  0.000   19.069    3.407    0    0  (Gen:  0)
   521736      4104   4042536  0.000  0.000   19.070    3.407    0    0  (Gen:  0)
   521408      4144   4042592  0.000  0.000   19.071    3.407    0    0  (Gen:  0)
   521288      4048   4042544  0.000  0.000   19.072    3.407    0    0  (Gen:  0)
   521680      5872   4044384  0.000  0.000   19.073    3.407    0    0  (Gen:  0)
   521848      4208   4044400  0.000  0.000   19.074    3.407    0    0  (Gen:  0)
   521736      4208   4044560  0.000  0.000   19.074    3.407    0    0  (Gen:  0)
   521872      4160   4044544  0.000  0.000   19.075    3.408    0    0  (Gen:  0)
   521256      4152   4044568  0.000  0.000   19.076    3.408    0    0  (Gen:  0)
   521368      3952   4044384  0.000  0.000   19.077    3.408    0    0  (Gen:  0)
   521768      6600   4047048  0.000  0.000   19.078    3.408    0    0  (Gen:  0)
   521504      6216   4046744  0.000  0.000   19.079    3.408    0    0  (Gen:  0)
   521472      5928   4048760  0.000  0.000   19.080    3.408    0    0  (Gen:  0)
   521768      4072   4048512  0.000  0.000   19.081    3.409    0    0  (Gen:  0)
   521736      4192   4048720  0.000  0.000   19.081    3.409    0    0  (Gen:  0)
   521568      4392   4048952  0.000  0.000   19.082    3.409    0    0  (Gen:  0)
   521800      4112   4048720  0.000  0.000   19.083    3.409    0    0  (Gen:  0)
   521648      3864   4048560  0.000  0.000   19.084    3.409    0    0  (Gen:  0)
   521840      4056   4048768  0.000  0.000   19.085    3.409    0    0  (Gen:  0)
   521784      3976   4048736  0.000  0.000   19.086    3.409    0    0  (Gen:  0)
   521552      3896   4048672  0.000  0.000   19.086    3.410    0    0  (Gen:  0)
   521624      6200   4050992  0.000  0.000   19.087    3.410    0    0  (Gen:  0)
   521744      6080   4050952  0.000  0.000   19.088    3.410    0    0  (Gen:  0)
   521584      4120   4051048  0.001  0.000   19.090    3.410    0    0  (Gen:  0)
   521640      4032   4050992  0.001  0.000   19.092    3.410    0    0  (Gen:  0)
   521536      4152   4051200  0.001  0.000   19.093    3.411    0    0  (Gen:  0)
   521760      5872   4052952  0.001  0.000   19.095    3.411    0    0  (Gen:  0)
   521192      4176   4053072  0.001  0.000   19.097    3.411    0    0  (Gen:  0)
   521528      4024   4053008  0.001  0.000   19.098    3.411    0    0  (Gen:  0)
   521560      4072   4053072  0.001  0.000   19.100    3.411    0    0  (Gen:  0)
   521888      4056   4053104  0.001  0.000   19.101    3.412    0    0  (Gen:  0)
   521696      6528   4055592  0.001  0.000   19.103    3.412    0    0  (Gen:  0)
   521528      6424   4055552  0.001  0.000   19.105    3.412    0    0  (Gen:  0)
   521568      4208   4055752  0.001  0.000   19.106    3.412    0    0  (Gen:  0)
   521552      4120   4055696  0.001  0.000   19.108    3.412    0    0  (Gen:  0)
   521600      4176   4055784  0.001  0.000   19.110    3.413    0    0  (Gen:  0)
   521496      4048   4055672  0.001  0.000   19.111    3.413    0    0  (Gen:  0)
   521640      4456   4056096  0.001  0.000   19.113    3.413    0    0  (Gen:  0)
   521784      4056   4055984  0.001  0.000   19.114    3.413    0    0  (Gen:  0)
   521264      4328   4056344  0.001  0.000   19.116    3.414    0    0  (Gen:  0)
   521776      4120   4056392  0.001  0.000   19.117    3.414    0    0  (Gen:  0)
   521664      4464   4056824  0.001  0.000   19.119    3.414    0    0  (Gen:  0)
   521400      7752   4060528  0.001  0.000   19.121    3.414    0    0  (Gen:  0)
   521784      6328   4060608  0.001  0.000   19.122    3.414    0    0  (Gen:  0)
   521712      4048   4060512  0.001  0.000   19.124    3.415    0    0  (Gen:  0)
   521624      4032   4060512  0.001  0.000   19.126    3.415    0    0  (Gen:  0)
   521400      3976   4060504  0.001  0.000   19.127    3.415    0    0  (Gen:  0)
   521552      6264   4062808  0.001  0.000   19.129    3.415    0    0  (Gen:  0)
   521672      4232   4062752  0.001  0.000   19.130    3.416    0    0  (Gen:  0)
   521408      4176   4062856  0.001  0.000   19.132    3.416    0    0  (Gen:  0)
   521800      4184   4062896  0.001  0.000   19.134    3.416    0    0  (Gen:  0)
   521848      4232   4062976  0.001  0.000   19.135    3.416    0    0  (Gen:  0)
   521672      4136   4062896  0.001  0.000   19.137    3.416    0    0  (Gen:  0)
   521472      6672   4065448  0.001  0.000   19.138    3.417    0    0  (Gen:  0)
   521488      6160   4065016  0.001  0.000   19.140    3.417    0    0  (Gen:  0)
   521736      3824   4065016  0.001  0.000   19.142    3.417    0    0  (Gen:  0)
   521400      4040   4065248  0.001  0.000   19.143    3.417    0    0  (Gen:  0)
   521568      4008   4065264  0.001  0.000   19.145    3.417    0    0  (Gen:  0)
   521592      6256   4067528  0.001  0.000   19.147    3.418    0    0  (Gen:  0)
   521632      4080   4067464  0.001  0.000   19.148    3.418    0    0  (Gen:  0)
   521424      3984   4067528  0.001  0.000   19.150    3.418    0    0  (Gen:  0)
   521536      4184   4067760  0.001  0.000   19.151    3.418    0    0  (Gen:  0)
   521744      4048   4067656  0.001  0.000   19.153    3.419    0    0  (Gen:  0)
   521720      4080   4067704  0.001  0.000   19.155    3.419    0    0  (Gen:  0)
   521472      6624   4070264  0.001  0.000   19.156    3.419    0    0  (Gen:  0)
   521744      6544   4070264  0.001  0.000   19.158    3.419    0    0  (Gen:  0)
   521288      4200   4070416  0.001  0.000   19.159    3.419    0    0  (Gen:  0)
   521248      3920   4070168  0.001  0.000   19.161    3.420    0    0  (Gen:  0)
   521456      4176   4070512  0.001  0.000   19.163    3.420    0    0  (Gen:  0)
   521672      4504   4070872  0.001  0.000   19.164    3.420    0    0  (Gen:  0)
   521760      4320   4070960  0.001  0.000   19.166    3.420    0    0  (Gen:  0)
   521696      3944   4070672  0.001  0.000   19.167    3.420    0    0  (Gen:  0)
   521512      4504   4071248  0.001  0.000   19.169    3.421    0    0  (Gen:  0)
   521544      4384   4071400  0.001  0.000   19.171    3.421    0    0  (Gen:  0)
   521552      7608   4074864  0.001  0.000   19.172    3.421    0    0  (Gen:  0)
   521584      5744   4074824  0.001  0.000   19.174    3.421    0    0  (Gen:  0)
   521776      3984   4074792  0.001  0.000   19.175    3.422    0    0  (Gen:  0)
   521488      4208   4075048  0.001  0.000   19.177    3.422    0    0  (Gen:  0)
   521576      4088   4074960  0.001  0.000   19.179    3.422    0    0  (Gen:  0)
   521640      4016   4074904  0.001  0.000   19.180    3.422    0    0  (Gen:  0)
   521728      4384   4075288  0.001  0.000   19.182    3.422    0    0  (Gen:  0)
   521728      4232   4075200  0.001  0.000   19.184    3.423    0    0  (Gen:  0)
   521872      4168   4075224  0.001  0.000   19.185    3.423    0    0  (Gen:  0)
   521728      4024   4075112  0.001  0.000   19.187    3.423    0    0  (Gen:  0)
   521720      4168   4075344  0.001  0.000   19.188    3.423    0    0  (Gen:  0)
   521688      5984   4077192  0.001  0.000   19.189    3.423    0    0  (Gen:  0)
   521664      5968   4077240  0.001  0.000   19.191    3.424    0    0  (Gen:  0)
   521360      4120   4077240  0.001  0.000   19.192    3.424    0    0  (Gen:  0)
   521528      4240   4077376  0.001  0.000   19.194    3.424    0    0  (Gen:  0)
   521608      4032   4077216  0.001  0.000   19.195    3.424    0    0  (Gen:  0)
   521584      4360   4077560  0.001  0.000   19.196    3.424    0    0  (Gen:  0)
   521608      4072   4077320  0.001  0.000   19.198    3.425    0    0  (Gen:  0)
   521608      3968   4077376  0.001  0.000   19.199    3.425    0    0  (Gen:  0)
   521896      4152   4077592  0.001  0.000   19.200    3.425    0    0  (Gen:  0)
   521728      3968   4077440  0.001  0.000   19.202    3.425    0    0  (Gen:  0)
   521792      4064   4077624  0.001  0.000   19.203    3.425    0    0  (Gen:  0)
   521360      6656   4080248  0.001  0.000   19.205    3.426    0    0  (Gen:  0)
   521560      6520   4080176  0.001  0.000   19.206    3.426    0    0  (Gen:  0)
   521664      3992   4080160  0.001  0.000   19.207    3.426    0    0  (Gen:  0)
   521496      4224   4080408  0.001  0.000   19.209    3.426    0    0  (Gen:  0)
   521360      3800   4080032  0.001  0.000   19.210    3.426    0    0  (Gen:  0)
   521832      4496   4080744  0.001  0.000   19.211    3.427    0    0  (Gen:  0)
   521560      4136   4080656  0.001  0.000   19.213    3.427    0    0  (Gen:  0)
   521592      4064   4080744  0.001  0.000   19.214    3.427    0    0  (Gen:  0)
   521544      4392   4081104  0.001  0.000   19.216    3.427    0    0  (Gen:  0)
   521648      4368   4081336  0.001  0.000   19.217    3.427    0    0  (Gen:  0)
   521544      4568   4081776  0.001  0.000   19.218    3.428    0    0  (Gen:  0)
   521624      7640   4085408  0.001  0.000   19.220    3.428    0    0  (Gen:  0)
   521808      5976   4085264  0.001  0.000   19.221    3.428    0    0  (Gen:  0)
   521616      4064   4085272  0.001  0.000   19.222    3.428    0    0  (Gen:  0)
   521368      3936   4085176  0.001  0.000   19.223    3.428    0    0  (Gen:  0)
   521384      4064   4085392  0.001  0.000   19.225    3.429    0    0  (Gen:  0)
   521760      5944   4087304  0.001  0.000   19.226    3.429    0    0  (Gen:  0)
   521920      4288   4087328  0.001  0.000   19.227    3.429    0    0  (Gen:  0)
   521656      3936   4087064  0.001  0.000   19.229    3.429    0    0  (Gen:  0)
   521720      4168   4087312  0.001  0.000   19.230    3.429    0    0  (Gen:  0)
   521304      4032   4087224  0.001  0.000   19.231    3.430    0    0  (Gen:  0)
   521424      6552   4089760  0.001  0.000   19.233    3.430    0    0  (Gen:  0)
   521768      6368   4089640  0.001  0.000   19.234    3.430    0    0  (Gen:  0)
   521400      4440   4090104  0.001  0.000   19.235    3.430    0    0  (Gen:  0)
   521648      5624   4091704  0.001  0.000   19.237    3.430    0    0  (Gen:  0)
   521768      4072   4091600  0.001  0.000   19.238    3.430    0    0  (Gen:  0)
   521792      4088   4091632  0.001  0.000   19.240    3.431    0    0  (Gen:  0)
   521536      4368   4091928  0.001  0.000   19.241    3.431    0    0  (Gen:  0)
   521656      4232   4091856  0.001  0.000   19.242    3.431    0    0  (Gen:  0)
   521864      4352   4092064  0.001  0.000   19.244    3.431    0    0  (Gen:  0)
   521768      4072   4091816  0.001  0.000   19.245    3.431    0    0  (Gen:  0)
   521736      4192   4092024  0.001  0.000   19.246    3.432    0    0  (Gen:  0)
   521464      6080   4093944  0.001  0.000   19.248    3.432    0    0  (Gen:  0)
   521792      5888   4093816  0.001  0.000   19.249    3.432    0    0  (Gen:  0)
   521696      4056   4094112  0.001  0.000   19.251    3.432    0    0  (Gen:  0)
   521496      4152   4094240  0.001  0.000   19.252    3.432    0    0  (Gen:  0)
   521520      4032   4094152  0.001  0.000   19.253    3.433    0    0  (Gen:  0)
   521728      3904   4094040  0.001  0.000   19.255    3.433    0    0  (Gen:  0)
   521552      5928   4096080  0.001  0.000   19.256    3.433    0    0  (Gen:  0)
   521216      4192   4096176  0.001  0.000   19.257    3.433    0    0  (Gen:  0)
   521576      4120   4096192  0.001  0.000   19.259    3.433    0    0  (Gen:  0)
   521808      4064   4096168  0.001  0.000   19.260    3.434    0    0  (Gen:  0)
   521776      4152   4096344  0.001  0.000   19.261    3.434    0    0  (Gen:  0)
   521496      6384   4098608  0.001  0.000   19.263    3.434    0    0  (Gen:  0)
   521688      6424   4098712  0.001  0.000   19.264    3.434    0    0  (Gen:  0)
   521544      4024   4098656  0.001  0.000   19.266    3.434    0    0  (Gen:  0)
   521624      4136   4098784  0.001  0.000   19.267    3.435    0    0  (Gen:  0)
   521400      3872   4098568  0.001  0.000   19.268    3.435    0    0  (Gen:  0)
   521736      4592   4099304  0.001  0.000   19.270    3.435    0    0  (Gen:  0)
   521608      4168   4099152  0.001  0.000   19.271    3.435    0    0  (Gen:  0)
   521560      4040   4099184  0.001  0.000   19.272    3.435    0    0  (Gen:  0)
   521544      4472   4099648  0.001  0.000   19.274    3.436    0    0  (Gen:  0)
   521680      4440   4099872  0.001  0.000   19.275    3.436    0    0  (Gen:  0)
   521552      4264   4099936  0.001  0.000   19.276    3.436    0    0  (Gen:  0)
   521496      7608   4103680  0.001  0.000   19.278    3.436    0    0  (Gen:  0)
   521800      6288   4103720  0.001  0.000   19.279    3.436    0    0  (Gen:  0)
   521672      4224   4103840  0.001  0.000   19.281    3.437    0    0  (Gen:  0)
   521544      4136   4103784  0.001  0.000   19.282    3.437    0    0  (Gen:  0)
   521464      4208   4103944  0.001  0.000   19.283    3.437    0    0  (Gen:  0)
   521576      6280   4106048  0.001  0.000   19.285    3.437    0    0  (Gen:  0)
   521608      4056   4105800  0.001  0.000   19.286    3.437    0    0  (Gen:  0)
   521624      4008   4105840  0.001  0.000   19.287    3.438    0    0  (Gen:  0)
   521720      4200   4106048  0.001  0.000   19.289    3.438    0    0  (Gen:  0)
   521776      4120   4106016  0.001  0.000   19.290    3.438    0    0  (Gen:  0)
   521608      6496   4108408  0.001  0.000   19.292    3.438    0    0  (Gen:  0)
   521592      6424   4108400  0.001  0.000   19.293    3.438    0    0  (Gen:  0)
   521488      4168   4108552  0.001  0.000   19.294    3.438    0    0  (Gen:  0)
   521568      4336   4108752  0.001  0.000   19.296    3.439    0    0  (Gen:  0)
   521552      4144   4108592  0.001  0.000   19.297    3.439    0    0  (Gen:  0)
   521592      4072   4108536  0.001  0.000   19.298    3.439    0    0  (Gen:  0)
   521552      6264   4110744  0.001  0.000   19.300    3.439    0    0  (Gen:  0)
   521504      4120   4110728  0.001  0.000   19.301    3.439    0    0  (Gen:  0)
   521576      3864   4110560  0.001  0.000   19.303    3.440    0    0  (Gen:  0)
   521568      4184   4110896  0.001  0.000   19.304    3.440    0    0  (Gen:  0)
   521744      4008   4110768  0.001  0.000   19.305    3.440    0    0  (Gen:  0)
   521544      6752   4113528  0.001  0.000   19.307    3.440    0    0  (Gen:  0)
   521600      6400   4113240  0.001  0.000   19.308    3.440    0    0  (Gen:  0)
   521544      4136   4113544  0.001  0.000   19.309    3.441    0    0  (Gen:  0)
   521456      4192   4113632  0.001  0.000   19.311    3.441    0    0  (Gen:  0)
   521200      3984   4113456  0.001  0.000   19.312    3.441    0    0  (Gen:  0)
   521528      3984   4113472  0.001  0.000   19.314    3.441    0    0  (Gen:  0)
   521720      4520   4114024  0.001  0.000   19.315    3.441    0    0  (Gen:  0)
   521792      4024   4113816  0.001  0.000   19.316    3.442    0    0  (Gen:  0)
   521648      4464   4114344  0.001  0.000   19.318    3.442    0    0  (Gen:  0)
   521472      4104   4114240  0.001  0.000   19.320    3.442    0    0  (Gen:  0)
   521544      4448   4114672  0.001  0.000   19.322    3.442    0    0  (Gen:  0)
   521448      7392   4118032  0.001  0.000   19.323    3.443    0    0  (Gen:  0)
   521792      5688   4117992  0.001  0.000   19.324    3.443    0    0  (Gen:  0)
   521720      3976   4117936  0.001  0.000   19.326    3.443    0    0  (Gen:  0)
   521504      4168   4118144  0.001  0.000   19.327    3.443    0    0  (Gen:  0)
   521488      4024   4118048  0.001  0.000   19.328    3.443    0    0  (Gen:  0)
   521640      4224   4118264  0.001  0.000   19.330    3.444    0    0  (Gen:  0)
   521912      4088   4118176  0.001  0.000   19.331    3.444    0    0  (Gen:  0)
   521568      4152   4118400  0.001  0.000   19.333    3.444    0    0  (Gen:  0)
   521920      4224   4118504  0.001  0.000   19.334    3.444    0    0  (Gen:  0)
   521728      4232   4118544  0.001  0.000   19.336    3.444    0    0  (Gen:  0)
   521680      3976   4118304  0.001  0.000   19.337    3.445    0    0  (Gen:  0)
   521760      6000   4120344  0.001  0.000   19.339    3.445    0    0  (Gen:  0)
   521440      5808   4120232  0.001  0.000   19.340    3.445    0    0  (Gen:  0)
   521552      4304   4120576  0.001  0.000   19.341    3.445    0    0  (Gen:  0)
   521496      4136   4120440  0.001  0.000   19.343    3.445    0    0  (Gen:  0)
   521472      3944   4120336  0.001  0.000   19.344    3.446    0    0  (Gen:  0)
   521608      4328   4120752  0.001  0.000   19.345    3.446    0    0  (Gen:  0)
   521792      4360   4120832  0.001  0.000   19.347    3.446    0    0  (Gen:  0)
   521616      4048   4120608  0.001  0.000   19.348    3.446    0    0  (Gen:  0)
   521864      4320   4120896  0.001  0.000   19.350    3.446    0    0  (Gen:  0)
   521720      4216   4120840  0.001  0.000   19.351    3.447    0    0  (Gen:  0)
   521640      3648   4120280  0.001  0.000   19.352    3.447    0    0  (Gen:  0)
   521480      6536   4123176  0.001  0.000   19.354    3.447    0    0  (Gen:  0)
   521520      6536   4123240  0.001  0.000   19.355    3.447    0    0  (Gen:  0)
   521592      4104   4123320  0.001  0.000   19.356    3.447    0    0  (Gen:  0)
   521632      4008   4123256  0.001  0.000   19.358    3.448    0    0  (Gen:  0)
   521424      3984   4123320  0.001  0.000   19.359    3.448    0    0  (Gen:  0)
   521664      4440   4123808  0.001  0.000   19.361    3.448    0    0  (Gen:  0)
   521792      4280   4123920  0.001  0.000   19.362    3.448    0    0  (Gen:  0)
   521224      4048   4123776  0.001  0.000   19.363    3.448    0    0  (Gen:  0)
   521776      4088   4123832  0.001  0.000   19.365    3.449    0    0  (Gen:  0)
   521752      4264   4124280  0.001  0.000   19.366    3.449    0    0  (Gen:  0)
   521432      8160   4128416  0.001  0.000   19.367    3.449    0    0  (Gen:  0)
   521752      5912   4128152  0.001  0.000   19.369    3.449    0    0  (Gen:  0)
   521760      4152   4128384  0.001  0.000   19.370    3.449    0    0  (Gen:  0)
   521560      4152   4128416  0.001  0.000   19.372    3.450    0    0  (Gen:  0)
   521184      4120   4128416  0.001  0.000   19.373    3.450    0    0  (Gen:  0)
   521544      4048   4128360  0.001  0.000   19.374    3.450    0    0  (Gen:  0)
   521856      5736   4130064  0.001  0.000   19.376    3.450    0    0  (Gen:  0)
   521784      4096   4130120  0.001  0.000   19.377    3.450    0    0  (Gen:  0)
   521872      4136   4130248  0.001  0.000   19.378    3.451    0    0  (Gen:  0)
   521360      4064   4130208  0.001  0.000   19.380    3.451    0    0  (Gen:  0)
   521376      4024   4130256  0.001  0.000   19.381    3.451    0    0  (Gen:  0)
   521672      6488   4132752  0.001  0.000   19.383    3.451    0    0  (Gen:  0)
   521560      6448   4132776  0.001  0.000   19.384    3.451    0    0  (Gen:  0)
   521352      4256   4132888  0.001  0.000   19.385    3.451    0    0  (Gen:  0)
   521832      5552   4134584  0.001  0.000   19.387    3.452    0    0  (Gen:  0)
   521672      4072   4134408  0.001  0.000   19.388    3.452    0    0  (Gen:  0)
   521848      4312   4134664  0.001  0.000   19.389    3.452    0    0  (Gen:  0)
   521568      4136   4134536  0.001  0.000   19.391    3.452    0    0  (Gen:  0)
   521568      4176   4134736  0.001  0.000   19.392    3.452    0    0  (Gen:  0)
   521912      4208   4134800  0.001  0.000   19.394    3.453    0    0  (Gen:  0)
   521768      4072   4134696  0.001  0.000   19.395    3.453    0    0  (Gen:  0)
   521776      4104   4134744  0.001  0.000   19.396    3.453    0    0  (Gen:  0)
   521424      6368   4137024  0.001  0.000   19.398    3.453    0    0  (Gen:  0)
   521776      6232   4136968  0.001  0.000   19.399    3.453    0    0  (Gen:  0)
   521720      4248   4137040  0.001  0.000   19.400    3.454    0    0  (Gen:  0)
   521528      4176   4137000  0.001  0.000   19.402    3.454    0    0  (Gen:  0)
   521472      3856   4136768  0.001  0.000   19.403    3.454    0    0  (Gen:  0)
   521800      6024   4138968  0.001  0.000   19.405    3.454    0    0  (Gen:  0)
   521272      4040   4138800  0.001  0.000   19.406    3.454    0    0  (Gen:  0)
   521472      4040   4138960  0.001  0.000   19.407    3.455    0    0  (Gen:  0)
   521552      4136   4139088  0.001  0.000   19.409    3.455    0    0  (Gen:  0)
   521776      3944   4138928  0.001  0.000   19.410    3.455    0    0  (Gen:  0)
   521696      3848   4138848  0.001  0.000   19.411    3.455    0    0  (Gen:  0)
   521584      6440   4141456  0.001  0.000   19.413    3.455    0    0  (Gen:  0)
   521520      6248   4141344  0.001  0.000   19.414    3.456    0    0  (Gen:  0)
   521616      4160   4141600  0.001  0.000   19.415    3.456    0    0  (Gen:  0)
   521656      3936   4141408  0.001  0.000   19.417    3.456    0    0  (Gen:  0)
   521480      3952   4141512  0.001  0.000   19.418    3.456    0    0  (Gen:  0)
   521632      4432   4142024  0.001  0.000   19.420    3.456    0    0  (Gen:  0)
   521824      4184   4142048  0.001  0.000   19.423    3.457    0    0  (Gen:  0)
   521248      3848   4141800  0.001  0.000   19.425    3.457    0    0  (Gen:  0)
   521784      4416   4142384  0.001  0.000   19.427    3.457    0    0  (Gen:  0)
   521672      4272   4142512  0.001  0.000   19.429    3.458    0    0  (Gen:  0)
   521360      8176   4146656  0.001  0.000   19.431    3.458    0    0  (Gen:  0)
   521704      6168   4146312  0.001  0.000   19.433    3.458    0    0  (Gen:  0)
   521776      3936   4146336  0.001  0.000   19.435    3.458    0    0  (Gen:  0)
   521584      4056   4146488  0.001  0.000   19.436    3.459    0    0  (Gen:  0)
   521568      4120   4146584  0.001  0.000   19.438    3.459    0    0  (Gen:  0)
   521376      3992   4146472  0.001  0.000   19.439    3.459    0    0  (Gen:  0)
   521680      6112   4148608  0.001  0.000   19.441    3.459    0    0  (Gen:  0)
   521472      4208   4148696  0.001  0.000   19.442    3.459    0    0  (Gen:  0)
   521720      4296   4148872  0.001  0.000   19.443    3.460    0    0  (Gen:  0)
   521816      4016   4148624  0.001  0.000   19.445    3.460    0    0  (Gen:  0)
   521776      4168   4148864  0.001  0.000   19.446    3.460    0    0  (Gen:  0)
   521456      6560   4151288  0.001  0.000   19.447    3.460    0    0  (Gen:  0)
   521624      6408   4151200  0.001  0.000   19.449    3.460    0    0  (Gen:  0)
   521592      4016   4151144  0.001  0.000   19.450    3.461    0    0  (Gen:  0)
   521472      4256   4151400  0.001  0.000   19.451    3.461    0    0  (Gen:  0)
   521544      4152   4151344  0.001  0.000   19.453    3.461    0    0  (Gen:  0)
   521560      6416   4153624  0.001  0.000   19.454    3.461    0    0  (Gen:  0)
   521600      4248   4153568  0.001  0.000   19.456    3.461    0    0  (Gen:  0)
   521448      4264   4153744  0.001  0.000   19.457    3.462    0    0  (Gen:  0)
   521504      4264   4153776  0.001  0.000   19.458    3.462    0    0  (Gen:  0)
   521824      4256   4153800  0.001  0.000   19.460    3.462    0    0  (Gen:  0)
   521680      3912   4153472  0.001  0.000   19.461    3.462    0    0  (Gen:  0)
   521464      6568   4156144  0.001  0.000   19.462    3.462    0    0  (Gen:  0)
   521752      6440   4156096  0.001  0.000   19.464    3.463    0    0  (Gen:  0)
   521312      3992   4156144  0.001  0.000   19.465    3.463    0    0  (Gen:  0)
   521376      4096   4156264  0.001  0.000   19.467    3.463    0    0  (Gen:  0)
   521248      3904   4156120  0.001  0.000   19.468    3.463    0    0  (Gen:  0)
   521704      4448   4156680  0.001  0.000   19.469    3.463    0    0  (Gen:  0)
   521680      4152   4156656  0.001  0.000   19.471    3.464    0    0  (Gen:  0)
   521856      4192   4156856  0.001  0.000   19.472    3.464    0    0  (Gen:  0)
   521424      4184   4156880  0.001  0.000   19.473    3.464    0    0  (Gen:  0)
   521584      4272   4157224  0.001  0.000   19.475    3.464    0    0  (Gen:  0)
   521680      4448   4157640  0.001  0.000   19.476    3.464    0    0  (Gen:  0)
   521456      7160   4160912  0.001  0.000   19.478    3.465    0    0  (Gen:  0)
   521784      5776   4160888  0.001  0.000   19.479    3.465    0    0  (Gen:  0)
   521600      4168   4160936  0.001  0.000   19.480    3.465    0    0  (Gen:  0)
   521480      4176   4160976  0.001  0.000   19.482    3.465    0    0  (Gen:  0)
   521616      4208   4161096  0.001  0.000   19.483    3.465    0    0  (Gen:  0)
   521768      4112   4161032  0.001  0.000   19.484    3.466    0    0  (Gen:  0)
   521704      4104   4161072  0.001  0.000   19.486    3.466    0    0  (Gen:  0)
   521664      4008   4161064  0.001  0.000   19.487    3.466    0    0  (Gen:  0)
   521912      3992   4161064  0.001  0.000   19.489    3.466    0    0  (Gen:  0)
   521760      4056   4161176  0.001  0.000   19.490    3.466    0    0  (Gen:  0)
   521608      6096   4163232  0.001  0.000   19.491    3.466    0    0  (Gen:  0)
   521616      5952   4163152  0.001  0.000   19.493    3.467    0    0  (Gen:  0)
   521504      4096   4163216  0.001  0.000   19.494    3.467    0    0  (Gen:  0)
   521552      4304   4163456  0.001  0.000   19.495    3.467    0    0  (Gen:  0)
   521544      4136   4163320  0.001  0.000   19.497    3.467    0    0  (Gen:  0)
   521544      4064   4163264  0.001  0.000   19.498    3.467    0    0  (Gen:  0)
   521544      4216   4163432  0.001  0.000   19.499    3.468    0    0  (Gen:  0)
   521720      4168   4163448  0.001  0.000   19.501    3.468    0    0  (Gen:  0)
   521832      4248   4163616  0.001  0.000   19.502    3.468    0    0  (Gen:  0)
   521776      4288   4163688  0.001  0.000   19.504    3.468    0    0  (Gen:  0)
   521728      4192   4163680  0.001  0.000   19.505    3.468    0    0  (Gen:  0)
   521544      6648   4166168  0.001  0.000   19.506    3.469    0    0  (Gen:  0)
   521552      6824   4166408  0.001  0.000   19.508    3.469    0    0  (Gen:  0)
   521536      3728   4165824  0.001  0.000   19.509    3.469    0    0  (Gen:  0)
   521536      4112   4166224  0.001  0.000   19.510    3.469    0    0  (Gen:  0)
   521504      4048   4166208  0.001  0.000   19.512    3.469    0    0  (Gen:  0)
   521576      3864   4166040  0.001  0.000   19.513    3.470    0    0  (Gen:  0)
   521688      4456   4166648  0.001  0.000   19.515    3.470    0    0  (Gen:  0)
   521696      4120   4166600  0.001  0.000   19.516    3.470    0    0  (Gen:  0)
   521368      4288   4166856  0.001  0.000   19.517    3.470    0    0  (Gen:  0)
   521728      4008   4166832  0.001  0.000   19.519    3.470    0    0  (Gen:  0)
   521576      4464   4167376  0.001  0.000   19.520    3.471    0    0  (Gen:  0)
   521560      7840   4171168  0.001  0.000   19.521    3.471    0    0  (Gen:  0)
   521832      6024   4171176  0.001  0.000   19.523    3.471    0    0  (Gen:  0)
   521704      3992   4171064  0.001  0.000   19.524    3.471    0    0  (Gen:  0)
   521368      4152   4171240  0.001  0.000   19.526    3.471    0    0  (Gen:  0)
   521200      3960   4171096  0.001  0.000   19.527    3.472    0    0  (Gen:  0)
   521808      5960   4173112  0.001  0.000   19.528    3.472    0    0  (Gen:  0)
   521904      4064   4172896  0.001  0.000   19.530    3.472    0    0  (Gen:  0)
   521696      4192   4173184  0.001  0.000   19.531    3.472    0    0  (Gen:  0)
   521824      4152   4173176  0.001  0.000   19.532    3.472    0    0  (Gen:  0)
   521208      4144   4173200  0.001  0.000   19.534    3.473    0    0  (Gen:  0)
   521360      4104   4173176  0.001  0.000   19.535    3.473    0    0  (Gen:  0)
   521808      6504   4175592  0.001  0.000   19.536    3.473    0    0  (Gen:  0)
   521536      6296   4175464  0.001  0.000   19.538    3.473    0    0  (Gen:  0)
   521576      5880   4177352  0.001  0.000   19.539    3.473    0    0  (Gen:  0)
   521656      4008   4177088  0.001  0.000   19.541    3.474    0    0  (Gen:  0)
   521760      4152   4177320  0.001  0.000   19.542    3.474    0    0  (Gen:  0)
   521576      4296   4177496  0.001  0.000   19.543    3.474    0    0  (Gen:  0)
   521824      4248   4177496  0.001  0.000   19.545    3.474    0    0  (Gen:  0)
   521608      4008   4177344  0.001  0.000   19.546    3.474    0    0  (Gen:  0)
   521872      4296   4177648  0.001  0.000   19.547    3.475    0    0  (Gen:  0)
   521672      4072   4177472  0.001  0.000   19.549    3.475    0    0  (Gen:  0)
   521696      6192   4179608  0.001  0.000   19.550    3.475    0    0  (Gen:  0)
   521552      6144   4179624  0.001  0.000   19.552    3.475    0    0  (Gen:  0)
   521728      4208   4179816  0.001  0.000   19.553    3.475    0    0  (Gen:  0)
   521560      4232   4179872  0.001  0.000   19.554    3.475    0    0  (Gen:  0)
   521632      4088   4179760  0.001  0.000   19.556    3.476    0    0  (Gen:  0)
   521592      4016   4179704  0.001  0.000   19.557    3.476    0    0  (Gen:  0)
   521680      6192   4181896  0.001  0.000   19.558    3.476    0    0  (Gen:  0)
   521208      4232   4181768  0.001  0.000   19.560    3.476    0    0  (Gen:  0)
   521608      4128   4181752  0.001  0.000   19.561    3.476    0    0  (Gen:  0)
   521624      3936   4181592  0.001  0.000   19.563    3.477    0    0  (Gen:  0)
   521736      4008   4181752  0.001  0.000   19.564    3.477    0    0  (Gen:  0)
   521664      6552   4184328  0.001  0.000   19.565    3.477    0    0  (Gen:  0)
   521632      6376   4184216  0.001  0.000   19.567    3.477    0    0  (Gen:  0)
   521512      3832   4184088  0.001  0.000   19.568    3.477    0    0  (Gen:  0)
   521576      4112   4184400  0.001  0.000   19.569    3.478    0    0  (Gen:  0)
   521600      4104   4184424  0.001  0.000   19.571    3.478    0    0  (Gen:  0)
   521544      4032   4184368  0.001  0.000   19.572    3.478    0    0  (Gen:  0)
   521696      4480   4184832  0.001  0.000   19.573    3.478    0    0  (Gen:  0)
   521720      4176   4184816  0.001  0.000   19.575    3.478    0    0  (Gen:  0)
   521336      4376   4185104  0.001  0.000   19.576    3.479    0    0  (Gen:  0)
   521728      4008   4184992  0.001  0.000   19.578    3.479    0    0  (Gen:  0)
   521616      4376   4185448  0.001  0.000   19.579    3.479    0    0  (Gen:  0)
   521392      7848   4189336  0.001  0.000   19.580    3.479    0    0  (Gen:  0)
   521824      6184   4189176  0.001  0.000   19.582    3.479    0    0  (Gen:  0)
   521720      3992   4189168  0.001  0.000   19.583    3.480    0    0  (Gen:  0)
   521528      4152   4189344  0.001  0.000   19.584    3.480    0    0  (Gen:  0)
   521368      4192   4189432  0.001  0.000   19.586    3.480    0    0  (Gen:  0)
   521752      6168   4191424  0.001  0.000   19.587    3.480    0    0  (Gen:  0)
   521592      4056   4191288  0.001  0.000   19.589    3.480    0    0  (Gen:  0)
   521504      4192   4191584  0.001  0.000   19.590    3.481    0    0  (Gen:  0)
   521648      4152   4191576  0.001  0.000   19.591    3.481    0    0  (Gen:  0)
   521912      4048   4191504  0.001  0.000   19.593    3.481    0    0  (Gen:  0)
   521632      4048   4191520  0.001  0.000   19.594    3.481    0    0  (Gen:  0)
   521472      6648   4194136  0.001  0.000   19.595    3.481    0    0  (Gen:  0)
   521448      6440   4194008  0.001  0.000   19.597    3.482    0    0  (Gen:  0)
   521760      4264   4194168  0.001  0.000   19.598    3.482    0    0  (Gen:  0)
   521360      4232   4194168  0.001  0.000   19.600    3.482    0    0  (Gen:  0)
   521704      4008   4194032  0.001  0.000   19.601    3.482    0    0  (Gen:  0)
   521536      6264   4196320  0.001  0.000   19.602    3.482    0    0  (Gen:  0)
   521632      4288   4196456  0.001  0.000   19.604    3.483    0    0  (Gen:  0)
   521320      4088   4196344  0.001  0.000   19.605    3.483    0    0  (Gen:  0)
   521616      4200   4196472  0.001  0.000   19.606    3.483    0    0  (Gen:  0)
   521784      4120   4196440  0.001  0.000   19.608    3.483    0    0  (Gen:  0)
   521608      6880   4199216  0.001  0.000   19.609    3.483    0    0  (Gen:  0)
   521576      6672   4199072  0.001  0.000   19.611    3.484    0    0  (Gen:  0)
   521688      3784   4198752  0.001  0.000   19.612    3.484    0    0  (Gen:  0)
   521288      4080   4199080  0.001  0.000   19.613    3.484    0    0  (Gen:  0)
   521280      4024   4199056  0.001  0.000   19.615    3.484    0    0  (Gen:  0)
   521432      3920   4199040  0.001  0.000   19.616    3.484    0    0  (Gen:  0)
   521720      4408   4199560  0.001  0.000   19.617    3.484    0    0  (Gen:  0)
   521808      4264   4199688  0.001  0.000   19.619    3.485    0    0  (Gen:  0)
   521704      3912   4199424  0.001  0.000   19.620    3.485    0    0  (Gen:  0)
   521456      4232   4199760  0.001  0.000   19.622    3.485    0    0  (Gen:  0)
   521544      4288   4200088  0.001  0.000   19.623    3.485    0    0  (Gen:  0)
   521472      7568   4203608  0.001  0.000   19.624    3.485    0    0  (Gen:  0)
   521592      5688   4203552  0.001  0.000   19.626    3.486    0    0  (Gen:  0)
   521888      3968   4203560  0.001  0.000   19.627    3.486    0    0  (Gen:  0)
   521392      4008   4203632  0.001  0.000   19.628    3.486    0    0  (Gen:  0)
   521640      4248   4203904  0.001  0.000   19.630    3.486    0    0  (Gen:  0)
   521568      3936   4203608  0.001  0.000   19.631    3.486    0    0  (Gen:  0)
   521896      4328   4204016  0.001  0.000   19.633    3.487    0    0  (Gen:  0)
   521616      4192   4203944  0.001  0.000   19.634    3.487    0    0  (Gen:  0)
   521952      4280   4204120  0.001  0.000   19.635    3.487    0    0  (Gen:  0)
   521568      4016   4203888  0.001  0.000   19.637    3.487    0    0  (Gen:  0)
   521864      4136   4204096  0.001  0.000   19.638    3.487    0    0  (Gen:  0)
   521624      6072   4206064  0.001  0.000   19.639    3.488    0    0  (Gen:  0)
   521552      5992   4206048  0.001  0.000   19.641    3.488    0    0  (Gen:  0)
   521384      3944   4205848  0.001  0.000   19.642    3.488    0    0  (Gen:  0)
   521552      4152   4206072  0.001  0.000   19.644    3.488    0    0  (Gen:  0)
   521648      4048   4206016  0.001  0.000   19.645    3.488    0    0  (Gen:  0)
   521568      4264   4206248  0.001  0.000   19.646    3.489    0    0  (Gen:  0)
   521680      4192   4206224  0.001  0.000   19.648    3.489    0    0  (Gen:  0)
   521584      4176   4206368  0.001  0.000   19.649    3.489    0    0  (Gen:  0)
   521912      4056   4206280  0.001  0.000   19.650    3.489    0    0  (Gen:  0)
   521736      4104   4206360  0.001  0.000   19.652    3.489    0    0  (Gen:  0)
   521728      3976   4206248  0.001  0.000   19.653    3.490    0    0  (Gen:  0)
   521368      6560   4208848  0.001  0.000   19.654    3.490    0    0  (Gen:  0)
   521584      6664   4209032  0.001  0.000   19.656    3.490    0    0  (Gen:  0)
   521600      4264   4209144  0.001  0.000   19.657    3.490    0    0  (Gen:  0)
   521544      4176   4209088  0.001  0.000   19.659    3.490    0    0  (Gen:  0)
   521448      4264   4209264  0.001  0.000   19.660    3.491    0    0  (Gen:  0)
   521752      4744   4209776  0.001  0.000   19.661    3.491    0    0  (Gen:  0)
   521624      3752   4209056  0.001  0.000   19.663    3.491    0    0  (Gen:  0)
   521496      3936   4209328  0.001  0.000   19.664    3.491    0    0  (Gen:  0)
   521560      4304   4209696  0.001  0.000   19.665    3.491    0    0  (Gen:  0)
   521776      4144   4209792  0.001  0.000   19.667    3.492    0    0  (Gen:  0)
   521448      4696   4210584  0.001  0.000   19.668    3.492    0    0  (Gen:  0)
   521672      7224   4213992  0.001  0.000   19.670    3.492    0    0  (Gen:  0)
   521824      5792   4213760  0.001  0.000   19.671    3.492    0    0  (Gen:  0)
   521600      4296   4214184  0.001  0.000   19.672    3.492    0    0  (Gen:  0)
   521224      4120   4214040  0.001  0.000   19.674    3.493    0    0  (Gen:  0)
   521456      3888   4213896  0.001  0.000   19.675    3.493    0    0  (Gen:  0)
   521888      5888   4215928  0.001  0.000   19.677    3.493    0    0  (Gen:  0)
   521832      4048   4215768  0.001  0.000   19.678    3.493    0    0  (Gen:  0)
   521552      3976   4215784  0.001  0.000   19.679    3.493    0    0  (Gen:  0)
   521744      4168   4215992  0.001  0.000   19.681    3.493    0    0  (Gen:  0)
   521248      4160   4216032  0.001  0.000   19.682    3.494    0    0  (Gen:  0)
   521656      6520   4218408  0.001  0.000   19.683    3.494    0    0  (Gen:  0)
   521608      6440   4218392  0.001  0.000   19.685    3.494    0    0  (Gen:  0)
   521440      4560   4218904  0.001  0.000   19.686    3.494    0    0  (Gen:  0)
   521680      5528   4220288  0.001  0.000   19.687    3.494    0    0  (Gen:  0)
   521752      4120   4220328  0.001  0.000   19.689    3.495    0    0  (Gen:  0)
   521728      3992   4220216  0.001  0.000   19.690    3.495    0    0  (Gen:  0)
   521640      4248   4220488  0.001  0.000   19.692    3.495    0    0  (Gen:  0)
   521624      3992   4220296  0.001  0.000   19.693    3.495    0    0  (Gen:  0)
   521928      4304   4220696  0.001  0.000   19.694    3.495    0    0  (Gen:  0)
   521656      4008   4220432  0.001  0.000   19.696    3.496    0    0  (Gen:  0)
   521760      4152   4220664  0.001  0.000   19.697    3.496    0    0  (Gen:  0)
   521408      6320   4222864  0.001  0.000   19.698    3.496    0    0  (Gen:  0)
   521904      6272   4222880  0.001  0.000   19.700    3.496    0    0  (Gen:  0)
   521624      3928   4222592  0.001  0.000   19.701    3.496    0    0  (Gen:  0)
   521488      4224   4222904  0.000  0.000   19.702    3.497    0    0  (Gen:  0)
   521464      4152   4222880  0.000  0.000   19.702    3.497    0    0  (Gen:  0)
   521768      6136   4224880  0.000  0.000   19.703    3.497    0    0  (Gen:  0)
   521560      4248   4224808  0.000  0.000   19.703    3.497    0    0  (Gen:  0)
   521280      4064   4224784  0.000  0.000   19.704    3.497    0    0  (Gen:  0)
   521552      4248   4225000  0.000  0.000   19.705    3.497    0    0  (Gen:  0)
   521792      4248   4225032  0.000  0.000   19.705    3.497    0    0  (Gen:  0)
   521712      3928   4224728  0.000  0.000   19.706    3.497    0    0  (Gen:  0)
   521592      6408   4227224  0.000  0.000   19.706    3.498    0    0  (Gen:  0)
   521640      6392   4227288  0.000  0.000   19.707    3.498    0    0  (Gen:  0)
   521568      3880   4227120  0.000  0.000   19.707    3.498    0    0  (Gen:  0)
   521592      4128   4227384  0.000  0.000   19.708    3.498    0    0  (Gen:  0)
   521432      3936   4227240  0.000  0.000   19.708    3.498    0    0  (Gen:  0)
   521736      4448   4227768  0.000  0.000   19.709    3.498    0    0  (Gen:  0)
   521600      4208   4227800  0.000  0.000   19.710    3.498    0    0  (Gen:  0)
   521544      4008   4227760  0.000  0.000   19.710    3.498    0    0  (Gen:  0)
   521576      4296   4228080  0.000  0.000   19.711    3.498    0    0  (Gen:  0)
   521696      4416   4228456  0.000  0.000   19.711    3.499    0    0  (Gen:  0)
   521504      4696   4228976  0.000  0.000   19.712    3.499    0    0  (Gen:  0)
   521536      7360   4232360  0.000  0.000   19.712    3.499    0    0  (Gen:  0)
   521872      6344   4232384  0.000  0.000   19.713    3.499    0    0  (Gen:  0)
   521544      4208   4232432  0.000  0.000   19.714    3.499    0    0  (Gen:  0)
   521656      4080   4232336  0.000  0.000   19.714    3.499    0    0  (Gen:  0)
   521376      4104   4232448  0.000  0.000   19.715    3.499    0    0  (Gen:  0)
   521608      6224   4234600  0.000  0.000   19.715    3.499    0    0  (Gen:  0)
   521512      4176   4234528  0.000  0.000   19.716    3.500    0    0  (Gen:  0)
   521680      4064   4234504  0.000  0.000   19.716    3.500    0    0  (Gen:  0)
   521752      4224   4234680  0.000  0.000   19.717    3.500    0    0  (Gen:  0)
   521760      4032   4234536  0.000  0.000   19.717    3.500    0    0  (Gen:  0)
   521632      6536   4237056  0.000  0.000   19.718    3.500    0    0  (Gen:  0)
   521608      6456   4237040  0.000  0.000   19.719    3.500    0    0  (Gen:  0)
   521480      4112   4237104  0.000  0.000   19.719    3.500    0    0  (Gen:  0)
   521480      3960   4236984  0.000  0.000   19.720    3.500    0    0  (Gen:  0)
   521576      4136   4237192  0.000  0.000   19.720    3.500    0    0  (Gen:  0)
   521624      3992   4237064  0.000  0.000   19.721    3.501    0    0  (Gen:  0)
   521600      6360   4239448  0.000  0.000   19.721    3.501    0    0  (Gen:  0)
   521376      4216   4239432  0.000  0.000   19.722    3.501    0    0  (Gen:  0)
   521632      4120   4239424  0.000  0.000   19.723    3.501    0    0  (Gen:  0)
   521592      4032   4239368  0.000  0.000   19.723    3.501    0    0  (Gen:  0)
   521752      4136   4239560  0.000  0.000   19.724    3.501    0    0  (Gen:  0)
   521568      6672   4242128  0.000  0.000   19.724    3.501    0    0  (Gen:  0)
   521616      6728   4242248  0.000  0.000   19.725    3.501    0    0  (Gen:  0)
   521488      4008   4242024  0.000  0.000   19.725    3.502    0    0  (Gen:  0)
   521400      4208   4242240  0.000  0.000   19.726    3.502    0    0  (Gen:  0)
   521208      4088   4242168  0.000  0.000   19.726    3.502    0    0  (Gen:  0)
   521616      4992   4243088  0.000  0.000   19.727    3.502    0    0  (Gen:  0)
   521688      3872   4242240  0.000  0.000   19.728    3.502    0    0  (Gen:  0)
   521792      3968   4242496  0.000  0.000   19.728    3.502    0    0  (Gen:  0)
   521568      4392   4242952  0.000  0.000   19.729    3.502    0    0  (Gen:  0)
   521600      3976   4242792  0.000  0.000   19.729    3.502    0    0  (Gen:  0)
   521520      4392   4243296  0.000  0.000   19.730    3.503    0    0  (Gen:  0)
   521448      7344   4246664  0.000  0.000   19.730    3.503    0    0  (Gen:  0)
   521808      5744   4246728  0.000  0.000   19.731    3.503    0    0  (Gen:  0)
   521736      3992   4246632  0.000  0.000   19.732    3.503    0    0  (Gen:  0)
   521368      3904   4246560  0.000  0.000   19.732    3.503    0    0  (Gen:  0)
   521624      4000   4246704  0.000  0.000   19.733    3.503    0    0  (Gen:  0)
   521632      4352   4247072  0.000  0.000   19.733    3.503    0    0  (Gen:  0)
   521856      4112   4246880  0.000  0.000   19.734    3.503    0    0  (Gen:  0)
   521568      4152   4247080  0.000  0.000   19.734    3.503    0    0  (Gen:  0)
   521920      4224   4247184  0.000  0.000   19.735    3.504    0    0  (Gen:  0)
   521784      3928   4246920  0.000  0.000   19.736    3.504    0    0  (Gen:  0)
   521640      4040   4247048  0.000  0.000   19.736    3.504    0    0  (Gen:  0)
   521704      6112   4249136  0.000  0.000   19.737    3.504    0    0  (Gen:  0)
   521408      5840   4248944  0.000  0.000   19.737    3.504    0    0  (Gen:  0)
   521600      4128   4249080  0.000  0.000   19.738    3.504    0    0  (Gen:  0)
   521544      4040   4249024  0.000  0.000   19.738    3.504    0    0  (Gen:  0)
   521560      3984   4249056  0.000  0.000   19.739    3.504    0    0  (Gen:  0)
   521536      4272   4249376  0.000  0.000   19.740    3.505    0    0  (Gen:  0)
   521744      4072   4249224  0.000  0.000   19.740    3.505    0    0  (Gen:  0)
   521592      3976   4249216  0.000  0.000   19.741    3.505    0    0  (Gen:  0)
   521928      4240   4249496  0.000  0.000   19.741    3.505    0    0  (Gen:  0)
   521712      4120   4249424  0.000  0.000   19.742    3.505    0    0  (Gen:  0)
   521592      6752   4252072  0.000  0.000   19.742    3.505    0    0  (Gen:  0)
   521544      6632   4252016  0.000  0.000   19.743    3.505    0    0  (Gen:  0)
   521464      4208   4252176  0.000  0.000   19.743    3.505    0    0  (Gen:  0)
   521624      4112   4252112  0.000  0.000   19.744    3.506    0    0  (Gen:  0)
   521632      4216   4252248  0.000  0.000   19.745    3.506    0    0  (Gen:  0)
   521320      4088   4252136  0.000  0.000   19.745    3.506    0    0  (Gen:  0)
   521728      4592   4252656  0.000  0.000   19.746    3.506    0    0  (Gen:  0)
   521808      4192   4252544  0.000  0.000   19.746    3.506    0    0  (Gen:  0)
   521232      4368   4252808  0.000  0.000   19.747    3.506    0    0  (Gen:  0)
   521792      4160   4252856  0.000  0.000   19.747    3.506    0    0  (Gen:  0)
   521712      4560   4253344  0.000  0.000   19.748    3.506    0    0  (Gen:  0)
   521432      7744   4256944  0.000  0.000   19.749    3.506    0    0  (Gen:  0)
   521800      5856   4256880  0.000  0.000   19.749    3.507    0    0  (Gen:  0)
   521752      3920   4256936  0.000  0.000   19.750    3.507    0    0  (Gen:  0)
   521520      4136   4257184  0.000  0.000   19.750    3.507    0    0  (Gen:  0)
   521224      4080   4257160  0.000  0.000   19.751    3.507    0    0  (Gen:  0)
   521544      4008   4257104  0.000  0.000   19.751    3.507    0    0  (Gen:  0)
   521896      5904   4259016  0.000  0.000   19.752    3.507    0    0  (Gen:  0)
   521728      4176   4258984  0.000  0.000   19.752    3.507    0    0  (Gen:  0)
   521928      4280   4259176  0.000  0.000   19.753    3.507    0    0  (Gen:  0)
   521232      3800   4258728  0.000  0.000   19.754    3.508    0    0  (Gen:  0)
   521472      4008   4259024  0.000  0.000   19.754    3.508    0    0  (Gen:  0)
   521648      6488   4261536  0.001  0.000   19.756    3.508    0    0  (Gen:  0)
   521568      6520   4261632  0.000  0.000   19.756    3.508    0    0  (Gen:  0)
   521416      4592   4262008  0.000  0.000   19.757    3.508    0    0  (Gen:  0)
   521792      5376   4263352  0.000  0.000   19.758    3.508    0    0  (Gen:  0)
   521776      4040   4263160  0.000  0.000   19.758    3.508    0    0  (Gen:  0)
   521616      4208   4263344  0.000  0.000   19.759    3.509    0    0  (Gen:  0)
   521648      4160   4263344  0.000  0.000   19.759    3.509    0    0  (Gen:  0)
   521616      3800   4263144  0.000  0.000   19.760    3.509    0    0  (Gen:  0)
   521928      4112   4263488  0.000  0.000   19.760    3.509    0    0  (Gen:  0)
   521752      4120   4263528  0.000  0.000   19.761    3.509    0    0  (Gen:  0)
   521664      3992   4263416  0.000  0.000   19.761    3.509    0    0  (Gen:  0)
   521432      6192   4265632  0.000  0.000   19.762    3.509    0    0  (Gen:  0)
   521880      6104   4265624  0.000  0.000   19.763    3.509    0    0  (Gen:  0)
   521696      4168   4265744  0.000  0.000   19.763    3.509    0    0  (Gen:  0)
   521528      4152   4265760  0.000  0.000   19.764    3.510    0    0  (Gen:  0)
   521416      4136   4265832  0.000  0.000   19.764    3.510    0    0  (Gen:  0)
   521880      6016   4267744  0.000  0.000   19.765    3.510    0    0  (Gen:  0)
   521256      4224   4267768  0.000  0.000   19.765    3.510    0    0  (Gen:  0)
   521472      4008   4267640  0.000  0.000   19.766    3.510    0    0  (Gen:  0)
   521496      4264   4267912  0.000  0.000   19.766    3.510    0    0  (Gen:  0)
   521760      4048   4267744  0.000  0.000   19.767    3.510    0    0  (Gen:  0)
   521816      6608   4270320  0.000  0.000   19.768    3.510    0    0  (Gen:  0)
   521544      6488   4270264  0.000  0.000   19.768    3.511    0    0  (Gen:  0)
   521488      4224   4270416  0.000  0.000   19.769    3.511    0    0  (Gen:  0)
   521624      4264   4270488  0.000  0.000   19.769    3.511    0    0  (Gen:  0)
   521632      4232   4270488  0.000  0.000   19.770    3.511    0    0  (Gen:  0)
   521440      4144   4270416  0.000  0.000   19.771    3.511    0    0  (Gen:  0)
   521736      4312   4270600  0.000  0.000   19.771    3.511    0    0  (Gen:  0)
   521752      4064   4270640  0.000  0.000   19.772    3.511    0    0  (Gen:  0)
   521280      3952   4270616  0.000  0.000   19.772    3.511    0    0  (Gen:  0)
   521720      4160   4270840  0.000  0.000   19.773    3.512    0    0  (Gen:  0)
   521776      4288   4271240  0.000  0.000   19.773    3.512    0    0  (Gen:  0)
   521280      8064   4275256  0.000  0.000   19.774    3.512    0    0  (Gen:  0)
   521800      6208   4275064  0.000  0.000   19.775    3.512    0    0  (Gen:  0)
   521792      4168   4275280  0.000  0.000   19.775    3.512    0    0  (Gen:  0)
   521440      4208   4275352  0.000  0.000   19.776    3.512    0    0  (Gen:  0)
   521592      4040   4275216  0.001  0.000   19.777    3.512    0    0  (Gen:  0)
   521544      3968   4275160  0.001  0.000   19.778    3.512    0    0  (Gen:  0)
   521680      6176   4277384  0.001  0.000   19.779    3.513    0    0  (Gen:  0)
   521440      4152   4277352  0.001  0.000   19.780    3.513    0    0  (Gen:  0)
   521656      4232   4277520  0.001  0.000   19.782    3.513    0    0  (Gen:  0)
   521880      4064   4277384  0.001  0.000   19.783    3.513    0    0  (Gen:  0)
   521696      4120   4277528  0.001  0.000   19.784    3.513    0    0  (Gen:  0)
   521424      6632   4280072  0.001  0.000   19.785    3.514    0    0  (Gen:  0)
   521560      6520   4280024  0.000  0.000   19.786    3.514    0    0  (Gen:  0)
   521680      3896   4279736  0.000  0.000   19.786    3.514    0    0  (Gen:  0)
   521504      4040   4279896  0.000  0.000   19.787    3.514    0    0  (Gen:  0)
   521488      4080   4279984  0.000  0.000   19.787    3.514    0    0  (Gen:  0)
   521560      6400   4282320  0.000  0.000   19.788    3.514    0    0  (Gen:  0)
   521640      4040   4282072  0.000  0.000   19.789    3.514    0    0  (Gen:  0)
   521432      4136   4282328  0.000  0.000   19.789    3.515    0    0  (Gen:  0)
   521480      4192   4282416  0.000  0.000   19.790    3.515    0    0  (Gen:  0)
   521912      4032   4282288  0.000  0.000   19.790    3.515    0    0  (Gen:  0)
   521576      4064   4282336  0.000  0.000   19.791    3.515    0    0  (Gen:  0)
   521488      6720   4285008  0.000  0.000   19.791    3.515    0    0  (Gen:  0)
   521784      6616   4284984  0.000  0.000   19.792    3.515    0    0  (Gen:  0)
   521224      4192   4285056  0.000  0.000   19.793    3.515    0    0  (Gen:  0)
   521440      4104   4285000  0.000  0.000   19.793    3.515    0    0  (Gen:  0)
   521312      4064   4285048  0.000  0.000   19.794    3.515    0    0  (Gen:  0)
   521680      4520   4285536  0.000  0.000   19.794    3.516    0    0  (Gen:  0)
   521736      4280   4285568  0.000  0.000   19.795    3.516    0    0  (Gen:  0)
   521792      4088   4285464  0.000  0.000   19.795    3.516    0    0  (Gen:  0)
   521480      4464   4285856  0.000  0.000   19.796    3.516    0    0  (Gen:  0)
